[    0.000000] Linux version 5.4.243-mptcp (root@ztg) (gcc version 12.2.0 (Debian 12.2.0-14+deb12u1)) #53 SMP Wed Dec 24 23:28:15 CST 2025
[    0.000000] Command line: BOOT_IMAGE=/boot/vmlinuz-5.4.243-mptcp root=UUID=98415a12-53b7-4144-8265-0f7ece09e445 ro quiet splash
[    0.000000] KERNEL supported cpus:
[    0.000000]   Intel GenuineIntel
[    0.000000]   AMD AuthenticAMD
[    0.000000]   Hygon HygonGenuine
[    0.000000]   Centaur CentaurHauls
[    0.000000]   zhaoxin   Shanghai  
[    0.000000] x86/fpu: Supporting XSAVE feature 0x001: 'x87 floating point registers'
[    0.000000] x86/fpu: Supporting XSAVE feature 0x002: 'SSE registers'
[    0.000000] x86/fpu: Supporting XSAVE feature 0x004: 'AVX registers'
[    0.000000] x86/fpu: xstate_offset[2]:  576, xstate_sizes[2]:  256
[    0.000000] x86/fpu: Enabled xstate features 0x7, context size is 832 bytes, using 'standard' format.
[    0.000000] BIOS-provided physical RAM map:
[    0.000000] BIOS-e820: [mem 0x0000000000000000-0x000000000009fbff] usable
[    0.000000] BIOS-e820: [mem 0x000000000009fc00-0x000000000009ffff] reserved
[    0.000000] BIOS-e820: [mem 0x00000000000f0000-0x00000000000fffff] reserved
[    0.000000] BIOS-e820: [mem 0x0000000000100000-0x000000007ffeffff] usable
[    0.000000] BIOS-e820: [mem 0x000000007fff0000-0x000000007fffffff] ACPI data
[    0.000000] BIOS-e820: [mem 0x00000000fec00000-0x00000000fec00fff] reserved
[    0.000000] BIOS-e820: [mem 0x00000000fee00000-0x00000000fee00fff] reserved
[    0.000000] BIOS-e820: [mem 0x00000000fffc0000-0x00000000ffffffff] reserved
[    0.000000] NX (Execute Disable) protection: active
[    0.000000] SMBIOS 2.5 present.
[    0.000000] DMI: innotek GmbH VirtualBox/VirtualBox, BIOS VirtualBox 12/01/2006
[    0.000000] Hypervisor detected: KVM
[    0.000000] kvm-clock: Using msrs 4b564d01 and 4b564d00
[    0.000000] kvm-clock: cpu 0, msr 7b201001, primary cpu clock
[    0.000000] kvm-clock: using sched offset of 4489516642 cycles
[    0.000003] clocksource: kvm-clock: mask: 0xffffffffffffffff max_cycles: 0x1cd42e4dffb, max_idle_ns: 881590591483 ns
[    0.000006] tsc: Detected 2100.000 MHz processor
[    0.001825] e820: update [mem 0x00000000-0x00000fff] usable ==> reserved
[    0.001827] e820: remove [mem 0x000a0000-0x000fffff] usable
[    0.001831] last_pfn = 0x7fff0 max_arch_pfn = 0x400000000
[    0.001899] MTRR default type: uncachable
[    0.001900] MTRR fixed ranges enabled:
[    0.001901]   00000-9FFFF write-back
[    0.001902]   A0000-BFFFF uncachable
[    0.001903]   C0000-FFFFF write-protect
[    0.001903] MTRR variable ranges enabled:
[    0.001905]   0 base 000000000000 mask 3FFF80000000 write-back
[    0.001905]   1 disabled
[    0.001906]   2 disabled
[    0.001906]   3 disabled
[    0.001907]   4 disabled
[    0.001907]   5 disabled
[    0.001907]   6 disabled
[    0.001908]   7 disabled
[    0.001908]   8 disabled
[    0.001909]   9 disabled
[    0.001909]   10 disabled
[    0.001910]   11 disabled
[    0.001910]   12 disabled
[    0.001910]   13 disabled
[    0.001911]   14 disabled
[    0.001911]   15 disabled
[    0.001927] x86/PAT: Configuration [0-7]: WB  WC  UC- UC  WB  WP  UC- WT  
[    0.002061] found SMP MP-table at [mem 0x0009fff0-0x0009ffff]
[    0.094717] check: Scanning 1 areas for low memory corruption
[    0.094910] RAMDISK: [mem 0x32271000-0x3512ffff]
[    0.094918] ACPI: Early table checksum verification disabled
[    0.094923] ACPI: RSDP 0x00000000000E0000 000024 (v02 VBOX  )
[    0.094927] ACPI: XSDT 0x000000007FFF0030 00003C (v01 VBOX   VBOXXSDT 00000001 ASL  00000061)
[    0.094933] ACPI: FACP 0x000000007FFF00F0 0000F4 (v04 VBOX   VBOXFACP 00000001 ASL  00000061)
[    0.094940] ACPI: DSDT 0x000000007FFF02E0 002353 (v02 VBOX   VBOXBIOS 00000002 VBOX 00029BF3)
[    0.094944] ACPI: FACS 0x000000007FFF0200 000040
[    0.094947] ACPI: FACS 0x000000007FFF0200 000040
[    0.094950] ACPI: APIC 0x000000007FFF0240 000054 (v02 VBOX   VBOXAPIC 00000001 ASL  00000061)
[    0.094954] ACPI: SSDT 0x000000007FFF02A0 000038 (v01 VBOX   VBOXCPUT 00000002 VBOX 00029BF3)
[    0.094957] ACPI: Reserving FACP table memory at [mem 0x7fff00f0-0x7fff01e3]
[    0.094958] ACPI: Reserving DSDT table memory at [mem 0x7fff02e0-0x7fff2632]
[    0.094959] ACPI: Reserving FACS table memory at [mem 0x7fff0200-0x7fff023f]
[    0.094959] ACPI: Reserving FACS table memory at [mem 0x7fff0200-0x7fff023f]
[    0.094960] ACPI: Reserving APIC table memory at [mem 0x7fff0240-0x7fff0293]
[    0.094961] ACPI: Reserving SSDT table memory at [mem 0x7fff02a0-0x7fff02d7]
[    0.094974] ACPI: Local APIC address 0xfee00000
[    0.095157] No NUMA configuration found
[    0.095158] Faking a node at [mem 0x0000000000000000-0x000000007ffeffff]
[    0.095168] NODE_DATA(0) allocated [mem 0x7ffc5000-0x7ffeffff]
[    0.095429] Zone ranges:
[    0.095429]   DMA      [mem 0x0000000000001000-0x0000000000ffffff]
[    0.095431]   DMA32    [mem 0x0000000001000000-0x000000007ffeffff]
[    0.095432]   Normal   empty
[    0.095432]   Device   empty
[    0.095433] Movable zone start for each node
[    0.095435] Early memory node ranges
[    0.095436]   node   0: [mem 0x0000000000001000-0x000000000009efff]
[    0.095436]   node   0: [mem 0x0000000000100000-0x000000007ffeffff]
[    0.095439] Zeroed struct page in unavailable ranges: 114 pages
[    0.095440] Initmem setup node 0 [mem 0x0000000000001000-0x000000007ffeffff]
[    0.095442] On node 0 totalpages: 524174
[    0.095443]   DMA zone: 64 pages used for memmap
[    0.095443]   DMA zone: 21 pages reserved
[    0.095444]   DMA zone: 3998 pages, LIFO batch:0
[    0.095515]   DMA32 zone: 8128 pages used for memmap
[    0.095516]   DMA32 zone: 520176 pages, LIFO batch:63
[    0.104495] ACPI: PM-Timer IO Port: 0x4008
[    0.104499] ACPI: Local APIC address 0xfee00000
[    0.104561] IOAPIC[0]: apic_id 1, version 32, address 0xfec00000, GSI 0-23
[    0.104565] ACPI: INT_SRC_OVR (bus 0 bus_irq 0 global_irq 2 dfl dfl)
[    0.104566] ACPI: INT_SRC_OVR (bus 0 bus_irq 9 global_irq 9 low level)
[    0.104568] ACPI: IRQ0 used by override.
[    0.104569] ACPI: IRQ9 used by override.
[    0.104572] Using ACPI (MADT) for SMP configuration information
[    0.104578] smpboot: Allowing 1 CPUs, 0 hotplug CPUs
[    0.104599] PM: Registered nosave memory: [mem 0x00000000-0x00000fff]
[    0.104600] PM: Registered nosave memory: [mem 0x0009f000-0x0009ffff]
[    0.104601] PM: Registered nosave memory: [mem 0x000a0000-0x000effff]
[    0.104601] PM: Registered nosave memory: [mem 0x000f0000-0x000fffff]
[    0.104603] [mem 0x80000000-0xfebfffff] available for PCI devices
[    0.104604] Booting paravirtualized kernel on KVM
[    0.104606] clocksource: refined-jiffies: mask: 0xffffffff max_cycles: 0xffffffff, max_idle_ns: 7645519600211568 ns
[    0.104610] setup_percpu: NR_CPUS:8192 nr_cpumask_bits:1 nr_cpu_ids:1 nr_node_ids:1
[    0.105319] percpu: Embedded 60 pages/cpu s208896 r8192 d28672 u2097152
[    0.105323] pcpu-alloc: s208896 r8192 d28672 u2097152 alloc=1*2097152
[    0.105324] pcpu-alloc: [0] 0 
[    0.105348] Built 1 zonelists, mobility grouping on.  Total pages: 515961
[    0.105349] Policy zone: DMA32
[    0.105350] Kernel command line: BOOT_IMAGE=/boot/vmlinuz-5.4.243-mptcp root=UUID=98415a12-53b7-4144-8265-0f7ece09e445 ro quiet splash
[    0.105975] Dentry cache hash table entries: 262144 (order: 9, 2097152 bytes, linear)
[    0.106122] Inode-cache hash table entries: 131072 (order: 8, 1048576 bytes, linear)
[    0.106171] mem auto-init: stack:off, heap alloc:on, heap free:off
[    0.106174] Calgary: detecting Calgary via BIOS EBDA area
[    0.106174] Calgary: Unable to locate Rio Grande table in EBDA - bailing!
[    0.110380] Memory: 1967332K/2096696K available (14339K kernel code, 2398K rwdata, 4712K rodata, 2728K init, 17260K bss, 129364K reserved, 0K cma-reserved)
[    0.111086] SLUB: HWalign=64, Order=0-3, MinObjects=0, CPUs=1, Nodes=1
[    0.111103] ftrace: allocating 43186 entries in 169 pages
[    0.129067] rcu: Hierarchical RCU implementation.
[    0.129069] rcu: 	RCU restricting CPUs from NR_CPUS=8192 to nr_cpu_ids=1.
[    0.129070] 	Tasks RCU enabled.
[    0.129071] rcu: RCU calculated value of scheduler-enlistment delay is 25 jiffies.
[    0.129072] rcu: Adjusting geometry for rcu_fanout_leaf=16, nr_cpu_ids=1
[    0.132032] NR_IRQS: 524544, nr_irqs: 256, preallocated irqs: 16
[    0.132236] random: crng init done
[    0.141466] Console: colour VGA+ 80x25
[    0.141469] printk: console [tty0] enabled
[    0.141489] ACPI: Core revision 20190816
[    0.141577] APIC: Switch to symmetric I/O mode setup
[    0.141829] x2apic enabled
[    0.142065] Switched APIC routing to physical x2apic.
[    0.143391] ..TIMER: vector=0x30 apic1=0 pin1=2 apic2=-1 pin2=-1
[    0.143419] clocksource: tsc-early: mask: 0xffffffffffffffff max_cycles: 0x1e4530a99b6, max_idle_ns: 440795257976 ns
[    0.143425] Calibrating delay loop (skipped) preset value.. 4200.00 BogoMIPS (lpj=8400000)
[    0.143428] pid_max: default: 32768 minimum: 301
[    0.143461] LSM: Security Framework initializing
[    0.143470] Yama: becoming mindful.
[    0.143495] AppArmor: AppArmor initialized
[    0.143529] Mount-cache hash table entries: 4096 (order: 3, 32768 bytes, linear)
[    0.143533] Mountpoint-cache hash table entries: 4096 (order: 3, 32768 bytes, linear)
[    0.143542] *** VALIDATE tmpfs ***
[    0.143670] *** VALIDATE proc ***
[    0.143711] *** VALIDATE cgroup1 ***
[    0.143713] *** VALIDATE cgroup2 ***
[    0.143880] process: using mwait in idle threads
[    0.143887] Last level iTLB entries: 4KB 64, 2MB 8, 4MB 8
[    0.143888] Last level dTLB entries: 4KB 64, 2MB 0, 4MB 0, 1GB 4
[    0.143912] Spectre V1 : Mitigation: usercopy/swapgs barriers and __user pointer sanitization
[    0.143919] Spectre V2 : Mitigation: Retpolines
[    0.143920] Spectre V2 : Spectre v2 / SpectreRSB mitigation: Filling RSB on context switch
[    0.143920] Spectre V2 : Spectre v2 / SpectreRSB : Filling RSB on VMEXIT
[    0.143921] RETBleed: WARNING: Spectre v2 mitigation leaves CPU vulnerable to RETBleed attacks, data leaks possible!
[    0.144298] RETBleed: Vulnerable
[    0.144299] Speculative Store Bypass: Vulnerable
[    0.144305] TAA: Mitigation: TSX disabled
[    0.144306] MMIO Stale Data: Mitigation: Clear CPU buffers
[    0.148501] Freeing SMP alternatives memory: 40K
[    0.260588] smpboot: CPU0: Intel(R) Xeon(R) Silver 4216 CPU @ 2.10GHz (family: 0x6, model: 0x55, stepping: 0x7)
[    0.260689] Performance Events: unsupported p6 CPU model 85 no PMU driver, software events only.
[    0.260721] rcu: Hierarchical SRCU implementation.
[    0.261345] NMI watchdog: Perf NMI watchdog permanently disabled
[    0.261389] smp: Bringing up secondary CPUs ...
[    0.261390] smp: Brought up 1 node, 1 CPU
[    0.261391] smpboot: Max logical packages: 1
[    0.261392] smpboot: Total of 1 processors activated (4200.00 BogoMIPS)
[    0.262271] devtmpfs: initialized
[    0.262312] x86/mm: Memory block size: 128MB
[    0.262630] clocksource: jiffies: mask: 0xffffffff max_cycles: 0xffffffff, max_idle_ns: 7645041785100000 ns
[    0.262633] futex hash table entries: 256 (order: 2, 16384 bytes, linear)
[    0.262672] pinctrl core: initialized pinctrl subsystem
[    0.262767] PM: RTC time: 20:12:25, date: 2026-01-12
[    0.262864] NET: Registered protocol family 16
[    0.262933] audit: initializing netlink subsys (disabled)
[    0.263049] EISA bus registered
[    0.263051] cpuidle: using governor ladder
[    0.263051] cpuidle: using governor menu
[    0.263099] ACPI: bus type PCI registered
[    0.263100] acpiphp: ACPI Hot Plug PCI Controller Driver version: 0.5
[    0.263195] PCI: Using configuration type 1 for base access
[    0.263624] audit: type=2000 audit(1768219952.035:1): state=initialized audit_enabled=0 res=1
[    0.263693] HugeTLB registered 2.00 MiB page size, pre-allocated 0 pages
[    0.264435] ACPI: Added _OSI(Module Device)
[    0.264436] ACPI: Added _OSI(Processor Device)
[    0.264436] ACPI: Added _OSI(3.0 _SCP Extensions)
[    0.264437] ACPI: Added _OSI(Processor Aggregator Device)
[    0.264438] ACPI: Added _OSI(Linux-Dell-Video)
[    0.264439] ACPI: Added _OSI(Linux-Lenovo-NV-HDMI-Audio)
[    0.264440] ACPI: Added _OSI(Linux-HPI-Hybrid-Graphics)
[    0.266378] ACPI: 2 ACPI AML tables successfully acquired and loaded
[    0.268013] ACPI: Interpreter enabled
[    0.268022] ACPI: (supports S0 S5)
[    0.268024] ACPI: Using IOAPIC for interrupt routing
[    0.268227] PCI: Using host bridge windows from ACPI; if necessary, use "pci=nocrs" and report a bug
[    0.268331] ACPI: Enabled 2 GPEs in block 00 to 07
[    0.273167] ACPI: PCI Root Bridge [PCI0] (domain 0000 [bus 00-ff])
[    0.273172] acpi PNP0A03:00: _OSC: OS supports [ASPM ClockPM Segments MSI HPX-Type3]
[    0.273673] acpi PNP0A03:00: _OSC: not requesting OS control; OS requires [ExtendedConfig ASPM ClockPM MSI]
[    0.273682] acpi PNP0A03:00: fail to add MMCONFIG information, can't access extended PCI configuration space under this bridge.
[    0.274073] PCI host bridge to bus 0000:00
[    0.274075] pci_bus 0000:00: root bus resource [io  0x0000-0x0cf7 window]
[    0.274076] pci_bus 0000:00: root bus resource [io  0x0d00-0xffff window]
[    0.274077] pci_bus 0000:00: root bus resource [mem 0x000a0000-0x000bffff window]
[    0.274078] pci_bus 0000:00: root bus resource [mem 0x80000000-0xfdffffff window]
[    0.274080] pci_bus 0000:00: root bus resource [bus 00-ff]
[    0.274121] pci 0000:00:00.0: [8086:1237] type 00 class 0x060000
[    0.275063] pci 0000:00:01.0: [8086:7000] type 00 class 0x060100
[    0.275859] pci 0000:00:01.1: [8086:7111] type 00 class 0x01018a
[    0.276236] pci 0000:00:01.1: reg 0x20: [io  0xd000-0xd00f]
[    0.276390] pci 0000:00:01.1: legacy IDE quirk: reg 0x10: [io  0x01f0-0x01f7]
[    0.276391] pci 0000:00:01.1: legacy IDE quirk: reg 0x14: [io  0x03f6]
[    0.276392] pci 0000:00:01.1: legacy IDE quirk: reg 0x18: [io  0x0170-0x0177]
[    0.276393] pci 0000:00:01.1: legacy IDE quirk: reg 0x1c: [io  0x0376]
[    0.276981] pci 0000:00:02.0: [15ad:0405] type 00 class 0x030000
[    0.279502] pci 0000:00:02.0: reg 0x10: [io  0xd010-0xd01f]
[    0.283470] pci 0000:00:02.0: reg 0x14: [mem 0xe0000000-0xe7ffffff pref]
[    0.286053] pci 0000:00:02.0: reg 0x18: [mem 0xf0000000-0xf01fffff]
[    0.296213] pci 0000:00:03.0: [1022:2000] type 00 class 0x020000
[    0.296889] pci 0000:00:03.0: reg 0x10: [io  0xd020-0xd03f]
[    0.297499] pci 0000:00:03.0: reg 0x14: [mem 0xf0200000-0xf0200fff]
[    0.301904] pci 0000:00:04.0: [80ee:cafe] type 00 class 0x088000
[    0.302590] pci 0000:00:04.0: reg 0x10: [io  0xd040-0xd05f]
[    0.303203] pci 0000:00:04.0: reg 0x14: [mem 0xf0400000-0xf07fffff]
[    0.303542] pci 0000:00:04.0: reg 0x18: [mem 0xf0800000-0xf0803fff pref]
[    0.307112] pci 0000:00:07.0: [8086:7113] type 00 class 0x068000
[    0.307602] pci 0000:00:07.0: quirk: [io  0x4000-0x403f] claimed by PIIX4 ACPI
[    0.307612] pci 0000:00:07.0: quirk: [io  0x4100-0x410f] claimed by PIIX4 SMB
[    0.308269] pci 0000:00:08.0: [8086:100e] type 00 class 0x020000
[    0.309011] pci 0000:00:08.0: reg 0x10: [mem 0xf0820000-0xf083ffff]
[    0.310192] pci 0000:00:08.0: reg 0x18: [io  0xd060-0xd067]
[    0.313590] pci 0000:00:09.0: [8086:100e] type 00 class 0x020000
[    0.314316] pci 0000:00:09.0: reg 0x10: [mem 0xf0840000-0xf085ffff]
[    0.315542] pci 0000:00:09.0: reg 0x18: [io  0xd068-0xd06f]
[    0.324518] ACPI: PCI Interrupt Link [LNKA] (IRQs 5 9 10 *11)
[    0.324800] ACPI: PCI Interrupt Link [LNKB] (IRQs 5 9 *10 11)
[    0.324912] ACPI: PCI Interrupt Link [LNKC] (IRQs 5 *9 10 11)
[    0.325053] ACPI: PCI Interrupt Link [LNKD] (IRQs 5 9 10 *11)
[    0.327733] iommu: Default domain type: Translated 
[    0.327808] pci 0000:00:02.0: vgaarb: setting as boot VGA device
[    0.327810] pci 0000:00:02.0: vgaarb: VGA device added: decodes=io+mem,owns=io+mem,locks=none
[    0.327812] pci 0000:00:02.0: vgaarb: bridge control possible
[    0.327813] vgaarb: loaded
[    0.328039] SCSI subsystem initialized
[    0.328071] libata version 3.00 loaded.
[    0.328096] ACPI: bus type USB registered
[    0.328110] usbcore: registered new interface driver usbfs
[    0.328116] usbcore: registered new interface driver hub
[    0.328121] usbcore: registered new device driver usb
[    0.328147] pps_core: LinuxPPS API ver. 1 registered
[    0.328147] pps_core: Software ver. 5.3.6 - Copyright 2005-2007 Rodolfo Giometti <giometti@linux.it>
[    0.328149] PTP clock support registered
[    0.328185] EDAC MC: Ver: 3.0.0
[    0.328467] PCI: Using ACPI for IRQ routing
[    0.328468] PCI: pci_cache_line_size set to 64 bytes
[    0.328639] e820: reserve RAM buffer [mem 0x0009fc00-0x0009ffff]
[    0.328644] e820: reserve RAM buffer [mem 0x7fff0000-0x7fffffff]
[    0.329212] NetLabel: Initializing
[    0.329212] NetLabel:  domain hash size = 128
[    0.329213] NetLabel:  protocols = UNLABELED CIPSOv4 CALIPSO
[    0.329232] NetLabel:  unlabeled traffic allowed by default
[    0.330128] clocksource: Switched to clocksource kvm-clock
[    0.341138] *** VALIDATE bpf ***
[    0.341225] VFS: Disk quotas dquot_6.6.0
[    0.341243] VFS: Dquot-cache hash table entries: 512 (order 0, 4096 bytes)
[    0.341273] *** VALIDATE ramfs ***
[    0.341278] *** VALIDATE hugetlbfs ***
[    0.341396] AppArmor: AppArmor Filesystem Enabled
[    0.341432] pnp: PnP ACPI init
[    0.341522] pnp 00:00: Plug and Play ACPI device, IDs PNP0303 (active)
[    0.341618] pnp 00:01: Plug and Play ACPI device, IDs PNP0f03 (active)
[    0.342472] pnp: PnP ACPI: found 2 devices
[    0.343464] thermal_sys: Registered thermal governor 'fair_share'
[    0.343465] thermal_sys: Registered thermal governor 'bang_bang'
[    0.343465] thermal_sys: Registered thermal governor 'step_wise'
[    0.343466] thermal_sys: Registered thermal governor 'user_space'
[    0.343466] thermal_sys: Registered thermal governor 'power_allocator'
[    0.348004] clocksource: acpi_pm: mask: 0xffffff max_cycles: 0xffffff, max_idle_ns: 2085701024 ns
[    0.348047] pci_bus 0000:00: resource 4 [io  0x0000-0x0cf7 window]
[    0.348048] pci_bus 0000:00: resource 5 [io  0x0d00-0xffff window]
[    0.348049] pci_bus 0000:00: resource 6 [mem 0x000a0000-0x000bffff window]
[    0.348051] pci_bus 0000:00: resource 7 [mem 0x80000000-0xfdffffff window]
[    0.348110] NET: Registered protocol family 2
[    0.348184] IP idents hash table entries: 32768 (order: 6, 262144 bytes, linear)
[    0.348580] MPTCP tokens hash table entries: 8192 (order: 4, 65536 bytes, linear)
[    0.348600] MPTCP request tokens hash table entries: 8192 (order: 4, 65536 bytes, linear)
[    0.348624] default registered
[    0.348625] default registered
[    0.348625] MPTCP: Stable release v0.96
[    0.348630] tcp_listen_portaddr_hash hash table entries: 1024 (order: 2, 16384 bytes, linear)
[    0.348712] TCP established hash table entries: 16384 (order: 5, 131072 bytes, linear)
[    0.348778] TCP bind hash table entries: 16384 (order: 6, 262144 bytes, linear)
[    0.348803] TCP: Hash tables configured (established 16384 bind 16384)
[    0.349298] UDP hash table entries: 1024 (order: 3, 32768 bytes, linear)
[    0.349310] UDP-Lite hash table entries: 1024 (order: 3, 32768 bytes, linear)
[    0.349344] NET: Registered protocol family 1
[    0.349353] NET: Registered protocol family 44
[    0.349374] pci 0000:00:00.0: Limiting direct PCI/PCI transfers
[    0.349386] pci 0000:00:01.0: Activating ISA DMA hang workarounds
[    0.349437] pci 0000:00:02.0: Video device with shadowed ROM at [mem 0x000c0000-0x000dffff]
[    0.349501] PCI: CLS 0 bytes, default 64
[    0.349547] Trying to unpack rootfs image as initramfs...
[    0.499793] Freeing initrd memory: 47868K
[    0.499793] clocksource: tsc: mask: 0xffffffffffffffff max_cycles: 0x1e4530a99b6, max_idle_ns: 440795257976 ns
[    0.499793] clocksource: Switched to clocksource tsc
[    0.499793] platform rtc_cmos: registered platform RTC device (no PNP device found)
[    0.499793] check: Scanning for low memory corruption every 60 seconds
[    0.499793] Initialise system trusted keyrings
[    0.499793] Key type blacklist registered
[    0.499793] workingset: timestamp_bits=36 max_order=19 bucket_order=0
[    0.499793] zbud: loaded
[    0.499793] squashfs: version 4.0 (2009/01/31) Phillip Lougher
[    0.499793] fuse: init (API version 7.31)
[    0.499793] *** VALIDATE fuse ***
[    0.499793] *** VALIDATE fuse ***
[    0.499793] Platform Keyring initialized
[    0.514644] Key type asymmetric registered
[    0.514646] Asymmetric key parser 'x509' registered
[    0.514657] Block layer SCSI generic (bsg) driver version 0.4 loaded (major 244)
[    0.514695] io scheduler mq-deadline registered
[    0.514828] shpchp: Standard Hot Plug PCI Controller Driver version: 0.4
[    0.515046] ACPI: AC Adapter [AC] (on-line)
[    0.515096] input: Power Button as /devices/LNXSYSTM:00/LNXPWRBN:00/input/input0
[    0.515125] ACPI: Power Button [PWRF]
[    0.515220] input: Sleep Button as /devices/LNXSYSTM:00/LNXSLPBN:00/input/input1
[    0.515235] ACPI: Sleep Button [SLPF]
[    0.515471] Serial: 8250/16550 driver, 32 ports, IRQ sharing enabled
[    0.516647] Linux agpgart interface v0.103
[    0.607237] loop: module loaded
[    0.607367] ata_piix 0000:00:01.1: version 2.13
[    0.607770] scsi host0: ata_piix
[    0.607857] scsi host1: ata_piix
[    0.607883] ata1: PATA max UDMA/33 cmd 0x1f0 ctl 0x3f6 bmdma 0xd000 irq 14
[    0.607883] ata2: PATA max UDMA/33 cmd 0x170 ctl 0x376 bmdma 0xd008 irq 15
[    0.607956] tun: Universal TUN/TAP device driver, 1.6
[    0.608267] PPP generic driver version 2.4.2
[    0.608307] VFIO - User Level meta-driver version: 0.3
[    0.608544] ehci_hcd: USB 2.0 'Enhanced' Host Controller (EHCI) Driver
[    0.608549] ehci-pci: EHCI PCI platform driver
[    0.608560] ehci-platform: EHCI generic platform driver
[    0.608565] ohci_hcd: USB 1.1 'Open' Host Controller (OHCI) Driver
[    0.608567] ohci-pci: OHCI PCI platform driver
[    0.608574] ohci-platform: OHCI generic platform driver
[    0.608578] uhci_hcd: USB Universal Host Controller Interface driver
[    0.608639] i8042: PNP: PS/2 Controller [PNP0303:PS2K,PNP0f03:PS2M] at 0x60,0x64 irq 1,12
[    0.609071] serio: i8042 KBD port at 0x60,0x64 irq 1
[    0.609075] serio: i8042 AUX port at 0x60,0x64 irq 12
[    0.609158] mousedev: PS/2 mouse device common for all mice
[    0.609414] input: AT Translated Set 2 keyboard as /devices/platform/i8042/serio0/input/input2
[    0.609819] rtc_cmos rtc_cmos: registered as rtc0
[    0.609833] rtc_cmos rtc_cmos: alarms up to one day, 114 bytes nvram
[    0.609838] i2c /dev entries driver
[    0.609877] device-mapper: uevent: version 1.0.3
[    0.609918] device-mapper: ioctl: 4.41.0-ioctl (2019-09-16) initialised: dm-devel@redhat.com
[    0.609933] platform eisa.0: Probing EISA bus 0
[    0.609935] platform eisa.0: EISA: Cannot allocate resource for mainboard
[    0.609936] platform eisa.0: Cannot allocate resource for EISA slot 1
[    0.609937] platform eisa.0: Cannot allocate resource for EISA slot 2
[    0.609938] platform eisa.0: Cannot allocate resource for EISA slot 3
[    0.609939] platform eisa.0: Cannot allocate resource for EISA slot 4
[    0.609940] platform eisa.0: Cannot allocate resource for EISA slot 5
[    0.609941] platform eisa.0: Cannot allocate resource for EISA slot 6
[    0.609942] platform eisa.0: Cannot allocate resource for EISA slot 7
[    0.609943] platform eisa.0: Cannot allocate resource for EISA slot 8
[    0.609944] platform eisa.0: EISA: Detected 0 cards
[    0.609946] intel_pstate: CPU model not supported
[    0.609955] ledtrig-cpu: registered to indicate activity on CPUs
[    0.610005] drop_monitor: Initializing network drop monitor service
[    0.610163] NET: Registered protocol family 10
[    0.615307] Segment Routing with IPv6
[    0.615338] fullmesh registered
[    0.615339] ndiffports registered
[    0.615340] binder registered
[    0.615341] roundrobin registered
[    0.615342] redundant registered
[    0.615342] blest registered
[    0.615343] ecf registered
[    0.615344] NET: Registered protocol family 17
[    0.615347] Key type dns_resolver registered
[    0.615347] RAS: Correctable Errors collector initialized.
[    0.615347] IPI shorthand broadcast: enabled
[    0.615347] sched_clock: Marking stable (600152743, 11194937)->(613274858, -1927178)
[    0.615571] registered taskstats version 1
[    0.615580] Loading compiled-in X.509 certificates
[    0.616258] Loaded X.509 cert 'Build time autogenerated kernel key: 6909f3744cebb3d0de528d5887b96a727de79b1e'
[    0.616279] zswap: loaded using pool lzo/zbud
[    0.616339] Key type ._fscrypt registered
[    0.616340] Key type .fscrypt registered
[    0.620851] Key type big_key registered
[    0.623050] Key type encrypted registered
[    0.623052] AppArmor: AppArmor sha1 policy hashing enabled
[    0.623060] ima: No TPM chip found, activating TPM-bypass!
[    0.623063] ima: Allocated hash algorithm: sha1
[    0.623068] ima: No architecture policies found
[    0.623077] evm: Initialising EVM extended attributes:
[    0.623077] evm: security.selinux
[    0.623078] evm: security.SMACK64
[    0.623078] evm: security.SMACK64EXEC
[    0.623079] evm: security.SMACK64TRANSMUTE
[    0.623079] evm: security.SMACK64MMAP
[    0.623080] evm: security.apparmor
[    0.623080] evm: security.ima
[    0.623081] evm: security.capability
[    0.623081] evm: HMAC attrs: 0x1
[    0.623367] PM:   Magic number: 10:161:245
[    0.623468] rtc_cmos rtc_cmos: setting system clock to 2026-01-12T20:12:25 UTC (1768248745)
[    0.781814] ata1.00: ATA-6: VBOX HARDDISK, 1.0, max UDMA/133
[    0.781818] ata1.00: 209715200 sectors, multi 128: LBA 
[    0.782685] scsi 0:0:0:0: Direct-Access     ATA      VBOX HARDDISK    1.0  PQ: 0 ANSI: 5
[    0.783057] sd 0:0:0:0: [sda] 209715200 512-byte logical blocks: (107 GB/100 GiB)
[    0.783075] sd 0:0:0:0: [sda] Write Protect is off
[    0.783079] sd 0:0:0:0: [sda] Mode Sense: 00 3a 00 00
[    0.783108] sd 0:0:0:0: [sda] Write cache: enabled, read cache: enabled, doesn't support DPO or FUA
[    0.783402] sd 0:0:0:0: Attached scsi generic sg0 type 0
[    0.784336]  sda: sda1 sda2
[    0.795546] sd 0:0:0:0: [sda] Attached SCSI disk
[    0.800307] Freeing unused decrypted memory: 2040K
[    0.801578] Freeing unused kernel image memory: 2728K
[    0.801582] Write protecting the kernel read-only data: 22528k
[    0.802946] Freeing unused kernel image memory: 2036K
[    0.803671] Freeing unused kernel image memory: 1432K
[    0.840037] x86/mm: Checked W+X mappings: passed, no W+X pages found.
[    0.840041] Run /init as init process
[    0.948322] ACPI: Video Device [GFX0] (multi-head: yes  rom: no  post: no)
[    0.948391] input: Video Bus as /devices/LNXSYSTM:00/LNXSYBUS:00/PNP0A03:00/LNXVIDEO:00/input/input4
[    0.959624] pcnet32: pcnet32.c:v1.35 21.Apr.2008 tsbogend@alpha.franken.de
[    0.962231] pcnet32: PCnet/FAST III 79C973 at 0xd020, 08:00:27:1d:0d:6b assigned IRQ 19
[    0.962274] pcnet32: Found PHY 0022:561b at address 0
[    0.962571] pcnet32: eth0: registered as PCnet/FAST III 79C973
[    0.963896] piix4_smbus 0000:00:07.0: SMBus Host Controller at 0x4100, revision 0
[    0.966805] e1000: Intel(R) PRO/1000 Network Driver - version 7.3.21-k8-NAPI
[    0.966806] e1000: Copyright (c) 1999-2006 Intel Corporation.
[    0.978063] pcnet32: 1 cards_found
[    1.038806] pcnet32 0000:00:03.0 enp0s3: renamed from eth0
[    1.182505] input: ImExPS/2 Generic Explorer Mouse as /devices/platform/i8042/serio1/input/input5
[    1.375521] e1000 0000:00:08.0 eth0: (PCI:33MHz:32-bit) 08:00:27:5a:e5:0c
[    1.375525] e1000 0000:00:08.0 eth0: Intel(R) PRO/1000 Network Connection
[    1.747646] e1000 0000:00:09.0 eth1: (PCI:33MHz:32-bit) 08:00:27:85:be:e1
[    1.747648] e1000 0000:00:09.0 eth1: Intel(R) PRO/1000 Network Connection
[    1.748701] e1000 0000:00:09.0 enp0s9: renamed from eth1
[    1.750455] e1000 0000:00:08.0 enp0s8: renamed from eth0
[    1.798666] EXT4-fs (sda2): mounted filesystem with ordered data mode. Opts: (null)
[    1.884736] systemd[1]: Inserted module 'autofs4'
[    1.893403] systemd[1]: systemd 245.4-4ubuntu3 running in system mode. (+PAM +AUDIT +SELINUX +IMA +APPARMOR +SMACK +SYSVINIT +UTMP +LIBCRYPTSETUP +GCRYPT +GNUTLS +ACL +XZ +LZ4 +SECCOMP +BLKID +ELFUTILS +KMOD +IDN2 -IDN +PCRE2 default-hierarchy=hybrid)
[    1.893433] systemd[1]: Detected virtualization oracle.
[    1.893437] systemd[1]: Detected architecture x86-64.
[    1.894728] systemd[1]: Set hostname to <ztg>.
[    2.016932] systemd[1]: /lib/systemd/system/dbus.socket:5: ListenStream= references a path below legacy directory /var/run/, updating /var/run/dbus/system_bus_socket â†’ /run/dbus/system_bus_socket; please update the unit file accordingly.
[    2.068895] systemd[1]: Created slice system-modprobe.slice.
[    2.069075] systemd[1]: Created slice User and Session Slice.
[    2.069115] systemd[1]: Started Forward Password Requests to Wall Directory Watch.
[    2.069268] systemd[1]: Set up automount Arbitrary Executable File Formats File System Automount Point.
[    2.069297] systemd[1]: Reached target User and Group Name Lookups.
[    2.069307] systemd[1]: Reached target Remote File Systems.
[    2.069315] systemd[1]: Reached target Slices.
[    2.069862] systemd[1]: Listening on Syslog Socket.
[    2.069930] systemd[1]: Listening on fsck to fsckd communication Socket.
[    2.069964] systemd[1]: Listening on initctl Compatibility Named Pipe.
[    2.070093] systemd[1]: Listening on Journal Audit Socket.
[    2.070142] systemd[1]: Listening on Journal Socket (/dev/log).
[    2.070208] systemd[1]: Listening on Journal Socket.
[    2.070270] systemd[1]: Listening on udev Control Socket.
[    2.070309] systemd[1]: Listening on udev Kernel Socket.
[    2.070970] systemd[1]: Mounting Huge Pages File System...
[    2.071884] systemd[1]: Mounting POSIX Message Queue File System...
[    2.072732] systemd[1]: Mounting Kernel Debug File System...
[    2.073522] systemd[1]: Mounting Kernel Trace File System...
[    2.075367] systemd[1]: Starting Journal Service...
[    2.097656] systemd[1]: Starting Set the console keyboard layout...
[    2.105509] systemd[1]: Starting Create list of static device nodes for the current kernel...
[    2.107531] systemd[1]: Starting Load Kernel Module drm...
[    2.108632] systemd[1]: Condition check resulted in Set Up Additional Binary Formats being skipped.
[    2.108669] systemd[1]: Condition check resulted in File System Check on Root Device being skipped.
[    2.119456] systemd[1]: Starting Load Kernel Modules...
[    2.127839] systemd[1]: Starting Remount Root and Kernel File Systems...
[    2.136793] systemd[1]: Starting udev Coldplug all Devices...
[    2.146552] systemd[1]: Starting Uncomplicated firewall...
[    2.147835] systemd[1]: Mounted Huge Pages File System.
[    2.147920] systemd[1]: Mounted POSIX Message Queue File System.
[    2.147987] systemd[1]: Mounted Kernel Debug File System.
[    2.148051] systemd[1]: Mounted Kernel Trace File System.
[    2.150200] EXT4-fs (sda2): re-mounted. Opts: errors=remount-ro
[    2.186953] systemd[1]: Finished Create list of static device nodes for the current kernel.
[    2.187885] systemd[1]: modprobe@drm.service: Succeeded.
[    2.188495] systemd[1]: Finished Load Kernel Module drm.
[    2.194682] systemd[1]: Finished Remount Root and Kernel File Systems.
[    2.196603] lp: driver loaded but no devices found
[    2.197971] systemd[1]: Finished Uncomplicated firewall.
[    2.214394] systemd[1]: Condition check resulted in Rebuild Hardware Database being skipped.
[    2.214433] systemd[1]: Condition check resulted in Platform Persistent Storage Archival being skipped.
[    2.215048] systemd[1]: Starting Load/Save Random Seed...
[    2.220154] systemd[1]: Starting Create System Users...
[    2.225148] ppdev: user-space parallel port driver
[    2.236143] systemd[1]: Finished Load/Save Random Seed.
[    2.242641] systemd[1]: Finished Create System Users.
[    2.243325] systemd[1]: Starting Create Static Device Nodes in /dev...
[    2.288620] systemd[1]: Finished udev Coldplug all Devices.
[    2.294975] systemd[1]: Finished Create Static Device Nodes in /dev.
[    2.295692] systemd[1]: Starting udev Kernel Device Manager...
[    2.309537] [drm] DMA map mode: Caching DMA mappings.
[    2.309600] [drm] Capabilities:
[    2.309600] [drm]   Rect copy.
[    2.309601] [drm]   Cursor.
[    2.309601] [drm]   Cursor bypass.
[    2.309601] [drm]   Cursor bypass 2.
[    2.309602] [drm]   Alpha cursor.
[    2.309602] [drm]   Extended Fifo.
[    2.309602] [drm]   Pitchlock.
[    2.309603] [drm]   Irq mask.
[    2.309603] [drm]   GMR.
[    2.309603] [drm]   Traces.
[    2.309604] [drm]   GMR2.
[    2.309604] [drm]   Screen Object 2.
[    2.309604] [drm]   Command Buffers.
[    2.309605] [drm]   Command Buffers 2.
[    2.309605] [drm]   Guest Backed Resources.
[    2.309606] [drm] Max GMR ids is 8192
[    2.309607] [drm] Max number of GMR pages is 1048576
[    2.309607] [drm] Max dedicated hypervisor surface memory is 393216 kiB
[    2.309608] [drm] Maximum display memory size is 131072 kiB
[    2.309608] [drm] VRAM at 0xe0000000 size is 131072 kiB
[    2.309609] [drm] MMIO at 0xf0000000 size is 2048 kiB
[    2.310601] [TTM] Zone  kernel: Available graphics memory: 1011738 KiB
[    2.310602] [TTM] Initializing pool allocator
[    2.310605] [TTM] Initializing DMA pool allocator
[    2.310631] [drm] Supports vblank timestamp caching Rev 2 (21.10.2013).
[    2.310632] [drm] No driver support for vblank timestamp query.
[    2.310851] [drm] Screen Target Display device initialized
[    2.311040] [drm] width 720
[    2.311060] [drm] height 400
[    2.311063] [drm] bpp 32
[    2.311378] [drm] Fifo max 0x00200000 min 0x00001000 cap 0x00000355
[    2.313233] [drm] Using command buffers with DMA pool.
[    2.313237] [drm] DX: no.
[    2.313238] [drm] Atomic: yes.
[    2.313238] [drm] SM4_1: no.
[    2.313257] [drm:vmw_host_log [vmwgfx]] *ERROR* Failed to send host log message.
[    2.314157] [drm:vmw_host_log [vmwgfx]] *ERROR* Failed to send host log message.
[    2.353305] fbcon: svgadrmfb (fb0) is primary device
[    2.355393] Console: switching to colour frame buffer device 100x37
[    2.358287] [drm] Initialized vmwgfx 2.15.0 20180704 for 0000:00:02.0 on minor 0
[    2.361774] systemd[1]: Finished Load Kernel Modules.
[    2.362683] systemd[1]: Mounting FUSE Control File System...
[    2.363985] systemd[1]: Mounting Kernel Configuration File System...
[    2.373677] systemd[1]: Starting Apply Kernel Variables...
[    2.380039] systemd[1]: Mounted FUSE Control File System.
[    2.380098] systemd[1]: Condition check resulted in VMware vmblock fuse mount being skipped.
[    2.384767] systemd[1]: Mounted Kernel Configuration File System.
[    2.386095] systemd[1]: Finished Set the console keyboard layout.
[    2.386183] systemd[1]: Reached target Local File Systems (Pre).
[    2.389796] systemd[1]: Mounting Mount unit for bare, revision 5...
[    2.395891] systemd[1]: Mounting Mount unit for core18, revision 1705...
[    2.400738] systemd[1]: Mounting Mount unit for gnome-3-34-1804, revision 24...
[    2.427997] systemd[1]: Mounting Mount unit for gtk-common-themes, revision 1506...
[    2.431781] systemd[1]: Mounting Mount unit for gtk-common-themes, revision 1535...
[    2.440184] systemd[1]: Mounting Mount unit for snap-store, revision 433...
[    2.445109] systemd[1]: Mounting Mount unit for snapd, revision 7264...
[    2.453166] systemd[1]: Finished Apply Kernel Variables.
[    2.456763] systemd[1]: Mounted Mount unit for bare, revision 5.
[    2.485371] systemd[1]: Mounted Mount unit for core18, revision 1705.
[    2.485457] systemd[1]: Mounted Mount unit for gnome-3-34-1804, revision 24.
[    2.493327] systemd[1]: Mounted Mount unit for gtk-common-themes, revision 1506.
[    2.500785] systemd[1]: Started udev Kernel Device Manager.
[    2.501438] systemd[1]: Starting Show Plymouth Boot Screen...
[    2.507795] systemd[1]: Received SIGRTMIN+20 from PID 280 (plymouthd).
[    2.543038] systemd[1]: Started Show Plymouth Boot Screen.
[    2.543176] systemd[1]: Condition check resulted in Dispatch Password Requests to Console Directory Watch being skipped.
[    2.543264] systemd[1]: Started Forward Password Requests to Plymouth Directory Watch.
[    2.543295] systemd[1]: Reached target Local Encrypted Volumes.
[    2.560787] systemd[1]: Mounted Mount unit for snap-store, revision 433.
[    2.578619] systemd[1]: Mounted Mount unit for gtk-common-themes, revision 1535.
[    2.578834] systemd[1]: Mounted Mount unit for snapd, revision 7264.
[    2.578983] systemd[1]: Reached target Local File Systems.
[    2.579695] systemd[1]: Starting Load AppArmor profiles...
[    2.581260] systemd[1]: Starting Set console font and keymap...
[    2.593863] systemd[1]: Starting Tell Plymouth To Write Out Runtime Data...
[    2.595455] systemd[1]: Condition check resulted in Store a System Token in an EFI Variable being skipped.
[    2.595503] systemd[1]: Condition check resulted in Commit a transient machine-id on disk being skipped.
[    2.612832] systemd[1]: plymouth-read-write.service: Succeeded.
[    2.613311] systemd[1]: Finished Tell Plymouth To Write Out Runtime Data.
[    2.613771] systemd[1]: Finished Set console font and keymap.
[    2.613971] systemd[1]: Received SIGRTMIN+20 from PID 280 (plymouthd).
[    2.637635] audit: type=1400 audit(1768248747.508:2): apparmor="STATUS" operation="profile_load" profile="unconfined" name="nvidia_modprobe" pid=299 comm="apparmor_parser"
[    2.637637] audit: type=1400 audit(1768248747.508:3): apparmor="STATUS" operation="profile_load" profile="unconfined" name="nvidia_modprobe//kmod" pid=299 comm="apparmor_parser"
[    2.648855] audit: type=1400 audit(1768248747.520:4): apparmor="STATUS" operation="profile_load" profile="unconfined" name="/usr/sbin/tcpdump" pid=300 comm="apparmor_parser"
[    2.692141] audit: type=1400 audit(1768248747.556:5): apparmor="STATUS" operation="profile_load" profile="unconfined" name="/usr/bin/evince" pid=302 comm="apparmor_parser"
[    2.692143] audit: type=1400 audit(1768248747.556:6): apparmor="STATUS" operation="profile_load" profile="unconfined" name="/usr/bin/evince//sanitized_helper" pid=302 comm="apparmor_parser"
[    2.692145] audit: type=1400 audit(1768248747.556:7): apparmor="STATUS" operation="profile_load" profile="unconfined" name="/usr/bin/evince-previewer" pid=302 comm="apparmor_parser"
[    2.692147] audit: type=1400 audit(1768248747.556:8): apparmor="STATUS" operation="profile_load" profile="unconfined" name="/usr/bin/evince-previewer//sanitized_helper" pid=302 comm="apparmor_parser"
[    2.692148] audit: type=1400 audit(1768248747.556:9): apparmor="STATUS" operation="profile_load" profile="unconfined" name="/usr/bin/evince-thumbnailer" pid=302 comm="apparmor_parser"
[    2.710877] audit: type=1400 audit(1768248747.580:10): apparmor="STATUS" operation="profile_load" profile="unconfined" name="/usr/lib/cups/backend/cups-pdf" pid=303 comm="apparmor_parser"
[    2.793608] systemd[1]: Finished Load AppArmor profiles.
[    2.794529] systemd[1]: Starting Load AppArmor profiles managed internally by snapd...
[    2.858823] systemd[1]: Finished Load AppArmor profiles managed internally by snapd.
[    3.032106] systemd[1]: Started Journal Service.
[    3.038655] systemd-journald[229]: Received client request to flush runtime journal.
[    4.311427] RAPL PMU: API unit is 2^-32 Joules, 0 fixed counters, 10737418240 ms ovfl timer
[    4.319475] cryptd: max_cpu_qlen set to 1000
[    4.326935] AVX2 version of gcm_enc/dec engaged.
[    4.326935] AES CTR mode by8 optimization enabled
[    5.178646] Adding 1998844k swap on /dev/sda1.  Priority:-2 extents:1 across:1998844k FS
[    5.891992] kauditd_printk_skb: 30 callbacks suppressed
[    5.891993] audit: type=1400 audit(1768248750.768:41): apparmor="DENIED" operation="capable" profile="/usr/sbin/cups-browsed" pid=491 comm="cups-browsed" capability=23  capname="sys_nice"
[    7.210998] pcnet32 0000:00:03.0 enp0s3: link up, 100Mbps, full-duplex
[    7.246484] e1000: enp0s8 NIC Link is Up 1000 Mbps Full Duplex, Flow Control: RX
[    7.246925] IPv6: ADDRCONF(NETDEV_CHANGE): enp0s8: link becomes ready
[    7.259875] e1000: enp0s9 NIC Link is Up 1000 Mbps Full Duplex, Flow Control: RX
[    7.260168] IPv6: ADDRCONF(NETDEV_CHANGE): enp0s9: link becomes ready
[    7.792825] device enp0s3 entered promiscuous mode
[    7.812363] audit: type=1400 audit(1768248752.680:42): apparmor="DENIED" operation="open" profile="/usr/sbin/tcpdump" name="/proc/sys/kernel/random/boot_id" pid=663 comm="tcpdump" requested_mask="r" denied_mask="r" fsuid=0 ouid=0
[    7.812559] audit: type=1400 audit(1768248752.680:43): apparmor="DENIED" operation="open" profile="/usr/sbin/tcpdump" name="/proc/sys/kernel/random/boot_id" pid=663 comm="tcpdump" requested_mask="r" denied_mask="r" fsuid=0 ouid=0
[    7.812600] audit: type=1400 audit(1768248752.680:44): apparmor="DENIED" operation="open" profile="/usr/sbin/tcpdump" name="/proc/sys/kernel/random/boot_id" pid=663 comm="tcpdump" requested_mask="r" denied_mask="r" fsuid=0 ouid=0
[    7.814165] audit: type=1400 audit(1768248752.680:45): apparmor="DENIED" operation="open" profile="/usr/sbin/tcpdump" name="/proc/sys/kernel/random/boot_id" pid=663 comm="tcpdump" requested_mask="r" denied_mask="r" fsuid=0 ouid=0
[    7.818693] audit: type=1400 audit(1768248752.692:46): apparmor="DENIED" operation="open" profile="/usr/sbin/tcpdump" name="/proc/sys/kernel/random/boot_id" pid=664 comm="tcpdump" requested_mask="r" denied_mask="r" fsuid=0 ouid=0
[    7.819381] audit: type=1400 audit(1768248752.692:47): apparmor="DENIED" operation="open" profile="/usr/sbin/tcpdump" name="/proc/sys/kernel/random/boot_id" pid=664 comm="tcpdump" requested_mask="r" denied_mask="r" fsuid=0 ouid=0
[    7.819421] audit: type=1400 audit(1768248752.692:48): apparmor="DENIED" operation="open" profile="/usr/sbin/tcpdump" name="/proc/sys/kernel/random/boot_id" pid=664 comm="tcpdump" requested_mask="r" denied_mask="r" fsuid=0 ouid=0
[    7.819476] audit: type=1400 audit(1768248752.692:49): apparmor="DENIED" operation="open" profile="/usr/sbin/tcpdump" name="/proc/sys/kernel/random/boot_id" pid=664 comm="tcpdump" requested_mask="r" denied_mask="r" fsuid=0 ouid=0
[   12.131906] rfkill: input handler disabled
[   53.874394] rfkill: input handler enabled
[   62.067373] rfkill: input handler disabled
[  433.112575] AAAAA-TCP_FORW: name:enp0s3: saddr:33561200: daddr:100932208
[  433.271231] AAAAA-TCP_FORW: name:enp0s3: saddr:33561200: daddr:100932208
[  433.925146] AAAAA-TCP_FORW: name:enp0s3: saddr:33561200: daddr:100932208
[  434.145279] AAAAA-TCP_FORW: name:enp0s3: saddr:33561200: daddr:100932208
[  434.241561] AAAAA-TCP_FORW: name:enp0s3: saddr:33561200: daddr:100932208
[  434.876135] AAAAA-TCP_FORW: name:enp0s3: saddr:16783984: daddr:100932208
[  435.152168] AAAAA-TCP_FORW: name:enp0s3: saddr:16783984: daddr:100932208
[  435.544899] AAAAA-TCP_FORW: name:enp0s3: saddr:16783984: daddr:100932208
[  435.683570] AAAAA-TCP_FORW: name:enp0s3: saddr:16783984: daddr:100932208
[  436.406429] AAAAA-TCP_FORW: name:enp0s3: saddr:16783984: daddr:100932208
[  436.703958] AAAAA-TCP_FORW: name:enp0s3: saddr:16783984: daddr:100932208
[  436.885260] AAAAA-TCP_FORW: name:enp0s3: saddr:16783984: daddr:100932208
[  437.018996] AAAAA-TCP_FORW: name:enp0s3: saddr:16783984: daddr:100932208
[  437.081929] AAAAA-TCP_FORW: name:enp0s3: saddr:16783984: daddr:100932208
[  437.213027] AAAAA-TCP_FORW: name:enp0s3: saddr:33561200: daddr:100932208
[  437.285070] AAAAA-TCP_FORW: name:enp0s3: saddr:33561200: daddr:100932208
[  437.483779] AAAAA-TCP_FORW: name:enp0s3: saddr:33561200: daddr:100932208
[  437.623309] AAAAA-TCP_FORW: name:enp0s3: saddr:33561200: daddr:100932208
[  437.893198] AAAAA-TCP_FORW: name:enp0s3: saddr:33561200: daddr:100932208
[  438.212790] AAAAA-TCP_FORW: name:enp0s3: saddr:33561200: daddr:100932208
[  438.317487] AAAAA-TCP_FORW: name:enp0s3: saddr:33561200: daddr:100932208
[  438.512285] AAAAA-TCP_FORW: name:enp0s3: saddr:16783984: daddr:100932208
[  438.729326] AAAAA-TCP_FORW: name:enp0s3: saddr:16783984: daddr:100932208
[  439.044658] AAAAA-TCP_FORW: name:enp0s3: saddr:16783984: daddr:100932208
[  439.174350] AAAAA-TCP_FORW: name:enp0s3: saddr:16783984: daddr:100932208
[  439.355093] AAAAA-TCP_FORW: name:enp0s3: saddr:16783984: daddr:100932208
[  439.491475] AAAAA-TCP_FORW: name:enp0s3: saddr:16783984: daddr:100932208
[  439.602375] AAAAA-TCP_FORW: name:enp0s3: saddr:16783984: daddr:100932208
[  439.719085] AAAAA-TCP_FORW: name:enp0s3: saddr:33561200: daddr:100932208
[  439.817590] AAAAA-TCP_FORW: name:enp0s3: saddr:16783984: daddr:100932208
[  501.825181] device enp0s3 left promiscuous mode
