[    0.000000] Linux version 5.4.243-mptcp (root@ztg) (gcc version 12.2.0 (Debian 12.2.0-14+deb12u1)) #53 SMP Wed Dec 24 23:28:15 CST 2025
[    0.000000] Command line: BOOT_IMAGE=/boot/vmlinuz-5.4.243-mptcp root=UUID=98415a12-53b7-4144-8265-0f7ece09e445 ro quiet splash
[    0.000000] KERNEL supported cpus:
[    0.000000]   Intel GenuineIntel
[    0.000000]   AMD AuthenticAMD
[    0.000000]   Hygon HygonGenuine
[    0.000000]   Centaur CentaurHauls
[    0.000000]   zhaoxin   Shanghai  
[    0.000000] x86/fpu: Supporting XSAVE feature 0x001: 'x87 floating point registers'
[    0.000000] x86/fpu: Supporting XSAVE feature 0x002: 'SSE registers'
[    0.000000] x86/fpu: Supporting XSAVE feature 0x004: 'AVX registers'
[    0.000000] x86/fpu: xstate_offset[2]:  576, xstate_sizes[2]:  256
[    0.000000] x86/fpu: Enabled xstate features 0x7, context size is 832 bytes, using 'standard' format.
[    0.000000] BIOS-provided physical RAM map:
[    0.000000] BIOS-e820: [mem 0x0000000000000000-0x000000000009fbff] usable
[    0.000000] BIOS-e820: [mem 0x000000000009fc00-0x000000000009ffff] reserved
[    0.000000] BIOS-e820: [mem 0x00000000000f0000-0x00000000000fffff] reserved
[    0.000000] BIOS-e820: [mem 0x0000000000100000-0x000000007ffeffff] usable
[    0.000000] BIOS-e820: [mem 0x000000007fff0000-0x000000007fffffff] ACPI data
[    0.000000] BIOS-e820: [mem 0x00000000fec00000-0x00000000fec00fff] reserved
[    0.000000] BIOS-e820: [mem 0x00000000fee00000-0x00000000fee00fff] reserved
[    0.000000] BIOS-e820: [mem 0x00000000fffc0000-0x00000000ffffffff] reserved
[    0.000000] NX (Execute Disable) protection: active
[    0.000000] SMBIOS 2.5 present.
[    0.000000] DMI: innotek GmbH VirtualBox/VirtualBox, BIOS VirtualBox 12/01/2006
[    0.000000] Hypervisor detected: KVM
[    0.000000] kvm-clock: Using msrs 4b564d01 and 4b564d00
[    0.000000] kvm-clock: cpu 0, msr 76801001, primary cpu clock
[    0.000000] kvm-clock: using sched offset of 4465434217 cycles
[    0.000002] clocksource: kvm-clock: mask: 0xffffffffffffffff max_cycles: 0x1cd42e4dffb, max_idle_ns: 881590591483 ns
[    0.000005] tsc: Detected 2100.000 MHz processor
[    0.001879] e820: update [mem 0x00000000-0x00000fff] usable ==> reserved
[    0.001881] e820: remove [mem 0x000a0000-0x000fffff] usable
[    0.001885] last_pfn = 0x7fff0 max_arch_pfn = 0x400000000
[    0.001952] MTRR default type: uncachable
[    0.001953] MTRR fixed ranges enabled:
[    0.001954]   00000-9FFFF write-back
[    0.001955]   A0000-BFFFF uncachable
[    0.001956]   C0000-FFFFF write-protect
[    0.001956] MTRR variable ranges enabled:
[    0.001958]   0 base 000000000000 mask 3FFF80000000 write-back
[    0.001958]   1 disabled
[    0.001959]   2 disabled
[    0.001959]   3 disabled
[    0.001960]   4 disabled
[    0.001960]   5 disabled
[    0.001960]   6 disabled
[    0.001961]   7 disabled
[    0.001961]   8 disabled
[    0.001962]   9 disabled
[    0.001962]   10 disabled
[    0.001963]   11 disabled
[    0.001963]   12 disabled
[    0.001963]   13 disabled
[    0.001964]   14 disabled
[    0.001964]   15 disabled
[    0.001980] x86/PAT: Configuration [0-7]: WB  WC  UC- UC  WB  WP  UC- WT  
[    0.002113] found SMP MP-table at [mem 0x0009fff0-0x0009ffff]
[    0.092241] check: Scanning 1 areas for low memory corruption
[    0.092393] RAMDISK: [mem 0x32271000-0x3512ffff]
[    0.092400] ACPI: Early table checksum verification disabled
[    0.092405] ACPI: RSDP 0x00000000000E0000 000024 (v02 VBOX  )
[    0.092409] ACPI: XSDT 0x000000007FFF0030 00003C (v01 VBOX   VBOXXSDT 00000001 ASL  00000061)
[    0.092416] ACPI: FACP 0x000000007FFF00F0 0000F4 (v04 VBOX   VBOXFACP 00000001 ASL  00000061)
[    0.092422] ACPI: DSDT 0x000000007FFF02E0 002353 (v02 VBOX   VBOXBIOS 00000002 VBOX 00029BF3)
[    0.092426] ACPI: FACS 0x000000007FFF0200 000040
[    0.092429] ACPI: FACS 0x000000007FFF0200 000040
[    0.092432] ACPI: APIC 0x000000007FFF0240 000054 (v02 VBOX   VBOXAPIC 00000001 ASL  00000061)
[    0.092436] ACPI: SSDT 0x000000007FFF02A0 000038 (v01 VBOX   VBOXCPUT 00000002 VBOX 00029BF3)
[    0.092440] ACPI: Reserving FACP table memory at [mem 0x7fff00f0-0x7fff01e3]
[    0.092441] ACPI: Reserving DSDT table memory at [mem 0x7fff02e0-0x7fff2632]
[    0.092441] ACPI: Reserving FACS table memory at [mem 0x7fff0200-0x7fff023f]
[    0.092442] ACPI: Reserving FACS table memory at [mem 0x7fff0200-0x7fff023f]
[    0.092443] ACPI: Reserving APIC table memory at [mem 0x7fff0240-0x7fff0293]
[    0.092443] ACPI: Reserving SSDT table memory at [mem 0x7fff02a0-0x7fff02d7]
[    0.092458] ACPI: Local APIC address 0xfee00000
[    0.092643] No NUMA configuration found
[    0.092645] Faking a node at [mem 0x0000000000000000-0x000000007ffeffff]
[    0.092655] NODE_DATA(0) allocated [mem 0x7ffc5000-0x7ffeffff]
[    0.092915] Zone ranges:
[    0.092915]   DMA      [mem 0x0000000000001000-0x0000000000ffffff]
[    0.092916]   DMA32    [mem 0x0000000001000000-0x000000007ffeffff]
[    0.092917]   Normal   empty
[    0.092918]   Device   empty
[    0.092919] Movable zone start for each node
[    0.092921] Early memory node ranges
[    0.092921]   node   0: [mem 0x0000000000001000-0x000000000009efff]
[    0.092922]   node   0: [mem 0x0000000000100000-0x000000007ffeffff]
[    0.092925] Zeroed struct page in unavailable ranges: 114 pages
[    0.092926] Initmem setup node 0 [mem 0x0000000000001000-0x000000007ffeffff]
[    0.092927] On node 0 totalpages: 524174
[    0.092928]   DMA zone: 64 pages used for memmap
[    0.092929]   DMA zone: 21 pages reserved
[    0.092930]   DMA zone: 3998 pages, LIFO batch:0
[    0.093000]   DMA32 zone: 8128 pages used for memmap
[    0.093001]   DMA32 zone: 520176 pages, LIFO batch:63
[    0.101946] ACPI: PM-Timer IO Port: 0x4008
[    0.101949] ACPI: Local APIC address 0xfee00000
[    0.102014] IOAPIC[0]: apic_id 1, version 32, address 0xfec00000, GSI 0-23
[    0.102018] ACPI: INT_SRC_OVR (bus 0 bus_irq 0 global_irq 2 dfl dfl)
[    0.102019] ACPI: INT_SRC_OVR (bus 0 bus_irq 9 global_irq 9 low level)
[    0.102021] ACPI: IRQ0 used by override.
[    0.102022] ACPI: IRQ9 used by override.
[    0.102025] Using ACPI (MADT) for SMP configuration information
[    0.102032] smpboot: Allowing 1 CPUs, 0 hotplug CPUs
[    0.102054] PM: Registered nosave memory: [mem 0x00000000-0x00000fff]
[    0.102055] PM: Registered nosave memory: [mem 0x0009f000-0x0009ffff]
[    0.102056] PM: Registered nosave memory: [mem 0x000a0000-0x000effff]
[    0.102056] PM: Registered nosave memory: [mem 0x000f0000-0x000fffff]
[    0.102058] [mem 0x80000000-0xfebfffff] available for PCI devices
[    0.102059] Booting paravirtualized kernel on KVM
[    0.102061] clocksource: refined-jiffies: mask: 0xffffffff max_cycles: 0xffffffff, max_idle_ns: 7645519600211568 ns
[    0.102066] setup_percpu: NR_CPUS:8192 nr_cpumask_bits:1 nr_cpu_ids:1 nr_node_ids:1
[    0.103070] percpu: Embedded 60 pages/cpu s208896 r8192 d28672 u2097152
[    0.103074] pcpu-alloc: s208896 r8192 d28672 u2097152 alloc=1*2097152
[    0.103075] pcpu-alloc: [0] 0 
[    0.103101] Built 1 zonelists, mobility grouping on.  Total pages: 515961
[    0.103101] Policy zone: DMA32
[    0.103102] Kernel command line: BOOT_IMAGE=/boot/vmlinuz-5.4.243-mptcp root=UUID=98415a12-53b7-4144-8265-0f7ece09e445 ro quiet splash
[    0.103923] Dentry cache hash table entries: 262144 (order: 9, 2097152 bytes, linear)
[    0.104069] Inode-cache hash table entries: 131072 (order: 8, 1048576 bytes, linear)
[    0.104118] mem auto-init: stack:off, heap alloc:on, heap free:off
[    0.104121] Calgary: detecting Calgary via BIOS EBDA area
[    0.104122] Calgary: Unable to locate Rio Grande table in EBDA - bailing!
[    0.108139] Memory: 1967332K/2096696K available (14339K kernel code, 2398K rwdata, 4712K rodata, 2728K init, 17260K bss, 129364K reserved, 0K cma-reserved)
[    0.109056] SLUB: HWalign=64, Order=0-3, MinObjects=0, CPUs=1, Nodes=1
[    0.109073] ftrace: allocating 43186 entries in 169 pages
[    0.127187] rcu: Hierarchical RCU implementation.
[    0.127188] rcu: 	RCU restricting CPUs from NR_CPUS=8192 to nr_cpu_ids=1.
[    0.127189] 	Tasks RCU enabled.
[    0.127190] rcu: RCU calculated value of scheduler-enlistment delay is 25 jiffies.
[    0.127191] rcu: Adjusting geometry for rcu_fanout_leaf=16, nr_cpu_ids=1
[    0.130145] NR_IRQS: 524544, nr_irqs: 256, preallocated irqs: 16
[    0.130361] random: crng init done
[    0.139706] Console: colour VGA+ 80x25
[    0.139710] printk: console [tty0] enabled
[    0.139728] ACPI: Core revision 20190816
[    0.139861] APIC: Switch to symmetric I/O mode setup
[    0.140111] x2apic enabled
[    0.140352] Switched APIC routing to physical x2apic.
[    0.141490] ..TIMER: vector=0x30 apic1=0 pin1=2 apic2=-1 pin2=-1
[    0.141514] clocksource: tsc-early: mask: 0xffffffffffffffff max_cycles: 0x1e4530a99b6, max_idle_ns: 440795257976 ns
[    0.141519] Calibrating delay loop (skipped) preset value.. 4200.00 BogoMIPS (lpj=8400000)
[    0.141522] pid_max: default: 32768 minimum: 301
[    0.141549] LSM: Security Framework initializing
[    0.141558] Yama: becoming mindful.
[    0.141585] AppArmor: AppArmor initialized
[    0.141618] Mount-cache hash table entries: 4096 (order: 3, 32768 bytes, linear)
[    0.141622] Mountpoint-cache hash table entries: 4096 (order: 3, 32768 bytes, linear)
[    0.141632] *** VALIDATE tmpfs ***
[    0.141758] *** VALIDATE proc ***
[    0.141799] *** VALIDATE cgroup1 ***
[    0.141800] *** VALIDATE cgroup2 ***
[    0.141940] process: using mwait in idle threads
[    0.141945] Last level iTLB entries: 4KB 64, 2MB 8, 4MB 8
[    0.141946] Last level dTLB entries: 4KB 64, 2MB 0, 4MB 0, 1GB 4
[    0.141965] Spectre V1 : Mitigation: usercopy/swapgs barriers and __user pointer sanitization
[    0.141971] Spectre V2 : Mitigation: Retpolines
[    0.141971] Spectre V2 : Spectre v2 / SpectreRSB mitigation: Filling RSB on context switch
[    0.141972] Spectre V2 : Spectre v2 / SpectreRSB : Filling RSB on VMEXIT
[    0.141973] RETBleed: WARNING: Spectre v2 mitigation leaves CPU vulnerable to RETBleed attacks, data leaks possible!
[    0.142328] RETBleed: Vulnerable
[    0.142329] Speculative Store Bypass: Vulnerable
[    0.142333] TAA: Mitigation: TSX disabled
[    0.142334] MMIO Stale Data: Mitigation: Clear CPU buffers
[    0.146525] Freeing SMP alternatives memory: 40K
[    0.258716] smpboot: CPU0: Intel(R) Xeon(R) Silver 4216 CPU @ 2.10GHz (family: 0x6, model: 0x55, stepping: 0x7)
[    0.258864] Performance Events: unsupported p6 CPU model 85 no PMU driver, software events only.
[    0.258906] rcu: Hierarchical SRCU implementation.
[    0.259439] NMI watchdog: Perf NMI watchdog permanently disabled
[    0.259485] smp: Bringing up secondary CPUs ...
[    0.259486] smp: Brought up 1 node, 1 CPU
[    0.259487] smpboot: Max logical packages: 1
[    0.259488] smpboot: Total of 1 processors activated (4200.00 BogoMIPS)
[    0.260475] devtmpfs: initialized
[    0.260524] x86/mm: Memory block size: 128MB
[    0.260886] clocksource: jiffies: mask: 0xffffffff max_cycles: 0xffffffff, max_idle_ns: 7645041785100000 ns
[    0.260892] futex hash table entries: 256 (order: 2, 16384 bytes, linear)
[    0.260942] pinctrl core: initialized pinctrl subsystem
[    0.261048] PM: RTC time: 21:27:18, date: 2026-01-11
[    0.261163] NET: Registered protocol family 16
[    0.261243] audit: initializing netlink subsys (disabled)
[    0.261386] EISA bus registered
[    0.261387] cpuidle: using governor ladder
[    0.261388] cpuidle: using governor menu
[    0.261430] ACPI: bus type PCI registered
[    0.261432] acpiphp: ACPI Hot Plug PCI Controller Driver version: 0.5
[    0.261516] PCI: Using configuration type 1 for base access
[    0.262108] audit: type=2000 audit(1768138044.737:1): state=initialized audit_enabled=0 res=1
[    0.262188] HugeTLB registered 2.00 MiB page size, pre-allocated 0 pages
[    0.263000] ACPI: Added _OSI(Module Device)
[    0.263000] ACPI: Added _OSI(Processor Device)
[    0.263001] ACPI: Added _OSI(3.0 _SCP Extensions)
[    0.263002] ACPI: Added _OSI(Processor Aggregator Device)
[    0.263003] ACPI: Added _OSI(Linux-Dell-Video)
[    0.263004] ACPI: Added _OSI(Linux-Lenovo-NV-HDMI-Audio)
[    0.263005] ACPI: Added _OSI(Linux-HPI-Hybrid-Graphics)
[    0.265091] ACPI: 2 ACPI AML tables successfully acquired and loaded
[    0.266675] ACPI: Interpreter enabled
[    0.266685] ACPI: (supports S0 S5)
[    0.266686] ACPI: Using IOAPIC for interrupt routing
[    0.266895] PCI: Using host bridge windows from ACPI; if necessary, use "pci=nocrs" and report a bug
[    0.267004] ACPI: Enabled 2 GPEs in block 00 to 07
[    0.272429] ACPI: PCI Root Bridge [PCI0] (domain 0000 [bus 00-ff])
[    0.272434] acpi PNP0A03:00: _OSC: OS supports [ASPM ClockPM Segments MSI HPX-Type3]
[    0.272898] acpi PNP0A03:00: _OSC: not requesting OS control; OS requires [ExtendedConfig ASPM ClockPM MSI]
[    0.272907] acpi PNP0A03:00: fail to add MMCONFIG information, can't access extended PCI configuration space under this bridge.
[    0.273300] PCI host bridge to bus 0000:00
[    0.273302] pci_bus 0000:00: root bus resource [io  0x0000-0x0cf7 window]
[    0.273304] pci_bus 0000:00: root bus resource [io  0x0d00-0xffff window]
[    0.273306] pci_bus 0000:00: root bus resource [mem 0x000a0000-0x000bffff window]
[    0.273307] pci_bus 0000:00: root bus resource [mem 0x80000000-0xfdffffff window]
[    0.273309] pci_bus 0000:00: root bus resource [bus 00-ff]
[    0.273357] pci 0000:00:00.0: [8086:1237] type 00 class 0x060000
[    0.274358] pci 0000:00:01.0: [8086:7000] type 00 class 0x060100
[    0.275183] pci 0000:00:01.1: [8086:7111] type 00 class 0x01018a
[    0.275580] pci 0000:00:01.1: reg 0x20: [io  0xd000-0xd00f]
[    0.275761] pci 0000:00:01.1: legacy IDE quirk: reg 0x10: [io  0x01f0-0x01f7]
[    0.275762] pci 0000:00:01.1: legacy IDE quirk: reg 0x14: [io  0x03f6]
[    0.275763] pci 0000:00:01.1: legacy IDE quirk: reg 0x18: [io  0x0170-0x0177]
[    0.275764] pci 0000:00:01.1: legacy IDE quirk: reg 0x1c: [io  0x0376]
[    0.276347] pci 0000:00:02.0: [15ad:0405] type 00 class 0x030000
[    0.279438] pci 0000:00:02.0: reg 0x10: [io  0xd010-0xd01f]
[    0.281561] pci 0000:00:02.0: reg 0x14: [mem 0xe0000000-0xe7ffffff pref]
[    0.284088] pci 0000:00:02.0: reg 0x18: [mem 0xf0000000-0xf01fffff]
[    0.294304] pci 0000:00:03.0: [1022:2000] type 00 class 0x020000
[    0.294990] pci 0000:00:03.0: reg 0x10: [io  0xd020-0xd03f]
[    0.295601] pci 0000:00:03.0: reg 0x14: [mem 0xf0200000-0xf0200fff]
[    0.300545] pci 0000:00:04.0: [80ee:cafe] type 00 class 0x088000
[    0.301208] pci 0000:00:04.0: reg 0x10: [io  0xd040-0xd05f]
[    0.301633] pci 0000:00:04.0: reg 0x14: [mem 0xf0400000-0xf07fffff]
[    0.302234] pci 0000:00:04.0: reg 0x18: [mem 0xf0800000-0xf0803fff pref]
[    0.305560] pci 0000:00:07.0: [8086:7113] type 00 class 0x068000
[    0.306137] pci 0000:00:07.0: quirk: [io  0x4000-0x403f] claimed by PIIX4 ACPI
[    0.306151] pci 0000:00:07.0: quirk: [io  0x4100-0x410f] claimed by PIIX4 SMB
[    0.306781] pci 0000:00:08.0: [8086:100e] type 00 class 0x020000
[    0.307478] pci 0000:00:08.0: reg 0x10: [mem 0xf0820000-0xf083ffff]
[    0.308692] pci 0000:00:08.0: reg 0x18: [io  0xd060-0xd067]
[    0.311696] pci 0000:00:09.0: [8086:100e] type 00 class 0x020000
[    0.312459] pci 0000:00:09.0: reg 0x10: [mem 0xf0840000-0xf085ffff]
[    0.314193] pci 0000:00:09.0: reg 0x18: [io  0xd068-0xd06f]
[    0.322657] ACPI: PCI Interrupt Link [LNKA] (IRQs 5 9 10 *11)
[    0.322939] ACPI: PCI Interrupt Link [LNKB] (IRQs 5 9 *10 11)
[    0.323042] ACPI: PCI Interrupt Link [LNKC] (IRQs 5 *9 10 11)
[    0.325535] ACPI: PCI Interrupt Link [LNKD] (IRQs 5 9 10 *11)
[    0.325802] iommu: Default domain type: Translated 
[    0.325865] pci 0000:00:02.0: vgaarb: setting as boot VGA device
[    0.325866] pci 0000:00:02.0: vgaarb: VGA device added: decodes=io+mem,owns=io+mem,locks=none
[    0.325869] pci 0000:00:02.0: vgaarb: bridge control possible
[    0.325869] vgaarb: loaded
[    0.326080] SCSI subsystem initialized
[    0.326111] libata version 3.00 loaded.
[    0.326133] ACPI: bus type USB registered
[    0.326149] usbcore: registered new interface driver usbfs
[    0.326155] usbcore: registered new interface driver hub
[    0.326162] usbcore: registered new device driver usb
[    0.326187] pps_core: LinuxPPS API ver. 1 registered
[    0.326187] pps_core: Software ver. 5.3.6 - Copyright 2005-2007 Rodolfo Giometti <giometti@linux.it>
[    0.326190] PTP clock support registered
[    0.326224] EDAC MC: Ver: 3.0.0
[    0.326509] PCI: Using ACPI for IRQ routing
[    0.326511] PCI: pci_cache_line_size set to 64 bytes
[    0.326683] e820: reserve RAM buffer [mem 0x0009fc00-0x0009ffff]
[    0.326687] e820: reserve RAM buffer [mem 0x7fff0000-0x7fffffff]
[    0.327468] NetLabel: Initializing
[    0.327469] NetLabel:  domain hash size = 128
[    0.327469] NetLabel:  protocols = UNLABELED CIPSOv4 CALIPSO
[    0.327489] NetLabel:  unlabeled traffic allowed by default
[    0.328396] clocksource: Switched to clocksource kvm-clock
[    0.340029] *** VALIDATE bpf ***
[    0.340094] VFS: Disk quotas dquot_6.6.0
[    0.340106] VFS: Dquot-cache hash table entries: 512 (order 0, 4096 bytes)
[    0.340130] *** VALIDATE ramfs ***
[    0.340133] *** VALIDATE hugetlbfs ***
[    0.340218] AppArmor: AppArmor Filesystem Enabled
[    0.340245] pnp: PnP ACPI init
[    0.340315] pnp 00:00: Plug and Play ACPI device, IDs PNP0303 (active)
[    0.340385] pnp 00:01: Plug and Play ACPI device, IDs PNP0f03 (active)
[    0.341123] pnp: PnP ACPI: found 2 devices
[    0.342080] thermal_sys: Registered thermal governor 'fair_share'
[    0.342081] thermal_sys: Registered thermal governor 'bang_bang'
[    0.342081] thermal_sys: Registered thermal governor 'step_wise'
[    0.342082] thermal_sys: Registered thermal governor 'user_space'
[    0.342082] thermal_sys: Registered thermal governor 'power_allocator'
[    0.346594] clocksource: acpi_pm: mask: 0xffffff max_cycles: 0xffffff, max_idle_ns: 2085701024 ns
[    0.346649] pci_bus 0000:00: resource 4 [io  0x0000-0x0cf7 window]
[    0.346650] pci_bus 0000:00: resource 5 [io  0x0d00-0xffff window]
[    0.346651] pci_bus 0000:00: resource 6 [mem 0x000a0000-0x000bffff window]
[    0.346653] pci_bus 0000:00: resource 7 [mem 0x80000000-0xfdffffff window]
[    0.346715] NET: Registered protocol family 2
[    0.346790] IP idents hash table entries: 32768 (order: 6, 262144 bytes, linear)
[    0.347196] MPTCP tokens hash table entries: 8192 (order: 4, 65536 bytes, linear)
[    0.347215] MPTCP request tokens hash table entries: 8192 (order: 4, 65536 bytes, linear)
[    0.347240] default registered
[    0.347241] default registered
[    0.347241] MPTCP: Stable release v0.96
[    0.347246] tcp_listen_portaddr_hash hash table entries: 1024 (order: 2, 16384 bytes, linear)
[    0.347279] TCP established hash table entries: 16384 (order: 5, 131072 bytes, linear)
[    0.347279] TCP bind hash table entries: 16384 (order: 6, 262144 bytes, linear)
[    0.347279] TCP: Hash tables configured (established 16384 bind 16384)
[    0.348142] UDP hash table entries: 1024 (order: 3, 32768 bytes, linear)
[    0.348153] UDP-Lite hash table entries: 1024 (order: 3, 32768 bytes, linear)
[    0.348189] NET: Registered protocol family 1
[    0.348198] NET: Registered protocol family 44
[    0.348221] pci 0000:00:00.0: Limiting direct PCI/PCI transfers
[    0.348233] pci 0000:00:01.0: Activating ISA DMA hang workarounds
[    0.348288] pci 0000:00:02.0: Video device with shadowed ROM at [mem 0x000c0000-0x000dffff]
[    0.348352] PCI: CLS 0 bytes, default 64
[    0.348400] Trying to unpack rootfs image as initramfs...
[    0.524489] Freeing initrd memory: 47868K
[    0.524593] clocksource: tsc: mask: 0xffffffffffffffff max_cycles: 0x1e4530a99b6, max_idle_ns: 440795257976 ns
[    0.524602] clocksource: Switched to clocksource tsc
[    0.524639] platform rtc_cmos: registered platform RTC device (no PNP device found)
[    0.524669] check: Scanning for low memory corruption every 60 seconds
[    0.524978] Initialise system trusted keyrings
[    0.524989] Key type blacklist registered
[    0.525031] workingset: timestamp_bits=36 max_order=19 bucket_order=0
[    0.525133] zbud: loaded
[    0.525133] squashfs: version 4.0 (2009/01/31) Phillip Lougher
[    0.525133] fuse: init (API version 7.31)
[    0.525133] *** VALIDATE fuse ***
[    0.525133] *** VALIDATE fuse ***
[    0.525133] Platform Keyring initialized
[    0.530033] Key type asymmetric registered
[    0.530035] Asymmetric key parser 'x509' registered
[    0.530044] Block layer SCSI generic (bsg) driver version 0.4 loaded (major 244)
[    0.530084] io scheduler mq-deadline registered
[    0.530222] shpchp: Standard Hot Plug PCI Controller Driver version: 0.4
[    0.530420] ACPI: AC Adapter [AC] (on-line)
[    0.530464] input: Power Button as /devices/LNXSYSTM:00/LNXPWRBN:00/input/input0
[    0.530493] ACPI: Power Button [PWRF]
[    0.530576] input: Sleep Button as /devices/LNXSYSTM:00/LNXSLPBN:00/input/input1
[    0.530592] ACPI: Sleep Button [SLPF]
[    0.530835] Serial: 8250/16550 driver, 32 ports, IRQ sharing enabled
[    0.532040] Linux agpgart interface v0.103
[    0.627249] loop: module loaded
[    0.627445] ata_piix 0000:00:01.1: version 2.13
[    0.627947] scsi host0: ata_piix
[    0.628058] scsi host1: ata_piix
[    0.628089] ata1: PATA max UDMA/33 cmd 0x1f0 ctl 0x3f6 bmdma 0xd000 irq 14
[    0.628090] ata2: PATA max UDMA/33 cmd 0x170 ctl 0x376 bmdma 0xd008 irq 15
[    0.628186] tun: Universal TUN/TAP device driver, 1.6
[    0.628548] PPP generic driver version 2.4.2
[    0.628599] VFIO - User Level meta-driver version: 0.3
[    0.628868] ehci_hcd: USB 2.0 'Enhanced' Host Controller (EHCI) Driver
[    0.628873] ehci-pci: EHCI PCI platform driver
[    0.628890] ehci-platform: EHCI generic platform driver
[    0.628897] ohci_hcd: USB 1.1 'Open' Host Controller (OHCI) Driver
[    0.628899] ohci-pci: OHCI PCI platform driver
[    0.628907] ohci-platform: OHCI generic platform driver
[    0.628912] uhci_hcd: USB Universal Host Controller Interface driver
[    0.628991] i8042: PNP: PS/2 Controller [PNP0303:PS2K,PNP0f03:PS2M] at 0x60,0x64 irq 1,12
[    0.629515] serio: i8042 KBD port at 0x60,0x64 irq 1
[    0.629519] serio: i8042 AUX port at 0x60,0x64 irq 12
[    0.629625] mousedev: PS/2 mouse device common for all mice
[    0.629934] input: AT Translated Set 2 keyboard as /devices/platform/i8042/serio0/input/input2
[    0.630390] rtc_cmos rtc_cmos: registered as rtc0
[    0.630405] rtc_cmos rtc_cmos: alarms up to one day, 114 bytes nvram
[    0.630411] i2c /dev entries driver
[    0.630460] device-mapper: uevent: version 1.0.3
[    0.630511] device-mapper: ioctl: 4.41.0-ioctl (2019-09-16) initialised: dm-devel@redhat.com
[    0.630529] platform eisa.0: Probing EISA bus 0
[    0.630531] platform eisa.0: EISA: Cannot allocate resource for mainboard
[    0.630532] platform eisa.0: Cannot allocate resource for EISA slot 1
[    0.630534] platform eisa.0: Cannot allocate resource for EISA slot 2
[    0.630535] platform eisa.0: Cannot allocate resource for EISA slot 3
[    0.630536] platform eisa.0: Cannot allocate resource for EISA slot 4
[    0.630537] platform eisa.0: Cannot allocate resource for EISA slot 5
[    0.630538] platform eisa.0: Cannot allocate resource for EISA slot 6
[    0.630539] platform eisa.0: Cannot allocate resource for EISA slot 7
[    0.630541] platform eisa.0: Cannot allocate resource for EISA slot 8
[    0.630542] platform eisa.0: EISA: Detected 0 cards
[    0.630545] intel_pstate: CPU model not supported
[    0.630556] ledtrig-cpu: registered to indicate activity on CPUs
[    0.630623] drop_monitor: Initializing network drop monitor service
[    0.630825] NET: Registered protocol family 10
[    0.635460] Segment Routing with IPv6
[    0.635460] fullmesh registered
[    0.635460] ndiffports registered
[    0.635460] binder registered
[    0.635460] roundrobin registered
[    0.635460] redundant registered
[    0.635460] blest registered
[    0.635460] ecf registered
[    0.635460] NET: Registered protocol family 17
[    0.635460] Key type dns_resolver registered
[    0.635460] RAS: Correctable Errors collector initialized.
[    0.635460] IPI shorthand broadcast: enabled
[    0.635460] sched_clock: Marking stable (620294728, 11165322)->(634256170, -2796120)
[    0.637382] registered taskstats version 1
[    0.637393] Loading compiled-in X.509 certificates
[    0.638174] Loaded X.509 cert 'Build time autogenerated kernel key: 6909f3744cebb3d0de528d5887b96a727de79b1e'
[    0.638194] zswap: loaded using pool lzo/zbud
[    0.638256] Key type ._fscrypt registered
[    0.638257] Key type .fscrypt registered
[    0.643756] Key type big_key registered
[    0.646466] Key type encrypted registered
[    0.646469] AppArmor: AppArmor sha1 policy hashing enabled
[    0.646478] ima: No TPM chip found, activating TPM-bypass!
[    0.646483] ima: Allocated hash algorithm: sha1
[    0.646489] ima: No architecture policies found
[    0.646500] evm: Initialising EVM extended attributes:
[    0.646501] evm: security.selinux
[    0.646502] evm: security.SMACK64
[    0.646502] evm: security.SMACK64EXEC
[    0.646503] evm: security.SMACK64TRANSMUTE
[    0.646503] evm: security.SMACK64MMAP
[    0.646504] evm: security.apparmor
[    0.646504] evm: security.ima
[    0.646505] evm: security.capability
[    0.646506] evm: HMAC attrs: 0x1
[    0.646851] PM:   Magic number: 10:948:499
[    0.646971] rtc_cmos rtc_cmos: setting system clock to 2026-01-11T21:27:19 UTC (1768166839)
[    0.799235] ata1.00: ATA-6: VBOX HARDDISK, 1.0, max UDMA/133
[    0.799237] ata1.00: 209715200 sectors, multi 128: LBA 
[    0.799665] scsi 0:0:0:0: Direct-Access     ATA      VBOX HARDDISK    1.0  PQ: 0 ANSI: 5
[    0.799837] sd 0:0:0:0: [sda] 209715200 512-byte logical blocks: (107 GB/100 GiB)
[    0.799844] sd 0:0:0:0: [sda] Write Protect is off
[    0.799846] sd 0:0:0:0: [sda] Mode Sense: 00 3a 00 00
[    0.799856] sd 0:0:0:0: [sda] Write cache: enabled, read cache: enabled, doesn't support DPO or FUA
[    0.800043] sd 0:0:0:0: Attached scsi generic sg0 type 0
[    0.800505]  sda: sda1 sda2
[    0.811315] sd 0:0:0:0: [sda] Attached SCSI disk
[    0.813101] Freeing unused decrypted memory: 2040K
[    0.813782] Freeing unused kernel image memory: 2728K
[    0.813783] Write protecting the kernel read-only data: 22528k
[    0.814435] Freeing unused kernel image memory: 2036K
[    0.814828] Freeing unused kernel image memory: 1432K
[    0.828194] x86/mm: Checked W+X mappings: passed, no W+X pages found.
[    0.828199] Run /init as init process
[    0.918630] ACPI: Video Device [GFX0] (multi-head: yes  rom: no  post: no)
[    0.918702] input: Video Bus as /devices/LNXSYSTM:00/LNXSYBUS:00/PNP0A03:00/LNXVIDEO:00/input/input4
[    0.930062] pcnet32: pcnet32.c:v1.35 21.Apr.2008 tsbogend@alpha.franken.de
[    0.931041] pcnet32: PCnet/FAST III 79C973 at 0xd020, 08:00:27:65:20:4f assigned IRQ 19
[    0.931095] pcnet32: Found PHY 0022:561b at address 0
[    0.932708] pcnet32: eth0: registered as PCnet/FAST III 79C973
[    0.932734] pcnet32: 1 cards_found
[    0.935214] e1000: Intel(R) PRO/1000 Network Driver - version 7.3.21-k8-NAPI
[    0.935214] e1000: Copyright (c) 1999-2006 Intel Corporation.
[    0.937668] piix4_smbus 0000:00:07.0: SMBus Host Controller at 0x4100, revision 0
[    1.009041] pcnet32 0000:00:03.0 enp0s3: renamed from eth0
[    1.154889] input: ImExPS/2 Generic Explorer Mouse as /devices/platform/i8042/serio1/input/input5
[    1.351865] e1000 0000:00:08.0 eth0: (PCI:33MHz:32-bit) 08:00:27:8a:08:a8
[    1.351869] e1000 0000:00:08.0 eth0: Intel(R) PRO/1000 Network Connection
[    1.727567] e1000 0000:00:09.0 eth1: (PCI:33MHz:32-bit) 08:00:27:6c:a8:5a
[    1.727571] e1000 0000:00:09.0 eth1: Intel(R) PRO/1000 Network Connection
[    1.728696] e1000 0000:00:09.0 enp0s9: renamed from eth1
[    1.730482] e1000 0000:00:08.0 enp0s8: renamed from eth0
[    1.867625] EXT4-fs (sda2): mounted filesystem with ordered data mode. Opts: (null)
[    1.959464] systemd[1]: Inserted module 'autofs4'
[    1.971360] systemd[1]: systemd 245.4-4ubuntu3 running in system mode. (+PAM +AUDIT +SELINUX +IMA +APPARMOR +SMACK +SYSVINIT +UTMP +LIBCRYPTSETUP +GCRYPT +GNUTLS +ACL +XZ +LZ4 +SECCOMP +BLKID +ELFUTILS +KMOD +IDN2 -IDN +PCRE2 default-hierarchy=hybrid)
[    1.971390] systemd[1]: Detected virtualization oracle.
[    1.971394] systemd[1]: Detected architecture x86-64.
[    1.972678] systemd[1]: Set hostname to <ztg>.
[    2.096678] systemd[1]: /lib/systemd/system/dbus.socket:5: ListenStream= references a path below legacy directory /var/run/, updating /var/run/dbus/system_bus_socket â†’ /run/dbus/system_bus_socket; please update the unit file accordingly.
[    2.149527] systemd[1]: Created slice system-modprobe.slice.
[    2.149709] systemd[1]: Created slice User and Session Slice.
[    2.149753] systemd[1]: Started Forward Password Requests to Wall Directory Watch.
[    2.149919] systemd[1]: Set up automount Arbitrary Executable File Formats File System Automount Point.
[    2.149956] systemd[1]: Reached target User and Group Name Lookups.
[    2.149965] systemd[1]: Reached target Remote File Systems.
[    2.149974] systemd[1]: Reached target Slices.
[    2.151054] systemd[1]: Listening on Syslog Socket.
[    2.151122] systemd[1]: Listening on fsck to fsckd communication Socket.
[    2.151159] systemd[1]: Listening on initctl Compatibility Named Pipe.
[    2.151314] systemd[1]: Listening on Journal Audit Socket.
[    2.151368] systemd[1]: Listening on Journal Socket (/dev/log).
[    2.151500] systemd[1]: Listening on Journal Socket.
[    2.151567] systemd[1]: Listening on udev Control Socket.
[    2.151606] systemd[1]: Listening on udev Kernel Socket.
[    2.152347] systemd[1]: Mounting Huge Pages File System...
[    2.153256] systemd[1]: Mounting POSIX Message Queue File System...
[    2.154126] systemd[1]: Mounting Kernel Debug File System...
[    2.154963] systemd[1]: Mounting Kernel Trace File System...
[    2.156864] systemd[1]: Starting Journal Service...
[    2.181392] systemd[1]: Starting Set the console keyboard layout...
[    2.189261] systemd[1]: Starting Create list of static device nodes for the current kernel...
[    2.190993] systemd[1]: Starting Load Kernel Module drm...
[    2.191961] systemd[1]: Condition check resulted in Set Up Additional Binary Formats being skipped.
[    2.192034] systemd[1]: Condition check resulted in File System Check on Root Device being skipped.
[    2.197725] systemd[1]: Starting Load Kernel Modules...
[    2.198445] systemd[1]: Starting Remount Root and Kernel File Systems...
[    2.199184] systemd[1]: Starting udev Coldplug all Devices...
[    2.246870] systemd[1]: Starting Uncomplicated firewall...
[    2.252444] systemd[1]: Mounted Huge Pages File System.
[    2.252533] systemd[1]: Mounted POSIX Message Queue File System.
[    2.252606] systemd[1]: Mounted Kernel Debug File System.
[    2.252672] systemd[1]: Mounted Kernel Trace File System.
[    2.271248] EXT4-fs (sda2): re-mounted. Opts: errors=remount-ro
[    2.272020] systemd[1]: Finished Create list of static device nodes for the current kernel.
[    2.280016] systemd[1]: Finished Remount Root and Kernel File Systems.
[    2.280255] systemd[1]: modprobe@drm.service: Succeeded.
[    2.281885] systemd[1]: Finished Load Kernel Module drm.
[    2.282680] systemd[1]: Finished Uncomplicated firewall.
[    2.300300] systemd[1]: Condition check resulted in Rebuild Hardware Database being skipped.
[    2.300337] systemd[1]: Condition check resulted in Platform Persistent Storage Archival being skipped.
[    2.300984] systemd[1]: Starting Load/Save Random Seed...
[    2.302789] lp: driver loaded but no devices found
[    2.308236] systemd[1]: Starting Create System Users...
[    2.317804] systemd[1]: Finished Load/Save Random Seed.
[    2.318886] ppdev: user-space parallel port driver
[    2.325571] systemd[1]: Finished Create System Users.
[    2.326267] systemd[1]: Starting Create Static Device Nodes in /dev...
[    2.348093] systemd[1]: Finished Create Static Device Nodes in /dev.
[    2.348845] systemd[1]: Starting udev Kernel Device Manager...
[    2.369701] systemd[1]: Finished udev Coldplug all Devices.
[    2.397198] [drm] DMA map mode: Caching DMA mappings.
[    2.397260] [drm] Capabilities:
[    2.397260] [drm]   Rect copy.
[    2.397261] [drm]   Cursor.
[    2.397261] [drm]   Cursor bypass.
[    2.397262] [drm]   Cursor bypass 2.
[    2.397262] [drm]   Alpha cursor.
[    2.397263] [drm]   Extended Fifo.
[    2.397263] [drm]   Pitchlock.
[    2.397263] [drm]   Irq mask.
[    2.397264] [drm]   GMR.
[    2.397264] [drm]   Traces.
[    2.397264] [drm]   GMR2.
[    2.397265] [drm]   Screen Object 2.
[    2.397265] [drm]   Command Buffers.
[    2.397265] [drm]   Command Buffers 2.
[    2.397266] [drm]   Guest Backed Resources.
[    2.397267] [drm] Max GMR ids is 8192
[    2.397267] [drm] Max number of GMR pages is 1048576
[    2.397268] [drm] Max dedicated hypervisor surface memory is 393216 kiB
[    2.397268] [drm] Maximum display memory size is 131072 kiB
[    2.397269] [drm] VRAM at 0xe0000000 size is 131072 kiB
[    2.397270] [drm] MMIO at 0xf0000000 size is 2048 kiB
[    2.398102] [TTM] Zone  kernel: Available graphics memory: 1011738 KiB
[    2.398102] [TTM] Initializing pool allocator
[    2.398203] [TTM] Initializing DMA pool allocator
[    2.398575] [drm] Supports vblank timestamp caching Rev 2 (21.10.2013).
[    2.398575] [drm] No driver support for vblank timestamp query.
[    2.402607] [drm] Screen Target Display device initialized
[    2.402787] [drm] width 720
[    2.402796] [drm] height 400
[    2.402799] [drm] bpp 32
[    2.403355] [drm] Fifo max 0x00200000 min 0x00001000 cap 0x00000355
[    2.404439] [drm] Using command buffers with DMA pool.
[    2.404443] [drm] DX: no.
[    2.404443] [drm] Atomic: yes.
[    2.404444] [drm] SM4_1: no.
[    2.404463] [drm:vmw_host_log [vmwgfx]] *ERROR* Failed to send host log message.
[    2.405351] [drm:vmw_host_log [vmwgfx]] *ERROR* Failed to send host log message.
[    2.445468] fbcon: svgadrmfb (fb0) is primary device
[    2.450762] Console: switching to colour frame buffer device 100x37
[    2.455448] [drm] Initialized vmwgfx 2.15.0 20180704 for 0000:00:02.0 on minor 0
[    2.456475] systemd[1]: Finished Load Kernel Modules.
[    2.457386] systemd[1]: Mounting FUSE Control File System...
[    2.458530] systemd[1]: Mounting Kernel Configuration File System...
[    2.464776] systemd[1]: Starting Apply Kernel Variables...
[    2.476293] systemd[1]: Finished Set the console keyboard layout.
[    2.476992] systemd[1]: Mounted FUSE Control File System.
[    2.477077] systemd[1]: Mounted Kernel Configuration File System.
[    2.477138] systemd[1]: Reached target Local File Systems (Pre).
[    2.477157] systemd[1]: Condition check resulted in VMware vmblock fuse mount being skipped.
[    2.482164] systemd[1]: Mounting Mount unit for bare, revision 5...
[    2.513894] systemd[1]: Mounting Mount unit for core18, revision 1705...
[    2.518159] systemd[1]: Mounting Mount unit for gnome-3-34-1804, revision 24...
[    2.524289] systemd[1]: Mounting Mount unit for gtk-common-themes, revision 1506...
[    2.529875] systemd[1]: Mounting Mount unit for gtk-common-themes, revision 1535...
[    2.536887] systemd[1]: Mounting Mount unit for snap-store, revision 433...
[    2.540414] systemd[1]: Mounting Mount unit for snapd, revision 7264...
[    2.552815] systemd[1]: Finished Apply Kernel Variables.
[    2.555211] systemd[1]: Mounted Mount unit for bare, revision 5.
[    2.566568] systemd[1]: Mounted Mount unit for core18, revision 1705.
[    2.566655] systemd[1]: Mounted Mount unit for gnome-3-34-1804, revision 24.
[    2.581386] systemd[1]: Mounted Mount unit for gtk-common-themes, revision 1506.
[    2.587713] systemd[1]: Started udev Kernel Device Manager.
[    2.588396] systemd[1]: Starting Show Plymouth Boot Screen...
[    2.593994] systemd[1]: Received SIGRTMIN+20 from PID 275 (plymouthd).
[    2.621366] systemd[1]: Started Show Plymouth Boot Screen.
[    2.621549] systemd[1]: Condition check resulted in Dispatch Password Requests to Console Directory Watch being skipped.
[    2.621638] systemd[1]: Started Forward Password Requests to Plymouth Directory Watch.
[    2.621726] systemd[1]: Reached target Local Encrypted Volumes.
[    2.624122] systemd[1]: Mounted Mount unit for gtk-common-themes, revision 1535.
[    2.624481] systemd[1]: Mounted Mount unit for snap-store, revision 433.
[    2.671069] systemd[1]: Mounted Mount unit for snapd, revision 7264.
[    2.671278] systemd[1]: Reached target Local File Systems.
[    2.672139] systemd[1]: Starting Load AppArmor profiles...
[    2.685772] systemd[1]: Starting Set console font and keymap...
[    2.699921] systemd[1]: Starting Tell Plymouth To Write Out Runtime Data...
[    2.704548] systemd[1]: Condition check resulted in Store a System Token in an EFI Variable being skipped.
[    2.704579] systemd[1]: Condition check resulted in Commit a transient machine-id on disk being skipped.
[    2.705459] systemd[1]: Finished Set console font and keymap.
[    2.712116] systemd[1]: Received SIGRTMIN+20 from PID 275 (plymouthd).
[    2.713125] systemd[1]: plymouth-read-write.service: Succeeded.
[    2.713369] systemd[1]: Finished Tell Plymouth To Write Out Runtime Data.
[    2.749628] audit: type=1400 audit(1768166841.600:2): apparmor="STATUS" operation="profile_load" profile="unconfined" name="nvidia_modprobe" pid=300 comm="apparmor_parser"
[    2.749630] audit: type=1400 audit(1768166841.600:3): apparmor="STATUS" operation="profile_load" profile="unconfined" name="nvidia_modprobe//kmod" pid=300 comm="apparmor_parser"
[    2.756812] audit: type=1400 audit(1768166841.608:4): apparmor="STATUS" operation="profile_load" profile="unconfined" name="/usr/sbin/tcpdump" pid=301 comm="apparmor_parser"
[    2.803516] audit: type=1400 audit(1768166841.644:5): apparmor="STATUS" operation="profile_load" profile="unconfined" name="/usr/bin/evince" pid=303 comm="apparmor_parser"
[    2.803518] audit: type=1400 audit(1768166841.644:6): apparmor="STATUS" operation="profile_load" profile="unconfined" name="/usr/bin/evince//sanitized_helper" pid=303 comm="apparmor_parser"
[    2.803522] audit: type=1400 audit(1768166841.644:7): apparmor="STATUS" operation="profile_load" profile="unconfined" name="/usr/bin/evince-previewer" pid=303 comm="apparmor_parser"
[    2.803524] audit: type=1400 audit(1768166841.644:8): apparmor="STATUS" operation="profile_load" profile="unconfined" name="/usr/bin/evince-previewer//sanitized_helper" pid=303 comm="apparmor_parser"
[    2.803527] audit: type=1400 audit(1768166841.644:9): apparmor="STATUS" operation="profile_load" profile="unconfined" name="/usr/bin/evince-thumbnailer" pid=303 comm="apparmor_parser"
[    2.819776] audit: type=1400 audit(1768166841.668:10): apparmor="STATUS" operation="profile_load" profile="unconfined" name="/usr/lib/cups/backend/cups-pdf" pid=304 comm="apparmor_parser"
[    2.928881] systemd[1]: Finished Load AppArmor profiles.
[    2.929849] systemd[1]: Starting Load AppArmor profiles managed internally by snapd...
[    2.994748] systemd[1]: Finished Load AppArmor profiles managed internally by snapd.
[    3.176968] systemd[1]: Started Journal Service.
[    3.184077] systemd-journald[229]: Received client request to flush runtime journal.
[    3.188841] systemd-journald[229]: File /var/log/journal/c455b248004a419c87ce85eea238d727/system.journal corrupted or uncleanly shut down, renaming and replacing.
[    4.416200] RAPL PMU: API unit is 2^-32 Joules, 0 fixed counters, 10737418240 ms ovfl timer
[    4.455222] cryptd: max_cpu_qlen set to 1000
[    4.496194] AVX2 version of gcm_enc/dec engaged.
[    4.496195] AES CTR mode by8 optimization enabled
[    5.372862] Adding 1998844k swap on /dev/sda1.  Priority:-2 extents:1 across:1998844k FS
[    6.268976] kauditd_printk_skb: 30 callbacks suppressed
[    6.268978] audit: type=1400 audit(1768166845.116:41): apparmor="DENIED" operation="capable" profile="/usr/sbin/cups-browsed" pid=492 comm="cups-browsed" capability=23  capname="sys_nice"
[    7.440053] pcnet32 0000:00:03.0 enp0s3: link up, 100Mbps, full-duplex
[    7.476450] e1000: enp0s8 NIC Link is Up 1000 Mbps Full Duplex, Flow Control: RX
[    7.476770] IPv6: ADDRCONF(NETDEV_CHANGE): enp0s8: link becomes ready
[    7.488369] e1000: enp0s9 NIC Link is Up 1000 Mbps Full Duplex, Flow Control: RX
[    7.488659] IPv6: ADDRCONF(NETDEV_CHANGE): enp0s9: link becomes ready
[    8.108337] device enp0s3 entered promiscuous mode
[    8.118634] audit: type=1400 audit(1768166846.960:42): apparmor="DENIED" operation="open" profile="/usr/sbin/tcpdump" name="/proc/sys/kernel/random/boot_id" pid=680 comm="tcpdump" requested_mask="r" denied_mask="r" fsuid=0 ouid=0
[    8.118976] audit: type=1400 audit(1768166846.960:43): apparmor="DENIED" operation="open" profile="/usr/sbin/tcpdump" name="/proc/sys/kernel/random/boot_id" pid=680 comm="tcpdump" requested_mask="r" denied_mask="r" fsuid=0 ouid=0
[    8.119150] audit: type=1400 audit(1768166846.960:44): apparmor="DENIED" operation="open" profile="/usr/sbin/tcpdump" name="/proc/sys/kernel/random/boot_id" pid=680 comm="tcpdump" requested_mask="r" denied_mask="r" fsuid=0 ouid=0
[    8.119221] audit: type=1400 audit(1768166846.960:45): apparmor="DENIED" operation="open" profile="/usr/sbin/tcpdump" name="/proc/sys/kernel/random/boot_id" pid=680 comm="tcpdump" requested_mask="r" denied_mask="r" fsuid=0 ouid=0
[    8.139897] audit: type=1400 audit(1768166846.988:46): apparmor="DENIED" operation="open" profile="/usr/sbin/tcpdump" name="/proc/sys/kernel/random/boot_id" pid=681 comm="tcpdump" requested_mask="r" denied_mask="r" fsuid=0 ouid=0
[    8.143211] audit: type=1400 audit(1768166846.992:47): apparmor="DENIED" operation="open" profile="/usr/sbin/tcpdump" name="/proc/sys/kernel/random/boot_id" pid=681 comm="tcpdump" requested_mask="r" denied_mask="r" fsuid=0 ouid=0
[    8.143298] audit: type=1400 audit(1768166846.992:48): apparmor="DENIED" operation="open" profile="/usr/sbin/tcpdump" name="/proc/sys/kernel/random/boot_id" pid=681 comm="tcpdump" requested_mask="r" denied_mask="r" fsuid=0 ouid=0
[    8.143414] audit: type=1400 audit(1768166846.992:49): apparmor="DENIED" operation="open" profile="/usr/sbin/tcpdump" name="/proc/sys/kernel/random/boot_id" pid=681 comm="tcpdump" requested_mask="r" denied_mask="r" fsuid=0 ouid=0
[   12.631536] rfkill: input handler disabled
[  207.407623] AAAAA-TCP_FORW: name:enp0s3: saddr:100932208: daddr:16783984
[  207.564301] AAAAA-TCP_FORW: name:enp0s3: saddr:100932208: daddr:33561200
[  207.681025] AAAAA-TCP_FORW: name:enp0s3: saddr:100932208: daddr:16783984
[  207.746041] AAAAA-TCP_FORW: name:enp0s3: saddr:100932208: daddr:33561200
[  207.790286] AAAAA-TCP_FORW: name:enp0s3: saddr:100932208: daddr:16783984
[  207.875903] AAAAA-TCP_FORW: name:enp0s3: saddr:33561200: daddr:100932208
[  207.901076] AAAAA-TCP_FORW: name:enp0s3: saddr:100932208: daddr:16783984
[  207.951051] AAAAA-TCP_FORW: name:enp0s3: saddr:16783984: daddr:100932208
[  208.016508] AAAAA-TCP_FORW: name:enp0s3: saddr:100932208: daddr:33561200
[  208.055816] AAAAA-TCP_FORW: name:enp0s3: saddr:33561200: daddr:100932208
[  208.130794] AAAAA-TCP_FORW: name:enp0s3: saddr:16783984: daddr:100932208
[  208.148912] AAAAA-TCP_FORW: name:enp0s3: saddr:100932208: daddr:16783984
[  208.231301] AAAAA-TCP_FORW: name:enp0s3: saddr:100932208: daddr:16783984
[  208.277723] AAAAA-TCP_FORW: name:enp0s3: saddr:100932208: daddr:16783984
[  208.324870] AAAAA-TCP_FORW: name:enp0s3: saddr:33561200: daddr:100932208
[  208.405190] AAAAA-TCP_FORW: name:enp0s3: saddr:100932208: daddr:33561200
[  208.429009] AAAAA-TCP_FORW: name:enp0s3: saddr:16783984: daddr:100932208
[  208.482298] AAAAA-TCP_FORW: name:enp0s3: saddr:100932208: daddr:16783984
[  208.501478] AAAAA-TCP_FORW: name:enp0s3: saddr:33561200: daddr:100932208
[  208.553674] AAAAA-TCP_FORW: name:enp0s3: saddr:100932208: daddr:16783984
[  208.619587] AAAAA-TCP_FORW: name:enp0s3: saddr:33561200: daddr:100932208
[  208.639380] AAAAA-TCP_FORW: name:enp0s3: saddr:100932208: daddr:33561200
[  208.696615] AAAAA-TCP_FORW: name:enp0s3: saddr:33561200: daddr:100932208
[  209.100417] AAAAA-TCP_FORW: name:enp0s3: saddr:16783984: daddr:100932208
[  209.241915] AAAAA-TCP_FORW: name:enp0s3: saddr:16783984: daddr:100932208
[  209.332414] AAAAA-TCP_FORW: name:enp0s3: saddr:16783984: daddr:100932208
[  209.544110] AAAAA-TCP_FORW: name:enp0s3: saddr:33561200: daddr:100932208
[  209.643109] AAAAA-TCP_FORW: name:enp0s3: saddr:33561200: daddr:100932208
[  209.700161] AAAAA-TCP_FORW: name:enp0s3: saddr:33561200: daddr:100932208
[  209.756865] AAAAA-TCP_FORW: name:enp0s3: saddr:33561200: daddr:100932208
[  209.809365] AAAAA-TCP_FORW: name:enp0s3: saddr:16783984: daddr:100932208
[  209.866164] AAAAA-TCP_FORW: name:enp0s3: saddr:100932208: daddr:33561200
[  209.877209] AAAAA-TCP_FORW: name:enp0s3: saddr:33561200: daddr:100932208
[  209.923495] AAAAA-TCP_FORW: name:enp0s3: saddr:33561200: daddr:100932208
[  210.084571] AAAAA-TCP_FORW: name:enp0s3: saddr:100932208: daddr:33561200
[  210.148730] AAAAA-TCP_FORW: name:enp0s3: saddr:16783984: daddr:100932208
[  210.299419] AAAAA-TCP_FORW: name:enp0s3: saddr:33561200: daddr:100932208
[  210.395019] AAAAA-TCP_FORW: name:enp0s3: saddr:33561200: daddr:100932208
[  210.541927] AAAAA-TCP_FORW: name:enp0s3: saddr:100932208: daddr:33561200
[  210.552199] AAAAA-TCP_FORW: name:enp0s3: saddr:33561200: daddr:100932208
[  210.686861] AAAAA-TCP_FORW: name:enp0s3: saddr:100932208: daddr:33561200
[  210.726421] AAAAA-TCP_FORW: name:enp0s3: saddr:100932208: daddr:33561200
[  210.815266] AAAAA-TCP_FORW: name:enp0s3: saddr:100932208: daddr:33561200
[  212.069327] AAAAA-TCP_FORW: name:enp0s3: saddr:33561200: daddr:100932208
[  212.131474] AAAAA-TCP_FORW: name:enp0s3: saddr:33561200: daddr:100932208
[  212.530098] AAAAA-TCP_FORW: name:enp0s3: saddr:33561200: daddr:100932208
[  276.428675] AAAAA-TCP_FORW: name:enp0s3: saddr:16783984: daddr:100932208
[  276.481833] AAAAA-TCP_FORW: name:enp0s3: saddr:16783984: daddr:100932208
[  560.613733] rfkill: input handler enabled
[  569.636669] rfkill: input handler disabled
[  993.588288] device enp0s3 left promiscuous mode
