[    0.000000] Linux version 5.4.243-mptcp (root@ztg) (gcc version 12.2.0 (Debian 12.2.0-14+deb12u1)) #53 SMP Wed Dec 24 23:28:15 CST 2025
[    0.000000] Command line: BOOT_IMAGE=/boot/vmlinuz-5.4.243-mptcp root=UUID=98415a12-53b7-4144-8265-0f7ece09e445 ro quiet splash
[    0.000000] KERNEL supported cpus:
[    0.000000]   Intel GenuineIntel
[    0.000000]   AMD AuthenticAMD
[    0.000000]   Hygon HygonGenuine
[    0.000000]   Centaur CentaurHauls
[    0.000000]   zhaoxin   Shanghai  
[    0.000000] x86/fpu: Supporting XSAVE feature 0x001: 'x87 floating point registers'
[    0.000000] x86/fpu: Supporting XSAVE feature 0x002: 'SSE registers'
[    0.000000] x86/fpu: Supporting XSAVE feature 0x004: 'AVX registers'
[    0.000000] x86/fpu: xstate_offset[2]:  576, xstate_sizes[2]:  256
[    0.000000] x86/fpu: Enabled xstate features 0x7, context size is 832 bytes, using 'standard' format.
[    0.000000] BIOS-provided physical RAM map:
[    0.000000] BIOS-e820: [mem 0x0000000000000000-0x000000000009fbff] usable
[    0.000000] BIOS-e820: [mem 0x000000000009fc00-0x000000000009ffff] reserved
[    0.000000] BIOS-e820: [mem 0x00000000000f0000-0x00000000000fffff] reserved
[    0.000000] BIOS-e820: [mem 0x0000000000100000-0x000000007ffeffff] usable
[    0.000000] BIOS-e820: [mem 0x000000007fff0000-0x000000007fffffff] ACPI data
[    0.000000] BIOS-e820: [mem 0x00000000fec00000-0x00000000fec00fff] reserved
[    0.000000] BIOS-e820: [mem 0x00000000fee00000-0x00000000fee00fff] reserved
[    0.000000] BIOS-e820: [mem 0x00000000fffc0000-0x00000000ffffffff] reserved
[    0.000000] NX (Execute Disable) protection: active
[    0.000000] SMBIOS 2.5 present.
[    0.000000] DMI: innotek GmbH VirtualBox/VirtualBox, BIOS VirtualBox 12/01/2006
[    0.000000] Hypervisor detected: KVM
[    0.000000] kvm-clock: Using msrs 4b564d01 and 4b564d00
[    0.000000] kvm-clock: cpu 0, msr 15001001, primary cpu clock
[    0.000000] kvm-clock: using sched offset of 4447010176 cycles
[    0.000003] clocksource: kvm-clock: mask: 0xffffffffffffffff max_cycles: 0x1cd42e4dffb, max_idle_ns: 881590591483 ns
[    0.000006] tsc: Detected 2100.000 MHz processor
[    0.001897] e820: update [mem 0x00000000-0x00000fff] usable ==> reserved
[    0.001899] e820: remove [mem 0x000a0000-0x000fffff] usable
[    0.001903] last_pfn = 0x7fff0 max_arch_pfn = 0x400000000
[    0.001970] MTRR default type: uncachable
[    0.001971] MTRR fixed ranges enabled:
[    0.001972]   00000-9FFFF write-back
[    0.001973]   A0000-BFFFF uncachable
[    0.001974]   C0000-FFFFF write-protect
[    0.001975] MTRR variable ranges enabled:
[    0.001976]   0 base 000000000000 mask 3FFF80000000 write-back
[    0.001977]   1 disabled
[    0.001977]   2 disabled
[    0.001978]   3 disabled
[    0.001978]   4 disabled
[    0.001978]   5 disabled
[    0.001979]   6 disabled
[    0.001979]   7 disabled
[    0.001980]   8 disabled
[    0.001980]   9 disabled
[    0.001981]   10 disabled
[    0.001981]   11 disabled
[    0.001981]   12 disabled
[    0.001982]   13 disabled
[    0.001982]   14 disabled
[    0.001983]   15 disabled
[    0.001998] x86/PAT: Configuration [0-7]: WB  WC  UC- UC  WB  WP  UC- WT  
[    0.002131] found SMP MP-table at [mem 0x0009fff0-0x0009ffff]
[    0.093125] check: Scanning 1 areas for low memory corruption
[    0.093344] RAMDISK: [mem 0x32271000-0x3512ffff]
[    0.093353] ACPI: Early table checksum verification disabled
[    0.093358] ACPI: RSDP 0x00000000000E0000 000024 (v02 VBOX  )
[    0.093363] ACPI: XSDT 0x000000007FFF0030 00003C (v01 VBOX   VBOXXSDT 00000001 ASL  00000061)
[    0.093370] ACPI: FACP 0x000000007FFF00F0 0000F4 (v04 VBOX   VBOXFACP 00000001 ASL  00000061)
[    0.093377] ACPI: DSDT 0x000000007FFF02E0 002353 (v02 VBOX   VBOXBIOS 00000002 VBOX 00029BF3)
[    0.093381] ACPI: FACS 0x000000007FFF0200 000040
[    0.093384] ACPI: FACS 0x000000007FFF0200 000040
[    0.093387] ACPI: APIC 0x000000007FFF0240 000054 (v02 VBOX   VBOXAPIC 00000001 ASL  00000061)
[    0.093391] ACPI: SSDT 0x000000007FFF02A0 000038 (v01 VBOX   VBOXCPUT 00000002 VBOX 00029BF3)
[    0.093394] ACPI: Reserving FACP table memory at [mem 0x7fff00f0-0x7fff01e3]
[    0.093395] ACPI: Reserving DSDT table memory at [mem 0x7fff02e0-0x7fff2632]
[    0.093396] ACPI: Reserving FACS table memory at [mem 0x7fff0200-0x7fff023f]
[    0.093396] ACPI: Reserving FACS table memory at [mem 0x7fff0200-0x7fff023f]
[    0.093397] ACPI: Reserving APIC table memory at [mem 0x7fff0240-0x7fff0293]
[    0.093398] ACPI: Reserving SSDT table memory at [mem 0x7fff02a0-0x7fff02d7]
[    0.093412] ACPI: Local APIC address 0xfee00000
[    0.093602] No NUMA configuration found
[    0.093603] Faking a node at [mem 0x0000000000000000-0x000000007ffeffff]
[    0.093613] NODE_DATA(0) allocated [mem 0x7ffc5000-0x7ffeffff]
[    0.093888] Zone ranges:
[    0.093889]   DMA      [mem 0x0000000000001000-0x0000000000ffffff]
[    0.093890]   DMA32    [mem 0x0000000001000000-0x000000007ffeffff]
[    0.093891]   Normal   empty
[    0.093892]   Device   empty
[    0.093892] Movable zone start for each node
[    0.093894] Early memory node ranges
[    0.093895]   node   0: [mem 0x0000000000001000-0x000000000009efff]
[    0.093896]   node   0: [mem 0x0000000000100000-0x000000007ffeffff]
[    0.093899] Zeroed struct page in unavailable ranges: 114 pages
[    0.093900] Initmem setup node 0 [mem 0x0000000000001000-0x000000007ffeffff]
[    0.093901] On node 0 totalpages: 524174
[    0.093902]   DMA zone: 64 pages used for memmap
[    0.093902]   DMA zone: 21 pages reserved
[    0.093903]   DMA zone: 3998 pages, LIFO batch:0
[    0.093973]   DMA32 zone: 8128 pages used for memmap
[    0.093974]   DMA32 zone: 520176 pages, LIFO batch:63
[    0.103108] ACPI: PM-Timer IO Port: 0x4008
[    0.103112] ACPI: Local APIC address 0xfee00000
[    0.103180] IOAPIC[0]: apic_id 1, version 32, address 0xfec00000, GSI 0-23
[    0.103183] ACPI: INT_SRC_OVR (bus 0 bus_irq 0 global_irq 2 dfl dfl)
[    0.103185] ACPI: INT_SRC_OVR (bus 0 bus_irq 9 global_irq 9 low level)
[    0.103187] ACPI: IRQ0 used by override.
[    0.103188] ACPI: IRQ9 used by override.
[    0.103191] Using ACPI (MADT) for SMP configuration information
[    0.103197] smpboot: Allowing 1 CPUs, 0 hotplug CPUs
[    0.103222] PM: Registered nosave memory: [mem 0x00000000-0x00000fff]
[    0.103223] PM: Registered nosave memory: [mem 0x0009f000-0x0009ffff]
[    0.103224] PM: Registered nosave memory: [mem 0x000a0000-0x000effff]
[    0.103224] PM: Registered nosave memory: [mem 0x000f0000-0x000fffff]
[    0.103226] [mem 0x80000000-0xfebfffff] available for PCI devices
[    0.103227] Booting paravirtualized kernel on KVM
[    0.103230] clocksource: refined-jiffies: mask: 0xffffffff max_cycles: 0xffffffff, max_idle_ns: 7645519600211568 ns
[    0.103235] setup_percpu: NR_CPUS:8192 nr_cpumask_bits:1 nr_cpu_ids:1 nr_node_ids:1
[    0.104295] percpu: Embedded 60 pages/cpu s208896 r8192 d28672 u2097152
[    0.104300] pcpu-alloc: s208896 r8192 d28672 u2097152 alloc=1*2097152
[    0.104302] pcpu-alloc: [0] 0 
[    0.104329] Built 1 zonelists, mobility grouping on.  Total pages: 515961
[    0.104330] Policy zone: DMA32
[    0.104331] Kernel command line: BOOT_IMAGE=/boot/vmlinuz-5.4.243-mptcp root=UUID=98415a12-53b7-4144-8265-0f7ece09e445 ro quiet splash
[    0.105180] Dentry cache hash table entries: 262144 (order: 9, 2097152 bytes, linear)
[    0.105328] Inode-cache hash table entries: 131072 (order: 8, 1048576 bytes, linear)
[    0.105379] mem auto-init: stack:off, heap alloc:on, heap free:off
[    0.105381] Calgary: detecting Calgary via BIOS EBDA area
[    0.105383] Calgary: Unable to locate Rio Grande table in EBDA - bailing!
[    0.109494] Memory: 1967332K/2096696K available (14339K kernel code, 2398K rwdata, 4712K rodata, 2728K init, 17260K bss, 129364K reserved, 0K cma-reserved)
[    0.110432] SLUB: HWalign=64, Order=0-3, MinObjects=0, CPUs=1, Nodes=1
[    0.110448] ftrace: allocating 43186 entries in 169 pages
[    0.128651] rcu: Hierarchical RCU implementation.
[    0.128652] rcu: 	RCU restricting CPUs from NR_CPUS=8192 to nr_cpu_ids=1.
[    0.128654] 	Tasks RCU enabled.
[    0.128655] rcu: RCU calculated value of scheduler-enlistment delay is 25 jiffies.
[    0.128656] rcu: Adjusting geometry for rcu_fanout_leaf=16, nr_cpu_ids=1
[    0.131623] NR_IRQS: 524544, nr_irqs: 256, preallocated irqs: 16
[    0.131839] random: crng init done
[    0.141209] Console: colour VGA+ 80x25
[    0.141214] printk: console [tty0] enabled
[    0.141233] ACPI: Core revision 20190816
[    0.141332] APIC: Switch to symmetric I/O mode setup
[    0.141583] x2apic enabled
[    0.141818] Switched APIC routing to physical x2apic.
[    0.143023] ..TIMER: vector=0x30 apic1=0 pin1=2 apic2=-1 pin2=-1
[    0.143047] clocksource: tsc-early: mask: 0xffffffffffffffff max_cycles: 0x1e4530a99b6, max_idle_ns: 440795257976 ns
[    0.143052] Calibrating delay loop (skipped) preset value.. 4200.00 BogoMIPS (lpj=8400000)
[    0.143055] pid_max: default: 32768 minimum: 301
[    0.143085] LSM: Security Framework initializing
[    0.143096] Yama: becoming mindful.
[    0.143127] AppArmor: AppArmor initialized
[    0.143162] Mount-cache hash table entries: 4096 (order: 3, 32768 bytes, linear)
[    0.143166] Mountpoint-cache hash table entries: 4096 (order: 3, 32768 bytes, linear)
[    0.143177] *** VALIDATE tmpfs ***
[    0.143306] *** VALIDATE proc ***
[    0.143347] *** VALIDATE cgroup1 ***
[    0.143348] *** VALIDATE cgroup2 ***
[    0.143490] process: using mwait in idle threads
[    0.143495] Last level iTLB entries: 4KB 64, 2MB 8, 4MB 8
[    0.143496] Last level dTLB entries: 4KB 64, 2MB 0, 4MB 0, 1GB 4
[    0.143516] Spectre V1 : Mitigation: usercopy/swapgs barriers and __user pointer sanitization
[    0.143522] Spectre V2 : Mitigation: Retpolines
[    0.143523] Spectre V2 : Spectre v2 / SpectreRSB mitigation: Filling RSB on context switch
[    0.143524] Spectre V2 : Spectre v2 / SpectreRSB : Filling RSB on VMEXIT
[    0.143524] RETBleed: WARNING: Spectre v2 mitigation leaves CPU vulnerable to RETBleed attacks, data leaks possible!
[    0.143878] RETBleed: Vulnerable
[    0.143879] Speculative Store Bypass: Vulnerable
[    0.143884] TAA: Mitigation: TSX disabled
[    0.143884] MMIO Stale Data: Mitigation: Clear CPU buffers
[    0.148221] Freeing SMP alternatives memory: 40K
[    0.260818] smpboot: CPU0: Intel(R) Xeon(R) Silver 4216 CPU @ 2.10GHz (family: 0x6, model: 0x55, stepping: 0x7)
[    0.260968] Performance Events: unsupported p6 CPU model 85 no PMU driver, software events only.
[    0.261007] rcu: Hierarchical SRCU implementation.
[    0.261489] NMI watchdog: Perf NMI watchdog permanently disabled
[    0.261528] smp: Bringing up secondary CPUs ...
[    0.261529] smp: Brought up 1 node, 1 CPU
[    0.261530] smpboot: Max logical packages: 1
[    0.261532] smpboot: Total of 1 processors activated (4200.00 BogoMIPS)
[    0.262520] devtmpfs: initialized
[    0.262569] x86/mm: Memory block size: 128MB
[    0.262924] clocksource: jiffies: mask: 0xffffffff max_cycles: 0xffffffff, max_idle_ns: 7645041785100000 ns
[    0.262930] futex hash table entries: 256 (order: 2, 16384 bytes, linear)
[    0.262974] pinctrl core: initialized pinctrl subsystem
[    0.263049] PM: RTC time: 16:05:41, date: 2026-01-13
[    0.263049] NET: Registered protocol family 16
[    0.263049] audit: initializing netlink subsys (disabled)
[    0.263049] EISA bus registered
[    0.263049] cpuidle: using governor ladder
[    0.263049] cpuidle: using governor menu
[    0.263049] ACPI: bus type PCI registered
[    0.263049] acpiphp: ACPI Hot Plug PCI Controller Driver version: 0.5
[    0.263049] PCI: Using configuration type 1 for base access
[    0.263536] audit: type=2000 audit(1768291547.328:1): state=initialized audit_enabled=0 res=1
[    0.263622] HugeTLB registered 2.00 MiB page size, pre-allocated 0 pages
[    0.264470] ACPI: Added _OSI(Module Device)
[    0.264471] ACPI: Added _OSI(Processor Device)
[    0.264471] ACPI: Added _OSI(3.0 _SCP Extensions)
[    0.264472] ACPI: Added _OSI(Processor Aggregator Device)
[    0.264473] ACPI: Added _OSI(Linux-Dell-Video)
[    0.264474] ACPI: Added _OSI(Linux-Lenovo-NV-HDMI-Audio)
[    0.264475] ACPI: Added _OSI(Linux-HPI-Hybrid-Graphics)
[    0.266443] ACPI: 2 ACPI AML tables successfully acquired and loaded
[    0.267958] ACPI: Interpreter enabled
[    0.267967] ACPI: (supports S0 S5)
[    0.267969] ACPI: Using IOAPIC for interrupt routing
[    0.268173] PCI: Using host bridge windows from ACPI; if necessary, use "pci=nocrs" and report a bug
[    0.268281] ACPI: Enabled 2 GPEs in block 00 to 07
[    0.273130] ACPI: PCI Root Bridge [PCI0] (domain 0000 [bus 00-ff])
[    0.273135] acpi PNP0A03:00: _OSC: OS supports [ASPM ClockPM Segments MSI HPX-Type3]
[    0.273578] acpi PNP0A03:00: _OSC: not requesting OS control; OS requires [ExtendedConfig ASPM ClockPM MSI]
[    0.273586] acpi PNP0A03:00: fail to add MMCONFIG information, can't access extended PCI configuration space under this bridge.
[    0.273959] PCI host bridge to bus 0000:00
[    0.273961] pci_bus 0000:00: root bus resource [io  0x0000-0x0cf7 window]
[    0.273963] pci_bus 0000:00: root bus resource [io  0x0d00-0xffff window]
[    0.273964] pci_bus 0000:00: root bus resource [mem 0x000a0000-0x000bffff window]
[    0.273965] pci_bus 0000:00: root bus resource [mem 0x80000000-0xfdffffff window]
[    0.273966] pci_bus 0000:00: root bus resource [bus 00-ff]
[    0.274008] pci 0000:00:00.0: [8086:1237] type 00 class 0x060000
[    0.275125] pci 0000:00:01.0: [8086:7000] type 00 class 0x060100
[    0.275879] pci 0000:00:01.1: [8086:7111] type 00 class 0x01018a
[    0.276259] pci 0000:00:01.1: reg 0x20: [io  0xd000-0xd00f]
[    0.276415] pci 0000:00:01.1: legacy IDE quirk: reg 0x10: [io  0x01f0-0x01f7]
[    0.276416] pci 0000:00:01.1: legacy IDE quirk: reg 0x14: [io  0x03f6]
[    0.276417] pci 0000:00:01.1: legacy IDE quirk: reg 0x18: [io  0x0170-0x0177]
[    0.276418] pci 0000:00:01.1: legacy IDE quirk: reg 0x1c: [io  0x0376]
[    0.276968] pci 0000:00:02.0: [15ad:0405] type 00 class 0x030000
[    0.279126] pci 0000:00:02.0: reg 0x10: [io  0xd010-0xd01f]
[    0.283095] pci 0000:00:02.0: reg 0x14: [mem 0xe0000000-0xe7ffffff pref]
[    0.285697] pci 0000:00:02.0: reg 0x18: [mem 0xf0000000-0xf01fffff]
[    0.295853] pci 0000:00:03.0: [1022:2000] type 00 class 0x020000
[    0.296584] pci 0000:00:03.0: reg 0x10: [io  0xd020-0xd03f]
[    0.297278] pci 0000:00:03.0: reg 0x14: [mem 0xf0200000-0xf0200fff]
[    0.301624] pci 0000:00:04.0: [80ee:cafe] type 00 class 0x088000
[    0.302315] pci 0000:00:04.0: reg 0x10: [io  0xd040-0xd05f]
[    0.302987] pci 0000:00:04.0: reg 0x14: [mem 0xf0400000-0xf07fffff]
[    0.303725] pci 0000:00:04.0: reg 0x18: [mem 0xf0800000-0xf0803fff pref]
[    0.307098] pci 0000:00:07.0: [8086:7113] type 00 class 0x068000
[    0.307672] pci 0000:00:07.0: quirk: [io  0x4000-0x403f] claimed by PIIX4 ACPI
[    0.307685] pci 0000:00:07.0: quirk: [io  0x4100-0x410f] claimed by PIIX4 SMB
[    0.308315] pci 0000:00:08.0: [8086:100e] type 00 class 0x020000
[    0.309042] pci 0000:00:08.0: reg 0x10: [mem 0xf0820000-0xf083ffff]
[    0.310206] pci 0000:00:08.0: reg 0x18: [io  0xd060-0xd067]
[    0.313275] pci 0000:00:09.0: [8086:100e] type 00 class 0x020000
[    0.313984] pci 0000:00:09.0: reg 0x10: [mem 0xf0840000-0xf085ffff]
[    0.315727] pci 0000:00:09.0: reg 0x18: [io  0xd068-0xd06f]
[    0.324350] ACPI: PCI Interrupt Link [LNKA] (IRQs 5 9 10 *11)
[    0.327295] ACPI: PCI Interrupt Link [LNKB] (IRQs 5 9 *10 11)
[    0.327400] ACPI: PCI Interrupt Link [LNKC] (IRQs 5 *9 10 11)
[    0.327500] ACPI: PCI Interrupt Link [LNKD] (IRQs 5 9 10 *11)
[    0.327774] iommu: Default domain type: Translated 
[    0.327845] pci 0000:00:02.0: vgaarb: setting as boot VGA device
[    0.327848] pci 0000:00:02.0: vgaarb: VGA device added: decodes=io+mem,owns=io+mem,locks=none
[    0.327850] pci 0000:00:02.0: vgaarb: bridge control possible
[    0.327851] vgaarb: loaded
[    0.328100] SCSI subsystem initialized
[    0.328145] libata version 3.00 loaded.
[    0.328174] ACPI: bus type USB registered
[    0.328195] usbcore: registered new interface driver usbfs
[    0.328203] usbcore: registered new interface driver hub
[    0.328210] usbcore: registered new device driver usb
[    0.328244] pps_core: LinuxPPS API ver. 1 registered
[    0.328244] pps_core: Software ver. 5.3.6 - Copyright 2005-2007 Rodolfo Giometti <giometti@linux.it>
[    0.328246] PTP clock support registered
[    0.328285] EDAC MC: Ver: 3.0.0
[    0.328638] PCI: Using ACPI for IRQ routing
[    0.328640] PCI: pci_cache_line_size set to 64 bytes
[    0.328811] e820: reserve RAM buffer [mem 0x0009fc00-0x0009ffff]
[    0.328815] e820: reserve RAM buffer [mem 0x7fff0000-0x7fffffff]
[    0.329642] NetLabel: Initializing
[    0.329643] NetLabel:  domain hash size = 128
[    0.329643] NetLabel:  protocols = UNLABELED CIPSOv4 CALIPSO
[    0.329664] NetLabel:  unlabeled traffic allowed by default
[    0.330583] clocksource: Switched to clocksource kvm-clock
[    0.342005] *** VALIDATE bpf ***
[    0.342070] VFS: Disk quotas dquot_6.6.0
[    0.342083] VFS: Dquot-cache hash table entries: 512 (order 0, 4096 bytes)
[    0.342106] *** VALIDATE ramfs ***
[    0.342109] *** VALIDATE hugetlbfs ***
[    0.342194] AppArmor: AppArmor Filesystem Enabled
[    0.342222] pnp: PnP ACPI init
[    0.342295] pnp 00:00: Plug and Play ACPI device, IDs PNP0303 (active)
[    0.342365] pnp 00:01: Plug and Play ACPI device, IDs PNP0f03 (active)
[    0.343147] pnp: PnP ACPI: found 2 devices
[    0.344191] thermal_sys: Registered thermal governor 'fair_share'
[    0.344192] thermal_sys: Registered thermal governor 'bang_bang'
[    0.344192] thermal_sys: Registered thermal governor 'step_wise'
[    0.344193] thermal_sys: Registered thermal governor 'user_space'
[    0.344194] thermal_sys: Registered thermal governor 'power_allocator'
[    0.348747] clocksource: acpi_pm: mask: 0xffffff max_cycles: 0xffffff, max_idle_ns: 2085701024 ns
[    0.348790] pci_bus 0000:00: resource 4 [io  0x0000-0x0cf7 window]
[    0.348792] pci_bus 0000:00: resource 5 [io  0x0d00-0xffff window]
[    0.348793] pci_bus 0000:00: resource 6 [mem 0x000a0000-0x000bffff window]
[    0.348794] pci_bus 0000:00: resource 7 [mem 0x80000000-0xfdffffff window]
[    0.348855] NET: Registered protocol family 2
[    0.348932] IP idents hash table entries: 32768 (order: 6, 262144 bytes, linear)
[    0.349340] MPTCP tokens hash table entries: 8192 (order: 4, 65536 bytes, linear)
[    0.349360] MPTCP request tokens hash table entries: 8192 (order: 4, 65536 bytes, linear)
[    0.349391] default registered
[    0.349392] default registered
[    0.349392] MPTCP: Stable release v0.96
[    0.349399] tcp_listen_portaddr_hash hash table entries: 1024 (order: 2, 16384 bytes, linear)
[    0.349481] TCP established hash table entries: 16384 (order: 5, 131072 bytes, linear)
[    0.349562] TCP bind hash table entries: 16384 (order: 6, 262144 bytes, linear)
[    0.349588] TCP: Hash tables configured (established 16384 bind 16384)
[    0.350286] UDP hash table entries: 1024 (order: 3, 32768 bytes, linear)
[    0.350297] UDP-Lite hash table entries: 1024 (order: 3, 32768 bytes, linear)
[    0.350335] NET: Registered protocol family 1
[    0.350343] NET: Registered protocol family 44
[    0.350367] pci 0000:00:00.0: Limiting direct PCI/PCI transfers
[    0.350380] pci 0000:00:01.0: Activating ISA DMA hang workarounds
[    0.350434] pci 0000:00:02.0: Video device with shadowed ROM at [mem 0x000c0000-0x000dffff]
[    0.350500] PCI: CLS 0 bytes, default 64
[    0.350549] Trying to unpack rootfs image as initramfs...
[    0.519703] Freeing initrd memory: 47868K
[    0.519703] clocksource: tsc: mask: 0xffffffffffffffff max_cycles: 0x1e4530a99b6, max_idle_ns: 440795257976 ns
[    0.519703] clocksource: Switched to clocksource tsc
[    0.519703] platform rtc_cmos: registered platform RTC device (no PNP device found)
[    0.519703] check: Scanning for low memory corruption every 60 seconds
[    0.519703] Initialise system trusted keyrings
[    0.519703] Key type blacklist registered
[    0.519703] workingset: timestamp_bits=36 max_order=19 bucket_order=0
[    0.519703] zbud: loaded
[    0.519703] squashfs: version 4.0 (2009/01/31) Phillip Lougher
[    0.519703] fuse: init (API version 7.31)
[    0.519703] *** VALIDATE fuse ***
[    0.519703] *** VALIDATE fuse ***
[    0.519703] Platform Keyring initialized
[    0.534784] Key type asymmetric registered
[    0.534786] Asymmetric key parser 'x509' registered
[    0.534797] Block layer SCSI generic (bsg) driver version 0.4 loaded (major 244)
[    0.534835] io scheduler mq-deadline registered
[    0.534962] shpchp: Standard Hot Plug PCI Controller Driver version: 0.4
[    0.535170] ACPI: AC Adapter [AC] (on-line)
[    0.535214] input: Power Button as /devices/LNXSYSTM:00/LNXPWRBN:00/input/input0
[    0.535243] ACPI: Power Button [PWRF]
[    0.535324] input: Sleep Button as /devices/LNXSYSTM:00/LNXSLPBN:00/input/input1
[    0.535338] ACPI: Sleep Button [SLPF]
[    0.535573] Serial: 8250/16550 driver, 32 ports, IRQ sharing enabled
[    0.536732] Linux agpgart interface v0.103
[    0.627250] loop: module loaded
[    0.627394] ata_piix 0000:00:01.1: version 2.13
[    0.627795] scsi host0: ata_piix
[    0.627886] scsi host1: ata_piix
[    0.627912] ata1: PATA max UDMA/33 cmd 0x1f0 ctl 0x3f6 bmdma 0xd000 irq 14
[    0.627913] ata2: PATA max UDMA/33 cmd 0x170 ctl 0x376 bmdma 0xd008 irq 15
[    0.627995] tun: Universal TUN/TAP device driver, 1.6
[    0.628301] PPP generic driver version 2.4.2
[    0.628342] VFIO - User Level meta-driver version: 0.3
[    0.628578] ehci_hcd: USB 2.0 'Enhanced' Host Controller (EHCI) Driver
[    0.628582] ehci-pci: EHCI PCI platform driver
[    0.628597] ehci-platform: EHCI generic platform driver
[    0.628602] ohci_hcd: USB 1.1 'Open' Host Controller (OHCI) Driver
[    0.628604] ohci-pci: OHCI PCI platform driver
[    0.628612] ohci-platform: OHCI generic platform driver
[    0.628616] uhci_hcd: USB Universal Host Controller Interface driver
[    0.628682] i8042: PNP: PS/2 Controller [PNP0303:PS2K,PNP0f03:PS2M] at 0x60,0x64 irq 1,12
[    0.629120] serio: i8042 KBD port at 0x60,0x64 irq 1
[    0.629124] serio: i8042 AUX port at 0x60,0x64 irq 12
[    0.629209] mousedev: PS/2 mouse device common for all mice
[    0.629458] input: AT Translated Set 2 keyboard as /devices/platform/i8042/serio0/input/input2
[    0.629860] rtc_cmos rtc_cmos: registered as rtc0
[    0.629873] rtc_cmos rtc_cmos: alarms up to one day, 114 bytes nvram
[    0.629878] i2c /dev entries driver
[    0.629920] device-mapper: uevent: version 1.0.3
[    0.629963] device-mapper: ioctl: 4.41.0-ioctl (2019-09-16) initialised: dm-devel@redhat.com
[    0.629979] platform eisa.0: Probing EISA bus 0
[    0.629980] platform eisa.0: EISA: Cannot allocate resource for mainboard
[    0.629982] platform eisa.0: Cannot allocate resource for EISA slot 1
[    0.629983] platform eisa.0: Cannot allocate resource for EISA slot 2
[    0.629984] platform eisa.0: Cannot allocate resource for EISA slot 3
[    0.629985] platform eisa.0: Cannot allocate resource for EISA slot 4
[    0.629986] platform eisa.0: Cannot allocate resource for EISA slot 5
[    0.629987] platform eisa.0: Cannot allocate resource for EISA slot 6
[    0.629987] platform eisa.0: Cannot allocate resource for EISA slot 7
[    0.629988] platform eisa.0: Cannot allocate resource for EISA slot 8
[    0.629989] platform eisa.0: EISA: Detected 0 cards
[    0.629992] intel_pstate: CPU model not supported
[    0.630000] ledtrig-cpu: registered to indicate activity on CPUs
[    0.630055] drop_monitor: Initializing network drop monitor service
[    0.630215] NET: Registered protocol family 10
[    0.635311] Segment Routing with IPv6
[    0.635346] fullmesh registered
[    0.635347] ndiffports registered
[    0.635350] binder registered
[    0.635351] roundrobin registered
[    0.635352] redundant registered
[    0.635353] blest registered
[    0.635353] ecf registered
[    0.635355] NET: Registered protocol family 17
[    0.635365] Key type dns_resolver registered
[    0.635365] RAS: Correctable Errors collector initialized.
[    0.635365] IPI shorthand broadcast: enabled
[    0.635365] sched_clock: Marking stable (620146611, 11219360)->(634475411, -3109440)
[    0.635574] registered taskstats version 1
[    0.635583] Loading compiled-in X.509 certificates
[    0.636174] Loaded X.509 cert 'Build time autogenerated kernel key: 6909f3744cebb3d0de528d5887b96a727de79b1e'
[    0.636193] zswap: loaded using pool lzo/zbud
[    0.636247] Key type ._fscrypt registered
[    0.636248] Key type .fscrypt registered
[    0.640776] Key type big_key registered
[    0.642974] Key type encrypted registered
[    0.642977] AppArmor: AppArmor sha1 policy hashing enabled
[    0.642984] ima: No TPM chip found, activating TPM-bypass!
[    0.642988] ima: Allocated hash algorithm: sha1
[    0.642994] ima: No architecture policies found
[    0.643004] evm: Initialising EVM extended attributes:
[    0.643004] evm: security.selinux
[    0.643005] evm: security.SMACK64
[    0.643005] evm: security.SMACK64EXEC
[    0.643006] evm: security.SMACK64TRANSMUTE
[    0.643006] evm: security.SMACK64MMAP
[    0.643006] evm: security.apparmor
[    0.643007] evm: security.ima
[    0.643007] evm: security.capability
[    0.643008] evm: HMAC attrs: 0x1
[    0.643302] PM:   Magic number: 10:156:85
[    0.643415] rtc_cmos rtc_cmos: setting system clock to 2026-01-13T16:05:42 UTC (1768320342)
[    0.799220] ata1.00: ATA-6: VBOX HARDDISK, 1.0, max UDMA/133
[    0.799223] ata1.00: 209715200 sectors, multi 128: LBA 
[    0.799734] scsi 0:0:0:0: Direct-Access     ATA      VBOX HARDDISK    1.0  PQ: 0 ANSI: 5
[    0.799963] sd 0:0:0:0: [sda] 209715200 512-byte logical blocks: (107 GB/100 GiB)
[    0.799973] sd 0:0:0:0: [sda] Write Protect is off
[    0.799975] sd 0:0:0:0: [sda] Mode Sense: 00 3a 00 00
[    0.799990] sd 0:0:0:0: [sda] Write cache: enabled, read cache: enabled, doesn't support DPO or FUA
[    0.800238] sd 0:0:0:0: Attached scsi generic sg0 type 0
[    0.801077]  sda: sda1 sda2
[    0.811407] sd 0:0:0:0: [sda] Attached SCSI disk
[    0.813490] Freeing unused decrypted memory: 2040K
[    0.814270] Freeing unused kernel image memory: 2728K
[    0.814272] Write protecting the kernel read-only data: 22528k
[    0.815060] Freeing unused kernel image memory: 2036K
[    0.815521] Freeing unused kernel image memory: 1432K
[    0.829971] x86/mm: Checked W+X mappings: passed, no W+X pages found.
[    0.829976] Run /init as init process
[    0.936732] ACPI: Video Device [GFX0] (multi-head: yes  rom: no  post: no)
[    0.936805] input: Video Bus as /devices/LNXSYSTM:00/LNXSYBUS:00/PNP0A03:00/LNXVIDEO:00/input/input4
[    0.949614] pcnet32: pcnet32.c:v1.35 21.Apr.2008 tsbogend@alpha.franken.de
[    0.950553] pcnet32: PCnet/FAST III 79C973 at 0xd020, 08:00:27:1c:ae:4d assigned IRQ 19
[    0.950595] pcnet32: Found PHY 0022:561b at address 0
[    0.950898] pcnet32: eth0: registered as PCnet/FAST III 79C973
[    0.952953] piix4_smbus 0000:00:07.0: SMBus Host Controller at 0x4100, revision 0
[    0.953317] pcnet32: 1 cards_found
[    0.957054] e1000: Intel(R) PRO/1000 Network Driver - version 7.3.21-k8-NAPI
[    0.957055] e1000: Copyright (c) 1999-2006 Intel Corporation.
[    1.024892] pcnet32 0000:00:03.0 enp0s3: renamed from eth0
[    1.168951] input: ImExPS/2 Generic Explorer Mouse as /devices/platform/i8042/serio1/input/input5
[    1.363556] e1000 0000:00:08.0 eth0: (PCI:33MHz:32-bit) 08:00:27:6c:a2:21
[    1.363561] e1000 0000:00:08.0 eth0: Intel(R) PRO/1000 Network Connection
[    1.739569] e1000 0000:00:09.0 eth1: (PCI:33MHz:32-bit) 08:00:27:2b:3c:c6
[    1.739597] e1000 0000:00:09.0 eth1: Intel(R) PRO/1000 Network Connection
[    1.740746] e1000 0000:00:09.0 enp0s9: renamed from eth1
[    1.742791] e1000 0000:00:08.0 enp0s8: renamed from eth0
[    1.922820] EXT4-fs (sda2): mounted filesystem with ordered data mode. Opts: (null)
[    2.008707] systemd[1]: Inserted module 'autofs4'
[    2.018886] systemd[1]: systemd 245.4-4ubuntu3 running in system mode. (+PAM +AUDIT +SELINUX +IMA +APPARMOR +SMACK +SYSVINIT +UTMP +LIBCRYPTSETUP +GCRYPT +GNUTLS +ACL +XZ +LZ4 +SECCOMP +BLKID +ELFUTILS +KMOD +IDN2 -IDN +PCRE2 default-hierarchy=hybrid)
[    2.018917] systemd[1]: Detected virtualization oracle.
[    2.018920] systemd[1]: Detected architecture x86-64.
[    2.020269] systemd[1]: Set hostname to <ztg>.
[    2.143040] systemd[1]: /lib/systemd/system/dbus.socket:5: ListenStream= references a path below legacy directory /var/run/, updating /var/run/dbus/system_bus_socket â†’ /run/dbus/system_bus_socket; please update the unit file accordingly.
[    2.194365] systemd[1]: Created slice system-modprobe.slice.
[    2.194548] systemd[1]: Created slice User and Session Slice.
[    2.194593] systemd[1]: Started Forward Password Requests to Wall Directory Watch.
[    2.194762] systemd[1]: Set up automount Arbitrary Executable File Formats File System Automount Point.
[    2.194794] systemd[1]: Reached target User and Group Name Lookups.
[    2.194803] systemd[1]: Reached target Remote File Systems.
[    2.194810] systemd[1]: Reached target Slices.
[    2.195476] systemd[1]: Listening on Syslog Socket.
[    2.195544] systemd[1]: Listening on fsck to fsckd communication Socket.
[    2.195583] systemd[1]: Listening on initctl Compatibility Named Pipe.
[    2.195717] systemd[1]: Listening on Journal Audit Socket.
[    2.195768] systemd[1]: Listening on Journal Socket (/dev/log).
[    2.195837] systemd[1]: Listening on Journal Socket.
[    2.195900] systemd[1]: Listening on udev Control Socket.
[    2.195940] systemd[1]: Listening on udev Kernel Socket.
[    2.196683] systemd[1]: Mounting Huge Pages File System...
[    2.197599] systemd[1]: Mounting POSIX Message Queue File System...
[    2.198473] systemd[1]: Mounting Kernel Debug File System...
[    2.199329] systemd[1]: Mounting Kernel Trace File System...
[    2.201267] systemd[1]: Starting Journal Service...
[    2.226532] systemd[1]: Starting Set the console keyboard layout...
[    2.234512] systemd[1]: Starting Create list of static device nodes for the current kernel...
[    2.236696] systemd[1]: Starting Load Kernel Module drm...
[    2.237929] systemd[1]: Condition check resulted in Set Up Additional Binary Formats being skipped.
[    2.237975] systemd[1]: Condition check resulted in File System Check on Root Device being skipped.
[    2.248361] systemd[1]: Starting Load Kernel Modules...
[    2.257179] systemd[1]: Starting Remount Root and Kernel File Systems...
[    2.274880] systemd[1]: Starting udev Coldplug all Devices...
[    2.277186] systemd[1]: Starting Uncomplicated firewall...
[    2.278790] systemd[1]: Mounted Huge Pages File System.
[    2.278885] systemd[1]: Mounted POSIX Message Queue File System.
[    2.278961] systemd[1]: Mounted Kernel Debug File System.
[    2.279029] systemd[1]: Mounted Kernel Trace File System.
[    2.297461] EXT4-fs (sda2): re-mounted. Opts: errors=remount-ro
[    2.302155] systemd[1]: Finished Create list of static device nodes for the current kernel.
[    2.303522] systemd[1]: modprobe@drm.service: Succeeded.
[    2.318756] systemd[1]: Finished Load Kernel Module drm.
[    2.319459] systemd[1]: Finished Remount Root and Kernel File Systems.
[    2.320606] systemd[1]: Finished Uncomplicated firewall.
[    2.330317] systemd[1]: Condition check resulted in Rebuild Hardware Database being skipped.
[    2.330354] systemd[1]: Condition check resulted in Platform Persistent Storage Archival being skipped.
[    2.332044] lp: driver loaded but no devices found
[    2.334012] systemd[1]: Starting Load/Save Random Seed...
[    2.340497] systemd[1]: Starting Create System Users...
[    2.346706] ppdev: user-space parallel port driver
[    2.352328] systemd[1]: Finished Load/Save Random Seed.
[    2.355967] systemd[1]: Finished Create System Users.
[    2.356659] systemd[1]: Starting Create Static Device Nodes in /dev...
[    2.386077] systemd[1]: Finished Create Static Device Nodes in /dev.
[    2.386857] systemd[1]: Starting udev Kernel Device Manager...
[    2.435303] systemd[1]: Finished udev Coldplug all Devices.
[    2.444704] [drm] DMA map mode: Caching DMA mappings.
[    2.444767] [drm] Capabilities:
[    2.444767] [drm]   Rect copy.
[    2.444767] [drm]   Cursor.
[    2.444768] [drm]   Cursor bypass.
[    2.444768] [drm]   Cursor bypass 2.
[    2.444769] [drm]   Alpha cursor.
[    2.444769] [drm]   Extended Fifo.
[    2.444769] [drm]   Pitchlock.
[    2.444770] [drm]   Irq mask.
[    2.444770] [drm]   GMR.
[    2.444770] [drm]   Traces.
[    2.444771] [drm]   GMR2.
[    2.444771] [drm]   Screen Object 2.
[    2.444771] [drm]   Command Buffers.
[    2.444772] [drm]   Command Buffers 2.
[    2.444772] [drm]   Guest Backed Resources.
[    2.444773] [drm] Max GMR ids is 8192
[    2.444774] [drm] Max number of GMR pages is 1048576
[    2.444774] [drm] Max dedicated hypervisor surface memory is 393216 kiB
[    2.444775] [drm] Maximum display memory size is 131072 kiB
[    2.444776] [drm] VRAM at 0xe0000000 size is 131072 kiB
[    2.444776] [drm] MMIO at 0xf0000000 size is 2048 kiB
[    2.445604] [TTM] Zone  kernel: Available graphics memory: 1011738 KiB
[    2.445605] [TTM] Initializing pool allocator
[    2.445608] [TTM] Initializing DMA pool allocator
[    2.445636] [drm] Supports vblank timestamp caching Rev 2 (21.10.2013).
[    2.445636] [drm] No driver support for vblank timestamp query.
[    2.445861] [drm] Screen Target Display device initialized
[    2.446089] [drm] width 720
[    2.446098] [drm] height 400
[    2.446101] [drm] bpp 32
[    2.446610] [drm] Fifo max 0x00200000 min 0x00001000 cap 0x00000355
[    2.447696] [drm] Using command buffers with DMA pool.
[    2.447700] [drm] DX: no.
[    2.447700] [drm] Atomic: yes.
[    2.447701] [drm] SM4_1: no.
[    2.447720] [drm:vmw_host_log [vmwgfx]] *ERROR* Failed to send host log message.
[    2.448981] [drm:vmw_host_log [vmwgfx]] *ERROR* Failed to send host log message.
[    2.463466] fbcon: svgadrmfb (fb0) is primary device
[    2.465607] Console: switching to colour frame buffer device 100x37
[    2.475788] [drm] Initialized vmwgfx 2.15.0 20180704 for 0000:00:02.0 on minor 0
[    2.477202] systemd[1]: Finished Load Kernel Modules.
[    2.478145] systemd[1]: Mounting FUSE Control File System...
[    2.479738] systemd[1]: Mounting Kernel Configuration File System...
[    2.497780] systemd[1]: Starting Apply Kernel Variables...
[    2.505054] systemd[1]: Mounted FUSE Control File System.
[    2.505119] systemd[1]: Condition check resulted in VMware vmblock fuse mount being skipped.
[    2.508751] systemd[1]: Mounted Kernel Configuration File System.
[    2.533270] systemd[1]: Finished Set the console keyboard layout.
[    2.533356] systemd[1]: Reached target Local File Systems (Pre).
[    2.535510] systemd[1]: Mounting Mount unit for bare, revision 5...
[    2.543702] systemd[1]: Mounting Mount unit for core18, revision 1705...
[    2.544791] systemd[1]: Mounting Mount unit for gnome-3-34-1804, revision 24...
[    2.546379] systemd[1]: Mounting Mount unit for gtk-common-themes, revision 1506...
[    2.554264] systemd[1]: Mounting Mount unit for gtk-common-themes, revision 1535...
[    2.567561] systemd[1]: Mounting Mount unit for snap-store, revision 433...
[    2.578508] systemd[1]: Mounting Mount unit for snapd, revision 25935...
[    2.596831] systemd[1]: Finished Apply Kernel Variables.
[    2.598189] systemd[1]: Mounted Mount unit for bare, revision 5.
[    2.598284] systemd[1]: Mounted Mount unit for core18, revision 1705.
[    2.625501] systemd[1]: Mounted Mount unit for gnome-3-34-1804, revision 24.
[    2.631791] systemd[1]: Started udev Kernel Device Manager.
[    2.632513] systemd[1]: Starting Show Plymouth Boot Screen...
[    2.636013] systemd[1]: Mounted Mount unit for gtk-common-themes, revision 1506.
[    2.636918] systemd[1]: Received SIGRTMIN+20 from PID 272 (plymouthd).
[    2.656274] systemd[1]: Started Show Plymouth Boot Screen.
[    2.656426] systemd[1]: Condition check resulted in Dispatch Password Requests to Console Directory Watch being skipped.
[    2.656525] systemd[1]: Started Forward Password Requests to Plymouth Directory Watch.
[    2.656559] systemd[1]: Reached target Local Encrypted Volumes.
[    2.711086] systemd[1]: Mounted Mount unit for gtk-common-themes, revision 1535.
[    2.711349] systemd[1]: Mounted Mount unit for snap-store, revision 433.
[    2.711528] systemd[1]: Mounted Mount unit for snapd, revision 25935.
[    2.711676] systemd[1]: Reached target Local File Systems.
[    2.725971] systemd[1]: Starting Load AppArmor profiles...
[    2.729275] systemd[1]: Starting Set console font and keymap...
[    2.738146] systemd[1]: Starting Tell Plymouth To Write Out Runtime Data...
[    2.742337] systemd[1]: Condition check resulted in Store a System Token in an EFI Variable being skipped.
[    2.742389] systemd[1]: Condition check resulted in Commit a transient machine-id on disk being skipped.
[    2.746072] systemd[1]: Finished Set console font and keymap.
[    2.754778] systemd[1]: Received SIGRTMIN+20 from PID 272 (plymouthd).
[    2.755897] systemd[1]: plymouth-read-write.service: Succeeded.
[    2.756124] systemd[1]: Finished Tell Plymouth To Write Out Runtime Data.
[    2.790434] audit: type=1400 audit(1768320344.640:2): apparmor="STATUS" operation="profile_load" profile="unconfined" name="nvidia_modprobe" pid=300 comm="apparmor_parser"
[    2.790437] audit: type=1400 audit(1768320344.640:3): apparmor="STATUS" operation="profile_load" profile="unconfined" name="nvidia_modprobe//kmod" pid=300 comm="apparmor_parser"
[    2.796846] audit: type=1400 audit(1768320344.648:4): apparmor="STATUS" operation="profile_load" profile="unconfined" name="/usr/sbin/tcpdump" pid=301 comm="apparmor_parser"
[    2.840201] audit: type=1400 audit(1768320344.688:5): apparmor="STATUS" operation="profile_load" profile="unconfined" name="/usr/bin/evince" pid=303 comm="apparmor_parser"
[    2.840205] audit: type=1400 audit(1768320344.688:6): apparmor="STATUS" operation="profile_load" profile="unconfined" name="/usr/bin/evince//sanitized_helper" pid=303 comm="apparmor_parser"
[    2.840206] audit: type=1400 audit(1768320344.688:7): apparmor="STATUS" operation="profile_load" profile="unconfined" name="/usr/bin/evince-previewer" pid=303 comm="apparmor_parser"
[    2.840208] audit: type=1400 audit(1768320344.688:8): apparmor="STATUS" operation="profile_load" profile="unconfined" name="/usr/bin/evince-previewer//sanitized_helper" pid=303 comm="apparmor_parser"
[    2.840210] audit: type=1400 audit(1768320344.688:9): apparmor="STATUS" operation="profile_load" profile="unconfined" name="/usr/bin/evince-thumbnailer" pid=303 comm="apparmor_parser"
[    2.852833] audit: type=1400 audit(1768320344.708:10): apparmor="STATUS" operation="profile_load" profile="unconfined" name="/usr/lib/cups/backend/cups-pdf" pid=304 comm="apparmor_parser"
[    2.937332] systemd[1]: Finished Load AppArmor profiles.
[    2.938338] systemd[1]: Starting Load AppArmor profiles managed internally by snapd...
[    3.042118] systemd[1]: Finished Load AppArmor profiles managed internally by snapd.
[    3.202603] systemd[1]: Started Journal Service.
[    3.210382] systemd-journald[229]: Received client request to flush runtime journal.
[    3.214697] systemd-journald[229]: File /var/log/journal/c455b248004a419c87ce85eea238d727/system.journal corrupted or uncleanly shut down, renaming and replacing.
[    4.508775] RAPL PMU: API unit is 2^-32 Joules, 0 fixed counters, 10737418240 ms ovfl timer
[    4.581531] cryptd: max_cpu_qlen set to 1000
[    4.642811] AVX2 version of gcm_enc/dec engaged.
[    4.642813] AES CTR mode by8 optimization enabled
[    6.436920] Adding 1998844k swap on /dev/sda1.  Priority:-2 extents:1 across:1998844k FS
[    7.399380] kauditd_printk_skb: 30 callbacks suppressed
[    7.399381] audit: type=1400 audit(1768320349.248:41): apparmor="DENIED" operation="capable" profile="/usr/sbin/cups-browsed" pid=509 comm="cups-browsed" capability=23  capname="sys_nice"
[    8.842496] pcnet32 0000:00:03.0 enp0s3: link up, 100Mbps, full-duplex
[    8.881156] e1000: enp0s8 NIC Link is Up 1000 Mbps Full Duplex, Flow Control: RX
[    8.881459] IPv6: ADDRCONF(NETDEV_CHANGE): enp0s8: link becomes ready
[    8.913478] e1000: enp0s9 NIC Link is Up 1000 Mbps Full Duplex, Flow Control: RX
[    8.913792] IPv6: ADDRCONF(NETDEV_CHANGE): enp0s9: link becomes ready
[    9.568888] device enp0s3 entered promiscuous mode
[    9.608839] audit: type=1400 audit(1768320351.460:42): apparmor="DENIED" operation="open" profile="/usr/sbin/tcpdump" name="/proc/sys/kernel/random/boot_id" pid=655 comm="tcpdump" requested_mask="r" denied_mask="r" fsuid=0 ouid=0
[    9.609042] audit: type=1400 audit(1768320351.460:43): apparmor="DENIED" operation="open" profile="/usr/sbin/tcpdump" name="/proc/sys/kernel/random/boot_id" pid=655 comm="tcpdump" requested_mask="r" denied_mask="r" fsuid=0 ouid=0
[    9.609158] audit: type=1400 audit(1768320351.460:44): apparmor="DENIED" operation="open" profile="/usr/sbin/tcpdump" name="/proc/sys/kernel/random/boot_id" pid=655 comm="tcpdump" requested_mask="r" denied_mask="r" fsuid=0 ouid=0
[    9.609215] audit: type=1400 audit(1768320351.460:45): apparmor="DENIED" operation="open" profile="/usr/sbin/tcpdump" name="/proc/sys/kernel/random/boot_id" pid=655 comm="tcpdump" requested_mask="r" denied_mask="r" fsuid=0 ouid=0
[    9.615195] audit: type=1400 audit(1768320351.464:46): apparmor="DENIED" operation="open" profile="/usr/sbin/tcpdump" name="/proc/sys/kernel/random/boot_id" pid=656 comm="tcpdump" requested_mask="r" denied_mask="r" fsuid=0 ouid=0
[    9.615309] audit: type=1400 audit(1768320351.464:47): apparmor="DENIED" operation="open" profile="/usr/sbin/tcpdump" name="/proc/sys/kernel/random/boot_id" pid=656 comm="tcpdump" requested_mask="r" denied_mask="r" fsuid=0 ouid=0
[    9.615431] audit: type=1400 audit(1768320351.464:48): apparmor="DENIED" operation="open" profile="/usr/sbin/tcpdump" name="/proc/sys/kernel/random/boot_id" pid=656 comm="tcpdump" requested_mask="r" denied_mask="r" fsuid=0 ouid=0
[    9.615525] audit: type=1400 audit(1768320351.464:49): apparmor="DENIED" operation="open" profile="/usr/sbin/tcpdump" name="/proc/sys/kernel/random/boot_id" pid=656 comm="tcpdump" requested_mask="r" denied_mask="r" fsuid=0 ouid=0
[   15.614750] rfkill: input handler disabled
[  248.829177] AAAAA-TCP_FORW: name:enp0s3: saddr:100932208: daddr:16783984
[  248.941837] AAAAA-TCP_FORW: name:enp0s3: saddr:100932208: daddr:16783984
[  249.041609] AAAAA-TCP_FORW: name:enp0s3: saddr:100932208: daddr:16783984
[  249.240894] AAAAA-TCP_FORW: name:enp0s3: saddr:100932208: daddr:33561200
[  249.322845] AAAAA-TCP_FORW: name:enp0s3: saddr:100932208: daddr:33561200
[  249.445029] AAAAA-TCP_FORW: name:enp0s3: saddr:100932208: daddr:33561200
[  249.548042] AAAAA-TCP_FORW: name:enp0s3: saddr:100932208: daddr:33561200
[  316.094861] AAAAA-TCP_FORW: name:enp0s3: saddr:16783984: daddr:100932208
[  316.200123] AAAAA-TCP_FORW: name:enp0s3: saddr:16783984: daddr:100932208
[  575.294457] rfkill: input handler enabled
[  583.631995] rfkill: input handler disabled
[  783.336869] device enp0s3 left promiscuous mode
