[    0.000000] Linux version 5.4.243-mptcp (root@ztg) (gcc version 12.2.0 (Debian 12.2.0-14+deb12u1)) #53 SMP Wed Dec 24 23:28:15 CST 2025
[    0.000000] Command line: BOOT_IMAGE=/boot/vmlinuz-5.4.243-mptcp root=UUID=98415a12-53b7-4144-8265-0f7ece09e445 ro quiet splash
[    0.000000] KERNEL supported cpus:
[    0.000000]   Intel GenuineIntel
[    0.000000]   AMD AuthenticAMD
[    0.000000]   Hygon HygonGenuine
[    0.000000]   Centaur CentaurHauls
[    0.000000]   zhaoxin   Shanghai  
[    0.000000] x86/fpu: Supporting XSAVE feature 0x001: 'x87 floating point registers'
[    0.000000] x86/fpu: Supporting XSAVE feature 0x002: 'SSE registers'
[    0.000000] x86/fpu: Supporting XSAVE feature 0x004: 'AVX registers'
[    0.000000] x86/fpu: xstate_offset[2]:  576, xstate_sizes[2]:  256
[    0.000000] x86/fpu: Enabled xstate features 0x7, context size is 832 bytes, using 'standard' format.
[    0.000000] BIOS-provided physical RAM map:
[    0.000000] BIOS-e820: [mem 0x0000000000000000-0x000000000009fbff] usable
[    0.000000] BIOS-e820: [mem 0x000000000009fc00-0x000000000009ffff] reserved
[    0.000000] BIOS-e820: [mem 0x00000000000f0000-0x00000000000fffff] reserved
[    0.000000] BIOS-e820: [mem 0x0000000000100000-0x000000007ffeffff] usable
[    0.000000] BIOS-e820: [mem 0x000000007fff0000-0x000000007fffffff] ACPI data
[    0.000000] BIOS-e820: [mem 0x00000000fec00000-0x00000000fec00fff] reserved
[    0.000000] BIOS-e820: [mem 0x00000000fee00000-0x00000000fee00fff] reserved
[    0.000000] BIOS-e820: [mem 0x00000000fffc0000-0x00000000ffffffff] reserved
[    0.000000] NX (Execute Disable) protection: active
[    0.000000] SMBIOS 2.5 present.
[    0.000000] DMI: innotek GmbH VirtualBox/VirtualBox, BIOS VirtualBox 12/01/2006
[    0.000000] Hypervisor detected: KVM
[    0.000000] kvm-clock: Using msrs 4b564d01 and 4b564d00
[    0.000000] kvm-clock: cpu 0, msr 7ca01001, primary cpu clock
[    0.000000] kvm-clock: using sched offset of 4577321334 cycles
[    0.000003] clocksource: kvm-clock: mask: 0xffffffffffffffff max_cycles: 0x1cd42e4dffb, max_idle_ns: 881590591483 ns
[    0.000005] tsc: Detected 2100.000 MHz processor
[    0.001896] e820: update [mem 0x00000000-0x00000fff] usable ==> reserved
[    0.001898] e820: remove [mem 0x000a0000-0x000fffff] usable
[    0.001902] last_pfn = 0x7fff0 max_arch_pfn = 0x400000000
[    0.001969] MTRR default type: uncachable
[    0.001970] MTRR fixed ranges enabled:
[    0.001971]   00000-9FFFF write-back
[    0.001972]   A0000-BFFFF uncachable
[    0.001973]   C0000-FFFFF write-protect
[    0.001973] MTRR variable ranges enabled:
[    0.001975]   0 base 000000000000 mask 3FFF80000000 write-back
[    0.001975]   1 disabled
[    0.001976]   2 disabled
[    0.001976]   3 disabled
[    0.001977]   4 disabled
[    0.001977]   5 disabled
[    0.001978]   6 disabled
[    0.001978]   7 disabled
[    0.001978]   8 disabled
[    0.001979]   9 disabled
[    0.001979]   10 disabled
[    0.001980]   11 disabled
[    0.001980]   12 disabled
[    0.001981]   13 disabled
[    0.001981]   14 disabled
[    0.001981]   15 disabled
[    0.001998] x86/PAT: Configuration [0-7]: WB  WC  UC- UC  WB  WP  UC- WT  
[    0.002130] found SMP MP-table at [mem 0x0009fff0-0x0009ffff]
[    0.093341] check: Scanning 1 areas for low memory corruption
[    0.093499] RAMDISK: [mem 0x32271000-0x3512ffff]
[    0.093506] ACPI: Early table checksum verification disabled
[    0.093511] ACPI: RSDP 0x00000000000E0000 000024 (v02 VBOX  )
[    0.093515] ACPI: XSDT 0x000000007FFF0030 00003C (v01 VBOX   VBOXXSDT 00000001 ASL  00000061)
[    0.093521] ACPI: FACP 0x000000007FFF00F0 0000F4 (v04 VBOX   VBOXFACP 00000001 ASL  00000061)
[    0.093528] ACPI: DSDT 0x000000007FFF02E0 002353 (v02 VBOX   VBOXBIOS 00000002 VBOX 00029BF3)
[    0.093532] ACPI: FACS 0x000000007FFF0200 000040
[    0.093535] ACPI: FACS 0x000000007FFF0200 000040
[    0.093538] ACPI: APIC 0x000000007FFF0240 000054 (v02 VBOX   VBOXAPIC 00000001 ASL  00000061)
[    0.093542] ACPI: SSDT 0x000000007FFF02A0 000038 (v01 VBOX   VBOXCPUT 00000002 VBOX 00029BF3)
[    0.093545] ACPI: Reserving FACP table memory at [mem 0x7fff00f0-0x7fff01e3]
[    0.093546] ACPI: Reserving DSDT table memory at [mem 0x7fff02e0-0x7fff2632]
[    0.093547] ACPI: Reserving FACS table memory at [mem 0x7fff0200-0x7fff023f]
[    0.093547] ACPI: Reserving FACS table memory at [mem 0x7fff0200-0x7fff023f]
[    0.093548] ACPI: Reserving APIC table memory at [mem 0x7fff0240-0x7fff0293]
[    0.093549] ACPI: Reserving SSDT table memory at [mem 0x7fff02a0-0x7fff02d7]
[    0.093562] ACPI: Local APIC address 0xfee00000
[    0.093741] No NUMA configuration found
[    0.093742] Faking a node at [mem 0x0000000000000000-0x000000007ffeffff]
[    0.093752] NODE_DATA(0) allocated [mem 0x7ffc5000-0x7ffeffff]
[    0.094012] Zone ranges:
[    0.094013]   DMA      [mem 0x0000000000001000-0x0000000000ffffff]
[    0.094014]   DMA32    [mem 0x0000000001000000-0x000000007ffeffff]
[    0.094015]   Normal   empty
[    0.094016]   Device   empty
[    0.094017] Movable zone start for each node
[    0.094019] Early memory node ranges
[    0.094019]   node   0: [mem 0x0000000000001000-0x000000000009efff]
[    0.094020]   node   0: [mem 0x0000000000100000-0x000000007ffeffff]
[    0.094023] Zeroed struct page in unavailable ranges: 114 pages
[    0.094024] Initmem setup node 0 [mem 0x0000000000001000-0x000000007ffeffff]
[    0.094026] On node 0 totalpages: 524174
[    0.094027]   DMA zone: 64 pages used for memmap
[    0.094027]   DMA zone: 21 pages reserved
[    0.094028]   DMA zone: 3998 pages, LIFO batch:0
[    0.094099]   DMA32 zone: 8128 pages used for memmap
[    0.094100]   DMA32 zone: 520176 pages, LIFO batch:63
[    0.102993] ACPI: PM-Timer IO Port: 0x4008
[    0.102996] ACPI: Local APIC address 0xfee00000
[    0.103062] IOAPIC[0]: apic_id 1, version 32, address 0xfec00000, GSI 0-23
[    0.103065] ACPI: INT_SRC_OVR (bus 0 bus_irq 0 global_irq 2 dfl dfl)
[    0.103067] ACPI: INT_SRC_OVR (bus 0 bus_irq 9 global_irq 9 low level)
[    0.103069] ACPI: IRQ0 used by override.
[    0.103070] ACPI: IRQ9 used by override.
[    0.103072] Using ACPI (MADT) for SMP configuration information
[    0.103078] smpboot: Allowing 1 CPUs, 0 hotplug CPUs
[    0.103100] PM: Registered nosave memory: [mem 0x00000000-0x00000fff]
[    0.103101] PM: Registered nosave memory: [mem 0x0009f000-0x0009ffff]
[    0.103102] PM: Registered nosave memory: [mem 0x000a0000-0x000effff]
[    0.103102] PM: Registered nosave memory: [mem 0x000f0000-0x000fffff]
[    0.103104] [mem 0x80000000-0xfebfffff] available for PCI devices
[    0.103104] Booting paravirtualized kernel on KVM
[    0.103107] clocksource: refined-jiffies: mask: 0xffffffff max_cycles: 0xffffffff, max_idle_ns: 7645519600211568 ns
[    0.103111] setup_percpu: NR_CPUS:8192 nr_cpumask_bits:1 nr_cpu_ids:1 nr_node_ids:1
[    0.104124] percpu: Embedded 60 pages/cpu s208896 r8192 d28672 u2097152
[    0.104130] pcpu-alloc: s208896 r8192 d28672 u2097152 alloc=1*2097152
[    0.104131] pcpu-alloc: [0] 0 
[    0.104156] Built 1 zonelists, mobility grouping on.  Total pages: 515961
[    0.104156] Policy zone: DMA32
[    0.104158] Kernel command line: BOOT_IMAGE=/boot/vmlinuz-5.4.243-mptcp root=UUID=98415a12-53b7-4144-8265-0f7ece09e445 ro quiet splash
[    0.104988] Dentry cache hash table entries: 262144 (order: 9, 2097152 bytes, linear)
[    0.105134] Inode-cache hash table entries: 131072 (order: 8, 1048576 bytes, linear)
[    0.105183] mem auto-init: stack:off, heap alloc:on, heap free:off
[    0.105185] Calgary: detecting Calgary via BIOS EBDA area
[    0.105186] Calgary: Unable to locate Rio Grande table in EBDA - bailing!
[    0.109278] Memory: 1967332K/2096696K available (14339K kernel code, 2398K rwdata, 4712K rodata, 2728K init, 17260K bss, 129364K reserved, 0K cma-reserved)
[    0.109529] SLUB: HWalign=64, Order=0-3, MinObjects=0, CPUs=1, Nodes=1
[    0.109545] ftrace: allocating 43186 entries in 169 pages
[    0.126980] rcu: Hierarchical RCU implementation.
[    0.126982] rcu: 	RCU restricting CPUs from NR_CPUS=8192 to nr_cpu_ids=1.
[    0.126983] 	Tasks RCU enabled.
[    0.126984] rcu: RCU calculated value of scheduler-enlistment delay is 25 jiffies.
[    0.126985] rcu: Adjusting geometry for rcu_fanout_leaf=16, nr_cpu_ids=1
[    0.129948] NR_IRQS: 524544, nr_irqs: 256, preallocated irqs: 16
[    0.130150] random: crng init done
[    0.139455] Console: colour VGA+ 80x25
[    0.139458] printk: console [tty0] enabled
[    0.139476] ACPI: Core revision 20190816
[    0.139567] APIC: Switch to symmetric I/O mode setup
[    0.139820] x2apic enabled
[    0.140056] Switched APIC routing to physical x2apic.
[    0.141176] ..TIMER: vector=0x30 apic1=0 pin1=2 apic2=-1 pin2=-1
[    0.141200] clocksource: tsc-early: mask: 0xffffffffffffffff max_cycles: 0x1e4530a99b6, max_idle_ns: 440795257976 ns
[    0.141205] Calibrating delay loop (skipped) preset value.. 4200.00 BogoMIPS (lpj=8400000)
[    0.141207] pid_max: default: 32768 minimum: 301
[    0.141235] LSM: Security Framework initializing
[    0.141244] Yama: becoming mindful.
[    0.141269] AppArmor: AppArmor initialized
[    0.141303] Mount-cache hash table entries: 4096 (order: 3, 32768 bytes, linear)
[    0.141308] Mountpoint-cache hash table entries: 4096 (order: 3, 32768 bytes, linear)
[    0.141317] *** VALIDATE tmpfs ***
[    0.141449] *** VALIDATE proc ***
[    0.141489] *** VALIDATE cgroup1 ***
[    0.141490] *** VALIDATE cgroup2 ***
[    0.141630] process: using mwait in idle threads
[    0.141634] Last level iTLB entries: 4KB 64, 2MB 8, 4MB 8
[    0.141635] Last level dTLB entries: 4KB 64, 2MB 0, 4MB 0, 1GB 4
[    0.141655] Spectre V1 : Mitigation: usercopy/swapgs barriers and __user pointer sanitization
[    0.141659] Spectre V2 : Mitigation: Retpolines
[    0.141660] Spectre V2 : Spectre v2 / SpectreRSB mitigation: Filling RSB on context switch
[    0.141661] Spectre V2 : Spectre v2 / SpectreRSB : Filling RSB on VMEXIT
[    0.141662] RETBleed: WARNING: Spectre v2 mitigation leaves CPU vulnerable to RETBleed attacks, data leaks possible!
[    0.142012] RETBleed: Vulnerable
[    0.142013] Speculative Store Bypass: Vulnerable
[    0.142017] TAA: Mitigation: TSX disabled
[    0.142018] MMIO Stale Data: Mitigation: Clear CPU buffers
[    0.146196] Freeing SMP alternatives memory: 40K
[    0.258296] smpboot: CPU0: Intel(R) Xeon(R) Silver 4216 CPU @ 2.10GHz (family: 0x6, model: 0x55, stepping: 0x7)
[    0.258406] Performance Events: unsupported p6 CPU model 85 no PMU driver, software events only.
[    0.258438] rcu: Hierarchical SRCU implementation.
[    0.258902] NMI watchdog: Perf NMI watchdog permanently disabled
[    0.258937] smp: Bringing up secondary CPUs ...
[    0.258938] smp: Brought up 1 node, 1 CPU
[    0.258939] smpboot: Max logical packages: 1
[    0.258940] smpboot: Total of 1 processors activated (4200.00 BogoMIPS)
[    0.259188] devtmpfs: initialized
[    0.259229] x86/mm: Memory block size: 128MB
[    0.259566] clocksource: jiffies: mask: 0xffffffff max_cycles: 0xffffffff, max_idle_ns: 7645041785100000 ns
[    0.259571] futex hash table entries: 256 (order: 2, 16384 bytes, linear)
[    0.259609] pinctrl core: initialized pinctrl subsystem
[    0.259707] PM: RTC time: 21:25:59, date: 2026-01-11
[    0.259809] NET: Registered protocol family 16
[    0.259881] audit: initializing netlink subsys (disabled)
[    0.260003] EISA bus registered
[    0.260004] cpuidle: using governor ladder
[    0.260005] cpuidle: using governor menu
[    0.260039] ACPI: bus type PCI registered
[    0.260040] acpiphp: ACPI Hot Plug PCI Controller Driver version: 0.5
[    0.260143] PCI: Using configuration type 1 for base access
[    0.261202] audit: type=2000 audit(1768137966.274:1): state=initialized audit_enabled=0 res=1
[    0.261202] HugeTLB registered 2.00 MiB page size, pre-allocated 0 pages
[    0.261595] ACPI: Added _OSI(Module Device)
[    0.261596] ACPI: Added _OSI(Processor Device)
[    0.261596] ACPI: Added _OSI(3.0 _SCP Extensions)
[    0.261597] ACPI: Added _OSI(Processor Aggregator Device)
[    0.261598] ACPI: Added _OSI(Linux-Dell-Video)
[    0.261599] ACPI: Added _OSI(Linux-Lenovo-NV-HDMI-Audio)
[    0.261599] ACPI: Added _OSI(Linux-HPI-Hybrid-Graphics)
[    0.263530] ACPI: 2 ACPI AML tables successfully acquired and loaded
[    0.265044] ACPI: Interpreter enabled
[    0.265054] ACPI: (supports S0 S5)
[    0.265055] ACPI: Using IOAPIC for interrupt routing
[    0.265265] PCI: Using host bridge windows from ACPI; if necessary, use "pci=nocrs" and report a bug
[    0.265372] ACPI: Enabled 2 GPEs in block 00 to 07
[    0.270224] ACPI: PCI Root Bridge [PCI0] (domain 0000 [bus 00-ff])
[    0.270228] acpi PNP0A03:00: _OSC: OS supports [ASPM ClockPM Segments MSI HPX-Type3]
[    0.270670] acpi PNP0A03:00: _OSC: not requesting OS control; OS requires [ExtendedConfig ASPM ClockPM MSI]
[    0.270677] acpi PNP0A03:00: fail to add MMCONFIG information, can't access extended PCI configuration space under this bridge.
[    0.271039] PCI host bridge to bus 0000:00
[    0.271041] pci_bus 0000:00: root bus resource [io  0x0000-0x0cf7 window]
[    0.271043] pci_bus 0000:00: root bus resource [io  0x0d00-0xffff window]
[    0.271044] pci_bus 0000:00: root bus resource [mem 0x000a0000-0x000bffff window]
[    0.271045] pci_bus 0000:00: root bus resource [mem 0x80000000-0xfdffffff window]
[    0.271046] pci_bus 0000:00: root bus resource [bus 00-ff]
[    0.271090] pci 0000:00:00.0: [8086:1237] type 00 class 0x060000
[    0.272017] pci 0000:00:01.0: [8086:7000] type 00 class 0x060100
[    0.272775] pci 0000:00:01.1: [8086:7111] type 00 class 0x01018a
[    0.273139] pci 0000:00:01.1: reg 0x20: [io  0xd000-0xd00f]
[    0.273278] pci 0000:00:01.1: legacy IDE quirk: reg 0x10: [io  0x01f0-0x01f7]
[    0.273279] pci 0000:00:01.1: legacy IDE quirk: reg 0x14: [io  0x03f6]
[    0.273280] pci 0000:00:01.1: legacy IDE quirk: reg 0x18: [io  0x0170-0x0177]
[    0.273281] pci 0000:00:01.1: legacy IDE quirk: reg 0x1c: [io  0x0376]
[    0.273818] pci 0000:00:02.0: [15ad:0405] type 00 class 0x030000
[    0.276863] pci 0000:00:02.0: reg 0x10: [io  0xd010-0xd01f]
[    0.279103] pci 0000:00:02.0: reg 0x14: [mem 0xe0000000-0xe7ffffff pref]
[    0.281251] pci 0000:00:02.0: reg 0x18: [mem 0xf0000000-0xf01fffff]
[    0.293245] pci 0000:00:03.0: [1022:2000] type 00 class 0x020000
[    0.293917] pci 0000:00:03.0: reg 0x10: [io  0xd020-0xd03f]
[    0.294527] pci 0000:00:03.0: reg 0x14: [mem 0xf0200000-0xf0200fff]
[    0.297966] pci 0000:00:04.0: [80ee:cafe] type 00 class 0x088000
[    0.298636] pci 0000:00:04.0: reg 0x10: [io  0xd040-0xd05f]
[    0.299244] pci 0000:00:04.0: reg 0x14: [mem 0xf0400000-0xf07fffff]
[    0.299856] pci 0000:00:04.0: reg 0x18: [mem 0xf0800000-0xf0803fff pref]
[    0.303142] pci 0000:00:07.0: [8086:7113] type 00 class 0x068000
[    0.303678] pci 0000:00:07.0: quirk: [io  0x4000-0x403f] claimed by PIIX4 ACPI
[    0.303688] pci 0000:00:07.0: quirk: [io  0x4100-0x410f] claimed by PIIX4 SMB
[    0.304283] pci 0000:00:08.0: [1022:2000] type 00 class 0x020000
[    0.304950] pci 0000:00:08.0: reg 0x10: [io  0xd060-0xd07f]
[    0.305316] pci 0000:00:08.0: reg 0x14: [mem 0xf0804000-0xf0804fff]
[    0.309834] pci 0000:00:09.0: [8086:100e] type 00 class 0x020000
[    0.310537] pci 0000:00:09.0: reg 0x10: [mem 0xf0820000-0xf083ffff]
[    0.311687] pci 0000:00:09.0: reg 0x18: [io  0xd080-0xd087]
[    0.322073] ACPI: PCI Interrupt Link [LNKA] (IRQs 5 9 10 *11)
[    0.322353] ACPI: PCI Interrupt Link [LNKB] (IRQs 5 9 *10 11)
[    0.322457] ACPI: PCI Interrupt Link [LNKC] (IRQs 5 *9 10 11)
[    0.322555] ACPI: PCI Interrupt Link [LNKD] (IRQs 5 9 10 *11)
[    0.322794] iommu: Default domain type: Translated 
[    0.322850] pci 0000:00:02.0: vgaarb: setting as boot VGA device
[    0.322852] pci 0000:00:02.0: vgaarb: VGA device added: decodes=io+mem,owns=io+mem,locks=none
[    0.322854] pci 0000:00:02.0: vgaarb: bridge control possible
[    0.322854] vgaarb: loaded
[    0.323056] SCSI subsystem initialized
[    0.323086] libata version 3.00 loaded.
[    0.323106] ACPI: bus type USB registered
[    0.323120] usbcore: registered new interface driver usbfs
[    0.323126] usbcore: registered new interface driver hub
[    0.323131] usbcore: registered new device driver usb
[    0.323157] pps_core: LinuxPPS API ver. 1 registered
[    0.323158] pps_core: Software ver. 5.3.6 - Copyright 2005-2007 Rodolfo Giometti <giometti@linux.it>
[    0.323160] PTP clock support registered
[    0.323196] EDAC MC: Ver: 3.0.0
[    0.323477] PCI: Using ACPI for IRQ routing
[    0.323478] PCI: pci_cache_line_size set to 64 bytes
[    0.323647] e820: reserve RAM buffer [mem 0x0009fc00-0x0009ffff]
[    0.323651] e820: reserve RAM buffer [mem 0x7fff0000-0x7fffffff]
[    0.324459] NetLabel: Initializing
[    0.324460] NetLabel:  domain hash size = 128
[    0.324460] NetLabel:  protocols = UNLABELED CIPSOv4 CALIPSO
[    0.324481] NetLabel:  unlabeled traffic allowed by default
[    0.325414] clocksource: Switched to clocksource kvm-clock
[    0.339364] *** VALIDATE bpf ***
[    0.339422] VFS: Disk quotas dquot_6.6.0
[    0.339434] VFS: Dquot-cache hash table entries: 512 (order 0, 4096 bytes)
[    0.339457] *** VALIDATE ramfs ***
[    0.339460] *** VALIDATE hugetlbfs ***
[    0.339537] AppArmor: AppArmor Filesystem Enabled
[    0.339563] pnp: PnP ACPI init
[    0.339630] pnp 00:00: Plug and Play ACPI device, IDs PNP0303 (active)
[    0.339718] pnp 00:01: Plug and Play ACPI device, IDs PNP0f03 (active)
[    0.340473] pnp: PnP ACPI: found 2 devices
[    0.341431] thermal_sys: Registered thermal governor 'fair_share'
[    0.341432] thermal_sys: Registered thermal governor 'bang_bang'
[    0.341433] thermal_sys: Registered thermal governor 'step_wise'
[    0.341433] thermal_sys: Registered thermal governor 'user_space'
[    0.341434] thermal_sys: Registered thermal governor 'power_allocator'
[    0.345980] clocksource: acpi_pm: mask: 0xffffff max_cycles: 0xffffff, max_idle_ns: 2085701024 ns
[    0.346020] pci_bus 0000:00: resource 4 [io  0x0000-0x0cf7 window]
[    0.346021] pci_bus 0000:00: resource 5 [io  0x0d00-0xffff window]
[    0.346023] pci_bus 0000:00: resource 6 [mem 0x000a0000-0x000bffff window]
[    0.346024] pci_bus 0000:00: resource 7 [mem 0x80000000-0xfdffffff window]
[    0.346083] NET: Registered protocol family 2
[    0.346154] IP idents hash table entries: 32768 (order: 6, 262144 bytes, linear)
[    0.346555] MPTCP tokens hash table entries: 8192 (order: 4, 65536 bytes, linear)
[    0.346574] MPTCP request tokens hash table entries: 8192 (order: 4, 65536 bytes, linear)
[    0.346599] default registered
[    0.346599] default registered
[    0.346600] MPTCP: Stable release v0.96
[    0.346605] tcp_listen_portaddr_hash hash table entries: 1024 (order: 2, 16384 bytes, linear)
[    0.346684] TCP established hash table entries: 16384 (order: 5, 131072 bytes, linear)
[    0.346748] TCP bind hash table entries: 16384 (order: 6, 262144 bytes, linear)
[    0.346774] TCP: Hash tables configured (established 16384 bind 16384)
[    0.347496] UDP hash table entries: 1024 (order: 3, 32768 bytes, linear)
[    0.347507] UDP-Lite hash table entries: 1024 (order: 3, 32768 bytes, linear)
[    0.347542] NET: Registered protocol family 1
[    0.347550] NET: Registered protocol family 44
[    0.347571] pci 0000:00:00.0: Limiting direct PCI/PCI transfers
[    0.347588] pci 0000:00:01.0: Activating ISA DMA hang workarounds
[    0.347640] pci 0000:00:02.0: Video device with shadowed ROM at [mem 0x000c0000-0x000dffff]
[    0.347705] PCI: CLS 0 bytes, default 64
[    0.347752] Trying to unpack rootfs image as initramfs...
[    0.519309] Freeing initrd memory: 47868K
[    0.519309] clocksource: tsc: mask: 0xffffffffffffffff max_cycles: 0x1e4530a99b6, max_idle_ns: 440795257976 ns
[    0.519309] clocksource: Switched to clocksource tsc
[    0.519309] platform rtc_cmos: registered platform RTC device (no PNP device found)
[    0.519309] check: Scanning for low memory corruption every 60 seconds
[    0.519309] Initialise system trusted keyrings
[    0.519309] Key type blacklist registered
[    0.519309] workingset: timestamp_bits=36 max_order=19 bucket_order=0
[    0.519309] zbud: loaded
[    0.519309] squashfs: version 4.0 (2009/01/31) Phillip Lougher
[    0.519309] fuse: init (API version 7.31)
[    0.519309] *** VALIDATE fuse ***
[    0.519309] *** VALIDATE fuse ***
[    0.519309] Platform Keyring initialized
[    0.534010] Key type asymmetric registered
[    0.534011] Asymmetric key parser 'x509' registered
[    0.534021] Block layer SCSI generic (bsg) driver version 0.4 loaded (major 244)
[    0.534092] io scheduler mq-deadline registered
[    0.534218] shpchp: Standard Hot Plug PCI Controller Driver version: 0.4
[    0.534454] ACPI: AC Adapter [AC] (on-line)
[    0.534498] input: Power Button as /devices/LNXSYSTM:00/LNXPWRBN:00/input/input0
[    0.534527] ACPI: Power Button [PWRF]
[    0.534594] input: Sleep Button as /devices/LNXSYSTM:00/LNXSLPBN:00/input/input1
[    0.534608] ACPI: Sleep Button [SLPF]
[    0.534832] Serial: 8250/16550 driver, 32 ports, IRQ sharing enabled
[    0.536187] Linux agpgart interface v0.103
[    0.727099] loop: module loaded
[    0.727250] ata_piix 0000:00:01.1: version 2.13
[    0.727665] scsi host0: ata_piix
[    0.727758] scsi host1: ata_piix
[    0.727784] ata1: PATA max UDMA/33 cmd 0x1f0 ctl 0x3f6 bmdma 0xd000 irq 14
[    0.727785] ata2: PATA max UDMA/33 cmd 0x170 ctl 0x376 bmdma 0xd008 irq 15
[    0.727868] tun: Universal TUN/TAP device driver, 1.6
[    0.728169] PPP generic driver version 2.4.2
[    0.728228] VFIO - User Level meta-driver version: 0.3
[    0.728469] ehci_hcd: USB 2.0 'Enhanced' Host Controller (EHCI) Driver
[    0.728473] ehci-pci: EHCI PCI platform driver
[    0.728487] ehci-platform: EHCI generic platform driver
[    0.728493] ohci_hcd: USB 1.1 'Open' Host Controller (OHCI) Driver
[    0.728494] ohci-pci: OHCI PCI platform driver
[    0.728503] ohci-platform: OHCI generic platform driver
[    0.728507] uhci_hcd: USB Universal Host Controller Interface driver
[    0.728574] i8042: PNP: PS/2 Controller [PNP0303:PS2K,PNP0f03:PS2M] at 0x60,0x64 irq 1,12
[    0.729016] serio: i8042 KBD port at 0x60,0x64 irq 1
[    0.729020] serio: i8042 AUX port at 0x60,0x64 irq 12
[    0.729109] mousedev: PS/2 mouse device common for all mice
[    0.729379] input: AT Translated Set 2 keyboard as /devices/platform/i8042/serio0/input/input2
[    0.729781] rtc_cmos rtc_cmos: registered as rtc0
[    0.729794] rtc_cmos rtc_cmos: alarms up to one day, 114 bytes nvram
[    0.729800] i2c /dev entries driver
[    0.729844] device-mapper: uevent: version 1.0.3
[    0.729888] device-mapper: ioctl: 4.41.0-ioctl (2019-09-16) initialised: dm-devel@redhat.com
[    0.729905] platform eisa.0: Probing EISA bus 0
[    0.729906] platform eisa.0: EISA: Cannot allocate resource for mainboard
[    0.729907] platform eisa.0: Cannot allocate resource for EISA slot 1
[    0.729908] platform eisa.0: Cannot allocate resource for EISA slot 2
[    0.729909] platform eisa.0: Cannot allocate resource for EISA slot 3
[    0.729910] platform eisa.0: Cannot allocate resource for EISA slot 4
[    0.729911] platform eisa.0: Cannot allocate resource for EISA slot 5
[    0.729912] platform eisa.0: Cannot allocate resource for EISA slot 6
[    0.729913] platform eisa.0: Cannot allocate resource for EISA slot 7
[    0.729914] platform eisa.0: Cannot allocate resource for EISA slot 8
[    0.729915] platform eisa.0: EISA: Detected 0 cards
[    0.729918] intel_pstate: CPU model not supported
[    0.729927] ledtrig-cpu: registered to indicate activity on CPUs
[    0.729981] drop_monitor: Initializing network drop monitor service
[    0.730139] NET: Registered protocol family 10
[    0.735131] Segment Routing with IPv6
[    0.735131] fullmesh registered
[    0.735131] ndiffports registered
[    0.735131] binder registered
[    0.735131] roundrobin registered
[    0.735131] redundant registered
[    0.735131] blest registered
[    0.735131] ecf registered
[    0.735131] NET: Registered protocol family 17
[    0.735131] Key type dns_resolver registered
[    0.735131] RAS: Correctable Errors collector initialized.
[    0.735131] IPI shorthand broadcast: enabled
[    0.735131] sched_clock: Marking stable (720068306, 11062911)->(731092445, 38772)
[    0.735499] registered taskstats version 1
[    0.735506] Loading compiled-in X.509 certificates
[    0.736104] Loaded X.509 cert 'Build time autogenerated kernel key: 6909f3744cebb3d0de528d5887b96a727de79b1e'
[    0.736126] zswap: loaded using pool lzo/zbud
[    0.736190] Key type ._fscrypt registered
[    0.736190] Key type .fscrypt registered
[    0.740635] Key type big_key registered
[    0.742824] Key type encrypted registered
[    0.742826] AppArmor: AppArmor sha1 policy hashing enabled
[    0.742834] ima: No TPM chip found, activating TPM-bypass!
[    0.742837] ima: Allocated hash algorithm: sha1
[    0.742842] ima: No architecture policies found
[    0.742850] evm: Initialising EVM extended attributes:
[    0.742851] evm: security.selinux
[    0.742851] evm: security.SMACK64
[    0.742852] evm: security.SMACK64EXEC
[    0.742852] evm: security.SMACK64TRANSMUTE
[    0.742853] evm: security.SMACK64MMAP
[    0.742853] evm: security.apparmor
[    0.742854] evm: security.ima
[    0.742854] evm: security.capability
[    0.742855] evm: HMAC attrs: 0x1
[    0.743146] PM:   Magic number: 10:398:449
[    0.743261] rtc_cmos rtc_cmos: setting system clock to 2026-01-11T21:26:00 UTC (1768166760)
[    0.902133] ata1.00: ATA-6: VBOX HARDDISK, 1.0, max UDMA/133
[    0.902138] ata1.00: 209715200 sectors, multi 128: LBA 
[    0.903221] scsi 0:0:0:0: Direct-Access     ATA      VBOX HARDDISK    1.0  PQ: 0 ANSI: 5
[    0.903657] sd 0:0:0:0: [sda] 209715200 512-byte logical blocks: (107 GB/100 GiB)
[    0.903677] sd 0:0:0:0: [sda] Write Protect is off
[    0.903682] sd 0:0:0:0: [sda] Mode Sense: 00 3a 00 00
[    0.903715] sd 0:0:0:0: [sda] Write cache: enabled, read cache: enabled, doesn't support DPO or FUA
[    0.904179] sd 0:0:0:0: Attached scsi generic sg0 type 0
[    0.905475]  sda: sda1 sda2
[    0.915383] sd 0:0:0:0: [sda] Attached SCSI disk
[    0.920633] Freeing unused decrypted memory: 2040K
[    0.921975] Freeing unused kernel image memory: 2728K
[    0.921979] Write protecting the kernel read-only data: 22528k
[    0.923451] Freeing unused kernel image memory: 2036K
[    0.924232] Freeing unused kernel image memory: 1432K
[    0.962745] x86/mm: Checked W+X mappings: passed, no W+X pages found.
[    0.962749] Run /init as init process
[    1.066173] ACPI: Video Device [GFX0] (multi-head: yes  rom: no  post: no)
[    1.066240] input: Video Bus as /devices/LNXSYSTM:00/LNXSYBUS:00/PNP0A03:00/LNXVIDEO:00/input/input4
[    1.077257] pcnet32: pcnet32.c:v1.35 21.Apr.2008 tsbogend@alpha.franken.de
[    1.080434] piix4_smbus 0000:00:07.0: SMBus Host Controller at 0x4100, revision 0
[    1.084584] e1000: Intel(R) PRO/1000 Network Driver - version 7.3.21-k8-NAPI
[    1.084585] e1000: Copyright (c) 1999-2006 Intel Corporation.
[    1.088460] pcnet32: PCnet/FAST III 79C973 at 0xd020, 08:00:27:fd:fe:56 assigned IRQ 19
[    1.088646] pcnet32: Found PHY 0022:561b at address 0
[    1.089576] pcnet32: eth0: registered as PCnet/FAST III 79C973
[    1.106094] pcnet32: PCnet/FAST III 79C973 at 0xd060, 08:00:27:11:a0:b4 assigned IRQ 16
[    1.106278] pcnet32: Found PHY 0022:561b at address 0
[    1.107202] pcnet32: eth1: registered as PCnet/FAST III 79C973
[    1.119434] pcnet32: 2 cards_found
[    1.148325] pcnet32 0000:00:03.0 enp0s3: renamed from eth0
[    1.151527] pcnet32 0000:00:08.0 enp0s8: renamed from eth1
[    1.282953] input: ImExPS/2 Generic Explorer Mouse as /devices/platform/i8042/serio1/input/input5
[    1.583568] e1000 0000:00:09.0 eth0: (PCI:33MHz:32-bit) 08:00:27:fa:97:84
[    1.583570] e1000 0000:00:09.0 eth0: Intel(R) PRO/1000 Network Connection
[    1.584466] e1000 0000:00:09.0 enp0s9: renamed from eth0
[    1.728461] EXT4-fs (sda2): mounted filesystem with ordered data mode. Opts: (null)
[    1.817486] systemd[1]: Inserted module 'autofs4'
[    1.830563] systemd[1]: systemd 245.4-4ubuntu3 running in system mode. (+PAM +AUDIT +SELINUX +IMA +APPARMOR +SMACK +SYSVINIT +UTMP +LIBCRYPTSETUP +GCRYPT +GNUTLS +ACL +XZ +LZ4 +SECCOMP +BLKID +ELFUTILS +KMOD +IDN2 -IDN +PCRE2 default-hierarchy=hybrid)
[    1.830592] systemd[1]: Detected virtualization oracle.
[    1.830595] systemd[1]: Detected architecture x86-64.
[    1.831929] systemd[1]: Set hostname to <ztg>.
[    1.953952] systemd[1]: /lib/systemd/system/dbus.socket:5: ListenStream= references a path below legacy directory /var/run/, updating /var/run/dbus/system_bus_socket â†’ /run/dbus/system_bus_socket; please update the unit file accordingly.
[    2.005827] systemd[1]: Created slice system-modprobe.slice.
[    2.006004] systemd[1]: Created slice User and Session Slice.
[    2.006048] systemd[1]: Started Forward Password Requests to Wall Directory Watch.
[    2.006199] systemd[1]: Set up automount Arbitrary Executable File Formats File System Automount Point.
[    2.006232] systemd[1]: Reached target User and Group Name Lookups.
[    2.006241] systemd[1]: Reached target Remote File Systems.
[    2.006249] systemd[1]: Reached target Slices.
[    2.006796] systemd[1]: Listening on Syslog Socket.
[    2.006861] systemd[1]: Listening on fsck to fsckd communication Socket.
[    2.006898] systemd[1]: Listening on initctl Compatibility Named Pipe.
[    2.007060] systemd[1]: Listening on Journal Audit Socket.
[    2.007117] systemd[1]: Listening on Journal Socket (/dev/log).
[    2.007184] systemd[1]: Listening on Journal Socket.
[    2.007244] systemd[1]: Listening on udev Control Socket.
[    2.007283] systemd[1]: Listening on udev Kernel Socket.
[    2.007969] systemd[1]: Mounting Huge Pages File System...
[    2.008832] systemd[1]: Mounting POSIX Message Queue File System...
[    2.009698] systemd[1]: Mounting Kernel Debug File System...
[    2.010476] systemd[1]: Mounting Kernel Trace File System...
[    2.012327] systemd[1]: Starting Journal Service...
[    2.033474] systemd[1]: Starting Set the console keyboard layout...
[    2.041488] systemd[1]: Starting Create list of static device nodes for the current kernel...
[    2.043311] systemd[1]: Starting Load Kernel Module drm...
[    2.044318] systemd[1]: Condition check resulted in Set Up Additional Binary Formats being skipped.
[    2.044360] systemd[1]: Condition check resulted in File System Check on Root Device being skipped.
[    2.055808] systemd[1]: Starting Load Kernel Modules...
[    2.063316] systemd[1]: Starting Remount Root and Kernel File Systems...
[    2.070812] systemd[1]: Starting udev Coldplug all Devices...
[    2.082480] systemd[1]: Starting Uncomplicated firewall...
[    2.088503] EXT4-fs (sda2): re-mounted. Opts: errors=remount-ro
[    2.092582] systemd[1]: Mounted Huge Pages File System.
[    2.092670] systemd[1]: Mounted POSIX Message Queue File System.
[    2.092741] systemd[1]: Mounted Kernel Debug File System.
[    2.092809] systemd[1]: Mounted Kernel Trace File System.
[    2.117468] systemd[1]: Finished Create list of static device nodes for the current kernel.
[    2.117787] systemd[1]: modprobe@drm.service: Succeeded.
[    2.118170] systemd[1]: Finished Load Kernel Module drm.
[    2.134174] systemd[1]: Finished Remount Root and Kernel File Systems.
[    2.134527] systemd[1]: Finished Uncomplicated firewall.
[    2.135914] lp: driver loaded but no devices found
[    2.137531] systemd[1]: Condition check resulted in Rebuild Hardware Database being skipped.
[    2.137561] systemd[1]: Condition check resulted in Platform Persistent Storage Archival being skipped.
[    2.138215] systemd[1]: Starting Load/Save Random Seed...
[    2.143965] systemd[1]: Starting Create System Users...
[    2.152963] systemd[1]: Finished Load/Save Random Seed.
[    2.153939] ppdev: user-space parallel port driver
[    2.178666] systemd[1]: Finished Create System Users.
[    2.179368] systemd[1]: Starting Create Static Device Nodes in /dev...
[    2.198244] systemd[1]: Finished Create Static Device Nodes in /dev.
[    2.198958] systemd[1]: Starting udev Kernel Device Manager...
[    2.237843] systemd[1]: Finished udev Coldplug all Devices.
[    2.245336] [drm] DMA map mode: Caching DMA mappings.
[    2.245427] [drm] Capabilities:
[    2.245427] [drm]   Rect copy.
[    2.245427] [drm]   Cursor.
[    2.245428] [drm]   Cursor bypass.
[    2.245428] [drm]   Cursor bypass 2.
[    2.245429] [drm]   Alpha cursor.
[    2.245429] [drm]   Extended Fifo.
[    2.245429] [drm]   Pitchlock.
[    2.245430] [drm]   Irq mask.
[    2.245430] [drm]   GMR.
[    2.245430] [drm]   Traces.
[    2.245431] [drm]   GMR2.
[    2.245431] [drm]   Screen Object 2.
[    2.245431] [drm]   Command Buffers.
[    2.245432] [drm]   Command Buffers 2.
[    2.245432] [drm]   Guest Backed Resources.
[    2.245433] [drm] Max GMR ids is 8192
[    2.245433] [drm] Max number of GMR pages is 1048576
[    2.245434] [drm] Max dedicated hypervisor surface memory is 393216 kiB
[    2.245434] [drm] Maximum display memory size is 131072 kiB
[    2.245435] [drm] VRAM at 0xe0000000 size is 131072 kiB
[    2.245436] [drm] MMIO at 0xf0000000 size is 2048 kiB
[    2.246214] [TTM] Zone  kernel: Available graphics memory: 1011738 KiB
[    2.246214] [TTM] Initializing pool allocator
[    2.246217] [TTM] Initializing DMA pool allocator
[    2.246273] [drm] Supports vblank timestamp caching Rev 2 (21.10.2013).
[    2.246274] [drm] No driver support for vblank timestamp query.
[    2.246482] [drm] Screen Target Display device initialized
[    2.246664] [drm] width 720
[    2.246673] [drm] height 400
[    2.246676] [drm] bpp 32
[    2.247197] [drm] Fifo max 0x00200000 min 0x00001000 cap 0x00000355
[    2.249286] [drm] Using command buffers with DMA pool.
[    2.249290] [drm] DX: no.
[    2.249290] [drm] Atomic: yes.
[    2.249290] [drm] SM4_1: no.
[    2.249309] [drm:vmw_host_log [vmwgfx]] *ERROR* Failed to send host log message.
[    2.250195] [drm:vmw_host_log [vmwgfx]] *ERROR* Failed to send host log message.
[    2.266165] fbcon: svgadrmfb (fb0) is primary device
[    2.271334] Console: switching to colour frame buffer device 100x37
[    2.277894] [drm] Initialized vmwgfx 2.15.0 20180704 for 0000:00:02.0 on minor 0
[    2.288475] systemd[1]: Finished Load Kernel Modules.
[    2.289394] systemd[1]: Mounting FUSE Control File System...
[    2.290595] systemd[1]: Mounting Kernel Configuration File System...
[    2.295634] systemd[1]: Starting Apply Kernel Variables...
[    2.321202] systemd[1]: Mounted FUSE Control File System.
[    2.321280] systemd[1]: Condition check resulted in VMware vmblock fuse mount being skipped.
[    2.323420] systemd[1]: Mounted Kernel Configuration File System.
[    2.329331] systemd[1]: Finished Set the console keyboard layout.
[    2.329422] systemd[1]: Reached target Local File Systems (Pre).
[    2.331467] systemd[1]: Mounting Mount unit for bare, revision 5...
[    2.333355] systemd[1]: Mounting Mount unit for core18, revision 1705...
[    2.344426] systemd[1]: Mounting Mount unit for gnome-3-34-1804, revision 24...
[    2.353698] systemd[1]: Mounting Mount unit for gtk-common-themes, revision 1506...
[    2.356458] systemd[1]: Mounting Mount unit for gtk-common-themes, revision 1535...
[    2.383462] systemd[1]: Mounting Mount unit for snap-store, revision 433...
[    2.390021] systemd[1]: Mounting Mount unit for snapd, revision 7264...
[    2.393862] systemd[1]: Finished Apply Kernel Variables.
[    2.405599] systemd[1]: Mounted Mount unit for bare, revision 5.
[    2.405690] systemd[1]: Mounted Mount unit for core18, revision 1705.
[    2.411796] systemd[1]: Mounted Mount unit for gnome-3-34-1804, revision 24.
[    2.451512] systemd[1]: Started udev Kernel Device Manager.
[    2.452839] systemd[1]: Starting Show Plymouth Boot Screen...
[    2.458273] systemd[1]: Received SIGRTMIN+20 from PID 287 (plymouthd).
[    2.493473] systemd[1]: Started Show Plymouth Boot Screen.
[    2.493607] systemd[1]: Condition check resulted in Dispatch Password Requests to Console Directory Watch being skipped.
[    2.493697] systemd[1]: Started Forward Password Requests to Plymouth Directory Watch.
[    2.493730] systemd[1]: Reached target Local Encrypted Volumes.
[    2.511456] systemd[1]: Mounted Mount unit for gtk-common-themes, revision 1506.
[    2.546476] systemd[1]: Mounted Mount unit for gtk-common-themes, revision 1535.
[    2.546620] systemd[1]: Mounted Mount unit for snap-store, revision 433.
[    2.576209] systemd[1]: Mounted Mount unit for snapd, revision 7264.
[    2.576400] systemd[1]: Reached target Local File Systems.
[    2.577188] systemd[1]: Starting Load AppArmor profiles...
[    2.579283] systemd[1]: Starting Set console font and keymap...
[    2.593397] systemd[1]: Starting Tell Plymouth To Write Out Runtime Data...
[    2.593536] systemd[1]: Condition check resulted in Store a System Token in an EFI Variable being skipped.
[    2.593581] systemd[1]: Condition check resulted in Commit a transient machine-id on disk being skipped.
[    2.595934] systemd[1]: Finished Set console font and keymap.
[    2.607072] systemd[1]: Received SIGRTMIN+20 from PID 287 (plymouthd).
[    2.608021] systemd[1]: plymouth-read-write.service: Succeeded.
[    2.608258] systemd[1]: Finished Tell Plymouth To Write Out Runtime Data.
[    2.636419] audit: type=1400 audit(1768166762.388:2): apparmor="STATUS" operation="profile_load" profile="unconfined" name="nvidia_modprobe" pid=300 comm="apparmor_parser"
[    2.636421] audit: type=1400 audit(1768166762.388:3): apparmor="STATUS" operation="profile_load" profile="unconfined" name="nvidia_modprobe//kmod" pid=300 comm="apparmor_parser"
[    2.646040] audit: type=1400 audit(1768166762.396:4): apparmor="STATUS" operation="profile_load" profile="unconfined" name="/usr/sbin/tcpdump" pid=301 comm="apparmor_parser"
[    2.689697] audit: type=1400 audit(1768166762.436:5): apparmor="STATUS" operation="profile_load" profile="unconfined" name="/usr/bin/evince" pid=303 comm="apparmor_parser"
[    2.689699] audit: type=1400 audit(1768166762.436:6): apparmor="STATUS" operation="profile_load" profile="unconfined" name="/usr/bin/evince//sanitized_helper" pid=303 comm="apparmor_parser"
[    2.689700] audit: type=1400 audit(1768166762.436:7): apparmor="STATUS" operation="profile_load" profile="unconfined" name="/usr/bin/evince-previewer" pid=303 comm="apparmor_parser"
[    2.689703] audit: type=1400 audit(1768166762.436:8): apparmor="STATUS" operation="profile_load" profile="unconfined" name="/usr/bin/evince-previewer//sanitized_helper" pid=303 comm="apparmor_parser"
[    2.689704] audit: type=1400 audit(1768166762.436:9): apparmor="STATUS" operation="profile_load" profile="unconfined" name="/usr/bin/evince-thumbnailer" pid=303 comm="apparmor_parser"
[    2.703288] audit: type=1400 audit(1768166762.452:10): apparmor="STATUS" operation="profile_load" profile="unconfined" name="/usr/lib/cups/backend/cups-pdf" pid=304 comm="apparmor_parser"
[    2.777759] systemd[1]: Finished Load AppArmor profiles.
[    2.778641] systemd[1]: Starting Load AppArmor profiles managed internally by snapd...
[    2.855177] systemd[1]: Finished Load AppArmor profiles managed internally by snapd.
[    2.972585] systemd[1]: Started Journal Service.
[    2.979005] systemd-journald[229]: Received client request to flush runtime journal.
[    2.984328] systemd-journald[229]: File /var/log/journal/c455b248004a419c87ce85eea238d727/system.journal corrupted or uncleanly shut down, renaming and replacing.
[    4.216961] RAPL PMU: API unit is 2^-32 Joules, 0 fixed counters, 10737418240 ms ovfl timer
[    4.298361] cryptd: max_cpu_qlen set to 1000
[    4.351272] AVX2 version of gcm_enc/dec engaged.
[    4.351273] AES CTR mode by8 optimization enabled
[    5.138186] Adding 1998844k swap on /dev/sda1.  Priority:-2 extents:1 across:1998844k FS
[    6.067129] kauditd_printk_skb: 30 callbacks suppressed
[    6.067131] audit: type=1400 audit(1768166765.820:41): apparmor="DENIED" operation="capable" profile="/usr/sbin/cups-browsed" pid=497 comm="cups-browsed" capability=23  capname="sys_nice"
[    8.468585] pcnet32 0000:00:03.0 enp0s3: link up, 100Mbps, full-duplex
[    8.485848] pcnet32 0000:00:08.0 enp0s8: link up, 100Mbps, full-duplex
[    8.634352] e1000: enp0s9 NIC Link is Up 1000 Mbps Full Duplex, Flow Control: RX
[    8.635044] IPv6: ADDRCONF(NETDEV_CHANGE): enp0s9: link becomes ready
[    9.601187] device enp0s8 entered promiscuous mode
[    9.613505] device enp0s3 entered promiscuous mode
[    9.649745] audit: type=1400 audit(1768166769.404:42): apparmor="DENIED" operation="open" profile="/usr/sbin/tcpdump" name="/proc/sys/kernel/random/boot_id" pid=665 comm="tcpdump" requested_mask="r" denied_mask="r" fsuid=0 ouid=0
[    9.649979] audit: type=1400 audit(1768166769.404:43): apparmor="DENIED" operation="open" profile="/usr/sbin/tcpdump" name="/proc/sys/kernel/random/boot_id" pid=665 comm="tcpdump" requested_mask="r" denied_mask="r" fsuid=0 ouid=0
[    9.650033] audit: type=1400 audit(1768166769.404:44): apparmor="DENIED" operation="open" profile="/usr/sbin/tcpdump" name="/proc/sys/kernel/random/boot_id" pid=665 comm="tcpdump" requested_mask="r" denied_mask="r" fsuid=0 ouid=0
[    9.650132] audit: type=1400 audit(1768166769.404:45): apparmor="DENIED" operation="open" profile="/usr/sbin/tcpdump" name="/proc/sys/kernel/random/boot_id" pid=665 comm="tcpdump" requested_mask="r" denied_mask="r" fsuid=0 ouid=0
[    9.655291] audit: type=1400 audit(1768166769.408:46): apparmor="DENIED" operation="open" profile="/usr/sbin/tcpdump" name="/proc/sys/kernel/random/boot_id" pid=667 comm="tcpdump" requested_mask="r" denied_mask="r" fsuid=0 ouid=0
[    9.656208] audit: type=1400 audit(1768166769.412:47): apparmor="DENIED" operation="open" profile="/usr/sbin/tcpdump" name="/proc/sys/kernel/random/boot_id" pid=666 comm="tcpdump" requested_mask="r" denied_mask="r" fsuid=0 ouid=0
[    9.656756] audit: type=1400 audit(1768166769.412:48): apparmor="DENIED" operation="open" profile="/usr/sbin/tcpdump" name="/proc/sys/kernel/random/boot_id" pid=667 comm="tcpdump" requested_mask="r" denied_mask="r" fsuid=0 ouid=0
[    9.656948] audit: type=1400 audit(1768166769.412:49): apparmor="DENIED" operation="open" profile="/usr/sbin/tcpdump" name="/proc/sys/kernel/random/boot_id" pid=666 comm="tcpdump" requested_mask="r" denied_mask="r" fsuid=0 ouid=0
[    9.656991] audit: type=1400 audit(1768166769.412:50): apparmor="DENIED" operation="open" profile="/usr/sbin/tcpdump" name="/proc/sys/kernel/random/boot_id" pid=666 comm="tcpdump" requested_mask="r" denied_mask="r" fsuid=0 ouid=0
[   13.969446] rfkill: input handler disabled
[  242.796422] AAAAA-TCP_RECV: name:enp0s3: saddr:100932208: daddr:16783984: srtt_us:0: RTT:0: ssthresh:2147483647: cwnd:10: delivered:0: lost:0: retrans:0
[  242.796461] AAAAA-TCP_SEND: name:enp0s3: saddr:16783984: daddr:100932208: srtt_us:0: RTT:0: ssthresh:0: cwnd:0: delivered:0: lost:0: retrans:0
[  243.823125] AAAAA-TCP_SEND: name:enp0s3: saddr:16783984: daddr:100932208: srtt_us:0: RTT:0: ssthresh:0: cwnd:0: delivered:0: lost:0: retrans:0
[  244.578974] AAAAA-TCP_SEND: name:enp0s3: saddr:16783984: daddr:100932208: srtt_us:0: RTT:0: ssthresh:0: cwnd:0: delivered:0: lost:0: retrans:0
[  248.653456] AAAAA-TCP_RECV: name:enp0s3: saddr:100932208: daddr:16783984: srtt_us:0: RTT:0: ssthresh:2147483647: cwnd:10: delivered:0: lost:0: retrans:0
[  248.653519] AAAAA-TCP_SEND: name:enp0s3: saddr:16783984: daddr:100932208: srtt_us:0: RTT:0: ssthresh:0: cwnd:0: delivered:0: lost:0: retrans:0
[  248.934897] AAAAA-TCP_SEND: name:enp0s3: saddr:16783984: daddr:100932208: srtt_us:2250848: RTT:281356: ssthresh:2147483647: cwnd:10: delivered:1: lost:0: retrans:0
[  248.978582] AAAAA-TCP_RECV: name:enp0s3: saddr:100932208: daddr:16783984: srtt_us:2250848: RTT:281356: ssthresh:2147483647: cwnd:10: delivered:1: lost:0: retrans:0
[  248.978625] AAAAA-TCP_SEND: name:enp0s3: saddr:16783984: daddr:100932208: srtt_us:2250848: RTT:281356: ssthresh:2147483647: cwnd:10: delivered:1: lost:0: retrans:0
[  248.978805] AAAAA-TCP_SEND: name:enp0s3: saddr:16783984: daddr:100932208: srtt_us:2250848: RTT:281356: ssthresh:2147483647: cwnd:10: delivered:1: lost:0: retrans:0
[  249.365555] AAAAA-TCP_RECV: name:enp0s3: saddr:100932208: daddr:33561200: srtt_us:0: RTT:0: ssthresh:2147483647: cwnd:10: delivered:0: lost:0: retrans:0
[  249.365649] AAAAA-TCP_SEND: name:enp0s3: saddr:33561200: daddr:100932208: srtt_us:0: RTT:0: ssthresh:0: cwnd:0: delivered:0: lost:0: retrans:0
[  249.421582] AAAAA-TCP_RECV: name:enp0s3: saddr:100932208: daddr:16783984: srtt_us:2250848: RTT:281356: ssthresh:2147483647: cwnd:10: delivered:1: lost:0: retrans:0
[  249.472669] AAAAA-TCP_RECV: name:enp0s3: saddr:100932208: daddr:16783984: srtt_us:2412324: RTT:301540: ssthresh:2147483647: cwnd:10: delivered:2: lost:0: retrans:0
[  249.472750] AAAAA-TCP_SEND: name:enp0s3: saddr:16783984: daddr:100932208: srtt_us:2412324: RTT:301540: ssthresh:2147483647: cwnd:10: delivered:2: lost:0: retrans:0
[  249.749747] AAAAA-TCP_SEND: name:enp0s3: saddr:33561200: daddr:100932208: srtt_us:3072504: RTT:384063: ssthresh:2147483647: cwnd:10: delivered:1: lost:0: retrans:0
[  249.811471] AAAAA-TCP_RECV: name:enp0s3: saddr:100932208: daddr:16783984: srtt_us:2412324: RTT:301540: ssthresh:2147483647: cwnd:10: delivered:2: lost:0: retrans:0
[  249.811535] AAAAA-TCP_SEND: name:enp0s3: saddr:16783984: daddr:100932208: srtt_us:2412324: RTT:301540: ssthresh:2147483647: cwnd:10: delivered:2: lost:0: retrans:0
[  249.812133] AAAAA-TCP_SEND: name:enp0s3: saddr:16783984: daddr:100932208: srtt_us:2412324: RTT:301540: ssthresh:2147483647: cwnd:10: delivered:2: lost:0: retrans:0
[  250.085111] AAAAA-TCP_RECV: name:enp0s3: saddr:100932208: daddr:16783984: srtt_us:2412324: RTT:301540: ssthresh:2147483647: cwnd:10: delivered:2: lost:0: retrans:0
[  250.124171] AAAAA-TCP_RECV: name:enp0s3: saddr:100932208: daddr:16783984: srtt_us:0: RTT:0: ssthresh:2147483647: cwnd:10: delivered:0: lost:0: retrans:0
[  250.124231] AAAAA-TCP_SEND: name:enp0s3: saddr:16783984: daddr:100932208: srtt_us:0: RTT:0: ssthresh:0: cwnd:0: delivered:0: lost:0: retrans:0
[  250.211565] AAAAA-TCP_SEND: name:enp0s3: saddr:16783984: daddr:100932208: srtt_us:698408: RTT:87301: ssthresh:2147483647: cwnd:10: delivered:1: lost:0: retrans:0
[  250.274783] AAAAA-TCP_RECV: name:enp0s3: saddr:100932208: daddr:16783984: srtt_us:698408: RTT:87301: ssthresh:2147483647: cwnd:10: delivered:1: lost:0: retrans:0
[  250.274836] AAAAA-TCP_SEND: name:enp0s3: saddr:16783984: daddr:100932208: srtt_us:698408: RTT:87301: ssthresh:2147483647: cwnd:10: delivered:1: lost:0: retrans:0
[  250.276129] AAAAA-TCP_SEND: name:enp0s3: saddr:16783984: daddr:100932208: srtt_us:2383810: RTT:297976: ssthresh:2147483647: cwnd:10: delivered:3: lost:0: retrans:0
[  250.529951] AAAAA-TCP_RECV: name:enp0s3: saddr:100932208: daddr:33561200: srtt_us:0: RTT:0: ssthresh:2147483647: cwnd:10: delivered:0: lost:0: retrans:0
[  250.530007] AAAAA-TCP_SEND: name:enp0s3: saddr:33561200: daddr:100932208: srtt_us:0: RTT:0: ssthresh:0: cwnd:0: delivered:0: lost:0: retrans:0
[  250.685735] AAAAA-TCP_RECV: name:enp0s3: saddr:100932208: daddr:16783984: srtt_us:2383810: RTT:297976: ssthresh:2147483647: cwnd:10: delivered:3: lost:0: retrans:0
[  250.685789] AAAAA-TCP_SEND: name:enp0s3: saddr:16783984: daddr:100932208: srtt_us:2383810: RTT:297976: ssthresh:2147483647: cwnd:10: delivered:3: lost:0: retrans:0
[  250.917200] AAAAA-TCP_SEND: name:enp0s3: saddr:33561200: daddr:100932208: srtt_us:3097384: RTT:387173: ssthresh:2147483647: cwnd:10: delivered:1: lost:0: retrans:0
[  250.999000] AAAAA-TCP_RECV: name:enp0s3: saddr:100932208: daddr:16783984: srtt_us:2495498: RTT:311937: ssthresh:2147483647: cwnd:10: delivered:4: lost:0: retrans:0
[  251.133091] AAAAA-TCP_RECV: name:enp0s3: saddr:100932208: daddr:16783984: srtt_us:698408: RTT:87301: ssthresh:2147483647: cwnd:10: delivered:1: lost:0: retrans:0
[  251.133141] AAAAA-TCP_SEND: name:enp0s3: saddr:16783984: daddr:100932208: srtt_us:698408: RTT:87301: ssthresh:2147483647: cwnd:10: delivered:1: lost:0: retrans:0
[  251.206603] AAAAA-TCP_RECV: name:enp0s3: saddr:100932208: daddr:16783984: srtt_us:698408: RTT:87301: ssthresh:2147483647: cwnd:10: delivered:1: lost:0: retrans:0
[  251.206640] AAAAA-TCP_SEND: name:enp0s3: saddr:16783984: daddr:100932208: srtt_us:698408: RTT:87301: ssthresh:2147483647: cwnd:10: delivered:1: lost:0: retrans:0
[  251.257466] AAAAA-TCP_RECV: name:enp0s3: saddr:100932208: daddr:16783984: srtt_us:698408: RTT:87301: ssthresh:2147483647: cwnd:10: delivered:1: lost:0: retrans:0
[  251.257497] AAAAA-TCP_SEND: name:enp0s3: saddr:16783984: daddr:100932208: srtt_us:698408: RTT:87301: ssthresh:2147483647: cwnd:10: delivered:1: lost:0: retrans:0
[  251.423929] AAAAA-TCP_RECV: name:enp0s3: saddr:100932208: daddr:16783984: srtt_us:698408: RTT:87301: ssthresh:2147483647: cwnd:10: delivered:1: lost:0: retrans:0
[  251.423969] AAAAA-TCP_SEND: name:enp0s3: saddr:16783984: daddr:100932208: srtt_us:698408: RTT:87301: ssthresh:2147483647: cwnd:10: delivered:1: lost:0: retrans:0
[  251.595273] AAAAA-TCP_RECV: name:enp0s3: saddr:100932208: daddr:16783984: srtt_us:698408: RTT:87301: ssthresh:2147483647: cwnd:10: delivered:1: lost:0: retrans:0
[  251.595324] AAAAA-TCP_SEND: name:enp0s3: saddr:16783984: daddr:100932208: srtt_us:698408: RTT:87301: ssthresh:2147483647: cwnd:10: delivered:1: lost:0: retrans:0
[  251.782350] AAAAA-TCP_RECV: name:enp0s3: saddr:100932208: daddr:16783984: srtt_us:698408: RTT:87301: ssthresh:2147483647: cwnd:10: delivered:1: lost:0: retrans:0
[  251.782395] AAAAA-TCP_SEND: name:enp0s3: saddr:16783984: daddr:100932208: srtt_us:698408: RTT:87301: ssthresh:2147483647: cwnd:10: delivered:1: lost:0: retrans:0
[  251.971176] AAAAA-TCP_RECV: name:enp0s3: saddr:100932208: daddr:16783984: srtt_us:698408: RTT:87301: ssthresh:2147483647: cwnd:10: delivered:1: lost:0: retrans:0
[  251.971224] AAAAA-TCP_SEND: name:enp0s3: saddr:16783984: daddr:100932208: srtt_us:698408: RTT:87301: ssthresh:2147483647: cwnd:10: delivered:1: lost:0: retrans:0
[  252.123808] AAAAA-TCP_RECV: name:enp0s3: saddr:100932208: daddr:16783984: srtt_us:698408: RTT:87301: ssthresh:2147483647: cwnd:10: delivered:1: lost:0: retrans:0
[  252.123856] AAAAA-TCP_SEND: name:enp0s3: saddr:16783984: daddr:100932208: srtt_us:698408: RTT:87301: ssthresh:2147483647: cwnd:10: delivered:1: lost:0: retrans:0
[  252.159389] AAAAA-TCP_RECV: name:enp0s3: saddr:100932208: daddr:16783984: srtt_us:698408: RTT:87301: ssthresh:2147483647: cwnd:10: delivered:1: lost:0: retrans:0
[  252.159424] AAAAA-TCP_SEND: name:enp0s3: saddr:16783984: daddr:100932208: srtt_us:698408: RTT:87301: ssthresh:2147483647: cwnd:10: delivered:1: lost:0: retrans:0
[  252.281141] AAAAA-TCP_RECV: name:enp0s3: saddr:100932208: daddr:16783984: srtt_us:698408: RTT:87301: ssthresh:2147483647: cwnd:10: delivered:1: lost:0: retrans:0
[  252.281183] AAAAA-TCP_SEND: name:enp0s3: saddr:16783984: daddr:100932208: srtt_us:698408: RTT:87301: ssthresh:2147483647: cwnd:10: delivered:1: lost:0: retrans:0
[  252.351822] AAAAA-TCP_RECV: name:enp0s3: saddr:100932208: daddr:16783984: srtt_us:698408: RTT:87301: ssthresh:2147483647: cwnd:10: delivered:1: lost:0: retrans:0
[  252.351862] AAAAA-TCP_SEND: name:enp0s3: saddr:16783984: daddr:100932208: srtt_us:698408: RTT:87301: ssthresh:2147483647: cwnd:10: delivered:1: lost:0: retrans:0
[  252.611009] AAAAA-TCP_RECV: name:enp0s3: saddr:100932208: daddr:16783984: srtt_us:698408: RTT:87301: ssthresh:2147483647: cwnd:10: delivered:1: lost:0: retrans:0
[  252.611056] AAAAA-TCP_SEND: name:enp0s3: saddr:16783984: daddr:100932208: srtt_us:698408: RTT:87301: ssthresh:2147483647: cwnd:10: delivered:1: lost:0: retrans:0
[  252.657452] AAAAA-TCP_RECV: name:enp0s3: saddr:100932208: daddr:33561200: srtt_us:3097384: RTT:387173: ssthresh:2147483647: cwnd:10: delivered:1: lost:0: retrans:0
[  252.657495] AAAAA-TCP_SEND: name:enp0s3: saddr:33561200: daddr:100932208: srtt_us:3097384: RTT:387173: ssthresh:2147483647: cwnd:10: delivered:1: lost:0: retrans:0
[  252.773236] AAAAA-TCP_RECV: name:enp0s3: saddr:100932208: daddr:33561200: srtt_us:3097384: RTT:387173: ssthresh:2147483647: cwnd:10: delivered:1: lost:0: retrans:0
[  252.773273] AAAAA-TCP_SEND: name:enp0s3: saddr:33561200: daddr:100932208: srtt_us:3097384: RTT:387173: ssthresh:2147483647: cwnd:10: delivered:1: lost:0: retrans:0
[  252.803926] AAAAA-TCP_RECV: name:enp0s3: saddr:100932208: daddr:33561200: srtt_us:3097384: RTT:387173: ssthresh:2147483647: cwnd:10: delivered:1: lost:0: retrans:0
[  252.803959] AAAAA-TCP_SEND: name:enp0s3: saddr:33561200: daddr:100932208: srtt_us:3097384: RTT:387173: ssthresh:2147483647: cwnd:10: delivered:1: lost:0: retrans:0
[  252.878796] AAAAA-TCP_RECV: name:enp0s3: saddr:100932208: daddr:33561200: srtt_us:3097384: RTT:387173: ssthresh:2147483647: cwnd:10: delivered:1: lost:0: retrans:0
[  252.878836] AAAAA-TCP_SEND: name:enp0s3: saddr:33561200: daddr:100932208: srtt_us:3097384: RTT:387173: ssthresh:2147483647: cwnd:10: delivered:1: lost:0: retrans:0
[  252.992845] AAAAA-TCP_RECV: name:enp0s3: saddr:100932208: daddr:33561200: srtt_us:3097384: RTT:387173: ssthresh:2147483647: cwnd:10: delivered:1: lost:0: retrans:0
[  252.992881] AAAAA-TCP_SEND: name:enp0s3: saddr:33561200: daddr:100932208: srtt_us:3097384: RTT:387173: ssthresh:2147483647: cwnd:10: delivered:1: lost:0: retrans:0
[  253.121636] AAAAA-TCP_RECV: name:enp0s3: saddr:100932208: daddr:33561200: srtt_us:3097384: RTT:387173: ssthresh:2147483647: cwnd:10: delivered:1: lost:0: retrans:0
[  253.121675] AAAAA-TCP_SEND: name:enp0s3: saddr:33561200: daddr:100932208: srtt_us:3097384: RTT:387173: ssthresh:2147483647: cwnd:10: delivered:1: lost:0: retrans:0
[  253.234191] AAAAA-TCP_RECV: name:enp0s3: saddr:100932208: daddr:33561200: srtt_us:3097384: RTT:387173: ssthresh:2147483647: cwnd:10: delivered:1: lost:0: retrans:0
[  253.234227] AAAAA-TCP_SEND: name:enp0s3: saddr:33561200: daddr:100932208: srtt_us:3097384: RTT:387173: ssthresh:2147483647: cwnd:10: delivered:1: lost:0: retrans:0
[  253.330409] AAAAA-TCP_RECV: name:enp0s3: saddr:100932208: daddr:33561200: srtt_us:3097384: RTT:387173: ssthresh:2147483647: cwnd:10: delivered:1: lost:0: retrans:0
[  253.330438] AAAAA-TCP_SEND: name:enp0s3: saddr:33561200: daddr:100932208: srtt_us:3097384: RTT:387173: ssthresh:2147483647: cwnd:10: delivered:1: lost:0: retrans:0
[  253.420588] AAAAA-TCP_RECV: name:enp0s3: saddr:100932208: daddr:33561200: srtt_us:3097384: RTT:387173: ssthresh:2147483647: cwnd:10: delivered:1: lost:0: retrans:0
[  253.420622] AAAAA-TCP_SEND: name:enp0s3: saddr:33561200: daddr:100932208: srtt_us:3097384: RTT:387173: ssthresh:2147483647: cwnd:10: delivered:1: lost:0: retrans:0
[  253.572336] AAAAA-TCP_RECV: name:enp0s3: saddr:100932208: daddr:33561200: srtt_us:3097384: RTT:387173: ssthresh:2147483647: cwnd:10: delivered:1: lost:0: retrans:0
[  253.572383] AAAAA-TCP_SEND: name:enp0s3: saddr:33561200: daddr:100932208: srtt_us:3097384: RTT:387173: ssthresh:2147483647: cwnd:10: delivered:1: lost:0: retrans:0
[  253.724665] AAAAA-TCP_RECV: name:enp0s3: saddr:100932208: daddr:16783984: srtt_us:698408: RTT:87301: ssthresh:2147483647: cwnd:10: delivered:1: lost:0: retrans:0
[  253.724699] AAAAA-TCP_SEND: name:enp0s3: saddr:16783984: daddr:100932208: srtt_us:698408: RTT:87301: ssthresh:2147483647: cwnd:10: delivered:1: lost:0: retrans:0
[  253.772534] AAAAA-TCP_RECV: name:enp0s3: saddr:100932208: daddr:16783984: srtt_us:698408: RTT:87301: ssthresh:2147483647: cwnd:10: delivered:1: lost:0: retrans:0
[  253.772580] AAAAA-TCP_SEND: name:enp0s3: saddr:16783984: daddr:100932208: srtt_us:698408: RTT:87301: ssthresh:2147483647: cwnd:10: delivered:1: lost:0: retrans:0
[  253.836977] AAAAA-TCP_RECV: name:enp0s3: saddr:100932208: daddr:16783984: srtt_us:698408: RTT:87301: ssthresh:2147483647: cwnd:10: delivered:1: lost:0: retrans:0
[  253.837016] AAAAA-TCP_SEND: name:enp0s3: saddr:16783984: daddr:100932208: srtt_us:698408: RTT:87301: ssthresh:2147483647: cwnd:10: delivered:1: lost:0: retrans:0
[  254.126492] AAAAA-TCP_RECV: name:enp0s3: saddr:100932208: daddr:33561200: srtt_us:3097384: RTT:387173: ssthresh:2147483647: cwnd:10: delivered:1: lost:0: retrans:0
[  254.126565] AAAAA-TCP_SEND: name:enp0s3: saddr:33561200: daddr:100932208: srtt_us:3097384: RTT:387173: ssthresh:2147483647: cwnd:10: delivered:1: lost:0: retrans:0
[  254.220675] AAAAA-TCP_RECV: name:enp0s3: saddr:100932208: daddr:16783984: srtt_us:698408: RTT:87301: ssthresh:2147483647: cwnd:10: delivered:1: lost:0: retrans:0
[  254.220718] AAAAA-TCP_SEND: name:enp0s3: saddr:16783984: daddr:100932208: srtt_us:698408: RTT:87301: ssthresh:2147483647: cwnd:10: delivered:1: lost:0: retrans:0
[  254.263780] AAAAA-TCP_RECV: name:enp0s3: saddr:100932208: daddr:16783984: srtt_us:698408: RTT:87301: ssthresh:2147483647: cwnd:10: delivered:1: lost:0: retrans:0
[  254.263823] AAAAA-TCP_SEND: name:enp0s3: saddr:16783984: daddr:100932208: srtt_us:698408: RTT:87301: ssthresh:2147483647: cwnd:10: delivered:1: lost:0: retrans:0
[  254.324145] AAAAA-TCP_RECV: name:enp0s3: saddr:100932208: daddr:16783984: srtt_us:698408: RTT:87301: ssthresh:2147483647: cwnd:10: delivered:1: lost:0: retrans:0
[  254.324185] AAAAA-TCP_SEND: name:enp0s3: saddr:16783984: daddr:100932208: srtt_us:698408: RTT:87301: ssthresh:2147483647: cwnd:10: delivered:1: lost:0: retrans:0
[  254.359620] AAAAA-TCP_RECV: name:enp0s3: saddr:100932208: daddr:16783984: srtt_us:698408: RTT:87301: ssthresh:2147483647: cwnd:10: delivered:1: lost:0: retrans:0
[  254.359651] AAAAA-TCP_SEND: name:enp0s3: saddr:16783984: daddr:100932208: srtt_us:698408: RTT:87301: ssthresh:2147483647: cwnd:10: delivered:1: lost:0: retrans:0
[  254.527526] AAAAA-TCP_RECV: name:enp0s3: saddr:100932208: daddr:16783984: srtt_us:698408: RTT:87301: ssthresh:2147483647: cwnd:10: delivered:1: lost:0: retrans:0
[  254.527574] AAAAA-TCP_SEND: name:enp0s3: saddr:16783984: daddr:100932208: srtt_us:698408: RTT:87301: ssthresh:2147483647: cwnd:10: delivered:1: lost:0: retrans:0
[  254.760231] AAAAA-TCP_RECV: name:enp0s3: saddr:100932208: daddr:16783984: srtt_us:698408: RTT:87301: ssthresh:2147483647: cwnd:10: delivered:1: lost:0: retrans:0
[  254.760284] AAAAA-TCP_SEND: name:enp0s3: saddr:16783984: daddr:100932208: srtt_us:698408: RTT:87301: ssthresh:2147483647: cwnd:10: delivered:1: lost:0: retrans:0
[  254.835390] AAAAA-TCP_RECV: name:enp0s3: saddr:100932208: daddr:16783984: srtt_us:698408: RTT:87301: ssthresh:2147483647: cwnd:10: delivered:1: lost:0: retrans:0
[  254.835440] AAAAA-TCP_SEND: name:enp0s3: saddr:16783984: daddr:100932208: srtt_us:698408: RTT:87301: ssthresh:2147483647: cwnd:10: delivered:1: lost:0: retrans:0
[  254.863566] AAAAA-TCP_RECV: name:enp0s3: saddr:100932208: daddr:16783984: srtt_us:698408: RTT:87301: ssthresh:2147483647: cwnd:10: delivered:1: lost:0: retrans:0
[  254.863600] AAAAA-TCP_SEND: name:enp0s3: saddr:16783984: daddr:100932208: srtt_us:698408: RTT:87301: ssthresh:2147483647: cwnd:10: delivered:1: lost:0: retrans:0
[  254.928553] AAAAA-TCP_RECV: name:enp0s3: saddr:100932208: daddr:33561200: srtt_us:3097384: RTT:387173: ssthresh:2147483647: cwnd:10: delivered:1: lost:0: retrans:0
[  254.928587] AAAAA-TCP_SEND: name:enp0s3: saddr:33561200: daddr:100932208: srtt_us:3097384: RTT:387173: ssthresh:2147483647: cwnd:10: delivered:1: lost:0: retrans:0
[  255.052562] AAAAA-TCP_RECV: name:enp0s3: saddr:100932208: daddr:16783984: srtt_us:698408: RTT:87301: ssthresh:2147483647: cwnd:10: delivered:1: lost:0: retrans:0
[  255.052616] AAAAA-TCP_SEND: name:enp0s3: saddr:16783984: daddr:100932208: srtt_us:698408: RTT:87301: ssthresh:2147483647: cwnd:10: delivered:1: lost:0: retrans:0
[  255.118098] AAAAA-TCP_RECV: name:enp0s3: saddr:100932208: daddr:16783984: srtt_us:698408: RTT:87301: ssthresh:2147483647: cwnd:10: delivered:1: lost:0: retrans:0
[  255.118118] AAAAA-TCP_SEND: name:enp0s3: saddr:16783984: daddr:100932208: srtt_us:698408: RTT:87301: ssthresh:2147483647: cwnd:10: delivered:1: lost:0: retrans:0
[  255.350062] AAAAA-TCP_RECV: name:enp0s3: saddr:100932208: daddr:16783984: srtt_us:698408: RTT:87301: ssthresh:2147483647: cwnd:10: delivered:1: lost:0: retrans:0
[  255.350105] AAAAA-TCP_SEND: name:enp0s3: saddr:16783984: daddr:100932208: srtt_us:698408: RTT:87301: ssthresh:2147483647: cwnd:10: delivered:1: lost:0: retrans:0
[  255.410121] AAAAA-TCP_RECV: name:enp0s3: saddr:100932208: daddr:16783984: srtt_us:698408: RTT:87301: ssthresh:2147483647: cwnd:10: delivered:1: lost:0: retrans:0
[  255.410200] AAAAA-TCP_SEND: name:enp0s3: saddr:16783984: daddr:100932208: srtt_us:698408: RTT:87301: ssthresh:2147483647: cwnd:10: delivered:1: lost:0: retrans:0
[  255.491375] AAAAA-TCP_RECV: name:enp0s3: saddr:100932208: daddr:16783984: srtt_us:698408: RTT:87301: ssthresh:2147483647: cwnd:10: delivered:1: lost:0: retrans:0
[  255.491448] AAAAA-TCP_SEND: name:enp0s3: saddr:16783984: daddr:100932208: srtt_us:698408: RTT:87301: ssthresh:2147483647: cwnd:10: delivered:1: lost:0: retrans:0
[  255.687087] AAAAA-TCP_RECV: name:enp0s3: saddr:100932208: daddr:16783984: srtt_us:698408: RTT:87301: ssthresh:2147483647: cwnd:10: delivered:1: lost:0: retrans:0
[  255.687158] AAAAA-TCP_SEND: name:enp0s3: saddr:16783984: daddr:100932208: srtt_us:698408: RTT:87301: ssthresh:2147483647: cwnd:10: delivered:1: lost:0: retrans:0
[  255.969393] AAAAA-TCP_RECV: name:enp0s3: saddr:100932208: daddr:16783984: srtt_us:698408: RTT:87301: ssthresh:2147483647: cwnd:10: delivered:1: lost:0: retrans:0
[  255.969427] AAAAA-TCP_SEND: name:enp0s3: saddr:16783984: daddr:100932208: srtt_us:698408: RTT:87301: ssthresh:2147483647: cwnd:10: delivered:1: lost:0: retrans:0
[  256.044293] AAAAA-TCP_RECV: name:enp0s3: saddr:100932208: daddr:16783984: srtt_us:698408: RTT:87301: ssthresh:2147483647: cwnd:10: delivered:1: lost:0: retrans:0
[  256.044322] AAAAA-TCP_SEND: name:enp0s3: saddr:16783984: daddr:100932208: srtt_us:698408: RTT:87301: ssthresh:2147483647: cwnd:10: delivered:1: lost:0: retrans:0
[  256.265290] AAAAA-TCP_RECV: name:enp0s3: saddr:100932208: daddr:33561200: srtt_us:3097384: RTT:387173: ssthresh:2147483647: cwnd:10: delivered:1: lost:0: retrans:0
[  256.265320] AAAAA-TCP_SEND: name:enp0s3: saddr:33561200: daddr:100932208: srtt_us:3097384: RTT:387173: ssthresh:2147483647: cwnd:10: delivered:1: lost:0: retrans:0
[  256.434483] AAAAA-TCP_RECV: name:enp0s3: saddr:100932208: daddr:33561200: srtt_us:3097384: RTT:387173: ssthresh:2147483647: cwnd:10: delivered:1: lost:0: retrans:0
[  256.434513] AAAAA-TCP_SEND: name:enp0s3: saddr:33561200: daddr:100932208: srtt_us:3097384: RTT:387173: ssthresh:2147483647: cwnd:10: delivered:1: lost:0: retrans:0
[  256.464245] AAAAA-TCP_RECV: name:enp0s3: saddr:100932208: daddr:33561200: srtt_us:3097384: RTT:387173: ssthresh:2147483647: cwnd:10: delivered:1: lost:0: retrans:0
[  256.464274] AAAAA-TCP_SEND: name:enp0s3: saddr:33561200: daddr:100932208: srtt_us:3097384: RTT:387173: ssthresh:2147483647: cwnd:10: delivered:1: lost:0: retrans:0
[  256.510882] AAAAA-TCP_RECV: name:enp0s3: saddr:100932208: daddr:33561200: srtt_us:3097384: RTT:387173: ssthresh:2147483647: cwnd:10: delivered:1: lost:0: retrans:0
[  256.510915] AAAAA-TCP_SEND: name:enp0s3: saddr:33561200: daddr:100932208: srtt_us:3097384: RTT:387173: ssthresh:2147483647: cwnd:10: delivered:1: lost:0: retrans:0
[  256.568807] AAAAA-TCP_RECV: name:enp0s3: saddr:100932208: daddr:33561200: srtt_us:3097384: RTT:387173: ssthresh:2147483647: cwnd:10: delivered:1: lost:0: retrans:0
[  256.568873] AAAAA-TCP_SEND: name:enp0s3: saddr:33561200: daddr:100932208: srtt_us:3097384: RTT:387173: ssthresh:2147483647: cwnd:10: delivered:1: lost:0: retrans:0
[  256.600983] AAAAA-TCP_RECV: name:enp0s3: saddr:100932208: daddr:33561200: srtt_us:3097384: RTT:387173: ssthresh:2147483647: cwnd:10: delivered:1: lost:0: retrans:0
[  256.601045] AAAAA-TCP_SEND: name:enp0s3: saddr:33561200: daddr:100932208: srtt_us:3097384: RTT:387173: ssthresh:2147483647: cwnd:10: delivered:1: lost:0: retrans:0
[  256.739907] AAAAA-TCP_RECV: name:enp0s3: saddr:100932208: daddr:33561200: srtt_us:3097384: RTT:387173: ssthresh:2147483647: cwnd:10: delivered:1: lost:0: retrans:0
[  256.739980] AAAAA-TCP_SEND: name:enp0s3: saddr:33561200: daddr:100932208: srtt_us:3097384: RTT:387173: ssthresh:2147483647: cwnd:10: delivered:1: lost:0: retrans:0
[  256.849262] AAAAA-TCP_RECV: name:enp0s3: saddr:100932208: daddr:33561200: srtt_us:3097384: RTT:387173: ssthresh:2147483647: cwnd:10: delivered:1: lost:0: retrans:0
[  256.849317] AAAAA-TCP_SEND: name:enp0s3: saddr:33561200: daddr:100932208: srtt_us:3097384: RTT:387173: ssthresh:2147483647: cwnd:10: delivered:1: lost:0: retrans:0
[  256.884708] AAAAA-TCP_RECV: name:enp0s3: saddr:100932208: daddr:33561200: srtt_us:3097384: RTT:387173: ssthresh:2147483647: cwnd:10: delivered:1: lost:0: retrans:0
[  256.884738] AAAAA-TCP_SEND: name:enp0s3: saddr:33561200: daddr:100932208: srtt_us:3097384: RTT:387173: ssthresh:2147483647: cwnd:10: delivered:1: lost:0: retrans:0
[  256.943410] AAAAA-TCP_RECV: name:enp0s3: saddr:100932208: daddr:33561200: srtt_us:3097384: RTT:387173: ssthresh:2147483647: cwnd:10: delivered:1: lost:0: retrans:0
[  256.943435] AAAAA-TCP_SEND: name:enp0s3: saddr:33561200: daddr:100932208: srtt_us:3097384: RTT:387173: ssthresh:2147483647: cwnd:10: delivered:1: lost:0: retrans:0
[  257.109313] AAAAA-TCP_RECV: name:enp0s3: saddr:100932208: daddr:33561200: srtt_us:3097384: RTT:387173: ssthresh:2147483647: cwnd:10: delivered:1: lost:0: retrans:0
[  257.109342] AAAAA-TCP_SEND: name:enp0s3: saddr:33561200: daddr:100932208: srtt_us:3097384: RTT:387173: ssthresh:2147483647: cwnd:10: delivered:1: lost:0: retrans:0
[  257.188430] AAAAA-TCP_RECV: name:enp0s3: saddr:100932208: daddr:33561200: srtt_us:3097384: RTT:387173: ssthresh:2147483647: cwnd:10: delivered:1: lost:0: retrans:0
[  257.188456] AAAAA-TCP_SEND: name:enp0s3: saddr:33561200: daddr:100932208: srtt_us:3097384: RTT:387173: ssthresh:2147483647: cwnd:10: delivered:1: lost:0: retrans:0
[  257.426790] AAAAA-TCP_RECV: name:enp0s3: saddr:100932208: daddr:33561200: srtt_us:3097384: RTT:387173: ssthresh:2147483647: cwnd:10: delivered:1: lost:0: retrans:0
[  257.426818] AAAAA-TCP_SEND: name:enp0s3: saddr:33561200: daddr:100932208: srtt_us:3097384: RTT:387173: ssthresh:2147483647: cwnd:10: delivered:1: lost:0: retrans:0
[  257.468979] AAAAA-TCP_RECV: name:enp0s3: saddr:100932208: daddr:33561200: srtt_us:3097384: RTT:387173: ssthresh:2147483647: cwnd:10: delivered:1: lost:0: retrans:0
[  257.469005] AAAAA-TCP_SEND: name:enp0s3: saddr:33561200: daddr:100932208: srtt_us:3097384: RTT:387173: ssthresh:2147483647: cwnd:10: delivered:1: lost:0: retrans:0
[  257.533455] AAAAA-TCP_RECV: name:enp0s3: saddr:100932208: daddr:33561200: srtt_us:3097384: RTT:387173: ssthresh:2147483647: cwnd:10: delivered:1: lost:0: retrans:0
[  257.533480] AAAAA-TCP_SEND: name:enp0s3: saddr:33561200: daddr:100932208: srtt_us:3097384: RTT:387173: ssthresh:2147483647: cwnd:10: delivered:1: lost:0: retrans:0
[  257.659702] AAAAA-TCP_RECV: name:enp0s3: saddr:100932208: daddr:33561200: srtt_us:3097384: RTT:387173: ssthresh:2147483647: cwnd:10: delivered:1: lost:0: retrans:0
[  257.659729] AAAAA-TCP_SEND: name:enp0s3: saddr:33561200: daddr:100932208: srtt_us:3097384: RTT:387173: ssthresh:2147483647: cwnd:10: delivered:1: lost:0: retrans:0
[  257.851266] AAAAA-TCP_RECV: name:enp0s3: saddr:100932208: daddr:33561200: srtt_us:3097384: RTT:387173: ssthresh:2147483647: cwnd:10: delivered:1: lost:0: retrans:0
[  257.895099] AAAAA-TCP_SEND: name:enp0s3: saddr:33561200: daddr:100932208: srtt_us:3097384: RTT:387173: ssthresh:2147483647: cwnd:10: delivered:1: lost:0: retrans:0
[  257.920969] AAAAA-TCP_RECV: name:enp0s3: saddr:100932208: daddr:33561200: srtt_us:3097384: RTT:387173: ssthresh:2147483647: cwnd:10: delivered:1: lost:0: retrans:0
[  258.031097] AAAAA-TCP_SEND: name:enp0s3: saddr:33561200: daddr:100932208: srtt_us:3097384: RTT:387173: ssthresh:2147483647: cwnd:10: delivered:1: lost:0: retrans:0
[  258.124468] AAAAA-TCP_RECV: name:enp0s3: saddr:100932208: daddr:16783984: srtt_us:698408: RTT:87301: ssthresh:2147483647: cwnd:10: delivered:1: lost:0: retrans:0
[  258.124495] AAAAA-TCP_SEND: name:enp0s3: saddr:16783984: daddr:100932208: srtt_us:698408: RTT:87301: ssthresh:2147483647: cwnd:10: delivered:1: lost:0: retrans:0
[  258.212176] AAAAA-TCP_RECV: name:enp0s3: saddr:100932208: daddr:16783984: srtt_us:698408: RTT:87301: ssthresh:2147483647: cwnd:10: delivered:1: lost:0: retrans:0
[  258.212201] AAAAA-TCP_SEND: name:enp0s3: saddr:16783984: daddr:100932208: srtt_us:698408: RTT:87301: ssthresh:2147483647: cwnd:10: delivered:1: lost:0: retrans:0
[  258.293882] AAAAA-TCP_RECV: name:enp0s3: saddr:100932208: daddr:16783984: srtt_us:698408: RTT:87301: ssthresh:2147483647: cwnd:10: delivered:1: lost:0: retrans:0
[  258.293907] AAAAA-TCP_SEND: name:enp0s3: saddr:16783984: daddr:100932208: srtt_us:698408: RTT:87301: ssthresh:2147483647: cwnd:10: delivered:1: lost:0: retrans:0
[  258.324191] AAAAA-TCP_RECV: name:enp0s3: saddr:100932208: daddr:16783984: srtt_us:698408: RTT:87301: ssthresh:2147483647: cwnd:10: delivered:1: lost:0: retrans:0
[  258.324215] AAAAA-TCP_SEND: name:enp0s3: saddr:16783984: daddr:100932208: srtt_us:698408: RTT:87301: ssthresh:2147483647: cwnd:10: delivered:1: lost:0: retrans:0
[  258.361205] AAAAA-TCP_RECV: name:enp0s3: saddr:100932208: daddr:16783984: srtt_us:698408: RTT:87301: ssthresh:2147483647: cwnd:10: delivered:1: lost:0: retrans:0
[  258.361228] AAAAA-TCP_SEND: name:enp0s3: saddr:16783984: daddr:100932208: srtt_us:698408: RTT:87301: ssthresh:2147483647: cwnd:10: delivered:1: lost:0: retrans:0
[  258.429611] AAAAA-TCP_RECV: name:enp0s3: saddr:100932208: daddr:16783984: srtt_us:698408: RTT:87301: ssthresh:2147483647: cwnd:10: delivered:1: lost:0: retrans:0
[  258.429635] AAAAA-TCP_SEND: name:enp0s3: saddr:16783984: daddr:100932208: srtt_us:698408: RTT:87301: ssthresh:2147483647: cwnd:10: delivered:1: lost:0: retrans:0
[  258.558918] AAAAA-TCP_RECV: name:enp0s3: saddr:100932208: daddr:16783984: srtt_us:698408: RTT:87301: ssthresh:2147483647: cwnd:10: delivered:1: lost:0: retrans:0
[  258.558943] AAAAA-TCP_SEND: name:enp0s3: saddr:16783984: daddr:100932208: srtt_us:698408: RTT:87301: ssthresh:2147483647: cwnd:10: delivered:1: lost:0: retrans:0
[  258.701605] AAAAA-TCP_RECV: name:enp0s3: saddr:100932208: daddr:16783984: srtt_us:698408: RTT:87301: ssthresh:2147483647: cwnd:10: delivered:1: lost:0: retrans:0
[  258.701629] AAAAA-TCP_SEND: name:enp0s3: saddr:16783984: daddr:100932208: srtt_us:698408: RTT:87301: ssthresh:2147483647: cwnd:10: delivered:1: lost:0: retrans:0
[  258.784254] AAAAA-TCP_RECV: name:enp0s3: saddr:100932208: daddr:16783984: srtt_us:698408: RTT:87301: ssthresh:2147483647: cwnd:10: delivered:1: lost:0: retrans:0
[  258.784293] AAAAA-TCP_SEND: name:enp0s3: saddr:16783984: daddr:100932208: srtt_us:698408: RTT:87301: ssthresh:2147483647: cwnd:10: delivered:1: lost:0: retrans:0
[  258.955009] AAAAA-TCP_RECV: name:enp0s3: saddr:100932208: daddr:16783984: srtt_us:698408: RTT:87301: ssthresh:2147483647: cwnd:10: delivered:1: lost:0: retrans:0
[  258.955036] AAAAA-TCP_SEND: name:enp0s3: saddr:16783984: daddr:100932208: srtt_us:698408: RTT:87301: ssthresh:2147483647: cwnd:10: delivered:1: lost:0: retrans:0
[  259.042688] AAAAA-TCP_RECV: name:enp0s3: saddr:100932208: daddr:16783984: srtt_us:698408: RTT:87301: ssthresh:2147483647: cwnd:10: delivered:1: lost:0: retrans:0
[  259.042713] AAAAA-TCP_SEND: name:enp0s3: saddr:16783984: daddr:100932208: srtt_us:698408: RTT:87301: ssthresh:2147483647: cwnd:10: delivered:1: lost:0: retrans:0
[  259.120598] AAAAA-TCP_RECV: name:enp0s3: saddr:100932208: daddr:16783984: srtt_us:698408: RTT:87301: ssthresh:2147483647: cwnd:10: delivered:1: lost:0: retrans:0
[  259.120624] AAAAA-TCP_SEND: name:enp0s3: saddr:16783984: daddr:100932208: srtt_us:698408: RTT:87301: ssthresh:2147483647: cwnd:10: delivered:1: lost:0: retrans:0
[  259.204341] AAAAA-TCP_RECV: name:enp0s3: saddr:100932208: daddr:16783984: srtt_us:698408: RTT:87301: ssthresh:2147483647: cwnd:10: delivered:1: lost:0: retrans:0
[  259.204368] AAAAA-TCP_SEND: name:enp0s3: saddr:16783984: daddr:100932208: srtt_us:698408: RTT:87301: ssthresh:2147483647: cwnd:10: delivered:1: lost:0: retrans:0
[  259.293336] AAAAA-TCP_RECV: name:enp0s3: saddr:100932208: daddr:16783984: srtt_us:698408: RTT:87301: ssthresh:2147483647: cwnd:10: delivered:1: lost:0: retrans:0
[  259.293362] AAAAA-TCP_SEND: name:enp0s3: saddr:16783984: daddr:100932208: srtt_us:698408: RTT:87301: ssthresh:2147483647: cwnd:10: delivered:1: lost:0: retrans:0
[  259.365754] AAAAA-TCP_RECV: name:enp0s3: saddr:100932208: daddr:16783984: srtt_us:698408: RTT:87301: ssthresh:2147483647: cwnd:10: delivered:1: lost:0: retrans:0
[  259.365778] AAAAA-TCP_SEND: name:enp0s3: saddr:16783984: daddr:100932208: srtt_us:698408: RTT:87301: ssthresh:2147483647: cwnd:10: delivered:1: lost:0: retrans:0
[  259.489594] AAAAA-TCP_RECV: name:enp0s3: saddr:100932208: daddr:16783984: srtt_us:698408: RTT:87301: ssthresh:2147483647: cwnd:10: delivered:1: lost:0: retrans:0
[  259.489638] AAAAA-TCP_SEND: name:enp0s3: saddr:16783984: daddr:100932208: srtt_us:698408: RTT:87301: ssthresh:2147483647: cwnd:10: delivered:1: lost:0: retrans:0
[  259.570660] AAAAA-TCP_RECV: name:enp0s3: saddr:100932208: daddr:16783984: srtt_us:698408: RTT:87301: ssthresh:2147483647: cwnd:10: delivered:1: lost:0: retrans:0
[  259.611107] AAAAA-TCP_SEND: name:enp0s3: saddr:16783984: daddr:100932208: srtt_us:698408: RTT:87301: ssthresh:2147483647: cwnd:10: delivered:1: lost:0: retrans:0
[  259.695682] AAAAA-TCP_RECV: name:enp0s3: saddr:100932208: daddr:16783984: srtt_us:698408: RTT:87301: ssthresh:2147483647: cwnd:10: delivered:1: lost:0: retrans:0
[  259.779158] AAAAA-TCP_SEND: name:enp0s3: saddr:16783984: daddr:100932208: srtt_us:698408: RTT:87301: ssthresh:2147483647: cwnd:10: delivered:1: lost:0: retrans:0
[  259.828723] AAAAA-TCP_RECV: name:enp0s3: saddr:100932208: daddr:33561200: srtt_us:3097384: RTT:387173: ssthresh:2147483647: cwnd:10: delivered:1: lost:0: retrans:0
[  259.828751] AAAAA-TCP_SEND: name:enp0s3: saddr:33561200: daddr:100932208: srtt_us:3097384: RTT:387173: ssthresh:2147483647: cwnd:10: delivered:1: lost:0: retrans:0
[  259.893202] AAAAA-TCP_RECV: name:enp0s3: saddr:100932208: daddr:33561200: srtt_us:3097384: RTT:387173: ssthresh:2147483647: cwnd:10: delivered:1: lost:0: retrans:0
[  259.893227] AAAAA-TCP_SEND: name:enp0s3: saddr:33561200: daddr:100932208: srtt_us:3097384: RTT:387173: ssthresh:2147483647: cwnd:10: delivered:1: lost:0: retrans:0
[  259.937995] AAAAA-TCP_RECV: name:enp0s3: saddr:100932208: daddr:33561200: srtt_us:3097384: RTT:387173: ssthresh:2147483647: cwnd:10: delivered:1: lost:0: retrans:0
[  259.938018] AAAAA-TCP_SEND: name:enp0s3: saddr:33561200: daddr:100932208: srtt_us:3097384: RTT:387173: ssthresh:2147483647: cwnd:10: delivered:1: lost:0: retrans:0
[  260.169447] AAAAA-TCP_RECV: name:enp0s3: saddr:100932208: daddr:33561200: srtt_us:3097384: RTT:387173: ssthresh:2147483647: cwnd:10: delivered:1: lost:0: retrans:0
[  260.169472] AAAAA-TCP_SEND: name:enp0s3: saddr:33561200: daddr:100932208: srtt_us:3097384: RTT:387173: ssthresh:2147483647: cwnd:10: delivered:1: lost:0: retrans:0
[  260.298364] AAAAA-TCP_RECV: name:enp0s3: saddr:100932208: daddr:33561200: srtt_us:3097384: RTT:387173: ssthresh:2147483647: cwnd:10: delivered:1: lost:0: retrans:0
[  260.298391] AAAAA-TCP_SEND: name:enp0s3: saddr:33561200: daddr:100932208: srtt_us:3097384: RTT:387173: ssthresh:2147483647: cwnd:10: delivered:1: lost:0: retrans:0
[  260.337191] AAAAA-TCP_RECV: name:enp0s3: saddr:100932208: daddr:33561200: srtt_us:3097384: RTT:387173: ssthresh:2147483647: cwnd:10: delivered:1: lost:0: retrans:0
[  260.337231] AAAAA-TCP_SEND: name:enp0s3: saddr:33561200: daddr:100932208: srtt_us:3097384: RTT:387173: ssthresh:2147483647: cwnd:10: delivered:1: lost:0: retrans:0
[  260.395475] AAAAA-TCP_RECV: name:enp0s3: saddr:100932208: daddr:33561200: srtt_us:3097384: RTT:387173: ssthresh:2147483647: cwnd:10: delivered:1: lost:0: retrans:0
[  260.395498] AAAAA-TCP_SEND: name:enp0s3: saddr:33561200: daddr:100932208: srtt_us:3097384: RTT:387173: ssthresh:2147483647: cwnd:10: delivered:1: lost:0: retrans:0
[  260.452460] AAAAA-TCP_RECV: name:enp0s3: saddr:100932208: daddr:33561200: srtt_us:3097384: RTT:387173: ssthresh:2147483647: cwnd:10: delivered:1: lost:0: retrans:0
[  260.452484] AAAAA-TCP_SEND: name:enp0s3: saddr:33561200: daddr:100932208: srtt_us:3097384: RTT:387173: ssthresh:2147483647: cwnd:10: delivered:1: lost:0: retrans:0
[  260.522880] AAAAA-TCP_RECV: name:enp0s3: saddr:100932208: daddr:33561200: srtt_us:3097384: RTT:387173: ssthresh:2147483647: cwnd:10: delivered:1: lost:0: retrans:0
[  260.522906] AAAAA-TCP_SEND: name:enp0s3: saddr:33561200: daddr:100932208: srtt_us:3097384: RTT:387173: ssthresh:2147483647: cwnd:10: delivered:1: lost:0: retrans:0
[  260.596542] AAAAA-TCP_RECV: name:enp0s3: saddr:100932208: daddr:33561200: srtt_us:3097384: RTT:387173: ssthresh:2147483647: cwnd:10: delivered:1: lost:0: retrans:0
[  260.596567] AAAAA-TCP_SEND: name:enp0s3: saddr:33561200: daddr:100932208: srtt_us:3097384: RTT:387173: ssthresh:2147483647: cwnd:10: delivered:1: lost:0: retrans:0
[  260.688558] AAAAA-TCP_RECV: name:enp0s3: saddr:100932208: daddr:33561200: srtt_us:3097384: RTT:387173: ssthresh:2147483647: cwnd:10: delivered:1: lost:0: retrans:0
[  260.688582] AAAAA-TCP_SEND: name:enp0s3: saddr:33561200: daddr:100932208: srtt_us:3097384: RTT:387173: ssthresh:2147483647: cwnd:10: delivered:1: lost:0: retrans:0
[  260.783976] AAAAA-TCP_RECV: name:enp0s3: saddr:100932208: daddr:33561200: srtt_us:3097384: RTT:387173: ssthresh:2147483647: cwnd:10: delivered:1: lost:0: retrans:0
[  260.784000] AAAAA-TCP_SEND: name:enp0s3: saddr:33561200: daddr:100932208: srtt_us:3097384: RTT:387173: ssthresh:2147483647: cwnd:10: delivered:1: lost:0: retrans:0
[  260.911809] AAAAA-TCP_RECV: name:enp0s3: saddr:100932208: daddr:33561200: srtt_us:3097384: RTT:387173: ssthresh:2147483647: cwnd:10: delivered:1: lost:0: retrans:0
[  260.911835] AAAAA-TCP_SEND: name:enp0s3: saddr:33561200: daddr:100932208: srtt_us:3097384: RTT:387173: ssthresh:2147483647: cwnd:10: delivered:1: lost:0: retrans:0
[  260.964853] AAAAA-TCP_RECV: name:enp0s3: saddr:100932208: daddr:33561200: srtt_us:3097384: RTT:387173: ssthresh:2147483647: cwnd:10: delivered:1: lost:0: retrans:0
[  260.964878] AAAAA-TCP_SEND: name:enp0s3: saddr:33561200: daddr:100932208: srtt_us:3097384: RTT:387173: ssthresh:2147483647: cwnd:10: delivered:1: lost:0: retrans:0
[  261.067687] AAAAA-TCP_RECV: name:enp0s3: saddr:100932208: daddr:33561200: srtt_us:3097384: RTT:387173: ssthresh:2147483647: cwnd:10: delivered:1: lost:0: retrans:0
[  261.067711] AAAAA-TCP_SEND: name:enp0s3: saddr:33561200: daddr:100932208: srtt_us:3097384: RTT:387173: ssthresh:2147483647: cwnd:10: delivered:1: lost:0: retrans:0
[  261.119650] AAAAA-TCP_RECV: name:enp0s3: saddr:100932208: daddr:33561200: srtt_us:3097384: RTT:387173: ssthresh:2147483647: cwnd:10: delivered:1: lost:0: retrans:0
[  261.119674] AAAAA-TCP_SEND: name:enp0s3: saddr:33561200: daddr:100932208: srtt_us:3097384: RTT:387173: ssthresh:2147483647: cwnd:10: delivered:1: lost:0: retrans:0
[  261.217741] AAAAA-TCP_RECV: name:enp0s3: saddr:100932208: daddr:33561200: srtt_us:3097384: RTT:387173: ssthresh:2147483647: cwnd:10: delivered:1: lost:0: retrans:0
[  261.259096] AAAAA-TCP_SEND: name:enp0s3: saddr:33561200: daddr:100932208: srtt_us:3097384: RTT:387173: ssthresh:2147483647: cwnd:10: delivered:1: lost:0: retrans:0
[  261.324332] AAAAA-TCP_RECV: name:enp0s3: saddr:100932208: daddr:33561200: srtt_us:3097384: RTT:387173: ssthresh:2147483647: cwnd:10: delivered:1: lost:0: retrans:0
[  261.363470] AAAAA-TCP_RECV: name:enp0s3: saddr:100932208: daddr:16783984: srtt_us:698408: RTT:87301: ssthresh:2147483647: cwnd:10: delivered:1: lost:0: retrans:0
[  261.363493] AAAAA-TCP_SEND: name:enp0s3: saddr:16783984: daddr:100932208: srtt_us:698408: RTT:87301: ssthresh:2147483647: cwnd:10: delivered:1: lost:0: retrans:0
[  261.407098] AAAAA-TCP_SEND: name:enp0s3: saddr:33561200: daddr:100932208: srtt_us:3097384: RTT:387173: ssthresh:2147483647: cwnd:10: delivered:1: lost:0: retrans:0
[  261.652487] AAAAA-TCP_RECV: name:enp0s3: saddr:100932208: daddr:16783984: srtt_us:698408: RTT:87301: ssthresh:2147483647: cwnd:10: delivered:1: lost:0: retrans:0
[  261.652515] AAAAA-TCP_SEND: name:enp0s3: saddr:16783984: daddr:100932208: srtt_us:698408: RTT:87301: ssthresh:2147483647: cwnd:10: delivered:1: lost:0: retrans:0
[  261.784643] AAAAA-TCP_RECV: name:enp0s3: saddr:100932208: daddr:16783984: srtt_us:698408: RTT:87301: ssthresh:2147483647: cwnd:10: delivered:1: lost:0: retrans:0
[  261.784670] AAAAA-TCP_SEND: name:enp0s3: saddr:16783984: daddr:100932208: srtt_us:698408: RTT:87301: ssthresh:2147483647: cwnd:10: delivered:1: lost:0: retrans:0
[  263.116511] AAAAA-TCP_RECV: name:enp0s3: saddr:100932208: daddr:16783984: srtt_us:698408: RTT:87301: ssthresh:2147483647: cwnd:10: delivered:1: lost:0: retrans:0
[  263.116547] AAAAA-TCP_SEND: name:enp0s3: saddr:16783984: daddr:100932208: srtt_us:698408: RTT:87301: ssthresh:2147483647: cwnd:10: delivered:1: lost:0: retrans:0
[  263.380334] AAAAA-TCP_RECV: name:enp0s3: saddr:100932208: daddr:33561200: srtt_us:3097384: RTT:387173: ssthresh:2147483647: cwnd:10: delivered:1: lost:0: retrans:0
[  263.380366] AAAAA-TCP_SEND: name:enp0s3: saddr:33561200: daddr:100932208: srtt_us:3097384: RTT:387173: ssthresh:2147483647: cwnd:10: delivered:1: lost:0: retrans:0
[  263.488077] AAAAA-TCP_RECV: name:enp0s3: saddr:100932208: daddr:33561200: srtt_us:3097384: RTT:387173: ssthresh:2147483647: cwnd:10: delivered:1: lost:0: retrans:0
[  263.488104] AAAAA-TCP_SEND: name:enp0s3: saddr:33561200: daddr:100932208: srtt_us:3097384: RTT:387173: ssthresh:2147483647: cwnd:10: delivered:1: lost:0: retrans:0
[  263.617087] AAAAA-TCP_RECV: name:enp0s3: saddr:100932208: daddr:33561200: srtt_us:3097384: RTT:387173: ssthresh:2147483647: cwnd:10: delivered:1: lost:0: retrans:0
[  263.617113] AAAAA-TCP_SEND: name:enp0s3: saddr:33561200: daddr:100932208: srtt_us:3097384: RTT:387173: ssthresh:2147483647: cwnd:10: delivered:1: lost:0: retrans:0
[  263.686309] AAAAA-TCP_RECV: name:enp0s3: saddr:100932208: daddr:16783984: srtt_us:698408: RTT:87301: ssthresh:2147483647: cwnd:10: delivered:1: lost:0: retrans:0
[  263.686332] AAAAA-TCP_SEND: name:enp0s3: saddr:16783984: daddr:100932208: srtt_us:698408: RTT:87301: ssthresh:2147483647: cwnd:10: delivered:1: lost:0: retrans:0
[  263.824474] AAAAA-TCP_RECV: name:enp0s3: saddr:100932208: daddr:33561200: srtt_us:3097384: RTT:387173: ssthresh:2147483647: cwnd:10: delivered:1: lost:0: retrans:0
[  263.824498] AAAAA-TCP_SEND: name:enp0s3: saddr:33561200: daddr:100932208: srtt_us:3097384: RTT:387173: ssthresh:2147483647: cwnd:10: delivered:1: lost:0: retrans:0
[  263.961450] AAAAA-TCP_RECV: name:enp0s3: saddr:100932208: daddr:16783984: srtt_us:698408: RTT:87301: ssthresh:2147483647: cwnd:10: delivered:1: lost:0: retrans:0
[  263.961475] AAAAA-TCP_SEND: name:enp0s3: saddr:16783984: daddr:100932208: srtt_us:698408: RTT:87301: ssthresh:2147483647: cwnd:10: delivered:1: lost:0: retrans:0
[  264.005219] AAAAA-TCP_RECV: name:enp0s3: saddr:100932208: daddr:16783984: srtt_us:698408: RTT:87301: ssthresh:2147483647: cwnd:10: delivered:1: lost:0: retrans:0
[  264.005245] AAAAA-TCP_SEND: name:enp0s3: saddr:16783984: daddr:100932208: srtt_us:698408: RTT:87301: ssthresh:2147483647: cwnd:10: delivered:1: lost:0: retrans:0
[  264.323352] AAAAA-TCP_RECV: name:enp0s3: saddr:100932208: daddr:16783984: srtt_us:698408: RTT:87301: ssthresh:2147483647: cwnd:10: delivered:1: lost:0: retrans:0
[  264.323380] AAAAA-TCP_SEND: name:enp0s3: saddr:16783984: daddr:100932208: srtt_us:698408: RTT:87301: ssthresh:2147483647: cwnd:10: delivered:1: lost:0: retrans:0
[  264.409188] AAAAA-TCP_RECV: name:enp0s3: saddr:100932208: daddr:16783984: srtt_us:698408: RTT:87301: ssthresh:2147483647: cwnd:10: delivered:1: lost:0: retrans:0
[  264.409215] AAAAA-TCP_SEND: name:enp0s3: saddr:16783984: daddr:100932208: srtt_us:698408: RTT:87301: ssthresh:2147483647: cwnd:10: delivered:1: lost:0: retrans:0
[  264.583957] AAAAA-TCP_RECV: name:enp0s3: saddr:100932208: daddr:16783984: srtt_us:698408: RTT:87301: ssthresh:2147483647: cwnd:10: delivered:1: lost:0: retrans:0
[  264.583981] AAAAA-TCP_SEND: name:enp0s3: saddr:16783984: daddr:100932208: srtt_us:698408: RTT:87301: ssthresh:2147483647: cwnd:10: delivered:1: lost:0: retrans:0
[  264.698262] AAAAA-TCP_RECV: name:enp0s3: saddr:100932208: daddr:16783984: srtt_us:698408: RTT:87301: ssthresh:2147483647: cwnd:10: delivered:1: lost:0: retrans:0
[  264.698288] AAAAA-TCP_SEND: name:enp0s3: saddr:16783984: daddr:100932208: srtt_us:698408: RTT:87301: ssthresh:2147483647: cwnd:10: delivered:1: lost:0: retrans:0
[  264.935500] AAAAA-TCP_RECV: name:enp0s3: saddr:100932208: daddr:16783984: srtt_us:698408: RTT:87301: ssthresh:2147483647: cwnd:10: delivered:1: lost:0: retrans:0
[  264.935530] AAAAA-TCP_SEND: name:enp0s3: saddr:16783984: daddr:100932208: srtt_us:698408: RTT:87301: ssthresh:2147483647: cwnd:10: delivered:1: lost:0: retrans:0
[  264.980030] AAAAA-TCP_RECV: name:enp0s3: saddr:100932208: daddr:16783984: srtt_us:698408: RTT:87301: ssthresh:2147483647: cwnd:10: delivered:1: lost:0: retrans:0
[  264.980056] AAAAA-TCP_SEND: name:enp0s3: saddr:16783984: daddr:100932208: srtt_us:698408: RTT:87301: ssthresh:2147483647: cwnd:10: delivered:1: lost:0: retrans:0
[  265.130341] AAAAA-TCP_RECV: name:enp0s3: saddr:100932208: daddr:16783984: srtt_us:698408: RTT:87301: ssthresh:2147483647: cwnd:10: delivered:1: lost:0: retrans:0
[  265.130367] AAAAA-TCP_SEND: name:enp0s3: saddr:16783984: daddr:100932208: srtt_us:698408: RTT:87301: ssthresh:2147483647: cwnd:10: delivered:1: lost:0: retrans:0
[  265.215074] AAAAA-TCP_RECV: name:enp0s3: saddr:100932208: daddr:16783984: srtt_us:698408: RTT:87301: ssthresh:2147483647: cwnd:10: delivered:1: lost:0: retrans:0
[  265.215101] AAAAA-TCP_SEND: name:enp0s3: saddr:16783984: daddr:100932208: srtt_us:698408: RTT:87301: ssthresh:2147483647: cwnd:10: delivered:1: lost:0: retrans:0
[  284.242728] AAAAA-TCP_RECV: name:enp0s3: saddr:100932208: daddr:33561200: srtt_us:3097384: RTT:387173: ssthresh:2147483647: cwnd:10: delivered:1: lost:0: retrans:0
[  284.242747] AAAAA-TCP_SEND: name:enp0s3: saddr:33561200: daddr:100932208: srtt_us:3097384: RTT:387173: ssthresh:2147483647: cwnd:10: delivered:1: lost:0: retrans:0
[  284.338434] AAAAA-TCP_RECV: name:enp0s3: saddr:100932208: daddr:16783984: srtt_us:698408: RTT:87301: ssthresh:2147483647: cwnd:10: delivered:1: lost:0: retrans:0
[  284.338464] AAAAA-TCP_SEND: name:enp0s3: saddr:16783984: daddr:100932208: srtt_us:698408: RTT:87301: ssthresh:2147483647: cwnd:10: delivered:1: lost:0: retrans:0
[  284.705723] AAAAA-TCP_RECV: name:enp0s3: saddr:100932208: daddr:16783984: srtt_us:698408: RTT:87301: ssthresh:2147483647: cwnd:10: delivered:1: lost:0: retrans:0
[  284.705753] AAAAA-TCP_SEND: name:enp0s3: saddr:16783984: daddr:100932208: srtt_us:698408: RTT:87301: ssthresh:2147483647: cwnd:10: delivered:1: lost:0: retrans:0
[  284.786826] AAAAA-TCP_RECV: name:enp0s3: saddr:100932208: daddr:33561200: srtt_us:3097384: RTT:387173: ssthresh:2147483647: cwnd:10: delivered:1: lost:0: retrans:0
[  284.786855] AAAAA-TCP_SEND: name:enp0s3: saddr:33561200: daddr:100932208: srtt_us:3097384: RTT:387173: ssthresh:2147483647: cwnd:10: delivered:1: lost:0: retrans:0
[  284.859182] AAAAA-TCP_RECV: name:enp0s3: saddr:100932208: daddr:16783984: srtt_us:698408: RTT:87301: ssthresh:2147483647: cwnd:10: delivered:1: lost:0: retrans:0
[  284.859204] AAAAA-TCP_SEND: name:enp0s3: saddr:16783984: daddr:100932208: srtt_us:698408: RTT:87301: ssthresh:2147483647: cwnd:10: delivered:1: lost:0: retrans:0
[  285.122144] AAAAA-TCP_RECV: name:enp0s3: saddr:100932208: daddr:16783984: srtt_us:698408: RTT:87301: ssthresh:2147483647: cwnd:10: delivered:1: lost:0: retrans:0
[  285.122171] AAAAA-TCP_SEND: name:enp0s3: saddr:16783984: daddr:100932208: srtt_us:698408: RTT:87301: ssthresh:2147483647: cwnd:10: delivered:1: lost:0: retrans:0
[  285.257544] AAAAA-TCP_RECV: name:enp0s3: saddr:100932208: daddr:33561200: srtt_us:3097384: RTT:387173: ssthresh:2147483647: cwnd:10: delivered:1: lost:0: retrans:0
[  285.257570] AAAAA-TCP_SEND: name:enp0s3: saddr:33561200: daddr:100932208: srtt_us:3097384: RTT:387173: ssthresh:2147483647: cwnd:10: delivered:1: lost:0: retrans:0
[  285.402355] AAAAA-TCP_RECV: name:enp0s3: saddr:100932208: daddr:16783984: srtt_us:698408: RTT:87301: ssthresh:2147483647: cwnd:10: delivered:1: lost:0: retrans:0
[  285.402380] AAAAA-TCP_SEND: name:enp0s3: saddr:16783984: daddr:100932208: srtt_us:698408: RTT:87301: ssthresh:2147483647: cwnd:10: delivered:1: lost:0: retrans:0
[  285.471707] AAAAA-TCP_RECV: name:enp0s3: saddr:100932208: daddr:16783984: srtt_us:698408: RTT:87301: ssthresh:2147483647: cwnd:10: delivered:1: lost:0: retrans:0
[  285.471732] AAAAA-TCP_SEND: name:enp0s3: saddr:16783984: daddr:100932208: srtt_us:698408: RTT:87301: ssthresh:2147483647: cwnd:10: delivered:1: lost:0: retrans:0
[  285.585399] AAAAA-TCP_RECV: name:enp0s3: saddr:100932208: daddr:16783984: srtt_us:698408: RTT:87301: ssthresh:2147483647: cwnd:10: delivered:1: lost:0: retrans:0
[  285.585425] AAAAA-TCP_SEND: name:enp0s3: saddr:16783984: daddr:100932208: srtt_us:698408: RTT:87301: ssthresh:2147483647: cwnd:10: delivered:1: lost:0: retrans:0
[  285.898664] AAAAA-TCP_RECV: name:enp0s3: saddr:100932208: daddr:33561200: srtt_us:3097384: RTT:387173: ssthresh:2147483647: cwnd:10: delivered:1: lost:0: retrans:0
[  285.898694] AAAAA-TCP_SEND: name:enp0s3: saddr:33561200: daddr:100932208: srtt_us:3097384: RTT:387173: ssthresh:2147483647: cwnd:10: delivered:1: lost:0: retrans:0
[  286.136790] AAAAA-TCP_RECV: name:enp0s3: saddr:100932208: daddr:16783984: srtt_us:698408: RTT:87301: ssthresh:2147483647: cwnd:10: delivered:1: lost:0: retrans:0
[  286.136818] AAAAA-TCP_SEND: name:enp0s3: saddr:16783984: daddr:100932208: srtt_us:698408: RTT:87301: ssthresh:2147483647: cwnd:10: delivered:1: lost:0: retrans:0
[  286.167740] AAAAA-TCP_RECV: name:enp0s8: saddr:100932208: daddr:16783984: srtt_us:698408: RTT:87301: ssthresh:2147483647: cwnd:10: delivered:1: lost:0: retrans:0
[  286.167756] AAAAA-TCP_SEND: name:enp0s3: saddr:16783984: daddr:100932208: srtt_us:698408: RTT:87301: ssthresh:2147483647: cwnd:10: delivered:1: lost:0: retrans:0
[  286.271214] AAAAA-TCP_RECV: name:enp0s3: saddr:100932208: daddr:16783984: srtt_us:698408: RTT:87301: ssthresh:2147483647: cwnd:10: delivered:1: lost:0: retrans:0
[  286.271236] AAAAA-TCP_SEND: name:enp0s3: saddr:16783984: daddr:100932208: srtt_us:698408: RTT:87301: ssthresh:2147483647: cwnd:10: delivered:1: lost:0: retrans:0
[  286.336486] AAAAA-TCP_RECV: name:enp0s8: saddr:100932208: daddr:33561200: srtt_us:3097384: RTT:387173: ssthresh:2147483647: cwnd:10: delivered:1: lost:0: retrans:0
[  286.336513] AAAAA-TCP_SEND: name:enp0s3: saddr:33561200: daddr:100932208: srtt_us:3097384: RTT:387173: ssthresh:2147483647: cwnd:10: delivered:1: lost:0: retrans:0
[  286.489283] AAAAA-TCP_RECV: name:enp0s3: saddr:100932208: daddr:33561200: srtt_us:3097384: RTT:387173: ssthresh:2147483647: cwnd:10: delivered:1: lost:0: retrans:0
[  286.489321] AAAAA-TCP_SEND: name:enp0s8: saddr:33561200: daddr:100932208: srtt_us:3097384: RTT:387173: ssthresh:2147483647: cwnd:10: delivered:1: lost:0: retrans:0
[  286.559883] AAAAA-TCP_RECV: name:enp0s8: saddr:100932208: daddr:16783984: srtt_us:698408: RTT:87301: ssthresh:2147483647: cwnd:10: delivered:1: lost:0: retrans:0
[  286.559927] AAAAA-TCP_SEND: name:enp0s8: saddr:16783984: daddr:100932208: srtt_us:698408: RTT:87301: ssthresh:2147483647: cwnd:10: delivered:1: lost:0: retrans:0
[  286.646919] AAAAA-TCP_RECV: name:enp0s8: saddr:100932208: daddr:33561200: srtt_us:3097384: RTT:387173: ssthresh:2147483647: cwnd:10: delivered:1: lost:0: retrans:0
[  286.646950] AAAAA-TCP_SEND: name:enp0s8: saddr:33561200: daddr:100932208: srtt_us:3097384: RTT:387173: ssthresh:2147483647: cwnd:10: delivered:1: lost:0: retrans:0
[  286.745761] AAAAA-TCP_RECV: name:enp0s8: saddr:100932208: daddr:16783984: srtt_us:698408: RTT:87301: ssthresh:2147483647: cwnd:10: delivered:1: lost:0: retrans:0
[  286.745788] AAAAA-TCP_SEND: name:enp0s8: saddr:16783984: daddr:100932208: srtt_us:698408: RTT:87301: ssthresh:2147483647: cwnd:10: delivered:1: lost:0: retrans:0
[  286.927869] AAAAA-TCP_RECV: name:enp0s3: saddr:100932208: daddr:33561200: srtt_us:3097384: RTT:387173: ssthresh:2147483647: cwnd:10: delivered:1: lost:0: retrans:0
[  286.927895] AAAAA-TCP_SEND: name:enp0s8: saddr:33561200: daddr:100932208: srtt_us:3097384: RTT:387173: ssthresh:2147483647: cwnd:10: delivered:1: lost:0: retrans:0
[  287.041782] AAAAA-TCP_RECV: name:enp0s8: saddr:100932208: daddr:16783984: srtt_us:698408: RTT:87301: ssthresh:2147483647: cwnd:10: delivered:1: lost:0: retrans:0
[  287.041809] AAAAA-TCP_SEND: name:enp0s8: saddr:16783984: daddr:100932208: srtt_us:698408: RTT:87301: ssthresh:2147483647: cwnd:10: delivered:1: lost:0: retrans:0
[  287.085836] AAAAA-TCP_RECV: name:enp0s3: saddr:100932208: daddr:33561200: srtt_us:3097384: RTT:387173: ssthresh:2147483647: cwnd:10: delivered:1: lost:0: retrans:0
[  287.085858] AAAAA-TCP_SEND: name:enp0s8: saddr:33561200: daddr:100932208: srtt_us:3097384: RTT:387173: ssthresh:2147483647: cwnd:10: delivered:1: lost:0: retrans:0
[  287.227669] AAAAA-TCP_RECV: name:enp0s3: saddr:100932208: daddr:33561200: srtt_us:3097384: RTT:387173: ssthresh:2147483647: cwnd:10: delivered:1: lost:0: retrans:0
[  287.227693] AAAAA-TCP_SEND: name:enp0s8: saddr:33561200: daddr:100932208: srtt_us:3097384: RTT:387173: ssthresh:2147483647: cwnd:10: delivered:1: lost:0: retrans:0
[  287.249216] AAAAA-TCP_RECV: name:enp0s8: saddr:100932208: daddr:33561200: srtt_us:3097384: RTT:387173: ssthresh:2147483647: cwnd:10: delivered:1: lost:0: retrans:0
[  287.249239] AAAAA-TCP_SEND: name:enp0s8: saddr:33561200: daddr:100932208: srtt_us:3097384: RTT:387173: ssthresh:2147483647: cwnd:10: delivered:1: lost:0: retrans:0
[  287.716753] AAAAA-TCP_RECV: name:enp0s8: saddr:100932208: daddr:16783984: srtt_us:698408: RTT:87301: ssthresh:2147483647: cwnd:10: delivered:1: lost:0: retrans:0
[  287.716797] AAAAA-TCP_SEND: name:enp0s8: saddr:16783984: daddr:100932208: srtt_us:698408: RTT:87301: ssthresh:2147483647: cwnd:10: delivered:1: lost:0: retrans:0
[  287.858235] AAAAA-TCP_RECV: name:enp0s8: saddr:100932208: daddr:16783984: srtt_us:698408: RTT:87301: ssthresh:2147483647: cwnd:10: delivered:1: lost:0: retrans:0
[  287.858283] AAAAA-TCP_SEND: name:enp0s8: saddr:16783984: daddr:100932208: srtt_us:698408: RTT:87301: ssthresh:2147483647: cwnd:10: delivered:1: lost:0: retrans:0
[  287.946277] AAAAA-TCP_RECV: name:enp0s8: saddr:100932208: daddr:16783984: srtt_us:698408: RTT:87301: ssthresh:2147483647: cwnd:10: delivered:1: lost:0: retrans:0
[  287.946330] AAAAA-TCP_SEND: name:enp0s8: saddr:16783984: daddr:100932208: srtt_us:698408: RTT:87301: ssthresh:2147483647: cwnd:10: delivered:1: lost:0: retrans:0
[  288.160402] AAAAA-TCP_RECV: name:enp0s8: saddr:100932208: daddr:33561200: srtt_us:3097384: RTT:387173: ssthresh:2147483647: cwnd:10: delivered:1: lost:0: retrans:0
[  288.160451] AAAAA-TCP_SEND: name:enp0s8: saddr:33561200: daddr:100932208: srtt_us:3097384: RTT:387173: ssthresh:2147483647: cwnd:10: delivered:1: lost:0: retrans:0
[  288.197993] AAAAA-TCP_RECV: name:enp0s3: saddr:100932208: daddr:33561200: srtt_us:3097384: RTT:387173: ssthresh:2147483647: cwnd:10: delivered:1: lost:0: retrans:0
[  288.198023] AAAAA-TCP_SEND: name:enp0s8: saddr:33561200: daddr:100932208: srtt_us:3097384: RTT:387173: ssthresh:2147483647: cwnd:10: delivered:1: lost:0: retrans:0
[  288.292580] AAAAA-TCP_RECV: name:enp0s3: saddr:100932208: daddr:33561200: srtt_us:3097384: RTT:387173: ssthresh:2147483647: cwnd:10: delivered:1: lost:0: retrans:0
[  288.292621] AAAAA-TCP_SEND: name:enp0s8: saddr:33561200: daddr:100932208: srtt_us:3097384: RTT:387173: ssthresh:2147483647: cwnd:10: delivered:1: lost:0: retrans:0
[  288.369321] AAAAA-TCP_RECV: name:enp0s3: saddr:100932208: daddr:33561200: srtt_us:3097384: RTT:387173: ssthresh:2147483647: cwnd:10: delivered:1: lost:0: retrans:0
[  288.369362] AAAAA-TCP_SEND: name:enp0s8: saddr:33561200: daddr:100932208: srtt_us:3097384: RTT:387173: ssthresh:2147483647: cwnd:10: delivered:1: lost:0: retrans:0
[  288.420417] AAAAA-TCP_RECV: name:enp0s8: saddr:100932208: daddr:16783984: srtt_us:698408: RTT:87301: ssthresh:2147483647: cwnd:10: delivered:1: lost:0: retrans:0
[  288.420473] AAAAA-TCP_SEND: name:enp0s8: saddr:16783984: daddr:100932208: srtt_us:698408: RTT:87301: ssthresh:2147483647: cwnd:10: delivered:1: lost:0: retrans:0
[  288.472820] AAAAA-TCP_RECV: name:enp0s3: saddr:100932208: daddr:33561200: srtt_us:3097384: RTT:387173: ssthresh:2147483647: cwnd:10: delivered:1: lost:0: retrans:0
[  288.472861] AAAAA-TCP_SEND: name:enp0s8: saddr:33561200: daddr:100932208: srtt_us:3097384: RTT:387173: ssthresh:2147483647: cwnd:10: delivered:1: lost:0: retrans:0
[  288.538783] AAAAA-TCP_RECV: name:enp0s3: saddr:100932208: daddr:33561200: srtt_us:3097384: RTT:387173: ssthresh:2147483647: cwnd:10: delivered:1: lost:0: retrans:0
[  288.538824] AAAAA-TCP_SEND: name:enp0s8: saddr:33561200: daddr:100932208: srtt_us:3097384: RTT:387173: ssthresh:2147483647: cwnd:10: delivered:1: lost:0: retrans:0
[  288.691058] AAAAA-TCP_RECV: name:enp0s8: saddr:100932208: daddr:16783984: srtt_us:698408: RTT:87301: ssthresh:2147483647: cwnd:10: delivered:1: lost:0: retrans:0
[  288.691100] AAAAA-TCP_SEND: name:enp0s8: saddr:16783984: daddr:100932208: srtt_us:698408: RTT:87301: ssthresh:2147483647: cwnd:10: delivered:1: lost:0: retrans:0
[  288.914811] AAAAA-TCP_RECV: name:enp0s3: saddr:100932208: daddr:33561200: srtt_us:3097384: RTT:387173: ssthresh:2147483647: cwnd:10: delivered:1: lost:0: retrans:0
[  288.914856] AAAAA-TCP_SEND: name:enp0s8: saddr:33561200: daddr:100932208: srtt_us:3097384: RTT:387173: ssthresh:2147483647: cwnd:10: delivered:1: lost:0: retrans:0
[  289.010348] AAAAA-TCP_RECV: name:enp0s3: saddr:100932208: daddr:33561200: srtt_us:3097384: RTT:387173: ssthresh:2147483647: cwnd:10: delivered:1: lost:0: retrans:0
[  289.010386] AAAAA-TCP_SEND: name:enp0s8: saddr:33561200: daddr:100932208: srtt_us:3097384: RTT:387173: ssthresh:2147483647: cwnd:10: delivered:1: lost:0: retrans:0
[  289.081954] AAAAA-TCP_RECV: name:enp0s8: saddr:100932208: daddr:33561200: srtt_us:3097384: RTT:387173: ssthresh:2147483647: cwnd:10: delivered:1: lost:0: retrans:0
[  289.082002] AAAAA-TCP_SEND: name:enp0s8: saddr:33561200: daddr:100932208: srtt_us:3097384: RTT:387173: ssthresh:2147483647: cwnd:10: delivered:1: lost:0: retrans:0
[  290.682750] AAAAA-TCP_RECV: name:enp0s8: saddr:100932208: daddr:33561200: srtt_us:3097384: RTT:387173: ssthresh:2147483647: cwnd:10: delivered:1: lost:0: retrans:0
[  290.682793] AAAAA-TCP_SEND: name:enp0s8: saddr:33561200: daddr:100932208: srtt_us:3097384: RTT:387173: ssthresh:2147483647: cwnd:10: delivered:1: lost:0: retrans:0
[  290.731296] AAAAA-TCP_RECV: name:enp0s3: saddr:100932208: daddr:33561200: srtt_us:3097384: RTT:387173: ssthresh:2147483647: cwnd:10: delivered:1: lost:0: retrans:0
[  290.731340] AAAAA-TCP_SEND: name:enp0s8: saddr:33561200: daddr:100932208: srtt_us:3097384: RTT:387173: ssthresh:2147483647: cwnd:10: delivered:1: lost:0: retrans:0
[  291.146488] AAAAA-TCP_RECV: name:enp0s8: saddr:100932208: daddr:33561200: srtt_us:3097384: RTT:387173: ssthresh:2147483647: cwnd:10: delivered:1: lost:0: retrans:0
