[    0.000000] Linux version 5.4.243-mptcp (root@ztg) (gcc version 12.2.0 (Debian 12.2.0-14+deb12u1)) #53 SMP Wed Dec 24 23:28:15 CST 2025
[    0.000000] Command line: BOOT_IMAGE=/boot/vmlinuz-5.4.243-mptcp root=UUID=98415a12-53b7-4144-8265-0f7ece09e445 ro quiet splash
[    0.000000] KERNEL supported cpus:
[    0.000000]   Intel GenuineIntel
[    0.000000]   AMD AuthenticAMD
[    0.000000]   Hygon HygonGenuine
[    0.000000]   Centaur CentaurHauls
[    0.000000]   zhaoxin   Shanghai  
[    0.000000] x86/fpu: Supporting XSAVE feature 0x001: 'x87 floating point registers'
[    0.000000] x86/fpu: Supporting XSAVE feature 0x002: 'SSE registers'
[    0.000000] x86/fpu: Supporting XSAVE feature 0x004: 'AVX registers'
[    0.000000] x86/fpu: xstate_offset[2]:  576, xstate_sizes[2]:  256
[    0.000000] x86/fpu: Enabled xstate features 0x7, context size is 832 bytes, using 'standard' format.
[    0.000000] BIOS-provided physical RAM map:
[    0.000000] BIOS-e820: [mem 0x0000000000000000-0x000000000009fbff] usable
[    0.000000] BIOS-e820: [mem 0x000000000009fc00-0x000000000009ffff] reserved
[    0.000000] BIOS-e820: [mem 0x00000000000f0000-0x00000000000fffff] reserved
[    0.000000] BIOS-e820: [mem 0x0000000000100000-0x000000007ffeffff] usable
[    0.000000] BIOS-e820: [mem 0x000000007fff0000-0x000000007fffffff] ACPI data
[    0.000000] BIOS-e820: [mem 0x00000000fec00000-0x00000000fec00fff] reserved
[    0.000000] BIOS-e820: [mem 0x00000000fee00000-0x00000000fee00fff] reserved
[    0.000000] BIOS-e820: [mem 0x00000000fffc0000-0x00000000ffffffff] reserved
[    0.000000] NX (Execute Disable) protection: active
[    0.000000] SMBIOS 2.5 present.
[    0.000000] DMI: innotek GmbH VirtualBox/VirtualBox, BIOS VirtualBox 12/01/2006
[    0.000000] Hypervisor detected: KVM
[    0.000000] kvm-clock: Using msrs 4b564d01 and 4b564d00
[    0.000000] kvm-clock: cpu 0, msr 72001001, primary cpu clock
[    0.000000] kvm-clock: using sched offset of 4434199991 cycles
[    0.000003] clocksource: kvm-clock: mask: 0xffffffffffffffff max_cycles: 0x1cd42e4dffb, max_idle_ns: 881590591483 ns
[    0.000006] tsc: Detected 2100.000 MHz processor
[    0.001926] e820: update [mem 0x00000000-0x00000fff] usable ==> reserved
[    0.001928] e820: remove [mem 0x000a0000-0x000fffff] usable
[    0.001933] last_pfn = 0x7fff0 max_arch_pfn = 0x400000000
[    0.002004] MTRR default type: uncachable
[    0.002005] MTRR fixed ranges enabled:
[    0.002006]   00000-9FFFF write-back
[    0.002007]   A0000-BFFFF uncachable
[    0.002008]   C0000-FFFFF write-protect
[    0.002008] MTRR variable ranges enabled:
[    0.002010]   0 base 000000000000 mask 3FFF80000000 write-back
[    0.002010]   1 disabled
[    0.002011]   2 disabled
[    0.002011]   3 disabled
[    0.002012]   4 disabled
[    0.002012]   5 disabled
[    0.002013]   6 disabled
[    0.002013]   7 disabled
[    0.002013]   8 disabled
[    0.002014]   9 disabled
[    0.002014]   10 disabled
[    0.002015]   11 disabled
[    0.002015]   12 disabled
[    0.002016]   13 disabled
[    0.002016]   14 disabled
[    0.002016]   15 disabled
[    0.002033] x86/PAT: Configuration [0-7]: WB  WC  UC- UC  WB  WP  UC- WT  
[    0.002184] found SMP MP-table at [mem 0x0009fff0-0x0009ffff]
[    0.094993] check: Scanning 1 areas for low memory corruption
[    0.095245] RAMDISK: [mem 0x32271000-0x3512ffff]
[    0.095254] ACPI: Early table checksum verification disabled
[    0.095259] ACPI: RSDP 0x00000000000E0000 000024 (v02 VBOX  )
[    0.095264] ACPI: XSDT 0x000000007FFF0030 00003C (v01 VBOX   VBOXXSDT 00000001 ASL  00000061)
[    0.095271] ACPI: FACP 0x000000007FFF00F0 0000F4 (v04 VBOX   VBOXFACP 00000001 ASL  00000061)
[    0.095280] ACPI: DSDT 0x000000007FFF02E0 002353 (v02 VBOX   VBOXBIOS 00000002 VBOX 00029BF3)
[    0.095286] ACPI: FACS 0x000000007FFF0200 000040
[    0.095291] ACPI: FACS 0x000000007FFF0200 000040
[    0.095295] ACPI: APIC 0x000000007FFF0240 000054 (v02 VBOX   VBOXAPIC 00000001 ASL  00000061)
[    0.095299] ACPI: SSDT 0x000000007FFF02A0 000038 (v01 VBOX   VBOXCPUT 00000002 VBOX 00029BF3)
[    0.095303] ACPI: Reserving FACP table memory at [mem 0x7fff00f0-0x7fff01e3]
[    0.095305] ACPI: Reserving DSDT table memory at [mem 0x7fff02e0-0x7fff2632]
[    0.095305] ACPI: Reserving FACS table memory at [mem 0x7fff0200-0x7fff023f]
[    0.095306] ACPI: Reserving FACS table memory at [mem 0x7fff0200-0x7fff023f]
[    0.095307] ACPI: Reserving APIC table memory at [mem 0x7fff0240-0x7fff0293]
[    0.095308] ACPI: Reserving SSDT table memory at [mem 0x7fff02a0-0x7fff02d7]
[    0.095328] ACPI: Local APIC address 0xfee00000
[    0.095535] No NUMA configuration found
[    0.095536] Faking a node at [mem 0x0000000000000000-0x000000007ffeffff]
[    0.095546] NODE_DATA(0) allocated [mem 0x7ffc5000-0x7ffeffff]
[    0.095807] Zone ranges:
[    0.095808]   DMA      [mem 0x0000000000001000-0x0000000000ffffff]
[    0.095810]   DMA32    [mem 0x0000000001000000-0x000000007ffeffff]
[    0.095810]   Normal   empty
[    0.095811]   Device   empty
[    0.095812] Movable zone start for each node
[    0.095814] Early memory node ranges
[    0.095814]   node   0: [mem 0x0000000000001000-0x000000000009efff]
[    0.095815]   node   0: [mem 0x0000000000100000-0x000000007ffeffff]
[    0.095819] Zeroed struct page in unavailable ranges: 114 pages
[    0.095820] Initmem setup node 0 [mem 0x0000000000001000-0x000000007ffeffff]
[    0.095821] On node 0 totalpages: 524174
[    0.095822]   DMA zone: 64 pages used for memmap
[    0.095822]   DMA zone: 21 pages reserved
[    0.095823]   DMA zone: 3998 pages, LIFO batch:0
[    0.095900]   DMA32 zone: 8128 pages used for memmap
[    0.095901]   DMA32 zone: 520176 pages, LIFO batch:63
[    0.105044] ACPI: PM-Timer IO Port: 0x4008
[    0.105047] ACPI: Local APIC address 0xfee00000
[    0.105112] IOAPIC[0]: apic_id 1, version 32, address 0xfec00000, GSI 0-23
[    0.105115] ACPI: INT_SRC_OVR (bus 0 bus_irq 0 global_irq 2 dfl dfl)
[    0.105117] ACPI: INT_SRC_OVR (bus 0 bus_irq 9 global_irq 9 low level)
[    0.105119] ACPI: IRQ0 used by override.
[    0.105120] ACPI: IRQ9 used by override.
[    0.105122] Using ACPI (MADT) for SMP configuration information
[    0.105129] smpboot: Allowing 1 CPUs, 0 hotplug CPUs
[    0.105151] PM: Registered nosave memory: [mem 0x00000000-0x00000fff]
[    0.105152] PM: Registered nosave memory: [mem 0x0009f000-0x0009ffff]
[    0.105153] PM: Registered nosave memory: [mem 0x000a0000-0x000effff]
[    0.105153] PM: Registered nosave memory: [mem 0x000f0000-0x000fffff]
[    0.105155] [mem 0x80000000-0xfebfffff] available for PCI devices
[    0.105156] Booting paravirtualized kernel on KVM
[    0.105158] clocksource: refined-jiffies: mask: 0xffffffff max_cycles: 0xffffffff, max_idle_ns: 7645519600211568 ns
[    0.105163] setup_percpu: NR_CPUS:8192 nr_cpumask_bits:1 nr_cpu_ids:1 nr_node_ids:1
[    0.106173] percpu: Embedded 60 pages/cpu s208896 r8192 d28672 u2097152
[    0.106178] pcpu-alloc: s208896 r8192 d28672 u2097152 alloc=1*2097152
[    0.106179] pcpu-alloc: [0] 0 
[    0.106205] Built 1 zonelists, mobility grouping on.  Total pages: 515961
[    0.106206] Policy zone: DMA32
[    0.106207] Kernel command line: BOOT_IMAGE=/boot/vmlinuz-5.4.243-mptcp root=UUID=98415a12-53b7-4144-8265-0f7ece09e445 ro quiet splash
[    0.107034] Dentry cache hash table entries: 262144 (order: 9, 2097152 bytes, linear)
[    0.107183] Inode-cache hash table entries: 131072 (order: 8, 1048576 bytes, linear)
[    0.107234] mem auto-init: stack:off, heap alloc:on, heap free:off
[    0.107237] Calgary: detecting Calgary via BIOS EBDA area
[    0.107238] Calgary: Unable to locate Rio Grande table in EBDA - bailing!
[    0.111301] Memory: 1967332K/2096696K available (14339K kernel code, 2398K rwdata, 4712K rodata, 2728K init, 17260K bss, 129364K reserved, 0K cma-reserved)
[    0.112268] SLUB: HWalign=64, Order=0-3, MinObjects=0, CPUs=1, Nodes=1
[    0.112285] ftrace: allocating 43186 entries in 169 pages
[    0.130471] rcu: Hierarchical RCU implementation.
[    0.130473] rcu: 	RCU restricting CPUs from NR_CPUS=8192 to nr_cpu_ids=1.
[    0.130474] 	Tasks RCU enabled.
[    0.130475] rcu: RCU calculated value of scheduler-enlistment delay is 25 jiffies.
[    0.130476] rcu: Adjusting geometry for rcu_fanout_leaf=16, nr_cpu_ids=1
[    0.133585] NR_IRQS: 524544, nr_irqs: 256, preallocated irqs: 16
[    0.133808] random: crng init done
[    0.143191] Console: colour VGA+ 80x25
[    0.143196] printk: console [tty0] enabled
[    0.143216] ACPI: Core revision 20190816
[    0.143312] APIC: Switch to symmetric I/O mode setup
[    0.143564] x2apic enabled
[    0.143802] Switched APIC routing to physical x2apic.
[    0.144935] ..TIMER: vector=0x30 apic1=0 pin1=2 apic2=-1 pin2=-1
[    0.144962] clocksource: tsc-early: mask: 0xffffffffffffffff max_cycles: 0x1e4530a99b6, max_idle_ns: 440795257976 ns
[    0.144967] Calibrating delay loop (skipped) preset value.. 4200.00 BogoMIPS (lpj=8400000)
[    0.144969] pid_max: default: 32768 minimum: 301
[    0.144996] LSM: Security Framework initializing
[    0.145006] Yama: becoming mindful.
[    0.145031] AppArmor: AppArmor initialized
[    0.145066] Mount-cache hash table entries: 4096 (order: 3, 32768 bytes, linear)
[    0.145071] Mountpoint-cache hash table entries: 4096 (order: 3, 32768 bytes, linear)
[    0.145082] *** VALIDATE tmpfs ***
[    0.145211] *** VALIDATE proc ***
[    0.145250] *** VALIDATE cgroup1 ***
[    0.145251] *** VALIDATE cgroup2 ***
[    0.145391] process: using mwait in idle threads
[    0.145396] Last level iTLB entries: 4KB 64, 2MB 8, 4MB 8
[    0.145396] Last level dTLB entries: 4KB 64, 2MB 0, 4MB 0, 1GB 4
[    0.145416] Spectre V1 : Mitigation: usercopy/swapgs barriers and __user pointer sanitization
[    0.145422] Spectre V2 : Mitigation: Retpolines
[    0.145423] Spectre V2 : Spectre v2 / SpectreRSB mitigation: Filling RSB on context switch
[    0.145423] Spectre V2 : Spectre v2 / SpectreRSB : Filling RSB on VMEXIT
[    0.145424] RETBleed: WARNING: Spectre v2 mitigation leaves CPU vulnerable to RETBleed attacks, data leaks possible!
[    0.145790] RETBleed: Vulnerable
[    0.145791] Speculative Store Bypass: Vulnerable
[    0.145796] TAA: Mitigation: TSX disabled
[    0.145796] MMIO Stale Data: Mitigation: Clear CPU buffers
[    0.150056] Freeing SMP alternatives memory: 40K
[    0.263194] smpboot: CPU0: Intel(R) Xeon(R) Silver 4216 CPU @ 2.10GHz (family: 0x6, model: 0x55, stepping: 0x7)
[    0.263328] Performance Events: unsupported p6 CPU model 85 no PMU driver, software events only.
[    0.263370] rcu: Hierarchical SRCU implementation.
[    0.263860] NMI watchdog: Perf NMI watchdog permanently disabled
[    0.263901] smp: Bringing up secondary CPUs ...
[    0.263902] smp: Brought up 1 node, 1 CPU
[    0.263903] smpboot: Max logical packages: 1
[    0.263905] smpboot: Total of 1 processors activated (4200.00 BogoMIPS)
[    0.264924] devtmpfs: initialized
[    0.264964] x86/mm: Memory block size: 128MB
[    0.264964] clocksource: jiffies: mask: 0xffffffff max_cycles: 0xffffffff, max_idle_ns: 7645041785100000 ns
[    0.264964] futex hash table entries: 256 (order: 2, 16384 bytes, linear)
[    0.264964] pinctrl core: initialized pinctrl subsystem
[    0.264964] PM: RTC time: 08:22:34, date: 2026-01-13
[    0.264964] NET: Registered protocol family 16
[    0.264964] audit: initializing netlink subsys (disabled)
[    0.264964] EISA bus registered
[    0.264964] cpuidle: using governor ladder
[    0.264964] cpuidle: using governor menu
[    0.264964] ACPI: bus type PCI registered
[    0.264964] acpiphp: ACPI Hot Plug PCI Controller Driver version: 0.5
[    0.264964] PCI: Using configuration type 1 for base access
[    0.265481] audit: type=2000 audit(1768263760.854:1): state=initialized audit_enabled=0 res=1
[    0.265561] HugeTLB registered 2.00 MiB page size, pre-allocated 0 pages
[    0.266389] ACPI: Added _OSI(Module Device)
[    0.266390] ACPI: Added _OSI(Processor Device)
[    0.266390] ACPI: Added _OSI(3.0 _SCP Extensions)
[    0.266391] ACPI: Added _OSI(Processor Aggregator Device)
[    0.266392] ACPI: Added _OSI(Linux-Dell-Video)
[    0.266393] ACPI: Added _OSI(Linux-Lenovo-NV-HDMI-Audio)
[    0.266393] ACPI: Added _OSI(Linux-HPI-Hybrid-Graphics)
[    0.268383] ACPI: 2 ACPI AML tables successfully acquired and loaded
[    0.270073] ACPI: Interpreter enabled
[    0.270083] ACPI: (supports S0 S5)
[    0.270084] ACPI: Using IOAPIC for interrupt routing
[    0.270289] PCI: Using host bridge windows from ACPI; if necessary, use "pci=nocrs" and report a bug
[    0.270397] ACPI: Enabled 2 GPEs in block 00 to 07
[    0.275459] ACPI: PCI Root Bridge [PCI0] (domain 0000 [bus 00-ff])
[    0.275464] acpi PNP0A03:00: _OSC: OS supports [ASPM ClockPM Segments MSI HPX-Type3]
[    0.275930] acpi PNP0A03:00: _OSC: not requesting OS control; OS requires [ExtendedConfig ASPM ClockPM MSI]
[    0.275938] acpi PNP0A03:00: fail to add MMCONFIG information, can't access extended PCI configuration space under this bridge.
[    0.276324] PCI host bridge to bus 0000:00
[    0.276326] pci_bus 0000:00: root bus resource [io  0x0000-0x0cf7 window]
[    0.276328] pci_bus 0000:00: root bus resource [io  0x0d00-0xffff window]
[    0.276330] pci_bus 0000:00: root bus resource [mem 0x000a0000-0x000bffff window]
[    0.276331] pci_bus 0000:00: root bus resource [mem 0x80000000-0xfdffffff window]
[    0.276332] pci_bus 0000:00: root bus resource [bus 00-ff]
[    0.276379] pci 0000:00:00.0: [8086:1237] type 00 class 0x060000
[    0.277392] pci 0000:00:01.0: [8086:7000] type 00 class 0x060100
[    0.278246] pci 0000:00:01.1: [8086:7111] type 00 class 0x01018a
[    0.278654] pci 0000:00:01.1: reg 0x20: [io  0xd000-0xd00f]
[    0.278822] pci 0000:00:01.1: legacy IDE quirk: reg 0x10: [io  0x01f0-0x01f7]
[    0.278823] pci 0000:00:01.1: legacy IDE quirk: reg 0x14: [io  0x03f6]
[    0.278824] pci 0000:00:01.1: legacy IDE quirk: reg 0x18: [io  0x0170-0x0177]
[    0.278825] pci 0000:00:01.1: legacy IDE quirk: reg 0x1c: [io  0x0376]
[    0.279410] pci 0000:00:02.0: [15ad:0405] type 00 class 0x030000
[    0.282885] pci 0000:00:02.0: reg 0x10: [io  0xd010-0xd01f]
[    0.285011] pci 0000:00:02.0: reg 0x14: [mem 0xe0000000-0xe7ffffff pref]
[    0.289008] pci 0000:00:02.0: reg 0x18: [mem 0xf0000000-0xf01fffff]
[    0.299548] pci 0000:00:03.0: [1022:2000] type 00 class 0x020000
[    0.300273] pci 0000:00:03.0: reg 0x10: [io  0xd020-0xd03f]
[    0.301107] pci 0000:00:03.0: reg 0x14: [mem 0xf0200000-0xf0200fff]
[    0.304644] pci 0000:00:04.0: [80ee:cafe] type 00 class 0x088000
[    0.305083] pci 0000:00:04.0: reg 0x10: [io  0xd040-0xd05f]
[    0.305704] pci 0000:00:04.0: reg 0x14: [mem 0xf0400000-0xf07fffff]
[    0.306307] pci 0000:00:04.0: reg 0x18: [mem 0xf0800000-0xf0803fff pref]
[    0.309574] pci 0000:00:07.0: [8086:7113] type 00 class 0x068000
[    0.310126] pci 0000:00:07.0: quirk: [io  0x4000-0x403f] claimed by PIIX4 ACPI
[    0.310138] pci 0000:00:07.0: quirk: [io  0x4100-0x410f] claimed by PIIX4 SMB
[    0.310752] pci 0000:00:08.0: [8086:100e] type 00 class 0x020000
[    0.311481] pci 0000:00:08.0: reg 0x10: [mem 0xf0820000-0xf083ffff]
[    0.313640] pci 0000:00:08.0: reg 0x18: [io  0xd060-0xd067]
[    0.316867] pci 0000:00:09.0: [8086:100e] type 00 class 0x020000
[    0.317569] pci 0000:00:09.0: reg 0x10: [mem 0xf0840000-0xf085ffff]
[    0.318736] pci 0000:00:09.0: reg 0x18: [io  0xd068-0xd06f]
[    0.329501] ACPI: PCI Interrupt Link [LNKA] (IRQs 5 9 10 *11)
[    0.329782] ACPI: PCI Interrupt Link [LNKB] (IRQs 5 9 *10 11)
[    0.329891] ACPI: PCI Interrupt Link [LNKC] (IRQs 5 *9 10 11)
[    0.329992] ACPI: PCI Interrupt Link [LNKD] (IRQs 5 9 10 *11)
[    0.330254] iommu: Default domain type: Translated 
[    0.330312] pci 0000:00:02.0: vgaarb: setting as boot VGA device
[    0.330314] pci 0000:00:02.0: vgaarb: VGA device added: decodes=io+mem,owns=io+mem,locks=none
[    0.330316] pci 0000:00:02.0: vgaarb: bridge control possible
[    0.330317] vgaarb: loaded
[    0.330527] SCSI subsystem initialized
[    0.330561] libata version 3.00 loaded.
[    0.330583] ACPI: bus type USB registered
[    0.330600] usbcore: registered new interface driver usbfs
[    0.330606] usbcore: registered new interface driver hub
[    0.330611] usbcore: registered new device driver usb
[    0.330641] pps_core: LinuxPPS API ver. 1 registered
[    0.330642] pps_core: Software ver. 5.3.6 - Copyright 2005-2007 Rodolfo Giometti <giometti@linux.it>
[    0.330644] PTP clock support registered
[    0.330677] EDAC MC: Ver: 3.0.0
[    0.330956] PCI: Using ACPI for IRQ routing
[    0.330958] PCI: pci_cache_line_size set to 64 bytes
[    0.331133] e820: reserve RAM buffer [mem 0x0009fc00-0x0009ffff]
[    0.331137] e820: reserve RAM buffer [mem 0x7fff0000-0x7fffffff]
[    0.331920] NetLabel: Initializing
[    0.331921] NetLabel:  domain hash size = 128
[    0.331921] NetLabel:  protocols = UNLABELED CIPSOv4 CALIPSO
[    0.331941] NetLabel:  unlabeled traffic allowed by default
[    0.332849] clocksource: Switched to clocksource kvm-clock
[    0.343236] *** VALIDATE bpf ***
[    0.343291] VFS: Disk quotas dquot_6.6.0
[    0.343304] VFS: Dquot-cache hash table entries: 512 (order 0, 4096 bytes)
[    0.343325] *** VALIDATE ramfs ***
[    0.343328] *** VALIDATE hugetlbfs ***
[    0.343407] AppArmor: AppArmor Filesystem Enabled
[    0.343430] pnp: PnP ACPI init
[    0.343487] pnp 00:00: Plug and Play ACPI device, IDs PNP0303 (active)
[    0.343570] pnp 00:01: Plug and Play ACPI device, IDs PNP0f03 (active)
[    0.344312] pnp: PnP ACPI: found 2 devices
[    0.345262] thermal_sys: Registered thermal governor 'fair_share'
[    0.345263] thermal_sys: Registered thermal governor 'bang_bang'
[    0.345264] thermal_sys: Registered thermal governor 'step_wise'
[    0.345264] thermal_sys: Registered thermal governor 'user_space'
[    0.345265] thermal_sys: Registered thermal governor 'power_allocator'
[    0.349788] clocksource: acpi_pm: mask: 0xffffff max_cycles: 0xffffff, max_idle_ns: 2085701024 ns
[    0.349827] pci_bus 0000:00: resource 4 [io  0x0000-0x0cf7 window]
[    0.349829] pci_bus 0000:00: resource 5 [io  0x0d00-0xffff window]
[    0.349830] pci_bus 0000:00: resource 6 [mem 0x000a0000-0x000bffff window]
[    0.349831] pci_bus 0000:00: resource 7 [mem 0x80000000-0xfdffffff window]
[    0.349887] NET: Registered protocol family 2
[    0.349970] IP idents hash table entries: 32768 (order: 6, 262144 bytes, linear)
[    0.350366] MPTCP tokens hash table entries: 8192 (order: 4, 65536 bytes, linear)
[    0.350387] MPTCP request tokens hash table entries: 8192 (order: 4, 65536 bytes, linear)
[    0.350411] default registered
[    0.350412] default registered
[    0.350412] MPTCP: Stable release v0.96
[    0.350417] tcp_listen_portaddr_hash hash table entries: 1024 (order: 2, 16384 bytes, linear)
[    0.350497] TCP established hash table entries: 16384 (order: 5, 131072 bytes, linear)
[    0.350561] TCP bind hash table entries: 16384 (order: 6, 262144 bytes, linear)
[    0.350586] TCP: Hash tables configured (established 16384 bind 16384)
[    0.351297] UDP hash table entries: 1024 (order: 3, 32768 bytes, linear)
[    0.351308] UDP-Lite hash table entries: 1024 (order: 3, 32768 bytes, linear)
[    0.351344] NET: Registered protocol family 1
[    0.351353] NET: Registered protocol family 44
[    0.351372] pci 0000:00:00.0: Limiting direct PCI/PCI transfers
[    0.351385] pci 0000:00:01.0: Activating ISA DMA hang workarounds
[    0.351440] pci 0000:00:02.0: Video device with shadowed ROM at [mem 0x000c0000-0x000dffff]
[    0.351503] PCI: CLS 0 bytes, default 64
[    0.351549] Trying to unpack rootfs image as initramfs...
[    0.515201] Freeing initrd memory: 47868K
[    0.515201] clocksource: tsc: mask: 0xffffffffffffffff max_cycles: 0x1e4530a99b6, max_idle_ns: 440795257976 ns
[    0.515201] clocksource: Switched to clocksource tsc
[    0.515201] platform rtc_cmos: registered platform RTC device (no PNP device found)
[    0.515201] check: Scanning for low memory corruption every 60 seconds
[    0.515201] Initialise system trusted keyrings
[    0.515201] Key type blacklist registered
[    0.515201] workingset: timestamp_bits=36 max_order=19 bucket_order=0
[    0.515201] zbud: loaded
[    0.515201] squashfs: version 4.0 (2009/01/31) Phillip Lougher
[    0.515201] fuse: init (API version 7.31)
[    0.515201] *** VALIDATE fuse ***
[    0.515201] *** VALIDATE fuse ***
[    0.515201] Platform Keyring initialized
[    0.531188] Key type asymmetric registered
[    0.531189] Asymmetric key parser 'x509' registered
[    0.531200] Block layer SCSI generic (bsg) driver version 0.4 loaded (major 244)
[    0.531235] io scheduler mq-deadline registered
[    0.531359] shpchp: Standard Hot Plug PCI Controller Driver version: 0.4
[    0.531588] ACPI: AC Adapter [AC] (on-line)
[    0.531632] input: Power Button as /devices/LNXSYSTM:00/LNXPWRBN:00/input/input0
[    0.531661] ACPI: Power Button [PWRF]
[    0.531736] input: Sleep Button as /devices/LNXSYSTM:00/LNXSLPBN:00/input/input1
[    0.531751] ACPI: Sleep Button [SLPF]
[    0.531979] Serial: 8250/16550 driver, 32 ports, IRQ sharing enabled
[    0.533126] Linux agpgart interface v0.103
[    0.627235] loop: module loaded
[    0.627435] ata_piix 0000:00:01.1: version 2.13
[    0.627986] scsi host0: ata_piix
[    0.628109] scsi host1: ata_piix
[    0.628149] ata1: PATA max UDMA/33 cmd 0x1f0 ctl 0x3f6 bmdma 0xd000 irq 14
[    0.628151] ata2: PATA max UDMA/33 cmd 0x170 ctl 0x376 bmdma 0xd008 irq 15
[    0.628257] tun: Universal TUN/TAP device driver, 1.6
[    0.628626] PPP generic driver version 2.4.2
[    0.628684] VFIO - User Level meta-driver version: 0.3
[    0.628972] ehci_hcd: USB 2.0 'Enhanced' Host Controller (EHCI) Driver
[    0.628978] ehci-pci: EHCI PCI platform driver
[    0.628996] ehci-platform: EHCI generic platform driver
[    0.629003] ohci_hcd: USB 1.1 'Open' Host Controller (OHCI) Driver
[    0.629005] ohci-pci: OHCI PCI platform driver
[    0.629015] ohci-platform: OHCI generic platform driver
[    0.629021] uhci_hcd: USB Universal Host Controller Interface driver
[    0.629103] i8042: PNP: PS/2 Controller [PNP0303:PS2K,PNP0f03:PS2M] at 0x60,0x64 irq 1,12
[    0.629648] serio: i8042 KBD port at 0x60,0x64 irq 1
[    0.629653] serio: i8042 AUX port at 0x60,0x64 irq 12
[    0.629776] mousedev: PS/2 mouse device common for all mice
[    0.630121] input: AT Translated Set 2 keyboard as /devices/platform/i8042/serio0/input/input2
[    0.630627] rtc_cmos rtc_cmos: registered as rtc0
[    0.630646] rtc_cmos rtc_cmos: alarms up to one day, 114 bytes nvram
[    0.630653] i2c /dev entries driver
[    0.630709] device-mapper: uevent: version 1.0.3
[    0.630769] device-mapper: ioctl: 4.41.0-ioctl (2019-09-16) initialised: dm-devel@redhat.com
[    0.630791] platform eisa.0: Probing EISA bus 0
[    0.630793] platform eisa.0: EISA: Cannot allocate resource for mainboard
[    0.630795] platform eisa.0: Cannot allocate resource for EISA slot 1
[    0.630797] platform eisa.0: Cannot allocate resource for EISA slot 2
[    0.630798] platform eisa.0: Cannot allocate resource for EISA slot 3
[    0.630800] platform eisa.0: Cannot allocate resource for EISA slot 4
[    0.630801] platform eisa.0: Cannot allocate resource for EISA slot 5
[    0.630803] platform eisa.0: Cannot allocate resource for EISA slot 6
[    0.630804] platform eisa.0: Cannot allocate resource for EISA slot 7
[    0.630806] platform eisa.0: Cannot allocate resource for EISA slot 8
[    0.630807] platform eisa.0: EISA: Detected 0 cards
[    0.630811] intel_pstate: CPU model not supported
[    0.630821] ledtrig-cpu: registered to indicate activity on CPUs
[    0.630891] drop_monitor: Initializing network drop monitor service
[    0.631118] NET: Registered protocol family 10
[    0.635306] Segment Routing with IPv6
[    0.635306] fullmesh registered
[    0.635306] ndiffports registered
[    0.635306] binder registered
[    0.635306] roundrobin registered
[    0.635306] redundant registered
[    0.635306] blest registered
[    0.635306] ecf registered
[    0.635306] NET: Registered protocol family 17
[    0.635306] Key type dns_resolver registered
[    0.635306] RAS: Correctable Errors collector initialized.
[    0.635306] IPI shorthand broadcast: enabled
[    0.635306] sched_clock: Marking stable (620138926, 11167214)->(635055435, -3749295)
[    0.638597] registered taskstats version 1
[    0.638607] Loading compiled-in X.509 certificates
[    0.639688] Loaded X.509 cert 'Build time autogenerated kernel key: 6909f3744cebb3d0de528d5887b96a727de79b1e'
[    0.639709] zswap: loaded using pool lzo/zbud
[    0.639778] Key type ._fscrypt registered
[    0.639779] Key type .fscrypt registered
[    0.646210] Key type big_key registered
[    0.649423] Key type encrypted registered
[    0.649426] AppArmor: AppArmor sha1 policy hashing enabled
[    0.649437] ima: No TPM chip found, activating TPM-bypass!
[    0.649442] ima: Allocated hash algorithm: sha1
[    0.649448] ima: No architecture policies found
[    0.649460] evm: Initialising EVM extended attributes:
[    0.649461] evm: security.selinux
[    0.649462] evm: security.SMACK64
[    0.649463] evm: security.SMACK64EXEC
[    0.649463] evm: security.SMACK64TRANSMUTE
[    0.649464] evm: security.SMACK64MMAP
[    0.649465] evm: security.apparmor
[    0.649465] evm: security.ima
[    0.649466] evm: security.capability
[    0.649467] evm: HMAC attrs: 0x1
[    0.649834] PM:   Magic number: 10:614:371
[    0.649935] rtc_cmos rtc_cmos: setting system clock to 2026-01-13T08:22:35 UTC (1768292555)
[    0.802089] ata1.00: ATA-6: VBOX HARDDISK, 1.0, max UDMA/133
[    0.802092] ata1.00: 209715200 sectors, multi 128: LBA 
[    0.802611] scsi 0:0:0:0: Direct-Access     ATA      VBOX HARDDISK    1.0  PQ: 0 ANSI: 5
[    0.802841] sd 0:0:0:0: [sda] 209715200 512-byte logical blocks: (107 GB/100 GiB)
[    0.802851] sd 0:0:0:0: [sda] Write Protect is off
[    0.802853] sd 0:0:0:0: [sda] Mode Sense: 00 3a 00 00
[    0.802869] sd 0:0:0:0: [sda] Write cache: enabled, read cache: enabled, doesn't support DPO or FUA
[    0.803142] sd 0:0:0:0: Attached scsi generic sg0 type 0
[    0.803958]  sda: sda1 sda2
[    0.815319] sd 0:0:0:0: [sda] Attached SCSI disk
[    0.817994] Freeing unused decrypted memory: 2040K
[    0.818789] Freeing unused kernel image memory: 2728K
[    0.818791] Write protecting the kernel read-only data: 22528k
[    0.819619] Freeing unused kernel image memory: 2036K
[    0.820059] Freeing unused kernel image memory: 1432K
[    0.841679] x86/mm: Checked W+X mappings: passed, no W+X pages found.
[    0.841682] Run /init as init process
[    0.952181] ACPI: Video Device [GFX0] (multi-head: yes  rom: no  post: no)
[    0.952254] input: Video Bus as /devices/LNXSYSTM:00/LNXSYBUS:00/PNP0A03:00/LNXVIDEO:00/input/input4
[    0.964847] pcnet32: pcnet32.c:v1.35 21.Apr.2008 tsbogend@alpha.franken.de
[    0.965833] pcnet32: PCnet/FAST III 79C973 at 0xd020, 08:00:27:28:68:eb assigned IRQ 19
[    0.965877] pcnet32: Found PHY 0022:561b at address 0
[    0.966176] pcnet32: eth0: registered as PCnet/FAST III 79C973
[    0.968171] piix4_smbus 0000:00:07.0: SMBus Host Controller at 0x4100, revision 0
[    0.969843] pcnet32: 1 cards_found
[    0.972187] e1000: Intel(R) PRO/1000 Network Driver - version 7.3.21-k8-NAPI
[    0.972188] e1000: Copyright (c) 1999-2006 Intel Corporation.
[    1.036369] pcnet32 0000:00:03.0 enp0s3: renamed from eth0
[    1.186713] input: ImExPS/2 Generic Explorer Mouse as /devices/platform/i8042/serio1/input/input5
[    1.379456] e1000 0000:00:08.0 eth0: (PCI:33MHz:32-bit) 08:00:27:72:20:47
[    1.379459] e1000 0000:00:08.0 eth0: Intel(R) PRO/1000 Network Connection
[    1.751553] e1000 0000:00:09.0 eth1: (PCI:33MHz:32-bit) 08:00:27:53:ef:bd
[    1.751557] e1000 0000:00:09.0 eth1: Intel(R) PRO/1000 Network Connection
[    1.752681] e1000 0000:00:09.0 enp0s9: renamed from eth1
[    1.754465] e1000 0000:00:08.0 enp0s8: renamed from eth0
[    1.894391] EXT4-fs (sda2): mounted filesystem with ordered data mode. Opts: (null)
[    1.975752] systemd[1]: Inserted module 'autofs4'
[    1.984843] systemd[1]: systemd 245.4-4ubuntu3 running in system mode. (+PAM +AUDIT +SELINUX +IMA +APPARMOR +SMACK +SYSVINIT +UTMP +LIBCRYPTSETUP +GCRYPT +GNUTLS +ACL +XZ +LZ4 +SECCOMP +BLKID +ELFUTILS +KMOD +IDN2 -IDN +PCRE2 default-hierarchy=hybrid)
[    1.984873] systemd[1]: Detected virtualization oracle.
[    1.984876] systemd[1]: Detected architecture x86-64.
[    1.986154] systemd[1]: Set hostname to <ztg>.
[    2.106595] systemd[1]: /lib/systemd/system/dbus.socket:5: ListenStream= references a path below legacy directory /var/run/, updating /var/run/dbus/system_bus_socket â†’ /run/dbus/system_bus_socket; please update the unit file accordingly.
[    2.157349] systemd[1]: Created slice system-modprobe.slice.
[    2.157547] systemd[1]: Created slice User and Session Slice.
[    2.157592] systemd[1]: Started Forward Password Requests to Wall Directory Watch.
[    2.157749] systemd[1]: Set up automount Arbitrary Executable File Formats File System Automount Point.
[    2.157783] systemd[1]: Reached target User and Group Name Lookups.
[    2.157791] systemd[1]: Reached target Remote File Systems.
[    2.157798] systemd[1]: Reached target Slices.
[    2.158273] systemd[1]: Listening on Syslog Socket.
[    2.158335] systemd[1]: Listening on fsck to fsckd communication Socket.
[    2.158370] systemd[1]: Listening on initctl Compatibility Named Pipe.
[    2.158501] systemd[1]: Listening on Journal Audit Socket.
[    2.158552] systemd[1]: Listening on Journal Socket (/dev/log).
[    2.158617] systemd[1]: Listening on Journal Socket.
[    2.158680] systemd[1]: Listening on udev Control Socket.
[    2.158719] systemd[1]: Listening on udev Kernel Socket.
[    2.159449] systemd[1]: Mounting Huge Pages File System...
[    2.160325] systemd[1]: Mounting POSIX Message Queue File System...
[    2.161152] systemd[1]: Mounting Kernel Debug File System...
[    2.161993] systemd[1]: Mounting Kernel Trace File System...
[    2.163839] systemd[1]: Starting Journal Service...
[    2.189931] systemd[1]: Starting Set the console keyboard layout...
[    2.197674] systemd[1]: Starting Create list of static device nodes for the current kernel...
[    2.199678] systemd[1]: Starting Load Kernel Module drm...
[    2.205401] systemd[1]: Condition check resulted in Set Up Additional Binary Formats being skipped.
[    2.208577] systemd[1]: Condition check resulted in File System Check on Root Device being skipped.
[    2.213954] systemd[1]: Starting Load Kernel Modules...
[    2.219180] systemd[1]: Starting Remount Root and Kernel File Systems...
[    2.228755] systemd[1]: Starting udev Coldplug all Devices...
[    2.238947] systemd[1]: Starting Uncomplicated firewall...
[    2.240242] systemd[1]: Mounted Huge Pages File System.
[    2.240328] systemd[1]: Mounted POSIX Message Queue File System.
[    2.240397] systemd[1]: Mounted Kernel Debug File System.
[    2.240464] systemd[1]: Mounted Kernel Trace File System.
[    2.242390] EXT4-fs (sda2): re-mounted. Opts: errors=remount-ro
[    2.263367] systemd[1]: Finished Create list of static device nodes for the current kernel.
[    2.264289] systemd[1]: modprobe@drm.service: Succeeded.
[    2.264653] systemd[1]: Finished Load Kernel Module drm.
[    2.270915] systemd[1]: Finished Remount Root and Kernel File Systems.
[    2.271763] systemd[1]: Finished Uncomplicated firewall.
[    2.287773] lp: driver loaded but no devices found
[    2.290705] systemd[1]: Condition check resulted in Rebuild Hardware Database being skipped.
[    2.290739] systemd[1]: Condition check resulted in Platform Persistent Storage Archival being skipped.
[    2.306801] systemd[1]: Starting Load/Save Random Seed...
[    2.312444] systemd[1]: Starting Create System Users...
[    2.318464] ppdev: user-space parallel port driver
[    2.324127] systemd[1]: Finished Load/Save Random Seed.
[    2.327143] systemd[1]: Finished Create System Users.
[    2.327869] systemd[1]: Starting Create Static Device Nodes in /dev...
[    2.358753] systemd[1]: Finished udev Coldplug all Devices.
[    2.368325] systemd[1]: Finished Create Static Device Nodes in /dev.
[    2.369040] systemd[1]: Starting udev Kernel Device Manager...
[    2.405074] [drm] DMA map mode: Caching DMA mappings.
[    2.405168] [drm] Capabilities:
[    2.405168] [drm]   Rect copy.
[    2.405169] [drm]   Cursor.
[    2.405169] [drm]   Cursor bypass.
[    2.405169] [drm]   Cursor bypass 2.
[    2.405170] [drm]   Alpha cursor.
[    2.405170] [drm]   Extended Fifo.
[    2.405170] [drm]   Pitchlock.
[    2.405171] [drm]   Irq mask.
[    2.405171] [drm]   GMR.
[    2.405171] [drm]   Traces.
[    2.405172] [drm]   GMR2.
[    2.405172] [drm]   Screen Object 2.
[    2.405172] [drm]   Command Buffers.
[    2.405173] [drm]   Command Buffers 2.
[    2.405173] [drm]   Guest Backed Resources.
[    2.405174] [drm] Max GMR ids is 8192
[    2.405175] [drm] Max number of GMR pages is 1048576
[    2.405175] [drm] Max dedicated hypervisor surface memory is 393216 kiB
[    2.405176] [drm] Maximum display memory size is 131072 kiB
[    2.405176] [drm] VRAM at 0xe0000000 size is 131072 kiB
[    2.405177] [drm] MMIO at 0xf0000000 size is 2048 kiB
[    2.419925] [TTM] Zone  kernel: Available graphics memory: 1011738 KiB
[    2.419925] [TTM] Initializing pool allocator
[    2.419929] [TTM] Initializing DMA pool allocator
[    2.419957] [drm] Supports vblank timestamp caching Rev 2 (21.10.2013).
[    2.419957] [drm] No driver support for vblank timestamp query.
[    2.420302] [drm] Screen Target Display device initialized
[    2.420517] [drm] width 720
[    2.420529] [drm] height 400
[    2.420532] [drm] bpp 32
[    2.421150] [drm] Fifo max 0x00200000 min 0x00001000 cap 0x00000355
[    2.422245] [drm] Using command buffers with DMA pool.
[    2.422251] [drm] DX: no.
[    2.422251] [drm] Atomic: yes.
[    2.422252] [drm] SM4_1: no.
[    2.422269] [drm:vmw_host_log [vmwgfx]] *ERROR* Failed to send host log message.
[    2.423162] [drm:vmw_host_log [vmwgfx]] *ERROR* Failed to send host log message.
[    2.434528] fbcon: svgadrmfb (fb0) is primary device
[    2.439140] Console: switching to colour frame buffer device 100x37
[    2.445130] [drm] Initialized vmwgfx 2.15.0 20180704 for 0000:00:02.0 on minor 0
[    2.446500] systemd[1]: Finished Load Kernel Modules.
[    2.447414] systemd[1]: Mounting FUSE Control File System...
[    2.448531] systemd[1]: Mounting Kernel Configuration File System...
[    2.454489] systemd[1]: Starting Apply Kernel Variables...
[    2.467846] systemd[1]: Finished Set the console keyboard layout.
[    2.468491] systemd[1]: Mounted FUSE Control File System.
[    2.468557] systemd[1]: Reached target Local File Systems (Pre).
[    2.468580] systemd[1]: Condition check resulted in VMware vmblock fuse mount being skipped.
[    2.479369] systemd[1]: Mounting Mount unit for bare, revision 5...
[    2.483606] systemd[1]: Mounting Mount unit for core18, revision 1705...
[    2.510924] systemd[1]: Mounting Mount unit for gnome-3-34-1804, revision 24...
[    2.514971] systemd[1]: Mounting Mount unit for gtk-common-themes, revision 1506...
[    2.522466] systemd[1]: Mounting Mount unit for gtk-common-themes, revision 1535...
[    2.529190] systemd[1]: Mounting Mount unit for snap-store, revision 433...
[    2.533207] systemd[1]: Mounting Mount unit for snapd, revision 7264...
[    2.538169] systemd[1]: Mounted Kernel Configuration File System.
[    2.548751] systemd[1]: Finished Apply Kernel Variables.
[    2.549953] systemd[1]: Mounted Mount unit for bare, revision 5.
[    2.584233] systemd[1]: Mounted Mount unit for core18, revision 1705.
[    2.584317] systemd[1]: Mounted Mount unit for gnome-3-34-1804, revision 24.
[    2.584390] systemd[1]: Mounted Mount unit for gtk-common-themes, revision 1506.
[    2.588821] systemd[1]: Started udev Kernel Device Manager.
[    2.589479] systemd[1]: Starting Show Plymouth Boot Screen...
[    2.595208] systemd[1]: Received SIGRTMIN+20 from PID 280 (plymouthd).
[    2.619175] systemd[1]: Started Show Plymouth Boot Screen.
[    2.619304] systemd[1]: Condition check resulted in Dispatch Password Requests to Console Directory Watch being skipped.
[    2.619392] systemd[1]: Started Forward Password Requests to Plymouth Directory Watch.
[    2.619421] systemd[1]: Reached target Local Encrypted Volumes.
[    2.635171] systemd[1]: Mounted Mount unit for snap-store, revision 433.
[    2.653205] systemd[1]: Mounted Mount unit for gtk-common-themes, revision 1535.
[    2.655253] systemd[1]: Mounted Mount unit for snapd, revision 7264.
[    2.655456] systemd[1]: Reached target Local File Systems.
[    2.656166] systemd[1]: Starting Load AppArmor profiles...
[    2.669781] systemd[1]: Starting Set console font and keymap...
[    2.679334] systemd[1]: Starting Tell Plymouth To Write Out Runtime Data...
[    2.680662] systemd[1]: Condition check resulted in Store a System Token in an EFI Variable being skipped.
[    2.680691] systemd[1]: Condition check resulted in Commit a transient machine-id on disk being skipped.
[    2.684706] systemd[1]: Finished Set console font and keymap.
[    2.685867] systemd[1]: Received SIGRTMIN+20 from PID 280 (plymouthd).
[    2.688172] systemd[1]: plymouth-read-write.service: Succeeded.
[    2.688407] systemd[1]: Finished Tell Plymouth To Write Out Runtime Data.
[    2.725151] audit: type=1400 audit(1768292557.572:2): apparmor="STATUS" operation="profile_load" profile="unconfined" name="nvidia_modprobe" pid=300 comm="apparmor_parser"
[    2.725153] audit: type=1400 audit(1768292557.572:3): apparmor="STATUS" operation="profile_load" profile="unconfined" name="nvidia_modprobe//kmod" pid=300 comm="apparmor_parser"
[    2.731167] audit: type=1400 audit(1768292557.576:4): apparmor="STATUS" operation="profile_load" profile="unconfined" name="/usr/sbin/tcpdump" pid=301 comm="apparmor_parser"
[    2.772663] audit: type=1400 audit(1768292557.616:5): apparmor="STATUS" operation="profile_load" profile="unconfined" name="/usr/bin/evince" pid=303 comm="apparmor_parser"
[    2.772665] audit: type=1400 audit(1768292557.616:6): apparmor="STATUS" operation="profile_load" profile="unconfined" name="/usr/bin/evince//sanitized_helper" pid=303 comm="apparmor_parser"
[    2.772666] audit: type=1400 audit(1768292557.616:7): apparmor="STATUS" operation="profile_load" profile="unconfined" name="/usr/bin/evince-previewer" pid=303 comm="apparmor_parser"
[    2.772668] audit: type=1400 audit(1768292557.616:8): apparmor="STATUS" operation="profile_load" profile="unconfined" name="/usr/bin/evince-previewer//sanitized_helper" pid=303 comm="apparmor_parser"
[    2.772669] audit: type=1400 audit(1768292557.616:9): apparmor="STATUS" operation="profile_load" profile="unconfined" name="/usr/bin/evince-thumbnailer" pid=303 comm="apparmor_parser"
[    2.784299] audit: type=1400 audit(1768292557.628:10): apparmor="STATUS" operation="profile_load" profile="unconfined" name="/usr/lib/cups/backend/cups-pdf" pid=304 comm="apparmor_parser"
[    2.865719] systemd[1]: Finished Load AppArmor profiles.
[    2.866627] systemd[1]: Starting Load AppArmor profiles managed internally by snapd...
[    2.933935] systemd[1]: Finished Load AppArmor profiles managed internally by snapd.
[    3.105510] systemd[1]: Started Journal Service.
[    3.113169] systemd-journald[229]: Received client request to flush runtime journal.
[    3.116093] systemd-journald[229]: File /var/log/journal/c455b248004a419c87ce85eea238d727/system.journal corrupted or uncleanly shut down, renaming and replacing.
[    4.326768] RAPL PMU: API unit is 2^-32 Joules, 0 fixed counters, 10737418240 ms ovfl timer
[    4.385251] cryptd: max_cpu_qlen set to 1000
[    4.425751] AVX2 version of gcm_enc/dec engaged.
[    4.425752] AES CTR mode by8 optimization enabled
[    5.261433] Adding 1998844k swap on /dev/sda1.  Priority:-2 extents:1 across:1998844k FS
[    6.062183] kauditd_printk_skb: 30 callbacks suppressed
[    6.062184] audit: type=1400 audit(1768292560.908:41): apparmor="DENIED" operation="capable" profile="/usr/sbin/cups-browsed" pid=499 comm="cups-browsed" capability=23  capname="sys_nice"
[    7.297081] pcnet32 0000:00:03.0 enp0s3: link up, 100Mbps, full-duplex
[    7.331682] e1000: enp0s8 NIC Link is Up 1000 Mbps Full Duplex, Flow Control: RX
[    7.332339] IPv6: ADDRCONF(NETDEV_CHANGE): enp0s8: link becomes ready
[    7.343531] e1000: enp0s9 NIC Link is Up 1000 Mbps Full Duplex, Flow Control: RX
[    7.343819] IPv6: ADDRCONF(NETDEV_CHANGE): enp0s9: link becomes ready
[    7.854130] device enp0s3 entered promiscuous mode
[    7.879738] audit: type=1400 audit(1768292562.716:42): apparmor="DENIED" operation="open" profile="/usr/sbin/tcpdump" name="/proc/sys/kernel/random/boot_id" pid=673 comm="tcpdump" requested_mask="r" denied_mask="r" fsuid=0 ouid=0
[    7.879918] audit: type=1400 audit(1768292562.716:43): apparmor="DENIED" operation="open" profile="/usr/sbin/tcpdump" name="/proc/sys/kernel/random/boot_id" pid=673 comm="tcpdump" requested_mask="r" denied_mask="r" fsuid=0 ouid=0
[    7.880003] audit: type=1400 audit(1768292562.716:44): apparmor="DENIED" operation="open" profile="/usr/sbin/tcpdump" name="/proc/sys/kernel/random/boot_id" pid=673 comm="tcpdump" requested_mask="r" denied_mask="r" fsuid=0 ouid=0
[    7.880107] audit: type=1400 audit(1768292562.716:45): apparmor="DENIED" operation="open" profile="/usr/sbin/tcpdump" name="/proc/sys/kernel/random/boot_id" pid=673 comm="tcpdump" requested_mask="r" denied_mask="r" fsuid=0 ouid=0
[    7.884169] audit: type=1400 audit(1768292562.732:46): apparmor="DENIED" operation="open" profile="/usr/sbin/tcpdump" name="/proc/sys/kernel/random/boot_id" pid=674 comm="tcpdump" requested_mask="r" denied_mask="r" fsuid=0 ouid=0
[    7.884337] audit: type=1400 audit(1768292562.732:47): apparmor="DENIED" operation="open" profile="/usr/sbin/tcpdump" name="/proc/sys/kernel/random/boot_id" pid=674 comm="tcpdump" requested_mask="r" denied_mask="r" fsuid=0 ouid=0
[    7.884378] audit: type=1400 audit(1768292562.732:48): apparmor="DENIED" operation="open" profile="/usr/sbin/tcpdump" name="/proc/sys/kernel/random/boot_id" pid=674 comm="tcpdump" requested_mask="r" denied_mask="r" fsuid=0 ouid=0
[    7.884431] audit: type=1400 audit(1768292562.732:49): apparmor="DENIED" operation="open" profile="/usr/sbin/tcpdump" name="/proc/sys/kernel/random/boot_id" pid=674 comm="tcpdump" requested_mask="r" denied_mask="r" fsuid=0 ouid=0
[   12.238786] rfkill: input handler disabled
[  525.057427] rfkill: input handler enabled
[  533.682561] rfkill: input handler disabled
[  845.757124] device enp0s3 left promiscuous mode
