[    0.000000] Linux version 5.4.243-mptcp (root@ztg) (gcc version 12.2.0 (Debian 12.2.0-14+deb12u1)) #53 SMP Wed Dec 24 23:28:15 CST 2025
[    0.000000] Command line: BOOT_IMAGE=/boot/vmlinuz-5.4.243-mptcp root=UUID=98415a12-53b7-4144-8265-0f7ece09e445 ro quiet splash
[    0.000000] KERNEL supported cpus:
[    0.000000]   Intel GenuineIntel
[    0.000000]   AMD AuthenticAMD
[    0.000000]   Hygon HygonGenuine
[    0.000000]   Centaur CentaurHauls
[    0.000000]   zhaoxin   Shanghai  
[    0.000000] x86/fpu: Supporting XSAVE feature 0x001: 'x87 floating point registers'
[    0.000000] x86/fpu: Supporting XSAVE feature 0x002: 'SSE registers'
[    0.000000] x86/fpu: Supporting XSAVE feature 0x004: 'AVX registers'
[    0.000000] x86/fpu: xstate_offset[2]:  576, xstate_sizes[2]:  256
[    0.000000] x86/fpu: Enabled xstate features 0x7, context size is 832 bytes, using 'standard' format.
[    0.000000] BIOS-provided physical RAM map:
[    0.000000] BIOS-e820: [mem 0x0000000000000000-0x000000000009fbff] usable
[    0.000000] BIOS-e820: [mem 0x000000000009fc00-0x000000000009ffff] reserved
[    0.000000] BIOS-e820: [mem 0x00000000000f0000-0x00000000000fffff] reserved
[    0.000000] BIOS-e820: [mem 0x0000000000100000-0x000000007ffeffff] usable
[    0.000000] BIOS-e820: [mem 0x000000007fff0000-0x000000007fffffff] ACPI data
[    0.000000] BIOS-e820: [mem 0x00000000fec00000-0x00000000fec00fff] reserved
[    0.000000] BIOS-e820: [mem 0x00000000fee00000-0x00000000fee00fff] reserved
[    0.000000] BIOS-e820: [mem 0x00000000fffc0000-0x00000000ffffffff] reserved
[    0.000000] NX (Execute Disable) protection: active
[    0.000000] SMBIOS 2.5 present.
[    0.000000] DMI: innotek GmbH VirtualBox/VirtualBox, BIOS VirtualBox 12/01/2006
[    0.000000] Hypervisor detected: KVM
[    0.000000] kvm-clock: Using msrs 4b564d01 and 4b564d00
[    0.000000] kvm-clock: cpu 0, msr 7cc01001, primary cpu clock
[    0.000000] kvm-clock: using sched offset of 4456787910 cycles
[    0.000004] clocksource: kvm-clock: mask: 0xffffffffffffffff max_cycles: 0x1cd42e4dffb, max_idle_ns: 881590591483 ns
[    0.000006] tsc: Detected 2100.000 MHz processor
[    0.002369] e820: update [mem 0x00000000-0x00000fff] usable ==> reserved
[    0.002371] e820: remove [mem 0x000a0000-0x000fffff] usable
[    0.002376] last_pfn = 0x7fff0 max_arch_pfn = 0x400000000
[    0.002456] MTRR default type: uncachable
[    0.002457] MTRR fixed ranges enabled:
[    0.002458]   00000-9FFFF write-back
[    0.002459]   A0000-BFFFF uncachable
[    0.002460]   C0000-FFFFF write-protect
[    0.002461] MTRR variable ranges enabled:
[    0.002463]   0 base 000000000000 mask 3FFF80000000 write-back
[    0.002463]   1 disabled
[    0.002464]   2 disabled
[    0.002465]   3 disabled
[    0.002465]   4 disabled
[    0.002466]   5 disabled
[    0.002466]   6 disabled
[    0.002467]   7 disabled
[    0.002467]   8 disabled
[    0.002468]   9 disabled
[    0.002468]   10 disabled
[    0.002469]   11 disabled
[    0.002469]   12 disabled
[    0.002470]   13 disabled
[    0.002471]   14 disabled
[    0.002471]   15 disabled
[    0.002492] x86/PAT: Configuration [0-7]: WB  WC  UC- UC  WB  WP  UC- WT  
[    0.002641] found SMP MP-table at [mem 0x0009fff0-0x0009ffff]
[    0.116604] check: Scanning 1 areas for low memory corruption
[    0.116879] RAMDISK: [mem 0x32271000-0x3512ffff]
[    0.116888] ACPI: Early table checksum verification disabled
[    0.116894] ACPI: RSDP 0x00000000000E0000 000024 (v02 VBOX  )
[    0.116899] ACPI: XSDT 0x000000007FFF0030 00003C (v01 VBOX   VBOXXSDT 00000001 ASL  00000061)
[    0.116905] ACPI: FACP 0x000000007FFF00F0 0000F4 (v04 VBOX   VBOXFACP 00000001 ASL  00000061)
[    0.116912] ACPI: DSDT 0x000000007FFF02E0 002353 (v02 VBOX   VBOXBIOS 00000002 VBOX 00029BF3)
[    0.116916] ACPI: FACS 0x000000007FFF0200 000040
[    0.116920] ACPI: FACS 0x000000007FFF0200 000040
[    0.116923] ACPI: APIC 0x000000007FFF0240 000054 (v02 VBOX   VBOXAPIC 00000001 ASL  00000061)
[    0.116927] ACPI: SSDT 0x000000007FFF02A0 000038 (v01 VBOX   VBOXCPUT 00000002 VBOX 00029BF3)
[    0.116930] ACPI: Reserving FACP table memory at [mem 0x7fff00f0-0x7fff01e3]
[    0.116931] ACPI: Reserving DSDT table memory at [mem 0x7fff02e0-0x7fff2632]
[    0.116932] ACPI: Reserving FACS table memory at [mem 0x7fff0200-0x7fff023f]
[    0.116932] ACPI: Reserving FACS table memory at [mem 0x7fff0200-0x7fff023f]
[    0.116933] ACPI: Reserving APIC table memory at [mem 0x7fff0240-0x7fff0293]
[    0.116934] ACPI: Reserving SSDT table memory at [mem 0x7fff02a0-0x7fff02d7]
[    0.116948] ACPI: Local APIC address 0xfee00000
[    0.117138] No NUMA configuration found
[    0.117139] Faking a node at [mem 0x0000000000000000-0x000000007ffeffff]
[    0.117149] NODE_DATA(0) allocated [mem 0x7ffc5000-0x7ffeffff]
[    0.117433] Zone ranges:
[    0.117434]   DMA      [mem 0x0000000000001000-0x0000000000ffffff]
[    0.117435]   DMA32    [mem 0x0000000001000000-0x000000007ffeffff]
[    0.117436]   Normal   empty
[    0.117436]   Device   empty
[    0.117437] Movable zone start for each node
[    0.117439] Early memory node ranges
[    0.117440]   node   0: [mem 0x0000000000001000-0x000000000009efff]
[    0.117441]   node   0: [mem 0x0000000000100000-0x000000007ffeffff]
[    0.117444] Zeroed struct page in unavailable ranges: 114 pages
[    0.117445] Initmem setup node 0 [mem 0x0000000000001000-0x000000007ffeffff]
[    0.117446] On node 0 totalpages: 524174
[    0.117447]   DMA zone: 64 pages used for memmap
[    0.117447]   DMA zone: 21 pages reserved
[    0.117448]   DMA zone: 3998 pages, LIFO batch:0
[    0.117520]   DMA32 zone: 8128 pages used for memmap
[    0.117520]   DMA32 zone: 520176 pages, LIFO batch:63
[    0.126532] ACPI: PM-Timer IO Port: 0x4008
[    0.126536] ACPI: Local APIC address 0xfee00000
[    0.126603] IOAPIC[0]: apic_id 1, version 32, address 0xfec00000, GSI 0-23
[    0.126607] ACPI: INT_SRC_OVR (bus 0 bus_irq 0 global_irq 2 dfl dfl)
[    0.126609] ACPI: INT_SRC_OVR (bus 0 bus_irq 9 global_irq 9 low level)
[    0.126610] ACPI: IRQ0 used by override.
[    0.126611] ACPI: IRQ9 used by override.
[    0.126614] Using ACPI (MADT) for SMP configuration information
[    0.126621] smpboot: Allowing 1 CPUs, 0 hotplug CPUs
[    0.126644] PM: Registered nosave memory: [mem 0x00000000-0x00000fff]
[    0.126646] PM: Registered nosave memory: [mem 0x0009f000-0x0009ffff]
[    0.126646] PM: Registered nosave memory: [mem 0x000a0000-0x000effff]
[    0.126647] PM: Registered nosave memory: [mem 0x000f0000-0x000fffff]
[    0.126648] [mem 0x80000000-0xfebfffff] available for PCI devices
[    0.126649] Booting paravirtualized kernel on KVM
[    0.126653] clocksource: refined-jiffies: mask: 0xffffffff max_cycles: 0xffffffff, max_idle_ns: 7645519600211568 ns
[    0.126657] setup_percpu: NR_CPUS:8192 nr_cpumask_bits:1 nr_cpu_ids:1 nr_node_ids:1
[    0.127987] percpu: Embedded 60 pages/cpu s208896 r8192 d28672 u2097152
[    0.127995] pcpu-alloc: s208896 r8192 d28672 u2097152 alloc=1*2097152
[    0.127996] pcpu-alloc: [0] 0 
[    0.128036] Built 1 zonelists, mobility grouping on.  Total pages: 515961
[    0.128037] Policy zone: DMA32
[    0.128040] Kernel command line: BOOT_IMAGE=/boot/vmlinuz-5.4.243-mptcp root=UUID=98415a12-53b7-4144-8265-0f7ece09e445 ro quiet splash
[    0.128516] Dentry cache hash table entries: 262144 (order: 9, 2097152 bytes, linear)
[    0.128811] Inode-cache hash table entries: 131072 (order: 8, 1048576 bytes, linear)
[    0.128881] mem auto-init: stack:off, heap alloc:on, heap free:off
[    0.128885] Calgary: detecting Calgary via BIOS EBDA area
[    0.128887] Calgary: Unable to locate Rio Grande table in EBDA - bailing!
[    0.133492] Memory: 1967332K/2096696K available (14339K kernel code, 2398K rwdata, 4712K rodata, 2728K init, 17260K bss, 129364K reserved, 0K cma-reserved)
[    0.133754] SLUB: HWalign=64, Order=0-3, MinObjects=0, CPUs=1, Nodes=1
[    0.133771] ftrace: allocating 43186 entries in 169 pages
[    0.151167] rcu: Hierarchical RCU implementation.
[    0.151168] rcu: 	RCU restricting CPUs from NR_CPUS=8192 to nr_cpu_ids=1.
[    0.151169] 	Tasks RCU enabled.
[    0.151170] rcu: RCU calculated value of scheduler-enlistment delay is 25 jiffies.
[    0.151171] rcu: Adjusting geometry for rcu_fanout_leaf=16, nr_cpu_ids=1
[    0.154132] NR_IRQS: 524544, nr_irqs: 256, preallocated irqs: 16
[    0.154365] random: crng init done
[    0.164326] Console: colour VGA+ 80x25
[    0.164331] printk: console [tty0] enabled
[    0.164354] ACPI: Core revision 20190816
[    0.164517] APIC: Switch to symmetric I/O mode setup
[    0.164769] x2apic enabled
[    0.165009] Switched APIC routing to physical x2apic.
[    0.166156] ..TIMER: vector=0x30 apic1=0 pin1=2 apic2=-1 pin2=-1
[    0.166181] clocksource: tsc-early: mask: 0xffffffffffffffff max_cycles: 0x1e4530a99b6, max_idle_ns: 440795257976 ns
[    0.166187] Calibrating delay loop (skipped) preset value.. 4200.00 BogoMIPS (lpj=8400000)
[    0.166189] pid_max: default: 32768 minimum: 301
[    0.166218] LSM: Security Framework initializing
[    0.166227] Yama: becoming mindful.
[    0.166255] AppArmor: AppArmor initialized
[    0.166288] Mount-cache hash table entries: 4096 (order: 3, 32768 bytes, linear)
[    0.166293] Mountpoint-cache hash table entries: 4096 (order: 3, 32768 bytes, linear)
[    0.166303] *** VALIDATE tmpfs ***
[    0.166433] *** VALIDATE proc ***
[    0.166474] *** VALIDATE cgroup1 ***
[    0.166475] *** VALIDATE cgroup2 ***
[    0.166620] process: using mwait in idle threads
[    0.166625] Last level iTLB entries: 4KB 64, 2MB 8, 4MB 8
[    0.166626] Last level dTLB entries: 4KB 64, 2MB 0, 4MB 0, 1GB 4
[    0.166663] Spectre V1 : Mitigation: usercopy/swapgs barriers and __user pointer sanitization
[    0.166674] Spectre V2 : Mitigation: Retpolines
[    0.166675] Spectre V2 : Spectre v2 / SpectreRSB mitigation: Filling RSB on context switch
[    0.166675] Spectre V2 : Spectre v2 / SpectreRSB : Filling RSB on VMEXIT
[    0.166676] RETBleed: WARNING: Spectre v2 mitigation leaves CPU vulnerable to RETBleed attacks, data leaks possible!
[    0.167033] RETBleed: Vulnerable
[    0.167034] Speculative Store Bypass: Vulnerable
[    0.167038] TAA: Mitigation: TSX disabled
[    0.167039] MMIO Stale Data: Mitigation: Clear CPU buffers
[    0.171246] Freeing SMP alternatives memory: 40K
[    0.283249] smpboot: CPU0: Intel(R) Xeon(R) Silver 4216 CPU @ 2.10GHz (family: 0x6, model: 0x55, stepping: 0x7)
[    0.283396] Performance Events: unsupported p6 CPU model 85 no PMU driver, software events only.
[    0.283434] rcu: Hierarchical SRCU implementation.
[    0.283910] NMI watchdog: Perf NMI watchdog permanently disabled
[    0.283948] smp: Bringing up secondary CPUs ...
[    0.283949] smp: Brought up 1 node, 1 CPU
[    0.283950] smpboot: Max logical packages: 1
[    0.283951] smpboot: Total of 1 processors activated (4200.00 BogoMIPS)
[    0.284230] devtmpfs: initialized
[    0.284276] x86/mm: Memory block size: 128MB
[    0.284621] clocksource: jiffies: mask: 0xffffffff max_cycles: 0xffffffff, max_idle_ns: 7645041785100000 ns
[    0.284627] futex hash table entries: 256 (order: 2, 16384 bytes, linear)
[    0.284670] pinctrl core: initialized pinctrl subsystem
[    0.284770] PM: RTC time: 21:31:25, date: 2026-01-12
[    0.284876] NET: Registered protocol family 16
[    0.284950] audit: initializing netlink subsys (disabled)
[    0.285077] EISA bus registered
[    0.285078] cpuidle: using governor ladder
[    0.285079] cpuidle: using governor menu
[    0.285116] ACPI: bus type PCI registered
[    0.285118] acpiphp: ACPI Hot Plug PCI Controller Driver version: 0.5
[    0.285223] PCI: Using configuration type 1 for base access
[    0.286183] audit: type=2000 audit(1768224692.230:1): state=initialized audit_enabled=0 res=1
[    0.286183] HugeTLB registered 2.00 MiB page size, pre-allocated 0 pages
[    0.286676] ACPI: Added _OSI(Module Device)
[    0.286676] ACPI: Added _OSI(Processor Device)
[    0.286677] ACPI: Added _OSI(3.0 _SCP Extensions)
[    0.286678] ACPI: Added _OSI(Processor Aggregator Device)
[    0.286679] ACPI: Added _OSI(Linux-Dell-Video)
[    0.286680] ACPI: Added _OSI(Linux-Lenovo-NV-HDMI-Audio)
[    0.286680] ACPI: Added _OSI(Linux-HPI-Hybrid-Graphics)
[    0.288640] ACPI: 2 ACPI AML tables successfully acquired and loaded
[    0.290259] ACPI: Interpreter enabled
[    0.290269] ACPI: (supports S0 S5)
[    0.290270] ACPI: Using IOAPIC for interrupt routing
[    0.290480] PCI: Using host bridge windows from ACPI; if necessary, use "pci=nocrs" and report a bug
[    0.290586] ACPI: Enabled 2 GPEs in block 00 to 07
[    0.295387] ACPI: PCI Root Bridge [PCI0] (domain 0000 [bus 00-ff])
[    0.295391] acpi PNP0A03:00: _OSC: OS supports [ASPM ClockPM Segments MSI HPX-Type3]
[    0.295832] acpi PNP0A03:00: _OSC: not requesting OS control; OS requires [ExtendedConfig ASPM ClockPM MSI]
[    0.295841] acpi PNP0A03:00: fail to add MMCONFIG information, can't access extended PCI configuration space under this bridge.
[    0.296246] PCI host bridge to bus 0000:00
[    0.296250] pci_bus 0000:00: root bus resource [io  0x0000-0x0cf7 window]
[    0.296252] pci_bus 0000:00: root bus resource [io  0x0d00-0xffff window]
[    0.296253] pci_bus 0000:00: root bus resource [mem 0x000a0000-0x000bffff window]
[    0.296255] pci_bus 0000:00: root bus resource [mem 0x80000000-0xfdffffff window]
[    0.296257] pci_bus 0000:00: root bus resource [bus 00-ff]
[    0.296332] pci 0000:00:00.0: [8086:1237] type 00 class 0x060000
[    0.297735] pci 0000:00:01.0: [8086:7000] type 00 class 0x060100
[    0.298490] pci 0000:00:01.1: [8086:7111] type 00 class 0x01018a
[    0.298860] pci 0000:00:01.1: reg 0x20: [io  0xd000-0xd00f]
[    0.299012] pci 0000:00:01.1: legacy IDE quirk: reg 0x10: [io  0x01f0-0x01f7]
[    0.299013] pci 0000:00:01.1: legacy IDE quirk: reg 0x14: [io  0x03f6]
[    0.299014] pci 0000:00:01.1: legacy IDE quirk: reg 0x18: [io  0x0170-0x0177]
[    0.299014] pci 0000:00:01.1: legacy IDE quirk: reg 0x1c: [io  0x0376]
[    0.299549] pci 0000:00:02.0: [15ad:0405] type 00 class 0x030000
[    0.302268] pci 0000:00:02.0: reg 0x10: [io  0xd010-0xd01f]
[    0.306234] pci 0000:00:02.0: reg 0x14: [mem 0xe0000000-0xe7ffffff pref]
[    0.309197] pci 0000:00:02.0: reg 0x18: [mem 0xf0000000-0xf01fffff]
[    0.320784] pci 0000:00:03.0: [1022:2000] type 00 class 0x020000
[    0.321520] pci 0000:00:03.0: reg 0x10: [io  0xd020-0xd03f]
[    0.322295] pci 0000:00:03.0: reg 0x14: [mem 0xf0200000-0xf0200fff]
[    0.325781] pci 0000:00:04.0: [80ee:cafe] type 00 class 0x088000
[    0.326298] pci 0000:00:04.0: reg 0x10: [io  0xd040-0xd05f]
[    0.326902] pci 0000:00:04.0: reg 0x14: [mem 0xf0400000-0xf07fffff]
[    0.327510] pci 0000:00:04.0: reg 0x18: [mem 0xf0800000-0xf0803fff pref]
[    0.331534] pci 0000:00:07.0: [8086:7113] type 00 class 0x068000
[    0.332068] pci 0000:00:07.0: quirk: [io  0x4000-0x403f] claimed by PIIX4 ACPI
[    0.332078] pci 0000:00:07.0: quirk: [io  0x4100-0x410f] claimed by PIIX4 SMB
[    0.332702] pci 0000:00:08.0: [8086:100e] type 00 class 0x020000
[    0.333514] pci 0000:00:08.0: reg 0x10: [mem 0xf0820000-0xf083ffff]
[    0.334848] pci 0000:00:08.0: reg 0x18: [io  0xd060-0xd067]
[    0.338256] pci 0000:00:09.0: [8086:100e] type 00 class 0x020000
[    0.338982] pci 0000:00:09.0: reg 0x10: [mem 0xf0840000-0xf085ffff]
[    0.340156] pci 0000:00:09.0: reg 0x18: [io  0xd068-0xd06f]
[    0.351059] ACPI: PCI Interrupt Link [LNKA] (IRQs 5 9 10 *11)
[    0.351341] ACPI: PCI Interrupt Link [LNKB] (IRQs 5 9 *10 11)
[    0.351441] ACPI: PCI Interrupt Link [LNKC] (IRQs 5 *9 10 11)
[    0.351544] ACPI: PCI Interrupt Link [LNKD] (IRQs 5 9 10 *11)
[    0.351807] iommu: Default domain type: Translated 
[    0.351867] pci 0000:00:02.0: vgaarb: setting as boot VGA device
[    0.351869] pci 0000:00:02.0: vgaarb: VGA device added: decodes=io+mem,owns=io+mem,locks=none
[    0.351871] pci 0000:00:02.0: vgaarb: bridge control possible
[    0.351871] vgaarb: loaded
[    0.352082] SCSI subsystem initialized
[    0.352113] libata version 3.00 loaded.
[    0.352138] ACPI: bus type USB registered
[    0.352153] usbcore: registered new interface driver usbfs
[    0.352159] usbcore: registered new interface driver hub
[    0.352164] usbcore: registered new device driver usb
[    0.352189] pps_core: LinuxPPS API ver. 1 registered
[    0.352189] pps_core: Software ver. 5.3.6 - Copyright 2005-2007 Rodolfo Giometti <giometti@linux.it>
[    0.352191] PTP clock support registered
[    0.352229] EDAC MC: Ver: 3.0.0
[    0.352509] PCI: Using ACPI for IRQ routing
[    0.352510] PCI: pci_cache_line_size set to 64 bytes
[    0.352677] e820: reserve RAM buffer [mem 0x0009fc00-0x0009ffff]
[    0.352681] e820: reserve RAM buffer [mem 0x7fff0000-0x7fffffff]
[    0.353506] NetLabel: Initializing
[    0.353507] NetLabel:  domain hash size = 128
[    0.353507] NetLabel:  protocols = UNLABELED CIPSOv4 CALIPSO
[    0.353527] NetLabel:  unlabeled traffic allowed by default
[    0.354338] clocksource: Switched to clocksource kvm-clock
[    0.369212] *** VALIDATE bpf ***
[    0.369277] VFS: Disk quotas dquot_6.6.0
[    0.369290] VFS: Dquot-cache hash table entries: 512 (order 0, 4096 bytes)
[    0.369314] *** VALIDATE ramfs ***
[    0.369317] *** VALIDATE hugetlbfs ***
[    0.369400] AppArmor: AppArmor Filesystem Enabled
[    0.369428] pnp: PnP ACPI init
[    0.369500] pnp 00:00: Plug and Play ACPI device, IDs PNP0303 (active)
[    0.369568] pnp 00:01: Plug and Play ACPI device, IDs PNP0f03 (active)
[    0.370313] pnp: PnP ACPI: found 2 devices
[    0.371275] thermal_sys: Registered thermal governor 'fair_share'
[    0.371276] thermal_sys: Registered thermal governor 'bang_bang'
[    0.371277] thermal_sys: Registered thermal governor 'step_wise'
[    0.371277] thermal_sys: Registered thermal governor 'user_space'
[    0.371278] thermal_sys: Registered thermal governor 'power_allocator'
[    0.375806] clocksource: acpi_pm: mask: 0xffffff max_cycles: 0xffffff, max_idle_ns: 2085701024 ns
[    0.375847] pci_bus 0000:00: resource 4 [io  0x0000-0x0cf7 window]
[    0.375848] pci_bus 0000:00: resource 5 [io  0x0d00-0xffff window]
[    0.375849] pci_bus 0000:00: resource 6 [mem 0x000a0000-0x000bffff window]
[    0.375850] pci_bus 0000:00: resource 7 [mem 0x80000000-0xfdffffff window]
[    0.375909] NET: Registered protocol family 2
[    0.375909] IP idents hash table entries: 32768 (order: 6, 262144 bytes, linear)
[    0.375909] MPTCP tokens hash table entries: 8192 (order: 4, 65536 bytes, linear)
[    0.375909] MPTCP request tokens hash table entries: 8192 (order: 4, 65536 bytes, linear)
[    0.375909] default registered
[    0.375909] default registered
[    0.375909] MPTCP: Stable release v0.96
[    0.375909] tcp_listen_portaddr_hash hash table entries: 1024 (order: 2, 16384 bytes, linear)
[    0.375909] TCP established hash table entries: 16384 (order: 5, 131072 bytes, linear)
[    0.375909] TCP bind hash table entries: 16384 (order: 6, 262144 bytes, linear)
[    0.375909] TCP: Hash tables configured (established 16384 bind 16384)
[    0.377362] UDP hash table entries: 1024 (order: 3, 32768 bytes, linear)
[    0.377373] UDP-Lite hash table entries: 1024 (order: 3, 32768 bytes, linear)
[    0.377410] NET: Registered protocol family 1
[    0.377420] NET: Registered protocol family 44
[    0.377445] pci 0000:00:00.0: Limiting direct PCI/PCI transfers
[    0.377457] pci 0000:00:01.0: Activating ISA DMA hang workarounds
[    0.377509] pci 0000:00:02.0: Video device with shadowed ROM at [mem 0x000c0000-0x000dffff]
[    0.377575] PCI: CLS 0 bytes, default 64
[    0.377626] Trying to unpack rootfs image as initramfs...
[    0.555877] Freeing initrd memory: 47868K
[    0.555877] clocksource: tsc: mask: 0xffffffffffffffff max_cycles: 0x1e4530a99b6, max_idle_ns: 440795257976 ns
[    0.555877] clocksource: Switched to clocksource tsc
[    0.555877] platform rtc_cmos: registered platform RTC device (no PNP device found)
[    0.555877] check: Scanning for low memory corruption every 60 seconds
[    0.555877] Initialise system trusted keyrings
[    0.555877] Key type blacklist registered
[    0.555877] workingset: timestamp_bits=36 max_order=19 bucket_order=0
[    0.555877] zbud: loaded
[    0.555877] squashfs: version 4.0 (2009/01/31) Phillip Lougher
[    0.555877] fuse: init (API version 7.31)
[    0.555877] *** VALIDATE fuse ***
[    0.555877] *** VALIDATE fuse ***
[    0.555877] Platform Keyring initialized
[    0.570927] Key type asymmetric registered
[    0.570929] Asymmetric key parser 'x509' registered
[    0.570942] Block layer SCSI generic (bsg) driver version 0.4 loaded (major 244)
[    0.570981] io scheduler mq-deadline registered
[    0.571117] shpchp: Standard Hot Plug PCI Controller Driver version: 0.4
[    0.571334] ACPI: AC Adapter [AC] (on-line)
[    0.571377] input: Power Button as /devices/LNXSYSTM:00/LNXPWRBN:00/input/input0
[    0.571406] ACPI: Power Button [PWRF]
[    0.571491] input: Sleep Button as /devices/LNXSYSTM:00/LNXSLPBN:00/input/input1
[    0.571507] ACPI: Sleep Button [SLPF]
[    0.571759] Serial: 8250/16550 driver, 32 ports, IRQ sharing enabled
[    0.572917] Linux agpgart interface v0.103
[    0.667870] loop: module loaded
[    0.668016] ata_piix 0000:00:01.1: version 2.13
[    0.668419] scsi host0: ata_piix
[    0.668508] scsi host1: ata_piix
[    0.668534] ata1: PATA max UDMA/33 cmd 0x1f0 ctl 0x3f6 bmdma 0xd000 irq 14
[    0.668535] ata2: PATA max UDMA/33 cmd 0x170 ctl 0x376 bmdma 0xd008 irq 15
[    0.668615] tun: Universal TUN/TAP device driver, 1.6
[    0.668926] PPP generic driver version 2.4.2
[    0.668969] VFIO - User Level meta-driver version: 0.3
[    0.669204] ehci_hcd: USB 2.0 'Enhanced' Host Controller (EHCI) Driver
[    0.669209] ehci-pci: EHCI PCI platform driver
[    0.669225] ehci-platform: EHCI generic platform driver
[    0.669230] ohci_hcd: USB 1.1 'Open' Host Controller (OHCI) Driver
[    0.669232] ohci-pci: OHCI PCI platform driver
[    0.669239] ohci-platform: OHCI generic platform driver
[    0.669243] uhci_hcd: USB Universal Host Controller Interface driver
[    0.669307] i8042: PNP: PS/2 Controller [PNP0303:PS2K,PNP0f03:PS2M] at 0x60,0x64 irq 1,12
[    0.669755] serio: i8042 KBD port at 0x60,0x64 irq 1
[    0.669760] serio: i8042 AUX port at 0x60,0x64 irq 12
[    0.669847] mousedev: PS/2 mouse device common for all mice
[    0.670112] input: AT Translated Set 2 keyboard as /devices/platform/i8042/serio0/input/input2
[    0.670512] rtc_cmos rtc_cmos: registered as rtc0
[    0.670526] rtc_cmos rtc_cmos: alarms up to one day, 114 bytes nvram
[    0.670531] i2c /dev entries driver
[    0.670576] device-mapper: uevent: version 1.0.3
[    0.670619] device-mapper: ioctl: 4.41.0-ioctl (2019-09-16) initialised: dm-devel@redhat.com
[    0.670636] platform eisa.0: Probing EISA bus 0
[    0.670637] platform eisa.0: EISA: Cannot allocate resource for mainboard
[    0.670638] platform eisa.0: Cannot allocate resource for EISA slot 1
[    0.670639] platform eisa.0: Cannot allocate resource for EISA slot 2
[    0.670640] platform eisa.0: Cannot allocate resource for EISA slot 3
[    0.670641] platform eisa.0: Cannot allocate resource for EISA slot 4
[    0.670642] platform eisa.0: Cannot allocate resource for EISA slot 5
[    0.670643] platform eisa.0: Cannot allocate resource for EISA slot 6
[    0.670644] platform eisa.0: Cannot allocate resource for EISA slot 7
[    0.670645] platform eisa.0: Cannot allocate resource for EISA slot 8
[    0.670646] platform eisa.0: EISA: Detected 0 cards
[    0.670649] intel_pstate: CPU model not supported
[    0.670657] ledtrig-cpu: registered to indicate activity on CPUs
[    0.670712] drop_monitor: Initializing network drop monitor service
[    0.670871] NET: Registered protocol family 10
[    0.676042] Segment Routing with IPv6
[    0.676042] fullmesh registered
[    0.676042] ndiffports registered
[    0.676042] binder registered
[    0.676042] roundrobin registered
[    0.676042] redundant registered
[    0.676042] blest registered
[    0.676042] ecf registered
[    0.676042] NET: Registered protocol family 17
[    0.676042] Key type dns_resolver registered
[    0.676042] RAS: Correctable Errors collector initialized.
[    0.676042] IPI shorthand broadcast: enabled
[    0.676042] sched_clock: Marking stable (660214394, 11828394)->(671928587, 114201)
[    0.677003] registered taskstats version 1
[    0.677012] Loading compiled-in X.509 certificates
[    0.677598] Loaded X.509 cert 'Build time autogenerated kernel key: 6909f3744cebb3d0de528d5887b96a727de79b1e'
[    0.677617] zswap: loaded using pool lzo/zbud
[    0.677671] Key type ._fscrypt registered
[    0.677671] Key type .fscrypt registered
[    0.682221] Key type big_key registered
[    0.684508] Key type encrypted registered
[    0.684511] AppArmor: AppArmor sha1 policy hashing enabled
[    0.684520] ima: No TPM chip found, activating TPM-bypass!
[    0.684524] ima: Allocated hash algorithm: sha1
[    0.684529] ima: No architecture policies found
[    0.684539] evm: Initialising EVM extended attributes:
[    0.684539] evm: security.selinux
[    0.684540] evm: security.SMACK64
[    0.684540] evm: security.SMACK64EXEC
[    0.684541] evm: security.SMACK64TRANSMUTE
[    0.684541] evm: security.SMACK64MMAP
[    0.684542] evm: security.apparmor
[    0.684542] evm: security.ima
[    0.684543] evm: security.capability
[    0.684543] evm: HMAC attrs: 0x1
[    0.684883] PM:   Magic number: 10:576:550
[    0.684899] tty ttyS26: hash matches
[    0.684923] acpi PNP0C0F:01: hash matches
[    0.685037] rtc_cmos rtc_cmos: setting system clock to 2026-01-12T21:31:26 UTC (1768253486)
[    0.839725] ata1.00: ATA-6: VBOX HARDDISK, 1.0, max UDMA/133
[    0.839727] ata1.00: 209715200 sectors, multi 128: LBA 
[    0.840206] scsi 0:0:0:0: Direct-Access     ATA      VBOX HARDDISK    1.0  PQ: 0 ANSI: 5
[    0.840396] sd 0:0:0:0: [sda] 209715200 512-byte logical blocks: (107 GB/100 GiB)
[    0.840403] sd 0:0:0:0: [sda] Write Protect is off
[    0.840405] sd 0:0:0:0: [sda] Mode Sense: 00 3a 00 00
[    0.840417] sd 0:0:0:0: [sda] Write cache: enabled, read cache: enabled, doesn't support DPO or FUA
[    0.840625] sd 0:0:0:0: Attached scsi generic sg0 type 0
[    0.841166]  sda: sda1 sda2
[    0.851982] sd 0:0:0:0: [sda] Attached SCSI disk
[    0.854033] Freeing unused decrypted memory: 2040K
[    0.854759] Freeing unused kernel image memory: 2728K
[    0.854760] Write protecting the kernel read-only data: 22528k
[    0.855471] Freeing unused kernel image memory: 2036K
[    0.855882] Freeing unused kernel image memory: 1432K
[    0.871049] x86/mm: Checked W+X mappings: passed, no W+X pages found.
[    0.871052] Run /init as init process
[    0.965704] ACPI: Video Device [GFX0] (multi-head: yes  rom: no  post: no)
[    0.965791] input: Video Bus as /devices/LNXSYSTM:00/LNXSYBUS:00/PNP0A03:00/LNXVIDEO:00/input/input4
[    0.977466] pcnet32: pcnet32.c:v1.35 21.Apr.2008 tsbogend@alpha.franken.de
[    0.979074] piix4_smbus 0000:00:07.0: SMBus Host Controller at 0x4100, revision 0
[    0.981555] e1000: Intel(R) PRO/1000 Network Driver - version 7.3.21-k8-NAPI
[    0.981556] e1000: Copyright (c) 1999-2006 Intel Corporation.
[    0.987560] pcnet32: PCnet/FAST III 79C973 at 0xd020, 08:00:27:43:3e:5d assigned IRQ 19
[    0.987607] pcnet32: Found PHY 0022:561b at address 0
[    0.987907] pcnet32: eth0: registered as PCnet/FAST III 79C973
[    0.998368] pcnet32: 1 cards_found
[    1.054106] pcnet32 0000:00:03.0 enp0s3: renamed from eth0
[    1.198186] input: ImExPS/2 Generic Explorer Mouse as /devices/platform/i8042/serio1/input/input5
[    1.392148] e1000 0000:00:08.0 eth0: (PCI:33MHz:32-bit) 08:00:27:af:3a:0a
[    1.392152] e1000 0000:00:08.0 eth0: Intel(R) PRO/1000 Network Connection
[    1.760218] e1000 0000:00:09.0 eth1: (PCI:33MHz:32-bit) 08:00:27:cc:80:5f
[    1.760221] e1000 0000:00:09.0 eth1: Intel(R) PRO/1000 Network Connection
[    1.761350] e1000 0000:00:09.0 enp0s9: renamed from eth1
[    1.763139] e1000 0000:00:08.0 enp0s8: renamed from eth0
[    1.916252] EXT4-fs (sda2): mounted filesystem with ordered data mode. Opts: (null)
[    2.009486] systemd[1]: Inserted module 'autofs4'
[    2.020692] systemd[1]: systemd 245.4-4ubuntu3 running in system mode. (+PAM +AUDIT +SELINUX +IMA +APPARMOR +SMACK +SYSVINIT +UTMP +LIBCRYPTSETUP +GCRYPT +GNUTLS +ACL +XZ +LZ4 +SECCOMP +BLKID +ELFUTILS +KMOD +IDN2 -IDN +PCRE2 default-hierarchy=hybrid)
[    2.020723] systemd[1]: Detected virtualization oracle.
[    2.020727] systemd[1]: Detected architecture x86-64.
[    2.022003] systemd[1]: Set hostname to <ztg>.
[    2.149083] systemd[1]: /lib/systemd/system/dbus.socket:5: ListenStream= references a path below legacy directory /var/run/, updating /var/run/dbus/system_bus_socket â†’ /run/dbus/system_bus_socket; please update the unit file accordingly.
[    2.201581] systemd[1]: Created slice system-modprobe.slice.
[    2.201765] systemd[1]: Created slice User and Session Slice.
[    2.201825] systemd[1]: Started Forward Password Requests to Wall Directory Watch.
[    2.201990] systemd[1]: Set up automount Arbitrary Executable File Formats File System Automount Point.
[    2.202024] systemd[1]: Reached target User and Group Name Lookups.
[    2.202033] systemd[1]: Reached target Remote File Systems.
[    2.202041] systemd[1]: Reached target Slices.
[    2.202590] systemd[1]: Listening on Syslog Socket.
[    2.202659] systemd[1]: Listening on fsck to fsckd communication Socket.
[    2.202697] systemd[1]: Listening on initctl Compatibility Named Pipe.
[    2.202837] systemd[1]: Listening on Journal Audit Socket.
[    2.202887] systemd[1]: Listening on Journal Socket (/dev/log).
[    2.202953] systemd[1]: Listening on Journal Socket.
[    2.203018] systemd[1]: Listening on udev Control Socket.
[    2.203058] systemd[1]: Listening on udev Kernel Socket.
[    2.203797] systemd[1]: Mounting Huge Pages File System...
[    2.204784] systemd[1]: Mounting POSIX Message Queue File System...
[    2.205696] systemd[1]: Mounting Kernel Debug File System...
[    2.206577] systemd[1]: Mounting Kernel Trace File System...
[    2.208459] systemd[1]: Starting Journal Service...
[    2.230494] systemd[1]: Starting Set the console keyboard layout...
[    2.238490] systemd[1]: Starting Create list of static device nodes for the current kernel...
[    2.240461] systemd[1]: Starting Load Kernel Module drm...
[    2.241467] systemd[1]: Condition check resulted in Set Up Additional Binary Formats being skipped.
[    2.241511] systemd[1]: Condition check resulted in File System Check on Root Device being skipped.
[    2.247725] systemd[1]: Starting Load Kernel Modules...
[    2.263625] systemd[1]: Starting Remount Root and Kernel File Systems...
[    2.269194] systemd[1]: Starting udev Coldplug all Devices...
[    2.281156] systemd[1]: Starting Uncomplicated firewall...
[    2.285453] systemd[1]: Mounted Huge Pages File System.
[    2.285546] systemd[1]: Mounted POSIX Message Queue File System.
[    2.285622] systemd[1]: Mounted Kernel Debug File System.
[    2.285689] systemd[1]: Mounted Kernel Trace File System.
[    2.307765] EXT4-fs (sda2): re-mounted. Opts: errors=remount-ro
[    2.325484] systemd[1]: Finished Create list of static device nodes for the current kernel.
[    2.326631] systemd[1]: modprobe@drm.service: Succeeded.
[    2.327088] systemd[1]: Finished Load Kernel Module drm.
[    2.333703] systemd[1]: Finished Remount Root and Kernel File Systems.
[    2.335935] lp: driver loaded but no devices found
[    2.337380] systemd[1]: Finished Uncomplicated firewall.
[    2.348977] systemd[1]: Condition check resulted in Rebuild Hardware Database being skipped.
[    2.349016] systemd[1]: Condition check resulted in Platform Persistent Storage Archival being skipped.
[    2.351023] systemd[1]: Starting Load/Save Random Seed...
[    2.355740] systemd[1]: Starting Create System Users...
[    2.360975] ppdev: user-space parallel port driver
[    2.371863] systemd[1]: Finished Load/Save Random Seed.
[    2.374702] systemd[1]: Finished Create System Users.
[    2.375435] systemd[1]: Starting Create Static Device Nodes in /dev...
[    2.403730] systemd[1]: Finished Create Static Device Nodes in /dev.
[    2.404677] systemd[1]: Starting udev Kernel Device Manager...
[    2.448670] systemd[1]: Finished udev Coldplug all Devices.
[    2.451638] [drm] DMA map mode: Caching DMA mappings.
[    2.451732] [drm] Capabilities:
[    2.451732] [drm]   Rect copy.
[    2.451733] [drm]   Cursor.
[    2.451733] [drm]   Cursor bypass.
[    2.451733] [drm]   Cursor bypass 2.
[    2.451734] [drm]   Alpha cursor.
[    2.451734] [drm]   Extended Fifo.
[    2.451734] [drm]   Pitchlock.
[    2.451735] [drm]   Irq mask.
[    2.451735] [drm]   GMR.
[    2.451735] [drm]   Traces.
[    2.451736] [drm]   GMR2.
[    2.451736] [drm]   Screen Object 2.
[    2.451737] [drm]   Command Buffers.
[    2.451737] [drm]   Command Buffers 2.
[    2.451737] [drm]   Guest Backed Resources.
[    2.451738] [drm] Max GMR ids is 8192
[    2.451739] [drm] Max number of GMR pages is 1048576
[    2.451739] [drm] Max dedicated hypervisor surface memory is 393216 kiB
[    2.451740] [drm] Maximum display memory size is 131072 kiB
[    2.451741] [drm] VRAM at 0xe0000000 size is 131072 kiB
[    2.451741] [drm] MMIO at 0xf0000000 size is 2048 kiB
[    2.452928] [TTM] Zone  kernel: Available graphics memory: 1011738 KiB
[    2.452929] [TTM] Initializing pool allocator
[    2.452933] [TTM] Initializing DMA pool allocator
[    2.452967] [drm] Supports vblank timestamp caching Rev 2 (21.10.2013).
[    2.452968] [drm] No driver support for vblank timestamp query.
[    2.453230] [drm] Screen Target Display device initialized
[    2.453472] [drm] width 720
[    2.453481] [drm] height 400
[    2.453485] [drm] bpp 32
[    2.454054] [drm] Fifo max 0x00200000 min 0x00001000 cap 0x00000355
[    2.455124] [drm] Using command buffers with DMA pool.
[    2.455128] [drm] DX: no.
[    2.455129] [drm] Atomic: yes.
[    2.455129] [drm] SM4_1: no.
[    2.455150] [drm:vmw_host_log [vmwgfx]] *ERROR* Failed to send host log message.
[    2.456504] [drm:vmw_host_log [vmwgfx]] *ERROR* Failed to send host log message.
[    2.481020] fbcon: svgadrmfb (fb0) is primary device
[    2.483130] Console: switching to colour frame buffer device 100x37
[    2.489889] [drm] Initialized vmwgfx 2.15.0 20180704 for 0000:00:02.0 on minor 0
[    2.490853] systemd[1]: Finished Load Kernel Modules.
[    2.491817] systemd[1]: Mounting FUSE Control File System...
[    2.493244] systemd[1]: Mounting Kernel Configuration File System...
[    2.522297] systemd[1]: Starting Apply Kernel Variables...
[    2.527206] systemd[1]: Mounted FUSE Control File System.
[    2.527278] systemd[1]: Condition check resulted in VMware vmblock fuse mount being skipped.
[    2.531829] systemd[1]: Mounted Kernel Configuration File System.
[    2.537637] systemd[1]: Finished Set the console keyboard layout.
[    2.537732] systemd[1]: Reached target Local File Systems (Pre).
[    2.544775] systemd[1]: Mounting Mount unit for bare, revision 5...
[    2.546679] systemd[1]: Mounting Mount unit for core18, revision 1705...
[    2.572736] systemd[1]: Mounting Mount unit for gnome-3-34-1804, revision 24...
[    2.576705] systemd[1]: Mounting Mount unit for gtk-common-themes, revision 1506...
[    2.579472] systemd[1]: Mounting Mount unit for gtk-common-themes, revision 1535...
[    2.590217] systemd[1]: Mounting Mount unit for snap-store, revision 433...
[    2.594752] systemd[1]: Mounting Mount unit for snapd, revision 7264...
[    2.606552] systemd[1]: Finished Apply Kernel Variables.
[    2.644251] systemd[1]: Started udev Kernel Device Manager.
[    2.645018] systemd[1]: Starting Show Plymouth Boot Screen...
[    2.649869] systemd[1]: Received SIGRTMIN+20 from PID 273 (plymouthd).
[    2.657521] systemd[1]: Mounted Mount unit for core18, revision 1705.
[    2.671839] systemd[1]: Mounted Mount unit for gnome-3-34-1804, revision 24.
[    2.672052] systemd[1]: Mounted Mount unit for gtk-common-themes, revision 1506.
[    2.690964] systemd[1]: Mounted Mount unit for bare, revision 5.
[    2.691106] systemd[1]: Started Show Plymouth Boot Screen.
[    2.691220] systemd[1]: Condition check resulted in Dispatch Password Requests to Console Directory Watch being skipped.
[    2.691318] systemd[1]: Started Forward Password Requests to Plymouth Directory Watch.
[    2.691355] systemd[1]: Reached target Local Encrypted Volumes.
[    2.773989] systemd[1]: Mounted Mount unit for gtk-common-themes, revision 1535.
[    2.774247] systemd[1]: Mounted Mount unit for snap-store, revision 433.
[    2.774420] systemd[1]: Mounted Mount unit for snapd, revision 7264.
[    2.774567] systemd[1]: Reached target Local File Systems.
[    2.776816] systemd[1]: Starting Load AppArmor profiles...
[    2.777706] systemd[1]: Starting Set console font and keymap...
[    2.791232] systemd[1]: Starting Tell Plymouth To Write Out Runtime Data...
[    2.794278] systemd[1]: Condition check resulted in Store a System Token in an EFI Variable being skipped.
[    2.794318] systemd[1]: Condition check resulted in Commit a transient machine-id on disk being skipped.
[    2.796721] systemd[1]: Finished Set console font and keymap.
[    2.818581] systemd[1]: Received SIGRTMIN+20 from PID 273 (plymouthd).
[    2.819680] systemd[1]: plymouth-read-write.service: Succeeded.
[    2.819943] systemd[1]: Finished Tell Plymouth To Write Out Runtime Data.
[    2.838978] audit: type=1400 audit(1768253488.648:2): apparmor="STATUS" operation="profile_load" profile="unconfined" name="nvidia_modprobe" pid=300 comm="apparmor_parser"
[    2.838980] audit: type=1400 audit(1768253488.648:3): apparmor="STATUS" operation="profile_load" profile="unconfined" name="nvidia_modprobe//kmod" pid=300 comm="apparmor_parser"
[    2.846033] audit: type=1400 audit(1768253488.656:4): apparmor="STATUS" operation="profile_load" profile="unconfined" name="/usr/sbin/tcpdump" pid=301 comm="apparmor_parser"
[    2.899936] audit: type=1400 audit(1768253488.704:5): apparmor="STATUS" operation="profile_load" profile="unconfined" name="/usr/bin/evince" pid=303 comm="apparmor_parser"
[    2.899938] audit: type=1400 audit(1768253488.704:6): apparmor="STATUS" operation="profile_load" profile="unconfined" name="/usr/bin/evince//sanitized_helper" pid=303 comm="apparmor_parser"
[    2.899940] audit: type=1400 audit(1768253488.704:7): apparmor="STATUS" operation="profile_load" profile="unconfined" name="/usr/bin/evince-previewer" pid=303 comm="apparmor_parser"
[    2.899943] audit: type=1400 audit(1768253488.704:8): apparmor="STATUS" operation="profile_load" profile="unconfined" name="/usr/bin/evince-previewer//sanitized_helper" pid=303 comm="apparmor_parser"
[    2.899944] audit: type=1400 audit(1768253488.704:9): apparmor="STATUS" operation="profile_load" profile="unconfined" name="/usr/bin/evince-thumbnailer" pid=303 comm="apparmor_parser"
[    2.909983] audit: type=1400 audit(1768253488.720:10): apparmor="STATUS" operation="profile_load" profile="unconfined" name="/usr/lib/cups/backend/cups-pdf" pid=304 comm="apparmor_parser"
[    2.988901] systemd[1]: Finished Load AppArmor profiles.
[    2.989822] systemd[1]: Starting Load AppArmor profiles managed internally by snapd...
[    3.054456] systemd[1]: Finished Load AppArmor profiles managed internally by snapd.
[    3.162584] systemd[1]: Started Journal Service.
[    3.169580] systemd-journald[229]: Received client request to flush runtime journal.
[    3.175744] systemd-journald[229]: File /var/log/journal/c455b248004a419c87ce85eea238d727/system.journal corrupted or uncleanly shut down, renaming and replacing.
[    4.466492] RAPL PMU: API unit is 2^-32 Joules, 0 fixed counters, 10737418240 ms ovfl timer
[    4.558320] cryptd: max_cpu_qlen set to 1000
[    4.676290] AVX2 version of gcm_enc/dec engaged.
[    4.676291] AES CTR mode by8 optimization enabled
[    5.347336] Adding 1998844k swap on /dev/sda1.  Priority:-2 extents:1 across:1998844k FS
[    6.109789] kauditd_printk_skb: 30 callbacks suppressed
[    6.109790] audit: type=1400 audit(1768253491.916:41): apparmor="DENIED" operation="capable" profile="/usr/sbin/cups-browsed" pid=495 comm="cups-browsed" capability=23  capname="sys_nice"
[    7.394745] pcnet32 0000:00:03.0 enp0s3: link up, 100Mbps, full-duplex
[    7.430621] e1000: enp0s8 NIC Link is Up 1000 Mbps Full Duplex, Flow Control: RX
[    7.430894] IPv6: ADDRCONF(NETDEV_CHANGE): enp0s8: link becomes ready
[    7.442528] e1000: enp0s9 NIC Link is Up 1000 Mbps Full Duplex, Flow Control: RX
[    7.442799] IPv6: ADDRCONF(NETDEV_CHANGE): enp0s9: link becomes ready
[    7.968801] device enp0s3 entered promiscuous mode
[    7.992703] audit: type=1400 audit(1768253493.796:42): apparmor="DENIED" operation="open" profile="/usr/sbin/tcpdump" name="/proc/sys/kernel/random/boot_id" pid=662 comm="tcpdump" requested_mask="r" denied_mask="r" fsuid=0 ouid=0
[    7.992919] audit: type=1400 audit(1768253493.796:43): apparmor="DENIED" operation="open" profile="/usr/sbin/tcpdump" name="/proc/sys/kernel/random/boot_id" pid=662 comm="tcpdump" requested_mask="r" denied_mask="r" fsuid=0 ouid=0
[    7.992965] audit: type=1400 audit(1768253493.796:44): apparmor="DENIED" operation="open" profile="/usr/sbin/tcpdump" name="/proc/sys/kernel/random/boot_id" pid=662 comm="tcpdump" requested_mask="r" denied_mask="r" fsuid=0 ouid=0
[    7.993062] audit: type=1400 audit(1768253493.796:45): apparmor="DENIED" operation="open" profile="/usr/sbin/tcpdump" name="/proc/sys/kernel/random/boot_id" pid=662 comm="tcpdump" requested_mask="r" denied_mask="r" fsuid=0 ouid=0
[    7.999431] audit: type=1400 audit(1768253493.808:46): apparmor="DENIED" operation="open" profile="/usr/sbin/tcpdump" name="/proc/sys/kernel/random/boot_id" pid=663 comm="tcpdump" requested_mask="r" denied_mask="r" fsuid=0 ouid=0
[    8.000085] audit: type=1400 audit(1768253493.808:47): apparmor="DENIED" operation="open" profile="/usr/sbin/tcpdump" name="/proc/sys/kernel/random/boot_id" pid=663 comm="tcpdump" requested_mask="r" denied_mask="r" fsuid=0 ouid=0
[    8.000125] audit: type=1400 audit(1768253493.808:48): apparmor="DENIED" operation="open" profile="/usr/sbin/tcpdump" name="/proc/sys/kernel/random/boot_id" pid=663 comm="tcpdump" requested_mask="r" denied_mask="r" fsuid=0 ouid=0
[    8.000334] audit: type=1400 audit(1768253493.808:49): apparmor="DENIED" operation="open" profile="/usr/sbin/tcpdump" name="/proc/sys/kernel/random/boot_id" pid=663 comm="tcpdump" requested_mask="r" denied_mask="r" fsuid=0 ouid=0
[   12.460562] rfkill: input handler disabled
[  242.345487] AAAAA-TCP_FORW: name:enp0s3: saddr:100932208: daddr:16783984
[  242.551372] AAAAA-TCP_FORW: name:enp0s3: saddr:16783984: daddr:100932208
[  242.746950] AAAAA-TCP_FORW: name:enp0s3: saddr:100932208: daddr:16783984
[  242.802113] AAAAA-TCP_FORW: name:enp0s3: saddr:100932208: daddr:16783984
[  243.081546] AAAAA-TCP_FORW: name:enp0s3: saddr:16783984: daddr:100932208
[  243.273688] AAAAA-TCP_FORW: name:enp0s3: saddr:16783984: daddr:100932208
[  243.299529] AAAAA-TCP_FORW: name:enp0s3: saddr:16783984: daddr:100932208
[  243.558715] AAAAA-TCP_FORW: name:enp0s3: saddr:100932208: daddr:33561200
[  243.588428] AAAAA-TCP_FORW: name:enp0s3: saddr:100932208: daddr:16783984
[  243.613407] AAAAA-TCP_FORW: name:enp0s3: saddr:100932208: daddr:16783984
[  243.969621] AAAAA-TCP_FORW: name:enp0s3: saddr:33561200: daddr:100932208
[  244.001123] AAAAA-TCP_FORW: name:enp0s3: saddr:100932208: daddr:33561200
[  244.112916] AAAAA-TCP_FORW: name:enp0s3: saddr:16783984: daddr:100932208
[  244.270194] AAAAA-TCP_FORW: name:enp0s3: saddr:100932208: daddr:16783984
[  244.347757] AAAAA-TCP_FORW: name:enp0s3: saddr:33561200: daddr:100932208
[  244.498585] AAAAA-TCP_FORW: name:enp0s3: saddr:16783984: daddr:100932208
[  244.604356] AAAAA-TCP_FORW: name:enp0s3: saddr:33561200: daddr:100932208
[  244.640042] AAAAA-TCP_FORW: name:enp0s3: saddr:100932208: daddr:33561200
[  244.665256] AAAAA-TCP_FORW: name:enp0s3: saddr:100932208: daddr:16783984
[  244.870975] AAAAA-TCP_FORW: name:enp0s3: saddr:16783984: daddr:100932208
[  244.921860] AAAAA-TCP_FORW: name:enp0s3: saddr:100932208: daddr:16783984
[  244.943126] AAAAA-TCP_FORW: name:enp0s3: saddr:100932208: daddr:16783984
[  245.063460] AAAAA-TCP_FORW: name:enp0s3: saddr:16783984: daddr:100932208
[  245.177520] AAAAA-TCP_FORW: name:enp0s3: saddr:16783984: daddr:100932208
[  245.247133] AAAAA-TCP_FORW: name:enp0s3: saddr:100932208: daddr:33561200
[  245.290586] AAAAA-TCP_FORW: name:enp0s3: saddr:33561200: daddr:100932208
[  245.351312] AAAAA-TCP_FORW: name:enp0s3: saddr:100932208: daddr:33561200
[  245.463549] AAAAA-TCP_FORW: name:enp0s3: saddr:33561200: daddr:100932208
[  245.470415] AAAAA-TCP_FORW: name:enp0s3: saddr:100932208: daddr:33561200
[  245.596701] AAAAA-TCP_FORW: name:enp0s3: saddr:33561200: daddr:100932208
[  245.615426] AAAAA-TCP_FORW: name:enp0s3: saddr:100932208: daddr:33561200
[  245.665894] AAAAA-TCP_FORW: name:enp0s3: saddr:100932208: daddr:16783984
[  245.681877] AAAAA-TCP_FORW: name:enp0s3: saddr:33561200: daddr:100932208
[  245.716970] AAAAA-TCP_FORW: name:enp0s3: saddr:100932208: daddr:16783984
[  245.789292] AAAAA-TCP_FORW: name:enp0s3: saddr:100932208: daddr:16783984
[  245.847066] AAAAA-TCP_FORW: name:enp0s3: saddr:16783984: daddr:100932208
[  245.893206] AAAAA-TCP_FORW: name:enp0s3: saddr:100932208: daddr:16783984
[  245.968719] AAAAA-TCP_FORW: name:enp0s3: saddr:100932208: daddr:16783984
[  246.058007] AAAAA-TCP_FORW: name:enp0s3: saddr:16783984: daddr:100932208
[  246.065327] AAAAA-TCP_FORW: name:enp0s3: saddr:100932208: daddr:16783984
[  246.083086] AAAAA-TCP_FORW: name:enp0s3: saddr:100932208: daddr:16783984
[  246.113700] AAAAA-TCP_FORW: name:enp0s3: saddr:100932208: daddr:16783984
[  246.141718] AAAAA-TCP_FORW: name:enp0s3: saddr:100932208: daddr:16783984
[  246.189261] AAAAA-TCP_FORW: name:enp0s3: saddr:16783984: daddr:100932208
[  246.203951] AAAAA-TCP_FORW: name:enp0s3: saddr:100932208: daddr:16783984
[  246.235470] AAAAA-TCP_FORW: name:enp0s3: saddr:100932208: daddr:33561200
[  246.293872] AAAAA-TCP_FORW: name:enp0s3: saddr:100932208: daddr:33561200
[  246.311696] AAAAA-TCP_FORW: name:enp0s3: saddr:100932208: daddr:33561200
[  246.341812] AAAAA-TCP_FORW: name:enp0s3: saddr:16783984: daddr:100932208
[  246.362509] AAAAA-TCP_FORW: name:enp0s3: saddr:100932208: daddr:33561200
[  246.473357] AAAAA-TCP_FORW: name:enp0s3: saddr:100932208: daddr:33561200
[  246.517942] AAAAA-TCP_FORW: name:enp0s3: saddr:100932208: daddr:33561200
[  246.556148] AAAAA-TCP_FORW: name:enp0s3: saddr:100932208: daddr:33561200
[  246.565130] AAAAA-TCP_FORW: name:enp0s3: saddr:16783984: daddr:100932208
[  246.595818] AAAAA-TCP_FORW: name:enp0s3: saddr:100932208: daddr:33561200
[  246.633063] AAAAA-TCP_FORW: name:enp0s3: saddr:100932208: daddr:33561200
[  246.687748] AAAAA-TCP_FORW: name:enp0s3: saddr:100932208: daddr:33561200
[  246.722027] AAAAA-TCP_FORW: name:enp0s3: saddr:16783984: daddr:100932208
[  246.749326] AAAAA-TCP_FORW: name:enp0s3: saddr:100932208: daddr:16783984
[  246.772007] AAAAA-TCP_FORW: name:enp0s3: saddr:100932208: daddr:16783984
[  246.783472] AAAAA-TCP_FORW: name:enp0s3: saddr:16783984: daddr:100932208
[  246.831665] AAAAA-TCP_FORW: name:enp0s3: saddr:100932208: daddr:16783984
[  246.906959] AAAAA-TCP_FORW: name:enp0s3: saddr:100932208: daddr:16783984
[  246.946682] AAAAA-TCP_FORW: name:enp0s3: saddr:100932208: daddr:33561200
[  246.998741] AAAAA-TCP_FORW: name:enp0s3: saddr:100932208: daddr:16783984
[  247.042950] AAAAA-TCP_FORW: name:enp0s3: saddr:16783984: daddr:100932208
[  247.063991] AAAAA-TCP_FORW: name:enp0s3: saddr:100932208: daddr:16783984
[  247.105723] AAAAA-TCP_FORW: name:enp0s3: saddr:16783984: daddr:100932208
[  247.158982] AAAAA-TCP_FORW: name:enp0s3: saddr:16783984: daddr:100932208
[  247.166148] AAAAA-TCP_FORW: name:enp0s3: saddr:100932208: daddr:33561200
[  247.207709] AAAAA-TCP_FORW: name:enp0s3: saddr:100932208: daddr:16783984
[  247.246827] AAAAA-TCP_FORW: name:enp0s3: saddr:100932208: daddr:16783984
[  247.434371] AAAAA-TCP_FORW: name:enp0s3: saddr:33561200: daddr:100932208
[  247.460334] AAAAA-TCP_FORW: name:enp0s3: saddr:100932208: daddr:16783984
[  247.480164] AAAAA-TCP_FORW: name:enp0s3: saddr:33561200: daddr:100932208
[  247.510819] AAAAA-TCP_FORW: name:enp0s3: saddr:100932208: daddr:16783984
[  247.651318] AAAAA-TCP_FORW: name:enp0s3: saddr:33561200: daddr:100932208
[  247.774847] AAAAA-TCP_FORW: name:enp0s3: saddr:100932208: daddr:16783984
[  247.812981] AAAAA-TCP_FORW: name:enp0s3: saddr:100932208: daddr:16783984
[  247.897192] AAAAA-TCP_FORW: name:enp0s3: saddr:100932208: daddr:16783984
[  247.916834] AAAAA-TCP_FORW: name:enp0s3: saddr:33561200: daddr:100932208
[  247.938170] AAAAA-TCP_FORW: name:enp0s3: saddr:33561200: daddr:100932208
[  247.966266] AAAAA-TCP_FORW: name:enp0s3: saddr:100932208: daddr:16783984
[  248.005730] AAAAA-TCP_FORW: name:enp0s3: saddr:33561200: daddr:100932208
[  248.175140] AAAAA-TCP_FORW: name:enp0s3: saddr:33561200: daddr:100932208
[  248.250695] AAAAA-TCP_FORW: name:enp0s3: saddr:33561200: daddr:100932208
[  248.304419] AAAAA-TCP_FORW: name:enp0s3: saddr:100932208: daddr:16783984
[  248.326723] AAAAA-TCP_FORW: name:enp0s3: saddr:100932208: daddr:16783984
[  248.340598] AAAAA-TCP_FORW: name:enp0s3: saddr:33561200: daddr:100932208
[  248.393858] AAAAA-TCP_FORW: name:enp0s3: saddr:100932208: daddr:16783984
[  248.426949] AAAAA-TCP_FORW: name:enp0s3: saddr:100932208: daddr:16783984
[  248.498793] AAAAA-TCP_FORW: name:enp0s3: saddr:100932208: daddr:16783984
[  248.516974] AAAAA-TCP_FORW: name:enp0s3: saddr:33561200: daddr:100932208
[  248.550421] AAAAA-TCP_FORW: name:enp0s3: saddr:100932208: daddr:16783984
[  248.613407] AAAAA-TCP_FORW: name:enp0s3: saddr:100932208: daddr:33561200
[  248.706592] AAAAA-TCP_FORW: name:enp0s3: saddr:16783984: daddr:100932208
[  248.827172] AAAAA-TCP_FORW: name:enp0s3: saddr:16783984: daddr:100932208
[  248.970001] AAAAA-TCP_FORW: name:enp0s3: saddr:16783984: daddr:100932208
[  248.990239] AAAAA-TCP_FORW: name:enp0s3: saddr:100932208: daddr:33561200
[  249.096132] AAAAA-TCP_FORW: name:enp0s3: saddr:100932208: daddr:33561200
[  249.175129] AAAAA-TCP_FORW: name:enp0s3: saddr:100932208: daddr:33561200
[  249.197247] AAAAA-TCP_FORW: name:enp0s3: saddr:16783984: daddr:100932208
[  249.231783] AAAAA-TCP_FORW: name:enp0s3: saddr:100932208: daddr:33561200
[  249.287346] AAAAA-TCP_FORW: name:enp0s3: saddr:100932208: daddr:33561200
[  249.312935] AAAAA-TCP_FORW: name:enp0s3: saddr:33561200: daddr:100932208
[  249.345287] AAAAA-TCP_FORW: name:enp0s3: saddr:16783984: daddr:100932208
[  249.347234] AAAAA-TCP_FORW: name:enp0s3: saddr:100932208: daddr:33561200
[  249.461992] AAAAA-TCP_FORW: name:enp0s3: saddr:100932208: daddr:33561200
[  249.504801] AAAAA-TCP_FORW: name:enp0s3: saddr:100932208: daddr:33561200
[  249.539792] AAAAA-TCP_FORW: name:enp0s3: saddr:100932208: daddr:33561200
[  249.569678] AAAAA-TCP_FORW: name:enp0s3: saddr:100932208: daddr:33561200
[  249.585859] AAAAA-TCP_FORW: name:enp0s3: saddr:16783984: daddr:100932208
[  249.631855] AAAAA-TCP_FORW: name:enp0s3: saddr:100932208: daddr:33561200
[  249.651158] AAAAA-TCP_FORW: name:enp0s3: saddr:33561200: daddr:100932208
[  249.670836] AAAAA-TCP_FORW: name:enp0s3: saddr:100932208: daddr:33561200
[  249.719916] AAAAA-TCP_FORW: name:enp0s3: saddr:16783984: daddr:100932208
[  249.931288] AAAAA-TCP_FORW: name:enp0s3: saddr:100932208: daddr:33561200
[  249.950920] AAAAA-TCP_FORW: name:enp0s3: saddr:16783984: daddr:100932208
[  249.970174] AAAAA-TCP_FORW: name:enp0s3: saddr:100932208: daddr:33561200
[  250.011469] AAAAA-TCP_FORW: name:enp0s3: saddr:100932208: daddr:33561200
[  250.032342] AAAAA-TCP_FORW: name:enp0s3: saddr:16783984: daddr:100932208
[  250.041818] AAAAA-TCP_FORW: name:enp0s3: saddr:100932208: daddr:33561200
[  250.055885] AAAAA-TCP_FORW: name:enp0s3: saddr:16783984: daddr:100932208
[  250.097592] AAAAA-TCP_FORW: name:enp0s3: saddr:16783984: daddr:100932208
[  250.127913] AAAAA-TCP_FORW: name:enp0s3: saddr:16783984: daddr:100932208
[  250.147624] AAAAA-TCP_FORW: name:enp0s3: saddr:100932208: daddr:33561200
[  250.167998] AAAAA-TCP_FORW: name:enp0s3: saddr:16783984: daddr:100932208
[  250.180906] AAAAA-TCP_FORW: name:enp0s3: saddr:100932208: daddr:33561200
[  250.207435] AAAAA-TCP_FORW: name:enp0s3: saddr:16783984: daddr:100932208
[  250.339629] AAAAA-TCP_FORW: name:enp0s3: saddr:16783984: daddr:100932208
[  250.388158] AAAAA-TCP_FORW: name:enp0s3: saddr:16783984: daddr:100932208
[  250.408258] AAAAA-TCP_FORW: name:enp0s3: saddr:100932208: daddr:33561200
[  250.438310] AAAAA-TCP_FORW: name:enp0s3: saddr:16783984: daddr:100932208
[  250.451596] AAAAA-TCP_FORW: name:enp0s3: saddr:100932208: daddr:33561200
[  250.556829] AAAAA-TCP_FORW: name:enp0s3: saddr:100932208: daddr:16783984
[  250.576884] AAAAA-TCP_FORW: name:enp0s3: saddr:16783984: daddr:100932208
[  250.608460] AAAAA-TCP_FORW: name:enp0s3: saddr:100932208: daddr:16783984
[  250.617874] AAAAA-TCP_FORW: name:enp0s3: saddr:33561200: daddr:100932208
[  250.668389] AAAAA-TCP_FORW: name:enp0s3: saddr:100932208: daddr:16783984
[  250.696799] AAAAA-TCP_FORW: name:enp0s3: saddr:100932208: daddr:16783984
[  250.740323] AAAAA-TCP_FORW: name:enp0s3: saddr:100932208: daddr:16783984
[  250.781443] AAAAA-TCP_FORW: name:enp0s3: saddr:33561200: daddr:100932208
[  250.822139] AAAAA-TCP_FORW: name:enp0s3: saddr:100932208: daddr:16783984
[  250.900477] AAAAA-TCP_FORW: name:enp0s3: saddr:100932208: daddr:16783984
[  250.956119] AAAAA-TCP_FORW: name:enp0s3: saddr:100932208: daddr:16783984
[  251.019674] AAAAA-TCP_FORW: name:enp0s3: saddr:33561200: daddr:100932208
[  251.039069] AAAAA-TCP_FORW: name:enp0s3: saddr:100932208: daddr:16783984
[  251.055410] AAAAA-TCP_FORW: name:enp0s3: saddr:33561200: daddr:100932208
[  251.094193] AAAAA-TCP_FORW: name:enp0s3: saddr:100932208: daddr:16783984
[  251.231607] AAAAA-TCP_FORW: name:enp0s3: saddr:100932208: daddr:16783984
[  251.253302] AAAAA-TCP_FORW: name:enp0s3: saddr:33561200: daddr:100932208
[  251.323187] AAAAA-TCP_FORW: name:enp0s3: saddr:100932208: daddr:16783984
[  251.399597] AAAAA-TCP_FORW: name:enp0s3: saddr:100932208: daddr:16783984
[  251.469989] AAAAA-TCP_FORW: name:enp0s3: saddr:100932208: daddr:16783984
[  251.536138] AAAAA-TCP_FORW: name:enp0s3: saddr:100932208: daddr:16783984
[  251.538120] AAAAA-TCP_FORW: name:enp0s3: saddr:33561200: daddr:100932208
[  251.567458] AAAAA-TCP_FORW: name:enp0s3: saddr:100932208: daddr:16783984
[  251.622419] AAAAA-TCP_FORW: name:enp0s3: saddr:100932208: daddr:16783984
[  251.649320] AAAAA-TCP_FORW: name:enp0s3: saddr:100932208: daddr:16783984
[  251.670979] AAAAA-TCP_FORW: name:enp0s3: saddr:33561200: daddr:100932208
[  251.717641] AAAAA-TCP_FORW: name:enp0s3: saddr:33561200: daddr:100932208
[  251.752258] AAAAA-TCP_FORW: name:enp0s3: saddr:100932208: daddr:16783984
[  251.771728] AAAAA-TCP_FORW: name:enp0s3: saddr:33561200: daddr:100932208
[  251.779097] AAAAA-TCP_FORW: name:enp0s3: saddr:100932208: daddr:16783984
[  251.835729] AAAAA-TCP_FORW: name:enp0s3: saddr:33561200: daddr:100932208
[  251.843236] AAAAA-TCP_FORW: name:enp0s3: saddr:100932208: daddr:16783984
[  251.979978] AAAAA-TCP_FORW: name:enp0s3: saddr:33561200: daddr:100932208
[  252.112248] AAAAA-TCP_FORW: name:enp0s3: saddr:33561200: daddr:100932208
[  252.191835] AAAAA-TCP_FORW: name:enp0s3: saddr:33561200: daddr:100932208
[  252.235480] AAAAA-TCP_FORW: name:enp0s3: saddr:33561200: daddr:100932208
[  252.263225] AAAAA-TCP_FORW: name:enp0s3: saddr:33561200: daddr:100932208
[  252.356974] AAAAA-TCP_FORW: name:enp0s3: saddr:33561200: daddr:100932208
[  252.490075] AAAAA-TCP_FORW: name:enp0s3: saddr:33561200: daddr:100932208
[  252.668745] AAAAA-TCP_FORW: name:enp0s3: saddr:33561200: daddr:100932208
[  252.840426] AAAAA-TCP_FORW: name:enp0s3: saddr:100932208: daddr:33561200
[  252.851291] AAAAA-TCP_FORW: name:enp0s3: saddr:33561200: daddr:100932208
[  253.113260] AAAAA-TCP_FORW: name:enp0s3: saddr:16783984: daddr:100932208
[  253.159555] AAAAA-TCP_FORW: name:enp0s3: saddr:16783984: daddr:100932208
[  253.228720] AAAAA-TCP_FORW: name:enp0s3: saddr:16783984: daddr:100932208
[  253.316056] AAAAA-TCP_FORW: name:enp0s3: saddr:16783984: daddr:100932208
[  253.349302] AAAAA-TCP_FORW: name:enp0s3: saddr:16783984: daddr:100932208
[  253.483190] AAAAA-TCP_FORW: name:enp0s3: saddr:100932208: daddr:33561200
[  253.556882] AAAAA-TCP_FORW: name:enp0s3: saddr:16783984: daddr:100932208
[  253.710927] AAAAA-TCP_FORW: name:enp0s3: saddr:16783984: daddr:100932208
[  253.780880] AAAAA-TCP_FORW: name:enp0s3: saddr:16783984: daddr:100932208
[  253.959700] AAAAA-TCP_FORW: name:enp0s3: saddr:16783984: daddr:100932208
[  254.004458] AAAAA-TCP_FORW: name:enp0s3: saddr:100932208: daddr:16783984
[  254.085808] AAAAA-TCP_FORW: name:enp0s3: saddr:16783984: daddr:100932208
[  254.207916] AAAAA-TCP_FORW: name:enp0s3: saddr:16783984: daddr:100932208
[  254.261635] AAAAA-TCP_FORW: name:enp0s3: saddr:16783984: daddr:100932208
[  254.308903] AAAAA-TCP_FORW: name:enp0s3: saddr:16783984: daddr:100932208
[  254.362567] AAAAA-TCP_FORW: name:enp0s3: saddr:16783984: daddr:100932208
[  254.421269] AAAAA-TCP_FORW: name:enp0s3: saddr:16783984: daddr:100932208
[  254.451325] AAAAA-TCP_FORW: name:enp0s3: saddr:16783984: daddr:100932208
[  254.483040] AAAAA-TCP_FORW: name:enp0s3: saddr:16783984: daddr:100932208
[  254.573146] AAAAA-TCP_FORW: name:enp0s3: saddr:16783984: daddr:100932208
[  254.607972] AAAAA-TCP_FORW: name:enp0s3: saddr:16783984: daddr:100932208
[  254.638345] AAAAA-TCP_FORW: name:enp0s3: saddr:16783984: daddr:100932208
[  254.673465] AAAAA-TCP_FORW: name:enp0s3: saddr:16783984: daddr:100932208
[  254.856777] AAAAA-TCP_FORW: name:enp0s3: saddr:33561200: daddr:100932208
[  254.946110] AAAAA-TCP_FORW: name:enp0s3: saddr:33561200: daddr:100932208
[  254.978633] AAAAA-TCP_FORW: name:enp0s3: saddr:16783984: daddr:100932208
[  271.786686] AAAAA-TCP_FORW: name:enp0s3: saddr:100932208: daddr:16783984
[  271.907910] AAAAA-TCP_FORW: name:enp0s3: saddr:100932208: daddr:16783984
[  272.012722] AAAAA-TCP_FORW: name:enp0s3: saddr:100932208: daddr:16783984
[  272.080892] AAAAA-TCP_FORW: name:enp0s3: saddr:100932208: daddr:16783984
[  272.198904] AAAAA-TCP_FORW: name:enp0s3: saddr:100932208: daddr:33561200
[  272.274127] AAAAA-TCP_FORW: name:enp0s3: saddr:100932208: daddr:33561200
[  272.368887] AAAAA-TCP_FORW: name:enp0s3: saddr:100932208: daddr:33561200
[  272.418414] AAAAA-TCP_FORW: name:enp0s3: saddr:100932208: daddr:33561200
[  272.525465] AAAAA-TCP_FORW: name:enp0s3: saddr:100932208: daddr:33561200
[  272.584644] AAAAA-TCP_FORW: name:enp0s3: saddr:100932208: daddr:33561200
[  272.687957] AAAAA-TCP_FORW: name:enp0s3: saddr:100932208: daddr:16783984
[  272.728132] AAAAA-TCP_FORW: name:enp0s3: saddr:100932208: daddr:16783984
[  272.851320] AAAAA-TCP_FORW: name:enp0s3: saddr:100932208: daddr:16783984
[  272.900153] AAAAA-TCP_FORW: name:enp0s3: saddr:100932208: daddr:33561200
[  273.032201] AAAAA-TCP_FORW: name:enp0s3: saddr:100932208: daddr:33561200
[  273.081004] AAAAA-TCP_FORW: name:enp0s3: saddr:100932208: daddr:16783984
[  273.129107] AAAAA-TCP_FORW: name:enp0s3: saddr:100932208: daddr:16783984
[  273.216416] AAAAA-TCP_FORW: name:enp0s3: saddr:100932208: daddr:33561200
[  273.307652] AAAAA-TCP_FORW: name:enp0s3: saddr:100932208: daddr:16783984
[  273.356620] AAAAA-TCP_FORW: name:enp0s3: saddr:100932208: daddr:16783984
[  273.508731] AAAAA-TCP_FORW: name:enp0s3: saddr:100932208: daddr:16783984
[  273.617494] AAAAA-TCP_FORW: name:enp0s3: saddr:100932208: daddr:16783984
[  273.669742] AAAAA-TCP_FORW: name:enp0s3: saddr:100932208: daddr:16783984
[  273.777910] AAAAA-TCP_FORW: name:enp0s3: saddr:100932208: daddr:16783984
[  274.037853] AAAAA-TCP_FORW: name:enp0s3: saddr:16783984: daddr:100932208
[  274.220942] AAAAA-TCP_FORW: name:enp0s3: saddr:100932208: daddr:16783984
[  274.239275] AAAAA-TCP_FORW: name:enp0s3: saddr:33561200: daddr:100932208
[  274.316339] AAAAA-TCP_FORW: name:enp0s3: saddr:100932208: daddr:16783984
[  274.439629] AAAAA-TCP_FORW: name:enp0s3: saddr:33561200: daddr:100932208
[  274.495702] AAAAA-TCP_FORW: name:enp0s3: saddr:100932208: daddr:16783984
[  274.555684] AAAAA-TCP_FORW: name:enp0s3: saddr:100932208: daddr:16783984
[  274.657534] AAAAA-TCP_FORW: name:enp0s3: saddr:100932208: daddr:33561200
[  274.718441] AAAAA-TCP_FORW: name:enp0s3: saddr:100932208: daddr:33561200
[  274.888316] AAAAA-TCP_FORW: name:enp0s3: saddr:100932208: daddr:33561200
[  275.084986] AAAAA-TCP_FORW: name:enp0s3: saddr:100932208: daddr:16783984
[  275.154408] AAAAA-TCP_FORW: name:enp0s3: saddr:100932208: daddr:16783984
[  275.224206] AAAAA-TCP_FORW: name:enp0s3: saddr:100932208: daddr:16783984
[  275.434717] AAAAA-TCP_FORW: name:enp0s3: saddr:100932208: daddr:16783984
[  275.879752] AAAAA-TCP_FORW: name:enp0s3: saddr:100932208: daddr:33561200
[  275.971043] AAAAA-TCP_FORW: name:enp0s3: saddr:100932208: daddr:33561200
[  276.093356] AAAAA-TCP_FORW: name:enp0s3: saddr:100932208: daddr:33561200
[  276.160877] AAAAA-TCP_FORW: name:enp0s3: saddr:100932208: daddr:33561200
[  276.340899] AAAAA-TCP_FORW: name:enp0s3: saddr:100932208: daddr:33561200
[  276.603658] AAAAA-TCP_FORW: name:enp0s3: saddr:100932208: daddr:16783984
[  276.700640] AAAAA-TCP_FORW: name:enp0s3: saddr:100932208: daddr:16783984
[  277.055590] AAAAA-TCP_FORW: name:enp0s3: saddr:100932208: daddr:16783984
[  277.427561] AAAAA-TCP_FORW: name:enp0s3: saddr:100932208: daddr:16783984
[  277.556041] AAAAA-TCP_FORW: name:enp0s3: saddr:100932208: daddr:33561200
[  277.819461] AAAAA-TCP_FORW: name:enp0s3: saddr:16783984: daddr:100932208
[  277.830468] AAAAA-TCP_FORW: name:enp0s3: saddr:100932208: daddr:33561200
[  278.075091] AAAAA-TCP_FORW: name:enp0s3: saddr:16783984: daddr:100932208
[  278.186803] AAAAA-TCP_FORW: name:enp0s3: saddr:100932208: daddr:16783984
[  278.233673] AAAAA-TCP_FORW: name:enp0s3: saddr:16783984: daddr:100932208
[  278.272825] AAAAA-TCP_FORW: name:enp0s3: saddr:100932208: daddr:16783984
[  278.317370] AAAAA-TCP_FORW: name:enp0s3: saddr:16783984: daddr:100932208
[  278.382324] AAAAA-TCP_FORW: name:enp0s3: saddr:100932208: daddr:16783984
[  278.447847] AAAAA-TCP_FORW: name:enp0s3: saddr:100932208: daddr:33561200
[  278.506050] AAAAA-TCP_FORW: name:enp0s3: saddr:16783984: daddr:100932208
[  278.528625] AAAAA-TCP_FORW: name:enp0s3: saddr:16783984: daddr:100932208
[  278.651102] AAAAA-TCP_FORW: name:enp0s3: saddr:16783984: daddr:100932208
[  278.703832] AAAAA-TCP_FORW: name:enp0s3: saddr:16783984: daddr:100932208
[  278.765258] AAAAA-TCP_FORW: name:enp0s3: saddr:100932208: daddr:16783984
[  278.861481] AAAAA-TCP_FORW: name:enp0s3: saddr:100932208: daddr:33561200
[  278.939034] AAAAA-TCP_FORW: name:enp0s3: saddr:100932208: daddr:16783984
[  278.946385] AAAAA-TCP_FORW: name:enp0s3: saddr:33561200: daddr:100932208
[  279.055599] AAAAA-TCP_FORW: name:enp0s3: saddr:33561200: daddr:100932208
[  279.166822] AAAAA-TCP_FORW: name:enp0s3: saddr:33561200: daddr:100932208
[  279.266846] AAAAA-TCP_FORW: name:enp0s3: saddr:16783984: daddr:100932208
[  279.450954] AAAAA-TCP_FORW: name:enp0s3: saddr:16783984: daddr:100932208
[  279.511948] AAAAA-TCP_FORW: name:enp0s3: saddr:16783984: daddr:100932208
[  279.612808] AAAAA-TCP_FORW: name:enp0s3: saddr:33561200: daddr:100932208
[  279.715075] AAAAA-TCP_FORW: name:enp0s3: saddr:33561200: daddr:100932208
[  279.800010] AAAAA-TCP_FORW: name:enp0s3: saddr:33561200: daddr:100932208
[  279.822052] AAAAA-TCP_FORW: name:enp0s3: saddr:33561200: daddr:100932208
[  279.914212] AAAAA-TCP_FORW: name:enp0s3: saddr:33561200: daddr:100932208
[  280.005394] AAAAA-TCP_FORW: name:enp0s3: saddr:100932208: daddr:16783984
[  280.102589] AAAAA-TCP_FORW: name:enp0s3: saddr:16783984: daddr:100932208
[  280.158842] AAAAA-TCP_FORW: name:enp0s3: saddr:16783984: daddr:100932208
[  280.225438] AAAAA-TCP_FORW: name:enp0s3: saddr:100932208: daddr:16783984
[  280.247187] AAAAA-TCP_FORW: name:enp0s3: saddr:16783984: daddr:100932208
[  280.294844] AAAAA-TCP_FORW: name:enp0s3: saddr:16783984: daddr:100932208
[  280.327264] AAAAA-TCP_FORW: name:enp0s3: saddr:33561200: daddr:100932208
[  280.453034] AAAAA-TCP_FORW: name:enp0s3: saddr:33561200: daddr:100932208
[  280.472301] AAAAA-TCP_FORW: name:enp0s3: saddr:100932208: daddr:16783984
[  280.546660] AAAAA-TCP_FORW: name:enp0s3: saddr:16783984: daddr:100932208
[  280.561727] AAAAA-TCP_FORW: name:enp0s3: saddr:100932208: daddr:16783984
[  280.599615] AAAAA-TCP_FORW: name:enp0s3: saddr:16783984: daddr:100932208
[  280.676698] AAAAA-TCP_FORW: name:enp0s3: saddr:100932208: daddr:16783984
[  280.684506] AAAAA-TCP_FORW: name:enp0s3: saddr:33561200: daddr:100932208
[  280.741462] AAAAA-TCP_FORW: name:enp0s3: saddr:100932208: daddr:16783984
[  281.104889] AAAAA-TCP_FORW: name:enp0s3: saddr:100932208: daddr:16783984
[  281.208694] AAAAA-TCP_FORW: name:enp0s3: saddr:100932208: daddr:16783984
[  281.308199] AAAAA-TCP_FORW: name:enp0s3: saddr:16783984: daddr:100932208
[  281.545117] AAAAA-TCP_FORW: name:enp0s3: saddr:16783984: daddr:100932208
[  281.774312] AAAAA-TCP_FORW: name:enp0s3: saddr:100932208: daddr:33561200
[  281.866532] AAAAA-TCP_FORW: name:enp0s3: saddr:100932208: daddr:33561200
[  282.195752] AAAAA-TCP_FORW: name:enp0s3: saddr:100932208: daddr:33561200
[  282.293403] AAAAA-TCP_FORW: name:enp0s3: saddr:100932208: daddr:16783984
[  282.377734] AAAAA-TCP_FORW: name:enp0s3: saddr:100932208: daddr:16783984
[  282.440133] AAAAA-TCP_FORW: name:enp0s3: saddr:16783984: daddr:100932208
[  282.499356] AAAAA-TCP_FORW: name:enp0s3: saddr:100932208: daddr:16783984
[  282.550577] AAAAA-TCP_FORW: name:enp0s3: saddr:100932208: daddr:16783984
[  282.693384] AAAAA-TCP_FORW: name:enp0s3: saddr:16783984: daddr:100932208
[  282.731936] AAAAA-TCP_FORW: name:enp0s3: saddr:100932208: daddr:33561200
[  282.847047] AAAAA-TCP_FORW: name:enp0s3: saddr:100932208: daddr:33561200
[  282.922793] AAAAA-TCP_FORW: name:enp0s3: saddr:16783984: daddr:100932208
[  282.986657] AAAAA-TCP_FORW: name:enp0s3: saddr:100932208: daddr:33561200
[  283.048106] AAAAA-TCP_FORW: name:enp0s3: saddr:16783984: daddr:100932208
[  283.131989] AAAAA-TCP_FORW: name:enp0s3: saddr:100932208: daddr:33561200
[  283.191409] AAAAA-TCP_FORW: name:enp0s3: saddr:16783984: daddr:100932208
[  283.316261] AAAAA-TCP_FORW: name:enp0s3: saddr:16783984: daddr:100932208
[  283.329951] AAAAA-TCP_FORW: name:enp0s3: saddr:100932208: daddr:33561200
[  283.413291] AAAAA-TCP_FORW: name:enp0s3: saddr:16783984: daddr:100932208
[  283.429318] AAAAA-TCP_FORW: name:enp0s3: saddr:100932208: daddr:16783984
[  283.532415] AAAAA-TCP_FORW: name:enp0s3: saddr:100932208: daddr:16783984
[  283.709431] AAAAA-TCP_FORW: name:enp0s3: saddr:33561200: daddr:100932208
[  283.715451] AAAAA-TCP_FORW: name:enp0s3: saddr:100932208: daddr:16783984
[  283.809519] AAAAA-TCP_FORW: name:enp0s3: saddr:100932208: daddr:16783984
[  284.030211] AAAAA-TCP_FORW: name:enp0s3: saddr:100932208: daddr:33561200
[  284.043290] AAAAA-TCP_FORW: name:enp0s3: saddr:33561200: daddr:100932208
[  284.064211] AAAAA-TCP_FORW: name:enp0s3: saddr:100932208: daddr:16783984
[  284.142153] AAAAA-TCP_FORW: name:enp0s3: saddr:100932208: daddr:16783984
[  284.187511] AAAAA-TCP_FORW: name:enp0s3: saddr:33561200: daddr:100932208
[  284.259596] AAAAA-TCP_FORW: name:enp0s3: saddr:16783984: daddr:100932208
[  284.460870] AAAAA-TCP_FORW: name:enp0s3: saddr:16783984: daddr:100932208
[  284.703022] AAAAA-TCP_FORW: name:enp0s3: saddr:16783984: daddr:100932208
[  285.012081] AAAAA-TCP_FORW: name:enp0s3: saddr:16783984: daddr:100932208
[  285.038021] AAAAA-TCP_FORW: name:enp0s3: saddr:100932208: daddr:16783984
[  285.253357] AAAAA-TCP_FORW: name:enp0s3: saddr:100932208: daddr:16783984
[  285.280262] AAAAA-TCP_FORW: name:enp0s3: saddr:33561200: daddr:100932208
[  285.360720] AAAAA-TCP_FORW: name:enp0s3: saddr:33561200: daddr:100932208
[  285.528639] AAAAA-TCP_FORW: name:enp0s3: saddr:33561200: daddr:100932208
[  285.742985] AAAAA-TCP_FORW: name:enp0s3: saddr:100932208: daddr:16783984
[  285.750609] AAAAA-TCP_FORW: name:enp0s3: saddr:33561200: daddr:100932208
[  286.015917] AAAAA-TCP_FORW: name:enp0s3: saddr:100932208: daddr:16783984
[  286.043383] AAAAA-TCP_FORW: name:enp0s3: saddr:33561200: daddr:100932208
[  286.394511] AAAAA-TCP_FORW: name:enp0s3: saddr:100932208: daddr:16783984
[  286.453027] AAAAA-TCP_FORW: name:enp0s3: saddr:16783984: daddr:100932208
[  286.607121] AAAAA-TCP_FORW: name:enp0s3: saddr:100932208: daddr:16783984
[  286.624820] AAAAA-TCP_FORW: name:enp0s3: saddr:16783984: daddr:100932208
[  286.843697] AAAAA-TCP_FORW: name:enp0s3: saddr:16783984: daddr:100932208
[  286.884907] AAAAA-TCP_FORW: name:enp0s3: saddr:100932208: daddr:16783984
[  286.896750] AAAAA-TCP_FORW: name:enp0s3: saddr:16783984: daddr:100932208
[  287.048500] AAAAA-TCP_FORW: name:enp0s3: saddr:33561200: daddr:100932208
[  287.176826] AAAAA-TCP_FORW: name:enp0s3: saddr:16783984: daddr:100932208
[  287.467036] AAAAA-TCP_FORW: name:enp0s3: saddr:16783984: daddr:100932208
[  287.623227] AAAAA-TCP_FORW: name:enp0s3: saddr:16783984: daddr:100932208
[  287.792639] AAAAA-TCP_FORW: name:enp0s3: saddr:16783984: daddr:100932208
[  287.815892] AAAAA-TCP_FORW: name:enp0s3: saddr:100932208: daddr:16783984
[  287.905043] AAAAA-TCP_FORW: name:enp0s3: saddr:16783984: daddr:100932208
[  288.049037] AAAAA-TCP_FORW: name:enp0s3: saddr:16783984: daddr:100932208
[  288.152209] AAAAA-TCP_FORW: name:enp0s3: saddr:16783984: daddr:100932208
[  288.229950] AAAAA-TCP_FORW: name:enp0s3: saddr:16783984: daddr:100932208
[  288.233974] AAAAA-TCP_FORW: name:enp0s3: saddr:100932208: daddr:33561200
[  288.245968] AAAAA-TCP_FORW: name:enp0s3: saddr:16783984: daddr:100932208
[  288.597430] AAAAA-TCP_FORW: name:enp0s3: saddr:16783984: daddr:100932208
[  288.632601] AAAAA-TCP_FORW: name:enp0s3: saddr:100932208: daddr:33561200
[  288.808096] AAAAA-TCP_FORW: name:enp0s3: saddr:100932208: daddr:16783984
[  288.973111] AAAAA-TCP_FORW: name:enp0s3: saddr:33561200: daddr:100932208
[  289.020051] AAAAA-TCP_FORW: name:enp0s3: saddr:100932208: daddr:16783984
[  289.075711] AAAAA-TCP_FORW: name:enp0s3: saddr:33561200: daddr:100932208
[  289.300350] AAAAA-TCP_FORW: name:enp0s3: saddr:16783984: daddr:100932208
[  289.411777] AAAAA-TCP_FORW: name:enp0s3: saddr:16783984: daddr:100932208
[  289.510684] AAAAA-TCP_FORW: name:enp0s3: saddr:100932208: daddr:33561200
[  289.645974] AAAAA-TCP_FORW: name:enp0s3: saddr:100932208: daddr:33561200
[  289.689663] AAAAA-TCP_FORW: name:enp0s3: saddr:100932208: daddr:33561200
[  290.008005] AAAAA-TCP_FORW: name:enp0s3: saddr:100932208: daddr:16783984
[  290.178485] AAAAA-TCP_FORW: name:enp0s3: saddr:33561200: daddr:100932208
[  290.248445] AAAAA-TCP_FORW: name:enp0s3: saddr:33561200: daddr:100932208
[  290.341233] AAAAA-TCP_FORW: name:enp0s3: saddr:33561200: daddr:100932208
[  290.424484] AAAAA-TCP_FORW: name:enp0s3: saddr:100932208: daddr:16783984
[  290.516194] AAAAA-TCP_FORW: name:enp0s3: saddr:100932208: daddr:33561200
[  290.563675] AAAAA-TCP_FORW: name:enp0s3: saddr:16783984: daddr:100932208
[  290.998290] AAAAA-TCP_FORW: name:enp0s3: saddr:100932208: daddr:16783984
[  291.608347] AAAAA-TCP_FORW: name:enp0s3: saddr:100932208: daddr:16783984
[  291.681559] AAAAA-TCP_FORW: name:enp0s3: saddr:100932208: daddr:16783984
[  291.802958] AAAAA-TCP_FORW: name:enp0s3: saddr:100932208: daddr:16783984
[  291.925069] AAAAA-TCP_FORW: name:enp0s3: saddr:100932208: daddr:16783984
[  292.094430] AAAAA-TCP_FORW: name:enp0s3: saddr:100932208: daddr:16783984
[  292.752084] AAAAA-TCP_FORW: name:enp0s3: saddr:16783984: daddr:100932208
[  293.077702] AAAAA-TCP_FORW: name:enp0s3: saddr:33561200: daddr:100932208
[  293.930699] AAAAA-TCP_FORW: name:enp0s3: saddr:16783984: daddr:100932208
[  294.356041] AAAAA-TCP_FORW: name:enp0s3: saddr:16783984: daddr:100932208
[  294.559400] AAAAA-TCP_FORW: name:enp0s3: saddr:16783984: daddr:100932208
[  294.636605] AAAAA-TCP_FORW: name:enp0s3: saddr:16783984: daddr:100932208
[  294.751852] AAAAA-TCP_FORW: name:enp0s3: saddr:16783984: daddr:100932208
[  303.465296] AAAAA-TCP_FORW: name:enp0s3: saddr:100932208: daddr:33561200
[  303.495833] AAAAA-TCP_FORW: name:enp0s3: saddr:100932208: daddr:33561200
[  303.574115] AAAAA-TCP_FORW: name:enp0s3: saddr:100932208: daddr:33561200
[  303.662986] AAAAA-TCP_FORW: name:enp0s3: saddr:100932208: daddr:33561200
[  303.715570] AAAAA-TCP_FORW: name:enp0s3: saddr:100932208: daddr:33561200
[  303.790437] AAAAA-TCP_FORW: name:enp0s3: saddr:100932208: daddr:33561200
[  303.802174] AAAAA-TCP_FORW: name:enp0s3: saddr:33561200: daddr:100932208
[  303.839393] AAAAA-TCP_FORW: name:enp0s3: saddr:100932208: daddr:16783984
[  303.899492] AAAAA-TCP_FORW: name:enp0s3: saddr:100932208: daddr:16783984
[  304.004890] AAAAA-TCP_FORW: name:enp0s3: saddr:100932208: daddr:16783984
[  304.097255] AAAAA-TCP_FORW: name:enp0s3: saddr:100932208: daddr:16783984
[  304.113069] AAAAA-TCP_FORW: name:enp0s3: saddr:100932208: daddr:16783984
[  304.256913] AAAAA-TCP_FORW: name:enp0s3: saddr:100932208: daddr:16783984
[  304.295341] AAAAA-TCP_FORW: name:enp0s3: saddr:100932208: daddr:16783984
[  304.382744] AAAAA-TCP_FORW: name:enp0s3: saddr:100932208: daddr:16783984
[  304.449022] AAAAA-TCP_FORW: name:enp0s3: saddr:100932208: daddr:16783984
[  304.493683] AAAAA-TCP_FORW: name:enp0s3: saddr:100932208: daddr:16783984
[  304.585352] AAAAA-TCP_FORW: name:enp0s3: saddr:100932208: daddr:33561200
[  304.652288] AAAAA-TCP_FORW: name:enp0s3: saddr:100932208: daddr:33561200
[  304.747900] AAAAA-TCP_FORW: name:enp0s3: saddr:100932208: daddr:33561200
[  304.837009] AAAAA-TCP_FORW: name:enp0s3: saddr:100932208: daddr:33561200
[  304.922103] AAAAA-TCP_FORW: name:enp0s3: saddr:100932208: daddr:33561200
[  304.962837] AAAAA-TCP_FORW: name:enp0s3: saddr:100932208: daddr:33561200
[  305.067811] AAAAA-TCP_FORW: name:enp0s3: saddr:100932208: daddr:33561200
[  305.082336] AAAAA-TCP_FORW: name:enp0s3: saddr:100932208: daddr:16783984
[  305.169174] AAAAA-TCP_FORW: name:enp0s3: saddr:100932208: daddr:16783984
[  305.230476] AAAAA-TCP_FORW: name:enp0s3: saddr:100932208: daddr:16783984
[  305.361079] AAAAA-TCP_FORW: name:enp0s3: saddr:100932208: daddr:16783984
[  305.496902] AAAAA-TCP_FORW: name:enp0s3: saddr:100932208: daddr:16783984
[  305.596678] AAAAA-TCP_FORW: name:enp0s3: saddr:100932208: daddr:16783984
[  305.669126] AAAAA-TCP_FORW: name:enp0s3: saddr:100932208: daddr:16783984
[  305.765404] AAAAA-TCP_FORW: name:enp0s3: saddr:100932208: daddr:16783984
[  305.869459] AAAAA-TCP_FORW: name:enp0s3: saddr:100932208: daddr:16783984
[  305.905574] AAAAA-TCP_FORW: name:enp0s3: saddr:16783984: daddr:100932208
[  306.091100] AAAAA-TCP_FORW: name:enp0s3: saddr:16783984: daddr:100932208
[  306.475312] AAAAA-TCP_FORW: name:enp0s3: saddr:33561200: daddr:100932208
[  306.569201] AAAAA-TCP_FORW: name:enp0s3: saddr:33561200: daddr:100932208
[  306.689657] AAAAA-TCP_FORW: name:enp0s3: saddr:33561200: daddr:100932208
[  306.831153] AAAAA-TCP_FORW: name:enp0s3: saddr:33561200: daddr:100932208
[  306.914623] AAAAA-TCP_FORW: name:enp0s3: saddr:33561200: daddr:100932208
[  307.013392] AAAAA-TCP_FORW: name:enp0s3: saddr:33561200: daddr:100932208
[  307.125227] AAAAA-TCP_FORW: name:enp0s3: saddr:16783984: daddr:100932208
[  307.209204] AAAAA-TCP_FORW: name:enp0s3: saddr:16783984: daddr:100932208
[  307.530242] AAAAA-TCP_FORW: name:enp0s3: saddr:16783984: daddr:100932208
[  307.733761] AAAAA-TCP_FORW: name:enp0s3: saddr:16783984: daddr:100932208
[  307.792219] AAAAA-TCP_FORW: name:enp0s3: saddr:16783984: daddr:100932208
[  307.818908] AAAAA-TCP_FORW: name:enp0s3: saddr:16783984: daddr:100932208
[  307.929967] AAAAA-TCP_FORW: name:enp0s3: saddr:16783984: daddr:100932208
[  307.982496] AAAAA-TCP_FORW: name:enp0s3: saddr:100932208: daddr:16783984
[  308.005314] AAAAA-TCP_FORW: name:enp0s3: saddr:16783984: daddr:100932208
[  308.094742] AAAAA-TCP_FORW: name:enp0s3: saddr:100932208: daddr:16783984
[  308.389334] AAAAA-TCP_FORW: name:enp0s3: saddr:100932208: daddr:33561200
[  308.440017] AAAAA-TCP_FORW: name:enp0s3: saddr:100932208: daddr:33561200
[  308.473065] AAAAA-TCP_FORW: name:enp0s3: saddr:100932208: daddr:33561200
[  308.609943] AAAAA-TCP_FORW: name:enp0s3: saddr:100932208: daddr:33561200
[  308.778238] AAAAA-TCP_FORW: name:enp0s3: saddr:16783984: daddr:100932208
[  308.876071] AAAAA-TCP_FORW: name:enp0s3: saddr:100932208: daddr:33561200
[  308.937925] AAAAA-TCP_FORW: name:enp0s3: saddr:100932208: daddr:33561200
[  309.157062] AAAAA-TCP_FORW: name:enp0s3: saddr:100932208: daddr:33561200
[  309.219429] AAAAA-TCP_FORW: name:enp0s3: saddr:100932208: daddr:16783984
[  309.451628] AAAAA-TCP_FORW: name:enp0s3: saddr:100932208: daddr:16783984
[  309.545157] AAAAA-TCP_FORW: name:enp0s3: saddr:16783984: daddr:100932208
[  309.668926] AAAAA-TCP_FORW: name:enp0s3: saddr:100932208: daddr:16783984
[  309.732660] AAAAA-TCP_FORW: name:enp0s3: saddr:100932208: daddr:16783984
[  309.786125] AAAAA-TCP_FORW: name:enp0s3: saddr:33561200: daddr:100932208
[  309.852418] AAAAA-TCP_FORW: name:enp0s3: saddr:100932208: daddr:16783984
[  310.011972] AAAAA-TCP_FORW: name:enp0s3: saddr:33561200: daddr:100932208
[  310.073551] AAAAA-TCP_FORW: name:enp0s3: saddr:100932208: daddr:16783984
[  310.120617] AAAAA-TCP_FORW: name:enp0s3: saddr:33561200: daddr:100932208
[  310.133563] AAAAA-TCP_FORW: name:enp0s3: saddr:100932208: daddr:16783984
[  310.153069] AAAAA-TCP_FORW: name:enp0s3: saddr:33561200: daddr:100932208
[  310.325201] AAAAA-TCP_FORW: name:enp0s3: saddr:100932208: daddr:16783984
[  310.515339] AAAAA-TCP_FORW: name:enp0s3: saddr:33561200: daddr:100932208
[  310.594205] AAAAA-TCP_FORW: name:enp0s3: saddr:33561200: daddr:100932208
[  310.634310] AAAAA-TCP_FORW: name:enp0s3: saddr:100932208: daddr:16783984
[  310.672395] AAAAA-TCP_FORW: name:enp0s3: saddr:33561200: daddr:100932208
[  310.797682] AAAAA-TCP_FORW: name:enp0s3: saddr:16783984: daddr:100932208
[  311.069923] AAAAA-TCP_FORW: name:enp0s3: saddr:16783984: daddr:100932208
[  311.176644] AAAAA-TCP_FORW: name:enp0s3: saddr:16783984: daddr:100932208
[  311.306840] AAAAA-TCP_FORW: name:enp0s3: saddr:16783984: daddr:100932208
[  311.383077] AAAAA-TCP_FORW: name:enp0s3: saddr:100932208: daddr:16783984
[  311.496636] AAAAA-TCP_FORW: name:enp0s3: saddr:16783984: daddr:100932208
[  311.624253] AAAAA-TCP_FORW: name:enp0s3: saddr:16783984: daddr:100932208
[  311.770886] AAAAA-TCP_FORW: name:enp0s3: saddr:16783984: daddr:100932208
[  311.879030] AAAAA-TCP_FORW: name:enp0s3: saddr:16783984: daddr:100932208
[  312.106323] AAAAA-TCP_FORW: name:enp0s3: saddr:16783984: daddr:100932208
[  312.328476] AAAAA-TCP_FORW: name:enp0s3: saddr:100932208: daddr:16783984
[  312.405778] AAAAA-TCP_FORW: name:enp0s3: saddr:16783984: daddr:100932208
[  312.920768] AAAAA-TCP_FORW: name:enp0s3: saddr:16783984: daddr:100932208
[  313.037059] AAAAA-TCP_FORW: name:enp0s3: saddr:100932208: daddr:33561200
[  313.265100] AAAAA-TCP_FORW: name:enp0s3: saddr:33561200: daddr:100932208
[  313.385597] AAAAA-TCP_FORW: name:enp0s3: saddr:100932208: daddr:33561200
[  313.453113] AAAAA-TCP_FORW: name:enp0s3: saddr:33561200: daddr:100932208
[  313.674304] AAAAA-TCP_FORW: name:enp0s3: saddr:100932208: daddr:33561200
[  313.798888] AAAAA-TCP_FORW: name:enp0s3: saddr:33561200: daddr:100932208
[  314.136091] AAAAA-TCP_FORW: name:enp0s3: saddr:100932208: daddr:33561200
[  314.288638] AAAAA-TCP_FORW: name:enp0s3: saddr:33561200: daddr:100932208
[  314.350130] AAAAA-TCP_FORW: name:enp0s3: saddr:100932208: daddr:33561200
[  314.399486] AAAAA-TCP_FORW: name:enp0s3: saddr:100932208: daddr:16783984
[  314.575203] AAAAA-TCP_FORW: name:enp0s3: saddr:33561200: daddr:100932208
[  314.611397] AAAAA-TCP_FORW: name:enp0s3: saddr:100932208: daddr:16783984
[  314.713553] AAAAA-TCP_FORW: name:enp0s3: saddr:16783984: daddr:100932208
[  314.887322] AAAAA-TCP_FORW: name:enp0s3: saddr:100932208: daddr:16783984
[  314.896014] AAAAA-TCP_FORW: name:enp0s3: saddr:16783984: daddr:100932208
[  314.965515] AAAAA-TCP_FORW: name:enp0s3: saddr:100932208: daddr:16783984
[  314.983819] AAAAA-TCP_FORW: name:enp0s3: saddr:100932208: daddr:16783984
[  315.029785] AAAAA-TCP_FORW: name:enp0s3: saddr:16783984: daddr:100932208
[  315.162331] AAAAA-TCP_FORW: name:enp0s3: saddr:100932208: daddr:16783984
[  315.288232] AAAAA-TCP_FORW: name:enp0s3: saddr:16783984: daddr:100932208
[  315.294103] AAAAA-TCP_FORW: name:enp0s3: saddr:100932208: daddr:16783984
[  315.468478] AAAAA-TCP_FORW: name:enp0s3: saddr:100932208: daddr:16783984
[  315.665771] AAAAA-TCP_FORW: name:enp0s3: saddr:16783984: daddr:100932208
[  315.773016] AAAAA-TCP_FORW: name:enp0s3: saddr:100932208: daddr:33561200
[  315.798756] AAAAA-TCP_FORW: name:enp0s3: saddr:16783984: daddr:100932208
[  315.960932] AAAAA-TCP_FORW: name:enp0s3: saddr:16783984: daddr:100932208
[  316.000826] AAAAA-TCP_FORW: name:enp0s3: saddr:100932208: daddr:33561200
[  316.136949] AAAAA-TCP_FORW: name:enp0s3: saddr:16783984: daddr:100932208
[  316.241042] AAAAA-TCP_FORW: name:enp0s3: saddr:33561200: daddr:100932208
[  316.379491] AAAAA-TCP_FORW: name:enp0s3: saddr:33561200: daddr:100932208
[  316.723028] AAAAA-TCP_FORW: name:enp0s3: saddr:100932208: daddr:33561200
[  316.818287] AAAAA-TCP_FORW: name:enp0s3: saddr:33561200: daddr:100932208
[  316.870409] AAAAA-TCP_FORW: name:enp0s3: saddr:100932208: daddr:33561200
[  316.951939] AAAAA-TCP_FORW: name:enp0s3: saddr:33561200: daddr:100932208
[  317.143771] AAAAA-TCP_FORW: name:enp0s3: saddr:100932208: daddr:16783984
[  317.199781] AAAAA-TCP_FORW: name:enp0s3: saddr:16783984: daddr:100932208
[  317.359799] AAAAA-TCP_FORW: name:enp0s3: saddr:100932208: daddr:16783984
[  317.513946] AAAAA-TCP_FORW: name:enp0s3: saddr:16783984: daddr:100932208
[  317.638963] AAAAA-TCP_FORW: name:enp0s3: saddr:100932208: daddr:16783984
[  317.856876] AAAAA-TCP_FORW: name:enp0s3: saddr:16783984: daddr:100932208
[  318.154392] AAAAA-TCP_FORW: name:enp0s3: saddr:100932208: daddr:16783984
[  318.212374] AAAAA-TCP_FORW: name:enp0s3: saddr:16783984: daddr:100932208
[  318.376459] AAAAA-TCP_FORW: name:enp0s3: saddr:100932208: daddr:16783984
[  318.449090] AAAAA-TCP_FORW: name:enp0s3: saddr:100932208: daddr:16783984
[  318.483908] AAAAA-TCP_FORW: name:enp0s3: saddr:16783984: daddr:100932208
[  318.623051] AAAAA-TCP_FORW: name:enp0s3: saddr:16783984: daddr:100932208
[  318.898038] AAAAA-TCP_FORW: name:enp0s3: saddr:100932208: daddr:33561200
[  319.185706] AAAAA-TCP_FORW: name:enp0s3: saddr:33561200: daddr:100932208
[  319.194547] AAAAA-TCP_FORW: name:enp0s3: saddr:100932208: daddr:33561200
[  319.434790] AAAAA-TCP_FORW: name:enp0s3: saddr:33561200: daddr:100932208
[  319.616614] AAAAA-TCP_FORW: name:enp0s3: saddr:100932208: daddr:16783984
[  319.661192] AAAAA-TCP_FORW: name:enp0s3: saddr:100932208: daddr:16783984
[  319.674112] AAAAA-TCP_FORW: name:enp0s3: saddr:16783984: daddr:100932208
[  319.788827] AAAAA-TCP_FORW: name:enp0s3: saddr:16783984: daddr:100932208
[  319.939749] AAAAA-TCP_FORW: name:enp0s3: saddr:100932208: daddr:16783984
[  319.999818] AAAAA-TCP_FORW: name:enp0s3: saddr:16783984: daddr:100932208
[  320.163014] AAAAA-TCP_FORW: name:enp0s3: saddr:100932208: daddr:16783984
[  320.248995] AAAAA-TCP_FORW: name:enp0s3: saddr:16783984: daddr:100932208
[  320.346886] AAAAA-TCP_FORW: name:enp0s3: saddr:100932208: daddr:16783984
[  320.434496] AAAAA-TCP_FORW: name:enp0s3: saddr:16783984: daddr:100932208
[  320.498416] AAAAA-TCP_FORW: name:enp0s3: saddr:100932208: daddr:16783984
[  320.605153] AAAAA-TCP_FORW: name:enp0s3: saddr:16783984: daddr:100932208
[  320.798814] AAAAA-TCP_FORW: name:enp0s3: saddr:100932208: daddr:33561200
[  320.883934] AAAAA-TCP_FORW: name:enp0s3: saddr:33561200: daddr:100932208
[  320.899002] AAAAA-TCP_FORW: name:enp0s3: saddr:100932208: daddr:33561200
[  321.017965] AAAAA-TCP_FORW: name:enp0s3: saddr:100932208: daddr:16783984
[  321.030135] AAAAA-TCP_FORW: name:enp0s3: saddr:33561200: daddr:100932208
[  321.178664] AAAAA-TCP_FORW: name:enp0s3: saddr:16783984: daddr:100932208
[  321.234302] AAAAA-TCP_FORW: name:enp0s3: saddr:100932208: daddr:16783984
[  321.328772] AAAAA-TCP_FORW: name:enp0s3: saddr:16783984: daddr:100932208
[  321.391685] AAAAA-TCP_FORW: name:enp0s3: saddr:100932208: daddr:16783984
[  321.495301] AAAAA-TCP_FORW: name:enp0s3: saddr:16783984: daddr:100932208
[  321.561641] AAAAA-TCP_FORW: name:enp0s3: saddr:100932208: daddr:16783984
[  321.634859] AAAAA-TCP_FORW: name:enp0s3: saddr:16783984: daddr:100932208
[  321.714167] AAAAA-TCP_FORW: name:enp0s3: saddr:100932208: daddr:16783984
[  321.760693] AAAAA-TCP_FORW: name:enp0s3: saddr:100932208: daddr:16783984
[  321.767724] AAAAA-TCP_FORW: name:enp0s3: saddr:16783984: daddr:100932208
[  321.798475] AAAAA-TCP_FORW: name:enp0s3: saddr:100932208: daddr:33561200
[  321.836558] AAAAA-TCP_FORW: name:enp0s3: saddr:100932208: daddr:33561200
[  321.847226] AAAAA-TCP_FORW: name:enp0s3: saddr:16783984: daddr:100932208
[  321.865519] AAAAA-TCP_FORW: name:enp0s3: saddr:100932208: daddr:16783984
[  321.935304] AAAAA-TCP_FORW: name:enp0s3: saddr:100932208: daddr:16783984
[  321.976363] AAAAA-TCP_FORW: name:enp0s3: saddr:33561200: daddr:100932208
[  322.028786] AAAAA-TCP_FORW: name:enp0s3: saddr:33561200: daddr:100932208
[  322.097140] AAAAA-TCP_FORW: name:enp0s3: saddr:16783984: daddr:100932208
[  322.170434] AAAAA-TCP_FORW: name:enp0s3: saddr:16783984: daddr:100932208
[  336.317145] AAAAA-TCP_FORW: name:enp0s3: saddr:100932208: daddr:16783984
[  336.367690] AAAAA-TCP_FORW: name:enp0s3: saddr:100932208: daddr:16783984
[  336.444061] AAAAA-TCP_FORW: name:enp0s3: saddr:100932208: daddr:16783984
[  336.504831] AAAAA-TCP_FORW: name:enp0s3: saddr:100932208: daddr:16783984
[  336.536500] AAAAA-TCP_FORW: name:enp0s3: saddr:100932208: daddr:16783984
[  336.595162] AAAAA-TCP_FORW: name:enp0s3: saddr:100932208: daddr:16783984
[  336.646980] AAAAA-TCP_FORW: name:enp0s3: saddr:100932208: daddr:16783984
[  336.663637] AAAAA-TCP_FORW: name:enp0s3: saddr:100932208: daddr:33561200
[  336.729995] AAAAA-TCP_FORW: name:enp0s3: saddr:100932208: daddr:33561200
[  336.790314] AAAAA-TCP_FORW: name:enp0s3: saddr:100932208: daddr:16783984
[  336.932363] AAAAA-TCP_FORW: name:enp0s3: saddr:100932208: daddr:16783984
[  337.271357] AAAAA-TCP_FORW: name:enp0s3: saddr:100932208: daddr:16783984
[  337.498832] AAAAA-TCP_FORW: name:enp0s3: saddr:100932208: daddr:16783984
[  337.559620] AAAAA-TCP_FORW: name:enp0s3: saddr:100932208: daddr:16783984
[  337.614118] AAAAA-TCP_FORW: name:enp0s3: saddr:100932208: daddr:16783984
[  337.698485] AAAAA-TCP_FORW: name:enp0s3: saddr:100932208: daddr:16783984
[  337.771500] AAAAA-TCP_FORW: name:enp0s3: saddr:100932208: daddr:16783984
[  337.941735] AAAAA-TCP_FORW: name:enp0s3: saddr:100932208: daddr:33561200
[  338.099820] AAAAA-TCP_FORW: name:enp0s3: saddr:100932208: daddr:33561200
[  338.324876] AAAAA-TCP_FORW: name:enp0s3: saddr:100932208: daddr:16783984
[  338.421606] AAAAA-TCP_FORW: name:enp0s3: saddr:100932208: daddr:16783984
[  338.572937] AAAAA-TCP_FORW: name:enp0s3: saddr:100932208: daddr:16783984
[  338.660317] AAAAA-TCP_FORW: name:enp0s3: saddr:100932208: daddr:16783984
[  338.719639] AAAAA-TCP_FORW: name:enp0s3: saddr:100932208: daddr:16783984
[  339.278543] AAAAA-TCP_FORW: name:enp0s3: saddr:100932208: daddr:33561200
[  340.315789] AAAAA-TCP_FORW: name:enp0s3: saddr:100932208: daddr:33561200
[  340.644508] AAAAA-TCP_FORW: name:enp0s3: saddr:100932208: daddr:16783984
[  341.307446] AAAAA-TCP_FORW: name:enp0s3: saddr:100932208: daddr:16783984
[  341.358662] AAAAA-TCP_FORW: name:enp0s3: saddr:100932208: daddr:16783984
[  341.697031] AAAAA-TCP_FORW: name:enp0s3: saddr:100932208: daddr:16783984
[  341.825342] AAAAA-TCP_FORW: name:enp0s3: saddr:100932208: daddr:16783984
[  341.880025] AAAAA-TCP_FORW: name:enp0s3: saddr:100932208: daddr:16783984
[  341.933320] AAAAA-TCP_FORW: name:enp0s3: saddr:100932208: daddr:16783984
[  341.980378] AAAAA-TCP_FORW: name:enp0s3: saddr:100932208: daddr:16783984
[  343.351192] AAAAA-TCP_FORW: name:enp0s3: saddr:33561200: daddr:100932208
[  344.908120] AAAAA-TCP_FORW: name:enp0s3: saddr:33561200: daddr:100932208
[  345.186443] AAAAA-TCP_FORW: name:enp0s3: saddr:100932208: daddr:33561200
[  345.298211] AAAAA-TCP_FORW: name:enp0s3: saddr:16783984: daddr:100932208
[  346.172894] AAAAA-TCP_FORW: name:enp0s3: saddr:16783984: daddr:100932208
[  346.473804] AAAAA-TCP_FORW: name:enp0s3: saddr:16783984: daddr:100932208
[  346.484668] AAAAA-TCP_FORW: name:enp0s3: saddr:100932208: daddr:16783984
[  347.151780] AAAAA-TCP_FORW: name:enp0s3: saddr:16783984: daddr:100932208
[  347.221659] AAAAA-TCP_FORW: name:enp0s3: saddr:16783984: daddr:100932208
[  347.304308] AAAAA-TCP_FORW: name:enp0s3: saddr:16783984: daddr:100932208
[  347.528746] AAAAA-TCP_FORW: name:enp0s3: saddr:16783984: daddr:100932208
[  347.594023] AAAAA-TCP_FORW: name:enp0s3: saddr:16783984: daddr:100932208
[  348.131558] AAAAA-TCP_FORW: name:enp0s3: saddr:100932208: daddr:33561200
[  348.176092] AAAAA-TCP_FORW: name:enp0s3: saddr:33561200: daddr:100932208
[  348.856203] AAAAA-TCP_FORW: name:enp0s3: saddr:16783984: daddr:100932208
[  349.905439] AAAAA-TCP_FORW: name:enp0s3: saddr:33561200: daddr:100932208
[  350.054188] AAAAA-TCP_FORW: name:enp0s3: saddr:100932208: daddr:33561200
[  350.459542] AAAAA-TCP_FORW: name:enp0s3: saddr:100932208: daddr:16783984
[  350.608968] AAAAA-TCP_FORW: name:enp0s3: saddr:100932208: daddr:16783984
[  350.723641] AAAAA-TCP_FORW: name:enp0s3: saddr:33561200: daddr:100932208
[  350.994758] AAAAA-TCP_FORW: name:enp0s3: saddr:16783984: daddr:100932208
[  351.051816] AAAAA-TCP_FORW: name:enp0s3: saddr:16783984: daddr:100932208
[  351.058971] AAAAA-TCP_FORW: name:enp0s3: saddr:100932208: daddr:16783984
[  351.279904] AAAAA-TCP_FORW: name:enp0s3: saddr:16783984: daddr:100932208
[  351.391399] AAAAA-TCP_FORW: name:enp0s3: saddr:100932208: daddr:16783984
[  351.455642] AAAAA-TCP_FORW: name:enp0s3: saddr:100932208: daddr:16783984
[  351.489087] AAAAA-TCP_FORW: name:enp0s3: saddr:16783984: daddr:100932208
[  351.651544] AAAAA-TCP_FORW: name:enp0s3: saddr:100932208: daddr:16783984
[  351.731157] AAAAA-TCP_FORW: name:enp0s3: saddr:16783984: daddr:100932208
[  351.812700] AAAAA-TCP_FORW: name:enp0s3: saddr:100932208: daddr:16783984
[  351.885931] AAAAA-TCP_FORW: name:enp0s3: saddr:16783984: daddr:100932208
[  351.961166] AAAAA-TCP_FORW: name:enp0s3: saddr:100932208: daddr:16783984
[  351.966353] AAAAA-TCP_FORW: name:enp0s3: saddr:16783984: daddr:100932208
[  352.104654] AAAAA-TCP_FORW: name:enp0s3: saddr:16783984: daddr:100932208
[  352.780869] AAAAA-TCP_FORW: name:enp0s3: saddr:100932208: daddr:33561200
[  352.855879] AAAAA-TCP_FORW: name:enp0s3: saddr:100932208: daddr:33561200
[  352.936369] AAAAA-TCP_FORW: name:enp0s3: saddr:33561200: daddr:100932208
[  353.155920] AAAAA-TCP_FORW: name:enp0s3: saddr:33561200: daddr:100932208
[  353.253577] AAAAA-TCP_FORW: name:enp0s3: saddr:100932208: daddr:16783984
[  353.345936] AAAAA-TCP_FORW: name:enp0s3: saddr:16783984: daddr:100932208
[  353.392869] AAAAA-TCP_FORW: name:enp0s3: saddr:100932208: daddr:16783984
[  353.575826] AAAAA-TCP_FORW: name:enp0s3: saddr:16783984: daddr:100932208
[  353.761402] AAAAA-TCP_FORW: name:enp0s3: saddr:100932208: daddr:16783984
[  353.854514] AAAAA-TCP_FORW: name:enp0s3: saddr:16783984: daddr:100932208
[  353.893349] AAAAA-TCP_FORW: name:enp0s3: saddr:100932208: daddr:16783984
[  353.949891] AAAAA-TCP_FORW: name:enp0s3: saddr:100932208: daddr:16783984
[  354.044948] AAAAA-TCP_FORW: name:enp0s3: saddr:16783984: daddr:100932208
[  354.222019] AAAAA-TCP_FORW: name:enp0s3: saddr:16783984: daddr:100932208
[  354.243527] AAAAA-TCP_FORW: name:enp0s3: saddr:100932208: daddr:16783984
[  354.393908] AAAAA-TCP_FORW: name:enp0s3: saddr:100932208: daddr:16783984
[  354.541625] AAAAA-TCP_FORW: name:enp0s3: saddr:16783984: daddr:100932208
[  354.575194] AAAAA-TCP_FORW: name:enp0s3: saddr:100932208: daddr:16783984
[  354.739520] AAAAA-TCP_FORW: name:enp0s3: saddr:16783984: daddr:100932208
[  354.850383] AAAAA-TCP_FORW: name:enp0s3: saddr:16783984: daddr:100932208
[  355.226593] AAAAA-TCP_FORW: name:enp0s3: saddr:100932208: daddr:33561200
[  355.350321] AAAAA-TCP_FORW: name:enp0s3: saddr:33561200: daddr:100932208
[  355.518417] AAAAA-TCP_FORW: name:enp0s3: saddr:100932208: daddr:33561200
[  355.582361] AAAAA-TCP_FORW: name:enp0s3: saddr:33561200: daddr:100932208
[  355.605334] AAAAA-TCP_FORW: name:enp0s3: saddr:100932208: daddr:16783984
[  355.708077] AAAAA-TCP_FORW: name:enp0s3: saddr:16783984: daddr:100932208
[  355.779245] AAAAA-TCP_FORW: name:enp0s3: saddr:100932208: daddr:16783984
[  355.852247] AAAAA-TCP_FORW: name:enp0s3: saddr:16783984: daddr:100932208
[  355.966058] AAAAA-TCP_FORW: name:enp0s3: saddr:100932208: daddr:16783984
[  356.014471] AAAAA-TCP_FORW: name:enp0s3: saddr:16783984: daddr:100932208
[  356.128385] AAAAA-TCP_FORW: name:enp0s3: saddr:100932208: daddr:16783984
[  356.207919] AAAAA-TCP_FORW: name:enp0s3: saddr:16783984: daddr:100932208
[  356.336290] AAAAA-TCP_FORW: name:enp0s3: saddr:100932208: daddr:16783984
[  356.395684] AAAAA-TCP_FORW: name:enp0s3: saddr:16783984: daddr:100932208
[  356.564705] AAAAA-TCP_FORW: name:enp0s3: saddr:100932208: daddr:16783984
[  356.631663] AAAAA-TCP_FORW: name:enp0s3: saddr:16783984: daddr:100932208
[  356.777766] AAAAA-TCP_FORW: name:enp0s3: saddr:100932208: daddr:16783984
[  356.829738] AAAAA-TCP_FORW: name:enp0s3: saddr:16783984: daddr:100932208
[  356.850448] AAAAA-TCP_FORW: name:enp0s3: saddr:100932208: daddr:16783984
[  356.980503] AAAAA-TCP_FORW: name:enp0s3: saddr:16783984: daddr:100932208
[  357.240061] AAAAA-TCP_FORW: name:enp0s3: saddr:100932208: daddr:33561200
[  357.310079] AAAAA-TCP_FORW: name:enp0s3: saddr:33561200: daddr:100932208
[  357.445794] AAAAA-TCP_FORW: name:enp0s3: saddr:100932208: daddr:33561200
[  357.537421] AAAAA-TCP_FORW: name:enp0s3: saddr:33561200: daddr:100932208
[  357.604258] AAAAA-TCP_FORW: name:enp0s3: saddr:100932208: daddr:16783984
[  357.672998] AAAAA-TCP_FORW: name:enp0s3: saddr:16783984: daddr:100932208
[  357.875020] AAAAA-TCP_FORW: name:enp0s3: saddr:100932208: daddr:16783984
[  357.930718] AAAAA-TCP_FORW: name:enp0s3: saddr:16783984: daddr:100932208
[  358.088527] AAAAA-TCP_FORW: name:enp0s3: saddr:100932208: daddr:16783984
[  358.167127] AAAAA-TCP_FORW: name:enp0s3: saddr:16783984: daddr:100932208
[  358.311475] AAAAA-TCP_FORW: name:enp0s3: saddr:100932208: daddr:16783984
[  358.388191] AAAAA-TCP_FORW: name:enp0s3: saddr:16783984: daddr:100932208
[  358.512343] AAAAA-TCP_FORW: name:enp0s3: saddr:100932208: daddr:16783984
[  358.552795] AAAAA-TCP_FORW: name:enp0s3: saddr:100932208: daddr:33561200
[  358.615813] AAAAA-TCP_FORW: name:enp0s3: saddr:16783984: daddr:100932208
[  358.641202] AAAAA-TCP_FORW: name:enp0s3: saddr:100932208: daddr:33561200
[  358.730811] AAAAA-TCP_FORW: name:enp0s3: saddr:100932208: daddr:16783984
[  358.850841] AAAAA-TCP_FORW: name:enp0s3: saddr:33561200: daddr:100932208
[  358.955960] AAAAA-TCP_FORW: name:enp0s3: saddr:33561200: daddr:100932208
[  358.984114] AAAAA-TCP_FORW: name:enp0s3: saddr:100932208: daddr:16783984
[  359.125664] AAAAA-TCP_FORW: name:enp0s3: saddr:100932208: daddr:16783984
[  359.199525] AAAAA-TCP_FORW: name:enp0s3: saddr:100932208: daddr:16783984
[  359.213292] AAAAA-TCP_FORW: name:enp0s3: saddr:16783984: daddr:100932208
[  359.318952] AAAAA-TCP_FORW: name:enp0s3: saddr:100932208: daddr:16783984
[  359.418798] AAAAA-TCP_FORW: name:enp0s3: saddr:16783984: daddr:100932208
[  359.456942] AAAAA-TCP_FORW: name:enp0s3: saddr:100932208: daddr:33561200
[  359.483383] AAAAA-TCP_FORW: name:enp0s3: saddr:100932208: daddr:33561200
[  359.546563] AAAAA-TCP_FORW: name:enp0s3: saddr:100932208: daddr:16783984
[  359.571247] AAAAA-TCP_FORW: name:enp0s3: saddr:16783984: daddr:100932208
[  359.578307] AAAAA-TCP_FORW: name:enp0s3: saddr:100932208: daddr:16783984
[  359.662622] AAAAA-TCP_FORW: name:enp0s3: saddr:16783984: daddr:100932208
[  359.683443] AAAAA-TCP_FORW: name:enp0s3: saddr:100932208: daddr:16783984
[  359.797020] AAAAA-TCP_FORW: name:enp0s3: saddr:100932208: daddr:16783984
[  359.822103] AAAAA-TCP_FORW: name:enp0s3: saddr:16783984: daddr:100932208
[  359.838356] AAAAA-TCP_FORW: name:enp0s3: saddr:33561200: daddr:100932208
[  359.939970] AAAAA-TCP_FORW: name:enp0s3: saddr:100932208: daddr:16783984
[  359.955302] AAAAA-TCP_FORW: name:enp0s3: saddr:33561200: daddr:100932208
[  359.974422] AAAAA-TCP_FORW: name:enp0s3: saddr:100932208: daddr:16783984
[  359.995287] AAAAA-TCP_FORW: name:enp0s3: saddr:16783984: daddr:100932208
[  360.012507] AAAAA-TCP_FORW: name:enp0s3: saddr:100932208: daddr:33561200
[  360.068624] AAAAA-TCP_FORW: name:enp0s3: saddr:16783984: daddr:100932208
[  360.081533] AAAAA-TCP_FORW: name:enp0s3: saddr:100932208: daddr:33561200
[  360.147547] AAAAA-TCP_FORW: name:enp0s3: saddr:100932208: daddr:16783984
[  360.208364] AAAAA-TCP_FORW: name:enp0s3: saddr:16783984: daddr:100932208
[  360.225104] AAAAA-TCP_FORW: name:enp0s3: saddr:100932208: daddr:16783984
[  360.357248] AAAAA-TCP_FORW: name:enp0s3: saddr:16783984: daddr:100932208
[  360.371082] AAAAA-TCP_FORW: name:enp0s3: saddr:100932208: daddr:16783984
[  360.436254] AAAAA-TCP_FORW: name:enp0s3: saddr:16783984: daddr:100932208
[  360.458803] AAAAA-TCP_FORW: name:enp0s3: saddr:100932208: daddr:16783984
[  360.496958] AAAAA-TCP_FORW: name:enp0s3: saddr:16783984: daddr:100932208
[  360.554275] AAAAA-TCP_FORW: name:enp0s3: saddr:100932208: daddr:16783984
[  360.596003] AAAAA-TCP_FORW: name:enp0s3: saddr:33561200: daddr:100932208
[  360.614963] AAAAA-TCP_FORW: name:enp0s3: saddr:100932208: daddr:16783984
[  360.681794] AAAAA-TCP_FORW: name:enp0s3: saddr:33561200: daddr:100932208
[  360.724484] AAAAA-TCP_FORW: name:enp0s3: saddr:100932208: daddr:33561200
[  360.751342] AAAAA-TCP_FORW: name:enp0s3: saddr:16783984: daddr:100932208
[  360.787604] AAAAA-TCP_FORW: name:enp0s3: saddr:100932208: daddr:33561200
[  360.831224] AAAAA-TCP_FORW: name:enp0s3: saddr:16783984: daddr:100932208
[  360.888953] AAAAA-TCP_FORW: name:enp0s3: saddr:100932208: daddr:16783984
[  360.905750] AAAAA-TCP_FORW: name:enp0s3: saddr:16783984: daddr:100932208
[  360.955710] AAAAA-TCP_FORW: name:enp0s3: saddr:100932208: daddr:16783984
[  360.995825] AAAAA-TCP_FORW: name:enp0s3: saddr:16783984: daddr:100932208
[  361.043930] AAAAA-TCP_FORW: name:enp0s3: saddr:100932208: daddr:16783984
[  361.080396] AAAAA-TCP_FORW: name:enp0s3: saddr:16783984: daddr:100932208
[  361.130188] AAAAA-TCP_FORW: name:enp0s3: saddr:100932208: daddr:16783984
[  361.184241] AAAAA-TCP_FORW: name:enp0s3: saddr:16783984: daddr:100932208
[  361.187830] AAAAA-TCP_FORW: name:enp0s3: saddr:100932208: daddr:16783984
[  361.258516] AAAAA-TCP_FORW: name:enp0s3: saddr:33561200: daddr:100932208
[  361.262076] AAAAA-TCP_FORW: name:enp0s3: saddr:100932208: daddr:16783984
[  361.318753] AAAAA-TCP_FORW: name:enp0s3: saddr:100932208: daddr:16783984
[  361.358157] AAAAA-TCP_FORW: name:enp0s3: saddr:33561200: daddr:100932208
[  361.379855] AAAAA-TCP_FORW: name:enp0s3: saddr:100932208: daddr:33561200
[  361.469529] AAAAA-TCP_FORW: name:enp0s3: saddr:16783984: daddr:100932208
[  361.495380] AAAAA-TCP_FORW: name:enp0s3: saddr:100932208: daddr:33561200
[  361.556550] AAAAA-TCP_FORW: name:enp0s3: saddr:16783984: daddr:100932208
[  361.576631] AAAAA-TCP_FORW: name:enp0s3: saddr:100932208: daddr:16783984
[  361.634721] AAAAA-TCP_FORW: name:enp0s3: saddr:16783984: daddr:100932208
[  361.670567] AAAAA-TCP_FORW: name:enp0s3: saddr:100932208: daddr:16783984
[  361.743485] AAAAA-TCP_FORW: name:enp0s3: saddr:100932208: daddr:16783984
[  361.759282] AAAAA-TCP_FORW: name:enp0s3: saddr:16783984: daddr:100932208
[  361.827889] AAAAA-TCP_FORW: name:enp0s3: saddr:16783984: daddr:100932208
[  361.880667] AAAAA-TCP_FORW: name:enp0s3: saddr:16783984: daddr:100932208
