[    0.000000] Linux version 5.4.243-mptcp (root@ztg) (gcc version 12.2.0 (Debian 12.2.0-14+deb12u1)) #53 SMP Wed Dec 24 23:28:15 CST 2025
[    0.000000] Command line: BOOT_IMAGE=/boot/vmlinuz-5.4.243-mptcp root=UUID=98415a12-53b7-4144-8265-0f7ece09e445 ro quiet splash
[    0.000000] KERNEL supported cpus:
[    0.000000]   Intel GenuineIntel
[    0.000000]   AMD AuthenticAMD
[    0.000000]   Hygon HygonGenuine
[    0.000000]   Centaur CentaurHauls
[    0.000000]   zhaoxin   Shanghai  
[    0.000000] x86/fpu: Supporting XSAVE feature 0x001: 'x87 floating point registers'
[    0.000000] x86/fpu: Supporting XSAVE feature 0x002: 'SSE registers'
[    0.000000] x86/fpu: Supporting XSAVE feature 0x004: 'AVX registers'
[    0.000000] x86/fpu: xstate_offset[2]:  576, xstate_sizes[2]:  256
[    0.000000] x86/fpu: Enabled xstate features 0x7, context size is 832 bytes, using 'standard' format.
[    0.000000] BIOS-provided physical RAM map:
[    0.000000] BIOS-e820: [mem 0x0000000000000000-0x000000000009fbff] usable
[    0.000000] BIOS-e820: [mem 0x000000000009fc00-0x000000000009ffff] reserved
[    0.000000] BIOS-e820: [mem 0x00000000000f0000-0x00000000000fffff] reserved
[    0.000000] BIOS-e820: [mem 0x0000000000100000-0x000000007ffeffff] usable
[    0.000000] BIOS-e820: [mem 0x000000007fff0000-0x000000007fffffff] ACPI data
[    0.000000] BIOS-e820: [mem 0x00000000fec00000-0x00000000fec00fff] reserved
[    0.000000] BIOS-e820: [mem 0x00000000fee00000-0x00000000fee00fff] reserved
[    0.000000] BIOS-e820: [mem 0x00000000fffc0000-0x00000000ffffffff] reserved
[    0.000000] NX (Execute Disable) protection: active
[    0.000000] SMBIOS 2.5 present.
[    0.000000] DMI: innotek GmbH VirtualBox/VirtualBox, BIOS VirtualBox 12/01/2006
[    0.000000] Hypervisor detected: KVM
[    0.000000] kvm-clock: Using msrs 4b564d01 and 4b564d00
[    0.000000] kvm-clock: cpu 0, msr 5aa01001, primary cpu clock
[    0.000000] kvm-clock: using sched offset of 4525194259 cycles
[    0.000002] clocksource: kvm-clock: mask: 0xffffffffffffffff max_cycles: 0x1cd42e4dffb, max_idle_ns: 881590591483 ns
[    0.000005] tsc: Detected 2100.000 MHz processor
[    0.001891] e820: update [mem 0x00000000-0x00000fff] usable ==> reserved
[    0.001893] e820: remove [mem 0x000a0000-0x000fffff] usable
[    0.001897] last_pfn = 0x7fff0 max_arch_pfn = 0x400000000
[    0.001965] MTRR default type: uncachable
[    0.001966] MTRR fixed ranges enabled:
[    0.001967]   00000-9FFFF write-back
[    0.001968]   A0000-BFFFF uncachable
[    0.001969]   C0000-FFFFF write-protect
[    0.001969] MTRR variable ranges enabled:
[    0.001971]   0 base 000000000000 mask 3FFF80000000 write-back
[    0.001971]   1 disabled
[    0.001972]   2 disabled
[    0.001972]   3 disabled
[    0.001972]   4 disabled
[    0.001973]   5 disabled
[    0.001973]   6 disabled
[    0.001974]   7 disabled
[    0.001974]   8 disabled
[    0.001975]   9 disabled
[    0.001975]   10 disabled
[    0.001975]   11 disabled
[    0.001976]   12 disabled
[    0.001976]   13 disabled
[    0.001977]   14 disabled
[    0.001977]   15 disabled
[    0.001994] x86/PAT: Configuration [0-7]: WB  WC  UC- UC  WB  WP  UC- WT  
[    0.002127] found SMP MP-table at [mem 0x0009fff0-0x0009ffff]
[    0.093812] check: Scanning 1 areas for low memory corruption
[    0.094053] RAMDISK: [mem 0x32271000-0x3512ffff]
[    0.094061] ACPI: Early table checksum verification disabled
[    0.094067] ACPI: RSDP 0x00000000000E0000 000024 (v02 VBOX  )
[    0.094071] ACPI: XSDT 0x000000007FFF0030 00003C (v01 VBOX   VBOXXSDT 00000001 ASL  00000061)
[    0.094078] ACPI: FACP 0x000000007FFF00F0 0000F4 (v04 VBOX   VBOXFACP 00000001 ASL  00000061)
[    0.094085] ACPI: DSDT 0x000000007FFF02E0 002353 (v02 VBOX   VBOXBIOS 00000002 VBOX 00029BF3)
[    0.094088] ACPI: FACS 0x000000007FFF0200 000040
[    0.094092] ACPI: FACS 0x000000007FFF0200 000040
[    0.094095] ACPI: APIC 0x000000007FFF0240 000054 (v02 VBOX   VBOXAPIC 00000001 ASL  00000061)
[    0.094099] ACPI: SSDT 0x000000007FFF02A0 000038 (v01 VBOX   VBOXCPUT 00000002 VBOX 00029BF3)
[    0.094102] ACPI: Reserving FACP table memory at [mem 0x7fff00f0-0x7fff01e3]
[    0.094103] ACPI: Reserving DSDT table memory at [mem 0x7fff02e0-0x7fff2632]
[    0.094103] ACPI: Reserving FACS table memory at [mem 0x7fff0200-0x7fff023f]
[    0.094104] ACPI: Reserving FACS table memory at [mem 0x7fff0200-0x7fff023f]
[    0.094105] ACPI: Reserving APIC table memory at [mem 0x7fff0240-0x7fff0293]
[    0.094105] ACPI: Reserving SSDT table memory at [mem 0x7fff02a0-0x7fff02d7]
[    0.094119] ACPI: Local APIC address 0xfee00000
[    0.094304] No NUMA configuration found
[    0.094305] Faking a node at [mem 0x0000000000000000-0x000000007ffeffff]
[    0.094315] NODE_DATA(0) allocated [mem 0x7ffc5000-0x7ffeffff]
[    0.094575] Zone ranges:
[    0.094576]   DMA      [mem 0x0000000000001000-0x0000000000ffffff]
[    0.094577]   DMA32    [mem 0x0000000001000000-0x000000007ffeffff]
[    0.094578]   Normal   empty
[    0.094578]   Device   empty
[    0.094579] Movable zone start for each node
[    0.094581] Early memory node ranges
[    0.094582]   node   0: [mem 0x0000000000001000-0x000000000009efff]
[    0.094583]   node   0: [mem 0x0000000000100000-0x000000007ffeffff]
[    0.094586] Zeroed struct page in unavailable ranges: 114 pages
[    0.094587] Initmem setup node 0 [mem 0x0000000000001000-0x000000007ffeffff]
[    0.094588] On node 0 totalpages: 524174
[    0.094589]   DMA zone: 64 pages used for memmap
[    0.094590]   DMA zone: 21 pages reserved
[    0.094591]   DMA zone: 3998 pages, LIFO batch:0
[    0.094663]   DMA32 zone: 8128 pages used for memmap
[    0.094663]   DMA32 zone: 520176 pages, LIFO batch:63
[    0.103585] ACPI: PM-Timer IO Port: 0x4008
[    0.103589] ACPI: Local APIC address 0xfee00000
[    0.103657] IOAPIC[0]: apic_id 1, version 32, address 0xfec00000, GSI 0-23
[    0.103661] ACPI: INT_SRC_OVR (bus 0 bus_irq 0 global_irq 2 dfl dfl)
[    0.103662] ACPI: INT_SRC_OVR (bus 0 bus_irq 9 global_irq 9 low level)
[    0.103664] ACPI: IRQ0 used by override.
[    0.103665] ACPI: IRQ9 used by override.
[    0.103668] Using ACPI (MADT) for SMP configuration information
[    0.103675] smpboot: Allowing 1 CPUs, 0 hotplug CPUs
[    0.103696] PM: Registered nosave memory: [mem 0x00000000-0x00000fff]
[    0.103697] PM: Registered nosave memory: [mem 0x0009f000-0x0009ffff]
[    0.103698] PM: Registered nosave memory: [mem 0x000a0000-0x000effff]
[    0.103698] PM: Registered nosave memory: [mem 0x000f0000-0x000fffff]
[    0.103700] [mem 0x80000000-0xfebfffff] available for PCI devices
[    0.103701] Booting paravirtualized kernel on KVM
[    0.103704] clocksource: refined-jiffies: mask: 0xffffffff max_cycles: 0xffffffff, max_idle_ns: 7645519600211568 ns
[    0.103709] setup_percpu: NR_CPUS:8192 nr_cpumask_bits:1 nr_cpu_ids:1 nr_node_ids:1
[    0.104711] percpu: Embedded 60 pages/cpu s208896 r8192 d28672 u2097152
[    0.104716] pcpu-alloc: s208896 r8192 d28672 u2097152 alloc=1*2097152
[    0.104717] pcpu-alloc: [0] 0 
[    0.104744] Built 1 zonelists, mobility grouping on.  Total pages: 515961
[    0.104744] Policy zone: DMA32
[    0.104745] Kernel command line: BOOT_IMAGE=/boot/vmlinuz-5.4.243-mptcp root=UUID=98415a12-53b7-4144-8265-0f7ece09e445 ro quiet splash
[    0.105597] Dentry cache hash table entries: 262144 (order: 9, 2097152 bytes, linear)
[    0.105744] Inode-cache hash table entries: 131072 (order: 8, 1048576 bytes, linear)
[    0.105794] mem auto-init: stack:off, heap alloc:on, heap free:off
[    0.105796] Calgary: detecting Calgary via BIOS EBDA area
[    0.105797] Calgary: Unable to locate Rio Grande table in EBDA - bailing!
[    0.109875] Memory: 1967332K/2096696K available (14339K kernel code, 2398K rwdata, 4712K rodata, 2728K init, 17260K bss, 129364K reserved, 0K cma-reserved)
[    0.110788] SLUB: HWalign=64, Order=0-3, MinObjects=0, CPUs=1, Nodes=1
[    0.110805] ftrace: allocating 43186 entries in 169 pages
[    0.128916] rcu: Hierarchical RCU implementation.
[    0.128918] rcu: 	RCU restricting CPUs from NR_CPUS=8192 to nr_cpu_ids=1.
[    0.128919] 	Tasks RCU enabled.
[    0.128920] rcu: RCU calculated value of scheduler-enlistment delay is 25 jiffies.
[    0.128920] rcu: Adjusting geometry for rcu_fanout_leaf=16, nr_cpu_ids=1
[    0.131885] NR_IRQS: 524544, nr_irqs: 256, preallocated irqs: 16
[    0.132100] random: crng init done
[    0.141430] Console: colour VGA+ 80x25
[    0.141434] printk: console [tty0] enabled
[    0.141455] ACPI: Core revision 20190816
[    0.141573] APIC: Switch to symmetric I/O mode setup
[    0.141821] x2apic enabled
[    0.142059] Switched APIC routing to physical x2apic.
[    0.143195] ..TIMER: vector=0x30 apic1=0 pin1=2 apic2=-1 pin2=-1
[    0.143223] clocksource: tsc-early: mask: 0xffffffffffffffff max_cycles: 0x1e4530a99b6, max_idle_ns: 440795257976 ns
[    0.143228] Calibrating delay loop (skipped) preset value.. 4200.00 BogoMIPS (lpj=8400000)
[    0.143230] pid_max: default: 32768 minimum: 301
[    0.143259] LSM: Security Framework initializing
[    0.143268] Yama: becoming mindful.
[    0.143293] AppArmor: AppArmor initialized
[    0.143328] Mount-cache hash table entries: 4096 (order: 3, 32768 bytes, linear)
[    0.143333] Mountpoint-cache hash table entries: 4096 (order: 3, 32768 bytes, linear)
[    0.143344] *** VALIDATE tmpfs ***
[    0.143478] *** VALIDATE proc ***
[    0.143521] *** VALIDATE cgroup1 ***
[    0.143522] *** VALIDATE cgroup2 ***
[    0.143663] process: using mwait in idle threads
[    0.143668] Last level iTLB entries: 4KB 64, 2MB 8, 4MB 8
[    0.143668] Last level dTLB entries: 4KB 64, 2MB 0, 4MB 0, 1GB 4
[    0.143688] Spectre V1 : Mitigation: usercopy/swapgs barriers and __user pointer sanitization
[    0.143694] Spectre V2 : Mitigation: Retpolines
[    0.143695] Spectre V2 : Spectre v2 / SpectreRSB mitigation: Filling RSB on context switch
[    0.143695] Spectre V2 : Spectre v2 / SpectreRSB : Filling RSB on VMEXIT
[    0.143696] RETBleed: WARNING: Spectre v2 mitigation leaves CPU vulnerable to RETBleed attacks, data leaks possible!
[    0.144056] RETBleed: Vulnerable
[    0.144056] Speculative Store Bypass: Vulnerable
[    0.144061] TAA: Mitigation: TSX disabled
[    0.144062] MMIO Stale Data: Mitigation: Clear CPU buffers
[    0.148264] Freeing SMP alternatives memory: 40K
[    0.260072] smpboot: CPU0: Intel(R) Xeon(R) Silver 4216 CPU @ 2.10GHz (family: 0x6, model: 0x55, stepping: 0x7)
[    0.260205] Performance Events: unsupported p6 CPU model 85 no PMU driver, software events only.
[    0.260243] rcu: Hierarchical SRCU implementation.
[    0.260724] NMI watchdog: Perf NMI watchdog permanently disabled
[    0.260762] smp: Bringing up secondary CPUs ...
[    0.260763] smp: Brought up 1 node, 1 CPU
[    0.260765] smpboot: Max logical packages: 1
[    0.260766] smpboot: Total of 1 processors activated (4200.00 BogoMIPS)
[    0.261712] devtmpfs: initialized
[    0.261760] x86/mm: Memory block size: 128MB
[    0.262105] clocksource: jiffies: mask: 0xffffffff max_cycles: 0xffffffff, max_idle_ns: 7645041785100000 ns
[    0.262112] futex hash table entries: 256 (order: 2, 16384 bytes, linear)
[    0.262154] pinctrl core: initialized pinctrl subsystem
[    0.262254] PM: RTC time: 21:26:05, date: 2026-01-11
[    0.262360] NET: Registered protocol family 16
[    0.262433] audit: initializing netlink subsys (disabled)
[    0.262558] EISA bus registered
[    0.262560] cpuidle: using governor ladder
[    0.262560] cpuidle: using governor menu
[    0.262596] ACPI: bus type PCI registered
[    0.262598] acpiphp: ACPI Hot Plug PCI Controller Driver version: 0.5
[    0.262699] PCI: Using configuration type 1 for base access
[    0.263518] audit: type=2000 audit(1768137971.495:1): state=initialized audit_enabled=0 res=1
[    0.263598] HugeTLB registered 2.00 MiB page size, pre-allocated 0 pages
[    0.264412] ACPI: Added _OSI(Module Device)
[    0.264413] ACPI: Added _OSI(Processor Device)
[    0.264413] ACPI: Added _OSI(3.0 _SCP Extensions)
[    0.264414] ACPI: Added _OSI(Processor Aggregator Device)
[    0.264415] ACPI: Added _OSI(Linux-Dell-Video)
[    0.264416] ACPI: Added _OSI(Linux-Lenovo-NV-HDMI-Audio)
[    0.264417] ACPI: Added _OSI(Linux-HPI-Hybrid-Graphics)
[    0.266363] ACPI: 2 ACPI AML tables successfully acquired and loaded
[    0.267891] ACPI: Interpreter enabled
[    0.267902] ACPI: (supports S0 S5)
[    0.267903] ACPI: Using IOAPIC for interrupt routing
[    0.268110] PCI: Using host bridge windows from ACPI; if necessary, use "pci=nocrs" and report a bug
[    0.268216] ACPI: Enabled 2 GPEs in block 00 to 07
[    0.271224] ACPI: PCI Root Bridge [PCI0] (domain 0000 [bus 00-ff])
[    0.271224] acpi PNP0A03:00: _OSC: OS supports [ASPM ClockPM Segments MSI HPX-Type3]
[    0.271224] acpi PNP0A03:00: _OSC: not requesting OS control; OS requires [ExtendedConfig ASPM ClockPM MSI]
[    0.271224] acpi PNP0A03:00: fail to add MMCONFIG information, can't access extended PCI configuration space under this bridge.
[    0.271224] PCI host bridge to bus 0000:00
[    0.271224] pci_bus 0000:00: root bus resource [io  0x0000-0x0cf7 window]
[    0.271224] pci_bus 0000:00: root bus resource [io  0x0d00-0xffff window]
[    0.271224] pci_bus 0000:00: root bus resource [mem 0x000a0000-0x000bffff window]
[    0.271224] pci_bus 0000:00: root bus resource [mem 0x80000000-0xfdffffff window]
[    0.271224] pci_bus 0000:00: root bus resource [bus 00-ff]
[    0.271224] pci 0000:00:00.0: [8086:1237] type 00 class 0x060000
[    0.272009] pci 0000:00:01.0: [8086:7000] type 00 class 0x060100
[    0.272746] pci 0000:00:01.1: [8086:7111] type 00 class 0x01018a
[    0.273118] pci 0000:00:01.1: reg 0x20: [io  0xd000-0xd00f]
[    0.273270] pci 0000:00:01.1: legacy IDE quirk: reg 0x10: [io  0x01f0-0x01f7]
[    0.273271] pci 0000:00:01.1: legacy IDE quirk: reg 0x14: [io  0x03f6]
[    0.273272] pci 0000:00:01.1: legacy IDE quirk: reg 0x18: [io  0x0170-0x0177]
[    0.273273] pci 0000:00:01.1: legacy IDE quirk: reg 0x1c: [io  0x0376]
[    0.273803] pci 0000:00:02.0: [15ad:0405] type 00 class 0x030000
[    0.277159] pci 0000:00:02.0: reg 0x10: [io  0xd010-0xd01f]
[    0.279273] pci 0000:00:02.0: reg 0x14: [mem 0xe0000000-0xe7ffffff pref]
[    0.281933] pci 0000:00:02.0: reg 0x18: [mem 0xf0000000-0xf01fffff]
[    0.292116] pci 0000:00:03.0: [1022:2000] type 00 class 0x020000
[    0.292828] pci 0000:00:03.0: reg 0x10: [io  0xd020-0xd03f]
[    0.295334] pci 0000:00:03.0: reg 0x14: [mem 0xf0200000-0xf0200fff]
[    0.298859] pci 0000:00:04.0: [80ee:cafe] type 00 class 0x088000
[    0.299371] pci 0000:00:04.0: reg 0x10: [io  0xd040-0xd05f]
[    0.300005] pci 0000:00:04.0: reg 0x14: [mem 0xf0400000-0xf07fffff]
[    0.300617] pci 0000:00:04.0: reg 0x18: [mem 0xf0800000-0xf0803fff pref]
[    0.304404] pci 0000:00:07.0: [8086:7113] type 00 class 0x068000
[    0.304933] pci 0000:00:07.0: quirk: [io  0x4000-0x403f] claimed by PIIX4 ACPI
[    0.304943] pci 0000:00:07.0: quirk: [io  0x4100-0x410f] claimed by PIIX4 SMB
[    0.305523] pci 0000:00:08.0: [1022:2000] type 00 class 0x020000
[    0.306209] pci 0000:00:08.0: reg 0x10: [io  0xd060-0xd07f]
[    0.306821] pci 0000:00:08.0: reg 0x14: [mem 0xf0804000-0xf0804fff]
[    0.310320] pci 0000:00:09.0: [8086:100e] type 00 class 0x020000
[    0.311026] pci 0000:00:09.0: reg 0x10: [mem 0xf0820000-0xf083ffff]
[    0.311906] pci 0000:00:09.0: reg 0x18: [io  0xd080-0xd087]
[    0.323358] ACPI: PCI Interrupt Link [LNKA] (IRQs 5 9 10 *11)
[    0.323637] ACPI: PCI Interrupt Link [LNKB] (IRQs 5 9 *10 11)
[    0.323742] ACPI: PCI Interrupt Link [LNKC] (IRQs 5 *9 10 11)
[    0.323841] ACPI: PCI Interrupt Link [LNKD] (IRQs 5 9 10 *11)
[    0.324112] iommu: Default domain type: Translated 
[    0.324174] pci 0000:00:02.0: vgaarb: setting as boot VGA device
[    0.324175] pci 0000:00:02.0: vgaarb: VGA device added: decodes=io+mem,owns=io+mem,locks=none
[    0.324177] pci 0000:00:02.0: vgaarb: bridge control possible
[    0.324178] vgaarb: loaded
[    0.324389] SCSI subsystem initialized
[    0.324422] libata version 3.00 loaded.
[    0.324444] ACPI: bus type USB registered
[    0.324458] usbcore: registered new interface driver usbfs
[    0.324464] usbcore: registered new interface driver hub
[    0.324469] usbcore: registered new device driver usb
[    0.324498] pps_core: LinuxPPS API ver. 1 registered
[    0.324499] pps_core: Software ver. 5.3.6 - Copyright 2005-2007 Rodolfo Giometti <giometti@linux.it>
[    0.324501] PTP clock support registered
[    0.324537] EDAC MC: Ver: 3.0.0
[    0.324815] PCI: Using ACPI for IRQ routing
[    0.324816] PCI: pci_cache_line_size set to 64 bytes
[    0.324989] e820: reserve RAM buffer [mem 0x0009fc00-0x0009ffff]
[    0.324993] e820: reserve RAM buffer [mem 0x7fff0000-0x7fffffff]
[    0.325803] NetLabel: Initializing
[    0.325804] NetLabel:  domain hash size = 128
[    0.325804] NetLabel:  protocols = UNLABELED CIPSOv4 CALIPSO
[    0.325824] NetLabel:  unlabeled traffic allowed by default
[    0.326714] clocksource: Switched to clocksource kvm-clock
[    0.337942] *** VALIDATE bpf ***
[    0.338009] VFS: Disk quotas dquot_6.6.0
[    0.338021] VFS: Dquot-cache hash table entries: 512 (order 0, 4096 bytes)
[    0.338044] *** VALIDATE ramfs ***
[    0.338047] *** VALIDATE hugetlbfs ***
[    0.338130] AppArmor: AppArmor Filesystem Enabled
[    0.338158] pnp: PnP ACPI init
[    0.338229] pnp 00:00: Plug and Play ACPI device, IDs PNP0303 (active)
[    0.338300] pnp 00:01: Plug and Play ACPI device, IDs PNP0f03 (active)
[    0.339038] pnp: PnP ACPI: found 2 devices
[    0.340030] thermal_sys: Registered thermal governor 'fair_share'
[    0.340030] thermal_sys: Registered thermal governor 'bang_bang'
[    0.340031] thermal_sys: Registered thermal governor 'step_wise'
[    0.340032] thermal_sys: Registered thermal governor 'user_space'
[    0.340032] thermal_sys: Registered thermal governor 'power_allocator'
[    0.344566] clocksource: acpi_pm: mask: 0xffffff max_cycles: 0xffffff, max_idle_ns: 2085701024 ns
[    0.344606] pci_bus 0000:00: resource 4 [io  0x0000-0x0cf7 window]
[    0.344608] pci_bus 0000:00: resource 5 [io  0x0d00-0xffff window]
[    0.344609] pci_bus 0000:00: resource 6 [mem 0x000a0000-0x000bffff window]
[    0.344610] pci_bus 0000:00: resource 7 [mem 0x80000000-0xfdffffff window]
[    0.344668] NET: Registered protocol family 2
[    0.344742] IP idents hash table entries: 32768 (order: 6, 262144 bytes, linear)
[    0.345148] MPTCP tokens hash table entries: 8192 (order: 4, 65536 bytes, linear)
[    0.345167] MPTCP request tokens hash table entries: 8192 (order: 4, 65536 bytes, linear)
[    0.345192] default registered
[    0.345193] default registered
[    0.345193] MPTCP: Stable release v0.96
[    0.345198] tcp_listen_portaddr_hash hash table entries: 1024 (order: 2, 16384 bytes, linear)
[    0.345278] TCP established hash table entries: 16384 (order: 5, 131072 bytes, linear)
[    0.345343] TCP bind hash table entries: 16384 (order: 6, 262144 bytes, linear)
[    0.345369] TCP: Hash tables configured (established 16384 bind 16384)
[    0.346067] UDP hash table entries: 1024 (order: 3, 32768 bytes, linear)
[    0.346079] UDP-Lite hash table entries: 1024 (order: 3, 32768 bytes, linear)
[    0.346112] NET: Registered protocol family 1
[    0.346120] NET: Registered protocol family 44
[    0.346143] pci 0000:00:00.0: Limiting direct PCI/PCI transfers
[    0.346155] pci 0000:00:01.0: Activating ISA DMA hang workarounds
[    0.346211] pci 0000:00:02.0: Video device with shadowed ROM at [mem 0x000c0000-0x000dffff]
[    0.346274] PCI: CLS 0 bytes, default 64
[    0.346321] Trying to unpack rootfs image as initramfs...
[    0.519931] Freeing initrd memory: 47868K
[    0.519931] clocksource: tsc: mask: 0xffffffffffffffff max_cycles: 0x1e4530a99b6, max_idle_ns: 440795257976 ns
[    0.519931] clocksource: Switched to clocksource tsc
[    0.519931] platform rtc_cmos: registered platform RTC device (no PNP device found)
[    0.519931] check: Scanning for low memory corruption every 60 seconds
[    0.519931] Initialise system trusted keyrings
[    0.519931] Key type blacklist registered
[    0.519931] workingset: timestamp_bits=36 max_order=19 bucket_order=0
[    0.519931] zbud: loaded
[    0.519931] squashfs: version 4.0 (2009/01/31) Phillip Lougher
[    0.519931] fuse: init (API version 7.31)
[    0.519931] *** VALIDATE fuse ***
[    0.519931] *** VALIDATE fuse ***
[    0.519931] Platform Keyring initialized
[    0.519931] Key type asymmetric registered
[    0.519931] Asymmetric key parser 'x509' registered
[    0.519931] Block layer SCSI generic (bsg) driver version 0.4 loaded (major 244)
[    0.519931] io scheduler mq-deadline registered
[    0.519931] shpchp: Standard Hot Plug PCI Controller Driver version: 0.4
[    0.533710] ACPI: AC Adapter [AC] (on-line)
[    0.533756] input: Power Button as /devices/LNXSYSTM:00/LNXPWRBN:00/input/input0
[    0.533783] ACPI: Power Button [PWRF]
[    0.533868] input: Sleep Button as /devices/LNXSYSTM:00/LNXSLPBN:00/input/input1
[    0.533883] ACPI: Sleep Button [SLPF]
[    0.534105] Serial: 8250/16550 driver, 32 ports, IRQ sharing enabled
[    0.535264] Linux agpgart interface v0.103
[    0.631166] loop: module loaded
[    0.631305] ata_piix 0000:00:01.1: version 2.13
[    0.631705] scsi host0: ata_piix
[    0.631798] scsi host1: ata_piix
[    0.631825] ata1: PATA max UDMA/33 cmd 0x1f0 ctl 0x3f6 bmdma 0xd000 irq 14
[    0.631826] ata2: PATA max UDMA/33 cmd 0x170 ctl 0x376 bmdma 0xd008 irq 15
[    0.631904] tun: Universal TUN/TAP device driver, 1.6
[    0.632202] PPP generic driver version 2.4.2
[    0.632244] VFIO - User Level meta-driver version: 0.3
[    0.632478] ehci_hcd: USB 2.0 'Enhanced' Host Controller (EHCI) Driver
[    0.632482] ehci-pci: EHCI PCI platform driver
[    0.632495] ehci-platform: EHCI generic platform driver
[    0.632500] ohci_hcd: USB 1.1 'Open' Host Controller (OHCI) Driver
[    0.632502] ohci-pci: OHCI PCI platform driver
[    0.632509] ohci-platform: OHCI generic platform driver
[    0.632513] uhci_hcd: USB Universal Host Controller Interface driver
[    0.632576] i8042: PNP: PS/2 Controller [PNP0303:PS2K,PNP0f03:PS2M] at 0x60,0x64 irq 1,12
[    0.633012] serio: i8042 KBD port at 0x60,0x64 irq 1
[    0.633015] serio: i8042 AUX port at 0x60,0x64 irq 12
[    0.633101] mousedev: PS/2 mouse device common for all mice
[    0.633353] input: AT Translated Set 2 keyboard as /devices/platform/i8042/serio0/input/input2
[    0.633737] rtc_cmos rtc_cmos: registered as rtc0
[    0.633750] rtc_cmos rtc_cmos: alarms up to one day, 114 bytes nvram
[    0.633755] i2c /dev entries driver
[    0.633796] device-mapper: uevent: version 1.0.3
[    0.633838] device-mapper: ioctl: 4.41.0-ioctl (2019-09-16) initialised: dm-devel@redhat.com
[    0.633854] platform eisa.0: Probing EISA bus 0
[    0.633855] platform eisa.0: EISA: Cannot allocate resource for mainboard
[    0.633856] platform eisa.0: Cannot allocate resource for EISA slot 1
[    0.633857] platform eisa.0: Cannot allocate resource for EISA slot 2
[    0.633858] platform eisa.0: Cannot allocate resource for EISA slot 3
[    0.633859] platform eisa.0: Cannot allocate resource for EISA slot 4
[    0.633860] platform eisa.0: Cannot allocate resource for EISA slot 5
[    0.633861] platform eisa.0: Cannot allocate resource for EISA slot 6
[    0.633862] platform eisa.0: Cannot allocate resource for EISA slot 7
[    0.633863] platform eisa.0: Cannot allocate resource for EISA slot 8
[    0.633864] platform eisa.0: EISA: Detected 0 cards
[    0.633867] intel_pstate: CPU model not supported
[    0.633876] ledtrig-cpu: registered to indicate activity on CPUs
[    0.633928] drop_monitor: Initializing network drop monitor service
[    0.634086] NET: Registered protocol family 10
[    0.639162] Segment Routing with IPv6
[    0.639190] fullmesh registered
[    0.639191] ndiffports registered
[    0.639193] binder registered
[    0.639194] roundrobin registered
[    0.639195] redundant registered
[    0.639195] blest registered
[    0.639196] ecf registered
[    0.639197] NET: Registered protocol family 17
[    0.639227] Key type dns_resolver registered
[    0.639271] RAS: Correctable Errors collector initialized.
[    0.639271] IPI shorthand broadcast: enabled
[    0.639271] sched_clock: Marking stable (624136491, 11135050)->(641816398, -6544857)
[    0.639398] registered taskstats version 1
[    0.639407] Loading compiled-in X.509 certificates
[    0.639990] Loaded X.509 cert 'Build time autogenerated kernel key: 6909f3744cebb3d0de528d5887b96a727de79b1e'
[    0.640006] zswap: loaded using pool lzo/zbud
[    0.640058] Key type ._fscrypt registered
[    0.640058] Key type .fscrypt registered
[    0.644530] Key type big_key registered
[    0.646724] Key type encrypted registered
[    0.646727] AppArmor: AppArmor sha1 policy hashing enabled
[    0.646734] ima: No TPM chip found, activating TPM-bypass!
[    0.646739] ima: Allocated hash algorithm: sha1
[    0.646745] ima: No architecture policies found
[    0.646753] evm: Initialising EVM extended attributes:
[    0.646754] evm: security.selinux
[    0.646754] evm: security.SMACK64
[    0.646755] evm: security.SMACK64EXEC
[    0.646755] evm: security.SMACK64TRANSMUTE
[    0.646755] evm: security.SMACK64MMAP
[    0.646756] evm: security.apparmor
[    0.646756] evm: security.ima
[    0.646757] evm: security.capability
[    0.646758] evm: HMAC attrs: 0x1
[    0.647047] PM:   Magic number: 10:398:449
[    0.647163] rtc_cmos rtc_cmos: setting system clock to 2026-01-11T21:26:06 UTC (1768166766)
[    0.804297] ata1.00: ATA-6: VBOX HARDDISK, 1.0, max UDMA/133
[    0.804300] ata1.00: 209715200 sectors, multi 128: LBA 
[    0.804980] scsi 0:0:0:0: Direct-Access     ATA      VBOX HARDDISK    1.0  PQ: 0 ANSI: 5
[    0.805261] sd 0:0:0:0: [sda] 209715200 512-byte logical blocks: (107 GB/100 GiB)
[    0.805274] sd 0:0:0:0: [sda] Write Protect is off
[    0.805277] sd 0:0:0:0: [sda] Mode Sense: 00 3a 00 00
[    0.805297] sd 0:0:0:0: [sda] Write cache: enabled, read cache: enabled, doesn't support DPO or FUA
[    0.805526] sd 0:0:0:0: Attached scsi generic sg0 type 0
[    0.806367]  sda: sda1 sda2
[    0.815333] sd 0:0:0:0: [sda] Attached SCSI disk
[    0.818678] Freeing unused decrypted memory: 2040K
[    0.819651] Freeing unused kernel image memory: 2728K
[    0.819654] Write protecting the kernel read-only data: 22528k
[    0.820677] Freeing unused kernel image memory: 2036K
[    0.821260] Freeing unused kernel image memory: 1432K
[    0.848133] x86/mm: Checked W+X mappings: passed, no W+X pages found.
[    0.848137] Run /init as init process
[    0.955879] ACPI: Video Device [GFX0] (multi-head: yes  rom: no  post: no)
[    0.955953] input: Video Bus as /devices/LNXSYSTM:00/LNXSYBUS:00/PNP0A03:00/LNXVIDEO:00/input/input4
[    0.969313] pcnet32: pcnet32.c:v1.35 21.Apr.2008 tsbogend@alpha.franken.de
[    0.970838] piix4_smbus 0000:00:07.0: SMBus Host Controller at 0x4100, revision 0
[    0.974496] e1000: Intel(R) PRO/1000 Network Driver - version 7.3.21-k8-NAPI
[    0.974497] e1000: Copyright (c) 1999-2006 Intel Corporation.
[    0.986676] pcnet32: PCnet/FAST III 79C973 at 0xd020, 08:00:27:dc:c7:ba assigned IRQ 19
[    0.986719] pcnet32: Found PHY 0022:561b at address 0
[    0.987015] pcnet32: eth0: registered as PCnet/FAST III 79C973
[    0.987864] pcnet32: PCnet/FAST III 79C973 at 0xd060, 08:00:27:d4:09:0b assigned IRQ 16
[    0.988055] pcnet32: Found PHY 0022:561b at address 0
[    1.004457] pcnet32: eth1: registered as PCnet/FAST III 79C973
[    1.005939] pcnet32: 2 cards_found
[    1.052721] pcnet32 0000:00:03.0 enp0s3: renamed from eth0
[    1.053836] pcnet32 0000:00:08.0 enp0s8: renamed from eth1
[    1.185947] input: ImExPS/2 Generic Explorer Mouse as /devices/platform/i8042/serio1/input/input5
[    3.144951] e1000 0000:00:09.0 eth0: (PCI:33MHz:32-bit) 08:00:27:2d:91:0b
[    3.144962] e1000 0000:00:09.0 eth0: Intel(R) PRO/1000 Network Connection
[    3.148262] e1000 0000:00:09.0 enp0s9: renamed from eth0
[    4.245122] EXT4-fs (sda2): mounted filesystem with ordered data mode. Opts: (null)
[    4.328724] systemd[1]: Inserted module 'autofs4'
[    4.338428] systemd[1]: systemd 245.4-4ubuntu3 running in system mode. (+PAM +AUDIT +SELINUX +IMA +APPARMOR +SMACK +SYSVINIT +UTMP +LIBCRYPTSETUP +GCRYPT +GNUTLS +ACL +XZ +LZ4 +SECCOMP +BLKID +ELFUTILS +KMOD +IDN2 -IDN +PCRE2 default-hierarchy=hybrid)
[    4.338456] systemd[1]: Detected virtualization oracle.
[    4.338459] systemd[1]: Detected architecture x86-64.
[    4.339821] systemd[1]: Set hostname to <ztg>.
[    4.460284] systemd[1]: /lib/systemd/system/dbus.socket:5: ListenStream= references a path below legacy directory /var/run/, updating /var/run/dbus/system_bus_socket â†’ /run/dbus/system_bus_socket; please update the unit file accordingly.
[    4.512135] systemd[1]: Created slice system-modprobe.slice.
[    4.512313] systemd[1]: Created slice User and Session Slice.
[    4.512355] systemd[1]: Started Forward Password Requests to Wall Directory Watch.
[    4.512505] systemd[1]: Set up automount Arbitrary Executable File Formats File System Automount Point.
[    4.512537] systemd[1]: Reached target User and Group Name Lookups.
[    4.512547] systemd[1]: Reached target Remote File Systems.
[    4.512554] systemd[1]: Reached target Slices.
[    4.513385] systemd[1]: Listening on Syslog Socket.
[    4.513451] systemd[1]: Listening on fsck to fsckd communication Socket.
[    4.513488] systemd[1]: Listening on initctl Compatibility Named Pipe.
[    4.513632] systemd[1]: Listening on Journal Audit Socket.
[    4.513688] systemd[1]: Listening on Journal Socket (/dev/log).
[    4.513755] systemd[1]: Listening on Journal Socket.
[    4.513816] systemd[1]: Listening on udev Control Socket.
[    4.513855] systemd[1]: Listening on udev Kernel Socket.
[    4.514540] systemd[1]: Mounting Huge Pages File System...
[    4.515472] systemd[1]: Mounting POSIX Message Queue File System...
[    4.516299] systemd[1]: Mounting Kernel Debug File System...
[    4.517095] systemd[1]: Mounting Kernel Trace File System...
[    4.518931] systemd[1]: Starting Journal Service...
[    4.542014] systemd[1]: Starting Set the console keyboard layout...
[    4.550142] systemd[1]: Starting Create list of static device nodes for the current kernel...
[    4.551934] systemd[1]: Starting Load Kernel Module drm...
[    4.552924] systemd[1]: Condition check resulted in Set Up Additional Binary Formats being skipped.
[    4.552977] systemd[1]: Condition check resulted in File System Check on Root Device being skipped.
[    4.565186] systemd[1]: Starting Load Kernel Modules...
[    4.576018] systemd[1]: Starting Remount Root and Kernel File Systems...
[    4.581529] systemd[1]: Starting udev Coldplug all Devices...
[    4.592000] systemd[1]: Starting Uncomplicated firewall...
[    4.593125] systemd[1]: Mounted Huge Pages File System.
[    4.593203] systemd[1]: Mounted POSIX Message Queue File System.
[    4.593270] systemd[1]: Mounted Kernel Debug File System.
[    4.593332] systemd[1]: Mounted Kernel Trace File System.
[    4.598953] EXT4-fs (sda2): re-mounted. Opts: errors=remount-ro
[    4.619019] systemd[1]: Finished Create list of static device nodes for the current kernel.
[    4.619991] systemd[1]: modprobe@drm.service: Succeeded.
[    4.621455] systemd[1]: Finished Load Kernel Module drm.
[    4.627355] systemd[1]: Finished Remount Root and Kernel File Systems.
[    4.628522] systemd[1]: Finished Uncomplicated firewall.
[    4.661068] lp: driver loaded but no devices found
[    4.662284] systemd[1]: Condition check resulted in Rebuild Hardware Database being skipped.
[    4.662322] systemd[1]: Condition check resulted in Platform Persistent Storage Archival being skipped.
[    4.662969] systemd[1]: Starting Load/Save Random Seed...
[    4.668290] systemd[1]: Starting Create System Users...
[    4.676537] ppdev: user-space parallel port driver
[    4.681147] systemd[1]: Finished Load/Save Random Seed.
[    4.683123] systemd[1]: Finished Create System Users.
[    4.684046] systemd[1]: Starting Create Static Device Nodes in /dev...
[    4.720841] systemd[1]: Finished udev Coldplug all Devices.
[    4.741752] systemd[1]: Finished Create Static Device Nodes in /dev.
[    4.742510] systemd[1]: Starting udev Kernel Device Manager...
[    4.761875] [drm] DMA map mode: Caching DMA mappings.
[    4.761946] [drm] Capabilities:
[    4.761946] [drm]   Rect copy.
[    4.761946] [drm]   Cursor.
[    4.761947] [drm]   Cursor bypass.
[    4.761947] [drm]   Cursor bypass 2.
[    4.761947] [drm]   Alpha cursor.
[    4.761948] [drm]   Extended Fifo.
[    4.761948] [drm]   Pitchlock.
[    4.761948] [drm]   Irq mask.
[    4.761949] [drm]   GMR.
[    4.761949] [drm]   Traces.
[    4.761949] [drm]   GMR2.
[    4.761950] [drm]   Screen Object 2.
[    4.761950] [drm]   Command Buffers.
[    4.761950] [drm]   Command Buffers 2.
[    4.761951] [drm]   Guest Backed Resources.
[    4.761952] [drm] Max GMR ids is 8192
[    4.761952] [drm] Max number of GMR pages is 1048576
[    4.761953] [drm] Max dedicated hypervisor surface memory is 393216 kiB
[    4.761953] [drm] Maximum display memory size is 131072 kiB
[    4.761954] [drm] VRAM at 0xe0000000 size is 131072 kiB
[    4.761954] [drm] MMIO at 0xf0000000 size is 2048 kiB
[    4.762860] [TTM] Zone  kernel: Available graphics memory: 1011738 KiB
[    4.762861] [TTM] Initializing pool allocator
[    4.762865] [TTM] Initializing DMA pool allocator
[    4.762903] [drm] Supports vblank timestamp caching Rev 2 (21.10.2013).
[    4.762927] [drm] No driver support for vblank timestamp query.
[    4.763919] [drm] Screen Target Display device initialized
[    4.764132] [drm] width 720
[    4.764140] [drm] height 400
[    4.764144] [drm] bpp 32
[    4.764656] [drm] Fifo max 0x00200000 min 0x00001000 cap 0x00000355
[    4.765696] [drm] Using command buffers with DMA pool.
[    4.765699] [drm] DX: no.
[    4.765699] [drm] Atomic: yes.
[    4.765700] [drm] SM4_1: no.
[    4.765718] [drm:vmw_host_log [vmwgfx]] *ERROR* Failed to send host log message.
[    4.766617] [drm:vmw_host_log [vmwgfx]] *ERROR* Failed to send host log message.
[    4.787225] fbcon: svgadrmfb (fb0) is primary device
[    4.789356] Console: switching to colour frame buffer device 100x37
[    4.800805] [drm] Initialized vmwgfx 2.15.0 20180704 for 0000:00:02.0 on minor 0
[    4.802133] systemd[1]: Finished Load Kernel Modules.
[    4.803035] systemd[1]: Mounting FUSE Control File System...
[    4.804241] systemd[1]: Mounting Kernel Configuration File System...
[    4.829413] systemd[1]: Starting Apply Kernel Variables...
[    4.838170] systemd[1]: Finished Set the console keyboard layout.
[    4.838874] systemd[1]: Mounted FUSE Control File System.
[    4.838942] systemd[1]: Reached target Local File Systems (Pre).
[    4.838966] systemd[1]: Condition check resulted in VMware vmblock fuse mount being skipped.
[    4.853828] systemd[1]: Mounting Mount unit for bare, revision 5...
[    4.855704] systemd[1]: Mounting Mount unit for core18, revision 1705...
[    4.864446] systemd[1]: Mounting Mount unit for gnome-3-34-1804, revision 24...
[    4.883756] systemd[1]: Mounting Mount unit for gtk-common-themes, revision 1506...
[    4.894214] systemd[1]: Mounting Mount unit for gtk-common-themes, revision 1535...
[    4.902524] systemd[1]: Mounting Mount unit for snap-store, revision 433...
[    4.908163] systemd[1]: Mounting Mount unit for snapd, revision 25935...
[    4.909334] systemd[1]: Mounted Kernel Configuration File System.
[    4.924452] systemd[1]: Finished Apply Kernel Variables.
[    4.925359] systemd[1]: Started udev Kernel Device Manager.
[    4.926848] systemd[1]: Starting Show Plymouth Boot Screen...
[    4.930544] systemd[1]: Received SIGRTMIN+20 from PID 273 (plymouthd).
[    4.961043] systemd[1]: Mounted Mount unit for bare, revision 5.
[    4.964392] systemd[1]: Started Show Plymouth Boot Screen.
[    4.964571] systemd[1]: Condition check resulted in Dispatch Password Requests to Console Directory Watch being skipped.
[    4.964663] systemd[1]: Started Forward Password Requests to Plymouth Directory Watch.
[    4.964728] systemd[1]: Reached target Local Encrypted Volumes.
[    4.991386] systemd[1]: Mounted Mount unit for core18, revision 1705.
[    4.991521] systemd[1]: Mounted Mount unit for gnome-3-34-1804, revision 24.
[    4.991644] systemd[1]: Mounted Mount unit for gtk-common-themes, revision 1506.
[    5.016884] systemd[1]: Mounted Mount unit for gtk-common-themes, revision 1535.
[    5.017018] systemd[1]: Mounted Mount unit for snapd, revision 25935.
[    5.046519] systemd[1]: Mounted Mount unit for snap-store, revision 433.
[    5.046704] systemd[1]: Reached target Local File Systems.
[    5.047498] systemd[1]: Starting Load AppArmor profiles...
[    5.049663] systemd[1]: Starting Set console font and keymap...
[    5.059972] systemd[1]: Starting Tell Plymouth To Write Out Runtime Data...
[    5.063913] systemd[1]: Condition check resulted in Store a System Token in an EFI Variable being skipped.
[    5.063971] systemd[1]: Condition check resulted in Commit a transient machine-id on disk being skipped.
[    5.078724] systemd[1]: Finished Set console font and keymap.
[    5.079711] systemd[1]: plymouth-read-write.service: Succeeded.
[    5.081932] systemd[1]: Finished Tell Plymouth To Write Out Runtime Data.
[    5.082109] systemd[1]: Received SIGRTMIN+20 from PID 273 (plymouthd).
[    5.108377] audit: type=1400 audit(1768166770.960:2): apparmor="STATUS" operation="profile_load" profile="unconfined" name="nvidia_modprobe" pid=300 comm="apparmor_parser"
[    5.108379] audit: type=1400 audit(1768166770.960:3): apparmor="STATUS" operation="profile_load" profile="unconfined" name="nvidia_modprobe//kmod" pid=300 comm="apparmor_parser"
[    5.114784] audit: type=1400 audit(1768166770.964:4): apparmor="STATUS" operation="profile_load" profile="unconfined" name="/usr/sbin/tcpdump" pid=301 comm="apparmor_parser"
[    5.165074] audit: type=1400 audit(1768166771.008:5): apparmor="STATUS" operation="profile_load" profile="unconfined" name="/usr/bin/evince" pid=303 comm="apparmor_parser"
[    5.165077] audit: type=1400 audit(1768166771.008:6): apparmor="STATUS" operation="profile_load" profile="unconfined" name="/usr/bin/evince//sanitized_helper" pid=303 comm="apparmor_parser"
[    5.165079] audit: type=1400 audit(1768166771.008:7): apparmor="STATUS" operation="profile_load" profile="unconfined" name="/usr/bin/evince-previewer" pid=303 comm="apparmor_parser"
[    5.165081] audit: type=1400 audit(1768166771.008:8): apparmor="STATUS" operation="profile_load" profile="unconfined" name="/usr/bin/evince-previewer//sanitized_helper" pid=303 comm="apparmor_parser"
[    5.165082] audit: type=1400 audit(1768166771.008:9): apparmor="STATUS" operation="profile_load" profile="unconfined" name="/usr/bin/evince-thumbnailer" pid=303 comm="apparmor_parser"
[    5.196773] audit: type=1400 audit(1768166771.044:10): apparmor="STATUS" operation="profile_load" profile="unconfined" name="/usr/lib/cups/backend/cups-pdf" pid=304 comm="apparmor_parser"
[    5.259878] systemd[1]: Finished Load AppArmor profiles.
[    5.260799] systemd[1]: Starting Load AppArmor profiles managed internally by snapd...
[    5.307238] kauditd_printk_skb: 24 callbacks suppressed
[    5.307239] audit: type=1400 audit(1768166771.156:35): apparmor="STATUS" operation="profile_load" profile="unconfined" name="/snap/snapd/25935/usr/lib/snapd/snap-confine" pid=323 comm="apparmor_parser"
[    5.307241] audit: type=1400 audit(1768166771.156:36): apparmor="STATUS" operation="profile_load" profile="unconfined" name="/snap/snapd/25935/usr/lib/snapd/snap-confine//mount-namespace-capture-helper" pid=323 comm="apparmor_parser"
[    5.316327] audit: type=1400 audit(1768166771.164:37): apparmor="STATUS" operation="profile_load" profile="unconfined" name="snap.snap-store.snap-store" pid=324 comm="apparmor_parser"
[    5.343518] audit: type=1400 audit(1768166771.192:38): apparmor="STATUS" operation="profile_load" profile="unconfined" name="snap.snap-store.ubuntu-software" pid=325 comm="apparmor_parser"
[    5.351625] audit: type=1400 audit(1768166771.200:39): apparmor="STATUS" operation="profile_load" profile="unconfined" name="snap.snap-store.ubuntu-software-local-file" pid=326 comm="apparmor_parser"
[    5.364981] audit: type=1400 audit(1768166771.216:40): apparmor="STATUS" operation="profile_load" profile="unconfined" name="snap-update-ns.snap-store" pid=327 comm="apparmor_parser"
[    5.382845] systemd[1]: Finished Load AppArmor profiles managed internally by snapd.
[    5.496185] systemd[1]: Started Journal Service.
[    5.505986] systemd-journald[229]: Received client request to flush runtime journal.
[    5.508788] systemd-journald[229]: File /var/log/journal/c455b248004a419c87ce85eea238d727/system.journal corrupted or uncleanly shut down, renaming and replacing.
[    6.723807] RAPL PMU: API unit is 2^-32 Joules, 0 fixed counters, 10737418240 ms ovfl timer
[    6.747658] cryptd: max_cpu_qlen set to 1000
[    6.808715] AVX2 version of gcm_enc/dec engaged.
[    6.808717] AES CTR mode by8 optimization enabled
[    9.522894] Adding 1998844k swap on /dev/sda1.  Priority:-2 extents:1 across:1998844k FS
[   10.411245] audit: type=1400 audit(1768166776.260:41): apparmor="DENIED" operation="capable" profile="/usr/sbin/cups-browsed" pid=510 comm="cups-browsed" capability=23  capname="sys_nice"
[   11.926419] pcnet32 0000:00:03.0 enp0s3: link up, 100Mbps, full-duplex
[   11.944767] pcnet32 0000:00:08.0 enp0s8: link up, 100Mbps, full-duplex
[   11.983307] e1000: enp0s9 NIC Link is Up 1000 Mbps Full Duplex, Flow Control: RX
[   11.983626] IPv6: ADDRCONF(NETDEV_CHANGE): enp0s9: link becomes ready
[   12.526604] device enp0s3 entered promiscuous mode
[   12.564999] device enp0s8 entered promiscuous mode
[   12.579358] audit: type=1400 audit(1768166778.424:42): apparmor="DENIED" operation="open" profile="/usr/sbin/tcpdump" name="/proc/sys/kernel/random/boot_id" pid=623 comm="tcpdump" requested_mask="r" denied_mask="r" fsuid=0 ouid=0
[   12.579539] audit: type=1400 audit(1768166778.424:43): apparmor="DENIED" operation="open" profile="/usr/sbin/tcpdump" name="/proc/sys/kernel/random/boot_id" pid=623 comm="tcpdump" requested_mask="r" denied_mask="r" fsuid=0 ouid=0
[   12.579617] audit: type=1400 audit(1768166778.424:44): apparmor="DENIED" operation="open" profile="/usr/sbin/tcpdump" name="/proc/sys/kernel/random/boot_id" pid=623 comm="tcpdump" requested_mask="r" denied_mask="r" fsuid=0 ouid=0
[   12.579707] audit: type=1400 audit(1768166778.424:45): apparmor="DENIED" operation="open" profile="/usr/sbin/tcpdump" name="/proc/sys/kernel/random/boot_id" pid=623 comm="tcpdump" requested_mask="r" denied_mask="r" fsuid=0 ouid=0
[   12.588049] audit: type=1400 audit(1768166778.424:46): apparmor="DENIED" operation="open" profile="/usr/sbin/tcpdump" name="/proc/sys/kernel/random/boot_id" pid=624 comm="tcpdump" requested_mask="r" denied_mask="r" fsuid=0 ouid=0
[   12.588410] audit: type=1400 audit(1768166778.424:47): apparmor="DENIED" operation="open" profile="/usr/sbin/tcpdump" name="/proc/sys/kernel/random/boot_id" pid=624 comm="tcpdump" requested_mask="r" denied_mask="r" fsuid=0 ouid=0
[   12.588451] audit: type=1400 audit(1768166778.424:48): apparmor="DENIED" operation="open" profile="/usr/sbin/tcpdump" name="/proc/sys/kernel/random/boot_id" pid=624 comm="tcpdump" requested_mask="r" denied_mask="r" fsuid=0 ouid=0
[   12.588468] audit: type=1400 audit(1768166778.424:49): apparmor="DENIED" operation="open" profile="/usr/sbin/tcpdump" name="/proc/sys/kernel/random/boot_id" pid=624 comm="tcpdump" requested_mask="r" denied_mask="r" fsuid=0 ouid=0
[   12.591604] audit: type=1400 audit(1768166778.424:50): apparmor="DENIED" operation="open" profile="/usr/sbin/tcpdump" name="/proc/sys/kernel/random/boot_id" pid=625 comm="tcpdump" requested_mask="r" denied_mask="r" fsuid=0 ouid=0
[   18.765793] rfkill: input handler disabled
[  237.515876] AAAAA-TCP_FORW: name:enp0s8: saddr:100932208: daddr:16783984
[  237.517675] AAAAA-TCP_FORW: name:enp0s3: saddr:16783984: daddr:100932208
[  238.566243] AAAAA-TCP_FORW: name:enp0s3: saddr:16783984: daddr:100932208
[  239.299155] AAAAA-TCP_FORW: name:enp0s8: saddr:100932208: daddr:16783984
[  239.300360] AAAAA-TCP_FORW: name:enp0s3: saddr:16783984: daddr:100932208
[  243.373636] AAAAA-TCP_FORW: name:enp0s8: saddr:100932208: daddr:16783984
[  243.374793] AAAAA-TCP_FORW: name:enp0s3: saddr:16783984: daddr:100932208
[  243.655148] AAAAA-TCP_FORW: name:enp0s8: saddr:100932208: daddr:16783984
[  243.656174] AAAAA-TCP_FORW: name:enp0s3: saddr:16783984: daddr:100932208
[  243.698863] AAAAA-TCP_FORW: name:enp0s8: saddr:100932208: daddr:16783984
[  243.699832] AAAAA-TCP_FORW: name:enp0s3: saddr:16783984: daddr:100932208
[  243.700186] AAAAA-TCP_FORW: name:enp0s3: saddr:16783984: daddr:100932208
[  244.085960] AAAAA-TCP_FORW: name:enp0s8: saddr:100932208: daddr:33561200
[  244.086824] AAAAA-TCP_FORW: name:enp0s3: saddr:33561200: daddr:100932208
[  244.141746] AAAAA-TCP_FORW: name:enp0s8: saddr:100932208: daddr:16783984
[  244.192793] AAAAA-TCP_FORW: name:enp0s8: saddr:100932208: daddr:16783984
[  244.194007] AAAAA-TCP_FORW: name:enp0s3: saddr:16783984: daddr:100932208
[  244.469943] AAAAA-TCP_FORW: name:enp0s8: saddr:100932208: daddr:33561200
[  244.471276] AAAAA-TCP_FORW: name:enp0s3: saddr:33561200: daddr:100932208
[  244.531692] AAAAA-TCP_FORW: name:enp0s8: saddr:100932208: daddr:16783984
[  244.532861] AAAAA-TCP_FORW: name:enp0s3: saddr:16783984: daddr:100932208
[  244.533327] AAAAA-TCP_FORW: name:enp0s3: saddr:16783984: daddr:100932208
[  244.805297] AAAAA-TCP_FORW: name:enp0s8: saddr:100932208: daddr:16783984
[  244.844399] AAAAA-TCP_FORW: name:enp0s8: saddr:100932208: daddr:16783984
[  244.845516] AAAAA-TCP_FORW: name:enp0s3: saddr:16783984: daddr:100932208
[  244.931643] AAAAA-TCP_FORW: name:enp0s8: saddr:100932208: daddr:16783984
[  244.932873] AAAAA-TCP_FORW: name:enp0s3: saddr:16783984: daddr:100932208
[  244.995136] AAAAA-TCP_FORW: name:enp0s8: saddr:100932208: daddr:16783984
[  244.996078] AAAAA-TCP_FORW: name:enp0s3: saddr:16783984: daddr:100932208
[  244.997431] AAAAA-TCP_FORW: name:enp0s3: saddr:16783984: daddr:100932208
[  245.250228] AAAAA-TCP_FORW: name:enp0s8: saddr:100932208: daddr:33561200
[  245.251171] AAAAA-TCP_FORW: name:enp0s3: saddr:33561200: daddr:100932208
[  245.406348] AAAAA-TCP_FORW: name:enp0s8: saddr:100932208: daddr:16783984
[  245.407219] AAAAA-TCP_FORW: name:enp0s3: saddr:16783984: daddr:100932208
[  245.637605] AAAAA-TCP_FORW: name:enp0s8: saddr:100932208: daddr:33561200
[  245.638613] AAAAA-TCP_FORW: name:enp0s3: saddr:33561200: daddr:100932208
[  245.719545] AAAAA-TCP_FORW: name:enp0s8: saddr:100932208: daddr:16783984
[  245.853581] AAAAA-TCP_FORW: name:enp0s8: saddr:100932208: daddr:16783984
[  245.854570] AAAAA-TCP_FORW: name:enp0s3: saddr:16783984: daddr:100932208
[  245.927193] AAAAA-TCP_FORW: name:enp0s8: saddr:100932208: daddr:16783984
[  245.928088] AAAAA-TCP_FORW: name:enp0s3: saddr:16783984: daddr:100932208
[  245.977981] AAAAA-TCP_FORW: name:enp0s8: saddr:100932208: daddr:16783984
[  245.978988] AAAAA-TCP_FORW: name:enp0s3: saddr:16783984: daddr:100932208
[  246.143876] AAAAA-TCP_FORW: name:enp0s8: saddr:100932208: daddr:16783984
[  246.145135] AAAAA-TCP_FORW: name:enp0s3: saddr:16783984: daddr:100932208
[  246.315759] AAAAA-TCP_FORW: name:enp0s8: saddr:100932208: daddr:16783984
[  246.316717] AAAAA-TCP_FORW: name:enp0s3: saddr:16783984: daddr:100932208
[  246.502282] AAAAA-TCP_FORW: name:enp0s8: saddr:100932208: daddr:16783984
[  246.503679] AAAAA-TCP_FORW: name:enp0s3: saddr:16783984: daddr:100932208
[  246.691328] AAAAA-TCP_FORW: name:enp0s8: saddr:100932208: daddr:16783984
[  246.692492] AAAAA-TCP_FORW: name:enp0s3: saddr:16783984: daddr:100932208
[  246.844385] AAAAA-TCP_FORW: name:enp0s8: saddr:100932208: daddr:16783984
[  246.845176] AAAAA-TCP_FORW: name:enp0s3: saddr:16783984: daddr:100932208
[  246.879974] AAAAA-TCP_FORW: name:enp0s8: saddr:100932208: daddr:16783984
[  246.880720] AAAAA-TCP_FORW: name:enp0s3: saddr:16783984: daddr:100932208
[  247.001696] AAAAA-TCP_FORW: name:enp0s8: saddr:100932208: daddr:16783984
[  247.002495] AAAAA-TCP_FORW: name:enp0s3: saddr:16783984: daddr:100932208
[  247.072398] AAAAA-TCP_FORW: name:enp0s8: saddr:100932208: daddr:16783984
[  247.073158] AAAAA-TCP_FORW: name:enp0s3: saddr:16783984: daddr:100932208
[  247.331027] AAAAA-TCP_FORW: name:enp0s8: saddr:100932208: daddr:16783984
[  247.332240] AAAAA-TCP_FORW: name:enp0s3: saddr:16783984: daddr:100932208
[  247.378050] AAAAA-TCP_FORW: name:enp0s8: saddr:100932208: daddr:33561200
[  247.378796] AAAAA-TCP_FORW: name:enp0s3: saddr:33561200: daddr:100932208
[  247.493281] AAAAA-TCP_FORW: name:enp0s8: saddr:100932208: daddr:33561200
[  247.494480] AAAAA-TCP_FORW: name:enp0s3: saddr:33561200: daddr:100932208
[  247.524519] AAAAA-TCP_FORW: name:enp0s8: saddr:100932208: daddr:33561200
[  247.525283] AAAAA-TCP_FORW: name:enp0s3: saddr:33561200: daddr:100932208
[  247.598866] AAAAA-TCP_FORW: name:enp0s8: saddr:100932208: daddr:33561200
[  247.600019] AAAAA-TCP_FORW: name:enp0s3: saddr:33561200: daddr:100932208
[  247.713410] AAAAA-TCP_FORW: name:enp0s8: saddr:100932208: daddr:33561200
[  247.714169] AAAAA-TCP_FORW: name:enp0s3: saddr:33561200: daddr:100932208
[  247.841633] AAAAA-TCP_FORW: name:enp0s8: saddr:100932208: daddr:33561200
[  247.842867] AAAAA-TCP_FORW: name:enp0s3: saddr:33561200: daddr:100932208
[  247.954246] AAAAA-TCP_FORW: name:enp0s8: saddr:100932208: daddr:33561200
[  247.955415] AAAAA-TCP_FORW: name:enp0s3: saddr:33561200: daddr:100932208
[  248.050487] AAAAA-TCP_FORW: name:enp0s8: saddr:100932208: daddr:33561200
[  248.051629] AAAAA-TCP_FORW: name:enp0s3: saddr:33561200: daddr:100932208
[  248.140646] AAAAA-TCP_FORW: name:enp0s8: saddr:100932208: daddr:33561200
[  248.141794] AAAAA-TCP_FORW: name:enp0s3: saddr:33561200: daddr:100932208
[  248.292919] AAAAA-TCP_FORW: name:enp0s8: saddr:100932208: daddr:33561200
[  248.293654] AAAAA-TCP_FORW: name:enp0s3: saddr:33561200: daddr:100932208
[  248.444678] AAAAA-TCP_FORW: name:enp0s8: saddr:100932208: daddr:16783984
[  248.445869] AAAAA-TCP_FORW: name:enp0s3: saddr:16783984: daddr:100932208
[  248.492732] AAAAA-TCP_FORW: name:enp0s8: saddr:100932208: daddr:16783984
[  248.493887] AAAAA-TCP_FORW: name:enp0s3: saddr:16783984: daddr:100932208
[  248.557501] AAAAA-TCP_FORW: name:enp0s8: saddr:100932208: daddr:16783984
[  248.558575] AAAAA-TCP_FORW: name:enp0s3: saddr:16783984: daddr:100932208
[  248.846292] AAAAA-TCP_FORW: name:enp0s8: saddr:100932208: daddr:33561200
[  248.847838] AAAAA-TCP_FORW: name:enp0s3: saddr:33561200: daddr:100932208
[  248.941239] AAAAA-TCP_FORW: name:enp0s8: saddr:100932208: daddr:16783984
[  248.941968] AAAAA-TCP_FORW: name:enp0s3: saddr:16783984: daddr:100932208
[  248.983988] AAAAA-TCP_FORW: name:enp0s8: saddr:100932208: daddr:16783984
[  248.985076] AAAAA-TCP_FORW: name:enp0s3: saddr:16783984: daddr:100932208
[  249.044707] AAAAA-TCP_FORW: name:enp0s8: saddr:100932208: daddr:16783984
[  249.045455] AAAAA-TCP_FORW: name:enp0s3: saddr:16783984: daddr:100932208
[  249.080229] AAAAA-TCP_FORW: name:enp0s8: saddr:100932208: daddr:16783984
[  249.080961] AAAAA-TCP_FORW: name:enp0s3: saddr:16783984: daddr:100932208
[  249.247726] AAAAA-TCP_FORW: name:enp0s8: saddr:100932208: daddr:16783984
[  249.248835] AAAAA-TCP_FORW: name:enp0s3: saddr:16783984: daddr:100932208
[  249.480689] AAAAA-TCP_FORW: name:enp0s8: saddr:100932208: daddr:16783984
[  249.481689] AAAAA-TCP_FORW: name:enp0s3: saddr:16783984: daddr:100932208
[  249.555419] AAAAA-TCP_FORW: name:enp0s8: saddr:100932208: daddr:16783984
[  249.556618] AAAAA-TCP_FORW: name:enp0s3: saddr:16783984: daddr:100932208
[  249.584177] AAAAA-TCP_FORW: name:enp0s8: saddr:100932208: daddr:16783984
[  249.584895] AAAAA-TCP_FORW: name:enp0s3: saddr:16783984: daddr:100932208
[  249.649137] AAAAA-TCP_FORW: name:enp0s8: saddr:100932208: daddr:33561200
[  249.649865] AAAAA-TCP_FORW: name:enp0s3: saddr:33561200: daddr:100932208
[  249.773128] AAAAA-TCP_FORW: name:enp0s8: saddr:100932208: daddr:16783984
[  249.773861] AAAAA-TCP_FORW: name:enp0s3: saddr:16783984: daddr:100932208
[  249.838702] AAAAA-TCP_FORW: name:enp0s8: saddr:100932208: daddr:16783984
[  249.839411] AAAAA-TCP_FORW: name:enp0s3: saddr:16783984: daddr:100932208
[  250.070168] AAAAA-TCP_FORW: name:enp0s8: saddr:100932208: daddr:16783984
[  250.071440] AAAAA-TCP_FORW: name:enp0s3: saddr:16783984: daddr:100932208
[  250.130141] AAAAA-TCP_FORW: name:enp0s8: saddr:100932208: daddr:16783984
[  250.131609] AAAAA-TCP_FORW: name:enp0s3: saddr:16783984: daddr:100932208
[  250.211389] AAAAA-TCP_FORW: name:enp0s8: saddr:100932208: daddr:16783984
[  250.212724] AAAAA-TCP_FORW: name:enp0s3: saddr:16783984: daddr:100932208
[  250.407139] AAAAA-TCP_FORW: name:enp0s8: saddr:100932208: daddr:16783984
[  250.408441] AAAAA-TCP_FORW: name:enp0s3: saddr:16783984: daddr:100932208
[  250.689504] AAAAA-TCP_FORW: name:enp0s8: saddr:100932208: daddr:16783984
[  250.690681] AAAAA-TCP_FORW: name:enp0s3: saddr:16783984: daddr:100932208
[  250.764417] AAAAA-TCP_FORW: name:enp0s8: saddr:100932208: daddr:16783984
[  250.765627] AAAAA-TCP_FORW: name:enp0s3: saddr:16783984: daddr:100932208
[  250.985359] AAAAA-TCP_FORW: name:enp0s8: saddr:100932208: daddr:33561200
[  250.986507] AAAAA-TCP_FORW: name:enp0s3: saddr:33561200: daddr:100932208
[  251.154530] AAAAA-TCP_FORW: name:enp0s8: saddr:100932208: daddr:33561200
[  251.155693] AAAAA-TCP_FORW: name:enp0s3: saddr:33561200: daddr:100932208
[  251.184833] AAAAA-TCP_FORW: name:enp0s8: saddr:100932208: daddr:33561200
[  251.185561] AAAAA-TCP_FORW: name:enp0s3: saddr:33561200: daddr:100932208
[  251.231460] AAAAA-TCP_FORW: name:enp0s8: saddr:100932208: daddr:33561200
[  251.232188] AAAAA-TCP_FORW: name:enp0s3: saddr:33561200: daddr:100932208
[  251.289300] AAAAA-TCP_FORW: name:enp0s8: saddr:100932208: daddr:33561200
[  251.290102] AAAAA-TCP_FORW: name:enp0s3: saddr:33561200: daddr:100932208
[  251.321117] AAAAA-TCP_FORW: name:enp0s8: saddr:100932208: daddr:33561200
[  251.322635] AAAAA-TCP_FORW: name:enp0s3: saddr:33561200: daddr:100932208
[  251.459854] AAAAA-TCP_FORW: name:enp0s8: saddr:100932208: daddr:33561200
[  251.461213] AAAAA-TCP_FORW: name:enp0s3: saddr:33561200: daddr:100932208
[  251.569290] AAAAA-TCP_FORW: name:enp0s8: saddr:100932208: daddr:33561200
[  251.570558] AAAAA-TCP_FORW: name:enp0s3: saddr:33561200: daddr:100932208
[  251.604781] AAAAA-TCP_FORW: name:enp0s8: saddr:100932208: daddr:33561200
[  251.605920] AAAAA-TCP_FORW: name:enp0s3: saddr:33561200: daddr:100932208
[  251.663482] AAAAA-TCP_FORW: name:enp0s8: saddr:100932208: daddr:33561200
[  251.664653] AAAAA-TCP_FORW: name:enp0s3: saddr:33561200: daddr:100932208
[  251.829346] AAAAA-TCP_FORW: name:enp0s8: saddr:100932208: daddr:33561200
[  251.830528] AAAAA-TCP_FORW: name:enp0s3: saddr:33561200: daddr:100932208
[  251.909050] AAAAA-TCP_FORW: name:enp0s8: saddr:100932208: daddr:33561200
[  251.909751] AAAAA-TCP_FORW: name:enp0s3: saddr:33561200: daddr:100932208
[  252.147342] AAAAA-TCP_FORW: name:enp0s8: saddr:100932208: daddr:33561200
[  252.148177] AAAAA-TCP_FORW: name:enp0s3: saddr:33561200: daddr:100932208
[  252.189571] AAAAA-TCP_FORW: name:enp0s8: saddr:100932208: daddr:33561200
[  252.190316] AAAAA-TCP_FORW: name:enp0s3: saddr:33561200: daddr:100932208
[  252.253647] AAAAA-TCP_FORW: name:enp0s8: saddr:100932208: daddr:33561200
[  252.254714] AAAAA-TCP_FORW: name:enp0s3: saddr:33561200: daddr:100932208
[  252.379848] AAAAA-TCP_FORW: name:enp0s8: saddr:100932208: daddr:33561200
[  252.380992] AAAAA-TCP_FORW: name:enp0s3: saddr:33561200: daddr:100932208
[  252.571481] AAAAA-TCP_FORW: name:enp0s8: saddr:100932208: daddr:33561200
[  252.616413] AAAAA-TCP_FORW: name:enp0s3: saddr:33561200: daddr:100932208
[  252.641057] AAAAA-TCP_FORW: name:enp0s8: saddr:100932208: daddr:33561200
[  252.752342] AAAAA-TCP_FORW: name:enp0s3: saddr:33561200: daddr:100932208
[  252.844559] AAAAA-TCP_FORW: name:enp0s8: saddr:100932208: daddr:16783984
[  252.845697] AAAAA-TCP_FORW: name:enp0s3: saddr:16783984: daddr:100932208
[  252.932461] AAAAA-TCP_FORW: name:enp0s8: saddr:100932208: daddr:16783984
[  252.933535] AAAAA-TCP_FORW: name:enp0s3: saddr:16783984: daddr:100932208
[  253.014080] AAAAA-TCP_FORW: name:enp0s8: saddr:100932208: daddr:16783984
[  253.015398] AAAAA-TCP_FORW: name:enp0s3: saddr:16783984: daddr:100932208
[  253.044257] AAAAA-TCP_FORW: name:enp0s8: saddr:100932208: daddr:16783984
[  253.045419] AAAAA-TCP_FORW: name:enp0s3: saddr:16783984: daddr:100932208
[  253.081335] AAAAA-TCP_FORW: name:enp0s8: saddr:100932208: daddr:16783984
[  253.082386] AAAAA-TCP_FORW: name:enp0s3: saddr:16783984: daddr:100932208
[  253.149662] AAAAA-TCP_FORW: name:enp0s8: saddr:100932208: daddr:16783984
[  253.150820] AAAAA-TCP_FORW: name:enp0s3: saddr:16783984: daddr:100932208
[  253.278909] AAAAA-TCP_FORW: name:enp0s8: saddr:100932208: daddr:16783984
[  253.280173] AAAAA-TCP_FORW: name:enp0s3: saddr:16783984: daddr:100932208
[  253.421660] AAAAA-TCP_FORW: name:enp0s8: saddr:100932208: daddr:16783984
[  253.422820] AAAAA-TCP_FORW: name:enp0s3: saddr:16783984: daddr:100932208
[  253.504332] AAAAA-TCP_FORW: name:enp0s8: saddr:100932208: daddr:16783984
[  253.505522] AAAAA-TCP_FORW: name:enp0s3: saddr:16783984: daddr:100932208
[  253.675048] AAAAA-TCP_FORW: name:enp0s8: saddr:100932208: daddr:16783984
[  253.676249] AAAAA-TCP_FORW: name:enp0s3: saddr:16783984: daddr:100932208
[  253.762813] AAAAA-TCP_FORW: name:enp0s8: saddr:100932208: daddr:16783984
[  253.763845] AAAAA-TCP_FORW: name:enp0s3: saddr:16783984: daddr:100932208
[  253.840640] AAAAA-TCP_FORW: name:enp0s8: saddr:100932208: daddr:16783984
[  253.841834] AAAAA-TCP_FORW: name:enp0s3: saddr:16783984: daddr:100932208
[  253.924590] AAAAA-TCP_FORW: name:enp0s8: saddr:100932208: daddr:16783984
[  253.925590] AAAAA-TCP_FORW: name:enp0s3: saddr:16783984: daddr:100932208
[  254.013589] AAAAA-TCP_FORW: name:enp0s8: saddr:100932208: daddr:16783984
[  254.014696] AAAAA-TCP_FORW: name:enp0s3: saddr:16783984: daddr:100932208
[  254.085817] AAAAA-TCP_FORW: name:enp0s8: saddr:100932208: daddr:16783984
[  254.086974] AAAAA-TCP_FORW: name:enp0s3: saddr:16783984: daddr:100932208
[  254.209051] AAAAA-TCP_FORW: name:enp0s8: saddr:100932208: daddr:16783984
[  254.210864] AAAAA-TCP_FORW: name:enp0s3: saddr:16783984: daddr:100932208
[  254.290678] AAAAA-TCP_FORW: name:enp0s8: saddr:100932208: daddr:16783984
[  254.332572] AAAAA-TCP_FORW: name:enp0s3: saddr:16783984: daddr:100932208
[  254.416247] AAAAA-TCP_FORW: name:enp0s8: saddr:100932208: daddr:16783984
[  254.500699] AAAAA-TCP_FORW: name:enp0s3: saddr:16783984: daddr:100932208
[  254.548811] AAAAA-TCP_FORW: name:enp0s8: saddr:100932208: daddr:33561200
[  254.549929] AAAAA-TCP_FORW: name:enp0s3: saddr:33561200: daddr:100932208
[  254.613826] AAAAA-TCP_FORW: name:enp0s8: saddr:100932208: daddr:33561200
[  254.614538] AAAAA-TCP_FORW: name:enp0s3: saddr:33561200: daddr:100932208
[  254.658606] AAAAA-TCP_FORW: name:enp0s8: saddr:100932208: daddr:33561200
[  254.659321] AAAAA-TCP_FORW: name:enp0s3: saddr:33561200: daddr:100932208
[  254.889257] AAAAA-TCP_FORW: name:enp0s8: saddr:100932208: daddr:33561200
[  254.890668] AAAAA-TCP_FORW: name:enp0s3: saddr:33561200: daddr:100932208
[  255.018424] AAAAA-TCP_FORW: name:enp0s8: saddr:100932208: daddr:33561200
[  255.019574] AAAAA-TCP_FORW: name:enp0s3: saddr:33561200: daddr:100932208
[  255.057241] AAAAA-TCP_FORW: name:enp0s8: saddr:100932208: daddr:33561200
[  255.058514] AAAAA-TCP_FORW: name:enp0s3: saddr:33561200: daddr:100932208
[  255.115544] AAAAA-TCP_FORW: name:enp0s8: saddr:100932208: daddr:33561200
[  255.116704] AAAAA-TCP_FORW: name:enp0s3: saddr:33561200: daddr:100932208
[  255.172527] AAAAA-TCP_FORW: name:enp0s8: saddr:100932208: daddr:33561200
[  255.173673] AAAAA-TCP_FORW: name:enp0s3: saddr:33561200: daddr:100932208
[  255.242936] AAAAA-TCP_FORW: name:enp0s8: saddr:100932208: daddr:33561200
[  255.244080] AAAAA-TCP_FORW: name:enp0s3: saddr:33561200: daddr:100932208
[  255.316565] AAAAA-TCP_FORW: name:enp0s8: saddr:100932208: daddr:33561200
[  255.317761] AAAAA-TCP_FORW: name:enp0s3: saddr:33561200: daddr:100932208
[  255.408536] AAAAA-TCP_FORW: name:enp0s8: saddr:100932208: daddr:33561200
[  255.409793] AAAAA-TCP_FORW: name:enp0s3: saddr:33561200: daddr:100932208
[  255.503997] AAAAA-TCP_FORW: name:enp0s8: saddr:100932208: daddr:33561200
[  255.505211] AAAAA-TCP_FORW: name:enp0s3: saddr:33561200: daddr:100932208
[  255.631851] AAAAA-TCP_FORW: name:enp0s8: saddr:100932208: daddr:33561200
[  255.633044] AAAAA-TCP_FORW: name:enp0s3: saddr:33561200: daddr:100932208
[  255.685451] AAAAA-TCP_FORW: name:enp0s8: saddr:100932208: daddr:33561200
[  255.686177] AAAAA-TCP_FORW: name:enp0s3: saddr:33561200: daddr:100932208
[  255.788272] AAAAA-TCP_FORW: name:enp0s8: saddr:100932208: daddr:33561200
[  255.788999] AAAAA-TCP_FORW: name:enp0s3: saddr:33561200: daddr:100932208
[  255.840242] AAAAA-TCP_FORW: name:enp0s8: saddr:100932208: daddr:33561200
[  255.840978] AAAAA-TCP_FORW: name:enp0s3: saddr:33561200: daddr:100932208
[  255.938356] AAAAA-TCP_FORW: name:enp0s8: saddr:100932208: daddr:33561200
[  255.980296] AAAAA-TCP_FORW: name:enp0s3: saddr:33561200: daddr:100932208
[  256.044899] AAAAA-TCP_FORW: name:enp0s8: saddr:100932208: daddr:33561200
[  256.084019] AAAAA-TCP_FORW: name:enp0s8: saddr:100932208: daddr:16783984
[  256.084769] AAAAA-TCP_FORW: name:enp0s3: saddr:16783984: daddr:100932208
[  256.128278] AAAAA-TCP_FORW: name:enp0s3: saddr:33561200: daddr:100932208
[  256.372400] AAAAA-TCP_FORW: name:enp0s8: saddr:100932208: daddr:16783984
[  256.373714] AAAAA-TCP_FORW: name:enp0s3: saddr:16783984: daddr:100932208
[  256.505171] AAAAA-TCP_FORW: name:enp0s8: saddr:100932208: daddr:16783984
[  256.505965] AAAAA-TCP_FORW: name:enp0s3: saddr:16783984: daddr:100932208
[  257.836509] AAAAA-TCP_FORW: name:enp0s8: saddr:100932208: daddr:16783984
[  257.837722] AAAAA-TCP_FORW: name:enp0s3: saddr:16783984: daddr:100932208
[  258.100436] AAAAA-TCP_FORW: name:enp0s8: saddr:100932208: daddr:33561200
[  258.101550] AAAAA-TCP_FORW: name:enp0s3: saddr:33561200: daddr:100932208
[  258.208683] AAAAA-TCP_FORW: name:enp0s8: saddr:100932208: daddr:33561200
[  258.209499] AAAAA-TCP_FORW: name:enp0s3: saddr:33561200: daddr:100932208
[  258.337649] AAAAA-TCP_FORW: name:enp0s8: saddr:100932208: daddr:33561200
[  258.338361] AAAAA-TCP_FORW: name:enp0s3: saddr:33561200: daddr:100932208
[  258.406871] AAAAA-TCP_FORW: name:enp0s8: saddr:100932208: daddr:16783984
[  258.407599] AAAAA-TCP_FORW: name:enp0s3: saddr:16783984: daddr:100932208
[  258.545018] AAAAA-TCP_FORW: name:enp0s8: saddr:100932208: daddr:33561200
[  258.545820] AAAAA-TCP_FORW: name:enp0s3: saddr:33561200: daddr:100932208
[  258.682011] AAAAA-TCP_FORW: name:enp0s8: saddr:100932208: daddr:16783984
[  258.682739] AAAAA-TCP_FORW: name:enp0s3: saddr:16783984: daddr:100932208
[  258.725776] AAAAA-TCP_FORW: name:enp0s8: saddr:100932208: daddr:16783984
[  258.726490] AAAAA-TCP_FORW: name:enp0s3: saddr:16783984: daddr:100932208
[  259.043914] AAAAA-TCP_FORW: name:enp0s8: saddr:100932208: daddr:16783984
[  259.044667] AAAAA-TCP_FORW: name:enp0s3: saddr:16783984: daddr:100932208
[  259.129221] AAAAA-TCP_FORW: name:enp0s8: saddr:100932208: daddr:16783984
[  259.130358] AAAAA-TCP_FORW: name:enp0s3: saddr:16783984: daddr:100932208
[  259.303990] AAAAA-TCP_FORW: name:enp0s8: saddr:100932208: daddr:16783984
[  259.305125] AAAAA-TCP_FORW: name:enp0s3: saddr:16783984: daddr:100932208
[  259.418805] AAAAA-TCP_FORW: name:enp0s8: saddr:100932208: daddr:16783984
[  259.419553] AAAAA-TCP_FORW: name:enp0s3: saddr:16783984: daddr:100932208
[  259.656051] AAAAA-TCP_FORW: name:enp0s8: saddr:100932208: daddr:16783984
[  259.656878] AAAAA-TCP_FORW: name:enp0s3: saddr:16783984: daddr:100932208
[  259.700622] AAAAA-TCP_FORW: name:enp0s8: saddr:100932208: daddr:16783984
[  259.701376] AAAAA-TCP_FORW: name:enp0s3: saddr:16783984: daddr:100932208
[  259.850705] AAAAA-TCP_FORW: name:enp0s8: saddr:100932208: daddr:16783984
[  259.851583] AAAAA-TCP_FORW: name:enp0s3: saddr:16783984: daddr:100932208
[  259.935636] AAAAA-TCP_FORW: name:enp0s8: saddr:100932208: daddr:16783984
[  259.936354] AAAAA-TCP_FORW: name:enp0s3: saddr:16783984: daddr:100932208
[  278.962909] AAAAA-TCP_FORW: name:enp0s8: saddr:100932208: daddr:33561200
[  278.963994] AAAAA-TCP_FORW: name:enp0s3: saddr:33561200: daddr:100932208
[  279.058931] AAAAA-TCP_FORW: name:enp0s8: saddr:100932208: daddr:16783984
[  279.059878] AAAAA-TCP_FORW: name:enp0s3: saddr:16783984: daddr:100932208
[  279.426060] AAAAA-TCP_FORW: name:enp0s8: saddr:100932208: daddr:16783984
[  279.427081] AAAAA-TCP_FORW: name:enp0s3: saddr:16783984: daddr:100932208
[  279.507109] AAAAA-TCP_FORW: name:enp0s8: saddr:100932208: daddr:33561200
[  279.508279] AAAAA-TCP_FORW: name:enp0s3: saddr:33561200: daddr:100932208
[  279.579547] AAAAA-TCP_FORW: name:enp0s8: saddr:100932208: daddr:16783984
[  279.580447] AAAAA-TCP_FORW: name:enp0s3: saddr:16783984: daddr:100932208
[  279.842341] AAAAA-TCP_FORW: name:enp0s8: saddr:100932208: daddr:16783984
[  279.843474] AAAAA-TCP_FORW: name:enp0s3: saddr:16783984: daddr:100932208
[  279.977692] AAAAA-TCP_FORW: name:enp0s8: saddr:100932208: daddr:33561200
[  279.978856] AAAAA-TCP_FORW: name:enp0s3: saddr:33561200: daddr:100932208
[  280.122419] AAAAA-TCP_FORW: name:enp0s8: saddr:100932208: daddr:16783984
[  280.123783] AAAAA-TCP_FORW: name:enp0s3: saddr:16783984: daddr:100932208
[  280.192211] AAAAA-TCP_FORW: name:enp0s8: saddr:100932208: daddr:16783984
[  280.193275] AAAAA-TCP_FORW: name:enp0s3: saddr:16783984: daddr:100932208
[  280.305331] AAAAA-TCP_FORW: name:enp0s8: saddr:100932208: daddr:16783984
[  280.306703] AAAAA-TCP_FORW: name:enp0s3: saddr:16783984: daddr:100932208
[  280.618917] AAAAA-TCP_FORW: name:enp0s8: saddr:100932208: daddr:33561200
[  280.620138] AAAAA-TCP_FORW: name:enp0s3: saddr:33561200: daddr:100932208
[  280.856995] AAAAA-TCP_FORW: name:enp0s8: saddr:100932208: daddr:16783984
[  280.858308] AAAAA-TCP_FORW: name:enp0s3: saddr:16783984: daddr:100932208
[  280.888893] AAAAA-TCP_FORW: name:enp0s3: saddr:16783984: daddr:100932208
[  280.991195] AAAAA-TCP_FORW: name:enp0s8: saddr:100932208: daddr:16783984
[  280.992587] AAAAA-TCP_FORW: name:enp0s3: saddr:16783984: daddr:100932208
[  281.057799] AAAAA-TCP_FORW: name:enp0s3: saddr:33561200: daddr:100932208
[  281.209161] AAAAA-TCP_FORW: name:enp0s8: saddr:100932208: daddr:33561200
[  281.647740] AAAAA-TCP_FORW: name:enp0s8: saddr:100932208: daddr:33561200
[  281.805832] AAAAA-TCP_FORW: name:enp0s8: saddr:100932208: daddr:33561200
[  281.947623] AAAAA-TCP_FORW: name:enp0s8: saddr:100932208: daddr:33561200
[  282.917994] AAAAA-TCP_FORW: name:enp0s8: saddr:100932208: daddr:33561200
[  283.012464] AAAAA-TCP_FORW: name:enp0s8: saddr:100932208: daddr:33561200
[  283.089198] AAAAA-TCP_FORW: name:enp0s8: saddr:100932208: daddr:33561200
[  283.192671] AAAAA-TCP_FORW: name:enp0s8: saddr:100932208: daddr:33561200
[  283.258662] AAAAA-TCP_FORW: name:enp0s8: saddr:100932208: daddr:33561200
[  283.634752] AAAAA-TCP_FORW: name:enp0s8: saddr:100932208: daddr:33561200
[  283.730255] AAAAA-TCP_FORW: name:enp0s8: saddr:100932208: daddr:33561200
[  285.451122] AAAAA-TCP_FORW: name:enp0s8: saddr:100932208: daddr:33561200
[  286.648817] AAAAA-TCP_FORW: name:enp0s8: saddr:100932208: daddr:33561200
[  286.650803] AAAAA-TCP_FORW: name:enp0s3: saddr:33561200: daddr:100932208
[  286.925218] AAAAA-TCP_FORW: name:enp0s3: saddr:33561200: daddr:100932208
[  287.075399] AAAAA-TCP_FORW: name:enp0s3: saddr:33561200: daddr:100932208
[  287.270852] AAAAA-TCP_FORW: name:enp0s3: saddr:33561200: daddr:100932208
[  287.573735] AAAAA-TCP_FORW: name:enp0s8: saddr:100932208: daddr:16783984
[  287.575151] AAAAA-TCP_FORW: name:enp0s3: saddr:16783984: daddr:100932208
[  287.614922] AAAAA-TCP_FORW: name:enp0s3: saddr:33561200: daddr:100932208
[  288.046977] AAAAA-TCP_FORW: name:enp0s8: saddr:100932208: daddr:16783984
[  288.048365] AAAAA-TCP_FORW: name:enp0s3: saddr:16783984: daddr:100932208
[  288.554625] AAAAA-TCP_FORW: name:enp0s8: saddr:100932208: daddr:33561200
[  288.555621] AAAAA-TCP_FORW: name:enp0s3: saddr:33561200: daddr:100932208
[  288.827860] AAAAA-TCP_FORW: name:enp0s8: saddr:100932208: daddr:33561200
[  288.829354] AAAAA-TCP_FORW: name:enp0s3: saddr:33561200: daddr:100932208
[  288.982640] AAAAA-TCP_FORW: name:enp0s8: saddr:100932208: daddr:33561200
[  288.983649] AAAAA-TCP_FORW: name:enp0s3: saddr:33561200: daddr:100932208
[  289.262736] AAAAA-TCP_FORW: name:enp0s8: saddr:100932208: daddr:16783984
[  289.263833] AAAAA-TCP_FORW: name:enp0s3: saddr:16783984: daddr:100932208
[  289.392638] AAAAA-TCP_FORW: name:enp0s8: saddr:100932208: daddr:16783984
[  289.393560] AAAAA-TCP_FORW: name:enp0s3: saddr:16783984: daddr:100932208
[  289.599981] AAAAA-TCP_FORW: name:enp0s8: saddr:100932208: daddr:16783984
[  289.600994] AAAAA-TCP_FORW: name:enp0s3: saddr:16783984: daddr:100932208
[  289.920041] AAAAA-TCP_FORW: name:enp0s8: saddr:100932208: daddr:16783984
[  289.921024] AAAAA-TCP_FORW: name:enp0s3: saddr:16783984: daddr:100932208
[  290.127959] AAAAA-TCP_FORW: name:enp0s8: saddr:100932208: daddr:16783984
[  290.128905] AAAAA-TCP_FORW: name:enp0s3: saddr:16783984: daddr:100932208
[  290.233161] AAAAA-TCP_FORW: name:enp0s8: saddr:100932208: daddr:16783984
[  290.234647] AAAAA-TCP_FORW: name:enp0s3: saddr:16783984: daddr:100932208
[  290.304107] AAAAA-TCP_FORW: name:enp0s8: saddr:100932208: daddr:16783984
[  290.305074] AAAAA-TCP_FORW: name:enp0s3: saddr:16783984: daddr:100932208
[  290.506314] AAAAA-TCP_FORW: name:enp0s8: saddr:100932208: daddr:16783984
[  290.508785] AAAAA-TCP_FORW: name:enp0s3: saddr:16783984: daddr:100932208
[  290.999709] AAAAA-TCP_FORW: name:enp0s8: saddr:100932208: daddr:33561200
[  291.197062] AAAAA-TCP_FORW: name:enp0s8: saddr:100932208: daddr:16783984
[  291.400742] AAAAA-TCP_FORW: name:enp0s8: saddr:100932208: daddr:33561200
[  291.402262] AAAAA-TCP_FORW: name:enp0s3: saddr:33561200: daddr:100932208
[  291.618777] AAAAA-TCP_FORW: name:enp0s8: saddr:100932208: daddr:16783984
[  291.620713] AAAAA-TCP_FORW: name:enp0s3: saddr:16783984: daddr:100932208
[  291.890313] AAAAA-TCP_FORW: name:enp0s8: saddr:100932208: daddr:33561200
[  291.991165] AAAAA-TCP_FORW: name:enp0s8: saddr:100932208: daddr:33561200
[  291.992333] AAAAA-TCP_FORW: name:enp0s3: saddr:33561200: daddr:100932208
[  292.405138] AAAAA-TCP_FORW: name:enp0s8: saddr:100932208: daddr:16783984
[  292.406426] AAAAA-TCP_FORW: name:enp0s3: saddr:16783984: daddr:100932208
[  292.783129] AAAAA-TCP_FORW: name:enp0s8: saddr:100932208: daddr:33561200
[  292.785026] AAAAA-TCP_FORW: name:enp0s3: saddr:33561200: daddr:100932208
[  292.960003] AAAAA-TCP_FORW: name:enp0s8: saddr:100932208: daddr:33561200
[  292.961147] AAAAA-TCP_FORW: name:enp0s3: saddr:33561200: daddr:100932208
[  293.363125] AAAAA-TCP_FORW: name:enp0s8: saddr:100932208: daddr:33561200
[  293.364625] AAAAA-TCP_FORW: name:enp0s3: saddr:33561200: daddr:100932208
[  293.884807] AAAAA-TCP_FORW: name:enp0s8: saddr:100932208: daddr:33561200
[  293.886791] AAAAA-TCP_FORW: name:enp0s3: saddr:33561200: daddr:100932208
[  293.996984] AAAAA-TCP_FORW: name:enp0s8: saddr:100932208: daddr:33561200
[  293.998911] AAAAA-TCP_FORW: name:enp0s3: saddr:33561200: daddr:100932208
[  294.205710] AAAAA-TCP_FORW: name:enp0s8: saddr:100932208: daddr:33561200
[  294.207228] AAAAA-TCP_FORW: name:enp0s3: saddr:33561200: daddr:100932208
[  294.294368] AAAAA-TCP_FORW: name:enp0s8: saddr:100932208: daddr:33561200
[  294.295756] AAAAA-TCP_FORW: name:enp0s3: saddr:33561200: daddr:100932208
[  294.409545] AAAAA-TCP_FORW: name:enp0s8: saddr:100932208: daddr:33561200
[  294.410537] AAAAA-TCP_FORW: name:enp0s3: saddr:33561200: daddr:100932208
[  294.522156] AAAAA-TCP_FORW: name:enp0s8: saddr:100932208: daddr:33561200
[  294.523222] AAAAA-TCP_FORW: name:enp0s3: saddr:33561200: daddr:100932208
[  294.738562] AAAAA-TCP_FORW: name:enp0s8: saddr:100932208: daddr:33561200
[  294.740072] AAAAA-TCP_FORW: name:enp0s3: saddr:33561200: daddr:100932208
[  295.052092] AAAAA-TCP_FORW: name:enp0s8: saddr:100932208: daddr:33561200
[  295.054852] AAAAA-TCP_FORW: name:enp0s3: saddr:33561200: daddr:100932208
[  295.132774] AAAAA-TCP_FORW: name:enp0s8: saddr:100932208: daddr:33561200
[  295.135532] AAAAA-TCP_FORW: name:enp0s3: saddr:33561200: daddr:100932208
[  295.270115] AAAAA-TCP_FORW: name:enp0s8: saddr:100932208: daddr:33561200
[  295.273254] AAAAA-TCP_FORW: name:enp0s3: saddr:33561200: daddr:100932208
[  295.439863] AAAAA-TCP_FORW: name:enp0s8: saddr:100932208: daddr:33561200
[  295.441722] AAAAA-TCP_FORW: name:enp0s3: saddr:33561200: daddr:100932208
[  296.297035] AAAAA-TCP_FORW: name:enp0s8: saddr:100932208: daddr:33561200
[  296.814848] AAAAA-TCP_FORW: name:enp0s8: saddr:100932208: daddr:33561200
[  297.356665] AAAAA-TCP_FORW: name:enp0s8: saddr:100932208: daddr:33561200
[  297.975866] AAAAA-TCP_FORW: name:enp0s8: saddr:100932208: daddr:16783984
[  297.977456] AAAAA-TCP_FORW: name:enp0s3: saddr:16783984: daddr:100932208
[  299.689268] AAAAA-TCP_FORW: name:enp0s8: saddr:100932208: daddr:33561200
[  299.690547] AAAAA-TCP_FORW: name:enp0s3: saddr:33561200: daddr:100932208
[  299.854827] AAAAA-TCP_FORW: name:enp0s8: saddr:100932208: daddr:33561200
[  299.855854] AAAAA-TCP_FORW: name:enp0s3: saddr:33561200: daddr:100932208
[  299.951116] AAAAA-TCP_FORW: name:enp0s8: saddr:100932208: daddr:33561200
[  299.952361] AAAAA-TCP_FORW: name:enp0s3: saddr:33561200: daddr:100932208
[  300.067852] AAAAA-TCP_FORW: name:enp0s8: saddr:100932208: daddr:33561200
[  300.068915] AAAAA-TCP_FORW: name:enp0s3: saddr:33561200: daddr:100932208
[  301.423981] AAAAA-TCP_FORW: name:enp0s8: saddr:100932208: daddr:33561200
[  301.425420] AAAAA-TCP_FORW: name:enp0s3: saddr:33561200: daddr:100932208
[  301.563100] AAAAA-TCP_FORW: name:enp0s8: saddr:100932208: daddr:33561200
[  301.564374] AAAAA-TCP_FORW: name:enp0s3: saddr:33561200: daddr:100932208
[  304.981038] AAAAA-TCP_FORW: name:enp0s8: saddr:100932208: daddr:16783984
[  304.982389] AAAAA-TCP_FORW: name:enp0s3: saddr:16783984: daddr:100932208
[  305.127161] AAAAA-TCP_FORW: name:enp0s8: saddr:100932208: daddr:33561200
[  305.128656] AAAAA-TCP_FORW: name:enp0s3: saddr:33561200: daddr:100932208
[  305.251582] AAAAA-TCP_FORW: name:enp0s8: saddr:100932208: daddr:33561200
[  305.252924] AAAAA-TCP_FORW: name:enp0s3: saddr:33561200: daddr:100932208
[  305.390875] AAAAA-TCP_FORW: name:enp0s8: saddr:100932208: daddr:33561200
[  305.391974] AAAAA-TCP_FORW: name:enp0s3: saddr:33561200: daddr:100932208
[  305.503137] AAAAA-TCP_FORW: name:enp0s8: saddr:100932208: daddr:33561200
[  305.504279] AAAAA-TCP_FORW: name:enp0s3: saddr:33561200: daddr:100932208
[  305.691841] AAAAA-TCP_FORW: name:enp0s8: saddr:100932208: daddr:33561200
[  305.693178] AAAAA-TCP_FORW: name:enp0s3: saddr:33561200: daddr:100932208
[  305.876047] AAAAA-TCP_FORW: name:enp0s8: saddr:100932208: daddr:33561200
[  305.877630] AAAAA-TCP_FORW: name:enp0s3: saddr:33561200: daddr:100932208
[  305.973793] AAAAA-TCP_FORW: name:enp0s8: saddr:100932208: daddr:33561200
[  305.975016] AAAAA-TCP_FORW: name:enp0s3: saddr:33561200: daddr:100932208
[  306.053631] AAAAA-TCP_FORW: name:enp0s8: saddr:100932208: daddr:33561200
[  306.054771] AAAAA-TCP_FORW: name:enp0s3: saddr:33561200: daddr:100932208
[  306.155221] AAAAA-TCP_FORW: name:enp0s8: saddr:100932208: daddr:33561200
[  306.156598] AAAAA-TCP_FORW: name:enp0s3: saddr:33561200: daddr:100932208
[  306.329881] AAAAA-TCP_FORW: name:enp0s8: saddr:100932208: daddr:33561200
[  306.331261] AAAAA-TCP_FORW: name:enp0s3: saddr:33561200: daddr:100932208
[  306.441763] AAAAA-TCP_FORW: name:enp0s8: saddr:100932208: daddr:33561200
[  306.443227] AAAAA-TCP_FORW: name:enp0s3: saddr:33561200: daddr:100932208
[  306.603334] AAAAA-TCP_FORW: name:enp0s8: saddr:100932208: daddr:33561200
[  306.604648] AAAAA-TCP_FORW: name:enp0s3: saddr:33561200: daddr:100932208
[  306.700915] AAAAA-TCP_FORW: name:enp0s8: saddr:100932208: daddr:33561200
[  306.702628] AAAAA-TCP_FORW: name:enp0s3: saddr:33561200: daddr:100932208
[  306.868508] AAAAA-TCP_FORW: name:enp0s8: saddr:100932208: daddr:33561200
[  306.869839] AAAAA-TCP_FORW: name:enp0s3: saddr:33561200: daddr:100932208
[  306.961234] AAAAA-TCP_FORW: name:enp0s8: saddr:100932208: daddr:33561200
[  306.962561] AAAAA-TCP_FORW: name:enp0s3: saddr:33561200: daddr:100932208
[  307.012914] AAAAA-TCP_FORW: name:enp0s8: saddr:100932208: daddr:33561200
[  307.014706] AAAAA-TCP_FORW: name:enp0s3: saddr:33561200: daddr:100932208
[  307.142835] AAAAA-TCP_FORW: name:enp0s8: saddr:100932208: daddr:33561200
[  307.184447] AAAAA-TCP_FORW: name:enp0s3: saddr:33561200: daddr:100932208
[  307.217228] AAAAA-TCP_FORW: name:enp0s8: saddr:100932208: daddr:33561200
[  307.274383] AAAAA-TCP_FORW: name:enp0s8: saddr:100932208: daddr:33561200
[  307.275847] AAAAA-TCP_FORW: name:enp0s3: saddr:33561200: daddr:100932208
[  307.396772] AAAAA-TCP_FORW: name:enp0s8: saddr:100932208: daddr:33561200
[  307.512414] AAAAA-TCP_FORW: name:enp0s3: saddr:33561200: daddr:100932208
[  307.588309] AAAAA-TCP_FORW: name:enp0s8: saddr:100932208: daddr:33561200
[  307.681181] AAAAA-TCP_FORW: name:enp0s8: saddr:100932208: daddr:33561200
[  307.682728] AAAAA-TCP_FORW: name:enp0s3: saddr:33561200: daddr:100932208
[  307.815972] AAAAA-TCP_FORW: name:enp0s8: saddr:100932208: daddr:33561200
[  307.817153] AAAAA-TCP_FORW: name:enp0s3: saddr:33561200: daddr:100932208
[  307.901764] AAAAA-TCP_FORW: name:enp0s8: saddr:100932208: daddr:33561200
[  307.903203] AAAAA-TCP_FORW: name:enp0s3: saddr:33561200: daddr:100932208
[  308.173055] AAAAA-TCP_FORW: name:enp0s8: saddr:100932208: daddr:16783984
[  308.174375] AAAAA-TCP_FORW: name:enp0s3: saddr:16783984: daddr:100932208
[  308.263219] AAAAA-TCP_FORW: name:enp0s8: saddr:100932208: daddr:16783984
[  308.264228] AAAAA-TCP_FORW: name:enp0s3: saddr:16783984: daddr:100932208
[  308.372892] AAAAA-TCP_FORW: name:enp0s8: saddr:100932208: daddr:33561200
[  308.373790] AAAAA-TCP_FORW: name:enp0s3: saddr:33561200: daddr:100932208
[  308.573338] AAAAA-TCP_FORW: name:enp0s8: saddr:100932208: daddr:33561200
[  308.575751] AAAAA-TCP_FORW: name:enp0s3: saddr:33561200: daddr:100932208
[  308.639251] AAAAA-TCP_FORW: name:enp0s8: saddr:100932208: daddr:33561200
[  308.641387] AAAAA-TCP_FORW: name:enp0s3: saddr:33561200: daddr:100932208
[  308.761551] AAAAA-TCP_FORW: name:enp0s8: saddr:100932208: daddr:33561200
[  308.763968] AAAAA-TCP_FORW: name:enp0s3: saddr:33561200: daddr:100932208
[  308.870283] AAAAA-TCP_FORW: name:enp0s8: saddr:100932208: daddr:33561200
[  308.873265] AAAAA-TCP_FORW: name:enp0s3: saddr:33561200: daddr:100932208
[  309.209316] AAAAA-TCP_FORW: name:enp0s8: saddr:100932208: daddr:16783984
[  309.210650] AAAAA-TCP_FORW: name:enp0s3: saddr:16783984: daddr:100932208
[  309.298338] AAAAA-TCP_FORW: name:enp0s8: saddr:100932208: daddr:16783984
[  309.299066] AAAAA-TCP_FORW: name:enp0s3: saddr:16783984: daddr:100932208
[  309.379411] AAAAA-TCP_FORW: name:enp0s8: saddr:100932208: daddr:16783984
[  309.380175] AAAAA-TCP_FORW: name:enp0s3: saddr:16783984: daddr:100932208
[  309.454801] AAAAA-TCP_FORW: name:enp0s8: saddr:100932208: daddr:16783984
[  309.455650] AAAAA-TCP_FORW: name:enp0s3: saddr:16783984: daddr:100932208
[  309.566695] AAAAA-TCP_FORW: name:enp0s8: saddr:100932208: daddr:16783984
[  309.568432] AAAAA-TCP_FORW: name:enp0s3: saddr:16783984: daddr:100932208
[  309.655972] AAAAA-TCP_FORW: name:enp0s8: saddr:100932208: daddr:16783984
[  309.657182] AAAAA-TCP_FORW: name:enp0s3: saddr:16783984: daddr:100932208
[  309.740091] AAAAA-TCP_FORW: name:enp0s8: saddr:100932208: daddr:16783984
[  309.741355] AAAAA-TCP_FORW: name:enp0s3: saddr:16783984: daddr:100932208
[  309.834357] AAAAA-TCP_FORW: name:enp0s8: saddr:100932208: daddr:16783984
[  309.835594] AAAAA-TCP_FORW: name:enp0s3: saddr:16783984: daddr:100932208
[  309.939201] AAAAA-TCP_FORW: name:enp0s8: saddr:100932208: daddr:16783984
[  309.940441] AAAAA-TCP_FORW: name:enp0s3: saddr:16783984: daddr:100932208
[  310.049572] AAAAA-TCP_FORW: name:enp0s8: saddr:100932208: daddr:16783984
[  310.050717] AAAAA-TCP_FORW: name:enp0s3: saddr:16783984: daddr:100932208
[  310.166483] AAAAA-TCP_FORW: name:enp0s8: saddr:100932208: daddr:33561200
[  310.167698] AAAAA-TCP_FORW: name:enp0s3: saddr:33561200: daddr:100932208
[  310.227217] AAAAA-TCP_FORW: name:enp0s8: saddr:100932208: daddr:33561200
[  310.228498] AAAAA-TCP_FORW: name:enp0s3: saddr:33561200: daddr:100932208
[  310.289491] AAAAA-TCP_FORW: name:enp0s8: saddr:100932208: daddr:33561200
[  310.290674] AAAAA-TCP_FORW: name:enp0s3: saddr:33561200: daddr:100932208
[  310.370248] AAAAA-TCP_FORW: name:enp0s8: saddr:100932208: daddr:33561200
[  310.370978] AAAAA-TCP_FORW: name:enp0s3: saddr:33561200: daddr:100932208
[  310.439528] AAAAA-TCP_FORW: name:enp0s8: saddr:100932208: daddr:33561200
[  310.440778] AAAAA-TCP_FORW: name:enp0s3: saddr:33561200: daddr:100932208
[  310.503469] AAAAA-TCP_FORW: name:enp0s8: saddr:100932208: daddr:33561200
[  310.504652] AAAAA-TCP_FORW: name:enp0s3: saddr:33561200: daddr:100932208
[  310.608675] AAAAA-TCP_FORW: name:enp0s8: saddr:100932208: daddr:16783984
[  310.609920] AAAAA-TCP_FORW: name:enp0s3: saddr:16783984: daddr:100932208
[  310.668810] AAAAA-TCP_FORW: name:enp0s8: saddr:100932208: daddr:16783984
[  310.669923] AAAAA-TCP_FORW: name:enp0s3: saddr:16783984: daddr:100932208
[  311.004168] AAAAA-TCP_FORW: name:enp0s8: saddr:100932208: daddr:33561200
[  311.005376] AAAAA-TCP_FORW: name:enp0s3: saddr:33561200: daddr:100932208
[  311.071463] AAAAA-TCP_FORW: name:enp0s8: saddr:100932208: daddr:16783984
[  311.072274] AAAAA-TCP_FORW: name:enp0s3: saddr:16783984: daddr:100932208
[  311.164574] AAAAA-TCP_FORW: name:enp0s8: saddr:100932208: daddr:16783984
[  311.165454] AAAAA-TCP_FORW: name:enp0s3: saddr:16783984: daddr:100932208
[  311.228476] AAAAA-TCP_FORW: name:enp0s8: saddr:100932208: daddr:33561200
[  311.229267] AAAAA-TCP_FORW: name:enp0s3: saddr:33561200: daddr:100932208
[  311.316666] AAAAA-TCP_FORW: name:enp0s8: saddr:100932208: daddr:16783984
[  311.317853] AAAAA-TCP_FORW: name:enp0s3: saddr:16783984: daddr:100932208
[  311.389260] AAAAA-TCP_FORW: name:enp0s8: saddr:100932208: daddr:16783984
[  311.390000] AAAAA-TCP_FORW: name:enp0s3: saddr:16783984: daddr:100932208
[  311.458352] AAAAA-TCP_FORW: name:enp0s8: saddr:100932208: daddr:33561200
[  311.459120] AAAAA-TCP_FORW: name:enp0s3: saddr:33561200: daddr:100932208
[  311.521982] AAAAA-TCP_FORW: name:enp0s8: saddr:100932208: daddr:16783984
[  311.522726] AAAAA-TCP_FORW: name:enp0s3: saddr:16783984: daddr:100932208
[  311.645619] AAAAA-TCP_FORW: name:enp0s8: saddr:100932208: daddr:16783984
[  311.646257] AAAAA-TCP_FORW: name:enp0s3: saddr:16783984: daddr:100932208
[  311.752060] AAAAA-TCP_FORW: name:enp0s8: saddr:100932208: daddr:16783984
[  311.752827] AAAAA-TCP_FORW: name:enp0s3: saddr:16783984: daddr:100932208
[  311.819737] AAAAA-TCP_FORW: name:enp0s8: saddr:100932208: daddr:16783984
[  311.820560] AAAAA-TCP_FORW: name:enp0s3: saddr:16783984: daddr:100932208
[  311.944345] AAAAA-TCP_FORW: name:enp0s8: saddr:100932208: daddr:33561200
[  311.945080] AAAAA-TCP_FORW: name:enp0s3: saddr:33561200: daddr:100932208
[  312.031804] AAAAA-TCP_FORW: name:enp0s8: saddr:100932208: daddr:33561200
[  312.032546] AAAAA-TCP_FORW: name:enp0s3: saddr:33561200: daddr:100932208
[  312.094169] AAAAA-TCP_FORW: name:enp0s8: saddr:100932208: daddr:33561200
[  312.094954] AAAAA-TCP_FORW: name:enp0s3: saddr:33561200: daddr:100932208
[  312.166776] AAAAA-TCP_FORW: name:enp0s8: saddr:100932208: daddr:33561200
[  312.167713] AAAAA-TCP_FORW: name:enp0s3: saddr:33561200: daddr:100932208
[  312.247034] AAAAA-TCP_FORW: name:enp0s8: saddr:100932208: daddr:33561200
[  312.247945] AAAAA-TCP_FORW: name:enp0s3: saddr:33561200: daddr:100932208
[  312.328085] AAAAA-TCP_FORW: name:enp0s8: saddr:100932208: daddr:33561200
[  312.329009] AAAAA-TCP_FORW: name:enp0s3: saddr:33561200: daddr:100932208
[  312.413670] AAAAA-TCP_FORW: name:enp0s8: saddr:100932208: daddr:33561200
[  312.414883] AAAAA-TCP_FORW: name:enp0s3: saddr:33561200: daddr:100932208
[  312.583483] AAAAA-TCP_FORW: name:enp0s8: saddr:100932208: daddr:33561200
[  312.584583] AAAAA-TCP_FORW: name:enp0s3: saddr:33561200: daddr:100932208
[  312.707523] AAAAA-TCP_FORW: name:enp0s8: saddr:100932208: daddr:33561200
[  312.708604] AAAAA-TCP_FORW: name:enp0s3: saddr:33561200: daddr:100932208
[  313.033258] AAAAA-TCP_FORW: name:enp0s8: saddr:100932208: daddr:16783984
[  313.034411] AAAAA-TCP_FORW: name:enp0s3: saddr:16783984: daddr:100932208
[  313.106977] AAAAA-TCP_FORW: name:enp0s8: saddr:100932208: daddr:16783984
[  313.107704] AAAAA-TCP_FORW: name:enp0s3: saddr:16783984: daddr:100932208
[  313.178368] AAAAA-TCP_FORW: name:enp0s8: saddr:100932208: daddr:33561200
[  313.179094] AAAAA-TCP_FORW: name:enp0s3: saddr:33561200: daddr:100932208
[  313.279638] AAAAA-TCP_FORW: name:enp0s8: saddr:100932208: daddr:33561200
[  313.280701] AAAAA-TCP_FORW: name:enp0s3: saddr:33561200: daddr:100932208
[  313.383054] AAAAA-TCP_FORW: name:enp0s8: saddr:100932208: daddr:33561200
[  313.384061] AAAAA-TCP_FORW: name:enp0s3: saddr:33561200: daddr:100932208
[  313.466827] AAAAA-TCP_FORW: name:enp0s8: saddr:100932208: daddr:33561200
[  313.467861] AAAAA-TCP_FORW: name:enp0s3: saddr:33561200: daddr:100932208
[  313.545999] AAAAA-TCP_FORW: name:enp0s8: saddr:100932208: daddr:16783984
[  313.546999] AAAAA-TCP_FORW: name:enp0s3: saddr:16783984: daddr:100932208
[  313.645107] AAAAA-TCP_FORW: name:enp0s8: saddr:100932208: daddr:16783984
[  313.645849] AAAAA-TCP_FORW: name:enp0s3: saddr:16783984: daddr:100932208
[  313.743850] AAAAA-TCP_FORW: name:enp0s8: saddr:100932208: daddr:33561200
[  313.745109] AAAAA-TCP_FORW: name:enp0s3: saddr:33561200: daddr:100932208
[  313.817313] AAAAA-TCP_FORW: name:enp0s8: saddr:100932208: daddr:16783984
[  313.818046] AAAAA-TCP_FORW: name:enp0s3: saddr:16783984: daddr:100932208
[  313.877615] AAAAA-TCP_FORW: name:enp0s8: saddr:100932208: daddr:16783984
[  313.878379] AAAAA-TCP_FORW: name:enp0s3: saddr:16783984: daddr:100932208
[  313.938360] AAAAA-TCP_FORW: name:enp0s8: saddr:100932208: daddr:33561200
[  313.939132] AAAAA-TCP_FORW: name:enp0s3: saddr:33561200: daddr:100932208
[  314.008812] AAAAA-TCP_FORW: name:enp0s8: saddr:100932208: daddr:16783984
[  314.009592] AAAAA-TCP_FORW: name:enp0s3: saddr:16783984: daddr:100932208
[  314.100263] AAAAA-TCP_FORW: name:enp0s8: saddr:100932208: daddr:16783984
[  314.101053] AAAAA-TCP_FORW: name:enp0s3: saddr:16783984: daddr:100932208
[  314.142303] AAAAA-TCP_FORW: name:enp0s8: saddr:100932208: daddr:16783984
[  314.143088] AAAAA-TCP_FORW: name:enp0s3: saddr:16783984: daddr:100932208
[  314.240222] AAAAA-TCP_FORW: name:enp0s8: saddr:100932208: daddr:33561200
[  314.241005] AAAAA-TCP_FORW: name:enp0s3: saddr:33561200: daddr:100932208
[  314.319102] AAAAA-TCP_FORW: name:enp0s8: saddr:100932208: daddr:16783984
[  314.319851] AAAAA-TCP_FORW: name:enp0s3: saddr:16783984: daddr:100932208
[  314.389708] AAAAA-TCP_FORW: name:enp0s8: saddr:100932208: daddr:16783984
[  314.390450] AAAAA-TCP_FORW: name:enp0s3: saddr:16783984: daddr:100932208
[  314.449886] AAAAA-TCP_FORW: name:enp0s8: saddr:100932208: daddr:33561200
[  314.450656] AAAAA-TCP_FORW: name:enp0s3: saddr:33561200: daddr:100932208
[  314.520028] AAAAA-TCP_FORW: name:enp0s8: saddr:100932208: daddr:16783984
[  314.520850] AAAAA-TCP_FORW: name:enp0s3: saddr:16783984: daddr:100932208
[  314.613615] AAAAA-TCP_FORW: name:enp0s8: saddr:100932208: daddr:16783984
[  314.614336] AAAAA-TCP_FORW: name:enp0s3: saddr:16783984: daddr:100932208
[  314.676029] AAAAA-TCP_FORW: name:enp0s8: saddr:100932208: daddr:33561200
[  314.676786] AAAAA-TCP_FORW: name:enp0s3: saddr:33561200: daddr:100932208
[  314.729928] AAAAA-TCP_FORW: name:enp0s8: saddr:100932208: daddr:16783984
[  314.731071] AAAAA-TCP_FORW: name:enp0s3: saddr:16783984: daddr:100932208
[  314.792817] AAAAA-TCP_FORW: name:enp0s8: saddr:100932208: daddr:16783984
[  314.793559] AAAAA-TCP_FORW: name:enp0s3: saddr:16783984: daddr:100932208
[  314.854341] AAAAA-TCP_FORW: name:enp0s8: saddr:100932208: daddr:16783984
[  314.855053] AAAAA-TCP_FORW: name:enp0s3: saddr:16783984: daddr:100932208
[  314.949388] AAAAA-TCP_FORW: name:enp0s8: saddr:100932208: daddr:33561200
[  314.950500] AAAAA-TCP_FORW: name:enp0s3: saddr:33561200: daddr:100932208
[  315.020153] AAAAA-TCP_FORW: name:enp0s8: saddr:100932208: daddr:16783984
[  315.021337] AAAAA-TCP_FORW: name:enp0s3: saddr:16783984: daddr:100932208
[  315.092130] AAAAA-TCP_FORW: name:enp0s8: saddr:100932208: daddr:16783984
[  315.093128] AAAAA-TCP_FORW: name:enp0s3: saddr:16783984: daddr:100932208
[  315.169505] AAAAA-TCP_FORW: name:enp0s8: saddr:100932208: daddr:33561200
[  315.170495] AAAAA-TCP_FORW: name:enp0s3: saddr:33561200: daddr:100932208
[  315.781334] AAAAA-TCP_FORW: name:enp0s8: saddr:100932208: daddr:16783984
[  315.782475] AAAAA-TCP_FORW: name:enp0s3: saddr:16783984: daddr:100932208
[  315.857717] AAAAA-TCP_FORW: name:enp0s8: saddr:100932208: daddr:16783984
[  315.858472] AAAAA-TCP_FORW: name:enp0s3: saddr:16783984: daddr:100932208
[  315.970952] AAAAA-TCP_FORW: name:enp0s8: saddr:100932208: daddr:16783984
[  315.972097] AAAAA-TCP_FORW: name:enp0s3: saddr:16783984: daddr:100932208
[  316.040302] AAAAA-TCP_FORW: name:enp0s8: saddr:100932208: daddr:16783984
[  316.041474] AAAAA-TCP_FORW: name:enp0s3: saddr:16783984: daddr:100932208
[  316.110226] AAAAA-TCP_FORW: name:enp0s8: saddr:100932208: daddr:16783984
[  316.111389] AAAAA-TCP_FORW: name:enp0s3: saddr:16783984: daddr:100932208
[  316.213139] AAAAA-TCP_FORW: name:enp0s8: saddr:100932208: daddr:33561200
[  316.214280] AAAAA-TCP_FORW: name:enp0s3: saddr:33561200: daddr:100932208
[  316.277686] AAAAA-TCP_FORW: name:enp0s8: saddr:100932208: daddr:33561200
[  316.278419] AAAAA-TCP_FORW: name:enp0s3: saddr:33561200: daddr:100932208
[  316.361788] AAAAA-TCP_FORW: name:enp0s8: saddr:100932208: daddr:33561200
[  316.362511] AAAAA-TCP_FORW: name:enp0s3: saddr:33561200: daddr:100932208
[  316.432326] AAAAA-TCP_FORW: name:enp0s8: saddr:100932208: daddr:33561200
[  316.433027] AAAAA-TCP_FORW: name:enp0s3: saddr:33561200: daddr:100932208
[  316.538853] AAAAA-TCP_FORW: name:enp0s8: saddr:100932208: daddr:16783984
[  316.539589] AAAAA-TCP_FORW: name:enp0s3: saddr:16783984: daddr:100932208
[  316.605802] AAAAA-TCP_FORW: name:enp0s8: saddr:100932208: daddr:16783984
[  316.606504] AAAAA-TCP_FORW: name:enp0s3: saddr:16783984: daddr:100932208
[  316.724651] AAAAA-TCP_FORW: name:enp0s8: saddr:100932208: daddr:33561200
[  316.725995] AAAAA-TCP_FORW: name:enp0s3: saddr:33561200: daddr:100932208
[  316.806864] AAAAA-TCP_FORW: name:enp0s8: saddr:100932208: daddr:33561200
[  316.807602] AAAAA-TCP_FORW: name:enp0s3: saddr:33561200: daddr:100932208
[  316.885623] AAAAA-TCP_FORW: name:enp0s8: saddr:100932208: daddr:33561200
[  316.886921] AAAAA-TCP_FORW: name:enp0s3: saddr:33561200: daddr:100932208
[  333.199237] AAAAA-TCP_FORW: name:enp0s8: saddr:100932208: daddr:33561200
[  333.200133] AAAAA-TCP_FORW: name:enp0s3: saddr:33561200: daddr:100932208
[  333.424867] AAAAA-TCP_FORW: name:enp0s8: saddr:100932208: daddr:16783984
[  333.426101] AAAAA-TCP_FORW: name:enp0s3: saddr:16783984: daddr:100932208
[  333.459185] AAAAA-TCP_FORW: name:enp0s8: saddr:100932208: daddr:16783984
[  333.460242] AAAAA-TCP_FORW: name:enp0s3: saddr:16783984: daddr:100932208
[  333.623716] AAAAA-TCP_FORW: name:enp0s8: saddr:100932208: daddr:33561200
[  333.624910] AAAAA-TCP_FORW: name:enp0s3: saddr:33561200: daddr:100932208
[  333.729855] AAAAA-TCP_FORW: name:enp0s8: saddr:100932208: daddr:16783984
[  333.731131] AAAAA-TCP_FORW: name:enp0s3: saddr:16783984: daddr:100932208
[  333.822508] AAAAA-TCP_FORW: name:enp0s8: saddr:100932208: daddr:16783984
[  333.823630] AAAAA-TCP_FORW: name:enp0s3: saddr:16783984: daddr:100932208
[  333.989522] AAAAA-TCP_FORW: name:enp0s8: saddr:100932208: daddr:33561200
[  333.990503] AAAAA-TCP_FORW: name:enp0s3: saddr:33561200: daddr:100932208
[  334.054874] AAAAA-TCP_FORW: name:enp0s8: saddr:100932208: daddr:16783984
[  334.056060] AAAAA-TCP_FORW: name:enp0s3: saddr:16783984: daddr:100932208
[  334.178140] AAAAA-TCP_FORW: name:enp0s8: saddr:100932208: daddr:33561200
[  334.179101] AAAAA-TCP_FORW: name:enp0s3: saddr:33561200: daddr:100932208
[  334.292055] AAAAA-TCP_FORW: name:enp0s8: saddr:100932208: daddr:16783984
[  334.293195] AAAAA-TCP_FORW: name:enp0s3: saddr:16783984: daddr:100932208
[  334.459933] AAAAA-TCP_FORW: name:enp0s8: saddr:100932208: daddr:16783984
[  334.460979] AAAAA-TCP_FORW: name:enp0s3: saddr:16783984: daddr:100932208
[  334.510973] AAAAA-TCP_FORW: name:enp0s8: saddr:100932208: daddr:33561200
[  334.512149] AAAAA-TCP_FORW: name:enp0s3: saddr:33561200: daddr:100932208
[  334.624697] AAAAA-TCP_FORW: name:enp0s8: saddr:100932208: daddr:16783984
[  334.625838] AAAAA-TCP_FORW: name:enp0s3: saddr:16783984: daddr:100932208
[  334.657494] AAAAA-TCP_FORW: name:enp0s8: saddr:100932208: daddr:16783984
[  334.658592] AAAAA-TCP_FORW: name:enp0s3: saddr:16783984: daddr:100932208
[  334.728292] AAAAA-TCP_FORW: name:enp0s8: saddr:100932208: daddr:16783984
[  334.729378] AAAAA-TCP_FORW: name:enp0s3: saddr:16783984: daddr:100932208
[  334.886207] AAAAA-TCP_FORW: name:enp0s8: saddr:100932208: daddr:33561200
[  334.887433] AAAAA-TCP_FORW: name:enp0s3: saddr:33561200: daddr:100932208
[  334.997859] AAAAA-TCP_FORW: name:enp0s8: saddr:100932208: daddr:16783984
[  334.998927] AAAAA-TCP_FORW: name:enp0s3: saddr:16783984: daddr:100932208
[  335.075694] AAAAA-TCP_FORW: name:enp0s8: saddr:100932208: daddr:16783984
[  335.076466] AAAAA-TCP_FORW: name:enp0s3: saddr:16783984: daddr:100932208
[  335.168780] AAAAA-TCP_FORW: name:enp0s8: saddr:100932208: daddr:33561200
[  335.170210] AAAAA-TCP_FORW: name:enp0s3: saddr:33561200: daddr:100932208
[  335.252296] AAAAA-TCP_FORW: name:enp0s8: saddr:100932208: daddr:16783984
[  335.253470] AAAAA-TCP_FORW: name:enp0s3: saddr:16783984: daddr:100932208
[  335.349318] AAAAA-TCP_FORW: name:enp0s8: saddr:100932208: daddr:16783984
[  335.350032] AAAAA-TCP_FORW: name:enp0s3: saddr:16783984: daddr:100932208
[  335.419055] AAAAA-TCP_FORW: name:enp0s8: saddr:100932208: daddr:33561200
[  335.420103] AAAAA-TCP_FORW: name:enp0s3: saddr:33561200: daddr:100932208
[  335.524153] AAAAA-TCP_FORW: name:enp0s8: saddr:100932208: daddr:16783984
[  335.525116] AAAAA-TCP_FORW: name:enp0s3: saddr:16783984: daddr:100932208
[  335.690174] AAAAA-TCP_FORW: name:enp0s8: saddr:100932208: daddr:16783984
[  335.691392] AAAAA-TCP_FORW: name:enp0s3: saddr:16783984: daddr:100932208
[  335.835123] AAAAA-TCP_FORW: name:enp0s8: saddr:100932208: daddr:16783984
[  335.836037] AAAAA-TCP_FORW: name:enp0s3: saddr:16783984: daddr:100932208
[  335.914433] AAAAA-TCP_FORW: name:enp0s8: saddr:100932208: daddr:33561200
[  335.915327] AAAAA-TCP_FORW: name:enp0s3: saddr:33561200: daddr:100932208
[  336.025043] AAAAA-TCP_FORW: name:enp0s8: saddr:100932208: daddr:16783984
[  336.026012] AAAAA-TCP_FORW: name:enp0s3: saddr:16783984: daddr:100932208
[  336.150053] AAAAA-TCP_FORW: name:enp0s8: saddr:100932208: daddr:16783984
[  336.150945] AAAAA-TCP_FORW: name:enp0s3: saddr:16783984: daddr:100932208
[  336.236300] AAAAA-TCP_FORW: name:enp0s8: saddr:100932208: daddr:33561200
[  336.237171] AAAAA-TCP_FORW: name:enp0s3: saddr:33561200: daddr:100932208
[  336.277061] AAAAA-TCP_FORW: name:enp0s8: saddr:100932208: daddr:16783984
[  336.278330] AAAAA-TCP_FORW: name:enp0s3: saddr:16783984: daddr:100932208
[  336.364724] AAAAA-TCP_FORW: name:enp0s8: saddr:100932208: daddr:16783984
[  336.365576] AAAAA-TCP_FORW: name:enp0s3: saddr:16783984: daddr:100932208
[  336.428910] AAAAA-TCP_FORW: name:enp0s8: saddr:100932208: daddr:33561200
[  336.429830] AAAAA-TCP_FORW: name:enp0s3: saddr:33561200: daddr:100932208
[  336.517560] AAAAA-TCP_FORW: name:enp0s8: saddr:100932208: daddr:16783984
[  336.518546] AAAAA-TCP_FORW: name:enp0s3: saddr:16783984: daddr:100932208
[  336.546388] AAAAA-TCP_FORW: name:enp0s8: saddr:100932208: daddr:16783984
[  336.547203] AAAAA-TCP_FORW: name:enp0s3: saddr:16783984: daddr:100932208
[  336.582282] AAAAA-TCP_FORW: name:enp0s8: saddr:100932208: daddr:16783984
[  336.583079] AAAAA-TCP_FORW: name:enp0s3: saddr:16783984: daddr:100932208
[  336.631827] AAAAA-TCP_FORW: name:enp0s8: saddr:100932208: daddr:33561200
[  336.632644] AAAAA-TCP_FORW: name:enp0s3: saddr:33561200: daddr:100932208
[  336.704580] AAAAA-TCP_FORW: name:enp0s8: saddr:100932208: daddr:16783984
[  336.705953] AAAAA-TCP_FORW: name:enp0s3: saddr:16783984: daddr:100932208
[  336.757766] AAAAA-TCP_FORW: name:enp0s8: saddr:100932208: daddr:16783984
[  336.758536] AAAAA-TCP_FORW: name:enp0s3: saddr:16783984: daddr:100932208
[  336.847725] AAAAA-TCP_FORW: name:enp0s8: saddr:100932208: daddr:33561200
[  336.848627] AAAAA-TCP_FORW: name:enp0s3: saddr:33561200: daddr:100932208
[  336.930137] AAAAA-TCP_FORW: name:enp0s8: saddr:100932208: daddr:16783984
[  336.931058] AAAAA-TCP_FORW: name:enp0s3: saddr:16783984: daddr:100932208
[  336.970754] AAAAA-TCP_FORW: name:enp0s8: saddr:100932208: daddr:16783984
[  336.971502] AAAAA-TCP_FORW: name:enp0s3: saddr:16783984: daddr:100932208
[  337.038991] AAAAA-TCP_FORW: name:enp0s8: saddr:100932208: daddr:33561200
[  337.039868] AAAAA-TCP_FORW: name:enp0s3: saddr:33561200: daddr:100932208
[  337.071094] AAAAA-TCP_FORW: name:enp0s8: saddr:100932208: daddr:16783984
[  337.071994] AAAAA-TCP_FORW: name:enp0s3: saddr:16783984: daddr:100932208
[  337.154413] AAAAA-TCP_FORW: name:enp0s8: saddr:100932208: daddr:33561200
[  337.155284] AAAAA-TCP_FORW: name:enp0s3: saddr:33561200: daddr:100932208
[  337.220341] AAAAA-TCP_FORW: name:enp0s8: saddr:100932208: daddr:33561200
[  337.221266] AAAAA-TCP_FORW: name:enp0s3: saddr:33561200: daddr:100932208
[  337.367286] AAAAA-TCP_FORW: name:enp0s8: saddr:100932208: daddr:33561200
[  337.368126] AAAAA-TCP_FORW: name:enp0s3: saddr:33561200: daddr:100932208
[  337.421620] AAAAA-TCP_FORW: name:enp0s8: saddr:100932208: daddr:33561200
[  337.422425] AAAAA-TCP_FORW: name:enp0s3: saddr:33561200: daddr:100932208
[  337.501111] AAAAA-TCP_FORW: name:enp0s8: saddr:100932208: daddr:33561200
[  337.501866] AAAAA-TCP_FORW: name:enp0s3: saddr:33561200: daddr:100932208
[  337.542277] AAAAA-TCP_FORW: name:enp0s8: saddr:100932208: daddr:33561200
[  337.543021] AAAAA-TCP_FORW: name:enp0s3: saddr:33561200: daddr:100932208
[  337.660764] AAAAA-TCP_FORW: name:enp0s8: saddr:100932208: daddr:33561200
[  337.661541] AAAAA-TCP_FORW: name:enp0s3: saddr:33561200: daddr:100932208
[  337.826568] AAAAA-TCP_FORW: name:enp0s8: saddr:100932208: daddr:33561200
[  337.827406] AAAAA-TCP_FORW: name:enp0s3: saddr:33561200: daddr:100932208
[  337.894891] AAAAA-TCP_FORW: name:enp0s8: saddr:100932208: daddr:33561200
[  337.895715] AAAAA-TCP_FORW: name:enp0s3: saddr:33561200: daddr:100932208
[  337.932678] AAAAA-TCP_FORW: name:enp0s8: saddr:100932208: daddr:33561200
[  337.933425] AAAAA-TCP_FORW: name:enp0s3: saddr:33561200: daddr:100932208
[  338.059368] AAAAA-TCP_FORW: name:enp0s8: saddr:100932208: daddr:33561200
[  338.060137] AAAAA-TCP_FORW: name:enp0s3: saddr:33561200: daddr:100932208
[  338.444634] AAAAA-TCP_FORW: name:enp0s8: saddr:100932208: daddr:33561200
[  338.445472] AAAAA-TCP_FORW: name:enp0s3: saddr:33561200: daddr:100932208
[  338.701855] AAAAA-TCP_FORW: name:enp0s8: saddr:100932208: daddr:33561200
[  338.703195] AAAAA-TCP_FORW: name:enp0s3: saddr:33561200: daddr:100932208
[  338.877232] AAAAA-TCP_FORW: name:enp0s8: saddr:100932208: daddr:33561200
[  338.878430] AAAAA-TCP_FORW: name:enp0s3: saddr:33561200: daddr:100932208
