[    0.000000] Linux version 5.4.243-mptcp (root@ztg) (gcc version 12.2.0 (Debian 12.2.0-14+deb12u1)) #53 SMP Wed Dec 24 23:28:15 CST 2025
[    0.000000] Command line: BOOT_IMAGE=/boot/vmlinuz-5.4.243-mptcp root=UUID=98415a12-53b7-4144-8265-0f7ece09e445 ro quiet splash
[    0.000000] KERNEL supported cpus:
[    0.000000]   Intel GenuineIntel
[    0.000000]   AMD AuthenticAMD
[    0.000000]   Hygon HygonGenuine
[    0.000000]   Centaur CentaurHauls
[    0.000000]   zhaoxin   Shanghai  
[    0.000000] x86/fpu: Supporting XSAVE feature 0x001: 'x87 floating point registers'
[    0.000000] x86/fpu: Supporting XSAVE feature 0x002: 'SSE registers'
[    0.000000] x86/fpu: Supporting XSAVE feature 0x004: 'AVX registers'
[    0.000000] x86/fpu: xstate_offset[2]:  576, xstate_sizes[2]:  256
[    0.000000] x86/fpu: Enabled xstate features 0x7, context size is 832 bytes, using 'standard' format.
[    0.000000] BIOS-provided physical RAM map:
[    0.000000] BIOS-e820: [mem 0x0000000000000000-0x000000000009fbff] usable
[    0.000000] BIOS-e820: [mem 0x000000000009fc00-0x000000000009ffff] reserved
[    0.000000] BIOS-e820: [mem 0x00000000000f0000-0x00000000000fffff] reserved
[    0.000000] BIOS-e820: [mem 0x0000000000100000-0x000000007ffeffff] usable
[    0.000000] BIOS-e820: [mem 0x000000007fff0000-0x000000007fffffff] ACPI data
[    0.000000] BIOS-e820: [mem 0x00000000fec00000-0x00000000fec00fff] reserved
[    0.000000] BIOS-e820: [mem 0x00000000fee00000-0x00000000fee00fff] reserved
[    0.000000] BIOS-e820: [mem 0x00000000fffc0000-0x00000000ffffffff] reserved
[    0.000000] NX (Execute Disable) protection: active
[    0.000000] SMBIOS 2.5 present.
[    0.000000] DMI: innotek GmbH VirtualBox/VirtualBox, BIOS VirtualBox 12/01/2006
[    0.000000] Hypervisor detected: KVM
[    0.000000] kvm-clock: Using msrs 4b564d01 and 4b564d00
[    0.000000] kvm-clock: cpu 0, msr 6c001001, primary cpu clock
[    0.000000] kvm-clock: using sched offset of 4455660743 cycles
[    0.000003] clocksource: kvm-clock: mask: 0xffffffffffffffff max_cycles: 0x1cd42e4dffb, max_idle_ns: 881590591483 ns
[    0.000005] tsc: Detected 2100.000 MHz processor
[    0.001890] e820: update [mem 0x00000000-0x00000fff] usable ==> reserved
[    0.001892] e820: remove [mem 0x000a0000-0x000fffff] usable
[    0.001896] last_pfn = 0x7fff0 max_arch_pfn = 0x400000000
[    0.001964] MTRR default type: uncachable
[    0.001965] MTRR fixed ranges enabled:
[    0.001967]   00000-9FFFF write-back
[    0.001967]   A0000-BFFFF uncachable
[    0.001968]   C0000-FFFFF write-protect
[    0.001969] MTRR variable ranges enabled:
[    0.001970]   0 base 000000000000 mask 3FFF80000000 write-back
[    0.001971]   1 disabled
[    0.001971]   2 disabled
[    0.001972]   3 disabled
[    0.001972]   4 disabled
[    0.001972]   5 disabled
[    0.001973]   6 disabled
[    0.001973]   7 disabled
[    0.001974]   8 disabled
[    0.001974]   9 disabled
[    0.001975]   10 disabled
[    0.001975]   11 disabled
[    0.001975]   12 disabled
[    0.001976]   13 disabled
[    0.001976]   14 disabled
[    0.001977]   15 disabled
[    0.001993] x86/PAT: Configuration [0-7]: WB  WC  UC- UC  WB  WP  UC- WT  
[    0.002128] found SMP MP-table at [mem 0x0009fff0-0x0009ffff]
[    0.091615] check: Scanning 1 areas for low memory corruption
[    0.091760] RAMDISK: [mem 0x32271000-0x3512ffff]
[    0.091769] ACPI: Early table checksum verification disabled
[    0.091775] ACPI: RSDP 0x00000000000E0000 000024 (v02 VBOX  )
[    0.091779] ACPI: XSDT 0x000000007FFF0030 00003C (v01 VBOX   VBOXXSDT 00000001 ASL  00000061)
[    0.091786] ACPI: FACP 0x000000007FFF00F0 0000F4 (v04 VBOX   VBOXFACP 00000001 ASL  00000061)
[    0.091792] ACPI: DSDT 0x000000007FFF02E0 002353 (v02 VBOX   VBOXBIOS 00000002 VBOX 00029BF3)
[    0.091796] ACPI: FACS 0x000000007FFF0200 000040
[    0.091800] ACPI: FACS 0x000000007FFF0200 000040
[    0.091803] ACPI: APIC 0x000000007FFF0240 000054 (v02 VBOX   VBOXAPIC 00000001 ASL  00000061)
[    0.091807] ACPI: SSDT 0x000000007FFF02A0 000038 (v01 VBOX   VBOXCPUT 00000002 VBOX 00029BF3)
[    0.091810] ACPI: Reserving FACP table memory at [mem 0x7fff00f0-0x7fff01e3]
[    0.091811] ACPI: Reserving DSDT table memory at [mem 0x7fff02e0-0x7fff2632]
[    0.091811] ACPI: Reserving FACS table memory at [mem 0x7fff0200-0x7fff023f]
[    0.091812] ACPI: Reserving FACS table memory at [mem 0x7fff0200-0x7fff023f]
[    0.091813] ACPI: Reserving APIC table memory at [mem 0x7fff0240-0x7fff0293]
[    0.091813] ACPI: Reserving SSDT table memory at [mem 0x7fff02a0-0x7fff02d7]
[    0.091829] ACPI: Local APIC address 0xfee00000
[    0.092014] No NUMA configuration found
[    0.092015] Faking a node at [mem 0x0000000000000000-0x000000007ffeffff]
[    0.092026] NODE_DATA(0) allocated [mem 0x7ffc5000-0x7ffeffff]
[    0.092286] Zone ranges:
[    0.092287]   DMA      [mem 0x0000000000001000-0x0000000000ffffff]
[    0.092288]   DMA32    [mem 0x0000000001000000-0x000000007ffeffff]
[    0.092289]   Normal   empty
[    0.092290]   Device   empty
[    0.092291] Movable zone start for each node
[    0.092293] Early memory node ranges
[    0.092294]   node   0: [mem 0x0000000000001000-0x000000000009efff]
[    0.092294]   node   0: [mem 0x0000000000100000-0x000000007ffeffff]
[    0.092297] Zeroed struct page in unavailable ranges: 114 pages
[    0.092298] Initmem setup node 0 [mem 0x0000000000001000-0x000000007ffeffff]
[    0.092299] On node 0 totalpages: 524174
[    0.092301]   DMA zone: 64 pages used for memmap
[    0.092301]   DMA zone: 21 pages reserved
[    0.092302]   DMA zone: 3998 pages, LIFO batch:0
[    0.092373]   DMA32 zone: 8128 pages used for memmap
[    0.092373]   DMA32 zone: 520176 pages, LIFO batch:63
[    0.101623] ACPI: PM-Timer IO Port: 0x4008
[    0.101627] ACPI: Local APIC address 0xfee00000
[    0.101708] IOAPIC[0]: apic_id 1, version 32, address 0xfec00000, GSI 0-23
[    0.101712] ACPI: INT_SRC_OVR (bus 0 bus_irq 0 global_irq 2 dfl dfl)
[    0.101714] ACPI: INT_SRC_OVR (bus 0 bus_irq 9 global_irq 9 low level)
[    0.101717] ACPI: IRQ0 used by override.
[    0.101718] ACPI: IRQ9 used by override.
[    0.101721] Using ACPI (MADT) for SMP configuration information
[    0.101731] smpboot: Allowing 1 CPUs, 0 hotplug CPUs
[    0.101758] PM: Registered nosave memory: [mem 0x00000000-0x00000fff]
[    0.101760] PM: Registered nosave memory: [mem 0x0009f000-0x0009ffff]
[    0.101760] PM: Registered nosave memory: [mem 0x000a0000-0x000effff]
[    0.101761] PM: Registered nosave memory: [mem 0x000f0000-0x000fffff]
[    0.101764] [mem 0x80000000-0xfebfffff] available for PCI devices
[    0.101765] Booting paravirtualized kernel on KVM
[    0.101768] clocksource: refined-jiffies: mask: 0xffffffff max_cycles: 0xffffffff, max_idle_ns: 7645519600211568 ns
[    0.101774] setup_percpu: NR_CPUS:8192 nr_cpumask_bits:1 nr_cpu_ids:1 nr_node_ids:1
[    0.102906] percpu: Embedded 60 pages/cpu s208896 r8192 d28672 u2097152
[    0.102913] pcpu-alloc: s208896 r8192 d28672 u2097152 alloc=1*2097152
[    0.102915] pcpu-alloc: [0] 0 
[    0.102950] Built 1 zonelists, mobility grouping on.  Total pages: 515961
[    0.102951] Policy zone: DMA32
[    0.102953] Kernel command line: BOOT_IMAGE=/boot/vmlinuz-5.4.243-mptcp root=UUID=98415a12-53b7-4144-8265-0f7ece09e445 ro quiet splash
[    0.104152] Dentry cache hash table entries: 262144 (order: 9, 2097152 bytes, linear)
[    0.104301] Inode-cache hash table entries: 131072 (order: 8, 1048576 bytes, linear)
[    0.104353] mem auto-init: stack:off, heap alloc:on, heap free:off
[    0.104356] Calgary: detecting Calgary via BIOS EBDA area
[    0.104357] Calgary: Unable to locate Rio Grande table in EBDA - bailing!
[    0.108671] Memory: 1967332K/2096696K available (14339K kernel code, 2398K rwdata, 4712K rodata, 2728K init, 17260K bss, 129364K reserved, 0K cma-reserved)
[    0.109629] SLUB: HWalign=64, Order=0-3, MinObjects=0, CPUs=1, Nodes=1
[    0.109647] ftrace: allocating 43186 entries in 169 pages
[    0.127959] rcu: Hierarchical RCU implementation.
[    0.127961] rcu: 	RCU restricting CPUs from NR_CPUS=8192 to nr_cpu_ids=1.
[    0.127962] 	Tasks RCU enabled.
[    0.127963] rcu: RCU calculated value of scheduler-enlistment delay is 25 jiffies.
[    0.127964] rcu: Adjusting geometry for rcu_fanout_leaf=16, nr_cpu_ids=1
[    0.130947] NR_IRQS: 524544, nr_irqs: 256, preallocated irqs: 16
[    0.131160] random: crng init done
[    0.140584] Console: colour VGA+ 80x25
[    0.140589] printk: console [tty0] enabled
[    0.140611] ACPI: Core revision 20190816
[    0.140716] APIC: Switch to symmetric I/O mode setup
[    0.140966] x2apic enabled
[    0.141202] Switched APIC routing to physical x2apic.
[    0.142327] ..TIMER: vector=0x30 apic1=0 pin1=2 apic2=-1 pin2=-1
[    0.142351] clocksource: tsc-early: mask: 0xffffffffffffffff max_cycles: 0x1e4530a99b6, max_idle_ns: 440795257976 ns
[    0.142356] Calibrating delay loop (skipped) preset value.. 4200.00 BogoMIPS (lpj=8400000)
[    0.142359] pid_max: default: 32768 minimum: 301
[    0.142386] LSM: Security Framework initializing
[    0.142396] Yama: becoming mindful.
[    0.142422] AppArmor: AppArmor initialized
[    0.142456] Mount-cache hash table entries: 4096 (order: 3, 32768 bytes, linear)
[    0.142461] Mountpoint-cache hash table entries: 4096 (order: 3, 32768 bytes, linear)
[    0.142471] *** VALIDATE tmpfs ***
[    0.142601] *** VALIDATE proc ***
[    0.142640] *** VALIDATE cgroup1 ***
[    0.142642] *** VALIDATE cgroup2 ***
[    0.142783] process: using mwait in idle threads
[    0.142788] Last level iTLB entries: 4KB 64, 2MB 8, 4MB 8
[    0.142788] Last level dTLB entries: 4KB 64, 2MB 0, 4MB 0, 1GB 4
[    0.142809] Spectre V1 : Mitigation: usercopy/swapgs barriers and __user pointer sanitization
[    0.142814] Spectre V2 : Mitigation: Retpolines
[    0.142815] Spectre V2 : Spectre v2 / SpectreRSB mitigation: Filling RSB on context switch
[    0.142815] Spectre V2 : Spectre v2 / SpectreRSB : Filling RSB on VMEXIT
[    0.142816] RETBleed: WARNING: Spectre v2 mitigation leaves CPU vulnerable to RETBleed attacks, data leaks possible!
[    0.143168] RETBleed: Vulnerable
[    0.143169] Speculative Store Bypass: Vulnerable
[    0.143174] TAA: Mitigation: TSX disabled
[    0.143174] MMIO Stale Data: Mitigation: Clear CPU buffers
[    0.147433] Freeing SMP alternatives memory: 40K
[    0.259481] smpboot: CPU0: Intel(R) Xeon(R) Silver 4216 CPU @ 2.10GHz (family: 0x6, model: 0x55, stepping: 0x7)
[    0.259641] Performance Events: unsupported p6 CPU model 85 no PMU driver, software events only.
[    0.259679] rcu: Hierarchical SRCU implementation.
[    0.260245] NMI watchdog: Perf NMI watchdog permanently disabled
[    0.260288] smp: Bringing up secondary CPUs ...
[    0.260289] smp: Brought up 1 node, 1 CPU
[    0.260290] smpboot: Max logical packages: 1
[    0.260291] smpboot: Total of 1 processors activated (4200.00 BogoMIPS)
[    0.261389] devtmpfs: initialized
[    0.261453] x86/mm: Memory block size: 128MB
[    0.261839] clocksource: jiffies: mask: 0xffffffff max_cycles: 0xffffffff, max_idle_ns: 7645041785100000 ns
[    0.261845] futex hash table entries: 256 (order: 2, 16384 bytes, linear)
[    0.261892] pinctrl core: initialized pinctrl subsystem
[    0.261998] PM: RTC time: 09:19:35, date: 2026-01-13
[    0.262108] NET: Registered protocol family 16
[    0.262197] audit: initializing netlink subsys (disabled)
[    0.262347] EISA bus registered
[    0.262349] cpuidle: using governor ladder
[    0.262350] cpuidle: using governor menu
[    0.262353] ACPI: bus type PCI registered
[    0.262353] acpiphp: ACPI Hot Plug PCI Controller Driver version: 0.5
[    0.262353] PCI: Using configuration type 1 for base access
[    0.263301] audit: type=2000 audit(1768267182.000:1): state=initialized audit_enabled=0 res=1
[    0.263386] HugeTLB registered 2.00 MiB page size, pre-allocated 0 pages
[    0.264308] ACPI: Added _OSI(Module Device)
[    0.264309] ACPI: Added _OSI(Processor Device)
[    0.264310] ACPI: Added _OSI(3.0 _SCP Extensions)
[    0.264311] ACPI: Added _OSI(Processor Aggregator Device)
[    0.264312] ACPI: Added _OSI(Linux-Dell-Video)
[    0.264313] ACPI: Added _OSI(Linux-Lenovo-NV-HDMI-Audio)
[    0.264314] ACPI: Added _OSI(Linux-HPI-Hybrid-Graphics)
[    0.266504] ACPI: 2 ACPI AML tables successfully acquired and loaded
[    0.268233] ACPI: Interpreter enabled
[    0.268245] ACPI: (supports S0 S5)
[    0.268247] ACPI: Using IOAPIC for interrupt routing
[    0.268566] PCI: Using host bridge windows from ACPI; if necessary, use "pci=nocrs" and report a bug
[    0.268707] ACPI: Enabled 2 GPEs in block 00 to 07
[    0.275428] ACPI: PCI Root Bridge [PCI0] (domain 0000 [bus 00-ff])
[    0.275434] acpi PNP0A03:00: _OSC: OS supports [ASPM ClockPM Segments MSI HPX-Type3]
[    0.276087] acpi PNP0A03:00: _OSC: not requesting OS control; OS requires [ExtendedConfig ASPM ClockPM MSI]
[    0.276098] acpi PNP0A03:00: fail to add MMCONFIG information, can't access extended PCI configuration space under this bridge.
[    0.276597] PCI host bridge to bus 0000:00
[    0.276599] pci_bus 0000:00: root bus resource [io  0x0000-0x0cf7 window]
[    0.276601] pci_bus 0000:00: root bus resource [io  0x0d00-0xffff window]
[    0.276602] pci_bus 0000:00: root bus resource [mem 0x000a0000-0x000bffff window]
[    0.276604] pci_bus 0000:00: root bus resource [mem 0x80000000-0xfdffffff window]
[    0.276606] pci_bus 0000:00: root bus resource [bus 00-ff]
[    0.276661] pci 0000:00:00.0: [8086:1237] type 00 class 0x060000
[    0.277840] pci 0000:00:01.0: [8086:7000] type 00 class 0x060100
[    0.278927] pci 0000:00:01.1: [8086:7111] type 00 class 0x01018a
[    0.279405] pci 0000:00:01.1: reg 0x20: [io  0xd000-0xd00f]
[    0.279602] pci 0000:00:01.1: legacy IDE quirk: reg 0x10: [io  0x01f0-0x01f7]
[    0.279603] pci 0000:00:01.1: legacy IDE quirk: reg 0x14: [io  0x03f6]
[    0.279605] pci 0000:00:01.1: legacy IDE quirk: reg 0x18: [io  0x0170-0x0177]
[    0.279606] pci 0000:00:01.1: legacy IDE quirk: reg 0x1c: [io  0x0376]
[    0.280266] pci 0000:00:02.0: [15ad:0405] type 00 class 0x030000
[    0.282453] pci 0000:00:02.0: reg 0x10: [io  0xd010-0xd01f]
[    0.286401] pci 0000:00:02.0: reg 0x14: [mem 0xe0000000-0xe7ffffff pref]
[    0.289010] pci 0000:00:02.0: reg 0x18: [mem 0xf0000000-0xf01fffff]
[    0.299171] pci 0000:00:03.0: [1022:2000] type 00 class 0x020000
[    0.299858] pci 0000:00:03.0: reg 0x10: [io  0xd020-0xd03f]
[    0.300471] pci 0000:00:03.0: reg 0x14: [mem 0xf0200000-0xf0200fff]
[    0.305387] pci 0000:00:04.0: [80ee:cafe] type 00 class 0x088000
[    0.306060] pci 0000:00:04.0: reg 0x10: [io  0xd040-0xd05f]
[    0.306468] pci 0000:00:04.0: reg 0x14: [mem 0xf0400000-0xf07fffff]
[    0.307071] pci 0000:00:04.0: reg 0x18: [mem 0xf0800000-0xf0803fff pref]
[    0.310398] pci 0000:00:07.0: [8086:7113] type 00 class 0x068000
[    0.310958] pci 0000:00:07.0: quirk: [io  0x4000-0x403f] claimed by PIIX4 ACPI
[    0.310969] pci 0000:00:07.0: quirk: [io  0x4100-0x410f] claimed by PIIX4 SMB
[    0.311583] pci 0000:00:08.0: [8086:100e] type 00 class 0x020000
[    0.312291] pci 0000:00:08.0: reg 0x10: [mem 0xf0820000-0xf083ffff]
[    0.313524] pci 0000:00:08.0: reg 0x18: [io  0xd060-0xd067]
[    0.317085] pci 0000:00:09.0: [8086:100e] type 00 class 0x020000
[    0.317788] pci 0000:00:09.0: reg 0x10: [mem 0xf0840000-0xf085ffff]
[    0.319012] pci 0000:00:09.0: reg 0x18: [io  0xd068-0xd06f]
[    0.327510] ACPI: PCI Interrupt Link [LNKA] (IRQs 5 9 10 *11)
[    0.330559] ACPI: PCI Interrupt Link [LNKB] (IRQs 5 9 *10 11)
[    0.330661] ACPI: PCI Interrupt Link [LNKC] (IRQs 5 *9 10 11)
[    0.330765] ACPI: PCI Interrupt Link [LNKD] (IRQs 5 9 10 *11)
[    0.331029] iommu: Default domain type: Translated 
[    0.331090] pci 0000:00:02.0: vgaarb: setting as boot VGA device
[    0.331092] pci 0000:00:02.0: vgaarb: VGA device added: decodes=io+mem,owns=io+mem,locks=none
[    0.331094] pci 0000:00:02.0: vgaarb: bridge control possible
[    0.331094] vgaarb: loaded
[    0.331306] SCSI subsystem initialized
[    0.331337] libata version 3.00 loaded.
[    0.331359] ACPI: bus type USB registered
[    0.331375] usbcore: registered new interface driver usbfs
[    0.331381] usbcore: registered new interface driver hub
[    0.331386] usbcore: registered new device driver usb
[    0.331413] pps_core: LinuxPPS API ver. 1 registered
[    0.331413] pps_core: Software ver. 5.3.6 - Copyright 2005-2007 Rodolfo Giometti <giometti@linux.it>
[    0.331415] PTP clock support registered
[    0.331452] EDAC MC: Ver: 3.0.0
[    0.331734] PCI: Using ACPI for IRQ routing
[    0.331735] PCI: pci_cache_line_size set to 64 bytes
[    0.331908] e820: reserve RAM buffer [mem 0x0009fc00-0x0009ffff]
[    0.331912] e820: reserve RAM buffer [mem 0x7fff0000-0x7fffffff]
[    0.332787] NetLabel: Initializing
[    0.332788] NetLabel:  domain hash size = 128
[    0.332788] NetLabel:  protocols = UNLABELED CIPSOv4 CALIPSO
[    0.332809] NetLabel:  unlabeled traffic allowed by default
[    0.333765] clocksource: Switched to clocksource kvm-clock
[    0.345229] *** VALIDATE bpf ***
[    0.345297] VFS: Disk quotas dquot_6.6.0
[    0.345310] VFS: Dquot-cache hash table entries: 512 (order 0, 4096 bytes)
[    0.345316] *** VALIDATE ramfs ***
[    0.345316] *** VALIDATE hugetlbfs ***
[    0.345316] AppArmor: AppArmor Filesystem Enabled
[    0.345316] pnp: PnP ACPI init
[    0.345316] pnp 00:00: Plug and Play ACPI device, IDs PNP0303 (active)
[    0.345608] pnp 00:01: Plug and Play ACPI device, IDs PNP0f03 (active)
[    0.346392] pnp: PnP ACPI: found 2 devices
[    0.347460] thermal_sys: Registered thermal governor 'fair_share'
[    0.347461] thermal_sys: Registered thermal governor 'bang_bang'
[    0.347462] thermal_sys: Registered thermal governor 'step_wise'
[    0.347462] thermal_sys: Registered thermal governor 'user_space'
[    0.347463] thermal_sys: Registered thermal governor 'power_allocator'
[    0.352011] clocksource: acpi_pm: mask: 0xffffff max_cycles: 0xffffff, max_idle_ns: 2085701024 ns
[    0.352062] pci_bus 0000:00: resource 4 [io  0x0000-0x0cf7 window]
[    0.352064] pci_bus 0000:00: resource 5 [io  0x0d00-0xffff window]
[    0.352066] pci_bus 0000:00: resource 6 [mem 0x000a0000-0x000bffff window]
[    0.352068] pci_bus 0000:00: resource 7 [mem 0x80000000-0xfdffffff window]
[    0.352139] NET: Registered protocol family 2
[    0.352221] IP idents hash table entries: 32768 (order: 6, 262144 bytes, linear)
[    0.352706] MPTCP tokens hash table entries: 8192 (order: 4, 65536 bytes, linear)
[    0.352729] MPTCP request tokens hash table entries: 8192 (order: 4, 65536 bytes, linear)
[    0.352761] default registered
[    0.352762] default registered
[    0.352762] MPTCP: Stable release v0.96
[    0.352768] tcp_listen_portaddr_hash hash table entries: 1024 (order: 2, 16384 bytes, linear)
[    0.352853] TCP established hash table entries: 16384 (order: 5, 131072 bytes, linear)
[    0.352927] TCP bind hash table entries: 16384 (order: 6, 262144 bytes, linear)
[    0.352961] TCP: Hash tables configured (established 16384 bind 16384)
[    0.353786] UDP hash table entries: 1024 (order: 3, 32768 bytes, linear)
[    0.353799] UDP-Lite hash table entries: 1024 (order: 3, 32768 bytes, linear)
[    0.353853] NET: Registered protocol family 1
[    0.353863] NET: Registered protocol family 44
[    0.353889] pci 0000:00:00.0: Limiting direct PCI/PCI transfers
[    0.353904] pci 0000:00:01.0: Activating ISA DMA hang workarounds
[    0.353975] pci 0000:00:02.0: Video device with shadowed ROM at [mem 0x000c0000-0x000dffff]
[    0.354050] PCI: CLS 0 bytes, default 64
[    0.354110] Trying to unpack rootfs image as initramfs...
[    0.539314] Freeing initrd memory: 47868K
[    0.539314] clocksource: tsc: mask: 0xffffffffffffffff max_cycles: 0x1e4530a99b6, max_idle_ns: 440795257976 ns
[    0.539314] clocksource: Switched to clocksource tsc
[    0.539314] platform rtc_cmos: registered platform RTC device (no PNP device found)
[    0.539314] check: Scanning for low memory corruption every 60 seconds
[    0.539314] Initialise system trusted keyrings
[    0.539314] Key type blacklist registered
[    0.539314] workingset: timestamp_bits=36 max_order=19 bucket_order=0
[    0.539314] zbud: loaded
[    0.539314] squashfs: version 4.0 (2009/01/31) Phillip Lougher
[    0.539314] fuse: init (API version 7.31)
[    0.539314] *** VALIDATE fuse ***
[    0.539314] *** VALIDATE fuse ***
[    0.539314] Platform Keyring initialized
[    0.539314] Key type asymmetric registered
[    0.539314] Asymmetric key parser 'x509' registered
[    0.539314] Block layer SCSI generic (bsg) driver version 0.4 loaded (major 244)
[    0.539314] io scheduler mq-deadline registered
[    0.539314] shpchp: Standard Hot Plug PCI Controller Driver version: 0.4
[    0.549615] ACPI: AC Adapter [AC] (on-line)
[    0.549671] input: Power Button as /devices/LNXSYSTM:00/LNXPWRBN:00/input/input0
[    0.549706] ACPI: Power Button [PWRF]
[    0.549798] input: Sleep Button as /devices/LNXSYSTM:00/LNXSLPBN:00/input/input1
[    0.549814] ACPI: Sleep Button [SLPF]
[    0.550078] Serial: 8250/16550 driver, 32 ports, IRQ sharing enabled
[    0.551256] Linux agpgart interface v0.103
[    0.647234] loop: module loaded
[    0.647388] ata_piix 0000:00:01.1: version 2.13
[    0.647796] scsi host0: ata_piix
[    0.647887] scsi host1: ata_piix
[    0.647914] ata1: PATA max UDMA/33 cmd 0x1f0 ctl 0x3f6 bmdma 0xd000 irq 14
[    0.647915] ata2: PATA max UDMA/33 cmd 0x170 ctl 0x376 bmdma 0xd008 irq 15
[    0.647997] tun: Universal TUN/TAP device driver, 1.6
[    0.648302] PPP generic driver version 2.4.2
[    0.648344] VFIO - User Level meta-driver version: 0.3
[    0.648587] ehci_hcd: USB 2.0 'Enhanced' Host Controller (EHCI) Driver
[    0.648592] ehci-pci: EHCI PCI platform driver
[    0.648608] ehci-platform: EHCI generic platform driver
[    0.648614] ohci_hcd: USB 1.1 'Open' Host Controller (OHCI) Driver
[    0.648616] ohci-pci: OHCI PCI platform driver
[    0.648624] ohci-platform: OHCI generic platform driver
[    0.648628] uhci_hcd: USB Universal Host Controller Interface driver
[    0.648695] i8042: PNP: PS/2 Controller [PNP0303:PS2K,PNP0f03:PS2M] at 0x60,0x64 irq 1,12
[    0.649135] serio: i8042 KBD port at 0x60,0x64 irq 1
[    0.649139] serio: i8042 AUX port at 0x60,0x64 irq 12
[    0.649228] mousedev: PS/2 mouse device common for all mice
[    0.649502] input: AT Translated Set 2 keyboard as /devices/platform/i8042/serio0/input/input2
[    0.649915] rtc_cmos rtc_cmos: registered as rtc0
[    0.649928] rtc_cmos rtc_cmos: alarms up to one day, 114 bytes nvram
[    0.649934] i2c /dev entries driver
[    0.649994] device-mapper: uevent: version 1.0.3
[    0.650039] device-mapper: ioctl: 4.41.0-ioctl (2019-09-16) initialised: dm-devel@redhat.com
[    0.650056] platform eisa.0: Probing EISA bus 0
[    0.650057] platform eisa.0: EISA: Cannot allocate resource for mainboard
[    0.650059] platform eisa.0: Cannot allocate resource for EISA slot 1
[    0.650060] platform eisa.0: Cannot allocate resource for EISA slot 2
[    0.650061] platform eisa.0: Cannot allocate resource for EISA slot 3
[    0.650062] platform eisa.0: Cannot allocate resource for EISA slot 4
[    0.650063] platform eisa.0: Cannot allocate resource for EISA slot 5
[    0.650064] platform eisa.0: Cannot allocate resource for EISA slot 6
[    0.650065] platform eisa.0: Cannot allocate resource for EISA slot 7
[    0.650066] platform eisa.0: Cannot allocate resource for EISA slot 8
[    0.650067] platform eisa.0: EISA: Detected 0 cards
[    0.650069] intel_pstate: CPU model not supported
[    0.650080] ledtrig-cpu: registered to indicate activity on CPUs
[    0.650140] drop_monitor: Initializing network drop monitor service
[    0.650301] NET: Registered protocol family 10
[    0.655383] Segment Routing with IPv6
[    0.655383] fullmesh registered
[    0.655383] ndiffports registered
[    0.655383] binder registered
[    0.655383] roundrobin registered
[    0.655383] redundant registered
[    0.655383] blest registered
[    0.655383] ecf registered
[    0.655383] NET: Registered protocol family 17
[    0.655383] Key type dns_resolver registered
[    0.655383] RAS: Correctable Errors collector initialized.
[    0.655383] IPI shorthand broadcast: enabled
[    0.655383] sched_clock: Marking stable (640181264, 11202387)->(654060179, -2676528)
[    0.655735] registered taskstats version 1
[    0.655743] Loading compiled-in X.509 certificates
[    0.656330] Loaded X.509 cert 'Build time autogenerated kernel key: 6909f3744cebb3d0de528d5887b96a727de79b1e'
[    0.656350] zswap: loaded using pool lzo/zbud
[    0.656405] Key type ._fscrypt registered
[    0.656406] Key type .fscrypt registered
[    0.660966] Key type big_key registered
[    0.663396] Key type encrypted registered
[    0.663399] AppArmor: AppArmor sha1 policy hashing enabled
[    0.663409] ima: No TPM chip found, activating TPM-bypass!
[    0.663414] ima: Allocated hash algorithm: sha1
[    0.663422] ima: No architecture policies found
[    0.663434] evm: Initialising EVM extended attributes:
[    0.663435] evm: security.selinux
[    0.663435] evm: security.SMACK64
[    0.663436] evm: security.SMACK64EXEC
[    0.663437] evm: security.SMACK64TRANSMUTE
[    0.663437] evm: security.SMACK64MMAP
[    0.663438] evm: security.apparmor
[    0.663438] evm: security.ima
[    0.663439] evm: security.capability
[    0.663440] evm: HMAC attrs: 0x1
[    0.663757] PM:   Magic number: 10:170:323
[    0.663778] tty tty48: hash matches
[    0.663868] rtc_cmos rtc_cmos: setting system clock to 2026-01-13T09:19:36 UTC (1768295976)
[    0.819170] ata1.00: ATA-6: VBOX HARDDISK, 1.0, max UDMA/133
[    0.819173] ata1.00: 209715200 sectors, multi 128: LBA 
[    0.819660] scsi 0:0:0:0: Direct-Access     ATA      VBOX HARDDISK    1.0  PQ: 0 ANSI: 5
[    0.819873] sd 0:0:0:0: [sda] 209715200 512-byte logical blocks: (107 GB/100 GiB)
[    0.819882] sd 0:0:0:0: [sda] Write Protect is off
[    0.819884] sd 0:0:0:0: [sda] Mode Sense: 00 3a 00 00
[    0.819898] sd 0:0:0:0: [sda] Write cache: enabled, read cache: enabled, doesn't support DPO or FUA
[    0.820131] sd 0:0:0:0: Attached scsi generic sg0 type 0
[    0.820799]  sda: sda1 sda2
[    0.831361] sd 0:0:0:0: [sda] Attached SCSI disk
[    0.833489] Freeing unused decrypted memory: 2040K
[    0.834275] Freeing unused kernel image memory: 2728K
[    0.834277] Write protecting the kernel read-only data: 22528k
[    0.835028] Freeing unused kernel image memory: 2036K
[    0.835460] Freeing unused kernel image memory: 1432K
[    0.850663] x86/mm: Checked W+X mappings: passed, no W+X pages found.
[    0.850667] Run /init as init process
[    0.970360] ACPI: Video Device [GFX0] (multi-head: yes  rom: no  post: no)
[    0.970445] input: Video Bus as /devices/LNXSYSTM:00/LNXSYBUS:00/PNP0A03:00/LNXVIDEO:00/input/input4
[    0.985502] pcnet32: pcnet32.c:v1.35 21.Apr.2008 tsbogend@alpha.franken.de
[    0.987707] piix4_smbus 0000:00:07.0: SMBus Host Controller at 0x4100, revision 0
[    0.990824] e1000: Intel(R) PRO/1000 Network Driver - version 7.3.21-k8-NAPI
[    0.990825] e1000: Copyright (c) 1999-2006 Intel Corporation.
[    1.012153] pcnet32: PCnet/FAST III 79C973 at 0xd020, 08:00:27:25:b8:2b assigned IRQ 19
[    1.012208] pcnet32: Found PHY 0022:561b at address 0
[    1.012570] pcnet32: eth0: registered as PCnet/FAST III 79C973
[    1.015366] pcnet32: 1 cards_found
[    1.077068] pcnet32 0000:00:03.0 enp0s3: renamed from eth0
[    1.221325] input: ImExPS/2 Generic Explorer Mouse as /devices/platform/i8042/serio1/input/input5
[    1.423483] e1000 0000:00:08.0 eth0: (PCI:33MHz:32-bit) 08:00:27:d8:23:bc
[    1.423488] e1000 0000:00:08.0 eth0: Intel(R) PRO/1000 Network Connection
[    1.799834] e1000 0000:00:09.0 eth1: (PCI:33MHz:32-bit) 08:00:27:75:3d:29
[    1.799838] e1000 0000:00:09.0 eth1: Intel(R) PRO/1000 Network Connection
[    1.800985] e1000 0000:00:09.0 enp0s9: renamed from eth1
[    1.802795] e1000 0000:00:08.0 enp0s8: renamed from eth0
[    1.950211] EXT4-fs (sda2): mounted filesystem with ordered data mode. Opts: (null)
[    2.033849] systemd[1]: Inserted module 'autofs4'
[    2.043677] systemd[1]: systemd 245.4-4ubuntu3 running in system mode. (+PAM +AUDIT +SELINUX +IMA +APPARMOR +SMACK +SYSVINIT +UTMP +LIBCRYPTSETUP +GCRYPT +GNUTLS +ACL +XZ +LZ4 +SECCOMP +BLKID +ELFUTILS +KMOD +IDN2 -IDN +PCRE2 default-hierarchy=hybrid)
[    2.043707] systemd[1]: Detected virtualization oracle.
[    2.043710] systemd[1]: Detected architecture x86-64.
[    2.044987] systemd[1]: Set hostname to <ztg>.
[    2.173188] systemd[1]: /lib/systemd/system/dbus.socket:5: ListenStream= references a path below legacy directory /var/run/, updating /var/run/dbus/system_bus_socket â†’ /run/dbus/system_bus_socket; please update the unit file accordingly.
[    2.225723] systemd[1]: Created slice system-modprobe.slice.
[    2.225910] systemd[1]: Created slice User and Session Slice.
[    2.225955] systemd[1]: Started Forward Password Requests to Wall Directory Watch.
[    2.226122] systemd[1]: Set up automount Arbitrary Executable File Formats File System Automount Point.
[    2.226157] systemd[1]: Reached target User and Group Name Lookups.
[    2.226164] systemd[1]: Reached target Remote File Systems.
[    2.226173] systemd[1]: Reached target Slices.
[    2.226674] systemd[1]: Listening on Syslog Socket.
[    2.226744] systemd[1]: Listening on fsck to fsckd communication Socket.
[    2.226784] systemd[1]: Listening on initctl Compatibility Named Pipe.
[    2.226922] systemd[1]: Listening on Journal Audit Socket.
[    2.226974] systemd[1]: Listening on Journal Socket (/dev/log).
[    2.227041] systemd[1]: Listening on Journal Socket.
[    2.227109] systemd[1]: Listening on udev Control Socket.
[    2.227149] systemd[1]: Listening on udev Kernel Socket.
[    2.227985] systemd[1]: Mounting Huge Pages File System...
[    2.228884] systemd[1]: Mounting POSIX Message Queue File System...
[    2.229782] systemd[1]: Mounting Kernel Debug File System...
[    2.230660] systemd[1]: Mounting Kernel Trace File System...
[    2.232609] systemd[1]: Starting Journal Service...
[    2.254489] systemd[1]: Starting Set the console keyboard layout...
[    2.262310] systemd[1]: Starting Create list of static device nodes for the current kernel...
[    2.264360] systemd[1]: Starting Load Kernel Module drm...
[    2.265338] systemd[1]: Condition check resulted in Set Up Additional Binary Formats being skipped.
[    2.265414] systemd[1]: Condition check resulted in File System Check on Root Device being skipped.
[    2.276366] systemd[1]: Starting Load Kernel Modules...
[    2.285434] systemd[1]: Starting Remount Root and Kernel File Systems...
[    2.294227] systemd[1]: Starting udev Coldplug all Devices...
[    2.310192] systemd[1]: Starting Uncomplicated firewall...
[    2.312107] systemd[1]: Mounted Huge Pages File System.
[    2.312199] systemd[1]: Mounted POSIX Message Queue File System.
[    2.312272] systemd[1]: Mounted Kernel Debug File System.
[    2.312343] systemd[1]: Mounted Kernel Trace File System.
[    2.313266] EXT4-fs (sda2): re-mounted. Opts: errors=remount-ro
[    2.335118] systemd[1]: Finished Create list of static device nodes for the current kernel.
[    2.336041] systemd[1]: modprobe@drm.service: Succeeded.
[    2.353183] systemd[1]: Finished Load Kernel Module drm.
[    2.359369] systemd[1]: Finished Remount Root and Kernel File Systems.
[    2.361556] lp: driver loaded but no devices found
[    2.362971] systemd[1]: Finished Uncomplicated firewall.
[    2.373887] systemd[1]: Condition check resulted in Rebuild Hardware Database being skipped.
[    2.373926] systemd[1]: Condition check resulted in Platform Persistent Storage Archival being skipped.
[    2.375929] systemd[1]: Starting Load/Save Random Seed...
[    2.381313] systemd[1]: Starting Create System Users...
[    2.387724] ppdev: user-space parallel port driver
[    2.396381] systemd[1]: Finished Load/Save Random Seed.
[    2.398010] systemd[1]: Finished Create System Users.
[    2.398960] systemd[1]: Starting Create Static Device Nodes in /dev...
[    2.442016] systemd[1]: Finished udev Coldplug all Devices.
[    2.469166] systemd[1]: Finished Create Static Device Nodes in /dev.
[    2.472032] systemd[1]: Starting udev Kernel Device Manager...
[    2.505798] [drm] DMA map mode: Caching DMA mappings.
[    2.505863] [drm] Capabilities:
[    2.505863] [drm]   Rect copy.
[    2.505864] [drm]   Cursor.
[    2.505864] [drm]   Cursor bypass.
[    2.505864] [drm]   Cursor bypass 2.
[    2.505865] [drm]   Alpha cursor.
[    2.505865] [drm]   Extended Fifo.
[    2.505865] [drm]   Pitchlock.
[    2.505866] [drm]   Irq mask.
[    2.505866] [drm]   GMR.
[    2.505866] [drm]   Traces.
[    2.505867] [drm]   GMR2.
[    2.505867] [drm]   Screen Object 2.
[    2.505868] [drm]   Command Buffers.
[    2.505868] [drm]   Command Buffers 2.
[    2.505868] [drm]   Guest Backed Resources.
[    2.505869] [drm] Max GMR ids is 8192
[    2.505870] [drm] Max number of GMR pages is 1048576
[    2.505870] [drm] Max dedicated hypervisor surface memory is 393216 kiB
[    2.505871] [drm] Maximum display memory size is 131072 kiB
[    2.505872] [drm] VRAM at 0xe0000000 size is 131072 kiB
[    2.505872] [drm] MMIO at 0xf0000000 size is 2048 kiB
[    2.506953] [TTM] Zone  kernel: Available graphics memory: 1011738 KiB
[    2.506954] [TTM] Initializing pool allocator
[    2.506958] [TTM] Initializing DMA pool allocator
[    2.506989] [drm] Supports vblank timestamp caching Rev 2 (21.10.2013).
[    2.506989] [drm] No driver support for vblank timestamp query.
[    2.507243] [drm] Screen Target Display device initialized
[    2.507542] [drm] width 720
[    2.507550] [drm] height 400
[    2.507553] [drm] bpp 32
[    2.508077] [drm] Fifo max 0x00200000 min 0x00001000 cap 0x00000355
[    2.509177] [drm] Using command buffers with DMA pool.
[    2.509180] [drm] DX: no.
[    2.509181] [drm] Atomic: yes.
[    2.509181] [drm] SM4_1: no.
[    2.509201] [drm:vmw_host_log [vmwgfx]] *ERROR* Failed to send host log message.
[    2.510093] [drm:vmw_host_log [vmwgfx]] *ERROR* Failed to send host log message.
[    2.517535] systemd[1]: Finished Set the console keyboard layout.
[    2.517640] systemd[1]: Reached target Local File Systems (Pre).
[    2.519702] systemd[1]: Mounting Mount unit for bare, revision 5...
[    2.521733] systemd[1]: Mounting Mount unit for core18, revision 1705...
[    2.530109] systemd[1]: Mounting Mount unit for gnome-3-34-1804, revision 24...
[    2.534349] fbcon: svgadrmfb (fb0) is primary device
[    2.538042] systemd[1]: Mounting Mount unit for gtk-common-themes, revision 1506...
[    2.540287] Console: switching to colour frame buffer device 100x37
[    2.558899] [drm] Initialized vmwgfx 2.15.0 20180704 for 0000:00:02.0 on minor 0
[    2.566500] systemd[1]: Mounting Mount unit for gtk-common-themes, revision 1535...
[    2.571150] systemd[1]: Mounting Mount unit for snap-store, revision 433...
[    2.589356] systemd[1]: Mounting Mount unit for snapd, revision 25935...
[    2.619784] systemd[1]: Finished Load Kernel Modules.
[    2.619934] systemd[1]: Mounted Mount unit for bare, revision 5.
[    2.620022] systemd[1]: Mounted Mount unit for core18, revision 1705.
[    2.620098] systemd[1]: Mounted Mount unit for gnome-3-34-1804, revision 24.
[    2.620869] systemd[1]: Mounting FUSE Control File System...
[    2.621688] systemd[1]: Mounting Kernel Configuration File System...
[    2.629763] systemd[1]: Starting Apply Kernel Variables...
[    2.643501] systemd[1]: Mounted Mount unit for gtk-common-themes, revision 1506.
[    2.643597] systemd[1]: Mounted FUSE Control File System.
[    2.643648] systemd[1]: Condition check resulted in VMware vmblock fuse mount being skipped.
[    2.646204] systemd[1]: Mounted Kernel Configuration File System.
[    2.672438] systemd[1]: Mounted Mount unit for gtk-common-themes, revision 1535.
[    2.672532] systemd[1]: Mounted Mount unit for snap-store, revision 433.
[    2.672607] systemd[1]: Mounted Mount unit for snapd, revision 25935.
[    2.672660] systemd[1]: Reached target Local File Systems.
[    2.677442] systemd[1]: Starting Load AppArmor profiles...
[    2.684541] systemd[1]: Starting Set console font and keymap...
[    2.693596] systemd[1]: Starting Tell Plymouth To Write Out Runtime Data...
[    2.693653] systemd[1]: Condition check resulted in Store a System Token in an EFI Variable being skipped.
[    2.693711] systemd[1]: Condition check resulted in Commit a transient machine-id on disk being skipped.
[    2.699982] systemd[1]: Finished Apply Kernel Variables.
[    2.700397] systemd[1]: Finished Set console font and keymap.
[    2.708912] systemd[1]: plymouth-read-write.service: Succeeded.
[    2.709147] systemd[1]: Finished Tell Plymouth To Write Out Runtime Data.
[    2.714203] systemd[1]: Started udev Kernel Device Manager.
[    2.714964] systemd[1]: Starting Show Plymouth Boot Screen...
[    2.721861] systemd[1]: Received SIGRTMIN+20 from PID 295 (plymouthd).
[    2.743747] systemd[1]: Started Show Plymouth Boot Screen.
[    2.743915] systemd[1]: Condition check resulted in Dispatch Password Requests to Console Directory Watch being skipped.
[    2.744001] systemd[1]: Started Forward Password Requests to Plymouth Directory Watch.
[    2.744047] systemd[1]: Reached target Local Encrypted Volumes.
[    2.752339] audit: type=1400 audit(1768295978.580:2): apparmor="STATUS" operation="profile_load" profile="unconfined" name="nvidia_modprobe" pid=297 comm="apparmor_parser"
[    2.752341] audit: type=1400 audit(1768295978.580:3): apparmor="STATUS" operation="profile_load" profile="unconfined" name="nvidia_modprobe//kmod" pid=297 comm="apparmor_parser"
[    2.758814] audit: type=1400 audit(1768295978.588:4): apparmor="STATUS" operation="profile_load" profile="unconfined" name="/usr/sbin/tcpdump" pid=298 comm="apparmor_parser"
[    2.814996] audit: type=1400 audit(1768295978.640:5): apparmor="STATUS" operation="profile_load" profile="unconfined" name="/usr/bin/evince" pid=300 comm="apparmor_parser"
[    2.814998] audit: type=1400 audit(1768295978.640:6): apparmor="STATUS" operation="profile_load" profile="unconfined" name="/usr/bin/evince//sanitized_helper" pid=300 comm="apparmor_parser"
[    2.815000] audit: type=1400 audit(1768295978.640:7): apparmor="STATUS" operation="profile_load" profile="unconfined" name="/usr/bin/evince-previewer" pid=300 comm="apparmor_parser"
[    2.815002] audit: type=1400 audit(1768295978.640:8): apparmor="STATUS" operation="profile_load" profile="unconfined" name="/usr/bin/evince-previewer//sanitized_helper" pid=300 comm="apparmor_parser"
[    2.815003] audit: type=1400 audit(1768295978.640:9): apparmor="STATUS" operation="profile_load" profile="unconfined" name="/usr/bin/evince-thumbnailer" pid=300 comm="apparmor_parser"
[    2.819715] audit: type=1400 audit(1768295978.648:10): apparmor="STATUS" operation="profile_load" profile="unconfined" name="/usr/lib/cups/backend/cups-pdf" pid=307 comm="apparmor_parser"
[    2.899332] systemd[1]: Finished Load AppArmor profiles.
[    2.900284] systemd[1]: Starting Load AppArmor profiles managed internally by snapd...
[    3.014636] systemd[1]: Finished Load AppArmor profiles managed internally by snapd.
[    3.228753] systemd[1]: Started Journal Service.
[    3.240517] systemd-journald[229]: Received client request to flush runtime journal.
[    3.244052] systemd-journald[229]: File /var/log/journal/c455b248004a419c87ce85eea238d727/system.journal corrupted or uncleanly shut down, renaming and replacing.
[    4.779022] RAPL PMU: API unit is 2^-32 Joules, 0 fixed counters, 10737418240 ms ovfl timer
[    4.820124] cryptd: max_cpu_qlen set to 1000
[    4.914550] AVX2 version of gcm_enc/dec engaged.
[    4.914551] AES CTR mode by8 optimization enabled
[    6.735390] Adding 1998844k swap on /dev/sda1.  Priority:-2 extents:1 across:1998844k FS
[    7.579181] kauditd_printk_skb: 30 callbacks suppressed
[    7.579182] audit: type=1400 audit(1768295983.408:41): apparmor="DENIED" operation="capable" profile="/usr/sbin/cups-browsed" pid=512 comm="cups-browsed" capability=23  capname="sys_nice"
[    9.092968] pcnet32 0000:00:03.0 enp0s3: link up, 100Mbps, full-duplex
[    9.135065] e1000: enp0s8 NIC Link is Up 1000 Mbps Full Duplex, Flow Control: RX
[    9.135342] IPv6: ADDRCONF(NETDEV_CHANGE): enp0s8: link becomes ready
[    9.156988] e1000: enp0s9 NIC Link is Up 1000 Mbps Full Duplex, Flow Control: RX
[    9.157285] IPv6: ADDRCONF(NETDEV_CHANGE): enp0s9: link becomes ready
[    9.815392] device enp0s3 entered promiscuous mode
[    9.836901] audit: type=1400 audit(1768295985.656:42): apparmor="DENIED" operation="open" profile="/usr/sbin/tcpdump" name="/proc/sys/kernel/random/boot_id" pid=630 comm="tcpdump" requested_mask="r" denied_mask="r" fsuid=0 ouid=0
[    9.837789] audit: type=1400 audit(1768295985.656:43): apparmor="DENIED" operation="open" profile="/usr/sbin/tcpdump" name="/proc/sys/kernel/random/boot_id" pid=630 comm="tcpdump" requested_mask="r" denied_mask="r" fsuid=0 ouid=0
[    9.837854] audit: type=1400 audit(1768295985.656:44): apparmor="DENIED" operation="open" profile="/usr/sbin/tcpdump" name="/proc/sys/kernel/random/boot_id" pid=630 comm="tcpdump" requested_mask="r" denied_mask="r" fsuid=0 ouid=0
[    9.838006] audit: type=1400 audit(1768295985.656:45): apparmor="DENIED" operation="open" profile="/usr/sbin/tcpdump" name="/proc/sys/kernel/random/boot_id" pid=630 comm="tcpdump" requested_mask="r" denied_mask="r" fsuid=0 ouid=0
[    9.848748] audit: type=1400 audit(1768295985.680:46): apparmor="DENIED" operation="open" profile="/usr/sbin/tcpdump" name="/proc/sys/kernel/random/boot_id" pid=631 comm="tcpdump" requested_mask="r" denied_mask="r" fsuid=0 ouid=0
[    9.848993] audit: type=1400 audit(1768295985.680:47): apparmor="DENIED" operation="open" profile="/usr/sbin/tcpdump" name="/proc/sys/kernel/random/boot_id" pid=631 comm="tcpdump" requested_mask="r" denied_mask="r" fsuid=0 ouid=0
[    9.849034] audit: type=1400 audit(1768295985.680:48): apparmor="DENIED" operation="open" profile="/usr/sbin/tcpdump" name="/proc/sys/kernel/random/boot_id" pid=631 comm="tcpdump" requested_mask="r" denied_mask="r" fsuid=0 ouid=0
[    9.849087] audit: type=1400 audit(1768295985.680:49): apparmor="DENIED" operation="open" profile="/usr/sbin/tcpdump" name="/proc/sys/kernel/random/boot_id" pid=631 comm="tcpdump" requested_mask="r" denied_mask="r" fsuid=0 ouid=0
[   15.847291] rfkill: input handler disabled
[  210.020757] AAAAA-TCP_FORW: name:enp0s3: saddr:100932208: daddr:16783984
[  210.661843] AAAAA-TCP_FORW: name:enp0s3: saddr:100932208: daddr:16783984
[  210.813738] AAAAA-TCP_FORW: name:enp0s3: saddr:16783984: daddr:100932208
[  211.266493] AAAAA-TCP_FORW: name:enp0s3: saddr:100932208: daddr:16783984
[  211.352757] AAAAA-TCP_FORW: name:enp0s3: saddr:100932208: daddr:16783984
[  211.367793] AAAAA-TCP_FORW: name:enp0s3: saddr:16783984: daddr:100932208
[  211.423646] AAAAA-TCP_FORW: name:enp0s3: saddr:16783984: daddr:100932208
[  211.462629] AAAAA-TCP_FORW: name:enp0s3: saddr:16783984: daddr:100932208
[  211.657538] AAAAA-TCP_FORW: name:enp0s3: saddr:33561200: daddr:100932208
[  211.691519] AAAAA-TCP_FORW: name:enp0s3: saddr:16783984: daddr:100932208
[  211.945675] AAAAA-TCP_FORW: name:enp0s3: saddr:16783984: daddr:100932208
[  212.067121] AAAAA-TCP_FORW: name:enp0s3: saddr:33561200: daddr:100932208
[  212.201136] AAAAA-TCP_FORW: name:enp0s3: saddr:16783984: daddr:100932208
[  212.407547] AAAAA-TCP_FORW: name:enp0s3: saddr:16783984: daddr:100932208
[  212.444210] AAAAA-TCP_FORW: name:enp0s3: saddr:33561200: daddr:100932208
[  212.587911] AAAAA-TCP_FORW: name:enp0s3: saddr:33561200: daddr:100932208
[  212.981277] AAAAA-TCP_FORW: name:enp0s3: saddr:16783984: daddr:100932208
[  213.173934] AAAAA-TCP_FORW: name:enp0s3: saddr:16783984: daddr:100932208
[  213.298513] AAAAA-TCP_FORW: name:enp0s3: saddr:16783984: daddr:100932208
[  213.357423] AAAAA-TCP_FORW: name:enp0s3: saddr:33561200: daddr:100932208
[  213.432941] AAAAA-TCP_FORW: name:enp0s3: saddr:33561200: daddr:100932208
[  213.540839] AAAAA-TCP_FORW: name:enp0s3: saddr:33561200: daddr:100932208
[  213.614424] AAAAA-TCP_FORW: name:enp0s3: saddr:33561200: daddr:100932208
[  213.775307] AAAAA-TCP_FORW: name:enp0s3: saddr:16783984: daddr:100932208
[  213.908860] AAAAA-TCP_FORW: name:enp0s3: saddr:16783984: daddr:100932208
[  286.089925] AAAAA-TCP_FORW: name:enp0s3: saddr:16783984: daddr:100932208
[  286.194088] AAAAA-TCP_FORW: name:enp0s3: saddr:16783984: daddr:100932208
[  286.319221] AAAAA-TCP_FORW: name:enp0s3: saddr:16783984: daddr:100932208
[  286.550003] AAAAA-TCP_FORW: name:enp0s3: saddr:16783984: daddr:100932208
[  286.651344] AAAAA-TCP_FORW: name:enp0s3: saddr:16783984: daddr:100932208
[  286.731100] AAAAA-TCP_FORW: name:enp0s3: saddr:16783984: daddr:100932208
[  286.864518] AAAAA-TCP_FORW: name:enp0s3: saddr:16783984: daddr:100932208
[  286.961894] AAAAA-TCP_FORW: name:enp0s3: saddr:33561200: daddr:100932208
[  287.026866] AAAAA-TCP_FORW: name:enp0s3: saddr:33561200: daddr:100932208
[  287.088084] AAAAA-TCP_FORW: name:enp0s3: saddr:33561200: daddr:100932208
[  287.191296] AAAAA-TCP_FORW: name:enp0s3: saddr:33561200: daddr:100932208
[  287.264097] AAAAA-TCP_FORW: name:enp0s3: saddr:33561200: daddr:100932208
[  287.366620] AAAAA-TCP_FORW: name:enp0s3: saddr:33561200: daddr:100932208
[  287.508669] AAAAA-TCP_FORW: name:enp0s3: saddr:33561200: daddr:100932208
[  287.585875] AAAAA-TCP_FORW: name:enp0s3: saddr:33561200: daddr:100932208
[  287.739791] AAAAA-TCP_FORW: name:enp0s3: saddr:33561200: daddr:100932208
[  287.828556] AAAAA-TCP_FORW: name:enp0s3: saddr:33561200: daddr:100932208
[  287.922439] AAAAA-TCP_FORW: name:enp0s3: saddr:33561200: daddr:100932208
[  287.995822] AAAAA-TCP_FORW: name:enp0s3: saddr:33561200: daddr:100932208
[  288.057017] AAAAA-TCP_FORW: name:enp0s3: saddr:33561200: daddr:100932208
[  288.137797] AAAAA-TCP_FORW: name:enp0s3: saddr:33561200: daddr:100932208
[  288.207824] AAAAA-TCP_FORW: name:enp0s3: saddr:33561200: daddr:100932208
[  288.293942] AAAAA-TCP_FORW: name:enp0s3: saddr:33561200: daddr:100932208
[  288.397729] AAAAA-TCP_FORW: name:enp0s3: saddr:33561200: daddr:100932208
[  288.500038] AAAAA-TCP_FORW: name:enp0s3: saddr:16783984: daddr:100932208
[  288.517628] AAAAA-TCP_FORW: name:enp0s3: saddr:33561200: daddr:100932208
[  288.594039] AAAAA-TCP_FORW: name:enp0s3: saddr:16783984: daddr:100932208
[  288.635518] AAAAA-TCP_FORW: name:enp0s3: saddr:16783984: daddr:100932208
[  288.724778] AAAAA-TCP_FORW: name:enp0s3: saddr:16783984: daddr:100932208
[  288.797712] AAAAA-TCP_FORW: name:enp0s3: saddr:16783984: daddr:100932208
[  288.879722] AAAAA-TCP_FORW: name:enp0s3: saddr:16783984: daddr:100932208
[  288.971847] AAAAA-TCP_FORW: name:enp0s3: saddr:16783984: daddr:100932208
[  289.068056] AAAAA-TCP_FORW: name:enp0s3: saddr:16783984: daddr:100932208
[  289.137700] AAAAA-TCP_FORW: name:enp0s3: saddr:16783984: daddr:100932208
[  289.211446] AAAAA-TCP_FORW: name:enp0s3: saddr:16783984: daddr:100932208
[  289.283839] AAAAA-TCP_FORW: name:enp0s3: saddr:33561200: daddr:100932208
[  289.369198] AAAAA-TCP_FORW: name:enp0s3: saddr:33561200: daddr:100932208
[  289.420421] AAAAA-TCP_FORW: name:enp0s3: saddr:33561200: daddr:100932208
[  289.488180] AAAAA-TCP_FORW: name:enp0s3: saddr:33561200: daddr:100932208
[  289.541217] AAAAA-TCP_FORW: name:enp0s3: saddr:33561200: daddr:100932208
[  289.596521] AAAAA-TCP_FORW: name:enp0s3: saddr:33561200: daddr:100932208
[  289.713709] AAAAA-TCP_FORW: name:enp0s3: saddr:33561200: daddr:100932208
[  289.754568] AAAAA-TCP_FORW: name:enp0s3: saddr:33561200: daddr:100932208
[  289.817297] AAAAA-TCP_FORW: name:enp0s3: saddr:16783984: daddr:100932208
[  289.922101] AAAAA-TCP_FORW: name:enp0s3: saddr:16783984: daddr:100932208
[  289.988948] AAAAA-TCP_FORW: name:enp0s3: saddr:16783984: daddr:100932208
[  290.044742] AAAAA-TCP_FORW: name:enp0s3: saddr:33561200: daddr:100932208
[  290.103349] AAAAA-TCP_FORW: name:enp0s3: saddr:33561200: daddr:100932208
[  290.171835] AAAAA-TCP_FORW: name:enp0s3: saddr:33561200: daddr:100932208
[  290.261290] AAAAA-TCP_FORW: name:enp0s3: saddr:33561200: daddr:100932208
[  290.328639] AAAAA-TCP_FORW: name:enp0s3: saddr:33561200: daddr:100932208
[  290.415685] AAAAA-TCP_FORW: name:enp0s3: saddr:33561200: daddr:100932208
[  290.485784] AAAAA-TCP_FORW: name:enp0s3: saddr:16783984: daddr:100932208
[  290.518413] AAAAA-TCP_FORW: name:enp0s3: saddr:16783984: daddr:100932208
[  290.634294] AAAAA-TCP_FORW: name:enp0s3: saddr:16783984: daddr:100932208
[  290.791094] AAAAA-TCP_FORW: name:enp0s3: saddr:16783984: daddr:100932208
[  290.866569] AAAAA-TCP_FORW: name:enp0s3: saddr:16783984: daddr:100932208
[  290.952371] AAAAA-TCP_FORW: name:enp0s3: saddr:16783984: daddr:100932208
[  291.023822] AAAAA-TCP_FORW: name:enp0s3: saddr:16783984: daddr:100932208
[  291.078049] AAAAA-TCP_FORW: name:enp0s3: saddr:16783984: daddr:100932208
[  291.220357] AAAAA-TCP_FORW: name:enp0s3: saddr:16783984: daddr:100932208
[  291.318049] AAAAA-TCP_FORW: name:enp0s3: saddr:16783984: daddr:100932208
[  291.470679] AAAAA-TCP_FORW: name:enp0s3: saddr:16783984: daddr:100932208
[  291.555911] AAAAA-TCP_FORW: name:enp0s3: saddr:16783984: daddr:100932208
[  291.623854] AAAAA-TCP_FORW: name:enp0s3: saddr:16783984: daddr:100932208
[  291.649307] AAAAA-TCP_FORW: name:enp0s3: saddr:33561200: daddr:100932208
[  291.665634] AAAAA-TCP_FORW: name:enp0s3: saddr:33561200: daddr:100932208
[  291.777648] AAAAA-TCP_FORW: name:enp0s3: saddr:33561200: daddr:100932208
[  291.828363] AAAAA-TCP_FORW: name:enp0s3: saddr:16783984: daddr:100932208
[  291.884079] AAAAA-TCP_FORW: name:enp0s3: saddr:16783984: daddr:100932208
[  291.971157] AAAAA-TCP_FORW: name:enp0s3: saddr:16783984: daddr:100932208
[  292.060784] AAAAA-TCP_FORW: name:enp0s3: saddr:16783984: daddr:100932208
[  292.138095] AAAAA-TCP_FORW: name:enp0s3: saddr:33561200: daddr:100932208
[  342.618456] AAAAA-TCP_FORW: name:enp0s3: saddr:33561200: daddr:100932208
[  342.723687] AAAAA-TCP_FORW: name:enp0s3: saddr:33561200: daddr:100932208
[  342.866701] AAAAA-TCP_FORW: name:enp0s3: saddr:33561200: daddr:100932208
[  343.010331] AAAAA-TCP_FORW: name:enp0s3: saddr:33561200: daddr:100932208
[  343.089491] AAAAA-TCP_FORW: name:enp0s3: saddr:33561200: daddr:100932208
[  343.202910] AAAAA-TCP_FORW: name:enp0s3: saddr:33561200: daddr:100932208
[  343.369543] AAAAA-TCP_FORW: name:enp0s3: saddr:16783984: daddr:100932208
[  343.490209] AAAAA-TCP_FORW: name:enp0s3: saddr:16783984: daddr:100932208
[  343.586215] AAAAA-TCP_FORW: name:enp0s3: saddr:16783984: daddr:100932208
[  343.687117] AAAAA-TCP_FORW: name:enp0s3: saddr:16783984: daddr:100932208
[  343.782905] AAAAA-TCP_FORW: name:enp0s3: saddr:16783984: daddr:100932208
[  343.843551] AAAAA-TCP_FORW: name:enp0s3: saddr:16783984: daddr:100932208
[  343.949103] AAAAA-TCP_FORW: name:enp0s3: saddr:16783984: daddr:100932208
[  344.055639] AAAAA-TCP_FORW: name:enp0s3: saddr:33561200: daddr:100932208
[  344.142888] AAAAA-TCP_FORW: name:enp0s3: saddr:33561200: daddr:100932208
[  344.254415] AAAAA-TCP_FORW: name:enp0s3: saddr:33561200: daddr:100932208
[  344.342246] AAAAA-TCP_FORW: name:enp0s3: saddr:33561200: daddr:100932208
[  344.396399] AAAAA-TCP_FORW: name:enp0s3: saddr:33561200: daddr:100932208
[  344.473734] AAAAA-TCP_FORW: name:enp0s3: saddr:16783984: daddr:100932208
[  344.565915] AAAAA-TCP_FORW: name:enp0s3: saddr:16783984: daddr:100932208
[  344.664354] AAAAA-TCP_FORW: name:enp0s3: saddr:16783984: daddr:100932208
[  344.758969] AAAAA-TCP_FORW: name:enp0s3: saddr:16783984: daddr:100932208
[  344.842961] AAAAA-TCP_FORW: name:enp0s3: saddr:33561200: daddr:100932208
[  344.914800] AAAAA-TCP_FORW: name:enp0s3: saddr:33561200: daddr:100932208
[  345.007940] AAAAA-TCP_FORW: name:enp0s3: saddr:33561200: daddr:100932208
[  345.096544] AAAAA-TCP_FORW: name:enp0s3: saddr:16783984: daddr:100932208
[  345.165616] AAAAA-TCP_FORW: name:enp0s3: saddr:16783984: daddr:100932208
[  345.269753] AAAAA-TCP_FORW: name:enp0s3: saddr:33561200: daddr:100932208
[  345.355587] AAAAA-TCP_FORW: name:enp0s3: saddr:33561200: daddr:100932208
[  345.407970] AAAAA-TCP_FORW: name:enp0s3: saddr:33561200: daddr:100932208
[  345.509190] AAAAA-TCP_FORW: name:enp0s3: saddr:16783984: daddr:100932208
[  345.581173] AAAAA-TCP_FORW: name:enp0s3: saddr:16783984: daddr:100932208
[  345.632270] AAAAA-TCP_FORW: name:enp0s3: saddr:33561200: daddr:100932208
[  345.674685] AAAAA-TCP_FORW: name:enp0s3: saddr:16783984: daddr:100932208
[  345.924218] AAAAA-TCP_FORW: name:enp0s3: saddr:16783984: daddr:100932208
[  346.002307] AAAAA-TCP_FORW: name:enp0s3: saddr:33561200: daddr:100932208
[  346.116195] AAAAA-TCP_FORW: name:enp0s3: saddr:16783984: daddr:100932208
[  346.237632] AAAAA-TCP_FORW: name:enp0s3: saddr:33561200: daddr:100932208
[  347.124222] AAAAA-TCP_FORW: name:enp0s3: saddr:33561200: daddr:100932208
[  347.411955] AAAAA-TCP_FORW: name:enp0s3: saddr:33561200: daddr:100932208
[  347.534311] AAAAA-TCP_FORW: name:enp0s3: saddr:16783984: daddr:100932208
[  348.331234] AAAAA-TCP_FORW: name:enp0s3: saddr:33561200: daddr:100932208
[  722.096242] rfkill: input handler enabled
[  731.236406] rfkill: input handler disabled
[  941.925872] device enp0s3 left promiscuous mode
