[    0.000000] Linux version 5.4.243-mptcp (root@ztg) (gcc version 12.2.0 (Debian 12.2.0-14+deb12u1)) #53 SMP Wed Dec 24 23:28:15 CST 2025
[    0.000000] Command line: BOOT_IMAGE=/boot/vmlinuz-5.4.243-mptcp root=UUID=98415a12-53b7-4144-8265-0f7ece09e445 ro quiet splash
[    0.000000] KERNEL supported cpus:
[    0.000000]   Intel GenuineIntel
[    0.000000]   AMD AuthenticAMD
[    0.000000]   Hygon HygonGenuine
[    0.000000]   Centaur CentaurHauls
[    0.000000]   zhaoxin   Shanghai  
[    0.000000] x86/fpu: Supporting XSAVE feature 0x001: 'x87 floating point registers'
[    0.000000] x86/fpu: Supporting XSAVE feature 0x002: 'SSE registers'
[    0.000000] x86/fpu: Supporting XSAVE feature 0x004: 'AVX registers'
[    0.000000] x86/fpu: xstate_offset[2]:  576, xstate_sizes[2]:  256
[    0.000000] x86/fpu: Enabled xstate features 0x7, context size is 832 bytes, using 'standard' format.
[    0.000000] BIOS-provided physical RAM map:
[    0.000000] BIOS-e820: [mem 0x0000000000000000-0x000000000009fbff] usable
[    0.000000] BIOS-e820: [mem 0x000000000009fc00-0x000000000009ffff] reserved
[    0.000000] BIOS-e820: [mem 0x00000000000f0000-0x00000000000fffff] reserved
[    0.000000] BIOS-e820: [mem 0x0000000000100000-0x000000007ffeffff] usable
[    0.000000] BIOS-e820: [mem 0x000000007fff0000-0x000000007fffffff] ACPI data
[    0.000000] BIOS-e820: [mem 0x00000000fec00000-0x00000000fec00fff] reserved
[    0.000000] BIOS-e820: [mem 0x00000000fee00000-0x00000000fee00fff] reserved
[    0.000000] BIOS-e820: [mem 0x00000000fffc0000-0x00000000ffffffff] reserved
[    0.000000] NX (Execute Disable) protection: active
[    0.000000] SMBIOS 2.5 present.
[    0.000000] DMI: innotek GmbH VirtualBox/VirtualBox, BIOS VirtualBox 12/01/2006
[    0.000000] Hypervisor detected: KVM
[    0.000000] kvm-clock: Using msrs 4b564d01 and 4b564d00
[    0.000000] kvm-clock: cpu 0, msr 77001001, primary cpu clock
[    0.000000] kvm-clock: using sched offset of 4411778987 cycles
[    0.000002] clocksource: kvm-clock: mask: 0xffffffffffffffff max_cycles: 0x1cd42e4dffb, max_idle_ns: 881590591483 ns
[    0.000005] tsc: Detected 2100.000 MHz processor
[    0.001866] e820: update [mem 0x00000000-0x00000fff] usable ==> reserved
[    0.001868] e820: remove [mem 0x000a0000-0x000fffff] usable
[    0.001873] last_pfn = 0x7fff0 max_arch_pfn = 0x400000000
[    0.001941] MTRR default type: uncachable
[    0.001942] MTRR fixed ranges enabled:
[    0.001944]   00000-9FFFF write-back
[    0.001944]   A0000-BFFFF uncachable
[    0.001945]   C0000-FFFFF write-protect
[    0.001946] MTRR variable ranges enabled:
[    0.001947]   0 base 000000000000 mask 3FFF80000000 write-back
[    0.001948]   1 disabled
[    0.001948]   2 disabled
[    0.001949]   3 disabled
[    0.001949]   4 disabled
[    0.001949]   5 disabled
[    0.001950]   6 disabled
[    0.001950]   7 disabled
[    0.001951]   8 disabled
[    0.001951]   9 disabled
[    0.001951]   10 disabled
[    0.001952]   11 disabled
[    0.001952]   12 disabled
[    0.001953]   13 disabled
[    0.001953]   14 disabled
[    0.001954]   15 disabled
[    0.001970] x86/PAT: Configuration [0-7]: WB  WC  UC- UC  WB  WP  UC- WT  
[    0.002103] found SMP MP-table at [mem 0x0009fff0-0x0009ffff]
[    0.091324] check: Scanning 1 areas for low memory corruption
[    0.091576] RAMDISK: [mem 0x32271000-0x3512ffff]
[    0.091585] ACPI: Early table checksum verification disabled
[    0.091590] ACPI: RSDP 0x00000000000E0000 000024 (v02 VBOX  )
[    0.091594] ACPI: XSDT 0x000000007FFF0030 00003C (v01 VBOX   VBOXXSDT 00000001 ASL  00000061)
[    0.091600] ACPI: FACP 0x000000007FFF00F0 0000F4 (v04 VBOX   VBOXFACP 00000001 ASL  00000061)
[    0.091607] ACPI: DSDT 0x000000007FFF02E0 002353 (v02 VBOX   VBOXBIOS 00000002 VBOX 00029BF3)
[    0.091611] ACPI: FACS 0x000000007FFF0200 000040
[    0.091614] ACPI: FACS 0x000000007FFF0200 000040
[    0.091617] ACPI: APIC 0x000000007FFF0240 000054 (v02 VBOX   VBOXAPIC 00000001 ASL  00000061)
[    0.091621] ACPI: SSDT 0x000000007FFF02A0 000038 (v01 VBOX   VBOXCPUT 00000002 VBOX 00029BF3)
[    0.091624] ACPI: Reserving FACP table memory at [mem 0x7fff00f0-0x7fff01e3]
[    0.091625] ACPI: Reserving DSDT table memory at [mem 0x7fff02e0-0x7fff2632]
[    0.091626] ACPI: Reserving FACS table memory at [mem 0x7fff0200-0x7fff023f]
[    0.091627] ACPI: Reserving FACS table memory at [mem 0x7fff0200-0x7fff023f]
[    0.091627] ACPI: Reserving APIC table memory at [mem 0x7fff0240-0x7fff0293]
[    0.091628] ACPI: Reserving SSDT table memory at [mem 0x7fff02a0-0x7fff02d7]
[    0.091643] ACPI: Local APIC address 0xfee00000
[    0.091834] No NUMA configuration found
[    0.091835] Faking a node at [mem 0x0000000000000000-0x000000007ffeffff]
[    0.091845] NODE_DATA(0) allocated [mem 0x7ffc5000-0x7ffeffff]
[    0.092105] Zone ranges:
[    0.092107]   DMA      [mem 0x0000000000001000-0x0000000000ffffff]
[    0.092108]   DMA32    [mem 0x0000000001000000-0x000000007ffeffff]
[    0.092109]   Normal   empty
[    0.092109]   Device   empty
[    0.092110] Movable zone start for each node
[    0.092112] Early memory node ranges
[    0.092113]   node   0: [mem 0x0000000000001000-0x000000000009efff]
[    0.092114]   node   0: [mem 0x0000000000100000-0x000000007ffeffff]
[    0.092117] Zeroed struct page in unavailable ranges: 114 pages
[    0.092118] Initmem setup node 0 [mem 0x0000000000001000-0x000000007ffeffff]
[    0.092119] On node 0 totalpages: 524174
[    0.092120]   DMA zone: 64 pages used for memmap
[    0.092121]   DMA zone: 21 pages reserved
[    0.092122]   DMA zone: 3998 pages, LIFO batch:0
[    0.092192]   DMA32 zone: 8128 pages used for memmap
[    0.092192]   DMA32 zone: 520176 pages, LIFO batch:63
[    0.101226] ACPI: PM-Timer IO Port: 0x4008
[    0.101229] ACPI: Local APIC address 0xfee00000
[    0.101296] IOAPIC[0]: apic_id 1, version 32, address 0xfec00000, GSI 0-23
[    0.101299] ACPI: INT_SRC_OVR (bus 0 bus_irq 0 global_irq 2 dfl dfl)
[    0.101301] ACPI: INT_SRC_OVR (bus 0 bus_irq 9 global_irq 9 low level)
[    0.101303] ACPI: IRQ0 used by override.
[    0.101304] ACPI: IRQ9 used by override.
[    0.101307] Using ACPI (MADT) for SMP configuration information
[    0.101313] smpboot: Allowing 1 CPUs, 0 hotplug CPUs
[    0.101336] PM: Registered nosave memory: [mem 0x00000000-0x00000fff]
[    0.101337] PM: Registered nosave memory: [mem 0x0009f000-0x0009ffff]
[    0.101338] PM: Registered nosave memory: [mem 0x000a0000-0x000effff]
[    0.101338] PM: Registered nosave memory: [mem 0x000f0000-0x000fffff]
[    0.101340] [mem 0x80000000-0xfebfffff] available for PCI devices
[    0.101341] Booting paravirtualized kernel on KVM
[    0.101344] clocksource: refined-jiffies: mask: 0xffffffff max_cycles: 0xffffffff, max_idle_ns: 7645519600211568 ns
[    0.101349] setup_percpu: NR_CPUS:8192 nr_cpumask_bits:1 nr_cpu_ids:1 nr_node_ids:1
[    0.102370] percpu: Embedded 60 pages/cpu s208896 r8192 d28672 u2097152
[    0.102374] pcpu-alloc: s208896 r8192 d28672 u2097152 alloc=1*2097152
[    0.102375] pcpu-alloc: [0] 0 
[    0.102401] Built 1 zonelists, mobility grouping on.  Total pages: 515961
[    0.102402] Policy zone: DMA32
[    0.102403] Kernel command line: BOOT_IMAGE=/boot/vmlinuz-5.4.243-mptcp root=UUID=98415a12-53b7-4144-8265-0f7ece09e445 ro quiet splash
[    0.103239] Dentry cache hash table entries: 262144 (order: 9, 2097152 bytes, linear)
[    0.103388] Inode-cache hash table entries: 131072 (order: 8, 1048576 bytes, linear)
[    0.103438] mem auto-init: stack:off, heap alloc:on, heap free:off
[    0.103440] Calgary: detecting Calgary via BIOS EBDA area
[    0.103441] Calgary: Unable to locate Rio Grande table in EBDA - bailing!
[    0.107686] Memory: 1967332K/2096696K available (14339K kernel code, 2398K rwdata, 4712K rodata, 2728K init, 17260K bss, 129364K reserved, 0K cma-reserved)
[    0.108615] SLUB: HWalign=64, Order=0-3, MinObjects=0, CPUs=1, Nodes=1
[    0.108631] ftrace: allocating 43186 entries in 169 pages
[    0.126668] rcu: Hierarchical RCU implementation.
[    0.126669] rcu: 	RCU restricting CPUs from NR_CPUS=8192 to nr_cpu_ids=1.
[    0.126671] 	Tasks RCU enabled.
[    0.126672] rcu: RCU calculated value of scheduler-enlistment delay is 25 jiffies.
[    0.126673] rcu: Adjusting geometry for rcu_fanout_leaf=16, nr_cpu_ids=1
[    0.129637] NR_IRQS: 524544, nr_irqs: 256, preallocated irqs: 16
[    0.129848] random: crng init done
[    0.139213] Console: colour VGA+ 80x25
[    0.139218] printk: console [tty0] enabled
[    0.139238] ACPI: Core revision 20190816
[    0.139328] APIC: Switch to symmetric I/O mode setup
[    0.139577] x2apic enabled
[    0.139813] Switched APIC routing to physical x2apic.
[    0.140945] ..TIMER: vector=0x30 apic1=0 pin1=2 apic2=-1 pin2=-1
[    0.140970] clocksource: tsc-early: mask: 0xffffffffffffffff max_cycles: 0x1e4530a99b6, max_idle_ns: 440795257976 ns
[    0.140975] Calibrating delay loop (skipped) preset value.. 4200.00 BogoMIPS (lpj=8400000)
[    0.140977] pid_max: default: 32768 minimum: 301
[    0.141006] LSM: Security Framework initializing
[    0.141016] Yama: becoming mindful.
[    0.141042] AppArmor: AppArmor initialized
[    0.141075] Mount-cache hash table entries: 4096 (order: 3, 32768 bytes, linear)
[    0.141080] Mountpoint-cache hash table entries: 4096 (order: 3, 32768 bytes, linear)
[    0.141091] *** VALIDATE tmpfs ***
[    0.141226] *** VALIDATE proc ***
[    0.141268] *** VALIDATE cgroup1 ***
[    0.141270] *** VALIDATE cgroup2 ***
[    0.141410] process: using mwait in idle threads
[    0.141415] Last level iTLB entries: 4KB 64, 2MB 8, 4MB 8
[    0.141416] Last level dTLB entries: 4KB 64, 2MB 0, 4MB 0, 1GB 4
[    0.141436] Spectre V1 : Mitigation: usercopy/swapgs barriers and __user pointer sanitization
[    0.141442] Spectre V2 : Mitigation: Retpolines
[    0.141442] Spectre V2 : Spectre v2 / SpectreRSB mitigation: Filling RSB on context switch
[    0.141443] Spectre V2 : Spectre v2 / SpectreRSB : Filling RSB on VMEXIT
[    0.141444] RETBleed: WARNING: Spectre v2 mitigation leaves CPU vulnerable to RETBleed attacks, data leaks possible!
[    0.141808] RETBleed: Vulnerable
[    0.141809] Speculative Store Bypass: Vulnerable
[    0.141813] TAA: Mitigation: TSX disabled
[    0.141814] MMIO Stale Data: Mitigation: Clear CPU buffers
[    0.146033] Freeing SMP alternatives memory: 40K
[    0.257563] smpboot: CPU0: Intel(R) Xeon(R) Silver 4216 CPU @ 2.10GHz (family: 0x6, model: 0x55, stepping: 0x7)
[    0.257686] Performance Events: unsupported p6 CPU model 85 no PMU driver, software events only.
[    0.257721] rcu: Hierarchical SRCU implementation.
[    0.258193] NMI watchdog: Perf NMI watchdog permanently disabled
[    0.258231] smp: Bringing up secondary CPUs ...
[    0.258233] smp: Brought up 1 node, 1 CPU
[    0.258234] smpboot: Max logical packages: 1
[    0.258235] smpboot: Total of 1 processors activated (4200.00 BogoMIPS)
[    0.259233] devtmpfs: initialized
[    0.259280] x86/mm: Memory block size: 128MB
[    0.259625] clocksource: jiffies: mask: 0xffffffff max_cycles: 0xffffffff, max_idle_ns: 7645041785100000 ns
[    0.259630] futex hash table entries: 256 (order: 2, 16384 bytes, linear)
[    0.259672] pinctrl core: initialized pinctrl subsystem
[    0.259774] PM: RTC time: 21:27:24, date: 2026-01-11
[    0.259881] NET: Registered protocol family 16
[    0.259954] audit: initializing netlink subsys (disabled)
[    0.260080] EISA bus registered
[    0.260081] cpuidle: using governor ladder
[    0.260082] cpuidle: using governor menu
[    0.260118] ACPI: bus type PCI registered
[    0.260119] acpiphp: ACPI Hot Plug PCI Controller Driver version: 0.5
[    0.260222] PCI: Using configuration type 1 for base access
[    0.261290] audit: type=2000 audit(1768138050.442:1): state=initialized audit_enabled=0 res=1
[    0.261380] HugeTLB registered 2.00 MiB page size, pre-allocated 0 pages
[    0.262397] ACPI: Added _OSI(Module Device)
[    0.262398] ACPI: Added _OSI(Processor Device)
[    0.262399] ACPI: Added _OSI(3.0 _SCP Extensions)
[    0.262400] ACPI: Added _OSI(Processor Aggregator Device)
[    0.262401] ACPI: Added _OSI(Linux-Dell-Video)
[    0.262402] ACPI: Added _OSI(Linux-Lenovo-NV-HDMI-Audio)
[    0.262404] ACPI: Added _OSI(Linux-HPI-Hybrid-Graphics)
[    0.264583] ACPI: 2 ACPI AML tables successfully acquired and loaded
[    0.266412] ACPI: Interpreter enabled
[    0.266425] ACPI: (supports S0 S5)
[    0.266426] ACPI: Using IOAPIC for interrupt routing
[    0.266652] PCI: Using host bridge windows from ACPI; if necessary, use "pci=nocrs" and report a bug
[    0.266760] ACPI: Enabled 2 GPEs in block 00 to 07
[    0.273314] ACPI: PCI Root Bridge [PCI0] (domain 0000 [bus 00-ff])
[    0.273320] acpi PNP0A03:00: _OSC: OS supports [ASPM ClockPM Segments MSI HPX-Type3]
[    0.273801] acpi PNP0A03:00: _OSC: not requesting OS control; OS requires [ExtendedConfig ASPM ClockPM MSI]
[    0.273812] acpi PNP0A03:00: fail to add MMCONFIG information, can't access extended PCI configuration space under this bridge.
[    0.274265] PCI host bridge to bus 0000:00
[    0.274268] pci_bus 0000:00: root bus resource [io  0x0000-0x0cf7 window]
[    0.274269] pci_bus 0000:00: root bus resource [io  0x0d00-0xffff window]
[    0.274271] pci_bus 0000:00: root bus resource [mem 0x000a0000-0x000bffff window]
[    0.274273] pci_bus 0000:00: root bus resource [mem 0x80000000-0xfdffffff window]
[    0.274275] pci_bus 0000:00: root bus resource [bus 00-ff]
[    0.274317] pci 0000:00:00.0: [8086:1237] type 00 class 0x060000
[    0.275368] pci 0000:00:01.0: [8086:7000] type 00 class 0x060100
[    0.276231] pci 0000:00:01.1: [8086:7111] type 00 class 0x01018a
[    0.276646] pci 0000:00:01.1: reg 0x20: [io  0xd000-0xd00f]
[    0.276809] pci 0000:00:01.1: legacy IDE quirk: reg 0x10: [io  0x01f0-0x01f7]
[    0.276810] pci 0000:00:01.1: legacy IDE quirk: reg 0x14: [io  0x03f6]
[    0.276811] pci 0000:00:01.1: legacy IDE quirk: reg 0x18: [io  0x0170-0x0177]
[    0.276812] pci 0000:00:01.1: legacy IDE quirk: reg 0x1c: [io  0x0376]
[    0.277396] pci 0000:00:02.0: [15ad:0405] type 00 class 0x030000
[    0.280972] pci 0000:00:02.0: reg 0x10: [io  0xd010-0xd01f]
[    0.281049] pci 0000:00:02.0: reg 0x14: [mem 0xe0000000-0xe7ffffff pref]
[    0.285022] pci 0000:00:02.0: reg 0x18: [mem 0xf0000000-0xf01fffff]
[    0.297628] pci 0000:00:03.0: [1022:2000] type 00 class 0x020000
[    0.298313] pci 0000:00:03.0: reg 0x10: [io  0xd020-0xd03f]
[    0.298916] pci 0000:00:03.0: reg 0x14: [mem 0xf0200000-0xf0200fff]
[    0.302921] pci 0000:00:04.0: [80ee:cafe] type 00 class 0x088000
[    0.303593] pci 0000:00:04.0: reg 0x10: [io  0xd040-0xd05f]
[    0.304200] pci 0000:00:04.0: reg 0x14: [mem 0xf0400000-0xf07fffff]
[    0.304807] pci 0000:00:04.0: reg 0x18: [mem 0xf0800000-0xf0803fff pref]
[    0.308028] pci 0000:00:07.0: [8086:7113] type 00 class 0x068000
[    0.308570] pci 0000:00:07.0: quirk: [io  0x4000-0x403f] claimed by PIIX4 ACPI
[    0.308581] pci 0000:00:07.0: quirk: [io  0x4100-0x410f] claimed by PIIX4 SMB
[    0.309034] pci 0000:00:08.0: [8086:100e] type 00 class 0x020000
[    0.309743] pci 0000:00:08.0: reg 0x10: [mem 0xf0820000-0xf083ffff]
[    0.310908] pci 0000:00:08.0: reg 0x18: [io  0xd060-0xd067]
[    0.314607] pci 0000:00:09.0: [8086:100e] type 00 class 0x020000
[    0.315314] pci 0000:00:09.0: reg 0x10: [mem 0xf0840000-0xf085ffff]
[    0.316467] pci 0000:00:09.0: reg 0x18: [io  0xd068-0xd06f]
[    0.325983] ACPI: PCI Interrupt Link [LNKA] (IRQs 5 9 10 *11)
[    0.326265] ACPI: PCI Interrupt Link [LNKB] (IRQs 5 9 *10 11)
[    0.326370] ACPI: PCI Interrupt Link [LNKC] (IRQs 5 *9 10 11)
[    0.326471] ACPI: PCI Interrupt Link [LNKD] (IRQs 5 9 10 *11)
[    0.326725] iommu: Default domain type: Translated 
[    0.326783] pci 0000:00:02.0: vgaarb: setting as boot VGA device
[    0.326785] pci 0000:00:02.0: vgaarb: VGA device added: decodes=io+mem,owns=io+mem,locks=none
[    0.326787] pci 0000:00:02.0: vgaarb: bridge control possible
[    0.326787] vgaarb: loaded
[    0.326994] SCSI subsystem initialized
[    0.327025] libata version 3.00 loaded.
[    0.327047] ACPI: bus type USB registered
[    0.327062] usbcore: registered new interface driver usbfs
[    0.327068] usbcore: registered new interface driver hub
[    0.327073] usbcore: registered new device driver usb
[    0.327097] pps_core: LinuxPPS API ver. 1 registered
[    0.327098] pps_core: Software ver. 5.3.6 - Copyright 2005-2007 Rodolfo Giometti <giometti@linux.it>
[    0.327100] PTP clock support registered
[    0.327136] EDAC MC: Ver: 3.0.0
[    0.329235] PCI: Using ACPI for IRQ routing
[    0.329236] PCI: pci_cache_line_size set to 64 bytes
[    0.329401] e820: reserve RAM buffer [mem 0x0009fc00-0x0009ffff]
[    0.329405] e820: reserve RAM buffer [mem 0x7fff0000-0x7fffffff]
[    0.330192] NetLabel: Initializing
[    0.330192] NetLabel:  domain hash size = 128
[    0.330193] NetLabel:  protocols = UNLABELED CIPSOv4 CALIPSO
[    0.330212] NetLabel:  unlabeled traffic allowed by default
[    0.331124] clocksource: Switched to clocksource kvm-clock
[    0.343437] *** VALIDATE bpf ***
[    0.343494] VFS: Disk quotas dquot_6.6.0
[    0.343507] VFS: Dquot-cache hash table entries: 512 (order 0, 4096 bytes)
[    0.343529] *** VALIDATE ramfs ***
[    0.343531] *** VALIDATE hugetlbfs ***
[    0.343609] AppArmor: AppArmor Filesystem Enabled
[    0.343633] pnp: PnP ACPI init
[    0.343693] pnp 00:00: Plug and Play ACPI device, IDs PNP0303 (active)
[    0.343776] pnp 00:01: Plug and Play ACPI device, IDs PNP0f03 (active)
[    0.344514] pnp: PnP ACPI: found 2 devices
[    0.345503] thermal_sys: Registered thermal governor 'fair_share'
[    0.345503] thermal_sys: Registered thermal governor 'bang_bang'
[    0.345504] thermal_sys: Registered thermal governor 'step_wise'
[    0.345505] thermal_sys: Registered thermal governor 'user_space'
[    0.345505] thermal_sys: Registered thermal governor 'power_allocator'
[    0.350037] clocksource: acpi_pm: mask: 0xffffff max_cycles: 0xffffff, max_idle_ns: 2085701024 ns
[    0.350077] pci_bus 0000:00: resource 4 [io  0x0000-0x0cf7 window]
[    0.350079] pci_bus 0000:00: resource 5 [io  0x0d00-0xffff window]
[    0.350080] pci_bus 0000:00: resource 6 [mem 0x000a0000-0x000bffff window]
[    0.350082] pci_bus 0000:00: resource 7 [mem 0x80000000-0xfdffffff window]
[    0.350136] NET: Registered protocol family 2
[    0.350211] IP idents hash table entries: 32768 (order: 6, 262144 bytes, linear)
[    0.350617] MPTCP tokens hash table entries: 8192 (order: 4, 65536 bytes, linear)
[    0.350637] MPTCP request tokens hash table entries: 8192 (order: 4, 65536 bytes, linear)
[    0.350662] default registered
[    0.350663] default registered
[    0.350663] MPTCP: Stable release v0.96
[    0.350668] tcp_listen_portaddr_hash hash table entries: 1024 (order: 2, 16384 bytes, linear)
[    0.350748] TCP established hash table entries: 16384 (order: 5, 131072 bytes, linear)
[    0.350813] TCP bind hash table entries: 16384 (order: 6, 262144 bytes, linear)
[    0.350838] TCP: Hash tables configured (established 16384 bind 16384)
[    0.351565] UDP hash table entries: 1024 (order: 3, 32768 bytes, linear)
[    0.351577] UDP-Lite hash table entries: 1024 (order: 3, 32768 bytes, linear)
[    0.351612] NET: Registered protocol family 1
[    0.351620] NET: Registered protocol family 44
[    0.351641] pci 0000:00:00.0: Limiting direct PCI/PCI transfers
[    0.351653] pci 0000:00:01.0: Activating ISA DMA hang workarounds
[    0.351709] pci 0000:00:02.0: Video device with shadowed ROM at [mem 0x000c0000-0x000dffff]
[    0.351767] PCI: CLS 0 bytes, default 64
[    0.351814] Trying to unpack rootfs image as initramfs...
[    0.519154] Freeing initrd memory: 47868K
[    0.519154] clocksource: tsc: mask: 0xffffffffffffffff max_cycles: 0x1e4530a99b6, max_idle_ns: 440795257976 ns
[    0.519154] clocksource: Switched to clocksource tsc
[    0.519154] platform rtc_cmos: registered platform RTC device (no PNP device found)
[    0.519154] check: Scanning for low memory corruption every 60 seconds
[    0.519154] Initialise system trusted keyrings
[    0.519154] Key type blacklist registered
[    0.519154] workingset: timestamp_bits=36 max_order=19 bucket_order=0
[    0.519154] zbud: loaded
[    0.519154] squashfs: version 4.0 (2009/01/31) Phillip Lougher
[    0.519154] fuse: init (API version 7.31)
[    0.519154] *** VALIDATE fuse ***
[    0.519154] *** VALIDATE fuse ***
[    0.519154] Platform Keyring initialized
[    0.519154] Key type asymmetric registered
[    0.519154] Asymmetric key parser 'x509' registered
[    0.519154] Block layer SCSI generic (bsg) driver version 0.4 loaded (major 244)
[    0.519154] io scheduler mq-deadline registered
[    0.519154] shpchp: Standard Hot Plug PCI Controller Driver version: 0.4
[    0.533110] ACPI: AC Adapter [AC] (on-line)
[    0.533155] input: Power Button as /devices/LNXSYSTM:00/LNXPWRBN:00/input/input0
[    0.533182] ACPI: Power Button [PWRF]
[    0.533259] input: Sleep Button as /devices/LNXSYSTM:00/LNXSLPBN:00/input/input1
[    0.533273] ACPI: Sleep Button [SLPF]
[    0.533500] Serial: 8250/16550 driver, 32 ports, IRQ sharing enabled
[    0.534632] Linux agpgart interface v0.103
[    0.623166] loop: module loaded
[    0.623300] ata_piix 0000:00:01.1: version 2.13
[    0.623695] scsi host0: ata_piix
[    0.623782] scsi host1: ata_piix
[    0.623808] ata1: PATA max UDMA/33 cmd 0x1f0 ctl 0x3f6 bmdma 0xd000 irq 14
[    0.623809] ata2: PATA max UDMA/33 cmd 0x170 ctl 0x376 bmdma 0xd008 irq 15
[    0.623887] tun: Universal TUN/TAP device driver, 1.6
[    0.624184] PPP generic driver version 2.4.2
[    0.624224] VFIO - User Level meta-driver version: 0.3
[    0.624455] ehci_hcd: USB 2.0 'Enhanced' Host Controller (EHCI) Driver
[    0.624459] ehci-pci: EHCI PCI platform driver
[    0.624472] ehci-platform: EHCI generic platform driver
[    0.624477] ohci_hcd: USB 1.1 'Open' Host Controller (OHCI) Driver
[    0.624478] ohci-pci: OHCI PCI platform driver
[    0.624485] ohci-platform: OHCI generic platform driver
[    0.624489] uhci_hcd: USB Universal Host Controller Interface driver
[    0.624550] i8042: PNP: PS/2 Controller [PNP0303:PS2K,PNP0f03:PS2M] at 0x60,0x64 irq 1,12
[    0.624989] serio: i8042 KBD port at 0x60,0x64 irq 1
[    0.624993] serio: i8042 AUX port at 0x60,0x64 irq 12
[    0.625077] mousedev: PS/2 mouse device common for all mice
[    0.625322] input: AT Translated Set 2 keyboard as /devices/platform/i8042/serio0/input/input2
[    0.625717] rtc_cmos rtc_cmos: registered as rtc0
[    0.625731] rtc_cmos rtc_cmos: alarms up to one day, 114 bytes nvram
[    0.625736] i2c /dev entries driver
[    0.625774] device-mapper: uevent: version 1.0.3
[    0.625815] device-mapper: ioctl: 4.41.0-ioctl (2019-09-16) initialised: dm-devel@redhat.com
[    0.625830] platform eisa.0: Probing EISA bus 0
[    0.625831] platform eisa.0: EISA: Cannot allocate resource for mainboard
[    0.625832] platform eisa.0: Cannot allocate resource for EISA slot 1
[    0.625833] platform eisa.0: Cannot allocate resource for EISA slot 2
[    0.625834] platform eisa.0: Cannot allocate resource for EISA slot 3
[    0.625835] platform eisa.0: Cannot allocate resource for EISA slot 4
[    0.625836] platform eisa.0: Cannot allocate resource for EISA slot 5
[    0.625837] platform eisa.0: Cannot allocate resource for EISA slot 6
[    0.625838] platform eisa.0: Cannot allocate resource for EISA slot 7
[    0.625839] platform eisa.0: Cannot allocate resource for EISA slot 8
[    0.625840] platform eisa.0: EISA: Detected 0 cards
[    0.625843] intel_pstate: CPU model not supported
[    0.625852] ledtrig-cpu: registered to indicate activity on CPUs
[    0.625904] drop_monitor: Initializing network drop monitor service
[    0.626061] NET: Registered protocol family 10
[    0.631117] Segment Routing with IPv6
[    0.631144] fullmesh registered
[    0.631145] ndiffports registered
[    0.631147] binder registered
[    0.631147] roundrobin registered
[    0.631148] redundant registered
[    0.631149] blest registered
[    0.631149] ecf registered
[    0.631150] NET: Registered protocol family 17
[    0.631180] Key type dns_resolver registered
[    0.631276] RAS: Correctable Errors collector initialized.
[    0.631279] IPI shorthand broadcast: enabled
[    0.631279] sched_clock: Marking stable (616145315, 11134397)->(628239862, -960150)
[    0.631348] registered taskstats version 1
[    0.631355] Loading compiled-in X.509 certificates
[    0.631940] Loaded X.509 cert 'Build time autogenerated kernel key: 6909f3744cebb3d0de528d5887b96a727de79b1e'
[    0.631956] zswap: loaded using pool lzo/zbud
[    0.632006] Key type ._fscrypt registered
[    0.632006] Key type .fscrypt registered
[    0.636421] Key type big_key registered
[    0.638627] Key type encrypted registered
[    0.638630] AppArmor: AppArmor sha1 policy hashing enabled
[    0.638636] ima: No TPM chip found, activating TPM-bypass!
[    0.638641] ima: Allocated hash algorithm: sha1
[    0.638646] ima: No architecture policies found
[    0.638655] evm: Initialising EVM extended attributes:
[    0.638655] evm: security.selinux
[    0.638656] evm: security.SMACK64
[    0.638656] evm: security.SMACK64EXEC
[    0.638656] evm: security.SMACK64TRANSMUTE
[    0.638657] evm: security.SMACK64MMAP
[    0.638657] evm: security.apparmor
[    0.638658] evm: security.ima
[    0.638658] evm: security.capability
[    0.638659] evm: HMAC attrs: 0x1
[    0.638944] PM:   Magic number: 10:948:499
[    0.639051] rtc_cmos rtc_cmos: setting system clock to 2026-01-11T21:27:25 UTC (1768166845)
[    0.796385] ata1.00: ATA-6: VBOX HARDDISK, 1.0, max UDMA/133
[    0.796389] ata1.00: 209715200 sectors, multi 128: LBA 
[    0.797065] scsi 0:0:0:0: Direct-Access     ATA      VBOX HARDDISK    1.0  PQ: 0 ANSI: 5
[    0.797362] sd 0:0:0:0: [sda] 209715200 512-byte logical blocks: (107 GB/100 GiB)
[    0.797375] sd 0:0:0:0: [sda] Write Protect is off
[    0.797378] sd 0:0:0:0: [sda] Mode Sense: 00 3a 00 00
[    0.797398] sd 0:0:0:0: [sda] Write cache: enabled, read cache: enabled, doesn't support DPO or FUA
[    0.797617] sd 0:0:0:0: Attached scsi generic sg0 type 0
[    0.798501]  sda: sda1 sda2
[    0.807373] sd 0:0:0:0: [sda] Attached SCSI disk
[    0.810730] Freeing unused decrypted memory: 2040K
[    0.811709] Freeing unused kernel image memory: 2728K
[    0.811712] Write protecting the kernel read-only data: 22528k
[    0.812739] Freeing unused kernel image memory: 2036K
[    0.813313] Freeing unused kernel image memory: 1432K
[    0.841198] x86/mm: Checked W+X mappings: passed, no W+X pages found.
[    0.841204] Run /init as init process
[    0.947030] ACPI: Video Device [GFX0] (multi-head: yes  rom: no  post: no)
[    0.947102] input: Video Bus as /devices/LNXSYSTM:00/LNXSYBUS:00/PNP0A03:00/LNXVIDEO:00/input/input4
[    0.958548] pcnet32: pcnet32.c:v1.35 21.Apr.2008 tsbogend@alpha.franken.de
[    0.960463] piix4_smbus 0000:00:07.0: SMBus Host Controller at 0x4100, revision 0
[    0.964492] e1000: Intel(R) PRO/1000 Network Driver - version 7.3.21-k8-NAPI
[    0.964492] e1000: Copyright (c) 1999-2006 Intel Corporation.
[    0.970898] pcnet32: PCnet/FAST III 79C973 at 0xd020, 08:00:27:13:4b:bd assigned IRQ 19
[    0.970942] pcnet32: Found PHY 0022:561b at address 0
[    0.971240] pcnet32: eth0: registered as PCnet/FAST III 79C973
[    0.980138] pcnet32: 1 cards_found
[    1.030338] pcnet32 0000:00:03.0 enp0s3: renamed from eth0
[    1.183879] input: ImExPS/2 Generic Explorer Mouse as /devices/platform/i8042/serio1/input/input5
[    1.371372] e1000 0000:00:08.0 eth0: (PCI:33MHz:32-bit) 08:00:27:1e:82:57
[    1.371376] e1000 0000:00:08.0 eth0: Intel(R) PRO/1000 Network Connection
[    1.743401] e1000 0000:00:09.0 eth1: (PCI:33MHz:32-bit) 08:00:27:06:e4:fa
[    1.743404] e1000 0000:00:09.0 eth1: Intel(R) PRO/1000 Network Connection
[    1.744547] e1000 0000:00:09.0 enp0s9: renamed from eth1
[    1.746302] e1000 0000:00:08.0 enp0s8: renamed from eth0
[    1.890076] EXT4-fs (sda2): mounted filesystem with ordered data mode. Opts: (null)
[    1.981044] systemd[1]: Inserted module 'autofs4'
[    1.992371] systemd[1]: systemd 245.4-4ubuntu3 running in system mode. (+PAM +AUDIT +SELINUX +IMA +APPARMOR +SMACK +SYSVINIT +UTMP +LIBCRYPTSETUP +GCRYPT +GNUTLS +ACL +XZ +LZ4 +SECCOMP +BLKID +ELFUTILS +KMOD +IDN2 -IDN +PCRE2 default-hierarchy=hybrid)
[    1.992402] systemd[1]: Detected virtualization oracle.
[    1.992405] systemd[1]: Detected architecture x86-64.
[    1.993698] systemd[1]: Set hostname to <ztg>.
[    2.119455] systemd[1]: /lib/systemd/system/dbus.socket:5: ListenStream= references a path below legacy directory /var/run/, updating /var/run/dbus/system_bus_socket â†’ /run/dbus/system_bus_socket; please update the unit file accordingly.
[    2.172179] systemd[1]: Created slice system-modprobe.slice.
[    2.172359] systemd[1]: Created slice User and Session Slice.
[    2.172403] systemd[1]: Started Forward Password Requests to Wall Directory Watch.
[    2.172555] systemd[1]: Set up automount Arbitrary Executable File Formats File System Automount Point.
[    2.172585] systemd[1]: Reached target User and Group Name Lookups.
[    2.172593] systemd[1]: Reached target Remote File Systems.
[    2.172601] systemd[1]: Reached target Slices.
[    2.173075] systemd[1]: Listening on Syslog Socket.
[    2.173140] systemd[1]: Listening on fsck to fsckd communication Socket.
[    2.173175] systemd[1]: Listening on initctl Compatibility Named Pipe.
[    2.173304] systemd[1]: Listening on Journal Audit Socket.
[    2.173367] systemd[1]: Listening on Journal Socket (/dev/log).
[    2.173435] systemd[1]: Listening on Journal Socket.
[    2.173498] systemd[1]: Listening on udev Control Socket.
[    2.173538] systemd[1]: Listening on udev Kernel Socket.
[    2.174229] systemd[1]: Mounting Huge Pages File System...
[    2.175105] systemd[1]: Mounting POSIX Message Queue File System...
[    2.176033] systemd[1]: Mounting Kernel Debug File System...
[    2.176884] systemd[1]: Mounting Kernel Trace File System...
[    2.178780] systemd[1]: Starting Journal Service...
[    2.201756] systemd[1]: Starting Set the console keyboard layout...
[    2.209533] systemd[1]: Starting Create list of static device nodes for the current kernel...
[    2.211547] systemd[1]: Starting Load Kernel Module drm...
[    2.212572] systemd[1]: Condition check resulted in Set Up Additional Binary Formats being skipped.
[    2.212615] systemd[1]: Condition check resulted in File System Check on Root Device being skipped.
[    2.222784] systemd[1]: Starting Load Kernel Modules...
[    2.230761] systemd[1]: Starting Remount Root and Kernel File Systems...
[    2.243505] systemd[1]: Starting udev Coldplug all Devices...
[    2.250434] systemd[1]: Starting Uncomplicated firewall...
[    2.251974] systemd[1]: Mounted Huge Pages File System.
[    2.252054] systemd[1]: Mounted POSIX Message Queue File System.
[    2.252125] systemd[1]: Mounted Kernel Debug File System.
[    2.252190] systemd[1]: Mounted Kernel Trace File System.
[    2.253600] EXT4-fs (sda2): re-mounted. Opts: errors=remount-ro
[    2.290807] systemd[1]: Finished Create list of static device nodes for the current kernel.
[    2.291784] systemd[1]: modprobe@drm.service: Succeeded.
[    2.298062] systemd[1]: Finished Load Kernel Module drm.
[    2.298645] systemd[1]: Finished Remount Root and Kernel File Systems.
[    2.299430] systemd[1]: Finished Uncomplicated firewall.
[    2.315932] lp: driver loaded but no devices found
[    2.318979] systemd[1]: Condition check resulted in Rebuild Hardware Database being skipped.
[    2.319016] systemd[1]: Condition check resulted in Platform Persistent Storage Archival being skipped.
[    2.319663] systemd[1]: Starting Load/Save Random Seed...
[    2.324514] systemd[1]: Starting Create System Users...
[    2.330745] ppdev: user-space parallel port driver
[    2.337772] systemd[1]: Finished Load/Save Random Seed.
[    2.343430] systemd[1]: Finished Create System Users.
[    2.344234] systemd[1]: Starting Create Static Device Nodes in /dev...
[    2.359139] systemd[1]: Finished Create Static Device Nodes in /dev.
[    2.359933] systemd[1]: Starting udev Kernel Device Manager...
[    2.409538] systemd[1]: Finished udev Coldplug all Devices.
[    2.413915] [drm] DMA map mode: Caching DMA mappings.
[    2.413978] [drm] Capabilities:
[    2.413978] [drm]   Rect copy.
[    2.413979] [drm]   Cursor.
[    2.413979] [drm]   Cursor bypass.
[    2.413979] [drm]   Cursor bypass 2.
[    2.413980] [drm]   Alpha cursor.
[    2.413980] [drm]   Extended Fifo.
[    2.413980] [drm]   Pitchlock.
[    2.413981] [drm]   Irq mask.
[    2.413981] [drm]   GMR.
[    2.413981] [drm]   Traces.
[    2.413982] [drm]   GMR2.
[    2.413982] [drm]   Screen Object 2.
[    2.413982] [drm]   Command Buffers.
[    2.413983] [drm]   Command Buffers 2.
[    2.413983] [drm]   Guest Backed Resources.
[    2.413984] [drm] Max GMR ids is 8192
[    2.413985] [drm] Max number of GMR pages is 1048576
[    2.413985] [drm] Max dedicated hypervisor surface memory is 393216 kiB
[    2.413985] [drm] Maximum display memory size is 131072 kiB
[    2.413986] [drm] VRAM at 0xe0000000 size is 131072 kiB
[    2.413987] [drm] MMIO at 0xf0000000 size is 2048 kiB
[    2.415765] [TTM] Zone  kernel: Available graphics memory: 1011738 KiB
[    2.415765] [TTM] Initializing pool allocator
[    2.415769] [TTM] Initializing DMA pool allocator
[    2.415797] [drm] Supports vblank timestamp caching Rev 2 (21.10.2013).
[    2.415797] [drm] No driver support for vblank timestamp query.
[    2.416010] [drm] Screen Target Display device initialized
[    2.416230] [drm] width 720
[    2.416239] [drm] height 400
[    2.416242] [drm] bpp 32
[    2.416770] [drm] Fifo max 0x00200000 min 0x00001000 cap 0x00000355
[    2.417862] [drm] Using command buffers with DMA pool.
[    2.417866] [drm] DX: no.
[    2.417867] [drm] Atomic: yes.
[    2.417867] [drm] SM4_1: no.
[    2.417885] [drm:vmw_host_log [vmwgfx]] *ERROR* Failed to send host log message.
[    2.418779] [drm:vmw_host_log [vmwgfx]] *ERROR* Failed to send host log message.
[    2.430886] fbcon: svgadrmfb (fb0) is primary device
[    2.433820] Console: switching to colour frame buffer device 100x37
[    2.453009] [drm] Initialized vmwgfx 2.15.0 20180704 for 0000:00:02.0 on minor 0
[    2.455114] systemd[1]: Finished Load Kernel Modules.
[    2.456364] systemd[1]: Mounting FUSE Control File System...
[    2.474101] systemd[1]: Mounting Kernel Configuration File System...
[    2.482212] systemd[1]: Starting Apply Kernel Variables...
[    2.492911] systemd[1]: Mounted FUSE Control File System.
[    2.492997] systemd[1]: Mounted Kernel Configuration File System.
[    2.493045] systemd[1]: Condition check resulted in VMware vmblock fuse mount being skipped.
[    2.500998] systemd[1]: Finished Set the console keyboard layout.
[    2.501085] systemd[1]: Reached target Local File Systems (Pre).
[    2.503914] systemd[1]: Mounting Mount unit for bare, revision 5...
[    2.514393] systemd[1]: Mounting Mount unit for core18, revision 1705...
[    2.515715] systemd[1]: Mounting Mount unit for gnome-3-34-1804, revision 24...
[    2.537445] systemd[1]: Mounting Mount unit for gtk-common-themes, revision 1506...
[    2.548442] systemd[1]: Mounting Mount unit for gtk-common-themes, revision 1535...
[    2.555778] systemd[1]: Mounting Mount unit for snap-store, revision 433...
[    2.563549] systemd[1]: Mounting Mount unit for snapd, revision 7264...
[    2.576825] systemd[1]: Finished Apply Kernel Variables.
[    2.577743] systemd[1]: Mounted Mount unit for bare, revision 5.
[    2.588012] systemd[1]: Mounted Mount unit for gnome-3-34-1804, revision 24.
[    2.588095] systemd[1]: Mounted Mount unit for gtk-common-themes, revision 1506.
[    2.591018] systemd[1]: Started udev Kernel Device Manager.
[    2.591711] systemd[1]: Starting Show Plymouth Boot Screen...
[    2.598505] systemd[1]: Mounted Mount unit for core18, revision 1705.
[    2.598591] systemd[1]: Received SIGRTMIN+20 from PID 272 (plymouthd).
[    2.634692] systemd[1]: Started Show Plymouth Boot Screen.
[    2.634826] systemd[1]: Condition check resulted in Dispatch Password Requests to Console Directory Watch being skipped.
[    2.634906] systemd[1]: Started Forward Password Requests to Plymouth Directory Watch.
[    2.634937] systemd[1]: Reached target Local Encrypted Volumes.
[    2.668448] systemd[1]: Mounted Mount unit for gtk-common-themes, revision 1535.
[    2.716894] systemd[1]: Mounted Mount unit for snap-store, revision 433.
[    2.717128] systemd[1]: Mounted Mount unit for snapd, revision 7264.
[    2.717282] systemd[1]: Reached target Local File Systems.
[    2.718135] systemd[1]: Starting Load AppArmor profiles...
[    2.720339] systemd[1]: Starting Set console font and keymap...
[    2.733069] systemd[1]: Starting Tell Plymouth To Write Out Runtime Data...
[    2.734651] systemd[1]: Condition check resulted in Store a System Token in an EFI Variable being skipped.
[    2.734702] systemd[1]: Condition check resulted in Commit a transient machine-id on disk being skipped.
[    2.738585] systemd[1]: Finished Set console font and keymap.
[    2.747042] systemd[1]: Received SIGRTMIN+20 from PID 272 (plymouthd).
[    2.748155] systemd[1]: plymouth-read-write.service: Succeeded.
[    2.748376] systemd[1]: Finished Tell Plymouth To Write Out Runtime Data.
[    2.763871] audit: type=1400 audit(1768166847.624:2): apparmor="STATUS" operation="profile_load" profile="unconfined" name="nvidia_modprobe" pid=301 comm="apparmor_parser"
[    2.763874] audit: type=1400 audit(1768166847.624:3): apparmor="STATUS" operation="profile_load" profile="unconfined" name="nvidia_modprobe//kmod" pid=301 comm="apparmor_parser"
[    2.773755] audit: type=1400 audit(1768166847.632:4): apparmor="STATUS" operation="profile_load" profile="unconfined" name="/usr/sbin/tcpdump" pid=302 comm="apparmor_parser"
[    2.822365] audit: type=1400 audit(1768166847.672:5): apparmor="STATUS" operation="profile_load" profile="unconfined" name="/usr/bin/evince" pid=304 comm="apparmor_parser"
[    2.822367] audit: type=1400 audit(1768166847.672:6): apparmor="STATUS" operation="profile_load" profile="unconfined" name="/usr/bin/evince//sanitized_helper" pid=304 comm="apparmor_parser"
[    2.822369] audit: type=1400 audit(1768166847.672:7): apparmor="STATUS" operation="profile_load" profile="unconfined" name="/usr/bin/evince-previewer" pid=304 comm="apparmor_parser"
[    2.822370] audit: type=1400 audit(1768166847.672:8): apparmor="STATUS" operation="profile_load" profile="unconfined" name="/usr/bin/evince-previewer//sanitized_helper" pid=304 comm="apparmor_parser"
[    2.822372] audit: type=1400 audit(1768166847.672:9): apparmor="STATUS" operation="profile_load" profile="unconfined" name="/usr/bin/evince-thumbnailer" pid=304 comm="apparmor_parser"
[    2.837783] audit: type=1400 audit(1768166847.696:10): apparmor="STATUS" operation="profile_load" profile="unconfined" name="/usr/lib/cups/backend/cups-pdf" pid=305 comm="apparmor_parser"
[    2.916490] systemd[1]: Finished Load AppArmor profiles.
[    2.917419] systemd[1]: Starting Load AppArmor profiles managed internally by snapd...
[    2.980463] systemd[1]: Finished Load AppArmor profiles managed internally by snapd.
[    3.167129] systemd[1]: Started Journal Service.
[    3.173892] systemd-journald[229]: Received client request to flush runtime journal.
[    3.179723] systemd-journald[229]: File /var/log/journal/c455b248004a419c87ce85eea238d727/system.journal corrupted or uncleanly shut down, renaming and replacing.
[    4.446092] RAPL PMU: API unit is 2^-32 Joules, 0 fixed counters, 10737418240 ms ovfl timer
[    4.507939] cryptd: max_cpu_qlen set to 1000
[    4.545052] AVX2 version of gcm_enc/dec engaged.
[    4.545052] AES CTR mode by8 optimization enabled
[    5.302810] Adding 1998844k swap on /dev/sda1.  Priority:-2 extents:1 across:1998844k FS
[    6.193734] kauditd_printk_skb: 30 callbacks suppressed
[    6.193735] audit: type=1400 audit(1768166851.048:41): apparmor="DENIED" operation="capable" profile="/usr/sbin/cups-browsed" pid=498 comm="cups-browsed" capability=23  capname="sys_nice"
[    7.362707] pcnet32 0000:00:03.0 enp0s3: link up, 100Mbps, full-duplex
[    7.399050] e1000: enp0s8 NIC Link is Up 1000 Mbps Full Duplex, Flow Control: RX
[    7.401812] IPv6: ADDRCONF(NETDEV_CHANGE): enp0s8: link becomes ready
[    7.409337] e1000: enp0s9 NIC Link is Up 1000 Mbps Full Duplex, Flow Control: RX
[    7.409625] IPv6: ADDRCONF(NETDEV_CHANGE): enp0s9: link becomes ready
[    7.939428] device enp0s3 entered promiscuous mode
[    7.962303] audit: type=1400 audit(1768166852.816:42): apparmor="DENIED" operation="open" profile="/usr/sbin/tcpdump" name="/proc/sys/kernel/random/boot_id" pid=672 comm="tcpdump" requested_mask="r" denied_mask="r" fsuid=0 ouid=0
[    7.962611] audit: type=1400 audit(1768166852.816:43): apparmor="DENIED" operation="open" profile="/usr/sbin/tcpdump" name="/proc/sys/kernel/random/boot_id" pid=672 comm="tcpdump" requested_mask="r" denied_mask="r" fsuid=0 ouid=0
[    7.962718] audit: type=1400 audit(1768166852.816:44): apparmor="DENIED" operation="open" profile="/usr/sbin/tcpdump" name="/proc/sys/kernel/random/boot_id" pid=672 comm="tcpdump" requested_mask="r" denied_mask="r" fsuid=0 ouid=0
[    7.963510] audit: type=1400 audit(1768166852.820:45): apparmor="DENIED" operation="open" profile="/usr/sbin/tcpdump" name="/proc/sys/kernel/random/boot_id" pid=672 comm="tcpdump" requested_mask="r" denied_mask="r" fsuid=0 ouid=0
[    7.966134] audit: type=1400 audit(1768166852.820:46): apparmor="DENIED" operation="open" profile="/usr/sbin/tcpdump" name="/proc/sys/kernel/random/boot_id" pid=673 comm="tcpdump" requested_mask="r" denied_mask="r" fsuid=0 ouid=0
[    7.966299] audit: type=1400 audit(1768166852.820:47): apparmor="DENIED" operation="open" profile="/usr/sbin/tcpdump" name="/proc/sys/kernel/random/boot_id" pid=673 comm="tcpdump" requested_mask="r" denied_mask="r" fsuid=0 ouid=0
[    7.966407] audit: type=1400 audit(1768166852.820:48): apparmor="DENIED" operation="open" profile="/usr/sbin/tcpdump" name="/proc/sys/kernel/random/boot_id" pid=673 comm="tcpdump" requested_mask="r" denied_mask="r" fsuid=0 ouid=0
[    7.966462] audit: type=1400 audit(1768166852.820:49): apparmor="DENIED" operation="open" profile="/usr/sbin/tcpdump" name="/proc/sys/kernel/random/boot_id" pid=673 comm="tcpdump" requested_mask="r" denied_mask="r" fsuid=0 ouid=0
[   12.307017] rfkill: input handler disabled
[  568.320077] rfkill: input handler enabled
[  577.026298] rfkill: input handler disabled
[ 1008.796342] device enp0s3 left promiscuous mode
