[    0.000000] Linux version 5.4.243-mptcp (root@ztg) (gcc version 12.2.0 (Debian 12.2.0-14+deb12u1)) #53 SMP Wed Dec 24 23:28:15 CST 2025
[    0.000000] Command line: BOOT_IMAGE=/boot/vmlinuz-5.4.243-mptcp root=UUID=98415a12-53b7-4144-8265-0f7ece09e445 ro quiet splash
[    0.000000] KERNEL supported cpus:
[    0.000000]   Intel GenuineIntel
[    0.000000]   AMD AuthenticAMD
[    0.000000]   Hygon HygonGenuine
[    0.000000]   Centaur CentaurHauls
[    0.000000]   zhaoxin   Shanghai  
[    0.000000] x86/fpu: Supporting XSAVE feature 0x001: 'x87 floating point registers'
[    0.000000] x86/fpu: Supporting XSAVE feature 0x002: 'SSE registers'
[    0.000000] x86/fpu: Supporting XSAVE feature 0x004: 'AVX registers'
[    0.000000] x86/fpu: xstate_offset[2]:  576, xstate_sizes[2]:  256
[    0.000000] x86/fpu: Enabled xstate features 0x7, context size is 832 bytes, using 'standard' format.
[    0.000000] BIOS-provided physical RAM map:
[    0.000000] BIOS-e820: [mem 0x0000000000000000-0x000000000009fbff] usable
[    0.000000] BIOS-e820: [mem 0x000000000009fc00-0x000000000009ffff] reserved
[    0.000000] BIOS-e820: [mem 0x00000000000f0000-0x00000000000fffff] reserved
[    0.000000] BIOS-e820: [mem 0x0000000000100000-0x000000007ffeffff] usable
[    0.000000] BIOS-e820: [mem 0x000000007fff0000-0x000000007fffffff] ACPI data
[    0.000000] BIOS-e820: [mem 0x00000000fec00000-0x00000000fec00fff] reserved
[    0.000000] BIOS-e820: [mem 0x00000000fee00000-0x00000000fee00fff] reserved
[    0.000000] BIOS-e820: [mem 0x00000000fffc0000-0x00000000ffffffff] reserved
[    0.000000] NX (Execute Disable) protection: active
[    0.000000] SMBIOS 2.5 present.
[    0.000000] DMI: innotek GmbH VirtualBox/VirtualBox, BIOS VirtualBox 12/01/2006
[    0.000000] Hypervisor detected: KVM
[    0.000000] kvm-clock: Using msrs 4b564d01 and 4b564d00
[    0.000000] kvm-clock: cpu 0, msr 27e01001, primary cpu clock
[    0.000000] kvm-clock: using sched offset of 4428499314 cycles
[    0.000003] clocksource: kvm-clock: mask: 0xffffffffffffffff max_cycles: 0x1cd42e4dffb, max_idle_ns: 881590591483 ns
[    0.000005] tsc: Detected 2100.000 MHz processor
[    0.001892] e820: update [mem 0x00000000-0x00000fff] usable ==> reserved
[    0.001894] e820: remove [mem 0x000a0000-0x000fffff] usable
[    0.001898] last_pfn = 0x7fff0 max_arch_pfn = 0x400000000
[    0.001966] MTRR default type: uncachable
[    0.001967] MTRR fixed ranges enabled:
[    0.001968]   00000-9FFFF write-back
[    0.001968]   A0000-BFFFF uncachable
[    0.001969]   C0000-FFFFF write-protect
[    0.001970] MTRR variable ranges enabled:
[    0.001971]   0 base 000000000000 mask 3FFF80000000 write-back
[    0.001972]   1 disabled
[    0.001973]   2 disabled
[    0.001973]   3 disabled
[    0.001973]   4 disabled
[    0.001974]   5 disabled
[    0.001974]   6 disabled
[    0.001975]   7 disabled
[    0.001975]   8 disabled
[    0.001975]   9 disabled
[    0.001976]   10 disabled
[    0.001976]   11 disabled
[    0.001977]   12 disabled
[    0.001977]   13 disabled
[    0.001978]   14 disabled
[    0.001978]   15 disabled
[    0.001994] x86/PAT: Configuration [0-7]: WB  WC  UC- UC  WB  WP  UC- WT  
[    0.002128] found SMP MP-table at [mem 0x0009fff0-0x0009ffff]
[    0.094135] check: Scanning 1 areas for low memory corruption
[    0.094310] RAMDISK: [mem 0x32271000-0x3512ffff]
[    0.094318] ACPI: Early table checksum verification disabled
[    0.094323] ACPI: RSDP 0x00000000000E0000 000024 (v02 VBOX  )
[    0.094328] ACPI: XSDT 0x000000007FFF0030 00003C (v01 VBOX   VBOXXSDT 00000001 ASL  00000061)
[    0.094334] ACPI: FACP 0x000000007FFF00F0 0000F4 (v04 VBOX   VBOXFACP 00000001 ASL  00000061)
[    0.094341] ACPI: DSDT 0x000000007FFF02E0 002353 (v02 VBOX   VBOXBIOS 00000002 VBOX 00029BF3)
[    0.094345] ACPI: FACS 0x000000007FFF0200 000040
[    0.094349] ACPI: FACS 0x000000007FFF0200 000040
[    0.094352] ACPI: APIC 0x000000007FFF0240 000054 (v02 VBOX   VBOXAPIC 00000001 ASL  00000061)
[    0.094355] ACPI: SSDT 0x000000007FFF02A0 000038 (v01 VBOX   VBOXCPUT 00000002 VBOX 00029BF3)
[    0.094359] ACPI: Reserving FACP table memory at [mem 0x7fff00f0-0x7fff01e3]
[    0.094360] ACPI: Reserving DSDT table memory at [mem 0x7fff02e0-0x7fff2632]
[    0.094360] ACPI: Reserving FACS table memory at [mem 0x7fff0200-0x7fff023f]
[    0.094361] ACPI: Reserving FACS table memory at [mem 0x7fff0200-0x7fff023f]
[    0.094362] ACPI: Reserving APIC table memory at [mem 0x7fff0240-0x7fff0293]
[    0.094362] ACPI: Reserving SSDT table memory at [mem 0x7fff02a0-0x7fff02d7]
[    0.094377] ACPI: Local APIC address 0xfee00000
[    0.094563] No NUMA configuration found
[    0.094564] Faking a node at [mem 0x0000000000000000-0x000000007ffeffff]
[    0.094574] NODE_DATA(0) allocated [mem 0x7ffc5000-0x7ffeffff]
[    0.094835] Zone ranges:
[    0.094836]   DMA      [mem 0x0000000000001000-0x0000000000ffffff]
[    0.094837]   DMA32    [mem 0x0000000001000000-0x000000007ffeffff]
[    0.094838]   Normal   empty
[    0.094838]   Device   empty
[    0.094839] Movable zone start for each node
[    0.094841] Early memory node ranges
[    0.094842]   node   0: [mem 0x0000000000001000-0x000000000009efff]
[    0.094843]   node   0: [mem 0x0000000000100000-0x000000007ffeffff]
[    0.094846] Zeroed struct page in unavailable ranges: 114 pages
[    0.094847] Initmem setup node 0 [mem 0x0000000000001000-0x000000007ffeffff]
[    0.094848] On node 0 totalpages: 524174
[    0.094849]   DMA zone: 64 pages used for memmap
[    0.094849]   DMA zone: 21 pages reserved
[    0.094850]   DMA zone: 3998 pages, LIFO batch:0
[    0.094922]   DMA32 zone: 8128 pages used for memmap
[    0.094923]   DMA32 zone: 520176 pages, LIFO batch:63
[    0.103847] ACPI: PM-Timer IO Port: 0x4008
[    0.103851] ACPI: Local APIC address 0xfee00000
[    0.103918] IOAPIC[0]: apic_id 1, version 32, address 0xfec00000, GSI 0-23
[    0.103922] ACPI: INT_SRC_OVR (bus 0 bus_irq 0 global_irq 2 dfl dfl)
[    0.103924] ACPI: INT_SRC_OVR (bus 0 bus_irq 9 global_irq 9 low level)
[    0.103926] ACPI: IRQ0 used by override.
[    0.103927] ACPI: IRQ9 used by override.
[    0.103930] Using ACPI (MADT) for SMP configuration information
[    0.103936] smpboot: Allowing 1 CPUs, 0 hotplug CPUs
[    0.103958] PM: Registered nosave memory: [mem 0x00000000-0x00000fff]
[    0.103959] PM: Registered nosave memory: [mem 0x0009f000-0x0009ffff]
[    0.103960] PM: Registered nosave memory: [mem 0x000a0000-0x000effff]
[    0.103960] PM: Registered nosave memory: [mem 0x000f0000-0x000fffff]
[    0.103962] [mem 0x80000000-0xfebfffff] available for PCI devices
[    0.103963] Booting paravirtualized kernel on KVM
[    0.103966] clocksource: refined-jiffies: mask: 0xffffffff max_cycles: 0xffffffff, max_idle_ns: 7645519600211568 ns
[    0.103971] setup_percpu: NR_CPUS:8192 nr_cpumask_bits:1 nr_cpu_ids:1 nr_node_ids:1
[    0.104968] percpu: Embedded 60 pages/cpu s208896 r8192 d28672 u2097152
[    0.104973] pcpu-alloc: s208896 r8192 d28672 u2097152 alloc=1*2097152
[    0.104974] pcpu-alloc: [0] 0 
[    0.105001] Built 1 zonelists, mobility grouping on.  Total pages: 515961
[    0.105001] Policy zone: DMA32
[    0.105003] Kernel command line: BOOT_IMAGE=/boot/vmlinuz-5.4.243-mptcp root=UUID=98415a12-53b7-4144-8265-0f7ece09e445 ro quiet splash
[    0.105831] Dentry cache hash table entries: 262144 (order: 9, 2097152 bytes, linear)
[    0.105977] Inode-cache hash table entries: 131072 (order: 8, 1048576 bytes, linear)
[    0.106027] mem auto-init: stack:off, heap alloc:on, heap free:off
[    0.106030] Calgary: detecting Calgary via BIOS EBDA area
[    0.106031] Calgary: Unable to locate Rio Grande table in EBDA - bailing!
[    0.110045] Memory: 1967332K/2096696K available (14339K kernel code, 2398K rwdata, 4712K rodata, 2728K init, 17260K bss, 129364K reserved, 0K cma-reserved)
[    0.110944] SLUB: HWalign=64, Order=0-3, MinObjects=0, CPUs=1, Nodes=1
[    0.110961] ftrace: allocating 43186 entries in 169 pages
[    0.129174] rcu: Hierarchical RCU implementation.
[    0.129176] rcu: 	RCU restricting CPUs from NR_CPUS=8192 to nr_cpu_ids=1.
[    0.129177] 	Tasks RCU enabled.
[    0.129178] rcu: RCU calculated value of scheduler-enlistment delay is 25 jiffies.
[    0.129179] rcu: Adjusting geometry for rcu_fanout_leaf=16, nr_cpu_ids=1
[    0.132128] NR_IRQS: 524544, nr_irqs: 256, preallocated irqs: 16
[    0.132359] random: crng init done
[    0.141630] Console: colour VGA+ 80x25
[    0.141634] printk: console [tty0] enabled
[    0.141654] ACPI: Core revision 20190816
[    0.141745] APIC: Switch to symmetric I/O mode setup
[    0.141990] x2apic enabled
[    0.142226] Switched APIC routing to physical x2apic.
[    0.143341] ..TIMER: vector=0x30 apic1=0 pin1=2 apic2=-1 pin2=-1
[    0.143366] clocksource: tsc-early: mask: 0xffffffffffffffff max_cycles: 0x1e4530a99b6, max_idle_ns: 440795257976 ns
[    0.143372] Calibrating delay loop (skipped) preset value.. 4200.00 BogoMIPS (lpj=8400000)
[    0.143374] pid_max: default: 32768 minimum: 301
[    0.143402] LSM: Security Framework initializing
[    0.143411] Yama: becoming mindful.
[    0.143438] AppArmor: AppArmor initialized
[    0.143472] Mount-cache hash table entries: 4096 (order: 3, 32768 bytes, linear)
[    0.143476] Mountpoint-cache hash table entries: 4096 (order: 3, 32768 bytes, linear)
[    0.143485] *** VALIDATE tmpfs ***
[    0.143613] *** VALIDATE proc ***
[    0.143654] *** VALIDATE cgroup1 ***
[    0.143656] *** VALIDATE cgroup2 ***
[    0.143794] process: using mwait in idle threads
[    0.143800] Last level iTLB entries: 4KB 64, 2MB 8, 4MB 8
[    0.143800] Last level dTLB entries: 4KB 64, 2MB 0, 4MB 0, 1GB 4
[    0.143821] Spectre V1 : Mitigation: usercopy/swapgs barriers and __user pointer sanitization
[    0.143827] Spectre V2 : Mitigation: Retpolines
[    0.143827] Spectre V2 : Spectre v2 / SpectreRSB mitigation: Filling RSB on context switch
[    0.143828] Spectre V2 : Spectre v2 / SpectreRSB : Filling RSB on VMEXIT
[    0.143828] RETBleed: WARNING: Spectre v2 mitigation leaves CPU vulnerable to RETBleed attacks, data leaks possible!
[    0.144177] RETBleed: Vulnerable
[    0.144177] Speculative Store Bypass: Vulnerable
[    0.144194] TAA: Mitigation: TSX disabled
[    0.144195] MMIO Stale Data: Mitigation: Clear CPU buffers
[    0.148399] Freeing SMP alternatives memory: 40K
[    0.260542] smpboot: CPU0: Intel(R) Xeon(R) Silver 4216 CPU @ 2.10GHz (family: 0x6, model: 0x55, stepping: 0x7)
[    0.260690] Performance Events: unsupported p6 CPU model 85 no PMU driver, software events only.
[    0.260727] rcu: Hierarchical SRCU implementation.
[    0.261205] NMI watchdog: Perf NMI watchdog permanently disabled
[    0.261243] smp: Bringing up secondary CPUs ...
[    0.261244] smp: Brought up 1 node, 1 CPU
[    0.261245] smpboot: Max logical packages: 1
[    0.261246] smpboot: Total of 1 processors activated (4200.00 BogoMIPS)
[    0.262216] devtmpfs: initialized
[    0.262265] x86/mm: Memory block size: 128MB
[    0.262617] clocksource: jiffies: mask: 0xffffffff max_cycles: 0xffffffff, max_idle_ns: 7645041785100000 ns
[    0.262623] futex hash table entries: 256 (order: 2, 16384 bytes, linear)
[    0.262669] pinctrl core: initialized pinctrl subsystem
[    0.262772] PM: RTC time: 09:18:55, date: 2026-01-13
[    0.262880] NET: Registered protocol family 16
[    0.262954] audit: initializing netlink subsys (disabled)
[    0.263080] EISA bus registered
[    0.263082] cpuidle: using governor ladder
[    0.263083] cpuidle: using governor menu
[    0.263119] ACPI: bus type PCI registered
[    0.263121] acpiphp: ACPI Hot Plug PCI Controller Driver version: 0.5
[    0.263224] PCI: Using configuration type 1 for base access
[    0.263698] audit: type=2000 audit(1768267141.880:1): state=initialized audit_enabled=0 res=1
[    0.263779] HugeTLB registered 2.00 MiB page size, pre-allocated 0 pages
[    0.264681] ACPI: Added _OSI(Module Device)
[    0.264682] ACPI: Added _OSI(Processor Device)
[    0.264683] ACPI: Added _OSI(3.0 _SCP Extensions)
[    0.264683] ACPI: Added _OSI(Processor Aggregator Device)
[    0.264684] ACPI: Added _OSI(Linux-Dell-Video)
[    0.264685] ACPI: Added _OSI(Linux-Lenovo-NV-HDMI-Audio)
[    0.264686] ACPI: Added _OSI(Linux-HPI-Hybrid-Graphics)
[    0.266682] ACPI: 2 ACPI AML tables successfully acquired and loaded
[    0.268192] ACPI: Interpreter enabled
[    0.268202] ACPI: (supports S0 S5)
[    0.268203] ACPI: Using IOAPIC for interrupt routing
[    0.268426] PCI: Using host bridge windows from ACPI; if necessary, use "pci=nocrs" and report a bug
[    0.268532] ACPI: Enabled 2 GPEs in block 00 to 07
[    0.273355] ACPI: PCI Root Bridge [PCI0] (domain 0000 [bus 00-ff])
[    0.273361] acpi PNP0A03:00: _OSC: OS supports [ASPM ClockPM Segments MSI HPX-Type3]
[    0.273804] acpi PNP0A03:00: _OSC: not requesting OS control; OS requires [ExtendedConfig ASPM ClockPM MSI]
[    0.273812] acpi PNP0A03:00: fail to add MMCONFIG information, can't access extended PCI configuration space under this bridge.
[    0.274184] PCI host bridge to bus 0000:00
[    0.274186] pci_bus 0000:00: root bus resource [io  0x0000-0x0cf7 window]
[    0.274187] pci_bus 0000:00: root bus resource [io  0x0d00-0xffff window]
[    0.274188] pci_bus 0000:00: root bus resource [mem 0x000a0000-0x000bffff window]
[    0.274189] pci_bus 0000:00: root bus resource [mem 0x80000000-0xfdffffff window]
[    0.274191] pci_bus 0000:00: root bus resource [bus 00-ff]
[    0.274236] pci 0000:00:00.0: [8086:1237] type 00 class 0x060000
[    0.275176] pci 0000:00:01.0: [8086:7000] type 00 class 0x060100
[    0.276107] pci 0000:00:01.1: [8086:7111] type 00 class 0x01018a
[    0.276494] pci 0000:00:01.1: reg 0x20: [io  0xd000-0xd00f]
[    0.276650] pci 0000:00:01.1: legacy IDE quirk: reg 0x10: [io  0x01f0-0x01f7]
[    0.276651] pci 0000:00:01.1: legacy IDE quirk: reg 0x14: [io  0x03f6]
[    0.276651] pci 0000:00:01.1: legacy IDE quirk: reg 0x18: [io  0x0170-0x0177]
[    0.276652] pci 0000:00:01.1: legacy IDE quirk: reg 0x1c: [io  0x0376]
[    0.277194] pci 0000:00:02.0: [15ad:0405] type 00 class 0x030000
[    0.279448] pci 0000:00:02.0: reg 0x10: [io  0xd010-0xd01f]
[    0.283416] pci 0000:00:02.0: reg 0x14: [mem 0xe0000000-0xe7ffffff pref]
[    0.286016] pci 0000:00:02.0: reg 0x18: [mem 0xf0000000-0xf01fffff]
[    0.296155] pci 0000:00:03.0: [1022:2000] type 00 class 0x020000
[    0.296826] pci 0000:00:03.0: reg 0x10: [io  0xd020-0xd03f]
[    0.297431] pci 0000:00:03.0: reg 0x14: [mem 0xf0200000-0xf0200fff]
[    0.301887] pci 0000:00:04.0: [80ee:cafe] type 00 class 0x088000
[    0.302557] pci 0000:00:04.0: reg 0x10: [io  0xd040-0xd05f]
[    0.303162] pci 0000:00:04.0: reg 0x14: [mem 0xf0400000-0xf07fffff]
[    0.303485] pci 0000:00:04.0: reg 0x18: [mem 0xf0800000-0xf0803fff pref]
[    0.306997] pci 0000:00:07.0: [8086:7113] type 00 class 0x068000
[    0.307684] pci 0000:00:07.0: quirk: [io  0x4000-0x403f] claimed by PIIX4 ACPI
[    0.307693] pci 0000:00:07.0: quirk: [io  0x4100-0x410f] claimed by PIIX4 SMB
[    0.308303] pci 0000:00:08.0: [8086:100e] type 00 class 0x020000
[    0.309016] pci 0000:00:08.0: reg 0x10: [mem 0xf0820000-0xf083ffff]
[    0.310161] pci 0000:00:08.0: reg 0x18: [io  0xd060-0xd067]
[    0.312998] pci 0000:00:09.0: [8086:100e] type 00 class 0x020000
[    0.313707] pci 0000:00:09.0: reg 0x10: [mem 0xf0840000-0xf085ffff]
[    0.315461] pci 0000:00:09.0: reg 0x18: [io  0xd068-0xd06f]
[    0.324373] ACPI: PCI Interrupt Link [LNKA] (IRQs 5 9 10 *11)
[    0.324655] ACPI: PCI Interrupt Link [LNKB] (IRQs 5 9 *10 11)
[    0.324758] ACPI: PCI Interrupt Link [LNKC] (IRQs 5 *9 10 11)
[    0.324862] ACPI: PCI Interrupt Link [LNKD] (IRQs 5 9 10 *11)
[    0.325118] iommu: Default domain type: Translated 
[    0.325178] pci 0000:00:02.0: vgaarb: setting as boot VGA device
[    0.325180] pci 0000:00:02.0: vgaarb: VGA device added: decodes=io+mem,owns=io+mem,locks=none
[    0.325182] pci 0000:00:02.0: vgaarb: bridge control possible
[    0.325183] vgaarb: loaded
[    0.325393] SCSI subsystem initialized
[    0.327402] libata version 3.00 loaded.
[    0.327429] ACPI: bus type USB registered
[    0.327445] usbcore: registered new interface driver usbfs
[    0.327451] usbcore: registered new interface driver hub
[    0.327456] usbcore: registered new device driver usb
[    0.327484] pps_core: LinuxPPS API ver. 1 registered
[    0.327485] pps_core: Software ver. 5.3.6 - Copyright 2005-2007 Rodolfo Giometti <giometti@linux.it>
[    0.327487] PTP clock support registered
[    0.327521] EDAC MC: Ver: 3.0.0
[    0.327808] PCI: Using ACPI for IRQ routing
[    0.327810] PCI: pci_cache_line_size set to 64 bytes
[    0.327984] e820: reserve RAM buffer [mem 0x0009fc00-0x0009ffff]
[    0.327988] e820: reserve RAM buffer [mem 0x7fff0000-0x7fffffff]
[    0.328775] NetLabel: Initializing
[    0.328776] NetLabel:  domain hash size = 128
[    0.328776] NetLabel:  protocols = UNLABELED CIPSOv4 CALIPSO
[    0.328796] NetLabel:  unlabeled traffic allowed by default
[    0.329706] clocksource: Switched to clocksource kvm-clock
[    0.339532] *** VALIDATE bpf ***
[    0.339532] VFS: Disk quotas dquot_6.6.0
[    0.339532] VFS: Dquot-cache hash table entries: 512 (order 0, 4096 bytes)
[    0.339532] *** VALIDATE ramfs ***
[    0.339532] *** VALIDATE hugetlbfs ***
[    0.339532] AppArmor: AppArmor Filesystem Enabled
[    0.339532] pnp: PnP ACPI init
[    0.339532] pnp 00:00: Plug and Play ACPI device, IDs PNP0303 (active)
[    0.342148] pnp 00:01: Plug and Play ACPI device, IDs PNP0f03 (active)
[    0.342934] pnp: PnP ACPI: found 2 devices
[    0.343938] thermal_sys: Registered thermal governor 'fair_share'
[    0.343939] thermal_sys: Registered thermal governor 'bang_bang'
[    0.343940] thermal_sys: Registered thermal governor 'step_wise'
[    0.343940] thermal_sys: Registered thermal governor 'user_space'
[    0.343941] thermal_sys: Registered thermal governor 'power_allocator'
[    0.348472] clocksource: acpi_pm: mask: 0xffffff max_cycles: 0xffffff, max_idle_ns: 2085701024 ns
[    0.348513] pci_bus 0000:00: resource 4 [io  0x0000-0x0cf7 window]
[    0.348514] pci_bus 0000:00: resource 5 [io  0x0d00-0xffff window]
[    0.348515] pci_bus 0000:00: resource 6 [mem 0x000a0000-0x000bffff window]
[    0.348517] pci_bus 0000:00: resource 7 [mem 0x80000000-0xfdffffff window]
[    0.348574] NET: Registered protocol family 2
[    0.348649] IP idents hash table entries: 32768 (order: 6, 262144 bytes, linear)
[    0.349053] MPTCP tokens hash table entries: 8192 (order: 4, 65536 bytes, linear)
[    0.349073] MPTCP request tokens hash table entries: 8192 (order: 4, 65536 bytes, linear)
[    0.349099] default registered
[    0.349099] default registered
[    0.349100] MPTCP: Stable release v0.96
[    0.349105] tcp_listen_portaddr_hash hash table entries: 1024 (order: 2, 16384 bytes, linear)
[    0.349183] TCP established hash table entries: 16384 (order: 5, 131072 bytes, linear)
[    0.349249] TCP bind hash table entries: 16384 (order: 6, 262144 bytes, linear)
[    0.349274] TCP: Hash tables configured (established 16384 bind 16384)
[    0.349960] UDP hash table entries: 1024 (order: 3, 32768 bytes, linear)
[    0.349971] UDP-Lite hash table entries: 1024 (order: 3, 32768 bytes, linear)
[    0.350005] NET: Registered protocol family 1
[    0.350013] NET: Registered protocol family 44
[    0.350034] pci 0000:00:00.0: Limiting direct PCI/PCI transfers
[    0.350046] pci 0000:00:01.0: Activating ISA DMA hang workarounds
[    0.350103] pci 0000:00:02.0: Video device with shadowed ROM at [mem 0x000c0000-0x000dffff]
[    0.350164] PCI: CLS 0 bytes, default 64
[    0.350213] Trying to unpack rootfs image as initramfs...
[    0.520076] Freeing initrd memory: 47868K
[    0.520076] clocksource: tsc: mask: 0xffffffffffffffff max_cycles: 0x1e4530a99b6, max_idle_ns: 440795257976 ns
[    0.520076] clocksource: Switched to clocksource tsc
[    0.520076] platform rtc_cmos: registered platform RTC device (no PNP device found)
[    0.520076] check: Scanning for low memory corruption every 60 seconds
[    0.520076] Initialise system trusted keyrings
[    0.520076] Key type blacklist registered
[    0.520076] workingset: timestamp_bits=36 max_order=19 bucket_order=0
[    0.520076] zbud: loaded
[    0.520076] squashfs: version 4.0 (2009/01/31) Phillip Lougher
[    0.520076] fuse: init (API version 7.31)
[    0.520076] *** VALIDATE fuse ***
[    0.520076] *** VALIDATE fuse ***
[    0.520076] Platform Keyring initialized
[    0.532414] Key type asymmetric registered
[    0.532415] Asymmetric key parser 'x509' registered
[    0.532426] Block layer SCSI generic (bsg) driver version 0.4 loaded (major 244)
[    0.532463] io scheduler mq-deadline registered
[    0.532581] shpchp: Standard Hot Plug PCI Controller Driver version: 0.4
[    0.532804] ACPI: AC Adapter [AC] (on-line)
[    0.532849] input: Power Button as /devices/LNXSYSTM:00/LNXPWRBN:00/input/input0
[    0.532898] ACPI: Power Button [PWRF]
[    0.532970] input: Sleep Button as /devices/LNXSYSTM:00/LNXSLPBN:00/input/input1
[    0.532985] ACPI: Sleep Button [SLPF]
[    0.533203] Serial: 8250/16550 driver, 32 ports, IRQ sharing enabled
[    0.534370] Linux agpgart interface v0.103
[    0.627057] loop: module loaded
[    0.627203] ata_piix 0000:00:01.1: version 2.13
[    0.627615] scsi host0: ata_piix
[    0.627706] scsi host1: ata_piix
[    0.627733] ata1: PATA max UDMA/33 cmd 0x1f0 ctl 0x3f6 bmdma 0xd000 irq 14
[    0.627734] ata2: PATA max UDMA/33 cmd 0x170 ctl 0x376 bmdma 0xd008 irq 15
[    0.627815] tun: Universal TUN/TAP device driver, 1.6
[    0.628123] PPP generic driver version 2.4.2
[    0.628165] VFIO - User Level meta-driver version: 0.3
[    0.628399] ehci_hcd: USB 2.0 'Enhanced' Host Controller (EHCI) Driver
[    0.628404] ehci-pci: EHCI PCI platform driver
[    0.628419] ehci-platform: EHCI generic platform driver
[    0.628425] ohci_hcd: USB 1.1 'Open' Host Controller (OHCI) Driver
[    0.628426] ohci-pci: OHCI PCI platform driver
[    0.628433] ohci-platform: OHCI generic platform driver
[    0.628438] uhci_hcd: USB Universal Host Controller Interface driver
[    0.628501] i8042: PNP: PS/2 Controller [PNP0303:PS2K,PNP0f03:PS2M] at 0x60,0x64 irq 1,12
[    0.628937] serio: i8042 KBD port at 0x60,0x64 irq 1
[    0.628940] serio: i8042 AUX port at 0x60,0x64 irq 12
[    0.629025] mousedev: PS/2 mouse device common for all mice
[    0.629279] input: AT Translated Set 2 keyboard as /devices/platform/i8042/serio0/input/input2
[    0.629677] rtc_cmos rtc_cmos: registered as rtc0
[    0.629689] rtc_cmos rtc_cmos: alarms up to one day, 114 bytes nvram
[    0.629694] i2c /dev entries driver
[    0.629737] device-mapper: uevent: version 1.0.3
[    0.629780] device-mapper: ioctl: 4.41.0-ioctl (2019-09-16) initialised: dm-devel@redhat.com
[    0.629795] platform eisa.0: Probing EISA bus 0
[    0.629796] platform eisa.0: EISA: Cannot allocate resource for mainboard
[    0.629797] platform eisa.0: Cannot allocate resource for EISA slot 1
[    0.629798] platform eisa.0: Cannot allocate resource for EISA slot 2
[    0.629799] platform eisa.0: Cannot allocate resource for EISA slot 3
[    0.629800] platform eisa.0: Cannot allocate resource for EISA slot 4
[    0.629801] platform eisa.0: Cannot allocate resource for EISA slot 5
[    0.629802] platform eisa.0: Cannot allocate resource for EISA slot 6
[    0.629803] platform eisa.0: Cannot allocate resource for EISA slot 7
[    0.629804] platform eisa.0: Cannot allocate resource for EISA slot 8
[    0.629805] platform eisa.0: EISA: Detected 0 cards
[    0.629808] intel_pstate: CPU model not supported
[    0.629818] ledtrig-cpu: registered to indicate activity on CPUs
[    0.629870] drop_monitor: Initializing network drop monitor service
[    0.630028] NET: Registered protocol family 10
[    0.635158] Segment Routing with IPv6
[    0.635176] fullmesh registered
[    0.635176] ndiffports registered
[    0.635176] binder registered
[    0.635176] roundrobin registered
[    0.635176] redundant registered
[    0.635176] blest registered
[    0.635176] ecf registered
[    0.635176] NET: Registered protocol family 17
[    0.635176] Key type dns_resolver registered
[    0.635176] RAS: Correctable Errors collector initialized.
[    0.635176] IPI shorthand broadcast: enabled
[    0.635176] sched_clock: Marking stable (620157161, 11019793)->(633042716, -1865762)
[    0.635393] registered taskstats version 1
[    0.635402] Loading compiled-in X.509 certificates
[    0.635990] Loaded X.509 cert 'Build time autogenerated kernel key: 6909f3744cebb3d0de528d5887b96a727de79b1e'
[    0.636009] zswap: loaded using pool lzo/zbud
[    0.636060] Key type ._fscrypt registered
[    0.636060] Key type .fscrypt registered
[    0.640510] Key type big_key registered
[    0.642696] Key type encrypted registered
[    0.642699] AppArmor: AppArmor sha1 policy hashing enabled
[    0.642706] ima: No TPM chip found, activating TPM-bypass!
[    0.642710] ima: Allocated hash algorithm: sha1
[    0.642715] ima: No architecture policies found
[    0.642725] evm: Initialising EVM extended attributes:
[    0.642725] evm: security.selinux
[    0.642726] evm: security.SMACK64
[    0.642726] evm: security.SMACK64EXEC
[    0.642727] evm: security.SMACK64TRANSMUTE
[    0.642727] evm: security.SMACK64MMAP
[    0.642728] evm: security.apparmor
[    0.642728] evm: security.ima
[    0.642729] evm: security.capability
[    0.642729] evm: HMAC attrs: 0x1
[    0.643033] PM:   Magic number: 10:170:323
[    0.643049] tty tty48: hash matches
[    0.643148] rtc_cmos rtc_cmos: setting system clock to 2026-01-13T09:18:56 UTC (1768295936)
[    0.798590] ata1.00: ATA-6: VBOX HARDDISK, 1.0, max UDMA/133
[    0.798592] ata1.00: 209715200 sectors, multi 128: LBA 
[    0.799028] scsi 0:0:0:0: Direct-Access     ATA      VBOX HARDDISK    1.0  PQ: 0 ANSI: 5
[    0.799261] sd 0:0:0:0: [sda] 209715200 512-byte logical blocks: (107 GB/100 GiB)
[    0.799268] sd 0:0:0:0: [sda] Write Protect is off
[    0.799270] sd 0:0:0:0: [sda] Mode Sense: 00 3a 00 00
[    0.799289] sd 0:0:0:0: [sda] Write cache: enabled, read cache: enabled, doesn't support DPO or FUA
[    0.799547] sd 0:0:0:0: Attached scsi generic sg0 type 0
[    0.800395]  sda: sda1 sda2
[    0.807127] sd 0:0:0:0: [sda] Attached SCSI disk
[    0.808910] Freeing unused decrypted memory: 2040K
[    0.809586] Freeing unused kernel image memory: 2728K
[    0.809587] Write protecting the kernel read-only data: 22528k
[    0.810237] Freeing unused kernel image memory: 2036K
[    0.810614] Freeing unused kernel image memory: 1432K
[    0.823536] x86/mm: Checked W+X mappings: passed, no W+X pages found.
[    0.823539] Run /init as init process
[    0.911968] ACPI: Video Device [GFX0] (multi-head: yes  rom: no  post: no)
[    0.912039] input: Video Bus as /devices/LNXSYSTM:00/LNXSYBUS:00/PNP0A03:00/LNXVIDEO:00/input/input4
[    0.924876] pcnet32: pcnet32.c:v1.35 21.Apr.2008 tsbogend@alpha.franken.de
[    0.926454] piix4_smbus 0000:00:07.0: SMBus Host Controller at 0x4100, revision 0
[    0.928881] e1000: Intel(R) PRO/1000 Network Driver - version 7.3.21-k8-NAPI
[    0.928881] e1000: Copyright (c) 1999-2006 Intel Corporation.
[    0.941716] pcnet32: PCnet/FAST III 79C973 at 0xd020, 08:00:27:52:2c:7e assigned IRQ 19
[    0.941759] pcnet32: Found PHY 0022:561b at address 0
[    0.942057] pcnet32: eth0: registered as PCnet/FAST III 79C973
[    0.942080] pcnet32: 1 cards_found
[    0.996662] pcnet32 0000:00:03.0 enp0s3: renamed from eth0
[    1.141389] input: ImExPS/2 Generic Explorer Mouse as /devices/platform/i8042/serio1/input/input5
[    1.335343] e1000 0000:00:08.0 eth0: (PCI:33MHz:32-bit) 08:00:27:db:82:d1
[    1.335347] e1000 0000:00:08.0 eth0: Intel(R) PRO/1000 Network Connection
[    1.707347] e1000 0000:00:09.0 eth1: (PCI:33MHz:32-bit) 08:00:27:a8:ef:b5
[    1.707350] e1000 0000:00:09.0 eth1: Intel(R) PRO/1000 Network Connection
[    1.708539] e1000 0000:00:09.0 enp0s9: renamed from eth1
[    1.710327] e1000 0000:00:08.0 enp0s8: renamed from eth0
[    1.865793] EXT4-fs (sda2): mounted filesystem with ordered data mode. Opts: (null)
[    1.958642] systemd[1]: Inserted module 'autofs4'
[    1.973189] systemd[1]: systemd 245.4-4ubuntu3 running in system mode. (+PAM +AUDIT +SELINUX +IMA +APPARMOR +SMACK +SYSVINIT +UTMP +LIBCRYPTSETUP +GCRYPT +GNUTLS +ACL +XZ +LZ4 +SECCOMP +BLKID +ELFUTILS +KMOD +IDN2 -IDN +PCRE2 default-hierarchy=hybrid)
[    1.973221] systemd[1]: Detected virtualization oracle.
[    1.973224] systemd[1]: Detected architecture x86-64.
[    1.974531] systemd[1]: Set hostname to <ztg>.
[    2.098607] systemd[1]: /lib/systemd/system/dbus.socket:5: ListenStream= references a path below legacy directory /var/run/, updating /var/run/dbus/system_bus_socket â†’ /run/dbus/system_bus_socket; please update the unit file accordingly.
[    2.151967] systemd[1]: Created slice system-modprobe.slice.
[    2.152170] systemd[1]: Created slice User and Session Slice.
[    2.152214] systemd[1]: Started Forward Password Requests to Wall Directory Watch.
[    2.152370] systemd[1]: Set up automount Arbitrary Executable File Formats File System Automount Point.
[    2.152403] systemd[1]: Reached target User and Group Name Lookups.
[    2.152410] systemd[1]: Reached target Remote File Systems.
[    2.152418] systemd[1]: Reached target Slices.
[    2.152971] systemd[1]: Listening on Syslog Socket.
[    2.153037] systemd[1]: Listening on fsck to fsckd communication Socket.
[    2.153074] systemd[1]: Listening on initctl Compatibility Named Pipe.
[    2.153204] systemd[1]: Listening on Journal Audit Socket.
[    2.153258] systemd[1]: Listening on Journal Socket (/dev/log).
[    2.153324] systemd[1]: Listening on Journal Socket.
[    2.153387] systemd[1]: Listening on udev Control Socket.
[    2.153424] systemd[1]: Listening on udev Kernel Socket.
[    2.154120] systemd[1]: Mounting Huge Pages File System...
[    2.154994] systemd[1]: Mounting POSIX Message Queue File System...
[    2.155892] systemd[1]: Mounting Kernel Debug File System...
[    2.156741] systemd[1]: Mounting Kernel Trace File System...
[    2.158602] systemd[1]: Starting Journal Service...
[    2.181470] systemd[1]: Starting Set the console keyboard layout...
[    2.189324] systemd[1]: Starting Create list of static device nodes for the current kernel...
[    2.191312] systemd[1]: Starting Load Kernel Module drm...
[    2.192446] systemd[1]: Condition check resulted in Set Up Additional Binary Formats being skipped.
[    2.192486] systemd[1]: Condition check resulted in File System Check on Root Device being skipped.
[    2.205545] systemd[1]: Starting Load Kernel Modules...
[    2.210991] systemd[1]: Starting Remount Root and Kernel File Systems...
[    2.224325] systemd[1]: Starting udev Coldplug all Devices...
[    2.232046] systemd[1]: Starting Uncomplicated firewall...
[    2.233589] systemd[1]: Mounted Huge Pages File System.
[    2.233679] systemd[1]: Mounted POSIX Message Queue File System.
[    2.233759] systemd[1]: Mounted Kernel Debug File System.
[    2.233832] systemd[1]: Mounted Kernel Trace File System.
[    2.235443] EXT4-fs (sda2): re-mounted. Opts: errors=remount-ro
[    2.279781] systemd[1]: Finished Create list of static device nodes for the current kernel.
[    2.280917] systemd[1]: modprobe@drm.service: Succeeded.
[    2.281609] systemd[1]: Finished Load Kernel Module drm.
[    2.282176] systemd[1]: Finished Remount Root and Kernel File Systems.
[    2.282962] systemd[1]: Finished Uncomplicated firewall.
[    2.299337] lp: driver loaded but no devices found
[    2.302304] systemd[1]: Condition check resulted in Rebuild Hardware Database being skipped.
[    2.302338] systemd[1]: Condition check resulted in Platform Persistent Storage Archival being skipped.
[    2.302961] systemd[1]: Starting Load/Save Random Seed...
[    2.307749] systemd[1]: Starting Create System Users...
[    2.313576] ppdev: user-space parallel port driver
[    2.319913] systemd[1]: Finished Load/Save Random Seed.
[    2.322006] systemd[1]: Finished Create System Users.
[    2.322680] systemd[1]: Starting Create Static Device Nodes in /dev...
[    2.380087] systemd[1]: Finished udev Coldplug all Devices.
[    2.383226] systemd[1]: Finished Create Static Device Nodes in /dev.
[    2.383992] systemd[1]: Starting udev Kernel Device Manager...
[    2.424838] [drm] DMA map mode: Caching DMA mappings.
[    2.424908] [drm] Capabilities:
[    2.424908] [drm]   Rect copy.
[    2.424908] [drm]   Cursor.
[    2.424909] [drm]   Cursor bypass.
[    2.424909] [drm]   Cursor bypass 2.
[    2.424909] [drm]   Alpha cursor.
[    2.424910] [drm]   Extended Fifo.
[    2.424910] [drm]   Pitchlock.
[    2.424910] [drm]   Irq mask.
[    2.424911] [drm]   GMR.
[    2.424911] [drm]   Traces.
[    2.424911] [drm]   GMR2.
[    2.424912] [drm]   Screen Object 2.
[    2.424912] [drm]   Command Buffers.
[    2.424912] [drm]   Command Buffers 2.
[    2.424913] [drm]   Guest Backed Resources.
[    2.424914] [drm] Max GMR ids is 8192
[    2.424914] [drm] Max number of GMR pages is 1048576
[    2.424915] [drm] Max dedicated hypervisor surface memory is 393216 kiB
[    2.424915] [drm] Maximum display memory size is 131072 kiB
[    2.424916] [drm] VRAM at 0xe0000000 size is 131072 kiB
[    2.424917] [drm] MMIO at 0xf0000000 size is 2048 kiB
[    2.425993] [TTM] Zone  kernel: Available graphics memory: 1011738 KiB
[    2.425994] [TTM] Initializing pool allocator
[    2.425997] [TTM] Initializing DMA pool allocator
[    2.426027] [drm] Supports vblank timestamp caching Rev 2 (21.10.2013).
[    2.426028] [drm] No driver support for vblank timestamp query.
[    2.426276] [drm] Screen Target Display device initialized
[    2.426460] [drm] width 720
[    2.426469] [drm] height 400
[    2.426472] [drm] bpp 32
[    2.426989] [drm] Fifo max 0x00200000 min 0x00001000 cap 0x00000355
[    2.428396] [drm] Using command buffers with DMA pool.
[    2.428400] [drm] DX: no.
[    2.428400] [drm] Atomic: yes.
[    2.428401] [drm] SM4_1: no.
[    2.428419] [drm:vmw_host_log [vmwgfx]] *ERROR* Failed to send host log message.
[    2.429381] [drm:vmw_host_log [vmwgfx]] *ERROR* Failed to send host log message.
[    2.434354] systemd[1]: Finished Set the console keyboard layout.
[    2.434456] systemd[1]: Reached target Local File Systems (Pre).
[    2.436907] systemd[1]: Mounting Mount unit for bare, revision 5...
[    2.442229] systemd[1]: Mounting Mount unit for core18, revision 1705...
[    2.448875] systemd[1]: Mounting Mount unit for gnome-3-34-1804, revision 24...
[    2.449588] fbcon: svgadrmfb (fb0) is primary device
[    2.451707] Console: switching to colour frame buffer device 100x37
[    2.460238] [drm] Initialized vmwgfx 2.15.0 20180704 for 0000:00:02.0 on minor 0
[    2.467615] systemd[1]: Mounting Mount unit for gtk-common-themes, revision 1506...
[    2.476466] systemd[1]: Mounting Mount unit for gtk-common-themes, revision 1535...
[    2.503035] systemd[1]: Mounting Mount unit for snap-store, revision 433...
[    2.509321] systemd[1]: Mounting Mount unit for snapd, revision 7264...
[    2.517567] systemd[1]: Finished Load Kernel Modules.
[    2.524025] systemd[1]: Mounting FUSE Control File System...
[    2.526266] systemd[1]: Mounting Kernel Configuration File System...
[    2.527640] systemd[1]: Starting Apply Kernel Variables...
[    2.528748] systemd[1]: Mounted FUSE Control File System.
[    2.528821] systemd[1]: Condition check resulted in VMware vmblock fuse mount being skipped.
[    2.556177] systemd[1]: Mounted Mount unit for bare, revision 5.
[    2.556267] systemd[1]: Mounted Kernel Configuration File System.
[    2.569347] systemd[1]: Mounted Mount unit for core18, revision 1705.
[    2.570801] systemd[1]: Finished Apply Kernel Variables.
[    2.577638] systemd[1]: Mounted Mount unit for gnome-3-34-1804, revision 24.
[    2.602010] systemd[1]: Mounted Mount unit for gtk-common-themes, revision 1506.
[    2.602098] systemd[1]: Mounted Mount unit for gtk-common-themes, revision 1535.
[    2.609555] systemd[1]: Mounted Mount unit for snap-store, revision 433.
[    2.609640] systemd[1]: Mounted Mount unit for snapd, revision 7264.
[    2.609691] systemd[1]: Reached target Local File Systems.
[    2.611385] systemd[1]: Starting Load AppArmor profiles...
[    2.617694] systemd[1]: Starting Set console font and keymap...
[    2.629635] systemd[1]: Starting Tell Plymouth To Write Out Runtime Data...
[    2.629705] systemd[1]: Condition check resulted in Store a System Token in an EFI Variable being skipped.
[    2.629747] systemd[1]: Condition check resulted in Commit a transient machine-id on disk being skipped.
[    2.635190] systemd[1]: Started udev Kernel Device Manager.
[    2.636073] systemd[1]: Starting Show Plymouth Boot Screen...
[    2.638067] systemd[1]: Finished Set console font and keymap.
[    2.642409] systemd[1]: Received SIGRTMIN+20 from PID 282 (plymouthd).
[    2.659717] systemd[1]: plymouth-read-write.service: Succeeded.
[    2.661348] systemd[1]: Finished Tell Plymouth To Write Out Runtime Data.
[    2.662469] systemd[1]: Started Show Plymouth Boot Screen.
[    2.662625] systemd[1]: Condition check resulted in Dispatch Password Requests to Console Directory Watch being skipped.
[    2.662702] systemd[1]: Started Forward Password Requests to Plymouth Directory Watch.
[    2.662791] systemd[1]: Reached target Local Encrypted Volumes.
[    2.681920] audit: type=1400 audit(1768295938.536:2): apparmor="STATUS" operation="profile_load" profile="unconfined" name="nvidia_modprobe" pid=292 comm="apparmor_parser"
[    2.681922] audit: type=1400 audit(1768295938.536:3): apparmor="STATUS" operation="profile_load" profile="unconfined" name="nvidia_modprobe//kmod" pid=292 comm="apparmor_parser"
[    2.688045] audit: type=1400 audit(1768295938.540:4): apparmor="STATUS" operation="profile_load" profile="unconfined" name="/usr/sbin/tcpdump" pid=293 comm="apparmor_parser"
[    2.722652] audit: type=1400 audit(1768295938.568:5): apparmor="STATUS" operation="profile_load" profile="unconfined" name="/usr/bin/evince" pid=296 comm="apparmor_parser"
[    2.722655] audit: type=1400 audit(1768295938.568:6): apparmor="STATUS" operation="profile_load" profile="unconfined" name="/usr/bin/evince//sanitized_helper" pid=296 comm="apparmor_parser"
[    2.722656] audit: type=1400 audit(1768295938.568:7): apparmor="STATUS" operation="profile_load" profile="unconfined" name="/usr/bin/evince-previewer" pid=296 comm="apparmor_parser"
[    2.722658] audit: type=1400 audit(1768295938.568:8): apparmor="STATUS" operation="profile_load" profile="unconfined" name="/usr/bin/evince-previewer//sanitized_helper" pid=296 comm="apparmor_parser"
[    2.722660] audit: type=1400 audit(1768295938.568:9): apparmor="STATUS" operation="profile_load" profile="unconfined" name="/usr/bin/evince-thumbnailer" pid=296 comm="apparmor_parser"
[    2.761869] audit: type=1400 audit(1768295938.616:10): apparmor="STATUS" operation="profile_load" profile="unconfined" name="/usr/lib/cups/backend/cups-pdf" pid=303 comm="apparmor_parser"
[    2.824661] systemd[1]: Finished Load AppArmor profiles.
[    2.825597] systemd[1]: Starting Load AppArmor profiles managed internally by snapd...
[    2.888471] systemd[1]: Finished Load AppArmor profiles managed internally by snapd.
[    3.098486] systemd[1]: Started Journal Service.
[    3.105197] systemd-journald[229]: Received client request to flush runtime journal.
[    3.110879] systemd-journald[229]: File /var/log/journal/c455b248004a419c87ce85eea238d727/system.journal corrupted or uncleanly shut down, renaming and replacing.
[    4.390679] RAPL PMU: API unit is 2^-32 Joules, 0 fixed counters, 10737418240 ms ovfl timer
[    4.458715] cryptd: max_cpu_qlen set to 1000
[    4.510719] AVX2 version of gcm_enc/dec engaged.
[    4.510721] AES CTR mode by8 optimization enabled
[    5.246058] Adding 1998844k swap on /dev/sda1.  Priority:-2 extents:1 across:1998844k FS
[    6.042804] kauditd_printk_skb: 30 callbacks suppressed
[    6.042805] audit: type=1400 audit(1768295941.892:41): apparmor="DENIED" operation="capable" profile="/usr/sbin/cups-browsed" pid=496 comm="cups-browsed" capability=23  capname="sys_nice"
[    7.246474] pcnet32 0000:00:03.0 enp0s3: link up, 100Mbps, full-duplex
[    7.282754] e1000: enp0s8 NIC Link is Up 1000 Mbps Full Duplex, Flow Control: RX
[    7.283026] IPv6: ADDRCONF(NETDEV_CHANGE): enp0s8: link becomes ready
[    7.294134] e1000: enp0s9 NIC Link is Up 1000 Mbps Full Duplex, Flow Control: RX
[    7.294421] IPv6: ADDRCONF(NETDEV_CHANGE): enp0s9: link becomes ready
[    7.788102] device enp0s3 entered promiscuous mode
[    7.817395] audit: type=1400 audit(1768295943.668:42): apparmor="DENIED" operation="open" profile="/usr/sbin/tcpdump" name="/proc/sys/kernel/random/boot_id" pid=657 comm="tcpdump" requested_mask="r" denied_mask="r" fsuid=0 ouid=0
[    7.817484] audit: type=1400 audit(1768295943.668:43): apparmor="DENIED" operation="open" profile="/usr/sbin/tcpdump" name="/proc/sys/kernel/random/boot_id" pid=657 comm="tcpdump" requested_mask="r" denied_mask="r" fsuid=0 ouid=0
[    7.817571] audit: type=1400 audit(1768295943.668:44): apparmor="DENIED" operation="open" profile="/usr/sbin/tcpdump" name="/proc/sys/kernel/random/boot_id" pid=657 comm="tcpdump" requested_mask="r" denied_mask="r" fsuid=0 ouid=0
[    7.817664] audit: type=1400 audit(1768295943.668:45): apparmor="DENIED" operation="open" profile="/usr/sbin/tcpdump" name="/proc/sys/kernel/random/boot_id" pid=657 comm="tcpdump" requested_mask="r" denied_mask="r" fsuid=0 ouid=0
[    7.821626] audit: type=1400 audit(1768295943.672:46): apparmor="DENIED" operation="open" profile="/usr/sbin/tcpdump" name="/proc/sys/kernel/random/boot_id" pid=658 comm="tcpdump" requested_mask="r" denied_mask="r" fsuid=0 ouid=0
[    7.821787] audit: type=1400 audit(1768295943.672:47): apparmor="DENIED" operation="open" profile="/usr/sbin/tcpdump" name="/proc/sys/kernel/random/boot_id" pid=658 comm="tcpdump" requested_mask="r" denied_mask="r" fsuid=0 ouid=0
[    7.821859] audit: type=1400 audit(1768295943.672:48): apparmor="DENIED" operation="open" profile="/usr/sbin/tcpdump" name="/proc/sys/kernel/random/boot_id" pid=658 comm="tcpdump" requested_mask="r" denied_mask="r" fsuid=0 ouid=0
[    7.821944] audit: type=1400 audit(1768295943.672:49): apparmor="DENIED" operation="open" profile="/usr/sbin/tcpdump" name="/proc/sys/kernel/random/boot_id" pid=658 comm="tcpdump" requested_mask="r" denied_mask="r" fsuid=0 ouid=0
[   12.161546] rfkill: input handler disabled
[  250.436334] AAAAA-TCP_FORW: name:enp0s3: saddr:100932208: daddr:16783984
[  251.081414] AAAAA-TCP_FORW: name:enp0s3: saddr:100932208: daddr:16783984
[  251.172302] AAAAA-TCP_FORW: name:enp0s3: saddr:100932208: daddr:16783984
[  251.690026] AAAAA-TCP_FORW: name:enp0s3: saddr:100932208: daddr:33561200
[  251.893694] AAAAA-TCP_FORW: name:enp0s3: saddr:100932208: daddr:16783984
[  251.950727] AAAAA-TCP_FORW: name:enp0s3: saddr:100932208: daddr:16783984
[  252.082837] AAAAA-TCP_FORW: name:enp0s3: saddr:100932208: daddr:33561200
[  252.188917] AAAAA-TCP_FORW: name:enp0s3: saddr:100932208: daddr:16783984
[  252.284310] AAAAA-TCP_FORW: name:enp0s3: saddr:100932208: daddr:16783984
[  252.499606] AAAAA-TCP_FORW: name:enp0s3: saddr:100932208: daddr:16783984
[  252.648702] AAAAA-TCP_FORW: name:enp0s3: saddr:100932208: daddr:33561200
[  252.943526] AAAAA-TCP_FORW: name:enp0s3: saddr:100932208: daddr:33561200
[  252.977925] AAAAA-TCP_FORW: name:enp0s3: saddr:100932208: daddr:16783984
[  253.283597] AAAAA-TCP_FORW: name:enp0s3: saddr:100932208: daddr:16783984
[  253.349872] AAAAA-TCP_FORW: name:enp0s3: saddr:100932208: daddr:16783984
[  253.537446] AAAAA-TCP_FORW: name:enp0s3: saddr:100932208: daddr:33561200
[  253.651878] AAAAA-TCP_FORW: name:enp0s3: saddr:100932208: daddr:33561200
[  253.722026] AAAAA-TCP_FORW: name:enp0s3: saddr:100932208: daddr:33561200
[  253.792912] AAAAA-TCP_FORW: name:enp0s3: saddr:100932208: daddr:33561200
[  253.854259] AAAAA-TCP_FORW: name:enp0s3: saddr:100932208: daddr:16783984
[  253.923603] AAAAA-TCP_FORW: name:enp0s3: saddr:100932208: daddr:16783984
[  253.986720] AAAAA-TCP_FORW: name:enp0s3: saddr:100932208: daddr:16783984
[  254.040556] AAAAA-TCP_FORW: name:enp0s3: saddr:100932208: daddr:16783984
[  254.134730] AAAAA-TCP_FORW: name:enp0s3: saddr:100932208: daddr:16783984
[  254.190472] AAAAA-TCP_FORW: name:enp0s3: saddr:100932208: daddr:16783984
[  254.233069] AAAAA-TCP_FORW: name:enp0s3: saddr:100932208: daddr:16783984
[  254.298834] AAAAA-TCP_FORW: name:enp0s3: saddr:100932208: daddr:16783984
[  254.398443] AAAAA-TCP_FORW: name:enp0s3: saddr:100932208: daddr:16783984
[  254.466191] AAAAA-TCP_FORW: name:enp0s3: saddr:100932208: daddr:16783984
[  254.535123] AAAAA-TCP_FORW: name:enp0s3: saddr:100932208: daddr:33561200
[  254.580652] AAAAA-TCP_FORW: name:enp0s3: saddr:16783984: daddr:100932208
[  254.582473] AAAAA-TCP_FORW: name:enp0s3: saddr:100932208: daddr:33561200
[  254.639272] AAAAA-TCP_FORW: name:enp0s3: saddr:100932208: daddr:33561200
[  254.720878] AAAAA-TCP_FORW: name:enp0s3: saddr:100932208: daddr:33561200
[  254.752336] AAAAA-TCP_FORW: name:enp0s3: saddr:100932208: daddr:33561200
[  254.780013] AAAAA-TCP_FORW: name:enp0s3: saddr:100932208: daddr:33561200
[  254.816183] AAAAA-TCP_FORW: name:enp0s3: saddr:16783984: daddr:100932208
[  254.833617] AAAAA-TCP_FORW: name:enp0s3: saddr:100932208: daddr:33561200
[  254.853542] AAAAA-TCP_FORW: name:enp0s3: saddr:16783984: daddr:100932208
[  254.891897] AAAAA-TCP_FORW: name:enp0s3: saddr:100932208: daddr:33561200
[  254.929177] AAAAA-TCP_FORW: name:enp0s3: saddr:16783984: daddr:100932208
[  254.945071] AAAAA-TCP_FORW: name:enp0s3: saddr:100932208: daddr:33561200
[  254.991727] AAAAA-TCP_FORW: name:enp0s3: saddr:100932208: daddr:33561200
[  255.010720] AAAAA-TCP_FORW: name:enp0s3: saddr:16783984: daddr:100932208
[  255.084425] AAAAA-TCP_FORW: name:enp0s3: saddr:100932208: daddr:16783984
[  255.126163] AAAAA-TCP_FORW: name:enp0s3: saddr:100932208: daddr:16783984
[  255.157683] AAAAA-TCP_FORW: name:enp0s3: saddr:100932208: daddr:16783984
[  255.180264] AAAAA-TCP_FORW: name:enp0s3: saddr:16783984: daddr:100932208
[  255.195394] AAAAA-TCP_FORW: name:enp0s3: saddr:100932208: daddr:16783984
[  255.235821] AAAAA-TCP_FORW: name:enp0s3: saddr:100932208: daddr:33561200
[  255.294982] AAAAA-TCP_FORW: name:enp0s3: saddr:33561200: daddr:100932208
[  255.378587] AAAAA-TCP_FORW: name:enp0s3: saddr:100932208: daddr:16783984
[  255.434581] AAAAA-TCP_FORW: name:enp0s3: saddr:100932208: daddr:33561200
[  255.476047] AAAAA-TCP_FORW: name:enp0s3: saddr:33561200: daddr:100932208
[  255.497751] AAAAA-TCP_FORW: name:enp0s3: saddr:100932208: daddr:16783984
[  255.557838] AAAAA-TCP_FORW: name:enp0s3: saddr:100932208: daddr:16783984
[  255.604275] AAAAA-TCP_FORW: name:enp0s3: saddr:100932208: daddr:16783984
[  255.629999] AAAAA-TCP_FORW: name:enp0s3: saddr:100932208: daddr:16783984
[  255.647887] AAAAA-TCP_FORW: name:enp0s3: saddr:33561200: daddr:100932208
[  255.674356] AAAAA-TCP_FORW: name:enp0s3: saddr:100932208: daddr:16783984
[  255.744204] AAAAA-TCP_FORW: name:enp0s3: saddr:100932208: daddr:16783984
[  255.759043] AAAAA-TCP_FORW: name:enp0s3: saddr:33561200: daddr:100932208
[  255.826641] AAAAA-TCP_FORW: name:enp0s3: saddr:100932208: daddr:16783984
[  255.894546] AAAAA-TCP_FORW: name:enp0s3: saddr:100932208: daddr:16783984
[  255.921803] AAAAA-TCP_FORW: name:enp0s3: saddr:100932208: daddr:16783984
[  255.983705] AAAAA-TCP_FORW: name:enp0s3: saddr:33561200: daddr:100932208
[  255.991962] AAAAA-TCP_FORW: name:enp0s3: saddr:100932208: daddr:16783984
[  256.060461] AAAAA-TCP_FORW: name:enp0s3: saddr:100932208: daddr:16783984
[  256.102413] AAAAA-TCP_FORW: name:enp0s3: saddr:100932208: daddr:16783984
[  256.137597] AAAAA-TCP_FORW: name:enp0s3: saddr:100932208: daddr:16783984
[  256.160310] AAAAA-TCP_FORW: name:enp0s3: saddr:33561200: daddr:100932208
[  256.221745] AAAAA-TCP_FORW: name:enp0s3: saddr:100932208: daddr:16783984
[  256.289076] AAAAA-TCP_FORW: name:enp0s3: saddr:100932208: daddr:16783984
[  256.336141] AAAAA-TCP_FORW: name:enp0s3: saddr:100932208: daddr:16783984
[  256.347364] AAAAA-TCP_FORW: name:enp0s3: saddr:33561200: daddr:100932208
[  256.365274] AAAAA-TCP_FORW: name:enp0s3: saddr:33561200: daddr:100932208
[  256.386314] AAAAA-TCP_FORW: name:enp0s3: saddr:100932208: daddr:33561200
[  256.429528] AAAAA-TCP_FORW: name:enp0s3: saddr:100932208: daddr:16783984
[  256.497958] AAAAA-TCP_FORW: name:enp0s3: saddr:100932208: daddr:16783984
[  256.527495] AAAAA-TCP_FORW: name:enp0s3: saddr:100932208: daddr:33561200
[  256.584772] AAAAA-TCP_FORW: name:enp0s3: saddr:33561200: daddr:100932208
[  256.593598] AAAAA-TCP_FORW: name:enp0s3: saddr:100932208: daddr:33561200
[  256.650758] AAAAA-TCP_FORW: name:enp0s3: saddr:33561200: daddr:100932208
[  256.670135] AAAAA-TCP_FORW: name:enp0s3: saddr:100932208: daddr:33561200
[  256.748557] AAAAA-TCP_FORW: name:enp0s3: saddr:100932208: daddr:33561200
[  256.877249] AAAAA-TCP_FORW: name:enp0s3: saddr:16783984: daddr:100932208
[  256.937709] AAAAA-TCP_FORW: name:enp0s3: saddr:16783984: daddr:100932208
[  256.971782] AAAAA-TCP_FORW: name:enp0s3: saddr:16783984: daddr:100932208
[  257.046961] AAAAA-TCP_FORW: name:enp0s3: saddr:100932208: daddr:33561200
[  257.117833] AAAAA-TCP_FORW: name:enp0s3: saddr:100932208: daddr:33561200
[  257.193575] AAAAA-TCP_FORW: name:enp0s3: saddr:16783984: daddr:100932208
[  257.215646] AAAAA-TCP_FORW: name:enp0s3: saddr:100932208: daddr:33561200
[  257.245845] AAAAA-TCP_FORW: name:enp0s3: saddr:100932208: daddr:33561200
[  257.343222] AAAAA-TCP_FORW: name:enp0s3: saddr:33561200: daddr:100932208
[  257.402327] AAAAA-TCP_FORW: name:enp0s3: saddr:100932208: daddr:33561200
[  257.440296] AAAAA-TCP_FORW: name:enp0s3: saddr:100932208: daddr:33561200
[  257.506030] AAAAA-TCP_FORW: name:enp0s3: saddr:16783984: daddr:100932208
[  257.575000] AAAAA-TCP_FORW: name:enp0s3: saddr:33561200: daddr:100932208
[  257.585308] AAAAA-TCP_FORW: name:enp0s3: saddr:100932208: daddr:33561200
[  257.650457] AAAAA-TCP_FORW: name:enp0s3: saddr:100932208: daddr:33561200
[  257.683397] AAAAA-TCP_FORW: name:enp0s3: saddr:16783984: daddr:100932208
[  257.744733] AAAAA-TCP_FORW: name:enp0s3: saddr:16783984: daddr:100932208
[  257.793530] AAAAA-TCP_FORW: name:enp0s3: saddr:100932208: daddr:33561200
[  257.823142] AAAAA-TCP_FORW: name:enp0s3: saddr:100932208: daddr:33561200
[  257.885269] AAAAA-TCP_FORW: name:enp0s3: saddr:100932208: daddr:33561200
[  257.907715] AAAAA-TCP_FORW: name:enp0s3: saddr:100932208: daddr:33561200
[  257.995751] AAAAA-TCP_FORW: name:enp0s3: saddr:16783984: daddr:100932208
[  258.058199] AAAAA-TCP_FORW: name:enp0s3: saddr:16783984: daddr:100932208
[  258.156593] AAAAA-TCP_FORW: name:enp0s3: saddr:100932208: daddr:33561200
[  258.169636] AAAAA-TCP_FORW: name:enp0s3: saddr:16783984: daddr:100932208
[  258.222387] AAAAA-TCP_FORW: name:enp0s3: saddr:100932208: daddr:33561200
[  258.384709] AAAAA-TCP_FORW: name:enp0s3: saddr:100932208: daddr:33561200
[  258.416387] AAAAA-TCP_FORW: name:enp0s3: saddr:100932208: daddr:33561200
[  258.431528] AAAAA-TCP_FORW: name:enp0s3: saddr:16783984: daddr:100932208
[  258.461719] AAAAA-TCP_FORW: name:enp0s3: saddr:100932208: daddr:16783984
[  258.501474] AAAAA-TCP_FORW: name:enp0s3: saddr:100932208: daddr:16783984
[  258.512458] AAAAA-TCP_FORW: name:enp0s3: saddr:16783984: daddr:100932208
[  258.533041] AAAAA-TCP_FORW: name:enp0s3: saddr:16783984: daddr:100932208
[  258.540347] AAAAA-TCP_FORW: name:enp0s3: saddr:100932208: daddr:16783984
[  258.569362] AAAAA-TCP_FORW: name:enp0s3: saddr:100932208: daddr:16783984
[  258.617968] AAAAA-TCP_FORW: name:enp0s3: saddr:16783984: daddr:100932208
[  258.629070] AAAAA-TCP_FORW: name:enp0s3: saddr:100932208: daddr:16783984
[  258.689392] AAAAA-TCP_FORW: name:enp0s3: saddr:100932208: daddr:16783984
[  258.737083] AAAAA-TCP_FORW: name:enp0s3: saddr:100932208: daddr:16783984
[  258.749347] AAAAA-TCP_FORW: name:enp0s3: saddr:16783984: daddr:100932208
[  258.837591] AAAAA-TCP_FORW: name:enp0s3: saddr:100932208: daddr:16783984
[  258.858594] AAAAA-TCP_FORW: name:enp0s3: saddr:100932208: daddr:16783984
[  258.922696] AAAAA-TCP_FORW: name:enp0s3: saddr:16783984: daddr:100932208
[  258.988827] AAAAA-TCP_FORW: name:enp0s3: saddr:16783984: daddr:100932208
[  259.005115] AAAAA-TCP_FORW: name:enp0s3: saddr:16783984: daddr:100932208
[  259.054402] AAAAA-TCP_FORW: name:enp0s3: saddr:16783984: daddr:100932208
[  259.084227] AAAAA-TCP_FORW: name:enp0s3: saddr:16783984: daddr:100932208
[  259.287207] AAAAA-TCP_FORW: name:enp0s3: saddr:33561200: daddr:100932208
[  259.363518] AAAAA-TCP_FORW: name:enp0s3: saddr:100932208: daddr:16783984
[  259.456471] AAAAA-TCP_FORW: name:enp0s3: saddr:100932208: daddr:16783984
[  259.460604] AAAAA-TCP_FORW: name:enp0s3: saddr:16783984: daddr:100932208
[  259.516675] AAAAA-TCP_FORW: name:enp0s3: saddr:100932208: daddr:16783984
[  259.554649] AAAAA-TCP_FORW: name:enp0s3: saddr:16783984: daddr:100932208
[  259.590653] AAAAA-TCP_FORW: name:enp0s3: saddr:100932208: daddr:16783984
[  259.671943] AAAAA-TCP_FORW: name:enp0s3: saddr:33561200: daddr:100932208
[  259.741168] AAAAA-TCP_FORW: name:enp0s3: saddr:100932208: daddr:16783984
[  259.774903] AAAAA-TCP_FORW: name:enp0s3: saddr:33561200: daddr:100932208
[  259.839223] AAAAA-TCP_FORW: name:enp0s3: saddr:100932208: daddr:16783984
[  259.928367] AAAAA-TCP_FORW: name:enp0s3: saddr:100932208: daddr:16783984
[  260.003013] AAAAA-TCP_FORW: name:enp0s3: saddr:33561200: daddr:100932208
[  260.034490] AAAAA-TCP_FORW: name:enp0s3: saddr:33561200: daddr:100932208
[  260.100843] AAAAA-TCP_FORW: name:enp0s3: saddr:100932208: daddr:16783984
[  260.220079] AAAAA-TCP_FORW: name:enp0s3: saddr:100932208: daddr:16783984
[  260.243404] AAAAA-TCP_FORW: name:enp0s3: saddr:33561200: daddr:100932208
[  260.270868] AAAAA-TCP_FORW: name:enp0s3: saddr:100932208: daddr:16783984
[  260.322175] AAAAA-TCP_FORW: name:enp0s3: saddr:100932208: daddr:16783984
[  260.430618] AAAAA-TCP_FORW: name:enp0s3: saddr:100932208: daddr:16783984
[  260.455157] AAAAA-TCP_FORW: name:enp0s3: saddr:33561200: daddr:100932208
[  260.578796] AAAAA-TCP_FORW: name:enp0s3: saddr:100932208: daddr:16783984
[  260.626977] AAAAA-TCP_FORW: name:enp0s3: saddr:100932208: daddr:16783984
[  260.657143] AAAAA-TCP_FORW: name:enp0s3: saddr:33561200: daddr:100932208
[  260.740739] AAAAA-TCP_FORW: name:enp0s3: saddr:100932208: daddr:16783984
[  260.748114] AAAAA-TCP_FORW: name:enp0s3: saddr:33561200: daddr:100932208
[  260.792122] AAAAA-TCP_FORW: name:enp0s3: saddr:100932208: daddr:16783984
[  260.823649] AAAAA-TCP_FORW: name:enp0s3: saddr:100932208: daddr:16783984
[  260.877417] AAAAA-TCP_FORW: name:enp0s3: saddr:33561200: daddr:100932208
[  260.935249] AAAAA-TCP_FORW: name:enp0s3: saddr:33561200: daddr:100932208
[  260.960977] AAAAA-TCP_FORW: name:enp0s3: saddr:100932208: daddr:16783984
[  261.022674] AAAAA-TCP_FORW: name:enp0s3: saddr:100932208: daddr:16783984
[  261.141044] AAAAA-TCP_FORW: name:enp0s3: saddr:33561200: daddr:100932208
[  261.163915] AAAAA-TCP_FORW: name:enp0s3: saddr:100932208: daddr:16783984
[  261.193111] AAAAA-TCP_FORW: name:enp0s3: saddr:33561200: daddr:100932208
[  261.213867] AAAAA-TCP_FORW: name:enp0s3: saddr:100932208: daddr:16783984
[  261.288402] AAAAA-TCP_FORW: name:enp0s3: saddr:100932208: daddr:16783984
[  261.369279] AAAAA-TCP_FORW: name:enp0s3: saddr:100932208: daddr:16783984
[  261.381068] AAAAA-TCP_FORW: name:enp0s3: saddr:33561200: daddr:100932208
[  261.414295] AAAAA-TCP_FORW: name:enp0s3: saddr:33561200: daddr:100932208
[  261.418140] AAAAA-TCP_FORW: name:enp0s3: saddr:100932208: daddr:33561200
[  261.437897] AAAAA-TCP_FORW: name:enp0s3: saddr:100932208: daddr:33561200
[  261.528368] AAAAA-TCP_FORW: name:enp0s3: saddr:100932208: daddr:33561200
[  261.604318] AAAAA-TCP_FORW: name:enp0s3: saddr:100932208: daddr:33561200
[  261.645197] AAAAA-TCP_FORW: name:enp0s3: saddr:33561200: daddr:100932208
[  261.733633] AAAAA-TCP_FORW: name:enp0s3: saddr:100932208: daddr:33561200
[  261.770713] AAAAA-TCP_FORW: name:enp0s3: saddr:33561200: daddr:100932208
[  261.780380] AAAAA-TCP_FORW: name:enp0s3: saddr:100932208: daddr:33561200
[  261.829409] AAAAA-TCP_FORW: name:enp0s3: saddr:100932208: daddr:33561200
[  261.867487] AAAAA-TCP_FORW: name:enp0s3: saddr:100932208: daddr:33561200
[  261.932622] AAAAA-TCP_FORW: name:enp0s3: saddr:100932208: daddr:33561200
[  261.963001] AAAAA-TCP_FORW: name:enp0s3: saddr:33561200: daddr:100932208
[  261.984080] AAAAA-TCP_FORW: name:enp0s3: saddr:100932208: daddr:33561200
[  262.055529] AAAAA-TCP_FORW: name:enp0s3: saddr:33561200: daddr:100932208
[  262.132987] AAAAA-TCP_FORW: name:enp0s3: saddr:100932208: daddr:33561200
[  262.194902] AAAAA-TCP_FORW: name:enp0s3: saddr:100932208: daddr:33561200
[  262.276613] AAAAA-TCP_FORW: name:enp0s3: saddr:100932208: daddr:33561200
[  262.278633] AAAAA-TCP_FORW: name:enp0s3: saddr:33561200: daddr:100932208
[  262.310308] AAAAA-TCP_FORW: name:enp0s3: saddr:100932208: daddr:33561200
[  262.360865] AAAAA-TCP_FORW: name:enp0s3: saddr:100932208: daddr:33561200
[  262.378299] AAAAA-TCP_FORW: name:enp0s3: saddr:16783984: daddr:100932208
[  262.413139] AAAAA-TCP_FORW: name:enp0s3: saddr:100932208: daddr:33561200
[  262.421613] AAAAA-TCP_FORW: name:enp0s3: saddr:16783984: daddr:100932208
[  262.480249] AAAAA-TCP_FORW: name:enp0s3: saddr:100932208: daddr:33561200
[  262.509809] AAAAA-TCP_FORW: name:enp0s3: saddr:16783984: daddr:100932208
[  262.526250] AAAAA-TCP_FORW: name:enp0s3: saddr:100932208: daddr:33561200
[  262.610808] AAAAA-TCP_FORW: name:enp0s3: saddr:16783984: daddr:100932208
[  262.630565] AAAAA-TCP_FORW: name:enp0s3: saddr:100932208: daddr:33561200
[  262.653973] AAAAA-TCP_FORW: name:enp0s3: saddr:16783984: daddr:100932208
[  262.696765] AAAAA-TCP_FORW: name:enp0s3: saddr:100932208: daddr:33561200
[  262.741222] AAAAA-TCP_FORW: name:enp0s3: saddr:100932208: daddr:33561200
[  262.775874] AAAAA-TCP_FORW: name:enp0s3: saddr:16783984: daddr:100932208
[  262.874597] AAAAA-TCP_FORW: name:enp0s3: saddr:100932208: daddr:33561200
[  262.880061] AAAAA-TCP_FORW: name:enp0s3: saddr:16783984: daddr:100932208
[  262.926117] AAAAA-TCP_FORW: name:enp0s3: saddr:16783984: daddr:100932208
[  262.948406] AAAAA-TCP_FORW: name:enp0s3: saddr:100932208: daddr:33561200
[  262.973668] AAAAA-TCP_FORW: name:enp0s3: saddr:100932208: daddr:33561200
[  263.011307] AAAAA-TCP_FORW: name:enp0s3: saddr:16783984: daddr:100932208
[  263.168950] AAAAA-TCP_FORW: name:enp0s3: saddr:100932208: daddr:33561200
[  263.203261] AAAAA-TCP_FORW: name:enp0s3: saddr:16783984: daddr:100932208
[  263.231712] AAAAA-TCP_FORW: name:enp0s3: saddr:100932208: daddr:33561200
[  263.240740] AAAAA-TCP_FORW: name:enp0s3: saddr:16783984: daddr:100932208
[  263.308742] AAAAA-TCP_FORW: name:enp0s3: saddr:100932208: daddr:33561200
[  263.341160] AAAAA-TCP_FORW: name:enp0s3: saddr:16783984: daddr:100932208
[  263.497767] AAAAA-TCP_FORW: name:enp0s3: saddr:100932208: daddr:33561200
[  263.553080] AAAAA-TCP_FORW: name:enp0s3: saddr:16783984: daddr:100932208
[  263.575306] AAAAA-TCP_FORW: name:enp0s3: saddr:100932208: daddr:33561200
[  263.599983] AAAAA-TCP_FORW: name:enp0s3: saddr:16783984: daddr:100932208
[  263.615181] AAAAA-TCP_FORW: name:enp0s3: saddr:100932208: daddr:33561200
[  263.757171] AAAAA-TCP_FORW: name:enp0s3: saddr:16783984: daddr:100932208
[  263.810258] AAAAA-TCP_FORW: name:enp0s3: saddr:100932208: daddr:33561200
[  263.822932] AAAAA-TCP_FORW: name:enp0s3: saddr:100932208: daddr:33561200
[  263.842111] AAAAA-TCP_FORW: name:enp0s3: saddr:100932208: daddr:33561200
[  263.879465] AAAAA-TCP_FORW: name:enp0s3: saddr:16783984: daddr:100932208
[  264.044936] AAAAA-TCP_FORW: name:enp0s3: saddr:16783984: daddr:100932208
[  264.141442] AAAAA-TCP_FORW: name:enp0s3: saddr:16783984: daddr:100932208
[  264.195266] AAAAA-TCP_FORW: name:enp0s3: saddr:16783984: daddr:100932208
[  264.349262] AAAAA-TCP_FORW: name:enp0s3: saddr:16783984: daddr:100932208
[  264.470281] AAAAA-TCP_FORW: name:enp0s3: saddr:16783984: daddr:100932208
[  264.489741] AAAAA-TCP_FORW: name:enp0s3: saddr:100932208: daddr:16783984
[  264.559849] AAAAA-TCP_FORW: name:enp0s3: saddr:100932208: daddr:16783984
[  264.583765] AAAAA-TCP_FORW: name:enp0s3: saddr:16783984: daddr:100932208
[  264.602923] AAAAA-TCP_FORW: name:enp0s3: saddr:100932208: daddr:16783984
[  264.643541] AAAAA-TCP_FORW: name:enp0s3: saddr:100932208: daddr:16783984
[  264.709733] AAAAA-TCP_FORW: name:enp0s3: saddr:16783984: daddr:100932208
[  264.726812] AAAAA-TCP_FORW: name:enp0s3: saddr:100932208: daddr:16783984
[  264.807340] AAAAA-TCP_FORW: name:enp0s3: saddr:16783984: daddr:100932208
[  264.905410] AAAAA-TCP_FORW: name:enp0s3: saddr:100932208: daddr:16783984
[  264.988653] AAAAA-TCP_FORW: name:enp0s3: saddr:16783984: daddr:100932208
[  265.013299] AAAAA-TCP_FORW: name:enp0s3: saddr:100932208: daddr:16783984
[  265.068471] AAAAA-TCP_FORW: name:enp0s3: saddr:100932208: daddr:16783984
[  265.101724] AAAAA-TCP_FORW: name:enp0s3: saddr:33561200: daddr:100932208
[  265.130513] AAAAA-TCP_FORW: name:enp0s3: saddr:100932208: daddr:16783984
[  265.218093] AAAAA-TCP_FORW: name:enp0s3: saddr:33561200: daddr:100932208
[  265.236407] AAAAA-TCP_FORW: name:enp0s3: saddr:100932208: daddr:16783984
[  265.291945] AAAAA-TCP_FORW: name:enp0s3: saddr:33561200: daddr:100932208
[  265.312502] AAAAA-TCP_FORW: name:enp0s3: saddr:100932208: daddr:16783984
[  265.333103] AAAAA-TCP_FORW: name:enp0s3: saddr:33561200: daddr:100932208
[  265.351087] AAAAA-TCP_FORW: name:enp0s3: saddr:100932208: daddr:16783984
[  265.392863] AAAAA-TCP_FORW: name:enp0s3: saddr:100932208: daddr:16783984
[  265.421075] AAAAA-TCP_FORW: name:enp0s3: saddr:33561200: daddr:100932208
[  265.431652] AAAAA-TCP_FORW: name:enp0s3: saddr:100932208: daddr:16783984
[  265.449005] AAAAA-TCP_FORW: name:enp0s3: saddr:100932208: daddr:16783984
[  265.497668] AAAAA-TCP_FORW: name:enp0s3: saddr:100932208: daddr:16783984
[  265.504751] AAAAA-TCP_FORW: name:enp0s3: saddr:33561200: daddr:100932208
[  265.540325] AAAAA-TCP_FORW: name:enp0s3: saddr:100932208: daddr:16783984
[  265.547646] AAAAA-TCP_FORW: name:enp0s3: saddr:33561200: daddr:100932208
[  265.611651] AAAAA-TCP_FORW: name:enp0s3: saddr:100932208: daddr:16783984
[  265.685882] AAAAA-TCP_FORW: name:enp0s3: saddr:100932208: daddr:16783984
[  265.713646] AAAAA-TCP_FORW: name:enp0s3: saddr:33561200: daddr:100932208
[  265.731976] AAAAA-TCP_FORW: name:enp0s3: saddr:100932208: daddr:16783984
[  265.763572] AAAAA-TCP_FORW: name:enp0s3: saddr:33561200: daddr:100932208
[  265.775278] AAAAA-TCP_FORW: name:enp0s3: saddr:100932208: daddr:16783984
[  265.816323] AAAAA-TCP_FORW: name:enp0s3: saddr:100932208: daddr:16783984
[  265.875853] AAAAA-TCP_FORW: name:enp0s3: saddr:100932208: daddr:16783984
[  265.927181] AAAAA-TCP_FORW: name:enp0s3: saddr:100932208: daddr:16783984
[  265.973469] AAAAA-TCP_FORW: name:enp0s3: saddr:33561200: daddr:100932208
[  265.991462] AAAAA-TCP_FORW: name:enp0s3: saddr:100932208: daddr:16783984
[  266.021835] AAAAA-TCP_FORW: name:enp0s3: saddr:33561200: daddr:100932208
[  266.039905] AAAAA-TCP_FORW: name:enp0s3: saddr:100932208: daddr:16783984
[  266.132628] AAAAA-TCP_FORW: name:enp0s3: saddr:100932208: daddr:16783984
[  266.145434] AAAAA-TCP_FORW: name:enp0s3: saddr:33561200: daddr:100932208
[  266.177970] AAAAA-TCP_FORW: name:enp0s3: saddr:100932208: daddr:16783984
[  266.195530] AAAAA-TCP_FORW: name:enp0s3: saddr:33561200: daddr:100932208
[  266.256432] AAAAA-TCP_FORW: name:enp0s3: saddr:100932208: daddr:33561200
[  266.270345] AAAAA-TCP_FORW: name:enp0s3: saddr:33561200: daddr:100932208
[  266.301851] AAAAA-TCP_FORW: name:enp0s3: saddr:33561200: daddr:100932208
[  266.319740] AAAAA-TCP_FORW: name:enp0s3: saddr:100932208: daddr:33561200
[  266.363817] AAAAA-TCP_FORW: name:enp0s3: saddr:100932208: daddr:33561200
[  266.400239] AAAAA-TCP_FORW: name:enp0s3: saddr:33561200: daddr:100932208
[  266.443571] AAAAA-TCP_FORW: name:enp0s3: saddr:100932208: daddr:33561200
[  266.535748] AAAAA-TCP_FORW: name:enp0s3: saddr:100932208: daddr:33561200
[  266.576356] AAAAA-TCP_FORW: name:enp0s3: saddr:100932208: daddr:33561200
[  266.593366] AAAAA-TCP_FORW: name:enp0s3: saddr:33561200: daddr:100932208
[  266.627333] AAAAA-TCP_FORW: name:enp0s3: saddr:33561200: daddr:100932208
[  266.645315] AAAAA-TCP_FORW: name:enp0s3: saddr:100932208: daddr:33561200
[  266.760414] AAAAA-TCP_FORW: name:enp0s3: saddr:33561200: daddr:100932208
[  266.775399] AAAAA-TCP_FORW: name:enp0s3: saddr:100932208: daddr:33561200
[  266.832185] AAAAA-TCP_FORW: name:enp0s3: saddr:100932208: daddr:33561200
[  266.885630] AAAAA-TCP_FORW: name:enp0s3: saddr:100932208: daddr:33561200
[  266.966783] AAAAA-TCP_FORW: name:enp0s3: saddr:33561200: daddr:100932208
[  266.983846] AAAAA-TCP_FORW: name:enp0s3: saddr:100932208: daddr:33561200
[  267.022288] AAAAA-TCP_FORW: name:enp0s3: saddr:100932208: daddr:33561200
[  267.075558] AAAAA-TCP_FORW: name:enp0s3: saddr:100932208: daddr:33561200
[  267.181611] AAAAA-TCP_FORW: name:enp0s3: saddr:33561200: daddr:100932208
[  267.216443] AAAAA-TCP_FORW: name:enp0s3: saddr:33561200: daddr:100932208
[  267.260956] AAAAA-TCP_FORW: name:enp0s3: saddr:100932208: daddr:33561200
[  267.283371] AAAAA-TCP_FORW: name:enp0s3: saddr:100932208: daddr:33561200
[  267.303284] AAAAA-TCP_FORW: name:enp0s3: saddr:33561200: daddr:100932208
[  267.340384] AAAAA-TCP_FORW: name:enp0s3: saddr:33561200: daddr:100932208
[  267.359237] AAAAA-TCP_FORW: name:enp0s3: saddr:100932208: daddr:33561200
[  267.440617] AAAAA-TCP_FORW: name:enp0s3: saddr:33561200: daddr:100932208
[  267.545170] AAAAA-TCP_FORW: name:enp0s3: saddr:100932208: daddr:33561200
[  267.547189] AAAAA-TCP_FORW: name:enp0s3: saddr:33561200: daddr:100932208
[  267.601886] AAAAA-TCP_FORW: name:enp0s3: saddr:100932208: daddr:33561200
[  267.658811] AAAAA-TCP_FORW: name:enp0s3: saddr:100932208: daddr:33561200
[  267.703701] AAAAA-TCP_FORW: name:enp0s3: saddr:33561200: daddr:100932208
[  267.723105] AAAAA-TCP_FORW: name:enp0s3: saddr:100932208: daddr:33561200
[  267.765585] AAAAA-TCP_FORW: name:enp0s3: saddr:33561200: daddr:100932208
[  267.778334] AAAAA-TCP_FORW: name:enp0s3: saddr:100932208: daddr:33561200
[  267.803504] AAAAA-TCP_FORW: name:enp0s3: saddr:33561200: daddr:100932208
[  267.814423] AAAAA-TCP_FORW: name:enp0s3: saddr:100932208: daddr:33561200
[  267.926235] AAAAA-TCP_FORW: name:enp0s3: saddr:100932208: daddr:33561200
[  267.935826] AAAAA-TCP_FORW: name:enp0s3: saddr:33561200: daddr:100932208
[  267.978071] AAAAA-TCP_FORW: name:enp0s3: saddr:100932208: daddr:33561200
[  267.991223] AAAAA-TCP_FORW: name:enp0s3: saddr:33561200: daddr:100932208
[  268.090775] AAAAA-TCP_FORW: name:enp0s3: saddr:100932208: daddr:33561200
[  268.146524] AAAAA-TCP_FORW: name:enp0s3: saddr:100932208: daddr:33561200
[  268.276286] AAAAA-TCP_FORW: name:enp0s3: saddr:16783984: daddr:100932208
[  268.306319] AAAAA-TCP_FORW: name:enp0s3: saddr:16783984: daddr:100932208
[  268.349489] AAAAA-TCP_FORW: name:enp0s3: saddr:100932208: daddr:33561200
[  268.392303] AAAAA-TCP_FORW: name:enp0s3: saddr:100932208: daddr:33561200
[  268.422078] AAAAA-TCP_FORW: name:enp0s3: saddr:16783984: daddr:100932208
[  268.536847] AAAAA-TCP_FORW: name:enp0s3: saddr:16783984: daddr:100932208
[  268.666709] AAAAA-TCP_FORW: name:enp0s3: saddr:16783984: daddr:100932208
[  268.686534] AAAAA-TCP_FORW: name:enp0s3: saddr:100932208: daddr:33561200
[  268.757846] AAAAA-TCP_FORW: name:enp0s3: saddr:100932208: daddr:33561200
[  268.801194] AAAAA-TCP_FORW: name:enp0s3: saddr:16783984: daddr:100932208
[  268.898189] AAAAA-TCP_FORW: name:enp0s3: saddr:16783984: daddr:100932208
[  268.933556] AAAAA-TCP_FORW: name:enp0s3: saddr:16783984: daddr:100932208
[  269.000784] AAAAA-TCP_FORW: name:enp0s3: saddr:16783984: daddr:100932208
[  269.084205] AAAAA-TCP_FORW: name:enp0s3: saddr:16783984: daddr:100932208
[  269.153943] AAAAA-TCP_FORW: name:enp0s3: saddr:16783984: daddr:100932208
[  269.221124] AAAAA-TCP_FORW: name:enp0s3: saddr:16783984: daddr:100932208
[  269.317660] AAAAA-TCP_FORW: name:enp0s3: saddr:16783984: daddr:100932208
[  269.395026] AAAAA-TCP_FORW: name:enp0s3: saddr:16783984: daddr:100932208
[  269.430890] AAAAA-TCP_FORW: name:enp0s3: saddr:16783984: daddr:100932208
[  269.458753] AAAAA-TCP_FORW: name:enp0s3: saddr:100932208: daddr:16783984
[  269.468944] AAAAA-TCP_FORW: name:enp0s3: saddr:16783984: daddr:100932208
[  269.505737] AAAAA-TCP_FORW: name:enp0s3: saddr:100932208: daddr:16783984
[  269.532127] AAAAA-TCP_FORW: name:enp0s3: saddr:100932208: daddr:16783984
[  269.575182] AAAAA-TCP_FORW: name:enp0s3: saddr:16783984: daddr:100932208
[  269.601428] AAAAA-TCP_FORW: name:enp0s3: saddr:100932208: daddr:16783984
[  269.738072] AAAAA-TCP_FORW: name:enp0s3: saddr:16783984: daddr:100932208
[  269.851508] AAAAA-TCP_FORW: name:enp0s3: saddr:16783984: daddr:100932208
[  269.911713] AAAAA-TCP_FORW: name:enp0s3: saddr:16783984: daddr:100932208
[  270.031001] AAAAA-TCP_FORW: name:enp0s3: saddr:16783984: daddr:100932208
[  270.096053] AAAAA-TCP_FORW: name:enp0s3: saddr:16783984: daddr:100932208
[  270.292354] AAAAA-TCP_FORW: name:enp0s3: saddr:16783984: daddr:100932208
[  270.368305] AAAAA-TCP_FORW: name:enp0s3: saddr:33561200: daddr:100932208
[  270.451051] AAAAA-TCP_FORW: name:enp0s3: saddr:33561200: daddr:100932208
[  270.530465] AAAAA-TCP_FORW: name:enp0s3: saddr:33561200: daddr:100932208
[  270.607313] AAAAA-TCP_FORW: name:enp0s3: saddr:33561200: daddr:100932208
[  270.682879] AAAAA-TCP_FORW: name:enp0s3: saddr:33561200: daddr:100932208
[  270.713066] AAAAA-TCP_FORW: name:enp0s3: saddr:33561200: daddr:100932208
[  270.847415] AAAAA-TCP_FORW: name:enp0s3: saddr:33561200: daddr:100932208
[  270.877291] AAAAA-TCP_FORW: name:enp0s3: saddr:33561200: daddr:100932208
[  270.954742] AAAAA-TCP_FORW: name:enp0s3: saddr:33561200: daddr:100932208
[  270.982491] AAAAA-TCP_FORW: name:enp0s3: saddr:33561200: daddr:100932208
[  271.012443] AAAAA-TCP_FORW: name:enp0s3: saddr:33561200: daddr:100932208
[  271.026557] AAAAA-TCP_FORW: name:enp0s3: saddr:33561200: daddr:100932208
[  271.095950] AAAAA-TCP_FORW: name:enp0s3: saddr:33561200: daddr:100932208
[  271.164234] AAAAA-TCP_FORW: name:enp0s3: saddr:33561200: daddr:100932208
[  271.194853] AAAAA-TCP_FORW: name:enp0s3: saddr:33561200: daddr:100932208
[  271.225787] AAAAA-TCP_FORW: name:enp0s3: saddr:33561200: daddr:100932208
[  271.258403] AAAAA-TCP_FORW: name:enp0s3: saddr:33561200: daddr:100932208
[  271.311017] AAAAA-TCP_FORW: name:enp0s3: saddr:33561200: daddr:100932208
[  271.406438] AAAAA-TCP_FORW: name:enp0s3: saddr:33561200: daddr:100932208
[  271.532621] AAAAA-TCP_FORW: name:enp0s3: saddr:33561200: daddr:100932208
[  271.754499] AAAAA-TCP_FORW: name:enp0s3: saddr:33561200: daddr:100932208
[  271.825716] AAAAA-TCP_FORW: name:enp0s3: saddr:33561200: daddr:100932208
[  271.891168] AAAAA-TCP_FORW: name:enp0s3: saddr:33561200: daddr:100932208
[  271.931360] AAAAA-TCP_FORW: name:enp0s3: saddr:33561200: daddr:100932208
[  272.044333] AAAAA-TCP_FORW: name:enp0s3: saddr:33561200: daddr:100932208
[  272.105990] AAAAA-TCP_FORW: name:enp0s3: saddr:33561200: daddr:100932208
[  272.182523] AAAAA-TCP_FORW: name:enp0s3: saddr:33561200: daddr:100932208
[  272.249146] AAAAA-TCP_FORW: name:enp0s3: saddr:33561200: daddr:100932208
[  272.302528] AAAAA-TCP_FORW: name:enp0s3: saddr:33561200: daddr:100932208
[  272.396425] AAAAA-TCP_FORW: name:enp0s3: saddr:33561200: daddr:100932208
[  272.432051] AAAAA-TCP_FORW: name:enp0s3: saddr:16783984: daddr:100932208
[  272.469145] AAAAA-TCP_FORW: name:enp0s3: saddr:16783984: daddr:100932208
[  272.533801] AAAAA-TCP_FORW: name:enp0s3: saddr:100932208: daddr:33561200
[  272.551700] AAAAA-TCP_FORW: name:enp0s3: saddr:16783984: daddr:100932208
[  272.595647] AAAAA-TCP_FORW: name:enp0s3: saddr:16783984: daddr:100932208
[  272.982241] AAAAA-TCP_FORW: name:enp0s3: saddr:33561200: daddr:100932208
[  283.689731] AAAAA-TCP_FORW: name:enp0s3: saddr:100932208: daddr:33561200
[  283.755284] AAAAA-TCP_FORW: name:enp0s3: saddr:100932208: daddr:16783984
[  283.856513] AAAAA-TCP_FORW: name:enp0s3: saddr:100932208: daddr:33561200
[  283.912220] AAAAA-TCP_FORW: name:enp0s3: saddr:100932208: daddr:33561200
[  283.987684] AAAAA-TCP_FORW: name:enp0s3: saddr:100932208: daddr:33561200
[  284.091197] AAAAA-TCP_FORW: name:enp0s3: saddr:100932208: daddr:33561200
[  284.179190] AAAAA-TCP_FORW: name:enp0s3: saddr:100932208: daddr:33561200
[  284.224269] AAAAA-TCP_FORW: name:enp0s3: saddr:100932208: daddr:33561200
[  284.313069] AAAAA-TCP_FORW: name:enp0s3: saddr:100932208: daddr:33561200
[  284.420004] AAAAA-TCP_FORW: name:enp0s3: saddr:100932208: daddr:33561200
[  284.550293] AAAAA-TCP_FORW: name:enp0s3: saddr:100932208: daddr:33561200
[  284.603683] AAAAA-TCP_FORW: name:enp0s3: saddr:100932208: daddr:16783984
[  284.768344] AAAAA-TCP_FORW: name:enp0s3: saddr:100932208: daddr:16783984
[  284.899933] AAAAA-TCP_FORW: name:enp0s3: saddr:100932208: daddr:16783984
[  284.997442] AAAAA-TCP_FORW: name:enp0s3: saddr:100932208: daddr:16783984
[  285.158232] AAAAA-TCP_FORW: name:enp0s3: saddr:100932208: daddr:16783984
[  285.290465] AAAAA-TCP_FORW: name:enp0s3: saddr:100932208: daddr:16783984
[  285.386607] AAAAA-TCP_FORW: name:enp0s3: saddr:100932208: daddr:16783984
[  285.446562] AAAAA-TCP_FORW: name:enp0s3: saddr:100932208: daddr:16783984
[  285.556631] AAAAA-TCP_FORW: name:enp0s3: saddr:100932208: daddr:16783984
[  285.662238] AAAAA-TCP_FORW: name:enp0s3: saddr:100932208: daddr:16783984
[  285.734382] AAAAA-TCP_FORW: name:enp0s3: saddr:100932208: daddr:16783984
[  285.809474] AAAAA-TCP_FORW: name:enp0s3: saddr:100932208: daddr:16783984
[  285.867436] AAAAA-TCP_FORW: name:enp0s3: saddr:100932208: daddr:16783984
[  285.955921] AAAAA-TCP_FORW: name:enp0s3: saddr:100932208: daddr:33561200
[  285.988529] AAAAA-TCP_FORW: name:enp0s3: saddr:100932208: daddr:33561200
[  286.033051] AAAAA-TCP_FORW: name:enp0s3: saddr:100932208: daddr:33561200
[  286.116054] AAAAA-TCP_FORW: name:enp0s3: saddr:100932208: daddr:33561200
[  286.208853] AAAAA-TCP_FORW: name:enp0s3: saddr:100932208: daddr:33561200
[  286.262523] AAAAA-TCP_FORW: name:enp0s3: saddr:100932208: daddr:16783984
[  286.382392] AAAAA-TCP_FORW: name:enp0s3: saddr:100932208: daddr:16783984
[  286.494392] AAAAA-TCP_FORW: name:enp0s3: saddr:100932208: daddr:16783984
[  286.590117] AAAAA-TCP_FORW: name:enp0s3: saddr:100932208: daddr:16783984
[  286.660069] AAAAA-TCP_FORW: name:enp0s3: saddr:100932208: daddr:33561200
[  286.661864] AAAAA-TCP_FORW: name:enp0s3: saddr:100932208: daddr:33561200
[  286.691622] AAAAA-TCP_FORW: name:enp0s3: saddr:100932208: daddr:16783984
[  286.792437] AAAAA-TCP_FORW: name:enp0s3: saddr:100932208: daddr:16783984
[  286.871233] AAAAA-TCP_FORW: name:enp0s3: saddr:100932208: daddr:33561200
[  286.913326] AAAAA-TCP_FORW: name:enp0s3: saddr:100932208: daddr:16783984
[  286.944422] AAAAA-TCP_FORW: name:enp0s3: saddr:100932208: daddr:16783984
[  286.978376] AAAAA-TCP_FORW: name:enp0s3: saddr:100932208: daddr:33561200
[  287.060283] AAAAA-TCP_FORW: name:enp0s3: saddr:100932208: daddr:33561200
[  287.096446] AAAAA-TCP_FORW: name:enp0s3: saddr:100932208: daddr:33561200
[  287.209950] AAAAA-TCP_FORW: name:enp0s3: saddr:100932208: daddr:33561200
[  287.245205] AAAAA-TCP_FORW: name:enp0s3: saddr:100932208: daddr:33561200
[  287.353908] AAAAA-TCP_FORW: name:enp0s3: saddr:100932208: daddr:33561200
[  287.396585] AAAAA-TCP_FORW: name:enp0s3: saddr:100932208: daddr:33561200
[  287.476963] AAAAA-TCP_FORW: name:enp0s3: saddr:100932208: daddr:33561200
[  287.555928] AAAAA-TCP_FORW: name:enp0s3: saddr:100932208: daddr:33561200
[  287.577334] AAAAA-TCP_FORW: name:enp0s3: saddr:100932208: daddr:33561200
[  287.647245] AAAAA-TCP_FORW: name:enp0s3: saddr:100932208: daddr:33561200
[  287.712837] AAAAA-TCP_FORW: name:enp0s3: saddr:100932208: daddr:33561200
[  287.767948] AAAAA-TCP_FORW: name:enp0s3: saddr:100932208: daddr:33561200
[  287.833435] AAAAA-TCP_FORW: name:enp0s3: saddr:100932208: daddr:33561200
[  287.897309] AAAAA-TCP_FORW: name:enp0s3: saddr:100932208: daddr:33561200
[  287.915119] AAAAA-TCP_FORW: name:enp0s3: saddr:33561200: daddr:100932208
[  287.984049] AAAAA-TCP_FORW: name:enp0s3: saddr:100932208: daddr:33561200
[  288.000690] AAAAA-TCP_FORW: name:enp0s3: saddr:16783984: daddr:100932208
[  288.009860] AAAAA-TCP_FORW: name:enp0s3: saddr:100932208: daddr:33561200
[  288.072026] AAAAA-TCP_FORW: name:enp0s3: saddr:16783984: daddr:100932208
[  288.094533] AAAAA-TCP_FORW: name:enp0s3: saddr:33561200: daddr:100932208
[  288.096370] AAAAA-TCP_FORW: name:enp0s3: saddr:100932208: daddr:33561200
[  288.193795] AAAAA-TCP_FORW: name:enp0s3: saddr:100932208: daddr:16783984
[  288.195614] AAAAA-TCP_FORW: name:enp0s3: saddr:100932208: daddr:16783984
[  288.202908] AAAAA-TCP_FORW: name:enp0s3: saddr:16783984: daddr:100932208
[  288.225003] AAAAA-TCP_FORW: name:enp0s3: saddr:16783984: daddr:100932208
[  288.299010] AAAAA-TCP_FORW: name:enp0s3: saddr:16783984: daddr:100932208
[  288.319818] AAAAA-TCP_FORW: name:enp0s3: saddr:33561200: daddr:100932208
[  288.362186] AAAAA-TCP_FORW: name:enp0s3: saddr:100932208: daddr:16783984
[  288.375188] AAAAA-TCP_FORW: name:enp0s3: saddr:33561200: daddr:100932208
[  288.413256] AAAAA-TCP_FORW: name:enp0s3: saddr:100932208: daddr:16783984
[  288.459308] AAAAA-TCP_FORW: name:enp0s3: saddr:16783984: daddr:100932208
[  288.476810] AAAAA-TCP_FORW: name:enp0s3: saddr:100932208: daddr:16783984
[  288.487132] AAAAA-TCP_FORW: name:enp0s3: saddr:33561200: daddr:100932208
[  288.522630] AAAAA-TCP_FORW: name:enp0s3: saddr:100932208: daddr:16783984
[  288.535220] AAAAA-TCP_FORW: name:enp0s3: saddr:16783984: daddr:100932208
[  288.630487] AAAAA-TCP_FORW: name:enp0s3: saddr:100932208: daddr:16783984
[  288.654383] AAAAA-TCP_FORW: name:enp0s3: saddr:16783984: daddr:100932208
[  288.670842] AAAAA-TCP_FORW: name:enp0s3: saddr:33561200: daddr:100932208
[  288.702379] AAAAA-TCP_FORW: name:enp0s3: saddr:100932208: daddr:16783984
[  288.765121] AAAAA-TCP_FORW: name:enp0s3: saddr:100932208: daddr:16783984
[  288.804579] AAAAA-TCP_FORW: name:enp0s3: saddr:100932208: daddr:16783984
[  288.832461] AAAAA-TCP_FORW: name:enp0s3: saddr:100932208: daddr:16783984
[  288.858393] AAAAA-TCP_FORW: name:enp0s3: saddr:33561200: daddr:100932208
[  288.925262] AAAAA-TCP_FORW: name:enp0s3: saddr:100932208: daddr:16783984
[  288.945756] AAAAA-TCP_FORW: name:enp0s3: saddr:100932208: daddr:16783984
[  289.035057] AAAAA-TCP_FORW: name:enp0s3: saddr:100932208: daddr:16783984
[  289.053884] AAAAA-TCP_FORW: name:enp0s3: saddr:33561200: daddr:100932208
[  289.089953] AAAAA-TCP_FORW: name:enp0s3: saddr:100932208: daddr:16783984
[  289.148939] AAAAA-TCP_FORW: name:enp0s3: saddr:100932208: daddr:16783984
[  289.162180] AAAAA-TCP_FORW: name:enp0s3: saddr:33561200: daddr:100932208
[  289.196331] AAAAA-TCP_FORW: name:enp0s3: saddr:100932208: daddr:16783984
[  289.236505] AAAAA-TCP_FORW: name:enp0s3: saddr:100932208: daddr:16783984
[  289.247113] AAAAA-TCP_FORW: name:enp0s3: saddr:33561200: daddr:100932208
[  289.273034] AAAAA-TCP_FORW: name:enp0s3: saddr:100932208: daddr:16783984
[  289.325514] AAAAA-TCP_FORW: name:enp0s3: saddr:100932208: daddr:16783984
[  289.365149] AAAAA-TCP_FORW: name:enp0s3: saddr:100932208: daddr:16783984
[  289.403936] AAAAA-TCP_FORW: name:enp0s3: saddr:33561200: daddr:100932208
[  289.435387] AAAAA-TCP_FORW: name:enp0s3: saddr:100932208: daddr:16783984
[  289.517885] AAAAA-TCP_FORW: name:enp0s3: saddr:33561200: daddr:100932208
[  289.531204] AAAAA-TCP_FORW: name:enp0s3: saddr:100932208: daddr:33561200
[  289.573951] AAAAA-TCP_FORW: name:enp0s3: saddr:100932208: daddr:33561200
[  289.609359] AAAAA-TCP_FORW: name:enp0s3: saddr:100932208: daddr:33561200
[  289.639620] AAAAA-TCP_FORW: name:enp0s3: saddr:100932208: daddr:33561200
[  289.667630] AAAAA-TCP_FORW: name:enp0s3: saddr:33561200: daddr:100932208
[  289.689925] AAAAA-TCP_FORW: name:enp0s3: saddr:33561200: daddr:100932208
[  289.691848] AAAAA-TCP_FORW: name:enp0s3: saddr:100932208: daddr:33561200
[  289.711291] AAAAA-TCP_FORW: name:enp0s3: saddr:33561200: daddr:100932208
[  289.736975] AAAAA-TCP_FORW: name:enp0s3: saddr:100932208: daddr:33561200
[  289.803207] AAAAA-TCP_FORW: name:enp0s3: saddr:33561200: daddr:100932208
[  289.809402] AAAAA-TCP_FORW: name:enp0s3: saddr:100932208: daddr:33561200
[  289.880094] AAAAA-TCP_FORW: name:enp0s3: saddr:100932208: daddr:16783984
[  289.911951] AAAAA-TCP_FORW: name:enp0s3: saddr:33561200: daddr:100932208
[  289.929551] AAAAA-TCP_FORW: name:enp0s3: saddr:100932208: daddr:16783984
[  289.940260] AAAAA-TCP_FORW: name:enp0s3: saddr:33561200: daddr:100932208
[  289.957716] AAAAA-TCP_FORW: name:enp0s3: saddr:100932208: daddr:16783984
[  289.992831] AAAAA-TCP_FORW: name:enp0s3: saddr:100932208: daddr:33561200
[  290.030230] AAAAA-TCP_FORW: name:enp0s3: saddr:33561200: daddr:100932208
[  290.043849] AAAAA-TCP_FORW: name:enp0s3: saddr:100932208: daddr:33561200
[  290.068597] AAAAA-TCP_FORW: name:enp0s3: saddr:33561200: daddr:100932208
[  290.093142] AAAAA-TCP_FORW: name:enp0s3: saddr:100932208: daddr:33561200
[  290.150781] AAAAA-TCP_FORW: name:enp0s3: saddr:100932208: daddr:16783984
[  290.257341] AAAAA-TCP_FORW: name:enp0s3: saddr:100932208: daddr:16783984
[  290.289044] AAAAA-TCP_FORW: name:enp0s3: saddr:33561200: daddr:100932208
[  290.300654] AAAAA-TCP_FORW: name:enp0s3: saddr:100932208: daddr:16783984
[  290.315007] AAAAA-TCP_FORW: name:enp0s3: saddr:33561200: daddr:100932208
[  290.340258] AAAAA-TCP_FORW: name:enp0s3: saddr:100932208: daddr:16783984
[  290.357199] AAAAA-TCP_FORW: name:enp0s3: saddr:16783984: daddr:100932208
[  290.452279] AAAAA-TCP_FORW: name:enp0s3: saddr:16783984: daddr:100932208
[  290.473799] AAAAA-TCP_FORW: name:enp0s3: saddr:100932208: daddr:16783984
[  290.475640] AAAAA-TCP_FORW: name:enp0s3: saddr:100932208: daddr:16783984
[  290.494967] AAAAA-TCP_FORW: name:enp0s3: saddr:100932208: daddr:16783984
[  290.542670] AAAAA-TCP_FORW: name:enp0s3: saddr:100932208: daddr:16783984
[  290.571636] AAAAA-TCP_FORW: name:enp0s3: saddr:16783984: daddr:100932208
[  290.588353] AAAAA-TCP_FORW: name:enp0s3: saddr:100932208: daddr:33561200
[  290.668558] AAAAA-TCP_FORW: name:enp0s3: saddr:16783984: daddr:100932208
[  290.746483] AAAAA-TCP_FORW: name:enp0s3: saddr:16783984: daddr:100932208
[  290.848434] AAAAA-TCP_FORW: name:enp0s3: saddr:100932208: daddr:33561200
[  290.891176] AAAAA-TCP_FORW: name:enp0s3: saddr:16783984: daddr:100932208
[  290.995470] AAAAA-TCP_FORW: name:enp0s3: saddr:16783984: daddr:100932208
[  291.034942] AAAAA-TCP_FORW: name:enp0s3: saddr:16783984: daddr:100932208
[  291.148722] AAAAA-TCP_FORW: name:enp0s3: saddr:100932208: daddr:33561200
[  291.160001] AAAAA-TCP_FORW: name:enp0s3: saddr:16783984: daddr:100932208
[  291.183898] AAAAA-TCP_FORW: name:enp0s3: saddr:16783984: daddr:100932208
[  291.279782] AAAAA-TCP_FORW: name:enp0s3: saddr:100932208: daddr:33561200
[  291.542361] AAAAA-TCP_FORW: name:enp0s3: saddr:100932208: daddr:33561200
[  291.566641] AAAAA-TCP_FORW: name:enp0s3: saddr:16783984: daddr:100932208
[  291.606512] AAAAA-TCP_FORW: name:enp0s3: saddr:100932208: daddr:33561200
[  291.675487] AAAAA-TCP_FORW: name:enp0s3: saddr:100932208: daddr:33561200
[  291.803111] AAAAA-TCP_FORW: name:enp0s3: saddr:100932208: daddr:33561200
[  291.854145] AAAAA-TCP_FORW: name:enp0s3: saddr:16783984: daddr:100932208
[  291.986181] AAAAA-TCP_FORW: name:enp0s3: saddr:16783984: daddr:100932208
[  292.003028] AAAAA-TCP_FORW: name:enp0s3: saddr:100932208: daddr:33561200
[  292.070640] AAAAA-TCP_FORW: name:enp0s3: saddr:16783984: daddr:100932208
[  292.236067] AAAAA-TCP_FORW: name:enp0s3: saddr:100932208: daddr:33561200
[  292.352134] AAAAA-TCP_FORW: name:enp0s3: saddr:100932208: daddr:33561200
[  292.392588] AAAAA-TCP_FORW: name:enp0s3: saddr:16783984: daddr:100932208
[  292.431424] AAAAA-TCP_FORW: name:enp0s3: saddr:16783984: daddr:100932208
[  292.504889] AAAAA-TCP_FORW: name:enp0s3: saddr:16783984: daddr:100932208
[  292.582097] AAAAA-TCP_FORW: name:enp0s3: saddr:16783984: daddr:100932208
[  292.623360] AAAAA-TCP_FORW: name:enp0s3: saddr:16783984: daddr:100932208
[  292.664929] AAAAA-TCP_FORW: name:enp0s3: saddr:16783984: daddr:100932208
[  292.737220] AAAAA-TCP_FORW: name:enp0s3: saddr:33561200: daddr:100932208
[  292.859422] AAAAA-TCP_FORW: name:enp0s3: saddr:33561200: daddr:100932208
[  292.891441] AAAAA-TCP_FORW: name:enp0s3: saddr:100932208: daddr:16783984
[  292.949528] AAAAA-TCP_FORW: name:enp0s3: saddr:33561200: daddr:100932208
[  293.035536] AAAAA-TCP_FORW: name:enp0s3: saddr:33561200: daddr:100932208
[  293.056767] AAAAA-TCP_FORW: name:enp0s3: saddr:100932208: daddr:16783984
[  293.105645] AAAAA-TCP_FORW: name:enp0s3: saddr:100932208: daddr:16783984
[  293.219452] AAAAA-TCP_FORW: name:enp0s3: saddr:33561200: daddr:100932208
[  293.395994] AAAAA-TCP_FORW: name:enp0s3: saddr:33561200: daddr:100932208
[  293.420409] AAAAA-TCP_FORW: name:enp0s3: saddr:100932208: daddr:16783984
[  293.477870] AAAAA-TCP_FORW: name:enp0s3: saddr:100932208: daddr:16783984
[  293.567362] AAAAA-TCP_FORW: name:enp0s3: saddr:100932208: daddr:16783984
[  293.584984] AAAAA-TCP_FORW: name:enp0s3: saddr:33561200: daddr:100932208
[  293.600192] AAAAA-TCP_FORW: name:enp0s3: saddr:100932208: daddr:16783984
[  293.609759] AAAAA-TCP_FORW: name:enp0s3: saddr:33561200: daddr:100932208
[  293.658954] AAAAA-TCP_FORW: name:enp0s3: saddr:100932208: daddr:16783984
[  293.676652] AAAAA-TCP_FORW: name:enp0s3: saddr:16783984: daddr:100932208
[  293.743683] AAAAA-TCP_FORW: name:enp0s3: saddr:16783984: daddr:100932208
[  293.795546] AAAAA-TCP_FORW: name:enp0s3: saddr:100932208: daddr:16783984
[  293.855758] AAAAA-TCP_FORW: name:enp0s3: saddr:16783984: daddr:100932208
[  293.863093] AAAAA-TCP_FORW: name:enp0s3: saddr:100932208: daddr:16783984
[  293.890730] AAAAA-TCP_FORW: name:enp0s3: saddr:100932208: daddr:16783984
[  293.969931] AAAAA-TCP_FORW: name:enp0s3: saddr:16783984: daddr:100932208
[  294.010477] AAAAA-TCP_FORW: name:enp0s3: saddr:100932208: daddr:16783984
[  294.079290] AAAAA-TCP_FORW: name:enp0s3: saddr:16783984: daddr:100932208
[  294.102297] AAAAA-TCP_FORW: name:enp0s3: saddr:100932208: daddr:33561200
[  294.160252] AAAAA-TCP_FORW: name:enp0s3: saddr:100932208: daddr:33561200
[  294.258436] AAAAA-TCP_FORW: name:enp0s3: saddr:100932208: daddr:33561200
[  294.324910] AAAAA-TCP_FORW: name:enp0s3: saddr:100932208: daddr:33561200
[  294.375565] AAAAA-TCP_FORW: name:enp0s3: saddr:100932208: daddr:33561200
[  294.433447] AAAAA-TCP_FORW: name:enp0s3: saddr:100932208: daddr:33561200
[  294.516619] AAAAA-TCP_FORW: name:enp0s3: saddr:100932208: daddr:16783984
[  294.547243] AAAAA-TCP_FORW: name:enp0s3: saddr:100932208: daddr:33561200
[  294.619781] AAAAA-TCP_FORW: name:enp0s3: saddr:100932208: daddr:33561200
[  294.657774] AAAAA-TCP_FORW: name:enp0s3: saddr:100932208: daddr:33561200
[  294.695188] AAAAA-TCP_FORW: name:enp0s3: saddr:100932208: daddr:33561200
[  294.748773] AAAAA-TCP_FORW: name:enp0s3: saddr:100932208: daddr:33561200
[  294.783776] AAAAA-TCP_FORW: name:enp0s3: saddr:100932208: daddr:16783984
[  294.854608] AAAAA-TCP_FORW: name:enp0s3: saddr:100932208: daddr:33561200
[  294.957714] AAAAA-TCP_FORW: name:enp0s3: saddr:100932208: daddr:16783984
[  295.285091] AAAAA-TCP_FORW: name:enp0s3: saddr:100932208: daddr:16783984
[  295.378174] AAAAA-TCP_FORW: name:enp0s3: saddr:100932208: daddr:16783984
[  295.473832] AAAAA-TCP_FORW: name:enp0s3: saddr:100932208: daddr:16783984
[  295.556909] AAAAA-TCP_FORW: name:enp0s3: saddr:100932208: daddr:16783984
[  295.649109] AAAAA-TCP_FORW: name:enp0s3: saddr:100932208: daddr:16783984
[  295.702336] AAAAA-TCP_FORW: name:enp0s3: saddr:100932208: daddr:16783984
[  295.788856] AAAAA-TCP_FORW: name:enp0s3: saddr:100932208: daddr:16783984
[  295.861651] AAAAA-TCP_FORW: name:enp0s3: saddr:100932208: daddr:16783984
[  295.903588] AAAAA-TCP_FORW: name:enp0s3: saddr:100932208: daddr:16783984
[  295.996752] AAAAA-TCP_FORW: name:enp0s3: saddr:100932208: daddr:16783984
[  296.087924] AAAAA-TCP_FORW: name:enp0s3: saddr:100932208: daddr:16783984
[  296.193502] AAAAA-TCP_FORW: name:enp0s3: saddr:100932208: daddr:16783984
[  296.195323] AAAAA-TCP_FORW: name:enp0s3: saddr:100932208: daddr:16783984
[  296.343870] AAAAA-TCP_FORW: name:enp0s3: saddr:100932208: daddr:16783984
[  296.462753] AAAAA-TCP_FORW: name:enp0s3: saddr:100932208: daddr:16783984
[  296.536602] AAAAA-TCP_FORW: name:enp0s3: saddr:100932208: daddr:16783984
[  296.671209] AAAAA-TCP_FORW: name:enp0s3: saddr:100932208: daddr:16783984
[  296.773652] AAAAA-TCP_FORW: name:enp0s3: saddr:100932208: daddr:16783984
[  296.872706] AAAAA-TCP_FORW: name:enp0s3: saddr:100932208: daddr:16783984
[  296.963962] AAAAA-TCP_FORW: name:enp0s3: saddr:100932208: daddr:16783984
[  297.084608] AAAAA-TCP_FORW: name:enp0s3: saddr:100932208: daddr:16783984
[  297.173628] AAAAA-TCP_FORW: name:enp0s3: saddr:100932208: daddr:16783984
[  297.239667] AAAAA-TCP_FORW: name:enp0s3: saddr:100932208: daddr:16783984
[  297.301476] AAAAA-TCP_FORW: name:enp0s3: saddr:100932208: daddr:16783984
[  297.399554] AAAAA-TCP_FORW: name:enp0s3: saddr:100932208: daddr:33561200
[  297.471608] AAAAA-TCP_FORW: name:enp0s3: saddr:100932208: daddr:33561200
[  297.542609] AAAAA-TCP_FORW: name:enp0s3: saddr:100932208: daddr:33561200
[  297.631408] AAAAA-TCP_FORW: name:enp0s3: saddr:100932208: daddr:33561200
[  297.691812] AAAAA-TCP_FORW: name:enp0s3: saddr:100932208: daddr:33561200
[  297.764840] AAAAA-TCP_FORW: name:enp0s3: saddr:100932208: daddr:33561200
[  297.895062] AAAAA-TCP_FORW: name:enp0s3: saddr:100932208: daddr:33561200
[  297.934979] AAAAA-TCP_FORW: name:enp0s3: saddr:100932208: daddr:33561200
[  297.993359] AAAAA-TCP_FORW: name:enp0s3: saddr:100932208: daddr:33561200
[  298.059386] AAAAA-TCP_FORW: name:enp0s3: saddr:100932208: daddr:33561200
[  298.181172] AAAAA-TCP_FORW: name:enp0s3: saddr:100932208: daddr:33561200
[  298.361765] AAAAA-TCP_FORW: name:enp0s3: saddr:100932208: daddr:33561200
[  298.445607] AAAAA-TCP_FORW: name:enp0s3: saddr:100932208: daddr:33561200
[  298.486177] AAAAA-TCP_FORW: name:enp0s3: saddr:100932208: daddr:33561200
[  298.618975] AAAAA-TCP_FORW: name:enp0s3: saddr:100932208: daddr:33561200
[  298.687115] AAAAA-TCP_FORW: name:enp0s3: saddr:100932208: daddr:33561200
[  298.915476] AAAAA-TCP_FORW: name:enp0s3: saddr:100932208: daddr:16783984
[  299.000825] AAAAA-TCP_FORW: name:enp0s3: saddr:100932208: daddr:16783984
[  299.060701] AAAAA-TCP_FORW: name:enp0s3: saddr:100932208: daddr:16783984
[  299.095423] AAAAA-TCP_FORW: name:enp0s3: saddr:100932208: daddr:16783984
[  299.240764] AAAAA-TCP_FORW: name:enp0s3: saddr:100932208: daddr:16783984
[  299.390041] AAAAA-TCP_FORW: name:enp0s3: saddr:100932208: daddr:16783984
[  299.509950] AAAAA-TCP_FORW: name:enp0s3: saddr:100932208: daddr:16783984
[  299.606010] AAAAA-TCP_FORW: name:enp0s3: saddr:100932208: daddr:16783984
[  299.739897] AAAAA-TCP_FORW: name:enp0s3: saddr:100932208: daddr:16783984
[  299.817233] AAAAA-TCP_FORW: name:enp0s3: saddr:100932208: daddr:16783984
[  299.948943] AAAAA-TCP_FORW: name:enp0s3: saddr:100932208: daddr:16783984
[  300.026282] AAAAA-TCP_FORW: name:enp0s3: saddr:100932208: daddr:16783984
[  300.065122] AAAAA-TCP_FORW: name:enp0s3: saddr:100932208: daddr:16783984
[  300.165642] AAAAA-TCP_FORW: name:enp0s3: saddr:100932208: daddr:16783984
[  300.270718] AAAAA-TCP_FORW: name:enp0s3: saddr:100932208: daddr:16783984
[  300.385720] AAAAA-TCP_FORW: name:enp0s3: saddr:100932208: daddr:16783984
[  300.449945] AAAAA-TCP_FORW: name:enp0s3: saddr:100932208: daddr:16783984
[  300.512221] AAAAA-TCP_FORW: name:enp0s3: saddr:100932208: daddr:16783984
[  300.585309] AAAAA-TCP_FORW: name:enp0s3: saddr:100932208: daddr:16783984
[  300.650683] AAAAA-TCP_FORW: name:enp0s3: saddr:100932208: daddr:16783984
[  300.705799] AAAAA-TCP_FORW: name:enp0s3: saddr:100932208: daddr:16783984
[  300.897685] AAAAA-TCP_FORW: name:enp0s3: saddr:100932208: daddr:33561200
[  301.278640] AAAAA-TCP_FORW: name:enp0s3: saddr:100932208: daddr:33561200
[  302.776312] AAAAA-TCP_FORW: name:enp0s3: saddr:100932208: daddr:33561200
[  303.197950] AAAAA-TCP_FORW: name:enp0s3: saddr:100932208: daddr:33561200
[  303.352360] AAAAA-TCP_FORW: name:enp0s3: saddr:100932208: daddr:33561200
[  303.715049] AAAAA-TCP_FORW: name:enp0s3: saddr:100932208: daddr:33561200
[  303.922501] AAAAA-TCP_FORW: name:enp0s3: saddr:100932208: daddr:33561200
[  304.125489] AAAAA-TCP_FORW: name:enp0s3: saddr:100932208: daddr:33561200
[  304.491494] AAAAA-TCP_FORW: name:enp0s3: saddr:100932208: daddr:33561200
[  304.648534] AAAAA-TCP_FORW: name:enp0s3: saddr:100932208: daddr:33561200
[  304.886796] AAAAA-TCP_FORW: name:enp0s3: saddr:100932208: daddr:33561200
[  305.016893] AAAAA-TCP_FORW: name:enp0s3: saddr:100932208: daddr:33561200
[  306.298262] AAAAA-TCP_FORW: name:enp0s3: saddr:16783984: daddr:100932208
[  306.396124] AAAAA-TCP_FORW: name:enp0s3: saddr:16783984: daddr:100932208
[  306.654918] AAAAA-TCP_FORW: name:enp0s3: saddr:16783984: daddr:100932208
[  306.769934] AAAAA-TCP_FORW: name:enp0s3: saddr:16783984: daddr:100932208
[  306.815359] AAAAA-TCP_FORW: name:enp0s3: saddr:16783984: daddr:100932208
[  306.884822] AAAAA-TCP_FORW: name:enp0s3: saddr:16783984: daddr:100932208
[  306.978644] AAAAA-TCP_FORW: name:enp0s3: saddr:16783984: daddr:100932208
[  307.082142] AAAAA-TCP_FORW: name:enp0s3: saddr:33561200: daddr:100932208
[  307.342767] AAAAA-TCP_FORW: name:enp0s3: saddr:33561200: daddr:100932208
[  307.522991] AAAAA-TCP_FORW: name:enp0s3: saddr:33561200: daddr:100932208
[  307.618862] AAAAA-TCP_FORW: name:enp0s3: saddr:33561200: daddr:100932208
[  307.673114] AAAAA-TCP_FORW: name:enp0s3: saddr:33561200: daddr:100932208
[  307.752742] AAAAA-TCP_FORW: name:enp0s3: saddr:33561200: daddr:100932208
[  307.908537] AAAAA-TCP_FORW: name:enp0s3: saddr:33561200: daddr:100932208
[  308.514568] AAAAA-TCP_FORW: name:enp0s3: saddr:33561200: daddr:100932208
[  308.635390] AAAAA-TCP_FORW: name:enp0s3: saddr:33561200: daddr:100932208
[  308.721580] AAAAA-TCP_FORW: name:enp0s3: saddr:33561200: daddr:100932208
[  308.820825] AAAAA-TCP_FORW: name:enp0s3: saddr:33561200: daddr:100932208
[  309.296784] AAAAA-TCP_FORW: name:enp0s3: saddr:100932208: daddr:16783984
[  309.610989] AAAAA-TCP_FORW: name:enp0s3: saddr:100932208: daddr:33561200
[  309.919303] AAAAA-TCP_FORW: name:enp0s3: saddr:16783984: daddr:100932208
[  309.980093] AAAAA-TCP_FORW: name:enp0s3: saddr:100932208: daddr:33561200
[  310.044547] AAAAA-TCP_FORW: name:enp0s3: saddr:33561200: daddr:100932208
[  310.203125] AAAAA-TCP_FORW: name:enp0s3: saddr:33561200: daddr:100932208
[  316.476794] AAAAA-TCP_FORW: name:enp0s3: saddr:100932208: daddr:16783984
[  316.562331] AAAAA-TCP_FORW: name:enp0s3: saddr:100932208: daddr:33561200
[  316.610684] AAAAA-TCP_FORW: name:enp0s3: saddr:100932208: daddr:33561200
[  316.642207] AAAAA-TCP_FORW: name:enp0s3: saddr:100932208: daddr:33561200
[  316.723326] AAAAA-TCP_FORW: name:enp0s3: saddr:100932208: daddr:33561200
[  316.788698] AAAAA-TCP_FORW: name:enp0s3: saddr:100932208: daddr:33561200
[  316.870681] AAAAA-TCP_FORW: name:enp0s3: saddr:100932208: daddr:16783984
[  316.918731] AAAAA-TCP_FORW: name:enp0s3: saddr:100932208: daddr:16783984
[  316.987767] AAAAA-TCP_FORW: name:enp0s3: saddr:100932208: daddr:16783984
[  317.116308] AAAAA-TCP_FORW: name:enp0s3: saddr:100932208: daddr:16783984
[  317.193340] AAAAA-TCP_FORW: name:enp0s3: saddr:100932208: daddr:16783984
[  317.346269] AAAAA-TCP_FORW: name:enp0s3: saddr:100932208: daddr:16783984
[  317.412037] AAAAA-TCP_FORW: name:enp0s3: saddr:100932208: daddr:16783984
[  317.497428] AAAAA-TCP_FORW: name:enp0s3: saddr:100932208: daddr:16783984
[  317.646439] AAAAA-TCP_FORW: name:enp0s3: saddr:100932208: daddr:33561200
[  317.729978] AAAAA-TCP_FORW: name:enp0s3: saddr:100932208: daddr:33561200
[  317.792128] AAAAA-TCP_FORW: name:enp0s3: saddr:100932208: daddr:16783984
[  317.870733] AAAAA-TCP_FORW: name:enp0s3: saddr:100932208: daddr:16783984
[  317.933370] AAAAA-TCP_FORW: name:enp0s3: saddr:100932208: daddr:16783984
[  318.001284] AAAAA-TCP_FORW: name:enp0s3: saddr:100932208: daddr:16783984
[  318.053023] AAAAA-TCP_FORW: name:enp0s3: saddr:100932208: daddr:33561200
[  318.099740] AAAAA-TCP_FORW: name:enp0s3: saddr:100932208: daddr:33561200
[  318.206167] AAAAA-TCP_FORW: name:enp0s3: saddr:100932208: daddr:16783984
[  318.256784] AAAAA-TCP_FORW: name:enp0s3: saddr:100932208: daddr:16783984
[  318.308414] AAAAA-TCP_FORW: name:enp0s3: saddr:100932208: daddr:16783984
[  318.364510] AAAAA-TCP_FORW: name:enp0s3: saddr:100932208: daddr:16783984
[  318.400017] AAAAA-TCP_FORW: name:enp0s3: saddr:100932208: daddr:16783984
[  318.471354] AAAAA-TCP_FORW: name:enp0s3: saddr:100932208: daddr:33561200
[  318.569570] AAAAA-TCP_FORW: name:enp0s3: saddr:100932208: daddr:33561200
[  318.650067] AAAAA-TCP_FORW: name:enp0s3: saddr:100932208: daddr:33561200
[  318.670651] AAAAA-TCP_FORW: name:enp0s3: saddr:100932208: daddr:33561200
[  318.720579] AAAAA-TCP_FORW: name:enp0s3: saddr:100932208: daddr:33561200
[  318.759716] AAAAA-TCP_FORW: name:enp0s3: saddr:100932208: daddr:33561200
[  318.836937] AAAAA-TCP_FORW: name:enp0s3: saddr:100932208: daddr:16783984
[  318.894122] AAAAA-TCP_FORW: name:enp0s3: saddr:100932208: daddr:16783984
[  318.981233] AAAAA-TCP_FORW: name:enp0s3: saddr:100932208: daddr:16783984
[  319.081788] AAAAA-TCP_FORW: name:enp0s3: saddr:100932208: daddr:16783984
[  319.244363] AAAAA-TCP_FORW: name:enp0s3: saddr:100932208: daddr:16783984
[  319.256569] AAAAA-TCP_FORW: name:enp0s3: saddr:100932208: daddr:33561200
[  319.332304] AAAAA-TCP_FORW: name:enp0s3: saddr:100932208: daddr:33561200
[  319.457014] AAAAA-TCP_FORW: name:enp0s3: saddr:100932208: daddr:16783984
[  319.552785] AAAAA-TCP_FORW: name:enp0s3: saddr:100932208: daddr:16783984
[  319.629974] AAAAA-TCP_FORW: name:enp0s3: saddr:100932208: daddr:33561200
[  319.660323] AAAAA-TCP_FORW: name:enp0s3: saddr:100932208: daddr:33561200
[  319.752514] AAAAA-TCP_FORW: name:enp0s3: saddr:100932208: daddr:16783984
[  319.815249] AAAAA-TCP_FORW: name:enp0s3: saddr:100932208: daddr:16783984
[  319.921364] AAAAA-TCP_FORW: name:enp0s3: saddr:100932208: daddr:16783984
[  320.011990] AAAAA-TCP_FORW: name:enp0s3: saddr:100932208: daddr:16783984
[  320.083230] AAAAA-TCP_FORW: name:enp0s3: saddr:100932208: daddr:16783984
[  320.138635] AAAAA-TCP_FORW: name:enp0s3: saddr:100932208: daddr:16783984
[  320.190119] AAAAA-TCP_FORW: name:enp0s3: saddr:100932208: daddr:33561200
[  320.249766] AAAAA-TCP_FORW: name:enp0s3: saddr:100932208: daddr:33561200
[  320.301404] AAAAA-TCP_FORW: name:enp0s3: saddr:100932208: daddr:33561200
[  320.374974] AAAAA-TCP_FORW: name:enp0s3: saddr:100932208: daddr:33561200
[  320.422574] AAAAA-TCP_FORW: name:enp0s3: saddr:100932208: daddr:33561200
[  320.498019] AAAAA-TCP_FORW: name:enp0s3: saddr:100932208: daddr:33561200
[  320.562227] AAAAA-TCP_FORW: name:enp0s3: saddr:100932208: daddr:33561200
[  320.595773] AAAAA-TCP_FORW: name:enp0s3: saddr:100932208: daddr:33561200
[  320.658402] AAAAA-TCP_FORW: name:enp0s3: saddr:100932208: daddr:16783984
[  320.717014] AAAAA-TCP_FORW: name:enp0s3: saddr:100932208: daddr:16783984
[  320.807877] AAAAA-TCP_FORW: name:enp0s3: saddr:100932208: daddr:16783984
[  320.889069] AAAAA-TCP_FORW: name:enp0s3: saddr:100932208: daddr:16783984
[  321.022218] AAAAA-TCP_FORW: name:enp0s3: saddr:100932208: daddr:16783984
[  321.040857] AAAAA-TCP_FORW: name:enp0s3: saddr:100932208: daddr:16783984
[  321.121441] AAAAA-TCP_FORW: name:enp0s3: saddr:100932208: daddr:33561200
[  321.199870] AAAAA-TCP_FORW: name:enp0s3: saddr:100932208: daddr:33561200
[  321.248546] AAAAA-TCP_FORW: name:enp0s3: saddr:100932208: daddr:33561200
[  321.294823] AAAAA-TCP_FORW: name:enp0s3: saddr:100932208: daddr:33561200
[  321.322106] AAAAA-TCP_FORW: name:enp0s3: saddr:100932208: daddr:16783984
