[    0.000000] Linux version 5.4.243-mptcp (root@ztg) (gcc version 12.2.0 (Debian 12.2.0-14+deb12u1)) #53 SMP Wed Dec 24 23:28:15 CST 2025
[    0.000000] Command line: BOOT_IMAGE=/boot/vmlinuz-5.4.243-mptcp root=UUID=98415a12-53b7-4144-8265-0f7ece09e445 ro quiet splash
[    0.000000] KERNEL supported cpus:
[    0.000000]   Intel GenuineIntel
[    0.000000]   AMD AuthenticAMD
[    0.000000]   Hygon HygonGenuine
[    0.000000]   Centaur CentaurHauls
[    0.000000]   zhaoxin   Shanghai  
[    0.000000] x86/fpu: Supporting XSAVE feature 0x001: 'x87 floating point registers'
[    0.000000] x86/fpu: Supporting XSAVE feature 0x002: 'SSE registers'
[    0.000000] x86/fpu: Supporting XSAVE feature 0x004: 'AVX registers'
[    0.000000] x86/fpu: xstate_offset[2]:  576, xstate_sizes[2]:  256
[    0.000000] x86/fpu: Enabled xstate features 0x7, context size is 832 bytes, using 'standard' format.
[    0.000000] BIOS-provided physical RAM map:
[    0.000000] BIOS-e820: [mem 0x0000000000000000-0x000000000009fbff] usable
[    0.000000] BIOS-e820: [mem 0x000000000009fc00-0x000000000009ffff] reserved
[    0.000000] BIOS-e820: [mem 0x00000000000f0000-0x00000000000fffff] reserved
[    0.000000] BIOS-e820: [mem 0x0000000000100000-0x000000007ffeffff] usable
[    0.000000] BIOS-e820: [mem 0x000000007fff0000-0x000000007fffffff] ACPI data
[    0.000000] BIOS-e820: [mem 0x00000000fec00000-0x00000000fec00fff] reserved
[    0.000000] BIOS-e820: [mem 0x00000000fee00000-0x00000000fee00fff] reserved
[    0.000000] BIOS-e820: [mem 0x00000000fffc0000-0x00000000ffffffff] reserved
[    0.000000] NX (Execute Disable) protection: active
[    0.000000] SMBIOS 2.5 present.
[    0.000000] DMI: innotek GmbH VirtualBox/VirtualBox, BIOS VirtualBox 12/01/2006
[    0.000000] Hypervisor detected: KVM
[    0.000000] kvm-clock: Using msrs 4b564d01 and 4b564d00
[    0.000000] kvm-clock: cpu 0, msr 21001001, primary cpu clock
[    0.000000] kvm-clock: using sched offset of 4465524180 cycles
[    0.000003] clocksource: kvm-clock: mask: 0xffffffffffffffff max_cycles: 0x1cd42e4dffb, max_idle_ns: 881590591483 ns
[    0.000006] tsc: Detected 2100.000 MHz processor
[    0.001864] e820: update [mem 0x00000000-0x00000fff] usable ==> reserved
[    0.001866] e820: remove [mem 0x000a0000-0x000fffff] usable
[    0.001870] last_pfn = 0x7fff0 max_arch_pfn = 0x400000000
[    0.001937] MTRR default type: uncachable
[    0.001938] MTRR fixed ranges enabled:
[    0.001939]   00000-9FFFF write-back
[    0.001940]   A0000-BFFFF uncachable
[    0.001941]   C0000-FFFFF write-protect
[    0.001942] MTRR variable ranges enabled:
[    0.001943]   0 base 000000000000 mask 3FFF80000000 write-back
[    0.001944]   1 disabled
[    0.001944]   2 disabled
[    0.001945]   3 disabled
[    0.001945]   4 disabled
[    0.001945]   5 disabled
[    0.001946]   6 disabled
[    0.001946]   7 disabled
[    0.001947]   8 disabled
[    0.001947]   9 disabled
[    0.001948]   10 disabled
[    0.001948]   11 disabled
[    0.001948]   12 disabled
[    0.001949]   13 disabled
[    0.001949]   14 disabled
[    0.001950]   15 disabled
[    0.001966] x86/PAT: Configuration [0-7]: WB  WC  UC- UC  WB  WP  UC- WT  
[    0.002099] found SMP MP-table at [mem 0x0009fff0-0x0009ffff]
[    0.092544] check: Scanning 1 areas for low memory corruption
[    0.092732] RAMDISK: [mem 0x32271000-0x3512ffff]
[    0.092740] ACPI: Early table checksum verification disabled
[    0.092745] ACPI: RSDP 0x00000000000E0000 000024 (v02 VBOX  )
[    0.092750] ACPI: XSDT 0x000000007FFF0030 00003C (v01 VBOX   VBOXXSDT 00000001 ASL  00000061)
[    0.092756] ACPI: FACP 0x000000007FFF00F0 0000F4 (v04 VBOX   VBOXFACP 00000001 ASL  00000061)
[    0.092763] ACPI: DSDT 0x000000007FFF02E0 002353 (v02 VBOX   VBOXBIOS 00000002 VBOX 00029BF3)
[    0.092767] ACPI: FACS 0x000000007FFF0200 000040
[    0.092770] ACPI: FACS 0x000000007FFF0200 000040
[    0.092773] ACPI: APIC 0x000000007FFF0240 000054 (v02 VBOX   VBOXAPIC 00000001 ASL  00000061)
[    0.092777] ACPI: SSDT 0x000000007FFF02A0 000038 (v01 VBOX   VBOXCPUT 00000002 VBOX 00029BF3)
[    0.092780] ACPI: Reserving FACP table memory at [mem 0x7fff00f0-0x7fff01e3]
[    0.092781] ACPI: Reserving DSDT table memory at [mem 0x7fff02e0-0x7fff2632]
[    0.092782] ACPI: Reserving FACS table memory at [mem 0x7fff0200-0x7fff023f]
[    0.092783] ACPI: Reserving FACS table memory at [mem 0x7fff0200-0x7fff023f]
[    0.092783] ACPI: Reserving APIC table memory at [mem 0x7fff0240-0x7fff0293]
[    0.092784] ACPI: Reserving SSDT table memory at [mem 0x7fff02a0-0x7fff02d7]
[    0.092799] ACPI: Local APIC address 0xfee00000
[    0.092990] No NUMA configuration found
[    0.092991] Faking a node at [mem 0x0000000000000000-0x000000007ffeffff]
[    0.093002] NODE_DATA(0) allocated [mem 0x7ffc5000-0x7ffeffff]
[    0.093273] Zone ranges:
[    0.093274]   DMA      [mem 0x0000000000001000-0x0000000000ffffff]
[    0.093275]   DMA32    [mem 0x0000000001000000-0x000000007ffeffff]
[    0.093276]   Normal   empty
[    0.093277]   Device   empty
[    0.093278] Movable zone start for each node
[    0.093280] Early memory node ranges
[    0.093281]   node   0: [mem 0x0000000000001000-0x000000000009efff]
[    0.093281]   node   0: [mem 0x0000000000100000-0x000000007ffeffff]
[    0.093285] Zeroed struct page in unavailable ranges: 114 pages
[    0.093286] Initmem setup node 0 [mem 0x0000000000001000-0x000000007ffeffff]
[    0.093287] On node 0 totalpages: 524174
[    0.093289]   DMA zone: 64 pages used for memmap
[    0.093289]   DMA zone: 21 pages reserved
[    0.093290]   DMA zone: 3998 pages, LIFO batch:0
[    0.093361]   DMA32 zone: 8128 pages used for memmap
[    0.093362]   DMA32 zone: 520176 pages, LIFO batch:63
[    0.102724] ACPI: PM-Timer IO Port: 0x4008
[    0.102728] ACPI: Local APIC address 0xfee00000
[    0.102798] IOAPIC[0]: apic_id 1, version 32, address 0xfec00000, GSI 0-23
[    0.102802] ACPI: INT_SRC_OVR (bus 0 bus_irq 0 global_irq 2 dfl dfl)
[    0.102803] ACPI: INT_SRC_OVR (bus 0 bus_irq 9 global_irq 9 low level)
[    0.102805] ACPI: IRQ0 used by override.
[    0.102806] ACPI: IRQ9 used by override.
[    0.102809] Using ACPI (MADT) for SMP configuration information
[    0.102816] smpboot: Allowing 1 CPUs, 0 hotplug CPUs
[    0.102839] PM: Registered nosave memory: [mem 0x00000000-0x00000fff]
[    0.102840] PM: Registered nosave memory: [mem 0x0009f000-0x0009ffff]
[    0.102840] PM: Registered nosave memory: [mem 0x000a0000-0x000effff]
[    0.102841] PM: Registered nosave memory: [mem 0x000f0000-0x000fffff]
[    0.102843] [mem 0x80000000-0xfebfffff] available for PCI devices
[    0.102844] Booting paravirtualized kernel on KVM
[    0.102847] clocksource: refined-jiffies: mask: 0xffffffff max_cycles: 0xffffffff, max_idle_ns: 7645519600211568 ns
[    0.102852] setup_percpu: NR_CPUS:8192 nr_cpumask_bits:1 nr_cpu_ids:1 nr_node_ids:1
[    0.103848] percpu: Embedded 60 pages/cpu s208896 r8192 d28672 u2097152
[    0.103853] pcpu-alloc: s208896 r8192 d28672 u2097152 alloc=1*2097152
[    0.103854] pcpu-alloc: [0] 0 
[    0.103880] Built 1 zonelists, mobility grouping on.  Total pages: 515961
[    0.103881] Policy zone: DMA32
[    0.103882] Kernel command line: BOOT_IMAGE=/boot/vmlinuz-5.4.243-mptcp root=UUID=98415a12-53b7-4144-8265-0f7ece09e445 ro quiet splash
[    0.104729] Dentry cache hash table entries: 262144 (order: 9, 2097152 bytes, linear)
[    0.104875] Inode-cache hash table entries: 131072 (order: 8, 1048576 bytes, linear)
[    0.104927] mem auto-init: stack:off, heap alloc:on, heap free:off
[    0.104930] Calgary: detecting Calgary via BIOS EBDA area
[    0.104931] Calgary: Unable to locate Rio Grande table in EBDA - bailing!
[    0.109790] Memory: 1967332K/2096696K available (14339K kernel code, 2398K rwdata, 4712K rodata, 2728K init, 17260K bss, 129364K reserved, 0K cma-reserved)
[    0.110702] SLUB: HWalign=64, Order=0-3, MinObjects=0, CPUs=1, Nodes=1
[    0.110719] ftrace: allocating 43186 entries in 169 pages
[    0.128749] rcu: Hierarchical RCU implementation.
[    0.128750] rcu: 	RCU restricting CPUs from NR_CPUS=8192 to nr_cpu_ids=1.
[    0.128751] 	Tasks RCU enabled.
[    0.128752] rcu: RCU calculated value of scheduler-enlistment delay is 25 jiffies.
[    0.128753] rcu: Adjusting geometry for rcu_fanout_leaf=16, nr_cpu_ids=1
[    0.131717] NR_IRQS: 524544, nr_irqs: 256, preallocated irqs: 16
[    0.131931] random: crng init done
[    0.141218] Console: colour VGA+ 80x25
[    0.141223] printk: console [tty0] enabled
[    0.141241] ACPI: Core revision 20190816
[    0.141336] APIC: Switch to symmetric I/O mode setup
[    0.141582] x2apic enabled
[    0.141817] Switched APIC routing to physical x2apic.
[    0.142933] ..TIMER: vector=0x30 apic1=0 pin1=2 apic2=-1 pin2=-1
[    0.142959] clocksource: tsc-early: mask: 0xffffffffffffffff max_cycles: 0x1e4530a99b6, max_idle_ns: 440795257976 ns
[    0.142964] Calibrating delay loop (skipped) preset value.. 4200.00 BogoMIPS (lpj=8400000)
[    0.142966] pid_max: default: 32768 minimum: 301
[    0.142994] LSM: Security Framework initializing
[    0.143003] Yama: becoming mindful.
[    0.143029] AppArmor: AppArmor initialized
[    0.143064] Mount-cache hash table entries: 4096 (order: 3, 32768 bytes, linear)
[    0.143068] Mountpoint-cache hash table entries: 4096 (order: 3, 32768 bytes, linear)
[    0.143078] *** VALIDATE tmpfs ***
[    0.143212] *** VALIDATE proc ***
[    0.143253] *** VALIDATE cgroup1 ***
[    0.143255] *** VALIDATE cgroup2 ***
[    0.143397] process: using mwait in idle threads
[    0.143402] Last level iTLB entries: 4KB 64, 2MB 8, 4MB 8
[    0.143403] Last level dTLB entries: 4KB 64, 2MB 0, 4MB 0, 1GB 4
[    0.143423] Spectre V1 : Mitigation: usercopy/swapgs barriers and __user pointer sanitization
[    0.143429] Spectre V2 : Mitigation: Retpolines
[    0.143429] Spectre V2 : Spectre v2 / SpectreRSB mitigation: Filling RSB on context switch
[    0.143430] Spectre V2 : Spectre v2 / SpectreRSB : Filling RSB on VMEXIT
[    0.143431] RETBleed: WARNING: Spectre v2 mitigation leaves CPU vulnerable to RETBleed attacks, data leaks possible!
[    0.143786] RETBleed: Vulnerable
[    0.143786] Speculative Store Bypass: Vulnerable
[    0.143791] TAA: Mitigation: TSX disabled
[    0.143791] MMIO Stale Data: Mitigation: Clear CPU buffers
[    0.148030] Freeing SMP alternatives memory: 40K
[    0.260341] smpboot: CPU0: Intel(R) Xeon(R) Silver 4216 CPU @ 2.10GHz (family: 0x6, model: 0x55, stepping: 0x7)
[    0.260472] Performance Events: unsupported p6 CPU model 85 no PMU driver, software events only.
[    0.260510] rcu: Hierarchical SRCU implementation.
[    0.260986] NMI watchdog: Perf NMI watchdog permanently disabled
[    0.261024] smp: Bringing up secondary CPUs ...
[    0.261025] smp: Brought up 1 node, 1 CPU
[    0.261026] smpboot: Max logical packages: 1
[    0.261028] smpboot: Total of 1 processors activated (4200.00 BogoMIPS)
[    0.262006] devtmpfs: initialized
[    0.262052] x86/mm: Memory block size: 128MB
[    0.262405] clocksource: jiffies: mask: 0xffffffff max_cycles: 0xffffffff, max_idle_ns: 7645041785100000 ns
[    0.262411] futex hash table entries: 256 (order: 2, 16384 bytes, linear)
[    0.262456] pinctrl core: initialized pinctrl subsystem
[    0.262558] PM: RTC time: 16:04:31, date: 2026-01-13
[    0.262665] NET: Registered protocol family 16
[    0.262751] audit: initializing netlink subsys (disabled)
[    0.262880] EISA bus registered
[    0.262882] cpuidle: using governor ladder
[    0.262882] cpuidle: using governor menu
[    0.262918] ACPI: bus type PCI registered
[    0.262920] acpiphp: ACPI Hot Plug PCI Controller Driver version: 0.5
[    0.262961] PCI: Using configuration type 1 for base access
[    0.263292] audit: type=2000 audit(1768291478.090:1): state=initialized audit_enabled=0 res=1
[    0.263372] HugeTLB registered 2.00 MiB page size, pre-allocated 0 pages
[    0.264191] ACPI: Added _OSI(Module Device)
[    0.264192] ACPI: Added _OSI(Processor Device)
[    0.264193] ACPI: Added _OSI(3.0 _SCP Extensions)
[    0.264193] ACPI: Added _OSI(Processor Aggregator Device)
[    0.264194] ACPI: Added _OSI(Linux-Dell-Video)
[    0.264195] ACPI: Added _OSI(Linux-Lenovo-NV-HDMI-Audio)
[    0.264196] ACPI: Added _OSI(Linux-HPI-Hybrid-Graphics)
[    0.266212] ACPI: 2 ACPI AML tables successfully acquired and loaded
[    0.267946] ACPI: Interpreter enabled
[    0.267956] ACPI: (supports S0 S5)
[    0.267957] ACPI: Using IOAPIC for interrupt routing
[    0.268184] PCI: Using host bridge windows from ACPI; if necessary, use "pci=nocrs" and report a bug
[    0.268298] ACPI: Enabled 2 GPEs in block 00 to 07
[    0.273314] ACPI: PCI Root Bridge [PCI0] (domain 0000 [bus 00-ff])
[    0.273319] acpi PNP0A03:00: _OSC: OS supports [ASPM ClockPM Segments MSI HPX-Type3]
[    0.273773] acpi PNP0A03:00: _OSC: not requesting OS control; OS requires [ExtendedConfig ASPM ClockPM MSI]
[    0.273781] acpi PNP0A03:00: fail to add MMCONFIG information, can't access extended PCI configuration space under this bridge.
[    0.274154] PCI host bridge to bus 0000:00
[    0.274156] pci_bus 0000:00: root bus resource [io  0x0000-0x0cf7 window]
[    0.274157] pci_bus 0000:00: root bus resource [io  0x0d00-0xffff window]
[    0.274158] pci_bus 0000:00: root bus resource [mem 0x000a0000-0x000bffff window]
[    0.274159] pci_bus 0000:00: root bus resource [mem 0x80000000-0xfdffffff window]
[    0.274161] pci_bus 0000:00: root bus resource [bus 00-ff]
[    0.274206] pci 0000:00:00.0: [8086:1237] type 00 class 0x060000
[    0.275045] pci 0000:00:01.0: [8086:7000] type 00 class 0x060100
[    0.275812] pci 0000:00:01.1: [8086:7111] type 00 class 0x01018a
[    0.276185] pci 0000:00:01.1: reg 0x20: [io  0xd000-0xd00f]
[    0.276340] pci 0000:00:01.1: legacy IDE quirk: reg 0x10: [io  0x01f0-0x01f7]
[    0.276341] pci 0000:00:01.1: legacy IDE quirk: reg 0x14: [io  0x03f6]
[    0.276342] pci 0000:00:01.1: legacy IDE quirk: reg 0x18: [io  0x0170-0x0177]
[    0.276343] pci 0000:00:01.1: legacy IDE quirk: reg 0x1c: [io  0x0376]
[    0.276878] pci 0000:00:02.0: [15ad:0405] type 00 class 0x030000
[    0.279039] pci 0000:00:02.0: reg 0x10: [io  0xd010-0xd01f]
[    0.283008] pci 0000:00:02.0: reg 0x14: [mem 0xe0000000-0xe7ffffff pref]
[    0.285672] pci 0000:00:02.0: reg 0x18: [mem 0xf0000000-0xf01fffff]
[    0.295757] pci 0000:00:03.0: [1022:2000] type 00 class 0x020000
[    0.296482] pci 0000:00:03.0: reg 0x10: [io  0xd020-0xd03f]
[    0.297111] pci 0000:00:03.0: reg 0x14: [mem 0xf0200000-0xf0200fff]
[    0.302104] pci 0000:00:04.0: [80ee:cafe] type 00 class 0x088000
[    0.302780] pci 0000:00:04.0: reg 0x10: [io  0xd040-0xd05f]
[    0.303078] pci 0000:00:04.0: reg 0x14: [mem 0xf0400000-0xf07fffff]
[    0.303682] pci 0000:00:04.0: reg 0x18: [mem 0xf0800000-0xf0803fff pref]
[    0.307005] pci 0000:00:07.0: [8086:7113] type 00 class 0x068000
[    0.307559] pci 0000:00:07.0: quirk: [io  0x4000-0x403f] claimed by PIIX4 ACPI
[    0.307569] pci 0000:00:07.0: quirk: [io  0x4100-0x410f] claimed by PIIX4 SMB
[    0.308155] pci 0000:00:08.0: [1022:2000] type 00 class 0x020000
[    0.308825] pci 0000:00:08.0: reg 0x10: [io  0xd060-0xd07f]
[    0.309446] pci 0000:00:08.0: reg 0x14: [mem 0xf0804000-0xf0804fff]
[    0.313445] pci 0000:00:09.0: [8086:100e] type 00 class 0x020000
[    0.314202] pci 0000:00:09.0: reg 0x10: [mem 0xf0820000-0xf083ffff]
[    0.315077] pci 0000:00:09.0: reg 0x18: [io  0xd080-0xd087]
[    0.324016] ACPI: PCI Interrupt Link [LNKA] (IRQs 5 9 10 *11)
[    0.324300] ACPI: PCI Interrupt Link [LNKB] (IRQs 5 9 *10 11)
[    0.324400] ACPI: PCI Interrupt Link [LNKC] (IRQs 5 *9 10 11)
[    0.327013] ACPI: PCI Interrupt Link [LNKD] (IRQs 5 9 10 *11)
[    0.327274] iommu: Default domain type: Translated 
[    0.327336] pci 0000:00:02.0: vgaarb: setting as boot VGA device
[    0.327338] pci 0000:00:02.0: vgaarb: VGA device added: decodes=io+mem,owns=io+mem,locks=none
[    0.327340] pci 0000:00:02.0: vgaarb: bridge control possible
[    0.327341] vgaarb: loaded
[    0.327553] SCSI subsystem initialized
[    0.327584] libata version 3.00 loaded.
[    0.327611] ACPI: bus type USB registered
[    0.327627] usbcore: registered new interface driver usbfs
[    0.327632] usbcore: registered new interface driver hub
[    0.327637] usbcore: registered new device driver usb
[    0.327665] pps_core: LinuxPPS API ver. 1 registered
[    0.327665] pps_core: Software ver. 5.3.6 - Copyright 2005-2007 Rodolfo Giometti <giometti@linux.it>
[    0.327668] PTP clock support registered
[    0.327701] EDAC MC: Ver: 3.0.0
[    0.327990] PCI: Using ACPI for IRQ routing
[    0.327991] PCI: pci_cache_line_size set to 64 bytes
[    0.328167] e820: reserve RAM buffer [mem 0x0009fc00-0x0009ffff]
[    0.328170] e820: reserve RAM buffer [mem 0x7fff0000-0x7fffffff]
[    0.328965] NetLabel: Initializing
[    0.328966] NetLabel:  domain hash size = 128
[    0.328966] NetLabel:  protocols = UNLABELED CIPSOv4 CALIPSO
[    0.328986] NetLabel:  unlabeled traffic allowed by default
[    0.329903] clocksource: Switched to clocksource kvm-clock
[    0.341382] *** VALIDATE bpf ***
[    0.341439] VFS: Disk quotas dquot_6.6.0
[    0.341452] VFS: Dquot-cache hash table entries: 512 (order 0, 4096 bytes)
[    0.341473] *** VALIDATE ramfs ***
[    0.341476] *** VALIDATE hugetlbfs ***
[    0.341556] AppArmor: AppArmor Filesystem Enabled
[    0.341581] pnp: PnP ACPI init
[    0.341647] pnp 00:00: Plug and Play ACPI device, IDs PNP0303 (active)
[    0.341714] pnp 00:01: Plug and Play ACPI device, IDs PNP0f03 (active)
[    0.342451] pnp: PnP ACPI: found 2 devices
[    0.343492] thermal_sys: Registered thermal governor 'fair_share'
[    0.343493] thermal_sys: Registered thermal governor 'bang_bang'
[    0.343494] thermal_sys: Registered thermal governor 'step_wise'
[    0.343494] thermal_sys: Registered thermal governor 'user_space'
[    0.343495] thermal_sys: Registered thermal governor 'power_allocator'
[    0.348024] clocksource: acpi_pm: mask: 0xffffff max_cycles: 0xffffff, max_idle_ns: 2085701024 ns
[    0.348063] pci_bus 0000:00: resource 4 [io  0x0000-0x0cf7 window]
[    0.348065] pci_bus 0000:00: resource 5 [io  0x0d00-0xffff window]
[    0.348066] pci_bus 0000:00: resource 6 [mem 0x000a0000-0x000bffff window]
[    0.348067] pci_bus 0000:00: resource 7 [mem 0x80000000-0xfdffffff window]
[    0.348126] NET: Registered protocol family 2
[    0.348200] IP idents hash table entries: 32768 (order: 6, 262144 bytes, linear)
[    0.348599] MPTCP tokens hash table entries: 8192 (order: 4, 65536 bytes, linear)
[    0.348620] MPTCP request tokens hash table entries: 8192 (order: 4, 65536 bytes, linear)
[    0.348644] default registered
[    0.348645] default registered
[    0.348645] MPTCP: Stable release v0.96
[    0.348650] tcp_listen_portaddr_hash hash table entries: 1024 (order: 2, 16384 bytes, linear)
[    0.348729] TCP established hash table entries: 16384 (order: 5, 131072 bytes, linear)
[    0.348794] TCP bind hash table entries: 16384 (order: 6, 262144 bytes, linear)
[    0.348820] TCP: Hash tables configured (established 16384 bind 16384)
[    0.349513] UDP hash table entries: 1024 (order: 3, 32768 bytes, linear)
[    0.349525] UDP-Lite hash table entries: 1024 (order: 3, 32768 bytes, linear)
[    0.349559] NET: Registered protocol family 1
[    0.349568] NET: Registered protocol family 44
[    0.349589] pci 0000:00:00.0: Limiting direct PCI/PCI transfers
[    0.349601] pci 0000:00:01.0: Activating ISA DMA hang workarounds
[    0.349659] pci 0000:00:02.0: Video device with shadowed ROM at [mem 0x000c0000-0x000dffff]
[    0.349722] PCI: CLS 0 bytes, default 64
[    0.349769] Trying to unpack rootfs image as initramfs...
[    0.529993] Freeing initrd memory: 47868K
[    0.530096] clocksource: tsc: mask: 0xffffffffffffffff max_cycles: 0x1e4530a99b6, max_idle_ns: 440795257976 ns
[    0.530105] clocksource: Switched to clocksource tsc
[    0.530144] platform rtc_cmos: registered platform RTC device (no PNP device found)
[    0.530172] check: Scanning for low memory corruption every 60 seconds
[    0.530480] Initialise system trusted keyrings
[    0.530488] Key type blacklist registered
[    0.530531] workingset: timestamp_bits=36 max_order=19 bucket_order=0
[    0.531861] zbud: loaded
[    0.532157] squashfs: version 4.0 (2009/01/31) Phillip Lougher
[    0.532157] fuse: init (API version 7.31)
[    0.532157] *** VALIDATE fuse ***
[    0.532157] *** VALIDATE fuse ***
[    0.532157] Platform Keyring initialized
[    0.532157] Key type asymmetric registered
[    0.532157] Asymmetric key parser 'x509' registered
[    0.532157] Block layer SCSI generic (bsg) driver version 0.4 loaded (major 244)
[    0.532157] io scheduler mq-deadline registered
[    0.532157] shpchp: Standard Hot Plug PCI Controller Driver version: 0.4
[    0.535868] ACPI: AC Adapter [AC] (on-line)
[    0.535914] input: Power Button as /devices/LNXSYSTM:00/LNXPWRBN:00/input/input0
[    0.535943] ACPI: Power Button [PWRF]
[    0.536019] input: Sleep Button as /devices/LNXSYSTM:00/LNXSLPBN:00/input/input1
[    0.536033] ACPI: Sleep Button [SLPF]
[    0.536261] Serial: 8250/16550 driver, 32 ports, IRQ sharing enabled
[    0.537440] Linux agpgart interface v0.103
[    0.627081] loop: module loaded
[    0.627229] ata_piix 0000:00:01.1: version 2.13
[    0.627637] scsi host0: ata_piix
[    0.627729] scsi host1: ata_piix
[    0.627756] ata1: PATA max UDMA/33 cmd 0x1f0 ctl 0x3f6 bmdma 0xd000 irq 14
[    0.627757] ata2: PATA max UDMA/33 cmd 0x170 ctl 0x376 bmdma 0xd008 irq 15
[    0.627840] tun: Universal TUN/TAP device driver, 1.6
[    0.628148] PPP generic driver version 2.4.2
[    0.628191] VFIO - User Level meta-driver version: 0.3
[    0.628427] ehci_hcd: USB 2.0 'Enhanced' Host Controller (EHCI) Driver
[    0.628432] ehci-pci: EHCI PCI platform driver
[    0.628448] ehci-platform: EHCI generic platform driver
[    0.628454] ohci_hcd: USB 1.1 'Open' Host Controller (OHCI) Driver
[    0.628456] ohci-pci: OHCI PCI platform driver
[    0.628463] ohci-platform: OHCI generic platform driver
[    0.628467] uhci_hcd: USB Universal Host Controller Interface driver
[    0.628533] i8042: PNP: PS/2 Controller [PNP0303:PS2K,PNP0f03:PS2M] at 0x60,0x64 irq 1,12
[    0.628977] serio: i8042 KBD port at 0x60,0x64 irq 1
[    0.628982] serio: i8042 AUX port at 0x60,0x64 irq 12
[    0.629068] mousedev: PS/2 mouse device common for all mice
[    0.629325] input: AT Translated Set 2 keyboard as /devices/platform/i8042/serio0/input/input2
[    0.629723] rtc_cmos rtc_cmos: registered as rtc0
[    0.629737] rtc_cmos rtc_cmos: alarms up to one day, 114 bytes nvram
[    0.629742] i2c /dev entries driver
[    0.629787] device-mapper: uevent: version 1.0.3
[    0.629831] device-mapper: ioctl: 4.41.0-ioctl (2019-09-16) initialised: dm-devel@redhat.com
[    0.629847] platform eisa.0: Probing EISA bus 0
[    0.629848] platform eisa.0: EISA: Cannot allocate resource for mainboard
[    0.629849] platform eisa.0: Cannot allocate resource for EISA slot 1
[    0.629851] platform eisa.0: Cannot allocate resource for EISA slot 2
[    0.629852] platform eisa.0: Cannot allocate resource for EISA slot 3
[    0.629853] platform eisa.0: Cannot allocate resource for EISA slot 4
[    0.629853] platform eisa.0: Cannot allocate resource for EISA slot 5
[    0.629854] platform eisa.0: Cannot allocate resource for EISA slot 6
[    0.629855] platform eisa.0: Cannot allocate resource for EISA slot 7
[    0.629856] platform eisa.0: Cannot allocate resource for EISA slot 8
[    0.629857] platform eisa.0: EISA: Detected 0 cards
[    0.629860] intel_pstate: CPU model not supported
[    0.629869] ledtrig-cpu: registered to indicate activity on CPUs
[    0.629922] drop_monitor: Initializing network drop monitor service
[    0.630083] NET: Registered protocol family 10
[    0.636464] Segment Routing with IPv6
[    0.636495] fullmesh registered
[    0.636496] ndiffports registered
[    0.636499] binder registered
[    0.636500] roundrobin registered
[    0.636500] redundant registered
[    0.636501] blest registered
[    0.636501] ecf registered
[    0.636502] NET: Registered protocol family 17
[    0.636535] Key type dns_resolver registered
[    0.636638] RAS: Correctable Errors collector initialized.
[    0.636652] IPI shorthand broadcast: enabled
[    0.636667] sched_clock: Marking stable (623913159, 11041351)->(637167638, -2213128)
[    0.636716] registered taskstats version 1
[    0.636726] Loading compiled-in X.509 certificates
[    0.637315] Loaded X.509 cert 'Build time autogenerated kernel key: 6909f3744cebb3d0de528d5887b96a727de79b1e'
[    0.637333] zswap: loaded using pool lzo/zbud
[    0.637390] Key type ._fscrypt registered
[    0.637391] Key type .fscrypt registered
[    0.641845] Key type big_key registered
[    0.644023] Key type encrypted registered
[    0.644026] AppArmor: AppArmor sha1 policy hashing enabled
[    0.644033] ima: No TPM chip found, activating TPM-bypass!
[    0.644036] ima: Allocated hash algorithm: sha1
[    0.644041] ima: No architecture policies found
[    0.644050] evm: Initialising EVM extended attributes:
[    0.644051] evm: security.selinux
[    0.644051] evm: security.SMACK64
[    0.644052] evm: security.SMACK64EXEC
[    0.644052] evm: security.SMACK64TRANSMUTE
[    0.644053] evm: security.SMACK64MMAP
[    0.644053] evm: security.apparmor
[    0.644054] evm: security.ima
[    0.644054] evm: security.capability
[    0.644055] evm: HMAC attrs: 0x1
[    0.644345] PM:   Magic number: 10:156:85
[    0.644451] rtc_cmos rtc_cmos: setting system clock to 2026-01-13T16:04:32 UTC (1768320272)
[    0.799939] ata1.00: ATA-6: VBOX HARDDISK, 1.0, max UDMA/133
[    0.799942] ata1.00: 209715200 sectors, multi 128: LBA 
[    0.800548] scsi 0:0:0:0: Direct-Access     ATA      VBOX HARDDISK    1.0  PQ: 0 ANSI: 5
[    0.800808] sd 0:0:0:0: [sda] 209715200 512-byte logical blocks: (107 GB/100 GiB)
[    0.800820] sd 0:0:0:0: [sda] Write Protect is off
[    0.800822] sd 0:0:0:0: [sda] Mode Sense: 00 3a 00 00
[    0.800840] sd 0:0:0:0: [sda] Write cache: enabled, read cache: enabled, doesn't support DPO or FUA
[    0.801124] sd 0:0:0:0: Attached scsi generic sg0 type 0
[    0.801791]  sda: sda1 sda2
[    0.811223] sd 0:0:0:0: [sda] Attached SCSI disk
[    0.814160] Freeing unused decrypted memory: 2040K
[    0.815079] Freeing unused kernel image memory: 2728K
[    0.815082] Write protecting the kernel read-only data: 22528k
[    0.816009] Freeing unused kernel image memory: 2036K
[    0.816522] Freeing unused kernel image memory: 1432K
[    0.839790] x86/mm: Checked W+X mappings: passed, no W+X pages found.
[    0.839794] Run /init as init process
[    0.948492] ACPI: Video Device [GFX0] (multi-head: yes  rom: no  post: no)
[    0.948565] input: Video Bus as /devices/LNXSYSTM:00/LNXSYBUS:00/PNP0A03:00/LNXVIDEO:00/input/input4
[    0.961921] pcnet32: pcnet32.c:v1.35 21.Apr.2008 tsbogend@alpha.franken.de
[    0.962698] pcnet32: PCnet/FAST III 79C973 at 0xd020, 08:00:27:7d:26:68 assigned IRQ 19
[    0.962748] pcnet32: Found PHY 0022:561b at address 0
[    0.963063] pcnet32: eth0: registered as PCnet/FAST III 79C973
[    0.966490] piix4_smbus 0000:00:07.0: SMBus Host Controller at 0x4100, revision 0
[    0.970755] e1000: Intel(R) PRO/1000 Network Driver - version 7.3.21-k8-NAPI
[    0.970756] e1000: Copyright (c) 1999-2006 Intel Corporation.
[    0.974435] pcnet32: PCnet/FAST III 79C973 at 0xd060, 08:00:27:a1:7b:6a assigned IRQ 16
[    0.974489] pcnet32: Found PHY 0022:561b at address 0
[    0.974799] pcnet32: eth1: registered as PCnet/FAST III 79C973
[    0.983585] pcnet32: 2 cards_found
[    1.046817] pcnet32 0000:00:08.0 enp0s8: renamed from eth1
[    1.047647] pcnet32 0000:00:03.0 enp0s3: renamed from eth0
[    1.189251] input: ImExPS/2 Generic Explorer Mouse as /devices/platform/i8042/serio1/input/input5
[    1.379311] e1000 0000:00:09.0 eth0: (PCI:33MHz:32-bit) 08:00:27:af:c1:b6
[    1.379315] e1000 0000:00:09.0 eth0: Intel(R) PRO/1000 Network Connection
[    1.380379] e1000 0000:00:09.0 enp0s9: renamed from eth0
[    1.554828] EXT4-fs (sda2): mounted filesystem with ordered data mode. Opts: (null)
[    1.645556] systemd[1]: Inserted module 'autofs4'
[    1.657061] systemd[1]: systemd 245.4-4ubuntu3 running in system mode. (+PAM +AUDIT +SELINUX +IMA +APPARMOR +SMACK +SYSVINIT +UTMP +LIBCRYPTSETUP +GCRYPT +GNUTLS +ACL +XZ +LZ4 +SECCOMP +BLKID +ELFUTILS +KMOD +IDN2 -IDN +PCRE2 default-hierarchy=hybrid)
[    1.657092] systemd[1]: Detected virtualization oracle.
[    1.657095] systemd[1]: Detected architecture x86-64.
[    1.658393] systemd[1]: Set hostname to <ztg>.
[    1.785409] systemd[1]: /lib/systemd/system/dbus.socket:5: ListenStream= references a path below legacy directory /var/run/, updating /var/run/dbus/system_bus_socket â†’ /run/dbus/system_bus_socket; please update the unit file accordingly.
[    1.837595] systemd[1]: Created slice system-modprobe.slice.
[    1.837778] systemd[1]: Created slice User and Session Slice.
[    1.837824] systemd[1]: Started Forward Password Requests to Wall Directory Watch.
[    1.837992] systemd[1]: Set up automount Arbitrary Executable File Formats File System Automount Point.
[    1.838031] systemd[1]: Reached target User and Group Name Lookups.
[    1.838040] systemd[1]: Reached target Remote File Systems.
[    1.838049] systemd[1]: Reached target Slices.
[    1.838605] systemd[1]: Listening on Syslog Socket.
[    1.838674] systemd[1]: Listening on fsck to fsckd communication Socket.
[    1.838713] systemd[1]: Listening on initctl Compatibility Named Pipe.
[    1.838851] systemd[1]: Listening on Journal Audit Socket.
[    1.838906] systemd[1]: Listening on Journal Socket (/dev/log).
[    1.838985] systemd[1]: Listening on Journal Socket.
[    1.839051] systemd[1]: Listening on udev Control Socket.
[    1.839146] systemd[1]: Listening on udev Kernel Socket.
[    1.839918] systemd[1]: Mounting Huge Pages File System...
[    1.840835] systemd[1]: Mounting POSIX Message Queue File System...
[    1.841718] systemd[1]: Mounting Kernel Debug File System...
[    1.842578] systemd[1]: Mounting Kernel Trace File System...
[    1.844515] systemd[1]: Starting Journal Service...
[    1.869711] systemd[1]: Starting Set the console keyboard layout...
[    1.877662] systemd[1]: Starting Create list of static device nodes for the current kernel...
[    1.879703] systemd[1]: Starting Load Kernel Module drm...
[    1.880817] systemd[1]: Condition check resulted in Set Up Additional Binary Formats being skipped.
[    1.880863] systemd[1]: Condition check resulted in File System Check on Root Device being skipped.
[    1.893955] systemd[1]: Starting Load Kernel Modules...
[    1.902858] systemd[1]: Starting Remount Root and Kernel File Systems...
[    1.908640] systemd[1]: Starting udev Coldplug all Devices...
[    1.918960] systemd[1]: Starting Uncomplicated firewall...
[    1.920446] systemd[1]: Mounted Huge Pages File System.
[    1.920536] systemd[1]: Mounted POSIX Message Queue File System.
[    1.920613] systemd[1]: Mounted Kernel Debug File System.
[    1.920683] systemd[1]: Mounted Kernel Trace File System.
[    1.926323] EXT4-fs (sda2): re-mounted. Opts: errors=remount-ro
[    1.943346] systemd[1]: Finished Create list of static device nodes for the current kernel.
[    1.944398] systemd[1]: modprobe@drm.service: Succeeded.
[    1.951844] systemd[1]: Finished Load Kernel Module drm.
[    1.952238] systemd[1]: Finished Remount Root and Kernel File Systems.
[    1.961906] systemd[1]: Finished Uncomplicated firewall.
[    1.979303] lp: driver loaded but no devices found
[    1.981480] systemd[1]: Condition check resulted in Rebuild Hardware Database being skipped.
[    1.981524] systemd[1]: Condition check resulted in Platform Persistent Storage Archival being skipped.
[    1.982256] systemd[1]: Starting Load/Save Random Seed...
[    1.987004] systemd[1]: Starting Create System Users...
[    1.997168] systemd[1]: Finished Load/Save Random Seed.
[    1.998258] ppdev: user-space parallel port driver
[    2.004664] systemd[1]: Finished Create System Users.
[    2.006202] systemd[1]: Starting Create Static Device Nodes in /dev...
[    2.037310] systemd[1]: Finished Create Static Device Nodes in /dev.
[    2.038225] systemd[1]: Starting udev Kernel Device Manager...
[    2.051456] systemd[1]: Finished udev Coldplug all Devices.
[    2.089785] [drm] DMA map mode: Caching DMA mappings.
[    2.089848] [drm] Capabilities:
[    2.089848] [drm]   Rect copy.
[    2.089849] [drm]   Cursor.
[    2.089849] [drm]   Cursor bypass.
[    2.089849] [drm]   Cursor bypass 2.
[    2.089850] [drm]   Alpha cursor.
[    2.089850] [drm]   Extended Fifo.
[    2.089851] [drm]   Pitchlock.
[    2.089851] [drm]   Irq mask.
[    2.089851] [drm]   GMR.
[    2.089852] [drm]   Traces.
[    2.089852] [drm]   GMR2.
[    2.089852] [drm]   Screen Object 2.
[    2.089853] [drm]   Command Buffers.
[    2.089853] [drm]   Command Buffers 2.
[    2.089853] [drm]   Guest Backed Resources.
[    2.089854] [drm] Max GMR ids is 8192
[    2.089855] [drm] Max number of GMR pages is 1048576
[    2.089855] [drm] Max dedicated hypervisor surface memory is 393216 kiB
[    2.089856] [drm] Maximum display memory size is 131072 kiB
[    2.089857] [drm] VRAM at 0xe0000000 size is 131072 kiB
[    2.089857] [drm] MMIO at 0xf0000000 size is 2048 kiB
[    2.090939] [TTM] Zone  kernel: Available graphics memory: 1011738 KiB
[    2.090940] [TTM] Initializing pool allocator
[    2.090943] [TTM] Initializing DMA pool allocator
[    2.090989] [drm] Supports vblank timestamp caching Rev 2 (21.10.2013).
[    2.090990] [drm] No driver support for vblank timestamp query.
[    2.091286] [drm] Screen Target Display device initialized
[    2.091516] [drm] width 720
[    2.091525] [drm] height 400
[    2.091529] [drm] bpp 32
[    2.092032] [drm] Fifo max 0x00200000 min 0x00001000 cap 0x00000355
[    2.093108] [drm] Using command buffers with DMA pool.
[    2.093114] [drm] DX: no.
[    2.093115] [drm] Atomic: yes.
[    2.093115] [drm] SM4_1: no.
[    2.093138] [drm:vmw_host_log [vmwgfx]] *ERROR* Failed to send host log message.
[    2.094038] [drm:vmw_host_log [vmwgfx]] *ERROR* Failed to send host log message.
[    2.105710] fbcon: svgadrmfb (fb0) is primary device
[    2.113333] Console: switching to colour frame buffer device 100x37
[    2.115485] [drm] Initialized vmwgfx 2.15.0 20180704 for 0000:00:02.0 on minor 0
[    2.116840] systemd[1]: Finished Load Kernel Modules.
[    2.117800] systemd[1]: Mounting FUSE Control File System...
[    2.118996] systemd[1]: Mounting Kernel Configuration File System...
[    2.141728] systemd[1]: Starting Apply Kernel Variables...
[    2.156221] systemd[1]: Mounted FUSE Control File System.
[    2.156291] systemd[1]: Condition check resulted in VMware vmblock fuse mount being skipped.
[    2.160491] systemd[1]: Mounted Kernel Configuration File System.
[    2.178991] systemd[1]: Finished Set the console keyboard layout.
[    2.179097] systemd[1]: Reached target Local File Systems (Pre).
[    2.181550] systemd[1]: Mounting Mount unit for bare, revision 5...
[    2.202159] systemd[1]: Mounting Mount unit for core18, revision 1705...
[    2.203328] systemd[1]: Mounting Mount unit for gnome-3-34-1804, revision 24...
[    2.204758] systemd[1]: Mounting Mount unit for gtk-common-themes, revision 1506...
[    2.208537] systemd[1]: Mounting Mount unit for gtk-common-themes, revision 1535...
[    2.223777] systemd[1]: Mounting Mount unit for snap-store, revision 433...
[    2.234882] systemd[1]: Mounting Mount unit for snapd, revision 7264...
[    2.250854] systemd[1]: Finished Apply Kernel Variables.
[    2.251017] systemd[1]: Mounted Mount unit for bare, revision 5.
[    2.256740] systemd[1]: Started udev Kernel Device Manager.
[    2.257468] systemd[1]: Starting Show Plymouth Boot Screen...
[    2.263618] systemd[1]: Received SIGRTMIN+20 from PID 279 (plymouthd).
[    2.291665] systemd[1]: Mounted Mount unit for gtk-common-themes, revision 1506.
[    2.291873] systemd[1]: Started Show Plymouth Boot Screen.
[    2.292054] systemd[1]: Condition check resulted in Dispatch Password Requests to Console Directory Watch being skipped.
[    2.292141] systemd[1]: Started Forward Password Requests to Plymouth Directory Watch.
[    2.292245] systemd[1]: Reached target Local Encrypted Volumes.
[    2.328120] systemd[1]: Mounted Mount unit for gnome-3-34-1804, revision 24.
[    2.340821] systemd[1]: Mounted Mount unit for core18, revision 1705.
[    2.341095] systemd[1]: Mounted Mount unit for gtk-common-themes, revision 1535.
[    2.373597] systemd[1]: Mounted Mount unit for snap-store, revision 433.
[    2.373843] systemd[1]: Mounted Mount unit for snapd, revision 7264.
[    2.373995] systemd[1]: Reached target Local File Systems.
[    2.376272] systemd[1]: Starting Load AppArmor profiles...
[    2.377146] systemd[1]: Starting Set console font and keymap...
[    2.403163] systemd[1]: Starting Tell Plymouth To Write Out Runtime Data...
[    2.407433] systemd[1]: Condition check resulted in Store a System Token in an EFI Variable being skipped.
[    2.407496] systemd[1]: Condition check resulted in Commit a transient machine-id on disk being skipped.
[    2.411410] systemd[1]: Finished Set console font and keymap.
[    2.420256] systemd[1]: Received SIGRTMIN+20 from PID 279 (plymouthd).
[    2.421259] systemd[1]: plymouth-read-write.service: Succeeded.
[    2.421488] systemd[1]: Finished Tell Plymouth To Write Out Runtime Data.
[    2.436745] audit: type=1400 audit(1768320274.288:2): apparmor="STATUS" operation="profile_load" profile="unconfined" name="nvidia_modprobe" pid=300 comm="apparmor_parser"
[    2.436747] audit: type=1400 audit(1768320274.288:3): apparmor="STATUS" operation="profile_load" profile="unconfined" name="nvidia_modprobe//kmod" pid=300 comm="apparmor_parser"
[    2.445238] audit: type=1400 audit(1768320274.296:4): apparmor="STATUS" operation="profile_load" profile="unconfined" name="/usr/sbin/tcpdump" pid=301 comm="apparmor_parser"
[    2.490673] audit: type=1400 audit(1768320274.336:5): apparmor="STATUS" operation="profile_load" profile="unconfined" name="/usr/bin/evince" pid=303 comm="apparmor_parser"
[    2.490676] audit: type=1400 audit(1768320274.336:6): apparmor="STATUS" operation="profile_load" profile="unconfined" name="/usr/bin/evince//sanitized_helper" pid=303 comm="apparmor_parser"
[    2.490677] audit: type=1400 audit(1768320274.336:7): apparmor="STATUS" operation="profile_load" profile="unconfined" name="/usr/bin/evince-previewer" pid=303 comm="apparmor_parser"
[    2.490679] audit: type=1400 audit(1768320274.336:8): apparmor="STATUS" operation="profile_load" profile="unconfined" name="/usr/bin/evince-previewer//sanitized_helper" pid=303 comm="apparmor_parser"
[    2.490680] audit: type=1400 audit(1768320274.336:9): apparmor="STATUS" operation="profile_load" profile="unconfined" name="/usr/bin/evince-thumbnailer" pid=303 comm="apparmor_parser"
[    2.505882] audit: type=1400 audit(1768320274.356:10): apparmor="STATUS" operation="profile_load" profile="unconfined" name="/usr/lib/cups/backend/cups-pdf" pid=304 comm="apparmor_parser"
[    2.582713] systemd[1]: Finished Load AppArmor profiles.
[    2.583726] systemd[1]: Starting Load AppArmor profiles managed internally by snapd...
[    2.647486] systemd[1]: Finished Load AppArmor profiles managed internally by snapd.
[    2.812631] systemd[1]: Started Journal Service.
[    2.822685] systemd-journald[229]: Received client request to flush runtime journal.
[    2.825377] systemd-journald[229]: File /var/log/journal/c455b248004a419c87ce85eea238d727/system.journal corrupted or uncleanly shut down, renaming and replacing.
[    4.099983] RAPL PMU: API unit is 2^-32 Joules, 0 fixed counters, 10737418240 ms ovfl timer
[    4.128272] cryptd: max_cpu_qlen set to 1000
[    4.198518] AVX2 version of gcm_enc/dec engaged.
[    4.198519] AES CTR mode by8 optimization enabled
[    5.014014] Adding 1998844k swap on /dev/sda1.  Priority:-2 extents:1 across:1998844k FS
[    6.048550] kauditd_printk_skb: 30 callbacks suppressed
[    6.048551] audit: type=1400 audit(1768320277.896:41): apparmor="DENIED" operation="capable" profile="/usr/sbin/cups-browsed" pid=497 comm="cups-browsed" capability=23  capname="sys_nice"
[    7.095887] pcnet32 0000:00:03.0 enp0s3: link up, 100Mbps, full-duplex
[    7.109902] pcnet32 0000:00:08.0 enp0s8: link up, 100Mbps, full-duplex
[    7.137572] e1000: enp0s9 NIC Link is Up 1000 Mbps Full Duplex, Flow Control: RX
[    7.137860] IPv6: ADDRCONF(NETDEV_CHANGE): enp0s9: link becomes ready
[    7.578798] device enp0s8 entered promiscuous mode
[    7.583294] device enp0s3 entered promiscuous mode
[    7.619455] audit: type=1400 audit(1768320279.472:42): apparmor="DENIED" operation="open" profile="/usr/sbin/tcpdump" name="/proc/sys/kernel/random/boot_id" pid=640 comm="tcpdump" requested_mask="r" denied_mask="r" fsuid=0 ouid=0
[    7.619665] audit: type=1400 audit(1768320279.472:43): apparmor="DENIED" operation="open" profile="/usr/sbin/tcpdump" name="/proc/sys/kernel/random/boot_id" pid=640 comm="tcpdump" requested_mask="r" denied_mask="r" fsuid=0 ouid=0
[    7.619718] audit: type=1400 audit(1768320279.472:44): apparmor="DENIED" operation="open" profile="/usr/sbin/tcpdump" name="/proc/sys/kernel/random/boot_id" pid=640 comm="tcpdump" requested_mask="r" denied_mask="r" fsuid=0 ouid=0
[    7.619773] audit: type=1400 audit(1768320279.472:45): apparmor="DENIED" operation="open" profile="/usr/sbin/tcpdump" name="/proc/sys/kernel/random/boot_id" pid=640 comm="tcpdump" requested_mask="r" denied_mask="r" fsuid=0 ouid=0
[    7.623747] audit: type=1400 audit(1768320279.476:46): apparmor="DENIED" operation="open" profile="/usr/sbin/tcpdump" name="/proc/sys/kernel/random/boot_id" pid=639 comm="tcpdump" requested_mask="r" denied_mask="r" fsuid=0 ouid=0
[    7.623932] audit: type=1400 audit(1768320279.476:47): apparmor="DENIED" operation="open" profile="/usr/sbin/tcpdump" name="/proc/sys/kernel/random/boot_id" pid=639 comm="tcpdump" requested_mask="r" denied_mask="r" fsuid=0 ouid=0
[    7.624005] audit: type=1400 audit(1768320279.476:48): apparmor="DENIED" operation="open" profile="/usr/sbin/tcpdump" name="/proc/sys/kernel/random/boot_id" pid=639 comm="tcpdump" requested_mask="r" denied_mask="r" fsuid=0 ouid=0
[    7.624859] audit: type=1400 audit(1768320279.476:49): apparmor="DENIED" operation="open" profile="/usr/sbin/tcpdump" name="/proc/sys/kernel/random/boot_id" pid=639 comm="tcpdump" requested_mask="r" denied_mask="r" fsuid=0 ouid=0
[    7.625035] audit: type=1400 audit(1768320279.476:50): apparmor="DENIED" operation="open" profile="/usr/sbin/tcpdump" name="/proc/sys/kernel/random/boot_id" pid=641 comm="tcpdump" requested_mask="r" denied_mask="r" fsuid=0 ouid=0
[   12.050944] rfkill: input handler disabled
[  318.108452] AAAAA-TCP_FORW: name:enp0s8: saddr:100932208: daddr:16783984
[  318.451710] AAAAA-TCP_FORW: name:enp0s8: saddr:100932208: daddr:16783984
[  318.633694] AAAAA-TCP_FORW: name:enp0s8: saddr:100932208: daddr:16783984
[  318.766055] AAAAA-TCP_FORW: name:enp0s8: saddr:100932208: daddr:33561200
[  318.900177] AAAAA-TCP_FORW: name:enp0s8: saddr:100932208: daddr:33561200
[  319.005661] AAAAA-TCP_FORW: name:enp0s8: saddr:100932208: daddr:33561200
[  319.128370] AAAAA-TCP_FORW: name:enp0s8: saddr:100932208: daddr:33561200
[  343.645714] AAAAA-TCP_FORW: name:enp0s8: saddr:100932208: daddr:33561200
[  343.843625] AAAAA-TCP_FORW: name:enp0s8: saddr:100932208: daddr:33561200
[  344.070783] AAAAA-TCP_FORW: name:enp0s8: saddr:100932208: daddr:33561200
[  344.172448] AAAAA-TCP_FORW: name:enp0s8: saddr:100932208: daddr:33561200
[  344.310076] AAAAA-TCP_FORW: name:enp0s8: saddr:100932208: daddr:33561200
[  344.392657] AAAAA-TCP_FORW: name:enp0s8: saddr:100932208: daddr:33561200
[  344.704128] AAAAA-TCP_FORW: name:enp0s8: saddr:100932208: daddr:33561200
[  344.814398] AAAAA-TCP_FORW: name:enp0s8: saddr:100932208: daddr:33561200
[  344.935021] AAAAA-TCP_FORW: name:enp0s8: saddr:100932208: daddr:33561200
[  345.072416] AAAAA-TCP_FORW: name:enp0s8: saddr:100932208: daddr:33561200
[  345.191780] AAAAA-TCP_FORW: name:enp0s8: saddr:100932208: daddr:33561200
[  345.320021] AAAAA-TCP_FORW: name:enp0s8: saddr:100932208: daddr:33561200
[  345.450509] AAAAA-TCP_FORW: name:enp0s8: saddr:100932208: daddr:33561200
[  345.527649] AAAAA-TCP_FORW: name:enp0s8: saddr:100932208: daddr:33561200
[  345.649171] AAAAA-TCP_FORW: name:enp0s8: saddr:100932208: daddr:33561200
[  345.759288] AAAAA-TCP_FORW: name:enp0s8: saddr:100932208: daddr:33561200
[  345.869853] AAAAA-TCP_FORW: name:enp0s8: saddr:100932208: daddr:33561200
[  346.033480] AAAAA-TCP_FORW: name:enp0s8: saddr:100932208: daddr:33561200
[  346.127924] AAAAA-TCP_FORW: name:enp0s8: saddr:100932208: daddr:33561200
[  346.256014] AAAAA-TCP_FORW: name:enp0s8: saddr:100932208: daddr:33561200
[  346.377801] AAAAA-TCP_FORW: name:enp0s8: saddr:100932208: daddr:33561200
[  346.498782] AAAAA-TCP_FORW: name:enp0s8: saddr:100932208: daddr:33561200
[  346.584222] AAAAA-TCP_FORW: name:enp0s8: saddr:100932208: daddr:33561200
[  346.734255] AAAAA-TCP_FORW: name:enp0s8: saddr:100932208: daddr:33561200
[  376.778961] AAAAA-TCP_FORW: name:enp0s8: saddr:100932208: daddr:16783984
[  377.272805] AAAAA-TCP_FORW: name:enp0s8: saddr:100932208: daddr:16783984
[  377.359680] AAAAA-TCP_FORW: name:enp0s8: saddr:100932208: daddr:16783984
[  377.441032] AAAAA-TCP_FORW: name:enp0s8: saddr:100932208: daddr:16783984
[  377.601187] AAAAA-TCP_FORW: name:enp0s8: saddr:100932208: daddr:16783984
[  377.682824] AAAAA-TCP_FORW: name:enp0s8: saddr:100932208: daddr:16783984
[  377.864433] AAAAA-TCP_FORW: name:enp0s8: saddr:100932208: daddr:16783984
[  377.953520] AAAAA-TCP_FORW: name:enp0s8: saddr:100932208: daddr:16783984
[  378.160055] AAAAA-TCP_FORW: name:enp0s8: saddr:100932208: daddr:16783984
[  378.234486] AAAAA-TCP_FORW: name:enp0s8: saddr:100932208: daddr:16783984
[  378.335861] AAAAA-TCP_FORW: name:enp0s8: saddr:100932208: daddr:16783984
[  378.418332] AAAAA-TCP_FORW: name:enp0s8: saddr:100932208: daddr:16783984
[  378.517814] AAAAA-TCP_FORW: name:enp0s8: saddr:100932208: daddr:16783984
[  385.352149] AAAAA-TCP_FORW: name:enp0s3: saddr:16783984: daddr:100932208
[  385.455855] AAAAA-TCP_FORW: name:enp0s3: saddr:16783984: daddr:100932208
[  508.884776] rfkill: input handler enabled
[  517.834568] rfkill: input handler disabled
[  694.647577] device enp0s3 left promiscuous mode
[  694.649369] device enp0s8 left promiscuous mode
