[    0.000000] Linux version 5.4.243-mptcp (root@ztg) (gcc version 12.2.0 (Debian 12.2.0-14+deb12u1)) #53 SMP Wed Dec 24 23:28:15 CST 2025
[    0.000000] Command line: BOOT_IMAGE=/boot/vmlinuz-5.4.243-mptcp root=UUID=98415a12-53b7-4144-8265-0f7ece09e445 ro quiet splash
[    0.000000] KERNEL supported cpus:
[    0.000000]   Intel GenuineIntel
[    0.000000]   AMD AuthenticAMD
[    0.000000]   Hygon HygonGenuine
[    0.000000]   Centaur CentaurHauls
[    0.000000]   zhaoxin   Shanghai  
[    0.000000] x86/fpu: Supporting XSAVE feature 0x001: 'x87 floating point registers'
[    0.000000] x86/fpu: Supporting XSAVE feature 0x002: 'SSE registers'
[    0.000000] x86/fpu: Supporting XSAVE feature 0x004: 'AVX registers'
[    0.000000] x86/fpu: xstate_offset[2]:  576, xstate_sizes[2]:  256
[    0.000000] x86/fpu: Enabled xstate features 0x7, context size is 832 bytes, using 'standard' format.
[    0.000000] BIOS-provided physical RAM map:
[    0.000000] BIOS-e820: [mem 0x0000000000000000-0x000000000009fbff] usable
[    0.000000] BIOS-e820: [mem 0x000000000009fc00-0x000000000009ffff] reserved
[    0.000000] BIOS-e820: [mem 0x00000000000f0000-0x00000000000fffff] reserved
[    0.000000] BIOS-e820: [mem 0x0000000000100000-0x000000007ffeffff] usable
[    0.000000] BIOS-e820: [mem 0x000000007fff0000-0x000000007fffffff] ACPI data
[    0.000000] BIOS-e820: [mem 0x00000000fec00000-0x00000000fec00fff] reserved
[    0.000000] BIOS-e820: [mem 0x00000000fee00000-0x00000000fee00fff] reserved
[    0.000000] BIOS-e820: [mem 0x00000000fffc0000-0x00000000ffffffff] reserved
[    0.000000] NX (Execute Disable) protection: active
[    0.000000] SMBIOS 2.5 present.
[    0.000000] DMI: innotek GmbH VirtualBox/VirtualBox, BIOS VirtualBox 12/01/2006
[    0.000000] Hypervisor detected: KVM
[    0.000000] kvm-clock: Using msrs 4b564d01 and 4b564d00
[    0.000000] kvm-clock: cpu 0, msr 18601001, primary cpu clock
[    0.000000] kvm-clock: using sched offset of 4463216096 cycles
[    0.000003] clocksource: kvm-clock: mask: 0xffffffffffffffff max_cycles: 0x1cd42e4dffb, max_idle_ns: 881590591483 ns
[    0.000005] tsc: Detected 2100.000 MHz processor
[    0.001935] e820: update [mem 0x00000000-0x00000fff] usable ==> reserved
[    0.001938] e820: remove [mem 0x000a0000-0x000fffff] usable
[    0.001942] last_pfn = 0x7fff0 max_arch_pfn = 0x400000000
[    0.002010] MTRR default type: uncachable
[    0.002011] MTRR fixed ranges enabled:
[    0.002013]   00000-9FFFF write-back
[    0.002013]   A0000-BFFFF uncachable
[    0.002014]   C0000-FFFFF write-protect
[    0.002015] MTRR variable ranges enabled:
[    0.002016]   0 base 000000000000 mask 3FFF80000000 write-back
[    0.002017]   1 disabled
[    0.002017]   2 disabled
[    0.002018]   3 disabled
[    0.002018]   4 disabled
[    0.002019]   5 disabled
[    0.002019]   6 disabled
[    0.002019]   7 disabled
[    0.002020]   8 disabled
[    0.002020]   9 disabled
[    0.002021]   10 disabled
[    0.002021]   11 disabled
[    0.002022]   12 disabled
[    0.002022]   13 disabled
[    0.002022]   14 disabled
[    0.002023]   15 disabled
[    0.002039] x86/PAT: Configuration [0-7]: WB  WC  UC- UC  WB  WP  UC- WT  
[    0.002173] found SMP MP-table at [mem 0x0009fff0-0x0009ffff]
[    0.093735] check: Scanning 1 areas for low memory corruption
[    0.093931] RAMDISK: [mem 0x32271000-0x3512ffff]
[    0.093939] ACPI: Early table checksum verification disabled
[    0.093944] ACPI: RSDP 0x00000000000E0000 000024 (v02 VBOX  )
[    0.093948] ACPI: XSDT 0x000000007FFF0030 00003C (v01 VBOX   VBOXXSDT 00000001 ASL  00000061)
[    0.093955] ACPI: FACP 0x000000007FFF00F0 0000F4 (v04 VBOX   VBOXFACP 00000001 ASL  00000061)
[    0.093961] ACPI: DSDT 0x000000007FFF02E0 002353 (v02 VBOX   VBOXBIOS 00000002 VBOX 00029BF3)
[    0.093965] ACPI: FACS 0x000000007FFF0200 000040
[    0.093968] ACPI: FACS 0x000000007FFF0200 000040
[    0.093971] ACPI: APIC 0x000000007FFF0240 000054 (v02 VBOX   VBOXAPIC 00000001 ASL  00000061)
[    0.093975] ACPI: SSDT 0x000000007FFF02A0 000038 (v01 VBOX   VBOXCPUT 00000002 VBOX 00029BF3)
[    0.093978] ACPI: Reserving FACP table memory at [mem 0x7fff00f0-0x7fff01e3]
[    0.093979] ACPI: Reserving DSDT table memory at [mem 0x7fff02e0-0x7fff2632]
[    0.093980] ACPI: Reserving FACS table memory at [mem 0x7fff0200-0x7fff023f]
[    0.093981] ACPI: Reserving FACS table memory at [mem 0x7fff0200-0x7fff023f]
[    0.093981] ACPI: Reserving APIC table memory at [mem 0x7fff0240-0x7fff0293]
[    0.093982] ACPI: Reserving SSDT table memory at [mem 0x7fff02a0-0x7fff02d7]
[    0.093995] ACPI: Local APIC address 0xfee00000
[    0.094182] No NUMA configuration found
[    0.094183] Faking a node at [mem 0x0000000000000000-0x000000007ffeffff]
[    0.094193] NODE_DATA(0) allocated [mem 0x7ffc5000-0x7ffeffff]
[    0.094453] Zone ranges:
[    0.094454]   DMA      [mem 0x0000000000001000-0x0000000000ffffff]
[    0.094455]   DMA32    [mem 0x0000000001000000-0x000000007ffeffff]
[    0.094456]   Normal   empty
[    0.094457]   Device   empty
[    0.094458] Movable zone start for each node
[    0.094459] Early memory node ranges
[    0.094460]   node   0: [mem 0x0000000000001000-0x000000000009efff]
[    0.094461]   node   0: [mem 0x0000000000100000-0x000000007ffeffff]
[    0.094464] Zeroed struct page in unavailable ranges: 114 pages
[    0.094465] Initmem setup node 0 [mem 0x0000000000001000-0x000000007ffeffff]
[    0.094466] On node 0 totalpages: 524174
[    0.094468]   DMA zone: 64 pages used for memmap
[    0.094468]   DMA zone: 21 pages reserved
[    0.094469]   DMA zone: 3998 pages, LIFO batch:0
[    0.094540]   DMA32 zone: 8128 pages used for memmap
[    0.094541]   DMA32 zone: 520176 pages, LIFO batch:63
[    0.103501] ACPI: PM-Timer IO Port: 0x4008
[    0.103504] ACPI: Local APIC address 0xfee00000
[    0.103570] IOAPIC[0]: apic_id 1, version 32, address 0xfec00000, GSI 0-23
[    0.103574] ACPI: INT_SRC_OVR (bus 0 bus_irq 0 global_irq 2 dfl dfl)
[    0.103576] ACPI: INT_SRC_OVR (bus 0 bus_irq 9 global_irq 9 low level)
[    0.103578] ACPI: IRQ0 used by override.
[    0.103579] ACPI: IRQ9 used by override.
[    0.103581] Using ACPI (MADT) for SMP configuration information
[    0.103588] smpboot: Allowing 1 CPUs, 0 hotplug CPUs
[    0.103610] PM: Registered nosave memory: [mem 0x00000000-0x00000fff]
[    0.103612] PM: Registered nosave memory: [mem 0x0009f000-0x0009ffff]
[    0.103612] PM: Registered nosave memory: [mem 0x000a0000-0x000effff]
[    0.103613] PM: Registered nosave memory: [mem 0x000f0000-0x000fffff]
[    0.103614] [mem 0x80000000-0xfebfffff] available for PCI devices
[    0.103615] Booting paravirtualized kernel on KVM
[    0.103618] clocksource: refined-jiffies: mask: 0xffffffff max_cycles: 0xffffffff, max_idle_ns: 7645519600211568 ns
[    0.103622] setup_percpu: NR_CPUS:8192 nr_cpumask_bits:1 nr_cpu_ids:1 nr_node_ids:1
[    0.104629] percpu: Embedded 60 pages/cpu s208896 r8192 d28672 u2097152
[    0.104634] pcpu-alloc: s208896 r8192 d28672 u2097152 alloc=1*2097152
[    0.104635] pcpu-alloc: [0] 0 
[    0.104661] Built 1 zonelists, mobility grouping on.  Total pages: 515961
[    0.104662] Policy zone: DMA32
[    0.104663] Kernel command line: BOOT_IMAGE=/boot/vmlinuz-5.4.243-mptcp root=UUID=98415a12-53b7-4144-8265-0f7ece09e445 ro quiet splash
[    0.105513] Dentry cache hash table entries: 262144 (order: 9, 2097152 bytes, linear)
[    0.105660] Inode-cache hash table entries: 131072 (order: 8, 1048576 bytes, linear)
[    0.105710] mem auto-init: stack:off, heap alloc:on, heap free:off
[    0.105713] Calgary: detecting Calgary via BIOS EBDA area
[    0.105714] Calgary: Unable to locate Rio Grande table in EBDA - bailing!
[    0.109749] Memory: 1967332K/2096696K available (14339K kernel code, 2398K rwdata, 4712K rodata, 2728K init, 17260K bss, 129364K reserved, 0K cma-reserved)
[    0.110660] SLUB: HWalign=64, Order=0-3, MinObjects=0, CPUs=1, Nodes=1
[    0.110676] ftrace: allocating 43186 entries in 169 pages
[    0.128717] rcu: Hierarchical RCU implementation.
[    0.128718] rcu: 	RCU restricting CPUs from NR_CPUS=8192 to nr_cpu_ids=1.
[    0.128720] 	Tasks RCU enabled.
[    0.128721] rcu: RCU calculated value of scheduler-enlistment delay is 25 jiffies.
[    0.128722] rcu: Adjusting geometry for rcu_fanout_leaf=16, nr_cpu_ids=1
[    0.131688] NR_IRQS: 524544, nr_irqs: 256, preallocated irqs: 16
[    0.131901] random: crng init done
[    0.141152] Console: colour VGA+ 80x25
[    0.141155] printk: console [tty0] enabled
[    0.141174] ACPI: Core revision 20190816
[    0.141270] APIC: Switch to symmetric I/O mode setup
[    0.141518] x2apic enabled
[    0.141756] Switched APIC routing to physical x2apic.
[    0.142889] ..TIMER: vector=0x30 apic1=0 pin1=2 apic2=-1 pin2=-1
[    0.142915] clocksource: tsc-early: mask: 0xffffffffffffffff max_cycles: 0x1e4530a99b6, max_idle_ns: 440795257976 ns
[    0.142920] Calibrating delay loop (skipped) preset value.. 4200.00 BogoMIPS (lpj=8400000)
[    0.142922] pid_max: default: 32768 minimum: 301
[    0.142949] LSM: Security Framework initializing
[    0.142958] Yama: becoming mindful.
[    0.142984] AppArmor: AppArmor initialized
[    0.143017] Mount-cache hash table entries: 4096 (order: 3, 32768 bytes, linear)
[    0.143021] Mountpoint-cache hash table entries: 4096 (order: 3, 32768 bytes, linear)
[    0.143031] *** VALIDATE tmpfs ***
[    0.143159] *** VALIDATE proc ***
[    0.143199] *** VALIDATE cgroup1 ***
[    0.143200] *** VALIDATE cgroup2 ***
[    0.143347] process: using mwait in idle threads
[    0.143351] Last level iTLB entries: 4KB 64, 2MB 8, 4MB 8
[    0.143352] Last level dTLB entries: 4KB 64, 2MB 0, 4MB 0, 1GB 4
[    0.143373] Spectre V1 : Mitigation: usercopy/swapgs barriers and __user pointer sanitization
[    0.143379] Spectre V2 : Mitigation: Retpolines
[    0.143379] Spectre V2 : Spectre v2 / SpectreRSB mitigation: Filling RSB on context switch
[    0.143380] Spectre V2 : Spectre v2 / SpectreRSB : Filling RSB on VMEXIT
[    0.143380] RETBleed: WARNING: Spectre v2 mitigation leaves CPU vulnerable to RETBleed attacks, data leaks possible!
[    0.143739] RETBleed: Vulnerable
[    0.143740] Speculative Store Bypass: Vulnerable
[    0.143744] TAA: Mitigation: TSX disabled
[    0.143744] MMIO Stale Data: Mitigation: Clear CPU buffers
[    0.147955] Freeing SMP alternatives memory: 40K
[    0.261079] smpboot: CPU0: Intel(R) Xeon(R) Silver 4216 CPU @ 2.10GHz (family: 0x6, model: 0x55, stepping: 0x7)
[    0.261204] Performance Events: unsupported p6 CPU model 85 no PMU driver, software events only.
[    0.261239] rcu: Hierarchical SRCU implementation.
[    0.261726] NMI watchdog: Perf NMI watchdog permanently disabled
[    0.261763] smp: Bringing up secondary CPUs ...
[    0.261764] smp: Brought up 1 node, 1 CPU
[    0.261765] smpboot: Max logical packages: 1
[    0.261766] smpboot: Total of 1 processors activated (4200.00 BogoMIPS)
[    0.262712] devtmpfs: initialized
[    0.262759] x86/mm: Memory block size: 128MB
[    0.262917] clocksource: jiffies: mask: 0xffffffff max_cycles: 0xffffffff, max_idle_ns: 7645041785100000 ns
[    0.262917] futex hash table entries: 256 (order: 2, 16384 bytes, linear)
[    0.262917] pinctrl core: initialized pinctrl subsystem
[    0.262917] PM: RTC time: 21:30:46, date: 2026-01-12
[    0.262917] NET: Registered protocol family 16
[    0.262917] audit: initializing netlink subsys (disabled)
[    0.262917] EISA bus registered
[    0.262917] cpuidle: using governor ladder
[    0.262917] cpuidle: using governor menu
[    0.262917] ACPI: bus type PCI registered
[    0.262917] acpiphp: ACPI Hot Plug PCI Controller Driver version: 0.5
[    0.262917] PCI: Using configuration type 1 for base access
[    0.263239] audit: type=2000 audit(1768224652.650:1): state=initialized audit_enabled=0 res=1
[    0.263317] HugeTLB registered 2.00 MiB page size, pre-allocated 0 pages
[    0.264141] ACPI: Added _OSI(Module Device)
[    0.264141] ACPI: Added _OSI(Processor Device)
[    0.264142] ACPI: Added _OSI(3.0 _SCP Extensions)
[    0.264143] ACPI: Added _OSI(Processor Aggregator Device)
[    0.264144] ACPI: Added _OSI(Linux-Dell-Video)
[    0.264144] ACPI: Added _OSI(Linux-Lenovo-NV-HDMI-Audio)
[    0.264145] ACPI: Added _OSI(Linux-HPI-Hybrid-Graphics)
[    0.266092] ACPI: 2 ACPI AML tables successfully acquired and loaded
[    0.267604] ACPI: Interpreter enabled
[    0.267614] ACPI: (supports S0 S5)
[    0.267615] ACPI: Using IOAPIC for interrupt routing
[    0.267821] PCI: Using host bridge windows from ACPI; if necessary, use "pci=nocrs" and report a bug
[    0.267927] ACPI: Enabled 2 GPEs in block 00 to 07
[    0.272733] ACPI: PCI Root Bridge [PCI0] (domain 0000 [bus 00-ff])
[    0.272738] acpi PNP0A03:00: _OSC: OS supports [ASPM ClockPM Segments MSI HPX-Type3]
[    0.273182] acpi PNP0A03:00: _OSC: not requesting OS control; OS requires [ExtendedConfig ASPM ClockPM MSI]
[    0.273190] acpi PNP0A03:00: fail to add MMCONFIG information, can't access extended PCI configuration space under this bridge.
[    0.273564] PCI host bridge to bus 0000:00
[    0.273566] pci_bus 0000:00: root bus resource [io  0x0000-0x0cf7 window]
[    0.273567] pci_bus 0000:00: root bus resource [io  0x0d00-0xffff window]
[    0.273568] pci_bus 0000:00: root bus resource [mem 0x000a0000-0x000bffff window]
[    0.273569] pci_bus 0000:00: root bus resource [mem 0x80000000-0xfdffffff window]
[    0.273571] pci_bus 0000:00: root bus resource [bus 00-ff]
[    0.273610] pci 0000:00:00.0: [8086:1237] type 00 class 0x060000
[    0.274549] pci 0000:00:01.0: [8086:7000] type 00 class 0x060100
[    0.275352] pci 0000:00:01.1: [8086:7111] type 00 class 0x01018a
[    0.275736] pci 0000:00:01.1: reg 0x20: [io  0xd000-0xd00f]
[    0.275892] pci 0000:00:01.1: legacy IDE quirk: reg 0x10: [io  0x01f0-0x01f7]
[    0.275893] pci 0000:00:01.1: legacy IDE quirk: reg 0x14: [io  0x03f6]
[    0.275894] pci 0000:00:01.1: legacy IDE quirk: reg 0x18: [io  0x0170-0x0177]
[    0.275895] pci 0000:00:01.1: legacy IDE quirk: reg 0x1c: [io  0x0376]
[    0.276433] pci 0000:00:02.0: [15ad:0405] type 00 class 0x030000
[    0.278997] pci 0000:00:02.0: reg 0x10: [io  0xd010-0xd01f]
[    0.281816] pci 0000:00:02.0: reg 0x14: [mem 0xe0000000-0xe7ffffff pref]
[    0.284783] pci 0000:00:02.0: reg 0x18: [mem 0xf0000000-0xf01fffff]
[    0.295699] pci 0000:00:03.0: [1022:2000] type 00 class 0x020000
[    0.296377] pci 0000:00:03.0: reg 0x10: [io  0xd020-0xd03f]
[    0.296990] pci 0000:00:03.0: reg 0x14: [mem 0xf0200000-0xf0200fff]
[    0.300392] pci 0000:00:04.0: [80ee:cafe] type 00 class 0x088000
[    0.301069] pci 0000:00:04.0: reg 0x10: [io  0xd040-0xd05f]
[    0.301684] pci 0000:00:04.0: reg 0x14: [mem 0xf0400000-0xf07fffff]
[    0.302299] pci 0000:00:04.0: reg 0x18: [mem 0xf0800000-0xf0803fff pref]
[    0.305431] pci 0000:00:07.0: [8086:7113] type 00 class 0x068000
[    0.305986] pci 0000:00:07.0: quirk: [io  0x4000-0x403f] claimed by PIIX4 ACPI
[    0.305996] pci 0000:00:07.0: quirk: [io  0x4100-0x410f] claimed by PIIX4 SMB
[    0.306956] pci 0000:00:08.0: [1022:2000] type 00 class 0x020000
[    0.307629] pci 0000:00:08.0: reg 0x10: [io  0xd060-0xd07f]
[    0.308241] pci 0000:00:08.0: reg 0x14: [mem 0xf0804000-0xf0804fff]
[    0.311702] pci 0000:00:09.0: [8086:100e] type 00 class 0x020000
[    0.312415] pci 0000:00:09.0: reg 0x10: [mem 0xf0820000-0xf083ffff]
[    0.313576] pci 0000:00:09.0: reg 0x18: [io  0xd080-0xd087]
[    0.323878] ACPI: PCI Interrupt Link [LNKA] (IRQs 5 9 10 *11)
[    0.324159] ACPI: PCI Interrupt Link [LNKB] (IRQs 5 9 *10 11)
[    0.324262] ACPI: PCI Interrupt Link [LNKC] (IRQs 5 *9 10 11)
[    0.324365] ACPI: PCI Interrupt Link [LNKD] (IRQs 5 9 10 *11)
[    0.324601] iommu: Default domain type: Translated 
[    0.324660] pci 0000:00:02.0: vgaarb: setting as boot VGA device
[    0.324662] pci 0000:00:02.0: vgaarb: VGA device added: decodes=io+mem,owns=io+mem,locks=none
[    0.324664] pci 0000:00:02.0: vgaarb: bridge control possible
[    0.324665] vgaarb: loaded
[    0.324870] SCSI subsystem initialized
[    0.324900] libata version 3.00 loaded.
[    0.324921] ACPI: bus type USB registered
[    0.324937] usbcore: registered new interface driver usbfs
[    0.324943] usbcore: registered new interface driver hub
[    0.324948] usbcore: registered new device driver usb
[    0.324974] pps_core: LinuxPPS API ver. 1 registered
[    0.324975] pps_core: Software ver. 5.3.6 - Copyright 2005-2007 Rodolfo Giometti <giometti@linux.it>
[    0.324977] PTP clock support registered
[    0.325009] EDAC MC: Ver: 3.0.0
[    0.325292] PCI: Using ACPI for IRQ routing
[    0.325293] PCI: pci_cache_line_size set to 64 bytes
[    0.325466] e820: reserve RAM buffer [mem 0x0009fc00-0x0009ffff]
[    0.325470] e820: reserve RAM buffer [mem 0x7fff0000-0x7fffffff]
[    0.326933] NetLabel: Initializing
[    0.326934] NetLabel:  domain hash size = 128
[    0.326934] NetLabel:  protocols = UNLABELED CIPSOv4 CALIPSO
[    0.326954] NetLabel:  unlabeled traffic allowed by default
[    0.327853] clocksource: Switched to clocksource kvm-clock
[    0.341331] *** VALIDATE bpf ***
[    0.341388] VFS: Disk quotas dquot_6.6.0
[    0.341400] VFS: Dquot-cache hash table entries: 512 (order 0, 4096 bytes)
[    0.341421] *** VALIDATE ramfs ***
[    0.341424] *** VALIDATE hugetlbfs ***
[    0.341501] AppArmor: AppArmor Filesystem Enabled
[    0.341524] pnp: PnP ACPI init
[    0.341587] pnp 00:00: Plug and Play ACPI device, IDs PNP0303 (active)
[    0.341672] pnp 00:01: Plug and Play ACPI device, IDs PNP0f03 (active)
[    0.342460] pnp: PnP ACPI: found 2 devices
[    0.343409] thermal_sys: Registered thermal governor 'fair_share'
[    0.343410] thermal_sys: Registered thermal governor 'bang_bang'
[    0.343410] thermal_sys: Registered thermal governor 'step_wise'
[    0.343411] thermal_sys: Registered thermal governor 'user_space'
[    0.343411] thermal_sys: Registered thermal governor 'power_allocator'
[    0.347958] clocksource: acpi_pm: mask: 0xffffff max_cycles: 0xffffff, max_idle_ns: 2085701024 ns
[    0.347997] pci_bus 0000:00: resource 4 [io  0x0000-0x0cf7 window]
[    0.347998] pci_bus 0000:00: resource 5 [io  0x0d00-0xffff window]
[    0.347999] pci_bus 0000:00: resource 6 [mem 0x000a0000-0x000bffff window]
[    0.348001] pci_bus 0000:00: resource 7 [mem 0x80000000-0xfdffffff window]
[    0.348057] NET: Registered protocol family 2
[    0.348129] IP idents hash table entries: 32768 (order: 6, 262144 bytes, linear)
[    0.348522] MPTCP tokens hash table entries: 8192 (order: 4, 65536 bytes, linear)
[    0.348542] MPTCP request tokens hash table entries: 8192 (order: 4, 65536 bytes, linear)
[    0.348566] default registered
[    0.348567] default registered
[    0.348567] MPTCP: Stable release v0.96
[    0.348572] tcp_listen_portaddr_hash hash table entries: 1024 (order: 2, 16384 bytes, linear)
[    0.348651] TCP established hash table entries: 16384 (order: 5, 131072 bytes, linear)
[    0.348715] TCP bind hash table entries: 16384 (order: 6, 262144 bytes, linear)
[    0.348741] TCP: Hash tables configured (established 16384 bind 16384)
[    0.349426] UDP hash table entries: 1024 (order: 3, 32768 bytes, linear)
[    0.349438] UDP-Lite hash table entries: 1024 (order: 3, 32768 bytes, linear)
[    0.349470] NET: Registered protocol family 1
[    0.349478] NET: Registered protocol family 44
[    0.349498] pci 0000:00:00.0: Limiting direct PCI/PCI transfers
[    0.349511] pci 0000:00:01.0: Activating ISA DMA hang workarounds
[    0.349569] pci 0000:00:02.0: Video device with shadowed ROM at [mem 0x000c0000-0x000dffff]
[    0.349635] PCI: CLS 0 bytes, default 64
[    0.349678] Trying to unpack rootfs image as initramfs...
[    0.519622] Freeing initrd memory: 47868K
[    0.519622] clocksource: tsc: mask: 0xffffffffffffffff max_cycles: 0x1e4530a99b6, max_idle_ns: 440795257976 ns
[    0.519622] clocksource: Switched to clocksource tsc
[    0.519622] platform rtc_cmos: registered platform RTC device (no PNP device found)
[    0.519622] check: Scanning for low memory corruption every 60 seconds
[    0.519622] Initialise system trusted keyrings
[    0.519622] Key type blacklist registered
[    0.519622] workingset: timestamp_bits=36 max_order=19 bucket_order=0
[    0.519622] zbud: loaded
[    0.519622] squashfs: version 4.0 (2009/01/31) Phillip Lougher
[    0.519622] fuse: init (API version 7.31)
[    0.519622] *** VALIDATE fuse ***
[    0.519622] *** VALIDATE fuse ***
[    0.519622] Platform Keyring initialized
[    0.531992] Key type asymmetric registered
[    0.531993] Asymmetric key parser 'x509' registered
[    0.532003] Block layer SCSI generic (bsg) driver version 0.4 loaded (major 244)
[    0.532041] io scheduler mq-deadline registered
[    0.532164] shpchp: Standard Hot Plug PCI Controller Driver version: 0.4
[    0.532389] ACPI: AC Adapter [AC] (on-line)
[    0.532433] input: Power Button as /devices/LNXSYSTM:00/LNXPWRBN:00/input/input0
[    0.532463] ACPI: Power Button [PWRF]
[    0.532542] input: Sleep Button as /devices/LNXSYSTM:00/LNXSLPBN:00/input/input1
[    0.532558] ACPI: Sleep Button [SLPF]
[    0.532791] Serial: 8250/16550 driver, 32 ports, IRQ sharing enabled
[    0.533934] Linux agpgart interface v0.103
[    0.627073] loop: module loaded
[    0.627220] ata_piix 0000:00:01.1: version 2.13
[    0.627618] scsi host0: ata_piix
[    0.627709] scsi host1: ata_piix
[    0.627735] ata1: PATA max UDMA/33 cmd 0x1f0 ctl 0x3f6 bmdma 0xd000 irq 14
[    0.627735] ata2: PATA max UDMA/33 cmd 0x170 ctl 0x376 bmdma 0xd008 irq 15
[    0.627815] tun: Universal TUN/TAP device driver, 1.6
[    0.628107] PPP generic driver version 2.4.2
[    0.628150] VFIO - User Level meta-driver version: 0.3
[    0.628390] ehci_hcd: USB 2.0 'Enhanced' Host Controller (EHCI) Driver
[    0.628395] ehci-pci: EHCI PCI platform driver
[    0.628410] ehci-platform: EHCI generic platform driver
[    0.628415] ohci_hcd: USB 1.1 'Open' Host Controller (OHCI) Driver
[    0.628417] ohci-pci: OHCI PCI platform driver
[    0.628424] ohci-platform: OHCI generic platform driver
[    0.628428] uhci_hcd: USB Universal Host Controller Interface driver
[    0.628493] i8042: PNP: PS/2 Controller [PNP0303:PS2K,PNP0f03:PS2M] at 0x60,0x64 irq 1,12
[    0.628933] serio: i8042 KBD port at 0x60,0x64 irq 1
[    0.628937] serio: i8042 AUX port at 0x60,0x64 irq 12
[    0.629022] mousedev: PS/2 mouse device common for all mice
[    0.629271] input: AT Translated Set 2 keyboard as /devices/platform/i8042/serio0/input/input2
[    0.629674] rtc_cmos rtc_cmos: registered as rtc0
[    0.629687] rtc_cmos rtc_cmos: alarms up to one day, 114 bytes nvram
[    0.629693] i2c /dev entries driver
[    0.629739] device-mapper: uevent: version 1.0.3
[    0.629783] device-mapper: ioctl: 4.41.0-ioctl (2019-09-16) initialised: dm-devel@redhat.com
[    0.629800] platform eisa.0: Probing EISA bus 0
[    0.629801] platform eisa.0: EISA: Cannot allocate resource for mainboard
[    0.629802] platform eisa.0: Cannot allocate resource for EISA slot 1
[    0.629803] platform eisa.0: Cannot allocate resource for EISA slot 2
[    0.629804] platform eisa.0: Cannot allocate resource for EISA slot 3
[    0.629805] platform eisa.0: Cannot allocate resource for EISA slot 4
[    0.629806] platform eisa.0: Cannot allocate resource for EISA slot 5
[    0.629807] platform eisa.0: Cannot allocate resource for EISA slot 6
[    0.629808] platform eisa.0: Cannot allocate resource for EISA slot 7
[    0.629809] platform eisa.0: Cannot allocate resource for EISA slot 8
[    0.629810] platform eisa.0: EISA: Detected 0 cards
[    0.629813] intel_pstate: CPU model not supported
[    0.629823] ledtrig-cpu: registered to indicate activity on CPUs
[    0.629875] drop_monitor: Initializing network drop monitor service
[    0.630051] NET: Registered protocol family 10
[    0.635178] Segment Routing with IPv6
[    0.635198] fullmesh registered
[    0.635198] ndiffports registered
[    0.635198] binder registered
[    0.635198] roundrobin registered
[    0.635198] redundant registered
[    0.635198] blest registered
[    0.635198] ecf registered
[    0.635198] NET: Registered protocol family 17
[    0.635198] Key type dns_resolver registered
[    0.635198] RAS: Correctable Errors collector initialized.
[    0.635198] IPI shorthand broadcast: enabled
[    0.635198] sched_clock: Marking stable (620172484, 11025595)->(632476046, -1277967)
[    0.635420] registered taskstats version 1
[    0.635428] Loading compiled-in X.509 certificates
[    0.636016] Loaded X.509 cert 'Build time autogenerated kernel key: 6909f3744cebb3d0de528d5887b96a727de79b1e'
[    0.636034] zswap: loaded using pool lzo/zbud
[    0.636086] Key type ._fscrypt registered
[    0.636087] Key type .fscrypt registered
[    0.640529] Key type big_key registered
[    0.642715] Key type encrypted registered
[    0.642717] AppArmor: AppArmor sha1 policy hashing enabled
[    0.642724] ima: No TPM chip found, activating TPM-bypass!
[    0.642728] ima: Allocated hash algorithm: sha1
[    0.642734] ima: No architecture policies found
[    0.642742] evm: Initialising EVM extended attributes:
[    0.642743] evm: security.selinux
[    0.642744] evm: security.SMACK64
[    0.642744] evm: security.SMACK64EXEC
[    0.642744] evm: security.SMACK64TRANSMUTE
[    0.642745] evm: security.SMACK64MMAP
[    0.642745] evm: security.apparmor
[    0.642746] evm: security.ima
[    0.642746] evm: security.capability
[    0.642747] evm: HMAC attrs: 0x1
[    0.643038] PM:   Magic number: 10:576:550
[    0.643046] tty ttyS26: hash matches
[    0.643067] acpi PNP0C0F:01: hash matches
[    0.643154] rtc_cmos rtc_cmos: setting system clock to 2026-01-12T21:30:47 UTC (1768253447)
[    0.800483] ata1.00: ATA-6: VBOX HARDDISK, 1.0, max UDMA/133
[    0.800487] ata1.00: 209715200 sectors, multi 128: LBA 
[    0.801151] scsi 0:0:0:0: Direct-Access     ATA      VBOX HARDDISK    1.0  PQ: 0 ANSI: 5
[    0.801438] sd 0:0:0:0: [sda] 209715200 512-byte logical blocks: (107 GB/100 GiB)
[    0.801451] sd 0:0:0:0: [sda] Write Protect is off
[    0.801454] sd 0:0:0:0: [sda] Mode Sense: 00 3a 00 00
[    0.801475] sd 0:0:0:0: [sda] Write cache: enabled, read cache: enabled, doesn't support DPO or FUA
[    0.801715] sd 0:0:0:0: Attached scsi generic sg0 type 0
[    0.802551]  sda: sda1 sda2
[    0.811237] sd 0:0:0:0: [sda] Attached SCSI disk
[    0.814582] Freeing unused decrypted memory: 2040K
[    0.815560] Freeing unused kernel image memory: 2728K
[    0.815563] Write protecting the kernel read-only data: 22528k
[    0.816592] Freeing unused kernel image memory: 2036K
[    0.817154] Freeing unused kernel image memory: 1432K
[    0.844005] x86/mm: Checked W+X mappings: passed, no W+X pages found.
[    0.844009] Run /init as init process
[    0.950916] ACPI: Video Device [GFX0] (multi-head: yes  rom: no  post: no)
[    0.950991] input: Video Bus as /devices/LNXSYSTM:00/LNXSYBUS:00/PNP0A03:00/LNXVIDEO:00/input/input4
[    0.964542] pcnet32: pcnet32.c:v1.35 21.Apr.2008 tsbogend@alpha.franken.de
[    0.966107] piix4_smbus 0000:00:07.0: SMBus Host Controller at 0x4100, revision 0
[    0.969791] e1000: Intel(R) PRO/1000 Network Driver - version 7.3.21-k8-NAPI
[    0.969792] e1000: Copyright (c) 1999-2006 Intel Corporation.
[    0.978343] pcnet32: PCnet/FAST III 79C973 at 0xd020, 08:00:27:23:85:cf assigned IRQ 19
[    0.978388] pcnet32: Found PHY 0022:561b at address 0
[    0.978684] pcnet32: eth0: registered as PCnet/FAST III 79C973
[    0.981533] pcnet32: PCnet/FAST III 79C973 at 0xd060, 08:00:27:34:b0:a3 assigned IRQ 16
[    0.981575] pcnet32: Found PHY 0022:561b at address 0
[    0.981886] pcnet32: eth1: registered as PCnet/FAST III 79C973
[    0.991299] pcnet32: 2 cards_found
[    1.046589] pcnet32 0000:00:08.0 enp0s8: renamed from eth1
[    1.047860] pcnet32 0000:00:03.0 enp0s3: renamed from eth0
[    1.180541] input: ImExPS/2 Generic Explorer Mouse as /devices/platform/i8042/serio1/input/input5
[    1.375540] e1000 0000:00:09.0 eth0: (PCI:33MHz:32-bit) 08:00:27:5c:0f:9a
[    1.375543] e1000 0000:00:09.0 eth0: Intel(R) PRO/1000 Network Connection
[    1.376539] e1000 0000:00:09.0 enp0s9: renamed from eth0
[    1.525919] EXT4-fs (sda2): mounted filesystem with ordered data mode. Opts: (null)
[    1.615452] systemd[1]: Inserted module 'autofs4'
[    1.626771] systemd[1]: systemd 245.4-4ubuntu3 running in system mode. (+PAM +AUDIT +SELINUX +IMA +APPARMOR +SMACK +SYSVINIT +UTMP +LIBCRYPTSETUP +GCRYPT +GNUTLS +ACL +XZ +LZ4 +SECCOMP +BLKID +ELFUTILS +KMOD +IDN2 -IDN +PCRE2 default-hierarchy=hybrid)
[    1.626799] systemd[1]: Detected virtualization oracle.
[    1.626802] systemd[1]: Detected architecture x86-64.
[    1.628113] systemd[1]: Set hostname to <ztg>.
[    1.750650] systemd[1]: /lib/systemd/system/dbus.socket:5: ListenStream= references a path below legacy directory /var/run/, updating /var/run/dbus/system_bus_socket â†’ /run/dbus/system_bus_socket; please update the unit file accordingly.
[    1.802185] systemd[1]: Created slice system-modprobe.slice.
[    1.802366] systemd[1]: Created slice User and Session Slice.
[    1.802406] systemd[1]: Started Forward Password Requests to Wall Directory Watch.
[    1.802562] systemd[1]: Set up automount Arbitrary Executable File Formats File System Automount Point.
[    1.802595] systemd[1]: Reached target User and Group Name Lookups.
[    1.802604] systemd[1]: Reached target Remote File Systems.
[    1.802612] systemd[1]: Reached target Slices.
[    1.803183] systemd[1]: Listening on Syslog Socket.
[    1.803250] systemd[1]: Listening on fsck to fsckd communication Socket.
[    1.803287] systemd[1]: Listening on initctl Compatibility Named Pipe.
[    1.803412] systemd[1]: Listening on Journal Audit Socket.
[    1.803464] systemd[1]: Listening on Journal Socket (/dev/log).
[    1.803531] systemd[1]: Listening on Journal Socket.
[    1.803591] systemd[1]: Listening on udev Control Socket.
[    1.803627] systemd[1]: Listening on udev Kernel Socket.
[    1.804305] systemd[1]: Mounting Huge Pages File System...
[    1.805158] systemd[1]: Mounting POSIX Message Queue File System...
[    1.805981] systemd[1]: Mounting Kernel Debug File System...
[    1.806805] systemd[1]: Mounting Kernel Trace File System...
[    1.808645] systemd[1]: Starting Journal Service...
[    1.829785] systemd[1]: Starting Set the console keyboard layout...
[    1.837761] systemd[1]: Starting Create list of static device nodes for the current kernel...
[    1.839504] systemd[1]: Starting Load Kernel Module drm...
[    1.840505] systemd[1]: Condition check resulted in Set Up Additional Binary Formats being skipped.
[    1.840553] systemd[1]: Condition check resulted in File System Check on Root Device being skipped.
[    1.851516] systemd[1]: Starting Load Kernel Modules...
[    1.860216] systemd[1]: Starting Remount Root and Kernel File Systems...
[    1.868479] systemd[1]: Starting udev Coldplug all Devices...
[    1.878572] systemd[1]: Starting Uncomplicated firewall...
[    1.879773] systemd[1]: Mounted Huge Pages File System.
[    1.879853] systemd[1]: Mounted POSIX Message Queue File System.
[    1.879920] systemd[1]: Mounted Kernel Debug File System.
[    1.879984] systemd[1]: Mounted Kernel Trace File System.
[    1.898809] EXT4-fs (sda2): re-mounted. Opts: errors=remount-ro
[    1.919725] systemd[1]: Finished Create list of static device nodes for the current kernel.
[    1.920669] systemd[1]: modprobe@drm.service: Succeeded.
[    1.921031] systemd[1]: Finished Load Kernel Module drm.
[    1.927282] systemd[1]: Finished Remount Root and Kernel File Systems.
[    1.928068] systemd[1]: Finished Uncomplicated firewall.
[    1.929640] lp: driver loaded but no devices found
[    1.946563] systemd[1]: Condition check resulted in Rebuild Hardware Database being skipped.
[    1.946597] systemd[1]: Condition check resulted in Platform Persistent Storage Archival being skipped.
[    1.947207] systemd[1]: Starting Load/Save Random Seed...
[    1.952322] systemd[1]: Starting Create System Users...
[    1.958257] ppdev: user-space parallel port driver
[    1.964665] systemd[1]: Finished Load/Save Random Seed.
[    1.967943] systemd[1]: Finished Create System Users.
[    1.968601] systemd[1]: Starting Create Static Device Nodes in /dev...
[    2.001163] systemd[1]: Finished Create Static Device Nodes in /dev.
[    2.001898] systemd[1]: Starting udev Kernel Device Manager...
[    2.011827] systemd[1]: Finished udev Coldplug all Devices.
[    2.048551] [drm] DMA map mode: Caching DMA mappings.
[    2.048614] [drm] Capabilities:
[    2.048614] [drm]   Rect copy.
[    2.048614] [drm]   Cursor.
[    2.048615] [drm]   Cursor bypass.
[    2.048615] [drm]   Cursor bypass 2.
[    2.048615] [drm]   Alpha cursor.
[    2.048616] [drm]   Extended Fifo.
[    2.048616] [drm]   Pitchlock.
[    2.048616] [drm]   Irq mask.
[    2.048617] [drm]   GMR.
[    2.048617] [drm]   Traces.
[    2.048617] [drm]   GMR2.
[    2.048618] [drm]   Screen Object 2.
[    2.048618] [drm]   Command Buffers.
[    2.048618] [drm]   Command Buffers 2.
[    2.048619] [drm]   Guest Backed Resources.
[    2.048620] [drm] Max GMR ids is 8192
[    2.048620] [drm] Max number of GMR pages is 1048576
[    2.048621] [drm] Max dedicated hypervisor surface memory is 393216 kiB
[    2.048621] [drm] Maximum display memory size is 131072 kiB
[    2.048622] [drm] VRAM at 0xe0000000 size is 131072 kiB
[    2.048623] [drm] MMIO at 0xf0000000 size is 2048 kiB
[    2.051674] [TTM] Zone  kernel: Available graphics memory: 1011738 KiB
[    2.051675] [TTM] Initializing pool allocator
[    2.051678] [TTM] Initializing DMA pool allocator
[    2.051708] [drm] Supports vblank timestamp caching Rev 2 (21.10.2013).
[    2.051708] [drm] No driver support for vblank timestamp query.
[    2.052164] [drm] Screen Target Display device initialized
[    2.052366] [drm] width 720
[    2.052375] [drm] height 400
[    2.052378] [drm] bpp 32
[    2.052876] [drm] Fifo max 0x00200000 min 0x00001000 cap 0x00000355
[    2.053951] [drm] Using command buffers with DMA pool.
[    2.053954] [drm] DX: no.
[    2.053955] [drm] Atomic: yes.
[    2.053955] [drm] SM4_1: no.
[    2.053973] [drm:vmw_host_log [vmwgfx]] *ERROR* Failed to send host log message.
[    2.054874] [drm:vmw_host_log [vmwgfx]] *ERROR* Failed to send host log message.
[    2.071419] fbcon: svgadrmfb (fb0) is primary device
[    2.075404] Console: switching to colour frame buffer device 100x37
[    2.083246] [drm] Initialized vmwgfx 2.15.0 20180704 for 0000:00:02.0 on minor 0
[    2.084521] systemd[1]: Finished Load Kernel Modules.
[    2.085374] systemd[1]: Mounting FUSE Control File System...
[    2.086238] systemd[1]: Mounting Kernel Configuration File System...
[    2.087054] systemd[1]: Starting Apply Kernel Variables...
[    2.104429] systemd[1]: Mounted FUSE Control File System.
[    2.104497] systemd[1]: Condition check resulted in VMware vmblock fuse mount being skipped.
[    2.109408] systemd[1]: Mounted Kernel Configuration File System.
[    2.111968] systemd[1]: Finished Set the console keyboard layout.
[    2.112067] systemd[1]: Reached target Local File Systems (Pre).
[    2.141874] systemd[1]: Mounting Mount unit for bare, revision 5...
[    2.145564] systemd[1]: Mounting Mount unit for core18, revision 1705...
[    2.150367] systemd[1]: Mounting Mount unit for gnome-3-34-1804, revision 24...
[    2.154474] systemd[1]: Mounting Mount unit for gtk-common-themes, revision 1506...
[    2.158855] systemd[1]: Mounting Mount unit for gtk-common-themes, revision 1535...
[    2.166058] systemd[1]: Mounting Mount unit for snap-store, revision 433...
[    2.191553] systemd[1]: Mounting Mount unit for snapd, revision 25935...
[    2.206868] systemd[1]: Finished Apply Kernel Variables.
[    2.208441] systemd[1]: Mounted Mount unit for bare, revision 5.
[    2.208523] systemd[1]: Mounted Mount unit for core18, revision 1705.
[    2.208593] systemd[1]: Mounted Mount unit for gnome-3-34-1804, revision 24.
[    2.217346] systemd[1]: Mounted Mount unit for gtk-common-themes, revision 1506.
[    2.219516] systemd[1]: Started udev Kernel Device Manager.
[    2.220146] systemd[1]: Starting Show Plymouth Boot Screen...
[    2.223961] systemd[1]: Received SIGRTMIN+20 from PID 270 (plymouthd).
[    2.243216] systemd[1]: Started Show Plymouth Boot Screen.
[    2.243349] systemd[1]: Condition check resulted in Dispatch Password Requests to Console Directory Watch being skipped.
[    2.243445] systemd[1]: Started Forward Password Requests to Plymouth Directory Watch.
[    2.243475] systemd[1]: Reached target Local Encrypted Volumes.
[    2.343672] systemd[1]: Mounted Mount unit for gtk-common-themes, revision 1535.
[    2.343913] systemd[1]: Mounted Mount unit for snap-store, revision 433.
[    2.344089] systemd[1]: Mounted Mount unit for snapd, revision 25935.
[    2.344235] systemd[1]: Reached target Local File Systems.
[    2.346377] systemd[1]: Starting Load AppArmor profiles...
[    2.347229] systemd[1]: Starting Set console font and keymap...
[    2.361294] systemd[1]: Starting Tell Plymouth To Write Out Runtime Data...
[    2.361424] systemd[1]: Condition check resulted in Store a System Token in an EFI Variable being skipped.
[    2.361473] systemd[1]: Condition check resulted in Commit a transient machine-id on disk being skipped.
[    2.365325] systemd[1]: Finished Set console font and keymap.
[    2.373368] systemd[1]: Received SIGRTMIN+20 from PID 270 (plymouthd).
[    2.374630] systemd[1]: plymouth-read-write.service: Succeeded.
[    2.374888] systemd[1]: Finished Tell Plymouth To Write Out Runtime Data.
[    2.397106] audit: type=1400 audit(1768253449.248:2): apparmor="STATUS" operation="profile_load" profile="unconfined" name="nvidia_modprobe" pid=299 comm="apparmor_parser"
[    2.397108] audit: type=1400 audit(1768253449.248:3): apparmor="STATUS" operation="profile_load" profile="unconfined" name="nvidia_modprobe//kmod" pid=299 comm="apparmor_parser"
[    2.406794] audit: type=1400 audit(1768253449.256:4): apparmor="STATUS" operation="profile_load" profile="unconfined" name="/usr/sbin/tcpdump" pid=300 comm="apparmor_parser"
[    2.442762] audit: type=1400 audit(1768253449.288:5): apparmor="STATUS" operation="profile_load" profile="unconfined" name="/usr/bin/evince" pid=302 comm="apparmor_parser"
[    2.442764] audit: type=1400 audit(1768253449.288:6): apparmor="STATUS" operation="profile_load" profile="unconfined" name="/usr/bin/evince//sanitized_helper" pid=302 comm="apparmor_parser"
[    2.442766] audit: type=1400 audit(1768253449.288:7): apparmor="STATUS" operation="profile_load" profile="unconfined" name="/usr/bin/evince-previewer" pid=302 comm="apparmor_parser"
[    2.442767] audit: type=1400 audit(1768253449.288:8): apparmor="STATUS" operation="profile_load" profile="unconfined" name="/usr/bin/evince-previewer//sanitized_helper" pid=302 comm="apparmor_parser"
[    2.442768] audit: type=1400 audit(1768253449.288:9): apparmor="STATUS" operation="profile_load" profile="unconfined" name="/usr/bin/evince-thumbnailer" pid=302 comm="apparmor_parser"
[    2.472394] audit: type=1400 audit(1768253449.324:10): apparmor="STATUS" operation="profile_load" profile="unconfined" name="/usr/lib/cups/backend/cups-pdf" pid=303 comm="apparmor_parser"
[    2.551319] systemd[1]: Finished Load AppArmor profiles.
[    2.552209] systemd[1]: Starting Load AppArmor profiles managed internally by snapd...
[    2.684462] systemd[1]: Finished Load AppArmor profiles managed internally by snapd.
[    2.780513] systemd[1]: Started Journal Service.
[    2.788345] systemd-journald[229]: Received client request to flush runtime journal.
[    2.791549] systemd-journald[229]: File /var/log/journal/c455b248004a419c87ce85eea238d727/system.journal corrupted or uncleanly shut down, renaming and replacing.
[    4.002995] RAPL PMU: API unit is 2^-32 Joules, 0 fixed counters, 10737418240 ms ovfl timer
[    4.046815] cryptd: max_cpu_qlen set to 1000
[    4.116175] AVX2 version of gcm_enc/dec engaged.
[    4.116176] AES CTR mode by8 optimization enabled
[    5.919597] Adding 1998844k swap on /dev/sda1.  Priority:-2 extents:1 across:1998844k FS
[    6.713279] kauditd_printk_skb: 30 callbacks suppressed
[    6.713280] audit: type=1400 audit(1768253453.568:41): apparmor="DENIED" operation="capable" profile="/usr/sbin/cups-browsed" pid=510 comm="cups-browsed" capability=23  capname="sys_nice"
[    8.287284] pcnet32 0000:00:03.0 enp0s3: link up, 100Mbps, full-duplex
[    8.309377] pcnet32 0000:00:08.0 enp0s8: link up, 100Mbps, full-duplex
[    8.343198] e1000: enp0s9 NIC Link is Up 1000 Mbps Full Duplex, Flow Control: RX
[    8.343518] IPv6: ADDRCONF(NETDEV_CHANGE): enp0s9: link becomes ready
[    8.890826] device enp0s8 entered promiscuous mode
[    8.902122] device enp0s3 entered promiscuous mode
[    8.952155] audit: type=1400 audit(1768253455.804:42): apparmor="DENIED" operation="open" profile="/usr/sbin/tcpdump" name="/proc/sys/kernel/random/boot_id" pid=623 comm="tcpdump" requested_mask="r" denied_mask="r" fsuid=0 ouid=0
[    8.952610] audit: type=1400 audit(1768253455.808:43): apparmor="DENIED" operation="open" profile="/usr/sbin/tcpdump" name="/proc/sys/kernel/random/boot_id" pid=624 comm="tcpdump" requested_mask="r" denied_mask="r" fsuid=0 ouid=0
[    8.952834] audit: type=1400 audit(1768253455.808:44): apparmor="DENIED" operation="open" profile="/usr/sbin/tcpdump" name="/proc/sys/kernel/random/boot_id" pid=623 comm="tcpdump" requested_mask="r" denied_mask="r" fsuid=0 ouid=0
[    8.952993] audit: type=1400 audit(1768253455.808:45): apparmor="DENIED" operation="open" profile="/usr/sbin/tcpdump" name="/proc/sys/kernel/random/boot_id" pid=623 comm="tcpdump" requested_mask="r" denied_mask="r" fsuid=0 ouid=0
[    8.953042] audit: type=1400 audit(1768253455.808:46): apparmor="DENIED" operation="open" profile="/usr/sbin/tcpdump" name="/proc/sys/kernel/random/boot_id" pid=624 comm="tcpdump" requested_mask="r" denied_mask="r" fsuid=0 ouid=0
[    8.953076] audit: type=1400 audit(1768253455.808:47): apparmor="DENIED" operation="open" profile="/usr/sbin/tcpdump" name="/proc/sys/kernel/random/boot_id" pid=624 comm="tcpdump" requested_mask="r" denied_mask="r" fsuid=0 ouid=0
[    8.953367] audit: type=1400 audit(1768253455.808:48): apparmor="DENIED" operation="open" profile="/usr/sbin/tcpdump" name="/proc/sys/kernel/random/boot_id" pid=623 comm="tcpdump" requested_mask="r" denied_mask="r" fsuid=0 ouid=0
[    8.953431] audit: type=1400 audit(1768253455.808:49): apparmor="DENIED" operation="open" profile="/usr/sbin/tcpdump" name="/proc/sys/kernel/random/boot_id" pid=624 comm="tcpdump" requested_mask="r" denied_mask="r" fsuid=0 ouid=0
[    8.959066] audit: type=1400 audit(1768253455.812:50): apparmor="DENIED" operation="open" profile="/usr/sbin/tcpdump" name="/proc/sys/kernel/random/boot_id" pid=625 comm="tcpdump" requested_mask="r" denied_mask="r" fsuid=0 ouid=0
[   14.906656] rfkill: input handler disabled
[  282.019111] AAAAA-TCP_RECV: name:enp0s3: saddr:100932208: daddr:16783984: srtt_us:0: RTT:0: ssthresh:2147483647: cwnd:10: delivered:0: lost:0: retrans:0
[  282.019134] AAAAA-TCP_SEND: name:enp0s3: saddr:16783984: daddr:100932208: srtt_us:0: RTT:0: ssthresh:0: cwnd:0: delivered:0: lost:0: retrans:0
[  282.549080] AAAAA-TCP_SEND: name:enp0s3: saddr:16783984: daddr:100932208: srtt_us:4239440: RTT:529930: ssthresh:2147483647: cwnd:10: delivered:1: lost:0: retrans:0
[  282.701224] AAAAA-TCP_RECV: name:enp0s3: saddr:100932208: daddr:16783984: srtt_us:4239440: RTT:529930: ssthresh:2147483647: cwnd:10: delivered:1: lost:0: retrans:0
[  282.701257] AAAAA-TCP_SEND: name:enp0s3: saddr:16783984: daddr:100932208: srtt_us:4239440: RTT:529930: ssthresh:2147483647: cwnd:10: delivered:1: lost:0: retrans:0
[  282.701404] AAAAA-TCP_SEND: name:enp0s3: saddr:16783984: daddr:100932208: srtt_us:4239440: RTT:529930: ssthresh:2147483647: cwnd:10: delivered:1: lost:0: retrans:0
[  283.376909] AAAAA-TCP_RECV: name:enp0s3: saddr:100932208: daddr:33561200: srtt_us:0: RTT:0: ssthresh:2147483647: cwnd:10: delivered:0: lost:0: retrans:0
[  283.376971] AAAAA-TCP_SEND: name:enp0s3: saddr:33561200: daddr:100932208: srtt_us:0: RTT:0: ssthresh:0: cwnd:0: delivered:0: lost:0: retrans:0
[  283.441695] AAAAA-TCP_RECV: name:enp0s3: saddr:100932208: daddr:16783984: srtt_us:4239440: RTT:529930: ssthresh:2147483647: cwnd:10: delivered:1: lost:0: retrans:0
[  283.560303] AAAAA-TCP_RECV: name:enp0s3: saddr:100932208: daddr:16783984: srtt_us:4449822: RTT:556227: ssthresh:2147483647: cwnd:10: delivered:2: lost:0: retrans:0
[  283.560337] AAAAA-TCP_SEND: name:enp0s3: saddr:16783984: daddr:100932208: srtt_us:4449822: RTT:556227: ssthresh:2147483647: cwnd:10: delivered:2: lost:0: retrans:0
[  283.776310] AAAAA-TCP_SEND: name:enp0s3: saddr:33561200: daddr:100932208: srtt_us:3194584: RTT:399323: ssthresh:2147483647: cwnd:10: delivered:1: lost:0: retrans:0
[  283.946926] AAAAA-TCP_RECV: name:enp0s3: saddr:100932208: daddr:16783984: srtt_us:4449822: RTT:556227: ssthresh:2147483647: cwnd:10: delivered:2: lost:0: retrans:0
[  283.946958] AAAAA-TCP_SEND: name:enp0s3: saddr:16783984: daddr:100932208: srtt_us:4449822: RTT:556227: ssthresh:2147483647: cwnd:10: delivered:2: lost:0: retrans:0
[  283.947207] AAAAA-TCP_SEND: name:enp0s3: saddr:33561200: daddr:100932208: srtt_us:3194584: RTT:399323: ssthresh:2147483647: cwnd:10: delivered:1: lost:0: retrans:0
[  284.296461] AAAAA-TCP_RECV: name:enp0s3: saddr:100932208: daddr:33561200: srtt_us:3194584: RTT:399323: ssthresh:2147483647: cwnd:10: delivered:1: lost:0: retrans:0
[  284.346853] AAAAA-TCP_RECV: name:enp0s3: saddr:100932208: daddr:16783984: srtt_us:0: RTT:0: ssthresh:2147483647: cwnd:10: delivered:0: lost:0: retrans:0
[  284.346886] AAAAA-TCP_SEND: name:enp0s3: saddr:16783984: daddr:100932208: srtt_us:0: RTT:0: ssthresh:0: cwnd:0: delivered:0: lost:0: retrans:0
[  284.501511] AAAAA-TCP_SEND: name:enp0s3: saddr:16783984: daddr:100932208: srtt_us:1236880: RTT:154610: ssthresh:2147483647: cwnd:10: delivered:1: lost:0: retrans:0
[  284.643982] AAAAA-TCP_RECV: name:enp0s3: saddr:100932208: daddr:16783984: srtt_us:1236880: RTT:154610: ssthresh:2147483647: cwnd:10: delivered:1: lost:0: retrans:0
[  284.644015] AAAAA-TCP_SEND: name:enp0s3: saddr:16783984: daddr:100932208: srtt_us:1236880: RTT:154610: ssthresh:2147483647: cwnd:10: delivered:1: lost:0: retrans:0
[  284.645271] AAAAA-TCP_SEND: name:enp0s3: saddr:33561200: daddr:100932208: srtt_us:3144537: RTT:393067: ssthresh:2147483647: cwnd:10: delivered:2: lost:0: retrans:0
[  284.914328] AAAAA-TCP_RECV: name:enp0s3: saddr:100932208: daddr:33561200: srtt_us:0: RTT:0: ssthresh:2147483647: cwnd:10: delivered:0: lost:0: retrans:0
[  284.914371] AAAAA-TCP_SEND: name:enp0s3: saddr:33561200: daddr:100932208: srtt_us:0: RTT:0: ssthresh:0: cwnd:0: delivered:0: lost:0: retrans:0
[  285.043667] AAAAA-TCP_RECV: name:enp0s3: saddr:100932208: daddr:33561200: srtt_us:3144537: RTT:393067: ssthresh:2147483647: cwnd:10: delivered:2: lost:0: retrans:0
[  285.043699] AAAAA-TCP_SEND: name:enp0s3: saddr:33561200: daddr:100932208: srtt_us:3144537: RTT:393067: ssthresh:2147483647: cwnd:10: delivered:2: lost:0: retrans:0
[  285.176504] AAAAA-TCP_SEND: name:enp0s3: saddr:33561200: daddr:100932208: srtt_us:2096976: RTT:262122: ssthresh:2147483647: cwnd:10: delivered:1: lost:0: retrans:0
[  285.244610] AAAAA-TCP_RECV: name:enp0s3: saddr:100932208: daddr:33561200: srtt_us:3149903: RTT:393737: ssthresh:2147483647: cwnd:10: delivered:3: lost:0: retrans:0
[  285.287195] AAAAA-TCP_RECV: name:enp0s3: saddr:100932208: daddr:16783984: srtt_us:1236880: RTT:154610: ssthresh:2147483647: cwnd:10: delivered:1: lost:0: retrans:0
[  285.287222] AAAAA-TCP_SEND: name:enp0s3: saddr:16783984: daddr:100932208: srtt_us:1236880: RTT:154610: ssthresh:2147483647: cwnd:10: delivered:1: lost:0: retrans:0
[  285.560006] AAAAA-TCP_RECV: name:enp0s3: saddr:100932208: daddr:16783984: srtt_us:1236880: RTT:154610: ssthresh:2147483647: cwnd:10: delivered:1: lost:0: retrans:0
[  285.560041] AAAAA-TCP_SEND: name:enp0s3: saddr:16783984: daddr:100932208: srtt_us:1236880: RTT:154610: ssthresh:2147483647: cwnd:10: delivered:1: lost:0: retrans:0
[  285.692173] AAAAA-TCP_RECV: name:enp0s3: saddr:100932208: daddr:16783984: srtt_us:1236880: RTT:154610: ssthresh:2147483647: cwnd:10: delivered:1: lost:0: retrans:0
[  285.692200] AAAAA-TCP_SEND: name:enp0s3: saddr:16783984: daddr:100932208: srtt_us:1236880: RTT:154610: ssthresh:2147483647: cwnd:10: delivered:1: lost:0: retrans:0
[  285.794377] AAAAA-TCP_RECV: name:enp0s3: saddr:100932208: daddr:16783984: srtt_us:1236880: RTT:154610: ssthresh:2147483647: cwnd:10: delivered:1: lost:0: retrans:0
[  285.794403] AAAAA-TCP_SEND: name:enp0s3: saddr:16783984: daddr:100932208: srtt_us:1236880: RTT:154610: ssthresh:2147483647: cwnd:10: delivered:1: lost:0: retrans:0
[  285.972768] AAAAA-TCP_RECV: name:enp0s3: saddr:100932208: daddr:16783984: srtt_us:1236880: RTT:154610: ssthresh:2147483647: cwnd:10: delivered:1: lost:0: retrans:0
[  285.972811] AAAAA-TCP_SEND: name:enp0s3: saddr:16783984: daddr:100932208: srtt_us:1236880: RTT:154610: ssthresh:2147483647: cwnd:10: delivered:1: lost:0: retrans:0
[  286.157174] AAAAA-TCP_RECV: name:enp0s3: saddr:100932208: daddr:16783984: srtt_us:1236880: RTT:154610: ssthresh:2147483647: cwnd:10: delivered:1: lost:0: retrans:0
[  286.157211] AAAAA-TCP_SEND: name:enp0s3: saddr:16783984: daddr:100932208: srtt_us:1236880: RTT:154610: ssthresh:2147483647: cwnd:10: delivered:1: lost:0: retrans:0
[  286.194806] AAAAA-TCP_RECV: name:enp0s3: saddr:100932208: daddr:16783984: srtt_us:1236880: RTT:154610: ssthresh:2147483647: cwnd:10: delivered:1: lost:0: retrans:0
[  286.194833] AAAAA-TCP_SEND: name:enp0s3: saddr:16783984: daddr:100932208: srtt_us:1236880: RTT:154610: ssthresh:2147483647: cwnd:10: delivered:1: lost:0: retrans:0
[  286.429673] AAAAA-TCP_RECV: name:enp0s3: saddr:100932208: daddr:16783984: srtt_us:1236880: RTT:154610: ssthresh:2147483647: cwnd:10: delivered:1: lost:0: retrans:0
[  286.429698] AAAAA-TCP_SEND: name:enp0s3: saddr:16783984: daddr:100932208: srtt_us:1236880: RTT:154610: ssthresh:2147483647: cwnd:10: delivered:1: lost:0: retrans:0
[  286.467308] AAAAA-TCP_RECV: name:enp0s3: saddr:100932208: daddr:16783984: srtt_us:1236880: RTT:154610: ssthresh:2147483647: cwnd:10: delivered:1: lost:0: retrans:0
[  286.467332] AAAAA-TCP_SEND: name:enp0s3: saddr:16783984: daddr:100932208: srtt_us:1236880: RTT:154610: ssthresh:2147483647: cwnd:10: delivered:1: lost:0: retrans:0
[  286.523548] AAAAA-TCP_RECV: name:enp0s3: saddr:100932208: daddr:16783984: srtt_us:1236880: RTT:154610: ssthresh:2147483647: cwnd:10: delivered:1: lost:0: retrans:0
[  286.523572] AAAAA-TCP_SEND: name:enp0s3: saddr:16783984: daddr:100932208: srtt_us:1236880: RTT:154610: ssthresh:2147483647: cwnd:10: delivered:1: lost:0: retrans:0
[  286.766050] AAAAA-TCP_RECV: name:enp0s3: saddr:100932208: daddr:33561200: srtt_us:2096976: RTT:262122: ssthresh:2147483647: cwnd:10: delivered:1: lost:0: retrans:0
[  286.766081] AAAAA-TCP_SEND: name:enp0s3: saddr:33561200: daddr:100932208: srtt_us:2096976: RTT:262122: ssthresh:2147483647: cwnd:10: delivered:1: lost:0: retrans:0
[  286.801120] AAAAA-TCP_RECV: name:enp0s3: saddr:100932208: daddr:33561200: srtt_us:2096976: RTT:262122: ssthresh:2147483647: cwnd:10: delivered:1: lost:0: retrans:0
[  286.801145] AAAAA-TCP_SEND: name:enp0s3: saddr:33561200: daddr:100932208: srtt_us:2096976: RTT:262122: ssthresh:2147483647: cwnd:10: delivered:1: lost:0: retrans:0
[  286.890691] AAAAA-TCP_RECV: name:enp0s3: saddr:100932208: daddr:33561200: srtt_us:2096976: RTT:262122: ssthresh:2147483647: cwnd:10: delivered:1: lost:0: retrans:0
[  286.890715] AAAAA-TCP_SEND: name:enp0s3: saddr:33561200: daddr:100932208: srtt_us:2096976: RTT:262122: ssthresh:2147483647: cwnd:10: delivered:1: lost:0: retrans:0
[  287.066901] AAAAA-TCP_RECV: name:enp0s3: saddr:100932208: daddr:33561200: srtt_us:2096976: RTT:262122: ssthresh:2147483647: cwnd:10: delivered:1: lost:0: retrans:0
[  287.066929] AAAAA-TCP_SEND: name:enp0s3: saddr:33561200: daddr:100932208: srtt_us:2096976: RTT:262122: ssthresh:2147483647: cwnd:10: delivered:1: lost:0: retrans:0
[  287.115200] AAAAA-TCP_RECV: name:enp0s3: saddr:100932208: daddr:33561200: srtt_us:2096976: RTT:262122: ssthresh:2147483647: cwnd:10: delivered:1: lost:0: retrans:0
[  287.115225] AAAAA-TCP_SEND: name:enp0s3: saddr:33561200: daddr:100932208: srtt_us:2096976: RTT:262122: ssthresh:2147483647: cwnd:10: delivered:1: lost:0: retrans:0
[  287.251108] AAAAA-TCP_RECV: name:enp0s3: saddr:100932208: daddr:33561200: srtt_us:2096976: RTT:262122: ssthresh:2147483647: cwnd:10: delivered:1: lost:0: retrans:0
[  287.251136] AAAAA-TCP_SEND: name:enp0s3: saddr:33561200: daddr:100932208: srtt_us:2096976: RTT:262122: ssthresh:2147483647: cwnd:10: delivered:1: lost:0: retrans:0
[  287.286663] AAAAA-TCP_RECV: name:enp0s3: saddr:100932208: daddr:33561200: srtt_us:2096976: RTT:262122: ssthresh:2147483647: cwnd:10: delivered:1: lost:0: retrans:0
[  287.286686] AAAAA-TCP_SEND: name:enp0s3: saddr:33561200: daddr:100932208: srtt_us:2096976: RTT:262122: ssthresh:2147483647: cwnd:10: delivered:1: lost:0: retrans:0
[  287.379913] AAAAA-TCP_RECV: name:enp0s3: saddr:100932208: daddr:33561200: srtt_us:2096976: RTT:262122: ssthresh:2147483647: cwnd:10: delivered:1: lost:0: retrans:0
[  287.379937] AAAAA-TCP_SEND: name:enp0s3: saddr:33561200: daddr:100932208: srtt_us:2096976: RTT:262122: ssthresh:2147483647: cwnd:10: delivered:1: lost:0: retrans:0
[  287.505508] AAAAA-TCP_RECV: name:enp0s3: saddr:100932208: daddr:33561200: srtt_us:2096976: RTT:262122: ssthresh:2147483647: cwnd:10: delivered:1: lost:0: retrans:0
[  287.505532] AAAAA-TCP_SEND: name:enp0s3: saddr:33561200: daddr:100932208: srtt_us:2096976: RTT:262122: ssthresh:2147483647: cwnd:10: delivered:1: lost:0: retrans:0
[  287.653376] AAAAA-TCP_RECV: name:enp0s3: saddr:100932208: daddr:33561200: srtt_us:2096976: RTT:262122: ssthresh:2147483647: cwnd:10: delivered:1: lost:0: retrans:0
[  287.653400] AAAAA-TCP_SEND: name:enp0s3: saddr:33561200: daddr:100932208: srtt_us:2096976: RTT:262122: ssthresh:2147483647: cwnd:10: delivered:1: lost:0: retrans:0
[  287.748503] AAAAA-TCP_RECV: name:enp0s3: saddr:100932208: daddr:16783984: srtt_us:1236880: RTT:154610: ssthresh:2147483647: cwnd:10: delivered:1: lost:0: retrans:0
[  287.748532] AAAAA-TCP_SEND: name:enp0s3: saddr:16783984: daddr:100932208: srtt_us:1236880: RTT:154610: ssthresh:2147483647: cwnd:10: delivered:1: lost:0: retrans:0
[  287.814796] AAAAA-TCP_RECV: name:enp0s3: saddr:100932208: daddr:16783984: srtt_us:1236880: RTT:154610: ssthresh:2147483647: cwnd:10: delivered:1: lost:0: retrans:0
[  287.814825] AAAAA-TCP_SEND: name:enp0s3: saddr:16783984: daddr:100932208: srtt_us:1236880: RTT:154610: ssthresh:2147483647: cwnd:10: delivered:1: lost:0: retrans:0
[  287.945072] AAAAA-TCP_RECV: name:enp0s3: saddr:100932208: daddr:16783984: srtt_us:1236880: RTT:154610: ssthresh:2147483647: cwnd:10: delivered:1: lost:0: retrans:0
[  287.945099] AAAAA-TCP_SEND: name:enp0s3: saddr:16783984: daddr:100932208: srtt_us:1236880: RTT:154610: ssthresh:2147483647: cwnd:10: delivered:1: lost:0: retrans:0
[  288.117510] AAAAA-TCP_RECV: name:enp0s3: saddr:100932208: daddr:16783984: srtt_us:1236880: RTT:154610: ssthresh:2147483647: cwnd:10: delivered:1: lost:0: retrans:0
[  288.117533] AAAAA-TCP_SEND: name:enp0s3: saddr:16783984: daddr:100932208: srtt_us:1236880: RTT:154610: ssthresh:2147483647: cwnd:10: delivered:1: lost:0: retrans:0
[  288.168585] AAAAA-TCP_RECV: name:enp0s3: saddr:100932208: daddr:33561200: srtt_us:2096976: RTT:262122: ssthresh:2147483647: cwnd:10: delivered:1: lost:0: retrans:0
[  288.168604] AAAAA-TCP_SEND: name:enp0s3: saddr:33561200: daddr:100932208: srtt_us:2096976: RTT:262122: ssthresh:2147483647: cwnd:10: delivered:1: lost:0: retrans:0
[  288.284097] AAAAA-TCP_RECV: name:enp0s3: saddr:100932208: daddr:16783984: srtt_us:1236880: RTT:154610: ssthresh:2147483647: cwnd:10: delivered:1: lost:0: retrans:0
[  288.284123] AAAAA-TCP_SEND: name:enp0s3: saddr:16783984: daddr:100932208: srtt_us:1236880: RTT:154610: ssthresh:2147483647: cwnd:10: delivered:1: lost:0: retrans:0
[  288.436917] AAAAA-TCP_RECV: name:enp0s3: saddr:100932208: daddr:16783984: srtt_us:1236880: RTT:154610: ssthresh:2147483647: cwnd:10: delivered:1: lost:0: retrans:0
[  288.436946] AAAAA-TCP_SEND: name:enp0s3: saddr:16783984: daddr:100932208: srtt_us:1236880: RTT:154610: ssthresh:2147483647: cwnd:10: delivered:1: lost:0: retrans:0
[  288.589235] AAAAA-TCP_RECV: name:enp0s3: saddr:100932208: daddr:33561200: srtt_us:2096976: RTT:262122: ssthresh:2147483647: cwnd:10: delivered:1: lost:0: retrans:0
[  288.589257] AAAAA-TCP_SEND: name:enp0s3: saddr:33561200: daddr:100932208: srtt_us:2096976: RTT:262122: ssthresh:2147483647: cwnd:10: delivered:1: lost:0: retrans:0
[  288.657397] AAAAA-TCP_RECV: name:enp0s3: saddr:100932208: daddr:16783984: srtt_us:1236880: RTT:154610: ssthresh:2147483647: cwnd:10: delivered:1: lost:0: retrans:0
[  288.657421] AAAAA-TCP_SEND: name:enp0s3: saddr:16783984: daddr:100932208: srtt_us:1236880: RTT:154610: ssthresh:2147483647: cwnd:10: delivered:1: lost:0: retrans:0
[  289.015412] AAAAA-TCP_RECV: name:enp0s3: saddr:100932208: daddr:16783984: srtt_us:1236880: RTT:154610: ssthresh:2147483647: cwnd:10: delivered:1: lost:0: retrans:0
[  289.015451] AAAAA-TCP_SEND: name:enp0s3: saddr:16783984: daddr:100932208: srtt_us:1236880: RTT:154610: ssthresh:2147483647: cwnd:10: delivered:1: lost:0: retrans:0
[  289.220206] AAAAA-TCP_RECV: name:enp0s3: saddr:100932208: daddr:16783984: srtt_us:1236880: RTT:154610: ssthresh:2147483647: cwnd:10: delivered:1: lost:0: retrans:0
[  289.220239] AAAAA-TCP_SEND: name:enp0s3: saddr:16783984: daddr:100932208: srtt_us:1236880: RTT:154610: ssthresh:2147483647: cwnd:10: delivered:1: lost:0: retrans:0
[  289.284698] AAAAA-TCP_RECV: name:enp0s3: saddr:100932208: daddr:16783984: srtt_us:1236880: RTT:154610: ssthresh:2147483647: cwnd:10: delivered:1: lost:0: retrans:0
[  289.284729] AAAAA-TCP_SEND: name:enp0s3: saddr:16783984: daddr:100932208: srtt_us:1236880: RTT:154610: ssthresh:2147483647: cwnd:10: delivered:1: lost:0: retrans:0
[  289.361598] AAAAA-TCP_RECV: name:enp0s3: saddr:100932208: daddr:16783984: srtt_us:1236880: RTT:154610: ssthresh:2147483647: cwnd:10: delivered:1: lost:0: retrans:0
[  289.361621] AAAAA-TCP_SEND: name:enp0s3: saddr:16783984: daddr:100932208: srtt_us:1236880: RTT:154610: ssthresh:2147483647: cwnd:10: delivered:1: lost:0: retrans:0
[  289.406317] AAAAA-TCP_RECV: name:enp0s3: saddr:100932208: daddr:16783984: srtt_us:1236880: RTT:154610: ssthresh:2147483647: cwnd:10: delivered:1: lost:0: retrans:0
[  289.406366] AAAAA-TCP_SEND: name:enp0s3: saddr:16783984: daddr:100932208: srtt_us:1236880: RTT:154610: ssthresh:2147483647: cwnd:10: delivered:1: lost:0: retrans:0
[  289.439273] AAAAA-TCP_RECV: name:enp0s3: saddr:100932208: daddr:16783984: srtt_us:1236880: RTT:154610: ssthresh:2147483647: cwnd:10: delivered:1: lost:0: retrans:0
[  289.439312] AAAAA-TCP_SEND: name:enp0s3: saddr:16783984: daddr:100932208: srtt_us:1236880: RTT:154610: ssthresh:2147483647: cwnd:10: delivered:1: lost:0: retrans:0
[  289.532944] AAAAA-TCP_RECV: name:enp0s3: saddr:100932208: daddr:16783984: srtt_us:1236880: RTT:154610: ssthresh:2147483647: cwnd:10: delivered:1: lost:0: retrans:0
[  289.532978] AAAAA-TCP_SEND: name:enp0s3: saddr:16783984: daddr:100932208: srtt_us:1236880: RTT:154610: ssthresh:2147483647: cwnd:10: delivered:1: lost:0: retrans:0
[  289.768908] AAAAA-TCP_RECV: name:enp0s3: saddr:100932208: daddr:16783984: srtt_us:1236880: RTT:154610: ssthresh:2147483647: cwnd:10: delivered:1: lost:0: retrans:0
[  289.768954] AAAAA-TCP_SEND: name:enp0s3: saddr:16783984: daddr:100932208: srtt_us:1236880: RTT:154610: ssthresh:2147483647: cwnd:10: delivered:1: lost:0: retrans:0
[  289.808793] AAAAA-TCP_RECV: name:enp0s3: saddr:100932208: daddr:16783984: srtt_us:1236880: RTT:154610: ssthresh:2147483647: cwnd:10: delivered:1: lost:0: retrans:0
[  289.808828] AAAAA-TCP_SEND: name:enp0s3: saddr:16783984: daddr:100932208: srtt_us:1236880: RTT:154610: ssthresh:2147483647: cwnd:10: delivered:1: lost:0: retrans:0
[  289.831729] AAAAA-TCP_RECV: name:enp0s3: saddr:100932208: daddr:16783984: srtt_us:1236880: RTT:154610: ssthresh:2147483647: cwnd:10: delivered:1: lost:0: retrans:0
[  289.879065] AAAAA-TCP_SEND: name:enp0s3: saddr:16783984: daddr:100932208: srtt_us:1236880: RTT:154610: ssthresh:2147483647: cwnd:10: delivered:1: lost:0: retrans:0
[  289.912900] AAAAA-TCP_RECV: name:enp0s3: saddr:100932208: daddr:16783984: srtt_us:1236880: RTT:154610: ssthresh:2147483647: cwnd:10: delivered:1: lost:0: retrans:0
[  290.020966] AAAAA-TCP_RECV: name:enp0s3: saddr:100932208: daddr:16783984: srtt_us:1236880: RTT:154610: ssthresh:2147483647: cwnd:10: delivered:1: lost:0: retrans:0
[  290.021015] AAAAA-TCP_SEND: name:enp0s3: saddr:16783984: daddr:100932208: srtt_us:1236880: RTT:154610: ssthresh:2147483647: cwnd:10: delivered:1: lost:0: retrans:0
[  290.069388] AAAAA-TCP_RECV: name:enp0s3: saddr:100932208: daddr:33561200: srtt_us:2096976: RTT:262122: ssthresh:2147483647: cwnd:10: delivered:1: lost:0: retrans:0
[  290.069426] AAAAA-TCP_SEND: name:enp0s3: saddr:33561200: daddr:100932208: srtt_us:2096976: RTT:262122: ssthresh:2147483647: cwnd:10: delivered:1: lost:0: retrans:0
[  290.259145] AAAAA-TCP_RECV: name:enp0s3: saddr:100932208: daddr:33561200: srtt_us:2096976: RTT:262122: ssthresh:2147483647: cwnd:10: delivered:1: lost:0: retrans:0
[  290.259231] AAAAA-TCP_SEND: name:enp0s3: saddr:33561200: daddr:100932208: srtt_us:2096976: RTT:262122: ssthresh:2147483647: cwnd:10: delivered:1: lost:0: retrans:0
[  290.396594] AAAAA-TCP_RECV: name:enp0s3: saddr:100932208: daddr:33561200: srtt_us:2096976: RTT:262122: ssthresh:2147483647: cwnd:10: delivered:1: lost:0: retrans:0
[  290.396636] AAAAA-TCP_SEND: name:enp0s3: saddr:33561200: daddr:100932208: srtt_us:2096976: RTT:262122: ssthresh:2147483647: cwnd:10: delivered:1: lost:0: retrans:0
[  290.464106] AAAAA-TCP_RECV: name:enp0s3: saddr:100932208: daddr:33561200: srtt_us:2096976: RTT:262122: ssthresh:2147483647: cwnd:10: delivered:1: lost:0: retrans:0
[  290.464150] AAAAA-TCP_SEND: name:enp0s3: saddr:33561200: daddr:100932208: srtt_us:2096976: RTT:262122: ssthresh:2147483647: cwnd:10: delivered:1: lost:0: retrans:0
[  290.620741] AAAAA-TCP_RECV: name:enp0s3: saddr:100932208: daddr:33561200: srtt_us:2096976: RTT:262122: ssthresh:2147483647: cwnd:10: delivered:1: lost:0: retrans:0
[  290.620779] AAAAA-TCP_SEND: name:enp0s3: saddr:33561200: daddr:100932208: srtt_us:2096976: RTT:262122: ssthresh:2147483647: cwnd:10: delivered:1: lost:0: retrans:0
[  290.734241] AAAAA-TCP_RECV: name:enp0s3: saddr:100932208: daddr:33561200: srtt_us:2096976: RTT:262122: ssthresh:2147483647: cwnd:10: delivered:1: lost:0: retrans:0
[  290.734281] AAAAA-TCP_SEND: name:enp0s3: saddr:33561200: daddr:100932208: srtt_us:2096976: RTT:262122: ssthresh:2147483647: cwnd:10: delivered:1: lost:0: retrans:0
[  290.837042] AAAAA-TCP_RECV: name:enp0s3: saddr:100932208: daddr:33561200: srtt_us:2096976: RTT:262122: ssthresh:2147483647: cwnd:10: delivered:1: lost:0: retrans:0
[  290.837077] AAAAA-TCP_SEND: name:enp0s3: saddr:33561200: daddr:100932208: srtt_us:2096976: RTT:262122: ssthresh:2147483647: cwnd:10: delivered:1: lost:0: retrans:0
[  290.900641] AAAAA-TCP_RECV: name:enp0s3: saddr:100932208: daddr:33561200: srtt_us:2096976: RTT:262122: ssthresh:2147483647: cwnd:10: delivered:1: lost:0: retrans:0
[  290.900678] AAAAA-TCP_SEND: name:enp0s3: saddr:33561200: daddr:100932208: srtt_us:2096976: RTT:262122: ssthresh:2147483647: cwnd:10: delivered:1: lost:0: retrans:0
[  290.952474] AAAAA-TCP_RECV: name:enp0s3: saddr:100932208: daddr:33561200: srtt_us:2096976: RTT:262122: ssthresh:2147483647: cwnd:10: delivered:1: lost:0: retrans:0
[  290.952503] AAAAA-TCP_SEND: name:enp0s3: saddr:33561200: daddr:100932208: srtt_us:2096976: RTT:262122: ssthresh:2147483647: cwnd:10: delivered:1: lost:0: retrans:0
[  290.986235] AAAAA-TCP_RECV: name:enp0s3: saddr:100932208: daddr:33561200: srtt_us:2096976: RTT:262122: ssthresh:2147483647: cwnd:10: delivered:1: lost:0: retrans:0
[  290.986259] AAAAA-TCP_SEND: name:enp0s3: saddr:33561200: daddr:100932208: srtt_us:2096976: RTT:262122: ssthresh:2147483647: cwnd:10: delivered:1: lost:0: retrans:0
[  291.128532] AAAAA-TCP_RECV: name:enp0s3: saddr:100932208: daddr:33561200: srtt_us:2096976: RTT:262122: ssthresh:2147483647: cwnd:10: delivered:1: lost:0: retrans:0
[  291.128590] AAAAA-TCP_SEND: name:enp0s3: saddr:33561200: daddr:100932208: srtt_us:2096976: RTT:262122: ssthresh:2147483647: cwnd:10: delivered:1: lost:0: retrans:0
[  291.411860] AAAAA-TCP_RECV: name:enp0s3: saddr:100932208: daddr:33561200: srtt_us:2096976: RTT:262122: ssthresh:2147483647: cwnd:10: delivered:1: lost:0: retrans:0
[  291.411905] AAAAA-TCP_SEND: name:enp0s3: saddr:33561200: daddr:100932208: srtt_us:2096976: RTT:262122: ssthresh:2147483647: cwnd:10: delivered:1: lost:0: retrans:0
[  291.460411] AAAAA-TCP_RECV: name:enp0s3: saddr:100932208: daddr:33561200: srtt_us:2096976: RTT:262122: ssthresh:2147483647: cwnd:10: delivered:1: lost:0: retrans:0
[  291.460476] AAAAA-TCP_SEND: name:enp0s3: saddr:33561200: daddr:100932208: srtt_us:2096976: RTT:262122: ssthresh:2147483647: cwnd:10: delivered:1: lost:0: retrans:0
[  291.502271] AAAAA-TCP_RECV: name:enp0s3: saddr:100932208: daddr:33561200: srtt_us:2096976: RTT:262122: ssthresh:2147483647: cwnd:10: delivered:1: lost:0: retrans:0
[  291.502328] AAAAA-TCP_SEND: name:enp0s3: saddr:33561200: daddr:100932208: srtt_us:2096976: RTT:262122: ssthresh:2147483647: cwnd:10: delivered:1: lost:0: retrans:0
[  291.558913] AAAAA-TCP_RECV: name:enp0s3: saddr:100932208: daddr:33561200: srtt_us:2096976: RTT:262122: ssthresh:2147483647: cwnd:10: delivered:1: lost:0: retrans:0
[  291.558980] AAAAA-TCP_SEND: name:enp0s3: saddr:33561200: daddr:100932208: srtt_us:2096976: RTT:262122: ssthresh:2147483647: cwnd:10: delivered:1: lost:0: retrans:0
[  291.634201] AAAAA-TCP_RECV: name:enp0s3: saddr:100932208: daddr:33561200: srtt_us:2096976: RTT:262122: ssthresh:2147483647: cwnd:10: delivered:1: lost:0: retrans:0
[  291.634267] AAAAA-TCP_SEND: name:enp0s3: saddr:33561200: daddr:100932208: srtt_us:2096976: RTT:262122: ssthresh:2147483647: cwnd:10: delivered:1: lost:0: retrans:0
[  291.697146] AAAAA-TCP_RECV: name:enp0s3: saddr:100932208: daddr:33561200: srtt_us:2096976: RTT:262122: ssthresh:2147483647: cwnd:10: delivered:1: lost:0: retrans:0
[  291.697211] AAAAA-TCP_SEND: name:enp0s3: saddr:33561200: daddr:100932208: srtt_us:2096976: RTT:262122: ssthresh:2147483647: cwnd:10: delivered:1: lost:0: retrans:0
[  291.859586] AAAAA-TCP_RECV: name:enp0s3: saddr:100932208: daddr:33561200: srtt_us:2096976: RTT:262122: ssthresh:2147483647: cwnd:10: delivered:1: lost:0: retrans:0
[  291.859622] AAAAA-TCP_SEND: name:enp0s3: saddr:33561200: daddr:100932208: srtt_us:2096976: RTT:262122: ssthresh:2147483647: cwnd:10: delivered:1: lost:0: retrans:0
[  291.942135] AAAAA-TCP_RECV: name:enp0s3: saddr:100932208: daddr:33561200: srtt_us:2096976: RTT:262122: ssthresh:2147483647: cwnd:10: delivered:1: lost:0: retrans:0
[  291.942201] AAAAA-TCP_SEND: name:enp0s3: saddr:33561200: daddr:100932208: srtt_us:2096976: RTT:262122: ssthresh:2147483647: cwnd:10: delivered:1: lost:0: retrans:0
[  292.069971] AAAAA-TCP_RECV: name:enp0s3: saddr:100932208: daddr:16783984: srtt_us:1236880: RTT:154610: ssthresh:2147483647: cwnd:10: delivered:1: lost:0: retrans:0
[  292.070035] AAAAA-TCP_SEND: name:enp0s3: saddr:16783984: daddr:100932208: srtt_us:1236880: RTT:154610: ssthresh:2147483647: cwnd:10: delivered:1: lost:0: retrans:0
[  292.105954] AAAAA-TCP_RECV: name:enp0s3: saddr:100932208: daddr:16783984: srtt_us:1236880: RTT:154610: ssthresh:2147483647: cwnd:10: delivered:1: lost:0: retrans:0
[  292.106014] AAAAA-TCP_SEND: name:enp0s3: saddr:16783984: daddr:100932208: srtt_us:1236880: RTT:154610: ssthresh:2147483647: cwnd:10: delivered:1: lost:0: retrans:0
[  292.138524] AAAAA-TCP_RECV: name:enp0s3: saddr:100932208: daddr:16783984: srtt_us:1236880: RTT:154610: ssthresh:2147483647: cwnd:10: delivered:1: lost:0: retrans:0
[  292.138552] AAAAA-TCP_SEND: name:enp0s3: saddr:16783984: daddr:100932208: srtt_us:1236880: RTT:154610: ssthresh:2147483647: cwnd:10: delivered:1: lost:0: retrans:0
[  292.172517] AAAAA-TCP_RECV: name:enp0s3: saddr:100932208: daddr:16783984: srtt_us:1236880: RTT:154610: ssthresh:2147483647: cwnd:10: delivered:1: lost:0: retrans:0
[  292.173579] AAAAA-TCP_SEND: name:enp0s3: saddr:16783984: daddr:100932208: srtt_us:1236880: RTT:154610: ssthresh:2147483647: cwnd:10: delivered:1: lost:0: retrans:0
[  292.256996] AAAAA-TCP_RECV: name:enp0s3: saddr:100932208: daddr:16783984: srtt_us:1236880: RTT:154610: ssthresh:2147483647: cwnd:10: delivered:1: lost:0: retrans:0
[  292.258126] AAAAA-TCP_SEND: name:enp0s3: saddr:16783984: daddr:100932208: srtt_us:1236880: RTT:154610: ssthresh:2147483647: cwnd:10: delivered:1: lost:0: retrans:0
[  292.456196] AAAAA-TCP_RECV: name:enp0s3: saddr:100932208: daddr:16783984: srtt_us:1236880: RTT:154610: ssthresh:2147483647: cwnd:10: delivered:1: lost:0: retrans:0
[  292.457518] AAAAA-TCP_SEND: name:enp0s3: saddr:16783984: daddr:100932208: srtt_us:1236880: RTT:154610: ssthresh:2147483647: cwnd:10: delivered:1: lost:0: retrans:0
[  292.516858] AAAAA-TCP_RECV: name:enp0s3: saddr:100932208: daddr:16783984: srtt_us:1236880: RTT:154610: ssthresh:2147483647: cwnd:10: delivered:1: lost:0: retrans:0
[  292.517935] AAAAA-TCP_SEND: name:enp0s3: saddr:16783984: daddr:100932208: srtt_us:1236880: RTT:154610: ssthresh:2147483647: cwnd:10: delivered:1: lost:0: retrans:0
[  292.581629] AAAAA-TCP_RECV: name:enp0s3: saddr:100932208: daddr:16783984: srtt_us:1236880: RTT:154610: ssthresh:2147483647: cwnd:10: delivered:1: lost:0: retrans:0
[  292.582704] AAAAA-TCP_SEND: name:enp0s3: saddr:16783984: daddr:100932208: srtt_us:1236880: RTT:154610: ssthresh:2147483647: cwnd:10: delivered:1: lost:0: retrans:0
[  292.734999] AAAAA-TCP_RECV: name:enp0s3: saddr:100932208: daddr:16783984: srtt_us:1236880: RTT:154610: ssthresh:2147483647: cwnd:10: delivered:1: lost:0: retrans:0
[  292.738708] AAAAA-TCP_SEND: name:enp0s3: saddr:16783984: daddr:100932208: srtt_us:1236880: RTT:154610: ssthresh:2147483647: cwnd:10: delivered:1: lost:0: retrans:0
[  292.815056] AAAAA-TCP_RECV: name:enp0s3: saddr:100932208: daddr:16783984: srtt_us:1236880: RTT:154610: ssthresh:2147483647: cwnd:10: delivered:1: lost:0: retrans:0
[  292.816123] AAAAA-TCP_SEND: name:enp0s3: saddr:16783984: daddr:100932208: srtt_us:1236880: RTT:154610: ssthresh:2147483647: cwnd:10: delivered:1: lost:0: retrans:0
[  292.932919] AAAAA-TCP_RECV: name:enp0s3: saddr:100932208: daddr:16783984: srtt_us:1236880: RTT:154610: ssthresh:2147483647: cwnd:10: delivered:1: lost:0: retrans:0
[  292.934016] AAAAA-TCP_SEND: name:enp0s3: saddr:16783984: daddr:100932208: srtt_us:1236880: RTT:154610: ssthresh:2147483647: cwnd:10: delivered:1: lost:0: retrans:0
[  293.004432] AAAAA-TCP_RECV: name:enp0s3: saddr:100932208: daddr:16783984: srtt_us:1236880: RTT:154610: ssthresh:2147483647: cwnd:10: delivered:1: lost:0: retrans:0
[  293.005494] AAAAA-TCP_SEND: name:enp0s3: saddr:16783984: daddr:100932208: srtt_us:1236880: RTT:154610: ssthresh:2147483647: cwnd:10: delivered:1: lost:0: retrans:0
[  293.054188] AAAAA-TCP_RECV: name:enp0s3: saddr:100932208: daddr:16783984: srtt_us:1236880: RTT:154610: ssthresh:2147483647: cwnd:10: delivered:1: lost:0: retrans:0
[  293.055237] AAAAA-TCP_SEND: name:enp0s3: saddr:16783984: daddr:100932208: srtt_us:1236880: RTT:154610: ssthresh:2147483647: cwnd:10: delivered:1: lost:0: retrans:0
[  293.156889] AAAAA-TCP_RECV: name:enp0s3: saddr:100932208: daddr:16783984: srtt_us:1236880: RTT:154610: ssthresh:2147483647: cwnd:10: delivered:1: lost:0: retrans:0
[  293.157948] AAAAA-TCP_SEND: name:enp0s3: saddr:16783984: daddr:100932208: srtt_us:1236880: RTT:154610: ssthresh:2147483647: cwnd:10: delivered:1: lost:0: retrans:0
[  293.210069] AAAAA-TCP_RECV: name:enp0s3: saddr:100932208: daddr:16783984: srtt_us:1236880: RTT:154610: ssthresh:2147483647: cwnd:10: delivered:1: lost:0: retrans:0
[  293.211115] AAAAA-TCP_SEND: name:enp0s3: saddr:16783984: daddr:100932208: srtt_us:1236880: RTT:154610: ssthresh:2147483647: cwnd:10: delivered:1: lost:0: retrans:0
[  293.279034] AAAAA-TCP_RECV: name:enp0s3: saddr:100932208: daddr:16783984: srtt_us:1236880: RTT:154610: ssthresh:2147483647: cwnd:10: delivered:1: lost:0: retrans:0
[  293.280091] AAAAA-TCP_SEND: name:enp0s3: saddr:16783984: daddr:100932208: srtt_us:1236880: RTT:154610: ssthresh:2147483647: cwnd:10: delivered:1: lost:0: retrans:0
[  293.393182] AAAAA-TCP_RECV: name:enp0s3: saddr:100932208: daddr:16783984: srtt_us:1236880: RTT:154610: ssthresh:2147483647: cwnd:10: delivered:1: lost:0: retrans:0
[  293.394239] AAAAA-TCP_SEND: name:enp0s3: saddr:16783984: daddr:100932208: srtt_us:1236880: RTT:154610: ssthresh:2147483647: cwnd:10: delivered:1: lost:0: retrans:0
[  293.439775] AAAAA-TCP_RECV: name:enp0s3: saddr:100932208: daddr:16783984: srtt_us:1236880: RTT:154610: ssthresh:2147483647: cwnd:10: delivered:1: lost:0: retrans:0
[  293.440836] AAAAA-TCP_SEND: name:enp0s3: saddr:16783984: daddr:100932208: srtt_us:1236880: RTT:154610: ssthresh:2147483647: cwnd:10: delivered:1: lost:0: retrans:0
[  293.523703] AAAAA-TCP_RECV: name:enp0s3: saddr:100932208: daddr:16783984: srtt_us:1236880: RTT:154610: ssthresh:2147483647: cwnd:10: delivered:1: lost:0: retrans:0
[  293.524767] AAAAA-TCP_SEND: name:enp0s3: saddr:16783984: daddr:100932208: srtt_us:1236880: RTT:154610: ssthresh:2147483647: cwnd:10: delivered:1: lost:0: retrans:0
[  293.582373] AAAAA-TCP_RECV: name:enp0s3: saddr:100932208: daddr:16783984: srtt_us:1236880: RTT:154610: ssthresh:2147483647: cwnd:10: delivered:1: lost:0: retrans:0
[  293.583492] AAAAA-TCP_SEND: name:enp0s3: saddr:16783984: daddr:100932208: srtt_us:1236880: RTT:154610: ssthresh:2147483647: cwnd:10: delivered:1: lost:0: retrans:0
[  293.655988] AAAAA-TCP_RECV: name:enp0s3: saddr:100932208: daddr:16783984: srtt_us:1236880: RTT:154610: ssthresh:2147483647: cwnd:10: delivered:1: lost:0: retrans:0
[  293.657049] AAAAA-TCP_SEND: name:enp0s3: saddr:16783984: daddr:100932208: srtt_us:1236880: RTT:154610: ssthresh:2147483647: cwnd:10: delivered:1: lost:0: retrans:0
[  294.042521] AAAAA-TCP_RECV: name:enp0s3: saddr:100932208: daddr:33561200: srtt_us:2096976: RTT:262122: ssthresh:2147483647: cwnd:10: delivered:1: lost:0: retrans:0
[  294.042575] AAAAA-TCP_SEND: name:enp0s3: saddr:33561200: daddr:100932208: srtt_us:2096976: RTT:262122: ssthresh:2147483647: cwnd:10: delivered:1: lost:0: retrans:0
[  294.275062] AAAAA-TCP_RECV: name:enp0s3: saddr:100932208: daddr:33561200: srtt_us:2096976: RTT:262122: ssthresh:2147483647: cwnd:10: delivered:1: lost:0: retrans:0
[  294.275111] AAAAA-TCP_SEND: name:enp0s3: saddr:33561200: daddr:100932208: srtt_us:2096976: RTT:262122: ssthresh:2147483647: cwnd:10: delivered:1: lost:0: retrans:0
[  294.345224] AAAAA-TCP_RECV: name:enp0s3: saddr:100932208: daddr:16783984: srtt_us:1236880: RTT:154610: ssthresh:2147483647: cwnd:10: delivered:1: lost:0: retrans:0
[  294.345282] AAAAA-TCP_SEND: name:enp0s3: saddr:16783984: daddr:100932208: srtt_us:1236880: RTT:154610: ssthresh:2147483647: cwnd:10: delivered:1: lost:0: retrans:0
[  310.884549] AAAAA-TCP_RECV: name:enp0s8: saddr:100932208: daddr:16783984: srtt_us:1236880: RTT:154610: ssthresh:2147483647: cwnd:10: delivered:1: lost:0: retrans:0
[  310.884569] AAAAA-TCP_SEND: name:enp0s8: saddr:16783984: daddr:100932208: srtt_us:1236880: RTT:154610: ssthresh:2147483647: cwnd:10: delivered:1: lost:0: retrans:0
[  311.356483] AAAAA-TCP_RECV: name:enp0s8: saddr:100932208: daddr:16783984: srtt_us:1236880: RTT:154610: ssthresh:2147483647: cwnd:10: delivered:1: lost:0: retrans:0
[  311.356518] AAAAA-TCP_SEND: name:enp0s8: saddr:16783984: daddr:100932208: srtt_us:1236880: RTT:154610: ssthresh:2147483647: cwnd:10: delivered:1: lost:0: retrans:0
[  311.787302] AAAAA-TCP_RECV: name:enp0s8: saddr:100932208: daddr:16783984: srtt_us:1236880: RTT:154610: ssthresh:2147483647: cwnd:10: delivered:1: lost:0: retrans:0
[  311.787337] AAAAA-TCP_SEND: name:enp0s8: saddr:16783984: daddr:100932208: srtt_us:1236880: RTT:154610: ssthresh:2147483647: cwnd:10: delivered:1: lost:0: retrans:0
[  311.927714] AAAAA-TCP_RECV: name:enp0s8: saddr:100932208: daddr:16783984: srtt_us:1236880: RTT:154610: ssthresh:2147483647: cwnd:10: delivered:1: lost:0: retrans:0
[  311.927744] AAAAA-TCP_SEND: name:enp0s8: saddr:16783984: daddr:100932208: srtt_us:1236880: RTT:154610: ssthresh:2147483647: cwnd:10: delivered:1: lost:0: retrans:0
[  312.025102] AAAAA-TCP_RECV: name:enp0s8: saddr:100932208: daddr:33561200: srtt_us:2096976: RTT:262122: ssthresh:2147483647: cwnd:10: delivered:1: lost:0: retrans:0
[  312.025132] AAAAA-TCP_SEND: name:enp0s8: saddr:33561200: daddr:100932208: srtt_us:2096976: RTT:262122: ssthresh:2147483647: cwnd:10: delivered:1: lost:0: retrans:0
[  312.259551] AAAAA-TCP_RECV: name:enp0s8: saddr:100932208: daddr:33561200: srtt_us:2096976: RTT:262122: ssthresh:2147483647: cwnd:10: delivered:1: lost:0: retrans:0
[  312.259576] AAAAA-TCP_SEND: name:enp0s8: saddr:33561200: daddr:100932208: srtt_us:2096976: RTT:262122: ssthresh:2147483647: cwnd:10: delivered:1: lost:0: retrans:0
[  312.880526] AAAAA-TCP_RECV: name:enp0s3: saddr:100932208: daddr:16783984: srtt_us:1236880: RTT:154610: ssthresh:2147483647: cwnd:10: delivered:1: lost:0: retrans:0
[  312.880557] AAAAA-TCP_SEND: name:enp0s8: saddr:16783984: daddr:100932208: srtt_us:1236880: RTT:154610: ssthresh:2147483647: cwnd:10: delivered:1: lost:0: retrans:0
[  313.202262] AAAAA-TCP_RECV: name:enp0s3: saddr:100932208: daddr:16783984: srtt_us:1236880: RTT:154610: ssthresh:2147483647: cwnd:10: delivered:1: lost:0: retrans:0
[  313.202316] AAAAA-TCP_SEND: name:enp0s8: saddr:16783984: daddr:100932208: srtt_us:1236880: RTT:154610: ssthresh:2147483647: cwnd:10: delivered:1: lost:0: retrans:0
[  313.276653] AAAAA-TCP_RECV: name:enp0s3: saddr:100932208: daddr:16783984: srtt_us:1236880: RTT:154610: ssthresh:2147483647: cwnd:10: delivered:1: lost:0: retrans:0
[  313.276698] AAAAA-TCP_SEND: name:enp0s8: saddr:16783984: daddr:100932208: srtt_us:1236880: RTT:154610: ssthresh:2147483647: cwnd:10: delivered:1: lost:0: retrans:0
[  313.404245] AAAAA-TCP_RECV: name:enp0s3: saddr:100932208: daddr:16783984: srtt_us:1236880: RTT:154610: ssthresh:2147483647: cwnd:10: delivered:1: lost:0: retrans:0
[  313.404283] AAAAA-TCP_SEND: name:enp0s3: saddr:16783984: daddr:100932208: srtt_us:1236880: RTT:154610: ssthresh:2147483647: cwnd:10: delivered:1: lost:0: retrans:0
[  313.545199] AAAAA-TCP_RECV: name:enp0s3: saddr:100932208: daddr:33561200: srtt_us:2096976: RTT:262122: ssthresh:2147483647: cwnd:10: delivered:1: lost:0: retrans:0
[  313.545250] AAAAA-TCP_SEND: name:enp0s3: saddr:33561200: daddr:100932208: srtt_us:2096976: RTT:262122: ssthresh:2147483647: cwnd:10: delivered:1: lost:0: retrans:0
[  313.736225] AAAAA-TCP_RECV: name:enp0s3: saddr:100932208: daddr:33561200: srtt_us:2096976: RTT:262122: ssthresh:2147483647: cwnd:10: delivered:1: lost:0: retrans:0
[  313.736275] AAAAA-TCP_SEND: name:enp0s3: saddr:33561200: daddr:100932208: srtt_us:2096976: RTT:262122: ssthresh:2147483647: cwnd:10: delivered:1: lost:0: retrans:0
[  314.114624] AAAAA-TCP_RECV: name:enp0s3: saddr:100932208: daddr:33561200: srtt_us:2096976: RTT:262122: ssthresh:2147483647: cwnd:10: delivered:1: lost:0: retrans:0
[  314.114664] AAAAA-TCP_SEND: name:enp0s3: saddr:33561200: daddr:100932208: srtt_us:2096976: RTT:262122: ssthresh:2147483647: cwnd:10: delivered:1: lost:0: retrans:0
[  314.230552] AAAAA-TCP_RECV: name:enp0s3: saddr:100932208: daddr:33561200: srtt_us:2096976: RTT:262122: ssthresh:2147483647: cwnd:10: delivered:1: lost:0: retrans:0
[  314.230600] AAAAA-TCP_SEND: name:enp0s3: saddr:33561200: daddr:100932208: srtt_us:2096976: RTT:262122: ssthresh:2147483647: cwnd:10: delivered:1: lost:0: retrans:0
[  314.423993] AAAAA-TCP_RECV: name:enp0s3: saddr:100932208: daddr:33561200: srtt_us:2096976: RTT:262122: ssthresh:2147483647: cwnd:10: delivered:1: lost:0: retrans:0
[  314.424041] AAAAA-TCP_SEND: name:enp0s3: saddr:33561200: daddr:100932208: srtt_us:2096976: RTT:262122: ssthresh:2147483647: cwnd:10: delivered:1: lost:0: retrans:0
[  314.482923] AAAAA-TCP_RECV: name:enp0s3: saddr:100932208: daddr:33561200: srtt_us:2096976: RTT:262122: ssthresh:2147483647: cwnd:10: delivered:1: lost:0: retrans:0
[  314.482962] AAAAA-TCP_SEND: name:enp0s3: saddr:33561200: daddr:100932208: srtt_us:2096976: RTT:262122: ssthresh:2147483647: cwnd:10: delivered:1: lost:0: retrans:0
[  314.589043] AAAAA-TCP_RECV: name:enp0s3: saddr:100932208: daddr:16783984: srtt_us:1236880: RTT:154610: ssthresh:2147483647: cwnd:10: delivered:1: lost:0: retrans:0
[  314.589084] AAAAA-TCP_SEND: name:enp0s3: saddr:16783984: daddr:100932208: srtt_us:1236880: RTT:154610: ssthresh:2147483647: cwnd:10: delivered:1: lost:0: retrans:0
[  314.672711] AAAAA-TCP_RECV: name:enp0s3: saddr:100932208: daddr:16783984: srtt_us:1236880: RTT:154610: ssthresh:2147483647: cwnd:10: delivered:1: lost:0: retrans:0
[  314.672755] AAAAA-TCP_SEND: name:enp0s3: saddr:16783984: daddr:100932208: srtt_us:1236880: RTT:154610: ssthresh:2147483647: cwnd:10: delivered:1: lost:0: retrans:0
[  314.846237] AAAAA-TCP_RECV: name:enp0s3: saddr:100932208: daddr:16783984: srtt_us:1236880: RTT:154610: ssthresh:2147483647: cwnd:10: delivered:1: lost:0: retrans:0
[  314.846284] AAAAA-TCP_SEND: name:enp0s3: saddr:16783984: daddr:100932208: srtt_us:1236880: RTT:154610: ssthresh:2147483647: cwnd:10: delivered:1: lost:0: retrans:0
[  314.949771] AAAAA-TCP_RECV: name:enp0s3: saddr:100932208: daddr:33561200: srtt_us:2096976: RTT:262122: ssthresh:2147483647: cwnd:10: delivered:1: lost:0: retrans:0
[  314.949813] AAAAA-TCP_SEND: name:enp0s3: saddr:33561200: daddr:100932208: srtt_us:2096976: RTT:262122: ssthresh:2147483647: cwnd:10: delivered:1: lost:0: retrans:0
[  315.046122] AAAAA-TCP_RECV: name:enp0s3: saddr:100932208: daddr:33561200: srtt_us:2096976: RTT:262122: ssthresh:2147483647: cwnd:10: delivered:1: lost:0: retrans:0
[  315.046171] AAAAA-TCP_SEND: name:enp0s3: saddr:33561200: daddr:100932208: srtt_us:2096976: RTT:262122: ssthresh:2147483647: cwnd:10: delivered:1: lost:0: retrans:0
[  315.257696] AAAAA-TCP_RECV: name:enp0s3: saddr:100932208: daddr:16783984: srtt_us:1236880: RTT:154610: ssthresh:2147483647: cwnd:10: delivered:1: lost:0: retrans:0
[  315.257741] AAAAA-TCP_SEND: name:enp0s3: saddr:16783984: daddr:100932208: srtt_us:1236880: RTT:154610: ssthresh:2147483647: cwnd:10: delivered:1: lost:0: retrans:0
[  315.404953] AAAAA-TCP_RECV: name:enp0s3: saddr:100932208: daddr:16783984: srtt_us:1236880: RTT:154610: ssthresh:2147483647: cwnd:10: delivered:1: lost:0: retrans:0
[  315.404991] AAAAA-TCP_SEND: name:enp0s3: saddr:16783984: daddr:100932208: srtt_us:1236880: RTT:154610: ssthresh:2147483647: cwnd:10: delivered:1: lost:0: retrans:0
[  315.594056] AAAAA-TCP_RECV: name:enp0s3: saddr:100932208: daddr:33561200: srtt_us:2096976: RTT:262122: ssthresh:2147483647: cwnd:10: delivered:1: lost:0: retrans:0
[  315.594138] AAAAA-TCP_SEND: name:enp0s3: saddr:33561200: daddr:100932208: srtt_us:2096976: RTT:262122: ssthresh:2147483647: cwnd:10: delivered:1: lost:0: retrans:0
[  315.723745] AAAAA-TCP_RECV: name:enp0s3: saddr:100932208: daddr:16783984: srtt_us:1236880: RTT:154610: ssthresh:2147483647: cwnd:10: delivered:1: lost:0: retrans:0
[  315.723791] AAAAA-TCP_SEND: name:enp0s3: saddr:16783984: daddr:100932208: srtt_us:1236880: RTT:154610: ssthresh:2147483647: cwnd:10: delivered:1: lost:0: retrans:0
[  315.861119] AAAAA-TCP_RECV: name:enp0s3: saddr:100932208: daddr:16783984: srtt_us:1236880: RTT:154610: ssthresh:2147483647: cwnd:10: delivered:1: lost:0: retrans:0
[  315.861162] AAAAA-TCP_SEND: name:enp0s3: saddr:16783984: daddr:100932208: srtt_us:1236880: RTT:154610: ssthresh:2147483647: cwnd:10: delivered:1: lost:0: retrans:0
[  316.291120] AAAAA-TCP_RECV: name:enp0s3: saddr:100932208: daddr:16783984: srtt_us:1236880: RTT:154610: ssthresh:2147483647: cwnd:10: delivered:1: lost:0: retrans:0
[  316.291208] AAAAA-TCP_SEND: name:enp0s3: saddr:16783984: daddr:100932208: srtt_us:1236880: RTT:154610: ssthresh:2147483647: cwnd:10: delivered:1: lost:0: retrans:0
[  316.439120] AAAAA-TCP_RECV: name:enp0s3: saddr:100932208: daddr:16783984: srtt_us:1236880: RTT:154610: ssthresh:2147483647: cwnd:10: delivered:1: lost:0: retrans:0
[  316.439288] AAAAA-TCP_SEND: name:enp0s3: saddr:16783984: daddr:100932208: srtt_us:1236880: RTT:154610: ssthresh:2147483647: cwnd:10: delivered:1: lost:0: retrans:0
[  316.629811] AAAAA-TCP_RECV: name:enp0s3: saddr:100932208: daddr:16783984: srtt_us:1236880: RTT:154610: ssthresh:2147483647: cwnd:10: delivered:1: lost:0: retrans:0
[  316.629852] AAAAA-TCP_SEND: name:enp0s3: saddr:16783984: daddr:100932208: srtt_us:1236880: RTT:154610: ssthresh:2147483647: cwnd:10: delivered:1: lost:0: retrans:0
[  316.808984] AAAAA-TCP_RECV: name:enp0s3: saddr:100932208: daddr:16783984: srtt_us:1236880: RTT:154610: ssthresh:2147483647: cwnd:10: delivered:1: lost:0: retrans:0
[  316.809034] AAAAA-TCP_SEND: name:enp0s3: saddr:16783984: daddr:100932208: srtt_us:1236880: RTT:154610: ssthresh:2147483647: cwnd:10: delivered:1: lost:0: retrans:0
[  316.878713] AAAAA-TCP_RECV: name:enp0s3: saddr:100932208: daddr:16783984: srtt_us:1236880: RTT:154610: ssthresh:2147483647: cwnd:10: delivered:1: lost:0: retrans:0
[  316.878761] AAAAA-TCP_SEND: name:enp0s3: saddr:16783984: daddr:100932208: srtt_us:1236880: RTT:154610: ssthresh:2147483647: cwnd:10: delivered:1: lost:0: retrans:0
[  317.116685] AAAAA-TCP_RECV: name:enp0s3: saddr:100932208: daddr:16783984: srtt_us:1236880: RTT:154610: ssthresh:2147483647: cwnd:10: delivered:1: lost:0: retrans:0
[  317.116733] AAAAA-TCP_SEND: name:enp0s3: saddr:16783984: daddr:100932208: srtt_us:1236880: RTT:154610: ssthresh:2147483647: cwnd:10: delivered:1: lost:0: retrans:0
[  317.311658] AAAAA-TCP_RECV: name:enp0s3: saddr:100932208: daddr:16783984: srtt_us:1236880: RTT:154610: ssthresh:2147483647: cwnd:10: delivered:1: lost:0: retrans:0
[  317.311705] AAAAA-TCP_SEND: name:enp0s3: saddr:16783984: daddr:100932208: srtt_us:1236880: RTT:154610: ssthresh:2147483647: cwnd:10: delivered:1: lost:0: retrans:0
[  317.395641] AAAAA-TCP_RECV: name:enp0s3: saddr:100932208: daddr:16783984: srtt_us:1236880: RTT:154610: ssthresh:2147483647: cwnd:10: delivered:1: lost:0: retrans:0
[  317.395681] AAAAA-TCP_SEND: name:enp0s3: saddr:16783984: daddr:100932208: srtt_us:1236880: RTT:154610: ssthresh:2147483647: cwnd:10: delivered:1: lost:0: retrans:0
[  317.472402] AAAAA-TCP_RECV: name:enp0s3: saddr:100932208: daddr:33561200: srtt_us:2096976: RTT:262122: ssthresh:2147483647: cwnd:10: delivered:1: lost:0: retrans:0
[  317.472438] AAAAA-TCP_SEND: name:enp0s3: saddr:33561200: daddr:100932208: srtt_us:2096976: RTT:262122: ssthresh:2147483647: cwnd:10: delivered:1: lost:0: retrans:0
[  317.575534] AAAAA-TCP_RECV: name:enp0s3: saddr:100932208: daddr:33561200: srtt_us:2096976: RTT:262122: ssthresh:2147483647: cwnd:10: delivered:1: lost:0: retrans:0
[  317.575572] AAAAA-TCP_SEND: name:enp0s3: saddr:33561200: daddr:100932208: srtt_us:2096976: RTT:262122: ssthresh:2147483647: cwnd:10: delivered:1: lost:0: retrans:0
[  317.629850] AAAAA-TCP_RECV: name:enp0s3: saddr:100932208: daddr:33561200: srtt_us:2096976: RTT:262122: ssthresh:2147483647: cwnd:10: delivered:1: lost:0: retrans:0
[  317.629885] AAAAA-TCP_SEND: name:enp0s3: saddr:33561200: daddr:100932208: srtt_us:2096976: RTT:262122: ssthresh:2147483647: cwnd:10: delivered:1: lost:0: retrans:0
[  317.682923] AAAAA-TCP_RECV: name:enp0s3: saddr:100932208: daddr:16783984: srtt_us:1236880: RTT:154610: ssthresh:2147483647: cwnd:10: delivered:1: lost:0: retrans:0
[  317.682952] AAAAA-TCP_SEND: name:enp0s3: saddr:16783984: daddr:100932208: srtt_us:1236880: RTT:154610: ssthresh:2147483647: cwnd:10: delivered:1: lost:0: retrans:0
[  317.797979] AAAAA-TCP_RECV: name:enp0s3: saddr:100932208: daddr:16783984: srtt_us:1236880: RTT:154610: ssthresh:2147483647: cwnd:10: delivered:1: lost:0: retrans:0
[  317.839135] AAAAA-TCP_SEND: name:enp0s3: saddr:16783984: daddr:100932208: srtt_us:1236880: RTT:154610: ssthresh:2147483647: cwnd:10: delivered:1: lost:0: retrans:0
[  317.871939] AAAAA-TCP_RECV: name:enp0s3: saddr:100932208: daddr:16783984: srtt_us:1236880: RTT:154610: ssthresh:2147483647: cwnd:10: delivered:1: lost:0: retrans:0
[  317.947825] AAAAA-TCP_RECV: name:enp0s3: saddr:100932208: daddr:16783984: srtt_us:1236880: RTT:154610: ssthresh:2147483647: cwnd:10: delivered:1: lost:0: retrans:0
[  317.947860] AAAAA-TCP_SEND: name:enp0s3: saddr:16783984: daddr:100932208: srtt_us:1236880: RTT:154610: ssthresh:2147483647: cwnd:10: delivered:1: lost:0: retrans:0
[  318.017021] AAAAA-TCP_RECV: name:enp0s3: saddr:100932208: daddr:33561200: srtt_us:2096976: RTT:262122: ssthresh:2147483647: cwnd:10: delivered:1: lost:0: retrans:0
[  318.017045] AAAAA-TCP_SEND: name:enp0s3: saddr:33561200: daddr:100932208: srtt_us:2096976: RTT:262122: ssthresh:2147483647: cwnd:10: delivered:1: lost:0: retrans:0
[  318.218280] AAAAA-TCP_RECV: name:enp0s3: saddr:100932208: daddr:33561200: srtt_us:2096976: RTT:262122: ssthresh:2147483647: cwnd:10: delivered:1: lost:0: retrans:0
[  318.218328] AAAAA-TCP_SEND: name:enp0s3: saddr:33561200: daddr:100932208: srtt_us:2096976: RTT:262122: ssthresh:2147483647: cwnd:10: delivered:1: lost:0: retrans:0
[  318.341999] AAAAA-TCP_RECV: name:enp0s3: saddr:100932208: daddr:33561200: srtt_us:2096976: RTT:262122: ssthresh:2147483647: cwnd:10: delivered:1: lost:0: retrans:0
[  318.342048] AAAAA-TCP_SEND: name:enp0s3: saddr:33561200: daddr:100932208: srtt_us:2096976: RTT:262122: ssthresh:2147483647: cwnd:10: delivered:1: lost:0: retrans:0
[  318.429641] AAAAA-TCP_RECV: name:enp0s3: saddr:100932208: daddr:33561200: srtt_us:2096976: RTT:262122: ssthresh:2147483647: cwnd:10: delivered:1: lost:0: retrans:0
[  318.429685] AAAAA-TCP_SEND: name:enp0s3: saddr:33561200: daddr:100932208: srtt_us:2096976: RTT:262122: ssthresh:2147483647: cwnd:10: delivered:1: lost:0: retrans:0
[  318.562980] AAAAA-TCP_RECV: name:enp0s3: saddr:100932208: daddr:33561200: srtt_us:2096976: RTT:262122: ssthresh:2147483647: cwnd:10: delivered:1: lost:0: retrans:0
[  318.563020] AAAAA-TCP_SEND: name:enp0s3: saddr:33561200: daddr:100932208: srtt_us:2096976: RTT:262122: ssthresh:2147483647: cwnd:10: delivered:1: lost:0: retrans:0
[  318.631120] AAAAA-TCP_RECV: name:enp0s3: saddr:100932208: daddr:16783984: srtt_us:1236880: RTT:154610: ssthresh:2147483647: cwnd:10: delivered:1: lost:0: retrans:0
[  318.631168] AAAAA-TCP_SEND: name:enp0s3: saddr:16783984: daddr:100932208: srtt_us:1236880: RTT:154610: ssthresh:2147483647: cwnd:10: delivered:1: lost:0: retrans:0
[  318.728360] AAAAA-TCP_RECV: name:enp0s3: saddr:100932208: daddr:16783984: srtt_us:1236880: RTT:154610: ssthresh:2147483647: cwnd:10: delivered:1: lost:0: retrans:0
[  318.728409] AAAAA-TCP_SEND: name:enp0s3: saddr:16783984: daddr:100932208: srtt_us:1236880: RTT:154610: ssthresh:2147483647: cwnd:10: delivered:1: lost:0: retrans:0
[  318.781643] AAAAA-TCP_RECV: name:enp0s3: saddr:100932208: daddr:16783984: srtt_us:1236880: RTT:154610: ssthresh:2147483647: cwnd:10: delivered:1: lost:0: retrans:0
[  318.781684] AAAAA-TCP_SEND: name:enp0s3: saddr:16783984: daddr:100932208: srtt_us:1236880: RTT:154610: ssthresh:2147483647: cwnd:10: delivered:1: lost:0: retrans:0
[  319.068564] AAAAA-TCP_RECV: name:enp0s3: saddr:100932208: daddr:16783984: srtt_us:1236880: RTT:154610: ssthresh:2147483647: cwnd:10: delivered:1: lost:0: retrans:0
[  319.068592] AAAAA-TCP_SEND: name:enp0s3: saddr:16783984: daddr:100932208: srtt_us:1236880: RTT:154610: ssthresh:2147483647: cwnd:10: delivered:1: lost:0: retrans:0
[  319.227636] AAAAA-TCP_RECV: name:enp0s3: saddr:100932208: daddr:33561200: srtt_us:2096976: RTT:262122: ssthresh:2147483647: cwnd:10: delivered:1: lost:0: retrans:0
[  319.227676] AAAAA-TCP_SEND: name:enp0s3: saddr:33561200: daddr:100932208: srtt_us:2096976: RTT:262122: ssthresh:2147483647: cwnd:10: delivered:1: lost:0: retrans:0
[  319.411688] AAAAA-TCP_RECV: name:enp0s3: saddr:100932208: daddr:33561200: srtt_us:2096976: RTT:262122: ssthresh:2147483647: cwnd:10: delivered:1: lost:0: retrans:0
[  319.411730] AAAAA-TCP_SEND: name:enp0s3: saddr:33561200: daddr:100932208: srtt_us:2096976: RTT:262122: ssthresh:2147483647: cwnd:10: delivered:1: lost:0: retrans:0
[  319.581928] AAAAA-TCP_RECV: name:enp0s3: saddr:100932208: daddr:16783984: srtt_us:1236880: RTT:154610: ssthresh:2147483647: cwnd:10: delivered:1: lost:0: retrans:0
[  319.581975] AAAAA-TCP_SEND: name:enp0s3: saddr:16783984: daddr:100932208: srtt_us:1236880: RTT:154610: ssthresh:2147483647: cwnd:10: delivered:1: lost:0: retrans:0
[  319.740043] AAAAA-TCP_RECV: name:enp0s3: saddr:100932208: daddr:16783984: srtt_us:1236880: RTT:154610: ssthresh:2147483647: cwnd:10: delivered:1: lost:0: retrans:0
[  319.740089] AAAAA-TCP_SEND: name:enp0s3: saddr:16783984: daddr:100932208: srtt_us:1236880: RTT:154610: ssthresh:2147483647: cwnd:10: delivered:1: lost:0: retrans:0
[  319.938566] AAAAA-TCP_RECV: name:enp0s3: saddr:100932208: daddr:16783984: srtt_us:1236880: RTT:154610: ssthresh:2147483647: cwnd:10: delivered:1: lost:0: retrans:0
[  320.045936] AAAAA-TCP_RECV: name:enp0s3: saddr:100932208: daddr:33561200: srtt_us:2096976: RTT:262122: ssthresh:2147483647: cwnd:10: delivered:1: lost:0: retrans:0
[  320.045962] AAAAA-TCP_SEND: name:enp0s3: saddr:33561200: daddr:100932208: srtt_us:2096976: RTT:262122: ssthresh:2147483647: cwnd:10: delivered:1: lost:0: retrans:0
[  320.772004] AAAAA-TCP_RECV: name:enp0s3: saddr:100932208: daddr:16783984: srtt_us:1236880: RTT:154610: ssthresh:2147483647: cwnd:10: delivered:1: lost:0: retrans:0
[  320.772058] AAAAA-TCP_SEND: name:enp0s3: saddr:16783984: daddr:100932208: srtt_us:1236880: RTT:154610: ssthresh:2147483647: cwnd:10: delivered:1: lost:0: retrans:0
[  320.867405] AAAAA-TCP_RECV: name:enp0s3: saddr:100932208: daddr:33561200: srtt_us:2096976: RTT:262122: ssthresh:2147483647: cwnd:10: delivered:1: lost:0: retrans:0
[  321.006216] AAAAA-TCP_RECV: name:enp0s3: saddr:100932208: daddr:16783984: srtt_us:1236880: RTT:154610: ssthresh:2147483647: cwnd:10: delivered:1: lost:0: retrans:0
[  321.006256] AAAAA-TCP_SEND: name:enp0s3: saddr:16783984: daddr:100932208: srtt_us:1236880: RTT:154610: ssthresh:2147483647: cwnd:10: delivered:1: lost:0: retrans:0
[  321.974203] AAAAA-TCP_RECV: name:enp0s3: saddr:100932208: daddr:16783984: srtt_us:1236880: RTT:154610: ssthresh:2147483647: cwnd:10: delivered:1: lost:0: retrans:0
[  321.974256] AAAAA-TCP_SEND: name:enp0s3: saddr:16783984: daddr:100932208: srtt_us:1236880: RTT:154610: ssthresh:2147483647: cwnd:10: delivered:1: lost:0: retrans:0
[  322.222073] AAAAA-TCP_RECV: name:enp0s3: saddr:100932208: daddr:16783984: srtt_us:1236880: RTT:154610: ssthresh:2147483647: cwnd:10: delivered:1: lost:0: retrans:0
[  322.222123] AAAAA-TCP_SEND: name:enp0s3: saddr:16783984: daddr:100932208: srtt_us:1236880: RTT:154610: ssthresh:2147483647: cwnd:10: delivered:1: lost:0: retrans:0
[  322.452818] AAAAA-TCP_RECV: name:enp0s3: saddr:100932208: daddr:16783984: srtt_us:1236880: RTT:154610: ssthresh:2147483647: cwnd:10: delivered:1: lost:0: retrans:0
[  322.452861] AAAAA-TCP_SEND: name:enp0s3: saddr:16783984: daddr:100932208: srtt_us:1236880: RTT:154610: ssthresh:2147483647: cwnd:10: delivered:1: lost:0: retrans:0
[  322.548250] AAAAA-TCP_RECV: name:enp0s3: saddr:100932208: daddr:16783984: srtt_us:1236880: RTT:154610: ssthresh:2147483647: cwnd:10: delivered:1: lost:0: retrans:0
[  322.548291] AAAAA-TCP_SEND: name:enp0s3: saddr:16783984: daddr:100932208: srtt_us:1236880: RTT:154610: ssthresh:2147483647: cwnd:10: delivered:1: lost:0: retrans:0
[  322.724472] AAAAA-TCP_RECV: name:enp0s3: saddr:100932208: daddr:16783984: srtt_us:1236880: RTT:154610: ssthresh:2147483647: cwnd:10: delivered:1: lost:0: retrans:0
[  322.724512] AAAAA-TCP_SEND: name:enp0s3: saddr:16783984: daddr:100932208: srtt_us:1236880: RTT:154610: ssthresh:2147483647: cwnd:10: delivered:1: lost:0: retrans:0
[  322.799980] AAAAA-TCP_RECV: name:enp0s3: saddr:100932208: daddr:16783984: srtt_us:1236880: RTT:154610: ssthresh:2147483647: cwnd:10: delivered:1: lost:0: retrans:0
[  322.800000] AAAAA-TCP_SEND: name:enp0s3: saddr:16783984: daddr:100932208: srtt_us:1236880: RTT:154610: ssthresh:2147483647: cwnd:10: delivered:1: lost:0: retrans:0
[  322.944462] AAAAA-TCP_RECV: name:enp0s3: saddr:100932208: daddr:16783984: srtt_us:1236880: RTT:154610: ssthresh:2147483647: cwnd:10: delivered:1: lost:0: retrans:0
[  322.944508] AAAAA-TCP_SEND: name:enp0s3: saddr:16783984: daddr:100932208: srtt_us:1236880: RTT:154610: ssthresh:2147483647: cwnd:10: delivered:1: lost:0: retrans:0
[  323.128051] AAAAA-TCP_RECV: name:enp0s3: saddr:100932208: daddr:33561200: srtt_us:2096976: RTT:262122: ssthresh:2147483647: cwnd:10: delivered:1: lost:0: retrans:0
[  323.128105] AAAAA-TCP_SEND: name:enp0s3: saddr:33561200: daddr:100932208: srtt_us:2096976: RTT:262122: ssthresh:2147483647: cwnd:10: delivered:1: lost:0: retrans:0
[  323.317038] AAAAA-TCP_RECV: name:enp0s3: saddr:100932208: daddr:33561200: srtt_us:2096976: RTT:262122: ssthresh:2147483647: cwnd:10: delivered:1: lost:0: retrans:0
[  323.317085] AAAAA-TCP_SEND: name:enp0s3: saddr:33561200: daddr:100932208: srtt_us:2096976: RTT:262122: ssthresh:2147483647: cwnd:10: delivered:1: lost:0: retrans:0
[  323.414923] AAAAA-TCP_RECV: name:enp0s3: saddr:100932208: daddr:33561200: srtt_us:2096976: RTT:262122: ssthresh:2147483647: cwnd:10: delivered:1: lost:0: retrans:0
[  323.414948] AAAAA-TCP_SEND: name:enp0s3: saddr:33561200: daddr:100932208: srtt_us:2096976: RTT:262122: ssthresh:2147483647: cwnd:10: delivered:1: lost:0: retrans:0
[  323.475661] AAAAA-TCP_RECV: name:enp0s3: saddr:100932208: daddr:16783984: srtt_us:1236880: RTT:154610: ssthresh:2147483647: cwnd:10: delivered:1: lost:0: retrans:0
[  323.475701] AAAAA-TCP_SEND: name:enp0s3: saddr:16783984: daddr:100932208: srtt_us:1236880: RTT:154610: ssthresh:2147483647: cwnd:10: delivered:1: lost:0: retrans:0
[  323.632652] AAAAA-TCP_RECV: name:enp0s3: saddr:100932208: daddr:16783984: srtt_us:1236880: RTT:154610: ssthresh:2147483647: cwnd:10: delivered:1: lost:0: retrans:0
[  323.632698] AAAAA-TCP_SEND: name:enp0s3: saddr:16783984: daddr:100932208: srtt_us:1236880: RTT:154610: ssthresh:2147483647: cwnd:10: delivered:1: lost:0: retrans:0
[  323.851080] AAAAA-TCP_RECV: name:enp0s3: saddr:100932208: daddr:16783984: srtt_us:1236880: RTT:154610: ssthresh:2147483647: cwnd:10: delivered:1: lost:0: retrans:0
[  323.851128] AAAAA-TCP_SEND: name:enp0s3: saddr:16783984: daddr:100932208: srtt_us:1236880: RTT:154610: ssthresh:2147483647: cwnd:10: delivered:1: lost:0: retrans:0
[  324.045397] AAAAA-TCP_RECV: name:enp0s3: saddr:100932208: daddr:16783984: srtt_us:1236880: RTT:154610: ssthresh:2147483647: cwnd:10: delivered:1: lost:0: retrans:0
[  324.045444] AAAAA-TCP_SEND: name:enp0s3: saddr:16783984: daddr:100932208: srtt_us:1236880: RTT:154610: ssthresh:2147483647: cwnd:10: delivered:1: lost:0: retrans:0
[  324.312444] AAAAA-TCP_RECV: name:enp0s3: saddr:100932208: daddr:33561200: srtt_us:2096976: RTT:262122: ssthresh:2147483647: cwnd:10: delivered:1: lost:0: retrans:0
[  324.312492] AAAAA-TCP_SEND: name:enp0s3: saddr:33561200: daddr:100932208: srtt_us:2096976: RTT:262122: ssthresh:2147483647: cwnd:10: delivered:1: lost:0: retrans:0
[  324.361793] AAAAA-TCP_RECV: name:enp0s3: saddr:100932208: daddr:33561200: srtt_us:2096976: RTT:262122: ssthresh:2147483647: cwnd:10: delivered:1: lost:0: retrans:0
[  324.361835] AAAAA-TCP_SEND: name:enp0s3: saddr:33561200: daddr:100932208: srtt_us:2096976: RTT:262122: ssthresh:2147483647: cwnd:10: delivered:1: lost:0: retrans:0
