[    0.000000] Linux version 5.4.243-mptcp (root@ztg) (gcc version 12.2.0 (Debian 12.2.0-14+deb12u1)) #53 SMP Wed Dec 24 23:28:15 CST 2025
[    0.000000] Command line: BOOT_IMAGE=/boot/vmlinuz-5.4.243-mptcp root=UUID=98415a12-53b7-4144-8265-0f7ece09e445 ro quiet splash
[    0.000000] KERNEL supported cpus:
[    0.000000]   Intel GenuineIntel
[    0.000000]   AMD AuthenticAMD
[    0.000000]   Hygon HygonGenuine
[    0.000000]   Centaur CentaurHauls
[    0.000000]   zhaoxin   Shanghai  
[    0.000000] x86/fpu: Supporting XSAVE feature 0x001: 'x87 floating point registers'
[    0.000000] x86/fpu: Supporting XSAVE feature 0x002: 'SSE registers'
[    0.000000] x86/fpu: Supporting XSAVE feature 0x004: 'AVX registers'
[    0.000000] x86/fpu: xstate_offset[2]:  576, xstate_sizes[2]:  256
[    0.000000] x86/fpu: Enabled xstate features 0x7, context size is 832 bytes, using 'standard' format.
[    0.000000] BIOS-provided physical RAM map:
[    0.000000] BIOS-e820: [mem 0x0000000000000000-0x000000000009fbff] usable
[    0.000000] BIOS-e820: [mem 0x000000000009fc00-0x000000000009ffff] reserved
[    0.000000] BIOS-e820: [mem 0x00000000000f0000-0x00000000000fffff] reserved
[    0.000000] BIOS-e820: [mem 0x0000000000100000-0x000000007ffeffff] usable
[    0.000000] BIOS-e820: [mem 0x000000007fff0000-0x000000007fffffff] ACPI data
[    0.000000] BIOS-e820: [mem 0x00000000fec00000-0x00000000fec00fff] reserved
[    0.000000] BIOS-e820: [mem 0x00000000fee00000-0x00000000fee00fff] reserved
[    0.000000] BIOS-e820: [mem 0x00000000fffc0000-0x00000000ffffffff] reserved
[    0.000000] NX (Execute Disable) protection: active
[    0.000000] SMBIOS 2.5 present.
[    0.000000] DMI: innotek GmbH VirtualBox/VirtualBox, BIOS VirtualBox 12/01/2006
[    0.000000] Hypervisor detected: KVM
[    0.000000] kvm-clock: Using msrs 4b564d01 and 4b564d00
[    0.000000] kvm-clock: cpu 0, msr 58e01001, primary cpu clock
[    0.000000] kvm-clock: using sched offset of 4480701129 cycles
[    0.000002] clocksource: kvm-clock: mask: 0xffffffffffffffff max_cycles: 0x1cd42e4dffb, max_idle_ns: 881590591483 ns
[    0.000005] tsc: Detected 2100.000 MHz processor
[    0.001890] e820: update [mem 0x00000000-0x00000fff] usable ==> reserved
[    0.001892] e820: remove [mem 0x000a0000-0x000fffff] usable
[    0.001896] last_pfn = 0x7fff0 max_arch_pfn = 0x400000000
[    0.001963] MTRR default type: uncachable
[    0.001964] MTRR fixed ranges enabled:
[    0.001965]   00000-9FFFF write-back
[    0.001966]   A0000-BFFFF uncachable
[    0.001967]   C0000-FFFFF write-protect
[    0.001968] MTRR variable ranges enabled:
[    0.001969]   0 base 000000000000 mask 3FFF80000000 write-back
[    0.001970]   1 disabled
[    0.001970]   2 disabled
[    0.001971]   3 disabled
[    0.001971]   4 disabled
[    0.001972]   5 disabled
[    0.001972]   6 disabled
[    0.001972]   7 disabled
[    0.001973]   8 disabled
[    0.001973]   9 disabled
[    0.001974]   10 disabled
[    0.001974]   11 disabled
[    0.001975]   12 disabled
[    0.001975]   13 disabled
[    0.001975]   14 disabled
[    0.001976]   15 disabled
[    0.001992] x86/PAT: Configuration [0-7]: WB  WC  UC- UC  WB  WP  UC- WT  
[    0.002125] found SMP MP-table at [mem 0x0009fff0-0x0009ffff]
[    0.093235] check: Scanning 1 areas for low memory corruption
[    0.093492] RAMDISK: [mem 0x32271000-0x3512ffff]
[    0.093500] ACPI: Early table checksum verification disabled
[    0.093505] ACPI: RSDP 0x00000000000E0000 000024 (v02 VBOX  )
[    0.093509] ACPI: XSDT 0x000000007FFF0030 00003C (v01 VBOX   VBOXXSDT 00000001 ASL  00000061)
[    0.093516] ACPI: FACP 0x000000007FFF00F0 0000F4 (v04 VBOX   VBOXFACP 00000001 ASL  00000061)
[    0.093522] ACPI: DSDT 0x000000007FFF02E0 002353 (v02 VBOX   VBOXBIOS 00000002 VBOX 00029BF3)
[    0.093526] ACPI: FACS 0x000000007FFF0200 000040
[    0.093529] ACPI: FACS 0x000000007FFF0200 000040
[    0.093533] ACPI: APIC 0x000000007FFF0240 000054 (v02 VBOX   VBOXAPIC 00000001 ASL  00000061)
[    0.093536] ACPI: SSDT 0x000000007FFF02A0 000038 (v01 VBOX   VBOXCPUT 00000002 VBOX 00029BF3)
[    0.093540] ACPI: Reserving FACP table memory at [mem 0x7fff00f0-0x7fff01e3]
[    0.093540] ACPI: Reserving DSDT table memory at [mem 0x7fff02e0-0x7fff2632]
[    0.093541] ACPI: Reserving FACS table memory at [mem 0x7fff0200-0x7fff023f]
[    0.093542] ACPI: Reserving FACS table memory at [mem 0x7fff0200-0x7fff023f]
[    0.093542] ACPI: Reserving APIC table memory at [mem 0x7fff0240-0x7fff0293]
[    0.093543] ACPI: Reserving SSDT table memory at [mem 0x7fff02a0-0x7fff02d7]
[    0.093557] ACPI: Local APIC address 0xfee00000
[    0.093745] No NUMA configuration found
[    0.093746] Faking a node at [mem 0x0000000000000000-0x000000007ffeffff]
[    0.093757] NODE_DATA(0) allocated [mem 0x7ffc5000-0x7ffeffff]
[    0.094032] Zone ranges:
[    0.094034]   DMA      [mem 0x0000000000001000-0x0000000000ffffff]
[    0.094035]   DMA32    [mem 0x0000000001000000-0x000000007ffeffff]
[    0.094036]   Normal   empty
[    0.094036]   Device   empty
[    0.094037] Movable zone start for each node
[    0.094039] Early memory node ranges
[    0.094040]   node   0: [mem 0x0000000000001000-0x000000000009efff]
[    0.094041]   node   0: [mem 0x0000000000100000-0x000000007ffeffff]
[    0.094044] Zeroed struct page in unavailable ranges: 114 pages
[    0.094045] Initmem setup node 0 [mem 0x0000000000001000-0x000000007ffeffff]
[    0.094046] On node 0 totalpages: 524174
[    0.094048]   DMA zone: 64 pages used for memmap
[    0.094048]   DMA zone: 21 pages reserved
[    0.094049]   DMA zone: 3998 pages, LIFO batch:0
[    0.094123]   DMA32 zone: 8128 pages used for memmap
[    0.094123]   DMA32 zone: 520176 pages, LIFO batch:63
[    0.103107] ACPI: PM-Timer IO Port: 0x4008
[    0.103111] ACPI: Local APIC address 0xfee00000
[    0.103179] IOAPIC[0]: apic_id 1, version 32, address 0xfec00000, GSI 0-23
[    0.103182] ACPI: INT_SRC_OVR (bus 0 bus_irq 0 global_irq 2 dfl dfl)
[    0.103184] ACPI: INT_SRC_OVR (bus 0 bus_irq 9 global_irq 9 low level)
[    0.103186] ACPI: IRQ0 used by override.
[    0.103187] ACPI: IRQ9 used by override.
[    0.103189] Using ACPI (MADT) for SMP configuration information
[    0.103196] smpboot: Allowing 1 CPUs, 0 hotplug CPUs
[    0.103218] PM: Registered nosave memory: [mem 0x00000000-0x00000fff]
[    0.103219] PM: Registered nosave memory: [mem 0x0009f000-0x0009ffff]
[    0.103220] PM: Registered nosave memory: [mem 0x000a0000-0x000effff]
[    0.103220] PM: Registered nosave memory: [mem 0x000f0000-0x000fffff]
[    0.103222] [mem 0x80000000-0xfebfffff] available for PCI devices
[    0.103223] Booting paravirtualized kernel on KVM
[    0.103226] clocksource: refined-jiffies: mask: 0xffffffff max_cycles: 0xffffffff, max_idle_ns: 7645519600211568 ns
[    0.103230] setup_percpu: NR_CPUS:8192 nr_cpumask_bits:1 nr_cpu_ids:1 nr_node_ids:1
[    0.104229] percpu: Embedded 60 pages/cpu s208896 r8192 d28672 u2097152
[    0.104233] pcpu-alloc: s208896 r8192 d28672 u2097152 alloc=1*2097152
[    0.104234] pcpu-alloc: [0] 0 
[    0.104261] Built 1 zonelists, mobility grouping on.  Total pages: 515961
[    0.104262] Policy zone: DMA32
[    0.104263] Kernel command line: BOOT_IMAGE=/boot/vmlinuz-5.4.243-mptcp root=UUID=98415a12-53b7-4144-8265-0f7ece09e445 ro quiet splash
[    0.105115] Dentry cache hash table entries: 262144 (order: 9, 2097152 bytes, linear)
[    0.105262] Inode-cache hash table entries: 131072 (order: 8, 1048576 bytes, linear)
[    0.105312] mem auto-init: stack:off, heap alloc:on, heap free:off
[    0.105314] Calgary: detecting Calgary via BIOS EBDA area
[    0.105316] Calgary: Unable to locate Rio Grande table in EBDA - bailing!
[    0.109349] Memory: 1967332K/2096696K available (14339K kernel code, 2398K rwdata, 4712K rodata, 2728K init, 17260K bss, 129364K reserved, 0K cma-reserved)
[    0.110268] SLUB: HWalign=64, Order=0-3, MinObjects=0, CPUs=1, Nodes=1
[    0.110285] ftrace: allocating 43186 entries in 169 pages
[    0.128390] rcu: Hierarchical RCU implementation.
[    0.128391] rcu: 	RCU restricting CPUs from NR_CPUS=8192 to nr_cpu_ids=1.
[    0.128392] 	Tasks RCU enabled.
[    0.128393] rcu: RCU calculated value of scheduler-enlistment delay is 25 jiffies.
[    0.128394] rcu: Adjusting geometry for rcu_fanout_leaf=16, nr_cpu_ids=1
[    0.131356] NR_IRQS: 524544, nr_irqs: 256, preallocated irqs: 16
[    0.131575] random: crng init done
[    0.140998] Console: colour VGA+ 80x25
[    0.141003] printk: console [tty0] enabled
[    0.141023] ACPI: Core revision 20190816
[    0.141112] APIC: Switch to symmetric I/O mode setup
[    0.141362] x2apic enabled
[    0.141601] Switched APIC routing to physical x2apic.
[    0.142741] ..TIMER: vector=0x30 apic1=0 pin1=2 apic2=-1 pin2=-1
[    0.142765] clocksource: tsc-early: mask: 0xffffffffffffffff max_cycles: 0x1e4530a99b6, max_idle_ns: 440795257976 ns
[    0.142770] Calibrating delay loop (skipped) preset value.. 4200.00 BogoMIPS (lpj=8400000)
[    0.142773] pid_max: default: 32768 minimum: 301
[    0.142801] LSM: Security Framework initializing
[    0.142812] Yama: becoming mindful.
[    0.142838] AppArmor: AppArmor initialized
[    0.142873] Mount-cache hash table entries: 4096 (order: 3, 32768 bytes, linear)
[    0.142877] Mountpoint-cache hash table entries: 4096 (order: 3, 32768 bytes, linear)
[    0.142886] *** VALIDATE tmpfs ***
[    0.143016] *** VALIDATE proc ***
[    0.143055] *** VALIDATE cgroup1 ***
[    0.143056] *** VALIDATE cgroup2 ***
[    0.143197] process: using mwait in idle threads
[    0.143202] Last level iTLB entries: 4KB 64, 2MB 8, 4MB 8
[    0.143203] Last level dTLB entries: 4KB 64, 2MB 0, 4MB 0, 1GB 4
[    0.143223] Spectre V1 : Mitigation: usercopy/swapgs barriers and __user pointer sanitization
[    0.143228] Spectre V2 : Mitigation: Retpolines
[    0.143229] Spectre V2 : Spectre v2 / SpectreRSB mitigation: Filling RSB on context switch
[    0.143229] Spectre V2 : Spectre v2 / SpectreRSB : Filling RSB on VMEXIT
[    0.143230] RETBleed: WARNING: Spectre v2 mitigation leaves CPU vulnerable to RETBleed attacks, data leaks possible!
[    0.143584] RETBleed: Vulnerable
[    0.143584] Speculative Store Bypass: Vulnerable
[    0.143590] TAA: Mitigation: TSX disabled
[    0.143590] MMIO Stale Data: Mitigation: Clear CPU buffers
[    0.147811] Freeing SMP alternatives memory: 40K
[    0.260032] smpboot: CPU0: Intel(R) Xeon(R) Silver 4216 CPU @ 2.10GHz (family: 0x6, model: 0x55, stepping: 0x7)
[    0.260180] Performance Events: unsupported p6 CPU model 85 no PMU driver, software events only.
[    0.260217] rcu: Hierarchical SRCU implementation.
[    0.260708] NMI watchdog: Perf NMI watchdog permanently disabled
[    0.260749] smp: Bringing up secondary CPUs ...
[    0.260750] smp: Brought up 1 node, 1 CPU
[    0.260751] smpboot: Max logical packages: 1
[    0.260753] smpboot: Total of 1 processors activated (4200.00 BogoMIPS)
[    0.261737] devtmpfs: initialized
[    0.261786] x86/mm: Memory block size: 128MB
[    0.262140] clocksource: jiffies: mask: 0xffffffff max_cycles: 0xffffffff, max_idle_ns: 7645041785100000 ns
[    0.262146] futex hash table entries: 256 (order: 2, 16384 bytes, linear)
[    0.262189] pinctrl core: initialized pinctrl subsystem
[    0.262301] PM: RTC time: 09:19:23, date: 2026-01-13
[    0.262410] NET: Registered protocol family 16
[    0.262484] audit: initializing netlink subsys (disabled)
[    0.262615] EISA bus registered
[    0.262616] cpuidle: using governor ladder
[    0.262617] cpuidle: using governor menu
[    0.262655] ACPI: bus type PCI registered
[    0.262656] acpiphp: ACPI Hot Plug PCI Controller Driver version: 0.5
[    0.262760] PCI: Using configuration type 1 for base access
[    0.263118] audit: type=2000 audit(1768267170.333:1): state=initialized audit_enabled=0 res=1
[    0.263201] HugeTLB registered 2.00 MiB page size, pre-allocated 0 pages
[    0.264016] ACPI: Added _OSI(Module Device)
[    0.264017] ACPI: Added _OSI(Processor Device)
[    0.264018] ACPI: Added _OSI(3.0 _SCP Extensions)
[    0.264018] ACPI: Added _OSI(Processor Aggregator Device)
[    0.264019] ACPI: Added _OSI(Linux-Dell-Video)
[    0.264020] ACPI: Added _OSI(Linux-Lenovo-NV-HDMI-Audio)
[    0.264021] ACPI: Added _OSI(Linux-HPI-Hybrid-Graphics)
[    0.265975] ACPI: 2 ACPI AML tables successfully acquired and loaded
[    0.267512] ACPI: Interpreter enabled
[    0.267522] ACPI: (supports S0 S5)
[    0.267523] ACPI: Using IOAPIC for interrupt routing
[    0.267727] PCI: Using host bridge windows from ACPI; if necessary, use "pci=nocrs" and report a bug
[    0.267835] ACPI: Enabled 2 GPEs in block 00 to 07
[    0.272642] ACPI: PCI Root Bridge [PCI0] (domain 0000 [bus 00-ff])
[    0.272648] acpi PNP0A03:00: _OSC: OS supports [ASPM ClockPM Segments MSI HPX-Type3]
[    0.273104] acpi PNP0A03:00: _OSC: not requesting OS control; OS requires [ExtendedConfig ASPM ClockPM MSI]
[    0.273112] acpi PNP0A03:00: fail to add MMCONFIG information, can't access extended PCI configuration space under this bridge.
[    0.273482] PCI host bridge to bus 0000:00
[    0.273484] pci_bus 0000:00: root bus resource [io  0x0000-0x0cf7 window]
[    0.273486] pci_bus 0000:00: root bus resource [io  0x0d00-0xffff window]
[    0.273487] pci_bus 0000:00: root bus resource [mem 0x000a0000-0x000bffff window]
[    0.273488] pci_bus 0000:00: root bus resource [mem 0x80000000-0xfdffffff window]
[    0.273489] pci_bus 0000:00: root bus resource [bus 00-ff]
[    0.273534] pci 0000:00:00.0: [8086:1237] type 00 class 0x060000
[    0.274480] pci 0000:00:01.0: [8086:7000] type 00 class 0x060100
[    0.275263] pci 0000:00:01.1: [8086:7111] type 00 class 0x01018a
[    0.275634] pci 0000:00:01.1: reg 0x20: [io  0xd000-0xd00f]
[    0.275787] pci 0000:00:01.1: legacy IDE quirk: reg 0x10: [io  0x01f0-0x01f7]
[    0.275788] pci 0000:00:01.1: legacy IDE quirk: reg 0x14: [io  0x03f6]
[    0.275789] pci 0000:00:01.1: legacy IDE quirk: reg 0x18: [io  0x0170-0x0177]
[    0.275790] pci 0000:00:01.1: legacy IDE quirk: reg 0x1c: [io  0x0376]
[    0.276328] pci 0000:00:02.0: [15ad:0405] type 00 class 0x030000
[    0.278846] pci 0000:00:02.0: reg 0x10: [io  0xd010-0xd01f]
[    0.281669] pci 0000:00:02.0: reg 0x14: [mem 0xe0000000-0xe7ffffff pref]
[    0.284626] pci 0000:00:02.0: reg 0x18: [mem 0xf0000000-0xf01fffff]
[    0.295462] pci 0000:00:03.0: [1022:2000] type 00 class 0x020000
[    0.296130] pci 0000:00:03.0: reg 0x10: [io  0xd020-0xd03f]
[    0.296744] pci 0000:00:03.0: reg 0x14: [mem 0xf0200000-0xf0200fff]
[    0.300673] pci 0000:00:04.0: [80ee:cafe] type 00 class 0x088000
[    0.301353] pci 0000:00:04.0: reg 0x10: [io  0xd040-0xd05f]
[    0.301960] pci 0000:00:04.0: reg 0x14: [mem 0xf0400000-0xf07fffff]
[    0.302576] pci 0000:00:04.0: reg 0x18: [mem 0xf0800000-0xf0803fff pref]
[    0.305821] pci 0000:00:07.0: [8086:7113] type 00 class 0x068000
[    0.306366] pci 0000:00:07.0: quirk: [io  0x4000-0x403f] claimed by PIIX4 ACPI
[    0.306375] pci 0000:00:07.0: quirk: [io  0x4100-0x410f] claimed by PIIX4 SMB
[    0.306832] pci 0000:00:08.0: [8086:100e] type 00 class 0x020000
[    0.307527] pci 0000:00:08.0: reg 0x10: [mem 0xf0820000-0xf083ffff]
[    0.308680] pci 0000:00:08.0: reg 0x18: [io  0xd060-0xd067]
[    0.311804] pci 0000:00:09.0: [8086:100e] type 00 class 0x020000
[    0.312504] pci 0000:00:09.0: reg 0x10: [mem 0xf0840000-0xf085ffff]
[    0.313708] pci 0000:00:09.0: reg 0x18: [io  0xd068-0xd06f]
[    0.323826] ACPI: PCI Interrupt Link [LNKA] (IRQs 5 9 10 *11)
[    0.324106] ACPI: PCI Interrupt Link [LNKB] (IRQs 5 9 *10 11)
[    0.324206] ACPI: PCI Interrupt Link [LNKC] (IRQs 5 *9 10 11)
[    0.324311] ACPI: PCI Interrupt Link [LNKD] (IRQs 5 9 10 *11)
[    0.324574] iommu: Default domain type: Translated 
[    0.324635] pci 0000:00:02.0: vgaarb: setting as boot VGA device
[    0.324636] pci 0000:00:02.0: vgaarb: VGA device added: decodes=io+mem,owns=io+mem,locks=none
[    0.324638] pci 0000:00:02.0: vgaarb: bridge control possible
[    0.324639] vgaarb: loaded
[    0.324867] SCSI subsystem initialized
[    0.324900] libata version 3.00 loaded.
[    0.324924] ACPI: bus type USB registered
[    0.324940] usbcore: registered new interface driver usbfs
[    0.324946] usbcore: registered new interface driver hub
[    0.324951] usbcore: registered new device driver usb
[    0.324979] pps_core: LinuxPPS API ver. 1 registered
[    0.324979] pps_core: Software ver. 5.3.6 - Copyright 2005-2007 Rodolfo Giometti <giometti@linux.it>
[    0.324981] PTP clock support registered
[    0.325015] EDAC MC: Ver: 3.0.0
[    0.326801] PCI: Using ACPI for IRQ routing
[    0.326802] PCI: pci_cache_line_size set to 64 bytes
[    0.326973] e820: reserve RAM buffer [mem 0x0009fc00-0x0009ffff]
[    0.326977] e820: reserve RAM buffer [mem 0x7fff0000-0x7fffffff]
[    0.327780] NetLabel: Initializing
[    0.327780] NetLabel:  domain hash size = 128
[    0.327781] NetLabel:  protocols = UNLABELED CIPSOv4 CALIPSO
[    0.327801] NetLabel:  unlabeled traffic allowed by default
[    0.328714] clocksource: Switched to clocksource kvm-clock
[    0.341190] *** VALIDATE bpf ***
[    0.341249] VFS: Disk quotas dquot_6.6.0
[    0.341262] VFS: Dquot-cache hash table entries: 512 (order 0, 4096 bytes)
[    0.341284] *** VALIDATE ramfs ***
[    0.341287] *** VALIDATE hugetlbfs ***
[    0.341373] AppArmor: AppArmor Filesystem Enabled
[    0.341398] pnp: PnP ACPI init
[    0.341457] pnp 00:00: Plug and Play ACPI device, IDs PNP0303 (active)
[    0.341557] pnp 00:01: Plug and Play ACPI device, IDs PNP0f03 (active)
[    0.342319] pnp: PnP ACPI: found 2 devices
[    0.343291] thermal_sys: Registered thermal governor 'fair_share'
[    0.343291] thermal_sys: Registered thermal governor 'bang_bang'
[    0.343292] thermal_sys: Registered thermal governor 'step_wise'
[    0.343293] thermal_sys: Registered thermal governor 'user_space'
[    0.343293] thermal_sys: Registered thermal governor 'power_allocator'
[    0.347840] clocksource: acpi_pm: mask: 0xffffff max_cycles: 0xffffff, max_idle_ns: 2085701024 ns
[    0.347880] pci_bus 0000:00: resource 4 [io  0x0000-0x0cf7 window]
[    0.347881] pci_bus 0000:00: resource 5 [io  0x0d00-0xffff window]
[    0.347882] pci_bus 0000:00: resource 6 [mem 0x000a0000-0x000bffff window]
[    0.347884] pci_bus 0000:00: resource 7 [mem 0x80000000-0xfdffffff window]
[    0.347941] NET: Registered protocol family 2
[    0.348014] IP idents hash table entries: 32768 (order: 6, 262144 bytes, linear)
[    0.348429] MPTCP tokens hash table entries: 8192 (order: 4, 65536 bytes, linear)
[    0.348449] MPTCP request tokens hash table entries: 8192 (order: 4, 65536 bytes, linear)
[    0.348473] default registered
[    0.348474] default registered
[    0.348474] MPTCP: Stable release v0.96
[    0.348479] tcp_listen_portaddr_hash hash table entries: 1024 (order: 2, 16384 bytes, linear)
[    0.348558] TCP established hash table entries: 16384 (order: 5, 131072 bytes, linear)
[    0.348622] TCP bind hash table entries: 16384 (order: 6, 262144 bytes, linear)
[    0.348647] TCP: Hash tables configured (established 16384 bind 16384)
[    0.349353] UDP hash table entries: 1024 (order: 3, 32768 bytes, linear)
[    0.349364] UDP-Lite hash table entries: 1024 (order: 3, 32768 bytes, linear)
[    0.349397] NET: Registered protocol family 1
[    0.349407] NET: Registered protocol family 44
[    0.349432] pci 0000:00:00.0: Limiting direct PCI/PCI transfers
[    0.349445] pci 0000:00:01.0: Activating ISA DMA hang workarounds
[    0.349496] pci 0000:00:02.0: Video device with shadowed ROM at [mem 0x000c0000-0x000dffff]
[    0.349560] PCI: CLS 0 bytes, default 64
[    0.349605] Trying to unpack rootfs image as initramfs...
[    0.523263] Freeing initrd memory: 47868K
[    0.523263] clocksource: tsc: mask: 0xffffffffffffffff max_cycles: 0x1e4530a99b6, max_idle_ns: 440795257976 ns
[    0.523263] clocksource: Switched to clocksource tsc
[    0.523263] platform rtc_cmos: registered platform RTC device (no PNP device found)
[    0.523263] check: Scanning for low memory corruption every 60 seconds
[    0.523263] Initialise system trusted keyrings
[    0.523263] Key type blacklist registered
[    0.523263] workingset: timestamp_bits=36 max_order=19 bucket_order=0
[    0.523263] zbud: loaded
[    0.523263] squashfs: version 4.0 (2009/01/31) Phillip Lougher
[    0.523263] fuse: init (API version 7.31)
[    0.523263] *** VALIDATE fuse ***
[    0.523263] *** VALIDATE fuse ***
[    0.523263] Platform Keyring initialized
[    0.523263] Key type asymmetric registered
[    0.523263] Asymmetric key parser 'x509' registered
[    0.523263] Block layer SCSI generic (bsg) driver version 0.4 loaded (major 244)
[    0.523263] io scheduler mq-deadline registered
[    0.523263] shpchp: Standard Hot Plug PCI Controller Driver version: 0.4
[    0.533327] ACPI: AC Adapter [AC] (on-line)
[    0.533372] input: Power Button as /devices/LNXSYSTM:00/LNXPWRBN:00/input/input0
[    0.533399] ACPI: Power Button [PWRF]
[    0.533464] input: Sleep Button as /devices/LNXSYSTM:00/LNXSLPBN:00/input/input1
[    0.533478] ACPI: Sleep Button [SLPF]
[    0.533727] Serial: 8250/16550 driver, 32 ports, IRQ sharing enabled
[    0.535050] Linux agpgart interface v0.103
[    0.683296] loop: module loaded
[    0.683468] ata_piix 0000:00:01.1: version 2.13
[    0.683922] scsi host0: ata_piix
[    0.684023] scsi host1: ata_piix
[    0.684056] ata1: PATA max UDMA/33 cmd 0x1f0 ctl 0x3f6 bmdma 0xd000 irq 14
[    0.684057] ata2: PATA max UDMA/33 cmd 0x170 ctl 0x376 bmdma 0xd008 irq 15
[    0.684147] tun: Universal TUN/TAP device driver, 1.6
[    0.684468] PPP generic driver version 2.4.2
[    0.684530] VFIO - User Level meta-driver version: 0.3
[    0.684777] ehci_hcd: USB 2.0 'Enhanced' Host Controller (EHCI) Driver
[    0.684782] ehci-pci: EHCI PCI platform driver
[    0.684797] ehci-platform: EHCI generic platform driver
[    0.684803] ohci_hcd: USB 1.1 'Open' Host Controller (OHCI) Driver
[    0.684804] ohci-pci: OHCI PCI platform driver
[    0.684812] ohci-platform: OHCI generic platform driver
[    0.684816] uhci_hcd: USB Universal Host Controller Interface driver
[    0.684883] i8042: PNP: PS/2 Controller [PNP0303:PS2K,PNP0f03:PS2M] at 0x60,0x64 irq 1,12
[    0.685320] serio: i8042 KBD port at 0x60,0x64 irq 1
[    0.685324] serio: i8042 AUX port at 0x60,0x64 irq 12
[    0.685414] mousedev: PS/2 mouse device common for all mice
[    0.685669] input: AT Translated Set 2 keyboard as /devices/platform/i8042/serio0/input/input2
[    0.686071] rtc_cmos rtc_cmos: registered as rtc0
[    0.686084] rtc_cmos rtc_cmos: alarms up to one day, 114 bytes nvram
[    0.686089] i2c /dev entries driver
[    0.686135] device-mapper: uevent: version 1.0.3
[    0.686179] device-mapper: ioctl: 4.41.0-ioctl (2019-09-16) initialised: dm-devel@redhat.com
[    0.686196] platform eisa.0: Probing EISA bus 0
[    0.686197] platform eisa.0: EISA: Cannot allocate resource for mainboard
[    0.686199] platform eisa.0: Cannot allocate resource for EISA slot 1
[    0.686200] platform eisa.0: Cannot allocate resource for EISA slot 2
[    0.686201] platform eisa.0: Cannot allocate resource for EISA slot 3
[    0.686202] platform eisa.0: Cannot allocate resource for EISA slot 4
[    0.686203] platform eisa.0: Cannot allocate resource for EISA slot 5
[    0.686204] platform eisa.0: Cannot allocate resource for EISA slot 6
[    0.686205] platform eisa.0: Cannot allocate resource for EISA slot 7
[    0.686205] platform eisa.0: Cannot allocate resource for EISA slot 8
[    0.686207] platform eisa.0: EISA: Detected 0 cards
[    0.686209] intel_pstate: CPU model not supported
[    0.686219] ledtrig-cpu: registered to indicate activity on CPUs
[    0.686275] drop_monitor: Initializing network drop monitor service
[    0.686435] NET: Registered protocol family 10
[    0.691291] Segment Routing with IPv6
[    0.691291] fullmesh registered
[    0.691291] ndiffports registered
[    0.691291] binder registered
[    0.691291] roundrobin registered
[    0.691291] redundant registered
[    0.691291] blest registered
[    0.691291] ecf registered
[    0.691291] NET: Registered protocol family 17
[    0.691291] Key type dns_resolver registered
[    0.691291] RAS: Correctable Errors collector initialized.
[    0.691291] IPI shorthand broadcast: enabled
[    0.691291] sched_clock: Marking stable (676089450, 11202488)->(688921048, -1629110)
[    0.692027] registered taskstats version 1
[    0.692037] Loading compiled-in X.509 certificates
[    0.692741] Loaded X.509 cert 'Build time autogenerated kernel key: 6909f3744cebb3d0de528d5887b96a727de79b1e'
[    0.692780] zswap: loaded using pool lzo/zbud
[    0.692870] Key type ._fscrypt registered
[    0.692871] Key type .fscrypt registered
[    0.699631] Key type big_key registered
[    0.702009] Key type encrypted registered
[    0.702012] AppArmor: AppArmor sha1 policy hashing enabled
[    0.702020] ima: No TPM chip found, activating TPM-bypass!
[    0.702024] ima: Allocated hash algorithm: sha1
[    0.702029] ima: No architecture policies found
[    0.702038] evm: Initialising EVM extended attributes:
[    0.702039] evm: security.selinux
[    0.702040] evm: security.SMACK64
[    0.702040] evm: security.SMACK64EXEC
[    0.702040] evm: security.SMACK64TRANSMUTE
[    0.702041] evm: security.SMACK64MMAP
[    0.702041] evm: security.apparmor
[    0.702042] evm: security.ima
[    0.702042] evm: security.capability
[    0.702043] evm: HMAC attrs: 0x1
[    0.702348] PM:   Magic number: 10:170:323
[    0.702371] tty tty48: hash matches
[    0.702489] rtc_cmos rtc_cmos: setting system clock to 2026-01-13T09:19:24 UTC (1768295964)
[    0.855059] ata1.00: ATA-6: VBOX HARDDISK, 1.0, max UDMA/133
[    0.855061] ata1.00: 209715200 sectors, multi 128: LBA 
[    0.855496] scsi 0:0:0:0: Direct-Access     ATA      VBOX HARDDISK    1.0  PQ: 0 ANSI: 5
[    0.855707] sd 0:0:0:0: [sda] 209715200 512-byte logical blocks: (107 GB/100 GiB)
[    0.855717] sd 0:0:0:0: [sda] Write Protect is off
[    0.855719] sd 0:0:0:0: [sda] Mode Sense: 00 3a 00 00
[    0.855733] sd 0:0:0:0: [sda] Write cache: enabled, read cache: enabled, doesn't support DPO or FUA
[    0.855902] sd 0:0:0:0: Attached scsi generic sg0 type 0
[    0.856605]  sda: sda1 sda2
[    0.867346] sd 0:0:0:0: [sda] Attached SCSI disk
[    0.869144] Freeing unused decrypted memory: 2040K
[    0.869824] Freeing unused kernel image memory: 2728K
[    0.869825] Write protecting the kernel read-only data: 22528k
[    0.870472] Freeing unused kernel image memory: 2036K
[    0.870853] Freeing unused kernel image memory: 1432K
[    0.884183] x86/mm: Checked W+X mappings: passed, no W+X pages found.
[    0.884187] Run /init as init process
[    0.990641] ACPI: Video Device [GFX0] (multi-head: yes  rom: no  post: no)
[    0.990713] input: Video Bus as /devices/LNXSYSTM:00/LNXSYBUS:00/PNP0A03:00/LNXVIDEO:00/input/input4
[    1.004098] pcnet32: pcnet32.c:v1.35 21.Apr.2008 tsbogend@alpha.franken.de
[    1.004992] pcnet32: PCnet/FAST III 79C973 at 0xd020, 08:00:27:5f:55:05 assigned IRQ 19
[    1.005217] pcnet32: Found PHY 0022:561b at address 0
[    1.006202] pcnet32: eth0: registered as PCnet/FAST III 79C973
[    1.008283] piix4_smbus 0000:00:07.0: SMBus Host Controller at 0x4100, revision 0
[    1.012106] e1000: Intel(R) PRO/1000 Network Driver - version 7.3.21-k8-NAPI
[    1.012107] e1000: Copyright (c) 1999-2006 Intel Corporation.
[    1.022610] pcnet32: 1 cards_found
[    1.080335] pcnet32 0000:00:03.0 enp0s3: renamed from eth0
[    1.225261] input: ImExPS/2 Generic Explorer Mouse as /devices/platform/i8042/serio1/input/input5
[    1.424487] e1000 0000:00:08.0 eth0: (PCI:33MHz:32-bit) 08:00:27:7b:46:0a
[    1.424491] e1000 0000:00:08.0 eth0: Intel(R) PRO/1000 Network Connection
[    1.795602] e1000 0000:00:09.0 eth1: (PCI:33MHz:32-bit) 08:00:27:e4:f9:9a
[    1.795605] e1000 0000:00:09.0 eth1: Intel(R) PRO/1000 Network Connection
[    1.796758] e1000 0000:00:09.0 enp0s9: renamed from eth1
[    1.798575] e1000 0000:00:08.0 enp0s8: renamed from eth0
[    1.955980] EXT4-fs (sda2): mounted filesystem with ordered data mode. Opts: (null)
[    2.037810] systemd[1]: Inserted module 'autofs4'
[    2.047138] systemd[1]: systemd 245.4-4ubuntu3 running in system mode. (+PAM +AUDIT +SELINUX +IMA +APPARMOR +SMACK +SYSVINIT +UTMP +LIBCRYPTSETUP +GCRYPT +GNUTLS +ACL +XZ +LZ4 +SECCOMP +BLKID +ELFUTILS +KMOD +IDN2 -IDN +PCRE2 default-hierarchy=hybrid)
[    2.047166] systemd[1]: Detected virtualization oracle.
[    2.047169] systemd[1]: Detected architecture x86-64.
[    2.048681] systemd[1]: Set hostname to <ztg>.
[    2.177356] systemd[1]: /lib/systemd/system/dbus.socket:5: ListenStream= references a path below legacy directory /var/run/, updating /var/run/dbus/system_bus_socket â†’ /run/dbus/system_bus_socket; please update the unit file accordingly.
[    2.227825] systemd[1]: Created slice system-modprobe.slice.
[    2.228008] systemd[1]: Created slice User and Session Slice.
[    2.228050] systemd[1]: Started Forward Password Requests to Wall Directory Watch.
[    2.228211] systemd[1]: Set up automount Arbitrary Executable File Formats File System Automount Point.
[    2.228244] systemd[1]: Reached target User and Group Name Lookups.
[    2.228253] systemd[1]: Reached target Remote File Systems.
[    2.228261] systemd[1]: Reached target Slices.
[    2.228873] systemd[1]: Listening on Syslog Socket.
[    2.228941] systemd[1]: Listening on fsck to fsckd communication Socket.
[    2.228978] systemd[1]: Listening on initctl Compatibility Named Pipe.
[    2.229111] systemd[1]: Listening on Journal Audit Socket.
[    2.229163] systemd[1]: Listening on Journal Socket (/dev/log).
[    2.229229] systemd[1]: Listening on Journal Socket.
[    2.229307] systemd[1]: Listening on udev Control Socket.
[    2.229348] systemd[1]: Listening on udev Kernel Socket.
[    2.230078] systemd[1]: Mounting Huge Pages File System...
[    2.230951] systemd[1]: Mounting POSIX Message Queue File System...
[    2.231867] systemd[1]: Mounting Kernel Debug File System...
[    2.232696] systemd[1]: Mounting Kernel Trace File System...
[    2.234594] systemd[1]: Starting Journal Service...
[    2.258011] systemd[1]: Starting Set the console keyboard layout...
[    2.266471] systemd[1]: Starting Create list of static device nodes for the current kernel...
[    2.268353] systemd[1]: Starting Load Kernel Module drm...
[    2.270188] systemd[1]: Condition check resulted in Set Up Additional Binary Formats being skipped.
[    2.270227] systemd[1]: Condition check resulted in File System Check on Root Device being skipped.
[    2.283761] systemd[1]: Starting Load Kernel Modules...
[    2.284523] systemd[1]: Starting Remount Root and Kernel File Systems...
[    2.285262] systemd[1]: Starting udev Coldplug all Devices...
[    2.285996] systemd[1]: Starting Uncomplicated firewall...
[    2.287451] systemd[1]: Mounted Huge Pages File System.
[    2.287535] systemd[1]: Mounted POSIX Message Queue File System.
[    2.287609] systemd[1]: Mounted Kernel Debug File System.
[    2.287674] systemd[1]: Mounted Kernel Trace File System.
[    2.324570] systemd[1]: Finished Create list of static device nodes for the current kernel.
[    2.324881] systemd[1]: modprobe@drm.service: Succeeded.
[    2.339700] systemd[1]: Finished Load Kernel Module drm.
[    2.340434] systemd[1]: Finished Uncomplicated firewall.
[    2.341652] EXT4-fs (sda2): re-mounted. Opts: errors=remount-ro
[    2.344400] systemd[1]: Finished Remount Root and Kernel File Systems.
[    2.345044] systemd[1]: Condition check resulted in Rebuild Hardware Database being skipped.
[    2.345079] systemd[1]: Condition check resulted in Platform Persistent Storage Archival being skipped.
[    2.352270] systemd[1]: Starting Load/Save Random Seed...
[    2.356670] systemd[1]: Starting Create System Users...
[    2.372601] systemd[1]: Finished Load/Save Random Seed.
[    2.376908] systemd[1]: Finished Create System Users.
[    2.378615] lp: driver loaded but no devices found
[    2.380531] systemd[1]: Starting Create Static Device Nodes in /dev...
[    2.388720] ppdev: user-space parallel port driver
[    2.413081] systemd[1]: Finished Create Static Device Nodes in /dev.
[    2.413866] systemd[1]: Starting udev Kernel Device Manager...
[    2.475075] systemd[1]: Finished udev Coldplug all Devices.
[    2.477298] [drm] DMA map mode: Caching DMA mappings.
[    2.477360] [drm] Capabilities:
[    2.477360] [drm]   Rect copy.
[    2.477361] [drm]   Cursor.
[    2.477361] [drm]   Cursor bypass.
[    2.477361] [drm]   Cursor bypass 2.
[    2.477362] [drm]   Alpha cursor.
[    2.477362] [drm]   Extended Fifo.
[    2.477362] [drm]   Pitchlock.
[    2.477363] [drm]   Irq mask.
[    2.477363] [drm]   GMR.
[    2.477363] [drm]   Traces.
[    2.477364] [drm]   GMR2.
[    2.477364] [drm]   Screen Object 2.
[    2.477365] [drm]   Command Buffers.
[    2.477365] [drm]   Command Buffers 2.
[    2.477365] [drm]   Guest Backed Resources.
[    2.477366] [drm] Max GMR ids is 8192
[    2.477367] [drm] Max number of GMR pages is 1048576
[    2.477367] [drm] Max dedicated hypervisor surface memory is 393216 kiB
[    2.477368] [drm] Maximum display memory size is 131072 kiB
[    2.477369] [drm] VRAM at 0xe0000000 size is 131072 kiB
[    2.477369] [drm] MMIO at 0xf0000000 size is 2048 kiB
[    2.482892] [TTM] Zone  kernel: Available graphics memory: 1011738 KiB
[    2.482893] [TTM] Initializing pool allocator
[    2.482896] [TTM] Initializing DMA pool allocator
[    2.482922] [drm] Supports vblank timestamp caching Rev 2 (21.10.2013).
[    2.482923] [drm] No driver support for vblank timestamp query.
[    2.483165] [drm] Screen Target Display device initialized
[    2.483394] [drm] width 720
[    2.483404] [drm] height 400
[    2.483408] [drm] bpp 32
[    2.483931] [drm] Fifo max 0x00200000 min 0x00001000 cap 0x00000355
[    2.485111] [drm] Using command buffers with DMA pool.
[    2.485114] [drm] DX: no.
[    2.485115] [drm] Atomic: yes.
[    2.485115] [drm] SM4_1: no.
[    2.485134] [drm:vmw_host_log [vmwgfx]] *ERROR* Failed to send host log message.
[    2.486065] [drm:vmw_host_log [vmwgfx]] *ERROR* Failed to send host log message.
[    2.493392] fbcon: svgadrmfb (fb0) is primary device
[    2.495604] Console: switching to colour frame buffer device 100x37
[    2.509916] [drm] Initialized vmwgfx 2.15.0 20180704 for 0000:00:02.0 on minor 0
[    2.511238] systemd[1]: Finished Load Kernel Modules.
[    2.512169] systemd[1]: Mounting FUSE Control File System...
[    2.513362] systemd[1]: Mounting Kernel Configuration File System...
[    2.535681] systemd[1]: Starting Apply Kernel Variables...
[    2.547285] systemd[1]: Mounted FUSE Control File System.
[    2.547351] systemd[1]: Condition check resulted in VMware vmblock fuse mount being skipped.
[    2.549189] systemd[1]: Mounted Kernel Configuration File System.
[    2.561827] systemd[1]: Finished Apply Kernel Variables.
[    2.563983] systemd[1]: Finished Set the console keyboard layout.
[    2.564059] systemd[1]: Reached target Local File Systems (Pre).
[    2.565840] systemd[1]: Mounting Mount unit for bare, revision 5...
[    2.567805] systemd[1]: Mounting Mount unit for core18, revision 1705...
[    2.572755] systemd[1]: Mounting Mount unit for gnome-3-34-1804, revision 24...
[    2.594708] systemd[1]: Mounting Mount unit for gtk-common-themes, revision 1506...
[    2.596187] systemd[1]: Mounting Mount unit for gtk-common-themes, revision 1535...
[    2.605753] systemd[1]: Mounting Mount unit for snap-store, revision 433...
[    2.615240] systemd[1]: Mounting Mount unit for snapd, revision 25935...
[    2.654276] systemd[1]: Started udev Kernel Device Manager.
[    2.654992] systemd[1]: Starting Show Plymouth Boot Screen...
[    2.658694] systemd[1]: Received SIGRTMIN+20 from PID 270 (plymouthd).
[    2.683578] systemd[1]: Started Show Plymouth Boot Screen.
[    2.689433] systemd[1]: Mounted Mount unit for bare, revision 5.
[    2.691431] systemd[1]: Mounted Mount unit for core18, revision 1705.
[    2.691629] systemd[1]: Mounted Mount unit for gnome-3-34-1804, revision 24.
[    2.691802] systemd[1]: Mounted Mount unit for gtk-common-themes, revision 1506.
[    2.691958] systemd[1]: Condition check resulted in Dispatch Password Requests to Console Directory Watch being skipped.
[    2.692045] systemd[1]: Started Forward Password Requests to Plymouth Directory Watch.
[    2.692107] systemd[1]: Reached target Local Encrypted Volumes.
[    2.804654] systemd[1]: Mounted Mount unit for gtk-common-themes, revision 1535.
[    2.804909] systemd[1]: Mounted Mount unit for snap-store, revision 433.
[    2.805087] systemd[1]: Mounted Mount unit for snapd, revision 25935.
[    2.805235] systemd[1]: Reached target Local File Systems.
[    2.807463] systemd[1]: Starting Load AppArmor profiles...
[    2.808392] systemd[1]: Starting Set console font and keymap...
[    2.836361] systemd[1]: Starting Tell Plymouth To Write Out Runtime Data...
[    2.841907] systemd[1]: Condition check resulted in Store a System Token in an EFI Variable being skipped.
[    2.841974] systemd[1]: Condition check resulted in Commit a transient machine-id on disk being skipped.
[    2.844509] systemd[1]: Finished Set console font and keymap.
[    2.853492] systemd[1]: Received SIGRTMIN+20 from PID 270 (plymouthd).
[    2.854503] systemd[1]: plymouth-read-write.service: Succeeded.
[    2.854745] systemd[1]: Finished Tell Plymouth To Write Out Runtime Data.
[    2.869968] audit: type=1400 audit(1768295966.664:2): apparmor="STATUS" operation="profile_load" profile="unconfined" name="nvidia_modprobe" pid=300 comm="apparmor_parser"
[    2.869970] audit: type=1400 audit(1768295966.664:3): apparmor="STATUS" operation="profile_load" profile="unconfined" name="nvidia_modprobe//kmod" pid=300 comm="apparmor_parser"
[    2.876503] audit: type=1400 audit(1768295966.672:4): apparmor="STATUS" operation="profile_load" profile="unconfined" name="/usr/sbin/tcpdump" pid=301 comm="apparmor_parser"
[    2.924679] audit: type=1400 audit(1768295966.712:5): apparmor="STATUS" operation="profile_load" profile="unconfined" name="/usr/bin/evince" pid=303 comm="apparmor_parser"
[    2.924681] audit: type=1400 audit(1768295966.712:6): apparmor="STATUS" operation="profile_load" profile="unconfined" name="/usr/bin/evince//sanitized_helper" pid=303 comm="apparmor_parser"
[    2.924683] audit: type=1400 audit(1768295966.712:7): apparmor="STATUS" operation="profile_load" profile="unconfined" name="/usr/bin/evince-previewer" pid=303 comm="apparmor_parser"
[    2.924685] audit: type=1400 audit(1768295966.712:8): apparmor="STATUS" operation="profile_load" profile="unconfined" name="/usr/bin/evince-previewer//sanitized_helper" pid=303 comm="apparmor_parser"
[    2.924687] audit: type=1400 audit(1768295966.712:9): apparmor="STATUS" operation="profile_load" profile="unconfined" name="/usr/bin/evince-thumbnailer" pid=303 comm="apparmor_parser"
[    2.939273] audit: type=1400 audit(1768295966.732:10): apparmor="STATUS" operation="profile_load" profile="unconfined" name="/usr/lib/cups/backend/cups-pdf" pid=304 comm="apparmor_parser"
[    3.015595] systemd[1]: Finished Load AppArmor profiles.
[    3.016515] systemd[1]: Starting Load AppArmor profiles managed internally by snapd...
[    3.126042] systemd[1]: Finished Load AppArmor profiles managed internally by snapd.
[    3.212669] systemd[1]: Started Journal Service.
[    3.220617] systemd-journald[229]: Received client request to flush runtime journal.
[    3.223439] systemd-journald[229]: File /var/log/journal/c455b248004a419c87ce85eea238d727/system.journal corrupted or uncleanly shut down, renaming and replacing.
[    4.571203] RAPL PMU: API unit is 2^-32 Joules, 0 fixed counters, 10737418240 ms ovfl timer
[    4.612334] cryptd: max_cpu_qlen set to 1000
[    4.660843] AVX2 version of gcm_enc/dec engaged.
[    4.660844] AES CTR mode by8 optimization enabled
[    6.445669] Adding 1998844k swap on /dev/sda1.  Priority:-2 extents:1 across:1998844k FS
[    7.314050] kauditd_printk_skb: 30 callbacks suppressed
[    7.314051] audit: type=1400 audit(1768295971.108:41): apparmor="DENIED" operation="capable" profile="/usr/sbin/cups-browsed" pid=508 comm="cups-browsed" capability=23  capname="sys_nice"
[    8.824126] pcnet32 0000:00:03.0 enp0s3: link up, 100Mbps, full-duplex
[    8.873663] e1000: enp0s8 NIC Link is Up 1000 Mbps Full Duplex, Flow Control: RX
[    8.873935] IPv6: ADDRCONF(NETDEV_CHANGE): enp0s8: link becomes ready
[    8.897095] e1000: enp0s9 NIC Link is Up 1000 Mbps Full Duplex, Flow Control: RX
[    8.897392] IPv6: ADDRCONF(NETDEV_CHANGE): enp0s9: link becomes ready
[    9.539990] device enp0s3 entered promiscuous mode
[    9.570839] audit: type=1400 audit(1768295973.356:42): apparmor="DENIED" operation="open" profile="/usr/sbin/tcpdump" name="/proc/sys/kernel/random/boot_id" pid=625 comm="tcpdump" requested_mask="r" denied_mask="r" fsuid=0 ouid=0
[    9.571073] audit: type=1400 audit(1768295973.356:43): apparmor="DENIED" operation="open" profile="/usr/sbin/tcpdump" name="/proc/sys/kernel/random/boot_id" pid=625 comm="tcpdump" requested_mask="r" denied_mask="r" fsuid=0 ouid=0
[    9.571122] audit: type=1400 audit(1768295973.356:44): apparmor="DENIED" operation="open" profile="/usr/sbin/tcpdump" name="/proc/sys/kernel/random/boot_id" pid=625 comm="tcpdump" requested_mask="r" denied_mask="r" fsuid=0 ouid=0
[    9.571180] audit: type=1400 audit(1768295973.356:45): apparmor="DENIED" operation="open" profile="/usr/sbin/tcpdump" name="/proc/sys/kernel/random/boot_id" pid=625 comm="tcpdump" requested_mask="r" denied_mask="r" fsuid=0 ouid=0
[    9.573159] audit: type=1400 audit(1768295973.368:46): apparmor="DENIED" operation="open" profile="/usr/sbin/tcpdump" name="/proc/sys/kernel/random/boot_id" pid=626 comm="tcpdump" requested_mask="r" denied_mask="r" fsuid=0 ouid=0
[    9.574736] audit: type=1400 audit(1768295973.368:47): apparmor="DENIED" operation="open" profile="/usr/sbin/tcpdump" name="/proc/sys/kernel/random/boot_id" pid=626 comm="tcpdump" requested_mask="r" denied_mask="r" fsuid=0 ouid=0
[    9.574776] audit: type=1400 audit(1768295973.368:48): apparmor="DENIED" operation="open" profile="/usr/sbin/tcpdump" name="/proc/sys/kernel/random/boot_id" pid=626 comm="tcpdump" requested_mask="r" denied_mask="r" fsuid=0 ouid=0
[    9.574862] audit: type=1400 audit(1768295973.368:49): apparmor="DENIED" operation="open" profile="/usr/sbin/tcpdump" name="/proc/sys/kernel/random/boot_id" pid=626 comm="tcpdump" requested_mask="r" denied_mask="r" fsuid=0 ouid=0
[   15.563057] rfkill: input handler disabled
[  225.712515] AAAAA-TCP_FORW: name:enp0s3: saddr:16783984: daddr:100932208
[  225.830054] AAAAA-TCP_FORW: name:enp0s3: saddr:16783984: daddr:100932208
[  225.907143] AAAAA-TCP_FORW: name:enp0s3: saddr:16783984: daddr:100932208
[  226.004447] AAAAA-TCP_FORW: name:enp0s3: saddr:16783984: daddr:100932208
[  255.283006] AAAAA-TCP_FORW: name:enp0s3: saddr:33561200: daddr:100932208
[  255.352117] AAAAA-TCP_FORW: name:enp0s3: saddr:16783984: daddr:100932208
[  255.449262] AAAAA-TCP_FORW: name:enp0s3: saddr:33561200: daddr:100932208
[  255.529794] AAAAA-TCP_FORW: name:enp0s3: saddr:33561200: daddr:100932208
[  255.590737] AAAAA-TCP_FORW: name:enp0s3: saddr:33561200: daddr:100932208
[  255.714338] AAAAA-TCP_FORW: name:enp0s3: saddr:33561200: daddr:100932208
[  255.842764] AAAAA-TCP_FORW: name:enp0s3: saddr:33561200: daddr:100932208
[  255.960088] AAAAA-TCP_FORW: name:enp0s3: saddr:33561200: daddr:100932208
[  256.082129] AAAAA-TCP_FORW: name:enp0s3: saddr:33561200: daddr:100932208
[  256.200027] AAAAA-TCP_FORW: name:enp0s3: saddr:33561200: daddr:100932208
[  256.292845] AAAAA-TCP_FORW: name:enp0s3: saddr:33561200: daddr:100932208
[  256.422860] AAAAA-TCP_FORW: name:enp0s3: saddr:16783984: daddr:100932208
[  256.547924] AAAAA-TCP_FORW: name:enp0s3: saddr:16783984: daddr:100932208
[  256.678563] AAAAA-TCP_FORW: name:enp0s3: saddr:16783984: daddr:100932208
[  256.827766] AAAAA-TCP_FORW: name:enp0s3: saddr:16783984: daddr:100932208
[  257.102489] AAAAA-TCP_FORW: name:enp0s3: saddr:16783984: daddr:100932208
[  257.216499] AAAAA-TCP_FORW: name:enp0s3: saddr:16783984: daddr:100932208
[  257.367180] AAAAA-TCP_FORW: name:enp0s3: saddr:16783984: daddr:100932208
[  257.501493] AAAAA-TCP_FORW: name:enp0s3: saddr:16783984: daddr:100932208
[  257.594569] AAAAA-TCP_FORW: name:enp0s3: saddr:16783984: daddr:100932208
[  257.681814] AAAAA-TCP_FORW: name:enp0s3: saddr:16783984: daddr:100932208
[  257.893566] AAAAA-TCP_FORW: name:enp0s3: saddr:16783984: daddr:100932208
[  257.996412] AAAAA-TCP_FORW: name:enp0s3: saddr:16783984: daddr:100932208
[  258.110402] AAAAA-TCP_FORW: name:enp0s3: saddr:16783984: daddr:100932208
[  258.192905] AAAAA-TCP_FORW: name:enp0s3: saddr:33561200: daddr:100932208
[  258.286809] AAAAA-TCP_FORW: name:enp0s3: saddr:33561200: daddr:100932208
[  258.409079] AAAAA-TCP_FORW: name:enp0s3: saddr:33561200: daddr:100932208
[  258.490335] AAAAA-TCP_FORW: name:enp0s3: saddr:33561200: daddr:100932208
[  258.617537] AAAAA-TCP_FORW: name:enp0s3: saddr:33561200: daddr:100932208
[  258.735886] AAAAA-TCP_FORW: name:enp0s3: saddr:16783984: daddr:100932208
[  258.857091] AAAAA-TCP_FORW: name:enp0s3: saddr:16783984: daddr:100932208
[  258.955066] AAAAA-TCP_FORW: name:enp0s3: saddr:16783984: daddr:100932208
[  259.020856] AAAAA-TCP_FORW: name:enp0s3: saddr:16783984: daddr:100932208
[  259.110111] AAAAA-TCP_FORW: name:enp0s3: saddr:33561200: daddr:100932208
[  259.196755] AAAAA-TCP_FORW: name:enp0s3: saddr:33561200: daddr:100932208
[  259.306943] AAAAA-TCP_FORW: name:enp0s3: saddr:16783984: daddr:100932208
[  259.526393] AAAAA-TCP_FORW: name:enp0s3: saddr:16783984: daddr:100932208
[  264.859478] AAAAA-TCP_FORW: name:enp0s3: saddr:16783984: daddr:100932208
[  264.936623] AAAAA-TCP_FORW: name:enp0s3: saddr:16783984: daddr:100932208
[  265.056143] AAAAA-TCP_FORW: name:enp0s3: saddr:33561200: daddr:100932208
[  265.108480] AAAAA-TCP_FORW: name:enp0s3: saddr:33561200: daddr:100932208
[  265.366672] AAAAA-TCP_FORW: name:enp0s3: saddr:33561200: daddr:100932208
[  265.694853] AAAAA-TCP_FORW: name:enp0s3: saddr:33561200: daddr:100932208
[  265.765619] AAAAA-TCP_FORW: name:enp0s3: saddr:33561200: daddr:100932208
[  265.855899] AAAAA-TCP_FORW: name:enp0s3: saddr:33561200: daddr:100932208
[  265.931774] AAAAA-TCP_FORW: name:enp0s3: saddr:33561200: daddr:100932208
[  266.011445] AAAAA-TCP_FORW: name:enp0s3: saddr:33561200: daddr:100932208
[  266.131332] AAAAA-TCP_FORW: name:enp0s3: saddr:33561200: daddr:100932208
[  266.519443] AAAAA-TCP_FORW: name:enp0s3: saddr:16783984: daddr:100932208
[  266.847081] AAAAA-TCP_FORW: name:enp0s3: saddr:16783984: daddr:100932208
[  266.920139] AAAAA-TCP_FORW: name:enp0s3: saddr:16783984: daddr:100932208
[  267.033803] AAAAA-TCP_FORW: name:enp0s3: saddr:16783984: daddr:100932208
[  267.110222] AAAAA-TCP_FORW: name:enp0s3: saddr:16783984: daddr:100932208
[  267.252885] AAAAA-TCP_FORW: name:enp0s3: saddr:16783984: daddr:100932208
[  267.343040] AAAAA-TCP_FORW: name:enp0s3: saddr:16783984: daddr:100932208
[  267.407393] AAAAA-TCP_FORW: name:enp0s3: saddr:16783984: daddr:100932208
[  267.504253] AAAAA-TCP_FORW: name:enp0s3: saddr:16783984: daddr:100932208
[  267.707951] AAAAA-TCP_FORW: name:enp0s3: saddr:33561200: daddr:100932208
[  267.808408] AAAAA-TCP_FORW: name:enp0s3: saddr:33561200: daddr:100932208
[  267.920845] AAAAA-TCP_FORW: name:enp0s3: saddr:33561200: daddr:100932208
[  268.016592] AAAAA-TCP_FORW: name:enp0s3: saddr:33561200: daddr:100932208
[  268.142806] AAAAA-TCP_FORW: name:enp0s3: saddr:33561200: daddr:100932208
[  268.306170] AAAAA-TCP_FORW: name:enp0s3: saddr:33561200: daddr:100932208
[  268.424553] AAAAA-TCP_FORW: name:enp0s3: saddr:33561200: daddr:100932208
[  268.554982] AAAAA-TCP_FORW: name:enp0s3: saddr:33561200: daddr:100932208
[  268.614967] AAAAA-TCP_FORW: name:enp0s3: saddr:33561200: daddr:100932208
[  268.745855] AAAAA-TCP_FORW: name:enp0s3: saddr:33561200: daddr:100932208
[  268.854340] AAAAA-TCP_FORW: name:enp0s3: saddr:16783984: daddr:100932208
[  269.120768] AAAAA-TCP_FORW: name:enp0s3: saddr:16783984: daddr:100932208
[  269.209672] AAAAA-TCP_FORW: name:enp0s3: saddr:16783984: daddr:100932208
[  269.306596] AAAAA-TCP_FORW: name:enp0s3: saddr:16783984: daddr:100932208
[  269.375408] AAAAA-TCP_FORW: name:enp0s3: saddr:16783984: daddr:100932208
[  269.465271] AAAAA-TCP_FORW: name:enp0s3: saddr:16783984: daddr:100932208
[  269.537719] AAAAA-TCP_FORW: name:enp0s3: saddr:16783984: daddr:100932208
[  269.682387] AAAAA-TCP_FORW: name:enp0s3: saddr:16783984: daddr:100932208
[  269.786654] AAAAA-TCP_FORW: name:enp0s3: saddr:16783984: daddr:100932208
[  269.877885] AAAAA-TCP_FORW: name:enp0s3: saddr:16783984: daddr:100932208
[  270.046867] AAAAA-TCP_FORW: name:enp0s3: saddr:16783984: daddr:100932208
[  270.240361] AAAAA-TCP_FORW: name:enp0s3: saddr:16783984: daddr:100932208
[  270.365540] AAAAA-TCP_FORW: name:enp0s3: saddr:16783984: daddr:100932208
[  270.456194] AAAAA-TCP_FORW: name:enp0s3: saddr:16783984: daddr:100932208
[  270.550308] AAAAA-TCP_FORW: name:enp0s3: saddr:16783984: daddr:100932208
[  270.606878] AAAAA-TCP_FORW: name:enp0s3: saddr:16783984: daddr:100932208
[  270.706266] AAAAA-TCP_FORW: name:enp0s3: saddr:16783984: daddr:100932208
[  270.874821] AAAAA-TCP_FORW: name:enp0s3: saddr:16783984: daddr:100932208
[  270.984653] AAAAA-TCP_FORW: name:enp0s3: saddr:16783984: daddr:100932208
[  271.107736] AAAAA-TCP_FORW: name:enp0s3: saddr:16783984: daddr:100932208
[  271.206045] AAAAA-TCP_FORW: name:enp0s3: saddr:16783984: daddr:100932208
[  271.426606] AAAAA-TCP_FORW: name:enp0s3: saddr:16783984: daddr:100932208
[  271.549479] AAAAA-TCP_FORW: name:enp0s3: saddr:16783984: daddr:100932208
[  271.642242] AAAAA-TCP_FORW: name:enp0s3: saddr:16783984: daddr:100932208
[  271.802665] AAAAA-TCP_FORW: name:enp0s3: saddr:33561200: daddr:100932208
[  271.978381] AAAAA-TCP_FORW: name:enp0s3: saddr:33561200: daddr:100932208
[  272.395146] AAAAA-TCP_FORW: name:enp0s3: saddr:33561200: daddr:100932208
[  272.671490] AAAAA-TCP_FORW: name:enp0s3: saddr:33561200: daddr:100932208
[  272.795223] AAAAA-TCP_FORW: name:enp0s3: saddr:33561200: daddr:100932208
[  272.974470] AAAAA-TCP_FORW: name:enp0s3: saddr:33561200: daddr:100932208
[  273.056558] AAAAA-TCP_FORW: name:enp0s3: saddr:33561200: daddr:100932208
[  273.136213] AAAAA-TCP_FORW: name:enp0s3: saddr:33561200: daddr:100932208
[  273.189946] AAAAA-TCP_FORW: name:enp0s3: saddr:33561200: daddr:100932208
[  273.347183] AAAAA-TCP_FORW: name:enp0s3: saddr:33561200: daddr:100932208
[  273.506970] AAAAA-TCP_FORW: name:enp0s3: saddr:33561200: daddr:100932208
[  273.650219] AAAAA-TCP_FORW: name:enp0s3: saddr:33561200: daddr:100932208
[  273.752425] AAAAA-TCP_FORW: name:enp0s3: saddr:33561200: daddr:100932208
[  273.941182] AAAAA-TCP_FORW: name:enp0s3: saddr:33561200: daddr:100932208
[  274.105784] AAAAA-TCP_FORW: name:enp0s3: saddr:33561200: daddr:100932208
[  274.266293] AAAAA-TCP_FORW: name:enp0s3: saddr:33561200: daddr:100932208
[  274.529270] AAAAA-TCP_FORW: name:enp0s3: saddr:16783984: daddr:100932208
[  274.679387] AAAAA-TCP_FORW: name:enp0s3: saddr:16783984: daddr:100932208
[  274.806613] AAAAA-TCP_FORW: name:enp0s3: saddr:16783984: daddr:100932208
[  274.966705] AAAAA-TCP_FORW: name:enp0s3: saddr:16783984: daddr:100932208
[  275.168482] AAAAA-TCP_FORW: name:enp0s3: saddr:16783984: daddr:100932208
[  275.291098] AAAAA-TCP_FORW: name:enp0s3: saddr:16783984: daddr:100932208
[  275.532633] AAAAA-TCP_FORW: name:enp0s3: saddr:16783984: daddr:100932208
[  275.611026] AAAAA-TCP_FORW: name:enp0s3: saddr:16783984: daddr:100932208
[  275.732458] AAAAA-TCP_FORW: name:enp0s3: saddr:16783984: daddr:100932208
[  275.831704] AAAAA-TCP_FORW: name:enp0s3: saddr:16783984: daddr:100932208
[  276.045301] AAAAA-TCP_FORW: name:enp0s3: saddr:16783984: daddr:100932208
[  276.172945] AAAAA-TCP_FORW: name:enp0s3: saddr:16783984: daddr:100932208
[  276.256561] AAAAA-TCP_FORW: name:enp0s3: saddr:16783984: daddr:100932208
[  288.072755] AAAAA-TCP_FORW: name:enp0s3: saddr:16783984: daddr:100932208
[  288.233868] AAAAA-TCP_FORW: name:enp0s3: saddr:33561200: daddr:100932208
[  288.286494] AAAAA-TCP_FORW: name:enp0s3: saddr:33561200: daddr:100932208
[  288.383797] AAAAA-TCP_FORW: name:enp0s3: saddr:33561200: daddr:100932208
[  288.453671] AAAAA-TCP_FORW: name:enp0s3: saddr:33561200: daddr:100932208
[  288.520223] AAAAA-TCP_FORW: name:enp0s3: saddr:33561200: daddr:100932208
[  288.594760] AAAAA-TCP_FORW: name:enp0s3: saddr:16783984: daddr:100932208
[  288.723211] AAAAA-TCP_FORW: name:enp0s3: saddr:16783984: daddr:100932208
[  288.819022] AAAAA-TCP_FORW: name:enp0s3: saddr:16783984: daddr:100932208
[  288.936425] AAAAA-TCP_FORW: name:enp0s3: saddr:16783984: daddr:100932208
[  289.008326] AAAAA-TCP_FORW: name:enp0s3: saddr:16783984: daddr:100932208
[  289.123760] AAAAA-TCP_FORW: name:enp0s3: saddr:16783984: daddr:100932208
[  289.272334] AAAAA-TCP_FORW: name:enp0s3: saddr:16783984: daddr:100932208
[  289.370173] AAAAA-TCP_FORW: name:enp0s3: saddr:16783984: daddr:100932208
[  289.460942] AAAAA-TCP_FORW: name:enp0s3: saddr:33561200: daddr:100932208
[  289.535405] AAAAA-TCP_FORW: name:enp0s3: saddr:33561200: daddr:100932208
[  289.645770] AAAAA-TCP_FORW: name:enp0s3: saddr:16783984: daddr:100932208
[  289.730072] AAAAA-TCP_FORW: name:enp0s3: saddr:16783984: daddr:100932208
[  289.824477] AAAAA-TCP_FORW: name:enp0s3: saddr:16783984: daddr:100932208
[  289.907808] AAAAA-TCP_FORW: name:enp0s3: saddr:16783984: daddr:100932208
[  289.992544] AAAAA-TCP_FORW: name:enp0s3: saddr:33561200: daddr:100932208
[  290.081119] AAAAA-TCP_FORW: name:enp0s3: saddr:33561200: daddr:100932208
[  290.165563] AAAAA-TCP_FORW: name:enp0s3: saddr:16783984: daddr:100932208
[  290.274557] AAAAA-TCP_FORW: name:enp0s3: saddr:16783984: daddr:100932208
[  290.358811] AAAAA-TCP_FORW: name:enp0s3: saddr:16783984: daddr:100932208
[  290.453564] AAAAA-TCP_FORW: name:enp0s3: saddr:16783984: daddr:100932208
[  290.505566] AAAAA-TCP_FORW: name:enp0s3: saddr:16783984: daddr:100932208
[  290.589033] AAAAA-TCP_FORW: name:enp0s3: saddr:33561200: daddr:100932208
[  290.695480] AAAAA-TCP_FORW: name:enp0s3: saddr:33561200: daddr:100932208
[  290.787871] AAAAA-TCP_FORW: name:enp0s3: saddr:33561200: daddr:100932208
[  290.858654] AAAAA-TCP_FORW: name:enp0s3: saddr:33561200: daddr:100932208
[  290.938229] AAAAA-TCP_FORW: name:enp0s3: saddr:33561200: daddr:100932208
[  291.076715] AAAAA-TCP_FORW: name:enp0s3: saddr:33561200: daddr:100932208
[  291.173875] AAAAA-TCP_FORW: name:enp0s3: saddr:16783984: daddr:100932208
[  291.266112] AAAAA-TCP_FORW: name:enp0s3: saddr:16783984: daddr:100932208
[  291.328396] AAAAA-TCP_FORW: name:enp0s3: saddr:16783984: daddr:100932208
[  291.359689] AAAAA-TCP_FORW: name:enp0s3: saddr:16783984: daddr:100932208
[  291.431766] AAAAA-TCP_FORW: name:enp0s3: saddr:16783984: daddr:100932208
[  291.497256] AAAAA-TCP_FORW: name:enp0s3: saddr:33561200: daddr:100932208
[  291.569025] AAAAA-TCP_FORW: name:enp0s3: saddr:33561200: daddr:100932208
[  291.652638] AAAAA-TCP_FORW: name:enp0s3: saddr:16783984: daddr:100932208
[  291.749433] AAAAA-TCP_FORW: name:enp0s3: saddr:16783984: daddr:100932208
[  291.845119] AAAAA-TCP_FORW: name:enp0s3: saddr:33561200: daddr:100932208
[  291.921803] AAAAA-TCP_FORW: name:enp0s3: saddr:33561200: daddr:100932208
[  291.992096] AAAAA-TCP_FORW: name:enp0s3: saddr:16783984: daddr:100932208
[  292.097516] AAAAA-TCP_FORW: name:enp0s3: saddr:16783984: daddr:100932208
[  292.175392] AAAAA-TCP_FORW: name:enp0s3: saddr:16783984: daddr:100932208
[  292.247824] AAAAA-TCP_FORW: name:enp0s3: saddr:16783984: daddr:100932208
[  292.338079] AAAAA-TCP_FORW: name:enp0s3: saddr:16783984: daddr:100932208
[  292.382692] AAAAA-TCP_FORW: name:enp0s3: saddr:16783984: daddr:100932208
[  292.495451] AAAAA-TCP_FORW: name:enp0s3: saddr:33561200: daddr:100932208
[  292.643216] AAAAA-TCP_FORW: name:enp0s3: saddr:33561200: daddr:100932208
[  292.722779] AAAAA-TCP_FORW: name:enp0s3: saddr:33561200: daddr:100932208
[  292.847999] AAAAA-TCP_FORW: name:enp0s3: saddr:33561200: daddr:100932208
[  292.931247] AAAAA-TCP_FORW: name:enp0s3: saddr:33561200: daddr:100932208
[  292.995175] AAAAA-TCP_FORW: name:enp0s3: saddr:33561200: daddr:100932208
[  293.098327] AAAAA-TCP_FORW: name:enp0s3: saddr:33561200: daddr:100932208
[  293.173958] AAAAA-TCP_FORW: name:enp0s3: saddr:33561200: daddr:100932208
[  293.266009] AAAAA-TCP_FORW: name:enp0s3: saddr:16783984: daddr:100932208
[  293.346338] AAAAA-TCP_FORW: name:enp0s3: saddr:16783984: daddr:100932208
[  293.431764] AAAAA-TCP_FORW: name:enp0s3: saddr:16783984: daddr:100932208
[  293.560188] AAAAA-TCP_FORW: name:enp0s3: saddr:16783984: daddr:100932208
[  293.658963] AAAAA-TCP_FORW: name:enp0s3: saddr:16783984: daddr:100932208
[  293.737524] AAAAA-TCP_FORW: name:enp0s3: saddr:16783984: daddr:100932208
[  293.822719] AAAAA-TCP_FORW: name:enp0s3: saddr:33561200: daddr:100932208
[  293.888749] AAAAA-TCP_FORW: name:enp0s3: saddr:33561200: daddr:100932208
[  293.986560] AAAAA-TCP_FORW: name:enp0s3: saddr:33561200: daddr:100932208
[  294.088965] AAAAA-TCP_FORW: name:enp0s3: saddr:33561200: daddr:100932208
[  294.161399] AAAAA-TCP_FORW: name:enp0s3: saddr:16783984: daddr:100932208
[  294.250943] AAAAA-TCP_FORW: name:enp0s3: saddr:16783984: daddr:100932208
[  294.332397] AAAAA-TCP_FORW: name:enp0s3: saddr:33561200: daddr:100932208
[  294.404614] AAAAA-TCP_FORW: name:enp0s3: saddr:33561200: daddr:100932208
[  294.520978] AAAAA-TCP_FORW: name:enp0s3: saddr:33561200: daddr:100932208
[  294.589541] AAAAA-TCP_FORW: name:enp0s3: saddr:16783984: daddr:100932208
[  294.672059] AAAAA-TCP_FORW: name:enp0s3: saddr:16783984: daddr:100932208
[  294.772504] AAAAA-TCP_FORW: name:enp0s3: saddr:16783984: daddr:100932208
[  294.851418] AAAAA-TCP_FORW: name:enp0s3: saddr:16783984: daddr:100932208
[  294.916694] AAAAA-TCP_FORW: name:enp0s3: saddr:16783984: daddr:100932208
[  294.988368] AAAAA-TCP_FORW: name:enp0s3: saddr:16783984: daddr:100932208
[  295.082724] AAAAA-TCP_FORW: name:enp0s3: saddr:33561200: daddr:100932208
[  295.179184] AAAAA-TCP_FORW: name:enp0s3: saddr:33561200: daddr:100932208
[  295.239668] AAAAA-TCP_FORW: name:enp0s3: saddr:33561200: daddr:100932208
[  295.329323] AAAAA-TCP_FORW: name:enp0s3: saddr:33561200: daddr:100932208
[  295.401410] AAAAA-TCP_FORW: name:enp0s3: saddr:33561200: daddr:100932208
[  295.482176] AAAAA-TCP_FORW: name:enp0s3: saddr:33561200: daddr:100932208
[  295.559358] AAAAA-TCP_FORW: name:enp0s3: saddr:33561200: daddr:100932208
[  295.633579] AAAAA-TCP_FORW: name:enp0s3: saddr:33561200: daddr:100932208
[  295.719238] AAAAA-TCP_FORW: name:enp0s3: saddr:33561200: daddr:100932208
[  295.789414] AAAAA-TCP_FORW: name:enp0s3: saddr:33561200: daddr:100932208
[  295.885826] AAAAA-TCP_FORW: name:enp0s3: saddr:33561200: daddr:100932208
[  295.963629] AAAAA-TCP_FORW: name:enp0s3: saddr:33561200: daddr:100932208
[  296.031960] AAAAA-TCP_FORW: name:enp0s3: saddr:16783984: daddr:100932208
[  296.105742] AAAAA-TCP_FORW: name:enp0s3: saddr:16783984: daddr:100932208
[  296.190506] AAAAA-TCP_FORW: name:enp0s3: saddr:16783984: daddr:100932208
[  296.270227] AAAAA-TCP_FORW: name:enp0s3: saddr:16783984: daddr:100932208
[  296.358825] AAAAA-TCP_FORW: name:enp0s3: saddr:16783984: daddr:100932208
[  296.435926] AAAAA-TCP_FORW: name:enp0s3: saddr:16783984: daddr:100932208
[  296.525441] AAAAA-TCP_FORW: name:enp0s3: saddr:16783984: daddr:100932208
[  296.592164] AAAAA-TCP_FORW: name:enp0s3: saddr:33561200: daddr:100932208
[  296.679488] AAAAA-TCP_FORW: name:enp0s3: saddr:33561200: daddr:100932208
[  296.768412] AAAAA-TCP_FORW: name:enp0s3: saddr:33561200: daddr:100932208
[  296.867188] AAAAA-TCP_FORW: name:enp0s3: saddr:33561200: daddr:100932208
[  296.946491] AAAAA-TCP_FORW: name:enp0s3: saddr:33561200: daddr:100932208
[  297.018221] AAAAA-TCP_FORW: name:enp0s3: saddr:33561200: daddr:100932208
[  297.099182] AAAAA-TCP_FORW: name:enp0s3: saddr:16783984: daddr:100932208
[  297.187757] AAAAA-TCP_FORW: name:enp0s3: saddr:16783984: daddr:100932208
[  297.293065] AAAAA-TCP_FORW: name:enp0s3: saddr:33561200: daddr:100932208
[  297.354151] AAAAA-TCP_FORW: name:enp0s3: saddr:33561200: daddr:100932208
[  297.429980] AAAAA-TCP_FORW: name:enp0s3: saddr:33561200: daddr:100932208
[  297.511719] AAAAA-TCP_FORW: name:enp0s3: saddr:33561200: daddr:100932208
[  305.121949] AAAAA-TCP_FORW: name:enp0s3: saddr:16783984: daddr:100932208
[  320.843534] AAAAA-TCP_FORW: name:enp0s3: saddr:33561200: daddr:100932208
[  320.941483] AAAAA-TCP_FORW: name:enp0s3: saddr:16783984: daddr:100932208
[  321.028390] AAAAA-TCP_FORW: name:enp0s3: saddr:33561200: daddr:100932208
[  321.097080] AAAAA-TCP_FORW: name:enp0s3: saddr:33561200: daddr:100932208
[  321.188373] AAAAA-TCP_FORW: name:enp0s3: saddr:33561200: daddr:100932208
[  321.239908] AAAAA-TCP_FORW: name:enp0s3: saddr:33561200: daddr:100932208
[  321.325524] AAAAA-TCP_FORW: name:enp0s3: saddr:33561200: daddr:100932208
[  321.407153] AAAAA-TCP_FORW: name:enp0s3: saddr:33561200: daddr:100932208
[  321.498391] AAAAA-TCP_FORW: name:enp0s3: saddr:33561200: daddr:100932208
[  321.581151] AAAAA-TCP_FORW: name:enp0s3: saddr:33561200: daddr:100932208
[  321.633293] AAAAA-TCP_FORW: name:enp0s3: saddr:33561200: daddr:100932208
[  321.713903] AAAAA-TCP_FORW: name:enp0s3: saddr:33561200: daddr:100932208
[  321.801587] AAAAA-TCP_FORW: name:enp0s3: saddr:16783984: daddr:100932208
[  321.892089] AAAAA-TCP_FORW: name:enp0s3: saddr:16783984: daddr:100932208
[  321.990310] AAAAA-TCP_FORW: name:enp0s3: saddr:16783984: daddr:100932208
[  322.084614] AAAAA-TCP_FORW: name:enp0s3: saddr:16783984: daddr:100932208
[  322.189647] AAAAA-TCP_FORW: name:enp0s3: saddr:16783984: daddr:100932208
[  322.302987] AAAAA-TCP_FORW: name:enp0s3: saddr:16783984: daddr:100932208
[  322.391216] AAAAA-TCP_FORW: name:enp0s3: saddr:16783984: daddr:100932208
[  322.502268] AAAAA-TCP_FORW: name:enp0s3: saddr:16783984: daddr:100932208
[  322.561335] AAAAA-TCP_FORW: name:enp0s3: saddr:33561200: daddr:100932208
[  322.628666] AAAAA-TCP_FORW: name:enp0s3: saddr:33561200: daddr:100932208
[  322.821456] AAAAA-TCP_FORW: name:enp0s3: saddr:33561200: daddr:100932208
[  322.924971] AAAAA-TCP_FORW: name:enp0s3: saddr:33561200: daddr:100932208
[  323.033353] AAAAA-TCP_FORW: name:enp0s3: saddr:33561200: daddr:100932208
[  323.142079] AAAAA-TCP_FORW: name:enp0s3: saddr:16783984: daddr:100932208
[  323.234946] AAAAA-TCP_FORW: name:enp0s3: saddr:16783984: daddr:100932208
[  323.391469] AAAAA-TCP_FORW: name:enp0s3: saddr:16783984: daddr:100932208
[  323.489287] AAAAA-TCP_FORW: name:enp0s3: saddr:16783984: daddr:100932208
[  323.585606] AAAAA-TCP_FORW: name:enp0s3: saddr:33561200: daddr:100932208
[  323.702059] AAAAA-TCP_FORW: name:enp0s3: saddr:33561200: daddr:100932208
[  323.799990] AAAAA-TCP_FORW: name:enp0s3: saddr:16783984: daddr:100932208
[  323.883071] AAAAA-TCP_FORW: name:enp0s3: saddr:16783984: daddr:100932208
[  323.979042] AAAAA-TCP_FORW: name:enp0s3: saddr:33561200: daddr:100932208
[  324.056233] AAAAA-TCP_FORW: name:enp0s3: saddr:33561200: daddr:100932208
[  324.106147] AAAAA-TCP_FORW: name:enp0s3: saddr:16783984: daddr:100932208
[  324.184952] AAAAA-TCP_FORW: name:enp0s3: saddr:16783984: daddr:100932208
[  324.240977] AAAAA-TCP_FORW: name:enp0s3: saddr:33561200: daddr:100932208
[  324.342268] AAAAA-TCP_FORW: name:enp0s3: saddr:33561200: daddr:100932208
[  324.397599] AAAAA-TCP_FORW: name:enp0s3: saddr:16783984: daddr:100932208
[  324.564170] AAAAA-TCP_FORW: name:enp0s3: saddr:16783984: daddr:100932208
[  324.635700] AAAAA-TCP_FORW: name:enp0s3: saddr:33561200: daddr:100932208
[  324.714662] AAAAA-TCP_FORW: name:enp0s3: saddr:33561200: daddr:100932208
[  324.922407] AAAAA-TCP_FORW: name:enp0s3: saddr:33561200: daddr:100932208
[  324.953378] AAAAA-TCP_FORW: name:enp0s3: saddr:33561200: daddr:100932208
[  325.092709] AAAAA-TCP_FORW: name:enp0s3: saddr:33561200: daddr:100932208
[  325.451659] AAAAA-TCP_FORW: name:enp0s3: saddr:33561200: daddr:100932208
[  325.568039] AAAAA-TCP_FORW: name:enp0s3: saddr:33561200: daddr:100932208
[  325.782032] AAAAA-TCP_FORW: name:enp0s3: saddr:33561200: daddr:100932208
[  325.941766] AAAAA-TCP_FORW: name:enp0s3: saddr:33561200: daddr:100932208
[  326.076226] AAAAA-TCP_FORW: name:enp0s3: saddr:33561200: daddr:100932208
[  326.309010] AAAAA-TCP_FORW: name:enp0s3: saddr:33561200: daddr:100932208
[  326.488398] AAAAA-TCP_FORW: name:enp0s3: saddr:33561200: daddr:100932208
[  326.657971] AAAAA-TCP_FORW: name:enp0s3: saddr:33561200: daddr:100932208
[  326.739484] AAAAA-TCP_FORW: name:enp0s3: saddr:16783984: daddr:100932208
[  326.834934] AAAAA-TCP_FORW: name:enp0s3: saddr:16783984: daddr:100932208
[  326.946105] AAAAA-TCP_FORW: name:enp0s3: saddr:16783984: daddr:100932208
[  327.040261] AAAAA-TCP_FORW: name:enp0s3: saddr:16783984: daddr:100932208
[  327.133067] AAAAA-TCP_FORW: name:enp0s3: saddr:16783984: daddr:100932208
[  327.298227] AAAAA-TCP_FORW: name:enp0s3: saddr:16783984: daddr:100932208
[  327.377269] AAAAA-TCP_FORW: name:enp0s3: saddr:16783984: daddr:100932208
[  327.458270] AAAAA-TCP_FORW: name:enp0s3: saddr:16783984: daddr:100932208
[  327.574060] AAAAA-TCP_FORW: name:enp0s3: saddr:16783984: daddr:100932208
[  327.606116] AAAAA-TCP_FORW: name:enp0s3: saddr:16783984: daddr:100932208
[  327.711817] AAAAA-TCP_FORW: name:enp0s3: saddr:16783984: daddr:100932208
[  327.806098] AAAAA-TCP_FORW: name:enp0s3: saddr:16783984: daddr:100932208
[  327.898773] AAAAA-TCP_FORW: name:enp0s3: saddr:16783984: daddr:100932208
[  327.951794] AAAAA-TCP_FORW: name:enp0s3: saddr:33561200: daddr:100932208
[  328.094220] AAAAA-TCP_FORW: name:enp0s3: saddr:33561200: daddr:100932208
[  328.211802] AAAAA-TCP_FORW: name:enp0s3: saddr:33561200: daddr:100932208
[  328.288508] AAAAA-TCP_FORW: name:enp0s3: saddr:33561200: daddr:100932208
[  328.445632] AAAAA-TCP_FORW: name:enp0s3: saddr:33561200: daddr:100932208
[  328.538263] AAAAA-TCP_FORW: name:enp0s3: saddr:33561200: daddr:100932208
[  328.675915] AAAAA-TCP_FORW: name:enp0s3: saddr:33561200: daddr:100932208
[  328.797505] AAAAA-TCP_FORW: name:enp0s3: saddr:33561200: daddr:100932208
[  328.867749] AAAAA-TCP_FORW: name:enp0s3: saddr:16783984: daddr:100932208
[  328.998516] AAAAA-TCP_FORW: name:enp0s3: saddr:16783984: daddr:100932208
[  329.251060] AAAAA-TCP_FORW: name:enp0s3: saddr:16783984: daddr:100932208
[  329.329283] AAAAA-TCP_FORW: name:enp0s3: saddr:16783984: daddr:100932208
[  329.379548] AAAAA-TCP_FORW: name:enp0s3: saddr:16783984: daddr:100932208
[  329.437006] AAAAA-TCP_FORW: name:enp0s3: saddr:33561200: daddr:100932208
[  329.514776] AAAAA-TCP_FORW: name:enp0s3: saddr:33561200: daddr:100932208
[  329.613955] AAAAA-TCP_FORW: name:enp0s3: saddr:16783984: daddr:100932208
[  329.721907] AAAAA-TCP_FORW: name:enp0s3: saddr:16783984: daddr:100932208
[  329.742960] AAAAA-TCP_FORW: name:enp0s3: saddr:16783984: daddr:100932208
[  329.876767] AAAAA-TCP_FORW: name:enp0s3: saddr:33561200: daddr:100932208
[  329.884255] AAAAA-TCP_FORW: name:enp0s3: saddr:33561200: daddr:100932208
[  329.951229] AAAAA-TCP_FORW: name:enp0s3: saddr:16783984: daddr:100932208
[  330.018032] AAAAA-TCP_FORW: name:enp0s3: saddr:16783984: daddr:100932208
[  330.111572] AAAAA-TCP_FORW: name:enp0s3: saddr:33561200: daddr:100932208
[  330.338802] AAAAA-TCP_FORW: name:enp0s3: saddr:33561200: daddr:100932208
[  330.447846] AAAAA-TCP_FORW: name:enp0s3: saddr:33561200: daddr:100932208
[  330.533562] AAAAA-TCP_FORW: name:enp0s3: saddr:16783984: daddr:100932208
[  330.621678] AAAAA-TCP_FORW: name:enp0s3: saddr:16783984: daddr:100932208
[  330.691172] AAAAA-TCP_FORW: name:enp0s3: saddr:16783984: daddr:100932208
[  330.815849] AAAAA-TCP_FORW: name:enp0s3: saddr:33561200: daddr:100932208
[  330.892376] AAAAA-TCP_FORW: name:enp0s3: saddr:33561200: daddr:100932208
[  331.033530] AAAAA-TCP_FORW: name:enp0s3: saddr:33561200: daddr:100932208
[  331.113212] AAAAA-TCP_FORW: name:enp0s3: saddr:33561200: daddr:100932208
[  331.174352] AAAAA-TCP_FORW: name:enp0s3: saddr:33561200: daddr:100932208
[  331.253513] AAAAA-TCP_FORW: name:enp0s3: saddr:33561200: daddr:100932208
[  331.366874] AAAAA-TCP_FORW: name:enp0s3: saddr:33561200: daddr:100932208
[  331.462695] AAAAA-TCP_FORW: name:enp0s3: saddr:33561200: daddr:100932208
[  331.526211] AAAAA-TCP_FORW: name:enp0s3: saddr:33561200: daddr:100932208
[  331.657366] AAAAA-TCP_FORW: name:enp0s3: saddr:33561200: daddr:100932208
[  331.692634] AAAAA-TCP_FORW: name:enp0s3: saddr:33561200: daddr:100932208
[  331.782891] AAAAA-TCP_FORW: name:enp0s3: saddr:33561200: daddr:100932208
[  331.858258] AAAAA-TCP_FORW: name:enp0s3: saddr:33561200: daddr:100932208
[  331.953676] AAAAA-TCP_FORW: name:enp0s3: saddr:33561200: daddr:100932208
[  332.063382] AAAAA-TCP_FORW: name:enp0s3: saddr:33561200: daddr:100932208
[  332.147379] AAAAA-TCP_FORW: name:enp0s3: saddr:33561200: daddr:100932208
[  332.228646] AAAAA-TCP_FORW: name:enp0s3: saddr:33561200: daddr:100932208
[  332.277530] AAAAA-TCP_FORW: name:enp0s3: saddr:33561200: daddr:100932208
[  332.357195] AAAAA-TCP_FORW: name:enp0s3: saddr:33561200: daddr:100932208
[  332.434803] AAAAA-TCP_FORW: name:enp0s3: saddr:16783984: daddr:100932208
[  332.501906] AAAAA-TCP_FORW: name:enp0s3: saddr:16783984: daddr:100932208
[  332.546305] AAAAA-TCP_FORW: name:enp0s3: saddr:16783984: daddr:100932208
[  332.622265] AAAAA-TCP_FORW: name:enp0s3: saddr:16783984: daddr:100932208
[  332.694016] AAAAA-TCP_FORW: name:enp0s3: saddr:16783984: daddr:100932208
[  332.756638] AAAAA-TCP_FORW: name:enp0s3: saddr:16783984: daddr:100932208
[  332.854918] AAAAA-TCP_FORW: name:enp0s3: saddr:16783984: daddr:100932208
[  333.022140] AAAAA-TCP_FORW: name:enp0s3: saddr:16783984: daddr:100932208
[  333.087840] AAAAA-TCP_FORW: name:enp0s3: saddr:16783984: daddr:100932208
[  333.141753] AAAAA-TCP_FORW: name:enp0s3: saddr:33561200: daddr:100932208
[  333.236112] AAAAA-TCP_FORW: name:enp0s3: saddr:33561200: daddr:100932208
[  333.376052] AAAAA-TCP_FORW: name:enp0s3: saddr:33561200: daddr:100932208
[  333.433053] AAAAA-TCP_FORW: name:enp0s3: saddr:33561200: daddr:100932208
[  333.510146] AAAAA-TCP_FORW: name:enp0s3: saddr:16783984: daddr:100932208
[  333.647753] AAAAA-TCP_FORW: name:enp0s3: saddr:16783984: daddr:100932208
[  333.730104] AAAAA-TCP_FORW: name:enp0s3: saddr:16783984: daddr:100932208
[  333.803911] AAAAA-TCP_FORW: name:enp0s3: saddr:16783984: daddr:100932208
[  333.848387] AAAAA-TCP_FORW: name:enp0s3: saddr:16783984: daddr:100932208
[  333.958005] AAAAA-TCP_FORW: name:enp0s3: saddr:33561200: daddr:100932208
[  333.999059] AAAAA-TCP_FORW: name:enp0s3: saddr:100932208: daddr:33561200
[  334.069095] AAAAA-TCP_FORW: name:enp0s3: saddr:16783984: daddr:100932208
[  334.152553] AAAAA-TCP_FORW: name:enp0s3: saddr:100932208: daddr:33561200
[  334.178727] AAAAA-TCP_FORW: name:enp0s3: saddr:16783984: daddr:100932208
[  334.223924] AAAAA-TCP_FORW: name:enp0s3: saddr:100932208: daddr:33561200
[  334.297914] AAAAA-TCP_FORW: name:enp0s3: saddr:16783984: daddr:100932208
[  334.309270] AAAAA-TCP_FORW: name:enp0s3: saddr:100932208: daddr:33561200
[  334.374126] AAAAA-TCP_FORW: name:enp0s3: saddr:33561200: daddr:100932208
[  334.406844] AAAAA-TCP_FORW: name:enp0s3: saddr:100932208: daddr:33561200
[  334.465537] AAAAA-TCP_FORW: name:enp0s3: saddr:100932208: daddr:33561200
[  334.525935] AAAAA-TCP_FORW: name:enp0s3: saddr:100932208: daddr:33561200
[  334.575902] AAAAA-TCP_FORW: name:enp0s3: saddr:100932208: daddr:16783984
[  334.643527] AAAAA-TCP_FORW: name:enp0s3: saddr:100932208: daddr:16783984
[  334.776743] AAAAA-TCP_FORW: name:enp0s3: saddr:100932208: daddr:16783984
[  334.843054] AAAAA-TCP_FORW: name:enp0s3: saddr:100932208: daddr:16783984
[  334.906719] AAAAA-TCP_FORW: name:enp0s3: saddr:100932208: daddr:16783984
[  334.932065] AAAAA-TCP_FORW: name:enp0s3: saddr:33561200: daddr:100932208
[  334.964878] AAAAA-TCP_FORW: name:enp0s3: saddr:100932208: daddr:16783984
[  335.011589] AAAAA-TCP_FORW: name:enp0s3: saddr:100932208: daddr:16783984
[  335.048646] AAAAA-TCP_FORW: name:enp0s3: saddr:100932208: daddr:16783984
[  335.083526] AAAAA-TCP_FORW: name:enp0s3: saddr:100932208: daddr:16783984
[  335.121342] AAAAA-TCP_FORW: name:enp0s3: saddr:33561200: daddr:100932208
[  335.125989] AAAAA-TCP_FORW: name:enp0s3: saddr:100932208: daddr:16783984
[  335.173034] AAAAA-TCP_FORW: name:enp0s3: saddr:100932208: daddr:16783984
[  335.281201] AAAAA-TCP_FORW: name:enp0s3: saddr:100932208: daddr:33561200
[  335.318212] AAAAA-TCP_FORW: name:enp0s3: saddr:33561200: daddr:100932208
[  335.346592] AAAAA-TCP_FORW: name:enp0s3: saddr:100932208: daddr:33561200
[  335.390337] AAAAA-TCP_FORW: name:enp0s3: saddr:100932208: daddr:33561200
[  335.423329] AAAAA-TCP_FORW: name:enp0s3: saddr:33561200: daddr:100932208
[  335.446534] AAAAA-TCP_FORW: name:enp0s3: saddr:100932208: daddr:16783984
[  335.501400] AAAAA-TCP_FORW: name:enp0s3: saddr:100932208: daddr:16783984
[  335.518104] AAAAA-TCP_FORW: name:enp0s3: saddr:33561200: daddr:100932208
[  335.546738] AAAAA-TCP_FORW: name:enp0s3: saddr:100932208: daddr:16783984
[  335.563039] AAAAA-TCP_FORW: name:enp0s3: saddr:33561200: daddr:100932208
[  335.584405] AAAAA-TCP_FORW: name:enp0s3: saddr:100932208: daddr:16783984
[  335.615473] AAAAA-TCP_FORW: name:enp0s3: saddr:100932208: daddr:16783984
[  335.658112] AAAAA-TCP_FORW: name:enp0s3: saddr:100932208: daddr:16783984
[  335.683117] AAAAA-TCP_FORW: name:enp0s3: saddr:33561200: daddr:100932208
[  335.727162] AAAAA-TCP_FORW: name:enp0s3: saddr:16783984: daddr:100932208
[  335.788229] AAAAA-TCP_FORW: name:enp0s3: saddr:16783984: daddr:100932208
[  335.821380] AAAAA-TCP_FORW: name:enp0s3: saddr:16783984: daddr:100932208
[  335.854963] AAAAA-TCP_FORW: name:enp0s3: saddr:16783984: daddr:100932208
[  335.880807] AAAAA-TCP_FORW: name:enp0s3: saddr:16783984: daddr:100932208
[  335.933092] AAAAA-TCP_FORW: name:enp0s3: saddr:16783984: daddr:100932208
[  335.943864] AAAAA-TCP_FORW: name:enp0s3: saddr:16783984: daddr:100932208
[  335.993686] AAAAA-TCP_FORW: name:enp0s3: saddr:16783984: daddr:100932208
[  336.041027] AAAAA-TCP_FORW: name:enp0s3: saddr:16783984: daddr:100932208
[  336.072898] AAAAA-TCP_FORW: name:enp0s3: saddr:16783984: daddr:100932208
[  336.115476] AAAAA-TCP_FORW: name:enp0s3: saddr:16783984: daddr:100932208
[  336.149264] AAAAA-TCP_FORW: name:enp0s3: saddr:16783984: daddr:100932208
[  336.186568] AAAAA-TCP_FORW: name:enp0s3: saddr:16783984: daddr:100932208
[  336.225633] AAAAA-TCP_FORW: name:enp0s3: saddr:16783984: daddr:100932208
[  336.251683] AAAAA-TCP_FORW: name:enp0s3: saddr:33561200: daddr:100932208
[  336.308117] AAAAA-TCP_FORW: name:enp0s3: saddr:33561200: daddr:100932208
[  336.331400] AAAAA-TCP_FORW: name:enp0s3: saddr:33561200: daddr:100932208
[  336.384834] AAAAA-TCP_FORW: name:enp0s3: saddr:16783984: daddr:100932208
[  336.407725] AAAAA-TCP_FORW: name:enp0s3: saddr:16783984: daddr:100932208
[  336.480008] AAAAA-TCP_FORW: name:enp0s3: saddr:16783984: daddr:100932208
[  336.546489] AAAAA-TCP_FORW: name:enp0s3: saddr:16783984: daddr:100932208
[  336.575439] AAAAA-TCP_FORW: name:enp0s3: saddr:16783984: daddr:100932208
[  336.597153] AAAAA-TCP_FORW: name:enp0s3: saddr:16783984: daddr:100932208
[  336.671875] AAAAA-TCP_FORW: name:enp0s3: saddr:16783984: daddr:100932208
[  336.774857] AAAAA-TCP_FORW: name:enp0s3: saddr:16783984: daddr:100932208
[  336.857164] AAAAA-TCP_FORW: name:enp0s3: saddr:16783984: daddr:100932208
[  336.933006] AAAAA-TCP_FORW: name:enp0s3: saddr:16783984: daddr:100932208
[  337.016250] AAAAA-TCP_FORW: name:enp0s3: saddr:16783984: daddr:100932208
[  337.134899] AAAAA-TCP_FORW: name:enp0s3: saddr:16783984: daddr:100932208
[  337.282297] AAAAA-TCP_FORW: name:enp0s3: saddr:16783984: daddr:100932208
[  337.380603] AAAAA-TCP_FORW: name:enp0s3: saddr:16783984: daddr:100932208
[  337.593929] AAAAA-TCP_FORW: name:enp0s3: saddr:16783984: daddr:100932208
[  337.725048] AAAAA-TCP_FORW: name:enp0s3: saddr:16783984: daddr:100932208
[  337.868585] AAAAA-TCP_FORW: name:enp0s3: saddr:16783984: daddr:100932208
[  337.937076] AAAAA-TCP_FORW: name:enp0s3: saddr:16783984: daddr:100932208
[  338.034752] AAAAA-TCP_FORW: name:enp0s3: saddr:16783984: daddr:100932208
[  338.150506] AAAAA-TCP_FORW: name:enp0s3: saddr:16783984: daddr:100932208
[  338.221276] AAAAA-TCP_FORW: name:enp0s3: saddr:16783984: daddr:100932208
[  338.342151] AAAAA-TCP_FORW: name:enp0s3: saddr:16783984: daddr:100932208
[  338.512378] AAAAA-TCP_FORW: name:enp0s3: saddr:16783984: daddr:100932208
[  338.621182] AAAAA-TCP_FORW: name:enp0s3: saddr:16783984: daddr:100932208
[  338.700834] AAAAA-TCP_FORW: name:enp0s3: saddr:16783984: daddr:100932208
[  338.796543] AAAAA-TCP_FORW: name:enp0s3: saddr:16783984: daddr:100932208
[  338.963275] AAAAA-TCP_FORW: name:enp0s3: saddr:16783984: daddr:100932208
[  339.264322] AAAAA-TCP_FORW: name:enp0s3: saddr:16783984: daddr:100932208
[  339.489268] AAAAA-TCP_FORW: name:enp0s3: saddr:16783984: daddr:100932208
[  339.572924] AAAAA-TCP_FORW: name:enp0s3: saddr:16783984: daddr:100932208
[  339.678421] AAAAA-TCP_FORW: name:enp0s3: saddr:16783984: daddr:100932208
[  353.624154] AAAAA-TCP_FORW: name:enp0s3: saddr:33561200: daddr:100932208
[  353.704072] AAAAA-TCP_FORW: name:enp0s3: saddr:16783984: daddr:100932208
[  353.760121] AAAAA-TCP_FORW: name:enp0s3: saddr:33561200: daddr:100932208
[  353.853182] AAAAA-TCP_FORW: name:enp0s3: saddr:33561200: daddr:100932208
[  353.954393] AAAAA-TCP_FORW: name:enp0s3: saddr:33561200: daddr:100932208
[  354.055125] AAAAA-TCP_FORW: name:enp0s3: saddr:33561200: daddr:100932208
[  354.149437] AAAAA-TCP_FORW: name:enp0s3: saddr:33561200: daddr:100932208
[  360.424972] AAAAA-TCP_FORW: name:enp0s3: saddr:16783984: daddr:100932208
[  360.504529] AAAAA-TCP_FORW: name:enp0s3: saddr:16783984: daddr:100932208
[  360.840316] AAAAA-TCP_FORW: name:enp0s3: saddr:16783984: daddr:100932208
[  360.913171] AAAAA-TCP_FORW: name:enp0s3: saddr:16783984: daddr:100932208
[  361.080337] AAAAA-TCP_FORW: name:enp0s3: saddr:16783984: daddr:100932208
[  361.116752] AAAAA-TCP_FORW: name:enp0s3: saddr:33561200: daddr:100932208
[  361.222289] AAAAA-TCP_FORW: name:enp0s3: saddr:16783984: daddr:100932208
[  361.271966] AAAAA-TCP_FORW: name:enp0s3: saddr:16783984: daddr:100932208
[  361.320526] AAAAA-TCP_FORW: name:enp0s3: saddr:33561200: daddr:100932208
[  361.439375] AAAAA-TCP_FORW: name:enp0s3: saddr:16783984: daddr:100932208
[  361.525636] AAAAA-TCP_FORW: name:enp0s3: saddr:33561200: daddr:100932208
[  361.604909] AAAAA-TCP_FORW: name:enp0s3: saddr:16783984: daddr:100932208
[  361.642845] AAAAA-TCP_FORW: name:enp0s3: saddr:16783984: daddr:100932208
[  361.722114] AAAAA-TCP_FORW: name:enp0s3: saddr:16783984: daddr:100932208
[  361.771488] AAAAA-TCP_FORW: name:enp0s3: saddr:16783984: daddr:100932208
[  361.965583] AAAAA-TCP_FORW: name:enp0s3: saddr:16783984: daddr:100932208
[  362.069794] AAAAA-TCP_FORW: name:enp0s3: saddr:16783984: daddr:100932208
[  362.208651] AAAAA-TCP_FORW: name:enp0s3: saddr:16783984: daddr:100932208
[  362.696854] AAAAA-TCP_FORW: name:enp0s3: saddr:16783984: daddr:100932208
[  362.782284] AAAAA-TCP_FORW: name:enp0s3: saddr:16783984: daddr:100932208
[  362.863717] AAAAA-TCP_FORW: name:enp0s3: saddr:16783984: daddr:100932208
[  362.910875] AAAAA-TCP_FORW: name:enp0s3: saddr:16783984: daddr:100932208
[  363.626343] AAAAA-TCP_FORW: name:enp0s3: saddr:16783984: daddr:100932208
[  363.718970] AAAAA-TCP_FORW: name:enp0s3: saddr:16783984: daddr:100932208
[  363.788922] AAAAA-TCP_FORW: name:enp0s3: saddr:16783984: daddr:100932208
[  363.930693] AAAAA-TCP_FORW: name:enp0s3: saddr:33561200: daddr:100932208
[  364.011085] AAAAA-TCP_FORW: name:enp0s3: saddr:16783984: daddr:100932208
[  364.103860] AAAAA-TCP_FORW: name:enp0s3: saddr:33561200: daddr:100932208
[  364.148852] AAAAA-TCP_FORW: name:enp0s3: saddr:16783984: daddr:100932208
[  364.222905] AAAAA-TCP_FORW: name:enp0s3: saddr:33561200: daddr:100932208
[  364.464815] AAAAA-TCP_FORW: name:enp0s3: saddr:33561200: daddr:100932208
[  364.548870] AAAAA-TCP_FORW: name:enp0s3: saddr:16783984: daddr:100932208
[  364.688871] AAAAA-TCP_FORW: name:enp0s3: saddr:33561200: daddr:100932208
[  364.776401] AAAAA-TCP_FORW: name:enp0s3: saddr:16783984: daddr:100932208
[  364.950518] AAAAA-TCP_FORW: name:enp0s3: saddr:33561200: daddr:100932208
[  365.034601] AAAAA-TCP_FORW: name:enp0s3: saddr:16783984: daddr:100932208
[  365.228616] AAAAA-TCP_FORW: name:enp0s3: saddr:33561200: daddr:100932208
[  365.305981] AAAAA-TCP_FORW: name:enp0s3: saddr:16783984: daddr:100932208
[  365.413136] AAAAA-TCP_FORW: name:enp0s3: saddr:33561200: daddr:100932208
[  365.473293] AAAAA-TCP_FORW: name:enp0s3: saddr:16783984: daddr:100932208
[  365.575510] AAAAA-TCP_FORW: name:enp0s3: saddr:33561200: daddr:100932208
[  365.628532] AAAAA-TCP_FORW: name:enp0s3: saddr:16783984: daddr:100932208
[  366.026938] AAAAA-TCP_FORW: name:enp0s3: saddr:33561200: daddr:100932208
[  366.083142] AAAAA-TCP_FORW: name:enp0s3: saddr:16783984: daddr:100932208
[  366.143245] AAAAA-TCP_FORW: name:enp0s3: saddr:33561200: daddr:100932208
[  366.590419] AAAAA-TCP_FORW: name:enp0s3: saddr:33561200: daddr:100932208
[  366.727238] AAAAA-TCP_FORW: name:enp0s3: saddr:33561200: daddr:100932208
[  366.795635] AAAAA-TCP_FORW: name:enp0s3: saddr:33561200: daddr:100932208
[  366.880266] AAAAA-TCP_FORW: name:enp0s3: saddr:16783984: daddr:100932208
[  366.973086] AAAAA-TCP_FORW: name:enp0s3: saddr:33561200: daddr:100932208
[  367.059344] AAAAA-TCP_FORW: name:enp0s3: saddr:16783984: daddr:100932208
[  374.823158] AAAAA-TCP_FORW: name:enp0s3: saddr:33561200: daddr:100932208
[  375.398197] AAAAA-TCP_FORW: name:enp0s3: saddr:100932208: daddr:33561200
[  713.222426] rfkill: input handler enabled
[  723.661840] rfkill: input handler disabled
[  923.575437] device enp0s3 left promiscuous mode
