[    0.000000] Linux version 5.4.243-mptcp (root@ztg) (gcc version 12.2.0 (Debian 12.2.0-14+deb12u1)) #53 SMP Wed Dec 24 23:28:15 CST 2025
[    0.000000] Command line: BOOT_IMAGE=/boot/vmlinuz-5.4.243-mptcp root=UUID=98415a12-53b7-4144-8265-0f7ece09e445 ro quiet splash
[    0.000000] KERNEL supported cpus:
[    0.000000]   Intel GenuineIntel
[    0.000000]   AMD AuthenticAMD
[    0.000000]   Hygon HygonGenuine
[    0.000000]   Centaur CentaurHauls
[    0.000000]   zhaoxin   Shanghai  
[    0.000000] x86/fpu: Supporting XSAVE feature 0x001: 'x87 floating point registers'
[    0.000000] x86/fpu: Supporting XSAVE feature 0x002: 'SSE registers'
[    0.000000] x86/fpu: Supporting XSAVE feature 0x004: 'AVX registers'
[    0.000000] x86/fpu: xstate_offset[2]:  576, xstate_sizes[2]:  256
[    0.000000] x86/fpu: Enabled xstate features 0x7, context size is 832 bytes, using 'standard' format.
[    0.000000] BIOS-provided physical RAM map:
[    0.000000] BIOS-e820: [mem 0x0000000000000000-0x000000000009fbff] usable
[    0.000000] BIOS-e820: [mem 0x000000000009fc00-0x000000000009ffff] reserved
[    0.000000] BIOS-e820: [mem 0x00000000000f0000-0x00000000000fffff] reserved
[    0.000000] BIOS-e820: [mem 0x0000000000100000-0x000000007ffeffff] usable
[    0.000000] BIOS-e820: [mem 0x000000007fff0000-0x000000007fffffff] ACPI data
[    0.000000] BIOS-e820: [mem 0x00000000fec00000-0x00000000fec00fff] reserved
[    0.000000] BIOS-e820: [mem 0x00000000fee00000-0x00000000fee00fff] reserved
[    0.000000] BIOS-e820: [mem 0x00000000fffc0000-0x00000000ffffffff] reserved
[    0.000000] NX (Execute Disable) protection: active
[    0.000000] SMBIOS 2.5 present.
[    0.000000] DMI: innotek GmbH VirtualBox/VirtualBox, BIOS VirtualBox 12/01/2006
[    0.000000] Hypervisor detected: KVM
[    0.000000] kvm-clock: Using msrs 4b564d01 and 4b564d00
[    0.000000] kvm-clock: cpu 0, msr 7c401001, primary cpu clock
[    0.000000] kvm-clock: using sched offset of 4448404465 cycles
[    0.000003] clocksource: kvm-clock: mask: 0xffffffffffffffff max_cycles: 0x1cd42e4dffb, max_idle_ns: 881590591483 ns
[    0.000005] tsc: Detected 2100.000 MHz processor
[    0.001887] e820: update [mem 0x00000000-0x00000fff] usable ==> reserved
[    0.001889] e820: remove [mem 0x000a0000-0x000fffff] usable
[    0.001893] last_pfn = 0x7fff0 max_arch_pfn = 0x400000000
[    0.001961] MTRR default type: uncachable
[    0.001961] MTRR fixed ranges enabled:
[    0.001963]   00000-9FFFF write-back
[    0.001963]   A0000-BFFFF uncachable
[    0.001964]   C0000-FFFFF write-protect
[    0.001965] MTRR variable ranges enabled:
[    0.001966]   0 base 000000000000 mask 3FFF80000000 write-back
[    0.001967]   1 disabled
[    0.001968]   2 disabled
[    0.001968]   3 disabled
[    0.001968]   4 disabled
[    0.001969]   5 disabled
[    0.001969]   6 disabled
[    0.001970]   7 disabled
[    0.001970]   8 disabled
[    0.001970]   9 disabled
[    0.001971]   10 disabled
[    0.001971]   11 disabled
[    0.001972]   12 disabled
[    0.001972]   13 disabled
[    0.001973]   14 disabled
[    0.001973]   15 disabled
[    0.001990] x86/PAT: Configuration [0-7]: WB  WC  UC- UC  WB  WP  UC- WT  
[    0.002124] found SMP MP-table at [mem 0x0009fff0-0x0009ffff]
[    0.094631] check: Scanning 1 areas for low memory corruption
[    0.094893] RAMDISK: [mem 0x32271000-0x3512ffff]
[    0.094901] ACPI: Early table checksum verification disabled
[    0.094907] ACPI: RSDP 0x00000000000E0000 000024 (v02 VBOX  )
[    0.094911] ACPI: XSDT 0x000000007FFF0030 00003C (v01 VBOX   VBOXXSDT 00000001 ASL  00000061)
[    0.094918] ACPI: FACP 0x000000007FFF00F0 0000F4 (v04 VBOX   VBOXFACP 00000001 ASL  00000061)
[    0.094924] ACPI: DSDT 0x000000007FFF02E0 002353 (v02 VBOX   VBOXBIOS 00000002 VBOX 00029BF3)
[    0.094928] ACPI: FACS 0x000000007FFF0200 000040
[    0.094932] ACPI: FACS 0x000000007FFF0200 000040
[    0.094935] ACPI: APIC 0x000000007FFF0240 000054 (v02 VBOX   VBOXAPIC 00000001 ASL  00000061)
[    0.094939] ACPI: SSDT 0x000000007FFF02A0 000038 (v01 VBOX   VBOXCPUT 00000002 VBOX 00029BF3)
[    0.094942] ACPI: Reserving FACP table memory at [mem 0x7fff00f0-0x7fff01e3]
[    0.094943] ACPI: Reserving DSDT table memory at [mem 0x7fff02e0-0x7fff2632]
[    0.094943] ACPI: Reserving FACS table memory at [mem 0x7fff0200-0x7fff023f]
[    0.094944] ACPI: Reserving FACS table memory at [mem 0x7fff0200-0x7fff023f]
[    0.094945] ACPI: Reserving APIC table memory at [mem 0x7fff0240-0x7fff0293]
[    0.094945] ACPI: Reserving SSDT table memory at [mem 0x7fff02a0-0x7fff02d7]
[    0.094960] ACPI: Local APIC address 0xfee00000
[    0.095143] No NUMA configuration found
[    0.095144] Faking a node at [mem 0x0000000000000000-0x000000007ffeffff]
[    0.095154] NODE_DATA(0) allocated [mem 0x7ffc5000-0x7ffeffff]
[    0.095414] Zone ranges:
[    0.095415]   DMA      [mem 0x0000000000001000-0x0000000000ffffff]
[    0.095416]   DMA32    [mem 0x0000000001000000-0x000000007ffeffff]
[    0.095417]   Normal   empty
[    0.095418]   Device   empty
[    0.095419] Movable zone start for each node
[    0.095420] Early memory node ranges
[    0.095421]   node   0: [mem 0x0000000000001000-0x000000000009efff]
[    0.095422]   node   0: [mem 0x0000000000100000-0x000000007ffeffff]
[    0.095425] Zeroed struct page in unavailable ranges: 114 pages
[    0.095426] Initmem setup node 0 [mem 0x0000000000001000-0x000000007ffeffff]
[    0.095427] On node 0 totalpages: 524174
[    0.095428]   DMA zone: 64 pages used for memmap
[    0.095429]   DMA zone: 21 pages reserved
[    0.095430]   DMA zone: 3998 pages, LIFO batch:0
[    0.095501]   DMA32 zone: 8128 pages used for memmap
[    0.095502]   DMA32 zone: 520176 pages, LIFO batch:63
[    0.104375] ACPI: PM-Timer IO Port: 0x4008
[    0.104379] ACPI: Local APIC address 0xfee00000
[    0.104447] IOAPIC[0]: apic_id 1, version 32, address 0xfec00000, GSI 0-23
[    0.104450] ACPI: INT_SRC_OVR (bus 0 bus_irq 0 global_irq 2 dfl dfl)
[    0.104452] ACPI: INT_SRC_OVR (bus 0 bus_irq 9 global_irq 9 low level)
[    0.104453] ACPI: IRQ0 used by override.
[    0.104455] ACPI: IRQ9 used by override.
[    0.104457] Using ACPI (MADT) for SMP configuration information
[    0.104464] smpboot: Allowing 1 CPUs, 0 hotplug CPUs
[    0.104486] PM: Registered nosave memory: [mem 0x00000000-0x00000fff]
[    0.104487] PM: Registered nosave memory: [mem 0x0009f000-0x0009ffff]
[    0.104488] PM: Registered nosave memory: [mem 0x000a0000-0x000effff]
[    0.104488] PM: Registered nosave memory: [mem 0x000f0000-0x000fffff]
[    0.104490] [mem 0x80000000-0xfebfffff] available for PCI devices
[    0.104491] Booting paravirtualized kernel on KVM
[    0.104494] clocksource: refined-jiffies: mask: 0xffffffff max_cycles: 0xffffffff, max_idle_ns: 7645519600211568 ns
[    0.104499] setup_percpu: NR_CPUS:8192 nr_cpumask_bits:1 nr_cpu_ids:1 nr_node_ids:1
[    0.105520] percpu: Embedded 60 pages/cpu s208896 r8192 d28672 u2097152
[    0.105525] pcpu-alloc: s208896 r8192 d28672 u2097152 alloc=1*2097152
[    0.105526] pcpu-alloc: [0] 0 
[    0.105552] Built 1 zonelists, mobility grouping on.  Total pages: 515961
[    0.105553] Policy zone: DMA32
[    0.105554] Kernel command line: BOOT_IMAGE=/boot/vmlinuz-5.4.243-mptcp root=UUID=98415a12-53b7-4144-8265-0f7ece09e445 ro quiet splash
[    0.106429] Dentry cache hash table entries: 262144 (order: 9, 2097152 bytes, linear)
[    0.106589] Inode-cache hash table entries: 131072 (order: 8, 1048576 bytes, linear)
[    0.106639] mem auto-init: stack:off, heap alloc:on, heap free:off
[    0.106642] Calgary: detecting Calgary via BIOS EBDA area
[    0.106643] Calgary: Unable to locate Rio Grande table in EBDA - bailing!
[    0.110815] Memory: 1967332K/2096696K available (14339K kernel code, 2398K rwdata, 4712K rodata, 2728K init, 17260K bss, 129364K reserved, 0K cma-reserved)
[    0.111775] SLUB: HWalign=64, Order=0-3, MinObjects=0, CPUs=1, Nodes=1
[    0.111792] ftrace: allocating 43186 entries in 169 pages
[    0.129179] rcu: Hierarchical RCU implementation.
[    0.129180] rcu: 	RCU restricting CPUs from NR_CPUS=8192 to nr_cpu_ids=1.
[    0.129181] 	Tasks RCU enabled.
[    0.129182] rcu: RCU calculated value of scheduler-enlistment delay is 25 jiffies.
[    0.129183] rcu: Adjusting geometry for rcu_fanout_leaf=16, nr_cpu_ids=1
[    0.132169] NR_IRQS: 524544, nr_irqs: 256, preallocated irqs: 16
[    0.132382] random: crng init done
[    0.141743] Console: colour VGA+ 80x25
[    0.141747] printk: console [tty0] enabled
[    0.141767] ACPI: Core revision 20190816
[    0.141859] APIC: Switch to symmetric I/O mode setup
[    0.142106] x2apic enabled
[    0.142343] Switched APIC routing to physical x2apic.
[    0.143469] ..TIMER: vector=0x30 apic1=0 pin1=2 apic2=-1 pin2=-1
[    0.143494] clocksource: tsc-early: mask: 0xffffffffffffffff max_cycles: 0x1e4530a99b6, max_idle_ns: 440795257976 ns
[    0.143499] Calibrating delay loop (skipped) preset value.. 4200.00 BogoMIPS (lpj=8400000)
[    0.143502] pid_max: default: 32768 minimum: 301
[    0.143530] LSM: Security Framework initializing
[    0.143539] Yama: becoming mindful.
[    0.143567] AppArmor: AppArmor initialized
[    0.143602] Mount-cache hash table entries: 4096 (order: 3, 32768 bytes, linear)
[    0.143606] Mountpoint-cache hash table entries: 4096 (order: 3, 32768 bytes, linear)
[    0.143617] *** VALIDATE tmpfs ***
[    0.143751] *** VALIDATE proc ***
[    0.143792] *** VALIDATE cgroup1 ***
[    0.143794] *** VALIDATE cgroup2 ***
[    0.143935] process: using mwait in idle threads
[    0.143940] Last level iTLB entries: 4KB 64, 2MB 8, 4MB 8
[    0.143941] Last level dTLB entries: 4KB 64, 2MB 0, 4MB 0, 1GB 4
[    0.143961] Spectre V1 : Mitigation: usercopy/swapgs barriers and __user pointer sanitization
[    0.143966] Spectre V2 : Mitigation: Retpolines
[    0.143967] Spectre V2 : Spectre v2 / SpectreRSB mitigation: Filling RSB on context switch
[    0.143967] Spectre V2 : Spectre v2 / SpectreRSB : Filling RSB on VMEXIT
[    0.143968] RETBleed: WARNING: Spectre v2 mitigation leaves CPU vulnerable to RETBleed attacks, data leaks possible!
[    0.144324] RETBleed: Vulnerable
[    0.144324] Speculative Store Bypass: Vulnerable
[    0.144329] TAA: Mitigation: TSX disabled
[    0.144330] MMIO Stale Data: Mitigation: Clear CPU buffers
[    0.148541] Freeing SMP alternatives memory: 40K
[    0.260717] smpboot: CPU0: Intel(R) Xeon(R) Silver 4216 CPU @ 2.10GHz (family: 0x6, model: 0x55, stepping: 0x7)
[    0.260837] Performance Events: unsupported p6 CPU model 85 no PMU driver, software events only.
[    0.260872] rcu: Hierarchical SRCU implementation.
[    0.261346] NMI watchdog: Perf NMI watchdog permanently disabled
[    0.261384] smp: Bringing up secondary CPUs ...
[    0.261385] smp: Brought up 1 node, 1 CPU
[    0.261386] smpboot: Max logical packages: 1
[    0.261387] smpboot: Total of 1 processors activated (4200.00 BogoMIPS)
[    0.262370] devtmpfs: initialized
[    0.262417] x86/mm: Memory block size: 128MB
[    0.262765] clocksource: jiffies: mask: 0xffffffff max_cycles: 0xffffffff, max_idle_ns: 7645041785100000 ns
[    0.262771] futex hash table entries: 256 (order: 2, 16384 bytes, linear)
[    0.262814] pinctrl core: initialized pinctrl subsystem
[    0.262913] PM: RTC time: 08:21:37, date: 2026-01-13
[    0.263020] NET: Registered protocol family 16
[    0.263094] audit: initializing netlink subsys (disabled)
[    0.263219] EISA bus registered
[    0.263221] cpuidle: using governor ladder
[    0.263221] cpuidle: using governor menu
[    0.263258] ACPI: bus type PCI registered
[    0.263260] acpiphp: ACPI Hot Plug PCI Controller Driver version: 0.5
[    0.263364] PCI: Using configuration type 1 for base access
[    0.263793] audit: type=2000 audit(1768263703.961:1): state=initialized audit_enabled=0 res=1
[    0.263874] HugeTLB registered 2.00 MiB page size, pre-allocated 0 pages
[    0.264691] ACPI: Added _OSI(Module Device)
[    0.264692] ACPI: Added _OSI(Processor Device)
[    0.264693] ACPI: Added _OSI(3.0 _SCP Extensions)
[    0.264694] ACPI: Added _OSI(Processor Aggregator Device)
[    0.264694] ACPI: Added _OSI(Linux-Dell-Video)
[    0.264695] ACPI: Added _OSI(Linux-Lenovo-NV-HDMI-Audio)
[    0.264696] ACPI: Added _OSI(Linux-HPI-Hybrid-Graphics)
[    0.266652] ACPI: 2 ACPI AML tables successfully acquired and loaded
[    0.268169] ACPI: Interpreter enabled
[    0.268179] ACPI: (supports S0 S5)
[    0.268180] ACPI: Using IOAPIC for interrupt routing
[    0.268384] PCI: Using host bridge windows from ACPI; if necessary, use "pci=nocrs" and report a bug
[    0.268490] ACPI: Enabled 2 GPEs in block 00 to 07
[    0.273292] ACPI: PCI Root Bridge [PCI0] (domain 0000 [bus 00-ff])
[    0.273297] acpi PNP0A03:00: _OSC: OS supports [ASPM ClockPM Segments MSI HPX-Type3]
[    0.273740] acpi PNP0A03:00: _OSC: not requesting OS control; OS requires [ExtendedConfig ASPM ClockPM MSI]
[    0.273748] acpi PNP0A03:00: fail to add MMCONFIG information, can't access extended PCI configuration space under this bridge.
[    0.274116] PCI host bridge to bus 0000:00
[    0.274118] pci_bus 0000:00: root bus resource [io  0x0000-0x0cf7 window]
[    0.274119] pci_bus 0000:00: root bus resource [io  0x0d00-0xffff window]
[    0.274120] pci_bus 0000:00: root bus resource [mem 0x000a0000-0x000bffff window]
[    0.274121] pci_bus 0000:00: root bus resource [mem 0x80000000-0xfdffffff window]
[    0.274122] pci_bus 0000:00: root bus resource [bus 00-ff]
[    0.274168] pci 0000:00:00.0: [8086:1237] type 00 class 0x060000
[    0.275102] pci 0000:00:01.0: [8086:7000] type 00 class 0x060100
[    0.275894] pci 0000:00:01.1: [8086:7111] type 00 class 0x01018a
[    0.276261] pci 0000:00:01.1: reg 0x20: [io  0xd000-0xd00f]
[    0.276413] pci 0000:00:01.1: legacy IDE quirk: reg 0x10: [io  0x01f0-0x01f7]
[    0.276414] pci 0000:00:01.1: legacy IDE quirk: reg 0x14: [io  0x03f6]
[    0.276415] pci 0000:00:01.1: legacy IDE quirk: reg 0x18: [io  0x0170-0x0177]
[    0.276416] pci 0000:00:01.1: legacy IDE quirk: reg 0x1c: [io  0x0376]
[    0.276948] pci 0000:00:02.0: [15ad:0405] type 00 class 0x030000
[    0.279574] pci 0000:00:02.0: reg 0x10: [io  0xd010-0xd01f]
[    0.282395] pci 0000:00:02.0: reg 0x14: [mem 0xe0000000-0xe7ffffff pref]
[    0.285352] pci 0000:00:02.0: reg 0x18: [mem 0xf0000000-0xf01fffff]
[    0.296182] pci 0000:00:03.0: [1022:2000] type 00 class 0x020000
[    0.296854] pci 0000:00:03.0: reg 0x10: [io  0xd020-0xd03f]
[    0.297464] pci 0000:00:03.0: reg 0x14: [mem 0xf0200000-0xf0200fff]
[    0.301413] pci 0000:00:04.0: [80ee:cafe] type 00 class 0x088000
[    0.302096] pci 0000:00:04.0: reg 0x10: [io  0xd040-0xd05f]
[    0.302718] pci 0000:00:04.0: reg 0x14: [mem 0xf0400000-0xf07fffff]
[    0.303343] pci 0000:00:04.0: reg 0x18: [mem 0xf0800000-0xf0803fff pref]
[    0.307043] pci 0000:00:07.0: [8086:7113] type 00 class 0x068000
[    0.307607] pci 0000:00:07.0: quirk: [io  0x4000-0x403f] claimed by PIIX4 ACPI
[    0.307616] pci 0000:00:07.0: quirk: [io  0x4100-0x410f] claimed by PIIX4 SMB
[    0.308197] pci 0000:00:08.0: [1022:2000] type 00 class 0x020000
[    0.308874] pci 0000:00:08.0: reg 0x10: [io  0xd060-0xd07f]
[    0.309489] pci 0000:00:08.0: reg 0x14: [mem 0xf0804000-0xf0804fff]
[    0.312877] pci 0000:00:09.0: [8086:100e] type 00 class 0x020000
[    0.313577] pci 0000:00:09.0: reg 0x10: [mem 0xf0820000-0xf083ffff]
[    0.314786] pci 0000:00:09.0: reg 0x18: [io  0xd080-0xd087]
[    0.324542] ACPI: PCI Interrupt Link [LNKA] (IRQs 5 9 10 *11)
[    0.324824] ACPI: PCI Interrupt Link [LNKB] (IRQs 5 9 *10 11)
[    0.324929] ACPI: PCI Interrupt Link [LNKC] (IRQs 5 *9 10 11)
[    0.325031] ACPI: PCI Interrupt Link [LNKD] (IRQs 5 9 10 *11)
[    0.325287] iommu: Default domain type: Translated 
[    0.325348] pci 0000:00:02.0: vgaarb: setting as boot VGA device
[    0.325349] pci 0000:00:02.0: vgaarb: VGA device added: decodes=io+mem,owns=io+mem,locks=none
[    0.325351] pci 0000:00:02.0: vgaarb: bridge control possible
[    0.325352] vgaarb: loaded
[    0.325564] SCSI subsystem initialized
[    0.325595] libata version 3.00 loaded.
[    0.325618] ACPI: bus type USB registered
[    0.325634] usbcore: registered new interface driver usbfs
[    0.325640] usbcore: registered new interface driver hub
[    0.325645] usbcore: registered new device driver usb
[    0.325672] pps_core: LinuxPPS API ver. 1 registered
[    0.325672] pps_core: Software ver. 5.3.6 - Copyright 2005-2007 Rodolfo Giometti <giometti@linux.it>
[    0.325675] PTP clock support registered
[    0.325712] EDAC MC: Ver: 3.0.0
[    0.326010] PCI: Using ACPI for IRQ routing
[    0.326011] PCI: pci_cache_line_size set to 64 bytes
[    0.327566] e820: reserve RAM buffer [mem 0x0009fc00-0x0009ffff]
[    0.327569] e820: reserve RAM buffer [mem 0x7fff0000-0x7fffffff]
[    0.327700] NetLabel: Initializing
[    0.327700] NetLabel:  domain hash size = 128
[    0.327701] NetLabel:  protocols = UNLABELED CIPSOv4 CALIPSO
[    0.327719] NetLabel:  unlabeled traffic allowed by default
[    0.328609] clocksource: Switched to clocksource kvm-clock
[    0.341419] *** VALIDATE bpf ***
[    0.341479] VFS: Disk quotas dquot_6.6.0
[    0.341491] VFS: Dquot-cache hash table entries: 512 (order 0, 4096 bytes)
[    0.341513] *** VALIDATE ramfs ***
[    0.341516] *** VALIDATE hugetlbfs ***
[    0.341600] AppArmor: AppArmor Filesystem Enabled
[    0.341628] pnp: PnP ACPI init
[    0.341695] pnp 00:00: Plug and Play ACPI device, IDs PNP0303 (active)
[    0.341782] pnp 00:01: Plug and Play ACPI device, IDs PNP0f03 (active)
[    0.342565] pnp: PnP ACPI: found 2 devices
[    0.343539] thermal_sys: Registered thermal governor 'fair_share'
[    0.343540] thermal_sys: Registered thermal governor 'bang_bang'
[    0.343541] thermal_sys: Registered thermal governor 'step_wise'
[    0.343541] thermal_sys: Registered thermal governor 'user_space'
[    0.343542] thermal_sys: Registered thermal governor 'power_allocator'
[    0.348090] clocksource: acpi_pm: mask: 0xffffff max_cycles: 0xffffff, max_idle_ns: 2085701024 ns
[    0.348129] pci_bus 0000:00: resource 4 [io  0x0000-0x0cf7 window]
[    0.348131] pci_bus 0000:00: resource 5 [io  0x0d00-0xffff window]
[    0.348132] pci_bus 0000:00: resource 6 [mem 0x000a0000-0x000bffff window]
[    0.348133] pci_bus 0000:00: resource 7 [mem 0x80000000-0xfdffffff window]
[    0.348190] NET: Registered protocol family 2
[    0.348273] IP idents hash table entries: 32768 (order: 6, 262144 bytes, linear)
[    0.348686] MPTCP tokens hash table entries: 8192 (order: 4, 65536 bytes, linear)
[    0.348708] MPTCP request tokens hash table entries: 8192 (order: 4, 65536 bytes, linear)
[    0.348733] default registered
[    0.348734] default registered
[    0.348734] MPTCP: Stable release v0.96
[    0.348742] tcp_listen_portaddr_hash hash table entries: 1024 (order: 2, 16384 bytes, linear)
[    0.348832] TCP established hash table entries: 16384 (order: 5, 131072 bytes, linear)
[    0.348905] TCP bind hash table entries: 16384 (order: 6, 262144 bytes, linear)
[    0.348931] TCP: Hash tables configured (established 16384 bind 16384)
[    0.348980] UDP hash table entries: 1024 (order: 3, 32768 bytes, linear)
[    0.348991] UDP-Lite hash table entries: 1024 (order: 3, 32768 bytes, linear)
[    0.349019] NET: Registered protocol family 1
[    0.349026] NET: Registered protocol family 44
[    0.349053] pci 0000:00:00.0: Limiting direct PCI/PCI transfers
[    0.349066] pci 0000:00:01.0: Activating ISA DMA hang workarounds
[    0.349118] pci 0000:00:02.0: Video device with shadowed ROM at [mem 0x000c0000-0x000dffff]
[    0.349183] PCI: CLS 0 bytes, default 64
[    0.349234] Trying to unpack rootfs image as initramfs...
[    0.520253] Freeing initrd memory: 47868K
[    0.520253] clocksource: tsc: mask: 0xffffffffffffffff max_cycles: 0x1e4530a99b6, max_idle_ns: 440795257976 ns
[    0.520253] clocksource: Switched to clocksource tsc
[    0.520253] platform rtc_cmos: registered platform RTC device (no PNP device found)
[    0.520253] check: Scanning for low memory corruption every 60 seconds
[    0.520253] Initialise system trusted keyrings
[    0.520253] Key type blacklist registered
[    0.520253] workingset: timestamp_bits=36 max_order=19 bucket_order=0
[    0.520253] zbud: loaded
[    0.520253] squashfs: version 4.0 (2009/01/31) Phillip Lougher
[    0.520253] fuse: init (API version 7.31)
[    0.520253] *** VALIDATE fuse ***
[    0.520253] *** VALIDATE fuse ***
[    0.520253] Platform Keyring initialized
[    0.520253] Key type asymmetric registered
[    0.520253] Asymmetric key parser 'x509' registered
[    0.520253] Block layer SCSI generic (bsg) driver version 0.4 loaded (major 244)
[    0.520253] io scheduler mq-deadline registered
[    0.520253] shpchp: Standard Hot Plug PCI Controller Driver version: 0.4
[    0.534039] ACPI: AC Adapter [AC] (on-line)
[    0.534096] input: Power Button as /devices/LNXSYSTM:00/LNXPWRBN:00/input/input0
[    0.534123] ACPI: Power Button [PWRF]
[    0.534208] input: Sleep Button as /devices/LNXSYSTM:00/LNXSLPBN:00/input/input1
[    0.534224] ACPI: Sleep Button [SLPF]
[    0.534473] Serial: 8250/16550 driver, 32 ports, IRQ sharing enabled
[    0.535612] Linux agpgart interface v0.103
[    0.631191] loop: module loaded
[    0.631344] ata_piix 0000:00:01.1: version 2.13
[    0.631750] scsi host0: ata_piix
[    0.631840] scsi host1: ata_piix
[    0.631866] ata1: PATA max UDMA/33 cmd 0x1f0 ctl 0x3f6 bmdma 0xd000 irq 14
[    0.631867] ata2: PATA max UDMA/33 cmd 0x170 ctl 0x376 bmdma 0xd008 irq 15
[    0.631948] tun: Universal TUN/TAP device driver, 1.6
[    0.632274] PPP generic driver version 2.4.2
[    0.632317] VFIO - User Level meta-driver version: 0.3
[    0.632554] ehci_hcd: USB 2.0 'Enhanced' Host Controller (EHCI) Driver
[    0.632559] ehci-pci: EHCI PCI platform driver
[    0.632573] ehci-platform: EHCI generic platform driver
[    0.632579] ohci_hcd: USB 1.1 'Open' Host Controller (OHCI) Driver
[    0.632580] ohci-pci: OHCI PCI platform driver
[    0.632587] ohci-platform: OHCI generic platform driver
[    0.632592] uhci_hcd: USB Universal Host Controller Interface driver
[    0.632656] i8042: PNP: PS/2 Controller [PNP0303:PS2K,PNP0f03:PS2M] at 0x60,0x64 irq 1,12
[    0.633094] serio: i8042 KBD port at 0x60,0x64 irq 1
[    0.633098] serio: i8042 AUX port at 0x60,0x64 irq 12
[    0.633185] mousedev: PS/2 mouse device common for all mice
[    0.633433] input: AT Translated Set 2 keyboard as /devices/platform/i8042/serio0/input/input2
[    0.633830] rtc_cmos rtc_cmos: registered as rtc0
[    0.633843] rtc_cmos rtc_cmos: alarms up to one day, 114 bytes nvram
[    0.633848] i2c /dev entries driver
[    0.633891] device-mapper: uevent: version 1.0.3
[    0.633934] device-mapper: ioctl: 4.41.0-ioctl (2019-09-16) initialised: dm-devel@redhat.com
[    0.633950] platform eisa.0: Probing EISA bus 0
[    0.633951] platform eisa.0: EISA: Cannot allocate resource for mainboard
[    0.633952] platform eisa.0: Cannot allocate resource for EISA slot 1
[    0.633953] platform eisa.0: Cannot allocate resource for EISA slot 2
[    0.633954] platform eisa.0: Cannot allocate resource for EISA slot 3
[    0.633955] platform eisa.0: Cannot allocate resource for EISA slot 4
[    0.633956] platform eisa.0: Cannot allocate resource for EISA slot 5
[    0.633957] platform eisa.0: Cannot allocate resource for EISA slot 6
[    0.633958] platform eisa.0: Cannot allocate resource for EISA slot 7
[    0.633959] platform eisa.0: Cannot allocate resource for EISA slot 8
[    0.633960] platform eisa.0: EISA: Detected 0 cards
[    0.633962] intel_pstate: CPU model not supported
[    0.633972] ledtrig-cpu: registered to indicate activity on CPUs
[    0.634026] drop_monitor: Initializing network drop monitor service
[    0.634199] NET: Registered protocol family 10
[    0.639267] Segment Routing with IPv6
[    0.639267] fullmesh registered
[    0.639267] ndiffports registered
[    0.639267] binder registered
[    0.639267] roundrobin registered
[    0.639267] redundant registered
[    0.639267] blest registered
[    0.639267] ecf registered
[    0.639267] NET: Registered protocol family 17
[    0.639267] Key type dns_resolver registered
[    0.639267] RAS: Correctable Errors collector initialized.
[    0.639267] IPI shorthand broadcast: enabled
[    0.639267] sched_clock: Marking stable (624143772, 11124003)->(635590959, -323184)
[    0.639594] registered taskstats version 1
[    0.639603] Loading compiled-in X.509 certificates
[    0.640192] Loaded X.509 cert 'Build time autogenerated kernel key: 6909f3744cebb3d0de528d5887b96a727de79b1e'
[    0.640210] zswap: loaded using pool lzo/zbud
[    0.640263] Key type ._fscrypt registered
[    0.640264] Key type .fscrypt registered
[    0.644775] Key type big_key registered
[    0.646977] Key type encrypted registered
[    0.646980] AppArmor: AppArmor sha1 policy hashing enabled
[    0.646987] ima: No TPM chip found, activating TPM-bypass!
[    0.646991] ima: Allocated hash algorithm: sha1
[    0.646996] ima: No architecture policies found
[    0.647005] evm: Initialising EVM extended attributes:
[    0.647006] evm: security.selinux
[    0.647006] evm: security.SMACK64
[    0.647007] evm: security.SMACK64EXEC
[    0.647007] evm: security.SMACK64TRANSMUTE
[    0.647008] evm: security.SMACK64MMAP
[    0.647008] evm: security.apparmor
[    0.647009] evm: security.ima
[    0.647009] evm: security.capability
[    0.647010] evm: HMAC attrs: 0x1
[    0.647306] PM:   Magic number: 10:614:371
[    0.647438] rtc_cmos rtc_cmos: setting system clock to 2026-01-13T08:21:38 UTC (1768292498)
[    0.805368] ata1.00: ATA-6: VBOX HARDDISK, 1.0, max UDMA/133
[    0.805373] ata1.00: 209715200 sectors, multi 128: LBA 
[    0.806209] scsi 0:0:0:0: Direct-Access     ATA      VBOX HARDDISK    1.0  PQ: 0 ANSI: 5
[    0.806584] sd 0:0:0:0: [sda] 209715200 512-byte logical blocks: (107 GB/100 GiB)
[    0.806601] sd 0:0:0:0: [sda] Write Protect is off
[    0.806606] sd 0:0:0:0: [sda] Mode Sense: 00 3a 00 00
[    0.806632] sd 0:0:0:0: [sda] Write cache: enabled, read cache: enabled, doesn't support DPO or FUA
[    0.807042] sd 0:0:0:0: Attached scsi generic sg0 type 0
[    0.808597]  sda: sda1 sda2
[    0.819440] sd 0:0:0:0: [sda] Attached SCSI disk
[    0.824690] Freeing unused decrypted memory: 2040K
[    0.826034] Freeing unused kernel image memory: 2728K
[    0.826038] Write protecting the kernel read-only data: 22528k
[    0.827538] Freeing unused kernel image memory: 2036K
[    0.828332] Freeing unused kernel image memory: 1432K
[    0.866169] x86/mm: Checked W+X mappings: passed, no W+X pages found.
[    0.866174] Run /init as init process
[    0.971191] ACPI: Video Device [GFX0] (multi-head: yes  rom: no  post: no)
[    0.971261] input: Video Bus as /devices/LNXSYSTM:00/LNXSYBUS:00/PNP0A03:00/LNXVIDEO:00/input/input4
[    0.982446] pcnet32: pcnet32.c:v1.35 21.Apr.2008 tsbogend@alpha.franken.de
[    0.985920] piix4_smbus 0000:00:07.0: SMBus Host Controller at 0x4100, revision 0
[    0.990112] e1000: Intel(R) PRO/1000 Network Driver - version 7.3.21-k8-NAPI
[    0.990113] e1000: Copyright (c) 1999-2006 Intel Corporation.
[    0.993642] pcnet32: PCnet/FAST III 79C973 at 0xd020, 08:00:27:77:10:66 assigned IRQ 19
[    0.993686] pcnet32: Found PHY 0022:561b at address 0
[    0.993983] pcnet32: eth0: registered as PCnet/FAST III 79C973
[    1.002962] pcnet32: PCnet/FAST III 79C973 at 0xd060, 08:00:27:30:bb:92 assigned IRQ 16
[    1.003005] pcnet32: Found PHY 0022:561b at address 0
[    1.003308] pcnet32: eth1: registered as PCnet/FAST III 79C973
[    1.009535] pcnet32: 2 cards_found
[    1.065072] pcnet32 0000:00:03.0 enp0s3: renamed from eth0
[    1.066312] pcnet32 0000:00:08.0 enp0s8: renamed from eth1
[    1.208321] input: ImExPS/2 Generic Explorer Mouse as /devices/platform/i8042/serio1/input/input5
[    1.399494] e1000 0000:00:09.0 eth0: (PCI:33MHz:32-bit) 08:00:27:dd:9f:24
[    1.399499] e1000 0000:00:09.0 eth0: Intel(R) PRO/1000 Network Connection
[    1.400575] e1000 0000:00:09.0 enp0s9: renamed from eth0
[    1.547467] EXT4-fs (sda2): mounted filesystem with ordered data mode. Opts: (null)
[    1.630586] systemd[1]: Inserted module 'autofs4'
[    1.640508] systemd[1]: systemd 245.4-4ubuntu3 running in system mode. (+PAM +AUDIT +SELINUX +IMA +APPARMOR +SMACK +SYSVINIT +UTMP +LIBCRYPTSETUP +GCRYPT +GNUTLS +ACL +XZ +LZ4 +SECCOMP +BLKID +ELFUTILS +KMOD +IDN2 -IDN +PCRE2 default-hierarchy=hybrid)
[    1.640539] systemd[1]: Detected virtualization oracle.
[    1.640545] systemd[1]: Detected architecture x86-64.
[    1.641832] systemd[1]: Set hostname to <ztg>.
[    1.763069] systemd[1]: /lib/systemd/system/dbus.socket:5: ListenStream= references a path below legacy directory /var/run/, updating /var/run/dbus/system_bus_socket â†’ /run/dbus/system_bus_socket; please update the unit file accordingly.
[    1.814032] systemd[1]: Created slice system-modprobe.slice.
[    1.814215] systemd[1]: Created slice User and Session Slice.
[    1.814257] systemd[1]: Started Forward Password Requests to Wall Directory Watch.
[    1.814412] systemd[1]: Set up automount Arbitrary Executable File Formats File System Automount Point.
[    1.814443] systemd[1]: Reached target User and Group Name Lookups.
[    1.814450] systemd[1]: Reached target Remote File Systems.
[    1.814458] systemd[1]: Reached target Slices.
[    1.815012] systemd[1]: Listening on Syslog Socket.
[    1.815077] systemd[1]: Listening on fsck to fsckd communication Socket.
[    1.815114] systemd[1]: Listening on initctl Compatibility Named Pipe.
[    1.815305] systemd[1]: Listening on Journal Audit Socket.
[    1.815361] systemd[1]: Listening on Journal Socket (/dev/log).
[    1.815427] systemd[1]: Listening on Journal Socket.
[    1.815488] systemd[1]: Listening on udev Control Socket.
[    1.815526] systemd[1]: Listening on udev Kernel Socket.
[    1.816232] systemd[1]: Mounting Huge Pages File System...
[    1.817091] systemd[1]: Mounting POSIX Message Queue File System...
[    1.817944] systemd[1]: Mounting Kernel Debug File System...
[    1.818743] systemd[1]: Mounting Kernel Trace File System...
[    1.820630] systemd[1]: Starting Journal Service...
[    1.844480] systemd[1]: Starting Set the console keyboard layout...
[    1.852631] systemd[1]: Starting Create list of static device nodes for the current kernel...
[    1.854378] systemd[1]: Starting Load Kernel Module drm...
[    1.855388] systemd[1]: Condition check resulted in Set Up Additional Binary Formats being skipped.
[    1.855466] systemd[1]: Condition check resulted in File System Check on Root Device being skipped.
[    1.869104] systemd[1]: Starting Load Kernel Modules...
[    1.877647] systemd[1]: Starting Remount Root and Kernel File Systems...
[    1.883261] systemd[1]: Starting udev Coldplug all Devices...
[    1.893814] systemd[1]: Starting Uncomplicated firewall...
[    1.895085] systemd[1]: Mounted Huge Pages File System.
[    1.895168] systemd[1]: Mounted POSIX Message Queue File System.
[    1.895237] systemd[1]: Mounted Kernel Debug File System.
[    1.895303] systemd[1]: Mounted Kernel Trace File System.
[    1.897301] EXT4-fs (sda2): re-mounted. Opts: errors=remount-ro
[    1.915892] systemd[1]: Finished Create list of static device nodes for the current kernel.
[    1.916850] systemd[1]: modprobe@drm.service: Succeeded.
[    1.931463] systemd[1]: Finished Load Kernel Module drm.
[    1.938546] systemd[1]: Finished Remount Root and Kernel File Systems.
[    1.939395] systemd[1]: Finished Uncomplicated firewall.
[    1.955790] lp: driver loaded but no devices found
[    1.959075] systemd[1]: Condition check resulted in Rebuild Hardware Database being skipped.
[    1.959106] systemd[1]: Condition check resulted in Platform Persistent Storage Archival being skipped.
[    1.959729] systemd[1]: Starting Load/Save Random Seed...
[    1.964194] systemd[1]: Starting Create System Users...
[    1.970229] ppdev: user-space parallel port driver
[    1.976449] systemd[1]: Finished Load/Save Random Seed.
[    1.979888] systemd[1]: Finished Create System Users.
[    1.980556] systemd[1]: Starting Create Static Device Nodes in /dev...
[    2.017354] systemd[1]: Finished Create Static Device Nodes in /dev.
[    2.018146] systemd[1]: Starting udev Kernel Device Manager...
[    2.044258] systemd[1]: Finished udev Coldplug all Devices.
[    2.052126] [drm] DMA map mode: Caching DMA mappings.
[    2.052193] [drm] Capabilities:
[    2.052194] [drm]   Rect copy.
[    2.052194] [drm]   Cursor.
[    2.052195] [drm]   Cursor bypass.
[    2.052195] [drm]   Cursor bypass 2.
[    2.052195] [drm]   Alpha cursor.
[    2.052196] [drm]   Extended Fifo.
[    2.052196] [drm]   Pitchlock.
[    2.052196] [drm]   Irq mask.
[    2.052197] [drm]   GMR.
[    2.052197] [drm]   Traces.
[    2.052197] [drm]   GMR2.
[    2.052198] [drm]   Screen Object 2.
[    2.052198] [drm]   Command Buffers.
[    2.052198] [drm]   Command Buffers 2.
[    2.052199] [drm]   Guest Backed Resources.
[    2.052200] [drm] Max GMR ids is 8192
[    2.052200] [drm] Max number of GMR pages is 1048576
[    2.052201] [drm] Max dedicated hypervisor surface memory is 393216 kiB
[    2.052201] [drm] Maximum display memory size is 131072 kiB
[    2.052202] [drm] VRAM at 0xe0000000 size is 131072 kiB
[    2.052203] [drm] MMIO at 0xf0000000 size is 2048 kiB
[    2.071365] [TTM] Zone  kernel: Available graphics memory: 1011738 KiB
[    2.071366] [TTM] Initializing pool allocator
[    2.071369] [TTM] Initializing DMA pool allocator
[    2.071396] [drm] Supports vblank timestamp caching Rev 2 (21.10.2013).
[    2.071396] [drm] No driver support for vblank timestamp query.
[    2.071614] [drm] Screen Target Display device initialized
[    2.071793] [drm] width 720
[    2.071806] [drm] height 400
[    2.071809] [drm] bpp 32
[    2.072327] [drm] Fifo max 0x00200000 min 0x00001000 cap 0x00000355
[    2.073396] [drm] Using command buffers with DMA pool.
[    2.073399] [drm] DX: no.
[    2.073400] [drm] Atomic: yes.
[    2.073400] [drm] SM4_1: no.
[    2.073419] [drm:vmw_host_log [vmwgfx]] *ERROR* Failed to send host log message.
[    2.074375] [drm:vmw_host_log [vmwgfx]] *ERROR* Failed to send host log message.
[    2.087414] fbcon: svgadrmfb (fb0) is primary device
[    2.089535] Console: switching to colour frame buffer device 100x37
[    2.111389] [drm] Initialized vmwgfx 2.15.0 20180704 for 0000:00:02.0 on minor 0
[    2.113142] systemd[1]: Finished Load Kernel Modules.
[    2.114090] systemd[1]: Mounting FUSE Control File System...
[    2.115262] systemd[1]: Mounting Kernel Configuration File System...
[    2.120261] systemd[1]: Starting Apply Kernel Variables...
[    2.132134] systemd[1]: Mounted FUSE Control File System.
[    2.132202] systemd[1]: Condition check resulted in VMware vmblock fuse mount being skipped.
[    2.133839] systemd[1]: Mounted Kernel Configuration File System.
[    2.136633] systemd[1]: Finished Set the console keyboard layout.
[    2.136730] systemd[1]: Reached target Local File Systems (Pre).
[    2.141062] systemd[1]: Mounting Mount unit for bare, revision 5...
[    2.146548] systemd[1]: Mounting Mount unit for core18, revision 1705...
[    2.173740] systemd[1]: Mounting Mount unit for gnome-3-34-1804, revision 24...
[    2.181341] systemd[1]: Mounting Mount unit for gtk-common-themes, revision 1506...
[    2.184333] systemd[1]: Mounting Mount unit for gtk-common-themes, revision 1535...
[    2.192870] systemd[1]: Mounting Mount unit for snap-store, revision 433...
[    2.200358] systemd[1]: Mounting Mount unit for snapd, revision 25935...
[    2.211563] systemd[1]: Finished Apply Kernel Variables.
[    2.222440] systemd[1]: Mounted Mount unit for core18, revision 1705.
[    2.222527] systemd[1]: Mounted Mount unit for gnome-3-34-1804, revision 24.
[    2.231725] systemd[1]: Mounted Mount unit for bare, revision 5.
[    2.243257] systemd[1]: Started udev Kernel Device Manager.
[    2.243954] systemd[1]: Starting Show Plymouth Boot Screen...
[    2.246310] systemd[1]: Mounted Mount unit for gtk-common-themes, revision 1506.
[    2.248478] systemd[1]: Received SIGRTMIN+20 from PID 286 (plymouthd).
[    2.275961] systemd[1]: Started Show Plymouth Boot Screen.
[    2.277158] systemd[1]: Condition check resulted in Dispatch Password Requests to Console Directory Watch being skipped.
[    2.277238] systemd[1]: Started Forward Password Requests to Plymouth Directory Watch.
[    2.277342] systemd[1]: Reached target Local Encrypted Volumes.
[    2.311309] systemd[1]: Mounted Mount unit for gtk-common-themes, revision 1535.
[    2.311524] systemd[1]: Mounted Mount unit for snap-store, revision 433.
[    2.311695] systemd[1]: Mounted Mount unit for snapd, revision 25935.
[    2.311840] systemd[1]: Reached target Local File Systems.
[    2.312596] systemd[1]: Starting Load AppArmor profiles...
[    2.316324] systemd[1]: Starting Set console font and keymap...
[    2.327803] systemd[1]: Starting Tell Plymouth To Write Out Runtime Data...
[    2.329242] systemd[1]: Condition check resulted in Store a System Token in an EFI Variable being skipped.
[    2.329312] systemd[1]: Condition check resulted in Commit a transient machine-id on disk being skipped.
[    2.331722] systemd[1]: Finished Set console font and keymap.
[    2.346012] systemd[1]: Received SIGRTMIN+20 from PID 286 (plymouthd).
[    2.346907] systemd[1]: plymouth-read-write.service: Succeeded.
[    2.347151] systemd[1]: Finished Tell Plymouth To Write Out Runtime Data.
[    2.386562] audit: type=1400 audit(1768292500.232:2): apparmor="STATUS" operation="profile_load" profile="unconfined" name="nvidia_modprobe" pid=300 comm="apparmor_parser"
[    2.386564] audit: type=1400 audit(1768292500.232:3): apparmor="STATUS" operation="profile_load" profile="unconfined" name="nvidia_modprobe//kmod" pid=300 comm="apparmor_parser"
[    2.392533] audit: type=1400 audit(1768292500.240:4): apparmor="STATUS" operation="profile_load" profile="unconfined" name="/usr/sbin/tcpdump" pid=301 comm="apparmor_parser"
[    2.436455] audit: type=1400 audit(1768292500.280:5): apparmor="STATUS" operation="profile_load" profile="unconfined" name="/usr/bin/evince" pid=303 comm="apparmor_parser"
[    2.436458] audit: type=1400 audit(1768292500.280:6): apparmor="STATUS" operation="profile_load" profile="unconfined" name="/usr/bin/evince//sanitized_helper" pid=303 comm="apparmor_parser"
[    2.436460] audit: type=1400 audit(1768292500.280:7): apparmor="STATUS" operation="profile_load" profile="unconfined" name="/usr/bin/evince-previewer" pid=303 comm="apparmor_parser"
[    2.436461] audit: type=1400 audit(1768292500.280:8): apparmor="STATUS" operation="profile_load" profile="unconfined" name="/usr/bin/evince-previewer//sanitized_helper" pid=303 comm="apparmor_parser"
[    2.436463] audit: type=1400 audit(1768292500.280:9): apparmor="STATUS" operation="profile_load" profile="unconfined" name="/usr/bin/evince-thumbnailer" pid=303 comm="apparmor_parser"
[    2.448364] audit: type=1400 audit(1768292500.296:10): apparmor="STATUS" operation="profile_load" profile="unconfined" name="/usr/lib/cups/backend/cups-pdf" pid=304 comm="apparmor_parser"
[    2.525913] systemd[1]: Finished Load AppArmor profiles.
[    2.526818] systemd[1]: Starting Load AppArmor profiles managed internally by snapd...
[    2.633432] systemd[1]: Finished Load AppArmor profiles managed internally by snapd.
[    2.804399] systemd[1]: Started Journal Service.
[    2.812825] systemd-journald[229]: Received client request to flush runtime journal.
[    2.816033] systemd-journald[229]: File /var/log/journal/c455b248004a419c87ce85eea238d727/system.journal corrupted or uncleanly shut down, renaming and replacing.
[    4.087660] RAPL PMU: API unit is 2^-32 Joules, 0 fixed counters, 10737418240 ms ovfl timer
[    4.101401] cryptd: max_cpu_qlen set to 1000
[    4.201842] AVX2 version of gcm_enc/dec engaged.
[    4.201843] AES CTR mode by8 optimization enabled
[    6.030210] Adding 1998844k swap on /dev/sda1.  Priority:-2 extents:1 across:1998844k FS
[    6.882295] kauditd_printk_skb: 30 callbacks suppressed
[    6.882297] audit: type=1400 audit(1768292504.728:41): apparmor="DENIED" operation="capable" profile="/usr/sbin/cups-browsed" pid=507 comm="cups-browsed" capability=23  capname="sys_nice"
[    8.462720] pcnet32 0000:00:03.0 enp0s3: link up, 100Mbps, full-duplex
[    8.483196] pcnet32 0000:00:08.0 enp0s8: link up, 100Mbps, full-duplex
[    8.524914] e1000: enp0s9 NIC Link is Up 1000 Mbps Full Duplex, Flow Control: RX
[    8.525214] IPv6: ADDRCONF(NETDEV_CHANGE): enp0s9: link becomes ready
[    9.072880] device enp0s8 entered promiscuous mode
[    9.076628] device enp0s3 entered promiscuous mode
[    9.134732] audit: type=1400 audit(1768292506.984:42): apparmor="DENIED" operation="open" profile="/usr/sbin/tcpdump" name="/proc/sys/kernel/random/boot_id" pid=613 comm="tcpdump" requested_mask="r" denied_mask="r" fsuid=0 ouid=0
[    9.134957] audit: type=1400 audit(1768292506.984:43): apparmor="DENIED" operation="open" profile="/usr/sbin/tcpdump" name="/proc/sys/kernel/random/boot_id" pid=613 comm="tcpdump" requested_mask="r" denied_mask="r" fsuid=0 ouid=0
[    9.135011] audit: type=1400 audit(1768292506.984:44): apparmor="DENIED" operation="open" profile="/usr/sbin/tcpdump" name="/proc/sys/kernel/random/boot_id" pid=613 comm="tcpdump" requested_mask="r" denied_mask="r" fsuid=0 ouid=0
[    9.135449] audit: type=1400 audit(1768292506.984:45): apparmor="DENIED" operation="open" profile="/usr/sbin/tcpdump" name="/proc/sys/kernel/random/boot_id" pid=614 comm="tcpdump" requested_mask="r" denied_mask="r" fsuid=0 ouid=0
[    9.135598] audit: type=1400 audit(1768292506.984:46): apparmor="DENIED" operation="open" profile="/usr/sbin/tcpdump" name="/proc/sys/kernel/random/boot_id" pid=613 comm="tcpdump" requested_mask="r" denied_mask="r" fsuid=0 ouid=0
[    9.136002] audit: type=1400 audit(1768292506.984:47): apparmor="DENIED" operation="open" profile="/usr/sbin/tcpdump" name="/proc/sys/kernel/random/boot_id" pid=614 comm="tcpdump" requested_mask="r" denied_mask="r" fsuid=0 ouid=0
[    9.136479] audit: type=1400 audit(1768292506.984:48): apparmor="DENIED" operation="open" profile="/usr/sbin/tcpdump" name="/proc/sys/kernel/random/boot_id" pid=614 comm="tcpdump" requested_mask="r" denied_mask="r" fsuid=0 ouid=0
[    9.136700] audit: type=1400 audit(1768292506.984:49): apparmor="DENIED" operation="open" profile="/usr/sbin/tcpdump" name="/proc/sys/kernel/random/boot_id" pid=614 comm="tcpdump" requested_mask="r" denied_mask="r" fsuid=0 ouid=0
[    9.141973] audit: type=1400 audit(1768292506.992:50): apparmor="DENIED" operation="open" profile="/usr/sbin/tcpdump" name="/proc/sys/kernel/random/boot_id" pid=616 comm="tcpdump" requested_mask="r" denied_mask="r" fsuid=0 ouid=0
[   14.901942] rfkill: input handler disabled
[  249.681904] AAAAA-TCP_FORW: name:enp0s8: saddr:100932208: daddr:16783984
[  249.683967] AAAAA-TCP_FORW: name:enp0s3: saddr:16783984: daddr:100932208
[  250.249750] AAAAA-TCP_FORW: name:enp0s8: saddr:100932208: daddr:16783984
[  250.250807] AAAAA-TCP_FORW: name:enp0s3: saddr:16783984: daddr:100932208
[  250.289101] AAAAA-TCP_FORW: name:enp0s8: saddr:100932208: daddr:16783984
[  250.289864] AAAAA-TCP_FORW: name:enp0s3: saddr:16783984: daddr:100932208
[  250.289881] AAAAA-TCP_FORW: name:enp0s3: saddr:16783984: daddr:100932208
[  251.389443] AAAAA-TCP_FORW: name:enp0s8: saddr:100932208: daddr:16783984
[  251.390393] AAAAA-TCP_FORW: name:enp0s3: saddr:16783984: daddr:100932208
[  251.646390] AAAAA-TCP_FORW: name:enp0s3: saddr:16783984: daddr:100932208
[  252.135542] AAAAA-TCP_FORW: name:enp0s8: saddr:100932208: daddr:16783984
[  252.165773] AAAAA-TCP_FORW: name:enp0s8: saddr:100932208: daddr:16783984
[  252.166715] AAAAA-TCP_FORW: name:enp0s3: saddr:16783984: daddr:100932208
[  252.492937] AAAAA-TCP_FORW: name:enp0s8: saddr:100932208: daddr:16783984
[  252.494678] AAAAA-TCP_FORW: name:enp0s3: saddr:16783984: daddr:100932208
[  252.494701] AAAAA-TCP_FORW: name:enp0s3: saddr:16783984: daddr:100932208
[  252.686678] AAAAA-TCP_FORW: name:enp0s8: saddr:100932208: daddr:16783984
[  252.774579] AAAAA-TCP_FORW: name:enp0s8: saddr:100932208: daddr:16783984
[  252.849693] AAAAA-TCP_FORW: name:enp0s8: saddr:100932208: daddr:16783984
[  252.871389] AAAAA-TCP_FORW: name:enp0s8: saddr:100932208: daddr:16783984
[  252.872221] AAAAA-TCP_FORW: name:enp0s3: saddr:16783984: daddr:100932208
[  253.501621] AAAAA-TCP_FORW: name:enp0s8: saddr:100932208: daddr:16783984
[  253.502396] AAAAA-TCP_FORW: name:enp0s3: saddr:16783984: daddr:100932208
[  253.558336] AAAAA-TCP_FORW: name:enp0s8: saddr:100932208: daddr:16783984
[  253.559280] AAAAA-TCP_FORW: name:enp0s3: saddr:16783984: daddr:100932208
[  253.560484] AAAAA-TCP_FORW: name:enp0s3: saddr:16783984: daddr:100932208
[  253.748460] AAAAA-TCP_FORW: name:enp0s8: saddr:100932208: daddr:33561200
[  253.749483] AAAAA-TCP_FORW: name:enp0s3: saddr:33561200: daddr:100932208
[  253.930392] AAAAA-TCP_FORW: name:enp0s8: saddr:100932208: daddr:16783984
[  253.931130] AAAAA-TCP_FORW: name:enp0s3: saddr:16783984: daddr:100932208
[  254.080089] AAAAA-TCP_FORW: name:enp0s8: saddr:100932208: daddr:33561200
[  254.080803] AAAAA-TCP_FORW: name:enp0s3: saddr:33561200: daddr:100932208
[  254.227169] AAAAA-TCP_FORW: name:enp0s8: saddr:100932208: daddr:16783984
[  254.333491] AAAAA-TCP_FORW: name:enp0s8: saddr:100932208: daddr:16783984
[  254.334986] AAAAA-TCP_FORW: name:enp0s3: saddr:16783984: daddr:100932208
[  254.378564] AAAAA-TCP_FORW: name:enp0s8: saddr:100932208: daddr:16783984
[  254.379754] AAAAA-TCP_FORW: name:enp0s3: saddr:16783984: daddr:100932208
[  254.458448] AAAAA-TCP_FORW: name:enp0s8: saddr:100932208: daddr:16783984
[  254.459922] AAAAA-TCP_FORW: name:enp0s3: saddr:16783984: daddr:100932208
[  254.604022] AAAAA-TCP_FORW: name:enp0s8: saddr:100932208: daddr:16783984
[  254.604790] AAAAA-TCP_FORW: name:enp0s3: saddr:16783984: daddr:100932208
[  254.841734] AAAAA-TCP_FORW: name:enp0s8: saddr:100932208: daddr:16783984
[  254.842990] AAAAA-TCP_FORW: name:enp0s3: saddr:16783984: daddr:100932208
[  255.128520] AAAAA-TCP_FORW: name:enp0s8: saddr:100932208: daddr:16783984
[  255.129872] AAAAA-TCP_FORW: name:enp0s3: saddr:16783984: daddr:100932208
[  255.186634] AAAAA-TCP_FORW: name:enp0s8: saddr:100932208: daddr:16783984
[  255.187431] AAAAA-TCP_FORW: name:enp0s3: saddr:16783984: daddr:100932208
[  255.404496] AAAAA-TCP_FORW: name:enp0s8: saddr:100932208: daddr:16783984
[  255.405808] AAAAA-TCP_FORW: name:enp0s3: saddr:16783984: daddr:100932208
[  255.760367] AAAAA-TCP_FORW: name:enp0s8: saddr:100932208: daddr:16783984
[  255.761887] AAAAA-TCP_FORW: name:enp0s3: saddr:16783984: daddr:100932208
[  255.836495] AAAAA-TCP_FORW: name:enp0s8: saddr:100932208: daddr:16783984
[  255.837936] AAAAA-TCP_FORW: name:enp0s3: saddr:16783984: daddr:100932208
[  256.088154] AAAAA-TCP_FORW: name:enp0s8: saddr:100932208: daddr:33561200
[  256.089332] AAAAA-TCP_FORW: name:enp0s3: saddr:33561200: daddr:100932208
[  256.141073] AAAAA-TCP_FORW: name:enp0s8: saddr:100932208: daddr:33561200
[  256.141834] AAAAA-TCP_FORW: name:enp0s3: saddr:33561200: daddr:100932208
[  256.326853] AAAAA-TCP_FORW: name:enp0s8: saddr:100932208: daddr:33561200
[  256.328013] AAAAA-TCP_FORW: name:enp0s3: saddr:33561200: daddr:100932208
[  256.349916] AAAAA-TCP_FORW: name:enp0s8: saddr:100932208: daddr:33561200
[  256.350992] AAAAA-TCP_FORW: name:enp0s3: saddr:33561200: daddr:100932208
[  256.411766] AAAAA-TCP_FORW: name:enp0s8: saddr:100932208: daddr:33561200
[  256.412533] AAAAA-TCP_FORW: name:enp0s3: saddr:33561200: daddr:100932208
[  256.535833] AAAAA-TCP_FORW: name:enp0s8: saddr:100932208: daddr:33561200
[  256.536560] AAAAA-TCP_FORW: name:enp0s3: saddr:33561200: daddr:100932208
[  256.678073] AAAAA-TCP_FORW: name:enp0s8: saddr:100932208: daddr:33561200
[  256.678849] AAAAA-TCP_FORW: name:enp0s3: saddr:33561200: daddr:100932208
[  256.711866] AAAAA-TCP_FORW: name:enp0s8: saddr:100932208: daddr:33561200
[  256.712594] AAAAA-TCP_FORW: name:enp0s3: saddr:33561200: daddr:100932208
[  256.788242] AAAAA-TCP_FORW: name:enp0s8: saddr:100932208: daddr:33561200
[  256.789476] AAAAA-TCP_FORW: name:enp0s3: saddr:33561200: daddr:100932208
[  257.019305] AAAAA-TCP_FORW: name:enp0s8: saddr:100932208: daddr:33561200
[  257.020364] AAAAA-TCP_FORW: name:enp0s3: saddr:33561200: daddr:100932208
[  257.160976] AAAAA-TCP_FORW: name:enp0s8: saddr:100932208: daddr:16783984
[  257.162135] AAAAA-TCP_FORW: name:enp0s3: saddr:16783984: daddr:100932208
[  257.284537] AAAAA-TCP_FORW: name:enp0s8: saddr:100932208: daddr:33561200
[  257.285299] AAAAA-TCP_FORW: name:enp0s3: saddr:33561200: daddr:100932208
[  257.447658] AAAAA-TCP_FORW: name:enp0s8: saddr:100932208: daddr:16783984
[  257.448811] AAAAA-TCP_FORW: name:enp0s3: saddr:16783984: daddr:100932208
[  257.546361] AAAAA-TCP_FORW: name:enp0s8: saddr:100932208: daddr:16783984
[  257.547262] AAAAA-TCP_FORW: name:enp0s3: saddr:16783984: daddr:100932208
[  257.585542] AAAAA-TCP_FORW: name:enp0s8: saddr:100932208: daddr:16783984
[  257.586742] AAAAA-TCP_FORW: name:enp0s3: saddr:16783984: daddr:100932208
[  257.659460] AAAAA-TCP_FORW: name:enp0s8: saddr:100932208: daddr:16783984
[  257.660173] AAAAA-TCP_FORW: name:enp0s3: saddr:16783984: daddr:100932208
[  257.781838] AAAAA-TCP_FORW: name:enp0s8: saddr:100932208: daddr:16783984
[  257.783020] AAAAA-TCP_FORW: name:enp0s3: saddr:16783984: daddr:100932208
[  257.863320] AAAAA-TCP_FORW: name:enp0s8: saddr:100932208: daddr:16783984
[  257.864486] AAAAA-TCP_FORW: name:enp0s3: saddr:16783984: daddr:100932208
[  258.196145] AAAAA-TCP_FORW: name:enp0s8: saddr:100932208: daddr:33561200
[  258.196889] AAAAA-TCP_FORW: name:enp0s3: saddr:33561200: daddr:100932208
[  258.301794] AAAAA-TCP_FORW: name:enp0s8: saddr:100932208: daddr:16783984
[  258.302513] AAAAA-TCP_FORW: name:enp0s3: saddr:16783984: daddr:100932208
[  258.578158] AAAAA-TCP_FORW: name:enp0s8: saddr:100932208: daddr:16783984
[  258.579355] AAAAA-TCP_FORW: name:enp0s3: saddr:16783984: daddr:100932208
[  258.985610] AAAAA-TCP_FORW: name:enp0s8: saddr:100932208: daddr:16783984
[  258.986989] AAAAA-TCP_FORW: name:enp0s3: saddr:16783984: daddr:100932208
[  259.045224] AAAAA-TCP_FORW: name:enp0s8: saddr:100932208: daddr:16783984
[  259.046510] AAAAA-TCP_FORW: name:enp0s3: saddr:16783984: daddr:100932208
[  259.172956] AAAAA-TCP_FORW: name:enp0s8: saddr:100932208: daddr:16783984
[  259.174150] AAAAA-TCP_FORW: name:enp0s3: saddr:16783984: daddr:100932208
[  259.235909] AAAAA-TCP_FORW: name:enp0s8: saddr:100932208: daddr:16783984
[  259.237018] AAAAA-TCP_FORW: name:enp0s3: saddr:16783984: daddr:100932208
[  259.275632] AAAAA-TCP_FORW: name:enp0s8: saddr:100932208: daddr:16783984
[  259.276808] AAAAA-TCP_FORW: name:enp0s3: saddr:16783984: daddr:100932208
[  259.402154] AAAAA-TCP_FORW: name:enp0s8: saddr:100932208: daddr:16783984
[  259.403261] AAAAA-TCP_FORW: name:enp0s3: saddr:16783984: daddr:100932208
[  259.459739] AAAAA-TCP_FORW: name:enp0s8: saddr:100932208: daddr:16783984
[  259.460943] AAAAA-TCP_FORW: name:enp0s3: saddr:16783984: daddr:100932208
[  259.542638] AAAAA-TCP_FORW: name:enp0s8: saddr:100932208: daddr:16783984
[  259.586344] AAAAA-TCP_FORW: name:enp0s3: saddr:16783984: daddr:100932208
[  259.620489] AAAAA-TCP_FORW: name:enp0s8: saddr:100932208: daddr:16783984
[  259.738578] AAAAA-TCP_FORW: name:enp0s3: saddr:16783984: daddr:100932208
[  259.779594] AAAAA-TCP_FORW: name:enp0s8: saddr:100932208: daddr:16783984
[  259.842366] AAAAA-TCP_FORW: name:enp0s8: saddr:100932208: daddr:33561200
[  259.843137] AAAAA-TCP_FORW: name:enp0s3: saddr:33561200: daddr:100932208
[  259.907008] AAAAA-TCP_FORW: name:enp0s8: saddr:100932208: daddr:16783984
[  259.908306] AAAAA-TCP_FORW: name:enp0s3: saddr:16783984: daddr:100932208
[  259.977971] AAAAA-TCP_FORW: name:enp0s8: saddr:100932208: daddr:16783984
[  260.186232] AAAAA-TCP_FORW: name:enp0s3: saddr:16783984: daddr:100932208
[  260.190823] AAAAA-TCP_FORW: name:enp0s8: saddr:100932208: daddr:33561200
[  260.191998] AAAAA-TCP_FORW: name:enp0s3: saddr:33561200: daddr:100932208
[  260.299413] AAAAA-TCP_FORW: name:enp0s8: saddr:100932208: daddr:33561200
[  260.300702] AAAAA-TCP_FORW: name:enp0s3: saddr:33561200: daddr:100932208
[  260.354182] AAAAA-TCP_FORW: name:enp0s8: saddr:100932208: daddr:33561200
[  260.355434] AAAAA-TCP_FORW: name:enp0s3: saddr:33561200: daddr:100932208
[  260.411478] AAAAA-TCP_FORW: name:enp0s8: saddr:100932208: daddr:33561200
[  260.413107] AAAAA-TCP_FORW: name:enp0s3: saddr:33561200: daddr:100932208
[  260.452355] AAAAA-TCP_FORW: name:enp0s8: saddr:100932208: daddr:33561200
[  260.453962] AAAAA-TCP_FORW: name:enp0s3: saddr:33561200: daddr:100932208
[  260.516095] AAAAA-TCP_FORW: name:enp0s8: saddr:100932208: daddr:33561200
[  260.516863] AAAAA-TCP_FORW: name:enp0s3: saddr:33561200: daddr:100932208
[  260.609116] AAAAA-TCP_FORW: name:enp0s8: saddr:100932208: daddr:33561200
[  260.609914] AAAAA-TCP_FORW: name:enp0s3: saddr:33561200: daddr:100932208
[  260.642700] AAAAA-TCP_FORW: name:enp0s8: saddr:100932208: daddr:33561200
[  260.643460] AAAAA-TCP_FORW: name:enp0s3: saddr:33561200: daddr:100932208
[  260.769761] AAAAA-TCP_FORW: name:enp0s8: saddr:100932208: daddr:33561200
[  260.770819] AAAAA-TCP_FORW: name:enp0s3: saddr:33561200: daddr:100932208
[  260.845028] AAAAA-TCP_FORW: name:enp0s8: saddr:100932208: daddr:33561200
[  260.846499] AAAAA-TCP_FORW: name:enp0s3: saddr:33561200: daddr:100932208
[  260.910190] AAAAA-TCP_FORW: name:enp0s8: saddr:100932208: daddr:33561200
[  260.911405] AAAAA-TCP_FORW: name:enp0s3: saddr:33561200: daddr:100932208
[  261.099572] AAAAA-TCP_FORW: name:enp0s8: saddr:100932208: daddr:33561200
[  261.100677] AAAAA-TCP_FORW: name:enp0s3: saddr:33561200: daddr:100932208
[  261.219709] AAAAA-TCP_FORW: name:enp0s8: saddr:100932208: daddr:33561200
[  261.220470] AAAAA-TCP_FORW: name:enp0s3: saddr:33561200: daddr:100932208
[  261.288078] AAAAA-TCP_FORW: name:enp0s8: saddr:100932208: daddr:33561200
[  261.289090] AAAAA-TCP_FORW: name:enp0s3: saddr:33561200: daddr:100932208
[  261.355554] AAAAA-TCP_FORW: name:enp0s8: saddr:100932208: daddr:33561200
[  261.356712] AAAAA-TCP_FORW: name:enp0s3: saddr:33561200: daddr:100932208
[  261.401688] AAAAA-TCP_FORW: name:enp0s8: saddr:100932208: daddr:33561200
[  261.402913] AAAAA-TCP_FORW: name:enp0s3: saddr:33561200: daddr:100932208
[  261.542429] AAAAA-TCP_FORW: name:enp0s8: saddr:100932208: daddr:33561200
[  261.586407] AAAAA-TCP_FORW: name:enp0s3: saddr:33561200: daddr:100932208
[  261.655716] AAAAA-TCP_FORW: name:enp0s8: saddr:100932208: daddr:33561200
[  261.693502] AAAAA-TCP_FORW: name:enp0s8: saddr:100932208: daddr:33561200
[  261.694832] AAAAA-TCP_FORW: name:enp0s3: saddr:33561200: daddr:100932208
[  261.817028] AAAAA-TCP_FORW: name:enp0s8: saddr:100932208: daddr:33561200
[  261.898722] AAAAA-TCP_FORW: name:enp0s3: saddr:33561200: daddr:100932208
[  261.912060] AAAAA-TCP_FORW: name:enp0s8: saddr:100932208: daddr:33561200
[  262.080775] AAAAA-TCP_FORW: name:enp0s8: saddr:100932208: daddr:16783984
[  262.081777] AAAAA-TCP_FORW: name:enp0s3: saddr:16783984: daddr:100932208
[  262.082225] AAAAA-TCP_FORW: name:enp0s3: saddr:33561200: daddr:100932208
[  262.134819] AAAAA-TCP_FORW: name:enp0s8: saddr:100932208: daddr:16783984
[  262.135570] AAAAA-TCP_FORW: name:enp0s3: saddr:16783984: daddr:100932208
[  262.241973] AAAAA-TCP_FORW: name:enp0s8: saddr:100932208: daddr:16783984
[  262.242812] AAAAA-TCP_FORW: name:enp0s3: saddr:16783984: daddr:100932208
[  262.333453] AAAAA-TCP_FORW: name:enp0s8: saddr:100932208: daddr:16783984
[  262.334805] AAAAA-TCP_FORW: name:enp0s3: saddr:16783984: daddr:100932208
[  262.409650] AAAAA-TCP_FORW: name:enp0s8: saddr:100932208: daddr:16783984
[  262.410912] AAAAA-TCP_FORW: name:enp0s3: saddr:16783984: daddr:100932208
[  262.502994] AAAAA-TCP_FORW: name:enp0s8: saddr:100932208: daddr:16783984
[  262.503763] AAAAA-TCP_FORW: name:enp0s3: saddr:16783984: daddr:100932208
[  262.535210] AAAAA-TCP_FORW: name:enp0s8: saddr:100932208: daddr:16783984
[  262.536299] AAAAA-TCP_FORW: name:enp0s3: saddr:16783984: daddr:100932208
[  262.584125] AAAAA-TCP_FORW: name:enp0s8: saddr:100932208: daddr:16783984
[  262.585151] AAAAA-TCP_FORW: name:enp0s3: saddr:16783984: daddr:100932208
[  262.632607] AAAAA-TCP_FORW: name:enp0s8: saddr:100932208: daddr:16783984
[  262.633458] AAAAA-TCP_FORW: name:enp0s3: saddr:16783984: daddr:100932208
[  262.729896] AAAAA-TCP_FORW: name:enp0s8: saddr:100932208: daddr:16783984
[  262.731357] AAAAA-TCP_FORW: name:enp0s3: saddr:16783984: daddr:100932208
[  262.810273] AAAAA-TCP_FORW: name:enp0s8: saddr:100932208: daddr:16783984
[  262.811504] AAAAA-TCP_FORW: name:enp0s3: saddr:16783984: daddr:100932208
[  262.881147] AAAAA-TCP_FORW: name:enp0s8: saddr:100932208: daddr:16783984
[  262.882370] AAAAA-TCP_FORW: name:enp0s3: saddr:16783984: daddr:100932208
[  263.144934] AAAAA-TCP_FORW: name:enp0s8: saddr:100932208: daddr:16783984
[  263.146440] AAAAA-TCP_FORW: name:enp0s3: saddr:16783984: daddr:100932208
[  263.372568] AAAAA-TCP_FORW: name:enp0s8: saddr:100932208: daddr:16783984
[  263.374599] AAAAA-TCP_FORW: name:enp0s3: saddr:16783984: daddr:100932208
[  263.452125] AAAAA-TCP_FORW: name:enp0s8: saddr:100932208: daddr:16783984
[  263.453090] AAAAA-TCP_FORW: name:enp0s3: saddr:16783984: daddr:100932208
[  263.566852] AAAAA-TCP_FORW: name:enp0s8: saddr:100932208: daddr:16783984
[  263.568925] AAAAA-TCP_FORW: name:enp0s3: saddr:16783984: daddr:100932208
[  263.660396] AAAAA-TCP_FORW: name:enp0s8: saddr:100932208: daddr:16783984
[  263.702250] AAAAA-TCP_FORW: name:enp0s3: saddr:16783984: daddr:100932208
[  263.835804] AAAAA-TCP_FORW: name:enp0s8: saddr:100932208: daddr:16783984
[  263.881266] AAAAA-TCP_FORW: name:enp0s8: saddr:100932208: daddr:16783984
[  263.882019] AAAAA-TCP_FORW: name:enp0s3: saddr:16783984: daddr:100932208
[  264.029832] AAAAA-TCP_FORW: name:enp0s8: saddr:100932208: daddr:16783984
[  264.099916] AAAAA-TCP_FORW: name:enp0s8: saddr:100932208: daddr:16783984
[  264.100719] AAAAA-TCP_FORW: name:enp0s3: saddr:16783984: daddr:100932208
[  264.190211] AAAAA-TCP_FORW: name:enp0s8: saddr:100932208: daddr:16783984
[  264.255810] AAAAA-TCP_FORW: name:enp0s8: saddr:100932208: daddr:16783984
[  264.256611] AAAAA-TCP_FORW: name:enp0s3: saddr:16783984: daddr:100932208
[  264.311223] AAAAA-TCP_FORW: name:enp0s8: saddr:100932208: daddr:16783984
[  264.374431] AAAAA-TCP_FORW: name:enp0s8: saddr:100932208: daddr:16783984
[  264.375132] AAAAA-TCP_FORW: name:enp0s3: saddr:16783984: daddr:100932208
[  264.418843] AAAAA-TCP_FORW: name:enp0s8: saddr:100932208: daddr:33561200
[  264.419595] AAAAA-TCP_FORW: name:enp0s3: saddr:33561200: daddr:100932208
[  264.462049] AAAAA-TCP_FORW: name:enp0s8: saddr:100932208: daddr:33561200
[  264.463990] AAAAA-TCP_FORW: name:enp0s3: saddr:33561200: daddr:100932208
[  264.592395] AAAAA-TCP_FORW: name:enp0s8: saddr:100932208: daddr:33561200
[  264.593290] AAAAA-TCP_FORW: name:enp0s3: saddr:33561200: daddr:100932208
[  264.653526] AAAAA-TCP_FORW: name:enp0s8: saddr:100932208: daddr:33561200
[  264.654310] AAAAA-TCP_FORW: name:enp0s3: saddr:33561200: daddr:100932208
[  264.687422] AAAAA-TCP_FORW: name:enp0s8: saddr:100932208: daddr:33561200
[  264.689323] AAAAA-TCP_FORW: name:enp0s3: saddr:33561200: daddr:100932208
[  264.713471] AAAAA-TCP_FORW: name:enp0s8: saddr:100932208: daddr:33561200
[  264.714178] AAAAA-TCP_FORW: name:enp0s3: saddr:33561200: daddr:100932208
[  264.820867] AAAAA-TCP_FORW: name:enp0s8: saddr:100932208: daddr:33561200
[  264.822098] AAAAA-TCP_FORW: name:enp0s3: saddr:33561200: daddr:100932208
[  264.848263] AAAAA-TCP_FORW: name:enp0s8: saddr:100932208: daddr:33561200
[  264.849012] AAAAA-TCP_FORW: name:enp0s3: saddr:33561200: daddr:100932208
[  264.889962] AAAAA-TCP_FORW: name:enp0s8: saddr:100932208: daddr:33561200
[  264.890679] AAAAA-TCP_FORW: name:enp0s3: saddr:33561200: daddr:100932208
[  264.934128] AAAAA-TCP_FORW: name:enp0s8: saddr:100932208: daddr:33561200
[  264.935280] AAAAA-TCP_FORW: name:enp0s3: saddr:33561200: daddr:100932208
[  265.000174] AAAAA-TCP_FORW: name:enp0s8: saddr:100932208: daddr:33561200
[  265.001366] AAAAA-TCP_FORW: name:enp0s3: saddr:33561200: daddr:100932208
[  284.979095] AAAAA-TCP_FORW: name:enp0s8: saddr:100932208: daddr:16783984
[  284.980712] AAAAA-TCP_FORW: name:enp0s3: saddr:16783984: daddr:100932208
[  285.123708] AAAAA-TCP_FORW: name:enp0s8: saddr:100932208: daddr:33561200
[  285.125113] AAAAA-TCP_FORW: name:enp0s3: saddr:33561200: daddr:100932208
[  285.310157] AAAAA-TCP_FORW: name:enp0s8: saddr:100932208: daddr:16783984
[  285.311320] AAAAA-TCP_FORW: name:enp0s3: saddr:16783984: daddr:100932208
[  285.362075] AAAAA-TCP_FORW: name:enp0s8: saddr:100932208: daddr:33561200
[  285.363292] AAAAA-TCP_FORW: name:enp0s3: saddr:33561200: daddr:100932208
[  285.645158] AAAAA-TCP_FORW: name:enp0s8: saddr:100932208: daddr:16783984
[  285.665432] AAAAA-TCP_FORW: name:enp0s3: saddr:16783984: daddr:100932208
[  285.953736] AAAAA-TCP_FORW: name:enp0s8: saddr:100932208: daddr:33561200
[  285.954892] AAAAA-TCP_FORW: name:enp0s3: saddr:33561200: daddr:100932208
[  285.998583] AAAAA-TCP_FORW: name:enp0s8: saddr:100932208: daddr:16783984
[  285.999766] AAAAA-TCP_FORW: name:enp0s3: saddr:16783984: daddr:100932208
[  286.025495] AAAAA-TCP_FORW: name:enp0s8: saddr:100932208: daddr:33561200
[  286.026595] AAAAA-TCP_FORW: name:enp0s3: saddr:33561200: daddr:100932208
[  286.399933] AAAAA-TCP_FORW: name:enp0s8: saddr:100932208: daddr:16783984
[  286.401091] AAAAA-TCP_FORW: name:enp0s3: saddr:16783984: daddr:100932208
[  286.447663] AAAAA-TCP_FORW: name:enp0s8: saddr:100932208: daddr:33561200
[  286.448662] AAAAA-TCP_FORW: name:enp0s3: saddr:33561200: daddr:100932208
[  286.494174] AAAAA-TCP_FORW: name:enp0s8: saddr:100932208: daddr:16783984
[  286.495256] AAAAA-TCP_FORW: name:enp0s3: saddr:16783984: daddr:100932208
[  286.672950] AAAAA-TCP_FORW: name:enp0s8: saddr:100932208: daddr:33561200
[  286.674320] AAAAA-TCP_FORW: name:enp0s3: saddr:33561200: daddr:100932208
[  286.839432] AAAAA-TCP_FORW: name:enp0s8: saddr:100932208: daddr:16783984
[  286.840369] AAAAA-TCP_FORW: name:enp0s3: saddr:16783984: daddr:100932208
[  286.928242] AAAAA-TCP_FORW: name:enp0s8: saddr:100932208: daddr:33561200
[  286.929454] AAAAA-TCP_FORW: name:enp0s3: saddr:33561200: daddr:100932208
[  287.436545] AAAAA-TCP_FORW: name:enp0s8: saddr:100932208: daddr:16783984
[  287.437449] AAAAA-TCP_FORW: name:enp0s3: saddr:16783984: daddr:100932208
[  287.732593] AAAAA-TCP_FORW: name:enp0s8: saddr:100932208: daddr:33561200
[  287.733840] AAAAA-TCP_FORW: name:enp0s3: saddr:33561200: daddr:100932208
[  287.771119] AAAAA-TCP_FORW: name:enp0s8: saddr:100932208: daddr:16783984
[  287.772273] AAAAA-TCP_FORW: name:enp0s3: saddr:16783984: daddr:100932208
[  288.109589] AAAAA-TCP_FORW: name:enp0s8: saddr:100932208: daddr:33561200
[  288.110421] AAAAA-TCP_FORW: name:enp0s3: saddr:33561200: daddr:100932208
[  288.229095] AAAAA-TCP_FORW: name:enp0s8: saddr:100932208: daddr:16783984
[  288.230316] AAAAA-TCP_FORW: name:enp0s3: saddr:16783984: daddr:100932208
[  288.348596] AAAAA-TCP_FORW: name:enp0s8: saddr:100932208: daddr:33561200
[  288.349661] AAAAA-TCP_FORW: name:enp0s3: saddr:33561200: daddr:100932208
[  288.402397] AAAAA-TCP_FORW: name:enp0s8: saddr:100932208: daddr:16783984
[  288.403983] AAAAA-TCP_FORW: name:enp0s3: saddr:16783984: daddr:100932208
[  288.519329] AAAAA-TCP_FORW: name:enp0s8: saddr:100932208: daddr:33561200
[  288.520898] AAAAA-TCP_FORW: name:enp0s3: saddr:33561200: daddr:100932208
[  288.591133] AAAAA-TCP_FORW: name:enp0s8: saddr:100932208: daddr:16783984
[  288.592878] AAAAA-TCP_FORW: name:enp0s3: saddr:16783984: daddr:100932208
[  288.642230] AAAAA-TCP_FORW: name:enp0s8: saddr:100932208: daddr:33561200
[  288.643493] AAAAA-TCP_FORW: name:enp0s3: saddr:33561200: daddr:100932208
[  288.770425] AAAAA-TCP_FORW: name:enp0s8: saddr:100932208: daddr:16783984
[  288.771713] AAAAA-TCP_FORW: name:enp0s3: saddr:16783984: daddr:100932208
[  289.024129] AAAAA-TCP_FORW: name:enp0s8: saddr:100932208: daddr:33561200
[  289.025350] AAAAA-TCP_FORW: name:enp0s3: saddr:33561200: daddr:100932208
[  289.081279] AAAAA-TCP_FORW: name:enp0s8: saddr:100932208: daddr:16783984
[  289.082365] AAAAA-TCP_FORW: name:enp0s3: saddr:16783984: daddr:100932208
[  289.210343] AAAAA-TCP_FORW: name:enp0s8: saddr:100932208: daddr:33561200
[  289.211621] AAAAA-TCP_FORW: name:enp0s3: saddr:33561200: daddr:100932208
[  289.250023] AAAAA-TCP_FORW: name:enp0s8: saddr:100932208: daddr:16783984
[  289.251281] AAAAA-TCP_FORW: name:enp0s3: saddr:16783984: daddr:100932208
[  289.302235] AAAAA-TCP_FORW: name:enp0s8: saddr:100932208: daddr:33561200
[  289.303402] AAAAA-TCP_FORW: name:enp0s3: saddr:33561200: daddr:100932208
[  289.344499] AAAAA-TCP_FORW: name:enp0s8: saddr:100932208: daddr:16783984
[  289.345534] AAAAA-TCP_FORW: name:enp0s3: saddr:16783984: daddr:100932208
[  289.435098] AAAAA-TCP_FORW: name:enp0s8: saddr:100932208: daddr:33561200
[  289.436134] AAAAA-TCP_FORW: name:enp0s3: saddr:33561200: daddr:100932208
[  289.562362] AAAAA-TCP_FORW: name:enp0s8: saddr:100932208: daddr:16783984
[  289.564070] AAAAA-TCP_FORW: name:enp0s3: saddr:16783984: daddr:100932208
[  289.707212] AAAAA-TCP_FORW: name:enp0s8: saddr:100932208: daddr:33561200
[  289.708709] AAAAA-TCP_FORW: name:enp0s3: saddr:33561200: daddr:100932208
[  289.777848] AAAAA-TCP_FORW: name:enp0s8: saddr:100932208: daddr:16783984
[  289.779221] AAAAA-TCP_FORW: name:enp0s3: saddr:16783984: daddr:100932208
[  289.887046] AAAAA-TCP_FORW: name:enp0s8: saddr:100932208: daddr:33561200
[  289.888278] AAAAA-TCP_FORW: name:enp0s3: saddr:33561200: daddr:100932208
[  290.030180] AAAAA-TCP_FORW: name:enp0s8: saddr:100932208: daddr:16783984
[  290.031365] AAAAA-TCP_FORW: name:enp0s3: saddr:16783984: daddr:100932208
[  290.186754] AAAAA-TCP_FORW: name:enp0s8: saddr:100932208: daddr:16783984
[  290.188361] AAAAA-TCP_FORW: name:enp0s3: saddr:16783984: daddr:100932208
[  290.208232] AAAAA-TCP_FORW: name:enp0s8: saddr:100932208: daddr:33561200
[  290.209138] AAAAA-TCP_FORW: name:enp0s3: saddr:33561200: daddr:100932208
[  290.269542] AAAAA-TCP_FORW: name:enp0s8: saddr:100932208: daddr:16783984
[  290.270738] AAAAA-TCP_FORW: name:enp0s3: saddr:16783984: daddr:100932208
[  290.311307] AAAAA-TCP_FORW: name:enp0s8: saddr:100932208: daddr:33561200
[  290.312417] AAAAA-TCP_FORW: name:enp0s3: saddr:33561200: daddr:100932208
[  290.356515] AAAAA-TCP_FORW: name:enp0s8: saddr:100932208: daddr:33561200
[  290.358064] AAAAA-TCP_FORW: name:enp0s3: saddr:33561200: daddr:100932208
[  290.448707] AAAAA-TCP_FORW: name:enp0s8: saddr:100932208: daddr:33561200
[  290.449565] AAAAA-TCP_FORW: name:enp0s3: saddr:33561200: daddr:100932208
[  290.557048] AAAAA-TCP_FORW: name:enp0s8: saddr:100932208: daddr:16783984
[  290.558541] AAAAA-TCP_FORW: name:enp0s3: saddr:16783984: daddr:100932208
[  290.624750] AAAAA-TCP_FORW: name:enp0s8: saddr:100932208: daddr:16783984
[  290.626099] AAAAA-TCP_FORW: name:enp0s3: saddr:16783984: daddr:100932208
[  290.656896] AAAAA-TCP_FORW: name:enp0s8: saddr:100932208: daddr:16783984
[  290.658192] AAAAA-TCP_FORW: name:enp0s3: saddr:16783984: daddr:100932208
[  290.697973] AAAAA-TCP_FORW: name:enp0s8: saddr:100932208: daddr:16783984
[  290.699135] AAAAA-TCP_FORW: name:enp0s3: saddr:16783984: daddr:100932208
[  290.756329] AAAAA-TCP_FORW: name:enp0s8: saddr:100932208: daddr:33561200
[  290.757496] AAAAA-TCP_FORW: name:enp0s3: saddr:33561200: daddr:100932208
[  290.845881] AAAAA-TCP_FORW: name:enp0s8: saddr:100932208: daddr:16783984
[  290.857743] AAAAA-TCP_FORW: name:enp0s3: saddr:16783984: daddr:100932208
[  290.900318] AAAAA-TCP_FORW: name:enp0s8: saddr:100932208: daddr:33561200
[  290.901604] AAAAA-TCP_FORW: name:enp0s3: saddr:33561200: daddr:100932208
[  290.917265] AAAAA-TCP_FORW: name:enp0s8: saddr:100932208: daddr:33561200
[  290.918279] AAAAA-TCP_FORW: name:enp0s3: saddr:33561200: daddr:100932208
[  291.027178] AAAAA-TCP_FORW: name:enp0s8: saddr:100932208: daddr:33561200
[  291.028055] AAAAA-TCP_FORW: name:enp0s3: saddr:33561200: daddr:100932208
[  291.204163] AAAAA-TCP_FORW: name:enp0s8: saddr:100932208: daddr:33561200
[  291.205498] AAAAA-TCP_FORW: name:enp0s3: saddr:33561200: daddr:100932208
[  291.270291] AAAAA-TCP_FORW: name:enp0s8: saddr:100932208: daddr:16783984
[  291.271720] AAAAA-TCP_FORW: name:enp0s3: saddr:16783984: daddr:100932208
[  291.327277] AAAAA-TCP_FORW: name:enp0s8: saddr:100932208: daddr:16783984
[  291.328583] AAAAA-TCP_FORW: name:enp0s3: saddr:16783984: daddr:100932208
[  291.371270] AAAAA-TCP_FORW: name:enp0s8: saddr:100932208: daddr:16783984
[  291.372212] AAAAA-TCP_FORW: name:enp0s3: saddr:16783984: daddr:100932208
[  291.462883] AAAAA-TCP_FORW: name:enp0s8: saddr:100932208: daddr:16783984
[  291.463801] AAAAA-TCP_FORW: name:enp0s3: saddr:16783984: daddr:100932208
[  291.496720] AAAAA-TCP_FORW: name:enp0s8: saddr:100932208: daddr:33561200
[  291.497906] AAAAA-TCP_FORW: name:enp0s3: saddr:33561200: daddr:100932208
[  291.553187] AAAAA-TCP_FORW: name:enp0s8: saddr:100932208: daddr:33561200
[  291.554097] AAAAA-TCP_FORW: name:enp0s3: saddr:33561200: daddr:100932208
[  291.743271] AAAAA-TCP_FORW: name:enp0s8: saddr:100932208: daddr:33561200
[  291.744581] AAAAA-TCP_FORW: name:enp0s3: saddr:33561200: daddr:100932208
[  291.847100] AAAAA-TCP_FORW: name:enp0s8: saddr:100932208: daddr:33561200
[  291.848220] AAAAA-TCP_FORW: name:enp0s3: saddr:33561200: daddr:100932208
[  291.892612] AAAAA-TCP_FORW: name:enp0s8: saddr:100932208: daddr:16783984
[  291.893756] AAAAA-TCP_FORW: name:enp0s3: saddr:16783984: daddr:100932208
[  292.080205] AAAAA-TCP_FORW: name:enp0s8: saddr:100932208: daddr:16783984
[  292.081337] AAAAA-TCP_FORW: name:enp0s3: saddr:16783984: daddr:100932208
[  292.124740] AAAAA-TCP_FORW: name:enp0s8: saddr:100932208: daddr:16783984
[  292.125459] AAAAA-TCP_FORW: name:enp0s3: saddr:16783984: daddr:100932208
[  292.421037] AAAAA-TCP_FORW: name:enp0s8: saddr:100932208: daddr:33561200
[  292.421837] AAAAA-TCP_FORW: name:enp0s3: saddr:33561200: daddr:100932208
[  292.701505] AAAAA-TCP_FORW: name:enp0s8: saddr:100932208: daddr:16783984
[  292.702817] AAAAA-TCP_FORW: name:enp0s3: saddr:16783984: daddr:100932208
[  292.904950] AAAAA-TCP_FORW: name:enp0s8: saddr:100932208: daddr:33561200
[  292.906342] AAAAA-TCP_FORW: name:enp0s3: saddr:33561200: daddr:100932208
[  293.030545] AAAAA-TCP_FORW: name:enp0s8: saddr:100932208: daddr:33561200
[  293.031869] AAAAA-TCP_FORW: name:enp0s3: saddr:33561200: daddr:100932208
[  293.313378] AAAAA-TCP_FORW: name:enp0s8: saddr:100932208: daddr:16783984
[  293.314864] AAAAA-TCP_FORW: name:enp0s3: saddr:16783984: daddr:100932208
[  293.450649] AAAAA-TCP_FORW: name:enp0s8: saddr:100932208: daddr:33561200
[  293.452152] AAAAA-TCP_FORW: name:enp0s3: saddr:33561200: daddr:100932208
[  293.656292] AAAAA-TCP_FORW: name:enp0s8: saddr:100932208: daddr:16783984
[  293.657564] AAAAA-TCP_FORW: name:enp0s3: saddr:16783984: daddr:100932208
[  293.723710] AAAAA-TCP_FORW: name:enp0s8: saddr:100932208: daddr:16783984
[  293.724558] AAAAA-TCP_FORW: name:enp0s3: saddr:16783984: daddr:100932208
[  293.774489] AAAAA-TCP_FORW: name:enp0s8: saddr:100932208: daddr:33561200
[  293.775650] AAAAA-TCP_FORW: name:enp0s3: saddr:33561200: daddr:100932208
[  293.949175] AAAAA-TCP_FORW: name:enp0s8: saddr:100932208: daddr:33561200
[  293.950046] AAAAA-TCP_FORW: name:enp0s3: saddr:33561200: daddr:100932208
[  294.247701] AAAAA-TCP_FORW: name:enp0s8: saddr:100932208: daddr:16783984
[  294.248489] AAAAA-TCP_FORW: name:enp0s3: saddr:16783984: daddr:100932208
[  294.274909] AAAAA-TCP_FORW: name:enp0s8: saddr:100932208: daddr:33561200
[  294.275621] AAAAA-TCP_FORW: name:enp0s3: saddr:33561200: daddr:100932208
[  294.395094] AAAAA-TCP_FORW: name:enp0s8: saddr:100932208: daddr:16783984
[  294.396575] AAAAA-TCP_FORW: name:enp0s3: saddr:16783984: daddr:100932208
[  294.569181] AAAAA-TCP_FORW: name:enp0s8: saddr:100932208: daddr:16783984
[  294.569906] AAAAA-TCP_FORW: name:enp0s3: saddr:16783984: daddr:100932208
[  294.922410] AAAAA-TCP_FORW: name:enp0s8: saddr:100932208: daddr:16783984
[  294.923141] AAAAA-TCP_FORW: name:enp0s3: saddr:16783984: daddr:100932208
[  295.670431] AAAAA-TCP_FORW: name:enp0s8: saddr:100932208: daddr:16783984
[  295.671252] AAAAA-TCP_FORW: name:enp0s3: saddr:16783984: daddr:100932208
[  295.792383] AAAAA-TCP_FORW: name:enp0s8: saddr:100932208: daddr:33561200
[  295.793127] AAAAA-TCP_FORW: name:enp0s3: saddr:33561200: daddr:100932208
[  295.888599] AAAAA-TCP_FORW: name:enp0s8: saddr:100932208: daddr:33561200
[  295.889860] AAAAA-TCP_FORW: name:enp0s3: saddr:33561200: daddr:100932208
[  295.947543] AAAAA-TCP_FORW: name:enp0s8: saddr:100932208: daddr:33561200
[  295.948288] AAAAA-TCP_FORW: name:enp0s3: saddr:33561200: daddr:100932208
[  296.233285] AAAAA-TCP_FORW: name:enp0s8: saddr:100932208: daddr:33561200
[  296.235035] AAAAA-TCP_FORW: name:enp0s3: saddr:33561200: daddr:100932208
[  296.305088] AAAAA-TCP_FORW: name:enp0s8: saddr:100932208: daddr:33561200
[  296.305897] AAAAA-TCP_FORW: name:enp0s3: saddr:33561200: daddr:100932208
[  296.476974] AAAAA-TCP_FORW: name:enp0s8: saddr:100932208: daddr:33561200
[  296.478462] AAAAA-TCP_FORW: name:enp0s3: saddr:33561200: daddr:100932208
[  296.573356] AAAAA-TCP_FORW: name:enp0s8: saddr:100932208: daddr:33561200
[  296.574375] AAAAA-TCP_FORW: name:enp0s3: saddr:33561200: daddr:100932208
[  296.642605] AAAAA-TCP_FORW: name:enp0s8: saddr:100932208: daddr:16783984
[  296.644217] AAAAA-TCP_FORW: name:enp0s3: saddr:16783984: daddr:100932208
[  296.754148] AAAAA-TCP_FORW: name:enp0s8: saddr:100932208: daddr:16783984
[  296.755568] AAAAA-TCP_FORW: name:enp0s3: saddr:16783984: daddr:100932208
[  296.845949] AAAAA-TCP_FORW: name:enp0s8: saddr:100932208: daddr:16783984
[  296.847125] AAAAA-TCP_FORW: name:enp0s3: saddr:16783984: daddr:100932208
[  296.896480] AAAAA-TCP_FORW: name:enp0s8: saddr:100932208: daddr:16783984
[  296.897649] AAAAA-TCP_FORW: name:enp0s3: saddr:16783984: daddr:100932208
[  297.069664] AAAAA-TCP_FORW: name:enp0s8: saddr:100932208: daddr:16783984
[  297.070745] AAAAA-TCP_FORW: name:enp0s3: saddr:16783984: daddr:100932208
[  297.249249] AAAAA-TCP_FORW: name:enp0s8: saddr:100932208: daddr:16783984
[  297.250413] AAAAA-TCP_FORW: name:enp0s3: saddr:16783984: daddr:100932208
[  311.991152] AAAAA-TCP_FORW: name:enp0s8: saddr:100932208: daddr:16783984
[  311.992307] AAAAA-TCP_FORW: name:enp0s3: saddr:16783984: daddr:100932208
[  312.137877] AAAAA-TCP_FORW: name:enp0s8: saddr:100932208: daddr:33561200
[  312.139186] AAAAA-TCP_FORW: name:enp0s3: saddr:33561200: daddr:100932208
[  312.196178] AAAAA-TCP_FORW: name:enp0s8: saddr:100932208: daddr:33561200
[  312.196905] AAAAA-TCP_FORW: name:enp0s3: saddr:33561200: daddr:100932208
[  312.315371] AAAAA-TCP_FORW: name:enp0s8: saddr:100932208: daddr:33561200
[  312.316471] AAAAA-TCP_FORW: name:enp0s3: saddr:33561200: daddr:100932208
[  312.368874] AAAAA-TCP_FORW: name:enp0s8: saddr:100932208: daddr:33561200
[  312.369981] AAAAA-TCP_FORW: name:enp0s3: saddr:33561200: daddr:100932208
[  312.442716] AAAAA-TCP_FORW: name:enp0s8: saddr:100932208: daddr:33561200
[  312.443882] AAAAA-TCP_FORW: name:enp0s3: saddr:33561200: daddr:100932208
[  312.544088] AAAAA-TCP_FORW: name:enp0s8: saddr:100932208: daddr:33561200
[  312.545214] AAAAA-TCP_FORW: name:enp0s3: saddr:33561200: daddr:100932208
[  312.675234] AAAAA-TCP_FORW: name:enp0s8: saddr:100932208: daddr:33561200
[  312.676392] AAAAA-TCP_FORW: name:enp0s3: saddr:33561200: daddr:100932208
[  312.697203] AAAAA-TCP_FORW: name:enp0s8: saddr:100932208: daddr:33561200
[  312.698294] AAAAA-TCP_FORW: name:enp0s3: saddr:33561200: daddr:100932208
[  317.645106] AAAAA-TCP_FORW: name:enp0s8: saddr:100932208: daddr:16783984
[  317.646256] AAAAA-TCP_FORW: name:enp0s3: saddr:16783984: daddr:100932208
[  317.766826] AAAAA-TCP_FORW: name:enp0s8: saddr:100932208: daddr:33561200
[  317.768041] AAAAA-TCP_FORW: name:enp0s3: saddr:33561200: daddr:100932208
[  317.928046] AAAAA-TCP_FORW: name:enp0s8: saddr:100932208: daddr:16783984
[  317.929434] AAAAA-TCP_FORW: name:enp0s3: saddr:16783984: daddr:100932208
[  317.982556] AAAAA-TCP_FORW: name:enp0s8: saddr:100932208: daddr:33561200
[  317.983993] AAAAA-TCP_FORW: name:enp0s3: saddr:33561200: daddr:100932208
[  318.172725] AAAAA-TCP_FORW: name:enp0s8: saddr:100932208: daddr:33561200
[  318.173968] AAAAA-TCP_FORW: name:enp0s3: saddr:33561200: daddr:100932208
[  318.304806] AAAAA-TCP_FORW: name:enp0s8: saddr:100932208: daddr:33561200
[  318.306334] AAAAA-TCP_FORW: name:enp0s3: saddr:33561200: daddr:100932208
[  318.362022] AAAAA-TCP_FORW: name:enp0s8: saddr:100932208: daddr:33561200
[  318.363229] AAAAA-TCP_FORW: name:enp0s3: saddr:33561200: daddr:100932208
[  318.602595] AAAAA-TCP_FORW: name:enp0s8: saddr:100932208: daddr:33561200
[  318.603916] AAAAA-TCP_FORW: name:enp0s3: saddr:33561200: daddr:100932208
[  318.701577] AAAAA-TCP_FORW: name:enp0s8: saddr:100932208: daddr:33561200
[  318.702980] AAAAA-TCP_FORW: name:enp0s3: saddr:33561200: daddr:100932208
[  318.752224] AAAAA-TCP_FORW: name:enp0s8: saddr:100932208: daddr:33561200
[  318.753442] AAAAA-TCP_FORW: name:enp0s3: saddr:33561200: daddr:100932208
[  319.108520] AAAAA-TCP_FORW: name:enp0s8: saddr:100932208: daddr:33561200
[  319.109793] AAAAA-TCP_FORW: name:enp0s3: saddr:33561200: daddr:100932208
[  319.162275] AAAAA-TCP_FORW: name:enp0s8: saddr:100932208: daddr:33561200
[  319.163011] AAAAA-TCP_FORW: name:enp0s3: saddr:33561200: daddr:100932208
[  319.324516] AAAAA-TCP_FORW: name:enp0s8: saddr:100932208: daddr:33561200
[  319.325709] AAAAA-TCP_FORW: name:enp0s3: saddr:33561200: daddr:100932208
[  319.456777] AAAAA-TCP_FORW: name:enp0s8: saddr:100932208: daddr:33561200
[  319.457589] AAAAA-TCP_FORW: name:enp0s3: saddr:33561200: daddr:100932208
[  319.654353] AAAAA-TCP_FORW: name:enp0s8: saddr:100932208: daddr:33561200
[  319.655613] AAAAA-TCP_FORW: name:enp0s3: saddr:33561200: daddr:100932208
[  319.819761] AAAAA-TCP_FORW: name:enp0s8: saddr:100932208: daddr:33561200
[  319.820944] AAAAA-TCP_FORW: name:enp0s3: saddr:33561200: daddr:100932208
[  320.020664] AAAAA-TCP_FORW: name:enp0s8: saddr:100932208: daddr:33561200
[  320.021946] AAAAA-TCP_FORW: name:enp0s3: saddr:33561200: daddr:100932208
[  320.115293] AAAAA-TCP_FORW: name:enp0s8: saddr:100932208: daddr:33561200
[  320.116535] AAAAA-TCP_FORW: name:enp0s3: saddr:33561200: daddr:100932208
[  320.209665] AAAAA-TCP_FORW: name:enp0s8: saddr:100932208: daddr:16783984
[  320.211145] AAAAA-TCP_FORW: name:enp0s3: saddr:16783984: daddr:100932208
[  320.270324] AAAAA-TCP_FORW: name:enp0s8: saddr:100932208: daddr:16783984
[  320.271513] AAAAA-TCP_FORW: name:enp0s3: saddr:16783984: daddr:100932208
[  320.318253] AAAAA-TCP_FORW: name:enp0s8: saddr:100932208: daddr:33561200
[  320.318975] AAAAA-TCP_FORW: name:enp0s3: saddr:33561200: daddr:100932208
[  320.426239] AAAAA-TCP_FORW: name:enp0s8: saddr:100932208: daddr:33561200
[  320.426960] AAAAA-TCP_FORW: name:enp0s3: saddr:33561200: daddr:100932208
[  320.481568] AAAAA-TCP_FORW: name:enp0s8: saddr:100932208: daddr:16783984
[  320.482304] AAAAA-TCP_FORW: name:enp0s3: saddr:16783984: daddr:100932208
[  320.567287] AAAAA-TCP_FORW: name:enp0s8: saddr:100932208: daddr:16783984
[  320.568052] AAAAA-TCP_FORW: name:enp0s3: saddr:16783984: daddr:100932208
[  320.620455] AAAAA-TCP_FORW: name:enp0s8: saddr:100932208: daddr:33561200
[  320.621254] AAAAA-TCP_FORW: name:enp0s3: saddr:33561200: daddr:100932208
[  320.709864] AAAAA-TCP_FORW: name:enp0s8: saddr:100932208: daddr:33561200
[  320.711510] AAAAA-TCP_FORW: name:enp0s3: saddr:33561200: daddr:100932208
[  320.763181] AAAAA-TCP_FORW: name:enp0s8: saddr:100932208: daddr:33561200
[  320.765948] AAAAA-TCP_FORW: name:enp0s3: saddr:33561200: daddr:100932208
[  320.835183] AAAAA-TCP_FORW: name:enp0s8: saddr:100932208: daddr:33561200
[  320.837776] AAAAA-TCP_FORW: name:enp0s3: saddr:33561200: daddr:100932208
[  320.974921] AAAAA-TCP_FORW: name:enp0s8: saddr:100932208: daddr:33561200
[  320.977427] AAAAA-TCP_FORW: name:enp0s3: saddr:33561200: daddr:100932208
[  321.161308] AAAAA-TCP_FORW: name:enp0s8: saddr:100932208: daddr:33561200
[  321.163946] AAAAA-TCP_FORW: name:enp0s3: saddr:33561200: daddr:100932208
[  321.311188] AAAAA-TCP_FORW: name:enp0s8: saddr:100932208: daddr:33561200
[  321.313360] AAAAA-TCP_FORW: name:enp0s3: saddr:33561200: daddr:100932208
[  321.437793] AAAAA-TCP_FORW: name:enp0s8: saddr:100932208: daddr:33561200
[  321.440172] AAAAA-TCP_FORW: name:enp0s3: saddr:33561200: daddr:100932208
[  321.527012] AAAAA-TCP_FORW: name:enp0s8: saddr:100932208: daddr:33561200
[  321.529580] AAAAA-TCP_FORW: name:enp0s3: saddr:33561200: daddr:100932208
[  321.648642] AAAAA-TCP_FORW: name:enp0s8: saddr:100932208: daddr:33561200
[  321.650716] AAAAA-TCP_FORW: name:enp0s3: saddr:33561200: daddr:100932208
[  321.736876] AAAAA-TCP_FORW: name:enp0s8: saddr:100932208: daddr:33561200
[  321.739006] AAAAA-TCP_FORW: name:enp0s3: saddr:33561200: daddr:100932208
[  321.826457] AAAAA-TCP_FORW: name:enp0s8: saddr:100932208: daddr:33561200
[  321.829500] AAAAA-TCP_FORW: name:enp0s3: saddr:33561200: daddr:100932208
[  321.931841] AAAAA-TCP_FORW: name:enp0s8: saddr:100932208: daddr:33561200
[  321.933904] AAAAA-TCP_FORW: name:enp0s3: saddr:33561200: daddr:100932208
[  321.998034] AAAAA-TCP_FORW: name:enp0s8: saddr:100932208: daddr:33561200
[  322.000484] AAAAA-TCP_FORW: name:enp0s3: saddr:33561200: daddr:100932208
[  322.046905] AAAAA-TCP_FORW: name:enp0s8: saddr:100932208: daddr:33561200
[  322.051753] AAAAA-TCP_FORW: name:enp0s3: saddr:33561200: daddr:100932208
[  322.096964] AAAAA-TCP_FORW: name:enp0s8: saddr:100932208: daddr:33561200
[  322.099375] AAAAA-TCP_FORW: name:enp0s3: saddr:33561200: daddr:100932208
[  322.211053] AAAAA-TCP_FORW: name:enp0s8: saddr:100932208: daddr:33561200
[  322.213002] AAAAA-TCP_FORW: name:enp0s3: saddr:33561200: daddr:100932208
[  322.284355] AAAAA-TCP_FORW: name:enp0s8: saddr:100932208: daddr:33561200
[  322.286228] AAAAA-TCP_FORW: name:enp0s3: saddr:33561200: daddr:100932208
[  322.471079] AAAAA-TCP_FORW: name:enp0s8: saddr:100932208: daddr:33561200
[  322.473516] AAAAA-TCP_FORW: name:enp0s3: saddr:33561200: daddr:100932208
[  322.635885] AAAAA-TCP_FORW: name:enp0s8: saddr:100932208: daddr:33561200
[  322.639689] AAAAA-TCP_FORW: name:enp0s3: saddr:33561200: daddr:100932208
[  322.722232] AAAAA-TCP_FORW: name:enp0s8: saddr:100932208: daddr:33561200
[  322.778240] AAAAA-TCP_FORW: name:enp0s8: saddr:100932208: daddr:33561200
[  322.782332] AAAAA-TCP_FORW: name:enp0s3: saddr:33561200: daddr:100932208
[  322.962258] AAAAA-TCP_FORW: name:enp0s8: saddr:100932208: daddr:33561200
[  322.964412] AAAAA-TCP_FORW: name:enp0s3: saddr:33561200: daddr:100932208
[  323.053985] AAAAA-TCP_FORW: name:enp0s8: saddr:100932208: daddr:33561200
[  323.055765] AAAAA-TCP_FORW: name:enp0s3: saddr:33561200: daddr:100932208
[  323.221983] AAAAA-TCP_FORW: name:enp0s8: saddr:100932208: daddr:33561200
[  323.223864] AAAAA-TCP_FORW: name:enp0s3: saddr:33561200: daddr:100932208
[  323.293114] AAAAA-TCP_FORW: name:enp0s8: saddr:100932208: daddr:33561200
[  323.295542] AAAAA-TCP_FORW: name:enp0s3: saddr:33561200: daddr:100932208
[  323.354084] AAAAA-TCP_FORW: name:enp0s8: saddr:100932208: daddr:33561200
[  323.356414] AAAAA-TCP_FORW: name:enp0s3: saddr:33561200: daddr:100932208
[  323.499133] AAAAA-TCP_FORW: name:enp0s8: saddr:100932208: daddr:16783984
[  323.500565] AAAAA-TCP_FORW: name:enp0s3: saddr:16783984: daddr:100932208
[  323.585841] AAAAA-TCP_FORW: name:enp0s8: saddr:100932208: daddr:16783984
[  323.587137] AAAAA-TCP_FORW: name:enp0s3: saddr:16783984: daddr:100932208
[  323.675187] AAAAA-TCP_FORW: name:enp0s8: saddr:100932208: daddr:33561200
[  323.676406] AAAAA-TCP_FORW: name:enp0s3: saddr:33561200: daddr:100932208
[  323.821756] AAAAA-TCP_FORW: name:enp0s8: saddr:100932208: daddr:16783984
[  323.823371] AAAAA-TCP_FORW: name:enp0s3: saddr:16783984: daddr:100932208
[  323.859399] AAAAA-TCP_FORW: name:enp0s8: saddr:100932208: daddr:16783984
[  323.861647] AAAAA-TCP_FORW: name:enp0s3: saddr:16783984: daddr:100932208
[  323.998800] AAAAA-TCP_FORW: name:enp0s8: saddr:100932208: daddr:33561200
[  324.000305] AAAAA-TCP_FORW: name:enp0s3: saddr:33561200: daddr:100932208
[  324.070485] AAAAA-TCP_FORW: name:enp0s8: saddr:100932208: daddr:33561200
[  324.071564] AAAAA-TCP_FORW: name:enp0s3: saddr:33561200: daddr:100932208
[  324.272083] AAAAA-TCP_FORW: name:enp0s8: saddr:100932208: daddr:16783984
[  324.273283] AAAAA-TCP_FORW: name:enp0s3: saddr:16783984: daddr:100932208
[  324.409190] AAAAA-TCP_FORW: name:enp0s8: saddr:100932208: daddr:16783984
[  324.409997] AAAAA-TCP_FORW: name:enp0s3: saddr:16783984: daddr:100932208
[  324.474466] AAAAA-TCP_FORW: name:enp0s8: saddr:100932208: daddr:16783984
[  324.475198] AAAAA-TCP_FORW: name:enp0s3: saddr:16783984: daddr:100932208
[  324.581180] AAAAA-TCP_FORW: name:enp0s8: saddr:100932208: daddr:16783984
[  324.582823] AAAAA-TCP_FORW: name:enp0s3: saddr:16783984: daddr:100932208
[  324.641603] AAAAA-TCP_FORW: name:enp0s8: saddr:100932208: daddr:33561200
[  324.642758] AAAAA-TCP_FORW: name:enp0s3: saddr:33561200: daddr:100932208
[  324.703408] AAAAA-TCP_FORW: name:enp0s8: saddr:100932208: daddr:33561200
[  324.704672] AAAAA-TCP_FORW: name:enp0s3: saddr:33561200: daddr:100932208
[  324.795711] AAAAA-TCP_FORW: name:enp0s8: saddr:100932208: daddr:33561200
[  324.796505] AAAAA-TCP_FORW: name:enp0s3: saddr:33561200: daddr:100932208
[  324.924693] AAAAA-TCP_FORW: name:enp0s8: saddr:100932208: daddr:33561200
[  324.926085] AAAAA-TCP_FORW: name:enp0s3: saddr:33561200: daddr:100932208
[  325.041434] AAAAA-TCP_FORW: name:enp0s8: saddr:100932208: daddr:33561200
[  325.042696] AAAAA-TCP_FORW: name:enp0s3: saddr:33561200: daddr:100932208
[  325.111194] AAAAA-TCP_FORW: name:enp0s8: saddr:100932208: daddr:33561200
[  325.112489] AAAAA-TCP_FORW: name:enp0s3: saddr:33561200: daddr:100932208
[  325.234072] AAAAA-TCP_FORW: name:enp0s8: saddr:100932208: daddr:33561200
[  325.235608] AAAAA-TCP_FORW: name:enp0s3: saddr:33561200: daddr:100932208
[  325.350222] AAAAA-TCP_FORW: name:enp0s8: saddr:100932208: daddr:33561200
[  325.351721] AAAAA-TCP_FORW: name:enp0s3: saddr:33561200: daddr:100932208
[  325.442413] AAAAA-TCP_FORW: name:enp0s8: saddr:100932208: daddr:33561200
[  325.443767] AAAAA-TCP_FORW: name:enp0s3: saddr:33561200: daddr:100932208
[  325.583205] AAAAA-TCP_FORW: name:enp0s8: saddr:100932208: daddr:33561200
[  325.584395] AAAAA-TCP_FORW: name:enp0s3: saddr:33561200: daddr:100932208
[  325.673115] AAAAA-TCP_FORW: name:enp0s8: saddr:100932208: daddr:33561200
[  325.674029] AAAAA-TCP_FORW: name:enp0s3: saddr:33561200: daddr:100932208
[  325.809789] AAAAA-TCP_FORW: name:enp0s8: saddr:100932208: daddr:33561200
[  325.811025] AAAAA-TCP_FORW: name:enp0s3: saddr:33561200: daddr:100932208
[  325.954782] AAAAA-TCP_FORW: name:enp0s8: saddr:100932208: daddr:33561200
[  325.956115] AAAAA-TCP_FORW: name:enp0s3: saddr:33561200: daddr:100932208
[  326.096127] AAAAA-TCP_FORW: name:enp0s8: saddr:100932208: daddr:33561200
[  326.138664] AAAAA-TCP_FORW: name:enp0s3: saddr:33561200: daddr:100932208
[  326.210192] AAAAA-TCP_FORW: name:enp0s8: saddr:100932208: daddr:33561200
[  326.294360] AAAAA-TCP_FORW: name:enp0s3: saddr:33561200: daddr:100932208
[  326.349280] AAAAA-TCP_FORW: name:enp0s8: saddr:100932208: daddr:33561200
[  326.441532] AAAAA-TCP_FORW: name:enp0s8: saddr:100932208: daddr:33561200
[  326.442708] AAAAA-TCP_FORW: name:enp0s3: saddr:33561200: daddr:100932208
[  326.518792] AAAAA-TCP_FORW: name:enp0s8: saddr:100932208: daddr:16783984
[  326.519536] AAAAA-TCP_FORW: name:enp0s3: saddr:16783984: daddr:100932208
[  326.554455] AAAAA-TCP_FORW: name:enp0s8: saddr:100932208: daddr:16783984
[  326.555204] AAAAA-TCP_FORW: name:enp0s3: saddr:16783984: daddr:100932208
[  326.642873] AAAAA-TCP_FORW: name:enp0s8: saddr:100932208: daddr:16783984
[  326.643625] AAAAA-TCP_FORW: name:enp0s3: saddr:16783984: daddr:100932208
[  326.709692] AAAAA-TCP_FORW: name:enp0s8: saddr:100932208: daddr:16783984
[  326.710442] AAAAA-TCP_FORW: name:enp0s3: saddr:16783984: daddr:100932208
[  326.792082] AAAAA-TCP_FORW: name:enp0s8: saddr:100932208: daddr:33561200
[  326.841043] AAAAA-TCP_FORW: name:enp0s8: saddr:100932208: daddr:16783984
[  326.841814] AAAAA-TCP_FORW: name:enp0s3: saddr:16783984: daddr:100932208
[  326.907530] AAAAA-TCP_FORW: name:enp0s8: saddr:100932208: daddr:16783984
[  326.908886] AAAAA-TCP_FORW: name:enp0s3: saddr:16783984: daddr:100932208
[  326.970616] AAAAA-TCP_FORW: name:enp0s8: saddr:100932208: daddr:16783984
[  326.971798] AAAAA-TCP_FORW: name:enp0s3: saddr:16783984: daddr:100932208
[  326.998140] AAAAA-TCP_FORW: name:enp0s3: saddr:33561200: daddr:100932208
[  327.049885] AAAAA-TCP_FORW: name:enp0s8: saddr:100932208: daddr:16783984
[  327.050633] AAAAA-TCP_FORW: name:enp0s3: saddr:16783984: daddr:100932208
[  327.114777] AAAAA-TCP_FORW: name:enp0s8: saddr:100932208: daddr:33561200
[  327.223812] AAAAA-TCP_FORW: name:enp0s8: saddr:100932208: daddr:33561200
[  327.225004] AAAAA-TCP_FORW: name:enp0s3: saddr:33561200: daddr:100932208
[  327.297296] AAAAA-TCP_FORW: name:enp0s8: saddr:100932208: daddr:16783984
[  327.298517] AAAAA-TCP_FORW: name:enp0s3: saddr:16783984: daddr:100932208
[  327.363835] AAAAA-TCP_FORW: name:enp0s8: saddr:100932208: daddr:16783984
[  327.364554] AAAAA-TCP_FORW: name:enp0s3: saddr:16783984: daddr:100932208
[  327.471464] AAAAA-TCP_FORW: name:enp0s8: saddr:100932208: daddr:16783984
[  327.472609] AAAAA-TCP_FORW: name:enp0s3: saddr:16783984: daddr:100932208
[  350.660790] AAAAA-TCP_FORW: name:enp0s8: saddr:100932208: daddr:16783984
[  350.901809] AAAAA-TCP_FORW: name:enp0s8: saddr:100932208: daddr:33561200
[  351.061459] AAAAA-TCP_FORW: name:enp0s8: saddr:100932208: daddr:16783984
[  351.211864] AAAAA-TCP_FORW: name:enp0s8: saddr:100932208: daddr:33561200
[  351.212841] AAAAA-TCP_FORW: name:enp0s3: saddr:33561200: daddr:100932208
[  351.297327] AAAAA-TCP_FORW: name:enp0s8: saddr:100932208: daddr:16783984
[  351.298361] AAAAA-TCP_FORW: name:enp0s3: saddr:16783984: daddr:100932208
[  351.546252] AAAAA-TCP_FORW: name:enp0s8: saddr:100932208: daddr:33561200
[  351.547213] AAAAA-TCP_FORW: name:enp0s3: saddr:33561200: daddr:100932208
[  351.635791] AAAAA-TCP_FORW: name:enp0s8: saddr:100932208: daddr:16783984
[  351.636871] AAAAA-TCP_FORW: name:enp0s3: saddr:16783984: daddr:100932208
[  351.914769] AAAAA-TCP_FORW: name:enp0s8: saddr:100932208: daddr:33561200
[  352.382486] AAAAA-TCP_FORW: name:enp0s8: saddr:100932208: daddr:16783984
[  352.383448] AAAAA-TCP_FORW: name:enp0s3: saddr:16783984: daddr:100932208
[  352.474991] AAAAA-TCP_FORW: name:enp0s8: saddr:100932208: daddr:33561200
[  352.475956] AAAAA-TCP_FORW: name:enp0s3: saddr:33561200: daddr:100932208
[  352.556151] AAAAA-TCP_FORW: name:enp0s8: saddr:100932208: daddr:16783984
[  352.557133] AAAAA-TCP_FORW: name:enp0s3: saddr:16783984: daddr:100932208
[  352.636100] AAAAA-TCP_FORW: name:enp0s8: saddr:100932208: daddr:33561200
[  352.637065] AAAAA-TCP_FORW: name:enp0s3: saddr:33561200: daddr:100932208
[  352.707793] AAAAA-TCP_FORW: name:enp0s8: saddr:100932208: daddr:16783984
[  352.708742] AAAAA-TCP_FORW: name:enp0s3: saddr:16783984: daddr:100932208
[  352.798648] AAAAA-TCP_FORW: name:enp0s8: saddr:100932208: daddr:33561200
[  352.799383] AAAAA-TCP_FORW: name:enp0s3: saddr:33561200: daddr:100932208
[  352.892121] AAAAA-TCP_FORW: name:enp0s8: saddr:100932208: daddr:16783984
[  352.893151] AAAAA-TCP_FORW: name:enp0s3: saddr:16783984: daddr:100932208
[  353.064384] AAAAA-TCP_FORW: name:enp0s8: saddr:100932208: daddr:33561200
[  353.065713] AAAAA-TCP_FORW: name:enp0s3: saddr:33561200: daddr:100932208
[  353.195286] AAAAA-TCP_FORW: name:enp0s8: saddr:100932208: daddr:16783984
[  353.196419] AAAAA-TCP_FORW: name:enp0s3: saddr:16783984: daddr:100932208
[  353.304003] AAAAA-TCP_FORW: name:enp0s8: saddr:100932208: daddr:33561200
[  353.305048] AAAAA-TCP_FORW: name:enp0s3: saddr:33561200: daddr:100932208
[  353.433728] AAAAA-TCP_FORW: name:enp0s8: saddr:100932208: daddr:16783984
[  353.435192] AAAAA-TCP_FORW: name:enp0s3: saddr:16783984: daddr:100932208
[  353.503554] AAAAA-TCP_FORW: name:enp0s8: saddr:100932208: daddr:33561200
[  353.504556] AAAAA-TCP_FORW: name:enp0s3: saddr:33561200: daddr:100932208
[  353.706807] AAAAA-TCP_FORW: name:enp0s8: saddr:100932208: daddr:16783984
[  353.707977] AAAAA-TCP_FORW: name:enp0s3: saddr:16783984: daddr:100932208
[  353.811095] AAAAA-TCP_FORW: name:enp0s8: saddr:100932208: daddr:33561200
[  353.812177] AAAAA-TCP_FORW: name:enp0s3: saddr:33561200: daddr:100932208
[  353.915722] AAAAA-TCP_FORW: name:enp0s8: saddr:100932208: daddr:16783984
[  353.916663] AAAAA-TCP_FORW: name:enp0s3: saddr:16783984: daddr:100932208
[  354.080266] AAAAA-TCP_FORW: name:enp0s8: saddr:100932208: daddr:33561200
[  354.081624] AAAAA-TCP_FORW: name:enp0s3: saddr:33561200: daddr:100932208
[  354.227970] AAAAA-TCP_FORW: name:enp0s8: saddr:100932208: daddr:16783984
[  354.228910] AAAAA-TCP_FORW: name:enp0s3: saddr:16783984: daddr:100932208
[  354.352349] AAAAA-TCP_FORW: name:enp0s8: saddr:100932208: daddr:33561200
[  354.353856] AAAAA-TCP_FORW: name:enp0s3: saddr:33561200: daddr:100932208
[  354.478154] AAAAA-TCP_FORW: name:enp0s8: saddr:100932208: daddr:16783984
[  354.479408] AAAAA-TCP_FORW: name:enp0s3: saddr:16783984: daddr:100932208
[  354.898682] AAAAA-TCP_FORW: name:enp0s8: saddr:100932208: daddr:33561200
[  354.899644] AAAAA-TCP_FORW: name:enp0s3: saddr:33561200: daddr:100932208
[  355.243820] AAAAA-TCP_FORW: name:enp0s8: saddr:100932208: daddr:16783984
[  355.244932] AAAAA-TCP_FORW: name:enp0s3: saddr:16783984: daddr:100932208
[  355.388505] AAAAA-TCP_FORW: name:enp0s8: saddr:100932208: daddr:33561200
[  355.389668] AAAAA-TCP_FORW: name:enp0s3: saddr:33561200: daddr:100932208
[  355.466648] AAAAA-TCP_FORW: name:enp0s8: saddr:100932208: daddr:16783984
[  355.467628] AAAAA-TCP_FORW: name:enp0s3: saddr:16783984: daddr:100932208
[  355.685865] AAAAA-TCP_FORW: name:enp0s8: saddr:100932208: daddr:33561200
[  355.687361] AAAAA-TCP_FORW: name:enp0s3: saddr:33561200: daddr:100932208
[  355.916759] AAAAA-TCP_FORW: name:enp0s8: saddr:100932208: daddr:16783984
[  355.926416] AAAAA-TCP_FORW: name:enp0s8: saddr:100932208: daddr:33561200
[  355.927054] AAAAA-TCP_FORW: name:enp0s3: saddr:33561200: daddr:100932208
[  355.958175] AAAAA-TCP_FORW: name:enp0s3: saddr:16783984: daddr:100932208
[  356.116480] AAAAA-TCP_FORW: name:enp0s8: saddr:100932208: daddr:16783984
[  356.231375] AAAAA-TCP_FORW: name:enp0s8: saddr:100932208: daddr:33561200
[  356.232318] AAAAA-TCP_FORW: name:enp0s3: saddr:33561200: daddr:100932208
[  356.547117] AAAAA-TCP_FORW: name:enp0s8: saddr:100932208: daddr:16783984
[  356.547883] AAAAA-TCP_FORW: name:enp0s3: saddr:16783984: daddr:100932208
[  356.723132] AAAAA-TCP_FORW: name:enp0s8: saddr:100932208: daddr:16783984
[  356.723881] AAAAA-TCP_FORW: name:enp0s3: saddr:16783984: daddr:100932208
[  356.895670] AAAAA-TCP_FORW: name:enp0s8: saddr:100932208: daddr:33561200
[  356.896678] AAAAA-TCP_FORW: name:enp0s3: saddr:33561200: daddr:100932208
[  356.964554] AAAAA-TCP_FORW: name:enp0s8: saddr:100932208: daddr:33561200
[  356.965565] AAAAA-TCP_FORW: name:enp0s3: saddr:33561200: daddr:100932208
[  357.096189] AAAAA-TCP_FORW: name:enp0s8: saddr:100932208: daddr:33561200
[  357.258192] AAAAA-TCP_FORW: name:enp0s8: saddr:100932208: daddr:33561200
[  357.259267] AAAAA-TCP_FORW: name:enp0s3: saddr:33561200: daddr:100932208
[  357.273367] AAAAA-TCP_FORW: name:enp0s8: saddr:100932208: daddr:16783984
[  357.274114] AAAAA-TCP_FORW: name:enp0s3: saddr:16783984: daddr:100932208
[  357.405489] AAAAA-TCP_FORW: name:enp0s8: saddr:100932208: daddr:16783984
[  357.407206] AAAAA-TCP_FORW: name:enp0s3: saddr:16783984: daddr:100932208
[  357.481456] AAAAA-TCP_FORW: name:enp0s8: saddr:100932208: daddr:33561200
[  357.482652] AAAAA-TCP_FORW: name:enp0s3: saddr:33561200: daddr:100932208
[  357.544861] AAAAA-TCP_FORW: name:enp0s8: saddr:100932208: daddr:16783984
[  357.545782] AAAAA-TCP_FORW: name:enp0s3: saddr:16783984: daddr:100932208
[  357.725776] AAAAA-TCP_FORW: name:enp0s8: saddr:100932208: daddr:16783984
[  357.726640] AAAAA-TCP_FORW: name:enp0s3: saddr:16783984: daddr:100932208
[  357.922644] AAAAA-TCP_FORW: name:enp0s8: saddr:100932208: daddr:33561200
[  358.075789] AAAAA-TCP_FORW: name:enp0s8: saddr:100932208: daddr:33561200
[  358.224305] AAAAA-TCP_FORW: name:enp0s8: saddr:100932208: daddr:16783984
[  358.297311] AAAAA-TCP_FORW: name:enp0s8: saddr:100932208: daddr:33561200
[  358.582149] AAAAA-TCP_FORW: name:enp0s8: saddr:100932208: daddr:33561200
[  358.618112] AAAAA-TCP_FORW: name:enp0s8: saddr:100932208: daddr:16783984
[  358.913912] AAAAA-TCP_FORW: name:enp0s8: saddr:100932208: daddr:16783984
[  358.943745] AAAAA-TCP_FORW: name:enp0s8: saddr:100932208: daddr:16783984
[  359.073754] AAAAA-TCP_FORW: name:enp0s8: saddr:100932208: daddr:16783984
[  359.295746] AAAAA-TCP_FORW: name:enp0s8: saddr:100932208: daddr:16783984
[  359.618806] AAAAA-TCP_FORW: name:enp0s8: saddr:100932208: daddr:33561200
[  359.782859] AAAAA-TCP_FORW: name:enp0s8: saddr:100932208: daddr:33561200
[  359.920888] AAAAA-TCP_FORW: name:enp0s8: saddr:100932208: daddr:16783984
[  360.049942] AAAAA-TCP_FORW: name:enp0s8: saddr:100932208: daddr:33561200
[  360.456396] AAAAA-TCP_FORW: name:enp0s8: saddr:100932208: daddr:33561200
[  360.722138] AAAAA-TCP_FORW: name:enp0s8: saddr:100932208: daddr:33561200
[  360.722878] AAAAA-TCP_FORW: name:enp0s3: saddr:33561200: daddr:100932208
[  360.911943] AAAAA-TCP_FORW: name:enp0s8: saddr:100932208: daddr:33561200
[  360.912734] AAAAA-TCP_FORW: name:enp0s3: saddr:33561200: daddr:100932208
[  361.272392] AAAAA-TCP_FORW: name:enp0s8: saddr:100932208: daddr:33561200
[  361.486418] AAAAA-TCP_FORW: name:enp0s8: saddr:100932208: daddr:33561200
[  361.487206] AAAAA-TCP_FORW: name:enp0s3: saddr:33561200: daddr:100932208
[  361.575354] AAAAA-TCP_FORW: name:enp0s8: saddr:100932208: daddr:33561200
[  361.576397] AAAAA-TCP_FORW: name:enp0s3: saddr:33561200: daddr:100932208
[  361.879002] AAAAA-TCP_FORW: name:enp0s8: saddr:100932208: daddr:33561200
[  361.879780] AAAAA-TCP_FORW: name:enp0s3: saddr:33561200: daddr:100932208
[  362.129678] AAAAA-TCP_FORW: name:enp0s8: saddr:100932208: daddr:16783984
[  362.130425] AAAAA-TCP_FORW: name:enp0s3: saddr:16783984: daddr:100932208
[  362.226812] AAAAA-TCP_FORW: name:enp0s8: saddr:100932208: daddr:16783984
[  362.227914] AAAAA-TCP_FORW: name:enp0s3: saddr:16783984: daddr:100932208
[  362.385090] AAAAA-TCP_FORW: name:enp0s8: saddr:100932208: daddr:16783984
[  362.386800] AAAAA-TCP_FORW: name:enp0s3: saddr:16783984: daddr:100932208
[  362.499205] AAAAA-TCP_FORW: name:enp0s8: saddr:100932208: daddr:16783984
[  362.501103] AAAAA-TCP_FORW: name:enp0s3: saddr:16783984: daddr:100932208
[  362.595212] AAAAA-TCP_FORW: name:enp0s8: saddr:100932208: daddr:16783984
[  362.597175] AAAAA-TCP_FORW: name:enp0s3: saddr:16783984: daddr:100932208
[  362.717151] AAAAA-TCP_FORW: name:enp0s8: saddr:100932208: daddr:16783984
[  362.721896] AAAAA-TCP_FORW: name:enp0s3: saddr:16783984: daddr:100932208
[  362.793173] AAAAA-TCP_FORW: name:enp0s8: saddr:100932208: daddr:16783984
[  362.794860] AAAAA-TCP_FORW: name:enp0s3: saddr:16783984: daddr:100932208
[  362.856370] AAAAA-TCP_FORW: name:enp0s8: saddr:100932208: daddr:16783984
[  362.858902] AAAAA-TCP_FORW: name:enp0s3: saddr:16783984: daddr:100932208
[  363.111888] AAAAA-TCP_FORW: name:enp0s8: saddr:100932208: daddr:16783984
[  363.113842] AAAAA-TCP_FORW: name:enp0s3: saddr:16783984: daddr:100932208
[  363.174921] AAAAA-TCP_FORW: name:enp0s8: saddr:100932208: daddr:16783984
[  363.209356] AAAAA-TCP_FORW: name:enp0s8: saddr:100932208: daddr:33561200
[  363.210081] AAAAA-TCP_FORW: name:enp0s3: saddr:33561200: daddr:100932208
