[    0.000000] Linux version 5.4.243-mptcp (root@ztg) (gcc version 12.2.0 (Debian 12.2.0-14+deb12u1)) #53 SMP Wed Dec 24 23:28:15 CST 2025
[    0.000000] Command line: BOOT_IMAGE=/boot/vmlinuz-5.4.243-mptcp root=UUID=98415a12-53b7-4144-8265-0f7ece09e445 ro quiet splash
[    0.000000] KERNEL supported cpus:
[    0.000000]   Intel GenuineIntel
[    0.000000]   AMD AuthenticAMD
[    0.000000]   Hygon HygonGenuine
[    0.000000]   Centaur CentaurHauls
[    0.000000]   zhaoxin   Shanghai  
[    0.000000] x86/fpu: Supporting XSAVE feature 0x001: 'x87 floating point registers'
[    0.000000] x86/fpu: Supporting XSAVE feature 0x002: 'SSE registers'
[    0.000000] x86/fpu: Supporting XSAVE feature 0x004: 'AVX registers'
[    0.000000] x86/fpu: xstate_offset[2]:  576, xstate_sizes[2]:  256
[    0.000000] x86/fpu: Enabled xstate features 0x7, context size is 832 bytes, using 'standard' format.
[    0.000000] BIOS-provided physical RAM map:
[    0.000000] BIOS-e820: [mem 0x0000000000000000-0x000000000009fbff] usable
[    0.000000] BIOS-e820: [mem 0x000000000009fc00-0x000000000009ffff] reserved
[    0.000000] BIOS-e820: [mem 0x00000000000f0000-0x00000000000fffff] reserved
[    0.000000] BIOS-e820: [mem 0x0000000000100000-0x000000007ffeffff] usable
[    0.000000] BIOS-e820: [mem 0x000000007fff0000-0x000000007fffffff] ACPI data
[    0.000000] BIOS-e820: [mem 0x00000000fec00000-0x00000000fec00fff] reserved
[    0.000000] BIOS-e820: [mem 0x00000000fee00000-0x00000000fee00fff] reserved
[    0.000000] BIOS-e820: [mem 0x00000000fffc0000-0x00000000ffffffff] reserved
[    0.000000] NX (Execute Disable) protection: active
[    0.000000] SMBIOS 2.5 present.
[    0.000000] DMI: innotek GmbH VirtualBox/VirtualBox, BIOS VirtualBox 12/01/2006
[    0.000000] Hypervisor detected: KVM
[    0.000000] kvm-clock: Using msrs 4b564d01 and 4b564d00
[    0.000001] kvm-clock: cpu 0, msr 2d201001, primary cpu clock
[    0.000001] kvm-clock: using sched offset of 4429286131 cycles
[    0.000003] clocksource: kvm-clock: mask: 0xffffffffffffffff max_cycles: 0x1cd42e4dffb, max_idle_ns: 881590591483 ns
[    0.000006] tsc: Detected 2100.000 MHz processor
[    0.001879] e820: update [mem 0x00000000-0x00000fff] usable ==> reserved
[    0.001881] e820: remove [mem 0x000a0000-0x000fffff] usable
[    0.001885] last_pfn = 0x7fff0 max_arch_pfn = 0x400000000
[    0.001953] MTRR default type: uncachable
[    0.001954] MTRR fixed ranges enabled:
[    0.001955]   00000-9FFFF write-back
[    0.001956]   A0000-BFFFF uncachable
[    0.001957]   C0000-FFFFF write-protect
[    0.001957] MTRR variable ranges enabled:
[    0.001959]   0 base 000000000000 mask 3FFF80000000 write-back
[    0.001959]   1 disabled
[    0.001960]   2 disabled
[    0.001960]   3 disabled
[    0.001960]   4 disabled
[    0.001961]   5 disabled
[    0.001961]   6 disabled
[    0.001962]   7 disabled
[    0.001962]   8 disabled
[    0.001963]   9 disabled
[    0.001963]   10 disabled
[    0.001963]   11 disabled
[    0.001964]   12 disabled
[    0.001964]   13 disabled
[    0.001965]   14 disabled
[    0.001965]   15 disabled
[    0.001981] x86/PAT: Configuration [0-7]: WB  WC  UC- UC  WB  WP  UC- WT  
[    0.002114] found SMP MP-table at [mem 0x0009fff0-0x0009ffff]
[    0.092390] check: Scanning 1 areas for low memory corruption
[    0.092634] RAMDISK: [mem 0x32271000-0x3512ffff]
[    0.092642] ACPI: Early table checksum verification disabled
[    0.092647] ACPI: RSDP 0x00000000000E0000 000024 (v02 VBOX  )
[    0.092652] ACPI: XSDT 0x000000007FFF0030 00003C (v01 VBOX   VBOXXSDT 00000001 ASL  00000061)
[    0.092659] ACPI: FACP 0x000000007FFF00F0 0000F4 (v04 VBOX   VBOXFACP 00000001 ASL  00000061)
[    0.092665] ACPI: DSDT 0x000000007FFF02E0 002353 (v02 VBOX   VBOXBIOS 00000002 VBOX 00029BF3)
[    0.092669] ACPI: FACS 0x000000007FFF0200 000040
[    0.092673] ACPI: FACS 0x000000007FFF0200 000040
[    0.092676] ACPI: APIC 0x000000007FFF0240 000054 (v02 VBOX   VBOXAPIC 00000001 ASL  00000061)
[    0.092680] ACPI: SSDT 0x000000007FFF02A0 000038 (v01 VBOX   VBOXCPUT 00000002 VBOX 00029BF3)
[    0.092683] ACPI: Reserving FACP table memory at [mem 0x7fff00f0-0x7fff01e3]
[    0.092684] ACPI: Reserving DSDT table memory at [mem 0x7fff02e0-0x7fff2632]
[    0.092684] ACPI: Reserving FACS table memory at [mem 0x7fff0200-0x7fff023f]
[    0.092685] ACPI: Reserving FACS table memory at [mem 0x7fff0200-0x7fff023f]
[    0.092686] ACPI: Reserving APIC table memory at [mem 0x7fff0240-0x7fff0293]
[    0.092686] ACPI: Reserving SSDT table memory at [mem 0x7fff02a0-0x7fff02d7]
[    0.092701] ACPI: Local APIC address 0xfee00000
[    0.092887] No NUMA configuration found
[    0.092888] Faking a node at [mem 0x0000000000000000-0x000000007ffeffff]
[    0.092898] NODE_DATA(0) allocated [mem 0x7ffc5000-0x7ffeffff]
[    0.093159] Zone ranges:
[    0.093160]   DMA      [mem 0x0000000000001000-0x0000000000ffffff]
[    0.093162]   DMA32    [mem 0x0000000001000000-0x000000007ffeffff]
[    0.093162]   Normal   empty
[    0.093163]   Device   empty
[    0.093164] Movable zone start for each node
[    0.093166] Early memory node ranges
[    0.093167]   node   0: [mem 0x0000000000001000-0x000000000009efff]
[    0.093167]   node   0: [mem 0x0000000000100000-0x000000007ffeffff]
[    0.093171] Zeroed struct page in unavailable ranges: 114 pages
[    0.093172] Initmem setup node 0 [mem 0x0000000000001000-0x000000007ffeffff]
[    0.093173] On node 0 totalpages: 524174
[    0.093174]   DMA zone: 64 pages used for memmap
[    0.093174]   DMA zone: 21 pages reserved
[    0.093175]   DMA zone: 3998 pages, LIFO batch:0
[    0.093247]   DMA32 zone: 8128 pages used for memmap
[    0.093248]   DMA32 zone: 520176 pages, LIFO batch:63
[    0.102150] ACPI: PM-Timer IO Port: 0x4008
[    0.102154] ACPI: Local APIC address 0xfee00000
[    0.102224] IOAPIC[0]: apic_id 1, version 32, address 0xfec00000, GSI 0-23
[    0.102227] ACPI: INT_SRC_OVR (bus 0 bus_irq 0 global_irq 2 dfl dfl)
[    0.102229] ACPI: INT_SRC_OVR (bus 0 bus_irq 9 global_irq 9 low level)
[    0.102231] ACPI: IRQ0 used by override.
[    0.102232] ACPI: IRQ9 used by override.
[    0.102234] Using ACPI (MADT) for SMP configuration information
[    0.102241] smpboot: Allowing 1 CPUs, 0 hotplug CPUs
[    0.102264] PM: Registered nosave memory: [mem 0x00000000-0x00000fff]
[    0.102265] PM: Registered nosave memory: [mem 0x0009f000-0x0009ffff]
[    0.102266] PM: Registered nosave memory: [mem 0x000a0000-0x000effff]
[    0.102266] PM: Registered nosave memory: [mem 0x000f0000-0x000fffff]
[    0.102268] [mem 0x80000000-0xfebfffff] available for PCI devices
[    0.102269] Booting paravirtualized kernel on KVM
[    0.102272] clocksource: refined-jiffies: mask: 0xffffffff max_cycles: 0xffffffff, max_idle_ns: 7645519600211568 ns
[    0.102277] setup_percpu: NR_CPUS:8192 nr_cpumask_bits:1 nr_cpu_ids:1 nr_node_ids:1
[    0.103312] percpu: Embedded 60 pages/cpu s208896 r8192 d28672 u2097152
[    0.103317] pcpu-alloc: s208896 r8192 d28672 u2097152 alloc=1*2097152
[    0.103318] pcpu-alloc: [0] 0 
[    0.103344] Built 1 zonelists, mobility grouping on.  Total pages: 515961
[    0.103345] Policy zone: DMA32
[    0.103346] Kernel command line: BOOT_IMAGE=/boot/vmlinuz-5.4.243-mptcp root=UUID=98415a12-53b7-4144-8265-0f7ece09e445 ro quiet splash
[    0.104172] Dentry cache hash table entries: 262144 (order: 9, 2097152 bytes, linear)
[    0.104317] Inode-cache hash table entries: 131072 (order: 8, 1048576 bytes, linear)
[    0.104367] mem auto-init: stack:off, heap alloc:on, heap free:off
[    0.104370] Calgary: detecting Calgary via BIOS EBDA area
[    0.104371] Calgary: Unable to locate Rio Grande table in EBDA - bailing!
[    0.108419] Memory: 1967332K/2096696K available (14339K kernel code, 2398K rwdata, 4712K rodata, 2728K init, 17260K bss, 129364K reserved, 0K cma-reserved)
[    0.109344] SLUB: HWalign=64, Order=0-3, MinObjects=0, CPUs=1, Nodes=1
[    0.109360] ftrace: allocating 43186 entries in 169 pages
[    0.127380] rcu: Hierarchical RCU implementation.
[    0.127382] rcu: 	RCU restricting CPUs from NR_CPUS=8192 to nr_cpu_ids=1.
[    0.127383] 	Tasks RCU enabled.
[    0.127384] rcu: RCU calculated value of scheduler-enlistment delay is 25 jiffies.
[    0.127385] rcu: Adjusting geometry for rcu_fanout_leaf=16, nr_cpu_ids=1
[    0.130378] NR_IRQS: 524544, nr_irqs: 256, preallocated irqs: 16
[    0.130594] random: crng init done
[    0.139981] Console: colour VGA+ 80x25
[    0.139986] printk: console [tty0] enabled
[    0.140005] ACPI: Core revision 20190816
[    0.140100] APIC: Switch to symmetric I/O mode setup
[    0.140353] x2apic enabled
[    0.140594] Switched APIC routing to physical x2apic.
[    0.141735] ..TIMER: vector=0x30 apic1=0 pin1=2 apic2=-1 pin2=-1
[    0.141760] clocksource: tsc-early: mask: 0xffffffffffffffff max_cycles: 0x1e4530a99b6, max_idle_ns: 440795257976 ns
[    0.141765] Calibrating delay loop (skipped) preset value.. 4200.00 BogoMIPS (lpj=8400000)
[    0.141767] pid_max: default: 32768 minimum: 301
[    0.141795] LSM: Security Framework initializing
[    0.141804] Yama: becoming mindful.
[    0.141829] AppArmor: AppArmor initialized
[    0.141861] Mount-cache hash table entries: 4096 (order: 3, 32768 bytes, linear)
[    0.141866] Mountpoint-cache hash table entries: 4096 (order: 3, 32768 bytes, linear)
[    0.141876] *** VALIDATE tmpfs ***
[    0.142005] *** VALIDATE proc ***
[    0.142046] *** VALIDATE cgroup1 ***
[    0.142048] *** VALIDATE cgroup2 ***
[    0.142187] process: using mwait in idle threads
[    0.142192] Last level iTLB entries: 4KB 64, 2MB 8, 4MB 8
[    0.142193] Last level dTLB entries: 4KB 64, 2MB 0, 4MB 0, 1GB 4
[    0.142213] Spectre V1 : Mitigation: usercopy/swapgs barriers and __user pointer sanitization
[    0.142219] Spectre V2 : Mitigation: Retpolines
[    0.142219] Spectre V2 : Spectre v2 / SpectreRSB mitigation: Filling RSB on context switch
[    0.142220] Spectre V2 : Spectre v2 / SpectreRSB : Filling RSB on VMEXIT
[    0.142220] RETBleed: WARNING: Spectre v2 mitigation leaves CPU vulnerable to RETBleed attacks, data leaks possible!
[    0.142579] RETBleed: Vulnerable
[    0.142579] Speculative Store Bypass: Vulnerable
[    0.142584] TAA: Mitigation: TSX disabled
[    0.142584] MMIO Stale Data: Mitigation: Clear CPU buffers
[    0.146796] Freeing SMP alternatives memory: 40K
[    0.259051] smpboot: CPU0: Intel(R) Xeon(R) Silver 4216 CPU @ 2.10GHz (family: 0x6, model: 0x55, stepping: 0x7)
[    0.259182] Performance Events: unsupported p6 CPU model 85 no PMU driver, software events only.
[    0.259219] rcu: Hierarchical SRCU implementation.
[    0.259696] NMI watchdog: Perf NMI watchdog permanently disabled
[    0.259734] smp: Bringing up secondary CPUs ...
[    0.259735] smp: Brought up 1 node, 1 CPU
[    0.259736] smpboot: Max logical packages: 1
[    0.259737] smpboot: Total of 1 processors activated (4200.00 BogoMIPS)
[    0.260708] devtmpfs: initialized
[    0.260769] x86/mm: Memory block size: 128MB
[    0.261120] clocksource: jiffies: mask: 0xffffffff max_cycles: 0xffffffff, max_idle_ns: 7645041785100000 ns
[    0.261126] futex hash table entries: 256 (order: 2, 16384 bytes, linear)
[    0.261168] pinctrl core: initialized pinctrl subsystem
[    0.261270] PM: RTC time: 14:50:45, date: 2026-01-13
[    0.261377] NET: Registered protocol family 16
[    0.261450] audit: initializing netlink subsys (disabled)
[    0.261576] EISA bus registered
[    0.261578] cpuidle: using governor ladder
[    0.261578] cpuidle: using governor menu
[    0.261614] ACPI: bus type PCI registered
[    0.261616] acpiphp: ACPI Hot Plug PCI Controller Driver version: 0.5
[    0.261716] PCI: Using configuration type 1 for base access
[    0.262071] audit: type=2000 audit(1768287051.274:1): state=initialized audit_enabled=0 res=1
[    0.262159] HugeTLB registered 2.00 MiB page size, pre-allocated 0 pages
[    0.263042] ACPI: Added _OSI(Module Device)
[    0.263042] ACPI: Added _OSI(Processor Device)
[    0.263043] ACPI: Added _OSI(3.0 _SCP Extensions)
[    0.263044] ACPI: Added _OSI(Processor Aggregator Device)
[    0.263045] ACPI: Added _OSI(Linux-Dell-Video)
[    0.263045] ACPI: Added _OSI(Linux-Lenovo-NV-HDMI-Audio)
[    0.263046] ACPI: Added _OSI(Linux-HPI-Hybrid-Graphics)
[    0.265227] ACPI: 2 ACPI AML tables successfully acquired and loaded
[    0.266927] ACPI: Interpreter enabled
[    0.266938] ACPI: (supports S0 S5)
[    0.266939] ACPI: Using IOAPIC for interrupt routing
[    0.267175] PCI: Using host bridge windows from ACPI; if necessary, use "pci=nocrs" and report a bug
[    0.267305] ACPI: Enabled 2 GPEs in block 00 to 07
[    0.272693] ACPI: PCI Root Bridge [PCI0] (domain 0000 [bus 00-ff])
[    0.272698] acpi PNP0A03:00: _OSC: OS supports [ASPM ClockPM Segments MSI HPX-Type3]
[    0.273186] acpi PNP0A03:00: _OSC: not requesting OS control; OS requires [ExtendedConfig ASPM ClockPM MSI]
[    0.273194] acpi PNP0A03:00: fail to add MMCONFIG information, can't access extended PCI configuration space under this bridge.
[    0.273568] PCI host bridge to bus 0000:00
[    0.273571] pci_bus 0000:00: root bus resource [io  0x0000-0x0cf7 window]
[    0.273572] pci_bus 0000:00: root bus resource [io  0x0d00-0xffff window]
[    0.273573] pci_bus 0000:00: root bus resource [mem 0x000a0000-0x000bffff window]
[    0.273574] pci_bus 0000:00: root bus resource [mem 0x80000000-0xfdffffff window]
[    0.273575] pci_bus 0000:00: root bus resource [bus 00-ff]
[    0.273617] pci 0000:00:00.0: [8086:1237] type 00 class 0x060000
[    0.274633] pci 0000:00:01.0: [8086:7000] type 00 class 0x060100
[    0.275415] pci 0000:00:01.1: [8086:7111] type 00 class 0x01018a
[    0.275807] pci 0000:00:01.1: reg 0x20: [io  0xd000-0xd00f]
[    0.275960] pci 0000:00:01.1: legacy IDE quirk: reg 0x10: [io  0x01f0-0x01f7]
[    0.275961] pci 0000:00:01.1: legacy IDE quirk: reg 0x14: [io  0x03f6]
[    0.275962] pci 0000:00:01.1: legacy IDE quirk: reg 0x18: [io  0x0170-0x0177]
[    0.275963] pci 0000:00:01.1: legacy IDE quirk: reg 0x1c: [io  0x0376]
[    0.276519] pci 0000:00:02.0: [15ad:0405] type 00 class 0x030000
[    0.277840] pci 0000:00:02.0: reg 0x10: [io  0xd010-0xd01f]
[    0.281808] pci 0000:00:02.0: reg 0x14: [mem 0xe0000000-0xe7ffffff pref]
[    0.284409] pci 0000:00:02.0: reg 0x18: [mem 0xf0000000-0xf01fffff]
[    0.294576] pci 0000:00:03.0: [1022:2000] type 00 class 0x020000
[    0.295261] pci 0000:00:03.0: reg 0x10: [io  0xd020-0xd03f]
[    0.295868] pci 0000:00:03.0: reg 0x14: [mem 0xf0200000-0xf0200fff]
[    0.300834] pci 0000:00:04.0: [80ee:cafe] type 00 class 0x088000
[    0.301493] pci 0000:00:04.0: reg 0x10: [io  0xd040-0xd05f]
[    0.301873] pci 0000:00:04.0: reg 0x14: [mem 0xf0400000-0xf07fffff]
[    0.302474] pci 0000:00:04.0: reg 0x18: [mem 0xf0800000-0xf0803fff pref]
[    0.305804] pci 0000:00:07.0: [8086:7113] type 00 class 0x068000
[    0.306349] pci 0000:00:07.0: quirk: [io  0x4000-0x403f] claimed by PIIX4 ACPI
[    0.306359] pci 0000:00:07.0: quirk: [io  0x4100-0x410f] claimed by PIIX4 SMB
[    0.306980] pci 0000:00:08.0: [8086:100e] type 00 class 0x020000
[    0.307671] pci 0000:00:08.0: reg 0x10: [mem 0xf0820000-0xf083ffff]
[    0.308819] pci 0000:00:08.0: reg 0x18: [io  0xd060-0xd067]
[    0.312966] pci 0000:00:09.0: [8086:100e] type 00 class 0x020000
[    0.313661] pci 0000:00:09.0: reg 0x10: [mem 0xf0840000-0xf085ffff]
[    0.314438] pci 0000:00:09.0: reg 0x18: [io  0xd068-0xd06f]
[    0.322894] ACPI: PCI Interrupt Link [LNKA] (IRQs 5 9 10 *11)
[    0.325897] ACPI: PCI Interrupt Link [LNKB] (IRQs 5 9 *10 11)
[    0.325997] ACPI: PCI Interrupt Link [LNKC] (IRQs 5 *9 10 11)
[    0.326101] ACPI: PCI Interrupt Link [LNKD] (IRQs 5 9 10 *11)
[    0.326352] iommu: Default domain type: Translated 
[    0.326410] pci 0000:00:02.0: vgaarb: setting as boot VGA device
[    0.326412] pci 0000:00:02.0: vgaarb: VGA device added: decodes=io+mem,owns=io+mem,locks=none
[    0.326414] pci 0000:00:02.0: vgaarb: bridge control possible
[    0.326414] vgaarb: loaded
[    0.326622] SCSI subsystem initialized
[    0.326652] libata version 3.00 loaded.
[    0.326673] ACPI: bus type USB registered
[    0.326688] usbcore: registered new interface driver usbfs
[    0.326694] usbcore: registered new interface driver hub
[    0.326699] usbcore: registered new device driver usb
[    0.326731] pps_core: LinuxPPS API ver. 1 registered
[    0.326731] pps_core: Software ver. 5.3.6 - Copyright 2005-2007 Rodolfo Giometti <giometti@linux.it>
[    0.326734] PTP clock support registered
[    0.326767] EDAC MC: Ver: 3.0.0
[    0.327049] PCI: Using ACPI for IRQ routing
[    0.327051] PCI: pci_cache_line_size set to 64 bytes
[    0.327219] e820: reserve RAM buffer [mem 0x0009fc00-0x0009ffff]
[    0.327223] e820: reserve RAM buffer [mem 0x7fff0000-0x7fffffff]
[    0.328046] NetLabel: Initializing
[    0.328047] NetLabel:  domain hash size = 128
[    0.328047] NetLabel:  protocols = UNLABELED CIPSOv4 CALIPSO
[    0.328067] NetLabel:  unlabeled traffic allowed by default
[    0.328979] clocksource: Switched to clocksource kvm-clock
[    0.340269] *** VALIDATE bpf ***
[    0.340331] VFS: Disk quotas dquot_6.6.0
[    0.340343] VFS: Dquot-cache hash table entries: 512 (order 0, 4096 bytes)
[    0.340366] *** VALIDATE ramfs ***
[    0.340369] *** VALIDATE hugetlbfs ***
[    0.340449] AppArmor: AppArmor Filesystem Enabled
[    0.340475] pnp: PnP ACPI init
[    0.340544] pnp 00:00: Plug and Play ACPI device, IDs PNP0303 (active)
[    0.340611] pnp 00:01: Plug and Play ACPI device, IDs PNP0f03 (active)
[    0.341360] pnp: PnP ACPI: found 2 devices
[    0.342319] thermal_sys: Registered thermal governor 'fair_share'
[    0.342320] thermal_sys: Registered thermal governor 'bang_bang'
[    0.342320] thermal_sys: Registered thermal governor 'step_wise'
[    0.342321] thermal_sys: Registered thermal governor 'user_space'
[    0.342321] thermal_sys: Registered thermal governor 'power_allocator'
[    0.346833] clocksource: acpi_pm: mask: 0xffffff max_cycles: 0xffffff, max_idle_ns: 2085701024 ns
[    0.346873] pci_bus 0000:00: resource 4 [io  0x0000-0x0cf7 window]
[    0.346874] pci_bus 0000:00: resource 5 [io  0x0d00-0xffff window]
[    0.346875] pci_bus 0000:00: resource 6 [mem 0x000a0000-0x000bffff window]
[    0.346877] pci_bus 0000:00: resource 7 [mem 0x80000000-0xfdffffff window]
[    0.346934] NET: Registered protocol family 2
[    0.347007] IP idents hash table entries: 32768 (order: 6, 262144 bytes, linear)
[    0.347238] MPTCP tokens hash table entries: 8192 (order: 4, 65536 bytes, linear)
[    0.347238] MPTCP request tokens hash table entries: 8192 (order: 4, 65536 bytes, linear)
[    0.347238] default registered
[    0.347238] default registered
[    0.347238] MPTCP: Stable release v0.96
[    0.347238] tcp_listen_portaddr_hash hash table entries: 1024 (order: 2, 16384 bytes, linear)
[    0.347238] TCP established hash table entries: 16384 (order: 5, 131072 bytes, linear)
[    0.347238] TCP bind hash table entries: 16384 (order: 6, 262144 bytes, linear)
[    0.347238] TCP: Hash tables configured (established 16384 bind 16384)
[    0.348339] UDP hash table entries: 1024 (order: 3, 32768 bytes, linear)
[    0.348350] UDP-Lite hash table entries: 1024 (order: 3, 32768 bytes, linear)
[    0.348385] NET: Registered protocol family 1
[    0.348393] NET: Registered protocol family 44
[    0.348414] pci 0000:00:00.0: Limiting direct PCI/PCI transfers
[    0.348426] pci 0000:00:01.0: Activating ISA DMA hang workarounds
[    0.348483] pci 0000:00:02.0: Video device with shadowed ROM at [mem 0x000c0000-0x000dffff]
[    0.348544] PCI: CLS 0 bytes, default 64
[    0.348591] Trying to unpack rootfs image as initramfs...
[    0.516012] Freeing initrd memory: 47868K
[    0.516012] clocksource: tsc: mask: 0xffffffffffffffff max_cycles: 0x1e4530a99b6, max_idle_ns: 440795257976 ns
[    0.516012] clocksource: Switched to clocksource tsc
[    0.516012] platform rtc_cmos: registered platform RTC device (no PNP device found)
[    0.516012] check: Scanning for low memory corruption every 60 seconds
[    0.516012] Initialise system trusted keyrings
[    0.516012] Key type blacklist registered
[    0.516012] workingset: timestamp_bits=36 max_order=19 bucket_order=0
[    0.516012] zbud: loaded
[    0.516012] squashfs: version 4.0 (2009/01/31) Phillip Lougher
[    0.516012] fuse: init (API version 7.31)
[    0.516012] *** VALIDATE fuse ***
[    0.516012] *** VALIDATE fuse ***
[    0.516012] Platform Keyring initialized
[    0.528323] Key type asymmetric registered
[    0.528324] Asymmetric key parser 'x509' registered
[    0.528336] Block layer SCSI generic (bsg) driver version 0.4 loaded (major 244)
[    0.528371] io scheduler mq-deadline registered
[    0.528494] shpchp: Standard Hot Plug PCI Controller Driver version: 0.4
[    0.528705] ACPI: AC Adapter [AC] (on-line)
[    0.528750] input: Power Button as /devices/LNXSYSTM:00/LNXPWRBN:00/input/input0
[    0.528779] ACPI: Power Button [PWRF]
[    0.528872] input: Sleep Button as /devices/LNXSYSTM:00/LNXSLPBN:00/input/input1
[    0.528886] ACPI: Sleep Button [SLPF]
[    0.529129] Serial: 8250/16550 driver, 32 ports, IRQ sharing enabled
[    0.530271] Linux agpgart interface v0.103
[    0.619211] loop: module loaded
[    0.619356] ata_piix 0000:00:01.1: version 2.13
[    0.619763] scsi host0: ata_piix
[    0.619852] scsi host1: ata_piix
[    0.619878] ata1: PATA max UDMA/33 cmd 0x1f0 ctl 0x3f6 bmdma 0xd000 irq 14
[    0.619879] ata2: PATA max UDMA/33 cmd 0x170 ctl 0x376 bmdma 0xd008 irq 15
[    0.619958] tun: Universal TUN/TAP device driver, 1.6
[    0.620260] PPP generic driver version 2.4.2
[    0.620302] VFIO - User Level meta-driver version: 0.3
[    0.620533] ehci_hcd: USB 2.0 'Enhanced' Host Controller (EHCI) Driver
[    0.620538] ehci-pci: EHCI PCI platform driver
[    0.620552] ehci-platform: EHCI generic platform driver
[    0.620557] ohci_hcd: USB 1.1 'Open' Host Controller (OHCI) Driver
[    0.620559] ohci-pci: OHCI PCI platform driver
[    0.620566] ohci-platform: OHCI generic platform driver
[    0.620570] uhci_hcd: USB Universal Host Controller Interface driver
[    0.620632] i8042: PNP: PS/2 Controller [PNP0303:PS2K,PNP0f03:PS2M] at 0x60,0x64 irq 1,12
[    0.621069] serio: i8042 KBD port at 0x60,0x64 irq 1
[    0.621073] serio: i8042 AUX port at 0x60,0x64 irq 12
[    0.621159] mousedev: PS/2 mouse device common for all mice
[    0.621406] input: AT Translated Set 2 keyboard as /devices/platform/i8042/serio0/input/input2
[    0.621803] rtc_cmos rtc_cmos: registered as rtc0
[    0.621815] rtc_cmos rtc_cmos: alarms up to one day, 114 bytes nvram
[    0.621820] i2c /dev entries driver
[    0.621861] device-mapper: uevent: version 1.0.3
[    0.621903] device-mapper: ioctl: 4.41.0-ioctl (2019-09-16) initialised: dm-devel@redhat.com
[    0.621918] platform eisa.0: Probing EISA bus 0
[    0.621920] platform eisa.0: EISA: Cannot allocate resource for mainboard
[    0.621921] platform eisa.0: Cannot allocate resource for EISA slot 1
[    0.621922] platform eisa.0: Cannot allocate resource for EISA slot 2
[    0.621923] platform eisa.0: Cannot allocate resource for EISA slot 3
[    0.621924] platform eisa.0: Cannot allocate resource for EISA slot 4
[    0.621925] platform eisa.0: Cannot allocate resource for EISA slot 5
[    0.621926] platform eisa.0: Cannot allocate resource for EISA slot 6
[    0.621927] platform eisa.0: Cannot allocate resource for EISA slot 7
[    0.621928] platform eisa.0: Cannot allocate resource for EISA slot 8
[    0.621929] platform eisa.0: EISA: Detected 0 cards
[    0.621931] intel_pstate: CPU model not supported
[    0.621940] ledtrig-cpu: registered to indicate activity on CPUs
[    0.621993] drop_monitor: Initializing network drop monitor service
[    0.622152] NET: Registered protocol family 10
[    0.627254] Segment Routing with IPv6
[    0.627284] fullmesh registered
[    0.627285] ndiffports registered
[    0.627287] binder registered
[    0.627287] roundrobin registered
[    0.627288] redundant registered
[    0.627289] blest registered
[    0.627289] ecf registered
[    0.627291] NET: Registered protocol family 17
[    0.627321] Key type dns_resolver registered
[    0.627327] RAS: Correctable Errors collector initialized.
[    0.627327] IPI shorthand broadcast: enabled
[    0.627327] sched_clock: Marking stable (612149967, 11177747)->(625765082, -2437368)
[    0.627495] registered taskstats version 1
[    0.627503] Loading compiled-in X.509 certificates
[    0.628090] Loaded X.509 cert 'Build time autogenerated kernel key: 6909f3744cebb3d0de528d5887b96a727de79b1e'
[    0.628108] zswap: loaded using pool lzo/zbud
[    0.628160] Key type ._fscrypt registered
[    0.628161] Key type .fscrypt registered
[    0.632609] Key type big_key registered
[    0.634790] Key type encrypted registered
[    0.634792] AppArmor: AppArmor sha1 policy hashing enabled
[    0.634799] ima: No TPM chip found, activating TPM-bypass!
[    0.634802] ima: Allocated hash algorithm: sha1
[    0.634807] ima: No architecture policies found
[    0.634816] evm: Initialising EVM extended attributes:
[    0.634816] evm: security.selinux
[    0.634817] evm: security.SMACK64
[    0.634817] evm: security.SMACK64EXEC
[    0.634818] evm: security.SMACK64TRANSMUTE
[    0.634818] evm: security.SMACK64MMAP
[    0.634819] evm: security.apparmor
[    0.634819] evm: security.ima
[    0.634820] evm: security.capability
[    0.634820] evm: HMAC attrs: 0x1
[    0.635114] PM:   Magic number: 10:218:839
[    0.635233] rtc_cmos rtc_cmos: setting system clock to 2026-01-13T14:50:46 UTC (1768315846)
[    0.790998] ata1.00: ATA-6: VBOX HARDDISK, 1.0, max UDMA/133
[    0.791000] ata1.00: 209715200 sectors, multi 128: LBA 
[    0.791455] scsi 0:0:0:0: Direct-Access     ATA      VBOX HARDDISK    1.0  PQ: 0 ANSI: 5
[    0.791640] sd 0:0:0:0: [sda] 209715200 512-byte logical blocks: (107 GB/100 GiB)
[    0.791647] sd 0:0:0:0: [sda] Write Protect is off
[    0.791649] sd 0:0:0:0: [sda] Mode Sense: 00 3a 00 00
[    0.791659] sd 0:0:0:0: [sda] Write cache: enabled, read cache: enabled, doesn't support DPO or FUA
[    0.791864] sd 0:0:0:0: Attached scsi generic sg0 type 0
[    0.792510]  sda: sda1 sda2
[    0.803337] sd 0:0:0:0: [sda] Attached SCSI disk
[    0.805258] Freeing unused decrypted memory: 2040K
[    0.805958] Freeing unused kernel image memory: 2728K
[    0.805960] Write protecting the kernel read-only data: 22528k
[    0.806639] Freeing unused kernel image memory: 2036K
[    0.807034] Freeing unused kernel image memory: 1432K
[    0.821031] x86/mm: Checked W+X mappings: passed, no W+X pages found.
[    0.821035] Run /init as init process
[    0.930757] ACPI: Video Device [GFX0] (multi-head: yes  rom: no  post: no)
[    0.930832] input: Video Bus as /devices/LNXSYSTM:00/LNXSYBUS:00/PNP0A03:00/LNXVIDEO:00/input/input4
[    0.944301] pcnet32: pcnet32.c:v1.35 21.Apr.2008 tsbogend@alpha.franken.de
[    0.945206] pcnet32: PCnet/FAST III 79C973 at 0xd020, 08:00:27:c9:51:3b assigned IRQ 19
[    0.945251] pcnet32: Found PHY 0022:561b at address 0
[    0.945550] pcnet32: eth0: registered as PCnet/FAST III 79C973
[    0.948985] e1000: Intel(R) PRO/1000 Network Driver - version 7.3.21-k8-NAPI
[    0.948985] e1000: Copyright (c) 1999-2006 Intel Corporation.
[    0.951323] pcnet32: 1 cards_found
[    0.960072] piix4_smbus 0000:00:07.0: SMBus Host Controller at 0x4100, revision 0
[    1.027793] pcnet32 0000:00:03.0 enp0s3: renamed from eth0
[    1.165702] input: ImExPS/2 Generic Explorer Mouse as /devices/platform/i8042/serio1/input/input5
[    1.359644] e1000 0000:00:08.0 eth0: (PCI:33MHz:32-bit) 08:00:27:10:d8:aa
[    1.359649] e1000 0000:00:08.0 eth0: Intel(R) PRO/1000 Network Connection
[    1.731605] e1000 0000:00:09.0 eth1: (PCI:33MHz:32-bit) 08:00:27:39:21:a4
[    1.731608] e1000 0000:00:09.0 eth1: Intel(R) PRO/1000 Network Connection
[    1.732729] e1000 0000:00:09.0 enp0s9: renamed from eth1
[    1.734580] e1000 0000:00:08.0 enp0s8: renamed from eth0
[    1.880392] EXT4-fs (sda2): mounted filesystem with ordered data mode. Opts: (null)
[    1.972880] systemd[1]: Inserted module 'autofs4'
[    1.986381] systemd[1]: systemd 245.4-4ubuntu3 running in system mode. (+PAM +AUDIT +SELINUX +IMA +APPARMOR +SMACK +SYSVINIT +UTMP +LIBCRYPTSETUP +GCRYPT +GNUTLS +ACL +XZ +LZ4 +SECCOMP +BLKID +ELFUTILS +KMOD +IDN2 -IDN +PCRE2 default-hierarchy=hybrid)
[    1.986411] systemd[1]: Detected virtualization oracle.
[    1.986414] systemd[1]: Detected architecture x86-64.
[    1.987742] systemd[1]: Set hostname to <ztg>.
[    2.110349] systemd[1]: /lib/systemd/system/dbus.socket:5: ListenStream= references a path below legacy directory /var/run/, updating /var/run/dbus/system_bus_socket â†’ /run/dbus/system_bus_socket; please update the unit file accordingly.
[    2.163013] systemd[1]: Created slice system-modprobe.slice.
[    2.163195] systemd[1]: Created slice User and Session Slice.
[    2.163310] systemd[1]: Started Forward Password Requests to Wall Directory Watch.
[    2.163472] systemd[1]: Set up automount Arbitrary Executable File Formats File System Automount Point.
[    2.163505] systemd[1]: Reached target User and Group Name Lookups.
[    2.163514] systemd[1]: Reached target Remote File Systems.
[    2.163522] systemd[1]: Reached target Slices.
[    2.164068] systemd[1]: Listening on Syslog Socket.
[    2.164133] systemd[1]: Listening on fsck to fsckd communication Socket.
[    2.164170] systemd[1]: Listening on initctl Compatibility Named Pipe.
[    2.164301] systemd[1]: Listening on Journal Audit Socket.
[    2.164354] systemd[1]: Listening on Journal Socket (/dev/log).
[    2.164421] systemd[1]: Listening on Journal Socket.
[    2.164483] systemd[1]: Listening on udev Control Socket.
[    2.164523] systemd[1]: Listening on udev Kernel Socket.
[    2.165243] systemd[1]: Mounting Huge Pages File System...
[    2.166146] systemd[1]: Mounting POSIX Message Queue File System...
[    2.166993] systemd[1]: Mounting Kernel Debug File System...
[    2.167925] systemd[1]: Mounting Kernel Trace File System...
[    2.169827] systemd[1]: Starting Journal Service...
[    2.194032] systemd[1]: Starting Set the console keyboard layout...
[    2.199140] systemd[1]: Starting Create list of static device nodes for the current kernel...
[    2.204033] systemd[1]: Starting Load Kernel Module drm...
[    2.205934] systemd[1]: Condition check resulted in Set Up Additional Binary Formats being skipped.
[    2.205968] systemd[1]: Condition check resulted in File System Check on Root Device being skipped.
[    2.211810] systemd[1]: Starting Load Kernel Modules...
[    2.212541] systemd[1]: Starting Remount Root and Kernel File Systems...
[    2.213293] systemd[1]: Starting udev Coldplug all Devices...
[    2.214038] systemd[1]: Starting Uncomplicated firewall...
[    2.215501] systemd[1]: Mounted Huge Pages File System.
[    2.215587] systemd[1]: Mounted POSIX Message Queue File System.
[    2.215668] systemd[1]: Mounted Kernel Debug File System.
[    2.215737] systemd[1]: Mounted Kernel Trace File System.
[    2.269518] systemd[1]: Finished Create list of static device nodes for the current kernel.
[    2.274779] systemd[1]: Finished Uncomplicated firewall.
[    2.275765] systemd[1]: modprobe@drm.service: Succeeded.
[    2.276109] systemd[1]: Finished Load Kernel Module drm.
[    2.278753] EXT4-fs (sda2): re-mounted. Opts: errors=remount-ro
[    2.280895] systemd[1]: Finished Remount Root and Kernel File Systems.
[    2.287686] systemd[1]: Condition check resulted in Rebuild Hardware Database being skipped.
[    2.287714] systemd[1]: Condition check resulted in Platform Persistent Storage Archival being skipped.
[    2.288347] systemd[1]: Starting Load/Save Random Seed...
[    2.295056] systemd[1]: Starting Create System Users...
[    2.318828] systemd[1]: Finished Load/Save Random Seed.
[    2.320914] lp: driver loaded but no devices found
[    2.324128] systemd[1]: Finished Create System Users.
[    2.324835] systemd[1]: Starting Create Static Device Nodes in /dev...
[    2.338318] ppdev: user-space parallel port driver
[    2.353537] systemd[1]: Finished Create Static Device Nodes in /dev.
[    2.354294] systemd[1]: Starting udev Kernel Device Manager...
[    2.415736] systemd[1]: Finished udev Coldplug all Devices.
[    2.421277] [drm] DMA map mode: Caching DMA mappings.
[    2.421339] [drm] Capabilities:
[    2.421339] [drm]   Rect copy.
[    2.421340] [drm]   Cursor.
[    2.421340] [drm]   Cursor bypass.
[    2.421340] [drm]   Cursor bypass 2.
[    2.421341] [drm]   Alpha cursor.
[    2.421341] [drm]   Extended Fifo.
[    2.421341] [drm]   Pitchlock.
[    2.421342] [drm]   Irq mask.
[    2.421342] [drm]   GMR.
[    2.421342] [drm]   Traces.
[    2.421343] [drm]   GMR2.
[    2.421343] [drm]   Screen Object 2.
[    2.421343] [drm]   Command Buffers.
[    2.421344] [drm]   Command Buffers 2.
[    2.421344] [drm]   Guest Backed Resources.
[    2.421345] [drm] Max GMR ids is 8192
[    2.421346] [drm] Max number of GMR pages is 1048576
[    2.421346] [drm] Max dedicated hypervisor surface memory is 393216 kiB
[    2.421347] [drm] Maximum display memory size is 131072 kiB
[    2.421348] [drm] VRAM at 0xe0000000 size is 131072 kiB
[    2.421348] [drm] MMIO at 0xf0000000 size is 2048 kiB
[    2.421956] [TTM] Zone  kernel: Available graphics memory: 1011738 KiB
[    2.421957] [TTM] Initializing pool allocator
[    2.421960] [TTM] Initializing DMA pool allocator
[    2.421989] [drm] Supports vblank timestamp caching Rev 2 (21.10.2013).
[    2.421989] [drm] No driver support for vblank timestamp query.
[    2.422206] [drm] Screen Target Display device initialized
[    2.422409] [drm] width 720
[    2.422418] [drm] height 400
[    2.422421] [drm] bpp 32
[    2.422917] [drm] Fifo max 0x00200000 min 0x00001000 cap 0x00000355
[    2.424641] [drm] Using command buffers with DMA pool.
[    2.424645] [drm] DX: no.
[    2.424645] [drm] Atomic: yes.
[    2.424645] [drm] SM4_1: no.
[    2.424664] [drm:vmw_host_log [vmwgfx]] *ERROR* Failed to send host log message.
[    2.425564] [drm:vmw_host_log [vmwgfx]] *ERROR* Failed to send host log message.
[    2.435255] fbcon: svgadrmfb (fb0) is primary device
[    2.437346] Console: switching to colour frame buffer device 100x37
[    2.451695] [drm] Initialized vmwgfx 2.15.0 20180704 for 0000:00:02.0 on minor 0
[    2.452916] systemd[1]: Finished Load Kernel Modules.
[    2.453867] systemd[1]: Mounting FUSE Control File System...
[    2.455057] systemd[1]: Mounting Kernel Configuration File System...
[    2.486621] systemd[1]: Starting Apply Kernel Variables...
[    2.488623] systemd[1]: Mounted FUSE Control File System.
[    2.488685] systemd[1]: Condition check resulted in VMware vmblock fuse mount being skipped.
[    2.493075] systemd[1]: Finished Set the console keyboard layout.
[    2.493629] systemd[1]: Mounted Kernel Configuration File System.
[    2.493694] systemd[1]: Reached target Local File Systems (Pre).
[    2.501045] systemd[1]: Mounting Mount unit for bare, revision 5...
[    2.507367] systemd[1]: Mounting Mount unit for core18, revision 1705...
[    2.512098] systemd[1]: Mounting Mount unit for gnome-3-34-1804, revision 24...
[    2.539546] systemd[1]: Mounting Mount unit for gtk-common-themes, revision 1506...
[    2.547448] systemd[1]: Mounting Mount unit for gtk-common-themes, revision 1535...
[    2.550823] systemd[1]: Mounting Mount unit for snap-store, revision 433...
[    2.560595] systemd[1]: Mounting Mount unit for snapd, revision 7264...
[    2.569313] systemd[1]: Finished Apply Kernel Variables.
[    2.578410] systemd[1]: Mounted Mount unit for bare, revision 5.
[    2.579949] systemd[1]: Mounted Mount unit for core18, revision 1705.
[    2.580034] systemd[1]: Mounted Mount unit for gnome-3-34-1804, revision 24.
[    2.585734] systemd[1]: Started udev Kernel Device Manager.
[    2.586390] systemd[1]: Starting Show Plymouth Boot Screen...
[    2.591528] systemd[1]: Received SIGRTMIN+20 from PID 275 (plymouthd).
[    2.617321] systemd[1]: Started Show Plymouth Boot Screen.
[    2.617509] systemd[1]: Condition check resulted in Dispatch Password Requests to Console Directory Watch being skipped.
[    2.617618] systemd[1]: Started Forward Password Requests to Plymouth Directory Watch.
[    2.617725] systemd[1]: Reached target Local Encrypted Volumes.
[    2.621555] systemd[1]: Mounted Mount unit for gtk-common-themes, revision 1506.
[    2.657332] systemd[1]: Mounted Mount unit for gtk-common-themes, revision 1535.
[    2.657543] systemd[1]: Mounted Mount unit for snap-store, revision 433.
[    2.704337] systemd[1]: Mounted Mount unit for snapd, revision 7264.
[    2.704529] systemd[1]: Reached target Local File Systems.
[    2.705377] systemd[1]: Starting Load AppArmor profiles...
[    2.719963] systemd[1]: Starting Set console font and keymap...
[    2.732904] systemd[1]: Starting Tell Plymouth To Write Out Runtime Data...
[    2.733033] systemd[1]: Condition check resulted in Store a System Token in an EFI Variable being skipped.
[    2.734612] systemd[1]: Condition check resulted in Commit a transient machine-id on disk being skipped.
[    2.736988] systemd[1]: Finished Set console font and keymap.
[    2.745957] systemd[1]: Received SIGRTMIN+20 from PID 275 (plymouthd).
[    2.747684] systemd[1]: plymouth-read-write.service: Succeeded.
[    2.747948] systemd[1]: Finished Tell Plymouth To Write Out Runtime Data.
[    2.767140] audit: type=1400 audit(1768315848.628:2): apparmor="STATUS" operation="profile_load" profile="unconfined" name="nvidia_modprobe" pid=300 comm="apparmor_parser"
[    2.767142] audit: type=1400 audit(1768315848.628:3): apparmor="STATUS" operation="profile_load" profile="unconfined" name="nvidia_modprobe//kmod" pid=300 comm="apparmor_parser"
[    2.775895] audit: type=1400 audit(1768315848.640:4): apparmor="STATUS" operation="profile_load" profile="unconfined" name="/usr/sbin/tcpdump" pid=301 comm="apparmor_parser"
[    2.817869] audit: type=1400 audit(1768315848.672:5): apparmor="STATUS" operation="profile_load" profile="unconfined" name="/usr/bin/evince" pid=303 comm="apparmor_parser"
[    2.817871] audit: type=1400 audit(1768315848.672:6): apparmor="STATUS" operation="profile_load" profile="unconfined" name="/usr/bin/evince//sanitized_helper" pid=303 comm="apparmor_parser"
[    2.817873] audit: type=1400 audit(1768315848.672:7): apparmor="STATUS" operation="profile_load" profile="unconfined" name="/usr/bin/evince-previewer" pid=303 comm="apparmor_parser"
[    2.817874] audit: type=1400 audit(1768315848.672:8): apparmor="STATUS" operation="profile_load" profile="unconfined" name="/usr/bin/evince-previewer//sanitized_helper" pid=303 comm="apparmor_parser"
[    2.817876] audit: type=1400 audit(1768315848.672:9): apparmor="STATUS" operation="profile_load" profile="unconfined" name="/usr/bin/evince-thumbnailer" pid=303 comm="apparmor_parser"
[    2.848299] audit: type=1400 audit(1768315848.708:10): apparmor="STATUS" operation="profile_load" profile="unconfined" name="/usr/lib/cups/backend/cups-pdf" pid=304 comm="apparmor_parser"
[    2.911048] systemd[1]: Finished Load AppArmor profiles.
[    2.912063] systemd[1]: Starting Load AppArmor profiles managed internally by snapd...
[    2.990038] systemd[1]: Finished Load AppArmor profiles managed internally by snapd.
[    3.122530] systemd[1]: Started Journal Service.
[    3.129567] systemd-journald[229]: Received client request to flush runtime journal.
[    3.134187] systemd-journald[229]: File /var/log/journal/c455b248004a419c87ce85eea238d727/system.journal corrupted or uncleanly shut down, renaming and replacing.
[    4.393025] RAPL PMU: API unit is 2^-32 Joules, 0 fixed counters, 10737418240 ms ovfl timer
[    4.455388] cryptd: max_cpu_qlen set to 1000
[    4.509566] AVX2 version of gcm_enc/dec engaged.
[    4.509567] AES CTR mode by8 optimization enabled
[    5.351972] Adding 1998844k swap on /dev/sda1.  Priority:-2 extents:1 across:1998844k FS
[    6.355335] kauditd_printk_skb: 30 callbacks suppressed
[    6.355336] audit: type=1400 audit(1768315852.216:41): apparmor="DENIED" operation="capable" profile="/usr/sbin/cups-browsed" pid=497 comm="cups-browsed" capability=23  capname="sys_nice"
[    7.546420] pcnet32 0000:00:03.0 enp0s3: link up, 100Mbps, full-duplex
[    7.588498] e1000: enp0s8 NIC Link is Up 1000 Mbps Full Duplex, Flow Control: RX
[    7.588773] IPv6: ADDRCONF(NETDEV_CHANGE): enp0s8: link becomes ready
[    7.599571] e1000: enp0s9 NIC Link is Up 1000 Mbps Full Duplex, Flow Control: RX
[    7.599872] IPv6: ADDRCONF(NETDEV_CHANGE): enp0s9: link becomes ready
[    8.134884] device enp0s3 entered promiscuous mode
[    8.180449] audit: type=1400 audit(1768315854.028:42): apparmor="DENIED" operation="open" profile="/usr/sbin/tcpdump" name="/proc/sys/kernel/random/boot_id" pid=633 comm="tcpdump" requested_mask="r" denied_mask="r" fsuid=0 ouid=0
[    8.181188] audit: type=1400 audit(1768315854.028:43): apparmor="DENIED" operation="open" profile="/usr/sbin/tcpdump" name="/proc/sys/kernel/random/boot_id" pid=633 comm="tcpdump" requested_mask="r" denied_mask="r" fsuid=0 ouid=0
[    8.182636] audit: type=1400 audit(1768315854.028:44): apparmor="DENIED" operation="open" profile="/usr/sbin/tcpdump" name="/proc/sys/kernel/random/boot_id" pid=633 comm="tcpdump" requested_mask="r" denied_mask="r" fsuid=0 ouid=0
[    8.183312] audit: type=1400 audit(1768315854.044:45): apparmor="DENIED" operation="open" profile="/usr/sbin/tcpdump" name="/proc/sys/kernel/random/boot_id" pid=633 comm="tcpdump" requested_mask="r" denied_mask="r" fsuid=0 ouid=0
[    8.200223] audit: type=1400 audit(1768315854.056:46): apparmor="DENIED" operation="open" profile="/usr/sbin/tcpdump" name="/proc/sys/kernel/random/boot_id" pid=634 comm="tcpdump" requested_mask="r" denied_mask="r" fsuid=0 ouid=0
[    8.201919] audit: type=1400 audit(1768315854.064:47): apparmor="DENIED" operation="open" profile="/usr/sbin/tcpdump" name="/proc/sys/kernel/random/boot_id" pid=634 comm="tcpdump" requested_mask="r" denied_mask="r" fsuid=0 ouid=0
[    8.201964] audit: type=1400 audit(1768315854.064:48): apparmor="DENIED" operation="open" profile="/usr/sbin/tcpdump" name="/proc/sys/kernel/random/boot_id" pid=634 comm="tcpdump" requested_mask="r" denied_mask="r" fsuid=0 ouid=0
[    8.202021] audit: type=1400 audit(1768315854.064:49): apparmor="DENIED" operation="open" profile="/usr/sbin/tcpdump" name="/proc/sys/kernel/random/boot_id" pid=634 comm="tcpdump" requested_mask="r" denied_mask="r" fsuid=0 ouid=0
[   12.652428] rfkill: input handler disabled
[  375.572349] AAAAA-TCP_FORW: name:enp0s3: saddr:16783984: daddr:100932208
[  375.740954] AAAAA-TCP_FORW: name:enp0s3: saddr:33561200: daddr:100932208
[  375.810916] AAAAA-TCP_FORW: name:enp0s3: saddr:33561200: daddr:100932208
[  375.980351] AAAAA-TCP_FORW: name:enp0s3: saddr:16783984: daddr:100932208
[  791.647853] rfkill: input handler enabled
[  800.853935] rfkill: input handler disabled
[  975.674653] device enp0s3 left promiscuous mode
