[    0.000000] Linux version 5.4.243-mptcp (root@ztg) (gcc version 12.2.0 (Debian 12.2.0-14+deb12u1)) #53 SMP Wed Dec 24 23:28:15 CST 2025
[    0.000000] Command line: BOOT_IMAGE=/boot/vmlinuz-5.4.243-mptcp root=UUID=98415a12-53b7-4144-8265-0f7ece09e445 ro quiet splash
[    0.000000] KERNEL supported cpus:
[    0.000000]   Intel GenuineIntel
[    0.000000]   AMD AuthenticAMD
[    0.000000]   Hygon HygonGenuine
[    0.000000]   Centaur CentaurHauls
[    0.000000]   zhaoxin   Shanghai  
[    0.000000] x86/fpu: Supporting XSAVE feature 0x001: 'x87 floating point registers'
[    0.000000] x86/fpu: Supporting XSAVE feature 0x002: 'SSE registers'
[    0.000000] x86/fpu: Supporting XSAVE feature 0x004: 'AVX registers'
[    0.000000] x86/fpu: xstate_offset[2]:  576, xstate_sizes[2]:  256
[    0.000000] x86/fpu: Enabled xstate features 0x7, context size is 832 bytes, using 'standard' format.
[    0.000000] BIOS-provided physical RAM map:
[    0.000000] BIOS-e820: [mem 0x0000000000000000-0x000000000009fbff] usable
[    0.000000] BIOS-e820: [mem 0x000000000009fc00-0x000000000009ffff] reserved
[    0.000000] BIOS-e820: [mem 0x00000000000f0000-0x00000000000fffff] reserved
[    0.000000] BIOS-e820: [mem 0x0000000000100000-0x000000007ffeffff] usable
[    0.000000] BIOS-e820: [mem 0x000000007fff0000-0x000000007fffffff] ACPI data
[    0.000000] BIOS-e820: [mem 0x00000000fec00000-0x00000000fec00fff] reserved
[    0.000000] BIOS-e820: [mem 0x00000000fee00000-0x00000000fee00fff] reserved
[    0.000000] BIOS-e820: [mem 0x00000000fffc0000-0x00000000ffffffff] reserved
[    0.000000] NX (Execute Disable) protection: active
[    0.000000] SMBIOS 2.5 present.
[    0.000000] DMI: innotek GmbH VirtualBox/VirtualBox, BIOS VirtualBox 12/01/2006
[    0.000000] Hypervisor detected: KVM
[    0.000000] kvm-clock: Using msrs 4b564d01 and 4b564d00
[    0.000000] kvm-clock: cpu 0, msr 6ec01001, primary cpu clock
[    0.000000] kvm-clock: using sched offset of 4449348828 cycles
[    0.000003] clocksource: kvm-clock: mask: 0xffffffffffffffff max_cycles: 0x1cd42e4dffb, max_idle_ns: 881590591483 ns
[    0.000005] tsc: Detected 2100.000 MHz processor
[    0.001889] e820: update [mem 0x00000000-0x00000fff] usable ==> reserved
[    0.001891] e820: remove [mem 0x000a0000-0x000fffff] usable
[    0.001895] last_pfn = 0x7fff0 max_arch_pfn = 0x400000000
[    0.001965] MTRR default type: uncachable
[    0.001966] MTRR fixed ranges enabled:
[    0.001968]   00000-9FFFF write-back
[    0.001969]   A0000-BFFFF uncachable
[    0.001969]   C0000-FFFFF write-protect
[    0.001970] MTRR variable ranges enabled:
[    0.001972]   0 base 000000000000 mask 3FFF80000000 write-back
[    0.001972]   1 disabled
[    0.001973]   2 disabled
[    0.001973]   3 disabled
[    0.001974]   4 disabled
[    0.001974]   5 disabled
[    0.001974]   6 disabled
[    0.001975]   7 disabled
[    0.001975]   8 disabled
[    0.001976]   9 disabled
[    0.001976]   10 disabled
[    0.001977]   11 disabled
[    0.001977]   12 disabled
[    0.001977]   13 disabled
[    0.001978]   14 disabled
[    0.001978]   15 disabled
[    0.001994] x86/PAT: Configuration [0-7]: WB  WC  UC- UC  WB  WP  UC- WT  
[    0.002130] found SMP MP-table at [mem 0x0009fff0-0x0009ffff]
[    0.092493] check: Scanning 1 areas for low memory corruption
[    0.092677] RAMDISK: [mem 0x32271000-0x3512ffff]
[    0.092685] ACPI: Early table checksum verification disabled
[    0.092691] ACPI: RSDP 0x00000000000E0000 000024 (v02 VBOX  )
[    0.092695] ACPI: XSDT 0x000000007FFF0030 00003C (v01 VBOX   VBOXXSDT 00000001 ASL  00000061)
[    0.092701] ACPI: FACP 0x000000007FFF00F0 0000F4 (v04 VBOX   VBOXFACP 00000001 ASL  00000061)
[    0.092708] ACPI: DSDT 0x000000007FFF02E0 002353 (v02 VBOX   VBOXBIOS 00000002 VBOX 00029BF3)
[    0.092712] ACPI: FACS 0x000000007FFF0200 000040
[    0.092716] ACPI: FACS 0x000000007FFF0200 000040
[    0.092719] ACPI: APIC 0x000000007FFF0240 000054 (v02 VBOX   VBOXAPIC 00000001 ASL  00000061)
[    0.092722] ACPI: SSDT 0x000000007FFF02A0 000038 (v01 VBOX   VBOXCPUT 00000002 VBOX 00029BF3)
[    0.092726] ACPI: Reserving FACP table memory at [mem 0x7fff00f0-0x7fff01e3]
[    0.092727] ACPI: Reserving DSDT table memory at [mem 0x7fff02e0-0x7fff2632]
[    0.092727] ACPI: Reserving FACS table memory at [mem 0x7fff0200-0x7fff023f]
[    0.092728] ACPI: Reserving FACS table memory at [mem 0x7fff0200-0x7fff023f]
[    0.092729] ACPI: Reserving APIC table memory at [mem 0x7fff0240-0x7fff0293]
[    0.092729] ACPI: Reserving SSDT table memory at [mem 0x7fff02a0-0x7fff02d7]
[    0.092744] ACPI: Local APIC address 0xfee00000
[    0.092935] No NUMA configuration found
[    0.092936] Faking a node at [mem 0x0000000000000000-0x000000007ffeffff]
[    0.092946] NODE_DATA(0) allocated [mem 0x7ffc5000-0x7ffeffff]
[    0.093227] Zone ranges:
[    0.093228]   DMA      [mem 0x0000000000001000-0x0000000000ffffff]
[    0.093229]   DMA32    [mem 0x0000000001000000-0x000000007ffeffff]
[    0.093230]   Normal   empty
[    0.093231]   Device   empty
[    0.093232] Movable zone start for each node
[    0.093234] Early memory node ranges
[    0.093234]   node   0: [mem 0x0000000000001000-0x000000000009efff]
[    0.093235]   node   0: [mem 0x0000000000100000-0x000000007ffeffff]
[    0.093238] Zeroed struct page in unavailable ranges: 114 pages
[    0.093239] Initmem setup node 0 [mem 0x0000000000001000-0x000000007ffeffff]
[    0.093240] On node 0 totalpages: 524174
[    0.093241]   DMA zone: 64 pages used for memmap
[    0.093242]   DMA zone: 21 pages reserved
[    0.093243]   DMA zone: 3998 pages, LIFO batch:0
[    0.093312]   DMA32 zone: 8128 pages used for memmap
[    0.093313]   DMA32 zone: 520176 pages, LIFO batch:63
[    0.102276] ACPI: PM-Timer IO Port: 0x4008
[    0.102280] ACPI: Local APIC address 0xfee00000
[    0.102346] IOAPIC[0]: apic_id 1, version 32, address 0xfec00000, GSI 0-23
[    0.102350] ACPI: INT_SRC_OVR (bus 0 bus_irq 0 global_irq 2 dfl dfl)
[    0.102351] ACPI: INT_SRC_OVR (bus 0 bus_irq 9 global_irq 9 low level)
[    0.102353] ACPI: IRQ0 used by override.
[    0.102354] ACPI: IRQ9 used by override.
[    0.102357] Using ACPI (MADT) for SMP configuration information
[    0.102364] smpboot: Allowing 1 CPUs, 0 hotplug CPUs
[    0.102386] PM: Registered nosave memory: [mem 0x00000000-0x00000fff]
[    0.102388] PM: Registered nosave memory: [mem 0x0009f000-0x0009ffff]
[    0.102388] PM: Registered nosave memory: [mem 0x000a0000-0x000effff]
[    0.102389] PM: Registered nosave memory: [mem 0x000f0000-0x000fffff]
[    0.102390] [mem 0x80000000-0xfebfffff] available for PCI devices
[    0.102391] Booting paravirtualized kernel on KVM
[    0.102394] clocksource: refined-jiffies: mask: 0xffffffff max_cycles: 0xffffffff, max_idle_ns: 7645519600211568 ns
[    0.102399] setup_percpu: NR_CPUS:8192 nr_cpumask_bits:1 nr_cpu_ids:1 nr_node_ids:1
[    0.103403] percpu: Embedded 60 pages/cpu s208896 r8192 d28672 u2097152
[    0.103408] pcpu-alloc: s208896 r8192 d28672 u2097152 alloc=1*2097152
[    0.103408] pcpu-alloc: [0] 0 
[    0.103435] Built 1 zonelists, mobility grouping on.  Total pages: 515961
[    0.103436] Policy zone: DMA32
[    0.103437] Kernel command line: BOOT_IMAGE=/boot/vmlinuz-5.4.243-mptcp root=UUID=98415a12-53b7-4144-8265-0f7ece09e445 ro quiet splash
[    0.104280] Dentry cache hash table entries: 262144 (order: 9, 2097152 bytes, linear)
[    0.104543] Inode-cache hash table entries: 131072 (order: 8, 1048576 bytes, linear)
[    0.104595] mem auto-init: stack:off, heap alloc:on, heap free:off
[    0.104598] Calgary: detecting Calgary via BIOS EBDA area
[    0.104599] Calgary: Unable to locate Rio Grande table in EBDA - bailing!
[    0.108960] Memory: 1967332K/2096696K available (14339K kernel code, 2398K rwdata, 4712K rodata, 2728K init, 17260K bss, 129364K reserved, 0K cma-reserved)
[    0.109887] SLUB: HWalign=64, Order=0-3, MinObjects=0, CPUs=1, Nodes=1
[    0.109905] ftrace: allocating 43186 entries in 169 pages
[    0.128055] rcu: Hierarchical RCU implementation.
[    0.128057] rcu: 	RCU restricting CPUs from NR_CPUS=8192 to nr_cpu_ids=1.
[    0.128058] 	Tasks RCU enabled.
[    0.128059] rcu: RCU calculated value of scheduler-enlistment delay is 25 jiffies.
[    0.128060] rcu: Adjusting geometry for rcu_fanout_leaf=16, nr_cpu_ids=1
[    0.131008] NR_IRQS: 524544, nr_irqs: 256, preallocated irqs: 16
[    0.131229] random: crng init done
[    0.140581] Console: colour VGA+ 80x25
[    0.140585] printk: console [tty0] enabled
[    0.140606] ACPI: Core revision 20190816
[    0.140705] APIC: Switch to symmetric I/O mode setup
[    0.140958] x2apic enabled
[    0.141201] Switched APIC routing to physical x2apic.
[    0.142340] ..TIMER: vector=0x30 apic1=0 pin1=2 apic2=-1 pin2=-1
[    0.142365] clocksource: tsc-early: mask: 0xffffffffffffffff max_cycles: 0x1e4530a99b6, max_idle_ns: 440795257976 ns
[    0.142370] Calibrating delay loop (skipped) preset value.. 4200.00 BogoMIPS (lpj=8400000)
[    0.142373] pid_max: default: 32768 minimum: 301
[    0.142401] LSM: Security Framework initializing
[    0.142410] Yama: becoming mindful.
[    0.142435] AppArmor: AppArmor initialized
[    0.142469] Mount-cache hash table entries: 4096 (order: 3, 32768 bytes, linear)
[    0.142473] Mountpoint-cache hash table entries: 4096 (order: 3, 32768 bytes, linear)
[    0.142483] *** VALIDATE tmpfs ***
[    0.142613] *** VALIDATE proc ***
[    0.142653] *** VALIDATE cgroup1 ***
[    0.142654] *** VALIDATE cgroup2 ***
[    0.142796] process: using mwait in idle threads
[    0.142801] Last level iTLB entries: 4KB 64, 2MB 8, 4MB 8
[    0.142801] Last level dTLB entries: 4KB 64, 2MB 0, 4MB 0, 1GB 4
[    0.142821] Spectre V1 : Mitigation: usercopy/swapgs barriers and __user pointer sanitization
[    0.142827] Spectre V2 : Mitigation: Retpolines
[    0.142827] Spectre V2 : Spectre v2 / SpectreRSB mitigation: Filling RSB on context switch
[    0.142828] Spectre V2 : Spectre v2 / SpectreRSB : Filling RSB on VMEXIT
[    0.142828] RETBleed: WARNING: Spectre v2 mitigation leaves CPU vulnerable to RETBleed attacks, data leaks possible!
[    0.143185] RETBleed: Vulnerable
[    0.143186] Speculative Store Bypass: Vulnerable
[    0.143190] TAA: Mitigation: TSX disabled
[    0.143191] MMIO Stale Data: Mitigation: Clear CPU buffers
[    0.147440] Freeing SMP alternatives memory: 40K
[    0.259570] smpboot: CPU0: Intel(R) Xeon(R) Silver 4216 CPU @ 2.10GHz (family: 0x6, model: 0x55, stepping: 0x7)
[    0.259693] Performance Events: unsupported p6 CPU model 85 no PMU driver, software events only.
[    0.259734] rcu: Hierarchical SRCU implementation.
[    0.260207] NMI watchdog: Perf NMI watchdog permanently disabled
[    0.260244] smp: Bringing up secondary CPUs ...
[    0.260245] smp: Brought up 1 node, 1 CPU
[    0.260246] smpboot: Max logical packages: 1
[    0.260247] smpboot: Total of 1 processors activated (4200.00 BogoMIPS)
[    0.261215] devtmpfs: initialized
[    0.261262] x86/mm: Memory block size: 128MB
[    0.261609] clocksource: jiffies: mask: 0xffffffff max_cycles: 0xffffffff, max_idle_ns: 7645041785100000 ns
[    0.261615] futex hash table entries: 256 (order: 2, 16384 bytes, linear)
[    0.261658] pinctrl core: initialized pinctrl subsystem
[    0.261759] PM: RTC time: 14:49:59, date: 2026-01-13
[    0.261865] NET: Registered protocol family 16
[    0.261939] audit: initializing netlink subsys (disabled)
[    0.262065] EISA bus registered
[    0.262066] cpuidle: using governor ladder
[    0.262067] cpuidle: using governor menu
[    0.262103] ACPI: bus type PCI registered
[    0.262104] acpiphp: ACPI Hot Plug PCI Controller Driver version: 0.5
[    0.262207] PCI: Using configuration type 1 for base access
[    0.262776] audit: type=2000 audit(1768287005.750:1): state=initialized audit_enabled=0 res=1
[    0.262853] HugeTLB registered 2.00 MiB page size, pre-allocated 0 pages
[    0.263672] ACPI: Added _OSI(Module Device)
[    0.263673] ACPI: Added _OSI(Processor Device)
[    0.263674] ACPI: Added _OSI(3.0 _SCP Extensions)
[    0.263674] ACPI: Added _OSI(Processor Aggregator Device)
[    0.263675] ACPI: Added _OSI(Linux-Dell-Video)
[    0.263676] ACPI: Added _OSI(Linux-Lenovo-NV-HDMI-Audio)
[    0.263677] ACPI: Added _OSI(Linux-HPI-Hybrid-Graphics)
[    0.265640] ACPI: 2 ACPI AML tables successfully acquired and loaded
[    0.267147] ACPI: Interpreter enabled
[    0.267157] ACPI: (supports S0 S5)
[    0.267158] ACPI: Using IOAPIC for interrupt routing
[    0.267363] PCI: Using host bridge windows from ACPI; if necessary, use "pci=nocrs" and report a bug
[    0.267470] ACPI: Enabled 2 GPEs in block 00 to 07
[    0.272305] ACPI: PCI Root Bridge [PCI0] (domain 0000 [bus 00-ff])
[    0.272310] acpi PNP0A03:00: _OSC: OS supports [ASPM ClockPM Segments MSI HPX-Type3]
[    0.272754] acpi PNP0A03:00: _OSC: not requesting OS control; OS requires [ExtendedConfig ASPM ClockPM MSI]
[    0.272761] acpi PNP0A03:00: fail to add MMCONFIG information, can't access extended PCI configuration space under this bridge.
[    0.273136] PCI host bridge to bus 0000:00
[    0.273138] pci_bus 0000:00: root bus resource [io  0x0000-0x0cf7 window]
[    0.273139] pci_bus 0000:00: root bus resource [io  0x0d00-0xffff window]
[    0.273140] pci_bus 0000:00: root bus resource [mem 0x000a0000-0x000bffff window]
[    0.273141] pci_bus 0000:00: root bus resource [mem 0x80000000-0xfdffffff window]
[    0.273142] pci_bus 0000:00: root bus resource [bus 00-ff]
[    0.273183] pci 0000:00:00.0: [8086:1237] type 00 class 0x060000
[    0.274112] pci 0000:00:01.0: [8086:7000] type 00 class 0x060100
[    0.274905] pci 0000:00:01.1: [8086:7111] type 00 class 0x01018a
[    0.275284] pci 0000:00:01.1: reg 0x20: [io  0xd000-0xd00f]
[    0.275440] pci 0000:00:01.1: legacy IDE quirk: reg 0x10: [io  0x01f0-0x01f7]
[    0.275441] pci 0000:00:01.1: legacy IDE quirk: reg 0x14: [io  0x03f6]
[    0.275442] pci 0000:00:01.1: legacy IDE quirk: reg 0x18: [io  0x0170-0x0177]
[    0.275443] pci 0000:00:01.1: legacy IDE quirk: reg 0x1c: [io  0x0376]
[    0.275991] pci 0000:00:02.0: [15ad:0405] type 00 class 0x030000
[    0.278450] pci 0000:00:02.0: reg 0x10: [io  0xd010-0xd01f]
[    0.282414] pci 0000:00:02.0: reg 0x14: [mem 0xe0000000-0xe7ffffff pref]
[    0.285457] pci 0000:00:02.0: reg 0x18: [mem 0xf0000000-0xf01fffff]
[    0.298441] pci 0000:00:03.0: [1022:2000] type 00 class 0x020000
[    0.299419] pci 0000:00:03.0: reg 0x10: [io  0xd020-0xd03f]
[    0.300290] pci 0000:00:03.0: reg 0x14: [mem 0xf0200000-0xf0200fff]
[    0.304485] pci 0000:00:04.0: [80ee:cafe] type 00 class 0x088000
[    0.305250] pci 0000:00:04.0: reg 0x10: [io  0xd040-0xd05f]
[    0.305929] pci 0000:00:04.0: reg 0x14: [mem 0xf0400000-0xf07fffff]
[    0.306486] pci 0000:00:04.0: reg 0x18: [mem 0xf0800000-0xf0803fff pref]
[    0.310192] pci 0000:00:07.0: [8086:7113] type 00 class 0x068000
[    0.310909] pci 0000:00:07.0: quirk: [io  0x4000-0x403f] claimed by PIIX4 ACPI
[    0.310920] pci 0000:00:07.0: quirk: [io  0x4100-0x410f] claimed by PIIX4 SMB
[    0.311503] pci 0000:00:08.0: [1022:2000] type 00 class 0x020000
[    0.312288] pci 0000:00:08.0: reg 0x10: [io  0xd060-0xd07f]
[    0.312975] pci 0000:00:08.0: reg 0x14: [mem 0xf0804000-0xf0804fff]
[    0.316474] pci 0000:00:09.0: [8086:100e] type 00 class 0x020000
[    0.317263] pci 0000:00:09.0: reg 0x10: [mem 0xf0820000-0xf083ffff]
[    0.318480] pci 0000:00:09.0: reg 0x18: [io  0xd080-0xd087]
[    0.327506] ACPI: PCI Interrupt Link [LNKA] (IRQs 5 9 10 *11)
[    0.330586] ACPI: PCI Interrupt Link [LNKB] (IRQs 5 9 *10 11)
[    0.330685] ACPI: PCI Interrupt Link [LNKC] (IRQs 5 *9 10 11)
[    0.330789] ACPI: PCI Interrupt Link [LNKD] (IRQs 5 9 10 *11)
[    0.331053] iommu: Default domain type: Translated 
[    0.331111] pci 0000:00:02.0: vgaarb: setting as boot VGA device
[    0.331113] pci 0000:00:02.0: vgaarb: VGA device added: decodes=io+mem,owns=io+mem,locks=none
[    0.331115] pci 0000:00:02.0: vgaarb: bridge control possible
[    0.331115] vgaarb: loaded
[    0.331331] SCSI subsystem initialized
[    0.331362] libata version 3.00 loaded.
[    0.331387] ACPI: bus type USB registered
[    0.331403] usbcore: registered new interface driver usbfs
[    0.331409] usbcore: registered new interface driver hub
[    0.331415] usbcore: registered new device driver usb
[    0.331443] pps_core: LinuxPPS API ver. 1 registered
[    0.331444] pps_core: Software ver. 5.3.6 - Copyright 2005-2007 Rodolfo Giometti <giometti@linux.it>
[    0.331446] PTP clock support registered
[    0.331479] EDAC MC: Ver: 3.0.0
[    0.331759] PCI: Using ACPI for IRQ routing
[    0.331760] PCI: pci_cache_line_size set to 64 bytes
[    0.331933] e820: reserve RAM buffer [mem 0x0009fc00-0x0009ffff]
[    0.331937] e820: reserve RAM buffer [mem 0x7fff0000-0x7fffffff]
[    0.332797] NetLabel: Initializing
[    0.332797] NetLabel:  domain hash size = 128
[    0.332798] NetLabel:  protocols = UNLABELED CIPSOv4 CALIPSO
[    0.332818] NetLabel:  unlabeled traffic allowed by default
[    0.333730] clocksource: Switched to clocksource kvm-clock
[    0.344828] *** VALIDATE bpf ***
[    0.344885] VFS: Disk quotas dquot_6.6.0
[    0.344898] VFS: Dquot-cache hash table entries: 512 (order 0, 4096 bytes)
[    0.344921] *** VALIDATE ramfs ***
[    0.344924] *** VALIDATE hugetlbfs ***
[    0.345003] AppArmor: AppArmor Filesystem Enabled
[    0.345031] pnp: PnP ACPI init
[    0.345097] pnp 00:00: Plug and Play ACPI device, IDs PNP0303 (active)
[    0.345207] pnp 00:01: Plug and Play ACPI device, IDs PNP0f03 (active)
[    0.345973] pnp: PnP ACPI: found 2 devices
[    0.346966] thermal_sys: Registered thermal governor 'fair_share'
[    0.346967] thermal_sys: Registered thermal governor 'bang_bang'
[    0.346968] thermal_sys: Registered thermal governor 'step_wise'
[    0.346968] thermal_sys: Registered thermal governor 'user_space'
[    0.346969] thermal_sys: Registered thermal governor 'power_allocator'
[    0.351517] clocksource: acpi_pm: mask: 0xffffff max_cycles: 0xffffff, max_idle_ns: 2085701024 ns
[    0.351556] pci_bus 0000:00: resource 4 [io  0x0000-0x0cf7 window]
[    0.351558] pci_bus 0000:00: resource 5 [io  0x0d00-0xffff window]
[    0.351559] pci_bus 0000:00: resource 6 [mem 0x000a0000-0x000bffff window]
[    0.351560] pci_bus 0000:00: resource 7 [mem 0x80000000-0xfdffffff window]
[    0.351616] NET: Registered protocol family 2
[    0.351689] IP idents hash table entries: 32768 (order: 6, 262144 bytes, linear)
[    0.352089] MPTCP tokens hash table entries: 8192 (order: 4, 65536 bytes, linear)
[    0.352108] MPTCP request tokens hash table entries: 8192 (order: 4, 65536 bytes, linear)
[    0.352133] default registered
[    0.352134] default registered
[    0.352134] MPTCP: Stable release v0.96
[    0.352139] tcp_listen_portaddr_hash hash table entries: 1024 (order: 2, 16384 bytes, linear)
[    0.352219] TCP established hash table entries: 16384 (order: 5, 131072 bytes, linear)
[    0.352282] TCP bind hash table entries: 16384 (order: 6, 262144 bytes, linear)
[    0.352308] TCP: Hash tables configured (established 16384 bind 16384)
[    0.353009] UDP hash table entries: 1024 (order: 3, 32768 bytes, linear)
[    0.353020] UDP-Lite hash table entries: 1024 (order: 3, 32768 bytes, linear)
[    0.353054] NET: Registered protocol family 1
[    0.353062] NET: Registered protocol family 44
[    0.353085] pci 0000:00:00.0: Limiting direct PCI/PCI transfers
[    0.353097] pci 0000:00:01.0: Activating ISA DMA hang workarounds
[    0.353161] pci 0000:00:02.0: Video device with shadowed ROM at [mem 0x000c0000-0x000dffff]
[    0.353241] PCI: CLS 0 bytes, default 64
[    0.353288] Trying to unpack rootfs image as initramfs...
[    0.528326] Freeing initrd memory: 47868K
[    0.536686] clocksource: tsc: mask: 0xffffffffffffffff max_cycles: 0x1e4530a99b6, max_idle_ns: 440795257976 ns
[    0.536694] clocksource: Switched to clocksource tsc
[    0.536729] platform rtc_cmos: registered platform RTC device (no PNP device found)
[    0.536759] check: Scanning for low memory corruption every 60 seconds
[    0.537067] Initialise system trusted keyrings
[    0.537076] Key type blacklist registered
[    0.537117] workingset: timestamp_bits=36 max_order=19 bucket_order=0
[    0.538454] zbud: loaded
[    0.538815] squashfs: version 4.0 (2009/01/31) Phillip Lougher
[    0.538944] fuse: init (API version 7.31)
[    0.538961] *** VALIDATE fuse ***
[    0.538962] *** VALIDATE fuse ***
[    0.539064] Platform Keyring initialized
[    0.540583] Key type asymmetric registered
[    0.540583] Asymmetric key parser 'x509' registered
[    0.540583] Block layer SCSI generic (bsg) driver version 0.4 loaded (major 244)
[    0.540583] io scheduler mq-deadline registered
[    0.540583] shpchp: Standard Hot Plug PCI Controller Driver version: 0.4
[    0.542464] ACPI: AC Adapter [AC] (on-line)
[    0.542510] input: Power Button as /devices/LNXSYSTM:00/LNXPWRBN:00/input/input0
[    0.542537] ACPI: Power Button [PWRF]
[    0.542637] input: Sleep Button as /devices/LNXSYSTM:00/LNXSLPBN:00/input/input1
[    0.542651] ACPI: Sleep Button [SLPF]
[    0.542882] Serial: 8250/16550 driver, 32 ports, IRQ sharing enabled
[    0.544043] Linux agpgart interface v0.103
[    0.639200] loop: module loaded
[    0.639349] ata_piix 0000:00:01.1: version 2.13
[    0.639759] scsi host0: ata_piix
[    0.639848] scsi host1: ata_piix
[    0.639874] ata1: PATA max UDMA/33 cmd 0x1f0 ctl 0x3f6 bmdma 0xd000 irq 14
[    0.639874] ata2: PATA max UDMA/33 cmd 0x170 ctl 0x376 bmdma 0xd008 irq 15
[    0.639955] tun: Universal TUN/TAP device driver, 1.6
[    0.640261] PPP generic driver version 2.4.2
[    0.640302] VFIO - User Level meta-driver version: 0.3
[    0.640538] ehci_hcd: USB 2.0 'Enhanced' Host Controller (EHCI) Driver
[    0.640543] ehci-pci: EHCI PCI platform driver
[    0.640558] ehci-platform: EHCI generic platform driver
[    0.640563] ohci_hcd: USB 1.1 'Open' Host Controller (OHCI) Driver
[    0.640564] ohci-pci: OHCI PCI platform driver
[    0.640571] ohci-platform: OHCI generic platform driver
[    0.640576] uhci_hcd: USB Universal Host Controller Interface driver
[    0.640639] i8042: PNP: PS/2 Controller [PNP0303:PS2K,PNP0f03:PS2M] at 0x60,0x64 irq 1,12
[    0.641079] serio: i8042 KBD port at 0x60,0x64 irq 1
[    0.641082] serio: i8042 AUX port at 0x60,0x64 irq 12
[    0.641184] mousedev: PS/2 mouse device common for all mice
[    0.641472] input: AT Translated Set 2 keyboard as /devices/platform/i8042/serio0/input/input2
[    0.641865] rtc_cmos rtc_cmos: registered as rtc0
[    0.641877] rtc_cmos rtc_cmos: alarms up to one day, 114 bytes nvram
[    0.641883] i2c /dev entries driver
[    0.641926] device-mapper: uevent: version 1.0.3
[    0.641969] device-mapper: ioctl: 4.41.0-ioctl (2019-09-16) initialised: dm-devel@redhat.com
[    0.641985] platform eisa.0: Probing EISA bus 0
[    0.641986] platform eisa.0: EISA: Cannot allocate resource for mainboard
[    0.641987] platform eisa.0: Cannot allocate resource for EISA slot 1
[    0.641988] platform eisa.0: Cannot allocate resource for EISA slot 2
[    0.641989] platform eisa.0: Cannot allocate resource for EISA slot 3
[    0.641990] platform eisa.0: Cannot allocate resource for EISA slot 4
[    0.641991] platform eisa.0: Cannot allocate resource for EISA slot 5
[    0.641992] platform eisa.0: Cannot allocate resource for EISA slot 6
[    0.641993] platform eisa.0: Cannot allocate resource for EISA slot 7
[    0.641994] platform eisa.0: Cannot allocate resource for EISA slot 8
[    0.641995] platform eisa.0: EISA: Detected 0 cards
[    0.641998] intel_pstate: CPU model not supported
[    0.642007] ledtrig-cpu: registered to indicate activity on CPUs
[    0.642063] drop_monitor: Initializing network drop monitor service
[    0.642223] NET: Registered protocol family 10
[    0.647224] Segment Routing with IPv6
[    0.647224] fullmesh registered
[    0.647224] ndiffports registered
[    0.647224] binder registered
[    0.647224] roundrobin registered
[    0.647224] redundant registered
[    0.647224] blest registered
[    0.647224] ecf registered
[    0.647224] NET: Registered protocol family 17
[    0.647224] Key type dns_resolver registered
[    0.647224] RAS: Correctable Errors collector initialized.
[    0.647224] IPI shorthand broadcast: enabled
[    0.647224] sched_clock: Marking stable (632076597, 11148188)->(645914293, -2689508)
[    0.647675] registered taskstats version 1
[    0.647684] Loading compiled-in X.509 certificates
[    0.648326] Loaded X.509 cert 'Build time autogenerated kernel key: 6909f3744cebb3d0de528d5887b96a727de79b1e'
[    0.648344] zswap: loaded using pool lzo/zbud
[    0.648401] Key type ._fscrypt registered
[    0.648401] Key type .fscrypt registered
[    0.652976] Key type big_key registered
[    0.655205] Key type encrypted registered
[    0.655207] AppArmor: AppArmor sha1 policy hashing enabled
[    0.655215] ima: No TPM chip found, activating TPM-bypass!
[    0.655218] ima: Allocated hash algorithm: sha1
[    0.655223] ima: No architecture policies found
[    0.655232] evm: Initialising EVM extended attributes:
[    0.655232] evm: security.selinux
[    0.655233] evm: security.SMACK64
[    0.655233] evm: security.SMACK64EXEC
[    0.655234] evm: security.SMACK64TRANSMUTE
[    0.655234] evm: security.SMACK64MMAP
[    0.655235] evm: security.apparmor
[    0.655235] evm: security.ima
[    0.655236] evm: security.capability
[    0.655236] evm: HMAC attrs: 0x1
[    0.655531] PM:   Magic number: 10:218:839
[    0.655639] rtc_cmos rtc_cmos: setting system clock to 2026-01-13T14:50:00 UTC (1768315800)
[    0.810710] ata1.00: ATA-6: VBOX HARDDISK, 1.0, max UDMA/133
[    0.810712] ata1.00: 209715200 sectors, multi 128: LBA 
[    0.811130] scsi 0:0:0:0: Direct-Access     ATA      VBOX HARDDISK    1.0  PQ: 0 ANSI: 5
[    0.811329] sd 0:0:0:0: [sda] 209715200 512-byte logical blocks: (107 GB/100 GiB)
[    0.811336] sd 0:0:0:0: [sda] Write Protect is off
[    0.811337] sd 0:0:0:0: [sda] Mode Sense: 00 3a 00 00
[    0.811347] sd 0:0:0:0: [sda] Write cache: enabled, read cache: enabled, doesn't support DPO or FUA
[    0.811534] sd 0:0:0:0: Attached scsi generic sg0 type 0
[    0.812422]  sda: sda1 sda2
[    0.823268] sd 0:0:0:0: [sda] Attached SCSI disk
[    0.825050] Freeing unused decrypted memory: 2040K
[    0.825735] Freeing unused kernel image memory: 2728K
[    0.825737] Write protecting the kernel read-only data: 22528k
[    0.826392] Freeing unused kernel image memory: 2036K
[    0.826772] Freeing unused kernel image memory: 1432K
[    0.839679] x86/mm: Checked W+X mappings: passed, no W+X pages found.
[    0.839682] Run /init as init process
[    0.928504] ACPI: Video Device [GFX0] (multi-head: yes  rom: no  post: no)
[    0.928576] input: Video Bus as /devices/LNXSYSTM:00/LNXSYBUS:00/PNP0A03:00/LNXVIDEO:00/input/input4
[    0.940053] pcnet32: pcnet32.c:v1.35 21.Apr.2008 tsbogend@alpha.franken.de
[    0.943307] piix4_smbus 0000:00:07.0: SMBus Host Controller at 0x4100, revision 0
[    0.947687] e1000: Intel(R) PRO/1000 Network Driver - version 7.3.21-k8-NAPI
[    0.947688] e1000: Copyright (c) 1999-2006 Intel Corporation.
[    0.949701] pcnet32: PCnet/FAST III 79C973 at 0xd020, 08:00:27:56:72:14 assigned IRQ 19
[    0.949749] pcnet32: Found PHY 0022:561b at address 0
[    0.950046] pcnet32: eth0: registered as PCnet/FAST III 79C973
[    0.961714] pcnet32: PCnet/FAST III 79C973 at 0xd060, 08:00:27:fe:09:80 assigned IRQ 16
[    0.961760] pcnet32: Found PHY 0022:561b at address 0
[    0.962061] pcnet32: eth1: registered as PCnet/FAST III 79C973
[    0.962082] pcnet32: 2 cards_found
[    1.022666] pcnet32 0000:00:03.0 enp0s3: renamed from eth0
[    1.029825] pcnet32 0000:00:08.0 enp0s8: renamed from eth1
[    1.167882] input: ImExPS/2 Generic Explorer Mouse as /devices/platform/i8042/serio1/input/input5
[    1.355424] e1000 0000:00:09.0 eth0: (PCI:33MHz:32-bit) 08:00:27:4d:0d:49
[    1.355429] e1000 0000:00:09.0 eth0: Intel(R) PRO/1000 Network Connection
[    1.356499] e1000 0000:00:09.0 enp0s9: renamed from eth0
[    1.497148] EXT4-fs (sda2): mounted filesystem with ordered data mode. Opts: (null)
[    1.589806] systemd[1]: Inserted module 'autofs4'
[    1.602420] systemd[1]: systemd 245.4-4ubuntu3 running in system mode. (+PAM +AUDIT +SELINUX +IMA +APPARMOR +SMACK +SYSVINIT +UTMP +LIBCRYPTSETUP +GCRYPT +GNUTLS +ACL +XZ +LZ4 +SECCOMP +BLKID +ELFUTILS +KMOD +IDN2 -IDN +PCRE2 default-hierarchy=hybrid)
[    1.602451] systemd[1]: Detected virtualization oracle.
[    1.602454] systemd[1]: Detected architecture x86-64.
[    1.603823] systemd[1]: Set hostname to <ztg>.
[    1.730449] systemd[1]: /lib/systemd/system/dbus.socket:5: ListenStream= references a path below legacy directory /var/run/, updating /var/run/dbus/system_bus_socket â†’ /run/dbus/system_bus_socket; please update the unit file accordingly.
[    1.782767] systemd[1]: Created slice system-modprobe.slice.
[    1.782949] systemd[1]: Created slice User and Session Slice.
[    1.782993] systemd[1]: Started Forward Password Requests to Wall Directory Watch.
[    1.783150] systemd[1]: Set up automount Arbitrary Executable File Formats File System Automount Point.
[    1.783237] systemd[1]: Reached target User and Group Name Lookups.
[    1.783247] systemd[1]: Reached target Remote File Systems.
[    1.783256] systemd[1]: Reached target Slices.
[    1.783803] systemd[1]: Listening on Syslog Socket.
[    1.783871] systemd[1]: Listening on fsck to fsckd communication Socket.
[    1.783909] systemd[1]: Listening on initctl Compatibility Named Pipe.
[    1.784045] systemd[1]: Listening on Journal Audit Socket.
[    1.784099] systemd[1]: Listening on Journal Socket (/dev/log).
[    1.784168] systemd[1]: Listening on Journal Socket.
[    1.784230] systemd[1]: Listening on udev Control Socket.
[    1.784268] systemd[1]: Listening on udev Kernel Socket.
[    1.785023] systemd[1]: Mounting Huge Pages File System...
[    1.785968] systemd[1]: Mounting POSIX Message Queue File System...
[    1.786823] systemd[1]: Mounting Kernel Debug File System...
[    1.787852] systemd[1]: Mounting Kernel Trace File System...
[    1.789773] systemd[1]: Starting Journal Service...
[    1.809972] systemd[1]: Starting Set the console keyboard layout...
[    1.815257] systemd[1]: Starting Create list of static device nodes for the current kernel...
[    1.820288] systemd[1]: Starting Load Kernel Module drm...
[    1.827219] systemd[1]: Condition check resulted in Set Up Additional Binary Formats being skipped.
[    1.827371] systemd[1]: Condition check resulted in File System Check on Root Device being skipped.
[    1.837714] systemd[1]: Starting Load Kernel Modules...
[    1.843153] systemd[1]: Starting Remount Root and Kernel File Systems...
[    1.866320] systemd[1]: Starting udev Coldplug all Devices...
[    1.876885] systemd[1]: Starting Uncomplicated firewall...
[    1.878531] systemd[1]: Mounted Huge Pages File System.
[    1.878621] systemd[1]: Mounted POSIX Message Queue File System.
[    1.878694] systemd[1]: Mounted Kernel Debug File System.
[    1.878762] systemd[1]: Mounted Kernel Trace File System.
[    1.886777] EXT4-fs (sda2): re-mounted. Opts: errors=remount-ro
[    1.888915] systemd[1]: Finished Create list of static device nodes for the current kernel.
[    1.889793] systemd[1]: modprobe@drm.service: Succeeded.
[    1.891731] systemd[1]: Finished Load Kernel Module drm.
[    1.895465] systemd[1]: Finished Remount Root and Kernel File Systems.
[    1.899639] systemd[1]: Finished Uncomplicated firewall.
[    1.901457] lp: driver loaded but no devices found
[    1.902678] systemd[1]: Condition check resulted in Rebuild Hardware Database being skipped.
[    1.902712] systemd[1]: Condition check resulted in Platform Persistent Storage Archival being skipped.
[    1.903810] systemd[1]: Starting Load/Save Random Seed...
[    1.908444] systemd[1]: Starting Create System Users...
[    1.956142] ppdev: user-space parallel port driver
[    1.958503] systemd[1]: Finished Load/Save Random Seed.
[    1.965769] systemd[1]: Finished Create System Users.
[    1.966571] systemd[1]: Starting Create Static Device Nodes in /dev...
[    2.004655] systemd[1]: Finished Create Static Device Nodes in /dev.
[    2.005526] systemd[1]: Starting udev Kernel Device Manager...
[    2.018389] systemd[1]: Finished udev Coldplug all Devices.
[    2.019295] [drm] DMA map mode: Caching DMA mappings.
[    2.019358] [drm] Capabilities:
[    2.019359] [drm]   Rect copy.
[    2.019359] [drm]   Cursor.
[    2.019359] [drm]   Cursor bypass.
[    2.019360] [drm]   Cursor bypass 2.
[    2.019360] [drm]   Alpha cursor.
[    2.019360] [drm]   Extended Fifo.
[    2.019361] [drm]   Pitchlock.
[    2.019361] [drm]   Irq mask.
[    2.019361] [drm]   GMR.
[    2.019362] [drm]   Traces.
[    2.019362] [drm]   GMR2.
[    2.019362] [drm]   Screen Object 2.
[    2.019363] [drm]   Command Buffers.
[    2.019363] [drm]   Command Buffers 2.
[    2.019363] [drm]   Guest Backed Resources.
[    2.019364] [drm] Max GMR ids is 8192
[    2.019365] [drm] Max number of GMR pages is 1048576
[    2.019365] [drm] Max dedicated hypervisor surface memory is 393216 kiB
[    2.019366] [drm] Maximum display memory size is 131072 kiB
[    2.019367] [drm] VRAM at 0xe0000000 size is 131072 kiB
[    2.019367] [drm] MMIO at 0xf0000000 size is 2048 kiB
[    2.020116] [TTM] Zone  kernel: Available graphics memory: 1011738 KiB
[    2.020117] [TTM] Initializing pool allocator
[    2.020120] [TTM] Initializing DMA pool allocator
[    2.020153] [drm] Supports vblank timestamp caching Rev 2 (21.10.2013).
[    2.020154] [drm] No driver support for vblank timestamp query.
[    2.020407] [drm] Screen Target Display device initialized
[    2.020617] [drm] width 720
[    2.020626] [drm] height 400
[    2.020629] [drm] bpp 32
[    2.021257] [drm] Fifo max 0x00200000 min 0x00001000 cap 0x00000355
[    2.022350] [drm] Using command buffers with DMA pool.
[    2.022353] [drm] DX: no.
[    2.022354] [drm] Atomic: yes.
[    2.022354] [drm] SM4_1: no.
[    2.022372] [drm:vmw_host_log [vmwgfx]] *ERROR* Failed to send host log message.
[    2.027435] [drm:vmw_host_log [vmwgfx]] *ERROR* Failed to send host log message.
[    2.058944] fbcon: svgadrmfb (fb0) is primary device
[    2.076985] Console: switching to colour frame buffer device 100x37
[    2.082307] systemd[1]: Finished Set the console keyboard layout.
[    2.082454] systemd[1]: Reached target Local File Systems (Pre).
[    2.086830] [drm] Initialized vmwgfx 2.15.0 20180704 for 0000:00:02.0 on minor 0
[    2.087520] systemd[1]: Mounting Mount unit for bare, revision 5...
[    2.091944] systemd[1]: Mounting Mount unit for core18, revision 1705...
[    2.101127] systemd[1]: Mounting Mount unit for gnome-3-34-1804, revision 24...
[    2.116000] systemd[1]: Mounting Mount unit for gtk-common-themes, revision 1506...
[    2.137399] systemd[1]: Mounting Mount unit for gtk-common-themes, revision 1535...
[    2.149598] systemd[1]: Mounting Mount unit for snap-store, revision 433...
[    2.152448] systemd[1]: Mounting Mount unit for snapd, revision 7264...
[    2.157146] systemd[1]: Finished Load Kernel Modules.
[    2.162616] systemd[1]: Mounting FUSE Control File System...
[    2.166362] systemd[1]: Mounting Kernel Configuration File System...
[    2.169771] systemd[1]: Starting Apply Kernel Variables...
[    2.170860] systemd[1]: Mounted FUSE Control File System.
[    2.170935] systemd[1]: Condition check resulted in VMware vmblock fuse mount being skipped.
[    2.209248] systemd[1]: Mounted Mount unit for bare, revision 5.
[    2.209366] systemd[1]: Mounted Mount unit for gnome-3-34-1804, revision 24.
[    2.215165] systemd[1]: Mounted Kernel Configuration File System.
[    2.221408] systemd[1]: Mounted Mount unit for core18, revision 1705.
[    2.223340] systemd[1]: Finished Apply Kernel Variables.
[    2.246417] systemd[1]: Mounted Mount unit for gtk-common-themes, revision 1506.
[    2.251276] systemd[1]: Started udev Kernel Device Manager.
[    2.252057] systemd[1]: Starting Show Plymouth Boot Screen...
[    2.258294] systemd[1]: Mounted Mount unit for gtk-common-themes, revision 1535.
[    2.258385] systemd[1]: Mounted Mount unit for snap-store, revision 433.
[    2.258458] systemd[1]: Mounted Mount unit for snapd, revision 7264.
[    2.258508] systemd[1]: Reached target Local File Systems.
[    2.265005] systemd[1]: Starting Load AppArmor profiles...
[    2.271411] systemd[1]: Starting Set console font and keymap...
[    2.280314] systemd[1]: Starting Tell Plymouth To Write Out Runtime Data...
[    2.280374] systemd[1]: Condition check resulted in Store a System Token in an EFI Variable being skipped.
[    2.280420] systemd[1]: Condition check resulted in Commit a transient machine-id on disk being skipped.
[    2.281032] systemd[1]: Received SIGRTMIN+20 from PID 290 (plymouthd).
[    2.304106] systemd[1]: Finished Set console font and keymap.
[    2.311046] systemd[1]: Received SIGRTMIN+20 from PID 290 (plymouthd).
[    2.312962] systemd[1]: plymouth-read-write.service: Succeeded.
[    2.313226] systemd[1]: Finished Tell Plymouth To Write Out Runtime Data.
[    2.313554] systemd[1]: Started Show Plymouth Boot Screen.
[    2.313683] systemd[1]: Condition check resulted in Dispatch Password Requests to Console Directory Watch being skipped.
[    2.313762] systemd[1]: Started Forward Password Requests to Plymouth Directory Watch.
[    2.313793] systemd[1]: Reached target Local Encrypted Volumes.
[    2.331863] audit: type=1400 audit(1768315802.172:2): apparmor="STATUS" operation="profile_load" profile="unconfined" name="nvidia_modprobe" pid=301 comm="apparmor_parser"
[    2.331865] audit: type=1400 audit(1768315802.172:3): apparmor="STATUS" operation="profile_load" profile="unconfined" name="nvidia_modprobe//kmod" pid=301 comm="apparmor_parser"
[    2.337035] audit: type=1400 audit(1768315802.176:4): apparmor="STATUS" operation="profile_load" profile="unconfined" name="/usr/sbin/tcpdump" pid=302 comm="apparmor_parser"
[    2.401451] audit: type=1400 audit(1768315802.236:5): apparmor="STATUS" operation="profile_load" profile="unconfined" name="/usr/bin/evince" pid=304 comm="apparmor_parser"
[    2.401453] audit: type=1400 audit(1768315802.236:6): apparmor="STATUS" operation="profile_load" profile="unconfined" name="/usr/bin/evince//sanitized_helper" pid=304 comm="apparmor_parser"
[    2.401454] audit: type=1400 audit(1768315802.236:7): apparmor="STATUS" operation="profile_load" profile="unconfined" name="/usr/bin/evince-previewer" pid=304 comm="apparmor_parser"
[    2.401456] audit: type=1400 audit(1768315802.236:8): apparmor="STATUS" operation="profile_load" profile="unconfined" name="/usr/bin/evince-previewer//sanitized_helper" pid=304 comm="apparmor_parser"
[    2.401458] audit: type=1400 audit(1768315802.236:9): apparmor="STATUS" operation="profile_load" profile="unconfined" name="/usr/bin/evince-thumbnailer" pid=304 comm="apparmor_parser"
[    2.423274] audit: type=1400 audit(1768315802.264:10): apparmor="STATUS" operation="profile_load" profile="unconfined" name="/usr/lib/cups/backend/cups-pdf" pid=305 comm="apparmor_parser"
[    2.481165] systemd[1]: Finished Load AppArmor profiles.
[    2.482102] systemd[1]: Starting Load AppArmor profiles managed internally by snapd...
[    2.547381] systemd[1]: Finished Load AppArmor profiles managed internally by snapd.
[    2.730083] systemd[1]: Started Journal Service.
[    2.737263] systemd-journald[229]: Received client request to flush runtime journal.
[    2.742152] systemd-journald[229]: File /var/log/journal/c455b248004a419c87ce85eea238d727/system.journal corrupted or uncleanly shut down, renaming and replacing.
[    4.076403] RAPL PMU: API unit is 2^-32 Joules, 0 fixed counters, 10737418240 ms ovfl timer
[    4.143601] cryptd: max_cpu_qlen set to 1000
[    4.206650] AVX2 version of gcm_enc/dec engaged.
[    4.206652] AES CTR mode by8 optimization enabled
[    4.967655] Adding 1998844k swap on /dev/sda1.  Priority:-2 extents:1 across:1998844k FS
[    5.846185] kauditd_printk_skb: 30 callbacks suppressed
[    5.846187] audit: type=1400 audit(1768315805.684:41): apparmor="DENIED" operation="capable" profile="/usr/sbin/cups-browsed" pid=498 comm="cups-browsed" capability=23  capname="sys_nice"
[    6.999213] pcnet32 0000:00:03.0 enp0s3: link up, 100Mbps, full-duplex
[    7.012446] pcnet32 0000:00:08.0 enp0s8: link up, 100Mbps, full-duplex
[    7.040592] e1000: enp0s9 NIC Link is Up 1000 Mbps Full Duplex, Flow Control: RX
[    7.040883] IPv6: ADDRCONF(NETDEV_CHANGE): enp0s9: link becomes ready
[    7.446353] device enp0s8 entered promiscuous mode
[    7.470012] device enp0s3 entered promiscuous mode
[    7.515438] audit: type=1400 audit(1768315807.356:42): apparmor="DENIED" operation="open" profile="/usr/sbin/tcpdump" name="/proc/sys/kernel/random/boot_id" pid=635 comm="tcpdump" requested_mask="r" denied_mask="r" fsuid=0 ouid=0
[    7.515692] audit: type=1400 audit(1768315807.356:43): apparmor="DENIED" operation="open" profile="/usr/sbin/tcpdump" name="/proc/sys/kernel/random/boot_id" pid=635 comm="tcpdump" requested_mask="r" denied_mask="r" fsuid=0 ouid=0
[    7.515745] audit: type=1400 audit(1768315807.356:44): apparmor="DENIED" operation="open" profile="/usr/sbin/tcpdump" name="/proc/sys/kernel/random/boot_id" pid=635 comm="tcpdump" requested_mask="r" denied_mask="r" fsuid=0 ouid=0
[    7.515803] audit: type=1400 audit(1768315807.356:45): apparmor="DENIED" operation="open" profile="/usr/sbin/tcpdump" name="/proc/sys/kernel/random/boot_id" pid=635 comm="tcpdump" requested_mask="r" denied_mask="r" fsuid=0 ouid=0
[    7.517281] audit: type=1400 audit(1768315807.360:46): apparmor="DENIED" operation="open" profile="/usr/sbin/tcpdump" name="/proc/sys/kernel/random/boot_id" pid=636 comm="tcpdump" requested_mask="r" denied_mask="r" fsuid=0 ouid=0
[    7.517735] audit: type=1400 audit(1768315807.360:47): apparmor="DENIED" operation="open" profile="/usr/sbin/tcpdump" name="/proc/sys/kernel/random/boot_id" pid=636 comm="tcpdump" requested_mask="r" denied_mask="r" fsuid=0 ouid=0
[    7.517776] audit: type=1400 audit(1768315807.360:48): apparmor="DENIED" operation="open" profile="/usr/sbin/tcpdump" name="/proc/sys/kernel/random/boot_id" pid=636 comm="tcpdump" requested_mask="r" denied_mask="r" fsuid=0 ouid=0
[    7.517947] audit: type=1400 audit(1768315807.360:49): apparmor="DENIED" operation="open" profile="/usr/sbin/tcpdump" name="/proc/sys/kernel/random/boot_id" pid=636 comm="tcpdump" requested_mask="r" denied_mask="r" fsuid=0 ouid=0
[    7.522786] audit: type=1400 audit(1768315807.360:50): apparmor="DENIED" operation="open" profile="/usr/sbin/tcpdump" name="/proc/sys/kernel/random/boot_id" pid=638 comm="tcpdump" requested_mask="r" denied_mask="r" fsuid=0 ouid=0
[   11.981665] rfkill: input handler disabled
[  415.807561] AAAAA-TCP_FORW: name:enp0s8: saddr:100932208: daddr:16783984
[  415.984133] AAAAA-TCP_FORW: name:enp0s8: saddr:100932208: daddr:16783984
[  416.072708] AAAAA-TCP_FORW: name:enp0s8: saddr:100932208: daddr:33561200
[  416.073640] AAAAA-TCP_FORW: name:enp0s3: saddr:33561200: daddr:100932208
[  416.450934] AAAAA-TCP_FORW: name:enp0s8: saddr:100932208: daddr:33561200
[  416.452019] AAAAA-TCP_FORW: name:enp0s3: saddr:33561200: daddr:100932208
[  416.962483] AAAAA-TCP_FORW: name:enp0s8: saddr:100932208: daddr:16783984
[  416.963453] AAAAA-TCP_FORW: name:enp0s3: saddr:16783984: daddr:100932208
[  417.321784] AAAAA-TCP_FORW: name:enp0s8: saddr:100932208: daddr:16783984
[  417.322949] AAAAA-TCP_FORW: name:enp0s3: saddr:16783984: daddr:100932208
[  417.459119] AAAAA-TCP_FORW: name:enp0s8: saddr:100932208: daddr:33561200
[  417.460199] AAAAA-TCP_FORW: name:enp0s3: saddr:33561200: daddr:100932208
[  417.852322] AAAAA-TCP_FORW: name:enp0s8: saddr:100932208: daddr:33561200
[  417.853291] AAAAA-TCP_FORW: name:enp0s3: saddr:33561200: daddr:100932208
[  417.897500] AAAAA-TCP_FORW: name:enp0s8: saddr:100932208: daddr:16783984
[  417.898448] AAAAA-TCP_FORW: name:enp0s3: saddr:16783984: daddr:100932208
[  418.569798] AAAAA-TCP_FORW: name:enp0s8: saddr:100932208: daddr:16783984
[  418.571079] AAAAA-TCP_FORW: name:enp0s3: saddr:16783984: daddr:100932208
[  418.625415] AAAAA-TCP_FORW: name:enp0s8: saddr:100932208: daddr:33561200
[  418.626521] AAAAA-TCP_FORW: name:enp0s3: saddr:33561200: daddr:100932208
[  418.673762] AAAAA-TCP_FORW: name:enp0s8: saddr:100932208: daddr:33561200
[  418.675045] AAAAA-TCP_FORW: name:enp0s3: saddr:33561200: daddr:100932208
[  418.791398] AAAAA-TCP_FORW: name:enp0s8: saddr:100932208: daddr:16783984
[  418.792443] AAAAA-TCP_FORW: name:enp0s3: saddr:16783984: daddr:100932208
[  418.895896] AAAAA-TCP_FORW: name:enp0s8: saddr:100932208: daddr:16783984
[  418.959458] AAAAA-TCP_FORW: name:enp0s8: saddr:100932208: daddr:33561200
[  419.018192] AAAAA-TCP_FORW: name:enp0s8: saddr:100932208: daddr:33561200
[  419.167545] AAAAA-TCP_FORW: name:enp0s8: saddr:100932208: daddr:16783984
[  419.247933] AAAAA-TCP_FORW: name:enp0s8: saddr:100932208: daddr:16783984
[  419.570425] AAAAA-TCP_FORW: name:enp0s8: saddr:100932208: daddr:33561200
[  419.721337] AAAAA-TCP_FORW: name:enp0s8: saddr:100932208: daddr:33561200
[  420.004158] AAAAA-TCP_FORW: name:enp0s8: saddr:100932208: daddr:16783984
[  420.148135] AAAAA-TCP_FORW: name:enp0s8: saddr:100932208: daddr:16783984
[  420.309783] AAAAA-TCP_FORW: name:enp0s8: saddr:100932208: daddr:33561200
[  420.359809] AAAAA-TCP_FORW: name:enp0s8: saddr:100932208: daddr:33561200
[  420.476647] AAAAA-TCP_FORW: name:enp0s8: saddr:100932208: daddr:16783984
[  420.615335] AAAAA-TCP_FORW: name:enp0s8: saddr:100932208: daddr:16783984
[  420.714304] AAAAA-TCP_FORW: name:enp0s8: saddr:100932208: daddr:33561200
[  420.817745] AAAAA-TCP_FORW: name:enp0s8: saddr:100932208: daddr:33561200
[  420.968798] AAAAA-TCP_FORW: name:enp0s8: saddr:100932208: daddr:16783984
[  421.801256] AAAAA-TCP_FORW: name:enp0s8: saddr:100932208: daddr:16783984
[  421.939836] AAAAA-TCP_FORW: name:enp0s8: saddr:100932208: daddr:33561200
[  421.997233] AAAAA-TCP_FORW: name:enp0s8: saddr:100932208: daddr:16783984
[  422.247040] AAAAA-TCP_FORW: name:enp0s8: saddr:100932208: daddr:16783984
[  422.367821] AAAAA-TCP_FORW: name:enp0s8: saddr:100932208: daddr:16783984
[  422.459107] AAAAA-TCP_FORW: name:enp0s8: saddr:100932208: daddr:16783984
[  422.647946] AAAAA-TCP_FORW: name:enp0s8: saddr:100932208: daddr:16783984
[  422.848982] AAAAA-TCP_FORW: name:enp0s8: saddr:100932208: daddr:16783984
[  423.159100] AAAAA-TCP_FORW: name:enp0s8: saddr:100932208: daddr:16783984
[  424.190003] AAAAA-TCP_FORW: name:enp0s8: saddr:100932208: daddr:16783984
[  424.351717] AAAAA-TCP_FORW: name:enp0s8: saddr:100932208: daddr:16783984
[  424.662372] AAAAA-TCP_FORW: name:enp0s8: saddr:100932208: daddr:16783984
[  424.791193] AAAAA-TCP_FORW: name:enp0s8: saddr:100932208: daddr:16783984
[  424.951267] AAAAA-TCP_FORW: name:enp0s8: saddr:100932208: daddr:33561200
[  425.318246] AAAAA-TCP_FORW: name:enp0s8: saddr:100932208: daddr:33561200
[  425.436864] AAAAA-TCP_FORW: name:enp0s8: saddr:100932208: daddr:16783984
[  425.656009] AAAAA-TCP_FORW: name:enp0s8: saddr:100932208: daddr:16783984
[  425.755978] AAAAA-TCP_FORW: name:enp0s8: saddr:100932208: daddr:16783984
[  425.841063] AAAAA-TCP_FORW: name:enp0s8: saddr:100932208: daddr:16783984
[  425.980049] AAAAA-TCP_FORW: name:enp0s8: saddr:100932208: daddr:16783984
[  426.075873] AAAAA-TCP_FORW: name:enp0s8: saddr:100932208: daddr:16783984
[  426.169979] AAAAA-TCP_FORW: name:enp0s8: saddr:100932208: daddr:16783984
[  426.313287] AAAAA-TCP_FORW: name:enp0s8: saddr:100932208: daddr:16783984
[  426.454015] AAAAA-TCP_FORW: name:enp0s8: saddr:100932208: daddr:16783984
[  426.533361] AAAAA-TCP_FORW: name:enp0s8: saddr:100932208: daddr:16783984
[  426.671622] AAAAA-TCP_FORW: name:enp0s8: saddr:100932208: daddr:16783984
[  426.794962] AAAAA-TCP_FORW: name:enp0s8: saddr:100932208: daddr:16783984
[  426.866864] AAAAA-TCP_FORW: name:enp0s8: saddr:100932208: daddr:33561200
[  427.007824] AAAAA-TCP_FORW: name:enp0s8: saddr:100932208: daddr:33561200
[  427.261268] AAAAA-TCP_FORW: name:enp0s8: saddr:100932208: daddr:33561200
[  427.494443] AAAAA-TCP_FORW: name:enp0s8: saddr:100932208: daddr:33561200
[  427.648362] AAAAA-TCP_FORW: name:enp0s8: saddr:100932208: daddr:33561200
[  427.827709] AAAAA-TCP_FORW: name:enp0s8: saddr:100932208: daddr:33561200
[  427.976837] AAAAA-TCP_FORW: name:enp0s8: saddr:100932208: daddr:33561200
[  428.147967] AAAAA-TCP_FORW: name:enp0s8: saddr:100932208: daddr:33561200
[  428.231444] AAAAA-TCP_FORW: name:enp0s8: saddr:100932208: daddr:33561200
[  428.502011] AAAAA-TCP_FORW: name:enp0s8: saddr:100932208: daddr:33561200
[  428.588606] AAAAA-TCP_FORW: name:enp0s8: saddr:100932208: daddr:33561200
[  428.691760] AAAAA-TCP_FORW: name:enp0s8: saddr:100932208: daddr:33561200
[  428.817747] AAAAA-TCP_FORW: name:enp0s8: saddr:100932208: daddr:33561200
[  629.769374] rfkill: input handler enabled
[  638.111962] rfkill: input handler disabled
[  930.821995] device enp0s3 left promiscuous mode
[  930.824470] device enp0s8 left promiscuous mode
