[    0.000000] Linux version 5.4.243-mptcp (root@ztg) (gcc version 12.2.0 (Debian 12.2.0-14+deb12u1)) #53 SMP Wed Dec 24 23:28:15 CST 2025
[    0.000000] Command line: BOOT_IMAGE=/boot/vmlinuz-5.4.243-mptcp root=UUID=98415a12-53b7-4144-8265-0f7ece09e445 ro quiet splash
[    0.000000] KERNEL supported cpus:
[    0.000000]   Intel GenuineIntel
[    0.000000]   AMD AuthenticAMD
[    0.000000]   Hygon HygonGenuine
[    0.000000]   Centaur CentaurHauls
[    0.000000]   zhaoxin   Shanghai  
[    0.000000] x86/fpu: Supporting XSAVE feature 0x001: 'x87 floating point registers'
[    0.000000] x86/fpu: Supporting XSAVE feature 0x002: 'SSE registers'
[    0.000000] x86/fpu: Supporting XSAVE feature 0x004: 'AVX registers'
[    0.000000] x86/fpu: xstate_offset[2]:  576, xstate_sizes[2]:  256
[    0.000000] x86/fpu: Enabled xstate features 0x7, context size is 832 bytes, using 'standard' format.
[    0.000000] BIOS-provided physical RAM map:
[    0.000000] BIOS-e820: [mem 0x0000000000000000-0x000000000009fbff] usable
[    0.000000] BIOS-e820: [mem 0x000000000009fc00-0x000000000009ffff] reserved
[    0.000000] BIOS-e820: [mem 0x00000000000f0000-0x00000000000fffff] reserved
[    0.000000] BIOS-e820: [mem 0x0000000000100000-0x000000007ffeffff] usable
[    0.000000] BIOS-e820: [mem 0x000000007fff0000-0x000000007fffffff] ACPI data
[    0.000000] BIOS-e820: [mem 0x00000000fec00000-0x00000000fec00fff] reserved
[    0.000000] BIOS-e820: [mem 0x00000000fee00000-0x00000000fee00fff] reserved
[    0.000000] BIOS-e820: [mem 0x00000000fffc0000-0x00000000ffffffff] reserved
[    0.000000] NX (Execute Disable) protection: active
[    0.000000] SMBIOS 2.5 present.
[    0.000000] DMI: innotek GmbH VirtualBox/VirtualBox, BIOS VirtualBox 12/01/2006
[    0.000000] Hypervisor detected: KVM
[    0.000000] kvm-clock: Using msrs 4b564d01 and 4b564d00
[    0.000000] kvm-clock: cpu 0, msr 6f401001, primary cpu clock
[    0.000000] kvm-clock: using sched offset of 4429385023 cycles
[    0.000003] clocksource: kvm-clock: mask: 0xffffffffffffffff max_cycles: 0x1cd42e4dffb, max_idle_ns: 881590591483 ns
[    0.000005] tsc: Detected 2100.000 MHz processor
[    0.001872] e820: update [mem 0x00000000-0x00000fff] usable ==> reserved
[    0.001874] e820: remove [mem 0x000a0000-0x000fffff] usable
[    0.001878] last_pfn = 0x7fff0 max_arch_pfn = 0x400000000
[    0.001946] MTRR default type: uncachable
[    0.001947] MTRR fixed ranges enabled:
[    0.001949]   00000-9FFFF write-back
[    0.001949]   A0000-BFFFF uncachable
[    0.001950]   C0000-FFFFF write-protect
[    0.001951] MTRR variable ranges enabled:
[    0.001952]   0 base 000000000000 mask 3FFF80000000 write-back
[    0.001953]   1 disabled
[    0.001953]   2 disabled
[    0.001954]   3 disabled
[    0.001954]   4 disabled
[    0.001954]   5 disabled
[    0.001955]   6 disabled
[    0.001955]   7 disabled
[    0.001956]   8 disabled
[    0.001956]   9 disabled
[    0.001957]   10 disabled
[    0.001957]   11 disabled
[    0.001957]   12 disabled
[    0.001958]   13 disabled
[    0.001958]   14 disabled
[    0.001959]   15 disabled
[    0.001975] x86/PAT: Configuration [0-7]: WB  WC  UC- UC  WB  WP  UC- WT  
[    0.002111] found SMP MP-table at [mem 0x0009fff0-0x0009ffff]
[    0.092182] check: Scanning 1 areas for low memory corruption
[    0.092371] RAMDISK: [mem 0x32271000-0x3512ffff]
[    0.092379] ACPI: Early table checksum verification disabled
[    0.092384] ACPI: RSDP 0x00000000000E0000 000024 (v02 VBOX  )
[    0.092389] ACPI: XSDT 0x000000007FFF0030 00003C (v01 VBOX   VBOXXSDT 00000001 ASL  00000061)
[    0.092395] ACPI: FACP 0x000000007FFF00F0 0000F4 (v04 VBOX   VBOXFACP 00000001 ASL  00000061)
[    0.092401] ACPI: DSDT 0x000000007FFF02E0 002353 (v02 VBOX   VBOXBIOS 00000002 VBOX 00029BF3)
[    0.092406] ACPI: FACS 0x000000007FFF0200 000040
[    0.092409] ACPI: FACS 0x000000007FFF0200 000040
[    0.092412] ACPI: APIC 0x000000007FFF0240 000054 (v02 VBOX   VBOXAPIC 00000001 ASL  00000061)
[    0.092416] ACPI: SSDT 0x000000007FFF02A0 000038 (v01 VBOX   VBOXCPUT 00000002 VBOX 00029BF3)
[    0.092419] ACPI: Reserving FACP table memory at [mem 0x7fff00f0-0x7fff01e3]
[    0.092420] ACPI: Reserving DSDT table memory at [mem 0x7fff02e0-0x7fff2632]
[    0.092420] ACPI: Reserving FACS table memory at [mem 0x7fff0200-0x7fff023f]
[    0.092421] ACPI: Reserving FACS table memory at [mem 0x7fff0200-0x7fff023f]
[    0.092422] ACPI: Reserving APIC table memory at [mem 0x7fff0240-0x7fff0293]
[    0.092423] ACPI: Reserving SSDT table memory at [mem 0x7fff02a0-0x7fff02d7]
[    0.092437] ACPI: Local APIC address 0xfee00000
[    0.092623] No NUMA configuration found
[    0.092624] Faking a node at [mem 0x0000000000000000-0x000000007ffeffff]
[    0.092635] NODE_DATA(0) allocated [mem 0x7ffc5000-0x7ffeffff]
[    0.092895] Zone ranges:
[    0.092896]   DMA      [mem 0x0000000000001000-0x0000000000ffffff]
[    0.092897]   DMA32    [mem 0x0000000001000000-0x000000007ffeffff]
[    0.092898]   Normal   empty
[    0.092899]   Device   empty
[    0.092900] Movable zone start for each node
[    0.092902] Early memory node ranges
[    0.092903]   node   0: [mem 0x0000000000001000-0x000000000009efff]
[    0.092903]   node   0: [mem 0x0000000000100000-0x000000007ffeffff]
[    0.092906] Zeroed struct page in unavailable ranges: 114 pages
[    0.092907] Initmem setup node 0 [mem 0x0000000000001000-0x000000007ffeffff]
[    0.092909] On node 0 totalpages: 524174
[    0.092910]   DMA zone: 64 pages used for memmap
[    0.092910]   DMA zone: 21 pages reserved
[    0.092911]   DMA zone: 3998 pages, LIFO batch:0
[    0.092983]   DMA32 zone: 8128 pages used for memmap
[    0.092983]   DMA32 zone: 520176 pages, LIFO batch:63
[    0.101914] ACPI: PM-Timer IO Port: 0x4008
[    0.101918] ACPI: Local APIC address 0xfee00000
[    0.101983] IOAPIC[0]: apic_id 1, version 32, address 0xfec00000, GSI 0-23
[    0.101987] ACPI: INT_SRC_OVR (bus 0 bus_irq 0 global_irq 2 dfl dfl)
[    0.101988] ACPI: INT_SRC_OVR (bus 0 bus_irq 9 global_irq 9 low level)
[    0.101990] ACPI: IRQ0 used by override.
[    0.101991] ACPI: IRQ9 used by override.
[    0.101994] Using ACPI (MADT) for SMP configuration information
[    0.102002] smpboot: Allowing 1 CPUs, 0 hotplug CPUs
[    0.102025] PM: Registered nosave memory: [mem 0x00000000-0x00000fff]
[    0.102026] PM: Registered nosave memory: [mem 0x0009f000-0x0009ffff]
[    0.102027] PM: Registered nosave memory: [mem 0x000a0000-0x000effff]
[    0.102027] PM: Registered nosave memory: [mem 0x000f0000-0x000fffff]
[    0.102029] [mem 0x80000000-0xfebfffff] available for PCI devices
[    0.102030] Booting paravirtualized kernel on KVM
[    0.102033] clocksource: refined-jiffies: mask: 0xffffffff max_cycles: 0xffffffff, max_idle_ns: 7645519600211568 ns
[    0.102037] setup_percpu: NR_CPUS:8192 nr_cpumask_bits:1 nr_cpu_ids:1 nr_node_ids:1
[    0.103071] percpu: Embedded 60 pages/cpu s208896 r8192 d28672 u2097152
[    0.103075] pcpu-alloc: s208896 r8192 d28672 u2097152 alloc=1*2097152
[    0.103076] pcpu-alloc: [0] 0 
[    0.103102] Built 1 zonelists, mobility grouping on.  Total pages: 515961
[    0.103103] Policy zone: DMA32
[    0.103104] Kernel command line: BOOT_IMAGE=/boot/vmlinuz-5.4.243-mptcp root=UUID=98415a12-53b7-4144-8265-0f7ece09e445 ro quiet splash
[    0.103985] Dentry cache hash table entries: 262144 (order: 9, 2097152 bytes, linear)
[    0.104133] Inode-cache hash table entries: 131072 (order: 8, 1048576 bytes, linear)
[    0.104183] mem auto-init: stack:off, heap alloc:on, heap free:off
[    0.104186] Calgary: detecting Calgary via BIOS EBDA area
[    0.104187] Calgary: Unable to locate Rio Grande table in EBDA - bailing!
[    0.108293] Memory: 1967332K/2096696K available (14339K kernel code, 2398K rwdata, 4712K rodata, 2728K init, 17260K bss, 129364K reserved, 0K cma-reserved)
[    0.109221] SLUB: HWalign=64, Order=0-3, MinObjects=0, CPUs=1, Nodes=1
[    0.109238] ftrace: allocating 43186 entries in 169 pages
[    0.127413] rcu: Hierarchical RCU implementation.
[    0.127414] rcu: 	RCU restricting CPUs from NR_CPUS=8192 to nr_cpu_ids=1.
[    0.127415] 	Tasks RCU enabled.
[    0.127416] rcu: RCU calculated value of scheduler-enlistment delay is 25 jiffies.
[    0.127417] rcu: Adjusting geometry for rcu_fanout_leaf=16, nr_cpu_ids=1
[    0.130379] NR_IRQS: 524544, nr_irqs: 256, preallocated irqs: 16
[    0.130591] random: crng init done
[    0.139877] Console: colour VGA+ 80x25
[    0.139882] printk: console [tty0] enabled
[    0.139903] ACPI: Core revision 20190816
[    0.139998] APIC: Switch to symmetric I/O mode setup
[    0.140248] x2apic enabled
[    0.140485] Switched APIC routing to physical x2apic.
[    0.141605] ..TIMER: vector=0x30 apic1=0 pin1=2 apic2=-1 pin2=-1
[    0.141633] clocksource: tsc-early: mask: 0xffffffffffffffff max_cycles: 0x1e4530a99b6, max_idle_ns: 440795257976 ns
[    0.141638] Calibrating delay loop (skipped) preset value.. 4200.00 BogoMIPS (lpj=8400000)
[    0.141640] pid_max: default: 32768 minimum: 301
[    0.141668] LSM: Security Framework initializing
[    0.141677] Yama: becoming mindful.
[    0.141704] AppArmor: AppArmor initialized
[    0.141738] Mount-cache hash table entries: 4096 (order: 3, 32768 bytes, linear)
[    0.141744] Mountpoint-cache hash table entries: 4096 (order: 3, 32768 bytes, linear)
[    0.141754] *** VALIDATE tmpfs ***
[    0.141897] *** VALIDATE proc ***
[    0.141940] *** VALIDATE cgroup1 ***
[    0.141941] *** VALIDATE cgroup2 ***
[    0.142081] process: using mwait in idle threads
[    0.142086] Last level iTLB entries: 4KB 64, 2MB 8, 4MB 8
[    0.142086] Last level dTLB entries: 4KB 64, 2MB 0, 4MB 0, 1GB 4
[    0.142105] Spectre V1 : Mitigation: usercopy/swapgs barriers and __user pointer sanitization
[    0.142111] Spectre V2 : Mitigation: Retpolines
[    0.142112] Spectre V2 : Spectre v2 / SpectreRSB mitigation: Filling RSB on context switch
[    0.142112] Spectre V2 : Spectre v2 / SpectreRSB : Filling RSB on VMEXIT
[    0.142113] RETBleed: WARNING: Spectre v2 mitigation leaves CPU vulnerable to RETBleed attacks, data leaks possible!
[    0.142467] RETBleed: Vulnerable
[    0.142467] Speculative Store Bypass: Vulnerable
[    0.142472] TAA: Mitigation: TSX disabled
[    0.142472] MMIO Stale Data: Mitigation: Clear CPU buffers
[    0.146680] Freeing SMP alternatives memory: 40K
[    0.258906] smpboot: CPU0: Intel(R) Xeon(R) Silver 4216 CPU @ 2.10GHz (family: 0x6, model: 0x55, stepping: 0x7)
[    0.259036] Performance Events: unsupported p6 CPU model 85 no PMU driver, software events only.
[    0.259073] rcu: Hierarchical SRCU implementation.
[    0.259570] NMI watchdog: Perf NMI watchdog permanently disabled
[    0.259609] smp: Bringing up secondary CPUs ...
[    0.259610] smp: Brought up 1 node, 1 CPU
[    0.259611] smpboot: Max logical packages: 1
[    0.259612] smpboot: Total of 1 processors activated (4200.00 BogoMIPS)
[    0.260565] devtmpfs: initialized
[    0.260613] x86/mm: Memory block size: 128MB
[    0.260960] clocksource: jiffies: mask: 0xffffffff max_cycles: 0xffffffff, max_idle_ns: 7645041785100000 ns
[    0.260966] futex hash table entries: 256 (order: 2, 16384 bytes, linear)
[    0.261010] pinctrl core: initialized pinctrl subsystem
[    0.261113] PM: RTC time: 16:25:42, date: 2026-01-11
[    0.261220] NET: Registered protocol family 16
[    0.261293] audit: initializing netlink subsys (disabled)
[    0.261421] EISA bus registered
[    0.261422] cpuidle: using governor ladder
[    0.261423] cpuidle: using governor menu
[    0.261459] ACPI: bus type PCI registered
[    0.261461] acpiphp: ACPI Hot Plug PCI Controller Driver version: 0.5
[    0.261563] PCI: Using configuration type 1 for base access
[    0.261941] audit: type=2000 audit(1768119948.657:1): state=initialized audit_enabled=0 res=1
[    0.262021] HugeTLB registered 2.00 MiB page size, pre-allocated 0 pages
[    0.262842] ACPI: Added _OSI(Module Device)
[    0.262842] ACPI: Added _OSI(Processor Device)
[    0.262843] ACPI: Added _OSI(3.0 _SCP Extensions)
[    0.262844] ACPI: Added _OSI(Processor Aggregator Device)
[    0.262845] ACPI: Added _OSI(Linux-Dell-Video)
[    0.262845] ACPI: Added _OSI(Linux-Lenovo-NV-HDMI-Audio)
[    0.262846] ACPI: Added _OSI(Linux-HPI-Hybrid-Graphics)
[    0.264786] ACPI: 2 ACPI AML tables successfully acquired and loaded
[    0.266312] ACPI: Interpreter enabled
[    0.266322] ACPI: (supports S0 S5)
[    0.266323] ACPI: Using IOAPIC for interrupt routing
[    0.266527] PCI: Using host bridge windows from ACPI; if necessary, use "pci=nocrs" and report a bug
[    0.266637] ACPI: Enabled 2 GPEs in block 00 to 07
[    0.271425] ACPI: PCI Root Bridge [PCI0] (domain 0000 [bus 00-ff])
[    0.271430] acpi PNP0A03:00: _OSC: OS supports [ASPM ClockPM Segments MSI HPX-Type3]
[    0.271872] acpi PNP0A03:00: _OSC: not requesting OS control; OS requires [ExtendedConfig ASPM ClockPM MSI]
[    0.271880] acpi PNP0A03:00: fail to add MMCONFIG information, can't access extended PCI configuration space under this bridge.
[    0.272246] PCI host bridge to bus 0000:00
[    0.272248] pci_bus 0000:00: root bus resource [io  0x0000-0x0cf7 window]
[    0.272249] pci_bus 0000:00: root bus resource [io  0x0d00-0xffff window]
[    0.272250] pci_bus 0000:00: root bus resource [mem 0x000a0000-0x000bffff window]
[    0.272251] pci_bus 0000:00: root bus resource [mem 0x80000000-0xfdffffff window]
[    0.272253] pci_bus 0000:00: root bus resource [bus 00-ff]
[    0.272295] pci 0000:00:00.0: [8086:1237] type 00 class 0x060000
[    0.273218] pci 0000:00:01.0: [8086:7000] type 00 class 0x060100
[    0.274150] pci 0000:00:01.1: [8086:7111] type 00 class 0x01018a
[    0.274524] pci 0000:00:01.1: reg 0x20: [io  0xd000-0xd00f]
[    0.274677] pci 0000:00:01.1: legacy IDE quirk: reg 0x10: [io  0x01f0-0x01f7]
[    0.274678] pci 0000:00:01.1: legacy IDE quirk: reg 0x14: [io  0x03f6]
[    0.274679] pci 0000:00:01.1: legacy IDE quirk: reg 0x18: [io  0x0170-0x0177]
[    0.274680] pci 0000:00:01.1: legacy IDE quirk: reg 0x1c: [io  0x0376]
[    0.275217] pci 0000:00:02.0: [15ad:0405] type 00 class 0x030000
[    0.277711] pci 0000:00:02.0: reg 0x10: [io  0xd010-0xd01f]
[    0.281680] pci 0000:00:02.0: reg 0x14: [mem 0xe0000000-0xe7ffffff pref]
[    0.284250] pci 0000:00:02.0: reg 0x18: [mem 0xf0000000-0xf01fffff]
[    0.294419] pci 0000:00:03.0: [1022:2000] type 00 class 0x020000
[    0.295091] pci 0000:00:03.0: reg 0x10: [io  0xd020-0xd03f]
[    0.295695] pci 0000:00:03.0: reg 0x14: [mem 0xf0200000-0xf0200fff]
[    0.300172] pci 0000:00:04.0: [80ee:cafe] type 00 class 0x088000
[    0.300836] pci 0000:00:04.0: reg 0x10: [io  0xd040-0xd05f]
[    0.301445] pci 0000:00:04.0: reg 0x14: [mem 0xf0400000-0xf07fffff]
[    0.301745] pci 0000:00:04.0: reg 0x18: [mem 0xf0800000-0xf0803fff pref]
[    0.305257] pci 0000:00:07.0: [8086:7113] type 00 class 0x068000
[    0.305863] pci 0000:00:07.0: quirk: [io  0x4000-0x403f] claimed by PIIX4 ACPI
[    0.305873] pci 0000:00:07.0: quirk: [io  0x4100-0x410f] claimed by PIIX4 SMB
[    0.306492] pci 0000:00:08.0: [8086:100e] type 00 class 0x020000
[    0.307188] pci 0000:00:08.0: reg 0x10: [mem 0xf0820000-0xf083ffff]
[    0.308342] pci 0000:00:08.0: reg 0x18: [io  0xd060-0xd067]
[    0.311270] pci 0000:00:09.0: [8086:100e] type 00 class 0x020000
[    0.312020] pci 0000:00:09.0: reg 0x10: [mem 0xf0840000-0xf085ffff]
[    0.313750] pci 0000:00:09.0: reg 0x18: [io  0xd068-0xd06f]
[    0.322639] ACPI: PCI Interrupt Link [LNKA] (IRQs 5 9 10 *11)
[    0.322922] ACPI: PCI Interrupt Link [LNKB] (IRQs 5 9 *10 11)
[    0.323022] ACPI: PCI Interrupt Link [LNKC] (IRQs 5 *9 10 11)
[    0.323127] ACPI: PCI Interrupt Link [LNKD] (IRQs 5 9 10 *11)
[    0.325702] iommu: Default domain type: Translated 
[    0.325762] pci 0000:00:02.0: vgaarb: setting as boot VGA device
[    0.325763] pci 0000:00:02.0: vgaarb: VGA device added: decodes=io+mem,owns=io+mem,locks=none
[    0.325765] pci 0000:00:02.0: vgaarb: bridge control possible
[    0.325766] vgaarb: loaded
[    0.325975] SCSI subsystem initialized
[    0.326006] libata version 3.00 loaded.
[    0.326031] ACPI: bus type USB registered
[    0.326046] usbcore: registered new interface driver usbfs
[    0.326052] usbcore: registered new interface driver hub
[    0.326057] usbcore: registered new device driver usb
[    0.326085] pps_core: LinuxPPS API ver. 1 registered
[    0.326086] pps_core: Software ver. 5.3.6 - Copyright 2005-2007 Rodolfo Giometti <giometti@linux.it>
[    0.326088] PTP clock support registered
[    0.326121] EDAC MC: Ver: 3.0.0
[    0.326408] PCI: Using ACPI for IRQ routing
[    0.326410] PCI: pci_cache_line_size set to 64 bytes
[    0.326578] e820: reserve RAM buffer [mem 0x0009fc00-0x0009ffff]
[    0.326582] e820: reserve RAM buffer [mem 0x7fff0000-0x7fffffff]
[    0.327407] NetLabel: Initializing
[    0.327408] NetLabel:  domain hash size = 128
[    0.327408] NetLabel:  protocols = UNLABELED CIPSOv4 CALIPSO
[    0.327428] NetLabel:  unlabeled traffic allowed by default
[    0.328326] clocksource: Switched to clocksource kvm-clock
[    0.339131] *** VALIDATE bpf ***
[    0.339131] VFS: Disk quotas dquot_6.6.0
[    0.339131] VFS: Dquot-cache hash table entries: 512 (order 0, 4096 bytes)
[    0.339131] *** VALIDATE ramfs ***
[    0.339131] *** VALIDATE hugetlbfs ***
[    0.339131] AppArmor: AppArmor Filesystem Enabled
[    0.339131] pnp: PnP ACPI init
[    0.339131] pnp 00:00: Plug and Play ACPI device, IDs PNP0303 (active)
[    0.340448] pnp 00:01: Plug and Play ACPI device, IDs PNP0f03 (active)
[    0.341175] pnp: PnP ACPI: found 2 devices
[    0.342131] thermal_sys: Registered thermal governor 'fair_share'
[    0.342132] thermal_sys: Registered thermal governor 'bang_bang'
[    0.342133] thermal_sys: Registered thermal governor 'step_wise'
[    0.342133] thermal_sys: Registered thermal governor 'user_space'
[    0.342134] thermal_sys: Registered thermal governor 'power_allocator'
[    0.346644] clocksource: acpi_pm: mask: 0xffffff max_cycles: 0xffffff, max_idle_ns: 2085701024 ns
[    0.346684] pci_bus 0000:00: resource 4 [io  0x0000-0x0cf7 window]
[    0.346685] pci_bus 0000:00: resource 5 [io  0x0d00-0xffff window]
[    0.346687] pci_bus 0000:00: resource 6 [mem 0x000a0000-0x000bffff window]
[    0.346688] pci_bus 0000:00: resource 7 [mem 0x80000000-0xfdffffff window]
[    0.346746] NET: Registered protocol family 2
[    0.346821] IP idents hash table entries: 32768 (order: 6, 262144 bytes, linear)
[    0.347085] MPTCP tokens hash table entries: 8192 (order: 4, 65536 bytes, linear)
[    0.347085] MPTCP request tokens hash table entries: 8192 (order: 4, 65536 bytes, linear)
[    0.347085] default registered
[    0.347085] default registered
[    0.347085] MPTCP: Stable release v0.96
[    0.347085] tcp_listen_portaddr_hash hash table entries: 1024 (order: 2, 16384 bytes, linear)
[    0.347085] TCP established hash table entries: 16384 (order: 5, 131072 bytes, linear)
[    0.347085] TCP bind hash table entries: 16384 (order: 6, 262144 bytes, linear)
[    0.347085] TCP: Hash tables configured (established 16384 bind 16384)
[    0.348158] UDP hash table entries: 1024 (order: 3, 32768 bytes, linear)
[    0.348178] UDP-Lite hash table entries: 1024 (order: 3, 32768 bytes, linear)
[    0.348215] NET: Registered protocol family 1
[    0.348223] NET: Registered protocol family 44
[    0.348243] pci 0000:00:00.0: Limiting direct PCI/PCI transfers
[    0.348259] pci 0000:00:01.0: Activating ISA DMA hang workarounds
[    0.348312] pci 0000:00:02.0: Video device with shadowed ROM at [mem 0x000c0000-0x000dffff]
[    0.348377] PCI: CLS 0 bytes, default 64
[    0.348422] Trying to unpack rootfs image as initramfs...
[    0.515064] Freeing initrd memory: 47868K
[    0.515064] clocksource: tsc: mask: 0xffffffffffffffff max_cycles: 0x1e4530a99b6, max_idle_ns: 440795257976 ns
[    0.515064] clocksource: Switched to clocksource tsc
[    0.515064] platform rtc_cmos: registered platform RTC device (no PNP device found)
[    0.515064] check: Scanning for low memory corruption every 60 seconds
[    0.515064] Initialise system trusted keyrings
[    0.515064] Key type blacklist registered
[    0.515064] workingset: timestamp_bits=36 max_order=19 bucket_order=0
[    0.515064] zbud: loaded
[    0.515064] squashfs: version 4.0 (2009/01/31) Phillip Lougher
[    0.515064] fuse: init (API version 7.31)
[    0.515064] *** VALIDATE fuse ***
[    0.515064] *** VALIDATE fuse ***
[    0.515064] Platform Keyring initialized
[    0.531131] Key type asymmetric registered
[    0.531132] Asymmetric key parser 'x509' registered
[    0.531142] Block layer SCSI generic (bsg) driver version 0.4 loaded (major 244)
[    0.531184] io scheduler mq-deadline registered
[    0.531302] shpchp: Standard Hot Plug PCI Controller Driver version: 0.4
[    0.531528] ACPI: AC Adapter [AC] (on-line)
[    0.531573] input: Power Button as /devices/LNXSYSTM:00/LNXPWRBN:00/input/input0
[    0.531603] ACPI: Power Button [PWRF]
[    0.531678] input: Sleep Button as /devices/LNXSYSTM:00/LNXSLPBN:00/input/input1
[    0.531693] ACPI: Sleep Button [SLPF]
[    0.531921] Serial: 8250/16550 driver, 32 ports, IRQ sharing enabled
[    0.533077] Linux agpgart interface v0.103
[    0.627095] loop: module loaded
[    0.627228] ata_piix 0000:00:01.1: version 2.13
[    0.627611] scsi host0: ata_piix
[    0.627697] scsi host1: ata_piix
[    0.627724] ata1: PATA max UDMA/33 cmd 0x1f0 ctl 0x3f6 bmdma 0xd000 irq 14
[    0.627725] ata2: PATA max UDMA/33 cmd 0x170 ctl 0x376 bmdma 0xd008 irq 15
[    0.627799] tun: Universal TUN/TAP device driver, 1.6
[    0.628100] PPP generic driver version 2.4.2
[    0.628140] VFIO - User Level meta-driver version: 0.3
[    0.628382] ehci_hcd: USB 2.0 'Enhanced' Host Controller (EHCI) Driver
[    0.628386] ehci-pci: EHCI PCI platform driver
[    0.628399] ehci-platform: EHCI generic platform driver
[    0.628405] ohci_hcd: USB 1.1 'Open' Host Controller (OHCI) Driver
[    0.628406] ohci-pci: OHCI PCI platform driver
[    0.628413] ohci-platform: OHCI generic platform driver
[    0.628418] uhci_hcd: USB Universal Host Controller Interface driver
[    0.628478] i8042: PNP: PS/2 Controller [PNP0303:PS2K,PNP0f03:PS2M] at 0x60,0x64 irq 1,12
[    0.628915] serio: i8042 KBD port at 0x60,0x64 irq 1
[    0.628919] serio: i8042 AUX port at 0x60,0x64 irq 12
[    0.629002] mousedev: PS/2 mouse device common for all mice
[    0.629249] input: AT Translated Set 2 keyboard as /devices/platform/i8042/serio0/input/input2
[    0.629640] rtc_cmos rtc_cmos: registered as rtc0
[    0.629653] rtc_cmos rtc_cmos: alarms up to one day, 114 bytes nvram
[    0.629658] i2c /dev entries driver
[    0.629697] device-mapper: uevent: version 1.0.3
[    0.629738] device-mapper: ioctl: 4.41.0-ioctl (2019-09-16) initialised: dm-devel@redhat.com
[    0.629754] platform eisa.0: Probing EISA bus 0
[    0.629755] platform eisa.0: EISA: Cannot allocate resource for mainboard
[    0.629757] platform eisa.0: Cannot allocate resource for EISA slot 1
[    0.629758] platform eisa.0: Cannot allocate resource for EISA slot 2
[    0.629759] platform eisa.0: Cannot allocate resource for EISA slot 3
[    0.629760] platform eisa.0: Cannot allocate resource for EISA slot 4
[    0.629761] platform eisa.0: Cannot allocate resource for EISA slot 5
[    0.629762] platform eisa.0: Cannot allocate resource for EISA slot 6
[    0.629763] platform eisa.0: Cannot allocate resource for EISA slot 7
[    0.629764] platform eisa.0: Cannot allocate resource for EISA slot 8
[    0.629765] platform eisa.0: EISA: Detected 0 cards
[    0.629768] intel_pstate: CPU model not supported
[    0.629776] ledtrig-cpu: registered to indicate activity on CPUs
[    0.629827] drop_monitor: Initializing network drop monitor service
[    0.629984] NET: Registered protocol family 10
[    0.635101] Segment Routing with IPv6
[    0.635129] fullmesh registered
[    0.635130] ndiffports registered
[    0.635132] binder registered
[    0.635133] roundrobin registered
[    0.635134] redundant registered
[    0.635134] blest registered
[    0.635135] ecf registered
[    0.635136] NET: Registered protocol family 17
[    0.635166] Key type dns_resolver registered
[    0.635204] RAS: Correctable Errors collector initialized.
[    0.635204] IPI shorthand broadcast: enabled
[    0.635204] sched_clock: Marking stable (620150723, 11054239)->(632872740, -1667778)
[    0.635336] registered taskstats version 1
[    0.635344] Loading compiled-in X.509 certificates
[    0.635933] Loaded X.509 cert 'Build time autogenerated kernel key: 6909f3744cebb3d0de528d5887b96a727de79b1e'
[    0.635950] zswap: loaded using pool lzo/zbud
[    0.636001] Key type ._fscrypt registered
[    0.636001] Key type .fscrypt registered
[    0.640486] Key type big_key registered
[    0.642664] Key type encrypted registered
[    0.642667] AppArmor: AppArmor sha1 policy hashing enabled
[    0.642674] ima: No TPM chip found, activating TPM-bypass!
[    0.642678] ima: Allocated hash algorithm: sha1
[    0.642683] ima: No architecture policies found
[    0.642693] evm: Initialising EVM extended attributes:
[    0.642693] evm: security.selinux
[    0.642694] evm: security.SMACK64
[    0.642694] evm: security.SMACK64EXEC
[    0.642694] evm: security.SMACK64TRANSMUTE
[    0.642695] evm: security.SMACK64MMAP
[    0.642695] evm: security.apparmor
[    0.642696] evm: security.ima
[    0.642696] evm: security.capability
[    0.642697] evm: HMAC attrs: 0x1
[    0.642983] PM:   Magic number: 10:865:438
[    0.643095] rtc_cmos rtc_cmos: setting system clock to 2026-01-11T16:25:43 UTC (1768148743)
[    0.800480] ata1.00: ATA-6: VBOX HARDDISK, 1.0, max UDMA/133
[    0.800484] ata1.00: 209715200 sectors, multi 128: LBA 
[    0.801207] scsi 0:0:0:0: Direct-Access     ATA      VBOX HARDDISK    1.0  PQ: 0 ANSI: 5
[    0.801539] sd 0:0:0:0: [sda] 209715200 512-byte logical blocks: (107 GB/100 GiB)
[    0.801554] sd 0:0:0:0: [sda] Write Protect is off
[    0.801557] sd 0:0:0:0: [sda] Mode Sense: 00 3a 00 00
[    0.801578] sd 0:0:0:0: [sda] Write cache: enabled, read cache: enabled, doesn't support DPO or FUA
[    0.801852] sd 0:0:0:0: Attached scsi generic sg0 type 0
[    0.803026]  sda: sda1 sda2
[    0.815300] sd 0:0:0:0: [sda] Attached SCSI disk
[    0.818666] Freeing unused decrypted memory: 2040K
[    0.819647] Freeing unused kernel image memory: 2728K
[    0.819650] Write protecting the kernel read-only data: 22528k
[    0.820692] Freeing unused kernel image memory: 2036K
[    0.821264] Freeing unused kernel image memory: 1432K
[    0.838719] x86/mm: Checked W+X mappings: passed, no W+X pages found.
[    0.838723] Run /init as init process
[    0.939949] ACPI: Video Device [GFX0] (multi-head: yes  rom: no  post: no)
[    0.940022] input: Video Bus as /devices/LNXSYSTM:00/LNXSYBUS:00/PNP0A03:00/LNXVIDEO:00/input/input4
[    0.953304] pcnet32: pcnet32.c:v1.35 21.Apr.2008 tsbogend@alpha.franken.de
[    0.955028] piix4_smbus 0000:00:07.0: SMBus Host Controller at 0x4100, revision 0
[    0.957665] e1000: Intel(R) PRO/1000 Network Driver - version 7.3.21-k8-NAPI
[    0.957666] e1000: Copyright (c) 1999-2006 Intel Corporation.
[    0.973078] pcnet32: PCnet/FAST III 79C973 at 0xd020, 08:00:27:8c:ca:6d assigned IRQ 19
[    0.973122] pcnet32: Found PHY 0022:561b at address 0
[    0.973450] pcnet32: eth0: registered as PCnet/FAST III 79C973
[    0.973474] pcnet32: 1 cards_found
[    1.029923] pcnet32 0000:00:03.0 enp0s3: renamed from eth0
[    1.169084] input: ImExPS/2 Generic Explorer Mouse as /devices/platform/i8042/serio1/input/input5
[    1.367324] e1000 0000:00:08.0 eth0: (PCI:33MHz:32-bit) 08:00:27:ce:d6:23
[    1.367329] e1000 0000:00:08.0 eth0: Intel(R) PRO/1000 Network Connection
[    1.743359] e1000 0000:00:09.0 eth1: (PCI:33MHz:32-bit) 08:00:27:68:2a:21
[    1.743361] e1000 0000:00:09.0 eth1: Intel(R) PRO/1000 Network Connection
[    1.744497] e1000 0000:00:09.0 enp0s9: renamed from eth1
[    1.746262] e1000 0000:00:08.0 enp0s8: renamed from eth0
[    1.898937] EXT4-fs (sda2): mounted filesystem with ordered data mode. Opts: (null)
[    1.990555] systemd[1]: Inserted module 'autofs4'
[    2.001701] systemd[1]: systemd 245.4-4ubuntu3 running in system mode. (+PAM +AUDIT +SELINUX +IMA +APPARMOR +SMACK +SYSVINIT +UTMP +LIBCRYPTSETUP +GCRYPT +GNUTLS +ACL +XZ +LZ4 +SECCOMP +BLKID +ELFUTILS +KMOD +IDN2 -IDN +PCRE2 default-hierarchy=hybrid)
[    2.001732] systemd[1]: Detected virtualization oracle.
[    2.001735] systemd[1]: Detected architecture x86-64.
[    2.003021] systemd[1]: Set hostname to <ztg>.
[    2.127786] systemd[1]: /lib/systemd/system/dbus.socket:5: ListenStream= references a path below legacy directory /var/run/, updating /var/run/dbus/system_bus_socket â†’ /run/dbus/system_bus_socket; please update the unit file accordingly.
[    2.179871] systemd[1]: Created slice system-modprobe.slice.
[    2.180052] systemd[1]: Created slice User and Session Slice.
[    2.180111] systemd[1]: Started Forward Password Requests to Wall Directory Watch.
[    2.180267] systemd[1]: Set up automount Arbitrary Executable File Formats File System Automount Point.
[    2.180302] systemd[1]: Reached target User and Group Name Lookups.
[    2.180312] systemd[1]: Reached target Remote File Systems.
[    2.180321] systemd[1]: Reached target Slices.
[    2.180847] systemd[1]: Listening on Syslog Socket.
[    2.180915] systemd[1]: Listening on fsck to fsckd communication Socket.
[    2.180951] systemd[1]: Listening on initctl Compatibility Named Pipe.
[    2.181082] systemd[1]: Listening on Journal Audit Socket.
[    2.181135] systemd[1]: Listening on Journal Socket (/dev/log).
[    2.181201] systemd[1]: Listening on Journal Socket.
[    2.181262] systemd[1]: Listening on udev Control Socket.
[    2.181302] systemd[1]: Listening on udev Kernel Socket.
[    2.182010] systemd[1]: Mounting Huge Pages File System...
[    2.182914] systemd[1]: Mounting POSIX Message Queue File System...
[    2.183843] systemd[1]: Mounting Kernel Debug File System...
[    2.184707] systemd[1]: Mounting Kernel Trace File System...
[    2.186606] systemd[1]: Starting Journal Service...
[    2.209553] systemd[1]: Starting Set the console keyboard layout...
[    2.217282] systemd[1]: Starting Create list of static device nodes for the current kernel...
[    2.219055] systemd[1]: Starting Load Kernel Module drm...
[    2.220456] systemd[1]: Condition check resulted in Set Up Additional Binary Formats being skipped.
[    2.220505] systemd[1]: Condition check resulted in File System Check on Root Device being skipped.
[    2.231793] systemd[1]: Starting Load Kernel Modules...
[    2.238720] systemd[1]: Starting Remount Root and Kernel File Systems...
[    2.247522] systemd[1]: Starting udev Coldplug all Devices...
[    2.258437] systemd[1]: Starting Uncomplicated firewall...
[    2.279859] systemd[1]: Mounted Huge Pages File System.
[    2.279944] systemd[1]: Mounted POSIX Message Queue File System.
[    2.280015] systemd[1]: Mounted Kernel Debug File System.
[    2.280101] systemd[1]: Mounted Kernel Trace File System.
[    2.280434] EXT4-fs (sda2): re-mounted. Opts: errors=remount-ro
[    2.297823] systemd[1]: Finished Create list of static device nodes for the current kernel.
[    2.298798] systemd[1]: modprobe@drm.service: Succeeded.
[    2.300640] systemd[1]: Finished Load Kernel Module drm.
[    2.306783] systemd[1]: Finished Remount Root and Kernel File Systems.
[    2.308747] lp: driver loaded but no devices found
[    2.310184] systemd[1]: Finished Uncomplicated firewall.
[    2.322025] systemd[1]: Condition check resulted in Rebuild Hardware Database being skipped.
[    2.322064] systemd[1]: Condition check resulted in Platform Persistent Storage Archival being skipped.
[    2.322735] systemd[1]: Starting Load/Save Random Seed...
[    2.328149] systemd[1]: Starting Create System Users...
[    2.333546] ppdev: user-space parallel port driver
[    2.346358] systemd[1]: Finished Load/Save Random Seed.
[    2.348181] systemd[1]: Finished Create System Users.
[    2.351285] systemd[1]: Starting Create Static Device Nodes in /dev...
[    2.409494] systemd[1]: Finished udev Coldplug all Devices.
[    2.411414] systemd[1]: Finished Create Static Device Nodes in /dev.
[    2.412275] systemd[1]: Starting udev Kernel Device Manager...
[    2.420080] [drm] DMA map mode: Caching DMA mappings.
[    2.420145] [drm] Capabilities:
[    2.420145] [drm]   Rect copy.
[    2.420146] [drm]   Cursor.
[    2.420146] [drm]   Cursor bypass.
[    2.420146] [drm]   Cursor bypass 2.
[    2.420147] [drm]   Alpha cursor.
[    2.420147] [drm]   Extended Fifo.
[    2.420147] [drm]   Pitchlock.
[    2.420148] [drm]   Irq mask.
[    2.420148] [drm]   GMR.
[    2.420148] [drm]   Traces.
[    2.420149] [drm]   GMR2.
[    2.420149] [drm]   Screen Object 2.
[    2.420149] [drm]   Command Buffers.
[    2.420150] [drm]   Command Buffers 2.
[    2.420150] [drm]   Guest Backed Resources.
[    2.420151] [drm] Max GMR ids is 8192
[    2.420152] [drm] Max number of GMR pages is 1048576
[    2.420152] [drm] Max dedicated hypervisor surface memory is 393216 kiB
[    2.420153] [drm] Maximum display memory size is 131072 kiB
[    2.420153] [drm] VRAM at 0xe0000000 size is 131072 kiB
[    2.420154] [drm] MMIO at 0xf0000000 size is 2048 kiB
[    2.420285] [TTM] Zone  kernel: Available graphics memory: 1011738 KiB
[    2.420286] [TTM] Initializing pool allocator
[    2.420289] [TTM] Initializing DMA pool allocator
[    2.420317] [drm] Supports vblank timestamp caching Rev 2 (21.10.2013).
[    2.420318] [drm] No driver support for vblank timestamp query.
[    2.420537] [drm] Screen Target Display device initialized
[    2.420782] [drm] width 720
[    2.420794] [drm] height 400
[    2.420797] [drm] bpp 32
[    2.421325] [drm] Fifo max 0x00200000 min 0x00001000 cap 0x00000355
[    2.422375] [drm] Using command buffers with DMA pool.
[    2.422380] [drm] DX: no.
[    2.422380] [drm] Atomic: yes.
[    2.422381] [drm] SM4_1: no.
[    2.422403] [drm:vmw_host_log [vmwgfx]] *ERROR* Failed to send host log message.
[    2.423742] [drm:vmw_host_log [vmwgfx]] *ERROR* Failed to send host log message.
[    2.430690] fbcon: svgadrmfb (fb0) is primary device
[    2.440902] Console: switching to colour frame buffer device 100x37
[    2.451330] [drm] Initialized vmwgfx 2.15.0 20180704 for 0000:00:02.0 on minor 0
[    2.453245] systemd[1]: Finished Load Kernel Modules.
[    2.454140] systemd[1]: Mounting FUSE Control File System...
[    2.455327] systemd[1]: Mounting Kernel Configuration File System...
[    2.462852] systemd[1]: Starting Apply Kernel Variables...
[    2.486324] systemd[1]: Mounted FUSE Control File System.
[    2.486398] systemd[1]: Condition check resulted in VMware vmblock fuse mount being skipped.
[    2.491043] systemd[1]: Mounted Kernel Configuration File System.
[    2.508453] systemd[1]: Finished Apply Kernel Variables.
[    2.511610] systemd[1]: Finished Set the console keyboard layout.
[    2.511691] systemd[1]: Reached target Local File Systems (Pre).
[    2.516618] systemd[1]: Mounting Mount unit for bare, revision 5...
[    2.532500] systemd[1]: Mounting Mount unit for core18, revision 1705...
[    2.533712] systemd[1]: Mounting Mount unit for gnome-3-34-1804, revision 24...
[    2.535084] systemd[1]: Mounting Mount unit for gtk-common-themes, revision 1506...
[    2.539194] systemd[1]: Mounting Mount unit for gtk-common-themes, revision 1535...
[    2.547579] systemd[1]: Mounting Mount unit for snap-store, revision 433...
[    2.573636] systemd[1]: Mounting Mount unit for snapd, revision 7264...
[    2.576800] systemd[1]: Mounted Mount unit for bare, revision 5.
[    2.606188] systemd[1]: Mounted Mount unit for core18, revision 1705.
[    2.622951] systemd[1]: Started udev Kernel Device Manager.
[    2.623679] systemd[1]: Starting Show Plymouth Boot Screen...
[    2.629488] systemd[1]: Mounted Mount unit for gtk-common-themes, revision 1535.
[    2.630321] systemd[1]: Received SIGRTMIN+20 from PID 285 (plymouthd).
[    2.651092] systemd[1]: Started Show Plymouth Boot Screen.
[    2.651229] systemd[1]: Condition check resulted in Dispatch Password Requests to Console Directory Watch being skipped.
[    2.651321] systemd[1]: Started Forward Password Requests to Plymouth Directory Watch.
[    2.651351] systemd[1]: Reached target Local Encrypted Volumes.
[    2.672643] systemd[1]: Mounted Mount unit for gtk-common-themes, revision 1506.
[    2.703854] systemd[1]: Mounted Mount unit for gnome-3-34-1804, revision 24.
[    2.722632] systemd[1]: Mounted Mount unit for snap-store, revision 433.
[    2.722850] systemd[1]: Mounted Mount unit for snapd, revision 7264.
[    2.723003] systemd[1]: Reached target Local File Systems.
[    2.723802] systemd[1]: Starting Load AppArmor profiles...
[    2.726721] systemd[1]: Starting Set console font and keymap...
[    2.738200] systemd[1]: Starting Tell Plymouth To Write Out Runtime Data...
[    2.740512] systemd[1]: Condition check resulted in Store a System Token in an EFI Variable being skipped.
[    2.740562] systemd[1]: Condition check resulted in Commit a transient machine-id on disk being skipped.
[    2.744133] systemd[1]: Finished Set console font and keymap.
[    2.766258] systemd[1]: Received SIGRTMIN+20 from PID 285 (plymouthd).
[    2.767742] systemd[1]: plymouth-read-write.service: Succeeded.
[    2.767967] systemd[1]: Finished Tell Plymouth To Write Out Runtime Data.
[    2.785692] audit: type=1400 audit(1768148745.640:2): apparmor="STATUS" operation="profile_load" profile="unconfined" name="nvidia_modprobe" pid=299 comm="apparmor_parser"
[    2.785694] audit: type=1400 audit(1768148745.640:3): apparmor="STATUS" operation="profile_load" profile="unconfined" name="nvidia_modprobe//kmod" pid=299 comm="apparmor_parser"
[    2.792311] audit: type=1400 audit(1768148745.648:4): apparmor="STATUS" operation="profile_load" profile="unconfined" name="/usr/sbin/tcpdump" pid=300 comm="apparmor_parser"
[    2.836142] audit: type=1400 audit(1768148745.684:5): apparmor="STATUS" operation="profile_load" profile="unconfined" name="/usr/bin/evince" pid=302 comm="apparmor_parser"
[    2.836145] audit: type=1400 audit(1768148745.684:6): apparmor="STATUS" operation="profile_load" profile="unconfined" name="/usr/bin/evince//sanitized_helper" pid=302 comm="apparmor_parser"
[    2.836146] audit: type=1400 audit(1768148745.684:7): apparmor="STATUS" operation="profile_load" profile="unconfined" name="/usr/bin/evince-previewer" pid=302 comm="apparmor_parser"
[    2.836149] audit: type=1400 audit(1768148745.684:8): apparmor="STATUS" operation="profile_load" profile="unconfined" name="/usr/bin/evince-previewer//sanitized_helper" pid=302 comm="apparmor_parser"
[    2.836150] audit: type=1400 audit(1768148745.684:9): apparmor="STATUS" operation="profile_load" profile="unconfined" name="/usr/bin/evince-thumbnailer" pid=302 comm="apparmor_parser"
[    2.851657] audit: type=1400 audit(1768148745.704:10): apparmor="STATUS" operation="profile_load" profile="unconfined" name="/usr/lib/cups/backend/cups-pdf" pid=303 comm="apparmor_parser"
[    2.926757] systemd[1]: Finished Load AppArmor profiles.
[    2.927719] systemd[1]: Starting Load AppArmor profiles managed internally by snapd...
[    2.994845] systemd[1]: Finished Load AppArmor profiles managed internally by snapd.
[    3.165823] systemd[1]: Started Journal Service.
[    3.172419] systemd-journald[229]: Received client request to flush runtime journal.
[    3.177419] systemd-journald[229]: File /var/log/journal/c455b248004a419c87ce85eea238d727/system.journal corrupted or uncleanly shut down, renaming and replacing.
[    4.410919] RAPL PMU: API unit is 2^-32 Joules, 0 fixed counters, 10737418240 ms ovfl timer
[    4.450346] cryptd: max_cpu_qlen set to 1000
[    4.524296] AVX2 version of gcm_enc/dec engaged.
[    4.524297] AES CTR mode by8 optimization enabled
[    5.312198] Adding 1998844k swap on /dev/sda1.  Priority:-2 extents:1 across:1998844k FS
[    6.092875] kauditd_printk_skb: 30 callbacks suppressed
[    6.092876] audit: type=1400 audit(1768148748.948:41): apparmor="DENIED" operation="capable" profile="/usr/sbin/cups-browsed" pid=495 comm="cups-browsed" capability=23  capname="sys_nice"
[    7.389786] pcnet32 0000:00:03.0 enp0s3: link up, 100Mbps, full-duplex
[    7.425343] e1000: enp0s8 NIC Link is Up 1000 Mbps Full Duplex, Flow Control: RX
[    7.425632] IPv6: ADDRCONF(NETDEV_CHANGE): enp0s8: link becomes ready
[    7.438505] e1000: enp0s9 NIC Link is Up 1000 Mbps Full Duplex, Flow Control: RX
[    7.438798] IPv6: ADDRCONF(NETDEV_CHANGE): enp0s9: link becomes ready
[    7.969074] device enp0s3 entered promiscuous mode
[    7.989665] audit: type=1400 audit(1768148750.844:42): apparmor="DENIED" operation="open" profile="/usr/sbin/tcpdump" name="/proc/sys/kernel/random/boot_id" pid=665 comm="tcpdump" requested_mask="r" denied_mask="r" fsuid=0 ouid=0
[    7.990004] audit: type=1400 audit(1768148750.844:43): apparmor="DENIED" operation="open" profile="/usr/sbin/tcpdump" name="/proc/sys/kernel/random/boot_id" pid=665 comm="tcpdump" requested_mask="r" denied_mask="r" fsuid=0 ouid=0
[    7.990053] audit: type=1400 audit(1768148750.844:44): apparmor="DENIED" operation="open" profile="/usr/sbin/tcpdump" name="/proc/sys/kernel/random/boot_id" pid=665 comm="tcpdump" requested_mask="r" denied_mask="r" fsuid=0 ouid=0
[    7.990073] audit: type=1400 audit(1768148750.844:45): apparmor="DENIED" operation="open" profile="/usr/sbin/tcpdump" name="/proc/sys/kernel/random/boot_id" pid=665 comm="tcpdump" requested_mask="r" denied_mask="r" fsuid=0 ouid=0
[    7.992176] audit: type=1400 audit(1768148750.844:46): apparmor="DENIED" operation="open" profile="/usr/sbin/tcpdump" name="/proc/sys/kernel/random/boot_id" pid=666 comm="tcpdump" requested_mask="r" denied_mask="r" fsuid=0 ouid=0
[    7.993754] audit: type=1400 audit(1768148750.844:47): apparmor="DENIED" operation="open" profile="/usr/sbin/tcpdump" name="/proc/sys/kernel/random/boot_id" pid=666 comm="tcpdump" requested_mask="r" denied_mask="r" fsuid=0 ouid=0
[    7.993792] audit: type=1400 audit(1768148750.844:48): apparmor="DENIED" operation="open" profile="/usr/sbin/tcpdump" name="/proc/sys/kernel/random/boot_id" pid=666 comm="tcpdump" requested_mask="r" denied_mask="r" fsuid=0 ouid=0
[    7.993903] audit: type=1400 audit(1768148750.844:49): apparmor="DENIED" operation="open" profile="/usr/sbin/tcpdump" name="/proc/sys/kernel/random/boot_id" pid=666 comm="tcpdump" requested_mask="r" denied_mask="r" fsuid=0 ouid=0
[   12.416054] rfkill: input handler disabled
[  238.683966] AAAAA-TCP_FORW: name:enp0s3: saddr:100932208: daddr:16783984
[  239.256068] AAAAA-TCP_FORW: name:enp0s3: saddr:100932208: daddr:16783984
[  239.313895] AAAAA-TCP_FORW: name:enp0s3: saddr:100932208: daddr:16783984
[  239.559229] AAAAA-TCP_FORW: name:enp0s3: saddr:100932208: daddr:33561200
[  239.613136] AAAAA-TCP_FORW: name:enp0s3: saddr:100932208: daddr:16783984
[  239.654460] AAAAA-TCP_FORW: name:enp0s3: saddr:100932208: daddr:16783984
[  239.877176] AAAAA-TCP_FORW: name:enp0s3: saddr:100932208: daddr:33561200
[  240.010680] AAAAA-TCP_FORW: name:enp0s3: saddr:100932208: daddr:16783984
[  240.557153] AAAAA-TCP_FORW: name:enp0s3: saddr:100932208: daddr:33561200
[  240.593290] AAAAA-TCP_FORW: name:enp0s3: saddr:100932208: daddr:16783984
[  240.752683] AAAAA-TCP_FORW: name:enp0s3: saddr:100932208: daddr:16783984
[  240.796985] AAAAA-TCP_FORW: name:enp0s3: saddr:100932208: daddr:16783984
[  240.950531] AAAAA-TCP_FORW: name:enp0s3: saddr:100932208: daddr:33561200
[  241.006432] AAAAA-TCP_FORW: name:enp0s3: saddr:100932208: daddr:16783984
[  241.172071] AAAAA-TCP_FORW: name:enp0s3: saddr:100932208: daddr:33561200
[  241.233806] AAAAA-TCP_FORW: name:enp0s3: saddr:100932208: daddr:16783984
[  241.283466] AAAAA-TCP_FORW: name:enp0s3: saddr:100932208: daddr:16783984
[  241.325196] AAAAA-TCP_FORW: name:enp0s3: saddr:100932208: daddr:16783984
[  241.384768] AAAAA-TCP_FORW: name:enp0s3: saddr:100932208: daddr:16783984
[  241.449741] AAAAA-TCP_FORW: name:enp0s3: saddr:100932208: daddr:16783984
[  241.490902] AAAAA-TCP_FORW: name:enp0s3: saddr:100932208: daddr:16783984
[  241.554906] AAAAA-TCP_FORW: name:enp0s3: saddr:100932208: daddr:16783984
[  241.585291] AAAAA-TCP_FORW: name:enp0s3: saddr:100932208: daddr:16783984
[  241.632929] AAAAA-TCP_FORW: name:enp0s3: saddr:100932208: daddr:16783984
[  241.713434] AAAAA-TCP_FORW: name:enp0s3: saddr:100932208: daddr:16783984
[  241.766769] AAAAA-TCP_FORW: name:enp0s3: saddr:100932208: daddr:16783984
[  241.786201] AAAAA-TCP_FORW: name:enp0s3: saddr:100932208: daddr:33561200
[  241.834335] AAAAA-TCP_FORW: name:enp0s3: saddr:100932208: daddr:33561200
[  241.887341] AAAAA-TCP_FORW: name:enp0s3: saddr:100932208: daddr:33561200
[  241.974823] AAAAA-TCP_FORW: name:enp0s3: saddr:100932208: daddr:33561200
[  242.040123] AAAAA-TCP_FORW: name:enp0s3: saddr:100932208: daddr:33561200
[  242.100217] AAAAA-TCP_FORW: name:enp0s3: saddr:100932208: daddr:33561200
[  242.160978] AAAAA-TCP_FORW: name:enp0s3: saddr:100932208: daddr:33561200
[  242.239479] AAAAA-TCP_FORW: name:enp0s3: saddr:100932208: daddr:33561200
[  242.312086] AAAAA-TCP_FORW: name:enp0s3: saddr:100932208: daddr:33561200
[  242.369166] AAAAA-TCP_FORW: name:enp0s3: saddr:100932208: daddr:33561200
[  242.482405] AAAAA-TCP_FORW: name:enp0s3: saddr:100932208: daddr:16783984
[  242.601150] AAAAA-TCP_FORW: name:enp0s3: saddr:100932208: daddr:16783984
[  242.668143] AAAAA-TCP_FORW: name:enp0s3: saddr:100932208: daddr:16783984
[  242.780704] AAAAA-TCP_FORW: name:enp0s3: saddr:100932208: daddr:16783984
[  242.927453] AAAAA-TCP_FORW: name:enp0s3: saddr:100932208: daddr:16783984
[  242.993617] AAAAA-TCP_FORW: name:enp0s3: saddr:100932208: daddr:33561200
[  243.077861] AAAAA-TCP_FORW: name:enp0s3: saddr:100932208: daddr:16783984
[  243.202865] AAAAA-TCP_FORW: name:enp0s3: saddr:100932208: daddr:16783984
[  243.235358] AAAAA-TCP_FORW: name:enp0s3: saddr:100932208: daddr:16783984
[  243.271126] AAAAA-TCP_FORW: name:enp0s3: saddr:100932208: daddr:16783984
[  243.365800] AAAAA-TCP_FORW: name:enp0s3: saddr:100932208: daddr:16783984
[  243.435641] AAAAA-TCP_FORW: name:enp0s3: saddr:100932208: daddr:16783984
[  243.511303] AAAAA-TCP_FORW: name:enp0s3: saddr:100932208: daddr:16783984
[  243.631843] AAAAA-TCP_FORW: name:enp0s3: saddr:100932208: daddr:16783984
[  243.709212] AAAAA-TCP_FORW: name:enp0s3: saddr:100932208: daddr:33561200
[  243.741335] AAAAA-TCP_FORW: name:enp0s3: saddr:100932208: daddr:16783984
[  243.832095] AAAAA-TCP_FORW: name:enp0s3: saddr:100932208: daddr:16783984
[  243.938850] AAAAA-TCP_FORW: name:enp0s3: saddr:100932208: daddr:16783984
[  243.998542] AAAAA-TCP_FORW: name:enp0s3: saddr:100932208: daddr:16783984
[  244.069322] AAAAA-TCP_FORW: name:enp0s3: saddr:100932208: daddr:16783984
[  244.115957] AAAAA-TCP_FORW: name:enp0s3: saddr:100932208: daddr:16783984
[  244.179950] AAAAA-TCP_FORW: name:enp0s3: saddr:100932208: daddr:16783984
[  244.225953] AAAAA-TCP_FORW: name:enp0s3: saddr:100932208: daddr:16783984
[  244.366785] AAAAA-TCP_FORW: name:enp0s3: saddr:100932208: daddr:33561200
[  244.464269] AAAAA-TCP_FORW: name:enp0s3: saddr:100932208: daddr:33561200
[  244.537343] AAAAA-TCP_FORW: name:enp0s3: saddr:100932208: daddr:33561200
[  244.591895] AAAAA-TCP_FORW: name:enp0s3: saddr:100932208: daddr:33561200
[  244.818174] AAAAA-TCP_FORW: name:enp0s3: saddr:100932208: daddr:33561200
[  244.875210] AAAAA-TCP_FORW: name:enp0s3: saddr:100932208: daddr:33561200
[  244.935591] AAAAA-TCP_FORW: name:enp0s3: saddr:100932208: daddr:33561200
[  245.006695] AAAAA-TCP_FORW: name:enp0s3: saddr:100932208: daddr:33561200
[  245.090009] AAAAA-TCP_FORW: name:enp0s3: saddr:100932208: daddr:33561200
[  245.150255] AAAAA-TCP_FORW: name:enp0s3: saddr:100932208: daddr:16783984
[  245.249235] AAAAA-TCP_FORW: name:enp0s3: saddr:100932208: daddr:16783984
[  245.299714] AAAAA-TCP_FORW: name:enp0s3: saddr:100932208: daddr:33561200
[  245.392734] AAAAA-TCP_FORW: name:enp0s3: saddr:100932208: daddr:33561200
[  245.477331] AAAAA-TCP_FORW: name:enp0s3: saddr:100932208: daddr:33561200
[  245.576193] AAAAA-TCP_FORW: name:enp0s3: saddr:100932208: daddr:16783984
[  245.631050] AAAAA-TCP_FORW: name:enp0s3: saddr:100932208: daddr:16783984
[  245.663891] AAAAA-TCP_FORW: name:enp0s3: saddr:100932208: daddr:16783984
[  245.720863] AAAAA-TCP_FORW: name:enp0s3: saddr:100932208: daddr:16783984
[  245.766101] AAAAA-TCP_FORW: name:enp0s3: saddr:100932208: daddr:33561200
[  245.782515] AAAAA-TCP_FORW: name:enp0s3: saddr:100932208: daddr:33561200
[  245.870502] AAAAA-TCP_FORW: name:enp0s3: saddr:100932208: daddr:16783984
[  245.925729] AAAAA-TCP_FORW: name:enp0s3: saddr:100932208: daddr:16783984
[  246.018866] AAAAA-TCP_FORW: name:enp0s3: saddr:100932208: daddr:33561200
[  246.114131] AAAAA-TCP_FORW: name:enp0s3: saddr:100932208: daddr:33561200
[  246.201876] AAAAA-TCP_FORW: name:enp0s3: saddr:100932208: daddr:33561200
[  246.286701] AAAAA-TCP_FORW: name:enp0s3: saddr:100932208: daddr:33561200
[  246.328412] AAAAA-TCP_FORW: name:enp0s3: saddr:100932208: daddr:16783984
[  246.414769] AAAAA-TCP_FORW: name:enp0s3: saddr:100932208: daddr:33561200
[  246.480317] AAAAA-TCP_FORW: name:enp0s3: saddr:100932208: daddr:33561200
[  246.667150] AAAAA-TCP_FORW: name:enp0s3: saddr:100932208: daddr:16783984
[  246.780126] AAAAA-TCP_FORW: name:enp0s3: saddr:100932208: daddr:16783984
[  246.827085] AAAAA-TCP_FORW: name:enp0s3: saddr:100932208: daddr:16783984
[  246.926110] AAAAA-TCP_FORW: name:enp0s3: saddr:100932208: daddr:16783984
[  247.058424] AAAAA-TCP_FORW: name:enp0s3: saddr:100932208: daddr:16783984
[  247.060745] AAAAA-TCP_FORW: name:enp0s3: saddr:100932208: daddr:16783984
[  247.124729] AAAAA-TCP_FORW: name:enp0s3: saddr:100932208: daddr:16783984
[  249.132157] AAAAA-TCP_FORW: name:enp0s3: saddr:16783984: daddr:100932208
[  249.214312] AAAAA-TCP_FORW: name:enp0s3: saddr:16783984: daddr:100932208
[  249.260763] AAAAA-TCP_FORW: name:enp0s3: saddr:33561200: daddr:100932208
[  249.329309] AAAAA-TCP_FORW: name:enp0s3: saddr:33561200: daddr:100932208
[  249.379030] AAAAA-TCP_FORW: name:enp0s3: saddr:33561200: daddr:100932208
[  249.450561] AAAAA-TCP_FORW: name:enp0s3: saddr:16783984: daddr:100932208
[  249.516312] AAAAA-TCP_FORW: name:enp0s3: saddr:16783984: daddr:100932208
[  249.565000] AAAAA-TCP_FORW: name:enp0s3: saddr:16783984: daddr:100932208
[  249.598906] AAAAA-TCP_FORW: name:enp0s3: saddr:16783984: daddr:100932208
[  249.695629] AAAAA-TCP_FORW: name:enp0s3: saddr:33561200: daddr:100932208
[  249.715966] AAAAA-TCP_FORW: name:enp0s3: saddr:33561200: daddr:100932208
[  249.757066] AAAAA-TCP_FORW: name:enp0s3: saddr:16783984: daddr:100932208
[  249.775608] AAAAA-TCP_FORW: name:enp0s3: saddr:16783984: daddr:100932208
[  249.804270] AAAAA-TCP_FORW: name:enp0s3: saddr:33561200: daddr:100932208
[  249.851110] AAAAA-TCP_FORW: name:enp0s3: saddr:33561200: daddr:100932208
[  249.936461] AAAAA-TCP_FORW: name:enp0s3: saddr:33561200: daddr:100932208
[  249.983360] AAAAA-TCP_FORW: name:enp0s3: saddr:33561200: daddr:100932208
[  250.025602] AAAAA-TCP_FORW: name:enp0s3: saddr:16783984: daddr:100932208
[  250.060893] AAAAA-TCP_FORW: name:enp0s3: saddr:33561200: daddr:100932208
[  250.147190] AAAAA-TCP_FORW: name:enp0s3: saddr:33561200: daddr:100932208
[  250.267749] AAAAA-TCP_FORW: name:enp0s3: saddr:16783984: daddr:100932208
[  250.392432] AAAAA-TCP_FORW: name:enp0s3: saddr:16783984: daddr:100932208
[  250.484517] AAAAA-TCP_FORW: name:enp0s3: saddr:16783984: daddr:100932208
[  250.561988] AAAAA-TCP_FORW: name:enp0s3: saddr:16783984: daddr:100932208
[  250.623021] AAAAA-TCP_FORW: name:enp0s3: saddr:16783984: daddr:100932208
[  250.649367] AAAAA-TCP_FORW: name:enp0s3: saddr:16783984: daddr:100932208
[  250.705242] AAAAA-TCP_FORW: name:enp0s3: saddr:16783984: daddr:100932208
[  264.401632] AAAAA-TCP_FORW: name:enp0s3: saddr:100932208: daddr:16783984
[  264.554953] AAAAA-TCP_FORW: name:enp0s3: saddr:100932208: daddr:16783984
[  264.586547] AAAAA-TCP_FORW: name:enp0s3: saddr:100932208: daddr:16783984
[  264.666680] AAAAA-TCP_FORW: name:enp0s3: saddr:100932208: daddr:16783984
[  264.758595] AAAAA-TCP_FORW: name:enp0s3: saddr:100932208: daddr:16783984
[  264.862345] AAAAA-TCP_FORW: name:enp0s3: saddr:100932208: daddr:16783984
[  264.994307] AAAAA-TCP_FORW: name:enp0s3: saddr:100932208: daddr:16783984
[  265.093450] AAAAA-TCP_FORW: name:enp0s3: saddr:100932208: daddr:16783984
[  265.121211] AAAAA-TCP_FORW: name:enp0s3: saddr:100932208: daddr:16783984
[  265.240225] AAAAA-TCP_FORW: name:enp0s3: saddr:100932208: daddr:16783984
[  265.306493] AAAAA-TCP_FORW: name:enp0s3: saddr:100932208: daddr:16783984
[  265.435084] AAAAA-TCP_FORW: name:enp0s3: saddr:100932208: daddr:16783984
[  265.571740] AAAAA-TCP_FORW: name:enp0s3: saddr:100932208: daddr:16783984
[  265.649440] AAAAA-TCP_FORW: name:enp0s3: saddr:100932208: daddr:16783984
[  265.691734] AAAAA-TCP_FORW: name:enp0s3: saddr:100932208: daddr:16783984
[  265.804739] AAAAA-TCP_FORW: name:enp0s3: saddr:100932208: daddr:16783984
[  265.869833] AAAAA-TCP_FORW: name:enp0s3: saddr:100932208: daddr:16783984
[  265.961109] AAAAA-TCP_FORW: name:enp0s3: saddr:100932208: daddr:16783984
[  266.014907] AAAAA-TCP_FORW: name:enp0s3: saddr:100932208: daddr:16783984
[  266.037401] AAAAA-TCP_FORW: name:enp0s3: saddr:100932208: daddr:16783984
[  266.116230] AAAAA-TCP_FORW: name:enp0s3: saddr:100932208: daddr:16783984
[  266.176597] AAAAA-TCP_FORW: name:enp0s3: saddr:100932208: daddr:33561200
[  266.238304] AAAAA-TCP_FORW: name:enp0s3: saddr:100932208: daddr:33561200
[  266.328833] AAAAA-TCP_FORW: name:enp0s3: saddr:100932208: daddr:33561200
[  266.386775] AAAAA-TCP_FORW: name:enp0s3: saddr:100932208: daddr:33561200
[  266.499635] AAAAA-TCP_FORW: name:enp0s3: saddr:100932208: daddr:33561200
[  266.564445] AAAAA-TCP_FORW: name:enp0s3: saddr:100932208: daddr:33561200
[  266.659287] AAAAA-TCP_FORW: name:enp0s3: saddr:100932208: daddr:33561200
[  266.754167] AAAAA-TCP_FORW: name:enp0s3: saddr:100932208: daddr:33561200
[  266.768814] AAAAA-TCP_FORW: name:enp0s3: saddr:100932208: daddr:33561200
[  266.855222] AAAAA-TCP_FORW: name:enp0s3: saddr:100932208: daddr:33561200
[  266.941145] AAAAA-TCP_FORW: name:enp0s3: saddr:100932208: daddr:33561200
[  267.010541] AAAAA-TCP_FORW: name:enp0s3: saddr:100932208: daddr:33561200
[  267.093726] AAAAA-TCP_FORW: name:enp0s3: saddr:100932208: daddr:33561200
[  267.864505] AAAAA-TCP_FORW: name:enp0s3: saddr:33561200: daddr:100932208
[  268.066338] AAAAA-TCP_FORW: name:enp0s3: saddr:33561200: daddr:100932208
[  268.220959] AAAAA-TCP_FORW: name:enp0s3: saddr:33561200: daddr:100932208
[  268.371507] AAAAA-TCP_FORW: name:enp0s3: saddr:33561200: daddr:100932208
[  268.489250] AAAAA-TCP_FORW: name:enp0s3: saddr:33561200: daddr:100932208
[  268.806904] AAAAA-TCP_FORW: name:enp0s3: saddr:33561200: daddr:100932208
[  268.912495] AAAAA-TCP_FORW: name:enp0s3: saddr:33561200: daddr:100932208
[  268.936749] AAAAA-TCP_FORW: name:enp0s3: saddr:100932208: daddr:16783984
[  269.018122] AAAAA-TCP_FORW: name:enp0s3: saddr:100932208: daddr:16783984
[  269.065838] AAAAA-TCP_FORW: name:enp0s3: saddr:33561200: daddr:100932208
[  269.096572] AAAAA-TCP_FORW: name:enp0s3: saddr:100932208: daddr:16783984
[  269.163919] AAAAA-TCP_FORW: name:enp0s3: saddr:33561200: daddr:100932208
[  269.275083] AAAAA-TCP_FORW: name:enp0s3: saddr:100932208: daddr:16783984
[  269.376408] AAAAA-TCP_FORW: name:enp0s3: saddr:100932208: daddr:16783984
[  269.486680] AAAAA-TCP_FORW: name:enp0s3: saddr:100932208: daddr:16783984
[  269.593625] AAAAA-TCP_FORW: name:enp0s3: saddr:100932208: daddr:16783984
[  269.664711] AAAAA-TCP_FORW: name:enp0s3: saddr:100932208: daddr:16783984
[  269.861882] AAAAA-TCP_FORW: name:enp0s3: saddr:100932208: daddr:16783984
[  269.930799] AAAAA-TCP_FORW: name:enp0s3: saddr:16783984: daddr:100932208
[  270.135083] AAAAA-TCP_FORW: name:enp0s3: saddr:100932208: daddr:16783984
[  270.172725] AAAAA-TCP_FORW: name:enp0s3: saddr:100932208: daddr:16783984
[  270.217433] AAAAA-TCP_FORW: name:enp0s3: saddr:16783984: daddr:100932208
[  270.412201] AAAAA-TCP_FORW: name:enp0s3: saddr:16783984: daddr:100932208
[  270.687074] AAAAA-TCP_FORW: name:enp0s3: saddr:16783984: daddr:100932208
[  270.750665] AAAAA-TCP_FORW: name:enp0s3: saddr:100932208: daddr:16783984
[  270.822033] AAAAA-TCP_FORW: name:enp0s3: saddr:16783984: daddr:100932208
[  271.054330] AAAAA-TCP_FORW: name:enp0s3: saddr:16783984: daddr:100932208
[  271.065853] AAAAA-TCP_FORW: name:enp0s3: saddr:100932208: daddr:33561200
[  271.111245] AAAAA-TCP_FORW: name:enp0s3: saddr:100932208: daddr:33561200
[  271.155453] AAAAA-TCP_FORW: name:enp0s3: saddr:100932208: daddr:33561200
[  271.196324] AAAAA-TCP_FORW: name:enp0s3: saddr:16783984: daddr:100932208
[  271.210529] AAAAA-TCP_FORW: name:enp0s3: saddr:100932208: daddr:33561200
[  271.316504] AAAAA-TCP_FORW: name:enp0s3: saddr:100932208: daddr:33561200
[  271.371506] AAAAA-TCP_FORW: name:enp0s3: saddr:100932208: daddr:33561200
[  271.400078] AAAAA-TCP_FORW: name:enp0s3: saddr:16783984: daddr:100932208
[  271.495695] AAAAA-TCP_FORW: name:enp0s3: saddr:100932208: daddr:33561200
[  271.576208] AAAAA-TCP_FORW: name:enp0s3: saddr:100932208: daddr:33561200
[  271.631623] AAAAA-TCP_FORW: name:enp0s3: saddr:100932208: daddr:33561200
[  271.644680] AAAAA-TCP_FORW: name:enp0s3: saddr:16783984: daddr:100932208
[  271.693951] AAAAA-TCP_FORW: name:enp0s3: saddr:100932208: daddr:33561200
[  271.741530] AAAAA-TCP_FORW: name:enp0s3: saddr:100932208: daddr:16783984
[  271.811307] AAAAA-TCP_FORW: name:enp0s3: saddr:100932208: daddr:16783984
[  271.935818] AAAAA-TCP_FORW: name:enp0s3: saddr:100932208: daddr:33561200
[  271.990871] AAAAA-TCP_FORW: name:enp0s3: saddr:100932208: daddr:33561200
[  272.148242] AAAAA-TCP_FORW: name:enp0s3: saddr:100932208: daddr:33561200
[  272.153746] AAAAA-TCP_FORW: name:enp0s3: saddr:100932208: daddr:16783984
[  272.254254] AAAAA-TCP_FORW: name:enp0s3: saddr:100932208: daddr:16783984
[  272.358780] AAAAA-TCP_FORW: name:enp0s3: saddr:100932208: daddr:33561200
[  272.379521] AAAAA-TCP_FORW: name:enp0s3: saddr:100932208: daddr:33561200
[  272.392661] AAAAA-TCP_FORW: name:enp0s3: saddr:16783984: daddr:100932208
[  272.457937] AAAAA-TCP_FORW: name:enp0s3: saddr:16783984: daddr:100932208
[  272.507061] AAAAA-TCP_FORW: name:enp0s3: saddr:100932208: daddr:16783984
[  272.592314] AAAAA-TCP_FORW: name:enp0s3: saddr:100932208: daddr:16783984
[  272.603771] AAAAA-TCP_FORW: name:enp0s3: saddr:100932208: daddr:16783984
[  272.796217] AAAAA-TCP_FORW: name:enp0s3: saddr:100932208: daddr:33561200
[  272.882396] AAAAA-TCP_FORW: name:enp0s3: saddr:100932208: daddr:16783984
[  272.930988] AAAAA-TCP_FORW: name:enp0s3: saddr:16783984: daddr:100932208
[  272.962071] AAAAA-TCP_FORW: name:enp0s3: saddr:100932208: daddr:16783984
[  273.255744] AAAAA-TCP_FORW: name:enp0s3: saddr:33561200: daddr:100932208
[  273.561888] AAAAA-TCP_FORW: name:enp0s3: saddr:100932208: daddr:33561200
[  273.594003] AAAAA-TCP_FORW: name:enp0s3: saddr:33561200: daddr:100932208
[  273.679549] AAAAA-TCP_FORW: name:enp0s3: saddr:33561200: daddr:100932208
[  273.910399] AAAAA-TCP_FORW: name:enp0s3: saddr:33561200: daddr:100932208
[  273.987581] AAAAA-TCP_FORW: name:enp0s3: saddr:100932208: daddr:33561200
[  274.006684] AAAAA-TCP_FORW: name:enp0s3: saddr:33561200: daddr:100932208
[  274.177926] AAAAA-TCP_FORW: name:enp0s3: saddr:33561200: daddr:100932208
[  274.394189] AAAAA-TCP_FORW: name:enp0s3: saddr:33561200: daddr:100932208
[  274.506993] AAAAA-TCP_FORW: name:enp0s3: saddr:33561200: daddr:100932208
[  274.639363] AAAAA-TCP_FORW: name:enp0s3: saddr:33561200: daddr:100932208
[  274.757624] AAAAA-TCP_FORW: name:enp0s3: saddr:33561200: daddr:100932208
[  274.911789] AAAAA-TCP_FORW: name:enp0s3: saddr:16783984: daddr:100932208
[  275.134683] AAAAA-TCP_FORW: name:enp0s3: saddr:33561200: daddr:100932208
[  275.258638] AAAAA-TCP_FORW: name:enp0s3: saddr:33561200: daddr:100932208
[  275.324698] AAAAA-TCP_FORW: name:enp0s3: saddr:33561200: daddr:100932208
[  275.546105] AAAAA-TCP_FORW: name:enp0s3: saddr:33561200: daddr:100932208
[  275.586919] AAAAA-TCP_FORW: name:enp0s3: saddr:33561200: daddr:100932208
[  275.785530] AAAAA-TCP_FORW: name:enp0s3: saddr:16783984: daddr:100932208
[  275.971157] AAAAA-TCP_FORW: name:enp0s3: saddr:16783984: daddr:100932208
[  276.042453] AAAAA-TCP_FORW: name:enp0s3: saddr:16783984: daddr:100932208
[  276.189928] AAAAA-TCP_FORW: name:enp0s3: saddr:33561200: daddr:100932208
[  276.411505] AAAAA-TCP_FORW: name:enp0s3: saddr:16783984: daddr:100932208
[  276.613527] AAAAA-TCP_FORW: name:enp0s3: saddr:16783984: daddr:100932208
[  276.840978] AAAAA-TCP_FORW: name:enp0s3: saddr:100932208: daddr:33561200
[  277.158727] AAAAA-TCP_FORW: name:enp0s3: saddr:100932208: daddr:33561200
[  277.255187] AAAAA-TCP_FORW: name:enp0s3: saddr:100932208: daddr:33561200
[  277.435428] AAAAA-TCP_FORW: name:enp0s3: saddr:100932208: daddr:33561200
[  277.633500] AAAAA-TCP_FORW: name:enp0s3: saddr:100932208: daddr:33561200
[  277.721346] AAAAA-TCP_FORW: name:enp0s3: saddr:100932208: daddr:33561200
[  277.944248] AAAAA-TCP_FORW: name:enp0s3: saddr:100932208: daddr:33561200
[  278.486774] AAAAA-TCP_FORW: name:enp0s3: saddr:100932208: daddr:33561200
[  278.546908] AAAAA-TCP_FORW: name:enp0s3: saddr:100932208: daddr:33561200
[  278.588618] AAAAA-TCP_FORW: name:enp0s3: saddr:100932208: daddr:16783984
[  278.680050] AAAAA-TCP_FORW: name:enp0s3: saddr:100932208: daddr:33561200
[  278.815831] AAAAA-TCP_FORW: name:enp0s3: saddr:100932208: daddr:33561200
[  278.893113] AAAAA-TCP_FORW: name:enp0s3: saddr:100932208: daddr:16783984
[  279.180541] AAAAA-TCP_FORW: name:enp0s3: saddr:100932208: daddr:16783984
[  279.314129] AAAAA-TCP_FORW: name:enp0s3: saddr:33561200: daddr:100932208
[  279.370963] AAAAA-TCP_FORW: name:enp0s3: saddr:100932208: daddr:16783984
[  279.420345] AAAAA-TCP_FORW: name:enp0s3: saddr:100932208: daddr:33561200
[  279.482642] AAAAA-TCP_FORW: name:enp0s3: saddr:100932208: daddr:16783984
[  279.697515] AAAAA-TCP_FORW: name:enp0s3: saddr:33561200: daddr:100932208
[  279.810198] AAAAA-TCP_FORW: name:enp0s3: saddr:33561200: daddr:100932208
[  280.273669] AAAAA-TCP_FORW: name:enp0s3: saddr:33561200: daddr:100932208
[  280.495389] AAAAA-TCP_FORW: name:enp0s3: saddr:33561200: daddr:100932208
[  281.161041] AAAAA-TCP_FORW: name:enp0s3: saddr:33561200: daddr:100932208
[  281.380998] AAAAA-TCP_FORW: name:enp0s3: saddr:33561200: daddr:100932208
[  281.503026] AAAAA-TCP_FORW: name:enp0s3: saddr:33561200: daddr:100932208
[  281.730083] AAAAA-TCP_FORW: name:enp0s3: saddr:16783984: daddr:100932208
[  281.931000] AAAAA-TCP_FORW: name:enp0s3: saddr:33561200: daddr:100932208
[  281.969271] AAAAA-TCP_FORW: name:enp0s3: saddr:33561200: daddr:100932208
[  282.082140] AAAAA-TCP_FORW: name:enp0s3: saddr:16783984: daddr:100932208
[  282.226787] AAAAA-TCP_FORW: name:enp0s3: saddr:16783984: daddr:100932208
[  282.363795] AAAAA-TCP_FORW: name:enp0s3: saddr:16783984: daddr:100932208
[  282.435664] AAAAA-TCP_FORW: name:enp0s3: saddr:33561200: daddr:100932208
[  282.480029] AAAAA-TCP_FORW: name:enp0s3: saddr:16783984: daddr:100932208
[  282.767462] AAAAA-TCP_FORW: name:enp0s3: saddr:100932208: daddr:33561200
[  282.795343] AAAAA-TCP_FORW: name:enp0s3: saddr:100932208: daddr:33561200
[  284.218806] AAAAA-TCP_FORW: name:enp0s3: saddr:100932208: daddr:33561200
[  284.537160] AAAAA-TCP_FORW: name:enp0s3: saddr:33561200: daddr:100932208
[  284.721251] AAAAA-TCP_FORW: name:enp0s3: saddr:33561200: daddr:100932208
[  284.774016] AAAAA-TCP_FORW: name:enp0s3: saddr:33561200: daddr:100932208
[  295.361393] AAAAA-TCP_FORW: name:enp0s3: saddr:100932208: daddr:33561200
[  295.393668] AAAAA-TCP_FORW: name:enp0s3: saddr:33561200: daddr:100932208
[  295.424134] AAAAA-TCP_FORW: name:enp0s3: saddr:100932208: daddr:33561200
[  295.462494] AAAAA-TCP_FORW: name:enp0s3: saddr:100932208: daddr:33561200
[  295.490076] AAAAA-TCP_FORW: name:enp0s3: saddr:33561200: daddr:100932208
[  295.508590] AAAAA-TCP_FORW: name:enp0s3: saddr:100932208: daddr:33561200
[  295.532207] AAAAA-TCP_FORW: name:enp0s3: saddr:100932208: daddr:33561200
[  295.566708] AAAAA-TCP_FORW: name:enp0s3: saddr:33561200: daddr:100932208
[  295.592667] AAAAA-TCP_FORW: name:enp0s3: saddr:100932208: daddr:33561200
[  295.645340] AAAAA-TCP_FORW: name:enp0s3: saddr:33561200: daddr:100932208
[  295.658588] AAAAA-TCP_FORW: name:enp0s3: saddr:100932208: daddr:33561200
[  295.719256] AAAAA-TCP_FORW: name:enp0s3: saddr:33561200: daddr:100932208
[  295.729341] AAAAA-TCP_FORW: name:enp0s3: saddr:100932208: daddr:33561200
[  295.768404] AAAAA-TCP_FORW: name:enp0s3: saddr:100932208: daddr:33561200
[  295.804898] AAAAA-TCP_FORW: name:enp0s3: saddr:33561200: daddr:100932208
[  295.820620] AAAAA-TCP_FORW: name:enp0s3: saddr:100932208: daddr:33561200
[  295.875829] AAAAA-TCP_FORW: name:enp0s3: saddr:100932208: daddr:33561200
[  295.924925] AAAAA-TCP_FORW: name:enp0s3: saddr:100932208: daddr:33561200
[  295.931771] AAAAA-TCP_FORW: name:enp0s3: saddr:33561200: daddr:100932208
[  295.972294] AAAAA-TCP_FORW: name:enp0s3: saddr:100932208: daddr:33561200
[  296.001790] AAAAA-TCP_FORW: name:enp0s3: saddr:33561200: daddr:100932208
[  296.033712] AAAAA-TCP_FORW: name:enp0s3: saddr:100932208: daddr:33561200
[  296.104031] AAAAA-TCP_FORW: name:enp0s3: saddr:33561200: daddr:100932208
[  296.141075] AAAAA-TCP_FORW: name:enp0s3: saddr:100932208: daddr:33561200
[  296.142860] AAAAA-TCP_FORW: name:enp0s3: saddr:100932208: daddr:33561200
[  296.179851] AAAAA-TCP_FORW: name:enp0s3: saddr:33561200: daddr:100932208
[  296.210345] AAAAA-TCP_FORW: name:enp0s3: saddr:100932208: daddr:33561200
[  296.237250] AAAAA-TCP_FORW: name:enp0s3: saddr:100932208: daddr:33561200
[  296.254908] AAAAA-TCP_FORW: name:enp0s3: saddr:33561200: daddr:100932208
[  296.290425] AAAAA-TCP_FORW: name:enp0s3: saddr:100932208: daddr:33561200
[  296.325539] AAAAA-TCP_FORW: name:enp0s3: saddr:33561200: daddr:100932208
[  296.348153] AAAAA-TCP_FORW: name:enp0s3: saddr:100932208: daddr:33561200
[  296.390089] AAAAA-TCP_FORW: name:enp0s3: saddr:100932208: daddr:33561200
[  296.418497] AAAAA-TCP_FORW: name:enp0s3: saddr:33561200: daddr:100932208
[  296.452449] AAAAA-TCP_FORW: name:enp0s3: saddr:100932208: daddr:16783984
[  296.474256] AAAAA-TCP_FORW: name:enp0s3: saddr:100932208: daddr:16783984
[  296.495150] AAAAA-TCP_FORW: name:enp0s3: saddr:100932208: daddr:16783984
[  296.535654] AAAAA-TCP_FORW: name:enp0s3: saddr:100932208: daddr:16783984
[  296.543757] AAAAA-TCP_FORW: name:enp0s3: saddr:33561200: daddr:100932208
[  296.576817] AAAAA-TCP_FORW: name:enp0s3: saddr:100932208: daddr:16783984
[  296.604187] AAAAA-TCP_FORW: name:enp0s3: saddr:100932208: daddr:16783984
[  296.641750] AAAAA-TCP_FORW: name:enp0s3: saddr:33561200: daddr:100932208
[  296.663669] AAAAA-TCP_FORW: name:enp0s3: saddr:100932208: daddr:16783984
[  296.727409] AAAAA-TCP_FORW: name:enp0s3: saddr:33561200: daddr:100932208
[  296.737950] AAAAA-TCP_FORW: name:enp0s3: saddr:100932208: daddr:16783984
[  296.769806] AAAAA-TCP_FORW: name:enp0s3: saddr:100932208: daddr:16783984
[  296.810254] AAAAA-TCP_FORW: name:enp0s3: saddr:33561200: daddr:100932208
[  296.833841] AAAAA-TCP_FORW: name:enp0s3: saddr:100932208: daddr:16783984
[  296.874786] AAAAA-TCP_FORW: name:enp0s3: saddr:33561200: daddr:100932208
[  296.907142] AAAAA-TCP_FORW: name:enp0s3: saddr:100932208: daddr:16783984
[  296.956060] AAAAA-TCP_FORW: name:enp0s3: saddr:100932208: daddr:16783984
[  296.978980] AAAAA-TCP_FORW: name:enp0s3: saddr:33561200: daddr:100932208
[  297.008379] AAAAA-TCP_FORW: name:enp0s3: saddr:100932208: daddr:16783984
[  297.048763] AAAAA-TCP_FORW: name:enp0s3: saddr:100932208: daddr:16783984
[  297.071946] AAAAA-TCP_FORW: name:enp0s3: saddr:33561200: daddr:100932208
[  297.114639] AAAAA-TCP_FORW: name:enp0s3: saddr:100932208: daddr:16783984
[  297.147824] AAAAA-TCP_FORW: name:enp0s3: saddr:33561200: daddr:100932208
[  297.167471] AAAAA-TCP_FORW: name:enp0s3: saddr:100932208: daddr:16783984
[  297.210065] AAAAA-TCP_FORW: name:enp0s3: saddr:100932208: daddr:16783984
[  297.262398] AAAAA-TCP_FORW: name:enp0s3: saddr:16783984: daddr:100932208
[  297.303740] AAAAA-TCP_FORW: name:enp0s3: saddr:100932208: daddr:33561200
[  297.311719] AAAAA-TCP_FORW: name:enp0s3: saddr:100932208: daddr:33561200
[  297.340165] AAAAA-TCP_FORW: name:enp0s3: saddr:16783984: daddr:100932208
[  297.369839] AAAAA-TCP_FORW: name:enp0s3: saddr:100932208: daddr:33561200
[  297.375137] AAAAA-TCP_FORW: name:enp0s3: saddr:100932208: daddr:33561200
[  297.415335] AAAAA-TCP_FORW: name:enp0s3: saddr:16783984: daddr:100932208
[  297.432773] AAAAA-TCP_FORW: name:enp0s3: saddr:100932208: daddr:33561200
[  297.460792] AAAAA-TCP_FORW: name:enp0s3: saddr:100932208: daddr:33561200
[  297.487535] AAAAA-TCP_FORW: name:enp0s3: saddr:16783984: daddr:100932208
[  297.507431] AAAAA-TCP_FORW: name:enp0s3: saddr:100932208: daddr:33561200
[  297.542632] AAAAA-TCP_FORW: name:enp0s3: saddr:100932208: daddr:33561200
[  297.555917] AAAAA-TCP_FORW: name:enp0s3: saddr:100932208: daddr:33561200
[  297.578759] AAAAA-TCP_FORW: name:enp0s3: saddr:16783984: daddr:100932208
[  297.602575] AAAAA-TCP_FORW: name:enp0s3: saddr:100932208: daddr:33561200
[  297.625779] AAAAA-TCP_FORW: name:enp0s3: saddr:100932208: daddr:33561200
[  297.651589] AAAAA-TCP_FORW: name:enp0s3: saddr:16783984: daddr:100932208
[  297.698053] AAAAA-TCP_FORW: name:enp0s3: saddr:100932208: daddr:33561200
[  297.725873] AAAAA-TCP_FORW: name:enp0s3: saddr:100932208: daddr:33561200
[  297.757615] AAAAA-TCP_FORW: name:enp0s3: saddr:16783984: daddr:100932208
[  297.769975] AAAAA-TCP_FORW: name:enp0s3: saddr:100932208: daddr:33561200
[  297.808398] AAAAA-TCP_FORW: name:enp0s3: saddr:100932208: daddr:33561200
[  297.846748] AAAAA-TCP_FORW: name:enp0s3: saddr:16783984: daddr:100932208
[  297.859141] AAAAA-TCP_FORW: name:enp0s3: saddr:100932208: daddr:33561200
[  297.910577] AAAAA-TCP_FORW: name:enp0s3: saddr:100932208: daddr:33561200
[  297.931006] AAAAA-TCP_FORW: name:enp0s3: saddr:16783984: daddr:100932208
[  297.956933] AAAAA-TCP_FORW: name:enp0s3: saddr:100932208: daddr:33561200
[  297.987945] AAAAA-TCP_FORW: name:enp0s3: saddr:100932208: daddr:33561200
[  298.009877] AAAAA-TCP_FORW: name:enp0s3: saddr:16783984: daddr:100932208
[  298.060696] AAAAA-TCP_FORW: name:enp0s3: saddr:100932208: daddr:33561200
[  298.088741] AAAAA-TCP_FORW: name:enp0s3: saddr:100932208: daddr:33561200
[  298.114224] AAAAA-TCP_FORW: name:enp0s3: saddr:100932208: daddr:33561200
[  298.139530] AAAAA-TCP_FORW: name:enp0s3: saddr:16783984: daddr:100932208
[  298.177831] AAAAA-TCP_FORW: name:enp0s3: saddr:100932208: daddr:33561200
[  298.221535] AAAAA-TCP_FORW: name:enp0s3: saddr:16783984: daddr:100932208
[  298.254341] AAAAA-TCP_FORW: name:enp0s3: saddr:100932208: daddr:33561200
[  298.292380] AAAAA-TCP_FORW: name:enp0s3: saddr:16783984: daddr:100932208
[  298.381791] AAAAA-TCP_FORW: name:enp0s3: saddr:16783984: daddr:100932208
[  298.429228] AAAAA-TCP_FORW: name:enp0s3: saddr:100932208: daddr:33561200
[  298.487113] AAAAA-TCP_FORW: name:enp0s3: saddr:16783984: daddr:100932208
[  298.491776] AAAAA-TCP_FORW: name:enp0s3: saddr:100932208: daddr:33561200
[  298.527281] AAAAA-TCP_FORW: name:enp0s3: saddr:100932208: daddr:33561200
[  298.568434] AAAAA-TCP_FORW: name:enp0s3: saddr:16783984: daddr:100932208
[  298.639366] AAAAA-TCP_FORW: name:enp0s3: saddr:16783984: daddr:100932208
[  298.662138] AAAAA-TCP_FORW: name:enp0s3: saddr:100932208: daddr:16783984
[  298.682548] AAAAA-TCP_FORW: name:enp0s3: saddr:100932208: daddr:16783984
[  298.732144] AAAAA-TCP_FORW: name:enp0s3: saddr:33561200: daddr:100932208
[  298.788445] AAAAA-TCP_FORW: name:enp0s3: saddr:33561200: daddr:100932208
[  298.821122] AAAAA-TCP_FORW: name:enp0s3: saddr:100932208: daddr:16783984
[  298.901165] AAAAA-TCP_FORW: name:enp0s3: saddr:33561200: daddr:100932208
[  299.084709] AAAAA-TCP_FORW: name:enp0s3: saddr:100932208: daddr:16783984
[  299.118380] AAAAA-TCP_FORW: name:enp0s3: saddr:33561200: daddr:100932208
[  299.175447] AAAAA-TCP_FORW: name:enp0s3: saddr:100932208: daddr:16783984
[  299.336133] AAAAA-TCP_FORW: name:enp0s3: saddr:100932208: daddr:16783984
[  299.405888] AAAAA-TCP_FORW: name:enp0s3: saddr:33561200: daddr:100932208
[  299.456064] AAAAA-TCP_FORW: name:enp0s3: saddr:33561200: daddr:100932208
[  299.529076] AAAAA-TCP_FORW: name:enp0s3: saddr:33561200: daddr:100932208
[  299.538268] AAAAA-TCP_FORW: name:enp0s3: saddr:100932208: daddr:16783984
[  299.591852] AAAAA-TCP_FORW: name:enp0s3: saddr:33561200: daddr:100932208
[  299.632249] AAAAA-TCP_FORW: name:enp0s3: saddr:100932208: daddr:16783984
[  299.680354] AAAAA-TCP_FORW: name:enp0s3: saddr:33561200: daddr:100932208
[  299.692194] AAAAA-TCP_FORW: name:enp0s3: saddr:100932208: daddr:16783984
[  299.728626] AAAAA-TCP_FORW: name:enp0s3: saddr:33561200: daddr:100932208
[  299.750770] AAAAA-TCP_FORW: name:enp0s3: saddr:100932208: daddr:16783984
[  299.776341] AAAAA-TCP_FORW: name:enp0s3: saddr:33561200: daddr:100932208
[  299.810293] AAAAA-TCP_FORW: name:enp0s3: saddr:100932208: daddr:16783984
[  299.843578] AAAAA-TCP_FORW: name:enp0s3: saddr:33561200: daddr:100932208
[  299.859025] AAAAA-TCP_FORW: name:enp0s3: saddr:100932208: daddr:16783984
[  299.873475] AAAAA-TCP_FORW: name:enp0s3: saddr:33561200: daddr:100932208
[  299.940733] AAAAA-TCP_FORW: name:enp0s3: saddr:100932208: daddr:16783984
[  299.949038] AAAAA-TCP_FORW: name:enp0s3: saddr:33561200: daddr:100932208
[  300.010031] AAAAA-TCP_FORW: name:enp0s3: saddr:33561200: daddr:100932208
[  300.087261] AAAAA-TCP_FORW: name:enp0s3: saddr:33561200: daddr:100932208
[  300.153891] AAAAA-TCP_FORW: name:enp0s3: saddr:33561200: daddr:100932208
[  300.182303] AAAAA-TCP_FORW: name:enp0s3: saddr:100932208: daddr:16783984
[  300.226478] AAAAA-TCP_FORW: name:enp0s3: saddr:33561200: daddr:100932208
[  300.294603] AAAAA-TCP_FORW: name:enp0s3: saddr:100932208: daddr:16783984
[  300.319165] AAAAA-TCP_FORW: name:enp0s3: saddr:33561200: daddr:100932208
[  300.412224] AAAAA-TCP_FORW: name:enp0s3: saddr:100932208: daddr:16783984
[  300.478275] AAAAA-TCP_FORW: name:enp0s3: saddr:33561200: daddr:100932208
[  300.559923] AAAAA-TCP_FORW: name:enp0s3: saddr:33561200: daddr:100932208
[  300.634061] AAAAA-TCP_FORW: name:enp0s3: saddr:33561200: daddr:100932208
[  300.748771] AAAAA-TCP_FORW: name:enp0s3: saddr:33561200: daddr:100932208
[  300.841385] AAAAA-TCP_FORW: name:enp0s3: saddr:33561200: daddr:100932208
[  300.881418] AAAAA-TCP_FORW: name:enp0s3: saddr:16783984: daddr:100932208
[  300.929546] AAAAA-TCP_FORW: name:enp0s3: saddr:16783984: daddr:100932208
[  300.988406] AAAAA-TCP_FORW: name:enp0s3: saddr:16783984: daddr:100932208
[  301.058812] AAAAA-TCP_FORW: name:enp0s3: saddr:16783984: daddr:100932208
[  301.121167] AAAAA-TCP_FORW: name:enp0s3: saddr:16783984: daddr:100932208
[  301.195325] AAAAA-TCP_FORW: name:enp0s3: saddr:16783984: daddr:100932208
[  301.300459] AAAAA-TCP_FORW: name:enp0s3: saddr:16783984: daddr:100932208
[  301.376578] AAAAA-TCP_FORW: name:enp0s3: saddr:16783984: daddr:100932208
[  301.442606] AAAAA-TCP_FORW: name:enp0s3: saddr:16783984: daddr:100932208
[  301.483773] AAAAA-TCP_FORW: name:enp0s3: saddr:100932208: daddr:33561200
[  301.519462] AAAAA-TCP_FORW: name:enp0s3: saddr:16783984: daddr:100932208
[  301.655140] AAAAA-TCP_FORW: name:enp0s3: saddr:16783984: daddr:100932208
[  301.706676] AAAAA-TCP_FORW: name:enp0s3: saddr:16783984: daddr:100932208
[  301.757611] AAAAA-TCP_FORW: name:enp0s3: saddr:16783984: daddr:100932208
[  301.817889] AAAAA-TCP_FORW: name:enp0s3: saddr:100932208: daddr:33561200
[  301.916164] AAAAA-TCP_FORW: name:enp0s3: saddr:16783984: daddr:100932208
[  302.079834] AAAAA-TCP_FORW: name:enp0s3: saddr:16783984: daddr:100932208
[  302.204426] AAAAA-TCP_FORW: name:enp0s3: saddr:100932208: daddr:33561200
[  302.344475] AAAAA-TCP_FORW: name:enp0s3: saddr:100932208: daddr:16783984
[  302.371989] AAAAA-TCP_FORW: name:enp0s3: saddr:100932208: daddr:16783984
[  302.406523] AAAAA-TCP_FORW: name:enp0s3: saddr:100932208: daddr:16783984
[  302.462247] AAAAA-TCP_FORW: name:enp0s3: saddr:100932208: daddr:16783984
[  302.514754] AAAAA-TCP_FORW: name:enp0s3: saddr:100932208: daddr:16783984
[  302.540846] AAAAA-TCP_FORW: name:enp0s3: saddr:100932208: daddr:16783984
[  302.572818] AAAAA-TCP_FORW: name:enp0s3: saddr:100932208: daddr:16783984
[  302.607027] AAAAA-TCP_FORW: name:enp0s3: saddr:100932208: daddr:16783984
[  302.689340] AAAAA-TCP_FORW: name:enp0s3: saddr:100932208: daddr:16783984
[  302.723083] AAAAA-TCP_FORW: name:enp0s3: saddr:33561200: daddr:100932208
[  302.770840] AAAAA-TCP_FORW: name:enp0s3: saddr:100932208: daddr:16783984
[  302.818200] AAAAA-TCP_FORW: name:enp0s3: saddr:100932208: daddr:16783984
[  302.969501] AAAAA-TCP_FORW: name:enp0s3: saddr:33561200: daddr:100932208
[  303.132272] AAAAA-TCP_FORW: name:enp0s3: saddr:33561200: daddr:100932208
[  303.294346] AAAAA-TCP_FORW: name:enp0s3: saddr:16783984: daddr:100932208
[  303.397160] AAAAA-TCP_FORW: name:enp0s3: saddr:16783984: daddr:100932208
[  303.481196] AAAAA-TCP_FORW: name:enp0s3: saddr:16783984: daddr:100932208
[  303.583651] AAAAA-TCP_FORW: name:enp0s3: saddr:16783984: daddr:100932208
[  303.764208] AAAAA-TCP_FORW: name:enp0s3: saddr:100932208: daddr:16783984
[  303.780927] AAAAA-TCP_FORW: name:enp0s3: saddr:16783984: daddr:100932208
[  303.803871] AAAAA-TCP_FORW: name:enp0s3: saddr:16783984: daddr:100932208
[  303.927360] AAAAA-TCP_FORW: name:enp0s3: saddr:16783984: daddr:100932208
[  303.956933] AAAAA-TCP_FORW: name:enp0s3: saddr:16783984: daddr:100932208
[  303.997498] AAAAA-TCP_FORW: name:enp0s3: saddr:16783984: daddr:100932208
[  304.028716] AAAAA-TCP_FORW: name:enp0s3: saddr:16783984: daddr:100932208
[  304.099110] AAAAA-TCP_FORW: name:enp0s3: saddr:16783984: daddr:100932208
[  304.184586] AAAAA-TCP_FORW: name:enp0s3: saddr:16783984: daddr:100932208
[  329.096813] AAAAA-TCP_FORW: name:enp0s3: saddr:100932208: daddr:16783984
[  329.142156] AAAAA-TCP_FORW: name:enp0s3: saddr:100932208: daddr:16783984
[  329.204662] AAAAA-TCP_FORW: name:enp0s3: saddr:100932208: daddr:16783984
[  329.288689] AAAAA-TCP_FORW: name:enp0s3: saddr:16783984: daddr:100932208
[  329.307972] AAAAA-TCP_FORW: name:enp0s3: saddr:100932208: daddr:16783984
[  329.384354] AAAAA-TCP_FORW: name:enp0s3: saddr:100932208: daddr:16783984
[  329.444731] AAAAA-TCP_FORW: name:enp0s3: saddr:100932208: daddr:16783984
[  329.511168] AAAAA-TCP_FORW: name:enp0s3: saddr:100932208: daddr:16783984
[  329.569342] AAAAA-TCP_FORW: name:enp0s3: saddr:100932208: daddr:16783984
[  329.623639] AAAAA-TCP_FORW: name:enp0s3: saddr:100932208: daddr:16783984
[  329.634300] AAAAA-TCP_FORW: name:enp0s3: saddr:16783984: daddr:100932208
[  329.724461] AAAAA-TCP_FORW: name:enp0s3: saddr:100932208: daddr:16783984
[  329.811325] AAAAA-TCP_FORW: name:enp0s3: saddr:100932208: daddr:16783984
[  329.894608] AAAAA-TCP_FORW: name:enp0s3: saddr:100932208: daddr:16783984
[  329.918959] AAAAA-TCP_FORW: name:enp0s3: saddr:100932208: daddr:16783984
[  329.946512] AAAAA-TCP_FORW: name:enp0s3: saddr:100932208: daddr:16783984
[  329.970538] AAAAA-TCP_FORW: name:enp0s3: saddr:16783984: daddr:100932208
[  329.989539] AAAAA-TCP_FORW: name:enp0s3: saddr:100932208: daddr:16783984
[  330.033021] AAAAA-TCP_FORW: name:enp0s3: saddr:100932208: daddr:16783984
[  330.262824] AAAAA-TCP_FORW: name:enp0s3: saddr:16783984: daddr:100932208
[  330.630937] AAAAA-TCP_FORW: name:enp0s3: saddr:16783984: daddr:100932208
[  330.823069] AAAAA-TCP_FORW: name:enp0s3: saddr:16783984: daddr:100932208
[  330.960194] AAAAA-TCP_FORW: name:enp0s3: saddr:16783984: daddr:100932208
[  331.153648] AAAAA-TCP_FORW: name:enp0s3: saddr:16783984: daddr:100932208
[  331.374896] AAAAA-TCP_FORW: name:enp0s3: saddr:16783984: daddr:100932208
[  331.626234] AAAAA-TCP_FORW: name:enp0s3: saddr:16783984: daddr:100932208
[  331.736465] AAAAA-TCP_FORW: name:enp0s3: saddr:100932208: daddr:16783984
[  331.810294] AAAAA-TCP_FORW: name:enp0s3: saddr:16783984: daddr:100932208
[  331.904804] AAAAA-TCP_FORW: name:enp0s3: saddr:16783984: daddr:100932208
[  331.930171] AAAAA-TCP_FORW: name:enp0s3: saddr:16783984: daddr:100932208
[  332.121342] AAAAA-TCP_FORW: name:enp0s3: saddr:16783984: daddr:100932208
[  332.217732] AAAAA-TCP_FORW: name:enp0s3: saddr:100932208: daddr:16783984
[  332.249652] AAAAA-TCP_FORW: name:enp0s3: saddr:16783984: daddr:100932208
[  332.304105] AAAAA-TCP_FORW: name:enp0s3: saddr:16783984: daddr:100932208
[  332.523146] AAAAA-TCP_FORW: name:enp0s3: saddr:16783984: daddr:100932208
[  332.609183] AAAAA-TCP_FORW: name:enp0s3: saddr:16783984: daddr:100932208
[  332.716499] AAAAA-TCP_FORW: name:enp0s3: saddr:100932208: daddr:16783984
[  332.750680] AAAAA-TCP_FORW: name:enp0s3: saddr:100932208: daddr:16783984
[  332.795585] AAAAA-TCP_FORW: name:enp0s3: saddr:16783984: daddr:100932208
[  332.953839] AAAAA-TCP_FORW: name:enp0s3: saddr:16783984: daddr:100932208
[  333.080800] AAAAA-TCP_FORW: name:enp0s3: saddr:100932208: daddr:16783984
[  333.270458] AAAAA-TCP_FORW: name:enp0s3: saddr:16783984: daddr:100932208
[  333.337837] AAAAA-TCP_FORW: name:enp0s3: saddr:100932208: daddr:16783984
[  333.479524] AAAAA-TCP_FORW: name:enp0s3: saddr:16783984: daddr:100932208
[  333.520824] AAAAA-TCP_FORW: name:enp0s3: saddr:100932208: daddr:16783984
[  333.550536] AAAAA-TCP_FORW: name:enp0s3: saddr:100932208: daddr:16783984
[  333.682216] AAAAA-TCP_FORW: name:enp0s3: saddr:16783984: daddr:100932208
[  333.773001] AAAAA-TCP_FORW: name:enp0s3: saddr:100932208: daddr:16783984
[  333.799146] AAAAA-TCP_FORW: name:enp0s3: saddr:100932208: daddr:16783984
[  333.807589] AAAAA-TCP_FORW: name:enp0s3: saddr:16783984: daddr:100932208
[  333.882886] AAAAA-TCP_FORW: name:enp0s3: saddr:100932208: daddr:16783984
[  333.922796] AAAAA-TCP_FORW: name:enp0s3: saddr:100932208: daddr:16783984
[  333.949301] AAAAA-TCP_FORW: name:enp0s3: saddr:16783984: daddr:100932208
[  334.099453] AAAAA-TCP_FORW: name:enp0s3: saddr:16783984: daddr:100932208
[  334.105023] AAAAA-TCP_FORW: name:enp0s3: saddr:100932208: daddr:16783984
[  334.213078] AAAAA-TCP_FORW: name:enp0s3: saddr:100932208: daddr:16783984
[  334.222729] AAAAA-TCP_FORW: name:enp0s3: saddr:16783984: daddr:100932208
[  334.271403] AAAAA-TCP_FORW: name:enp0s3: saddr:100932208: daddr:16783984
[  334.294642] AAAAA-TCP_FORW: name:enp0s3: saddr:16783984: daddr:100932208
[  334.323835] AAAAA-TCP_FORW: name:enp0s3: saddr:100932208: daddr:16783984
[  334.427703] AAAAA-TCP_FORW: name:enp0s3: saddr:100932208: daddr:16783984
[  334.429568] AAAAA-TCP_FORW: name:enp0s3: saddr:100932208: daddr:16783984
[  334.532424] AAAAA-TCP_FORW: name:enp0s3: saddr:100932208: daddr:16783984
[  334.541448] AAAAA-TCP_FORW: name:enp0s3: saddr:16783984: daddr:100932208
[  334.574530] AAAAA-TCP_FORW: name:enp0s3: saddr:16783984: daddr:100932208
[  334.634827] AAAAA-TCP_FORW: name:enp0s3: saddr:16783984: daddr:100932208
[  334.720468] AAAAA-TCP_FORW: name:enp0s3: saddr:100932208: daddr:16783984
[  334.837249] AAAAA-TCP_FORW: name:enp0s3: saddr:100932208: daddr:16783984
[  334.860573] AAAAA-TCP_FORW: name:enp0s3: saddr:16783984: daddr:100932208
[  334.897975] AAAAA-TCP_FORW: name:enp0s3: saddr:100932208: daddr:16783984
[  334.942967] AAAAA-TCP_FORW: name:enp0s3: saddr:100932208: daddr:16783984
[  334.944563] AAAAA-TCP_FORW: name:enp0s3: saddr:16783984: daddr:100932208
[  335.014709] AAAAA-TCP_FORW: name:enp0s3: saddr:100932208: daddr:16783984
[  335.036332] AAAAA-TCP_FORW: name:enp0s3: saddr:100932208: daddr:16783984
[  335.049492] AAAAA-TCP_FORW: name:enp0s3: saddr:16783984: daddr:100932208
[  335.102577] AAAAA-TCP_FORW: name:enp0s3: saddr:100932208: daddr:16783984
[  335.114571] AAAAA-TCP_FORW: name:enp0s3: saddr:16783984: daddr:100932208
[  335.163010] AAAAA-TCP_FORW: name:enp0s3: saddr:100932208: daddr:16783984
[  335.206037] AAAAA-TCP_FORW: name:enp0s3: saddr:100932208: daddr:16783984
[  335.254628] AAAAA-TCP_FORW: name:enp0s3: saddr:100932208: daddr:16783984
[  335.270639] AAAAA-TCP_FORW: name:enp0s3: saddr:16783984: daddr:100932208
[  335.337580] AAAAA-TCP_FORW: name:enp0s3: saddr:100932208: daddr:16783984
[  335.350562] AAAAA-TCP_FORW: name:enp0s3: saddr:16783984: daddr:100932208
[  335.416746] AAAAA-TCP_FORW: name:enp0s3: saddr:100932208: daddr:33561200
[  335.426219] AAAAA-TCP_FORW: name:enp0s3: saddr:16783984: daddr:100932208
[  335.439901] AAAAA-TCP_FORW: name:enp0s3: saddr:100932208: daddr:16783984
[  335.502762] AAAAA-TCP_FORW: name:enp0s3: saddr:100932208: daddr:16783984
[  335.580087] AAAAA-TCP_FORW: name:enp0s3: saddr:100932208: daddr:16783984
[  335.605987] AAAAA-TCP_FORW: name:enp0s3: saddr:16783984: daddr:100932208
[  335.631166] AAAAA-TCP_FORW: name:enp0s3: saddr:100932208: daddr:16783984
[  335.658744] AAAAA-TCP_FORW: name:enp0s3: saddr:100932208: daddr:16783984
[  335.685794] AAAAA-TCP_FORW: name:enp0s3: saddr:100932208: daddr:16783984
[  335.722586] AAAAA-TCP_FORW: name:enp0s3: saddr:16783984: daddr:100932208
[  335.761127] AAAAA-TCP_FORW: name:enp0s3: saddr:100932208: daddr:16783984
[  335.812626] AAAAA-TCP_FORW: name:enp0s3: saddr:100932208: daddr:16783984
[  335.873014] AAAAA-TCP_FORW: name:enp0s3: saddr:100932208: daddr:16783984
[  335.915757] AAAAA-TCP_FORW: name:enp0s3: saddr:16783984: daddr:100932208
[  335.985825] AAAAA-TCP_FORW: name:enp0s3: saddr:16783984: daddr:100932208
[  336.005139] AAAAA-TCP_FORW: name:enp0s3: saddr:100932208: daddr:16783984
[  336.066808] AAAAA-TCP_FORW: name:enp0s3: saddr:16783984: daddr:100932208
[  336.094645] AAAAA-TCP_FORW: name:enp0s3: saddr:16783984: daddr:100932208
[  336.168277] AAAAA-TCP_FORW: name:enp0s3: saddr:16783984: daddr:100932208
[  336.194176] AAAAA-TCP_FORW: name:enp0s3: saddr:100932208: daddr:16783984
[  336.248503] AAAAA-TCP_FORW: name:enp0s3: saddr:16783984: daddr:100932208
[  336.344046] AAAAA-TCP_FORW: name:enp0s3: saddr:100932208: daddr:16783984
[  336.378296] AAAAA-TCP_FORW: name:enp0s3: saddr:33561200: daddr:100932208
[  336.499904] AAAAA-TCP_FORW: name:enp0s3: saddr:100932208: daddr:16783984
[  336.558616] AAAAA-TCP_FORW: name:enp0s3: saddr:16783984: daddr:100932208
[  336.569271] AAAAA-TCP_FORW: name:enp0s3: saddr:100932208: daddr:16783984
[  336.621925] AAAAA-TCP_FORW: name:enp0s3: saddr:100932208: daddr:16783984
[  336.640575] AAAAA-TCP_FORW: name:enp0s3: saddr:16783984: daddr:100932208
[  336.667524] AAAAA-TCP_FORW: name:enp0s3: saddr:100932208: daddr:16783984
[  336.701595] AAAAA-TCP_FORW: name:enp0s3: saddr:100932208: daddr:16783984
[  336.731019] AAAAA-TCP_FORW: name:enp0s3: saddr:100932208: daddr:16783984
[  336.787068] AAAAA-TCP_FORW: name:enp0s3: saddr:16783984: daddr:100932208
[  336.804152] AAAAA-TCP_FORW: name:enp0s3: saddr:100932208: daddr:16783984
[  336.861984] AAAAA-TCP_FORW: name:enp0s3: saddr:16783984: daddr:100932208
[  336.899366] AAAAA-TCP_FORW: name:enp0s3: saddr:16783984: daddr:100932208
[  336.935069] AAAAA-TCP_FORW: name:enp0s3: saddr:100932208: daddr:33561200
[  336.995243] AAAAA-TCP_FORW: name:enp0s3: saddr:16783984: daddr:100932208
[  337.025968] AAAAA-TCP_FORW: name:enp0s3: saddr:100932208: daddr:16783984
[  337.085857] AAAAA-TCP_FORW: name:enp0s3: saddr:16783984: daddr:100932208
[  337.156091] AAAAA-TCP_FORW: name:enp0s3: saddr:100932208: daddr:16783984
[  337.194568] AAAAA-TCP_FORW: name:enp0s3: saddr:16783984: daddr:100932208
[  337.252550] AAAAA-TCP_FORW: name:enp0s3: saddr:16783984: daddr:100932208
[  337.288088] AAAAA-TCP_FORW: name:enp0s3: saddr:100932208: daddr:16783984
[  337.369150] AAAAA-TCP_FORW: name:enp0s3: saddr:100932208: daddr:16783984
[  337.407011] AAAAA-TCP_FORW: name:enp0s3: saddr:100932208: daddr:16783984
[  337.412656] AAAAA-TCP_FORW: name:enp0s3: saddr:16783984: daddr:100932208
[  337.462134] AAAAA-TCP_FORW: name:enp0s3: saddr:100932208: daddr:16783984
[  337.513700] AAAAA-TCP_FORW: name:enp0s3: saddr:16783984: daddr:100932208
[  337.549729] AAAAA-TCP_FORW: name:enp0s3: saddr:100932208: daddr:16783984
[  337.588875] AAAAA-TCP_FORW: name:enp0s3: saddr:16783984: daddr:100932208
[  337.632713] AAAAA-TCP_FORW: name:enp0s3: saddr:16783984: daddr:100932208
[  337.648665] AAAAA-TCP_FORW: name:enp0s3: saddr:100932208: daddr:16783984
[  337.691771] AAAAA-TCP_FORW: name:enp0s3: saddr:100932208: daddr:16783984
[  337.769194] AAAAA-TCP_FORW: name:enp0s3: saddr:100932208: daddr:16783984
[  337.787800] AAAAA-TCP_FORW: name:enp0s3: saddr:33561200: daddr:100932208
[  337.827130] AAAAA-TCP_FORW: name:enp0s3: saddr:16783984: daddr:100932208
[  337.829193] AAAAA-TCP_FORW: name:enp0s3: saddr:100932208: daddr:16783984
[  337.886070] AAAAA-TCP_FORW: name:enp0s3: saddr:100932208: daddr:16783984
[  337.899694] AAAAA-TCP_FORW: name:enp0s3: saddr:16783984: daddr:100932208
[  337.965435] AAAAA-TCP_FORW: name:enp0s3: saddr:100932208: daddr:16783984
[  338.029730] AAAAA-TCP_FORW: name:enp0s3: saddr:100932208: daddr:16783984
[  338.058294] AAAAA-TCP_FORW: name:enp0s3: saddr:100932208: daddr:16783984
[  338.121027] AAAAA-TCP_FORW: name:enp0s3: saddr:16783984: daddr:100932208
[  338.150217] AAAAA-TCP_FORW: name:enp0s3: saddr:100932208: daddr:16783984
[  338.186740] AAAAA-TCP_FORW: name:enp0s3: saddr:100932208: daddr:16783984
[  338.206374] AAAAA-TCP_FORW: name:enp0s3: saddr:16783984: daddr:100932208
[  338.228424] AAAAA-TCP_FORW: name:enp0s3: saddr:100932208: daddr:16783984
[  338.261940] AAAAA-TCP_FORW: name:enp0s3: saddr:100932208: daddr:16783984
[  338.277760] AAAAA-TCP_FORW: name:enp0s3: saddr:16783984: daddr:100932208
[  338.290790] AAAAA-TCP_FORW: name:enp0s3: saddr:100932208: daddr:16783984
[  338.373525] AAAAA-TCP_FORW: name:enp0s3: saddr:16783984: daddr:100932208
[  338.463225] AAAAA-TCP_FORW: name:enp0s3: saddr:100932208: daddr:33561200
[  338.496263] AAAAA-TCP_FORW: name:enp0s3: saddr:100932208: daddr:33561200
[  338.546436] AAAAA-TCP_FORW: name:enp0s3: saddr:100932208: daddr:16783984
[  338.557226] AAAAA-TCP_FORW: name:enp0s3: saddr:16783984: daddr:100932208
[  338.610220] AAAAA-TCP_FORW: name:enp0s3: saddr:100932208: daddr:16783984
[  338.695817] AAAAA-TCP_FORW: name:enp0s3: saddr:16783984: daddr:100932208
[  338.782660] AAAAA-TCP_FORW: name:enp0s3: saddr:100932208: daddr:16783984
[  338.800897] AAAAA-TCP_FORW: name:enp0s3: saddr:16783984: daddr:100932208
[  338.844046] AAAAA-TCP_FORW: name:enp0s3: saddr:100932208: daddr:16783984
[  338.905936] AAAAA-TCP_FORW: name:enp0s3: saddr:100932208: daddr:16783984
[  338.924637] AAAAA-TCP_FORW: name:enp0s3: saddr:16783984: daddr:100932208
[  338.938358] AAAAA-TCP_FORW: name:enp0s3: saddr:100932208: daddr:16783984
[  339.035406] AAAAA-TCP_FORW: name:enp0s3: saddr:100932208: daddr:16783984
[  339.050173] AAAAA-TCP_FORW: name:enp0s3: saddr:16783984: daddr:100932208
[  339.070603] AAAAA-TCP_FORW: name:enp0s3: saddr:100932208: daddr:16783984
[  339.145049] AAAAA-TCP_FORW: name:enp0s3: saddr:100932208: daddr:16783984
[  339.171432] AAAAA-TCP_FORW: name:enp0s3: saddr:100932208: daddr:16783984
[  339.258371] AAAAA-TCP_FORW: name:enp0s3: saddr:33561200: daddr:100932208
[  339.336063] AAAAA-TCP_FORW: name:enp0s3: saddr:100932208: daddr:16783984
[  339.351904] AAAAA-TCP_FORW: name:enp0s3: saddr:16783984: daddr:100932208
[  339.418559] AAAAA-TCP_FORW: name:enp0s3: saddr:33561200: daddr:100932208
[  339.503837] AAAAA-TCP_FORW: name:enp0s3: saddr:16783984: daddr:100932208
[  339.683260] AAAAA-TCP_FORW: name:enp0s3: saddr:16783984: daddr:100932208
[  339.791038] AAAAA-TCP_FORW: name:enp0s3: saddr:16783984: daddr:100932208
[  339.848579] AAAAA-TCP_FORW: name:enp0s3: saddr:100932208: daddr:33561200
[  339.898390] AAAAA-TCP_FORW: name:enp0s3: saddr:100932208: daddr:33561200
[  339.973567] AAAAA-TCP_FORW: name:enp0s3: saddr:100932208: daddr:33561200
[  339.998155] AAAAA-TCP_FORW: name:enp0s3: saddr:16783984: daddr:100932208
[  340.019385] AAAAA-TCP_FORW: name:enp0s3: saddr:100932208: daddr:33561200
[  340.074245] AAAAA-TCP_FORW: name:enp0s3: saddr:16783984: daddr:100932208
[  340.210876] AAAAA-TCP_FORW: name:enp0s3: saddr:33561200: daddr:100932208
[  340.330165] AAAAA-TCP_FORW: name:enp0s3: saddr:16783984: daddr:100932208
[  340.362967] AAAAA-TCP_FORW: name:enp0s3: saddr:100932208: daddr:33561200
[  340.402195] AAAAA-TCP_FORW: name:enp0s3: saddr:100932208: daddr:33561200
[  340.439612] AAAAA-TCP_FORW: name:enp0s3: saddr:33561200: daddr:100932208
[  340.498797] AAAAA-TCP_FORW: name:enp0s3: saddr:33561200: daddr:100932208
[  340.549749] AAAAA-TCP_FORW: name:enp0s3: saddr:33561200: daddr:100932208
[  340.564864] AAAAA-TCP_FORW: name:enp0s3: saddr:100932208: daddr:33561200
[  340.589037] AAAAA-TCP_FORW: name:enp0s3: saddr:100932208: daddr:33561200
[  340.661656] AAAAA-TCP_FORW: name:enp0s3: saddr:100932208: daddr:33561200
[  340.710250] AAAAA-TCP_FORW: name:enp0s3: saddr:100932208: daddr:33561200
[  340.738926] AAAAA-TCP_FORW: name:enp0s3: saddr:100932208: daddr:33561200
[  340.781614] AAAAA-TCP_FORW: name:enp0s3: saddr:33561200: daddr:100932208
[  340.793034] AAAAA-TCP_FORW: name:enp0s3: saddr:100932208: daddr:33561200
[  340.842312] AAAAA-TCP_FORW: name:enp0s3: saddr:33561200: daddr:100932208
[  341.045072] AAAAA-TCP_FORW: name:enp0s3: saddr:33561200: daddr:100932208
[  341.103016] AAAAA-TCP_FORW: name:enp0s3: saddr:33561200: daddr:100932208
[  341.137932] AAAAA-TCP_FORW: name:enp0s3: saddr:33561200: daddr:100932208
[  341.194656] AAAAA-TCP_FORW: name:enp0s3: saddr:33561200: daddr:100932208
[  341.237907] AAAAA-TCP_FORW: name:enp0s3: saddr:33561200: daddr:100932208
[  341.271411] AAAAA-TCP_FORW: name:enp0s3: saddr:33561200: daddr:100932208
[  360.812725] AAAAA-TCP_FORW: name:enp0s3: saddr:100932208: daddr:33561200
[  360.863892] AAAAA-TCP_FORW: name:enp0s3: saddr:100932208: daddr:33561200
[  360.947625] AAAAA-TCP_FORW: name:enp0s3: saddr:100932208: daddr:16783984
[  361.016268] AAAAA-TCP_FORW: name:enp0s3: saddr:100932208: daddr:16783984
[  361.046242] AAAAA-TCP_FORW: name:enp0s3: saddr:100932208: daddr:16783984
[  361.072940] AAAAA-TCP_FORW: name:enp0s3: saddr:100932208: daddr:16783984
[  361.102088] AAAAA-TCP_FORW: name:enp0s3: saddr:100932208: daddr:16783984
[  361.147264] AAAAA-TCP_FORW: name:enp0s3: saddr:100932208: daddr:16783984
[  361.202511] AAAAA-TCP_FORW: name:enp0s3: saddr:33561200: daddr:100932208
[  361.204476] AAAAA-TCP_FORW: name:enp0s3: saddr:100932208: daddr:16783984
[  361.254105] AAAAA-TCP_FORW: name:enp0s3: saddr:100932208: daddr:16783984
[  361.336489] AAAAA-TCP_FORW: name:enp0s3: saddr:100932208: daddr:16783984
[  361.373987] AAAAA-TCP_FORW: name:enp0s3: saddr:100932208: daddr:16783984
[  361.420078] AAAAA-TCP_FORW: name:enp0s3: saddr:100932208: daddr:16783984
[  361.448444] AAAAA-TCP_FORW: name:enp0s3: saddr:100932208: daddr:16783984
[  361.498314] AAAAA-TCP_FORW: name:enp0s3: saddr:100932208: daddr:16783984
[  361.556310] AAAAA-TCP_FORW: name:enp0s3: saddr:100932208: daddr:16783984
[  361.646020] AAAAA-TCP_FORW: name:enp0s3: saddr:100932208: daddr:16783984
[  361.661715] AAAAA-TCP_FORW: name:enp0s3: saddr:33561200: daddr:100932208
[  361.689174] AAAAA-TCP_FORW: name:enp0s3: saddr:100932208: daddr:16783984
[  361.777890] AAAAA-TCP_FORW: name:enp0s3: saddr:100932208: daddr:33561200
[  361.808287] AAAAA-TCP_FORW: name:enp0s3: saddr:100932208: daddr:33561200
[  361.844912] AAAAA-TCP_FORW: name:enp0s3: saddr:100932208: daddr:33561200
[  361.917025] AAAAA-TCP_FORW: name:enp0s3: saddr:100932208: daddr:33561200
[  361.970654] AAAAA-TCP_FORW: name:enp0s3: saddr:100932208: daddr:33561200
[  362.031137] AAAAA-TCP_FORW: name:enp0s3: saddr:100932208: daddr:33561200
[  362.135161] AAAAA-TCP_FORW: name:enp0s3: saddr:100932208: daddr:33561200
[  362.172718] AAAAA-TCP_FORW: name:enp0s3: saddr:100932208: daddr:33561200
[  362.226569] AAAAA-TCP_FORW: name:enp0s3: saddr:16783984: daddr:100932208
[  362.238562] AAAAA-TCP_FORW: name:enp0s3: saddr:100932208: daddr:33561200
[  362.305212] AAAAA-TCP_FORW: name:enp0s3: saddr:100932208: daddr:33561200
[  362.367657] AAAAA-TCP_FORW: name:enp0s3: saddr:100932208: daddr:33561200
[  362.453869] AAAAA-TCP_FORW: name:enp0s3: saddr:16783984: daddr:100932208
[  362.595365] AAAAA-TCP_FORW: name:enp0s3: saddr:16783984: daddr:100932208
[  362.887140] AAAAA-TCP_FORW: name:enp0s3: saddr:100932208: daddr:16783984
[  362.942095] AAAAA-TCP_FORW: name:enp0s3: saddr:100932208: daddr:16783984
[  363.083555] AAAAA-TCP_FORW: name:enp0s3: saddr:16783984: daddr:100932208
[  363.293240] AAAAA-TCP_FORW: name:enp0s3: saddr:16783984: daddr:100932208
[  363.310827] AAAAA-TCP_FORW: name:enp0s3: saddr:100932208: daddr:16783984
[  363.410697] AAAAA-TCP_FORW: name:enp0s3: saddr:100932208: daddr:16783984
[  363.463224] AAAAA-TCP_FORW: name:enp0s3: saddr:100932208: daddr:16783984
[  363.477957] AAAAA-TCP_FORW: name:enp0s3: saddr:16783984: daddr:100932208
[  363.514706] AAAAA-TCP_FORW: name:enp0s3: saddr:100932208: daddr:16783984
[  363.603028] AAAAA-TCP_FORW: name:enp0s3: saddr:16783984: daddr:100932208
[  363.644518] AAAAA-TCP_FORW: name:enp0s3: saddr:16783984: daddr:100932208
[  363.761979] AAAAA-TCP_FORW: name:enp0s3: saddr:16783984: daddr:100932208
[  363.839728] AAAAA-TCP_FORW: name:enp0s3: saddr:100932208: daddr:16783984
[  363.911755] AAAAA-TCP_FORW: name:enp0s3: saddr:100932208: daddr:16783984
[  363.942478] AAAAA-TCP_FORW: name:enp0s3: saddr:33561200: daddr:100932208
[  363.956275] AAAAA-TCP_FORW: name:enp0s3: saddr:100932208: daddr:16783984
[  364.083383] AAAAA-TCP_FORW: name:enp0s3: saddr:33561200: daddr:100932208
[  364.180286] AAAAA-TCP_FORW: name:enp0s3: saddr:33561200: daddr:100932208
[  364.275093] AAAAA-TCP_FORW: name:enp0s3: saddr:100932208: daddr:16783984
[  364.293549] AAAAA-TCP_FORW: name:enp0s3: saddr:33561200: daddr:100932208
[  364.311597] AAAAA-TCP_FORW: name:enp0s3: saddr:100932208: daddr:16783984
[  364.323212] AAAAA-TCP_FORW: name:enp0s3: saddr:16783984: daddr:100932208
[  364.410220] AAAAA-TCP_FORW: name:enp0s3: saddr:100932208: daddr:33561200
[  364.447332] AAAAA-TCP_FORW: name:enp0s3: saddr:33561200: daddr:100932208
[  364.460792] AAAAA-TCP_FORW: name:enp0s3: saddr:100932208: daddr:16783984
[  364.511080] AAAAA-TCP_FORW: name:enp0s3: saddr:16783984: daddr:100932208
[  364.524052] AAAAA-TCP_FORW: name:enp0s3: saddr:100932208: daddr:16783984
[  364.545074] AAAAA-TCP_FORW: name:enp0s3: saddr:33561200: daddr:100932208
[  364.587549] AAAAA-TCP_FORW: name:enp0s3: saddr:100932208: daddr:16783984
[  364.607749] AAAAA-TCP_FORW: name:enp0s3: saddr:16783984: daddr:100932208
[  364.653801] AAAAA-TCP_FORW: name:enp0s3: saddr:100932208: daddr:16783984
[  364.677752] AAAAA-TCP_FORW: name:enp0s3: saddr:16783984: daddr:100932208
[  364.804971] AAAAA-TCP_FORW: name:enp0s3: saddr:100932208: daddr:33561200
[  364.854815] AAAAA-TCP_FORW: name:enp0s3: saddr:33561200: daddr:100932208
[  364.880057] AAAAA-TCP_FORW: name:enp0s3: saddr:100932208: daddr:33561200
[  364.902240] AAAAA-TCP_FORW: name:enp0s3: saddr:33561200: daddr:100932208
[  364.935585] AAAAA-TCP_FORW: name:enp0s3: saddr:16783984: daddr:100932208
[  364.948782] AAAAA-TCP_FORW: name:enp0s3: saddr:100932208: daddr:33561200
[  364.976521] AAAAA-TCP_FORW: name:enp0s3: saddr:16783984: daddr:100932208
[  364.990110] AAAAA-TCP_FORW: name:enp0s3: saddr:100932208: daddr:33561200
[  365.017159] AAAAA-TCP_FORW: name:enp0s3: saddr:33561200: daddr:100932208
[  365.030754] AAAAA-TCP_FORW: name:enp0s3: saddr:100932208: daddr:33561200
[  365.041326] AAAAA-TCP_FORW: name:enp0s3: saddr:16783984: daddr:100932208
[  365.087770] AAAAA-TCP_FORW: name:enp0s3: saddr:33561200: daddr:100932208
[  365.107645] AAAAA-TCP_FORW: name:enp0s3: saddr:100932208: daddr:33561200
[  365.198936] AAAAA-TCP_FORW: name:enp0s3: saddr:100932208: daddr:33561200
[  365.228251] AAAAA-TCP_FORW: name:enp0s3: saddr:33561200: daddr:100932208
[  365.315631] AAAAA-TCP_FORW: name:enp0s3: saddr:100932208: daddr:16783984
[  365.334547] AAAAA-TCP_FORW: name:enp0s3: saddr:16783984: daddr:100932208
[  365.376368] AAAAA-TCP_FORW: name:enp0s3: saddr:16783984: daddr:100932208
[  365.416724] AAAAA-TCP_FORW: name:enp0s3: saddr:100932208: daddr:33561200
