[    0.000000] Linux version 5.4.243-mptcp (root@ztg) (gcc version 12.2.0 (Debian 12.2.0-14+deb12u1)) #53 SMP Wed Dec 24 23:28:15 CST 2025
[    0.000000] Command line: BOOT_IMAGE=/boot/vmlinuz-5.4.243-mptcp root=UUID=98415a12-53b7-4144-8265-0f7ece09e445 ro quiet splash
[    0.000000] KERNEL supported cpus:
[    0.000000]   Intel GenuineIntel
[    0.000000]   AMD AuthenticAMD
[    0.000000]   Hygon HygonGenuine
[    0.000000]   Centaur CentaurHauls
[    0.000000]   zhaoxin   Shanghai  
[    0.000000] x86/fpu: Supporting XSAVE feature 0x001: 'x87 floating point registers'
[    0.000000] x86/fpu: Supporting XSAVE feature 0x002: 'SSE registers'
[    0.000000] x86/fpu: Supporting XSAVE feature 0x004: 'AVX registers'
[    0.000000] x86/fpu: xstate_offset[2]:  576, xstate_sizes[2]:  256
[    0.000000] x86/fpu: Enabled xstate features 0x7, context size is 832 bytes, using 'standard' format.
[    0.000000] BIOS-provided physical RAM map:
[    0.000000] BIOS-e820: [mem 0x0000000000000000-0x000000000009fbff] usable
[    0.000000] BIOS-e820: [mem 0x000000000009fc00-0x000000000009ffff] reserved
[    0.000000] BIOS-e820: [mem 0x00000000000f0000-0x00000000000fffff] reserved
[    0.000000] BIOS-e820: [mem 0x0000000000100000-0x000000007ffeffff] usable
[    0.000000] BIOS-e820: [mem 0x000000007fff0000-0x000000007fffffff] ACPI data
[    0.000000] BIOS-e820: [mem 0x00000000fec00000-0x00000000fec00fff] reserved
[    0.000000] BIOS-e820: [mem 0x00000000fee00000-0x00000000fee00fff] reserved
[    0.000000] BIOS-e820: [mem 0x00000000fffc0000-0x00000000ffffffff] reserved
[    0.000000] NX (Execute Disable) protection: active
[    0.000000] SMBIOS 2.5 present.
[    0.000000] DMI: innotek GmbH VirtualBox/VirtualBox, BIOS VirtualBox 12/01/2006
[    0.000000] Hypervisor detected: KVM
[    0.000000] kvm-clock: Using msrs 4b564d01 and 4b564d00
[    0.000000] kvm-clock: cpu 0, msr 63001001, primary cpu clock
[    0.000000] kvm-clock: using sched offset of 4965198295 cycles
[    0.000003] clocksource: kvm-clock: mask: 0xffffffffffffffff max_cycles: 0x1cd42e4dffb, max_idle_ns: 881590591483 ns
[    0.000005] tsc: Detected 2100.000 MHz processor
[    0.001889] e820: update [mem 0x00000000-0x00000fff] usable ==> reserved
[    0.001891] e820: remove [mem 0x000a0000-0x000fffff] usable
[    0.001895] last_pfn = 0x7fff0 max_arch_pfn = 0x400000000
[    0.001963] MTRR default type: uncachable
[    0.001964] MTRR fixed ranges enabled:
[    0.001965]   00000-9FFFF write-back
[    0.001966]   A0000-BFFFF uncachable
[    0.001967]   C0000-FFFFF write-protect
[    0.001968] MTRR variable ranges enabled:
[    0.001969]   0 base 000000000000 mask 3FFF80000000 write-back
[    0.001970]   1 disabled
[    0.001970]   2 disabled
[    0.001971]   3 disabled
[    0.001971]   4 disabled
[    0.001972]   5 disabled
[    0.001972]   6 disabled
[    0.001972]   7 disabled
[    0.001973]   8 disabled
[    0.001973]   9 disabled
[    0.001974]   10 disabled
[    0.001974]   11 disabled
[    0.001975]   12 disabled
[    0.001975]   13 disabled
[    0.001975]   14 disabled
[    0.001976]   15 disabled
[    0.001994] x86/PAT: Configuration [0-7]: WB  WC  UC- UC  WB  WP  UC- WT  
[    0.002127] found SMP MP-table at [mem 0x0009fff0-0x0009ffff]
[    0.094733] check: Scanning 1 areas for low memory corruption
[    0.094934] RAMDISK: [mem 0x32271000-0x3512ffff]
[    0.094942] ACPI: Early table checksum verification disabled
[    0.094948] ACPI: RSDP 0x00000000000E0000 000024 (v02 VBOX  )
[    0.094953] ACPI: XSDT 0x000000007FFF0030 00003C (v01 VBOX   VBOXXSDT 00000001 ASL  00000061)
[    0.094960] ACPI: FACP 0x000000007FFF00F0 0000F4 (v04 VBOX   VBOXFACP 00000001 ASL  00000061)
[    0.094966] ACPI: DSDT 0x000000007FFF02E0 002353 (v02 VBOX   VBOXBIOS 00000002 VBOX 00029BF3)
[    0.094971] ACPI: FACS 0x000000007FFF0200 000040
[    0.094974] ACPI: FACS 0x000000007FFF0200 000040
[    0.094977] ACPI: APIC 0x000000007FFF0240 000054 (v02 VBOX   VBOXAPIC 00000001 ASL  00000061)
[    0.094981] ACPI: SSDT 0x000000007FFF02A0 000038 (v01 VBOX   VBOXCPUT 00000002 VBOX 00029BF3)
[    0.094984] ACPI: Reserving FACP table memory at [mem 0x7fff00f0-0x7fff01e3]
[    0.094985] ACPI: Reserving DSDT table memory at [mem 0x7fff02e0-0x7fff2632]
[    0.094986] ACPI: Reserving FACS table memory at [mem 0x7fff0200-0x7fff023f]
[    0.094987] ACPI: Reserving FACS table memory at [mem 0x7fff0200-0x7fff023f]
[    0.094987] ACPI: Reserving APIC table memory at [mem 0x7fff0240-0x7fff0293]
[    0.094988] ACPI: Reserving SSDT table memory at [mem 0x7fff02a0-0x7fff02d7]
[    0.095003] ACPI: Local APIC address 0xfee00000
[    0.095194] No NUMA configuration found
[    0.095195] Faking a node at [mem 0x0000000000000000-0x000000007ffeffff]
[    0.095206] NODE_DATA(0) allocated [mem 0x7ffc5000-0x7ffeffff]
[    0.095467] Zone ranges:
[    0.095468]   DMA      [mem 0x0000000000001000-0x0000000000ffffff]
[    0.095469]   DMA32    [mem 0x0000000001000000-0x000000007ffeffff]
[    0.095470]   Normal   empty
[    0.095471]   Device   empty
[    0.095471] Movable zone start for each node
[    0.095473] Early memory node ranges
[    0.095474]   node   0: [mem 0x0000000000001000-0x000000000009efff]
[    0.095475]   node   0: [mem 0x0000000000100000-0x000000007ffeffff]
[    0.095478] Zeroed struct page in unavailable ranges: 114 pages
[    0.095479] Initmem setup node 0 [mem 0x0000000000001000-0x000000007ffeffff]
[    0.095480] On node 0 totalpages: 524174
[    0.095481]   DMA zone: 64 pages used for memmap
[    0.095482]   DMA zone: 21 pages reserved
[    0.095483]   DMA zone: 3998 pages, LIFO batch:0
[    0.095553]   DMA32 zone: 8128 pages used for memmap
[    0.095554]   DMA32 zone: 520176 pages, LIFO batch:63
[    0.104452] ACPI: PM-Timer IO Port: 0x4008
[    0.104456] ACPI: Local APIC address 0xfee00000
[    0.104528] IOAPIC[0]: apic_id 1, version 32, address 0xfec00000, GSI 0-23
[    0.104531] ACPI: INT_SRC_OVR (bus 0 bus_irq 0 global_irq 2 dfl dfl)
[    0.104533] ACPI: INT_SRC_OVR (bus 0 bus_irq 9 global_irq 9 low level)
[    0.104535] ACPI: IRQ0 used by override.
[    0.104536] ACPI: IRQ9 used by override.
[    0.104538] Using ACPI (MADT) for SMP configuration information
[    0.104545] smpboot: Allowing 1 CPUs, 0 hotplug CPUs
[    0.104568] PM: Registered nosave memory: [mem 0x00000000-0x00000fff]
[    0.104569] PM: Registered nosave memory: [mem 0x0009f000-0x0009ffff]
[    0.104570] PM: Registered nosave memory: [mem 0x000a0000-0x000effff]
[    0.104570] PM: Registered nosave memory: [mem 0x000f0000-0x000fffff]
[    0.104572] [mem 0x80000000-0xfebfffff] available for PCI devices
[    0.104573] Booting paravirtualized kernel on KVM
[    0.104576] clocksource: refined-jiffies: mask: 0xffffffff max_cycles: 0xffffffff, max_idle_ns: 7645519600211568 ns
[    0.104581] setup_percpu: NR_CPUS:8192 nr_cpumask_bits:1 nr_cpu_ids:1 nr_node_ids:1
[    0.105595] percpu: Embedded 60 pages/cpu s208896 r8192 d28672 u2097152
[    0.105600] pcpu-alloc: s208896 r8192 d28672 u2097152 alloc=1*2097152
[    0.105600] pcpu-alloc: [0] 0 
[    0.105628] Built 1 zonelists, mobility grouping on.  Total pages: 515961
[    0.105629] Policy zone: DMA32
[    0.105630] Kernel command line: BOOT_IMAGE=/boot/vmlinuz-5.4.243-mptcp root=UUID=98415a12-53b7-4144-8265-0f7ece09e445 ro quiet splash
[    0.106496] Dentry cache hash table entries: 262144 (order: 9, 2097152 bytes, linear)
[    0.106643] Inode-cache hash table entries: 131072 (order: 8, 1048576 bytes, linear)
[    0.106712] mem auto-init: stack:off, heap alloc:on, heap free:off
[    0.106715] Calgary: detecting Calgary via BIOS EBDA area
[    0.106716] Calgary: Unable to locate Rio Grande table in EBDA - bailing!
[    0.110848] Memory: 1967332K/2096696K available (14339K kernel code, 2398K rwdata, 4712K rodata, 2728K init, 17260K bss, 129364K reserved, 0K cma-reserved)
[    0.111794] SLUB: HWalign=64, Order=0-3, MinObjects=0, CPUs=1, Nodes=1
[    0.111811] ftrace: allocating 43186 entries in 169 pages
[    0.130012] rcu: Hierarchical RCU implementation.
[    0.130014] rcu: 	RCU restricting CPUs from NR_CPUS=8192 to nr_cpu_ids=1.
[    0.130015] 	Tasks RCU enabled.
[    0.130016] rcu: RCU calculated value of scheduler-enlistment delay is 25 jiffies.
[    0.130017] rcu: Adjusting geometry for rcu_fanout_leaf=16, nr_cpu_ids=1
[    0.132990] NR_IRQS: 524544, nr_irqs: 256, preallocated irqs: 16
[    0.133205] random: crng init done
[    0.142537] Console: colour VGA+ 80x25
[    0.142542] printk: console [tty0] enabled
[    0.142561] ACPI: Core revision 20190816
[    0.142662] APIC: Switch to symmetric I/O mode setup
[    0.142927] x2apic enabled
[    0.143166] Switched APIC routing to physical x2apic.
[    0.144303] ..TIMER: vector=0x30 apic1=0 pin1=2 apic2=-1 pin2=-1
[    0.144330] clocksource: tsc-early: mask: 0xffffffffffffffff max_cycles: 0x1e4530a99b6, max_idle_ns: 440795257976 ns
[    0.144336] Calibrating delay loop (skipped) preset value.. 4200.00 BogoMIPS (lpj=8400000)
[    0.144338] pid_max: default: 32768 minimum: 301
[    0.144366] LSM: Security Framework initializing
[    0.144376] Yama: becoming mindful.
[    0.144402] AppArmor: AppArmor initialized
[    0.144435] Mount-cache hash table entries: 4096 (order: 3, 32768 bytes, linear)
[    0.144439] Mountpoint-cache hash table entries: 4096 (order: 3, 32768 bytes, linear)
[    0.144449] *** VALIDATE tmpfs ***
[    0.144581] *** VALIDATE proc ***
[    0.144623] *** VALIDATE cgroup1 ***
[    0.144624] *** VALIDATE cgroup2 ***
[    0.144766] process: using mwait in idle threads
[    0.144771] Last level iTLB entries: 4KB 64, 2MB 8, 4MB 8
[    0.144772] Last level dTLB entries: 4KB 64, 2MB 0, 4MB 0, 1GB 4
[    0.144791] Spectre V1 : Mitigation: usercopy/swapgs barriers and __user pointer sanitization
[    0.144796] Spectre V2 : Mitigation: Retpolines
[    0.144797] Spectre V2 : Spectre v2 / SpectreRSB mitigation: Filling RSB on context switch
[    0.144797] Spectre V2 : Spectre v2 / SpectreRSB : Filling RSB on VMEXIT
[    0.144798] RETBleed: WARNING: Spectre v2 mitigation leaves CPU vulnerable to RETBleed attacks, data leaks possible!
[    0.145163] RETBleed: Vulnerable
[    0.145163] Speculative Store Bypass: Vulnerable
[    0.145168] TAA: Mitigation: TSX disabled
[    0.145168] MMIO Stale Data: Mitigation: Clear CPU buffers
[    0.149421] Freeing SMP alternatives memory: 40K
[    0.261877] smpboot: CPU0: Intel(R) Xeon(R) Silver 4216 CPU @ 2.10GHz (family: 0x6, model: 0x55, stepping: 0x7)
[    0.262015] Performance Events: unsupported p6 CPU model 85 no PMU driver, software events only.
[    0.262051] rcu: Hierarchical SRCU implementation.
[    0.262534] NMI watchdog: Perf NMI watchdog permanently disabled
[    0.262572] smp: Bringing up secondary CPUs ...
[    0.262573] smp: Brought up 1 node, 1 CPU
[    0.262574] smpboot: Max logical packages: 1
[    0.262576] smpboot: Total of 1 processors activated (4200.00 BogoMIPS)
[    0.263548] devtmpfs: initialized
[    0.263597] x86/mm: Memory block size: 128MB
[    0.263947] clocksource: jiffies: mask: 0xffffffff max_cycles: 0xffffffff, max_idle_ns: 7645041785100000 ns
[    0.263953] futex hash table entries: 256 (order: 2, 16384 bytes, linear)
[    0.263996] pinctrl core: initialized pinctrl subsystem
[    0.264098] PM: RTC time: 21:26:33, date: 2026-01-11
[    0.264204] NET: Registered protocol family 16
[    0.264278] audit: initializing netlink subsys (disabled)
[    0.264331] EISA bus registered
[    0.264331] cpuidle: using governor ladder
[    0.264331] cpuidle: using governor menu
[    0.264331] ACPI: bus type PCI registered
[    0.264331] acpiphp: ACPI Hot Plug PCI Controller Driver version: 0.5
[    0.264331] PCI: Using configuration type 1 for base access
[    0.264654] audit: type=2000 audit(1768137999.893:1): state=initialized audit_enabled=0 res=1
[    0.264734] HugeTLB registered 2.00 MiB page size, pre-allocated 0 pages
[    0.265557] ACPI: Added _OSI(Module Device)
[    0.265558] ACPI: Added _OSI(Processor Device)
[    0.265558] ACPI: Added _OSI(3.0 _SCP Extensions)
[    0.265559] ACPI: Added _OSI(Processor Aggregator Device)
[    0.265560] ACPI: Added _OSI(Linux-Dell-Video)
[    0.265561] ACPI: Added _OSI(Linux-Lenovo-NV-HDMI-Audio)
[    0.265562] ACPI: Added _OSI(Linux-HPI-Hybrid-Graphics)
[    0.267667] ACPI: 2 ACPI AML tables successfully acquired and loaded
[    0.269490] ACPI: Interpreter enabled
[    0.269501] ACPI: (supports S0 S5)
[    0.269503] ACPI: Using IOAPIC for interrupt routing
[    0.269719] PCI: Using host bridge windows from ACPI; if necessary, use "pci=nocrs" and report a bug
[    0.269828] ACPI: Enabled 2 GPEs in block 00 to 07
[    0.274690] ACPI: PCI Root Bridge [PCI0] (domain 0000 [bus 00-ff])
[    0.274695] acpi PNP0A03:00: _OSC: OS supports [ASPM ClockPM Segments MSI HPX-Type3]
[    0.275156] acpi PNP0A03:00: _OSC: not requesting OS control; OS requires [ExtendedConfig ASPM ClockPM MSI]
[    0.275163] acpi PNP0A03:00: fail to add MMCONFIG information, can't access extended PCI configuration space under this bridge.
[    0.275541] PCI host bridge to bus 0000:00
[    0.275543] pci_bus 0000:00: root bus resource [io  0x0000-0x0cf7 window]
[    0.275544] pci_bus 0000:00: root bus resource [io  0x0d00-0xffff window]
[    0.275545] pci_bus 0000:00: root bus resource [mem 0x000a0000-0x000bffff window]
[    0.275546] pci_bus 0000:00: root bus resource [mem 0x80000000-0xfdffffff window]
[    0.275548] pci_bus 0000:00: root bus resource [bus 00-ff]
[    0.275589] pci 0000:00:00.0: [8086:1237] type 00 class 0x060000
[    0.276413] pci 0000:00:01.0: [8086:7000] type 00 class 0x060100
[    0.277177] pci 0000:00:01.1: [8086:7111] type 00 class 0x01018a
[    0.277565] pci 0000:00:01.1: reg 0x20: [io  0xd000-0xd00f]
[    0.277725] pci 0000:00:01.1: legacy IDE quirk: reg 0x10: [io  0x01f0-0x01f7]
[    0.277726] pci 0000:00:01.1: legacy IDE quirk: reg 0x14: [io  0x03f6]
[    0.277727] pci 0000:00:01.1: legacy IDE quirk: reg 0x18: [io  0x0170-0x0177]
[    0.277727] pci 0000:00:01.1: legacy IDE quirk: reg 0x1c: [io  0x0376]
[    0.278266] pci 0000:00:02.0: [15ad:0405] type 00 class 0x030000
[    0.280411] pci 0000:00:02.0: reg 0x10: [io  0xd010-0xd01f]
[    0.283362] pci 0000:00:02.0: reg 0x14: [mem 0xe0000000-0xe7ffffff pref]
[    0.284379] pci 0000:00:02.0: reg 0x18: [mem 0xf0000000-0xf01fffff]
[    0.297135] pci 0000:00:03.0: [1022:2000] type 00 class 0x020000
[    0.297868] pci 0000:00:03.0: reg 0x10: [io  0xd020-0xd03f]
[    0.298518] pci 0000:00:03.0: reg 0x14: [mem 0xf0200000-0xf0200fff]
[    0.303518] pci 0000:00:04.0: [80ee:cafe] type 00 class 0x088000
[    0.304202] pci 0000:00:04.0: reg 0x10: [io  0xd040-0xd05f]
[    0.304451] pci 0000:00:04.0: reg 0x14: [mem 0xf0400000-0xf07fffff]
[    0.305061] pci 0000:00:04.0: reg 0x18: [mem 0xf0800000-0xf0803fff pref]
[    0.308375] pci 0000:00:07.0: [8086:7113] type 00 class 0x068000
[    0.308917] pci 0000:00:07.0: quirk: [io  0x4000-0x403f] claimed by PIIX4 ACPI
[    0.308927] pci 0000:00:07.0: quirk: [io  0x4100-0x410f] claimed by PIIX4 SMB
[    0.309543] pci 0000:00:08.0: [8086:100e] type 00 class 0x020000
[    0.310267] pci 0000:00:08.0: reg 0x10: [mem 0xf0820000-0xf083ffff]
[    0.311441] pci 0000:00:08.0: reg 0x18: [io  0xd060-0xd067]
[    0.314566] pci 0000:00:09.0: [8086:100e] type 00 class 0x020000
[    0.315284] pci 0000:00:09.0: reg 0x10: [mem 0xf0840000-0xf085ffff]
[    0.317018] pci 0000:00:09.0: reg 0x18: [io  0xd068-0xd06f]
[    0.325486] ACPI: PCI Interrupt Link [LNKA] (IRQs 5 9 10 *11)
[    0.328473] ACPI: PCI Interrupt Link [LNKB] (IRQs 5 9 *10 11)
[    0.328579] ACPI: PCI Interrupt Link [LNKC] (IRQs 5 *9 10 11)
[    0.328680] ACPI: PCI Interrupt Link [LNKD] (IRQs 5 9 10 *11)
[    0.328950] iommu: Default domain type: Translated 
[    0.329012] pci 0000:00:02.0: vgaarb: setting as boot VGA device
[    0.329014] pci 0000:00:02.0: vgaarb: VGA device added: decodes=io+mem,owns=io+mem,locks=none
[    0.329016] pci 0000:00:02.0: vgaarb: bridge control possible
[    0.329017] vgaarb: loaded
[    0.329226] SCSI subsystem initialized
[    0.329260] libata version 3.00 loaded.
[    0.329285] ACPI: bus type USB registered
[    0.329301] usbcore: registered new interface driver usbfs
[    0.329306] usbcore: registered new interface driver hub
[    0.329312] usbcore: registered new device driver usb
[    0.329337] pps_core: LinuxPPS API ver. 1 registered
[    0.329337] pps_core: Software ver. 5.3.6 - Copyright 2005-2007 Rodolfo Giometti <giometti@linux.it>
[    0.329340] PTP clock support registered
[    0.329377] EDAC MC: Ver: 3.0.0
[    0.329667] PCI: Using ACPI for IRQ routing
[    0.329668] PCI: pci_cache_line_size set to 64 bytes
[    0.329842] e820: reserve RAM buffer [mem 0x0009fc00-0x0009ffff]
[    0.329846] e820: reserve RAM buffer [mem 0x7fff0000-0x7fffffff]
[    0.330639] NetLabel: Initializing
[    0.330640] NetLabel:  domain hash size = 128
[    0.330640] NetLabel:  protocols = UNLABELED CIPSOv4 CALIPSO
[    0.330660] NetLabel:  unlabeled traffic allowed by default
[    0.331571] clocksource: Switched to clocksource kvm-clock
[    0.342780] *** VALIDATE bpf ***
[    0.342848] VFS: Disk quotas dquot_6.6.0
[    0.342861] VFS: Dquot-cache hash table entries: 512 (order 0, 4096 bytes)
[    0.342885] *** VALIDATE ramfs ***
[    0.342888] *** VALIDATE hugetlbfs ***
[    0.342970] AppArmor: AppArmor Filesystem Enabled
[    0.342998] pnp: PnP ACPI init
[    0.343070] pnp 00:00: Plug and Play ACPI device, IDs PNP0303 (active)
[    0.343142] pnp 00:01: Plug and Play ACPI device, IDs PNP0f03 (active)
[    0.343932] pnp: PnP ACPI: found 2 devices
[    0.344898] thermal_sys: Registered thermal governor 'fair_share'
[    0.344899] thermal_sys: Registered thermal governor 'bang_bang'
[    0.344899] thermal_sys: Registered thermal governor 'step_wise'
[    0.344900] thermal_sys: Registered thermal governor 'user_space'
[    0.344901] thermal_sys: Registered thermal governor 'power_allocator'
[    0.347194] clocksource: acpi_pm: mask: 0xffffff max_cycles: 0xffffff, max_idle_ns: 2085701024 ns
[    0.347194] pci_bus 0000:00: resource 4 [io  0x0000-0x0cf7 window]
[    0.347194] pci_bus 0000:00: resource 5 [io  0x0d00-0xffff window]
[    0.347194] pci_bus 0000:00: resource 6 [mem 0x000a0000-0x000bffff window]
[    0.347194] pci_bus 0000:00: resource 7 [mem 0x80000000-0xfdffffff window]
[    0.347194] NET: Registered protocol family 2
[    0.347194] IP idents hash table entries: 32768 (order: 6, 262144 bytes, linear)
[    0.347194] MPTCP tokens hash table entries: 8192 (order: 4, 65536 bytes, linear)
[    0.347194] MPTCP request tokens hash table entries: 8192 (order: 4, 65536 bytes, linear)
[    0.347194] default registered
[    0.347194] default registered
[    0.347194] MPTCP: Stable release v0.96
[    0.347194] tcp_listen_portaddr_hash hash table entries: 1024 (order: 2, 16384 bytes, linear)
[    0.347194] TCP established hash table entries: 16384 (order: 5, 131072 bytes, linear)
[    0.347194] TCP bind hash table entries: 16384 (order: 6, 262144 bytes, linear)
[    0.347194] TCP: Hash tables configured (established 16384 bind 16384)
[    0.347194] UDP hash table entries: 1024 (order: 3, 32768 bytes, linear)
[    0.347194] UDP-Lite hash table entries: 1024 (order: 3, 32768 bytes, linear)
[    0.347194] NET: Registered protocol family 1
[    0.347194] NET: Registered protocol family 44
[    0.347194] pci 0000:00:00.0: Limiting direct PCI/PCI transfers
[    0.347194] pci 0000:00:01.0: Activating ISA DMA hang workarounds
[    0.347194] pci 0000:00:02.0: Video device with shadowed ROM at [mem 0x000c0000-0x000dffff]
[    0.347194] PCI: CLS 0 bytes, default 64
[    0.347194] Trying to unpack rootfs image as initramfs...
[    0.527377] Freeing initrd memory: 47868K
[    0.527377] clocksource: tsc: mask: 0xffffffffffffffff max_cycles: 0x1e4530a99b6, max_idle_ns: 440795257976 ns
[    0.527377] clocksource: Switched to clocksource tsc
[    0.527377] platform rtc_cmos: registered platform RTC device (no PNP device found)
[    0.527377] check: Scanning for low memory corruption every 60 seconds
[    0.527377] Initialise system trusted keyrings
[    0.527377] Key type blacklist registered
[    0.527377] workingset: timestamp_bits=36 max_order=19 bucket_order=0
[    0.527377] zbud: loaded
[    0.527377] squashfs: version 4.0 (2009/01/31) Phillip Lougher
[    0.527377] fuse: init (API version 7.31)
[    0.527377] *** VALIDATE fuse ***
[    0.527377] *** VALIDATE fuse ***
[    0.527377] Platform Keyring initialized
[    0.542046] Key type asymmetric registered
[    0.542047] Asymmetric key parser 'x509' registered
[    0.542058] Block layer SCSI generic (bsg) driver version 0.4 loaded (major 244)
[    0.542096] io scheduler mq-deadline registered
[    0.542215] shpchp: Standard Hot Plug PCI Controller Driver version: 0.4
[    0.542418] ACPI: AC Adapter [AC] (on-line)
[    0.542462] input: Power Button as /devices/LNXSYSTM:00/LNXPWRBN:00/input/input0
[    0.542490] ACPI: Power Button [PWRF]
[    0.542574] input: Sleep Button as /devices/LNXSYSTM:00/LNXSLPBN:00/input/input1
[    0.542589] ACPI: Sleep Button [SLPF]
[    0.542837] Serial: 8250/16550 driver, 32 ports, IRQ sharing enabled
[    0.543996] Linux agpgart interface v0.103
[    0.639173] loop: module loaded
[    0.639294] ata_piix 0000:00:01.1: version 2.13
[    0.639681] scsi host0: ata_piix
[    0.639766] scsi host1: ata_piix
[    0.639793] ata1: PATA max UDMA/33 cmd 0x1f0 ctl 0x3f6 bmdma 0xd000 irq 14
[    0.639794] ata2: PATA max UDMA/33 cmd 0x170 ctl 0x376 bmdma 0xd008 irq 15
[    0.639865] tun: Universal TUN/TAP device driver, 1.6
[    0.640176] PPP generic driver version 2.4.2
[    0.640216] VFIO - User Level meta-driver version: 0.3
[    0.640450] ehci_hcd: USB 2.0 'Enhanced' Host Controller (EHCI) Driver
[    0.640452] ehci-pci: EHCI PCI platform driver
[    0.640464] ehci-platform: EHCI generic platform driver
[    0.640469] ohci_hcd: USB 1.1 'Open' Host Controller (OHCI) Driver
[    0.640470] ohci-pci: OHCI PCI platform driver
[    0.640478] ohci-platform: OHCI generic platform driver
[    0.640482] uhci_hcd: USB Universal Host Controller Interface driver
[    0.640542] i8042: PNP: PS/2 Controller [PNP0303:PS2K,PNP0f03:PS2M] at 0x60,0x64 irq 1,12
[    0.640972] serio: i8042 KBD port at 0x60,0x64 irq 1
[    0.640976] serio: i8042 AUX port at 0x60,0x64 irq 12
[    0.641058] mousedev: PS/2 mouse device common for all mice
[    0.641307] input: AT Translated Set 2 keyboard as /devices/platform/i8042/serio0/input/input2
[    0.641701] rtc_cmos rtc_cmos: registered as rtc0
[    0.641714] rtc_cmos rtc_cmos: alarms up to one day, 114 bytes nvram
[    0.641719] i2c /dev entries driver
[    0.641758] device-mapper: uevent: version 1.0.3
[    0.641799] device-mapper: ioctl: 4.41.0-ioctl (2019-09-16) initialised: dm-devel@redhat.com
[    0.641814] platform eisa.0: Probing EISA bus 0
[    0.641815] platform eisa.0: EISA: Cannot allocate resource for mainboard
[    0.641817] platform eisa.0: Cannot allocate resource for EISA slot 1
[    0.641818] platform eisa.0: Cannot allocate resource for EISA slot 2
[    0.641819] platform eisa.0: Cannot allocate resource for EISA slot 3
[    0.641820] platform eisa.0: Cannot allocate resource for EISA slot 4
[    0.641821] platform eisa.0: Cannot allocate resource for EISA slot 5
[    0.641822] platform eisa.0: Cannot allocate resource for EISA slot 6
[    0.641822] platform eisa.0: Cannot allocate resource for EISA slot 7
[    0.641823] platform eisa.0: Cannot allocate resource for EISA slot 8
[    0.641824] platform eisa.0: EISA: Detected 0 cards
[    0.641827] intel_pstate: CPU model not supported
[    0.641835] ledtrig-cpu: registered to indicate activity on CPUs
[    0.641883] drop_monitor: Initializing network drop monitor service
[    0.642041] NET: Registered protocol family 10
[    0.647116] Segment Routing with IPv6
[    0.647145] fullmesh registered
[    0.647146] ndiffports registered
[    0.647148] binder registered
[    0.647149] roundrobin registered
[    0.647149] redundant registered
[    0.647150] blest registered
[    0.647150] ecf registered
[    0.647151] NET: Registered protocol family 17
[    0.647180] Key type dns_resolver registered
[    0.647276] RAS: Correctable Errors collector initialized.
[    0.647289] IPI shorthand broadcast: enabled
[    0.647302] sched_clock: Marking stable (632180835, 11136965)->(646273364, -2955564)
[    0.647348] registered taskstats version 1
[    0.647356] Loading compiled-in X.509 certificates
[    0.647943] Loaded X.509 cert 'Build time autogenerated kernel key: 6909f3744cebb3d0de528d5887b96a727de79b1e'
[    0.647959] zswap: loaded using pool lzo/zbud
[    0.648024] Key type ._fscrypt registered
[    0.648024] Key type .fscrypt registered
[    0.652457] Key type big_key registered
[    0.654638] Key type encrypted registered
[    0.654640] AppArmor: AppArmor sha1 policy hashing enabled
[    0.654647] ima: No TPM chip found, activating TPM-bypass!
[    0.654650] ima: Allocated hash algorithm: sha1
[    0.654656] ima: No architecture policies found
[    0.654665] evm: Initialising EVM extended attributes:
[    0.654666] evm: security.selinux
[    0.654666] evm: security.SMACK64
[    0.654667] evm: security.SMACK64EXEC
[    0.654667] evm: security.SMACK64TRANSMUTE
[    0.654668] evm: security.SMACK64MMAP
[    0.654668] evm: security.apparmor
[    0.654669] evm: security.ima
[    0.654669] evm: security.capability
[    0.654670] evm: HMAC attrs: 0x1
[    0.654954] PM:   Magic number: 10:398:449
[    0.655053] rtc_cmos rtc_cmos: setting system clock to 2026-01-11T21:26:33 UTC (1768166793)
[    0.811362] ata1.00: ATA-6: VBOX HARDDISK, 1.0, max UDMA/133
[    0.811364] ata1.00: 209715200 sectors, multi 128: LBA 
[    0.811886] scsi 0:0:0:0: Direct-Access     ATA      VBOX HARDDISK    1.0  PQ: 0 ANSI: 5
[    0.812138] sd 0:0:0:0: [sda] 209715200 512-byte logical blocks: (107 GB/100 GiB)
[    0.812146] sd 0:0:0:0: [sda] Write Protect is off
[    0.812148] sd 0:0:0:0: [sda] Mode Sense: 00 3a 00 00
[    0.812162] sd 0:0:0:0: [sda] Write cache: enabled, read cache: enabled, doesn't support DPO or FUA
[    0.812417] sd 0:0:0:0: Attached scsi generic sg0 type 0
[    0.812985]  sda: sda1 sda2
[    0.823306] sd 0:0:0:0: [sda] Attached SCSI disk
[    0.825615] Freeing unused decrypted memory: 2040K
[    0.826385] Freeing unused kernel image memory: 2728K
[    0.826387] Write protecting the kernel read-only data: 22528k
[    0.827159] Freeing unused kernel image memory: 2036K
[    0.827597] Freeing unused kernel image memory: 1432K
[    0.845025] x86/mm: Checked W+X mappings: passed, no W+X pages found.
[    0.845028] Run /init as init process
[    0.942936] ACPI: Video Device [GFX0] (multi-head: yes  rom: no  post: no)
[    0.943004] input: Video Bus as /devices/LNXSYSTM:00/LNXSYBUS:00/PNP0A03:00/LNXVIDEO:00/input/input4
[    0.953939] pcnet32: pcnet32.c:v1.35 21.Apr.2008 tsbogend@alpha.franken.de
[    0.957633] piix4_smbus 0000:00:07.0: SMBus Host Controller at 0x4100, revision 0
[    0.958381] pcnet32: PCnet/FAST III 79C973 at 0xd020, 08:00:27:b5:e4:5c assigned IRQ 19
[    0.958424] pcnet32: Found PHY 0022:561b at address 0
[    0.958715] pcnet32: eth0: registered as PCnet/FAST III 79C973
[    0.961165] e1000: Intel(R) PRO/1000 Network Driver - version 7.3.21-k8-NAPI
[    0.961165] e1000: Copyright (c) 1999-2006 Intel Corporation.
[    0.972302] pcnet32: 1 cards_found
[    1.030792] pcnet32 0000:00:03.0 enp0s3: renamed from eth0
[    1.173057] input: ImExPS/2 Generic Explorer Mouse as /devices/platform/i8042/serio1/input/input5
[    1.621086] e1000 0000:00:08.0 eth0: (PCI:33MHz:32-bit) 08:00:27:78:20:9e
[    1.621096] e1000 0000:00:08.0 eth0: Intel(R) PRO/1000 Network Connection
[    2.023693] e1000 0000:00:09.0 eth1: (PCI:33MHz:32-bit) 08:00:27:6f:03:a9
[    2.023695] e1000 0000:00:09.0 eth1: Intel(R) PRO/1000 Network Connection
[    2.025127] e1000 0000:00:09.0 enp0s9: renamed from eth1
[    2.027043] e1000 0000:00:08.0 enp0s8: renamed from eth0
[    2.166129] EXT4-fs (sda2): mounted filesystem with ordered data mode. Opts: (null)
[    2.259609] systemd[1]: Inserted module 'autofs4'
[    2.273685] systemd[1]: systemd 245.4-4ubuntu3 running in system mode. (+PAM +AUDIT +SELINUX +IMA +APPARMOR +SMACK +SYSVINIT +UTMP +LIBCRYPTSETUP +GCRYPT +GNUTLS +ACL +XZ +LZ4 +SECCOMP +BLKID +ELFUTILS +KMOD +IDN2 -IDN +PCRE2 default-hierarchy=hybrid)
[    2.273714] systemd[1]: Detected virtualization oracle.
[    2.273717] systemd[1]: Detected architecture x86-64.
[    2.275379] systemd[1]: Set hostname to <ztg>.
[    2.410997] systemd[1]: /lib/systemd/system/dbus.socket:5: ListenStream= references a path below legacy directory /var/run/, updating /var/run/dbus/system_bus_socket â†’ /run/dbus/system_bus_socket; please update the unit file accordingly.
[    2.464681] systemd[1]: Created slice system-modprobe.slice.
[    2.464864] systemd[1]: Created slice User and Session Slice.
[    2.464907] systemd[1]: Started Forward Password Requests to Wall Directory Watch.
[    2.465081] systemd[1]: Set up automount Arbitrary Executable File Formats File System Automount Point.
[    2.465114] systemd[1]: Reached target User and Group Name Lookups.
[    2.465123] systemd[1]: Reached target Remote File Systems.
[    2.465132] systemd[1]: Reached target Slices.
[    2.465691] systemd[1]: Listening on Syslog Socket.
[    2.465759] systemd[1]: Listening on fsck to fsckd communication Socket.
[    2.465797] systemd[1]: Listening on initctl Compatibility Named Pipe.
[    2.465955] systemd[1]: Listening on Journal Audit Socket.
[    2.466010] systemd[1]: Listening on Journal Socket (/dev/log).
[    2.466079] systemd[1]: Listening on Journal Socket.
[    2.466153] systemd[1]: Listening on udev Control Socket.
[    2.466205] systemd[1]: Listening on udev Kernel Socket.
[    2.466956] systemd[1]: Mounting Huge Pages File System...
[    2.467932] systemd[1]: Mounting POSIX Message Queue File System...
[    2.468800] systemd[1]: Mounting Kernel Debug File System...
[    2.469615] systemd[1]: Mounting Kernel Trace File System...
[    2.471627] systemd[1]: Starting Journal Service...
[    2.493796] systemd[1]: Starting Set the console keyboard layout...
[    2.502131] systemd[1]: Starting Create list of static device nodes for the current kernel...
[    2.504137] systemd[1]: Starting Load Kernel Module drm...
[    2.505217] systemd[1]: Condition check resulted in Set Up Additional Binary Formats being skipped.
[    2.505263] systemd[1]: Condition check resulted in File System Check on Root Device being skipped.
[    2.517603] systemd[1]: Starting Load Kernel Modules...
[    2.522970] systemd[1]: Starting Remount Root and Kernel File Systems...
[    2.534976] systemd[1]: Starting udev Coldplug all Devices...
[    2.545914] systemd[1]: Starting Uncomplicated firewall...
[    2.547382] systemd[1]: Mounted Huge Pages File System.
[    2.547466] systemd[1]: Mounted POSIX Message Queue File System.
[    2.547542] systemd[1]: Mounted Kernel Debug File System.
[    2.547611] systemd[1]: Mounted Kernel Trace File System.
[    2.554584] EXT4-fs (sda2): re-mounted. Opts: errors=remount-ro
[    2.589578] systemd[1]: Finished Create list of static device nodes for the current kernel.
[    2.590614] systemd[1]: modprobe@drm.service: Succeeded.
[    2.591095] systemd[1]: Finished Load Kernel Module drm.
[    2.591824] systemd[1]: Finished Remount Root and Kernel File Systems.
[    2.612606] systemd[1]: Finished Uncomplicated firewall.
[    2.614113] lp: driver loaded but no devices found
[    2.616332] systemd[1]: Condition check resulted in Rebuild Hardware Database being skipped.
[    2.616368] systemd[1]: Condition check resulted in Platform Persistent Storage Archival being skipped.
[    2.616992] systemd[1]: Starting Load/Save Random Seed...
[    2.622682] systemd[1]: Starting Create System Users...
[    2.628630] ppdev: user-space parallel port driver
[    2.636126] systemd[1]: Finished Load/Save Random Seed.
[    2.643713] systemd[1]: Finished Create System Users.
[    2.644386] systemd[1]: Starting Create Static Device Nodes in /dev...
[    2.927000] systemd[1]: Finished udev Coldplug all Devices.
[    2.937129] systemd[1]: Finished Create Static Device Nodes in /dev.
[    2.937979] systemd[1]: Starting udev Kernel Device Manager...
[    2.965291] [drm] DMA map mode: Caching DMA mappings.
[    2.965523] [drm] Capabilities:
[    2.965524] [drm]   Rect copy.
[    2.965524] [drm]   Cursor.
[    2.965525] [drm]   Cursor bypass.
[    2.965525] [drm]   Cursor bypass 2.
[    2.965525] [drm]   Alpha cursor.
[    2.965526] [drm]   Extended Fifo.
[    2.965526] [drm]   Pitchlock.
[    2.965527] [drm]   Irq mask.
[    2.965527] [drm]   GMR.
[    2.965527] [drm]   Traces.
[    2.965527] [drm]   GMR2.
[    2.965528] [drm]   Screen Object 2.
[    2.965528] [drm]   Command Buffers.
[    2.965529] [drm]   Command Buffers 2.
[    2.965529] [drm]   Guest Backed Resources.
[    2.965530] [drm] Max GMR ids is 8192
[    2.965531] [drm] Max number of GMR pages is 1048576
[    2.965531] [drm] Max dedicated hypervisor surface memory is 393216 kiB
[    2.965532] [drm] Maximum display memory size is 131072 kiB
[    2.965532] [drm] VRAM at 0xe0000000 size is 131072 kiB
[    2.965533] [drm] MMIO at 0xf0000000 size is 2048 kiB
[    2.966203] [TTM] Zone  kernel: Available graphics memory: 1011738 KiB
[    2.966204] [TTM] Initializing pool allocator
[    2.966208] [TTM] Initializing DMA pool allocator
[    2.966353] [drm] Supports vblank timestamp caching Rev 2 (21.10.2013).
[    2.966354] [drm] No driver support for vblank timestamp query.
[    2.966695] [drm] Screen Target Display device initialized
[    2.966934] [drm] width 720
[    2.966951] [drm] height 400
[    2.966965] [drm] bpp 32
[    2.967565] [drm] Fifo max 0x00200000 min 0x00001000 cap 0x00000355
[    2.968651] [drm] Using command buffers with DMA pool.
[    2.968655] [drm] DX: no.
[    2.968655] [drm] Atomic: yes.
[    2.968655] [drm] SM4_1: no.
[    2.968681] [drm:vmw_host_log [vmwgfx]] *ERROR* Failed to send host log message.
[    2.969793] [drm:vmw_host_log [vmwgfx]] *ERROR* Failed to send host log message.
[    2.976061] fbcon: svgadrmfb (fb0) is primary device
[    2.983177] Console: switching to colour frame buffer device 100x37
[    2.987975] [drm] Initialized vmwgfx 2.15.0 20180704 for 0000:00:02.0 on minor 0
[    2.989198] systemd[1]: Finished Load Kernel Modules.
[    2.990158] systemd[1]: Mounting FUSE Control File System...
[    2.991028] systemd[1]: Mounting Kernel Configuration File System...
[    3.010383] systemd[1]: Starting Apply Kernel Variables...
[    3.027905] systemd[1]: Finished Set the console keyboard layout.
[    3.028058] systemd[1]: Mounted FUSE Control File System.
[    3.028140] systemd[1]: Mounted Kernel Configuration File System.
[    3.028197] systemd[1]: Reached target Local File Systems (Pre).
[    3.028215] systemd[1]: Condition check resulted in VMware vmblock fuse mount being skipped.
[    3.032979] systemd[1]: Mounting Mount unit for bare, revision 5...
[    3.043735] systemd[1]: Mounting Mount unit for core18, revision 1705...
[    3.050103] systemd[1]: Mounting Mount unit for gnome-3-34-1804, revision 24...
[    3.064379] systemd[1]: Mounting Mount unit for gtk-common-themes, revision 1506...
[    3.080749] systemd[1]: Mounting Mount unit for gtk-common-themes, revision 1535...
[    3.082355] systemd[1]: Mounting Mount unit for snap-store, revision 433...
[    3.090823] systemd[1]: Mounting Mount unit for snapd, revision 7264...
[    3.091127] systemd[1]: Started Journal Service.
[    3.107984] systemd-journald[229]: Received client request to flush runtime journal.
[    3.110276] systemd-journald[229]: File /var/log/journal/c455b248004a419c87ce85eea238d727/system.journal corrupted or uncleanly shut down, renaming and replacing.
[    3.296151] audit: type=1400 audit(1768166796.140:2): apparmor="STATUS" operation="profile_load" profile="unconfined" name="nvidia_modprobe" pid=307 comm="apparmor_parser"
[    3.296153] audit: type=1400 audit(1768166796.140:3): apparmor="STATUS" operation="profile_load" profile="unconfined" name="nvidia_modprobe//kmod" pid=307 comm="apparmor_parser"
[    3.320981] audit: type=1400 audit(1768166796.164:4): apparmor="STATUS" operation="profile_load" profile="unconfined" name="/usr/sbin/tcpdump" pid=308 comm="apparmor_parser"
[    3.389507] audit: type=1400 audit(1768166796.224:5): apparmor="STATUS" operation="profile_load" profile="unconfined" name="/usr/bin/evince" pid=310 comm="apparmor_parser"
[    3.389510] audit: type=1400 audit(1768166796.224:6): apparmor="STATUS" operation="profile_load" profile="unconfined" name="/usr/bin/evince//sanitized_helper" pid=310 comm="apparmor_parser"
[    3.389512] audit: type=1400 audit(1768166796.224:7): apparmor="STATUS" operation="profile_load" profile="unconfined" name="/usr/bin/evince-previewer" pid=310 comm="apparmor_parser"
[    3.389514] audit: type=1400 audit(1768166796.224:8): apparmor="STATUS" operation="profile_load" profile="unconfined" name="/usr/bin/evince-previewer//sanitized_helper" pid=310 comm="apparmor_parser"
[    3.389516] audit: type=1400 audit(1768166796.224:9): apparmor="STATUS" operation="profile_load" profile="unconfined" name="/usr/bin/evince-thumbnailer" pid=310 comm="apparmor_parser"
[    3.420238] audit: type=1400 audit(1768166796.260:10): apparmor="STATUS" operation="profile_load" profile="unconfined" name="/usr/lib/cups/backend/cups-pdf" pid=311 comm="apparmor_parser"
[    4.723447] RAPL PMU: API unit is 2^-32 Joules, 0 fixed counters, 10737418240 ms ovfl timer
[    4.787778] cryptd: max_cpu_qlen set to 1000
[    4.850929] AVX2 version of gcm_enc/dec engaged.
[    4.850930] AES CTR mode by8 optimization enabled
[    5.659577] Adding 1998844k swap on /dev/sda1.  Priority:-2 extents:1 across:1998844k FS
[    6.511025] kauditd_printk_skb: 30 callbacks suppressed
[    6.511026] audit: type=1400 audit(1768166799.352:41): apparmor="DENIED" operation="capable" profile="/usr/sbin/cups-browsed" pid=497 comm="cups-browsed" capability=23  capname="sys_nice"
[    7.742237] pcnet32 0000:00:03.0 enp0s3: link up, 100Mbps, full-duplex
[    7.777611] e1000: enp0s8 NIC Link is Up 1000 Mbps Full Duplex, Flow Control: RX
[    7.777900] IPv6: ADDRCONF(NETDEV_CHANGE): enp0s8: link becomes ready
[    7.790181] e1000: enp0s9 NIC Link is Up 1000 Mbps Full Duplex, Flow Control: RX
[    7.790475] IPv6: ADDRCONF(NETDEV_CHANGE): enp0s9: link becomes ready
[    8.598373] device enp0s3 entered promiscuous mode
[    8.626146] audit: type=1400 audit(1768166801.468:42): apparmor="DENIED" operation="open" profile="/usr/sbin/tcpdump" name="/proc/sys/kernel/random/boot_id" pid=677 comm="tcpdump" requested_mask="r" denied_mask="r" fsuid=0 ouid=0
[    8.626422] audit: type=1400 audit(1768166801.468:43): apparmor="DENIED" operation="open" profile="/usr/sbin/tcpdump" name="/proc/sys/kernel/random/boot_id" pid=677 comm="tcpdump" requested_mask="r" denied_mask="r" fsuid=0 ouid=0
[    8.626563] audit: type=1400 audit(1768166801.468:44): apparmor="DENIED" operation="open" profile="/usr/sbin/tcpdump" name="/proc/sys/kernel/random/boot_id" pid=677 comm="tcpdump" requested_mask="r" denied_mask="r" fsuid=0 ouid=0
[    8.626751] audit: type=1400 audit(1768166801.468:45): apparmor="DENIED" operation="open" profile="/usr/sbin/tcpdump" name="/proc/sys/kernel/random/boot_id" pid=677 comm="tcpdump" requested_mask="r" denied_mask="r" fsuid=0 ouid=0
[    8.637315] audit: type=1400 audit(1768166801.476:46): apparmor="DENIED" operation="open" profile="/usr/sbin/tcpdump" name="/proc/sys/kernel/random/boot_id" pid=678 comm="tcpdump" requested_mask="r" denied_mask="r" fsuid=0 ouid=0
[    8.637652] audit: type=1400 audit(1768166801.476:47): apparmor="DENIED" operation="open" profile="/usr/sbin/tcpdump" name="/proc/sys/kernel/random/boot_id" pid=678 comm="tcpdump" requested_mask="r" denied_mask="r" fsuid=0 ouid=0
[    8.637692] audit: type=1400 audit(1768166801.476:48): apparmor="DENIED" operation="open" profile="/usr/sbin/tcpdump" name="/proc/sys/kernel/random/boot_id" pid=678 comm="tcpdump" requested_mask="r" denied_mask="r" fsuid=0 ouid=0
[    8.637776] audit: type=1400 audit(1768166801.476:49): apparmor="DENIED" operation="open" profile="/usr/sbin/tcpdump" name="/proc/sys/kernel/random/boot_id" pid=678 comm="tcpdump" requested_mask="r" denied_mask="r" fsuid=0 ouid=0
[   13.168856] rfkill: input handler disabled
[  209.444773] AAAAA-TCP_FORW: name:enp0s3: saddr:100932208: daddr:16783984
[  215.355786] AAAAA-TCP_FORW: name:enp0s3: saddr:100932208: daddr:16783984
[  215.646857] AAAAA-TCP_FORW: name:enp0s3: saddr:100932208: daddr:16783984
[  215.714991] AAAAA-TCP_FORW: name:enp0s3: saddr:100932208: daddr:16783984
[  216.084416] AAAAA-TCP_FORW: name:enp0s3: saddr:100932208: daddr:33561200
[  216.139423] AAAAA-TCP_FORW: name:enp0s3: saddr:100932208: daddr:16783984
[  216.203086] AAAAA-TCP_FORW: name:enp0s3: saddr:100932208: daddr:16783984
[  216.452776] AAAAA-TCP_FORW: name:enp0s3: saddr:100932208: daddr:33561200
[  216.481768] AAAAA-TCP_FORW: name:enp0s3: saddr:100932208: daddr:16783984
[  216.831084] AAAAA-TCP_FORW: name:enp0s3: saddr:100932208: daddr:16783984
[  216.857456] AAAAA-TCP_FORW: name:enp0s3: saddr:100932208: daddr:16783984
[  216.957402] AAAAA-TCP_FORW: name:enp0s3: saddr:100932208: daddr:16783984
[  217.020632] AAAAA-TCP_FORW: name:enp0s3: saddr:100932208: daddr:16783984
[  217.221331] AAAAA-TCP_FORW: name:enp0s3: saddr:100932208: daddr:33561200
[  217.287421] AAAAA-TCP_FORW: name:enp0s3: saddr:33561200: daddr:100932208
[  217.316626] AAAAA-TCP_FORW: name:enp0s3: saddr:100932208: daddr:16783984
[  217.440767] AAAAA-TCP_FORW: name:enp0s3: saddr:16783984: daddr:100932208
[  217.528536] AAAAA-TCP_FORW: name:enp0s3: saddr:100932208: daddr:33561200
[  217.652896] AAAAA-TCP_FORW: name:enp0s3: saddr:100932208: daddr:16783984
[  217.672241] AAAAA-TCP_FORW: name:enp0s3: saddr:33561200: daddr:100932208
[  217.707309] AAAAA-TCP_FORW: name:enp0s3: saddr:100932208: daddr:16783984
[  217.772598] AAAAA-TCP_FORW: name:enp0s3: saddr:100932208: daddr:16783984
[  217.833682] AAAAA-TCP_FORW: name:enp0s3: saddr:100932208: daddr:16783984
[  217.887442] AAAAA-TCP_FORW: name:enp0s3: saddr:16783984: daddr:100932208
[  217.926066] AAAAA-TCP_FORW: name:enp0s3: saddr:100932208: daddr:16783984
[  217.968613] AAAAA-TCP_FORW: name:enp0s3: saddr:16783984: daddr:100932208
[  218.002158] AAAAA-TCP_FORW: name:enp0s3: saddr:100932208: daddr:16783984
[  218.026544] AAAAA-TCP_FORW: name:enp0s3: saddr:16783984: daddr:100932208
[  218.051070] AAAAA-TCP_FORW: name:enp0s3: saddr:100932208: daddr:16783984
[  218.177663] AAAAA-TCP_FORW: name:enp0s3: saddr:16783984: daddr:100932208
[  218.309147] AAAAA-TCP_FORW: name:enp0s3: saddr:100932208: daddr:16783984
[  218.349672] AAAAA-TCP_FORW: name:enp0s3: saddr:16783984: daddr:100932208
[  218.388545] AAAAA-TCP_FORW: name:enp0s3: saddr:100932208: daddr:16783984
[  218.426798] AAAAA-TCP_FORW: name:enp0s3: saddr:100932208: daddr:16783984
[  218.537039] AAAAA-TCP_FORW: name:enp0s3: saddr:16783984: daddr:100932208
[  218.566895] AAAAA-TCP_FORW: name:enp0s3: saddr:100932208: daddr:16783984
[  218.692137] AAAAA-TCP_FORW: name:enp0s3: saddr:100932208: daddr:16783984
[  218.724570] AAAAA-TCP_FORW: name:enp0s3: saddr:16783984: daddr:100932208
[  218.745089] AAAAA-TCP_FORW: name:enp0s3: saddr:100932208: daddr:16783984
[  218.857242] AAAAA-TCP_FORW: name:enp0s3: saddr:100932208: daddr:33561200
[  218.878476] AAAAA-TCP_FORW: name:enp0s3: saddr:16783984: daddr:100932208
[  218.930454] AAAAA-TCP_FORW: name:enp0s3: saddr:16783984: daddr:100932208
[  218.973309] AAAAA-TCP_FORW: name:enp0s3: saddr:100932208: daddr:33561200
[  219.026228] AAAAA-TCP_FORW: name:enp0s3: saddr:100932208: daddr:33561200
[  219.038953] AAAAA-TCP_FORW: name:enp0s3: saddr:16783984: daddr:100932208
[  219.095888] AAAAA-TCP_FORW: name:enp0s3: saddr:100932208: daddr:33561200
[  219.142301] AAAAA-TCP_FORW: name:enp0s3: saddr:16783984: daddr:100932208
[  219.208450] AAAAA-TCP_FORW: name:enp0s3: saddr:100932208: daddr:33561200
[  219.340345] AAAAA-TCP_FORW: name:enp0s3: saddr:100932208: daddr:33561200
[  219.365109] AAAAA-TCP_FORW: name:enp0s3: saddr:16783984: daddr:100932208
[  219.395961] AAAAA-TCP_FORW: name:enp0s3: saddr:100932208: daddr:33561200
[  219.412082] AAAAA-TCP_FORW: name:enp0s3: saddr:33561200: daddr:100932208
[  219.436159] AAAAA-TCP_FORW: name:enp0s3: saddr:100932208: daddr:33561200
[  219.532249] AAAAA-TCP_FORW: name:enp0s3: saddr:33561200: daddr:100932208
[  219.575057] AAAAA-TCP_FORW: name:enp0s3: saddr:33561200: daddr:100932208
[  219.583232] AAAAA-TCP_FORW: name:enp0s3: saddr:100932208: daddr:33561200
[  219.632908] AAAAA-TCP_FORW: name:enp0s3: saddr:33561200: daddr:100932208
[  219.648062] AAAAA-TCP_FORW: name:enp0s3: saddr:100932208: daddr:33561200
[  219.748749] AAAAA-TCP_FORW: name:enp0s3: saddr:33561200: daddr:100932208
[  219.767406] AAAAA-TCP_FORW: name:enp0s3: saddr:100932208: daddr:16783984
[  219.805951] AAAAA-TCP_FORW: name:enp0s3: saddr:100932208: daddr:16783984
[  219.861402] AAAAA-TCP_FORW: name:enp0s3: saddr:100932208: daddr:16783984
[  219.875719] AAAAA-TCP_FORW: name:enp0s3: saddr:33561200: daddr:100932208
[  219.988315] AAAAA-TCP_FORW: name:enp0s3: saddr:33561200: daddr:100932208
[  220.004975] AAAAA-TCP_FORW: name:enp0s3: saddr:100932208: daddr:33561200
[  220.086982] AAAAA-TCP_FORW: name:enp0s3: saddr:33561200: daddr:100932208
[  220.117164] AAAAA-TCP_FORW: name:enp0s3: saddr:100932208: daddr:16783984
[  220.155078] AAAAA-TCP_FORW: name:enp0s3: saddr:100932208: daddr:16783984
[  220.174720] AAAAA-TCP_FORW: name:enp0s3: saddr:33561200: daddr:100932208
[  220.186356] AAAAA-TCP_FORW: name:enp0s3: saddr:100932208: daddr:16783984
[  220.274998] AAAAA-TCP_FORW: name:enp0s3: saddr:100932208: daddr:16783984
[  220.333220] AAAAA-TCP_FORW: name:enp0s3: saddr:33561200: daddr:100932208
[  220.414371] AAAAA-TCP_FORW: name:enp0s3: saddr:100932208: daddr:16783984
[  220.478719] AAAAA-TCP_FORW: name:enp0s3: saddr:16783984: daddr:100932208
[  220.546281] AAAAA-TCP_FORW: name:enp0s3: saddr:16783984: daddr:100932208
[  220.600764] AAAAA-TCP_FORW: name:enp0s3: saddr:16783984: daddr:100932208
[  220.616280] AAAAA-TCP_FORW: name:enp0s3: saddr:100932208: daddr:16783984
[  220.717942] AAAAA-TCP_FORW: name:enp0s3: saddr:100932208: daddr:16783984
[  220.815078] AAAAA-TCP_FORW: name:enp0s3: saddr:100932208: daddr:16783984
[  220.832070] AAAAA-TCP_FORW: name:enp0s3: saddr:100932208: daddr:33561200
[  220.882798] AAAAA-TCP_FORW: name:enp0s3: saddr:33561200: daddr:100932208
[  220.975320] AAAAA-TCP_FORW: name:enp0s3: saddr:16783984: daddr:100932208
[  220.995192] AAAAA-TCP_FORW: name:enp0s3: saddr:100932208: daddr:16783984
[  221.017859] AAAAA-TCP_FORW: name:enp0s3: saddr:16783984: daddr:100932208
[  221.042783] AAAAA-TCP_FORW: name:enp0s3: saddr:100932208: daddr:16783984
[  221.078832] AAAAA-TCP_FORW: name:enp0s3: saddr:16783984: daddr:100932208
[  221.159736] AAAAA-TCP_FORW: name:enp0s3: saddr:16783984: daddr:100932208
[  221.283576] AAAAA-TCP_FORW: name:enp0s3: saddr:16783984: daddr:100932208
[  221.326884] AAAAA-TCP_FORW: name:enp0s3: saddr:100932208: daddr:16783984
[  221.428123] AAAAA-TCP_FORW: name:enp0s3: saddr:100932208: daddr:16783984
[  221.497830] AAAAA-TCP_FORW: name:enp0s3: saddr:100932208: daddr:16783984
[  221.515251] AAAAA-TCP_FORW: name:enp0s3: saddr:16783984: daddr:100932208
[  221.589610] AAAAA-TCP_FORW: name:enp0s3: saddr:16783984: daddr:100932208
[  221.636145] AAAAA-TCP_FORW: name:enp0s3: saddr:100932208: daddr:16783984
[  221.641320] AAAAA-TCP_FORW: name:enp0s3: saddr:16783984: daddr:100932208
[  221.698949] AAAAA-TCP_FORW: name:enp0s3: saddr:33561200: daddr:100932208
[  221.807179] AAAAA-TCP_FORW: name:enp0s3: saddr:16783984: daddr:100932208
[  221.872683] AAAAA-TCP_FORW: name:enp0s3: saddr:16783984: daddr:100932208
[  221.949360] AAAAA-TCP_FORW: name:enp0s3: saddr:100932208: daddr:16783984
[  221.993831] AAAAA-TCP_FORW: name:enp0s3: saddr:100932208: daddr:16783984
[  222.104834] AAAAA-TCP_FORW: name:enp0s3: saddr:16783984: daddr:100932208
[  222.164145] AAAAA-TCP_FORW: name:enp0s3: saddr:16783984: daddr:100932208
[  222.245466] AAAAA-TCP_FORW: name:enp0s3: saddr:16783984: daddr:100932208
[  222.265090] AAAAA-TCP_FORW: name:enp0s3: saddr:100932208: daddr:33561200
[  222.444511] AAAAA-TCP_FORW: name:enp0s3: saddr:16783984: daddr:100932208
[  222.548620] AAAAA-TCP_FORW: name:enp0s3: saddr:100932208: daddr:33561200
[  222.581075] AAAAA-TCP_FORW: name:enp0s3: saddr:100932208: daddr:33561200
[  222.612184] AAAAA-TCP_FORW: name:enp0s3: saddr:100932208: daddr:33561200
[  222.635296] AAAAA-TCP_FORW: name:enp0s3: saddr:100932208: daddr:33561200
[  222.664928] AAAAA-TCP_FORW: name:enp0s3: saddr:100932208: daddr:33561200
[  222.723682] AAAAA-TCP_FORW: name:enp0s3: saddr:16783984: daddr:100932208
[  222.738891] AAAAA-TCP_FORW: name:enp0s3: saddr:100932208: daddr:33561200
[  222.798419] AAAAA-TCP_FORW: name:enp0s3: saddr:16783984: daddr:100932208
[  222.819978] AAAAA-TCP_FORW: name:enp0s3: saddr:100932208: daddr:33561200
[  222.904175] AAAAA-TCP_FORW: name:enp0s3: saddr:100932208: daddr:33561200
[  222.924466] AAAAA-TCP_FORW: name:enp0s3: saddr:100932208: daddr:33561200
[  223.021471] AAAAA-TCP_FORW: name:enp0s3: saddr:33561200: daddr:100932208
[  223.068700] AAAAA-TCP_FORW: name:enp0s3: saddr:100932208: daddr:33561200
[  223.173672] AAAAA-TCP_FORW: name:enp0s3: saddr:100932208: daddr:33561200
[  223.188562] AAAAA-TCP_FORW: name:enp0s3: saddr:33561200: daddr:100932208
[  223.222044] AAAAA-TCP_FORW: name:enp0s3: saddr:33561200: daddr:100932208
[  223.288753] AAAAA-TCP_FORW: name:enp0s3: saddr:33561200: daddr:100932208
[  223.347928] AAAAA-TCP_FORW: name:enp0s3: saddr:33561200: daddr:100932208
[  223.413304] AAAAA-TCP_FORW: name:enp0s3: saddr:33561200: daddr:100932208
[  223.495331] AAAAA-TCP_FORW: name:enp0s3: saddr:33561200: daddr:100932208
[  223.547275] AAAAA-TCP_FORW: name:enp0s3: saddr:100932208: daddr:33561200
[  223.572400] AAAAA-TCP_FORW: name:enp0s3: saddr:100932208: daddr:33561200
[  223.603343] AAAAA-TCP_FORW: name:enp0s3: saddr:33561200: daddr:100932208
[  223.619786] AAAAA-TCP_FORW: name:enp0s3: saddr:100932208: daddr:33561200
[  223.648050] AAAAA-TCP_FORW: name:enp0s3: saddr:33561200: daddr:100932208
[  223.698878] AAAAA-TCP_FORW: name:enp0s3: saddr:33561200: daddr:100932208
[  223.758369] AAAAA-TCP_FORW: name:enp0s3: saddr:100932208: daddr:33561200
[  223.864569] AAAAA-TCP_FORW: name:enp0s3: saddr:33561200: daddr:100932208
[  223.943012] AAAAA-TCP_FORW: name:enp0s3: saddr:33561200: daddr:100932208
[  224.002330] AAAAA-TCP_FORW: name:enp0s3: saddr:100932208: daddr:33561200
[  224.045520] AAAAA-TCP_FORW: name:enp0s3: saddr:100932208: daddr:33561200
[  224.182035] AAAAA-TCP_FORW: name:enp0s3: saddr:33561200: daddr:100932208
[  224.223713] AAAAA-TCP_FORW: name:enp0s3: saddr:33561200: daddr:100932208
[  224.295642] AAAAA-TCP_FORW: name:enp0s3: saddr:33561200: daddr:100932208
[  224.381886] AAAAA-TCP_FORW: name:enp0s3: saddr:100932208: daddr:16783984
[  224.413904] AAAAA-TCP_FORW: name:enp0s3: saddr:33561200: daddr:100932208
[  224.457184] AAAAA-TCP_FORW: name:enp0s3: saddr:100932208: daddr:16783984
[  224.653259] AAAAA-TCP_FORW: name:enp0s3: saddr:33561200: daddr:100932208
[  224.695224] AAAAA-TCP_FORW: name:enp0s3: saddr:100932208: daddr:16783984
[  224.728418] AAAAA-TCP_FORW: name:enp0s3: saddr:100932208: daddr:16783984
[  224.748570] AAAAA-TCP_FORW: name:enp0s3: saddr:100932208: daddr:16783984
[  224.777038] AAAAA-TCP_FORW: name:enp0s3: saddr:100932208: daddr:16783984
[  224.785902] AAAAA-TCP_FORW: name:enp0s3: saddr:33561200: daddr:100932208
[  224.878601] AAAAA-TCP_FORW: name:enp0s3: saddr:16783984: daddr:100932208
[  224.901160] AAAAA-TCP_FORW: name:enp0s3: saddr:100932208: daddr:16783984
[  224.966987] AAAAA-TCP_FORW: name:enp0s3: saddr:16783984: daddr:100932208
[  224.988791] AAAAA-TCP_FORW: name:enp0s3: saddr:100932208: daddr:16783984
[  225.048699] AAAAA-TCP_FORW: name:enp0s3: saddr:16783984: daddr:100932208
[  225.087820] AAAAA-TCP_FORW: name:enp0s3: saddr:100932208: daddr:16783984
[  225.097759] AAAAA-TCP_FORW: name:enp0s3: saddr:16783984: daddr:100932208
[  225.135060] AAAAA-TCP_FORW: name:enp0s3: saddr:16783984: daddr:100932208
[  225.210271] AAAAA-TCP_FORW: name:enp0s3: saddr:16783984: daddr:100932208
[  225.313214] AAAAA-TCP_FORW: name:enp0s3: saddr:16783984: daddr:100932208
[  225.348640] AAAAA-TCP_FORW: name:enp0s3: saddr:100932208: daddr:16783984
[  225.455754] AAAAA-TCP_FORW: name:enp0s3: saddr:16783984: daddr:100932208
[  225.519673] AAAAA-TCP_FORW: name:enp0s3: saddr:100932208: daddr:16783984
[  225.548290] AAAAA-TCP_FORW: name:enp0s3: saddr:16783984: daddr:100932208
[  225.611560] AAAAA-TCP_FORW: name:enp0s3: saddr:100932208: daddr:16783984
[  225.709080] AAAAA-TCP_FORW: name:enp0s3: saddr:16783984: daddr:100932208
[  225.749998] AAAAA-TCP_FORW: name:enp0s3: saddr:100932208: daddr:16783984
[  225.795930] AAAAA-TCP_FORW: name:enp0s3: saddr:16783984: daddr:100932208
[  225.850678] AAAAA-TCP_FORW: name:enp0s3: saddr:100932208: daddr:16783984
[  225.874674] AAAAA-TCP_FORW: name:enp0s3: saddr:16783984: daddr:100932208
[  225.891893] AAAAA-TCP_FORW: name:enp0s3: saddr:100932208: daddr:16783984
[  225.957285] AAAAA-TCP_FORW: name:enp0s3: saddr:16783984: daddr:100932208
[  226.020746] AAAAA-TCP_FORW: name:enp0s3: saddr:100932208: daddr:16783984
[  226.052300] AAAAA-TCP_FORW: name:enp0s3: saddr:16783984: daddr:100932208
[  226.096779] AAAAA-TCP_FORW: name:enp0s3: saddr:100932208: daddr:16783984
[  226.119837] AAAAA-TCP_FORW: name:enp0s3: saddr:16783984: daddr:100932208
[  226.246506] AAAAA-TCP_FORW: name:enp0s3: saddr:16783984: daddr:100932208
[  226.339089] AAAAA-TCP_FORW: name:enp0s3: saddr:100932208: daddr:16783984
[  226.364968] AAAAA-TCP_FORW: name:enp0s3: saddr:16783984: daddr:100932208
[  226.431909] AAAAA-TCP_FORW: name:enp0s3: saddr:100932208: daddr:33561200
[  226.469724] AAAAA-TCP_FORW: name:enp0s3: saddr:100932208: daddr:33561200
[  226.494310] AAAAA-TCP_FORW: name:enp0s3: saddr:100932208: daddr:33561200
[  226.532920] AAAAA-TCP_FORW: name:enp0s3: saddr:16783984: daddr:100932208
[  226.601298] AAAAA-TCP_FORW: name:enp0s3: saddr:33561200: daddr:100932208
[  226.622523] AAAAA-TCP_FORW: name:enp0s3: saddr:100932208: daddr:33561200
[  226.647773] AAAAA-TCP_FORW: name:enp0s3: saddr:33561200: daddr:100932208
[  226.697729] AAAAA-TCP_FORW: name:enp0s3: saddr:33561200: daddr:100932208
[  226.708452] AAAAA-TCP_FORW: name:enp0s3: saddr:100932208: daddr:33561200
[  226.732818] AAAAA-TCP_FORW: name:enp0s3: saddr:100932208: daddr:33561200
[  226.807282] AAAAA-TCP_FORW: name:enp0s3: saddr:100932208: daddr:33561200
[  226.823538] AAAAA-TCP_FORW: name:enp0s3: saddr:100932208: daddr:33561200
[  226.923530] AAAAA-TCP_FORW: name:enp0s3: saddr:33561200: daddr:100932208
[  226.944221] AAAAA-TCP_FORW: name:enp0s3: saddr:100932208: daddr:33561200
[  227.052499] AAAAA-TCP_FORW: name:enp0s3: saddr:33561200: daddr:100932208
[  227.067560] AAAAA-TCP_FORW: name:enp0s3: saddr:100932208: daddr:33561200
[  227.091203] AAAAA-TCP_FORW: name:enp0s3: saddr:33561200: daddr:100932208
[  227.149554] AAAAA-TCP_FORW: name:enp0s3: saddr:33561200: daddr:100932208
[  227.187265] AAAAA-TCP_FORW: name:enp0s3: saddr:100932208: daddr:33561200
[  227.206505] AAAAA-TCP_FORW: name:enp0s3: saddr:33561200: daddr:100932208
[  227.259697] AAAAA-TCP_FORW: name:enp0s3: saddr:100932208: daddr:33561200
[  227.278941] AAAAA-TCP_FORW: name:enp0s3: saddr:33561200: daddr:100932208
[  227.350728] AAAAA-TCP_FORW: name:enp0s3: saddr:33561200: daddr:100932208
[  227.442700] AAAAA-TCP_FORW: name:enp0s3: saddr:33561200: daddr:100932208
[  227.522837] AAAAA-TCP_FORW: name:enp0s3: saddr:100932208: daddr:33561200
[  227.538093] AAAAA-TCP_FORW: name:enp0s3: saddr:33561200: daddr:100932208
[  227.631892] AAAAA-TCP_FORW: name:enp0s3: saddr:100932208: daddr:33561200
[  227.665901] AAAAA-TCP_FORW: name:enp0s3: saddr:33561200: daddr:100932208
[  227.721736] AAAAA-TCP_FORW: name:enp0s3: saddr:33561200: daddr:100932208
[  227.739842] AAAAA-TCP_FORW: name:enp0s3: saddr:100932208: daddr:33561200
[  227.803315] AAAAA-TCP_FORW: name:enp0s3: saddr:100932208: daddr:33561200
[  227.822270] AAAAA-TCP_FORW: name:enp0s3: saddr:33561200: daddr:100932208
[  227.874316] AAAAA-TCP_FORW: name:enp0s3: saddr:33561200: daddr:100932208
[  227.927581] AAAAA-TCP_FORW: name:enp0s3: saddr:100932208: daddr:33561200
[  228.012108] AAAAA-TCP_FORW: name:enp0s3: saddr:33561200: daddr:100932208
[  228.042242] AAAAA-TCP_FORW: name:enp0s3: saddr:100932208: daddr:33561200
[  228.102311] AAAAA-TCP_FORW: name:enp0s3: saddr:100932208: daddr:16783984
[  228.119784] AAAAA-TCP_FORW: name:enp0s3: saddr:16783984: daddr:100932208
[  228.163603] AAAAA-TCP_FORW: name:enp0s3: saddr:33561200: daddr:100932208
[  228.394736] AAAAA-TCP_FORW: name:enp0s3: saddr:100932208: daddr:16783984
[  228.406742] AAAAA-TCP_FORW: name:enp0s3: saddr:16783984: daddr:100932208
[  228.485464] AAAAA-TCP_FORW: name:enp0s3: saddr:100932208: daddr:16783984
[  228.540763] AAAAA-TCP_FORW: name:enp0s3: saddr:16783984: daddr:100932208
[  229.863513] AAAAA-TCP_FORW: name:enp0s3: saddr:100932208: daddr:16783984
[  229.872283] AAAAA-TCP_FORW: name:enp0s3: saddr:16783984: daddr:100932208
[  230.125951] AAAAA-TCP_FORW: name:enp0s3: saddr:100932208: daddr:33561200
[  230.133525] AAAAA-TCP_FORW: name:enp0s3: saddr:33561200: daddr:100932208
[  230.181209] AAAAA-TCP_FORW: name:enp0s3: saddr:100932208: daddr:33561200
[  230.242745] AAAAA-TCP_FORW: name:enp0s3: saddr:33561200: daddr:100932208
[  230.281802] AAAAA-TCP_FORW: name:enp0s3: saddr:100932208: daddr:33561200
[  230.318566] AAAAA-TCP_FORW: name:enp0s3: saddr:100932208: daddr:16783984
[  230.372712] AAAAA-TCP_FORW: name:enp0s3: saddr:33561200: daddr:100932208
[  230.400286] AAAAA-TCP_FORW: name:enp0s3: saddr:100932208: daddr:33561200
[  230.466275] AAAAA-TCP_FORW: name:enp0s3: saddr:16783984: daddr:100932208
[  230.530506] AAAAA-TCP_FORW: name:enp0s3: saddr:100932208: daddr:16783984
[  230.585480] AAAAA-TCP_FORW: name:enp0s3: saddr:100932208: daddr:16783984
[  230.589693] AAAAA-TCP_FORW: name:enp0s3: saddr:33561200: daddr:100932208
[  230.715951] AAAAA-TCP_FORW: name:enp0s3: saddr:16783984: daddr:100932208
[  230.763924] AAAAA-TCP_FORW: name:enp0s3: saddr:16783984: daddr:100932208
[  230.918188] AAAAA-TCP_FORW: name:enp0s3: saddr:100932208: daddr:16783984
[  230.961844] AAAAA-TCP_FORW: name:enp0s3: saddr:100932208: daddr:16783984
[  231.077032] AAAAA-TCP_FORW: name:enp0s3: saddr:16783984: daddr:100932208
[  231.201043] AAAAA-TCP_FORW: name:enp0s3: saddr:16783984: daddr:100932208
[  231.239752] AAAAA-TCP_FORW: name:enp0s3: saddr:100932208: daddr:16783984
[  231.300469] AAAAA-TCP_FORW: name:enp0s3: saddr:100932208: daddr:16783984
[  231.339984] AAAAA-TCP_FORW: name:enp0s3: saddr:16783984: daddr:100932208
[  231.452886] AAAAA-TCP_FORW: name:enp0s3: saddr:16783984: daddr:100932208
[  231.480462] AAAAA-TCP_FORW: name:enp0s3: saddr:100932208: daddr:16783984
[  231.668588] AAAAA-TCP_FORW: name:enp0s3: saddr:100932208: daddr:16783984
[  231.703184] AAAAA-TCP_FORW: name:enp0s3: saddr:16783984: daddr:100932208
[  231.788311] AAAAA-TCP_FORW: name:enp0s3: saddr:16783984: daddr:100932208
[  231.818910] AAAAA-TCP_FORW: name:enp0s3: saddr:100932208: daddr:16783984
[  231.863088] AAAAA-TCP_FORW: name:enp0s3: saddr:100932208: daddr:16783984
[  231.884217] AAAAA-TCP_FORW: name:enp0s3: saddr:16783984: daddr:100932208
[  231.968762] AAAAA-TCP_FORW: name:enp0s3: saddr:16783984: daddr:100932208
[  250.996976] AAAAA-TCP_FORW: name:enp0s3: saddr:33561200: daddr:100932208
[  258.567318] AAAAA-TCP_FORW: name:enp0s3: saddr:100932208: daddr:33561200
[  259.383495] AAAAA-TCP_FORW: name:enp0s3: saddr:100932208: daddr:16783984
[  259.544287] AAAAA-TCP_FORW: name:enp0s3: saddr:100932208: daddr:16783984
[  260.144137] AAAAA-TCP_FORW: name:enp0s3: saddr:100932208: daddr:33561200
[  260.610893] AAAAA-TCP_FORW: name:enp0s3: saddr:100932208: daddr:33561200
[  260.832176] AAAAA-TCP_FORW: name:enp0s3: saddr:100932208: daddr:33561200
[  260.942533] AAAAA-TCP_FORW: name:enp0s3: saddr:100932208: daddr:16783984
[  261.205307] AAAAA-TCP_FORW: name:enp0s3: saddr:100932208: daddr:16783984
[  261.322136] AAAAA-TCP_FORW: name:enp0s3: saddr:100932208: daddr:16783984
[  261.462692] AAAAA-TCP_FORW: name:enp0s3: saddr:100932208: daddr:16783984
[  261.675740] AAAAA-TCP_FORW: name:enp0s3: saddr:100932208: daddr:16783984
[  261.850903] AAAAA-TCP_FORW: name:enp0s3: saddr:100932208: daddr:16783984
[  261.896018] AAAAA-TCP_FORW: name:enp0s3: saddr:100932208: daddr:16783984
[  262.073004] AAAAA-TCP_FORW: name:enp0s3: saddr:100932208: daddr:16783984
[  262.395045] AAAAA-TCP_FORW: name:enp0s3: saddr:100932208: daddr:33561200
[  262.585140] AAAAA-TCP_FORW: name:enp0s3: saddr:100932208: daddr:16783984
[  262.675799] AAAAA-TCP_FORW: name:enp0s3: saddr:100932208: daddr:33561200
[  263.125897] AAAAA-TCP_FORW: name:enp0s3: saddr:100932208: daddr:16783984
[  263.469718] AAAAA-TCP_FORW: name:enp0s3: saddr:100932208: daddr:33561200
[  263.734723] AAAAA-TCP_FORW: name:enp0s3: saddr:100932208: daddr:33561200
[  263.829899] AAAAA-TCP_FORW: name:enp0s3: saddr:100932208: daddr:16783984
[  264.151250] AAAAA-TCP_FORW: name:enp0s3: saddr:100932208: daddr:33561200
[  264.462792] AAAAA-TCP_FORW: name:enp0s3: saddr:100932208: daddr:33561200
[  265.012176] AAAAA-TCP_FORW: name:enp0s3: saddr:100932208: daddr:33561200
[  265.808614] AAAAA-TCP_FORW: name:enp0s3: saddr:100932208: daddr:33561200
[  265.828507] AAAAA-TCP_FORW: name:enp0s3: saddr:100932208: daddr:33561200
[  265.988405] AAAAA-TCP_FORW: name:enp0s3: saddr:100932208: daddr:33561200
[  266.181676] AAAAA-TCP_FORW: name:enp0s3: saddr:100932208: daddr:33561200
[  266.209410] AAAAA-TCP_FORW: name:enp0s3: saddr:100932208: daddr:33561200
[  266.347806] AAAAA-TCP_FORW: name:enp0s3: saddr:100932208: daddr:33561200
[  266.673139] AAAAA-TCP_FORW: name:enp0s3: saddr:100932208: daddr:33561200
[  266.907740] AAAAA-TCP_FORW: name:enp0s3: saddr:100932208: daddr:33561200
[  267.056981] AAAAA-TCP_FORW: name:enp0s3: saddr:100932208: daddr:33561200
[  267.297230] AAAAA-TCP_FORW: name:enp0s3: saddr:100932208: daddr:33561200
[  267.374830] AAAAA-TCP_FORW: name:enp0s3: saddr:100932208: daddr:33561200
[  268.323339] AAAAA-TCP_FORW: name:enp0s3: saddr:100932208: daddr:33561200
[  268.842127] AAAAA-TCP_FORW: name:enp0s3: saddr:100932208: daddr:33561200
[  269.384055] AAAAA-TCP_FORW: name:enp0s3: saddr:100932208: daddr:33561200
[  270.003219] AAAAA-TCP_FORW: name:enp0s3: saddr:100932208: daddr:16783984
[  271.607587] AAAAA-TCP_FORW: name:enp0s3: saddr:100932208: daddr:33561200
[  271.799163] AAAAA-TCP_FORW: name:enp0s3: saddr:100932208: daddr:33561200
[  271.902068] AAAAA-TCP_FORW: name:enp0s3: saddr:100932208: daddr:33561200
[  271.972640] AAAAA-TCP_FORW: name:enp0s3: saddr:100932208: daddr:33561200
[  273.449767] AAAAA-TCP_FORW: name:enp0s3: saddr:100932208: daddr:33561200
[  273.590913] AAAAA-TCP_FORW: name:enp0s3: saddr:100932208: daddr:33561200
[  277.006475] AAAAA-TCP_FORW: name:enp0s3: saddr:100932208: daddr:16783984
[  277.150688] AAAAA-TCP_FORW: name:enp0s3: saddr:100932208: daddr:33561200
[  277.221936] AAAAA-TCP_FORW: name:enp0s3: saddr:100932208: daddr:33561200
[  277.418202] AAAAA-TCP_FORW: name:enp0s3: saddr:100932208: daddr:33561200
[  277.530928] AAAAA-TCP_FORW: name:enp0s3: saddr:100932208: daddr:33561200
[  277.719688] AAAAA-TCP_FORW: name:enp0s3: saddr:100932208: daddr:33561200
[  277.903824] AAAAA-TCP_FORW: name:enp0s3: saddr:100932208: daddr:33561200
[  277.998953] AAAAA-TCP_FORW: name:enp0s3: saddr:100932208: daddr:33561200
[  278.078102] AAAAA-TCP_FORW: name:enp0s3: saddr:100932208: daddr:33561200
[  278.181714] AAAAA-TCP_FORW: name:enp0s3: saddr:100932208: daddr:33561200
[  278.356815] AAAAA-TCP_FORW: name:enp0s3: saddr:100932208: daddr:33561200
[  278.466648] AAAAA-TCP_FORW: name:enp0s3: saddr:100932208: daddr:33561200
[  278.629783] AAAAA-TCP_FORW: name:enp0s3: saddr:100932208: daddr:33561200
[  278.726476] AAAAA-TCP_FORW: name:enp0s3: saddr:100932208: daddr:33561200
[  278.893935] AAAAA-TCP_FORW: name:enp0s3: saddr:100932208: daddr:33561200
[  278.940069] AAAAA-TCP_FORW: name:enp0s3: saddr:100932208: daddr:33561200
[  279.040757] AAAAA-TCP_FORW: name:enp0s3: saddr:100932208: daddr:33561200
[  279.159120] AAAAA-TCP_FORW: name:enp0s3: saddr:100932208: daddr:33561200
[  279.241808] AAAAA-TCP_FORW: name:enp0s3: saddr:100932208: daddr:33561200
[  279.300039] AAAAA-TCP_FORW: name:enp0s3: saddr:100932208: daddr:33561200
[  279.422138] AAAAA-TCP_FORW: name:enp0s3: saddr:100932208: daddr:33561200
[  279.612722] AAAAA-TCP_FORW: name:enp0s3: saddr:100932208: daddr:33561200
[  279.706889] AAAAA-TCP_FORW: name:enp0s3: saddr:100932208: daddr:33561200
[  279.843692] AAAAA-TCP_FORW: name:enp0s3: saddr:100932208: daddr:33561200
[  279.929560] AAAAA-TCP_FORW: name:enp0s3: saddr:100932208: daddr:33561200
[  280.200006] AAAAA-TCP_FORW: name:enp0s3: saddr:100932208: daddr:16783984
[  280.290013] AAAAA-TCP_FORW: name:enp0s3: saddr:100932208: daddr:16783984
[  280.396935] AAAAA-TCP_FORW: name:enp0s3: saddr:100932208: daddr:33561200
[  280.601209] AAAAA-TCP_FORW: name:enp0s3: saddr:100932208: daddr:33561200
[  280.667155] AAAAA-TCP_FORW: name:enp0s3: saddr:100932208: daddr:33561200
[  280.786748] AAAAA-TCP_FORW: name:enp0s3: saddr:100932208: daddr:33561200
[  280.897765] AAAAA-TCP_FORW: name:enp0s3: saddr:100932208: daddr:33561200
[  281.234755] AAAAA-TCP_FORW: name:enp0s3: saddr:100932208: daddr:16783984
[  281.294842] AAAAA-TCP_FORW: name:enp0s3: saddr:100932208: daddr:16783984
[  281.404987] AAAAA-TCP_FORW: name:enp0s3: saddr:100932208: daddr:16783984
[  281.468348] AAAAA-TCP_FORW: name:enp0s3: saddr:100932208: daddr:16783984
[  281.580284] AAAAA-TCP_FORW: name:enp0s3: saddr:100932208: daddr:16783984
[  281.680941] AAAAA-TCP_FORW: name:enp0s3: saddr:100932208: daddr:16783984
[  281.754464] AAAAA-TCP_FORW: name:enp0s3: saddr:100932208: daddr:16783984
[  281.862173] AAAAA-TCP_FORW: name:enp0s3: saddr:100932208: daddr:16783984
[  281.966693] AAAAA-TCP_FORW: name:enp0s3: saddr:100932208: daddr:16783984
[  282.072432] AAAAA-TCP_FORW: name:enp0s3: saddr:100932208: daddr:16783984
[  282.191803] AAAAA-TCP_FORW: name:enp0s3: saddr:100932208: daddr:33561200
[  282.236155] AAAAA-TCP_FORW: name:enp0s3: saddr:100932208: daddr:33561200
[  282.311623] AAAAA-TCP_FORW: name:enp0s3: saddr:100932208: daddr:33561200
[  282.397725] AAAAA-TCP_FORW: name:enp0s3: saddr:100932208: daddr:33561200
[  282.467107] AAAAA-TCP_FORW: name:enp0s3: saddr:100932208: daddr:33561200
[  282.531045] AAAAA-TCP_FORW: name:enp0s3: saddr:100932208: daddr:33561200
[  282.635322] AAAAA-TCP_FORW: name:enp0s3: saddr:100932208: daddr:16783984
[  282.685093] AAAAA-TCP_FORW: name:enp0s3: saddr:100932208: daddr:16783984
[  283.032085] AAAAA-TCP_FORW: name:enp0s3: saddr:100932208: daddr:33561200
[  283.099337] AAAAA-TCP_FORW: name:enp0s3: saddr:100932208: daddr:16783984
[  283.160047] AAAAA-TCP_FORW: name:enp0s3: saddr:100932208: daddr:16783984
[  283.248509] AAAAA-TCP_FORW: name:enp0s3: saddr:100932208: daddr:33561200
[  283.342411] AAAAA-TCP_FORW: name:enp0s3: saddr:100932208: daddr:16783984
[  283.417162] AAAAA-TCP_FORW: name:enp0s3: saddr:100932208: daddr:16783984
[  283.484131] AAAAA-TCP_FORW: name:enp0s3: saddr:100932208: daddr:33561200
[  283.549930] AAAAA-TCP_FORW: name:enp0s3: saddr:100932208: daddr:16783984
[  283.670267] AAAAA-TCP_FORW: name:enp0s3: saddr:100932208: daddr:16783984
[  283.778820] AAAAA-TCP_FORW: name:enp0s3: saddr:100932208: daddr:16783984
[  283.847668] AAAAA-TCP_FORW: name:enp0s3: saddr:100932208: daddr:16783984
[  283.972268] AAAAA-TCP_FORW: name:enp0s3: saddr:100932208: daddr:33561200
[  284.059688] AAAAA-TCP_FORW: name:enp0s3: saddr:100932208: daddr:33561200
[  284.122091] AAAAA-TCP_FORW: name:enp0s3: saddr:100932208: daddr:33561200
[  284.183131] AAAAA-TCP_FORW: name:enp0s3: saddr:100932208: daddr:33561200
[  284.235463] AAAAA-TCP_FORW: name:enp0s3: saddr:100932208: daddr:33561200
[  284.355977] AAAAA-TCP_FORW: name:enp0s3: saddr:100932208: daddr:33561200
[  284.440960] AAAAA-TCP_FORW: name:enp0s3: saddr:100932208: daddr:33561200
[  284.610388] AAAAA-TCP_FORW: name:enp0s3: saddr:100932208: daddr:33561200
[  284.734320] AAAAA-TCP_FORW: name:enp0s3: saddr:100932208: daddr:33561200
[  285.061177] AAAAA-TCP_FORW: name:enp0s3: saddr:100932208: daddr:16783984
[  285.134902] AAAAA-TCP_FORW: name:enp0s3: saddr:100932208: daddr:16783984
[  285.206297] AAAAA-TCP_FORW: name:enp0s3: saddr:100932208: daddr:33561200
[  285.303778] AAAAA-TCP_FORW: name:enp0s3: saddr:100932208: daddr:33561200
[  285.409805] AAAAA-TCP_FORW: name:enp0s3: saddr:100932208: daddr:33561200
[  285.480631] AAAAA-TCP_FORW: name:enp0s3: saddr:100932208: daddr:33561200
[  285.549441] AAAAA-TCP_FORW: name:enp0s3: saddr:100932208: daddr:16783984
[  285.640913] AAAAA-TCP_FORW: name:enp0s3: saddr:100932208: daddr:16783984
[  285.742897] AAAAA-TCP_FORW: name:enp0s3: saddr:100932208: daddr:33561200
[  285.829755] AAAAA-TCP_FORW: name:enp0s3: saddr:100932208: daddr:16783984
[  285.905344] AAAAA-TCP_FORW: name:enp0s3: saddr:100932208: daddr:16783984
[  285.959172] AAAAA-TCP_FORW: name:enp0s3: saddr:100932208: daddr:33561200
[  286.036601] AAAAA-TCP_FORW: name:enp0s3: saddr:100932208: daddr:16783984
[  286.128040] AAAAA-TCP_FORW: name:enp0s3: saddr:100932208: daddr:16783984
[  286.170037] AAAAA-TCP_FORW: name:enp0s3: saddr:100932208: daddr:16783984
[  286.268015] AAAAA-TCP_FORW: name:enp0s3: saddr:100932208: daddr:33561200
[  286.346861] AAAAA-TCP_FORW: name:enp0s3: saddr:100932208: daddr:16783984
[  286.415144] AAAAA-TCP_FORW: name:enp0s3: saddr:100932208: daddr:16783984
[  286.461698] AAAAA-TCP_FORW: name:enp0s3: saddr:100932208: daddr:33561200
[  286.547959] AAAAA-TCP_FORW: name:enp0s3: saddr:100932208: daddr:16783984
[  286.641495] AAAAA-TCP_FORW: name:enp0s3: saddr:100932208: daddr:16783984
[  286.687187] AAAAA-TCP_FORW: name:enp0s3: saddr:100932208: daddr:33561200
[  286.745084] AAAAA-TCP_FORW: name:enp0s3: saddr:100932208: daddr:16783984
[  286.807033] AAAAA-TCP_FORW: name:enp0s3: saddr:100932208: daddr:16783984
[  286.882305] AAAAA-TCP_FORW: name:enp0s3: saddr:100932208: daddr:16783984
[  286.975907] AAAAA-TCP_FORW: name:enp0s3: saddr:100932208: daddr:33561200
[  287.033070] AAAAA-TCP_FORW: name:enp0s3: saddr:100932208: daddr:16783984
[  287.077731] AAAAA-TCP_FORW: name:enp0s3: saddr:100932208: daddr:16783984
[  287.114712] AAAAA-TCP_FORW: name:enp0s3: saddr:100932208: daddr:33561200
[  287.805717] AAAAA-TCP_FORW: name:enp0s3: saddr:100932208: daddr:16783984
[  287.884207] AAAAA-TCP_FORW: name:enp0s3: saddr:100932208: daddr:16783984
[  287.997700] AAAAA-TCP_FORW: name:enp0s3: saddr:100932208: daddr:16783984
[  288.051048] AAAAA-TCP_FORW: name:enp0s3: saddr:100932208: daddr:16783984
[  288.136810] AAAAA-TCP_FORW: name:enp0s3: saddr:100932208: daddr:16783984
[  288.237905] AAAAA-TCP_FORW: name:enp0s3: saddr:100932208: daddr:33561200
[  288.303474] AAAAA-TCP_FORW: name:enp0s3: saddr:100932208: daddr:33561200
[  288.387564] AAAAA-TCP_FORW: name:enp0s3: saddr:100932208: daddr:33561200
[  288.458099] AAAAA-TCP_FORW: name:enp0s3: saddr:100932208: daddr:33561200
[  288.566798] AAAAA-TCP_FORW: name:enp0s3: saddr:100932208: daddr:16783984
[  288.612658] AAAAA-TCP_FORW: name:enp0s3: saddr:100932208: daddr:16783984
[  288.750430] AAAAA-TCP_FORW: name:enp0s3: saddr:100932208: daddr:33561200
[  288.834765] AAAAA-TCP_FORW: name:enp0s3: saddr:100932208: daddr:33561200
[  288.898995] AAAAA-TCP_FORW: name:enp0s3: saddr:100932208: daddr:33561200
[  305.223561] AAAAA-TCP_FORW: name:enp0s3: saddr:100932208: daddr:33561200
[  305.238005] AAAAA-TCP_FORW: name:enp0s3: saddr:33561200: daddr:100932208
[  305.399495] AAAAA-TCP_FORW: name:enp0s3: saddr:100932208: daddr:16783984
[  305.442541] AAAAA-TCP_FORW: name:enp0s3: saddr:100932208: daddr:16783984
[  305.459919] AAAAA-TCP_FORW: name:enp0s3: saddr:16783984: daddr:100932208
[  305.493572] AAAAA-TCP_FORW: name:enp0s3: saddr:16783984: daddr:100932208
[  305.630531] AAAAA-TCP_FORW: name:enp0s3: saddr:100932208: daddr:33561200
[  305.659329] AAAAA-TCP_FORW: name:enp0s3: saddr:33561200: daddr:100932208
[  305.687332] AAAAA-TCP_FORW: name:enp0s3: saddr:100932208: daddr:16783984
[  305.767823] AAAAA-TCP_FORW: name:enp0s3: saddr:16783984: daddr:100932208
[  305.784419] AAAAA-TCP_FORW: name:enp0s3: saddr:100932208: daddr:16783984
[  305.871838] AAAAA-TCP_FORW: name:enp0s3: saddr:16783984: daddr:100932208
[  305.910670] AAAAA-TCP_FORW: name:enp0s3: saddr:100932208: daddr:33561200
[  305.997077] AAAAA-TCP_FORW: name:enp0s3: saddr:100932208: daddr:16783984
[  306.029329] AAAAA-TCP_FORW: name:enp0s3: saddr:33561200: daddr:100932208
[  306.039173] AAAAA-TCP_FORW: name:enp0s3: saddr:100932208: daddr:33561200
[  306.089785] AAAAA-TCP_FORW: name:enp0s3: saddr:16783984: daddr:100932208
[  306.154336] AAAAA-TCP_FORW: name:enp0s3: saddr:100932208: daddr:16783984
[  306.211548] AAAAA-TCP_FORW: name:enp0s3: saddr:33561200: daddr:100932208
[  306.236292] AAAAA-TCP_FORW: name:enp0s3: saddr:100932208: daddr:16783984
[  306.276824] AAAAA-TCP_FORW: name:enp0s3: saddr:100932208: daddr:33561200
[  306.326120] AAAAA-TCP_FORW: name:enp0s3: saddr:16783984: daddr:100932208
[  306.401742] AAAAA-TCP_FORW: name:enp0s3: saddr:100932208: daddr:16783984
[  306.424143] AAAAA-TCP_FORW: name:enp0s3: saddr:100932208: daddr:16783984
[  306.461640] AAAAA-TCP_FORW: name:enp0s3: saddr:100932208: daddr:16783984
[  306.493077] AAAAA-TCP_FORW: name:enp0s3: saddr:16783984: daddr:100932208
[  306.515124] AAAAA-TCP_FORW: name:enp0s3: saddr:100932208: daddr:33561200
[  306.564745] AAAAA-TCP_FORW: name:enp0s3: saddr:33561200: daddr:100932208
[  306.607952] AAAAA-TCP_FORW: name:enp0s3: saddr:100932208: daddr:16783984
[  306.642301] AAAAA-TCP_FORW: name:enp0s3: saddr:100932208: daddr:16783984
[  306.658766] AAAAA-TCP_FORW: name:enp0s3: saddr:16783984: daddr:100932208
[  306.714547] AAAAA-TCP_FORW: name:enp0s3: saddr:100932208: daddr:33561200
[  306.721400] AAAAA-TCP_FORW: name:enp0s3: saddr:16783984: daddr:100932208
[  306.748493] AAAAA-TCP_FORW: name:enp0s3: saddr:100932208: daddr:16783984
[  306.772196] AAAAA-TCP_FORW: name:enp0s3: saddr:16783984: daddr:100932208
[  306.811023] AAAAA-TCP_FORW: name:enp0s3: saddr:100932208: daddr:16783984
[  306.894459] AAAAA-TCP_FORW: name:enp0s3: saddr:100932208: daddr:33561200
[  306.921476] AAAAA-TCP_FORW: name:enp0s3: saddr:33561200: daddr:100932208
[  306.940146] AAAAA-TCP_FORW: name:enp0s3: saddr:100932208: daddr:16783984
[  307.031341] AAAAA-TCP_FORW: name:enp0s3: saddr:16783984: daddr:100932208
[  307.081404] AAAAA-TCP_FORW: name:enp0s3: saddr:100932208: daddr:16783984
[  307.110657] AAAAA-TCP_FORW: name:enp0s3: saddr:16783984: daddr:100932208
[  307.126553] AAAAA-TCP_FORW: name:enp0s3: saddr:100932208: daddr:16783984
[  307.174071] AAAAA-TCP_FORW: name:enp0s3: saddr:100932208: daddr:33561200
[  307.203908] AAAAA-TCP_FORW: name:enp0s3: saddr:33561200: daddr:100932208
[  307.236667] AAAAA-TCP_FORW: name:enp0s3: saddr:100932208: daddr:16783984
[  307.287633] AAAAA-TCP_FORW: name:enp0s3: saddr:16783984: daddr:100932208
[  307.336696] AAAAA-TCP_FORW: name:enp0s3: saddr:100932208: daddr:16783984
[  307.383272] AAAAA-TCP_FORW: name:enp0s3: saddr:16783984: daddr:100932208
[  307.422162] AAAAA-TCP_FORW: name:enp0s3: saddr:100932208: daddr:33561200
[  307.440457] AAAAA-TCP_FORW: name:enp0s3: saddr:100932208: daddr:16783984
[  307.454917] AAAAA-TCP_FORW: name:enp0s3: saddr:33561200: daddr:100932208
[  307.479172] AAAAA-TCP_FORW: name:enp0s3: saddr:100932208: daddr:16783984
[  307.518771] AAAAA-TCP_FORW: name:enp0s3: saddr:100932208: daddr:33561200
[  307.558607] AAAAA-TCP_FORW: name:enp0s3: saddr:16783984: daddr:100932208
[  307.565434] AAAAA-TCP_FORW: name:enp0s3: saddr:100932208: daddr:16783984
[  307.623138] AAAAA-TCP_FORW: name:enp0s3: saddr:100932208: daddr:16783984
[  307.647750] AAAAA-TCP_FORW: name:enp0s3: saddr:100932208: daddr:16783984
[  307.706804] AAAAA-TCP_FORW: name:enp0s3: saddr:100932208: daddr:33561200
[  307.736549] AAAAA-TCP_FORW: name:enp0s3: saddr:16783984: daddr:100932208
[  307.772149] AAAAA-TCP_FORW: name:enp0s3: saddr:100932208: daddr:16783984
[  307.840653] AAAAA-TCP_FORW: name:enp0s3: saddr:100932208: daddr:16783984
[  307.874409] AAAAA-TCP_FORW: name:enp0s3: saddr:16783984: daddr:100932208
[  307.924408] AAAAA-TCP_FORW: name:enp0s3: saddr:100932208: daddr:33561200
[  307.949859] AAAAA-TCP_FORW: name:enp0s3: saddr:33561200: daddr:100932208
[  307.990100] AAAAA-TCP_FORW: name:enp0s3: saddr:100932208: daddr:16783984
[  308.042251] AAAAA-TCP_FORW: name:enp0s3: saddr:100932208: daddr:16783984
[  308.059070] AAAAA-TCP_FORW: name:enp0s3: saddr:16783984: daddr:100932208
[  308.136220] AAAAA-TCP_FORW: name:enp0s3: saddr:100932208: daddr:33561200
[  308.164858] AAAAA-TCP_FORW: name:enp0s3: saddr:100932208: daddr:16783984
[  308.184565] AAAAA-TCP_FORW: name:enp0s3: saddr:16783984: daddr:100932208
[  308.223899] AAAAA-TCP_FORW: name:enp0s3: saddr:100932208: daddr:33561200
[  308.251920] AAAAA-TCP_FORW: name:enp0s3: saddr:100932208: daddr:33561200
[  308.270826] AAAAA-TCP_FORW: name:enp0s3: saddr:33561200: daddr:100932208
[  308.313429] AAAAA-TCP_FORW: name:enp0s3: saddr:16783984: daddr:100932208
[  308.332560] AAAAA-TCP_FORW: name:enp0s3: saddr:100932208: daddr:33561200
[  308.364163] AAAAA-TCP_FORW: name:enp0s3: saddr:100932208: daddr:33561200
[  308.399167] AAAAA-TCP_FORW: name:enp0s3: saddr:16783984: daddr:100932208
[  308.436553] AAAAA-TCP_FORW: name:enp0s3: saddr:100932208: daddr:33561200
[  308.448101] AAAAA-TCP_FORW: name:enp0s3: saddr:100932208: daddr:33561200
[  308.465217] AAAAA-TCP_FORW: name:enp0s3: saddr:33561200: daddr:100932208
[  308.487704] AAAAA-TCP_FORW: name:enp0s3: saddr:100932208: daddr:33561200
[  308.551644] AAAAA-TCP_FORW: name:enp0s3: saddr:16783984: daddr:100932208
[  308.580421] AAAAA-TCP_FORW: name:enp0s3: saddr:16783984: daddr:100932208
[  308.589441] AAAAA-TCP_FORW: name:enp0s3: saddr:100932208: daddr:33561200
[  308.616296] AAAAA-TCP_FORW: name:enp0s3: saddr:16783984: daddr:100932208
[  308.631333] AAAAA-TCP_FORW: name:enp0s3: saddr:100932208: daddr:33561200
[  308.650500] AAAAA-TCP_FORW: name:enp0s3: saddr:100932208: daddr:33561200
[  308.665889] AAAAA-TCP_FORW: name:enp0s3: saddr:33561200: daddr:100932208
[  308.738185] AAAAA-TCP_FORW: name:enp0s3: saddr:16783984: daddr:100932208
[  308.750675] AAAAA-TCP_FORW: name:enp0s3: saddr:100932208: daddr:33561200
[  308.791755] AAAAA-TCP_FORW: name:enp0s3: saddr:16783984: daddr:100932208
[  308.883112] AAAAA-TCP_FORW: name:enp0s3: saddr:33561200: daddr:100932208
[  308.964515] AAAAA-TCP_FORW: name:enp0s3: saddr:16783984: daddr:100932208
[  309.008258] AAAAA-TCP_FORW: name:enp0s3: saddr:16783984: daddr:100932208
[  309.073340] AAAAA-TCP_FORW: name:enp0s3: saddr:33561200: daddr:100932208
[  309.105384] AAAAA-TCP_FORW: name:enp0s3: saddr:16783984: daddr:100932208
[  309.188806] AAAAA-TCP_FORW: name:enp0s3: saddr:33561200: daddr:100932208
[  309.234389] AAAAA-TCP_FORW: name:enp0s3: saddr:100932208: daddr:33561200
[  309.254823] AAAAA-TCP_FORW: name:enp0s3: saddr:33561200: daddr:100932208
[  309.401379] AAAAA-TCP_FORW: name:enp0s3: saddr:33561200: daddr:100932208
[  309.471298] AAAAA-TCP_FORW: name:enp0s3: saddr:33561200: daddr:100932208
[  309.537167] AAAAA-TCP_FORW: name:enp0s3: saddr:33561200: daddr:100932208
[  309.551969] AAAAA-TCP_FORW: name:enp0s3: saddr:100932208: daddr:33561200
[  309.576281] AAAAA-TCP_FORW: name:enp0s3: saddr:33561200: daddr:100932208
[  309.695714] AAAAA-TCP_FORW: name:enp0s3: saddr:33561200: daddr:100932208
[  309.737825] AAAAA-TCP_FORW: name:enp0s3: saddr:100932208: daddr:33561200
[  309.867008] AAAAA-TCP_FORW: name:enp0s3: saddr:33561200: daddr:100932208
[  309.906447] AAAAA-TCP_FORW: name:enp0s3: saddr:100932208: daddr:33561200
[  309.929327] AAAAA-TCP_FORW: name:enp0s3: saddr:33561200: daddr:100932208
[  309.978773] AAAAA-TCP_FORW: name:enp0s3: saddr:100932208: daddr:33561200
[  309.983460] AAAAA-TCP_FORW: name:enp0s3: saddr:33561200: daddr:100932208
[  310.078599] AAAAA-TCP_FORW: name:enp0s3: saddr:100932208: daddr:33561200
[  310.093444] AAAAA-TCP_FORW: name:enp0s3: saddr:33561200: daddr:100932208
[  310.249017] AAAAA-TCP_FORW: name:enp0s3: saddr:100932208: daddr:33561200
[  310.371416] AAAAA-TCP_FORW: name:enp0s3: saddr:100932208: daddr:33561200
[  310.482928] AAAAA-TCP_FORW: name:enp0s3: saddr:33561200: daddr:100932208
[  310.711590] AAAAA-TCP_FORW: name:enp0s3: saddr:100932208: daddr:33561200
[  310.744492] AAAAA-TCP_FORW: name:enp0s3: saddr:33561200: daddr:100932208
[  310.891878] AAAAA-TCP_FORW: name:enp0s3: saddr:100932208: daddr:33561200
[  310.911294] AAAAA-TCP_FORW: name:enp0s3: saddr:33561200: daddr:100932208
[  311.002725] AAAAA-TCP_FORW: name:enp0s3: saddr:33561200: daddr:100932208
[  311.067664] AAAAA-TCP_FORW: name:enp0s3: saddr:100932208: daddr:33561200
[  311.084554] AAAAA-TCP_FORW: name:enp0s3: saddr:33561200: daddr:100932208
[  311.146672] AAAAA-TCP_FORW: name:enp0s3: saddr:33561200: daddr:100932208
[  311.163233] AAAAA-TCP_FORW: name:enp0s3: saddr:100932208: daddr:33561200
[  311.194357] AAAAA-TCP_FORW: name:enp0s3: saddr:100932208: daddr:33561200
[  311.247940] AAAAA-TCP_FORW: name:enp0s3: saddr:33561200: daddr:100932208
[  311.305484] AAAAA-TCP_FORW: name:enp0s3: saddr:33561200: daddr:100932208
[  311.348607] AAAAA-TCP_FORW: name:enp0s3: saddr:100932208: daddr:33561200
[  311.385225] AAAAA-TCP_FORW: name:enp0s3: saddr:100932208: daddr:33561200
[  311.438660] AAAAA-TCP_FORW: name:enp0s3: saddr:33561200: daddr:100932208
[  311.488367] AAAAA-TCP_FORW: name:enp0s3: saddr:100932208: daddr:33561200
[  311.505857] AAAAA-TCP_FORW: name:enp0s3: saddr:33561200: daddr:100932208
[  311.562097] AAAAA-TCP_FORW: name:enp0s3: saddr:100932208: daddr:33561200
[  311.580016] AAAAA-TCP_FORW: name:enp0s3: saddr:100932208: daddr:33561200
[  311.661277] AAAAA-TCP_FORW: name:enp0s3: saddr:33561200: daddr:100932208
[  311.737259] AAAAA-TCP_FORW: name:enp0s3: saddr:100932208: daddr:33561200
[  311.762473] AAAAA-TCP_FORW: name:enp0s3: saddr:33561200: daddr:100932208
[  311.818441] AAAAA-TCP_FORW: name:enp0s3: saddr:33561200: daddr:100932208
[  311.906208] AAAAA-TCP_FORW: name:enp0s3: saddr:33561200: daddr:100932208
[  311.955578] AAAAA-TCP_FORW: name:enp0s3: saddr:33561200: daddr:100932208
[  312.010701] AAAAA-TCP_FORW: name:enp0s3: saddr:33561200: daddr:100932208
[  312.112213] AAAAA-TCP_FORW: name:enp0s3: saddr:33561200: daddr:100932208
[  312.124236] AAAAA-TCP_FORW: name:enp0s3: saddr:100932208: daddr:33561200
[  312.149758] AAAAA-TCP_FORW: name:enp0s3: saddr:33561200: daddr:100932208
[  312.203299] AAAAA-TCP_FORW: name:enp0s3: saddr:33561200: daddr:100932208
[  312.414321] AAAAA-TCP_FORW: name:enp0s3: saddr:33561200: daddr:100932208
[  312.478811] AAAAA-TCP_FORW: name:enp0s3: saddr:100932208: daddr:33561200
[  312.534679] AAAAA-TCP_FORW: name:enp0s3: saddr:33561200: daddr:100932208
[  312.717303] AAAAA-TCP_FORW: name:enp0s3: saddr:100932208: daddr:33561200
[  312.788568] AAAAA-TCP_FORW: name:enp0s3: saddr:33561200: daddr:100932208
[  312.818071] AAAAA-TCP_FORW: name:enp0s3: saddr:100932208: daddr:33561200
[  312.862899] AAAAA-TCP_FORW: name:enp0s3: saddr:33561200: daddr:100932208
[  312.912019] AAAAA-TCP_FORW: name:enp0s3: saddr:100932208: daddr:33561200
[  312.969912] AAAAA-TCP_FORW: name:enp0s3: saddr:33561200: daddr:100932208
[  313.028109] AAAAA-TCP_FORW: name:enp0s3: saddr:100932208: daddr:33561200
[  313.077726] AAAAA-TCP_FORW: name:enp0s3: saddr:33561200: daddr:100932208
[  313.161824] AAAAA-TCP_FORW: name:enp0s3: saddr:100932208: daddr:33561200
[  313.206743] AAAAA-TCP_FORW: name:enp0s3: saddr:33561200: daddr:100932208
[  313.344178] AAAAA-TCP_FORW: name:enp0s3: saddr:100932208: daddr:33561200
[  313.351224] AAAAA-TCP_FORW: name:enp0s3: saddr:33561200: daddr:100932208
[  313.425999] AAAAA-TCP_FORW: name:enp0s3: saddr:100932208: daddr:33561200
[  313.445722] AAAAA-TCP_FORW: name:enp0s3: saddr:33561200: daddr:100932208
[  313.501437] AAAAA-TCP_FORW: name:enp0s3: saddr:100932208: daddr:33561200
[  313.535577] AAAAA-TCP_FORW: name:enp0s3: saddr:100932208: daddr:33561200
[  313.549097] AAAAA-TCP_FORW: name:enp0s3: saddr:33561200: daddr:100932208
[  313.591203] AAAAA-TCP_FORW: name:enp0s3: saddr:33561200: daddr:100932208
[  313.610601] AAAAA-TCP_FORW: name:enp0s3: saddr:100932208: daddr:33561200
[  313.711919] AAAAA-TCP_FORW: name:enp0s3: saddr:33561200: daddr:100932208
[  320.145488] AAAAA-TCP_FORW: name:enp0s3: saddr:16783984: daddr:100932208
[  320.276320] AAAAA-TCP_FORW: name:enp0s3: saddr:16783984: daddr:100932208
[  320.710748] AAAAA-TCP_FORW: name:enp0s3: saddr:16783984: daddr:100932208
[  321.107823] AAAAA-TCP_FORW: name:enp0s3: saddr:16783984: daddr:100932208
[  322.215322] AAAAA-TCP_FORW: name:enp0s3: saddr:16783984: daddr:100932208
[  322.292345] AAAAA-TCP_FORW: name:enp0s3: saddr:16783984: daddr:100932208
[  322.350944] AAAAA-TCP_FORW: name:enp0s3: saddr:16783984: daddr:100932208
[  338.983314] AAAAA-TCP_FORW: name:enp0s3: saddr:100932208: daddr:33561200
[  339.042647] AAAAA-TCP_FORW: name:enp0s3: saddr:33561200: daddr:100932208
[  339.172846] AAAAA-TCP_FORW: name:enp0s3: saddr:100932208: daddr:16783984
[  339.285727] AAAAA-TCP_FORW: name:enp0s3: saddr:16783984: daddr:100932208
[  339.297365] AAAAA-TCP_FORW: name:enp0s3: saddr:100932208: daddr:16783984
[  339.412920] AAAAA-TCP_FORW: name:enp0s3: saddr:100932208: daddr:33561200
[  339.518771] AAAAA-TCP_FORW: name:enp0s3: saddr:16783984: daddr:100932208
[  339.571735] AAAAA-TCP_FORW: name:enp0s3: saddr:16783984: daddr:100932208
[  344.950441] AAAAA-TCP_FORW: name:enp0s3: saddr:100932208: daddr:33561200
[  345.099567] AAAAA-TCP_FORW: name:enp0s3: saddr:100932208: daddr:16783984
[  345.465666] AAAAA-TCP_FORW: name:enp0s3: saddr:100932208: daddr:33561200
[  345.666823] AAAAA-TCP_FORW: name:enp0s3: saddr:100932208: daddr:33561200
[  345.704815] AAAAA-TCP_FORW: name:enp0s3: saddr:100932208: daddr:16783984
[  345.773201] AAAAA-TCP_FORW: name:enp0s3: saddr:100932208: daddr:16783984
[  345.960826] AAAAA-TCP_FORW: name:enp0s3: saddr:100932208: daddr:33561200
[  346.008084] AAAAA-TCP_FORW: name:enp0s3: saddr:100932208: daddr:33561200
[  346.055739] AAAAA-TCP_FORW: name:enp0s3: saddr:100932208: daddr:16783984
[  346.204473] AAAAA-TCP_FORW: name:enp0s3: saddr:100932208: daddr:16783984
[  497.685324] rfkill: input handler enabled
[  506.921661] rfkill: input handler disabled
[  884.440441] device enp0s3 left promiscuous mode
