[    0.000000] Linux version 5.4.243-mptcp (root@ztg) (gcc version 12.2.0 (Debian 12.2.0-14+deb12u1)) #53 SMP Wed Dec 24 23:28:15 CST 2025
[    0.000000] Command line: BOOT_IMAGE=/boot/vmlinuz-5.4.243-mptcp root=UUID=98415a12-53b7-4144-8265-0f7ece09e445 ro quiet splash
[    0.000000] KERNEL supported cpus:
[    0.000000]   Intel GenuineIntel
[    0.000000]   AMD AuthenticAMD
[    0.000000]   Hygon HygonGenuine
[    0.000000]   Centaur CentaurHauls
[    0.000000]   zhaoxin   Shanghai  
[    0.000000] x86/fpu: Supporting XSAVE feature 0x001: 'x87 floating point registers'
[    0.000000] x86/fpu: Supporting XSAVE feature 0x002: 'SSE registers'
[    0.000000] x86/fpu: Supporting XSAVE feature 0x004: 'AVX registers'
[    0.000000] x86/fpu: xstate_offset[2]:  576, xstate_sizes[2]:  256
[    0.000000] x86/fpu: Enabled xstate features 0x7, context size is 832 bytes, using 'standard' format.
[    0.000000] BIOS-provided physical RAM map:
[    0.000000] BIOS-e820: [mem 0x0000000000000000-0x000000000009fbff] usable
[    0.000000] BIOS-e820: [mem 0x000000000009fc00-0x000000000009ffff] reserved
[    0.000000] BIOS-e820: [mem 0x00000000000f0000-0x00000000000fffff] reserved
[    0.000000] BIOS-e820: [mem 0x0000000000100000-0x000000007ffeffff] usable
[    0.000000] BIOS-e820: [mem 0x000000007fff0000-0x000000007fffffff] ACPI data
[    0.000000] BIOS-e820: [mem 0x00000000fec00000-0x00000000fec00fff] reserved
[    0.000000] BIOS-e820: [mem 0x00000000fee00000-0x00000000fee00fff] reserved
[    0.000000] BIOS-e820: [mem 0x00000000fffc0000-0x00000000ffffffff] reserved
[    0.000000] NX (Execute Disable) protection: active
[    0.000000] SMBIOS 2.5 present.
[    0.000000] DMI: innotek GmbH VirtualBox/VirtualBox, BIOS VirtualBox 12/01/2006
[    0.000000] Hypervisor detected: KVM
[    0.000000] kvm-clock: Using msrs 4b564d01 and 4b564d00
[    0.000000] kvm-clock: cpu 0, msr 6a001001, primary cpu clock
[    0.000000] kvm-clock: using sched offset of 4457862408 cycles
[    0.000002] clocksource: kvm-clock: mask: 0xffffffffffffffff max_cycles: 0x1cd42e4dffb, max_idle_ns: 881590591483 ns
[    0.000005] tsc: Detected 2100.000 MHz processor
[    0.001897] e820: update [mem 0x00000000-0x00000fff] usable ==> reserved
[    0.001899] e820: remove [mem 0x000a0000-0x000fffff] usable
[    0.001903] last_pfn = 0x7fff0 max_arch_pfn = 0x400000000
[    0.001969] MTRR default type: uncachable
[    0.001970] MTRR fixed ranges enabled:
[    0.001972]   00000-9FFFF write-back
[    0.001972]   A0000-BFFFF uncachable
[    0.001973]   C0000-FFFFF write-protect
[    0.001974] MTRR variable ranges enabled:
[    0.001975]   0 base 000000000000 mask 3FFF80000000 write-back
[    0.001976]   1 disabled
[    0.001977]   2 disabled
[    0.001977]   3 disabled
[    0.001977]   4 disabled
[    0.001978]   5 disabled
[    0.001978]   6 disabled
[    0.001979]   7 disabled
[    0.001979]   8 disabled
[    0.001979]   9 disabled
[    0.001980]   10 disabled
[    0.001980]   11 disabled
[    0.001981]   12 disabled
[    0.001981]   13 disabled
[    0.001982]   14 disabled
[    0.001982]   15 disabled
[    0.001998] x86/PAT: Configuration [0-7]: WB  WC  UC- UC  WB  WP  UC- WT  
[    0.002130] found SMP MP-table at [mem 0x0009fff0-0x0009ffff]
[    0.092799] check: Scanning 1 areas for low memory corruption
[    0.093034] RAMDISK: [mem 0x32271000-0x3512ffff]
[    0.093042] ACPI: Early table checksum verification disabled
[    0.093046] ACPI: RSDP 0x00000000000E0000 000024 (v02 VBOX  )
[    0.093050] ACPI: XSDT 0x000000007FFF0030 00003C (v01 VBOX   VBOXXSDT 00000001 ASL  00000061)
[    0.093056] ACPI: FACP 0x000000007FFF00F0 0000F4 (v04 VBOX   VBOXFACP 00000001 ASL  00000061)
[    0.093062] ACPI: DSDT 0x000000007FFF02E0 002353 (v02 VBOX   VBOXBIOS 00000002 VBOX 00029BF3)
[    0.093066] ACPI: FACS 0x000000007FFF0200 000040
[    0.093070] ACPI: FACS 0x000000007FFF0200 000040
[    0.093073] ACPI: APIC 0x000000007FFF0240 000054 (v02 VBOX   VBOXAPIC 00000001 ASL  00000061)
[    0.093077] ACPI: SSDT 0x000000007FFF02A0 000038 (v01 VBOX   VBOXCPUT 00000002 VBOX 00029BF3)
[    0.093080] ACPI: Reserving FACP table memory at [mem 0x7fff00f0-0x7fff01e3]
[    0.093081] ACPI: Reserving DSDT table memory at [mem 0x7fff02e0-0x7fff2632]
[    0.093081] ACPI: Reserving FACS table memory at [mem 0x7fff0200-0x7fff023f]
[    0.093082] ACPI: Reserving FACS table memory at [mem 0x7fff0200-0x7fff023f]
[    0.093082] ACPI: Reserving APIC table memory at [mem 0x7fff0240-0x7fff0293]
[    0.093083] ACPI: Reserving SSDT table memory at [mem 0x7fff02a0-0x7fff02d7]
[    0.093097] ACPI: Local APIC address 0xfee00000
[    0.093291] No NUMA configuration found
[    0.093292] Faking a node at [mem 0x0000000000000000-0x000000007ffeffff]
[    0.093303] NODE_DATA(0) allocated [mem 0x7ffc5000-0x7ffeffff]
[    0.093564] Zone ranges:
[    0.093564]   DMA      [mem 0x0000000000001000-0x0000000000ffffff]
[    0.093566]   DMA32    [mem 0x0000000001000000-0x000000007ffeffff]
[    0.093566]   Normal   empty
[    0.093567]   Device   empty
[    0.093568] Movable zone start for each node
[    0.093570] Early memory node ranges
[    0.093571]   node   0: [mem 0x0000000000001000-0x000000000009efff]
[    0.093571]   node   0: [mem 0x0000000000100000-0x000000007ffeffff]
[    0.093574] Zeroed struct page in unavailable ranges: 114 pages
[    0.093575] Initmem setup node 0 [mem 0x0000000000001000-0x000000007ffeffff]
[    0.093576] On node 0 totalpages: 524174
[    0.093577]   DMA zone: 64 pages used for memmap
[    0.093578]   DMA zone: 21 pages reserved
[    0.093579]   DMA zone: 3998 pages, LIFO batch:0
[    0.093651]   DMA32 zone: 8128 pages used for memmap
[    0.093651]   DMA32 zone: 520176 pages, LIFO batch:63
[    0.102560] ACPI: PM-Timer IO Port: 0x4008
[    0.102563] ACPI: Local APIC address 0xfee00000
[    0.102629] IOAPIC[0]: apic_id 1, version 32, address 0xfec00000, GSI 0-23
[    0.102632] ACPI: INT_SRC_OVR (bus 0 bus_irq 0 global_irq 2 dfl dfl)
[    0.102634] ACPI: INT_SRC_OVR (bus 0 bus_irq 9 global_irq 9 low level)
[    0.102636] ACPI: IRQ0 used by override.
[    0.102637] ACPI: IRQ9 used by override.
[    0.102639] Using ACPI (MADT) for SMP configuration information
[    0.102646] smpboot: Allowing 1 CPUs, 0 hotplug CPUs
[    0.102667] PM: Registered nosave memory: [mem 0x00000000-0x00000fff]
[    0.102668] PM: Registered nosave memory: [mem 0x0009f000-0x0009ffff]
[    0.102669] PM: Registered nosave memory: [mem 0x000a0000-0x000effff]
[    0.102669] PM: Registered nosave memory: [mem 0x000f0000-0x000fffff]
[    0.102671] [mem 0x80000000-0xfebfffff] available for PCI devices
[    0.102672] Booting paravirtualized kernel on KVM
[    0.102674] clocksource: refined-jiffies: mask: 0xffffffff max_cycles: 0xffffffff, max_idle_ns: 7645519600211568 ns
[    0.102679] setup_percpu: NR_CPUS:8192 nr_cpumask_bits:1 nr_cpu_ids:1 nr_node_ids:1
[    0.103697] percpu: Embedded 60 pages/cpu s208896 r8192 d28672 u2097152
[    0.103702] pcpu-alloc: s208896 r8192 d28672 u2097152 alloc=1*2097152
[    0.103703] pcpu-alloc: [0] 0 
[    0.103729] Built 1 zonelists, mobility grouping on.  Total pages: 515961
[    0.103729] Policy zone: DMA32
[    0.103731] Kernel command line: BOOT_IMAGE=/boot/vmlinuz-5.4.243-mptcp root=UUID=98415a12-53b7-4144-8265-0f7ece09e445 ro quiet splash
[    0.104599] Dentry cache hash table entries: 262144 (order: 9, 2097152 bytes, linear)
[    0.104746] Inode-cache hash table entries: 131072 (order: 8, 1048576 bytes, linear)
[    0.104795] mem auto-init: stack:off, heap alloc:on, heap free:off
[    0.104797] Calgary: detecting Calgary via BIOS EBDA area
[    0.104799] Calgary: Unable to locate Rio Grande table in EBDA - bailing!
[    0.108864] Memory: 1967332K/2096696K available (14339K kernel code, 2398K rwdata, 4712K rodata, 2728K init, 17260K bss, 129364K reserved, 0K cma-reserved)
[    0.109788] SLUB: HWalign=64, Order=0-3, MinObjects=0, CPUs=1, Nodes=1
[    0.109805] ftrace: allocating 43186 entries in 169 pages
[    0.127855] rcu: Hierarchical RCU implementation.
[    0.127856] rcu: 	RCU restricting CPUs from NR_CPUS=8192 to nr_cpu_ids=1.
[    0.127857] 	Tasks RCU enabled.
[    0.127858] rcu: RCU calculated value of scheduler-enlistment delay is 25 jiffies.
[    0.127859] rcu: Adjusting geometry for rcu_fanout_leaf=16, nr_cpu_ids=1
[    0.130830] NR_IRQS: 524544, nr_irqs: 256, preallocated irqs: 16
[    0.131037] random: crng init done
[    0.140389] Console: colour VGA+ 80x25
[    0.140393] printk: console [tty0] enabled
[    0.140411] ACPI: Core revision 20190816
[    0.140504] APIC: Switch to symmetric I/O mode setup
[    0.140749] x2apic enabled
[    0.140987] Switched APIC routing to physical x2apic.
[    0.142108] ..TIMER: vector=0x30 apic1=0 pin1=2 apic2=-1 pin2=-1
[    0.142132] clocksource: tsc-early: mask: 0xffffffffffffffff max_cycles: 0x1e4530a99b6, max_idle_ns: 440795257976 ns
[    0.142137] Calibrating delay loop (skipped) preset value.. 4200.00 BogoMIPS (lpj=8400000)
[    0.142139] pid_max: default: 32768 minimum: 301
[    0.142167] LSM: Security Framework initializing
[    0.142177] Yama: becoming mindful.
[    0.142202] AppArmor: AppArmor initialized
[    0.142234] Mount-cache hash table entries: 4096 (order: 3, 32768 bytes, linear)
[    0.142239] Mountpoint-cache hash table entries: 4096 (order: 3, 32768 bytes, linear)
[    0.142248] *** VALIDATE tmpfs ***
[    0.142381] *** VALIDATE proc ***
[    0.142423] *** VALIDATE cgroup1 ***
[    0.142425] *** VALIDATE cgroup2 ***
[    0.142564] process: using mwait in idle threads
[    0.142569] Last level iTLB entries: 4KB 64, 2MB 8, 4MB 8
[    0.142570] Last level dTLB entries: 4KB 64, 2MB 0, 4MB 0, 1GB 4
[    0.142590] Spectre V1 : Mitigation: usercopy/swapgs barriers and __user pointer sanitization
[    0.142595] Spectre V2 : Mitigation: Retpolines
[    0.142596] Spectre V2 : Spectre v2 / SpectreRSB mitigation: Filling RSB on context switch
[    0.142597] Spectre V2 : Spectre v2 / SpectreRSB : Filling RSB on VMEXIT
[    0.142597] RETBleed: WARNING: Spectre v2 mitigation leaves CPU vulnerable to RETBleed attacks, data leaks possible!
[    0.142946] RETBleed: Vulnerable
[    0.142947] Speculative Store Bypass: Vulnerable
[    0.142951] TAA: Mitigation: TSX disabled
[    0.142952] MMIO Stale Data: Mitigation: Clear CPU buffers
[    0.147136] Freeing SMP alternatives memory: 40K
[    0.259201] smpboot: CPU0: Intel(R) Xeon(R) Silver 4216 CPU @ 2.10GHz (family: 0x6, model: 0x55, stepping: 0x7)
[    0.259316] Performance Events: unsupported p6 CPU model 85 no PMU driver, software events only.
[    0.259351] rcu: Hierarchical SRCU implementation.
[    0.259827] NMI watchdog: Perf NMI watchdog permanently disabled
[    0.259866] smp: Bringing up secondary CPUs ...
[    0.259867] smp: Brought up 1 node, 1 CPU
[    0.259868] smpboot: Max logical packages: 1
[    0.259869] smpboot: Total of 1 processors activated (4200.00 BogoMIPS)
[    0.260821] devtmpfs: initialized
[    0.260866] x86/mm: Memory block size: 128MB
[    0.261213] clocksource: jiffies: mask: 0xffffffff max_cycles: 0xffffffff, max_idle_ns: 7645041785100000 ns
[    0.261219] futex hash table entries: 256 (order: 2, 16384 bytes, linear)
[    0.261262] pinctrl core: initialized pinctrl subsystem
[    0.261362] PM: RTC time: 16:25:03, date: 2026-01-11
[    0.261468] NET: Registered protocol family 16
[    0.261542] audit: initializing netlink subsys (disabled)
[    0.261667] EISA bus registered
[    0.261668] cpuidle: using governor ladder
[    0.261669] cpuidle: using governor menu
[    0.261705] ACPI: bus type PCI registered
[    0.261706] acpiphp: ACPI Hot Plug PCI Controller Driver version: 0.5
[    0.261808] PCI: Using configuration type 1 for base access
[    0.262361] audit: type=2000 audit(1768119909.371:1): state=initialized audit_enabled=0 res=1
[    0.262441] HugeTLB registered 2.00 MiB page size, pre-allocated 0 pages
[    0.263253] ACPI: Added _OSI(Module Device)
[    0.263253] ACPI: Added _OSI(Processor Device)
[    0.263254] ACPI: Added _OSI(3.0 _SCP Extensions)
[    0.263255] ACPI: Added _OSI(Processor Aggregator Device)
[    0.263256] ACPI: Added _OSI(Linux-Dell-Video)
[    0.263257] ACPI: Added _OSI(Linux-Lenovo-NV-HDMI-Audio)
[    0.263257] ACPI: Added _OSI(Linux-HPI-Hybrid-Graphics)
[    0.265202] ACPI: 2 ACPI AML tables successfully acquired and loaded
[    0.266722] ACPI: Interpreter enabled
[    0.266732] ACPI: (supports S0 S5)
[    0.266733] ACPI: Using IOAPIC for interrupt routing
[    0.266938] PCI: Using host bridge windows from ACPI; if necessary, use "pci=nocrs" and report a bug
[    0.267046] ACPI: Enabled 2 GPEs in block 00 to 07
[    0.271838] ACPI: PCI Root Bridge [PCI0] (domain 0000 [bus 00-ff])
[    0.271844] acpi PNP0A03:00: _OSC: OS supports [ASPM ClockPM Segments MSI HPX-Type3]
[    0.272287] acpi PNP0A03:00: _OSC: not requesting OS control; OS requires [ExtendedConfig ASPM ClockPM MSI]
[    0.272295] acpi PNP0A03:00: fail to add MMCONFIG information, can't access extended PCI configuration space under this bridge.
[    0.272669] PCI host bridge to bus 0000:00
[    0.272671] pci_bus 0000:00: root bus resource [io  0x0000-0x0cf7 window]
[    0.272672] pci_bus 0000:00: root bus resource [io  0x0d00-0xffff window]
[    0.272673] pci_bus 0000:00: root bus resource [mem 0x000a0000-0x000bffff window]
[    0.272674] pci_bus 0000:00: root bus resource [mem 0x80000000-0xfdffffff window]
[    0.272675] pci_bus 0000:00: root bus resource [bus 00-ff]
[    0.272719] pci 0000:00:00.0: [8086:1237] type 00 class 0x060000
[    0.273667] pci 0000:00:01.0: [8086:7000] type 00 class 0x060100
[    0.274598] pci 0000:00:01.1: [8086:7111] type 00 class 0x01018a
[    0.274986] pci 0000:00:01.1: reg 0x20: [io  0xd000-0xd00f]
[    0.275145] pci 0000:00:01.1: legacy IDE quirk: reg 0x10: [io  0x01f0-0x01f7]
[    0.275146] pci 0000:00:01.1: legacy IDE quirk: reg 0x14: [io  0x03f6]
[    0.275147] pci 0000:00:01.1: legacy IDE quirk: reg 0x18: [io  0x0170-0x0177]
[    0.275148] pci 0000:00:01.1: legacy IDE quirk: reg 0x1c: [io  0x0376]
[    0.275689] pci 0000:00:02.0: [15ad:0405] type 00 class 0x030000
[    0.278211] pci 0000:00:02.0: reg 0x10: [io  0xd010-0xd01f]
[    0.281046] pci 0000:00:02.0: reg 0x14: [mem 0xe0000000-0xe7ffffff pref]
[    0.283997] pci 0000:00:02.0: reg 0x18: [mem 0xf0000000-0xf01fffff]
[    0.294802] pci 0000:00:03.0: [1022:2000] type 00 class 0x020000
[    0.295481] pci 0000:00:03.0: reg 0x10: [io  0xd020-0xd03f]
[    0.296088] pci 0000:00:03.0: reg 0x14: [mem 0xf0200000-0xf0200fff]
[    0.299513] pci 0000:00:04.0: [80ee:cafe] type 00 class 0x088000
[    0.300190] pci 0000:00:04.0: reg 0x10: [io  0xd040-0xd05f]
[    0.300801] pci 0000:00:04.0: reg 0x14: [mem 0xf0400000-0xf07fffff]
[    0.301423] pci 0000:00:04.0: reg 0x18: [mem 0xf0800000-0xf0803fff pref]
[    0.304639] pci 0000:00:07.0: [8086:7113] type 00 class 0x068000
[    0.306266] pci 0000:00:07.0: quirk: [io  0x4000-0x403f] claimed by PIIX4 ACPI
[    0.306276] pci 0000:00:07.0: quirk: [io  0x4100-0x410f] claimed by PIIX4 SMB
[    0.306865] pci 0000:00:08.0: [1022:2000] type 00 class 0x020000
[    0.307534] pci 0000:00:08.0: reg 0x10: [io  0xd060-0xd07f]
[    0.308145] pci 0000:00:08.0: reg 0x14: [mem 0xf0804000-0xf0804fff]
[    0.311518] pci 0000:00:09.0: [8086:100e] type 00 class 0x020000
[    0.312227] pci 0000:00:09.0: reg 0x10: [mem 0xf0820000-0xf083ffff]
[    0.313443] pci 0000:00:09.0: reg 0x18: [io  0xd080-0xd087]
[    0.323143] ACPI: PCI Interrupt Link [LNKA] (IRQs 5 9 10 *11)
[    0.323424] ACPI: PCI Interrupt Link [LNKB] (IRQs 5 9 *10 11)
[    0.323529] ACPI: PCI Interrupt Link [LNKC] (IRQs 5 *9 10 11)
[    0.323628] ACPI: PCI Interrupt Link [LNKD] (IRQs 5 9 10 *11)
[    0.323866] iommu: Default domain type: Translated 
[    0.323926] pci 0000:00:02.0: vgaarb: setting as boot VGA device
[    0.323928] pci 0000:00:02.0: vgaarb: VGA device added: decodes=io+mem,owns=io+mem,locks=none
[    0.323930] pci 0000:00:02.0: vgaarb: bridge control possible
[    0.323931] vgaarb: loaded
[    0.324132] SCSI subsystem initialized
[    0.324164] libata version 3.00 loaded.
[    0.324185] ACPI: bus type USB registered
[    0.324201] usbcore: registered new interface driver usbfs
[    0.324207] usbcore: registered new interface driver hub
[    0.324212] usbcore: registered new device driver usb
[    0.324236] pps_core: LinuxPPS API ver. 1 registered
[    0.324237] pps_core: Software ver. 5.3.6 - Copyright 2005-2007 Rodolfo Giometti <giometti@linux.it>
[    0.324239] PTP clock support registered
[    0.324272] EDAC MC: Ver: 3.0.0
[    0.324562] PCI: Using ACPI for IRQ routing
[    0.324563] PCI: pci_cache_line_size set to 64 bytes
[    0.324740] e820: reserve RAM buffer [mem 0x0009fc00-0x0009ffff]
[    0.324744] e820: reserve RAM buffer [mem 0x7fff0000-0x7fffffff]
[    0.326862] NetLabel: Initializing
[    0.326862] NetLabel:  domain hash size = 128
[    0.326863] NetLabel:  protocols = UNLABELED CIPSOv4 CALIPSO
[    0.326882] NetLabel:  unlabeled traffic allowed by default
[    0.327774] clocksource: Switched to clocksource kvm-clock
[    0.340503] *** VALIDATE bpf ***
[    0.340559] VFS: Disk quotas dquot_6.6.0
[    0.340571] VFS: Dquot-cache hash table entries: 512 (order 0, 4096 bytes)
[    0.340591] *** VALIDATE ramfs ***
[    0.340594] *** VALIDATE hugetlbfs ***
[    0.340670] AppArmor: AppArmor Filesystem Enabled
[    0.340693] pnp: PnP ACPI init
[    0.340754] pnp 00:00: Plug and Play ACPI device, IDs PNP0303 (active)
[    0.340841] pnp 00:01: Plug and Play ACPI device, IDs PNP0f03 (active)
[    0.341595] pnp: PnP ACPI: found 2 devices
[    0.342581] thermal_sys: Registered thermal governor 'fair_share'
[    0.342582] thermal_sys: Registered thermal governor 'bang_bang'
[    0.342583] thermal_sys: Registered thermal governor 'step_wise'
[    0.342583] thermal_sys: Registered thermal governor 'user_space'
[    0.342584] thermal_sys: Registered thermal governor 'power_allocator'
[    0.347113] clocksource: acpi_pm: mask: 0xffffff max_cycles: 0xffffff, max_idle_ns: 2085701024 ns
[    0.347151] pci_bus 0000:00: resource 4 [io  0x0000-0x0cf7 window]
[    0.347153] pci_bus 0000:00: resource 5 [io  0x0d00-0xffff window]
[    0.347154] pci_bus 0000:00: resource 6 [mem 0x000a0000-0x000bffff window]
[    0.347155] pci_bus 0000:00: resource 7 [mem 0x80000000-0xfdffffff window]
[    0.347212] NET: Registered protocol family 2
[    0.347216] IP idents hash table entries: 32768 (order: 6, 262144 bytes, linear)
[    0.347216] MPTCP tokens hash table entries: 8192 (order: 4, 65536 bytes, linear)
[    0.347216] MPTCP request tokens hash table entries: 8192 (order: 4, 65536 bytes, linear)
[    0.347216] default registered
[    0.347216] default registered
[    0.347216] MPTCP: Stable release v0.96
[    0.347216] tcp_listen_portaddr_hash hash table entries: 1024 (order: 2, 16384 bytes, linear)
[    0.347216] TCP established hash table entries: 16384 (order: 5, 131072 bytes, linear)
[    0.347216] TCP bind hash table entries: 16384 (order: 6, 262144 bytes, linear)
[    0.347216] TCP: Hash tables configured (established 16384 bind 16384)
[    0.348656] UDP hash table entries: 1024 (order: 3, 32768 bytes, linear)
[    0.348667] UDP-Lite hash table entries: 1024 (order: 3, 32768 bytes, linear)
[    0.348703] NET: Registered protocol family 1
[    0.348712] NET: Registered protocol family 44
[    0.348732] pci 0000:00:00.0: Limiting direct PCI/PCI transfers
[    0.348748] pci 0000:00:01.0: Activating ISA DMA hang workarounds
[    0.348801] pci 0000:00:02.0: Video device with shadowed ROM at [mem 0x000c0000-0x000dffff]
[    0.348867] PCI: CLS 0 bytes, default 64
[    0.348912] Trying to unpack rootfs image as initramfs...
[    0.519936] Freeing initrd memory: 47868K
[    0.519936] clocksource: tsc: mask: 0xffffffffffffffff max_cycles: 0x1e4530a99b6, max_idle_ns: 440795257976 ns
[    0.519936] clocksource: Switched to clocksource tsc
[    0.519936] platform rtc_cmos: registered platform RTC device (no PNP device found)
[    0.519936] check: Scanning for low memory corruption every 60 seconds
[    0.519936] Initialise system trusted keyrings
[    0.519936] Key type blacklist registered
[    0.519936] workingset: timestamp_bits=36 max_order=19 bucket_order=0
[    0.519936] zbud: loaded
[    0.519936] squashfs: version 4.0 (2009/01/31) Phillip Lougher
[    0.519936] fuse: init (API version 7.31)
[    0.519936] *** VALIDATE fuse ***
[    0.519936] *** VALIDATE fuse ***
[    0.519936] Platform Keyring initialized
[    0.532161] Key type asymmetric registered
[    0.532162] Asymmetric key parser 'x509' registered
[    0.532172] Block layer SCSI generic (bsg) driver version 0.4 loaded (major 244)
[    0.532212] io scheduler mq-deadline registered
[    0.532329] shpchp: Standard Hot Plug PCI Controller Driver version: 0.4
[    0.532548] ACPI: AC Adapter [AC] (on-line)
[    0.532592] input: Power Button as /devices/LNXSYSTM:00/LNXPWRBN:00/input/input0
[    0.532621] ACPI: Power Button [PWRF]
[    0.532701] input: Sleep Button as /devices/LNXSYSTM:00/LNXSLPBN:00/input/input1
[    0.532716] ACPI: Sleep Button [SLPF]
[    0.532944] Serial: 8250/16550 driver, 32 ports, IRQ sharing enabled
[    0.534085] Linux agpgart interface v0.103
[    0.627163] loop: module loaded
[    0.627321] ata_piix 0000:00:01.1: version 2.13
[    0.627727] scsi host0: ata_piix
[    0.627818] scsi host1: ata_piix
[    0.627844] ata1: PATA max UDMA/33 cmd 0x1f0 ctl 0x3f6 bmdma 0xd000 irq 14
[    0.627845] ata2: PATA max UDMA/33 cmd 0x170 ctl 0x376 bmdma 0xd008 irq 15
[    0.627927] tun: Universal TUN/TAP device driver, 1.6
[    0.628278] PPP generic driver version 2.4.2
[    0.628324] VFIO - User Level meta-driver version: 0.3
[    0.628572] ehci_hcd: USB 2.0 'Enhanced' Host Controller (EHCI) Driver
[    0.628577] ehci-pci: EHCI PCI platform driver
[    0.628592] ehci-platform: EHCI generic platform driver
[    0.628598] ohci_hcd: USB 1.1 'Open' Host Controller (OHCI) Driver
[    0.628599] ohci-pci: OHCI PCI platform driver
[    0.628606] ohci-platform: OHCI generic platform driver
[    0.628611] uhci_hcd: USB Universal Host Controller Interface driver
[    0.628678] i8042: PNP: PS/2 Controller [PNP0303:PS2K,PNP0f03:PS2M] at 0x60,0x64 irq 1,12
[    0.629118] serio: i8042 KBD port at 0x60,0x64 irq 1
[    0.629122] serio: i8042 AUX port at 0x60,0x64 irq 12
[    0.629207] mousedev: PS/2 mouse device common for all mice
[    0.629485] input: AT Translated Set 2 keyboard as /devices/platform/i8042/serio0/input/input2
[    0.629929] rtc_cmos rtc_cmos: registered as rtc0
[    0.629948] rtc_cmos rtc_cmos: alarms up to one day, 114 bytes nvram
[    0.629953] i2c /dev entries driver
[    0.629999] device-mapper: uevent: version 1.0.3
[    0.630042] device-mapper: ioctl: 4.41.0-ioctl (2019-09-16) initialised: dm-devel@redhat.com
[    0.630058] platform eisa.0: Probing EISA bus 0
[    0.630059] platform eisa.0: EISA: Cannot allocate resource for mainboard
[    0.630060] platform eisa.0: Cannot allocate resource for EISA slot 1
[    0.630061] platform eisa.0: Cannot allocate resource for EISA slot 2
[    0.630062] platform eisa.0: Cannot allocate resource for EISA slot 3
[    0.630063] platform eisa.0: Cannot allocate resource for EISA slot 4
[    0.630064] platform eisa.0: Cannot allocate resource for EISA slot 5
[    0.630065] platform eisa.0: Cannot allocate resource for EISA slot 6
[    0.630066] platform eisa.0: Cannot allocate resource for EISA slot 7
[    0.630067] platform eisa.0: Cannot allocate resource for EISA slot 8
[    0.630068] platform eisa.0: EISA: Detected 0 cards
[    0.630071] intel_pstate: CPU model not supported
[    0.630080] ledtrig-cpu: registered to indicate activity on CPUs
[    0.630136] drop_monitor: Initializing network drop monitor service
[    0.630298] NET: Registered protocol family 10
[    0.635372] Segment Routing with IPv6
[    0.635372] fullmesh registered
[    0.635372] ndiffports registered
[    0.635372] binder registered
[    0.635372] roundrobin registered
[    0.635372] redundant registered
[    0.635372] blest registered
[    0.635372] ecf registered
[    0.635372] NET: Registered protocol family 17
[    0.635372] Key type dns_resolver registered
[    0.635372] RAS: Correctable Errors collector initialized.
[    0.635372] IPI shorthand broadcast: enabled
[    0.635372] sched_clock: Marking stable (620266055, 11106626)->(632476413, -1103732)
[    0.635820] registered taskstats version 1
[    0.635829] Loading compiled-in X.509 certificates
[    0.636445] Loaded X.509 cert 'Build time autogenerated kernel key: 6909f3744cebb3d0de528d5887b96a727de79b1e'
[    0.636465] zswap: loaded using pool lzo/zbud
[    0.636528] Key type ._fscrypt registered
[    0.636529] Key type .fscrypt registered
[    0.641032] Key type big_key registered
[    0.643207] Key type encrypted registered
[    0.643209] AppArmor: AppArmor sha1 policy hashing enabled
[    0.643216] ima: No TPM chip found, activating TPM-bypass!
[    0.643220] ima: Allocated hash algorithm: sha1
[    0.643225] ima: No architecture policies found
[    0.643234] evm: Initialising EVM extended attributes:
[    0.643234] evm: security.selinux
[    0.643235] evm: security.SMACK64
[    0.643235] evm: security.SMACK64EXEC
[    0.643236] evm: security.SMACK64TRANSMUTE
[    0.643236] evm: security.SMACK64MMAP
[    0.643237] evm: security.apparmor
[    0.643237] evm: security.ima
[    0.643238] evm: security.capability
[    0.643238] evm: HMAC attrs: 0x1
[    0.643530] PM:   Magic number: 10:865:438
[    0.643644] rtc_cmos rtc_cmos: setting system clock to 2026-01-11T16:25:04 UTC (1768148704)
[    0.800005] ata1.00: ATA-6: VBOX HARDDISK, 1.0, max UDMA/133
[    0.800009] ata1.00: 209715200 sectors, multi 128: LBA 
[    0.800654] scsi 0:0:0:0: Direct-Access     ATA      VBOX HARDDISK    1.0  PQ: 0 ANSI: 5
[    0.800930] sd 0:0:0:0: [sda] 209715200 512-byte logical blocks: (107 GB/100 GiB)
[    0.800942] sd 0:0:0:0: [sda] Write Protect is off
[    0.800946] sd 0:0:0:0: [sda] Mode Sense: 00 3a 00 00
[    0.800965] sd 0:0:0:0: [sda] Write cache: enabled, read cache: enabled, doesn't support DPO or FUA
[    0.801272] sd 0:0:0:0: Attached scsi generic sg0 type 0
[    0.802111]  sda: sda1 sda2
[    0.811397] sd 0:0:0:0: [sda] Attached SCSI disk
[    0.816106] Freeing unused decrypted memory: 2040K
[    0.817350] Freeing unused kernel image memory: 2728K
[    0.817354] Write protecting the kernel read-only data: 22528k
[    0.818706] Freeing unused kernel image memory: 2036K
[    0.819428] Freeing unused kernel image memory: 1432K
[    0.853362] x86/mm: Checked W+X mappings: passed, no W+X pages found.
[    0.853366] Run /init as init process
[    0.951360] ACPI: Video Device [GFX0] (multi-head: yes  rom: no  post: no)
[    0.951432] input: Video Bus as /devices/LNXSYSTM:00/LNXSYBUS:00/PNP0A03:00/LNXVIDEO:00/input/input4
[    0.965095] pcnet32: pcnet32.c:v1.35 21.Apr.2008 tsbogend@alpha.franken.de
[    0.969101] e1000: Intel(R) PRO/1000 Network Driver - version 7.3.21-k8-NAPI
[    0.969102] e1000: Copyright (c) 1999-2006 Intel Corporation.
[    0.976459] pcnet32: PCnet/FAST III 79C973 at 0xd020, 08:00:27:af:24:62 assigned IRQ 19
[    0.976504] pcnet32: Found PHY 0022:561b at address 0
[    0.976801] pcnet32: eth0: registered as PCnet/FAST III 79C973
[    0.977523] piix4_smbus 0000:00:07.0: SMBus Host Controller at 0x4100, revision 0
[    0.984175] pcnet32: PCnet/FAST III 79C973 at 0xd060, 08:00:27:2a:f4:dc assigned IRQ 16
[    0.984219] pcnet32: Found PHY 0022:561b at address 0
[    0.984513] pcnet32: eth1: registered as PCnet/FAST III 79C973
[    0.992253] pcnet32: 2 cards_found
[    1.042200] pcnet32 0000:00:03.0 enp0s3: renamed from eth0
[    1.044813] pcnet32 0000:00:08.0 enp0s8: renamed from eth1
[    1.181048] input: ImExPS/2 Generic Explorer Mouse as /devices/platform/i8042/serio1/input/input5
[    1.379370] e1000 0000:00:09.0 eth0: (PCI:33MHz:32-bit) 08:00:27:cd:1d:21
[    1.379374] e1000 0000:00:09.0 eth0: Intel(R) PRO/1000 Network Connection
[    1.380429] e1000 0000:00:09.0 enp0s9: renamed from eth0
[    1.523904] EXT4-fs (sda2): mounted filesystem with ordered data mode. Opts: (null)
[    1.613414] systemd[1]: Inserted module 'autofs4'
[    1.624584] systemd[1]: systemd 245.4-4ubuntu3 running in system mode. (+PAM +AUDIT +SELINUX +IMA +APPARMOR +SMACK +SYSVINIT +UTMP +LIBCRYPTSETUP +GCRYPT +GNUTLS +ACL +XZ +LZ4 +SECCOMP +BLKID +ELFUTILS +KMOD +IDN2 -IDN +PCRE2 default-hierarchy=hybrid)
[    1.624613] systemd[1]: Detected virtualization oracle.
[    1.624616] systemd[1]: Detected architecture x86-64.
[    1.625886] systemd[1]: Set hostname to <ztg>.
[    1.750507] systemd[1]: /lib/systemd/system/dbus.socket:5: ListenStream= references a path below legacy directory /var/run/, updating /var/run/dbus/system_bus_socket â†’ /run/dbus/system_bus_socket; please update the unit file accordingly.
[    1.802305] systemd[1]: Created slice system-modprobe.slice.
[    1.802483] systemd[1]: Created slice User and Session Slice.
[    1.802523] systemd[1]: Started Forward Password Requests to Wall Directory Watch.
[    1.802675] systemd[1]: Set up automount Arbitrary Executable File Formats File System Automount Point.
[    1.802708] systemd[1]: Reached target User and Group Name Lookups.
[    1.802716] systemd[1]: Reached target Remote File Systems.
[    1.802723] systemd[1]: Reached target Slices.
[    1.803284] systemd[1]: Listening on Syslog Socket.
[    1.803349] systemd[1]: Listening on fsck to fsckd communication Socket.
[    1.803385] systemd[1]: Listening on initctl Compatibility Named Pipe.
[    1.803513] systemd[1]: Listening on Journal Audit Socket.
[    1.803565] systemd[1]: Listening on Journal Socket (/dev/log).
[    1.803632] systemd[1]: Listening on Journal Socket.
[    1.803692] systemd[1]: Listening on udev Control Socket.
[    1.803730] systemd[1]: Listening on udev Kernel Socket.
[    1.804420] systemd[1]: Mounting Huge Pages File System...
[    1.805297] systemd[1]: Mounting POSIX Message Queue File System...
[    1.806140] systemd[1]: Mounting Kernel Debug File System...
[    1.806984] systemd[1]: Mounting Kernel Trace File System...
[    1.808843] systemd[1]: Starting Journal Service...
[    1.833176] systemd[1]: Starting Set the console keyboard layout...
[    1.840808] systemd[1]: Starting Create list of static device nodes for the current kernel...
[    1.842777] systemd[1]: Starting Load Kernel Module drm...
[    1.843895] systemd[1]: Condition check resulted in Set Up Additional Binary Formats being skipped.
[    1.843934] systemd[1]: Condition check resulted in File System Check on Root Device being skipped.
[    1.857780] systemd[1]: Starting Load Kernel Modules...
[    1.866720] systemd[1]: Starting Remount Root and Kernel File Systems...
[    1.875410] systemd[1]: Starting udev Coldplug all Devices...
[    1.881942] systemd[1]: Starting Uncomplicated firewall...
[    1.883517] systemd[1]: Mounted Huge Pages File System.
[    1.883614] systemd[1]: Mounted POSIX Message Queue File System.
[    1.883688] systemd[1]: Mounted Kernel Debug File System.
[    1.883754] systemd[1]: Mounted Kernel Trace File System.
[    1.902588] EXT4-fs (sda2): re-mounted. Opts: errors=remount-ro
[    1.913930] systemd[1]: Finished Create list of static device nodes for the current kernel.
[    1.914922] systemd[1]: modprobe@drm.service: Succeeded.
[    1.933860] systemd[1]: Finished Load Kernel Module drm.
[    1.934208] systemd[1]: Finished Remount Root and Kernel File Systems.
[    1.936131] lp: driver loaded but no devices found
[    1.937387] systemd[1]: Finished Uncomplicated firewall.
[    1.949694] systemd[1]: Condition check resulted in Rebuild Hardware Database being skipped.
[    1.949726] systemd[1]: Condition check resulted in Platform Persistent Storage Archival being skipped.
[    1.950346] systemd[1]: Starting Load/Save Random Seed...
[    1.955378] systemd[1]: Starting Create System Users...
[    1.960337] ppdev: user-space parallel port driver
[    1.971714] systemd[1]: Finished Load/Save Random Seed.
[    1.975836] systemd[1]: Finished Create System Users.
[    1.976529] systemd[1]: Starting Create Static Device Nodes in /dev...
[    2.002014] systemd[1]: Finished Create Static Device Nodes in /dev.
[    2.002736] systemd[1]: Starting udev Kernel Device Manager...
[    2.016988] systemd[1]: Finished udev Coldplug all Devices.
[    2.047027] [drm] DMA map mode: Caching DMA mappings.
[    2.047090] [drm] Capabilities:
[    2.047090] [drm]   Rect copy.
[    2.047090] [drm]   Cursor.
[    2.047091] [drm]   Cursor bypass.
[    2.047091] [drm]   Cursor bypass 2.
[    2.047091] [drm]   Alpha cursor.
[    2.047092] [drm]   Extended Fifo.
[    2.047092] [drm]   Pitchlock.
[    2.047092] [drm]   Irq mask.
[    2.047093] [drm]   GMR.
[    2.047093] [drm]   Traces.
[    2.047093] [drm]   GMR2.
[    2.047094] [drm]   Screen Object 2.
[    2.047094] [drm]   Command Buffers.
[    2.047094] [drm]   Command Buffers 2.
[    2.047095] [drm]   Guest Backed Resources.
[    2.047096] [drm] Max GMR ids is 8192
[    2.047096] [drm] Max number of GMR pages is 1048576
[    2.047097] [drm] Max dedicated hypervisor surface memory is 393216 kiB
[    2.047097] [drm] Maximum display memory size is 131072 kiB
[    2.047098] [drm] VRAM at 0xe0000000 size is 131072 kiB
[    2.047099] [drm] MMIO at 0xf0000000 size is 2048 kiB
[    2.048876] [TTM] Zone  kernel: Available graphics memory: 1011738 KiB
[    2.048877] [TTM] Initializing pool allocator
[    2.048880] [TTM] Initializing DMA pool allocator
[    2.048913] [drm] Supports vblank timestamp caching Rev 2 (21.10.2013).
[    2.048913] [drm] No driver support for vblank timestamp query.
[    2.049161] [drm] Screen Target Display device initialized
[    2.049359] [drm] width 720
[    2.049368] [drm] height 400
[    2.049371] [drm] bpp 32
[    2.049854] [drm] Fifo max 0x00200000 min 0x00001000 cap 0x00000355
[    2.050894] [drm] Using command buffers with DMA pool.
[    2.050897] [drm] DX: no.
[    2.050898] [drm] Atomic: yes.
[    2.050898] [drm] SM4_1: no.
[    2.050916] [drm:vmw_host_log [vmwgfx]] *ERROR* Failed to send host log message.
[    2.052297] [drm:vmw_host_log [vmwgfx]] *ERROR* Failed to send host log message.
[    2.059811] fbcon: svgadrmfb (fb0) is primary device
[    2.066562] Console: switching to colour frame buffer device 100x37
[    2.072482] [drm] Initialized vmwgfx 2.15.0 20180704 for 0000:00:02.0 on minor 0
[    2.073730] systemd[1]: Finished Load Kernel Modules.
[    2.074586] systemd[1]: Mounting FUSE Control File System...
[    2.076121] systemd[1]: Mounting Kernel Configuration File System...
[    2.115614] systemd[1]: Starting Apply Kernel Variables...
[    2.118178] systemd[1]: Mounted FUSE Control File System.
[    2.118254] systemd[1]: Condition check resulted in VMware vmblock fuse mount being skipped.
[    2.121617] systemd[1]: Mounted Kernel Configuration File System.
[    2.127833] systemd[1]: Finished Set the console keyboard layout.
[    2.127923] systemd[1]: Reached target Local File Systems (Pre).
[    2.130183] systemd[1]: Mounting Mount unit for bare, revision 5...
[    2.132745] systemd[1]: Mounting Mount unit for core18, revision 1705...
[    2.140782] systemd[1]: Mounting Mount unit for gnome-3-34-1804, revision 24...
[    2.152226] systemd[1]: Mounting Mount unit for gtk-common-themes, revision 1506...
[    2.154349] systemd[1]: Mounting Mount unit for gtk-common-themes, revision 1535...
[    2.174561] systemd[1]: Mounting Mount unit for snap-store, revision 433...
[    2.182027] systemd[1]: Mounting Mount unit for snapd, revision 7264...
[    2.187665] systemd[1]: Finished Apply Kernel Variables.
[    2.201577] systemd[1]: Mounted Mount unit for bare, revision 5.
[    2.201664] systemd[1]: Mounted Mount unit for core18, revision 1705.
[    2.201737] systemd[1]: Mounted Mount unit for gnome-3-34-1804, revision 24.
[    2.229183] systemd[1]: Started udev Kernel Device Manager.
[    2.229830] systemd[1]: Starting Show Plymouth Boot Screen...
[    2.234703] systemd[1]: Received SIGRTMIN+20 from PID 274 (plymouthd).
[    2.255123] systemd[1]: Started Show Plymouth Boot Screen.
[    2.255275] systemd[1]: Condition check resulted in Dispatch Password Requests to Console Directory Watch being skipped.
[    2.255357] systemd[1]: Started Forward Password Requests to Plymouth Directory Watch.
[    2.255417] systemd[1]: Reached target Local Encrypted Volumes.
[    2.322456] systemd[1]: Mounted Mount unit for gtk-common-themes, revision 1506.
[    2.322730] systemd[1]: Mounted Mount unit for snap-store, revision 433.
[    2.355585] systemd[1]: Mounted Mount unit for gtk-common-themes, revision 1535.
[    2.355809] systemd[1]: Mounted Mount unit for snapd, revision 7264.
[    2.355963] systemd[1]: Reached target Local File Systems.
[    2.356777] systemd[1]: Starting Load AppArmor profiles...
[    2.359381] systemd[1]: Starting Set console font and keymap...
[    2.371896] systemd[1]: Starting Tell Plymouth To Write Out Runtime Data...
[    2.373615] systemd[1]: Condition check resulted in Store a System Token in an EFI Variable being skipped.
[    2.373674] systemd[1]: Condition check resulted in Commit a transient machine-id on disk being skipped.
[    2.376037] systemd[1]: Finished Set console font and keymap.
[    2.385108] systemd[1]: Received SIGRTMIN+20 from PID 274 (plymouthd).
[    2.386596] systemd[1]: plymouth-read-write.service: Succeeded.
[    2.386822] systemd[1]: Finished Tell Plymouth To Write Out Runtime Data.
[    2.401250] audit: type=1400 audit(1768148706.252:2): apparmor="STATUS" operation="profile_load" profile="unconfined" name="nvidia_modprobe" pid=299 comm="apparmor_parser"
[    2.401253] audit: type=1400 audit(1768148706.252:3): apparmor="STATUS" operation="profile_load" profile="unconfined" name="nvidia_modprobe//kmod" pid=299 comm="apparmor_parser"
[    2.438170] audit: type=1400 audit(1768148706.288:4): apparmor="STATUS" operation="profile_load" profile="unconfined" name="/usr/sbin/tcpdump" pid=300 comm="apparmor_parser"
[    2.485729] audit: type=1400 audit(1768148706.328:5): apparmor="STATUS" operation="profile_load" profile="unconfined" name="/usr/bin/evince" pid=302 comm="apparmor_parser"
[    2.485732] audit: type=1400 audit(1768148706.328:6): apparmor="STATUS" operation="profile_load" profile="unconfined" name="/usr/bin/evince//sanitized_helper" pid=302 comm="apparmor_parser"
[    2.485733] audit: type=1400 audit(1768148706.328:7): apparmor="STATUS" operation="profile_load" profile="unconfined" name="/usr/bin/evince-previewer" pid=302 comm="apparmor_parser"
[    2.485735] audit: type=1400 audit(1768148706.328:8): apparmor="STATUS" operation="profile_load" profile="unconfined" name="/usr/bin/evince-previewer//sanitized_helper" pid=302 comm="apparmor_parser"
[    2.485736] audit: type=1400 audit(1768148706.328:9): apparmor="STATUS" operation="profile_load" profile="unconfined" name="/usr/bin/evince-thumbnailer" pid=302 comm="apparmor_parser"
[    2.499534] audit: type=1400 audit(1768148706.348:10): apparmor="STATUS" operation="profile_load" profile="unconfined" name="/usr/lib/cups/backend/cups-pdf" pid=303 comm="apparmor_parser"
[    2.579053] systemd[1]: Finished Load AppArmor profiles.
[    2.579950] systemd[1]: Starting Load AppArmor profiles managed internally by snapd...
[    2.640284] systemd[1]: Finished Load AppArmor profiles managed internally by snapd.
[    2.771956] systemd[1]: Started Journal Service.
[    2.780987] systemd-journald[229]: Received client request to flush runtime journal.
[    2.783779] systemd-journald[229]: File /var/log/journal/c455b248004a419c87ce85eea238d727/system.journal corrupted or uncleanly shut down, renaming and replacing.
[    4.026087] RAPL PMU: API unit is 2^-32 Joules, 0 fixed counters, 10737418240 ms ovfl timer
[    4.080493] cryptd: max_cpu_qlen set to 1000
[    4.139098] AVX2 version of gcm_enc/dec engaged.
[    4.139099] AES CTR mode by8 optimization enabled
[    4.905309] Adding 1998844k swap on /dev/sda1.  Priority:-2 extents:1 across:1998844k FS
[    5.674418] kauditd_printk_skb: 30 callbacks suppressed
[    5.674420] audit: type=1400 audit(1768148709.528:41): apparmor="DENIED" operation="capable" profile="/usr/sbin/cups-browsed" pid=496 comm="cups-browsed" capability=23  capname="sys_nice"
[    6.930728] pcnet32 0000:00:03.0 enp0s3: link up, 100Mbps, full-duplex
[    6.945316] pcnet32 0000:00:08.0 enp0s8: link up, 100Mbps, full-duplex
[    6.973458] e1000: enp0s9 NIC Link is Up 1000 Mbps Full Duplex, Flow Control: RX
[    6.973748] IPv6: ADDRCONF(NETDEV_CHANGE): enp0s9: link becomes ready
[    7.432936] device enp0s8 entered promiscuous mode
[    7.440442] device enp0s3 entered promiscuous mode
[    7.475182] audit: type=1400 audit(1768148711.328:42): apparmor="DENIED" operation="open" profile="/usr/sbin/tcpdump" name="/proc/sys/kernel/random/boot_id" pid=629 comm="tcpdump" requested_mask="r" denied_mask="r" fsuid=0 ouid=0
[    7.475382] audit: type=1400 audit(1768148711.328:43): apparmor="DENIED" operation="open" profile="/usr/sbin/tcpdump" name="/proc/sys/kernel/random/boot_id" pid=629 comm="tcpdump" requested_mask="r" denied_mask="r" fsuid=0 ouid=0
[    7.475465] audit: type=1400 audit(1768148711.328:44): apparmor="DENIED" operation="open" profile="/usr/sbin/tcpdump" name="/proc/sys/kernel/random/boot_id" pid=629 comm="tcpdump" requested_mask="r" denied_mask="r" fsuid=0 ouid=0
[    7.475555] audit: type=1400 audit(1768148711.328:45): apparmor="DENIED" operation="open" profile="/usr/sbin/tcpdump" name="/proc/sys/kernel/random/boot_id" pid=629 comm="tcpdump" requested_mask="r" denied_mask="r" fsuid=0 ouid=0
[    7.476816] audit: type=1400 audit(1768148711.332:46): apparmor="DENIED" operation="open" profile="/usr/sbin/tcpdump" name="/proc/sys/kernel/random/boot_id" pid=630 comm="tcpdump" requested_mask="r" denied_mask="r" fsuid=0 ouid=0
[    7.476891] audit: type=1400 audit(1768148711.332:47): apparmor="DENIED" operation="open" profile="/usr/sbin/tcpdump" name="/proc/sys/kernel/random/boot_id" pid=630 comm="tcpdump" requested_mask="r" denied_mask="r" fsuid=0 ouid=0
[    7.476990] audit: type=1400 audit(1768148711.332:48): apparmor="DENIED" operation="open" profile="/usr/sbin/tcpdump" name="/proc/sys/kernel/random/boot_id" pid=630 comm="tcpdump" requested_mask="r" denied_mask="r" fsuid=0 ouid=0
[    7.477082] audit: type=1400 audit(1768148711.332:49): apparmor="DENIED" operation="open" profile="/usr/sbin/tcpdump" name="/proc/sys/kernel/random/boot_id" pid=630 comm="tcpdump" requested_mask="r" denied_mask="r" fsuid=0 ouid=0
[    7.483125] audit: type=1400 audit(1768148711.336:50): apparmor="DENIED" operation="open" profile="/usr/sbin/tcpdump" name="/proc/sys/kernel/random/boot_id" pid=631 comm="tcpdump" requested_mask="r" denied_mask="r" fsuid=0 ouid=0
[   12.165084] rfkill: input handler disabled
[  278.348523] AAAAA-TCP_RECV: name:enp0s8: saddr:100932208: daddr:16783984: srtt_us:0: RTT:0: ssthresh:2147483647: cwnd:10: delivered:0: lost:0: retrans:0
[  278.349754] AAAAA-TCP_SEND: name:enp0s3: saddr:16783984: daddr:100932208: srtt_us:0: RTT:0: ssthresh:0: cwnd:0: delivered:0: lost:0: retrans:0
[  278.695621] AAAAA-TCP_SEND: name:enp0s3: saddr:16783984: daddr:100932208: srtt_us:2776136: RTT:347017: ssthresh:2147483647: cwnd:10: delivered:1: lost:0: retrans:0
[  278.745524] AAAAA-TCP_RECV: name:enp0s3: saddr:100932208: daddr:16783984: srtt_us:2776136: RTT:347017: ssthresh:2147483647: cwnd:10: delivered:1: lost:0: retrans:0
[  278.745558] AAAAA-TCP_SEND: name:enp0s3: saddr:16783984: daddr:100932208: srtt_us:2776136: RTT:347017: ssthresh:2147483647: cwnd:10: delivered:1: lost:0: retrans:0
[  278.745707] AAAAA-TCP_SEND: name:enp0s3: saddr:16783984: daddr:100932208: srtt_us:2776136: RTT:347017: ssthresh:2147483647: cwnd:10: delivered:1: lost:0: retrans:0
[  279.055052] AAAAA-TCP_RECV: name:enp0s3: saddr:100932208: daddr:33561200: srtt_us:0: RTT:0: ssthresh:2147483647: cwnd:10: delivered:0: lost:0: retrans:0
[  279.055090] AAAAA-TCP_SEND: name:enp0s3: saddr:33561200: daddr:100932208: srtt_us:0: RTT:0: ssthresh:0: cwnd:0: delivered:0: lost:0: retrans:0
[  279.080037] AAAAA-TCP_RECV: name:enp0s3: saddr:100932208: daddr:16783984: srtt_us:2776136: RTT:347017: ssthresh:2147483647: cwnd:10: delivered:1: lost:0: retrans:0
[  279.094316] AAAAA-TCP_RECV: name:enp0s3: saddr:100932208: daddr:16783984: srtt_us:2763468: RTT:345433: ssthresh:2147483647: cwnd:10: delivered:2: lost:0: retrans:0
[  279.094341] AAAAA-TCP_SEND: name:enp0s3: saddr:16783984: daddr:100932208: srtt_us:2763468: RTT:345433: ssthresh:2147483647: cwnd:10: delivered:2: lost:0: retrans:0
[  279.399548] AAAAA-TCP_SEND: name:enp0s3: saddr:33561200: daddr:100932208: srtt_us:2755552: RTT:344444: ssthresh:2147483647: cwnd:10: delivered:1: lost:0: retrans:0
[  279.517826] AAAAA-TCP_RECV: name:enp0s3: saddr:100932208: daddr:16783984: srtt_us:2763468: RTT:345433: ssthresh:2147483647: cwnd:10: delivered:2: lost:0: retrans:0
[  279.517850] AAAAA-TCP_SEND: name:enp0s3: saddr:16783984: daddr:100932208: srtt_us:2763468: RTT:345433: ssthresh:2147483647: cwnd:10: delivered:2: lost:0: retrans:0
[  279.518033] AAAAA-TCP_SEND: name:enp0s3: saddr:33561200: daddr:100932208: srtt_us:2755552: RTT:344444: ssthresh:2147483647: cwnd:10: delivered:1: lost:0: retrans:0
[  280.007662] AAAAA-TCP_RECV: name:enp0s3: saddr:100932208: daddr:33561200: srtt_us:2755552: RTT:344444: ssthresh:2147483647: cwnd:10: delivered:1: lost:0: retrans:0
[  280.022651] AAAAA-TCP_RECV: name:enp0s3: saddr:100932208: daddr:16783984: srtt_us:0: RTT:0: ssthresh:2147483647: cwnd:10: delivered:0: lost:0: retrans:0
[  280.022673] AAAAA-TCP_SEND: name:enp0s3: saddr:16783984: daddr:100932208: srtt_us:0: RTT:0: ssthresh:0: cwnd:0: delivered:0: lost:0: retrans:0
[  280.126718] AAAAA-TCP_SEND: name:enp0s3: saddr:16783984: daddr:100932208: srtt_us:832264: RTT:104033: ssthresh:2147483647: cwnd:10: delivered:1: lost:0: retrans:0
[  280.172246] AAAAA-TCP_RECV: name:enp0s3: saddr:100932208: daddr:16783984: srtt_us:832264: RTT:104033: ssthresh:2147483647: cwnd:10: delivered:1: lost:0: retrans:0
[  280.172275] AAAAA-TCP_SEND: name:enp0s3: saddr:16783984: daddr:100932208: srtt_us:832264: RTT:104033: ssthresh:2147483647: cwnd:10: delivered:1: lost:0: retrans:0
[  280.173519] AAAAA-TCP_SEND: name:enp0s3: saddr:16783984: daddr:100932208: srtt_us:2763468: RTT:345433: ssthresh:2147483647: cwnd:10: delivered:2: lost:0: retrans:0
[  280.372161] AAAAA-TCP_RECV: name:enp0s3: saddr:100932208: daddr:33561200: srtt_us:0: RTT:0: ssthresh:2147483647: cwnd:10: delivered:0: lost:0: retrans:0
[  280.372195] AAAAA-TCP_SEND: name:enp0s3: saddr:33561200: daddr:100932208: srtt_us:0: RTT:0: ssthresh:0: cwnd:0: delivered:0: lost:0: retrans:0
[  280.400858] AAAAA-TCP_RECV: name:enp0s3: saddr:100932208: daddr:16783984: srtt_us:2763468: RTT:345433: ssthresh:2147483647: cwnd:10: delivered:2: lost:0: retrans:0
[  280.400884] AAAAA-TCP_SEND: name:enp0s3: saddr:16783984: daddr:100932208: srtt_us:2763468: RTT:345433: ssthresh:2147483647: cwnd:10: delivered:2: lost:0: retrans:0
[  280.610727] AAAAA-TCP_SEND: name:enp0s3: saddr:33561200: daddr:100932208: srtt_us:1908176: RTT:238522: ssthresh:2147483647: cwnd:10: delivered:1: lost:0: retrans:0
[  280.748698] AAAAA-TCP_RECV: name:enp0s3: saddr:100932208: daddr:16783984: srtt_us:2645401: RTT:330675: ssthresh:2147483647: cwnd:10: delivered:3: lost:0: retrans:0
[  280.798061] AAAAA-TCP_RECV: name:enp0s3: saddr:100932208: daddr:16783984: srtt_us:832264: RTT:104033: ssthresh:2147483647: cwnd:10: delivered:1: lost:0: retrans:0
[  280.798088] AAAAA-TCP_SEND: name:enp0s3: saddr:16783984: daddr:100932208: srtt_us:832264: RTT:104033: ssthresh:2147483647: cwnd:10: delivered:1: lost:0: retrans:0
[  280.880989] AAAAA-TCP_RECV: name:enp0s3: saddr:100932208: daddr:16783984: srtt_us:832264: RTT:104033: ssthresh:2147483647: cwnd:10: delivered:1: lost:0: retrans:0
[  280.881013] AAAAA-TCP_SEND: name:enp0s3: saddr:16783984: daddr:100932208: srtt_us:832264: RTT:104033: ssthresh:2147483647: cwnd:10: delivered:1: lost:0: retrans:0
[  281.000847] AAAAA-TCP_RECV: name:enp0s3: saddr:100932208: daddr:16783984: srtt_us:832264: RTT:104033: ssthresh:2147483647: cwnd:10: delivered:1: lost:0: retrans:0
[  281.000872] AAAAA-TCP_SEND: name:enp0s3: saddr:16783984: daddr:100932208: srtt_us:832264: RTT:104033: ssthresh:2147483647: cwnd:10: delivered:1: lost:0: retrans:0
[  281.113307] AAAAA-TCP_RECV: name:enp0s3: saddr:100932208: daddr:16783984: srtt_us:832264: RTT:104033: ssthresh:2147483647: cwnd:10: delivered:1: lost:0: retrans:0
[  281.113330] AAAAA-TCP_SEND: name:enp0s3: saddr:16783984: daddr:100932208: srtt_us:832264: RTT:104033: ssthresh:2147483647: cwnd:10: delivered:1: lost:0: retrans:0
[  281.160389] AAAAA-TCP_RECV: name:enp0s3: saddr:100932208: daddr:16783984: srtt_us:832264: RTT:104033: ssthresh:2147483647: cwnd:10: delivered:1: lost:0: retrans:0
[  281.160413] AAAAA-TCP_SEND: name:enp0s3: saddr:16783984: daddr:100932208: srtt_us:832264: RTT:104033: ssthresh:2147483647: cwnd:10: delivered:1: lost:0: retrans:0
[  281.264782] AAAAA-TCP_RECV: name:enp0s3: saddr:100932208: daddr:16783984: srtt_us:832264: RTT:104033: ssthresh:2147483647: cwnd:10: delivered:1: lost:0: retrans:0
[  281.264806] AAAAA-TCP_SEND: name:enp0s3: saddr:16783984: daddr:100932208: srtt_us:832264: RTT:104033: ssthresh:2147483647: cwnd:10: delivered:1: lost:0: retrans:0
[  281.369670] AAAAA-TCP_RECV: name:enp0s3: saddr:100932208: daddr:16783984: srtt_us:832264: RTT:104033: ssthresh:2147483647: cwnd:10: delivered:1: lost:0: retrans:0
[  281.369696] AAAAA-TCP_SEND: name:enp0s3: saddr:16783984: daddr:100932208: srtt_us:832264: RTT:104033: ssthresh:2147483647: cwnd:10: delivered:1: lost:0: retrans:0
[  281.518803] AAAAA-TCP_RECV: name:enp0s3: saddr:100932208: daddr:16783984: srtt_us:832264: RTT:104033: ssthresh:2147483647: cwnd:10: delivered:1: lost:0: retrans:0
[  281.518828] AAAAA-TCP_SEND: name:enp0s3: saddr:16783984: daddr:100932208: srtt_us:832264: RTT:104033: ssthresh:2147483647: cwnd:10: delivered:1: lost:0: retrans:0
[  281.636866] AAAAA-TCP_RECV: name:enp0s3: saddr:100932208: daddr:16783984: srtt_us:832264: RTT:104033: ssthresh:2147483647: cwnd:10: delivered:1: lost:0: retrans:0
[  281.636891] AAAAA-TCP_SEND: name:enp0s3: saddr:16783984: daddr:100932208: srtt_us:832264: RTT:104033: ssthresh:2147483647: cwnd:10: delivered:1: lost:0: retrans:0
[  281.768672] AAAAA-TCP_RECV: name:enp0s3: saddr:100932208: daddr:16783984: srtt_us:832264: RTT:104033: ssthresh:2147483647: cwnd:10: delivered:1: lost:0: retrans:0
[  281.768695] AAAAA-TCP_SEND: name:enp0s3: saddr:16783984: daddr:100932208: srtt_us:832264: RTT:104033: ssthresh:2147483647: cwnd:10: delivered:1: lost:0: retrans:0
[  281.871417] AAAAA-TCP_RECV: name:enp0s3: saddr:100932208: daddr:33561200: srtt_us:1908176: RTT:238522: ssthresh:2147483647: cwnd:10: delivered:1: lost:0: retrans:0
[  281.871433] AAAAA-TCP_SEND: name:enp0s3: saddr:33561200: daddr:100932208: srtt_us:1908176: RTT:238522: ssthresh:2147483647: cwnd:10: delivered:1: lost:0: retrans:0
[  282.083871] AAAAA-TCP_RECV: name:enp0s3: saddr:100932208: daddr:33561200: srtt_us:1908176: RTT:238522: ssthresh:2147483647: cwnd:10: delivered:1: lost:0: retrans:0
[  282.083895] AAAAA-TCP_SEND: name:enp0s3: saddr:33561200: daddr:100932208: srtt_us:1908176: RTT:238522: ssthresh:2147483647: cwnd:10: delivered:1: lost:0: retrans:0
[  282.469546] AAAAA-TCP_RECV: name:enp0s3: saddr:100932208: daddr:33561200: srtt_us:1908176: RTT:238522: ssthresh:2147483647: cwnd:10: delivered:1: lost:0: retrans:0
[  282.469571] AAAAA-TCP_SEND: name:enp0s3: saddr:33561200: daddr:100932208: srtt_us:1908176: RTT:238522: ssthresh:2147483647: cwnd:10: delivered:1: lost:0: retrans:0
[  282.697566] AAAAA-TCP_RECV: name:enp0s3: saddr:100932208: daddr:33561200: srtt_us:1908176: RTT:238522: ssthresh:2147483647: cwnd:10: delivered:1: lost:0: retrans:0
[  282.697598] AAAAA-TCP_SEND: name:enp0s3: saddr:33561200: daddr:100932208: srtt_us:1908176: RTT:238522: ssthresh:2147483647: cwnd:10: delivered:1: lost:0: retrans:0
[  282.776405] AAAAA-TCP_RECV: name:enp0s3: saddr:100932208: daddr:33561200: srtt_us:1908176: RTT:238522: ssthresh:2147483647: cwnd:10: delivered:1: lost:0: retrans:0
[  282.776427] AAAAA-TCP_SEND: name:enp0s3: saddr:33561200: daddr:100932208: srtt_us:1908176: RTT:238522: ssthresh:2147483647: cwnd:10: delivered:1: lost:0: retrans:0
[  282.885753] AAAAA-TCP_RECV: name:enp0s3: saddr:100932208: daddr:16783984: srtt_us:832264: RTT:104033: ssthresh:2147483647: cwnd:10: delivered:1: lost:0: retrans:0
[  282.885792] AAAAA-TCP_SEND: name:enp0s3: saddr:16783984: daddr:100932208: srtt_us:832264: RTT:104033: ssthresh:2147483647: cwnd:10: delivered:1: lost:0: retrans:0
[  282.974625] AAAAA-TCP_RECV: name:enp0s3: saddr:100932208: daddr:16783984: srtt_us:832264: RTT:104033: ssthresh:2147483647: cwnd:10: delivered:1: lost:0: retrans:0
[  282.974647] AAAAA-TCP_SEND: name:enp0s3: saddr:16783984: daddr:100932208: srtt_us:832264: RTT:104033: ssthresh:2147483647: cwnd:10: delivered:1: lost:0: retrans:0
[  283.072596] AAAAA-TCP_RECV: name:enp0s3: saddr:100932208: daddr:33561200: srtt_us:1908176: RTT:238522: ssthresh:2147483647: cwnd:10: delivered:1: lost:0: retrans:0
[  283.072620] AAAAA-TCP_SEND: name:enp0s3: saddr:33561200: daddr:100932208: srtt_us:1908176: RTT:238522: ssthresh:2147483647: cwnd:10: delivered:1: lost:0: retrans:0
[  283.123489] AAAAA-TCP_RECV: name:enp0s3: saddr:100932208: daddr:16783984: srtt_us:832264: RTT:104033: ssthresh:2147483647: cwnd:10: delivered:1: lost:0: retrans:0
[  283.123517] AAAAA-TCP_SEND: name:enp0s3: saddr:16783984: daddr:100932208: srtt_us:832264: RTT:104033: ssthresh:2147483647: cwnd:10: delivered:1: lost:0: retrans:0
[  283.227715] AAAAA-TCP_RECV: name:enp0s3: saddr:100932208: daddr:16783984: srtt_us:832264: RTT:104033: ssthresh:2147483647: cwnd:10: delivered:1: lost:0: retrans:0
[  283.227738] AAAAA-TCP_SEND: name:enp0s3: saddr:16783984: daddr:100932208: srtt_us:832264: RTT:104033: ssthresh:2147483647: cwnd:10: delivered:1: lost:0: retrans:0
[  283.243778] AAAAA-TCP_RECV: name:enp0s3: saddr:100932208: daddr:33561200: srtt_us:1908176: RTT:238522: ssthresh:2147483647: cwnd:10: delivered:1: lost:0: retrans:0
[  283.243801] AAAAA-TCP_SEND: name:enp0s3: saddr:33561200: daddr:100932208: srtt_us:1908176: RTT:238522: ssthresh:2147483647: cwnd:10: delivered:1: lost:0: retrans:0
[  283.302160] AAAAA-TCP_RECV: name:enp0s3: saddr:100932208: daddr:16783984: srtt_us:832264: RTT:104033: ssthresh:2147483647: cwnd:10: delivered:1: lost:0: retrans:0
[  283.302183] AAAAA-TCP_SEND: name:enp0s3: saddr:16783984: daddr:100932208: srtt_us:832264: RTT:104033: ssthresh:2147483647: cwnd:10: delivered:1: lost:0: retrans:0
[  283.344017] AAAAA-TCP_RECV: name:enp0s3: saddr:100932208: daddr:33561200: srtt_us:1908176: RTT:238522: ssthresh:2147483647: cwnd:10: delivered:1: lost:0: retrans:0
[  283.344041] AAAAA-TCP_SEND: name:enp0s3: saddr:33561200: daddr:100932208: srtt_us:1908176: RTT:238522: ssthresh:2147483647: cwnd:10: delivered:1: lost:0: retrans:0
[  283.372686] AAAAA-TCP_RECV: name:enp0s3: saddr:100932208: daddr:33561200: srtt_us:1908176: RTT:238522: ssthresh:2147483647: cwnd:10: delivered:1: lost:0: retrans:0
[  283.372707] AAAAA-TCP_SEND: name:enp0s3: saddr:33561200: daddr:100932208: srtt_us:1908176: RTT:238522: ssthresh:2147483647: cwnd:10: delivered:1: lost:0: retrans:0
[  283.394295] AAAAA-TCP_RECV: name:enp0s3: saddr:100932208: daddr:33561200: srtt_us:1908176: RTT:238522: ssthresh:2147483647: cwnd:10: delivered:1: lost:0: retrans:0
[  283.394316] AAAAA-TCP_SEND: name:enp0s3: saddr:33561200: daddr:100932208: srtt_us:1908176: RTT:238522: ssthresh:2147483647: cwnd:10: delivered:1: lost:0: retrans:0
[  283.460548] AAAAA-TCP_RECV: name:enp0s3: saddr:100932208: daddr:16783984: srtt_us:832264: RTT:104033: ssthresh:2147483647: cwnd:10: delivered:1: lost:0: retrans:0
[  283.460571] AAAAA-TCP_SEND: name:enp0s3: saddr:16783984: daddr:100932208: srtt_us:832264: RTT:104033: ssthresh:2147483647: cwnd:10: delivered:1: lost:0: retrans:0
[  283.563349] AAAAA-TCP_RECV: name:enp0s3: saddr:100932208: daddr:33561200: srtt_us:1908176: RTT:238522: ssthresh:2147483647: cwnd:10: delivered:1: lost:0: retrans:0
[  283.563377] AAAAA-TCP_SEND: name:enp0s3: saddr:33561200: daddr:100932208: srtt_us:1908176: RTT:238522: ssthresh:2147483647: cwnd:10: delivered:1: lost:0: retrans:0
[  283.579510] AAAAA-TCP_RECV: name:enp0s3: saddr:100932208: daddr:16783984: srtt_us:832264: RTT:104033: ssthresh:2147483647: cwnd:10: delivered:1: lost:0: retrans:0
[  283.579532] AAAAA-TCP_SEND: name:enp0s3: saddr:16783984: daddr:100932208: srtt_us:832264: RTT:104033: ssthresh:2147483647: cwnd:10: delivered:1: lost:0: retrans:0
[  283.719375] AAAAA-TCP_RECV: name:enp0s3: saddr:100932208: daddr:16783984: srtt_us:832264: RTT:104033: ssthresh:2147483647: cwnd:10: delivered:1: lost:0: retrans:0
[  283.719397] AAAAA-TCP_SEND: name:enp0s3: saddr:16783984: daddr:100932208: srtt_us:832264: RTT:104033: ssthresh:2147483647: cwnd:10: delivered:1: lost:0: retrans:0
[  283.828212] AAAAA-TCP_RECV: name:enp0s3: saddr:100932208: daddr:16783984: srtt_us:832264: RTT:104033: ssthresh:2147483647: cwnd:10: delivered:1: lost:0: retrans:0
[  283.828235] AAAAA-TCP_SEND: name:enp0s3: saddr:16783984: daddr:100932208: srtt_us:832264: RTT:104033: ssthresh:2147483647: cwnd:10: delivered:1: lost:0: retrans:0
[  283.920909] AAAAA-TCP_RECV: name:enp0s3: saddr:100932208: daddr:16783984: srtt_us:832264: RTT:104033: ssthresh:2147483647: cwnd:10: delivered:1: lost:0: retrans:0
[  283.920933] AAAAA-TCP_SEND: name:enp0s3: saddr:16783984: daddr:100932208: srtt_us:832264: RTT:104033: ssthresh:2147483647: cwnd:10: delivered:1: lost:0: retrans:0
[  284.021746] AAAAA-TCP_RECV: name:enp0s3: saddr:100932208: daddr:16783984: srtt_us:832264: RTT:104033: ssthresh:2147483647: cwnd:10: delivered:1: lost:0: retrans:0
[  284.021758] AAAAA-TCP_SEND: name:enp0s3: saddr:16783984: daddr:100932208: srtt_us:832264: RTT:104033: ssthresh:2147483647: cwnd:10: delivered:1: lost:0: retrans:0
[  284.093913] AAAAA-TCP_RECV: name:enp0s3: saddr:100932208: daddr:16783984: srtt_us:832264: RTT:104033: ssthresh:2147483647: cwnd:10: delivered:1: lost:0: retrans:0
[  284.093936] AAAAA-TCP_SEND: name:enp0s3: saddr:16783984: daddr:100932208: srtt_us:832264: RTT:104033: ssthresh:2147483647: cwnd:10: delivered:1: lost:0: retrans:0
[  284.212373] AAAAA-TCP_RECV: name:enp0s3: saddr:100932208: daddr:16783984: srtt_us:832264: RTT:104033: ssthresh:2147483647: cwnd:10: delivered:1: lost:0: retrans:0
[  284.212395] AAAAA-TCP_SEND: name:enp0s3: saddr:16783984: daddr:100932208: srtt_us:832264: RTT:104033: ssthresh:2147483647: cwnd:10: delivered:1: lost:0: retrans:0
[  284.364966] AAAAA-TCP_RECV: name:enp0s3: saddr:100932208: daddr:33561200: srtt_us:1908176: RTT:238522: ssthresh:2147483647: cwnd:10: delivered:1: lost:0: retrans:0
[  284.364987] AAAAA-TCP_SEND: name:enp0s3: saddr:33561200: daddr:100932208: srtt_us:1908176: RTT:238522: ssthresh:2147483647: cwnd:10: delivered:1: lost:0: retrans:0
[  284.455370] AAAAA-TCP_RECV: name:enp0s3: saddr:100932208: daddr:16783984: srtt_us:832264: RTT:104033: ssthresh:2147483647: cwnd:10: delivered:1: lost:0: retrans:0
[  284.455382] AAAAA-TCP_SEND: name:enp0s3: saddr:16783984: daddr:100932208: srtt_us:832264: RTT:104033: ssthresh:2147483647: cwnd:10: delivered:1: lost:0: retrans:0
[  284.540402] AAAAA-TCP_RECV: name:enp0s3: saddr:100932208: daddr:16783984: srtt_us:832264: RTT:104033: ssthresh:2147483647: cwnd:10: delivered:1: lost:0: retrans:0
[  284.540425] AAAAA-TCP_SEND: name:enp0s3: saddr:16783984: daddr:100932208: srtt_us:832264: RTT:104033: ssthresh:2147483647: cwnd:10: delivered:1: lost:0: retrans:0
[  284.736046] AAAAA-TCP_RECV: name:enp0s3: saddr:100932208: daddr:16783984: srtt_us:832264: RTT:104033: ssthresh:2147483647: cwnd:10: delivered:1: lost:0: retrans:0
[  284.736069] AAAAA-TCP_SEND: name:enp0s3: saddr:16783984: daddr:100932208: srtt_us:832264: RTT:104033: ssthresh:2147483647: cwnd:10: delivered:1: lost:0: retrans:0
[  284.797900] AAAAA-TCP_RECV: name:enp0s3: saddr:100932208: daddr:16783984: srtt_us:832264: RTT:104033: ssthresh:2147483647: cwnd:10: delivered:1: lost:0: retrans:0
[  284.797923] AAAAA-TCP_SEND: name:enp0s3: saddr:16783984: daddr:100932208: srtt_us:832264: RTT:104033: ssthresh:2147483647: cwnd:10: delivered:1: lost:0: retrans:0
[  284.884041] AAAAA-TCP_RECV: name:enp0s3: saddr:100932208: daddr:16783984: srtt_us:832264: RTT:104033: ssthresh:2147483647: cwnd:10: delivered:1: lost:0: retrans:0
[  284.927140] AAAAA-TCP_SEND: name:enp0s3: saddr:16783984: daddr:100932208: srtt_us:832264: RTT:104033: ssthresh:2147483647: cwnd:10: delivered:1: lost:0: retrans:0
[  284.961693] AAAAA-TCP_RECV: name:enp0s3: saddr:100932208: daddr:16783984: srtt_us:832264: RTT:104033: ssthresh:2147483647: cwnd:10: delivered:1: lost:0: retrans:0
[  285.060133] AAAAA-TCP_RECV: name:enp0s3: saddr:100932208: daddr:16783984: srtt_us:832264: RTT:104033: ssthresh:2147483647: cwnd:10: delivered:1: lost:0: retrans:0
[  285.060155] AAAAA-TCP_SEND: name:enp0s3: saddr:16783984: daddr:100932208: srtt_us:832264: RTT:104033: ssthresh:2147483647: cwnd:10: delivered:1: lost:0: retrans:0
[  285.147803] AAAAA-TCP_RECV: name:enp0s3: saddr:100932208: daddr:16783984: srtt_us:832264: RTT:104033: ssthresh:2147483647: cwnd:10: delivered:1: lost:0: retrans:0
[  285.223127] AAAAA-TCP_RECV: name:enp0s3: saddr:100932208: daddr:33561200: srtt_us:1908176: RTT:238522: ssthresh:2147483647: cwnd:10: delivered:1: lost:0: retrans:0
[  285.223168] AAAAA-TCP_SEND: name:enp0s3: saddr:33561200: daddr:100932208: srtt_us:1908176: RTT:238522: ssthresh:2147483647: cwnd:10: delivered:1: lost:0: retrans:0
[  285.259141] AAAAA-TCP_SEND: name:enp0s3: saddr:16783984: daddr:100932208: srtt_us:832264: RTT:104033: ssthresh:2147483647: cwnd:10: delivered:1: lost:0: retrans:0
[  285.307353] AAAAA-TCP_RECV: name:enp0s3: saddr:100932208: daddr:33561200: srtt_us:1908176: RTT:238522: ssthresh:2147483647: cwnd:10: delivered:1: lost:0: retrans:0
[  285.307376] AAAAA-TCP_SEND: name:enp0s3: saddr:33561200: daddr:100932208: srtt_us:1908176: RTT:238522: ssthresh:2147483647: cwnd:10: delivered:1: lost:0: retrans:0
[  285.405367] AAAAA-TCP_RECV: name:enp0s3: saddr:100932208: daddr:33561200: srtt_us:1908176: RTT:238522: ssthresh:2147483647: cwnd:10: delivered:1: lost:0: retrans:0
[  285.405391] AAAAA-TCP_SEND: name:enp0s3: saddr:33561200: daddr:100932208: srtt_us:1908176: RTT:238522: ssthresh:2147483647: cwnd:10: delivered:1: lost:0: retrans:0
[  285.483106] AAAAA-TCP_RECV: name:enp0s3: saddr:100932208: daddr:33561200: srtt_us:1908176: RTT:238522: ssthresh:2147483647: cwnd:10: delivered:1: lost:0: retrans:0
[  285.483129] AAAAA-TCP_SEND: name:enp0s3: saddr:33561200: daddr:100932208: srtt_us:1908176: RTT:238522: ssthresh:2147483647: cwnd:10: delivered:1: lost:0: retrans:0
[  285.694674] AAAAA-TCP_RECV: name:enp0s3: saddr:100932208: daddr:33561200: srtt_us:1908176: RTT:238522: ssthresh:2147483647: cwnd:10: delivered:1: lost:0: retrans:0
[  285.694699] AAAAA-TCP_SEND: name:enp0s3: saddr:33561200: daddr:100932208: srtt_us:1908176: RTT:238522: ssthresh:2147483647: cwnd:10: delivered:1: lost:0: retrans:0
[  286.043761] AAAAA-TCP_RECV: name:enp0s3: saddr:100932208: daddr:33561200: srtt_us:1908176: RTT:238522: ssthresh:2147483647: cwnd:10: delivered:1: lost:0: retrans:0
[  286.043797] AAAAA-TCP_SEND: name:enp0s3: saddr:33561200: daddr:100932208: srtt_us:1908176: RTT:238522: ssthresh:2147483647: cwnd:10: delivered:1: lost:0: retrans:0
[  286.161927] AAAAA-TCP_RECV: name:enp0s3: saddr:100932208: daddr:33561200: srtt_us:1908176: RTT:238522: ssthresh:2147483647: cwnd:10: delivered:1: lost:0: retrans:0
[  286.161954] AAAAA-TCP_SEND: name:enp0s3: saddr:33561200: daddr:100932208: srtt_us:1908176: RTT:238522: ssthresh:2147483647: cwnd:10: delivered:1: lost:0: retrans:0
[  286.220555] AAAAA-TCP_RECV: name:enp0s3: saddr:100932208: daddr:33561200: srtt_us:1908176: RTT:238522: ssthresh:2147483647: cwnd:10: delivered:1: lost:0: retrans:0
[  286.220578] AAAAA-TCP_SEND: name:enp0s3: saddr:33561200: daddr:100932208: srtt_us:1908176: RTT:238522: ssthresh:2147483647: cwnd:10: delivered:1: lost:0: retrans:0
[  286.307627] AAAAA-TCP_RECV: name:enp0s3: saddr:100932208: daddr:33561200: srtt_us:1908176: RTT:238522: ssthresh:2147483647: cwnd:10: delivered:1: lost:0: retrans:0
[  286.307647] AAAAA-TCP_SEND: name:enp0s3: saddr:33561200: daddr:100932208: srtt_us:1908176: RTT:238522: ssthresh:2147483647: cwnd:10: delivered:1: lost:0: retrans:0
[  286.398146] AAAAA-TCP_RECV: name:enp0s3: saddr:100932208: daddr:16783984: srtt_us:832264: RTT:104033: ssthresh:2147483647: cwnd:10: delivered:1: lost:0: retrans:0
[  286.398203] AAAAA-TCP_SEND: name:enp0s3: saddr:16783984: daddr:100932208: srtt_us:832264: RTT:104033: ssthresh:2147483647: cwnd:10: delivered:1: lost:0: retrans:0
[  286.551377] AAAAA-TCP_RECV: name:enp0s3: saddr:100932208: daddr:16783984: srtt_us:832264: RTT:104033: ssthresh:2147483647: cwnd:10: delivered:1: lost:0: retrans:0
[  286.551419] AAAAA-TCP_SEND: name:enp0s3: saddr:16783984: daddr:100932208: srtt_us:832264: RTT:104033: ssthresh:2147483647: cwnd:10: delivered:1: lost:0: retrans:0
[  286.628813] AAAAA-TCP_RECV: name:enp0s3: saddr:100932208: daddr:33561200: srtt_us:1908176: RTT:238522: ssthresh:2147483647: cwnd:10: delivered:1: lost:0: retrans:0
[  286.628859] AAAAA-TCP_SEND: name:enp0s3: saddr:33561200: daddr:100932208: srtt_us:1908176: RTT:238522: ssthresh:2147483647: cwnd:10: delivered:1: lost:0: retrans:0
[  286.696542] AAAAA-TCP_RECV: name:enp0s3: saddr:100932208: daddr:33561200: srtt_us:1908176: RTT:238522: ssthresh:2147483647: cwnd:10: delivered:1: lost:0: retrans:0
[  286.696566] AAAAA-TCP_SEND: name:enp0s3: saddr:33561200: daddr:100932208: srtt_us:1908176: RTT:238522: ssthresh:2147483647: cwnd:10: delivered:1: lost:0: retrans:0
[  286.741655] AAAAA-TCP_RECV: name:enp0s3: saddr:100932208: daddr:33561200: srtt_us:1908176: RTT:238522: ssthresh:2147483647: cwnd:10: delivered:1: lost:0: retrans:0
[  286.741679] AAAAA-TCP_SEND: name:enp0s3: saddr:33561200: daddr:100932208: srtt_us:1908176: RTT:238522: ssthresh:2147483647: cwnd:10: delivered:1: lost:0: retrans:0
[  286.809942] AAAAA-TCP_RECV: name:enp0s3: saddr:100932208: daddr:16783984: srtt_us:832264: RTT:104033: ssthresh:2147483647: cwnd:10: delivered:1: lost:0: retrans:0
[  286.809968] AAAAA-TCP_SEND: name:enp0s3: saddr:16783984: daddr:100932208: srtt_us:832264: RTT:104033: ssthresh:2147483647: cwnd:10: delivered:1: lost:0: retrans:0
[  286.870925] AAAAA-TCP_RECV: name:enp0s3: saddr:100932208: daddr:16783984: srtt_us:832264: RTT:104033: ssthresh:2147483647: cwnd:10: delivered:1: lost:0: retrans:0
[  286.870951] AAAAA-TCP_SEND: name:enp0s3: saddr:16783984: daddr:100932208: srtt_us:832264: RTT:104033: ssthresh:2147483647: cwnd:10: delivered:1: lost:0: retrans:0
[  286.929750] AAAAA-TCP_RECV: name:enp0s3: saddr:100932208: daddr:16783984: srtt_us:832264: RTT:104033: ssthresh:2147483647: cwnd:10: delivered:1: lost:0: retrans:0
[  286.929775] AAAAA-TCP_SEND: name:enp0s3: saddr:16783984: daddr:100932208: srtt_us:832264: RTT:104033: ssthresh:2147483647: cwnd:10: delivered:1: lost:0: retrans:0
[  287.020243] AAAAA-TCP_RECV: name:enp0s3: saddr:100932208: daddr:16783984: srtt_us:832264: RTT:104033: ssthresh:2147483647: cwnd:10: delivered:1: lost:0: retrans:0
[  287.020267] AAAAA-TCP_SEND: name:enp0s3: saddr:16783984: daddr:100932208: srtt_us:832264: RTT:104033: ssthresh:2147483647: cwnd:10: delivered:1: lost:0: retrans:0
[  287.084083] AAAAA-TCP_RECV: name:enp0s3: saddr:100932208: daddr:33561200: srtt_us:1908176: RTT:238522: ssthresh:2147483647: cwnd:10: delivered:1: lost:0: retrans:0
[  287.084095] AAAAA-TCP_SEND: name:enp0s3: saddr:33561200: daddr:100932208: srtt_us:1908176: RTT:238522: ssthresh:2147483647: cwnd:10: delivered:1: lost:0: retrans:0
[  287.175008] AAAAA-TCP_RECV: name:enp0s3: saddr:100932208: daddr:33561200: srtt_us:1908176: RTT:238522: ssthresh:2147483647: cwnd:10: delivered:1: lost:0: retrans:0
[  287.175031] AAAAA-TCP_SEND: name:enp0s3: saddr:33561200: daddr:100932208: srtt_us:1908176: RTT:238522: ssthresh:2147483647: cwnd:10: delivered:1: lost:0: retrans:0
[  287.230440] AAAAA-TCP_RECV: name:enp0s3: saddr:100932208: daddr:16783984: srtt_us:832264: RTT:104033: ssthresh:2147483647: cwnd:10: delivered:1: lost:0: retrans:0
[  287.230466] AAAAA-TCP_SEND: name:enp0s3: saddr:16783984: daddr:100932208: srtt_us:832264: RTT:104033: ssthresh:2147483647: cwnd:10: delivered:1: lost:0: retrans:0
[  287.298829] AAAAA-TCP_RECV: name:enp0s3: saddr:100932208: daddr:16783984: srtt_us:832264: RTT:104033: ssthresh:2147483647: cwnd:10: delivered:1: lost:0: retrans:0
[  287.298853] AAAAA-TCP_SEND: name:enp0s3: saddr:16783984: daddr:100932208: srtt_us:832264: RTT:104033: ssthresh:2147483647: cwnd:10: delivered:1: lost:0: retrans:0
[  287.401139] AAAAA-TCP_RECV: name:enp0s3: saddr:100932208: daddr:33561200: srtt_us:1908176: RTT:238522: ssthresh:2147483647: cwnd:10: delivered:1: lost:0: retrans:0
[  287.401201] AAAAA-TCP_SEND: name:enp0s3: saddr:33561200: daddr:100932208: srtt_us:1908176: RTT:238522: ssthresh:2147483647: cwnd:10: delivered:1: lost:0: retrans:0
[  287.497552] AAAAA-TCP_RECV: name:enp0s3: saddr:100932208: daddr:33561200: srtt_us:1908176: RTT:238522: ssthresh:2147483647: cwnd:10: delivered:1: lost:0: retrans:0
[  287.497594] AAAAA-TCP_SEND: name:enp0s3: saddr:33561200: daddr:100932208: srtt_us:1908176: RTT:238522: ssthresh:2147483647: cwnd:10: delivered:1: lost:0: retrans:0
[  287.621533] AAAAA-TCP_RECV: name:enp0s3: saddr:100932208: daddr:33561200: srtt_us:1908176: RTT:238522: ssthresh:2147483647: cwnd:10: delivered:1: lost:0: retrans:0
[  287.621563] AAAAA-TCP_SEND: name:enp0s3: saddr:33561200: daddr:100932208: srtt_us:1908176: RTT:238522: ssthresh:2147483647: cwnd:10: delivered:1: lost:0: retrans:0
[  287.759523] AAAAA-TCP_RECV: name:enp0s3: saddr:100932208: daddr:33561200: srtt_us:1908176: RTT:238522: ssthresh:2147483647: cwnd:10: delivered:1: lost:0: retrans:0
[  287.759549] AAAAA-TCP_SEND: name:enp0s3: saddr:33561200: daddr:100932208: srtt_us:1908176: RTT:238522: ssthresh:2147483647: cwnd:10: delivered:1: lost:0: retrans:0
[  287.872821] AAAAA-TCP_RECV: name:enp0s3: saddr:100932208: daddr:16783984: srtt_us:832264: RTT:104033: ssthresh:2147483647: cwnd:10: delivered:1: lost:0: retrans:0
[  287.872845] AAAAA-TCP_SEND: name:enp0s3: saddr:16783984: daddr:100932208: srtt_us:832264: RTT:104033: ssthresh:2147483647: cwnd:10: delivered:1: lost:0: retrans:0
[  287.966208] AAAAA-TCP_RECV: name:enp0s3: saddr:100932208: daddr:33561200: srtt_us:1908176: RTT:238522: ssthresh:2147483647: cwnd:10: delivered:1: lost:0: retrans:0
[  287.966242] AAAAA-TCP_SEND: name:enp0s3: saddr:33561200: daddr:100932208: srtt_us:1908176: RTT:238522: ssthresh:2147483647: cwnd:10: delivered:1: lost:0: retrans:0
[  288.063450] AAAAA-TCP_RECV: name:enp0s3: saddr:100932208: daddr:33561200: srtt_us:1908176: RTT:238522: ssthresh:2147483647: cwnd:10: delivered:1: lost:0: retrans:0
[  288.063479] AAAAA-TCP_SEND: name:enp0s3: saddr:33561200: daddr:100932208: srtt_us:1908176: RTT:238522: ssthresh:2147483647: cwnd:10: delivered:1: lost:0: retrans:0
[  288.197949] AAAAA-TCP_RECV: name:enp0s3: saddr:100932208: daddr:16783984: srtt_us:832264: RTT:104033: ssthresh:2147483647: cwnd:10: delivered:1: lost:0: retrans:0
[  288.197973] AAAAA-TCP_SEND: name:enp0s3: saddr:16783984: daddr:100932208: srtt_us:832264: RTT:104033: ssthresh:2147483647: cwnd:10: delivered:1: lost:0: retrans:0
[  288.340587] AAAAA-TCP_RECV: name:enp0s3: saddr:100932208: daddr:16783984: srtt_us:832264: RTT:104033: ssthresh:2147483647: cwnd:10: delivered:1: lost:0: retrans:0
[  288.340611] AAAAA-TCP_SEND: name:enp0s3: saddr:16783984: daddr:100932208: srtt_us:832264: RTT:104033: ssthresh:2147483647: cwnd:10: delivered:1: lost:0: retrans:0
[  288.453220] AAAAA-TCP_RECV: name:enp0s3: saddr:100932208: daddr:16783984: srtt_us:832264: RTT:104033: ssthresh:2147483647: cwnd:10: delivered:1: lost:0: retrans:0
[  288.453266] AAAAA-TCP_SEND: name:enp0s3: saddr:16783984: daddr:100932208: srtt_us:832264: RTT:104033: ssthresh:2147483647: cwnd:10: delivered:1: lost:0: retrans:0
[  288.555142] AAAAA-TCP_RECV: name:enp0s3: saddr:100932208: daddr:16783984: srtt_us:832264: RTT:104033: ssthresh:2147483647: cwnd:10: delivered:1: lost:0: retrans:0
[  288.555173] AAAAA-TCP_SEND: name:enp0s3: saddr:16783984: daddr:100932208: srtt_us:832264: RTT:104033: ssthresh:2147483647: cwnd:10: delivered:1: lost:0: retrans:0
[  288.626190] AAAAA-TCP_RECV: name:enp0s3: saddr:100932208: daddr:16783984: srtt_us:832264: RTT:104033: ssthresh:2147483647: cwnd:10: delivered:1: lost:0: retrans:0
[  288.626218] AAAAA-TCP_SEND: name:enp0s3: saddr:16783984: daddr:100932208: srtt_us:832264: RTT:104033: ssthresh:2147483647: cwnd:10: delivered:1: lost:0: retrans:0
[  288.712452] AAAAA-TCP_RECV: name:enp0s3: saddr:100932208: daddr:16783984: srtt_us:832264: RTT:104033: ssthresh:2147483647: cwnd:10: delivered:1: lost:0: retrans:0
[  288.712482] AAAAA-TCP_SEND: name:enp0s3: saddr:16783984: daddr:100932208: srtt_us:832264: RTT:104033: ssthresh:2147483647: cwnd:10: delivered:1: lost:0: retrans:0
[  288.780273] AAAAA-TCP_RECV: name:enp0s3: saddr:100932208: daddr:16783984: srtt_us:832264: RTT:104033: ssthresh:2147483647: cwnd:10: delivered:1: lost:0: retrans:0
[  288.780298] AAAAA-TCP_SEND: name:enp0s3: saddr:16783984: daddr:100932208: srtt_us:832264: RTT:104033: ssthresh:2147483647: cwnd:10: delivered:1: lost:0: retrans:0
[  303.927018] AAAAA-TCP_RECV: name:enp0s3: saddr:100932208: daddr:16783984: srtt_us:832264: RTT:104033: ssthresh:2147483647: cwnd:10: delivered:1: lost:0: retrans:0
[  303.927068] AAAAA-TCP_SEND: name:enp0s3: saddr:16783984: daddr:100932208: srtt_us:832264: RTT:104033: ssthresh:2147483647: cwnd:10: delivered:1: lost:0: retrans:0
[  304.129303] AAAAA-TCP_RECV: name:enp0s3: saddr:100932208: daddr:16783984: srtt_us:832264: RTT:104033: ssthresh:2147483647: cwnd:10: delivered:1: lost:0: retrans:0
[  304.129342] AAAAA-TCP_SEND: name:enp0s3: saddr:16783984: daddr:100932208: srtt_us:832264: RTT:104033: ssthresh:2147483647: cwnd:10: delivered:1: lost:0: retrans:0
[  304.346486] AAAAA-TCP_RECV: name:enp0s3: saddr:100932208: daddr:16783984: srtt_us:832264: RTT:104033: ssthresh:2147483647: cwnd:10: delivered:1: lost:0: retrans:0
[  304.346519] AAAAA-TCP_SEND: name:enp0s3: saddr:16783984: daddr:100932208: srtt_us:832264: RTT:104033: ssthresh:2147483647: cwnd:10: delivered:1: lost:0: retrans:0
[  304.443728] AAAAA-TCP_RECV: name:enp0s3: saddr:100932208: daddr:16783984: srtt_us:832264: RTT:104033: ssthresh:2147483647: cwnd:10: delivered:1: lost:0: retrans:0
[  304.443762] AAAAA-TCP_SEND: name:enp0s3: saddr:16783984: daddr:100932208: srtt_us:832264: RTT:104033: ssthresh:2147483647: cwnd:10: delivered:1: lost:0: retrans:0
[  304.789226] AAAAA-TCP_RECV: name:enp0s3: saddr:100932208: daddr:16783984: srtt_us:832264: RTT:104033: ssthresh:2147483647: cwnd:10: delivered:1: lost:0: retrans:0
[  304.789263] AAAAA-TCP_SEND: name:enp0s3: saddr:16783984: daddr:100932208: srtt_us:832264: RTT:104033: ssthresh:2147483647: cwnd:10: delivered:1: lost:0: retrans:0
[  305.015422] AAAAA-TCP_RECV: name:enp0s3: saddr:100932208: daddr:16783984: srtt_us:832264: RTT:104033: ssthresh:2147483647: cwnd:10: delivered:1: lost:0: retrans:0
[  305.015443] AAAAA-TCP_SEND: name:enp0s3: saddr:16783984: daddr:100932208: srtt_us:832264: RTT:104033: ssthresh:2147483647: cwnd:10: delivered:1: lost:0: retrans:0
[  305.145630] AAAAA-TCP_RECV: name:enp0s3: saddr:100932208: daddr:16783984: srtt_us:832264: RTT:104033: ssthresh:2147483647: cwnd:10: delivered:1: lost:0: retrans:0
[  305.145664] AAAAA-TCP_SEND: name:enp0s3: saddr:16783984: daddr:100932208: srtt_us:832264: RTT:104033: ssthresh:2147483647: cwnd:10: delivered:1: lost:0: retrans:0
[  305.209383] AAAAA-TCP_RECV: name:enp0s3: saddr:100932208: daddr:16783984: srtt_us:832264: RTT:104033: ssthresh:2147483647: cwnd:10: delivered:1: lost:0: retrans:0
[  305.209413] AAAAA-TCP_SEND: name:enp0s3: saddr:16783984: daddr:100932208: srtt_us:832264: RTT:104033: ssthresh:2147483647: cwnd:10: delivered:1: lost:0: retrans:0
[  305.259866] AAAAA-TCP_RECV: name:enp0s3: saddr:100932208: daddr:16783984: srtt_us:832264: RTT:104033: ssthresh:2147483647: cwnd:10: delivered:1: lost:0: retrans:0
[  305.259891] AAAAA-TCP_SEND: name:enp0s3: saddr:16783984: daddr:100932208: srtt_us:832264: RTT:104033: ssthresh:2147483647: cwnd:10: delivered:1: lost:0: retrans:0
[  305.415034] AAAAA-TCP_RECV: name:enp0s3: saddr:100932208: daddr:16783984: srtt_us:832264: RTT:104033: ssthresh:2147483647: cwnd:10: delivered:1: lost:0: retrans:0
[  305.415059] AAAAA-TCP_SEND: name:enp0s3: saddr:16783984: daddr:100932208: srtt_us:832264: RTT:104033: ssthresh:2147483647: cwnd:10: delivered:1: lost:0: retrans:0
[  305.517040] AAAAA-TCP_RECV: name:enp0s3: saddr:100932208: daddr:16783984: srtt_us:832264: RTT:104033: ssthresh:2147483647: cwnd:10: delivered:1: lost:0: retrans:0
[  305.517063] AAAAA-TCP_SEND: name:enp0s3: saddr:16783984: daddr:100932208: srtt_us:832264: RTT:104033: ssthresh:2147483647: cwnd:10: delivered:1: lost:0: retrans:0
[  305.611878] AAAAA-TCP_RECV: name:enp0s3: saddr:100932208: daddr:16783984: srtt_us:832264: RTT:104033: ssthresh:2147483647: cwnd:10: delivered:1: lost:0: retrans:0
[  305.611902] AAAAA-TCP_SEND: name:enp0s3: saddr:16783984: daddr:100932208: srtt_us:832264: RTT:104033: ssthresh:2147483647: cwnd:10: delivered:1: lost:0: retrans:0
[  305.676411] AAAAA-TCP_RECV: name:enp0s3: saddr:100932208: daddr:16783984: srtt_us:832264: RTT:104033: ssthresh:2147483647: cwnd:10: delivered:1: lost:0: retrans:0
[  305.676438] AAAAA-TCP_SEND: name:enp0s3: saddr:16783984: daddr:100932208: srtt_us:832264: RTT:104033: ssthresh:2147483647: cwnd:10: delivered:1: lost:0: retrans:0
[  305.843043] AAAAA-TCP_RECV: name:enp0s3: saddr:100932208: daddr:16783984: srtt_us:832264: RTT:104033: ssthresh:2147483647: cwnd:10: delivered:1: lost:0: retrans:0
[  305.843071] AAAAA-TCP_SEND: name:enp0s3: saddr:16783984: daddr:100932208: srtt_us:832264: RTT:104033: ssthresh:2147483647: cwnd:10: delivered:1: lost:0: retrans:0
[  305.928013] AAAAA-TCP_RECV: name:enp0s3: saddr:100932208: daddr:16783984: srtt_us:832264: RTT:104033: ssthresh:2147483647: cwnd:10: delivered:1: lost:0: retrans:0
[  305.928040] AAAAA-TCP_SEND: name:enp0s3: saddr:16783984: daddr:100932208: srtt_us:832264: RTT:104033: ssthresh:2147483647: cwnd:10: delivered:1: lost:0: retrans:0
[  306.012905] AAAAA-TCP_RECV: name:enp0s3: saddr:100932208: daddr:16783984: srtt_us:832264: RTT:104033: ssthresh:2147483647: cwnd:10: delivered:1: lost:0: retrans:0
[  306.012917] AAAAA-TCP_SEND: name:enp0s3: saddr:16783984: daddr:100932208: srtt_us:832264: RTT:104033: ssthresh:2147483647: cwnd:10: delivered:1: lost:0: retrans:0
[  306.055638] AAAAA-TCP_RECV: name:enp0s3: saddr:100932208: daddr:16783984: srtt_us:832264: RTT:104033: ssthresh:2147483647: cwnd:10: delivered:1: lost:0: retrans:0
[  306.055661] AAAAA-TCP_SEND: name:enp0s3: saddr:16783984: daddr:100932208: srtt_us:832264: RTT:104033: ssthresh:2147483647: cwnd:10: delivered:1: lost:0: retrans:0
[  306.161033] AAAAA-TCP_RECV: name:enp0s3: saddr:100932208: daddr:16783984: srtt_us:832264: RTT:104033: ssthresh:2147483647: cwnd:10: delivered:1: lost:0: retrans:0
[  306.161051] AAAAA-TCP_SEND: name:enp0s3: saddr:16783984: daddr:100932208: srtt_us:832264: RTT:104033: ssthresh:2147483647: cwnd:10: delivered:1: lost:0: retrans:0
[  306.243759] AAAAA-TCP_RECV: name:enp0s3: saddr:100932208: daddr:16783984: srtt_us:832264: RTT:104033: ssthresh:2147483647: cwnd:10: delivered:1: lost:0: retrans:0
[  306.243785] AAAAA-TCP_SEND: name:enp0s3: saddr:16783984: daddr:100932208: srtt_us:832264: RTT:104033: ssthresh:2147483647: cwnd:10: delivered:1: lost:0: retrans:0
[  306.533300] AAAAA-TCP_RECV: name:enp0s3: saddr:100932208: daddr:16783984: srtt_us:832264: RTT:104033: ssthresh:2147483647: cwnd:10: delivered:1: lost:0: retrans:0
[  306.533340] AAAAA-TCP_SEND: name:enp0s3: saddr:16783984: daddr:100932208: srtt_us:832264: RTT:104033: ssthresh:2147483647: cwnd:10: delivered:1: lost:0: retrans:0
[  306.593968] AAAAA-TCP_RECV: name:enp0s3: saddr:100932208: daddr:16783984: srtt_us:832264: RTT:104033: ssthresh:2147483647: cwnd:10: delivered:1: lost:0: retrans:0
[  306.635144] AAAAA-TCP_SEND: name:enp0s3: saddr:16783984: daddr:100932208: srtt_us:832264: RTT:104033: ssthresh:2147483647: cwnd:10: delivered:1: lost:0: retrans:0
[  306.704947] AAAAA-TCP_RECV: name:enp0s3: saddr:100932208: daddr:33561200: srtt_us:1908176: RTT:238522: ssthresh:2147483647: cwnd:10: delivered:1: lost:0: retrans:0
[  306.704976] AAAAA-TCP_SEND: name:enp0s3: saddr:33561200: daddr:100932208: srtt_us:1908176: RTT:238522: ssthresh:2147483647: cwnd:10: delivered:1: lost:0: retrans:0
[  306.766994] AAAAA-TCP_RECV: name:enp0s3: saddr:100932208: daddr:33561200: srtt_us:1908176: RTT:238522: ssthresh:2147483647: cwnd:10: delivered:1: lost:0: retrans:0
[  306.767007] AAAAA-TCP_SEND: name:enp0s3: saddr:33561200: daddr:100932208: srtt_us:1908176: RTT:238522: ssthresh:2147483647: cwnd:10: delivered:1: lost:0: retrans:0
[  306.801154] AAAAA-TCP_RECV: name:enp0s3: saddr:100932208: daddr:33561200: srtt_us:1908176: RTT:238522: ssthresh:2147483647: cwnd:10: delivered:1: lost:0: retrans:0
[  306.801176] AAAAA-TCP_SEND: name:enp0s3: saddr:33561200: daddr:100932208: srtt_us:1908176: RTT:238522: ssthresh:2147483647: cwnd:10: delivered:1: lost:0: retrans:0
[  306.888949] AAAAA-TCP_RECV: name:enp0s3: saddr:100932208: daddr:33561200: srtt_us:1908176: RTT:238522: ssthresh:2147483647: cwnd:10: delivered:1: lost:0: retrans:0
[  306.888980] AAAAA-TCP_SEND: name:enp0s3: saddr:33561200: daddr:100932208: srtt_us:1908176: RTT:238522: ssthresh:2147483647: cwnd:10: delivered:1: lost:0: retrans:0
[  307.033901] AAAAA-TCP_RECV: name:enp0s3: saddr:100932208: daddr:33561200: srtt_us:1908176: RTT:238522: ssthresh:2147483647: cwnd:10: delivered:1: lost:0: retrans:0
[  307.033934] AAAAA-TCP_SEND: name:enp0s3: saddr:33561200: daddr:100932208: srtt_us:1908176: RTT:238522: ssthresh:2147483647: cwnd:10: delivered:1: lost:0: retrans:0
[  307.131205] AAAAA-TCP_RECV: name:enp0s3: saddr:100932208: daddr:33561200: srtt_us:1908176: RTT:238522: ssthresh:2147483647: cwnd:10: delivered:1: lost:0: retrans:0
[  307.131234] AAAAA-TCP_SEND: name:enp0s3: saddr:33561200: daddr:100932208: srtt_us:1908176: RTT:238522: ssthresh:2147483647: cwnd:10: delivered:1: lost:0: retrans:0
[  307.333700] AAAAA-TCP_RECV: name:enp0s3: saddr:100932208: daddr:33561200: srtt_us:1908176: RTT:238522: ssthresh:2147483647: cwnd:10: delivered:1: lost:0: retrans:0
[  307.333732] AAAAA-TCP_SEND: name:enp0s3: saddr:33561200: daddr:100932208: srtt_us:1908176: RTT:238522: ssthresh:2147483647: cwnd:10: delivered:1: lost:0: retrans:0
[  307.475167] AAAAA-TCP_RECV: name:enp0s3: saddr:100932208: daddr:33561200: srtt_us:1908176: RTT:238522: ssthresh:2147483647: cwnd:10: delivered:1: lost:0: retrans:0
[  307.475201] AAAAA-TCP_SEND: name:enp0s3: saddr:33561200: daddr:100932208: srtt_us:1908176: RTT:238522: ssthresh:2147483647: cwnd:10: delivered:1: lost:0: retrans:0
[  307.550022] AAAAA-TCP_RECV: name:enp0s3: saddr:100932208: daddr:33561200: srtt_us:1908176: RTT:238522: ssthresh:2147483647: cwnd:10: delivered:1: lost:0: retrans:0
[  307.550055] AAAAA-TCP_SEND: name:enp0s3: saddr:33561200: daddr:100932208: srtt_us:1908176: RTT:238522: ssthresh:2147483647: cwnd:10: delivered:1: lost:0: retrans:0
[  307.746179] AAAAA-TCP_RECV: name:enp0s3: saddr:100932208: daddr:33561200: srtt_us:1908176: RTT:238522: ssthresh:2147483647: cwnd:10: delivered:1: lost:0: retrans:0
[  307.746209] AAAAA-TCP_SEND: name:enp0s3: saddr:33561200: daddr:100932208: srtt_us:1908176: RTT:238522: ssthresh:2147483647: cwnd:10: delivered:1: lost:0: retrans:0
[  307.861347] AAAAA-TCP_RECV: name:enp0s3: saddr:100932208: daddr:33561200: srtt_us:1908176: RTT:238522: ssthresh:2147483647: cwnd:10: delivered:1: lost:0: retrans:0
[  307.861375] AAAAA-TCP_SEND: name:enp0s3: saddr:33561200: daddr:100932208: srtt_us:1908176: RTT:238522: ssthresh:2147483647: cwnd:10: delivered:1: lost:0: retrans:0
[  307.982189] AAAAA-TCP_RECV: name:enp0s3: saddr:100932208: daddr:33561200: srtt_us:1908176: RTT:238522: ssthresh:2147483647: cwnd:10: delivered:1: lost:0: retrans:0
[  307.982219] AAAAA-TCP_SEND: name:enp0s3: saddr:33561200: daddr:100932208: srtt_us:1908176: RTT:238522: ssthresh:2147483647: cwnd:10: delivered:1: lost:0: retrans:0
[  308.134777] AAAAA-TCP_RECV: name:enp0s3: saddr:100932208: daddr:33561200: srtt_us:1908176: RTT:238522: ssthresh:2147483647: cwnd:10: delivered:1: lost:0: retrans:0
[  308.134808] AAAAA-TCP_SEND: name:enp0s3: saddr:33561200: daddr:100932208: srtt_us:1908176: RTT:238522: ssthresh:2147483647: cwnd:10: delivered:1: lost:0: retrans:0
[  308.709456] AAAAA-TCP_RECV: name:enp0s3: saddr:100932208: daddr:16783984: srtt_us:832264: RTT:104033: ssthresh:2147483647: cwnd:10: delivered:1: lost:0: retrans:0
[  308.709498] AAAAA-TCP_SEND: name:enp0s3: saddr:16783984: daddr:100932208: srtt_us:832264: RTT:104033: ssthresh:2147483647: cwnd:10: delivered:1: lost:0: retrans:0
[  308.849297] AAAAA-TCP_RECV: name:enp0s3: saddr:100932208: daddr:16783984: srtt_us:832264: RTT:104033: ssthresh:2147483647: cwnd:10: delivered:1: lost:0: retrans:0
[  308.849335] AAAAA-TCP_SEND: name:enp0s3: saddr:16783984: daddr:100932208: srtt_us:832264: RTT:104033: ssthresh:2147483647: cwnd:10: delivered:1: lost:0: retrans:0
[  309.026715] AAAAA-TCP_RECV: name:enp0s3: saddr:100932208: daddr:16783984: srtt_us:832264: RTT:104033: ssthresh:2147483647: cwnd:10: delivered:1: lost:0: retrans:0
[  309.026769] AAAAA-TCP_SEND: name:enp0s3: saddr:16783984: daddr:100932208: srtt_us:832264: RTT:104033: ssthresh:2147483647: cwnd:10: delivered:1: lost:0: retrans:0
[  309.278232] AAAAA-TCP_RECV: name:enp0s3: saddr:100932208: daddr:16783984: srtt_us:832264: RTT:104033: ssthresh:2147483647: cwnd:10: delivered:1: lost:0: retrans:0
[  309.278273] AAAAA-TCP_SEND: name:enp0s3: saddr:16783984: daddr:100932208: srtt_us:832264: RTT:104033: ssthresh:2147483647: cwnd:10: delivered:1: lost:0: retrans:0
[  309.402279] AAAAA-TCP_RECV: name:enp0s3: saddr:100932208: daddr:16783984: srtt_us:832264: RTT:104033: ssthresh:2147483647: cwnd:10: delivered:1: lost:0: retrans:0
[  309.402309] AAAAA-TCP_SEND: name:enp0s3: saddr:16783984: daddr:100932208: srtt_us:832264: RTT:104033: ssthresh:2147483647: cwnd:10: delivered:1: lost:0: retrans:0
[  309.747712] AAAAA-TCP_RECV: name:enp0s3: saddr:100932208: daddr:16783984: srtt_us:832264: RTT:104033: ssthresh:2147483647: cwnd:10: delivered:1: lost:0: retrans:0
[  309.747747] AAAAA-TCP_SEND: name:enp0s3: saddr:16783984: daddr:100932208: srtt_us:832264: RTT:104033: ssthresh:2147483647: cwnd:10: delivered:1: lost:0: retrans:0
[  309.884393] AAAAA-TCP_RECV: name:enp0s3: saddr:100932208: daddr:16783984: srtt_us:832264: RTT:104033: ssthresh:2147483647: cwnd:10: delivered:1: lost:0: retrans:0
[  309.884448] AAAAA-TCP_SEND: name:enp0s3: saddr:16783984: daddr:100932208: srtt_us:832264: RTT:104033: ssthresh:2147483647: cwnd:10: delivered:1: lost:0: retrans:0
[  310.099581] AAAAA-TCP_RECV: name:enp0s3: saddr:100932208: daddr:16783984: srtt_us:832264: RTT:104033: ssthresh:2147483647: cwnd:10: delivered:1: lost:0: retrans:0
[  310.099625] AAAAA-TCP_SEND: name:enp0s3: saddr:16783984: daddr:100932208: srtt_us:832264: RTT:104033: ssthresh:2147483647: cwnd:10: delivered:1: lost:0: retrans:0
[  310.789943] AAAAA-TCP_RECV: name:enp0s3: saddr:100932208: daddr:16783984: srtt_us:832264: RTT:104033: ssthresh:2147483647: cwnd:10: delivered:1: lost:0: retrans:0
[  310.789988] AAAAA-TCP_SEND: name:enp0s3: saddr:16783984: daddr:100932208: srtt_us:832264: RTT:104033: ssthresh:2147483647: cwnd:10: delivered:1: lost:0: retrans:0
[  311.510269] AAAAA-TCP_RECV: name:enp0s3: saddr:100932208: daddr:16783984: srtt_us:832264: RTT:104033: ssthresh:2147483647: cwnd:10: delivered:1: lost:0: retrans:0
[  311.510320] AAAAA-TCP_SEND: name:enp0s3: saddr:16783984: daddr:100932208: srtt_us:832264: RTT:104033: ssthresh:2147483647: cwnd:10: delivered:1: lost:0: retrans:0
[  311.581655] AAAAA-TCP_RECV: name:enp0s3: saddr:100932208: daddr:16783984: srtt_us:832264: RTT:104033: ssthresh:2147483647: cwnd:10: delivered:1: lost:0: retrans:0
[  311.581683] AAAAA-TCP_SEND: name:enp0s3: saddr:16783984: daddr:100932208: srtt_us:832264: RTT:104033: ssthresh:2147483647: cwnd:10: delivered:1: lost:0: retrans:0
[  312.078123] AAAAA-TCP_RECV: name:enp0s3: saddr:100932208: daddr:16783984: srtt_us:832264: RTT:104033: ssthresh:2147483647: cwnd:10: delivered:1: lost:0: retrans:0
[  312.078165] AAAAA-TCP_SEND: name:enp0s3: saddr:16783984: daddr:100932208: srtt_us:832264: RTT:104033: ssthresh:2147483647: cwnd:10: delivered:1: lost:0: retrans:0
[  312.553523] AAAAA-TCP_RECV: name:enp0s3: saddr:100932208: daddr:33561200: srtt_us:1908176: RTT:238522: ssthresh:2147483647: cwnd:10: delivered:1: lost:0: retrans:0
[  312.553560] AAAAA-TCP_SEND: name:enp0s3: saddr:33561200: daddr:100932208: srtt_us:1908176: RTT:238522: ssthresh:2147483647: cwnd:10: delivered:1: lost:0: retrans:0
[  312.795488] AAAAA-TCP_RECV: name:enp0s3: saddr:100932208: daddr:33561200: srtt_us:1908176: RTT:238522: ssthresh:2147483647: cwnd:10: delivered:1: lost:0: retrans:0
[  312.795524] AAAAA-TCP_SEND: name:enp0s3: saddr:33561200: daddr:100932208: srtt_us:1908176: RTT:238522: ssthresh:2147483647: cwnd:10: delivered:1: lost:0: retrans:0
[  312.859634] AAAAA-TCP_RECV: name:enp0s3: saddr:100932208: daddr:33561200: srtt_us:1908176: RTT:238522: ssthresh:2147483647: cwnd:10: delivered:1: lost:0: retrans:0
[  312.859665] AAAAA-TCP_SEND: name:enp0s3: saddr:33561200: daddr:100932208: srtt_us:1908176: RTT:238522: ssthresh:2147483647: cwnd:10: delivered:1: lost:0: retrans:0
[  313.133393] AAAAA-TCP_RECV: name:enp0s3: saddr:100932208: daddr:33561200: srtt_us:1908176: RTT:238522: ssthresh:2147483647: cwnd:10: delivered:1: lost:0: retrans:0
[  313.133440] AAAAA-TCP_SEND: name:enp0s3: saddr:33561200: daddr:100932208: srtt_us:1908176: RTT:238522: ssthresh:2147483647: cwnd:10: delivered:1: lost:0: retrans:0
[  313.313812] AAAAA-TCP_RECV: name:enp0s3: saddr:100932208: daddr:33561200: srtt_us:1908176: RTT:238522: ssthresh:2147483647: cwnd:10: delivered:1: lost:0: retrans:0
[  313.313843] AAAAA-TCP_SEND: name:enp0s3: saddr:33561200: daddr:100932208: srtt_us:1908176: RTT:238522: ssthresh:2147483647: cwnd:10: delivered:1: lost:0: retrans:0
[  313.451181] AAAAA-TCP_RECV: name:enp0s3: saddr:100932208: daddr:33561200: srtt_us:1908176: RTT:238522: ssthresh:2147483647: cwnd:10: delivered:1: lost:0: retrans:0
[  313.451192] AAAAA-TCP_SEND: name:enp0s3: saddr:33561200: daddr:100932208: srtt_us:1908176: RTT:238522: ssthresh:2147483647: cwnd:10: delivered:1: lost:0: retrans:0
[  313.697421] AAAAA-TCP_RECV: name:enp0s3: saddr:100932208: daddr:33561200: srtt_us:1908176: RTT:238522: ssthresh:2147483647: cwnd:10: delivered:1: lost:0: retrans:0
[  313.698488] AAAAA-TCP_SEND: name:enp0s3: saddr:33561200: daddr:100932208: srtt_us:1908176: RTT:238522: ssthresh:2147483647: cwnd:10: delivered:1: lost:0: retrans:0
[  313.778142] AAAAA-TCP_RECV: name:enp0s3: saddr:100932208: daddr:33561200: srtt_us:1908176: RTT:238522: ssthresh:2147483647: cwnd:10: delivered:1: lost:0: retrans:0
[  313.779187] AAAAA-TCP_SEND: name:enp0s3: saddr:33561200: daddr:100932208: srtt_us:1908176: RTT:238522: ssthresh:2147483647: cwnd:10: delivered:1: lost:0: retrans:0
[  313.840177] AAAAA-TCP_RECV: name:enp0s3: saddr:100932208: daddr:33561200: srtt_us:1908176: RTT:238522: ssthresh:2147483647: cwnd:10: delivered:1: lost:0: retrans:0
[  313.841234] AAAAA-TCP_SEND: name:enp0s3: saddr:33561200: daddr:100932208: srtt_us:1908176: RTT:238522: ssthresh:2147483647: cwnd:10: delivered:1: lost:0: retrans:0
[  313.927096] AAAAA-TCP_RECV: name:enp0s3: saddr:100932208: daddr:33561200: srtt_us:1908176: RTT:238522: ssthresh:2147483647: cwnd:10: delivered:1: lost:0: retrans:0
[  313.928189] AAAAA-TCP_SEND: name:enp0s3: saddr:33561200: daddr:100932208: srtt_us:1908176: RTT:238522: ssthresh:2147483647: cwnd:10: delivered:1: lost:0: retrans:0
[  314.060196] AAAAA-TCP_RECV: name:enp0s3: saddr:100932208: daddr:16783984: srtt_us:832264: RTT:104033: ssthresh:2147483647: cwnd:10: delivered:1: lost:0: retrans:0
[  314.060222] AAAAA-TCP_SEND: name:enp0s3: saddr:16783984: daddr:100932208: srtt_us:832264: RTT:104033: ssthresh:2147483647: cwnd:10: delivered:1: lost:0: retrans:0
[  314.160618] AAAAA-TCP_RECV: name:enp0s3: saddr:100932208: daddr:33561200: srtt_us:1908176: RTT:238522: ssthresh:2147483647: cwnd:10: delivered:1: lost:0: retrans:0
[  314.161687] AAAAA-TCP_SEND: name:enp0s3: saddr:33561200: daddr:100932208: srtt_us:1908176: RTT:238522: ssthresh:2147483647: cwnd:10: delivered:1: lost:0: retrans:0
[  314.374941] AAAAA-TCP_RECV: name:enp0s3: saddr:100932208: daddr:33561200: srtt_us:1908176: RTT:238522: ssthresh:2147483647: cwnd:10: delivered:1: lost:0: retrans:0
[  314.376007] AAAAA-TCP_SEND: name:enp0s3: saddr:33561200: daddr:100932208: srtt_us:1908176: RTT:238522: ssthresh:2147483647: cwnd:10: delivered:1: lost:0: retrans:0
[  314.470523] AAAAA-TCP_RECV: name:enp0s3: saddr:100932208: daddr:33561200: srtt_us:1908176: RTT:238522: ssthresh:2147483647: cwnd:10: delivered:1: lost:0: retrans:0
[  314.471571] AAAAA-TCP_SEND: name:enp0s3: saddr:33561200: daddr:100932208: srtt_us:1908176: RTT:238522: ssthresh:2147483647: cwnd:10: delivered:1: lost:0: retrans:0
[  314.553710] AAAAA-TCP_RECV: name:enp0s3: saddr:100932208: daddr:33561200: srtt_us:1908176: RTT:238522: ssthresh:2147483647: cwnd:10: delivered:1: lost:0: retrans:0
[  314.554762] AAAAA-TCP_SEND: name:enp0s3: saddr:33561200: daddr:100932208: srtt_us:1908176: RTT:238522: ssthresh:2147483647: cwnd:10: delivered:1: lost:0: retrans:0
[  314.625639] AAAAA-TCP_RECV: name:enp0s3: saddr:100932208: daddr:33561200: srtt_us:1908176: RTT:238522: ssthresh:2147483647: cwnd:10: delivered:1: lost:0: retrans:0
[  314.626698] AAAAA-TCP_SEND: name:enp0s3: saddr:33561200: daddr:100932208: srtt_us:1908176: RTT:238522: ssthresh:2147483647: cwnd:10: delivered:1: lost:0: retrans:0
[  314.810027] AAAAA-TCP_RECV: name:enp0s3: saddr:100932208: daddr:16783984: srtt_us:832264: RTT:104033: ssthresh:2147483647: cwnd:10: delivered:1: lost:0: retrans:0
[  314.810049] AAAAA-TCP_SEND: name:enp0s3: saddr:16783984: daddr:100932208: srtt_us:832264: RTT:104033: ssthresh:2147483647: cwnd:10: delivered:1: lost:0: retrans:0
[  315.055856] AAAAA-TCP_RECV: name:enp0s3: saddr:100932208: daddr:16783984: srtt_us:832264: RTT:104033: ssthresh:2147483647: cwnd:10: delivered:1: lost:0: retrans:0
[  315.055898] AAAAA-TCP_SEND: name:enp0s3: saddr:16783984: daddr:100932208: srtt_us:832264: RTT:104033: ssthresh:2147483647: cwnd:10: delivered:1: lost:0: retrans:0
[  315.175310] AAAAA-TCP_RECV: name:enp0s3: saddr:100932208: daddr:16783984: srtt_us:832264: RTT:104033: ssthresh:2147483647: cwnd:10: delivered:1: lost:0: retrans:0
[  315.175339] AAAAA-TCP_SEND: name:enp0s3: saddr:16783984: daddr:100932208: srtt_us:832264: RTT:104033: ssthresh:2147483647: cwnd:10: delivered:1: lost:0: retrans:0
[  315.288557] AAAAA-TCP_RECV: name:enp0s3: saddr:100932208: daddr:33561200: srtt_us:1908176: RTT:238522: ssthresh:2147483647: cwnd:10: delivered:1: lost:0: retrans:0
[  315.289622] AAAAA-TCP_SEND: name:enp0s3: saddr:33561200: daddr:100932208: srtt_us:1908176: RTT:238522: ssthresh:2147483647: cwnd:10: delivered:1: lost:0: retrans:0
[  315.333003] AAAAA-TCP_RECV: name:enp0s3: saddr:100932208: daddr:16783984: srtt_us:832264: RTT:104033: ssthresh:2147483647: cwnd:10: delivered:1: lost:0: retrans:0
[  315.333025] AAAAA-TCP_SEND: name:enp0s3: saddr:16783984: daddr:100932208: srtt_us:832264: RTT:104033: ssthresh:2147483647: cwnd:10: delivered:1: lost:0: retrans:0
[  315.421601] AAAAA-TCP_RECV: name:enp0s3: saddr:100932208: daddr:16783984: srtt_us:832264: RTT:104033: ssthresh:2147483647: cwnd:10: delivered:1: lost:0: retrans:0
[  315.421624] AAAAA-TCP_SEND: name:enp0s3: saddr:16783984: daddr:100932208: srtt_us:832264: RTT:104033: ssthresh:2147483647: cwnd:10: delivered:1: lost:0: retrans:0
[  315.643397] AAAAA-TCP_RECV: name:enp0s3: saddr:100932208: daddr:33561200: srtt_us:1908176: RTT:238522: ssthresh:2147483647: cwnd:10: delivered:1: lost:0: retrans:0
[  315.810830] AAAAA-TCP_RECV: name:enp0s3: saddr:100932208: daddr:33561200: srtt_us:1908176: RTT:238522: ssthresh:2147483647: cwnd:10: delivered:1: lost:0: retrans:0
[  318.407807] AAAAA-TCP_RECV: name:enp0s3: saddr:100932208: daddr:33561200: srtt_us:1908176: RTT:238522: ssthresh:2147483647: cwnd:10: delivered:1: lost:0: retrans:0
[  318.407869] AAAAA-TCP_SEND: name:enp0s3: saddr:33561200: daddr:100932208: srtt_us:1908176: RTT:238522: ssthresh:2147483647: cwnd:10: delivered:1: lost:0: retrans:0
[  318.921638] AAAAA-TCP_RECV: name:enp0s3: saddr:100932208: daddr:33561200: srtt_us:1908176: RTT:238522: ssthresh:2147483647: cwnd:10: delivered:1: lost:0: retrans:0
[  318.921707] AAAAA-TCP_SEND: name:enp0s3: saddr:33561200: daddr:100932208: srtt_us:1908176: RTT:238522: ssthresh:2147483647: cwnd:10: delivered:1: lost:0: retrans:0
[  319.045894] AAAAA-TCP_RECV: name:enp0s3: saddr:100932208: daddr:33561200: srtt_us:1908176: RTT:238522: ssthresh:2147483647: cwnd:10: delivered:1: lost:0: retrans:0
[  319.045930] AAAAA-TCP_SEND: name:enp0s3: saddr:33561200: daddr:100932208: srtt_us:1908176: RTT:238522: ssthresh:2147483647: cwnd:10: delivered:1: lost:0: retrans:0
[  319.439584] AAAAA-TCP_RECV: name:enp0s3: saddr:100932208: daddr:33561200: srtt_us:1908176: RTT:238522: ssthresh:2147483647: cwnd:10: delivered:1: lost:0: retrans:0
[  319.439626] AAAAA-TCP_SEND: name:enp0s3: saddr:33561200: daddr:100932208: srtt_us:1908176: RTT:238522: ssthresh:2147483647: cwnd:10: delivered:1: lost:0: retrans:0
[  319.738720] AAAAA-TCP_RECV: name:enp0s3: saddr:100932208: daddr:33561200: srtt_us:1908176: RTT:238522: ssthresh:2147483647: cwnd:10: delivered:1: lost:0: retrans:0
[  319.738758] AAAAA-TCP_SEND: name:enp0s3: saddr:33561200: daddr:100932208: srtt_us:1908176: RTT:238522: ssthresh:2147483647: cwnd:10: delivered:1: lost:0: retrans:0
[  320.464957] AAAAA-TCP_RECV: name:enp0s3: saddr:100932208: daddr:33561200: srtt_us:1908176: RTT:238522: ssthresh:2147483647: cwnd:10: delivered:1: lost:0: retrans:0
[  320.464985] AAAAA-TCP_SEND: name:enp0s3: saddr:33561200: daddr:100932208: srtt_us:1908176: RTT:238522: ssthresh:2147483647: cwnd:10: delivered:1: lost:0: retrans:0
[  320.686029] AAAAA-TCP_RECV: name:enp0s3: saddr:100932208: daddr:33561200: srtt_us:1908176: RTT:238522: ssthresh:2147483647: cwnd:10: delivered:1: lost:0: retrans:0
[  320.686070] AAAAA-TCP_SEND: name:enp0s3: saddr:33561200: daddr:100932208: srtt_us:1908176: RTT:238522: ssthresh:2147483647: cwnd:10: delivered:1: lost:0: retrans:0
[  320.795000] AAAAA-TCP_RECV: name:enp0s3: saddr:100932208: daddr:33561200: srtt_us:1908176: RTT:238522: ssthresh:2147483647: cwnd:10: delivered:1: lost:0: retrans:0
[  320.795027] AAAAA-TCP_SEND: name:enp0s3: saddr:33561200: daddr:100932208: srtt_us:1908176: RTT:238522: ssthresh:2147483647: cwnd:10: delivered:1: lost:0: retrans:0
[  320.904421] AAAAA-TCP_RECV: name:enp0s3: saddr:100932208: daddr:16783984: srtt_us:832264: RTT:104033: ssthresh:2147483647: cwnd:10: delivered:1: lost:0: retrans:0
[  320.904477] AAAAA-TCP_SEND: name:enp0s3: saddr:16783984: daddr:100932208: srtt_us:832264: RTT:104033: ssthresh:2147483647: cwnd:10: delivered:1: lost:0: retrans:0
[  320.971142] AAAAA-TCP_RECV: name:enp0s3: saddr:100932208: daddr:33561200: srtt_us:1908176: RTT:238522: ssthresh:2147483647: cwnd:10: delivered:1: lost:0: retrans:0
[  320.971176] AAAAA-TCP_SEND: name:enp0s3: saddr:33561200: daddr:100932208: srtt_us:1908176: RTT:238522: ssthresh:2147483647: cwnd:10: delivered:1: lost:0: retrans:0
