[    0.000000] Linux version 5.4.243-mptcp (root@ztg) (gcc version 12.2.0 (Debian 12.2.0-14+deb12u1)) #53 SMP Wed Dec 24 23:28:15 CST 2025
[    0.000000] Command line: BOOT_IMAGE=/boot/vmlinuz-5.4.243-mptcp root=UUID=98415a12-53b7-4144-8265-0f7ece09e445 ro quiet splash
[    0.000000] KERNEL supported cpus:
[    0.000000]   Intel GenuineIntel
[    0.000000]   AMD AuthenticAMD
[    0.000000]   Hygon HygonGenuine
[    0.000000]   Centaur CentaurHauls
[    0.000000]   zhaoxin   Shanghai  
[    0.000000] x86/fpu: Supporting XSAVE feature 0x001: 'x87 floating point registers'
[    0.000000] x86/fpu: Supporting XSAVE feature 0x002: 'SSE registers'
[    0.000000] x86/fpu: Supporting XSAVE feature 0x004: 'AVX registers'
[    0.000000] x86/fpu: xstate_offset[2]:  576, xstate_sizes[2]:  256
[    0.000000] x86/fpu: Enabled xstate features 0x7, context size is 832 bytes, using 'standard' format.
[    0.000000] BIOS-provided physical RAM map:
[    0.000000] BIOS-e820: [mem 0x0000000000000000-0x000000000009fbff] usable
[    0.000000] BIOS-e820: [mem 0x000000000009fc00-0x000000000009ffff] reserved
[    0.000000] BIOS-e820: [mem 0x00000000000f0000-0x00000000000fffff] reserved
[    0.000000] BIOS-e820: [mem 0x0000000000100000-0x000000007ffeffff] usable
[    0.000000] BIOS-e820: [mem 0x000000007fff0000-0x000000007fffffff] ACPI data
[    0.000000] BIOS-e820: [mem 0x00000000fec00000-0x00000000fec00fff] reserved
[    0.000000] BIOS-e820: [mem 0x00000000fee00000-0x00000000fee00fff] reserved
[    0.000000] BIOS-e820: [mem 0x00000000fffc0000-0x00000000ffffffff] reserved
[    0.000000] NX (Execute Disable) protection: active
[    0.000000] SMBIOS 2.5 present.
[    0.000000] DMI: innotek GmbH VirtualBox/VirtualBox, BIOS VirtualBox 12/01/2006
[    0.000000] Hypervisor detected: KVM
[    0.000000] kvm-clock: Using msrs 4b564d01 and 4b564d00
[    0.000000] kvm-clock: cpu 0, msr 1c801001, primary cpu clock
[    0.000000] kvm-clock: using sched offset of 4470082053 cycles
[    0.000002] clocksource: kvm-clock: mask: 0xffffffffffffffff max_cycles: 0x1cd42e4dffb, max_idle_ns: 881590591483 ns
[    0.000005] tsc: Detected 2100.000 MHz processor
[    0.001882] e820: update [mem 0x00000000-0x00000fff] usable ==> reserved
[    0.001884] e820: remove [mem 0x000a0000-0x000fffff] usable
[    0.001888] last_pfn = 0x7fff0 max_arch_pfn = 0x400000000
[    0.001958] MTRR default type: uncachable
[    0.001959] MTRR fixed ranges enabled:
[    0.001960]   00000-9FFFF write-back
[    0.001961]   A0000-BFFFF uncachable
[    0.001962]   C0000-FFFFF write-protect
[    0.001962] MTRR variable ranges enabled:
[    0.001964]   0 base 000000000000 mask 3FFF80000000 write-back
[    0.001964]   1 disabled
[    0.001965]   2 disabled
[    0.001965]   3 disabled
[    0.001966]   4 disabled
[    0.001966]   5 disabled
[    0.001966]   6 disabled
[    0.001967]   7 disabled
[    0.001967]   8 disabled
[    0.001968]   9 disabled
[    0.001968]   10 disabled
[    0.001968]   11 disabled
[    0.001969]   12 disabled
[    0.001969]   13 disabled
[    0.001970]   14 disabled
[    0.001970]   15 disabled
[    0.001986] x86/PAT: Configuration [0-7]: WB  WC  UC- UC  WB  WP  UC- WT  
[    0.002118] found SMP MP-table at [mem 0x0009fff0-0x0009ffff]
[    0.092508] check: Scanning 1 areas for low memory corruption
[    0.092628] RAMDISK: [mem 0x32271000-0x3512ffff]
[    0.092636] ACPI: Early table checksum verification disabled
[    0.092641] ACPI: RSDP 0x00000000000E0000 000024 (v02 VBOX  )
[    0.092646] ACPI: XSDT 0x000000007FFF0030 00003C (v01 VBOX   VBOXXSDT 00000001 ASL  00000061)
[    0.092652] ACPI: FACP 0x000000007FFF00F0 0000F4 (v04 VBOX   VBOXFACP 00000001 ASL  00000061)
[    0.092659] ACPI: DSDT 0x000000007FFF02E0 002353 (v02 VBOX   VBOXBIOS 00000002 VBOX 00029BF3)
[    0.092663] ACPI: FACS 0x000000007FFF0200 000040
[    0.092666] ACPI: FACS 0x000000007FFF0200 000040
[    0.092670] ACPI: APIC 0x000000007FFF0240 000054 (v02 VBOX   VBOXAPIC 00000001 ASL  00000061)
[    0.092673] ACPI: SSDT 0x000000007FFF02A0 000038 (v01 VBOX   VBOXCPUT 00000002 VBOX 00029BF3)
[    0.092677] ACPI: Reserving FACP table memory at [mem 0x7fff00f0-0x7fff01e3]
[    0.092677] ACPI: Reserving DSDT table memory at [mem 0x7fff02e0-0x7fff2632]
[    0.092678] ACPI: Reserving FACS table memory at [mem 0x7fff0200-0x7fff023f]
[    0.092679] ACPI: Reserving FACS table memory at [mem 0x7fff0200-0x7fff023f]
[    0.092679] ACPI: Reserving APIC table memory at [mem 0x7fff0240-0x7fff0293]
[    0.092680] ACPI: Reserving SSDT table memory at [mem 0x7fff02a0-0x7fff02d7]
[    0.092695] ACPI: Local APIC address 0xfee00000
[    0.092885] No NUMA configuration found
[    0.092886] Faking a node at [mem 0x0000000000000000-0x000000007ffeffff]
[    0.092896] NODE_DATA(0) allocated [mem 0x7ffc5000-0x7ffeffff]
[    0.093156] Zone ranges:
[    0.093157]   DMA      [mem 0x0000000000001000-0x0000000000ffffff]
[    0.093158]   DMA32    [mem 0x0000000001000000-0x000000007ffeffff]
[    0.093159]   Normal   empty
[    0.093160]   Device   empty
[    0.093161] Movable zone start for each node
[    0.093162] Early memory node ranges
[    0.093163]   node   0: [mem 0x0000000000001000-0x000000000009efff]
[    0.093164]   node   0: [mem 0x0000000000100000-0x000000007ffeffff]
[    0.093167] Zeroed struct page in unavailable ranges: 114 pages
[    0.093168] Initmem setup node 0 [mem 0x0000000000001000-0x000000007ffeffff]
[    0.093169] On node 0 totalpages: 524174
[    0.093170]   DMA zone: 64 pages used for memmap
[    0.093171]   DMA zone: 21 pages reserved
[    0.093172]   DMA zone: 3998 pages, LIFO batch:0
[    0.093242]   DMA32 zone: 8128 pages used for memmap
[    0.093243]   DMA32 zone: 520176 pages, LIFO batch:63
[    0.102155] ACPI: PM-Timer IO Port: 0x4008
[    0.102159] ACPI: Local APIC address 0xfee00000
[    0.102223] IOAPIC[0]: apic_id 1, version 32, address 0xfec00000, GSI 0-23
[    0.102226] ACPI: INT_SRC_OVR (bus 0 bus_irq 0 global_irq 2 dfl dfl)
[    0.102228] ACPI: INT_SRC_OVR (bus 0 bus_irq 9 global_irq 9 low level)
[    0.102230] ACPI: IRQ0 used by override.
[    0.102231] ACPI: IRQ9 used by override.
[    0.102233] Using ACPI (MADT) for SMP configuration information
[    0.102240] smpboot: Allowing 1 CPUs, 0 hotplug CPUs
[    0.102263] PM: Registered nosave memory: [mem 0x00000000-0x00000fff]
[    0.102264] PM: Registered nosave memory: [mem 0x0009f000-0x0009ffff]
[    0.102265] PM: Registered nosave memory: [mem 0x000a0000-0x000effff]
[    0.102265] PM: Registered nosave memory: [mem 0x000f0000-0x000fffff]
[    0.102267] [mem 0x80000000-0xfebfffff] available for PCI devices
[    0.102268] Booting paravirtualized kernel on KVM
[    0.102270] clocksource: refined-jiffies: mask: 0xffffffff max_cycles: 0xffffffff, max_idle_ns: 7645519600211568 ns
[    0.102275] setup_percpu: NR_CPUS:8192 nr_cpumask_bits:1 nr_cpu_ids:1 nr_node_ids:1
[    0.103292] percpu: Embedded 60 pages/cpu s208896 r8192 d28672 u2097152
[    0.103297] pcpu-alloc: s208896 r8192 d28672 u2097152 alloc=1*2097152
[    0.103298] pcpu-alloc: [0] 0 
[    0.103326] Built 1 zonelists, mobility grouping on.  Total pages: 515961
[    0.103327] Policy zone: DMA32
[    0.103328] Kernel command line: BOOT_IMAGE=/boot/vmlinuz-5.4.243-mptcp root=UUID=98415a12-53b7-4144-8265-0f7ece09e445 ro quiet splash
[    0.104188] Dentry cache hash table entries: 262144 (order: 9, 2097152 bytes, linear)
[    0.104334] Inode-cache hash table entries: 131072 (order: 8, 1048576 bytes, linear)
[    0.104386] mem auto-init: stack:off, heap alloc:on, heap free:off
[    0.104388] Calgary: detecting Calgary via BIOS EBDA area
[    0.104389] Calgary: Unable to locate Rio Grande table in EBDA - bailing!
[    0.108478] Memory: 1967332K/2096696K available (14339K kernel code, 2398K rwdata, 4712K rodata, 2728K init, 17260K bss, 129364K reserved, 0K cma-reserved)
[    0.109414] SLUB: HWalign=64, Order=0-3, MinObjects=0, CPUs=1, Nodes=1
[    0.109431] ftrace: allocating 43186 entries in 169 pages
[    0.127476] rcu: Hierarchical RCU implementation.
[    0.127478] rcu: 	RCU restricting CPUs from NR_CPUS=8192 to nr_cpu_ids=1.
[    0.127479] 	Tasks RCU enabled.
[    0.127480] rcu: RCU calculated value of scheduler-enlistment delay is 25 jiffies.
[    0.127481] rcu: Adjusting geometry for rcu_fanout_leaf=16, nr_cpu_ids=1
[    0.130429] NR_IRQS: 524544, nr_irqs: 256, preallocated irqs: 16
[    0.130647] random: crng init done
[    0.139942] Console: colour VGA+ 80x25
[    0.139945] printk: console [tty0] enabled
[    0.139964] ACPI: Core revision 20190816
[    0.140061] APIC: Switch to symmetric I/O mode setup
[    0.140312] x2apic enabled
[    0.140553] Switched APIC routing to physical x2apic.
[    0.141683] ..TIMER: vector=0x30 apic1=0 pin1=2 apic2=-1 pin2=-1
[    0.141707] clocksource: tsc-early: mask: 0xffffffffffffffff max_cycles: 0x1e4530a99b6, max_idle_ns: 440795257976 ns
[    0.141712] Calibrating delay loop (skipped) preset value.. 4200.00 BogoMIPS (lpj=8400000)
[    0.141714] pid_max: default: 32768 minimum: 301
[    0.141742] LSM: Security Framework initializing
[    0.141751] Yama: becoming mindful.
[    0.141775] AppArmor: AppArmor initialized
[    0.141808] Mount-cache hash table entries: 4096 (order: 3, 32768 bytes, linear)
[    0.141812] Mountpoint-cache hash table entries: 4096 (order: 3, 32768 bytes, linear)
[    0.141822] *** VALIDATE tmpfs ***
[    0.141951] *** VALIDATE proc ***
[    0.141992] *** VALIDATE cgroup1 ***
[    0.141993] *** VALIDATE cgroup2 ***
[    0.142133] process: using mwait in idle threads
[    0.142138] Last level iTLB entries: 4KB 64, 2MB 8, 4MB 8
[    0.142138] Last level dTLB entries: 4KB 64, 2MB 0, 4MB 0, 1GB 4
[    0.142158] Spectre V1 : Mitigation: usercopy/swapgs barriers and __user pointer sanitization
[    0.142164] Spectre V2 : Mitigation: Retpolines
[    0.142164] Spectre V2 : Spectre v2 / SpectreRSB mitigation: Filling RSB on context switch
[    0.142165] Spectre V2 : Spectre v2 / SpectreRSB : Filling RSB on VMEXIT
[    0.142165] RETBleed: WARNING: Spectre v2 mitigation leaves CPU vulnerable to RETBleed attacks, data leaks possible!
[    0.142518] RETBleed: Vulnerable
[    0.142518] Speculative Store Bypass: Vulnerable
[    0.142523] TAA: Mitigation: TSX disabled
[    0.142524] MMIO Stale Data: Mitigation: Clear CPU buffers
[    0.146684] Freeing SMP alternatives memory: 40K
[    0.259170] smpboot: CPU0: Intel(R) Xeon(R) Silver 4216 CPU @ 2.10GHz (family: 0x6, model: 0x55, stepping: 0x7)
[    0.259293] Performance Events: unsupported p6 CPU model 85 no PMU driver, software events only.
[    0.259328] rcu: Hierarchical SRCU implementation.
[    0.259802] NMI watchdog: Perf NMI watchdog permanently disabled
[    0.259840] smp: Bringing up secondary CPUs ...
[    0.259841] smp: Brought up 1 node, 1 CPU
[    0.259842] smpboot: Max logical packages: 1
[    0.259843] smpboot: Total of 1 processors activated (4200.00 BogoMIPS)
[    0.260828] devtmpfs: initialized
[    0.260874] x86/mm: Memory block size: 128MB
[    0.261222] clocksource: jiffies: mask: 0xffffffff max_cycles: 0xffffffff, max_idle_ns: 7645041785100000 ns
[    0.261228] futex hash table entries: 256 (order: 2, 16384 bytes, linear)
[    0.261272] pinctrl core: initialized pinctrl subsystem
[    0.261373] PM: RTC time: 16:25:36, date: 2026-01-11
[    0.261480] NET: Registered protocol family 16
[    0.261553] audit: initializing netlink subsys (disabled)
[    0.261678] EISA bus registered
[    0.261680] cpuidle: using governor ladder
[    0.261680] cpuidle: using governor menu
[    0.261709] ACPI: bus type PCI registered
[    0.261709] acpiphp: ACPI Hot Plug PCI Controller Driver version: 0.5
[    0.261709] PCI: Using configuration type 1 for base access
[    0.261981] audit: type=2000 audit(1768119942.996:1): state=initialized audit_enabled=0 res=1
[    0.262060] HugeTLB registered 2.00 MiB page size, pre-allocated 0 pages
[    0.262865] ACPI: Added _OSI(Module Device)
[    0.262866] ACPI: Added _OSI(Processor Device)
[    0.262866] ACPI: Added _OSI(3.0 _SCP Extensions)
[    0.262867] ACPI: Added _OSI(Processor Aggregator Device)
[    0.262868] ACPI: Added _OSI(Linux-Dell-Video)
[    0.262869] ACPI: Added _OSI(Linux-Lenovo-NV-HDMI-Audio)
[    0.262870] ACPI: Added _OSI(Linux-HPI-Hybrid-Graphics)
[    0.264978] ACPI: 2 ACPI AML tables successfully acquired and loaded
[    0.266698] ACPI: Interpreter enabled
[    0.266708] ACPI: (supports S0 S5)
[    0.266709] ACPI: Using IOAPIC for interrupt routing
[    0.266925] PCI: Using host bridge windows from ACPI; if necessary, use "pci=nocrs" and report a bug
[    0.267037] ACPI: Enabled 2 GPEs in block 00 to 07
[    0.272155] ACPI: PCI Root Bridge [PCI0] (domain 0000 [bus 00-ff])
[    0.272160] acpi PNP0A03:00: _OSC: OS supports [ASPM ClockPM Segments MSI HPX-Type3]
[    0.272606] acpi PNP0A03:00: _OSC: not requesting OS control; OS requires [ExtendedConfig ASPM ClockPM MSI]
[    0.272614] acpi PNP0A03:00: fail to add MMCONFIG information, can't access extended PCI configuration space under this bridge.
[    0.272987] PCI host bridge to bus 0000:00
[    0.272989] pci_bus 0000:00: root bus resource [io  0x0000-0x0cf7 window]
[    0.272990] pci_bus 0000:00: root bus resource [io  0x0d00-0xffff window]
[    0.272991] pci_bus 0000:00: root bus resource [mem 0x000a0000-0x000bffff window]
[    0.272992] pci_bus 0000:00: root bus resource [mem 0x80000000-0xfdffffff window]
[    0.272993] pci_bus 0000:00: root bus resource [bus 00-ff]
[    0.273034] pci 0000:00:00.0: [8086:1237] type 00 class 0x060000
[    0.273791] pci 0000:00:01.0: [8086:7000] type 00 class 0x060100
[    0.274557] pci 0000:00:01.1: [8086:7111] type 00 class 0x01018a
[    0.274932] pci 0000:00:01.1: reg 0x20: [io  0xd000-0xd00f]
[    0.275100] pci 0000:00:01.1: legacy IDE quirk: reg 0x10: [io  0x01f0-0x01f7]
[    0.275101] pci 0000:00:01.1: legacy IDE quirk: reg 0x14: [io  0x03f6]
[    0.275102] pci 0000:00:01.1: legacy IDE quirk: reg 0x18: [io  0x0170-0x0177]
[    0.275103] pci 0000:00:01.1: legacy IDE quirk: reg 0x1c: [io  0x0376]
[    0.275643] pci 0000:00:02.0: [15ad:0405] type 00 class 0x030000
[    0.277787] pci 0000:00:02.0: reg 0x10: [io  0xd010-0xd01f]
[    0.281755] pci 0000:00:02.0: reg 0x14: [mem 0xe0000000-0xe7ffffff pref]
[    0.284304] pci 0000:00:02.0: reg 0x18: [mem 0xf0000000-0xf01fffff]
[    0.294502] pci 0000:00:03.0: [1022:2000] type 00 class 0x020000
[    0.295199] pci 0000:00:03.0: reg 0x10: [io  0xd020-0xd03f]
[    0.295813] pci 0000:00:03.0: reg 0x14: [mem 0xf0200000-0xf0200fff]
[    0.300240] pci 0000:00:04.0: [80ee:cafe] type 00 class 0x088000
[    0.300910] pci 0000:00:04.0: reg 0x10: [io  0xd040-0xd05f]
[    0.301518] pci 0000:00:04.0: reg 0x14: [mem 0xf0400000-0xf07fffff]
[    0.301829] pci 0000:00:04.0: reg 0x18: [mem 0xf0800000-0xf0803fff pref]
[    0.305347] pci 0000:00:07.0: [8086:7113] type 00 class 0x068000
[    0.305950] pci 0000:00:07.0: quirk: [io  0x4000-0x403f] claimed by PIIX4 ACPI
[    0.305963] pci 0000:00:07.0: quirk: [io  0x4100-0x410f] claimed by PIIX4 SMB
[    0.306574] pci 0000:00:08.0: [8086:100e] type 00 class 0x020000
[    0.307276] pci 0000:00:08.0: reg 0x10: [mem 0xf0820000-0xf083ffff]
[    0.308443] pci 0000:00:08.0: reg 0x18: [io  0xd060-0xd067]
[    0.311351] pci 0000:00:09.0: [8086:100e] type 00 class 0x020000
[    0.312099] pci 0000:00:09.0: reg 0x10: [mem 0xf0840000-0xf085ffff]
[    0.313823] pci 0000:00:09.0: reg 0x18: [io  0xd068-0xd06f]
[    0.322736] ACPI: PCI Interrupt Link [LNKA] (IRQs 5 9 10 *11)
[    0.323018] ACPI: PCI Interrupt Link [LNKB] (IRQs 5 9 *10 11)
[    0.323125] ACPI: PCI Interrupt Link [LNKC] (IRQs 5 *9 10 11)
[    0.323226] ACPI: PCI Interrupt Link [LNKD] (IRQs 5 9 10 *11)
[    0.323485] iommu: Default domain type: Translated 
[    0.323546] pci 0000:00:02.0: vgaarb: setting as boot VGA device
[    0.323547] pci 0000:00:02.0: vgaarb: VGA device added: decodes=io+mem,owns=io+mem,locks=none
[    0.323549] pci 0000:00:02.0: vgaarb: bridge control possible
[    0.323550] vgaarb: loaded
[    0.325859] SCSI subsystem initialized
[    0.325891] libata version 3.00 loaded.
[    0.325915] ACPI: bus type USB registered
[    0.325930] usbcore: registered new interface driver usbfs
[    0.325936] usbcore: registered new interface driver hub
[    0.325941] usbcore: registered new device driver usb
[    0.325970] pps_core: LinuxPPS API ver. 1 registered
[    0.325970] pps_core: Software ver. 5.3.6 - Copyright 2005-2007 Rodolfo Giometti <giometti@linux.it>
[    0.325972] PTP clock support registered
[    0.326006] EDAC MC: Ver: 3.0.0
[    0.326295] PCI: Using ACPI for IRQ routing
[    0.326296] PCI: pci_cache_line_size set to 64 bytes
[    0.326470] e820: reserve RAM buffer [mem 0x0009fc00-0x0009ffff]
[    0.326474] e820: reserve RAM buffer [mem 0x7fff0000-0x7fffffff]
[    0.327268] NetLabel: Initializing
[    0.327268] NetLabel:  domain hash size = 128
[    0.327269] NetLabel:  protocols = UNLABELED CIPSOv4 CALIPSO
[    0.327288] NetLabel:  unlabeled traffic allowed by default
[    0.328189] clocksource: Switched to clocksource kvm-clock
[    0.340760] *** VALIDATE bpf ***
[    0.340826] VFS: Disk quotas dquot_6.6.0
[    0.340838] VFS: Dquot-cache hash table entries: 512 (order 0, 4096 bytes)
[    0.340861] *** VALIDATE ramfs ***
[    0.340864] *** VALIDATE hugetlbfs ***
[    0.340945] AppArmor: AppArmor Filesystem Enabled
[    0.340972] pnp: PnP ACPI init
[    0.341039] pnp 00:00: Plug and Play ACPI device, IDs PNP0303 (active)
[    0.341106] pnp 00:01: Plug and Play ACPI device, IDs PNP0f03 (active)
[    0.341870] pnp: PnP ACPI: found 2 devices
[    0.342839] thermal_sys: Registered thermal governor 'fair_share'
[    0.342840] thermal_sys: Registered thermal governor 'bang_bang'
[    0.342840] thermal_sys: Registered thermal governor 'step_wise'
[    0.342841] thermal_sys: Registered thermal governor 'user_space'
[    0.342842] thermal_sys: Registered thermal governor 'power_allocator'
[    0.347392] clocksource: acpi_pm: mask: 0xffffff max_cycles: 0xffffff, max_idle_ns: 2085701024 ns
[    0.347436] pci_bus 0000:00: resource 4 [io  0x0000-0x0cf7 window]
[    0.347437] pci_bus 0000:00: resource 5 [io  0x0d00-0xffff window]
[    0.347438] pci_bus 0000:00: resource 6 [mem 0x000a0000-0x000bffff window]
[    0.347440] pci_bus 0000:00: resource 7 [mem 0x80000000-0xfdffffff window]
[    0.347501] NET: Registered protocol family 2
[    0.347574] IP idents hash table entries: 32768 (order: 6, 262144 bytes, linear)
[    0.347980] MPTCP tokens hash table entries: 8192 (order: 4, 65536 bytes, linear)
[    0.347999] MPTCP request tokens hash table entries: 8192 (order: 4, 65536 bytes, linear)
[    0.348024] default registered
[    0.348025] default registered
[    0.348025] MPTCP: Stable release v0.96
[    0.348030] tcp_listen_portaddr_hash hash table entries: 1024 (order: 2, 16384 bytes, linear)
[    0.348109] TCP established hash table entries: 16384 (order: 5, 131072 bytes, linear)
[    0.348173] TCP bind hash table entries: 16384 (order: 6, 262144 bytes, linear)
[    0.348198] TCP: Hash tables configured (established 16384 bind 16384)
[    0.348908] UDP hash table entries: 1024 (order: 3, 32768 bytes, linear)
[    0.348919] UDP-Lite hash table entries: 1024 (order: 3, 32768 bytes, linear)
[    0.348953] NET: Registered protocol family 1
[    0.348961] NET: Registered protocol family 44
[    0.348980] pci 0000:00:00.0: Limiting direct PCI/PCI transfers
[    0.348993] pci 0000:00:01.0: Activating ISA DMA hang workarounds
[    0.349047] pci 0000:00:02.0: Video device with shadowed ROM at [mem 0x000c0000-0x000dffff]
[    0.349106] PCI: CLS 0 bytes, default 64
[    0.349152] Trying to unpack rootfs image as initramfs...
[    0.523446] Freeing initrd memory: 47868K
[    0.523446] clocksource: tsc: mask: 0xffffffffffffffff max_cycles: 0x1e4530a99b6, max_idle_ns: 440795257976 ns
[    0.523446] clocksource: Switched to clocksource tsc
[    0.523446] platform rtc_cmos: registered platform RTC device (no PNP device found)
[    0.523446] check: Scanning for low memory corruption every 60 seconds
[    0.523446] Initialise system trusted keyrings
[    0.523446] Key type blacklist registered
[    0.523446] workingset: timestamp_bits=36 max_order=19 bucket_order=0
[    0.523446] zbud: loaded
[    0.523446] squashfs: version 4.0 (2009/01/31) Phillip Lougher
[    0.523446] fuse: init (API version 7.31)
[    0.523446] *** VALIDATE fuse ***
[    0.523446] *** VALIDATE fuse ***
[    0.523446] Platform Keyring initialized
[    0.523446] Key type asymmetric registered
[    0.523446] Asymmetric key parser 'x509' registered
[    0.523446] Block layer SCSI generic (bsg) driver version 0.4 loaded (major 244)
[    0.523446] io scheduler mq-deadline registered
[    0.523446] shpchp: Standard Hot Plug PCI Controller Driver version: 0.4
[    0.532776] ACPI: AC Adapter [AC] (on-line)
[    0.532821] input: Power Button as /devices/LNXSYSTM:00/LNXPWRBN:00/input/input0
[    0.532848] ACPI: Power Button [PWRF]
[    0.532928] input: Sleep Button as /devices/LNXSYSTM:00/LNXSLPBN:00/input/input1
[    0.532943] ACPI: Sleep Button [SLPF]
[    0.533160] Serial: 8250/16550 driver, 32 ports, IRQ sharing enabled
[    0.534332] Linux agpgart interface v0.103
[    0.623126] loop: module loaded
[    0.623278] ata_piix 0000:00:01.1: version 2.13
[    0.623683] scsi host0: ata_piix
[    0.623771] scsi host1: ata_piix
[    0.623797] ata1: PATA max UDMA/33 cmd 0x1f0 ctl 0x3f6 bmdma 0xd000 irq 14
[    0.623798] ata2: PATA max UDMA/33 cmd 0x170 ctl 0x376 bmdma 0xd008 irq 15
[    0.623878] tun: Universal TUN/TAP device driver, 1.6
[    0.624183] PPP generic driver version 2.4.2
[    0.624225] VFIO - User Level meta-driver version: 0.3
[    0.624468] ehci_hcd: USB 2.0 'Enhanced' Host Controller (EHCI) Driver
[    0.624472] ehci-pci: EHCI PCI platform driver
[    0.624487] ehci-platform: EHCI generic platform driver
[    0.624493] ohci_hcd: USB 1.1 'Open' Host Controller (OHCI) Driver
[    0.624494] ohci-pci: OHCI PCI platform driver
[    0.624501] ohci-platform: OHCI generic platform driver
[    0.624505] uhci_hcd: USB Universal Host Controller Interface driver
[    0.624571] i8042: PNP: PS/2 Controller [PNP0303:PS2K,PNP0f03:PS2M] at 0x60,0x64 irq 1,12
[    0.625010] serio: i8042 KBD port at 0x60,0x64 irq 1
[    0.625014] serio: i8042 AUX port at 0x60,0x64 irq 12
[    0.625100] mousedev: PS/2 mouse device common for all mice
[    0.625372] input: AT Translated Set 2 keyboard as /devices/platform/i8042/serio0/input/input2
[    0.625804] rtc_cmos rtc_cmos: registered as rtc0
[    0.625820] rtc_cmos rtc_cmos: alarms up to one day, 114 bytes nvram
[    0.625828] i2c /dev entries driver
[    0.625879] device-mapper: uevent: version 1.0.3
[    0.625936] device-mapper: ioctl: 4.41.0-ioctl (2019-09-16) initialised: dm-devel@redhat.com
[    0.625954] platform eisa.0: Probing EISA bus 0
[    0.625955] platform eisa.0: EISA: Cannot allocate resource for mainboard
[    0.625957] platform eisa.0: Cannot allocate resource for EISA slot 1
[    0.625958] platform eisa.0: Cannot allocate resource for EISA slot 2
[    0.625959] platform eisa.0: Cannot allocate resource for EISA slot 3
[    0.625960] platform eisa.0: Cannot allocate resource for EISA slot 4
[    0.625961] platform eisa.0: Cannot allocate resource for EISA slot 5
[    0.625963] platform eisa.0: Cannot allocate resource for EISA slot 6
[    0.625964] platform eisa.0: Cannot allocate resource for EISA slot 7
[    0.625965] platform eisa.0: Cannot allocate resource for EISA slot 8
[    0.625967] platform eisa.0: EISA: Detected 0 cards
[    0.625970] intel_pstate: CPU model not supported
[    0.625982] ledtrig-cpu: registered to indicate activity on CPUs
[    0.626047] drop_monitor: Initializing network drop monitor service
[    0.626244] NET: Registered protocol family 10
[    0.631253] Segment Routing with IPv6
[    0.631253] fullmesh registered
[    0.631253] ndiffports registered
[    0.631253] binder registered
[    0.631253] roundrobin registered
[    0.631253] redundant registered
[    0.631253] blest registered
[    0.631253] ecf registered
[    0.631253] NET: Registered protocol family 17
[    0.631253] Key type dns_resolver registered
[    0.631253] RAS: Correctable Errors collector initialized.
[    0.631253] IPI shorthand broadcast: enabled
[    0.631253] sched_clock: Marking stable (616181844, 11071849)->(628863503, -1609810)
[    0.631915] registered taskstats version 1
[    0.631924] Loading compiled-in X.509 certificates
[    0.632532] Loaded X.509 cert 'Build time autogenerated kernel key: 6909f3744cebb3d0de528d5887b96a727de79b1e'
[    0.632550] zswap: loaded using pool lzo/zbud
[    0.632603] Key type ._fscrypt registered
[    0.632604] Key type .fscrypt registered
[    0.637109] Key type big_key registered
[    0.639286] Key type encrypted registered
[    0.639288] AppArmor: AppArmor sha1 policy hashing enabled
[    0.639295] ima: No TPM chip found, activating TPM-bypass!
[    0.639298] ima: Allocated hash algorithm: sha1
[    0.639303] ima: No architecture policies found
[    0.639312] evm: Initialising EVM extended attributes:
[    0.639313] evm: security.selinux
[    0.639314] evm: security.SMACK64
[    0.639314] evm: security.SMACK64EXEC
[    0.639315] evm: security.SMACK64TRANSMUTE
[    0.639315] evm: security.SMACK64MMAP
[    0.639316] evm: security.apparmor
[    0.639316] evm: security.ima
[    0.639317] evm: security.capability
[    0.639317] evm: HMAC attrs: 0x1
[    0.639606] PM:   Magic number: 10:865:438
[    0.639708] rtc_cmos rtc_cmos: setting system clock to 2026-01-11T16:25:37 UTC (1768148737)
[    0.796060] ata1.00: ATA-6: VBOX HARDDISK, 1.0, max UDMA/133
[    0.796064] ata1.00: 209715200 sectors, multi 128: LBA 
[    0.796700] scsi 0:0:0:0: Direct-Access     ATA      VBOX HARDDISK    1.0  PQ: 0 ANSI: 5
[    0.796978] sd 0:0:0:0: [sda] 209715200 512-byte logical blocks: (107 GB/100 GiB)
[    0.796990] sd 0:0:0:0: [sda] Write Protect is off
[    0.796993] sd 0:0:0:0: [sda] Mode Sense: 00 3a 00 00
[    0.797011] sd 0:0:0:0: [sda] Write cache: enabled, read cache: enabled, doesn't support DPO or FUA
[    0.797330] sd 0:0:0:0: Attached scsi generic sg0 type 0
[    0.797919]  sda: sda1 sda2
[    0.807278] sd 0:0:0:0: [sda] Attached SCSI disk
[    0.810413] Freeing unused decrypted memory: 2040K
[    0.811354] Freeing unused kernel image memory: 2728K
[    0.811357] Write protecting the kernel read-only data: 22528k
[    0.812334] Freeing unused kernel image memory: 2036K
[    0.812871] Freeing unused kernel image memory: 1432K
[    0.837753] x86/mm: Checked W+X mappings: passed, no W+X pages found.
[    0.837758] Run /init as init process
[    0.945043] ACPI: Video Device [GFX0] (multi-head: yes  rom: no  post: no)
[    0.945115] input: Video Bus as /devices/LNXSYSTM:00/LNXSYBUS:00/PNP0A03:00/LNXVIDEO:00/input/input4
[    0.960030] pcnet32: pcnet32.c:v1.35 21.Apr.2008 tsbogend@alpha.franken.de
[    0.961531] piix4_smbus 0000:00:07.0: SMBus Host Controller at 0x4100, revision 0
[    0.964207] e1000: Intel(R) PRO/1000 Network Driver - version 7.3.21-k8-NAPI
[    0.964207] e1000: Copyright (c) 1999-2006 Intel Corporation.
[    0.974014] pcnet32: PCnet/FAST III 79C973 at 0xd020, 08:00:27:95:ec:a2 assigned IRQ 19
[    0.974057] pcnet32: Found PHY 0022:561b at address 0
[    0.974354] pcnet32: eth0: registered as PCnet/FAST III 79C973
[    0.979241] pcnet32: 1 cards_found
[    1.029916] pcnet32 0000:00:03.0 enp0s3: renamed from eth0
[    1.180457] input: ImExPS/2 Generic Explorer Mouse as /devices/platform/i8042/serio1/input/input5
[    1.371338] e1000 0000:00:08.0 eth0: (PCI:33MHz:32-bit) 08:00:27:e3:82:67
[    1.371342] e1000 0000:00:08.0 eth0: Intel(R) PRO/1000 Network Connection
[    1.743639] e1000 0000:00:09.0 eth1: (PCI:33MHz:32-bit) 08:00:27:c9:d1:b4
[    1.743642] e1000 0000:00:09.0 eth1: Intel(R) PRO/1000 Network Connection
[    1.744764] e1000 0000:00:08.0 enp0s8: renamed from eth0
[    1.746538] e1000 0000:00:09.0 enp0s9: renamed from eth1
[    1.886570] EXT4-fs (sda2): mounted filesystem with ordered data mode. Opts: (null)
[    1.972773] systemd[1]: Inserted module 'autofs4'
[    1.982094] systemd[1]: systemd 245.4-4ubuntu3 running in system mode. (+PAM +AUDIT +SELINUX +IMA +APPARMOR +SMACK +SYSVINIT +UTMP +LIBCRYPTSETUP +GCRYPT +GNUTLS +ACL +XZ +LZ4 +SECCOMP +BLKID +ELFUTILS +KMOD +IDN2 -IDN +PCRE2 default-hierarchy=hybrid)
[    1.982124] systemd[1]: Detected virtualization oracle.
[    1.982127] systemd[1]: Detected architecture x86-64.
[    1.983488] systemd[1]: Set hostname to <ztg>.
[    2.109549] systemd[1]: /lib/systemd/system/dbus.socket:5: ListenStream= references a path below legacy directory /var/run/, updating /var/run/dbus/system_bus_socket â†’ /run/dbus/system_bus_socket; please update the unit file accordingly.
[    2.161953] systemd[1]: Created slice system-modprobe.slice.
[    2.162131] systemd[1]: Created slice User and Session Slice.
[    2.162173] systemd[1]: Started Forward Password Requests to Wall Directory Watch.
[    2.162330] systemd[1]: Set up automount Arbitrary Executable File Formats File System Automount Point.
[    2.162362] systemd[1]: Reached target User and Group Name Lookups.
[    2.162371] systemd[1]: Reached target Remote File Systems.
[    2.162379] systemd[1]: Reached target Slices.
[    2.162995] systemd[1]: Listening on Syslog Socket.
[    2.163064] systemd[1]: Listening on fsck to fsckd communication Socket.
[    2.163101] systemd[1]: Listening on initctl Compatibility Named Pipe.
[    2.163291] systemd[1]: Listening on Journal Audit Socket.
[    2.163344] systemd[1]: Listening on Journal Socket (/dev/log).
[    2.163410] systemd[1]: Listening on Journal Socket.
[    2.163472] systemd[1]: Listening on udev Control Socket.
[    2.163510] systemd[1]: Listening on udev Kernel Socket.
[    2.164204] systemd[1]: Mounting Huge Pages File System...
[    2.165087] systemd[1]: Mounting POSIX Message Queue File System...
[    2.165960] systemd[1]: Mounting Kernel Debug File System...
[    2.166781] systemd[1]: Mounting Kernel Trace File System...
[    2.168647] systemd[1]: Starting Journal Service...
[    2.193740] systemd[1]: Starting Set the console keyboard layout...
[    2.201602] systemd[1]: Starting Create list of static device nodes for the current kernel...
[    2.203617] systemd[1]: Starting Load Kernel Module drm...
[    2.212463] systemd[1]: Condition check resulted in Set Up Additional Binary Formats being skipped.
[    2.212489] systemd[1]: Condition check resulted in File System Check on Root Device being skipped.
[    2.215241] systemd[1]: Starting Load Kernel Modules...
[    2.223067] systemd[1]: Starting Remount Root and Kernel File Systems...
[    2.232756] systemd[1]: Starting udev Coldplug all Devices...
[    2.243695] systemd[1]: Starting Uncomplicated firewall...
[    2.244773] systemd[1]: Mounted Huge Pages File System.
[    2.244855] systemd[1]: Mounted POSIX Message Queue File System.
[    2.244922] systemd[1]: Mounted Kernel Debug File System.
[    2.244987] systemd[1]: Mounted Kernel Trace File System.
[    2.250782] EXT4-fs (sda2): re-mounted. Opts: errors=remount-ro
[    2.252394] systemd[1]: Finished Create list of static device nodes for the current kernel.
[    2.253384] systemd[1]: modprobe@drm.service: Succeeded.
[    2.268610] systemd[1]: Finished Load Kernel Module drm.
[    2.268956] systemd[1]: Finished Remount Root and Kernel File Systems.
[    2.269283] systemd[1]: Finished Uncomplicated firewall.
[    2.275399] systemd[1]: Condition check resulted in Rebuild Hardware Database being skipped.
[    2.275430] systemd[1]: Condition check resulted in Platform Persistent Storage Archival being skipped.
[    2.293971] systemd[1]: Starting Load/Save Random Seed...
[    2.298825] systemd[1]: Starting Create System Users...
[    2.304427] lp: driver loaded but no devices found
[    2.314493] systemd[1]: Finished Load/Save Random Seed.
[    2.329282] systemd[1]: Finished Create System Users.
[    2.330004] systemd[1]: Starting Create Static Device Nodes in /dev...
[    2.335009] ppdev: user-space parallel port driver
[    2.353000] systemd[1]: Finished Create Static Device Nodes in /dev.
[    2.353752] systemd[1]: Starting udev Kernel Device Manager...
[    2.386274] systemd[1]: Finished udev Coldplug all Devices.
[    2.405819] [drm] DMA map mode: Caching DMA mappings.
[    2.405881] [drm] Capabilities:
[    2.405882] [drm]   Rect copy.
[    2.405882] [drm]   Cursor.
[    2.405882] [drm]   Cursor bypass.
[    2.405883] [drm]   Cursor bypass 2.
[    2.405883] [drm]   Alpha cursor.
[    2.405884] [drm]   Extended Fifo.
[    2.405884] [drm]   Pitchlock.
[    2.405884] [drm]   Irq mask.
[    2.405885] [drm]   GMR.
[    2.405885] [drm]   Traces.
[    2.405885] [drm]   GMR2.
[    2.405886] [drm]   Screen Object 2.
[    2.405886] [drm]   Command Buffers.
[    2.405887] [drm]   Command Buffers 2.
[    2.405887] [drm]   Guest Backed Resources.
[    2.405888] [drm] Max GMR ids is 8192
[    2.405888] [drm] Max number of GMR pages is 1048576
[    2.405889] [drm] Max dedicated hypervisor surface memory is 393216 kiB
[    2.405889] [drm] Maximum display memory size is 131072 kiB
[    2.405890] [drm] VRAM at 0xe0000000 size is 131072 kiB
[    2.405891] [drm] MMIO at 0xf0000000 size is 2048 kiB
[    2.407351] [TTM] Zone  kernel: Available graphics memory: 1011738 KiB
[    2.407352] [TTM] Initializing pool allocator
[    2.407355] [TTM] Initializing DMA pool allocator
[    2.407382] [drm] Supports vblank timestamp caching Rev 2 (21.10.2013).
[    2.407383] [drm] No driver support for vblank timestamp query.
[    2.407607] [drm] Screen Target Display device initialized
[    2.407825] [drm] width 720
[    2.407834] [drm] height 400
[    2.407838] [drm] bpp 32
[    2.408352] [drm] Fifo max 0x00200000 min 0x00001000 cap 0x00000355
[    2.409415] [drm] Using command buffers with DMA pool.
[    2.409419] [drm] DX: no.
[    2.409420] [drm] Atomic: yes.
[    2.409420] [drm] SM4_1: no.
[    2.409441] [drm:vmw_host_log [vmwgfx]] *ERROR* Failed to send host log message.
[    2.410340] [drm:vmw_host_log [vmwgfx]] *ERROR* Failed to send host log message.
[    2.427835] fbcon: svgadrmfb (fb0) is primary device
[    2.429960] Console: switching to colour frame buffer device 100x37
[    2.437786] [drm] Initialized vmwgfx 2.15.0 20180704 for 0000:00:02.0 on minor 0
[    2.439727] systemd[1]: Finished Load Kernel Modules.
[    2.440604] systemd[1]: Mounting FUSE Control File System...
[    2.441782] systemd[1]: Mounting Kernel Configuration File System...
[    2.450281] systemd[1]: Starting Apply Kernel Variables...
[    2.486212] systemd[1]: Mounted FUSE Control File System.
[    2.486321] systemd[1]: Condition check resulted in VMware vmblock fuse mount being skipped.
[    2.489360] systemd[1]: Mounted Kernel Configuration File System.
[    2.497493] systemd[1]: Finished Set the console keyboard layout.
[    2.497581] systemd[1]: Reached target Local File Systems (Pre).
[    2.500067] systemd[1]: Mounting Mount unit for bare, revision 5...
[    2.502168] systemd[1]: Mounting Mount unit for core18, revision 1705...
[    2.512360] systemd[1]: Mounting Mount unit for gnome-3-34-1804, revision 24...
[    2.517627] systemd[1]: Mounting Mount unit for gtk-common-themes, revision 1506...
[    2.544286] systemd[1]: Mounting Mount unit for gtk-common-themes, revision 1535...
[    2.549106] systemd[1]: Mounting Mount unit for snap-store, revision 433...
[    2.555740] systemd[1]: Mounting Mount unit for snapd, revision 7264...
[    2.565880] systemd[1]: Finished Apply Kernel Variables.
[    2.567262] systemd[1]: Mounted Mount unit for bare, revision 5.
[    2.577166] systemd[1]: Mounted Mount unit for gnome-3-34-1804, revision 24.
[    2.579427] systemd[1]: Started udev Kernel Device Manager.
[    2.580074] systemd[1]: Starting Show Plymouth Boot Screen...
[    2.584748] systemd[1]: Received SIGRTMIN+20 from PID 271 (plymouthd).
[    2.613762] systemd[1]: Mounted Mount unit for core18, revision 1705.
[    2.613916] systemd[1]: Mounted Mount unit for gtk-common-themes, revision 1506.
[    2.614025] systemd[1]: Started Show Plymouth Boot Screen.
[    2.614131] systemd[1]: Condition check resulted in Dispatch Password Requests to Console Directory Watch being skipped.
[    2.614226] systemd[1]: Started Forward Password Requests to Plymouth Directory Watch.
[    2.614255] systemd[1]: Reached target Local Encrypted Volumes.
[    2.651845] systemd[1]: Mounted Mount unit for gtk-common-themes, revision 1535.
[    2.700443] systemd[1]: Mounted Mount unit for snap-store, revision 433.
[    2.700681] systemd[1]: Mounted Mount unit for snapd, revision 7264.
[    2.700834] systemd[1]: Reached target Local File Systems.
[    2.701693] systemd[1]: Starting Load AppArmor profiles...
[    2.703977] systemd[1]: Starting Set console font and keymap...
[    2.718822] systemd[1]: Starting Tell Plymouth To Write Out Runtime Data...
[    2.718952] systemd[1]: Condition check resulted in Store a System Token in an EFI Variable being skipped.
[    2.718994] systemd[1]: Condition check resulted in Commit a transient machine-id on disk being skipped.
[    2.721410] systemd[1]: Finished Set console font and keymap.
[    2.734790] systemd[1]: plymouth-read-write.service: Succeeded.
[    2.736289] systemd[1]: Finished Tell Plymouth To Write Out Runtime Data.
[    2.736464] systemd[1]: Received SIGRTMIN+20 from PID 271 (plymouthd).
[    2.776962] audit: type=1400 audit(1768148739.636:2): apparmor="STATUS" operation="profile_load" profile="unconfined" name="nvidia_modprobe" pid=301 comm="apparmor_parser"
[    2.776964] audit: type=1400 audit(1768148739.636:3): apparmor="STATUS" operation="profile_load" profile="unconfined" name="nvidia_modprobe//kmod" pid=301 comm="apparmor_parser"
[    2.783616] audit: type=1400 audit(1768148739.640:4): apparmor="STATUS" operation="profile_load" profile="unconfined" name="/usr/sbin/tcpdump" pid=302 comm="apparmor_parser"
[    2.811144] audit: type=1400 audit(1768148739.660:5): apparmor="STATUS" operation="profile_load" profile="unconfined" name="/usr/bin/evince" pid=304 comm="apparmor_parser"
[    2.811146] audit: type=1400 audit(1768148739.660:6): apparmor="STATUS" operation="profile_load" profile="unconfined" name="/usr/bin/evince//sanitized_helper" pid=304 comm="apparmor_parser"
[    2.811147] audit: type=1400 audit(1768148739.660:7): apparmor="STATUS" operation="profile_load" profile="unconfined" name="/usr/bin/evince-previewer" pid=304 comm="apparmor_parser"
[    2.811149] audit: type=1400 audit(1768148739.660:8): apparmor="STATUS" operation="profile_load" profile="unconfined" name="/usr/bin/evince-previewer//sanitized_helper" pid=304 comm="apparmor_parser"
[    2.811152] audit: type=1400 audit(1768148739.660:9): apparmor="STATUS" operation="profile_load" profile="unconfined" name="/usr/bin/evince-thumbnailer" pid=304 comm="apparmor_parser"
[    2.842982] audit: type=1400 audit(1768148739.696:10): apparmor="STATUS" operation="profile_load" profile="unconfined" name="/usr/lib/cups/backend/cups-pdf" pid=305 comm="apparmor_parser"
[    2.919563] systemd[1]: Finished Load AppArmor profiles.
[    2.920495] systemd[1]: Starting Load AppArmor profiles managed internally by snapd...
[    2.987445] systemd[1]: Finished Load AppArmor profiles managed internally by snapd.
[    3.163343] systemd[1]: Started Journal Service.
[    3.171574] systemd-journald[229]: Received client request to flush runtime journal.
[    3.176240] systemd-journald[229]: File /var/log/journal/c455b248004a419c87ce85eea238d727/system.journal corrupted or uncleanly shut down, renaming and replacing.
[    4.460845] RAPL PMU: API unit is 2^-32 Joules, 0 fixed counters, 10737418240 ms ovfl timer
[    4.545956] cryptd: max_cpu_qlen set to 1000
[    4.597153] AVX2 version of gcm_enc/dec engaged.
[    4.597155] AES CTR mode by8 optimization enabled
[    5.407002] Adding 1998844k swap on /dev/sda1.  Priority:-2 extents:1 across:1998844k FS
[    6.227465] kauditd_printk_skb: 30 callbacks suppressed
[    6.227467] audit: type=1400 audit(1768148743.084:41): apparmor="DENIED" operation="capable" profile="/usr/sbin/cups-browsed" pid=497 comm="cups-browsed" capability=23  capname="sys_nice"
[    7.552726] pcnet32 0000:00:03.0 enp0s3: link up, 100Mbps, full-duplex
[    7.590363] e1000: enp0s8 NIC Link is Up 1000 Mbps Full Duplex, Flow Control: RX
[    7.590640] IPv6: ADDRCONF(NETDEV_CHANGE): enp0s8: link becomes ready
[    7.602542] e1000: enp0s9 NIC Link is Up 1000 Mbps Full Duplex, Flow Control: RX
[    7.603265] IPv6: ADDRCONF(NETDEV_CHANGE): enp0s9: link becomes ready
[    8.141224] device enp0s3 entered promiscuous mode
[    8.180757] audit: type=1400 audit(1768148745.040:42): apparmor="DENIED" operation="open" profile="/usr/sbin/tcpdump" name="/proc/sys/kernel/random/boot_id" pid=668 comm="tcpdump" requested_mask="r" denied_mask="r" fsuid=0 ouid=0
[    8.181158] audit: type=1400 audit(1768148745.040:43): apparmor="DENIED" operation="open" profile="/usr/sbin/tcpdump" name="/proc/sys/kernel/random/boot_id" pid=668 comm="tcpdump" requested_mask="r" denied_mask="r" fsuid=0 ouid=0
[    8.181367] audit: type=1400 audit(1768148745.040:44): apparmor="DENIED" operation="open" profile="/usr/sbin/tcpdump" name="/proc/sys/kernel/random/boot_id" pid=668 comm="tcpdump" requested_mask="r" denied_mask="r" fsuid=0 ouid=0
[    8.181387] audit: type=1400 audit(1768148745.040:45): apparmor="DENIED" operation="open" profile="/usr/sbin/tcpdump" name="/proc/sys/kernel/random/boot_id" pid=668 comm="tcpdump" requested_mask="r" denied_mask="r" fsuid=0 ouid=0
[    8.184370] audit: type=1400 audit(1768148745.040:46): apparmor="DENIED" operation="open" profile="/usr/sbin/tcpdump" name="/proc/sys/kernel/random/boot_id" pid=669 comm="tcpdump" requested_mask="r" denied_mask="r" fsuid=0 ouid=0
[    8.184561] audit: type=1400 audit(1768148745.040:47): apparmor="DENIED" operation="open" profile="/usr/sbin/tcpdump" name="/proc/sys/kernel/random/boot_id" pid=669 comm="tcpdump" requested_mask="r" denied_mask="r" fsuid=0 ouid=0
[    8.184848] audit: type=1400 audit(1768148745.040:48): apparmor="DENIED" operation="open" profile="/usr/sbin/tcpdump" name="/proc/sys/kernel/random/boot_id" pid=669 comm="tcpdump" requested_mask="r" denied_mask="r" fsuid=0 ouid=0
[    8.186377] audit: type=1400 audit(1768148745.040:49): apparmor="DENIED" operation="open" profile="/usr/sbin/tcpdump" name="/proc/sys/kernel/random/boot_id" pid=669 comm="tcpdump" requested_mask="r" denied_mask="r" fsuid=0 ouid=0
[   12.814211] rfkill: input handler disabled
[  249.107232] AAAAA-TCP_FORW: name:enp0s3: saddr:100932208: daddr:33561200
[  249.253575] AAAAA-TCP_FORW: name:enp0s3: saddr:100932208: daddr:16783984
[  249.358153] AAAAA-TCP_FORW: name:enp0s3: saddr:100932208: daddr:16783984
[  249.506533] AAAAA-TCP_FORW: name:enp0s3: saddr:100932208: daddr:16783984
[  249.607730] AAAAA-TCP_FORW: name:enp0s3: saddr:100932208: daddr:16783984
[  249.670725] AAAAA-TCP_FORW: name:enp0s3: saddr:100932208: daddr:16783984
[  249.745173] AAAAA-TCP_FORW: name:enp0s3: saddr:100932208: daddr:33561200
[  249.844051] AAAAA-TCP_FORW: name:enp0s3: saddr:100932208: daddr:16783984
[  249.963002] AAAAA-TCP_FORW: name:enp0s3: saddr:100932208: daddr:16783984
[  250.102771] AAAAA-TCP_FORW: name:enp0s3: saddr:100932208: daddr:16783984
[  250.211589] AAAAA-TCP_FORW: name:enp0s3: saddr:100932208: daddr:16783984
[  250.304322] AAAAA-TCP_FORW: name:enp0s3: saddr:100932208: daddr:16783984
[  250.393997] AAAAA-TCP_FORW: name:enp0s3: saddr:100932208: daddr:16783984
[  250.477911] AAAAA-TCP_FORW: name:enp0s3: saddr:100932208: daddr:16783984
[  250.542847] AAAAA-TCP_FORW: name:enp0s3: saddr:100932208: daddr:16783984
[  250.667843] AAAAA-TCP_FORW: name:enp0s3: saddr:100932208: daddr:33561200
[  250.738059] AAAAA-TCP_FORW: name:enp0s3: saddr:100932208: daddr:16783984
[  250.880160] AAAAA-TCP_FORW: name:enp0s3: saddr:100932208: daddr:16783984
[  250.976710] AAAAA-TCP_FORW: name:enp0s3: saddr:100932208: daddr:16783984
[  251.050958] AAAAA-TCP_FORW: name:enp0s3: saddr:100932208: daddr:16783984
[  251.203557] AAAAA-TCP_FORW: name:enp0s3: saddr:100932208: daddr:16783984
[  251.290921] AAAAA-TCP_FORW: name:enp0s3: saddr:100932208: daddr:16783984
[  251.388342] AAAAA-TCP_FORW: name:enp0s3: saddr:100932208: daddr:16783984
[  251.527781] AAAAA-TCP_FORW: name:enp0s3: saddr:100932208: daddr:16783984
[  251.606499] AAAAA-TCP_FORW: name:enp0s3: saddr:100932208: daddr:33561200
[  251.687960] AAAAA-TCP_FORW: name:enp0s3: saddr:100932208: daddr:33561200
[  251.771204] AAAAA-TCP_FORW: name:enp0s3: saddr:100932208: daddr:33561200
[  251.837870] AAAAA-TCP_FORW: name:enp0s3: saddr:100932208: daddr:33561200
[  251.963051] AAAAA-TCP_FORW: name:enp0s3: saddr:100932208: daddr:33561200
[  252.187608] AAAAA-TCP_FORW: name:enp0s3: saddr:100932208: daddr:33561200
[  252.303897] AAAAA-TCP_FORW: name:enp0s3: saddr:100932208: daddr:33561200
[  252.536037] AAAAA-TCP_FORW: name:enp0s3: saddr:100932208: daddr:33561200
[  252.650370] AAAAA-TCP_FORW: name:enp0s3: saddr:100932208: daddr:33561200
[  252.750003] AAAAA-TCP_FORW: name:enp0s3: saddr:100932208: daddr:16783984
[  252.933797] AAAAA-TCP_FORW: name:enp0s3: saddr:100932208: daddr:16783984
[  253.012150] AAAAA-TCP_FORW: name:enp0s3: saddr:100932208: daddr:33561200
[  253.041354] AAAAA-TCP_FORW: name:enp0s3: saddr:100932208: daddr:33561200
[  253.125041] AAAAA-TCP_FORW: name:enp0s3: saddr:100932208: daddr:33561200
[  253.165052] AAAAA-TCP_FORW: name:enp0s3: saddr:100932208: daddr:16783984
[  253.243372] AAAAA-TCP_FORW: name:enp0s3: saddr:100932208: daddr:16783984
[  253.286914] AAAAA-TCP_FORW: name:enp0s3: saddr:100932208: daddr:16783984
[  253.403640] AAAAA-TCP_FORW: name:enp0s3: saddr:100932208: daddr:16783984
[  253.463227] AAAAA-TCP_FORW: name:enp0s3: saddr:100932208: daddr:33561200
[  253.550506] AAAAA-TCP_FORW: name:enp0s3: saddr:100932208: daddr:33561200
[  253.612154] AAAAA-TCP_FORW: name:enp0s3: saddr:100932208: daddr:16783984
[  253.673476] AAAAA-TCP_FORW: name:enp0s3: saddr:100932208: daddr:16783984
[  253.714838] AAAAA-TCP_FORW: name:enp0s3: saddr:100932208: daddr:33561200
[  253.774479] AAAAA-TCP_FORW: name:enp0s3: saddr:100932208: daddr:33561200
[  253.900951] AAAAA-TCP_FORW: name:enp0s3: saddr:100932208: daddr:33561200
[  254.102846] AAAAA-TCP_FORW: name:enp0s3: saddr:100932208: daddr:33561200
[  254.205558] AAAAA-TCP_FORW: name:enp0s3: saddr:100932208: daddr:16783984
[  254.298562] AAAAA-TCP_FORW: name:enp0s3: saddr:100932208: daddr:33561200
[  254.324319] AAAAA-TCP_FORW: name:enp0s3: saddr:100932208: daddr:33561200
[  254.422205] AAAAA-TCP_FORW: name:enp0s3: saddr:100932208: daddr:16783984
[  254.537757] AAAAA-TCP_FORW: name:enp0s3: saddr:100932208: daddr:16783984
[  254.572590] AAAAA-TCP_FORW: name:enp0s3: saddr:100932208: daddr:16783984
[  254.627407] AAAAA-TCP_FORW: name:enp0s3: saddr:100932208: daddr:16783984
[  254.695040] AAAAA-TCP_FORW: name:enp0s3: saddr:100932208: daddr:16783984
[  254.770779] AAAAA-TCP_FORW: name:enp0s3: saddr:100932208: daddr:16783984
[  254.803628] AAAAA-TCP_FORW: name:enp0s3: saddr:100932208: daddr:16783984
[  271.067425] AAAAA-TCP_FORW: name:enp0s3: saddr:100932208: daddr:16783984
[  271.141205] AAAAA-TCP_FORW: name:enp0s3: saddr:100932208: daddr:16783984
[  271.255839] AAAAA-TCP_FORW: name:enp0s3: saddr:100932208: daddr:16783984
[  271.328363] AAAAA-TCP_FORW: name:enp0s3: saddr:100932208: daddr:16783984
[  271.502164] AAAAA-TCP_FORW: name:enp0s3: saddr:100932208: daddr:16783984
[  271.577810] AAAAA-TCP_FORW: name:enp0s3: saddr:100932208: daddr:16783984
[  271.686529] AAAAA-TCP_FORW: name:enp0s3: saddr:100932208: daddr:16783984
[  271.795132] AAAAA-TCP_FORW: name:enp0s3: saddr:100932208: daddr:16783984
[  271.967486] AAAAA-TCP_FORW: name:enp0s3: saddr:100932208: daddr:16783984
[  272.046833] AAAAA-TCP_FORW: name:enp0s3: saddr:100932208: daddr:16783984
[  272.158017] AAAAA-TCP_FORW: name:enp0s3: saddr:100932208: daddr:16783984
[  272.184119] AAAAA-TCP_FORW: name:enp0s3: saddr:100932208: daddr:16783984
[  272.273252] AAAAA-TCP_FORW: name:enp0s3: saddr:100932208: daddr:16783984
[  272.371690] AAAAA-TCP_FORW: name:enp0s3: saddr:100932208: daddr:16783984
[  272.498411] AAAAA-TCP_FORW: name:enp0s3: saddr:100932208: daddr:16783984
[  272.664807] AAAAA-TCP_FORW: name:enp0s3: saddr:100932208: daddr:16783984
[  272.746978] AAAAA-TCP_FORW: name:enp0s3: saddr:100932208: daddr:33561200
[  272.832503] AAAAA-TCP_FORW: name:enp0s3: saddr:100932208: daddr:33561200
[  272.870330] AAAAA-TCP_FORW: name:enp0s3: saddr:100932208: daddr:33561200
[  273.072937] AAAAA-TCP_FORW: name:enp0s3: saddr:100932208: daddr:33561200
[  273.179159] AAAAA-TCP_FORW: name:enp0s3: saddr:100932208: daddr:33561200
[  273.255585] AAAAA-TCP_FORW: name:enp0s3: saddr:100932208: daddr:33561200
[  273.374665] AAAAA-TCP_FORW: name:enp0s3: saddr:100932208: daddr:33561200
[  273.505774] AAAAA-TCP_FORW: name:enp0s3: saddr:100932208: daddr:33561200
[  273.593207] AAAAA-TCP_FORW: name:enp0s3: saddr:100932208: daddr:33561200
[  273.709338] AAAAA-TCP_FORW: name:enp0s3: saddr:100932208: daddr:33561200
[  273.789259] AAAAA-TCP_FORW: name:enp0s3: saddr:100932208: daddr:33561200
[  273.868020] AAAAA-TCP_FORW: name:enp0s3: saddr:100932208: daddr:33561200
[  273.949620] AAAAA-TCP_FORW: name:enp0s3: saddr:100932208: daddr:33561200
[  275.089450] AAAAA-TCP_FORW: name:enp0s3: saddr:100932208: daddr:16783984
[  275.231849] AAAAA-TCP_FORW: name:enp0s3: saddr:100932208: daddr:16783984
[  275.410192] AAAAA-TCP_FORW: name:enp0s3: saddr:100932208: daddr:16783984
[  275.659845] AAAAA-TCP_FORW: name:enp0s3: saddr:100932208: daddr:16783984
[  275.781263] AAAAA-TCP_FORW: name:enp0s3: saddr:100932208: daddr:16783984
[  276.126493] AAAAA-TCP_FORW: name:enp0s3: saddr:100932208: daddr:16783984
[  276.266114] AAAAA-TCP_FORW: name:enp0s3: saddr:100932208: daddr:16783984
[  276.480793] AAAAA-TCP_FORW: name:enp0s3: saddr:100932208: daddr:16783984
[  276.932795] AAAAA-TCP_FORW: name:enp0s3: saddr:100932208: daddr:16783984
[  277.506385] AAAAA-TCP_FORW: name:enp0s3: saddr:100932208: daddr:16783984
[  277.570584] AAAAA-TCP_FORW: name:enp0s3: saddr:100932208: daddr:16783984
[  278.165916] AAAAA-TCP_FORW: name:enp0s3: saddr:100932208: daddr:16783984
[  278.568806] AAAAA-TCP_FORW: name:enp0s3: saddr:100932208: daddr:33561200
[  278.723999] AAAAA-TCP_FORW: name:enp0s3: saddr:100932208: daddr:33561200
[  278.726942] AAAAA-TCP_FORW: name:enp0s3: saddr:100932208: daddr:33561200
[  278.904667] AAAAA-TCP_FORW: name:enp0s3: saddr:100932208: daddr:33561200
[  279.005975] AAAAA-TCP_FORW: name:enp0s3: saddr:100932208: daddr:33561200
[  279.325589] AAAAA-TCP_FORW: name:enp0s3: saddr:100932208: daddr:33561200
[  279.830364] AAAAA-TCP_FORW: name:enp0s3: saddr:100932208: daddr:33561200
[  279.914696] AAAAA-TCP_FORW: name:enp0s3: saddr:100932208: daddr:33561200
[  279.988470] AAAAA-TCP_FORW: name:enp0s3: saddr:100932208: daddr:33561200
[  280.210719] AAAAA-TCP_FORW: name:enp0s3: saddr:100932208: daddr:33561200
[  280.381780] AAAAA-TCP_FORW: name:enp0s3: saddr:100932208: daddr:16783984
[  280.397875] AAAAA-TCP_FORW: name:enp0s3: saddr:100932208: daddr:33561200
[  280.669803] AAAAA-TCP_FORW: name:enp0s3: saddr:100932208: daddr:33561200
[  280.827127] AAAAA-TCP_FORW: name:enp0s3: saddr:100932208: daddr:33561200
[  280.886265] AAAAA-TCP_FORW: name:enp0s3: saddr:100932208: daddr:33561200
[  280.921546] AAAAA-TCP_FORW: name:enp0s3: saddr:100932208: daddr:33561200
[  281.076738] AAAAA-TCP_FORW: name:enp0s3: saddr:100932208: daddr:16783984
[  281.092609] AAAAA-TCP_FORW: name:enp0s3: saddr:100932208: daddr:16783984
[  281.158427] AAAAA-TCP_FORW: name:enp0s3: saddr:100932208: daddr:16783984
[  281.180629] AAAAA-TCP_FORW: name:enp0s3: saddr:100932208: daddr:33561200
[  281.218740] AAAAA-TCP_FORW: name:enp0s3: saddr:100932208: daddr:16783984
[  281.272757] AAAAA-TCP_FORW: name:enp0s3: saddr:100932208: daddr:16783984
[  281.925383] AAAAA-TCP_FORW: name:enp0s3: saddr:100932208: daddr:33561200
[  282.194042] AAAAA-TCP_FORW: name:enp0s3: saddr:100932208: daddr:33561200
[  284.755392] AAAAA-TCP_FORW: name:enp0s3: saddr:100932208: daddr:33561200
[  285.058150] AAAAA-TCP_FORW: name:enp0s3: saddr:100932208: daddr:33561200
[  285.136953] AAAAA-TCP_FORW: name:enp0s3: saddr:100932208: daddr:33561200
[  285.578693] AAAAA-TCP_FORW: name:enp0s3: saddr:100932208: daddr:33561200
[  286.122190] AAAAA-TCP_FORW: name:enp0s3: saddr:100932208: daddr:33561200
[  286.450474] AAAAA-TCP_FORW: name:enp0s3: saddr:100932208: daddr:33561200
[  287.066477] AAAAA-TCP_FORW: name:enp0s3: saddr:100932208: daddr:33561200
[  287.177999] AAAAA-TCP_FORW: name:enp0s3: saddr:100932208: daddr:33561200
[  287.240145] AAAAA-TCP_FORW: name:enp0s3: saddr:100932208: daddr:16783984
[  287.331357] AAAAA-TCP_FORW: name:enp0s3: saddr:100932208: daddr:33561200
[  287.419534] AAAAA-TCP_FORW: name:enp0s3: saddr:100932208: daddr:33561200
[  287.422338] AAAAA-TCP_FORW: name:enp0s3: saddr:100932208: daddr:16783984
[  287.542041] AAAAA-TCP_FORW: name:enp0s3: saddr:100932208: daddr:16783984
[  287.735439] AAAAA-TCP_FORW: name:enp0s3: saddr:100932208: daddr:16783984
[  287.938476] AAAAA-TCP_FORW: name:enp0s3: saddr:100932208: daddr:33561200
[  288.008118] AAAAA-TCP_FORW: name:enp0s3: saddr:100932208: daddr:16783984
[  290.092760] AAAAA-TCP_FORW: name:enp0s3: saddr:100932208: daddr:33561200
[  290.162744] AAAAA-TCP_FORW: name:enp0s3: saddr:100932208: daddr:33561200
[  290.372954] AAAAA-TCP_FORW: name:enp0s3: saddr:100932208: daddr:33561200
[  301.069625] AAAAA-TCP_FORW: name:enp0s3: saddr:100932208: daddr:33561200
[  301.175966] AAAAA-TCP_FORW: name:enp0s3: saddr:100932208: daddr:33561200
[  301.248437] AAAAA-TCP_FORW: name:enp0s3: saddr:100932208: daddr:33561200
[  301.329304] AAAAA-TCP_FORW: name:enp0s3: saddr:100932208: daddr:33561200
[  301.389421] AAAAA-TCP_FORW: name:enp0s3: saddr:100932208: daddr:33561200
[  301.490187] AAAAA-TCP_FORW: name:enp0s3: saddr:100932208: daddr:33561200
[  301.597373] AAAAA-TCP_FORW: name:enp0s3: saddr:100932208: daddr:33561200
[  301.683241] AAAAA-TCP_FORW: name:enp0s3: saddr:100932208: daddr:33561200
[  301.754602] AAAAA-TCP_FORW: name:enp0s3: saddr:100932208: daddr:33561200
[  301.866213] AAAAA-TCP_FORW: name:enp0s3: saddr:100932208: daddr:33561200
[  301.940663] AAAAA-TCP_FORW: name:enp0s3: saddr:100932208: daddr:33561200
[  302.012110] AAAAA-TCP_FORW: name:enp0s3: saddr:100932208: daddr:33561200
[  302.106159] AAAAA-TCP_FORW: name:enp0s3: saddr:100932208: daddr:33561200
[  302.219910] AAAAA-TCP_FORW: name:enp0s3: saddr:100932208: daddr:33561200
[  302.325548] AAAAA-TCP_FORW: name:enp0s3: saddr:100932208: daddr:33561200
[  302.386412] AAAAA-TCP_FORW: name:enp0s3: saddr:100932208: daddr:33561200
[  302.476000] AAAAA-TCP_FORW: name:enp0s3: saddr:100932208: daddr:33561200
[  302.562565] AAAAA-TCP_FORW: name:enp0s3: saddr:100932208: daddr:33561200
[  302.667226] AAAAA-TCP_FORW: name:enp0s3: saddr:100932208: daddr:33561200
[  302.759111] AAAAA-TCP_FORW: name:enp0s3: saddr:100932208: daddr:33561200
[  302.828869] AAAAA-TCP_FORW: name:enp0s3: saddr:100932208: daddr:33561200
[  302.923428] AAAAA-TCP_FORW: name:enp0s3: saddr:100932208: daddr:16783984
[  303.027154] AAAAA-TCP_FORW: name:enp0s3: saddr:100932208: daddr:16783984
[  303.086036] AAAAA-TCP_FORW: name:enp0s3: saddr:100932208: daddr:16783984
[  303.150180] AAAAA-TCP_FORW: name:enp0s3: saddr:100932208: daddr:16783984
[  303.266144] AAAAA-TCP_FORW: name:enp0s3: saddr:100932208: daddr:16783984
[  303.340621] AAAAA-TCP_FORW: name:enp0s3: saddr:100932208: daddr:16783984
[  303.443453] AAAAA-TCP_FORW: name:enp0s3: saddr:100932208: daddr:16783984
[  303.533316] AAAAA-TCP_FORW: name:enp0s3: saddr:100932208: daddr:16783984
[  303.588330] AAAAA-TCP_FORW: name:enp0s3: saddr:100932208: daddr:16783984
[  303.696735] AAAAA-TCP_FORW: name:enp0s3: saddr:100932208: daddr:16783984
[  303.827197] AAAAA-TCP_FORW: name:enp0s3: saddr:100932208: daddr:16783984
[  303.897007] AAAAA-TCP_FORW: name:enp0s3: saddr:100932208: daddr:16783984
[  303.981557] AAAAA-TCP_FORW: name:enp0s3: saddr:100932208: daddr:16783984
[  304.031971] AAAAA-TCP_FORW: name:enp0s3: saddr:100932208: daddr:16783984
[  304.162838] AAAAA-TCP_FORW: name:enp0s3: saddr:100932208: daddr:16783984
[  304.256982] AAAAA-TCP_FORW: name:enp0s3: saddr:100932208: daddr:16783984
[  304.303789] AAAAA-TCP_FORW: name:enp0s3: saddr:100932208: daddr:16783984
[  304.415957] AAAAA-TCP_FORW: name:enp0s3: saddr:100932208: daddr:33561200
[  304.464157] AAAAA-TCP_FORW: name:enp0s3: saddr:100932208: daddr:33561200
[  304.585417] AAAAA-TCP_FORW: name:enp0s3: saddr:100932208: daddr:33561200
[  304.708560] AAAAA-TCP_FORW: name:enp0s3: saddr:100932208: daddr:33561200
[  304.830286] AAAAA-TCP_FORW: name:enp0s3: saddr:100932208: daddr:33561200
[  304.984076] AAAAA-TCP_FORW: name:enp0s3: saddr:100932208: daddr:33561200
[  305.091902] AAAAA-TCP_FORW: name:enp0s3: saddr:100932208: daddr:33561200
[  305.172935] AAAAA-TCP_FORW: name:enp0s3: saddr:100932208: daddr:33561200
[  305.176108] AAAAA-TCP_FORW: name:enp0s3: saddr:100932208: daddr:33561200
[  305.275843] AAAAA-TCP_FORW: name:enp0s3: saddr:100932208: daddr:33561200
[  305.326823] AAAAA-TCP_FORW: name:enp0s3: saddr:100932208: daddr:33561200
[  305.376623] AAAAA-TCP_FORW: name:enp0s3: saddr:100932208: daddr:33561200
[  305.454185] AAAAA-TCP_FORW: name:enp0s3: saddr:100932208: daddr:33561200
[  305.471486] AAAAA-TCP_FORW: name:enp0s3: saddr:100932208: daddr:33561200
[  305.603068] AAAAA-TCP_FORW: name:enp0s3: saddr:100932208: daddr:33561200
[  305.693745] AAAAA-TCP_FORW: name:enp0s3: saddr:100932208: daddr:33561200
[  305.696355] AAAAA-TCP_FORW: name:enp0s3: saddr:100932208: daddr:33561200
[  305.776646] AAAAA-TCP_FORW: name:enp0s3: saddr:100932208: daddr:33561200
[  305.785319] AAAAA-TCP_FORW: name:enp0s3: saddr:100932208: daddr:33561200
[  305.831367] AAAAA-TCP_FORW: name:enp0s3: saddr:100932208: daddr:33561200
[  305.878018] AAAAA-TCP_FORW: name:enp0s3: saddr:100932208: daddr:33561200
[  306.196507] AAAAA-TCP_FORW: name:enp0s3: saddr:100932208: daddr:33561200
[  306.289294] AAAAA-TCP_FORW: name:enp0s3: saddr:100932208: daddr:33561200
[  306.321415] AAAAA-TCP_FORW: name:enp0s3: saddr:100932208: daddr:33561200
[  306.462514] AAAAA-TCP_FORW: name:enp0s3: saddr:100932208: daddr:16783984
[  306.503981] AAAAA-TCP_FORW: name:enp0s3: saddr:100932208: daddr:16783984
[  306.643683] AAAAA-TCP_FORW: name:enp0s3: saddr:100932208: daddr:16783984
[  306.736606] AAAAA-TCP_FORW: name:enp0s3: saddr:100932208: daddr:16783984
[  306.787405] AAAAA-TCP_FORW: name:enp0s3: saddr:100932208: daddr:16783984
[  306.824660] AAAAA-TCP_FORW: name:enp0s3: saddr:100932208: daddr:16783984
[  306.984160] AAAAA-TCP_FORW: name:enp0s3: saddr:100932208: daddr:16783984
[  307.050350] AAAAA-TCP_FORW: name:enp0s3: saddr:100932208: daddr:16783984
[  307.126694] AAAAA-TCP_FORW: name:enp0s3: saddr:100932208: daddr:16783984
[  307.206421] AAAAA-TCP_FORW: name:enp0s3: saddr:100932208: daddr:16783984
[  307.295880] AAAAA-TCP_FORW: name:enp0s3: saddr:100932208: daddr:16783984
[  307.372181] AAAAA-TCP_FORW: name:enp0s3: saddr:100932208: daddr:16783984
[  307.445585] AAAAA-TCP_FORW: name:enp0s3: saddr:100932208: daddr:16783984
[  307.605381] AAAAA-TCP_FORW: name:enp0s3: saddr:100932208: daddr:16783984
[  307.696247] AAAAA-TCP_FORW: name:enp0s3: saddr:100932208: daddr:16783984
[  308.413502] AAAAA-TCP_FORW: name:enp0s3: saddr:100932208: daddr:33561200
[  308.581698] AAAAA-TCP_FORW: name:enp0s3: saddr:100932208: daddr:33561200
[  308.603789] AAAAA-TCP_FORW: name:enp0s3: saddr:33561200: daddr:100932208
[  308.743858] AAAAA-TCP_FORW: name:enp0s3: saddr:100932208: daddr:33561200
[  308.753294] AAAAA-TCP_FORW: name:enp0s3: saddr:33561200: daddr:100932208
[  308.824368] AAAAA-TCP_FORW: name:enp0s3: saddr:100932208: daddr:16783984
[  308.864899] AAAAA-TCP_FORW: name:enp0s3: saddr:100932208: daddr:16783984
[  308.890228] AAAAA-TCP_FORW: name:enp0s3: saddr:16783984: daddr:100932208
[  308.903102] AAAAA-TCP_FORW: name:enp0s3: saddr:100932208: daddr:16783984
[  308.942677] AAAAA-TCP_FORW: name:enp0s3: saddr:16783984: daddr:100932208
[  308.962629] AAAAA-TCP_FORW: name:enp0s3: saddr:100932208: daddr:16783984
[  309.032053] AAAAA-TCP_FORW: name:enp0s3: saddr:16783984: daddr:100932208
[  309.042143] AAAAA-TCP_FORW: name:enp0s3: saddr:100932208: daddr:16783984
[  309.101041] AAAAA-TCP_FORW: name:enp0s3: saddr:100932208: daddr:16783984
[  309.132868] AAAAA-TCP_FORW: name:enp0s3: saddr:16783984: daddr:100932208
[  309.163627] AAAAA-TCP_FORW: name:enp0s3: saddr:100932208: daddr:16783984
[  309.191351] AAAAA-TCP_FORW: name:enp0s3: saddr:100932208: daddr:16783984
[  309.213210] AAAAA-TCP_FORW: name:enp0s3: saddr:100932208: daddr:16783984
[  309.231691] AAAAA-TCP_FORW: name:enp0s3: saddr:16783984: daddr:100932208
[  309.258106] AAAAA-TCP_FORW: name:enp0s3: saddr:16783984: daddr:100932208
[  309.296143] AAAAA-TCP_FORW: name:enp0s3: saddr:100932208: daddr:16783984
[  309.319086] AAAAA-TCP_FORW: name:enp0s3: saddr:100932208: daddr:16783984
[  309.338590] AAAAA-TCP_FORW: name:enp0s3: saddr:16783984: daddr:100932208
[  309.405428] AAAAA-TCP_FORW: name:enp0s3: saddr:16783984: daddr:100932208
[  309.450922] AAAAA-TCP_FORW: name:enp0s3: saddr:16783984: daddr:100932208
[  309.540157] AAAAA-TCP_FORW: name:enp0s3: saddr:16783984: daddr:100932208
[  309.578840] AAAAA-TCP_FORW: name:enp0s3: saddr:16783984: daddr:100932208
[  309.612829] AAAAA-TCP_FORW: name:enp0s3: saddr:100932208: daddr:16783984
[  309.835236] AAAAA-TCP_FORW: name:enp0s3: saddr:16783984: daddr:100932208
[  334.801841] AAAAA-TCP_FORW: name:enp0s3: saddr:100932208: daddr:16783984
[  334.888252] AAAAA-TCP_FORW: name:enp0s3: saddr:16783984: daddr:100932208
[  334.925696] AAAAA-TCP_FORW: name:enp0s3: saddr:100932208: daddr:16783984
[  335.026664] AAAAA-TCP_FORW: name:enp0s3: saddr:100932208: daddr:16783984
[  335.081500] AAAAA-TCP_FORW: name:enp0s3: saddr:16783984: daddr:100932208
[  335.187005] AAAAA-TCP_FORW: name:enp0s3: saddr:100932208: daddr:16783984
[  335.226588] AAAAA-TCP_FORW: name:enp0s3: saddr:16783984: daddr:100932208
[  335.350358] AAAAA-TCP_FORW: name:enp0s3: saddr:100932208: daddr:16783984
[  335.390947] AAAAA-TCP_FORW: name:enp0s3: saddr:100932208: daddr:16783984
[  335.463926] AAAAA-TCP_FORW: name:enp0s3: saddr:16783984: daddr:100932208
[  335.559363] AAAAA-TCP_FORW: name:enp0s3: saddr:100932208: daddr:16783984
[  335.639140] AAAAA-TCP_FORW: name:enp0s3: saddr:100932208: daddr:16783984
[  335.750111] AAAAA-TCP_FORW: name:enp0s3: saddr:100932208: daddr:16783984
[  335.771167] AAAAA-TCP_FORW: name:enp0s3: saddr:16783984: daddr:100932208
[  335.851386] AAAAA-TCP_FORW: name:enp0s3: saddr:16783984: daddr:100932208
[  335.951069] AAAAA-TCP_FORW: name:enp0s3: saddr:100932208: daddr:16783984
[  336.031872] AAAAA-TCP_FORW: name:enp0s3: saddr:16783984: daddr:100932208
[  336.073044] AAAAA-TCP_FORW: name:enp0s3: saddr:100932208: daddr:16783984
[  336.144244] AAAAA-TCP_FORW: name:enp0s3: saddr:16783984: daddr:100932208
[  336.161354] AAAAA-TCP_FORW: name:enp0s3: saddr:100932208: daddr:16783984
[  336.213735] AAAAA-TCP_FORW: name:enp0s3: saddr:100932208: daddr:16783984
[  336.263673] AAAAA-TCP_FORW: name:enp0s3: saddr:16783984: daddr:100932208
[  336.370283] AAAAA-TCP_FORW: name:enp0s3: saddr:100932208: daddr:16783984
[  336.592845] AAAAA-TCP_FORW: name:enp0s3: saddr:16783984: daddr:100932208
[  336.639234] AAAAA-TCP_FORW: name:enp0s3: saddr:100932208: daddr:16783984
[  336.753481] AAAAA-TCP_FORW: name:enp0s3: saddr:100932208: daddr:16783984
[  336.775252] AAAAA-TCP_FORW: name:enp0s3: saddr:16783984: daddr:100932208
[  336.905484] AAAAA-TCP_FORW: name:enp0s3: saddr:16783984: daddr:100932208
[  337.000452] AAAAA-TCP_FORW: name:enp0s3: saddr:16783984: daddr:100932208
[  337.133473] AAAAA-TCP_FORW: name:enp0s3: saddr:16783984: daddr:100932208
[  337.449967] AAAAA-TCP_FORW: name:enp0s3: saddr:16783984: daddr:100932208
[  337.523878] AAAAA-TCP_FORW: name:enp0s3: saddr:16783984: daddr:100932208
[  337.652167] AAAAA-TCP_FORW: name:enp0s3: saddr:100932208: daddr:16783984
[  337.921154] AAAAA-TCP_FORW: name:enp0s3: saddr:100932208: daddr:16783984
[  338.067224] AAAAA-TCP_FORW: name:enp0s3: saddr:16783984: daddr:100932208
[  338.124070] AAAAA-TCP_FORW: name:enp0s3: saddr:16783984: daddr:100932208
[  338.419964] AAAAA-TCP_FORW: name:enp0s3: saddr:100932208: daddr:16783984
[  338.465009] AAAAA-TCP_FORW: name:enp0s3: saddr:16783984: daddr:100932208
[  338.585390] AAAAA-TCP_FORW: name:enp0s3: saddr:100932208: daddr:16783984
[  338.600330] AAAAA-TCP_FORW: name:enp0s3: saddr:16783984: daddr:100932208
[  338.894727] AAAAA-TCP_FORW: name:enp0s3: saddr:100932208: daddr:16783984
[  338.904569] AAAAA-TCP_FORW: name:enp0s3: saddr:16783984: daddr:100932208
[  339.053288] AAAAA-TCP_FORW: name:enp0s3: saddr:100932208: daddr:16783984
[  339.070688] AAAAA-TCP_FORW: name:enp0s3: saddr:16783984: daddr:100932208
[  339.299467] AAAAA-TCP_FORW: name:enp0s3: saddr:100932208: daddr:16783984
[  339.308215] AAAAA-TCP_FORW: name:enp0s3: saddr:16783984: daddr:100932208
[  339.364852] AAAAA-TCP_FORW: name:enp0s3: saddr:100932208: daddr:16783984
[  339.446240] AAAAA-TCP_FORW: name:enp0s3: saddr:16783984: daddr:100932208
[  339.525695] AAAAA-TCP_FORW: name:enp0s3: saddr:100932208: daddr:16783984
[  339.573582] AAAAA-TCP_FORW: name:enp0s3: saddr:16783984: daddr:100932208
[  339.606332] AAAAA-TCP_FORW: name:enp0s3: saddr:100932208: daddr:16783984
[  339.670832] AAAAA-TCP_FORW: name:enp0s3: saddr:100932208: daddr:16783984
[  339.691518] AAAAA-TCP_FORW: name:enp0s3: saddr:16783984: daddr:100932208
[  339.732452] AAAAA-TCP_FORW: name:enp0s3: saddr:100932208: daddr:16783984
[  339.774329] AAAAA-TCP_FORW: name:enp0s3: saddr:16783984: daddr:100932208
[  339.855523] AAAAA-TCP_FORW: name:enp0s3: saddr:16783984: daddr:100932208
[  339.940960] AAAAA-TCP_FORW: name:enp0s3: saddr:100932208: daddr:16783984
[  340.096767] AAAAA-TCP_FORW: name:enp0s3: saddr:100932208: daddr:16783984
[  340.123759] AAAAA-TCP_FORW: name:enp0s3: saddr:16783984: daddr:100932208
[  340.179065] AAAAA-TCP_FORW: name:enp0s3: saddr:16783984: daddr:100932208
[  340.255557] AAAAA-TCP_FORW: name:enp0s3: saddr:100932208: daddr:16783984
[  340.303585] AAAAA-TCP_FORW: name:enp0s3: saddr:16783984: daddr:100932208
[  340.379246] AAAAA-TCP_FORW: name:enp0s3: saddr:100932208: daddr:16783984
[  340.399296] AAAAA-TCP_FORW: name:enp0s3: saddr:100932208: daddr:16783984
[  340.415912] AAAAA-TCP_FORW: name:enp0s3: saddr:16783984: daddr:100932208
[  340.446520] AAAAA-TCP_FORW: name:enp0s3: saddr:100932208: daddr:16783984
[  340.515628] AAAAA-TCP_FORW: name:enp0s3: saddr:16783984: daddr:100932208
[  340.545964] AAAAA-TCP_FORW: name:enp0s3: saddr:100932208: daddr:16783984
[  340.585309] AAAAA-TCP_FORW: name:enp0s3: saddr:16783984: daddr:100932208
[  340.685602] AAAAA-TCP_FORW: name:enp0s3: saddr:16783984: daddr:100932208
[  340.733686] AAAAA-TCP_FORW: name:enp0s3: saddr:100932208: daddr:16783984
[  340.773143] AAAAA-TCP_FORW: name:enp0s3: saddr:100932208: daddr:16783984
[  340.858549] AAAAA-TCP_FORW: name:enp0s3: saddr:16783984: daddr:100932208
[  340.883169] AAAAA-TCP_FORW: name:enp0s3: saddr:100932208: daddr:16783984
[  340.917084] AAAAA-TCP_FORW: name:enp0s3: saddr:16783984: daddr:100932208
[  340.935459] AAAAA-TCP_FORW: name:enp0s3: saddr:100932208: daddr:16783984
[  341.008893] AAAAA-TCP_FORW: name:enp0s3: saddr:16783984: daddr:100932208
[  341.063876] AAAAA-TCP_FORW: name:enp0s3: saddr:100932208: daddr:16783984
[  341.082904] AAAAA-TCP_FORW: name:enp0s3: saddr:16783984: daddr:100932208
[  341.159028] AAAAA-TCP_FORW: name:enp0s3: saddr:100932208: daddr:16783984
[  341.223323] AAAAA-TCP_FORW: name:enp0s3: saddr:16783984: daddr:100932208
[  341.237191] AAAAA-TCP_FORW: name:enp0s3: saddr:100932208: daddr:16783984
[  341.317811] AAAAA-TCP_FORW: name:enp0s3: saddr:100932208: daddr:16783984
[  341.367527] AAAAA-TCP_FORW: name:enp0s3: saddr:100932208: daddr:16783984
[  341.403907] AAAAA-TCP_FORW: name:enp0s3: saddr:16783984: daddr:100932208
[  341.437124] AAAAA-TCP_FORW: name:enp0s3: saddr:100932208: daddr:16783984
[  341.485210] AAAAA-TCP_FORW: name:enp0s3: saddr:16783984: daddr:100932208
[  341.502558] AAAAA-TCP_FORW: name:enp0s3: saddr:100932208: daddr:16783984
[  341.524268] AAAAA-TCP_FORW: name:enp0s3: saddr:16783984: daddr:100932208
[  341.559265] AAAAA-TCP_FORW: name:enp0s3: saddr:16783984: daddr:100932208
[  341.627625] AAAAA-TCP_FORW: name:enp0s3: saddr:100932208: daddr:33561200
[  341.651752] AAAAA-TCP_FORW: name:enp0s3: saddr:16783984: daddr:100932208
[  341.727062] AAAAA-TCP_FORW: name:enp0s3: saddr:16783984: daddr:100932208
[  341.748229] AAAAA-TCP_FORW: name:enp0s3: saddr:100932208: daddr:16783984
[  341.812541] AAAAA-TCP_FORW: name:enp0s3: saddr:100932208: daddr:16783984
[  341.831687] AAAAA-TCP_FORW: name:enp0s3: saddr:33561200: daddr:100932208
[  341.848974] AAAAA-TCP_FORW: name:enp0s3: saddr:100932208: daddr:16783984
[  341.930464] AAAAA-TCP_FORW: name:enp0s3: saddr:100932208: daddr:16783984
[  341.962304] AAAAA-TCP_FORW: name:enp0s3: saddr:100932208: daddr:16783984
[  341.983741] AAAAA-TCP_FORW: name:enp0s3: saddr:16783984: daddr:100932208
[  342.001029] AAAAA-TCP_FORW: name:enp0s3: saddr:100932208: daddr:16783984
[  342.024282] AAAAA-TCP_FORW: name:enp0s3: saddr:16783984: daddr:100932208
[  342.095637] AAAAA-TCP_FORW: name:enp0s3: saddr:100932208: daddr:16783984
[  342.114226] AAAAA-TCP_FORW: name:enp0s3: saddr:100932208: daddr:16783984
[  342.131664] AAAAA-TCP_FORW: name:enp0s3: saddr:16783984: daddr:100932208
[  342.152546] AAAAA-TCP_FORW: name:enp0s3: saddr:100932208: daddr:16783984
[  342.178964] AAAAA-TCP_FORW: name:enp0s3: saddr:16783984: daddr:100932208
[  342.214503] AAAAA-TCP_FORW: name:enp0s3: saddr:16783984: daddr:100932208
[  342.286725] AAAAA-TCP_FORW: name:enp0s3: saddr:100932208: daddr:16783984
[  342.345203] AAAAA-TCP_FORW: name:enp0s3: saddr:16783984: daddr:100932208
[  342.449323] AAAAA-TCP_FORW: name:enp0s3: saddr:100932208: daddr:16783984
[  342.462464] AAAAA-TCP_FORW: name:enp0s3: saddr:16783984: daddr:100932208
[  342.573473] AAAAA-TCP_FORW: name:enp0s3: saddr:100932208: daddr:16783984
[  342.633045] AAAAA-TCP_FORW: name:enp0s3: saddr:16783984: daddr:100932208
[  342.680935] AAAAA-TCP_FORW: name:enp0s3: saddr:100932208: daddr:16783984
[  342.755267] AAAAA-TCP_FORW: name:enp0s3: saddr:16783984: daddr:100932208
[  342.772485] AAAAA-TCP_FORW: name:enp0s3: saddr:100932208: daddr:16783984
[  342.818027] AAAAA-TCP_FORW: name:enp0s3: saddr:100932208: daddr:16783984
[  342.880415] AAAAA-TCP_FORW: name:enp0s3: saddr:100932208: daddr:16783984
[  342.919045] AAAAA-TCP_FORW: name:enp0s3: saddr:16783984: daddr:100932208
[  342.935369] AAAAA-TCP_FORW: name:enp0s3: saddr:100932208: daddr:16783984
[  342.964364] AAAAA-TCP_FORW: name:enp0s3: saddr:100932208: daddr:16783984
[  343.002253] AAAAA-TCP_FORW: name:enp0s3: saddr:16783984: daddr:100932208
[  343.038292] AAAAA-TCP_FORW: name:enp0s3: saddr:100932208: daddr:16783984
[  343.079499] AAAAA-TCP_FORW: name:enp0s3: saddr:16783984: daddr:100932208
[  343.187819] AAAAA-TCP_FORW: name:enp0s3: saddr:16783984: daddr:100932208
[  343.228681] AAAAA-TCP_FORW: name:enp0s3: saddr:100932208: daddr:33561200
[  343.315861] AAAAA-TCP_FORW: name:enp0s3: saddr:100932208: daddr:16783984
[  343.371787] AAAAA-TCP_FORW: name:enp0s3: saddr:33561200: daddr:100932208
[  343.403836] AAAAA-TCP_FORW: name:enp0s3: saddr:16783984: daddr:100932208
[  343.430009] AAAAA-TCP_FORW: name:enp0s3: saddr:100932208: daddr:16783984
[  343.524400] AAAAA-TCP_FORW: name:enp0s3: saddr:16783984: daddr:100932208
[  343.552739] AAAAA-TCP_FORW: name:enp0s3: saddr:100932208: daddr:16783984
[  343.611899] AAAAA-TCP_FORW: name:enp0s3: saddr:100932208: daddr:16783984
[  343.630221] AAAAA-TCP_FORW: name:enp0s3: saddr:100932208: daddr:16783984
[  343.651473] AAAAA-TCP_FORW: name:enp0s3: saddr:16783984: daddr:100932208
[  343.696994] AAAAA-TCP_FORW: name:enp0s3: saddr:100932208: daddr:16783984
[  343.756284] AAAAA-TCP_FORW: name:enp0s3: saddr:16783984: daddr:100932208
[  343.809212] AAAAA-TCP_FORW: name:enp0s3: saddr:100932208: daddr:16783984
[  343.946314] AAAAA-TCP_FORW: name:enp0s3: saddr:16783984: daddr:100932208
[  344.005235] AAAAA-TCP_FORW: name:enp0s3: saddr:100932208: daddr:16783984
[  344.039158] AAAAA-TCP_FORW: name:enp0s3: saddr:100932208: daddr:16783984
[  344.048462] AAAAA-TCP_FORW: name:enp0s3: saddr:16783984: daddr:100932208
[  344.083117] AAAAA-TCP_FORW: name:enp0s3: saddr:100932208: daddr:16783984
[  344.212285] AAAAA-TCP_FORW: name:enp0s3: saddr:100932208: daddr:16783984
[  344.219753] AAAAA-TCP_FORW: name:enp0s3: saddr:16783984: daddr:100932208
[  344.268250] AAAAA-TCP_FORW: name:enp0s3: saddr:100932208: daddr:16783984
[  344.351761] AAAAA-TCP_FORW: name:enp0s3: saddr:100932208: daddr:16783984
[  344.359263] AAAAA-TCP_FORW: name:enp0s3: saddr:16783984: daddr:100932208
[  344.409552] AAAAA-TCP_FORW: name:enp0s3: saddr:100932208: daddr:16783984
[  344.435148] AAAAA-TCP_FORW: name:enp0s3: saddr:100932208: daddr:16783984
[  344.464234] AAAAA-TCP_FORW: name:enp0s3: saddr:16783984: daddr:100932208
[  344.518621] AAAAA-TCP_FORW: name:enp0s3: saddr:100932208: daddr:16783984
[  344.562060] AAAAA-TCP_FORW: name:enp0s3: saddr:100932208: daddr:16783984
[  344.580549] AAAAA-TCP_FORW: name:enp0s3: saddr:16783984: daddr:100932208
[  344.648586] AAAAA-TCP_FORW: name:enp0s3: saddr:100932208: daddr:16783984
[  344.681860] AAAAA-TCP_FORW: name:enp0s3: saddr:100932208: daddr:16783984
[  344.712202] AAAAA-TCP_FORW: name:enp0s3: saddr:16783984: daddr:100932208
[  344.815325] AAAAA-TCP_FORW: name:enp0s3: saddr:100932208: daddr:16783984
[  344.884809] AAAAA-TCP_FORW: name:enp0s3: saddr:100932208: daddr:33561200
[  344.891985] AAAAA-TCP_FORW: name:enp0s3: saddr:33561200: daddr:100932208
[  344.920800] AAAAA-TCP_FORW: name:enp0s3: saddr:100932208: daddr:33561200
[  344.931955] AAAAA-TCP_FORW: name:enp0s3: saddr:16783984: daddr:100932208
[  344.975021] AAAAA-TCP_FORW: name:enp0s3: saddr:100932208: daddr:16783984
[  345.010063] AAAAA-TCP_FORW: name:enp0s3: saddr:33561200: daddr:100932208
[  345.069815] AAAAA-TCP_FORW: name:enp0s3: saddr:100932208: daddr:16783984
[  345.156019] AAAAA-TCP_FORW: name:enp0s3: saddr:16783984: daddr:100932208
[  345.163751] AAAAA-TCP_FORW: name:enp0s3: saddr:100932208: daddr:16783984
[  345.222474] AAAAA-TCP_FORW: name:enp0s3: saddr:100932208: daddr:16783984
[  345.248798] AAAAA-TCP_FORW: name:enp0s3: saddr:100932208: daddr:16783984
[  345.306314] AAAAA-TCP_FORW: name:enp0s3: saddr:16783984: daddr:100932208
[  345.332429] AAAAA-TCP_FORW: name:enp0s3: saddr:100932208: daddr:16783984
[  345.358054] AAAAA-TCP_FORW: name:enp0s3: saddr:100932208: daddr:16783984
[  345.411047] AAAAA-TCP_FORW: name:enp0s3: saddr:16783984: daddr:100932208
[  345.427123] AAAAA-TCP_FORW: name:enp0s3: saddr:100932208: daddr:16783984
[  345.443971] AAAAA-TCP_FORW: name:enp0s3: saddr:100932208: daddr:16783984
[  345.474758] AAAAA-TCP_FORW: name:enp0s3: saddr:100932208: daddr:16783984
[  345.525834] AAAAA-TCP_FORW: name:enp0s3: saddr:16783984: daddr:100932208
[  345.577470] AAAAA-TCP_FORW: name:enp0s3: saddr:100932208: daddr:16783984
[  345.627319] AAAAA-TCP_FORW: name:enp0s3: saddr:16783984: daddr:100932208
[  345.807646] AAAAA-TCP_FORW: name:enp0s3: saddr:100932208: daddr:33561200
[  345.814815] AAAAA-TCP_FORW: name:enp0s3: saddr:33561200: daddr:100932208
[  345.838289] AAAAA-TCP_FORW: name:enp0s3: saddr:100932208: daddr:33561200
[  345.852613] AAAAA-TCP_FORW: name:enp0s3: saddr:16783984: daddr:100932208
[  345.869591] AAAAA-TCP_FORW: name:enp0s3: saddr:100932208: daddr:33561200
[  345.943157] AAAAA-TCP_FORW: name:enp0s3: saddr:100932208: daddr:33561200
[  345.960299] AAAAA-TCP_FORW: name:enp0s3: saddr:33561200: daddr:100932208
[  346.049594] AAAAA-TCP_FORW: name:enp0s3: saddr:33561200: daddr:100932208
[  346.118998] AAAAA-TCP_FORW: name:enp0s3: saddr:33561200: daddr:100932208
[  346.159677] AAAAA-TCP_FORW: name:enp0s3: saddr:100932208: daddr:33561200
[  346.191040] AAAAA-TCP_FORW: name:enp0s3: saddr:100932208: daddr:33561200
[  346.302573] AAAAA-TCP_FORW: name:enp0s3: saddr:33561200: daddr:100932208
[  346.400075] AAAAA-TCP_FORW: name:enp0s3: saddr:33561200: daddr:100932208
[  346.448130] AAAAA-TCP_FORW: name:enp0s3: saddr:100932208: daddr:33561200
[  346.471708] AAAAA-TCP_FORW: name:enp0s3: saddr:100932208: daddr:33561200
[  346.563102] AAAAA-TCP_FORW: name:enp0s3: saddr:100932208: daddr:33561200
[  346.580969] AAAAA-TCP_FORW: name:enp0s3: saddr:100932208: daddr:33561200
[  346.593604] AAAAA-TCP_FORW: name:enp0s3: saddr:33561200: daddr:100932208
[  346.618178] AAAAA-TCP_FORW: name:enp0s3: saddr:100932208: daddr:33561200
[  346.638125] AAAAA-TCP_FORW: name:enp0s3: saddr:33561200: daddr:100932208
[  346.676602] AAAAA-TCP_FORW: name:enp0s3: saddr:33561200: daddr:100932208
[  346.694251] AAAAA-TCP_FORW: name:enp0s3: saddr:100932208: daddr:33561200
[  346.715172] AAAAA-TCP_FORW: name:enp0s3: saddr:33561200: daddr:100932208
[  346.767316] AAAAA-TCP_FORW: name:enp0s3: saddr:33561200: daddr:100932208
[  346.868841] AAAAA-TCP_FORW: name:enp0s3: saddr:33561200: daddr:100932208
[  367.711239] AAAAA-TCP_FORW: name:enp0s3: saddr:100932208: daddr:16783984
[  367.823497] AAAAA-TCP_FORW: name:enp0s3: saddr:100932208: daddr:16783984
[  367.991240] AAAAA-TCP_FORW: name:enp0s3: saddr:100932208: daddr:33561200
[  368.026384] AAAAA-TCP_FORW: name:enp0s3: saddr:100932208: daddr:33561200
[  368.091672] AAAAA-TCP_FORW: name:enp0s3: saddr:100932208: daddr:33561200
[  368.143908] AAAAA-TCP_FORW: name:enp0s3: saddr:100932208: daddr:33561200
[  368.242859] AAAAA-TCP_FORW: name:enp0s3: saddr:100932208: daddr:33561200
[  368.369115] AAAAA-TCP_FORW: name:enp0s3: saddr:100932208: daddr:33561200
[  368.432114] AAAAA-TCP_FORW: name:enp0s3: saddr:100932208: daddr:33561200
[  368.478717] AAAAA-TCP_FORW: name:enp0s3: saddr:100932208: daddr:33561200
[  368.663248] AAAAA-TCP_FORW: name:enp0s3: saddr:100932208: daddr:33561200
[  368.802784] AAAAA-TCP_FORW: name:enp0s3: saddr:100932208: daddr:33561200
[  368.856803] AAAAA-TCP_FORW: name:enp0s3: saddr:100932208: daddr:33561200
[  369.370368] AAAAA-TCP_FORW: name:enp0s3: saddr:100932208: daddr:16783984
[  369.415663] AAAAA-TCP_FORW: name:enp0s3: saddr:100932208: daddr:16783984
[  369.745256] AAAAA-TCP_FORW: name:enp0s3: saddr:100932208: daddr:16783984
[  369.806182] AAAAA-TCP_FORW: name:enp0s3: saddr:100932208: daddr:16783984
[  369.846242] AAAAA-TCP_FORW: name:enp0s3: saddr:100932208: daddr:16783984
[  370.034710] AAAAA-TCP_FORW: name:enp0s3: saddr:100932208: daddr:16783984
[  370.267070] AAAAA-TCP_FORW: name:enp0s3: saddr:100932208: daddr:16783984
[  370.389653] AAAAA-TCP_FORW: name:enp0s3: saddr:100932208: daddr:16783984
[  370.570274] AAAAA-TCP_FORW: name:enp0s3: saddr:100932208: daddr:16783984
[  370.759532] AAAAA-TCP_FORW: name:enp0s3: saddr:100932208: daddr:16783984
[  370.885976] AAAAA-TCP_FORW: name:enp0s3: saddr:100932208: daddr:16783984
[  371.064282] AAAAA-TCP_FORW: name:enp0s3: saddr:100932208: daddr:33561200
[  371.147071] AAAAA-TCP_FORW: name:enp0s3: saddr:100932208: daddr:16783984
[  371.282620] AAAAA-TCP_FORW: name:enp0s3: saddr:100932208: daddr:16783984
[  371.400318] AAAAA-TCP_FORW: name:enp0s3: saddr:100932208: daddr:16783984
[  371.494793] AAAAA-TCP_FORW: name:enp0s3: saddr:100932208: daddr:16783984
[  371.653730] AAAAA-TCP_FORW: name:enp0s3: saddr:100932208: daddr:33561200
[  371.754878] AAAAA-TCP_FORW: name:enp0s3: saddr:100932208: daddr:33561200
[  371.884879] AAAAA-TCP_FORW: name:enp0s3: saddr:100932208: daddr:33561200
[  372.021420] AAAAA-TCP_FORW: name:enp0s3: saddr:100932208: daddr:33561200
[  372.138287] AAAAA-TCP_FORW: name:enp0s3: saddr:100932208: daddr:33561200
[  372.358787] AAAAA-TCP_FORW: name:enp0s3: saddr:100932208: daddr:33561200
[  372.481035] AAAAA-TCP_FORW: name:enp0s3: saddr:100932208: daddr:33561200
[  372.649034] AAAAA-TCP_FORW: name:enp0s3: saddr:100932208: daddr:16783984
[  372.844819] AAAAA-TCP_FORW: name:enp0s3: saddr:100932208: daddr:33561200
[  372.903878] AAAAA-TCP_FORW: name:enp0s3: saddr:100932208: daddr:16783984
[  373.081104] AAAAA-TCP_FORW: name:enp0s3: saddr:100932208: daddr:33561200
[  373.134545] AAAAA-TCP_FORW: name:enp0s3: saddr:100932208: daddr:33561200
[  373.241050] AAAAA-TCP_FORW: name:enp0s3: saddr:100932208: daddr:16783984
[  373.463689] AAAAA-TCP_FORW: name:enp0s3: saddr:100932208: daddr:16783984
[  373.719317] AAAAA-TCP_FORW: name:enp0s3: saddr:100932208: daddr:33561200
[  373.923123] AAAAA-TCP_FORW: name:enp0s3: saddr:100932208: daddr:33561200
[  373.988100] AAAAA-TCP_FORW: name:enp0s3: saddr:100932208: daddr:33561200
[  374.122244] AAAAA-TCP_FORW: name:enp0s3: saddr:100932208: daddr:16783984
[  374.216999] AAAAA-TCP_FORW: name:enp0s3: saddr:100932208: daddr:16783984
[  374.355460] AAAAA-TCP_FORW: name:enp0s3: saddr:100932208: daddr:33561200
[  374.444118] AAAAA-TCP_FORW: name:enp0s3: saddr:100932208: daddr:16783984
[  374.609462] AAAAA-TCP_FORW: name:enp0s3: saddr:100932208: daddr:33561200
[  374.673868] AAAAA-TCP_FORW: name:enp0s3: saddr:100932208: daddr:33561200
[  374.812391] AAAAA-TCP_FORW: name:enp0s3: saddr:100932208: daddr:33561200
[  374.975106] AAAAA-TCP_FORW: name:enp0s3: saddr:100932208: daddr:16783984
[  375.055446] AAAAA-TCP_FORW: name:enp0s3: saddr:100932208: daddr:16783984
[  375.143799] AAAAA-TCP_FORW: name:enp0s3: saddr:100932208: daddr:16783984
[  375.258422] AAAAA-TCP_FORW: name:enp0s3: saddr:100932208: daddr:16783984
[  375.334630] AAAAA-TCP_FORW: name:enp0s3: saddr:100932208: daddr:16783984
[  375.431423] AAAAA-TCP_FORW: name:enp0s3: saddr:100932208: daddr:33561200
[  375.560790] AAAAA-TCP_FORW: name:enp0s3: saddr:100932208: daddr:16783984
[  375.699916] AAAAA-TCP_FORW: name:enp0s3: saddr:100932208: daddr:16783984
[  375.752331] AAAAA-TCP_FORW: name:enp0s3: saddr:100932208: daddr:16783984
[  375.872117] AAAAA-TCP_FORW: name:enp0s3: saddr:100932208: daddr:16783984
[  375.911639] AAAAA-TCP_FORW: name:enp0s3: saddr:100932208: daddr:16783984
[  375.963666] AAAAA-TCP_FORW: name:enp0s3: saddr:100932208: daddr:16783984
[  375.966244] AAAAA-TCP_FORW: name:enp0s3: saddr:100932208: daddr:16783984
[  375.998476] AAAAA-TCP_FORW: name:enp0s3: saddr:100932208: daddr:16783984
[  376.075955] AAAAA-TCP_FORW: name:enp0s3: saddr:100932208: daddr:16783984
[  376.157516] AAAAA-TCP_FORW: name:enp0s3: saddr:100932208: daddr:16783984
[  376.208946] AAAAA-TCP_FORW: name:enp0s3: saddr:100932208: daddr:33561200
[  376.316708] AAAAA-TCP_FORW: name:enp0s3: saddr:100932208: daddr:16783984
[  376.459916] AAAAA-TCP_FORW: name:enp0s3: saddr:100932208: daddr:16783984
[  376.509176] AAAAA-TCP_FORW: name:enp0s3: saddr:100932208: daddr:16783984
[  376.576713] AAAAA-TCP_FORW: name:enp0s3: saddr:100932208: daddr:16783984
[  376.579262] AAAAA-TCP_FORW: name:enp0s3: saddr:100932208: daddr:33561200
[  376.653690] AAAAA-TCP_FORW: name:enp0s3: saddr:100932208: daddr:33561200
[  376.805500] AAAAA-TCP_FORW: name:enp0s3: saddr:100932208: daddr:33561200
[  376.831894] AAAAA-TCP_FORW: name:enp0s3: saddr:100932208: daddr:33561200
[  376.860285] AAAAA-TCP_FORW: name:enp0s3: saddr:100932208: daddr:33561200
[  376.939657] AAAAA-TCP_FORW: name:enp0s3: saddr:100932208: daddr:33561200
[  377.016113] AAAAA-TCP_FORW: name:enp0s3: saddr:100932208: daddr:33561200
[  377.227865] AAAAA-TCP_FORW: name:enp0s3: saddr:100932208: daddr:33561200
[  377.292028] AAAAA-TCP_FORW: name:enp0s3: saddr:100932208: daddr:16783984
[  377.399846] AAAAA-TCP_FORW: name:enp0s3: saddr:100932208: daddr:33561200
[  377.471934] AAAAA-TCP_FORW: name:enp0s3: saddr:100932208: daddr:33561200
[  377.544660] AAAAA-TCP_FORW: name:enp0s3: saddr:100932208: daddr:16783984
[  377.591385] AAAAA-TCP_FORW: name:enp0s3: saddr:100932208: daddr:16783984
[  377.722501] AAAAA-TCP_FORW: name:enp0s3: saddr:100932208: daddr:16783984
[  377.791864] AAAAA-TCP_FORW: name:enp0s3: saddr:100932208: daddr:33561200
[  377.859341] AAAAA-TCP_FORW: name:enp0s3: saddr:100932208: daddr:33561200
[  377.924924] AAAAA-TCP_FORW: name:enp0s3: saddr:100932208: daddr:33561200
[  377.978358] AAAAA-TCP_FORW: name:enp0s3: saddr:100932208: daddr:16783984
[  378.079186] AAAAA-TCP_FORW: name:enp0s3: saddr:100932208: daddr:16783984
[  378.294662] AAAAA-TCP_FORW: name:enp0s3: saddr:100932208: daddr:33561200
[  378.374221] AAAAA-TCP_FORW: name:enp0s3: saddr:100932208: daddr:33561200
[  378.513512] AAAAA-TCP_FORW: name:enp0s3: saddr:100932208: daddr:33561200
[  378.624077] AAAAA-TCP_FORW: name:enp0s3: saddr:100932208: daddr:33561200
[  378.668446] AAAAA-TCP_FORW: name:enp0s3: saddr:100932208: daddr:33561200
[  378.709520] AAAAA-TCP_FORW: name:enp0s3: saddr:100932208: daddr:16783984
[  378.770671] AAAAA-TCP_FORW: name:enp0s3: saddr:100932208: daddr:16783984
[  378.808247] AAAAA-TCP_FORW: name:enp0s3: saddr:100932208: daddr:16783984
[  378.850657] AAAAA-TCP_FORW: name:enp0s3: saddr:100932208: daddr:16783984
[  378.930786] AAAAA-TCP_FORW: name:enp0s3: saddr:100932208: daddr:16783984
[  379.014896] AAAAA-TCP_FORW: name:enp0s3: saddr:100932208: daddr:33561200
[  379.093455] AAAAA-TCP_FORW: name:enp0s3: saddr:100932208: daddr:16783984
[  379.121651] AAAAA-TCP_FORW: name:enp0s3: saddr:100932208: daddr:16783984
[  379.170308] AAAAA-TCP_FORW: name:enp0s3: saddr:100932208: daddr:33561200
[  379.229009] AAAAA-TCP_FORW: name:enp0s3: saddr:100932208: daddr:33561200
[  379.295164] AAAAA-TCP_FORW: name:enp0s3: saddr:100932208: daddr:33561200
[  379.403944] AAAAA-TCP_FORW: name:enp0s3: saddr:100932208: daddr:33561200
[  379.468992] AAAAA-TCP_FORW: name:enp0s3: saddr:100932208: daddr:33561200
[  379.537455] AAAAA-TCP_FORW: name:enp0s3: saddr:100932208: daddr:33561200
[  379.570705] AAAAA-TCP_FORW: name:enp0s3: saddr:100932208: daddr:16783984
[  379.625815] AAAAA-TCP_FORW: name:enp0s3: saddr:100932208: daddr:16783984
[  379.690558] AAAAA-TCP_FORW: name:enp0s3: saddr:100932208: daddr:16783984
[  379.750958] AAAAA-TCP_FORW: name:enp0s3: saddr:100932208: daddr:16783984
[  379.829772] AAAAA-TCP_FORW: name:enp0s3: saddr:100932208: daddr:16783984
[  379.862529] AAAAA-TCP_FORW: name:enp0s3: saddr:100932208: daddr:16783984
[  379.894367] AAAAA-TCP_FORW: name:enp0s3: saddr:100932208: daddr:16783984
[  379.961309] AAAAA-TCP_FORW: name:enp0s3: saddr:100932208: daddr:16783984
[  380.083089] AAAAA-TCP_FORW: name:enp0s3: saddr:100932208: daddr:16783984
[  380.113910] AAAAA-TCP_FORW: name:enp0s3: saddr:100932208: daddr:16783984
[  380.145423] AAAAA-TCP_FORW: name:enp0s3: saddr:100932208: daddr:16783984
[  380.202193] AAAAA-TCP_FORW: name:enp0s3: saddr:100932208: daddr:16783984
[  380.207419] AAAAA-TCP_FORW: name:enp0s3: saddr:100932208: daddr:16783984
[  380.326239] AAAAA-TCP_FORW: name:enp0s3: saddr:100932208: daddr:16783984
[  380.439531] AAAAA-TCP_FORW: name:enp0s3: saddr:100932208: daddr:33561200
[  380.495207] AAAAA-TCP_FORW: name:enp0s3: saddr:100932208: daddr:16783984
[  380.608791] AAAAA-TCP_FORW: name:enp0s3: saddr:100932208: daddr:16783984
[  380.881678] AAAAA-TCP_FORW: name:enp0s3: saddr:100932208: daddr:16783984
[  380.938356] AAAAA-TCP_FORW: name:enp0s3: saddr:100932208: daddr:33561200
[  380.987128] AAAAA-TCP_FORW: name:enp0s3: saddr:100932208: daddr:33561200
[  381.022909] AAAAA-TCP_FORW: name:enp0s3: saddr:100932208: daddr:16783984
[  381.192860] AAAAA-TCP_FORW: name:enp0s3: saddr:100932208: daddr:33561200
[  381.247010] AAAAA-TCP_FORW: name:enp0s3: saddr:100932208: daddr:33561200
[  381.345469] AAAAA-TCP_FORW: name:enp0s3: saddr:100932208: daddr:33561200
[  381.385373] AAAAA-TCP_FORW: name:enp0s3: saddr:100932208: daddr:33561200
[  381.414107] AAAAA-TCP_FORW: name:enp0s3: saddr:100932208: daddr:16783984
[  381.442069] AAAAA-TCP_FORW: name:enp0s3: saddr:100932208: daddr:33561200
[  381.472269] AAAAA-TCP_FORW: name:enp0s3: saddr:100932208: daddr:33561200
[  381.490437] AAAAA-TCP_FORW: name:enp0s3: saddr:100932208: daddr:33561200
[  381.518490] AAAAA-TCP_FORW: name:enp0s3: saddr:100932208: daddr:16783984
[  381.536160] AAAAA-TCP_FORW: name:enp0s3: saddr:100932208: daddr:33561200
[  381.730845] AAAAA-TCP_FORW: name:enp0s3: saddr:100932208: daddr:16783984
[  381.809571] AAAAA-TCP_FORW: name:enp0s3: saddr:100932208: daddr:16783984
[  381.858490] AAAAA-TCP_FORW: name:enp0s3: saddr:100932208: daddr:33561200
[  381.918018] AAAAA-TCP_FORW: name:enp0s3: saddr:100932208: daddr:33561200
[  382.068440] AAAAA-TCP_FORW: name:enp0s3: saddr:100932208: daddr:16783984
[  382.149749] AAAAA-TCP_FORW: name:enp0s3: saddr:100932208: daddr:33561200
[  382.196965] AAAAA-TCP_FORW: name:enp0s3: saddr:100932208: daddr:16783984
[  382.324727] AAAAA-TCP_FORW: name:enp0s3: saddr:100932208: daddr:33561200
[  520.432940] rfkill: input handler enabled
[  529.283023] rfkill: input handler disabled
[  831.710201] device enp0s3 left promiscuous mode
