[    0.000000] Linux version 5.4.243-mptcp (root@ztg) (gcc version 12.2.0 (Debian 12.2.0-14+deb12u1)) #53 SMP Wed Dec 24 23:28:15 CST 2025
[    0.000000] Command line: BOOT_IMAGE=/boot/vmlinuz-5.4.243-mptcp root=UUID=98415a12-53b7-4144-8265-0f7ece09e445 ro quiet splash
[    0.000000] KERNEL supported cpus:
[    0.000000]   Intel GenuineIntel
[    0.000000]   AMD AuthenticAMD
[    0.000000]   Hygon HygonGenuine
[    0.000000]   Centaur CentaurHauls
[    0.000000]   zhaoxin   Shanghai  
[    0.000000] x86/fpu: Supporting XSAVE feature 0x001: 'x87 floating point registers'
[    0.000000] x86/fpu: Supporting XSAVE feature 0x002: 'SSE registers'
[    0.000000] x86/fpu: Supporting XSAVE feature 0x004: 'AVX registers'
[    0.000000] x86/fpu: xstate_offset[2]:  576, xstate_sizes[2]:  256
[    0.000000] x86/fpu: Enabled xstate features 0x7, context size is 832 bytes, using 'standard' format.
[    0.000000] BIOS-provided physical RAM map:
[    0.000000] BIOS-e820: [mem 0x0000000000000000-0x000000000009fbff] usable
[    0.000000] BIOS-e820: [mem 0x000000000009fc00-0x000000000009ffff] reserved
[    0.000000] BIOS-e820: [mem 0x00000000000f0000-0x00000000000fffff] reserved
[    0.000000] BIOS-e820: [mem 0x0000000000100000-0x000000007ffeffff] usable
[    0.000000] BIOS-e820: [mem 0x000000007fff0000-0x000000007fffffff] ACPI data
[    0.000000] BIOS-e820: [mem 0x00000000fec00000-0x00000000fec00fff] reserved
[    0.000000] BIOS-e820: [mem 0x00000000fee00000-0x00000000fee00fff] reserved
[    0.000000] BIOS-e820: [mem 0x00000000fffc0000-0x00000000ffffffff] reserved
[    0.000000] NX (Execute Disable) protection: active
[    0.000000] SMBIOS 2.5 present.
[    0.000000] DMI: innotek GmbH VirtualBox/VirtualBox, BIOS VirtualBox 12/01/2006
[    0.000000] Hypervisor detected: KVM
[    0.000000] kvm-clock: Using msrs 4b564d01 and 4b564d00
[    0.000000] kvm-clock: cpu 0, msr 2bc01001, primary cpu clock
[    0.000001] kvm-clock: using sched offset of 4429938006 cycles
[    0.000003] clocksource: kvm-clock: mask: 0xffffffffffffffff max_cycles: 0x1cd42e4dffb, max_idle_ns: 881590591483 ns
[    0.000006] tsc: Detected 2100.000 MHz processor
[    0.001868] e820: update [mem 0x00000000-0x00000fff] usable ==> reserved
[    0.001870] e820: remove [mem 0x000a0000-0x000fffff] usable
[    0.001874] last_pfn = 0x7fff0 max_arch_pfn = 0x400000000
[    0.001941] MTRR default type: uncachable
[    0.001942] MTRR fixed ranges enabled:
[    0.001943]   00000-9FFFF write-back
[    0.001944]   A0000-BFFFF uncachable
[    0.001944]   C0000-FFFFF write-protect
[    0.001945] MTRR variable ranges enabled:
[    0.001947]   0 base 000000000000 mask 3FFF80000000 write-back
[    0.001947]   1 disabled
[    0.001948]   2 disabled
[    0.001948]   3 disabled
[    0.001948]   4 disabled
[    0.001949]   5 disabled
[    0.001949]   6 disabled
[    0.001950]   7 disabled
[    0.001950]   8 disabled
[    0.001950]   9 disabled
[    0.001951]   10 disabled
[    0.001951]   11 disabled
[    0.001952]   12 disabled
[    0.001952]   13 disabled
[    0.001953]   14 disabled
[    0.001953]   15 disabled
[    0.001970] x86/PAT: Configuration [0-7]: WB  WC  UC- UC  WB  WP  UC- WT  
[    0.002102] found SMP MP-table at [mem 0x0009fff0-0x0009ffff]
[    0.091811] check: Scanning 1 areas for low memory corruption
[    0.092079] RAMDISK: [mem 0x32271000-0x3512ffff]
[    0.092087] ACPI: Early table checksum verification disabled
[    0.092093] ACPI: RSDP 0x00000000000E0000 000024 (v02 VBOX  )
[    0.092098] ACPI: XSDT 0x000000007FFF0030 00003C (v01 VBOX   VBOXXSDT 00000001 ASL  00000061)
[    0.092104] ACPI: FACP 0x000000007FFF00F0 0000F4 (v04 VBOX   VBOXFACP 00000001 ASL  00000061)
[    0.092111] ACPI: DSDT 0x000000007FFF02E0 002353 (v02 VBOX   VBOXBIOS 00000002 VBOX 00029BF3)
[    0.092115] ACPI: FACS 0x000000007FFF0200 000040
[    0.092118] ACPI: FACS 0x000000007FFF0200 000040
[    0.092121] ACPI: APIC 0x000000007FFF0240 000054 (v02 VBOX   VBOXAPIC 00000001 ASL  00000061)
[    0.092125] ACPI: SSDT 0x000000007FFF02A0 000038 (v01 VBOX   VBOXCPUT 00000002 VBOX 00029BF3)
[    0.092128] ACPI: Reserving FACP table memory at [mem 0x7fff00f0-0x7fff01e3]
[    0.092129] ACPI: Reserving DSDT table memory at [mem 0x7fff02e0-0x7fff2632]
[    0.092130] ACPI: Reserving FACS table memory at [mem 0x7fff0200-0x7fff023f]
[    0.092130] ACPI: Reserving FACS table memory at [mem 0x7fff0200-0x7fff023f]
[    0.092131] ACPI: Reserving APIC table memory at [mem 0x7fff0240-0x7fff0293]
[    0.092132] ACPI: Reserving SSDT table memory at [mem 0x7fff02a0-0x7fff02d7]
[    0.092147] ACPI: Local APIC address 0xfee00000
[    0.092336] No NUMA configuration found
[    0.092337] Faking a node at [mem 0x0000000000000000-0x000000007ffeffff]
[    0.092347] NODE_DATA(0) allocated [mem 0x7ffc5000-0x7ffeffff]
[    0.092608] Zone ranges:
[    0.092609]   DMA      [mem 0x0000000000001000-0x0000000000ffffff]
[    0.092610]   DMA32    [mem 0x0000000001000000-0x000000007ffeffff]
[    0.092611]   Normal   empty
[    0.092612]   Device   empty
[    0.092612] Movable zone start for each node
[    0.092614] Early memory node ranges
[    0.092615]   node   0: [mem 0x0000000000001000-0x000000000009efff]
[    0.092616]   node   0: [mem 0x0000000000100000-0x000000007ffeffff]
[    0.092620] Zeroed struct page in unavailable ranges: 114 pages
[    0.092621] Initmem setup node 0 [mem 0x0000000000001000-0x000000007ffeffff]
[    0.092622] On node 0 totalpages: 524174
[    0.092623]   DMA zone: 64 pages used for memmap
[    0.092624]   DMA zone: 21 pages reserved
[    0.092624]   DMA zone: 3998 pages, LIFO batch:0
[    0.092696]   DMA32 zone: 8128 pages used for memmap
[    0.092697]   DMA32 zone: 520176 pages, LIFO batch:63
[    0.101640] ACPI: PM-Timer IO Port: 0x4008
[    0.101643] ACPI: Local APIC address 0xfee00000
[    0.101712] IOAPIC[0]: apic_id 1, version 32, address 0xfec00000, GSI 0-23
[    0.101716] ACPI: INT_SRC_OVR (bus 0 bus_irq 0 global_irq 2 dfl dfl)
[    0.101718] ACPI: INT_SRC_OVR (bus 0 bus_irq 9 global_irq 9 low level)
[    0.101720] ACPI: IRQ0 used by override.
[    0.101721] ACPI: IRQ9 used by override.
[    0.101723] Using ACPI (MADT) for SMP configuration information
[    0.101730] smpboot: Allowing 1 CPUs, 0 hotplug CPUs
[    0.101752] PM: Registered nosave memory: [mem 0x00000000-0x00000fff]
[    0.101754] PM: Registered nosave memory: [mem 0x0009f000-0x0009ffff]
[    0.101754] PM: Registered nosave memory: [mem 0x000a0000-0x000effff]
[    0.101755] PM: Registered nosave memory: [mem 0x000f0000-0x000fffff]
[    0.101757] [mem 0x80000000-0xfebfffff] available for PCI devices
[    0.101757] Booting paravirtualized kernel on KVM
[    0.101761] clocksource: refined-jiffies: mask: 0xffffffff max_cycles: 0xffffffff, max_idle_ns: 7645519600211568 ns
[    0.101765] setup_percpu: NR_CPUS:8192 nr_cpumask_bits:1 nr_cpu_ids:1 nr_node_ids:1
[    0.102755] percpu: Embedded 60 pages/cpu s208896 r8192 d28672 u2097152
[    0.102760] pcpu-alloc: s208896 r8192 d28672 u2097152 alloc=1*2097152
[    0.102761] pcpu-alloc: [0] 0 
[    0.102787] Built 1 zonelists, mobility grouping on.  Total pages: 515961
[    0.102788] Policy zone: DMA32
[    0.102789] Kernel command line: BOOT_IMAGE=/boot/vmlinuz-5.4.243-mptcp root=UUID=98415a12-53b7-4144-8265-0f7ece09e445 ro quiet splash
[    0.103638] Dentry cache hash table entries: 262144 (order: 9, 2097152 bytes, linear)
[    0.103785] Inode-cache hash table entries: 131072 (order: 8, 1048576 bytes, linear)
[    0.103837] mem auto-init: stack:off, heap alloc:on, heap free:off
[    0.103839] Calgary: detecting Calgary via BIOS EBDA area
[    0.103840] Calgary: Unable to locate Rio Grande table in EBDA - bailing!
[    0.107964] Memory: 1967332K/2096696K available (14339K kernel code, 2398K rwdata, 4712K rodata, 2728K init, 17260K bss, 129364K reserved, 0K cma-reserved)
[    0.108884] SLUB: HWalign=64, Order=0-3, MinObjects=0, CPUs=1, Nodes=1
[    0.108901] ftrace: allocating 43186 entries in 169 pages
[    0.126986] rcu: Hierarchical RCU implementation.
[    0.126987] rcu: 	RCU restricting CPUs from NR_CPUS=8192 to nr_cpu_ids=1.
[    0.126988] 	Tasks RCU enabled.
[    0.126989] rcu: RCU calculated value of scheduler-enlistment delay is 25 jiffies.
[    0.126990] rcu: Adjusting geometry for rcu_fanout_leaf=16, nr_cpu_ids=1
[    0.129955] NR_IRQS: 524544, nr_irqs: 256, preallocated irqs: 16
[    0.130203] random: crng init done
[    0.139524] Console: colour VGA+ 80x25
[    0.139528] printk: console [tty0] enabled
[    0.139549] ACPI: Core revision 20190816
[    0.139640] APIC: Switch to symmetric I/O mode setup
[    0.139887] x2apic enabled
[    0.140131] Switched APIC routing to physical x2apic.
[    0.141246] ..TIMER: vector=0x30 apic1=0 pin1=2 apic2=-1 pin2=-1
[    0.141273] clocksource: tsc-early: mask: 0xffffffffffffffff max_cycles: 0x1e4530a99b6, max_idle_ns: 440795257976 ns
[    0.141278] Calibrating delay loop (skipped) preset value.. 4200.00 BogoMIPS (lpj=8400000)
[    0.141280] pid_max: default: 32768 minimum: 301
[    0.141309] LSM: Security Framework initializing
[    0.141318] Yama: becoming mindful.
[    0.141345] AppArmor: AppArmor initialized
[    0.141380] Mount-cache hash table entries: 4096 (order: 3, 32768 bytes, linear)
[    0.141384] Mountpoint-cache hash table entries: 4096 (order: 3, 32768 bytes, linear)
[    0.141394] *** VALIDATE tmpfs ***
[    0.141525] *** VALIDATE proc ***
[    0.141567] *** VALIDATE cgroup1 ***
[    0.141568] *** VALIDATE cgroup2 ***
[    0.141708] process: using mwait in idle threads
[    0.141713] Last level iTLB entries: 4KB 64, 2MB 8, 4MB 8
[    0.141714] Last level dTLB entries: 4KB 64, 2MB 0, 4MB 0, 1GB 4
[    0.141734] Spectre V1 : Mitigation: usercopy/swapgs barriers and __user pointer sanitization
[    0.141739] Spectre V2 : Mitigation: Retpolines
[    0.141740] Spectre V2 : Spectre v2 / SpectreRSB mitigation: Filling RSB on context switch
[    0.141740] Spectre V2 : Spectre v2 / SpectreRSB : Filling RSB on VMEXIT
[    0.141741] RETBleed: WARNING: Spectre v2 mitigation leaves CPU vulnerable to RETBleed attacks, data leaks possible!
[    0.142094] RETBleed: Vulnerable
[    0.142095] Speculative Store Bypass: Vulnerable
[    0.142099] TAA: Mitigation: TSX disabled
[    0.142100] MMIO Stale Data: Mitigation: Clear CPU buffers
[    0.146314] Freeing SMP alternatives memory: 40K
[    0.258670] smpboot: CPU0: Intel(R) Xeon(R) Silver 4216 CPU @ 2.10GHz (family: 0x6, model: 0x55, stepping: 0x7)
[    0.258810] Performance Events: unsupported p6 CPU model 85 no PMU driver, software events only.
[    0.258846] rcu: Hierarchical SRCU implementation.
[    0.259370] NMI watchdog: Perf NMI watchdog permanently disabled
[    0.259410] smp: Bringing up secondary CPUs ...
[    0.259411] smp: Brought up 1 node, 1 CPU
[    0.259412] smpboot: Max logical packages: 1
[    0.259413] smpboot: Total of 1 processors activated (4200.00 BogoMIPS)
[    0.260420] devtmpfs: initialized
[    0.260473] x86/mm: Memory block size: 128MB
[    0.260840] clocksource: jiffies: mask: 0xffffffff max_cycles: 0xffffffff, max_idle_ns: 7645041785100000 ns
[    0.260846] futex hash table entries: 256 (order: 2, 16384 bytes, linear)
[    0.260890] pinctrl core: initialized pinctrl subsystem
[    0.261008] PM: RTC time: 16:25:54, date: 2026-01-11
[    0.261116] NET: Registered protocol family 16
[    0.261198] audit: initializing netlink subsys (disabled)
[    0.261275] EISA bus registered
[    0.261275] cpuidle: using governor ladder
[    0.261275] cpuidle: using governor menu
[    0.261275] ACPI: bus type PCI registered
[    0.261275] acpiphp: ACPI Hot Plug PCI Controller Driver version: 0.5
[    0.261275] PCI: Using configuration type 1 for base access
[    0.261828] audit: type=2000 audit(1768119960.254:1): state=initialized audit_enabled=0 res=1
[    0.261911] HugeTLB registered 2.00 MiB page size, pre-allocated 0 pages
[    0.262803] ACPI: Added _OSI(Module Device)
[    0.262804] ACPI: Added _OSI(Processor Device)
[    0.262804] ACPI: Added _OSI(3.0 _SCP Extensions)
[    0.262805] ACPI: Added _OSI(Processor Aggregator Device)
[    0.262806] ACPI: Added _OSI(Linux-Dell-Video)
[    0.262807] ACPI: Added _OSI(Linux-Lenovo-NV-HDMI-Audio)
[    0.262808] ACPI: Added _OSI(Linux-HPI-Hybrid-Graphics)
[    0.264809] ACPI: 2 ACPI AML tables successfully acquired and loaded
[    0.266351] ACPI: Interpreter enabled
[    0.266361] ACPI: (supports S0 S5)
[    0.266362] ACPI: Using IOAPIC for interrupt routing
[    0.266566] PCI: Using host bridge windows from ACPI; if necessary, use "pci=nocrs" and report a bug
[    0.266673] ACPI: Enabled 2 GPEs in block 00 to 07
[    0.271633] ACPI: PCI Root Bridge [PCI0] (domain 0000 [bus 00-ff])
[    0.271638] acpi PNP0A03:00: _OSC: OS supports [ASPM ClockPM Segments MSI HPX-Type3]
[    0.272081] acpi PNP0A03:00: _OSC: not requesting OS control; OS requires [ExtendedConfig ASPM ClockPM MSI]
[    0.272089] acpi PNP0A03:00: fail to add MMCONFIG information, can't access extended PCI configuration space under this bridge.
[    0.272475] PCI host bridge to bus 0000:00
[    0.272477] pci_bus 0000:00: root bus resource [io  0x0000-0x0cf7 window]
[    0.272479] pci_bus 0000:00: root bus resource [io  0x0d00-0xffff window]
[    0.272480] pci_bus 0000:00: root bus resource [mem 0x000a0000-0x000bffff window]
[    0.272481] pci_bus 0000:00: root bus resource [mem 0x80000000-0xfdffffff window]
[    0.272483] pci_bus 0000:00: root bus resource [bus 00-ff]
[    0.272529] pci 0000:00:00.0: [8086:1237] type 00 class 0x060000
[    0.273356] pci 0000:00:01.0: [8086:7000] type 00 class 0x060100
[    0.274108] pci 0000:00:01.1: [8086:7111] type 00 class 0x01018a
[    0.274483] pci 0000:00:01.1: reg 0x20: [io  0xd000-0xd00f]
[    0.274638] pci 0000:00:01.1: legacy IDE quirk: reg 0x10: [io  0x01f0-0x01f7]
[    0.274639] pci 0000:00:01.1: legacy IDE quirk: reg 0x14: [io  0x03f6]
[    0.274640] pci 0000:00:01.1: legacy IDE quirk: reg 0x18: [io  0x0170-0x0177]
[    0.274641] pci 0000:00:01.1: legacy IDE quirk: reg 0x1c: [io  0x0376]
[    0.275179] pci 0000:00:02.0: [15ad:0405] type 00 class 0x030000
[    0.277350] pci 0000:00:02.0: reg 0x10: [io  0xd010-0xd01f]
[    0.281319] pci 0000:00:02.0: reg 0x14: [mem 0xe0000000-0xe7ffffff pref]
[    0.283961] pci 0000:00:02.0: reg 0x18: [mem 0xf0000000-0xf01fffff]
[    0.294068] pci 0000:00:03.0: [1022:2000] type 00 class 0x020000
[    0.294742] pci 0000:00:03.0: reg 0x10: [io  0xd020-0xd03f]
[    0.295351] pci 0000:00:03.0: reg 0x14: [mem 0xf0200000-0xf0200fff]
[    0.299814] pci 0000:00:04.0: [80ee:cafe] type 00 class 0x088000
[    0.300489] pci 0000:00:04.0: reg 0x10: [io  0xd040-0xd05f]
[    0.301099] pci 0000:00:04.0: reg 0x14: [mem 0xf0400000-0xf07fffff]
[    0.301386] pci 0000:00:04.0: reg 0x18: [mem 0xf0800000-0xf0803fff pref]
[    0.304955] pci 0000:00:07.0: [8086:7113] type 00 class 0x068000
[    0.305275] pci 0000:00:07.0: quirk: [io  0x4000-0x403f] claimed by PIIX4 ACPI
[    0.305275] pci 0000:00:07.0: quirk: [io  0x4100-0x410f] claimed by PIIX4 SMB
[    0.305295] pci 0000:00:08.0: [8086:100e] type 00 class 0x020000
[    0.306015] pci 0000:00:08.0: reg 0x10: [mem 0xf0820000-0xf083ffff]
[    0.309958] pci 0000:00:08.0: reg 0x18: [io  0xd060-0xd067]
[    0.313346] pci 0000:00:09.0: [8086:100e] type 00 class 0x020000
[    0.314046] pci 0000:00:09.0: reg 0x10: [mem 0xf0840000-0xf085ffff]
[    0.315194] pci 0000:00:09.0: reg 0x18: [io  0xd068-0xd06f]
[    0.326145] ACPI: PCI Interrupt Link [LNKA] (IRQs 5 9 10 *11)
[    0.326428] ACPI: PCI Interrupt Link [LNKB] (IRQs 5 9 *10 11)
[    0.326530] ACPI: PCI Interrupt Link [LNKC] (IRQs 5 *9 10 11)
[    0.326634] ACPI: PCI Interrupt Link [LNKD] (IRQs 5 9 10 *11)
[    0.326903] iommu: Default domain type: Translated 
[    0.326965] pci 0000:00:02.0: vgaarb: setting as boot VGA device
[    0.326967] pci 0000:00:02.0: vgaarb: VGA device added: decodes=io+mem,owns=io+mem,locks=none
[    0.326969] pci 0000:00:02.0: vgaarb: bridge control possible
[    0.326970] vgaarb: loaded
[    0.327184] SCSI subsystem initialized
[    0.327216] libata version 3.00 loaded.
[    0.327239] ACPI: bus type USB registered
[    0.327254] usbcore: registered new interface driver usbfs
[    0.327260] usbcore: registered new interface driver hub
[    0.327265] usbcore: registered new device driver usb
[    0.327293] pps_core: LinuxPPS API ver. 1 registered
[    0.327293] pps_core: Software ver. 5.3.6 - Copyright 2005-2007 Rodolfo Giometti <giometti@linux.it>
[    0.327295] PTP clock support registered
[    0.327328] EDAC MC: Ver: 3.0.0
[    0.327617] PCI: Using ACPI for IRQ routing
[    0.327618] PCI: pci_cache_line_size set to 64 bytes
[    0.327789] e820: reserve RAM buffer [mem 0x0009fc00-0x0009ffff]
[    0.327793] e820: reserve RAM buffer [mem 0x7fff0000-0x7fffffff]
[    0.328601] NetLabel: Initializing
[    0.328602] NetLabel:  domain hash size = 128
[    0.328602] NetLabel:  protocols = UNLABELED CIPSOv4 CALIPSO
[    0.328622] NetLabel:  unlabeled traffic allowed by default
[    0.329432] clocksource: Switched to clocksource kvm-clock
[    0.343623] *** VALIDATE bpf ***
[    0.343682] VFS: Disk quotas dquot_6.6.0
[    0.343695] VFS: Dquot-cache hash table entries: 512 (order 0, 4096 bytes)
[    0.343717] *** VALIDATE ramfs ***
[    0.343720] *** VALIDATE hugetlbfs ***
[    0.343801] AppArmor: AppArmor Filesystem Enabled
[    0.343827] pnp: PnP ACPI init
[    0.343892] pnp 00:00: Plug and Play ACPI device, IDs PNP0303 (active)
[    0.343956] pnp 00:01: Plug and Play ACPI device, IDs PNP0f03 (active)
[    0.344705] pnp: PnP ACPI: found 2 devices
[    0.345662] thermal_sys: Registered thermal governor 'fair_share'
[    0.345663] thermal_sys: Registered thermal governor 'bang_bang'
[    0.345663] thermal_sys: Registered thermal governor 'step_wise'
[    0.345664] thermal_sys: Registered thermal governor 'user_space'
[    0.345664] thermal_sys: Registered thermal governor 'power_allocator'
[    0.350177] clocksource: acpi_pm: mask: 0xffffff max_cycles: 0xffffff, max_idle_ns: 2085701024 ns
[    0.350218] pci_bus 0000:00: resource 4 [io  0x0000-0x0cf7 window]
[    0.350219] pci_bus 0000:00: resource 5 [io  0x0d00-0xffff window]
[    0.350221] pci_bus 0000:00: resource 6 [mem 0x000a0000-0x000bffff window]
[    0.350222] pci_bus 0000:00: resource 7 [mem 0x80000000-0xfdffffff window]
[    0.350280] NET: Registered protocol family 2
[    0.350355] IP idents hash table entries: 32768 (order: 6, 262144 bytes, linear)
[    0.350759] MPTCP tokens hash table entries: 8192 (order: 4, 65536 bytes, linear)
[    0.350779] MPTCP request tokens hash table entries: 8192 (order: 4, 65536 bytes, linear)
[    0.350804] default registered
[    0.350804] default registered
[    0.350805] MPTCP: Stable release v0.96
[    0.350810] tcp_listen_portaddr_hash hash table entries: 1024 (order: 2, 16384 bytes, linear)
[    0.350890] TCP established hash table entries: 16384 (order: 5, 131072 bytes, linear)
[    0.350955] TCP bind hash table entries: 16384 (order: 6, 262144 bytes, linear)
[    0.350980] TCP: Hash tables configured (established 16384 bind 16384)
[    0.351696] UDP hash table entries: 1024 (order: 3, 32768 bytes, linear)
[    0.351708] UDP-Lite hash table entries: 1024 (order: 3, 32768 bytes, linear)
[    0.351744] NET: Registered protocol family 1
[    0.351752] NET: Registered protocol family 44
[    0.351775] pci 0000:00:00.0: Limiting direct PCI/PCI transfers
[    0.351788] pci 0000:00:01.0: Activating ISA DMA hang workarounds
[    0.351841] pci 0000:00:02.0: Video device with shadowed ROM at [mem 0x000c0000-0x000dffff]
[    0.351906] PCI: CLS 0 bytes, default 64
[    0.351953] Trying to unpack rootfs image as initramfs...
[    0.536358] Freeing initrd memory: 47868K
[    0.536358] clocksource: tsc: mask: 0xffffffffffffffff max_cycles: 0x1e4530a99b6, max_idle_ns: 440795257976 ns
[    0.536358] clocksource: Switched to clocksource tsc
[    0.536358] platform rtc_cmos: registered platform RTC device (no PNP device found)
[    0.536358] check: Scanning for low memory corruption every 60 seconds
[    0.536358] Initialise system trusted keyrings
[    0.536358] Key type blacklist registered
[    0.536358] workingset: timestamp_bits=36 max_order=19 bucket_order=0
[    0.536358] zbud: loaded
[    0.536358] squashfs: version 4.0 (2009/01/31) Phillip Lougher
[    0.536358] fuse: init (API version 7.31)
[    0.536358] *** VALIDATE fuse ***
[    0.536358] *** VALIDATE fuse ***
[    0.536358] Platform Keyring initialized
[    0.550940] Key type asymmetric registered
[    0.550941] Asymmetric key parser 'x509' registered
[    0.550953] Block layer SCSI generic (bsg) driver version 0.4 loaded (major 244)
[    0.550993] io scheduler mq-deadline registered
[    0.551126] shpchp: Standard Hot Plug PCI Controller Driver version: 0.4
[    0.551356] ACPI: AC Adapter [AC] (on-line)
[    0.551400] input: Power Button as /devices/LNXSYSTM:00/LNXPWRBN:00/input/input0
[    0.551430] ACPI: Power Button [PWRF]
[    0.551506] input: Sleep Button as /devices/LNXSYSTM:00/LNXSLPBN:00/input/input1
[    0.551522] ACPI: Sleep Button [SLPF]
[    0.551757] Serial: 8250/16550 driver, 32 ports, IRQ sharing enabled
[    0.552947] Linux agpgart interface v0.103
[    0.647124] loop: module loaded
[    0.647281] ata_piix 0000:00:01.1: version 2.13
[    0.647688] scsi host0: ata_piix
[    0.647779] scsi host1: ata_piix
[    0.647805] ata1: PATA max UDMA/33 cmd 0x1f0 ctl 0x3f6 bmdma 0xd000 irq 14
[    0.647806] ata2: PATA max UDMA/33 cmd 0x170 ctl 0x376 bmdma 0xd008 irq 15
[    0.647890] tun: Universal TUN/TAP device driver, 1.6
[    0.648212] PPP generic driver version 2.4.2
[    0.648255] VFIO - User Level meta-driver version: 0.3
[    0.648496] ehci_hcd: USB 2.0 'Enhanced' Host Controller (EHCI) Driver
[    0.648501] ehci-pci: EHCI PCI platform driver
[    0.648515] ehci-platform: EHCI generic platform driver
[    0.648521] ohci_hcd: USB 1.1 'Open' Host Controller (OHCI) Driver
[    0.648523] ohci-pci: OHCI PCI platform driver
[    0.648530] ohci-platform: OHCI generic platform driver
[    0.648535] uhci_hcd: USB Universal Host Controller Interface driver
[    0.648608] i8042: PNP: PS/2 Controller [PNP0303:PS2K,PNP0f03:PS2M] at 0x60,0x64 irq 1,12
[    0.649046] serio: i8042 KBD port at 0x60,0x64 irq 1
[    0.649050] serio: i8042 AUX port at 0x60,0x64 irq 12
[    0.649138] mousedev: PS/2 mouse device common for all mice
[    0.649395] input: AT Translated Set 2 keyboard as /devices/platform/i8042/serio0/input/input2
[    0.649794] rtc_cmos rtc_cmos: registered as rtc0
[    0.649807] rtc_cmos rtc_cmos: alarms up to one day, 114 bytes nvram
[    0.649812] i2c /dev entries driver
[    0.649856] device-mapper: uevent: version 1.0.3
[    0.649899] device-mapper: ioctl: 4.41.0-ioctl (2019-09-16) initialised: dm-devel@redhat.com
[    0.649914] platform eisa.0: Probing EISA bus 0
[    0.649915] platform eisa.0: EISA: Cannot allocate resource for mainboard
[    0.649917] platform eisa.0: Cannot allocate resource for EISA slot 1
[    0.649918] platform eisa.0: Cannot allocate resource for EISA slot 2
[    0.649919] platform eisa.0: Cannot allocate resource for EISA slot 3
[    0.649920] platform eisa.0: Cannot allocate resource for EISA slot 4
[    0.649921] platform eisa.0: Cannot allocate resource for EISA slot 5
[    0.649922] platform eisa.0: Cannot allocate resource for EISA slot 6
[    0.649922] platform eisa.0: Cannot allocate resource for EISA slot 7
[    0.649923] platform eisa.0: Cannot allocate resource for EISA slot 8
[    0.649924] platform eisa.0: EISA: Detected 0 cards
[    0.649927] intel_pstate: CPU model not supported
[    0.649936] ledtrig-cpu: registered to indicate activity on CPUs
[    0.649992] drop_monitor: Initializing network drop monitor service
[    0.650151] NET: Registered protocol family 10
[    0.655252] Segment Routing with IPv6
[    0.655252] fullmesh registered
[    0.655252] ndiffports registered
[    0.655252] binder registered
[    0.655252] roundrobin registered
[    0.655252] redundant registered
[    0.655252] blest registered
[    0.655252] ecf registered
[    0.655252] NET: Registered protocol family 17
[    0.655252] Key type dns_resolver registered
[    0.655252] RAS: Correctable Errors collector initialized.
[    0.655252] IPI shorthand broadcast: enabled
[    0.655252] sched_clock: Marking stable (640171451, 11081028)->(651151286, 101193)
[    0.655568] registered taskstats version 1
[    0.655577] Loading compiled-in X.509 certificates
[    0.656180] Loaded X.509 cert 'Build time autogenerated kernel key: 6909f3744cebb3d0de528d5887b96a727de79b1e'
[    0.656198] zswap: loaded using pool lzo/zbud
[    0.656256] Key type ._fscrypt registered
[    0.656256] Key type .fscrypt registered
[    0.660769] Key type big_key registered
[    0.662958] Key type encrypted registered
[    0.662960] AppArmor: AppArmor sha1 policy hashing enabled
[    0.662967] ima: No TPM chip found, activating TPM-bypass!
[    0.662971] ima: Allocated hash algorithm: sha1
[    0.662976] ima: No architecture policies found
[    0.662986] evm: Initialising EVM extended attributes:
[    0.662987] evm: security.selinux
[    0.662987] evm: security.SMACK64
[    0.662988] evm: security.SMACK64EXEC
[    0.662988] evm: security.SMACK64TRANSMUTE
[    0.662989] evm: security.SMACK64MMAP
[    0.662989] evm: security.apparmor
[    0.662990] evm: security.ima
[    0.662990] evm: security.capability
[    0.662991] evm: HMAC attrs: 0x1
[    0.663288] PM:   Magic number: 10:865:438
[    0.663398] rtc_cmos rtc_cmos: setting system clock to 2026-01-11T16:25:55 UTC (1768148755)
[    0.821264] ata1.00: ATA-6: VBOX HARDDISK, 1.0, max UDMA/133
[    0.821268] ata1.00: 209715200 sectors, multi 128: LBA 
[    0.822094] scsi 0:0:0:0: Direct-Access     ATA      VBOX HARDDISK    1.0  PQ: 0 ANSI: 5
[    0.822468] sd 0:0:0:0: [sda] 209715200 512-byte logical blocks: (107 GB/100 GiB)
[    0.822485] sd 0:0:0:0: [sda] Write Protect is off
[    0.822489] sd 0:0:0:0: [sda] Mode Sense: 00 3a 00 00
[    0.822515] sd 0:0:0:0: [sda] Write cache: enabled, read cache: enabled, doesn't support DPO or FUA
[    0.822922] sd 0:0:0:0: Attached scsi generic sg0 type 0
[    0.823888]  sda: sda1 sda2
[    0.835366] sd 0:0:0:0: [sda] Attached SCSI disk
[    0.839669] Freeing unused decrypted memory: 2040K
[    0.840858] Freeing unused kernel image memory: 2728K
[    0.840862] Write protecting the kernel read-only data: 22528k
[    0.842117] Freeing unused kernel image memory: 2036K
[    0.842787] Freeing unused kernel image memory: 1432K
[    0.876433] x86/mm: Checked W+X mappings: passed, no W+X pages found.
[    0.876438] Run /init as init process
[    0.992598] ACPI: Video Device [GFX0] (multi-head: yes  rom: no  post: no)
[    0.992671] input: Video Bus as /devices/LNXSYSTM:00/LNXSYBUS:00/PNP0A03:00/LNXVIDEO:00/input/input4
[    1.005920] pcnet32: pcnet32.c:v1.35 21.Apr.2008 tsbogend@alpha.franken.de
[    1.006915] pcnet32: PCnet/FAST III 79C973 at 0xd020, 08:00:27:de:8f:7b assigned IRQ 19
[    1.006958] pcnet32: Found PHY 0022:561b at address 0
[    1.007260] pcnet32: eth0: registered as PCnet/FAST III 79C973
[    1.008216] pcnet32: 1 cards_found
[    1.009365] piix4_smbus 0000:00:07.0: SMBus Host Controller at 0x4100, revision 0
[    1.013456] e1000: Intel(R) PRO/1000 Network Driver - version 7.3.21-k8-NAPI
[    1.013457] e1000: Copyright (c) 1999-2006 Intel Corporation.
[    1.079061] pcnet32 0000:00:03.0 enp0s3: renamed from eth0
[    1.232107] input: ImExPS/2 Generic Explorer Mouse as /devices/platform/i8042/serio1/input/input5
[    1.423559] e1000 0000:00:08.0 eth0: (PCI:33MHz:32-bit) 08:00:27:7f:55:01
[    1.423563] e1000 0000:00:08.0 eth0: Intel(R) PRO/1000 Network Connection
[    1.799445] e1000 0000:00:09.0 eth1: (PCI:33MHz:32-bit) 08:00:27:82:00:c3
[    1.799448] e1000 0000:00:09.0 eth1: Intel(R) PRO/1000 Network Connection
[    1.800570] e1000 0000:00:09.0 enp0s9: renamed from eth1
[    1.802314] e1000 0000:00:08.0 enp0s8: renamed from eth0
[    1.950187] EXT4-fs (sda2): mounted filesystem with ordered data mode. Opts: (null)
[    2.043551] systemd[1]: Inserted module 'autofs4'
[    2.055323] systemd[1]: systemd 245.4-4ubuntu3 running in system mode. (+PAM +AUDIT +SELINUX +IMA +APPARMOR +SMACK +SYSVINIT +UTMP +LIBCRYPTSETUP +GCRYPT +GNUTLS +ACL +XZ +LZ4 +SECCOMP +BLKID +ELFUTILS +KMOD +IDN2 -IDN +PCRE2 default-hierarchy=hybrid)
[    2.055356] systemd[1]: Detected virtualization oracle.
[    2.055359] systemd[1]: Detected architecture x86-64.
[    2.056666] systemd[1]: Set hostname to <ztg>.
[    2.183587] systemd[1]: /lib/systemd/system/dbus.socket:5: ListenStream= references a path below legacy directory /var/run/, updating /var/run/dbus/system_bus_socket â†’ /run/dbus/system_bus_socket; please update the unit file accordingly.
[    2.237135] systemd[1]: Created slice system-modprobe.slice.
[    2.237320] systemd[1]: Created slice User and Session Slice.
[    2.237365] systemd[1]: Started Forward Password Requests to Wall Directory Watch.
[    2.237532] systemd[1]: Set up automount Arbitrary Executable File Formats File System Automount Point.
[    2.237566] systemd[1]: Reached target User and Group Name Lookups.
[    2.237574] systemd[1]: Reached target Remote File Systems.
[    2.237583] systemd[1]: Reached target Slices.
[    2.238415] systemd[1]: Listening on Syslog Socket.
[    2.238487] systemd[1]: Listening on fsck to fsckd communication Socket.
[    2.238524] systemd[1]: Listening on initctl Compatibility Named Pipe.
[    2.238662] systemd[1]: Listening on Journal Audit Socket.
[    2.238715] systemd[1]: Listening on Journal Socket (/dev/log).
[    2.238786] systemd[1]: Listening on Journal Socket.
[    2.238852] systemd[1]: Listening on udev Control Socket.
[    2.238892] systemd[1]: Listening on udev Kernel Socket.
[    2.239709] systemd[1]: Mounting Huge Pages File System...
[    2.240633] systemd[1]: Mounting POSIX Message Queue File System...
[    2.241517] systemd[1]: Mounting Kernel Debug File System...
[    2.242380] systemd[1]: Mounting Kernel Trace File System...
[    2.244310] systemd[1]: Starting Journal Service...
[    2.265788] systemd[1]: Starting Set the console keyboard layout...
[    2.273812] systemd[1]: Starting Create list of static device nodes for the current kernel...
[    2.275898] systemd[1]: Starting Load Kernel Module drm...
[    2.277021] systemd[1]: Condition check resulted in Set Up Additional Binary Formats being skipped.
[    2.277067] systemd[1]: Condition check resulted in File System Check on Root Device being skipped.
[    2.290686] systemd[1]: Starting Load Kernel Modules...
[    2.292613] systemd[1]: Starting Remount Root and Kernel File Systems...
[    2.307304] systemd[1]: Starting udev Coldplug all Devices...
[    2.333012] systemd[1]: Starting Uncomplicated firewall...
[    2.334279] systemd[1]: Mounted Huge Pages File System.
[    2.334370] systemd[1]: Mounted POSIX Message Queue File System.
[    2.334442] systemd[1]: Mounted Kernel Debug File System.
[    2.334511] systemd[1]: Mounted Kernel Trace File System.
[    2.336243] EXT4-fs (sda2): re-mounted. Opts: errors=remount-ro
[    2.360605] systemd[1]: Finished Create list of static device nodes for the current kernel.
[    2.361722] systemd[1]: modprobe@drm.service: Succeeded.
[    2.362129] systemd[1]: Finished Load Kernel Module drm.
[    2.368703] systemd[1]: Finished Remount Root and Kernel File Systems.
[    2.369633] systemd[1]: Finished Uncomplicated firewall.
[    2.371324] lp: driver loaded but no devices found
[    2.389321] systemd[1]: Condition check resulted in Rebuild Hardware Database being skipped.
[    2.389361] systemd[1]: Condition check resulted in Platform Persistent Storage Archival being skipped.
[    2.390052] systemd[1]: Starting Load/Save Random Seed...
[    2.395798] systemd[1]: Starting Create System Users...
[    2.400934] ppdev: user-space parallel port driver
[    2.412709] systemd[1]: Finished Load/Save Random Seed.
[    2.416421] systemd[1]: Finished Create System Users.
[    2.417223] systemd[1]: Starting Create Static Device Nodes in /dev...
[    2.442202] systemd[1]: Finished udev Coldplug all Devices.
[    2.472022] systemd[1]: Finished Create Static Device Nodes in /dev.
[    2.472878] systemd[1]: Starting udev Kernel Device Manager...
[    2.498658] [drm] DMA map mode: Caching DMA mappings.
[    2.498735] [drm] Capabilities:
[    2.498736] [drm]   Rect copy.
[    2.498736] [drm]   Cursor.
[    2.498736] [drm]   Cursor bypass.
[    2.498737] [drm]   Cursor bypass 2.
[    2.498737] [drm]   Alpha cursor.
[    2.498737] [drm]   Extended Fifo.
[    2.498738] [drm]   Pitchlock.
[    2.498738] [drm]   Irq mask.
[    2.498738] [drm]   GMR.
[    2.498739] [drm]   Traces.
[    2.498739] [drm]   GMR2.
[    2.498740] [drm]   Screen Object 2.
[    2.498740] [drm]   Command Buffers.
[    2.498740] [drm]   Command Buffers 2.
[    2.498741] [drm]   Guest Backed Resources.
[    2.498742] [drm] Max GMR ids is 8192
[    2.498742] [drm] Max number of GMR pages is 1048576
[    2.498743] [drm] Max dedicated hypervisor surface memory is 393216 kiB
[    2.498743] [drm] Maximum display memory size is 131072 kiB
[    2.498744] [drm] VRAM at 0xe0000000 size is 131072 kiB
[    2.498745] [drm] MMIO at 0xf0000000 size is 2048 kiB
[    2.498912] [TTM] Zone  kernel: Available graphics memory: 1011738 KiB
[    2.498912] [TTM] Initializing pool allocator
[    2.498915] [TTM] Initializing DMA pool allocator
[    2.498942] [drm] Supports vblank timestamp caching Rev 2 (21.10.2013).
[    2.498942] [drm] No driver support for vblank timestamp query.
[    2.499163] [drm] Screen Target Display device initialized
[    2.499408] [drm] width 720
[    2.499420] [drm] height 400
[    2.499424] [drm] bpp 32
[    2.499947] [drm] Fifo max 0x00200000 min 0x00001000 cap 0x00000355
[    2.501176] [drm] Using command buffers with DMA pool.
[    2.501179] [drm] DX: no.
[    2.501179] [drm] Atomic: yes.
[    2.501180] [drm] SM4_1: no.
[    2.501200] [drm:vmw_host_log [vmwgfx]] *ERROR* Failed to send host log message.
[    2.502104] [drm:vmw_host_log [vmwgfx]] *ERROR* Failed to send host log message.
[    2.513119] fbcon: svgadrmfb (fb0) is primary device
[    2.515434] Console: switching to colour frame buffer device 100x37
[    2.530366] [drm] Initialized vmwgfx 2.15.0 20180704 for 0000:00:02.0 on minor 0
[    2.531347] systemd[1]: Finished Load Kernel Modules.
[    2.532324] systemd[1]: Mounting FUSE Control File System...
[    2.533479] systemd[1]: Mounting Kernel Configuration File System...
[    2.538175] systemd[1]: Starting Apply Kernel Variables...
[    2.550862] systemd[1]: Mounted FUSE Control File System.
[    2.550941] systemd[1]: Condition check resulted in VMware vmblock fuse mount being skipped.
[    2.553395] systemd[1]: Mounted Kernel Configuration File System.
[    2.555528] systemd[1]: Finished Set the console keyboard layout.
[    2.555624] systemd[1]: Reached target Local File Systems (Pre).
[    2.560585] systemd[1]: Mounting Mount unit for bare, revision 5...
[    2.568520] systemd[1]: Mounting Mount unit for core18, revision 1705...
[    2.592519] systemd[1]: Mounting Mount unit for gnome-3-34-1804, revision 24...
[    2.606921] systemd[1]: Mounting Mount unit for gtk-common-themes, revision 1506...
[    2.610324] systemd[1]: Mounting Mount unit for gtk-common-themes, revision 1535...
[    2.614492] systemd[1]: Mounting Mount unit for snap-store, revision 433...
[    2.619052] systemd[1]: Mounting Mount unit for snapd, revision 7264...
[    2.643392] systemd[1]: Finished Apply Kernel Variables.
[    2.678110] systemd[1]: Mounted Mount unit for gnome-3-34-1804, revision 24.
[    2.690621] systemd[1]: Mounted Mount unit for bare, revision 5.
[    2.690711] systemd[1]: Mounted Mount unit for core18, revision 1705.
[    2.690784] systemd[1]: Mounted Mount unit for gtk-common-themes, revision 1506.
[    2.699925] systemd[1]: Started udev Kernel Device Manager.
[    2.700661] systemd[1]: Starting Show Plymouth Boot Screen...
[    2.704548] systemd[1]: Received SIGRTMIN+20 from PID 271 (plymouthd).
[    2.733405] systemd[1]: Started Show Plymouth Boot Screen.
[    2.733685] systemd[1]: Condition check resulted in Dispatch Password Requests to Console Directory Watch being skipped.
[    2.733778] systemd[1]: Started Forward Password Requests to Plymouth Directory Watch.
[    2.733847] systemd[1]: Reached target Local Encrypted Volumes.
[    2.783007] systemd[1]: Mounted Mount unit for gtk-common-themes, revision 1535.
[    2.783262] systemd[1]: Mounted Mount unit for snap-store, revision 433.
[    2.783439] systemd[1]: Mounted Mount unit for snapd, revision 7264.
[    2.783586] systemd[1]: Reached target Local File Systems.
[    2.798988] systemd[1]: Starting Load AppArmor profiles...
[    2.799861] systemd[1]: Starting Set console font and keymap...
[    2.810191] systemd[1]: Starting Tell Plymouth To Write Out Runtime Data...
[    2.814405] systemd[1]: Condition check resulted in Store a System Token in an EFI Variable being skipped.
[    2.814447] systemd[1]: Condition check resulted in Commit a transient machine-id on disk being skipped.
[    2.818203] systemd[1]: Finished Set console font and keymap.
[    2.826144] systemd[1]: Received SIGRTMIN+20 from PID 271 (plymouthd).
[    2.827202] systemd[1]: plymouth-read-write.service: Succeeded.
[    2.827446] systemd[1]: Finished Tell Plymouth To Write Out Runtime Data.
[    2.861886] audit: type=1400 audit(1768148757.692:2): apparmor="STATUS" operation="profile_load" profile="unconfined" name="nvidia_modprobe" pid=299 comm="apparmor_parser"
[    2.861888] audit: type=1400 audit(1768148757.692:3): apparmor="STATUS" operation="profile_load" profile="unconfined" name="nvidia_modprobe//kmod" pid=299 comm="apparmor_parser"
[    2.867866] audit: type=1400 audit(1768148757.700:4): apparmor="STATUS" operation="profile_load" profile="unconfined" name="/usr/sbin/tcpdump" pid=300 comm="apparmor_parser"
[    2.895199] audit: type=1400 audit(1768148757.724:5): apparmor="STATUS" operation="profile_load" profile="unconfined" name="/usr/bin/evince" pid=302 comm="apparmor_parser"
[    2.895201] audit: type=1400 audit(1768148757.724:6): apparmor="STATUS" operation="profile_load" profile="unconfined" name="/usr/bin/evince//sanitized_helper" pid=302 comm="apparmor_parser"
[    2.895203] audit: type=1400 audit(1768148757.724:7): apparmor="STATUS" operation="profile_load" profile="unconfined" name="/usr/bin/evince-previewer" pid=302 comm="apparmor_parser"
[    2.895204] audit: type=1400 audit(1768148757.724:8): apparmor="STATUS" operation="profile_load" profile="unconfined" name="/usr/bin/evince-previewer//sanitized_helper" pid=302 comm="apparmor_parser"
[    2.895206] audit: type=1400 audit(1768148757.724:9): apparmor="STATUS" operation="profile_load" profile="unconfined" name="/usr/bin/evince-thumbnailer" pid=302 comm="apparmor_parser"
[    2.925836] audit: type=1400 audit(1768148757.760:10): apparmor="STATUS" operation="profile_load" profile="unconfined" name="/usr/lib/cups/backend/cups-pdf" pid=303 comm="apparmor_parser"
[    3.005609] systemd[1]: Finished Load AppArmor profiles.
[    3.006537] systemd[1]: Starting Load AppArmor profiles managed internally by snapd...
[    3.078356] systemd[1]: Finished Load AppArmor profiles managed internally by snapd.
[    3.189425] systemd[1]: Started Journal Service.
[    3.196502] systemd-journald[229]: Received client request to flush runtime journal.
[    3.201497] systemd-journald[229]: File /var/log/journal/c455b248004a419c87ce85eea238d727/system.journal corrupted or uncleanly shut down, renaming and replacing.
[    4.442761] RAPL PMU: API unit is 2^-32 Joules, 0 fixed counters, 10737418240 ms ovfl timer
[    4.514414] cryptd: max_cpu_qlen set to 1000
[    4.560381] AVX2 version of gcm_enc/dec engaged.
[    4.560382] AES CTR mode by8 optimization enabled
[    5.353936] Adding 1998844k swap on /dev/sda1.  Priority:-2 extents:1 across:1998844k FS
[    6.160601] kauditd_printk_skb: 30 callbacks suppressed
[    6.160602] audit: type=1400 audit(1768148760.992:41): apparmor="DENIED" operation="capable" profile="/usr/sbin/cups-browsed" pid=496 comm="cups-browsed" capability=23  capname="sys_nice"
[    7.390660] pcnet32 0000:00:03.0 enp0s3: link up, 100Mbps, full-duplex
[    7.426017] e1000: enp0s8 NIC Link is Up 1000 Mbps Full Duplex, Flow Control: RX
[    7.426292] IPv6: ADDRCONF(NETDEV_CHANGE): enp0s8: link becomes ready
[    7.438097] e1000: enp0s9 NIC Link is Up 1000 Mbps Full Duplex, Flow Control: RX
[    7.438393] IPv6: ADDRCONF(NETDEV_CHANGE): enp0s9: link becomes ready
[    7.982508] device enp0s3 entered promiscuous mode
[    8.006068] audit: type=1400 audit(1768148762.840:42): apparmor="DENIED" operation="open" profile="/usr/sbin/tcpdump" name="/proc/sys/kernel/random/boot_id" pid=674 comm="tcpdump" requested_mask="r" denied_mask="r" fsuid=0 ouid=0
[    8.006315] audit: type=1400 audit(1768148762.840:43): apparmor="DENIED" operation="open" profile="/usr/sbin/tcpdump" name="/proc/sys/kernel/random/boot_id" pid=674 comm="tcpdump" requested_mask="r" denied_mask="r" fsuid=0 ouid=0
[    8.006365] audit: type=1400 audit(1768148762.840:44): apparmor="DENIED" operation="open" profile="/usr/sbin/tcpdump" name="/proc/sys/kernel/random/boot_id" pid=674 comm="tcpdump" requested_mask="r" denied_mask="r" fsuid=0 ouid=0
[    8.006383] audit: type=1400 audit(1768148762.840:45): apparmor="DENIED" operation="open" profile="/usr/sbin/tcpdump" name="/proc/sys/kernel/random/boot_id" pid=674 comm="tcpdump" requested_mask="r" denied_mask="r" fsuid=0 ouid=0
[    8.014258] audit: type=1400 audit(1768148762.840:46): apparmor="DENIED" operation="open" profile="/usr/sbin/tcpdump" name="/proc/sys/kernel/random/boot_id" pid=675 comm="tcpdump" requested_mask="r" denied_mask="r" fsuid=0 ouid=0
[    8.014452] audit: type=1400 audit(1768148762.840:47): apparmor="DENIED" operation="open" profile="/usr/sbin/tcpdump" name="/proc/sys/kernel/random/boot_id" pid=675 comm="tcpdump" requested_mask="r" denied_mask="r" fsuid=0 ouid=0
[    8.014491] audit: type=1400 audit(1768148762.840:48): apparmor="DENIED" operation="open" profile="/usr/sbin/tcpdump" name="/proc/sys/kernel/random/boot_id" pid=675 comm="tcpdump" requested_mask="r" denied_mask="r" fsuid=0 ouid=0
[    8.014574] audit: type=1400 audit(1768148762.840:49): apparmor="DENIED" operation="open" profile="/usr/sbin/tcpdump" name="/proc/sys/kernel/random/boot_id" pid=675 comm="tcpdump" requested_mask="r" denied_mask="r" fsuid=0 ouid=0
[   12.454898] rfkill: input handler disabled
[  532.636677] rfkill: input handler enabled
[  541.319289] rfkill: input handler disabled
[  924.212259] device enp0s3 left promiscuous mode
