[    0.000000] Linux version 5.4.243-mptcp (root@ztg) (gcc version 12.2.0 (Debian 12.2.0-14+deb12u1)) #53 SMP Wed Dec 24 23:28:15 CST 2025
[    0.000000] Command line: BOOT_IMAGE=/boot/vmlinuz-5.4.243-mptcp root=UUID=98415a12-53b7-4144-8265-0f7ece09e445 ro quiet splash
[    0.000000] KERNEL supported cpus:
[    0.000000]   Intel GenuineIntel
[    0.000000]   AMD AuthenticAMD
[    0.000000]   Hygon HygonGenuine
[    0.000000]   Centaur CentaurHauls
[    0.000000]   zhaoxin   Shanghai  
[    0.000000] x86/fpu: Supporting XSAVE feature 0x001: 'x87 floating point registers'
[    0.000000] x86/fpu: Supporting XSAVE feature 0x002: 'SSE registers'
[    0.000000] x86/fpu: Supporting XSAVE feature 0x004: 'AVX registers'
[    0.000000] x86/fpu: xstate_offset[2]:  576, xstate_sizes[2]:  256
[    0.000000] x86/fpu: Enabled xstate features 0x7, context size is 832 bytes, using 'standard' format.
[    0.000000] BIOS-provided physical RAM map:
[    0.000000] BIOS-e820: [mem 0x0000000000000000-0x000000000009fbff] usable
[    0.000000] BIOS-e820: [mem 0x000000000009fc00-0x000000000009ffff] reserved
[    0.000000] BIOS-e820: [mem 0x00000000000f0000-0x00000000000fffff] reserved
[    0.000000] BIOS-e820: [mem 0x0000000000100000-0x000000007ffeffff] usable
[    0.000000] BIOS-e820: [mem 0x000000007fff0000-0x000000007fffffff] ACPI data
[    0.000000] BIOS-e820: [mem 0x00000000fec00000-0x00000000fec00fff] reserved
[    0.000000] BIOS-e820: [mem 0x00000000fee00000-0x00000000fee00fff] reserved
[    0.000000] BIOS-e820: [mem 0x00000000fffc0000-0x00000000ffffffff] reserved
[    0.000000] NX (Execute Disable) protection: active
[    0.000000] SMBIOS 2.5 present.
[    0.000000] DMI: innotek GmbH VirtualBox/VirtualBox, BIOS VirtualBox 12/01/2006
[    0.000000] Hypervisor detected: KVM
[    0.000000] kvm-clock: Using msrs 4b564d01 and 4b564d00
[    0.000000] kvm-clock: cpu 0, msr 6cc01001, primary cpu clock
[    0.000000] kvm-clock: using sched offset of 4475296276 cycles
[    0.000003] clocksource: kvm-clock: mask: 0xffffffffffffffff max_cycles: 0x1cd42e4dffb, max_idle_ns: 881590591483 ns
[    0.000005] tsc: Detected 2100.000 MHz processor
[    0.001864] e820: update [mem 0x00000000-0x00000fff] usable ==> reserved
[    0.001866] e820: remove [mem 0x000a0000-0x000fffff] usable
[    0.001870] last_pfn = 0x7fff0 max_arch_pfn = 0x400000000
[    0.001937] MTRR default type: uncachable
[    0.001937] MTRR fixed ranges enabled:
[    0.001939]   00000-9FFFF write-back
[    0.001939]   A0000-BFFFF uncachable
[    0.001940]   C0000-FFFFF write-protect
[    0.001941] MTRR variable ranges enabled:
[    0.001942]   0 base 000000000000 mask 3FFF80000000 write-back
[    0.001943]   1 disabled
[    0.001943]   2 disabled
[    0.001944]   3 disabled
[    0.001944]   4 disabled
[    0.001945]   5 disabled
[    0.001945]   6 disabled
[    0.001945]   7 disabled
[    0.001946]   8 disabled
[    0.001946]   9 disabled
[    0.001947]   10 disabled
[    0.001947]   11 disabled
[    0.001948]   12 disabled
[    0.001948]   13 disabled
[    0.001948]   14 disabled
[    0.001949]   15 disabled
[    0.001965] x86/PAT: Configuration [0-7]: WB  WC  UC- UC  WB  WP  UC- WT  
[    0.002098] found SMP MP-table at [mem 0x0009fff0-0x0009ffff]
[    0.091145] check: Scanning 1 areas for low memory corruption
[    0.091388] RAMDISK: [mem 0x32271000-0x3512ffff]
[    0.091396] ACPI: Early table checksum verification disabled
[    0.091400] ACPI: RSDP 0x00000000000E0000 000024 (v02 VBOX  )
[    0.091404] ACPI: XSDT 0x000000007FFF0030 00003C (v01 VBOX   VBOXXSDT 00000001 ASL  00000061)
[    0.091411] ACPI: FACP 0x000000007FFF00F0 0000F4 (v04 VBOX   VBOXFACP 00000001 ASL  00000061)
[    0.091418] ACPI: DSDT 0x000000007FFF02E0 002353 (v02 VBOX   VBOXBIOS 00000002 VBOX 00029BF3)
[    0.091422] ACPI: FACS 0x000000007FFF0200 000040
[    0.091425] ACPI: FACS 0x000000007FFF0200 000040
[    0.091428] ACPI: APIC 0x000000007FFF0240 000054 (v02 VBOX   VBOXAPIC 00000001 ASL  00000061)
[    0.091432] ACPI: SSDT 0x000000007FFF02A0 000038 (v01 VBOX   VBOXCPUT 00000002 VBOX 00029BF3)
[    0.091435] ACPI: Reserving FACP table memory at [mem 0x7fff00f0-0x7fff01e3]
[    0.091436] ACPI: Reserving DSDT table memory at [mem 0x7fff02e0-0x7fff2632]
[    0.091437] ACPI: Reserving FACS table memory at [mem 0x7fff0200-0x7fff023f]
[    0.091437] ACPI: Reserving FACS table memory at [mem 0x7fff0200-0x7fff023f]
[    0.091438] ACPI: Reserving APIC table memory at [mem 0x7fff0240-0x7fff0293]
[    0.091439] ACPI: Reserving SSDT table memory at [mem 0x7fff02a0-0x7fff02d7]
[    0.091452] ACPI: Local APIC address 0xfee00000
[    0.091633] No NUMA configuration found
[    0.091635] Faking a node at [mem 0x0000000000000000-0x000000007ffeffff]
[    0.091645] NODE_DATA(0) allocated [mem 0x7ffc5000-0x7ffeffff]
[    0.091904] Zone ranges:
[    0.091905]   DMA      [mem 0x0000000000001000-0x0000000000ffffff]
[    0.091906]   DMA32    [mem 0x0000000001000000-0x000000007ffeffff]
[    0.091907]   Normal   empty
[    0.091908]   Device   empty
[    0.091908] Movable zone start for each node
[    0.091910] Early memory node ranges
[    0.091911]   node   0: [mem 0x0000000000001000-0x000000000009efff]
[    0.091912]   node   0: [mem 0x0000000000100000-0x000000007ffeffff]
[    0.091915] Zeroed struct page in unavailable ranges: 114 pages
[    0.091916] Initmem setup node 0 [mem 0x0000000000001000-0x000000007ffeffff]
[    0.091917] On node 0 totalpages: 524174
[    0.091919]   DMA zone: 64 pages used for memmap
[    0.091919]   DMA zone: 21 pages reserved
[    0.091920]   DMA zone: 3998 pages, LIFO batch:0
[    0.091991]   DMA32 zone: 8128 pages used for memmap
[    0.091991]   DMA32 zone: 520176 pages, LIFO batch:63
[    0.100871] ACPI: PM-Timer IO Port: 0x4008
[    0.100874] ACPI: Local APIC address 0xfee00000
[    0.100939] IOAPIC[0]: apic_id 1, version 32, address 0xfec00000, GSI 0-23
[    0.100942] ACPI: INT_SRC_OVR (bus 0 bus_irq 0 global_irq 2 dfl dfl)
[    0.100944] ACPI: INT_SRC_OVR (bus 0 bus_irq 9 global_irq 9 low level)
[    0.100946] ACPI: IRQ0 used by override.
[    0.100947] ACPI: IRQ9 used by override.
[    0.100949] Using ACPI (MADT) for SMP configuration information
[    0.100955] smpboot: Allowing 1 CPUs, 0 hotplug CPUs
[    0.100976] PM: Registered nosave memory: [mem 0x00000000-0x00000fff]
[    0.100977] PM: Registered nosave memory: [mem 0x0009f000-0x0009ffff]
[    0.100978] PM: Registered nosave memory: [mem 0x000a0000-0x000effff]
[    0.100978] PM: Registered nosave memory: [mem 0x000f0000-0x000fffff]
[    0.100980] [mem 0x80000000-0xfebfffff] available for PCI devices
[    0.100980] Booting paravirtualized kernel on KVM
[    0.100983] clocksource: refined-jiffies: mask: 0xffffffff max_cycles: 0xffffffff, max_idle_ns: 7645519600211568 ns
[    0.100988] setup_percpu: NR_CPUS:8192 nr_cpumask_bits:1 nr_cpu_ids:1 nr_node_ids:1
[    0.101992] percpu: Embedded 60 pages/cpu s208896 r8192 d28672 u2097152
[    0.101997] pcpu-alloc: s208896 r8192 d28672 u2097152 alloc=1*2097152
[    0.101998] pcpu-alloc: [0] 0 
[    0.102025] Built 1 zonelists, mobility grouping on.  Total pages: 515961
[    0.102025] Policy zone: DMA32
[    0.102027] Kernel command line: BOOT_IMAGE=/boot/vmlinuz-5.4.243-mptcp root=UUID=98415a12-53b7-4144-8265-0f7ece09e445 ro quiet splash
[    0.102897] Dentry cache hash table entries: 262144 (order: 9, 2097152 bytes, linear)
[    0.103043] Inode-cache hash table entries: 131072 (order: 8, 1048576 bytes, linear)
[    0.103092] mem auto-init: stack:off, heap alloc:on, heap free:off
[    0.103095] Calgary: detecting Calgary via BIOS EBDA area
[    0.103096] Calgary: Unable to locate Rio Grande table in EBDA - bailing!
[    0.107167] Memory: 1967332K/2096696K available (14339K kernel code, 2398K rwdata, 4712K rodata, 2728K init, 17260K bss, 129364K reserved, 0K cma-reserved)
[    0.108093] SLUB: HWalign=64, Order=0-3, MinObjects=0, CPUs=1, Nodes=1
[    0.108108] ftrace: allocating 43186 entries in 169 pages
[    0.126109] rcu: Hierarchical RCU implementation.
[    0.126110] rcu: 	RCU restricting CPUs from NR_CPUS=8192 to nr_cpu_ids=1.
[    0.126112] 	Tasks RCU enabled.
[    0.126113] rcu: RCU calculated value of scheduler-enlistment delay is 25 jiffies.
[    0.126113] rcu: Adjusting geometry for rcu_fanout_leaf=16, nr_cpu_ids=1
[    0.129072] NR_IRQS: 524544, nr_irqs: 256, preallocated irqs: 16
[    0.129280] random: crng init done
[    0.138573] Console: colour VGA+ 80x25
[    0.138576] printk: console [tty0] enabled
[    0.138595] ACPI: Core revision 20190816
[    0.138737] APIC: Switch to symmetric I/O mode setup
[    0.138988] x2apic enabled
[    0.139227] Switched APIC routing to physical x2apic.
[    0.140368] ..TIMER: vector=0x30 apic1=0 pin1=2 apic2=-1 pin2=-1
[    0.140395] clocksource: tsc-early: mask: 0xffffffffffffffff max_cycles: 0x1e4530a99b6, max_idle_ns: 440795257976 ns
[    0.140400] Calibrating delay loop (skipped) preset value.. 4200.00 BogoMIPS (lpj=8400000)
[    0.140402] pid_max: default: 32768 minimum: 301
[    0.140431] LSM: Security Framework initializing
[    0.140439] Yama: becoming mindful.
[    0.140464] AppArmor: AppArmor initialized
[    0.140498] Mount-cache hash table entries: 4096 (order: 3, 32768 bytes, linear)
[    0.140503] Mountpoint-cache hash table entries: 4096 (order: 3, 32768 bytes, linear)
[    0.140514] *** VALIDATE tmpfs ***
[    0.140644] *** VALIDATE proc ***
[    0.140683] *** VALIDATE cgroup1 ***
[    0.140684] *** VALIDATE cgroup2 ***
[    0.140824] process: using mwait in idle threads
[    0.140829] Last level iTLB entries: 4KB 64, 2MB 8, 4MB 8
[    0.140829] Last level dTLB entries: 4KB 64, 2MB 0, 4MB 0, 1GB 4
[    0.140848] Spectre V1 : Mitigation: usercopy/swapgs barriers and __user pointer sanitization
[    0.140854] Spectre V2 : Mitigation: Retpolines
[    0.140854] Spectre V2 : Spectre v2 / SpectreRSB mitigation: Filling RSB on context switch
[    0.140855] Spectre V2 : Spectre v2 / SpectreRSB : Filling RSB on VMEXIT
[    0.140856] RETBleed: WARNING: Spectre v2 mitigation leaves CPU vulnerable to RETBleed attacks, data leaks possible!
[    0.141216] RETBleed: Vulnerable
[    0.141216] Speculative Store Bypass: Vulnerable
[    0.141221] TAA: Mitigation: TSX disabled
[    0.141221] MMIO Stale Data: Mitigation: Clear CPU buffers
[    0.145381] Freeing SMP alternatives memory: 40K
[    0.257608] smpboot: CPU0: Intel(R) Xeon(R) Silver 4216 CPU @ 2.10GHz (family: 0x6, model: 0x55, stepping: 0x7)
[    0.257739] Performance Events: unsupported p6 CPU model 85 no PMU driver, software events only.
[    0.257773] rcu: Hierarchical SRCU implementation.
[    0.258239] NMI watchdog: Perf NMI watchdog permanently disabled
[    0.258276] smp: Bringing up secondary CPUs ...
[    0.258277] smp: Brought up 1 node, 1 CPU
[    0.258278] smpboot: Max logical packages: 1
[    0.258279] smpboot: Total of 1 processors activated (4200.00 BogoMIPS)
[    0.259203] devtmpfs: initialized
[    0.259247] x86/mm: Memory block size: 128MB
[    0.259585] clocksource: jiffies: mask: 0xffffffff max_cycles: 0xffffffff, max_idle_ns: 7645041785100000 ns
[    0.259590] futex hash table entries: 256 (order: 2, 16384 bytes, linear)
[    0.259632] pinctrl core: initialized pinctrl subsystem
[    0.259732] PM: RTC time: 21:26:38, date: 2026-01-11
[    0.259836] NET: Registered protocol family 16
[    0.259909] audit: initializing netlink subsys (disabled)
[    0.260033] EISA bus registered
[    0.260035] cpuidle: using governor ladder
[    0.260036] cpuidle: using governor menu
[    0.260070] ACPI: bus type PCI registered
[    0.260072] acpiphp: ACPI Hot Plug PCI Controller Driver version: 0.5
[    0.260173] PCI: Using configuration type 1 for base access
[    0.260601] audit: type=2000 audit(1768138004.550:1): state=initialized audit_enabled=0 res=1
[    0.260680] HugeTLB registered 2.00 MiB page size, pre-allocated 0 pages
[    0.261483] ACPI: Added _OSI(Module Device)
[    0.261484] ACPI: Added _OSI(Processor Device)
[    0.261485] ACPI: Added _OSI(3.0 _SCP Extensions)
[    0.261485] ACPI: Added _OSI(Processor Aggregator Device)
[    0.261486] ACPI: Added _OSI(Linux-Dell-Video)
[    0.261487] ACPI: Added _OSI(Linux-Lenovo-NV-HDMI-Audio)
[    0.261488] ACPI: Added _OSI(Linux-HPI-Hybrid-Graphics)
[    0.263431] ACPI: 2 ACPI AML tables successfully acquired and loaded
[    0.264927] ACPI: Interpreter enabled
[    0.264937] ACPI: (supports S0 S5)
[    0.264938] ACPI: Using IOAPIC for interrupt routing
[    0.265144] PCI: Using host bridge windows from ACPI; if necessary, use "pci=nocrs" and report a bug
[    0.265251] ACPI: Enabled 2 GPEs in block 00 to 07
[    0.270061] ACPI: PCI Root Bridge [PCI0] (domain 0000 [bus 00-ff])
[    0.270067] acpi PNP0A03:00: _OSC: OS supports [ASPM ClockPM Segments MSI HPX-Type3]
[    0.270512] acpi PNP0A03:00: _OSC: not requesting OS control; OS requires [ExtendedConfig ASPM ClockPM MSI]
[    0.270520] acpi PNP0A03:00: fail to add MMCONFIG information, can't access extended PCI configuration space under this bridge.
[    0.270892] PCI host bridge to bus 0000:00
[    0.270894] pci_bus 0000:00: root bus resource [io  0x0000-0x0cf7 window]
[    0.270896] pci_bus 0000:00: root bus resource [io  0x0d00-0xffff window]
[    0.270897] pci_bus 0000:00: root bus resource [mem 0x000a0000-0x000bffff window]
[    0.270898] pci_bus 0000:00: root bus resource [mem 0x80000000-0xfdffffff window]
[    0.270899] pci_bus 0000:00: root bus resource [bus 00-ff]
[    0.270942] pci 0000:00:00.0: [8086:1237] type 00 class 0x060000
[    0.271875] pci 0000:00:01.0: [8086:7000] type 00 class 0x060100
[    0.272654] pci 0000:00:01.1: [8086:7111] type 00 class 0x01018a
[    0.273032] pci 0000:00:01.1: reg 0x20: [io  0xd000-0xd00f]
[    0.273188] pci 0000:00:01.1: legacy IDE quirk: reg 0x10: [io  0x01f0-0x01f7]
[    0.273189] pci 0000:00:01.1: legacy IDE quirk: reg 0x14: [io  0x03f6]
[    0.273190] pci 0000:00:01.1: legacy IDE quirk: reg 0x18: [io  0x0170-0x0177]
[    0.273191] pci 0000:00:01.1: legacy IDE quirk: reg 0x1c: [io  0x0376]
[    0.273729] pci 0000:00:02.0: [15ad:0405] type 00 class 0x030000
[    0.276397] pci 0000:00:02.0: reg 0x10: [io  0xd010-0xd01f]
[    0.276397] pci 0000:00:02.0: reg 0x14: [mem 0xe0000000-0xe7ffffff pref]
[    0.280428] pci 0000:00:02.0: reg 0x18: [mem 0xf0000000-0xf01fffff]
[    0.293007] pci 0000:00:03.0: [1022:2000] type 00 class 0x020000
[    0.293680] pci 0000:00:03.0: reg 0x10: [io  0xd020-0xd03f]
[    0.294284] pci 0000:00:03.0: reg 0x14: [mem 0xf0200000-0xf0200fff]
[    0.297763] pci 0000:00:04.0: [80ee:cafe] type 00 class 0x088000
[    0.298442] pci 0000:00:04.0: reg 0x10: [io  0xd040-0xd05f]
[    0.299060] pci 0000:00:04.0: reg 0x14: [mem 0xf0400000-0xf07fffff]
[    0.299668] pci 0000:00:04.0: reg 0x18: [mem 0xf0800000-0xf0803fff pref]
[    0.302880] pci 0000:00:07.0: [8086:7113] type 00 class 0x068000
[    0.303424] pci 0000:00:07.0: quirk: [io  0x4000-0x403f] claimed by PIIX4 ACPI
[    0.303434] pci 0000:00:07.0: quirk: [io  0x4100-0x410f] claimed by PIIX4 SMB
[    0.304054] pci 0000:00:08.0: [8086:100e] type 00 class 0x020000
[    0.304510] pci 0000:00:08.0: reg 0x10: [mem 0xf0820000-0xf083ffff]
[    0.305652] pci 0000:00:08.0: reg 0x18: [io  0xd060-0xd067]
[    0.309422] pci 0000:00:09.0: [8086:100e] type 00 class 0x020000
[    0.310121] pci 0000:00:09.0: reg 0x10: [mem 0xf0840000-0xf085ffff]
[    0.311317] pci 0000:00:09.0: reg 0x18: [io  0xd068-0xd06f]
[    0.321360] ACPI: PCI Interrupt Link [LNKA] (IRQs 5 9 10 *11)
[    0.321646] ACPI: PCI Interrupt Link [LNKB] (IRQs 5 9 *10 11)
[    0.321748] ACPI: PCI Interrupt Link [LNKC] (IRQs 5 *9 10 11)
[    0.321853] ACPI: PCI Interrupt Link [LNKD] (IRQs 5 9 10 *11)
[    0.322095] iommu: Default domain type: Translated 
[    0.322157] pci 0000:00:02.0: vgaarb: setting as boot VGA device
[    0.322159] pci 0000:00:02.0: vgaarb: VGA device added: decodes=io+mem,owns=io+mem,locks=none
[    0.322161] pci 0000:00:02.0: vgaarb: bridge control possible
[    0.322161] vgaarb: loaded
[    0.322363] SCSI subsystem initialized
[    0.322396] libata version 3.00 loaded.
[    0.322420] ACPI: bus type USB registered
[    0.322436] usbcore: registered new interface driver usbfs
[    0.322442] usbcore: registered new interface driver hub
[    0.322447] usbcore: registered new device driver usb
[    0.322471] pps_core: LinuxPPS API ver. 1 registered
[    0.322472] pps_core: Software ver. 5.3.6 - Copyright 2005-2007 Rodolfo Giometti <giometti@linux.it>
[    0.322474] PTP clock support registered
[    0.322506] EDAC MC: Ver: 3.0.0
[    0.322783] PCI: Using ACPI for IRQ routing
[    0.322784] PCI: pci_cache_line_size set to 64 bytes
[    0.322955] e820: reserve RAM buffer [mem 0x0009fc00-0x0009ffff]
[    0.322959] e820: reserve RAM buffer [mem 0x7fff0000-0x7fffffff]
[    0.324414] NetLabel: Initializing
[    0.324415] NetLabel:  domain hash size = 128
[    0.324415] NetLabel:  protocols = UNLABELED CIPSOv4 CALIPSO
[    0.324436] NetLabel:  unlabeled traffic allowed by default
[    0.325335] clocksource: Switched to clocksource kvm-clock
[    0.338933] *** VALIDATE bpf ***
[    0.338994] VFS: Disk quotas dquot_6.6.0
[    0.339006] VFS: Dquot-cache hash table entries: 512 (order 0, 4096 bytes)
[    0.339029] *** VALIDATE ramfs ***
[    0.339032] *** VALIDATE hugetlbfs ***
[    0.339114] AppArmor: AppArmor Filesystem Enabled
[    0.339141] pnp: PnP ACPI init
[    0.339211] pnp 00:00: Plug and Play ACPI device, IDs PNP0303 (active)
[    0.339300] pnp 00:01: Plug and Play ACPI device, IDs PNP0f03 (active)
[    0.340052] pnp: PnP ACPI: found 2 devices
[    0.341008] thermal_sys: Registered thermal governor 'fair_share'
[    0.341009] thermal_sys: Registered thermal governor 'bang_bang'
[    0.341010] thermal_sys: Registered thermal governor 'step_wise'
[    0.341010] thermal_sys: Registered thermal governor 'user_space'
[    0.341011] thermal_sys: Registered thermal governor 'power_allocator'
[    0.345557] clocksource: acpi_pm: mask: 0xffffff max_cycles: 0xffffff, max_idle_ns: 2085701024 ns
[    0.345598] pci_bus 0000:00: resource 4 [io  0x0000-0x0cf7 window]
[    0.345599] pci_bus 0000:00: resource 5 [io  0x0d00-0xffff window]
[    0.345601] pci_bus 0000:00: resource 6 [mem 0x000a0000-0x000bffff window]
[    0.345602] pci_bus 0000:00: resource 7 [mem 0x80000000-0xfdffffff window]
[    0.345659] NET: Registered protocol family 2
[    0.345731] IP idents hash table entries: 32768 (order: 6, 262144 bytes, linear)
[    0.346125] MPTCP tokens hash table entries: 8192 (order: 4, 65536 bytes, linear)
[    0.346145] MPTCP request tokens hash table entries: 8192 (order: 4, 65536 bytes, linear)
[    0.346170] default registered
[    0.346171] default registered
[    0.346171] MPTCP: Stable release v0.96
[    0.346176] tcp_listen_portaddr_hash hash table entries: 1024 (order: 2, 16384 bytes, linear)
[    0.346253] TCP established hash table entries: 16384 (order: 5, 131072 bytes, linear)
[    0.346317] TCP bind hash table entries: 16384 (order: 6, 262144 bytes, linear)
[    0.346343] TCP: Hash tables configured (established 16384 bind 16384)
[    0.347042] UDP hash table entries: 1024 (order: 3, 32768 bytes, linear)
[    0.347052] UDP-Lite hash table entries: 1024 (order: 3, 32768 bytes, linear)
[    0.347085] NET: Registered protocol family 1
[    0.347093] NET: Registered protocol family 44
[    0.347113] pci 0000:00:00.0: Limiting direct PCI/PCI transfers
[    0.347124] pci 0000:00:01.0: Activating ISA DMA hang workarounds
[    0.347199] pci 0000:00:02.0: Video device with shadowed ROM at [mem 0x000c0000-0x000dffff]
[    0.347263] PCI: CLS 0 bytes, default 64
[    0.347314] Trying to unpack rootfs image as initramfs...
[    0.520563] Freeing initrd memory: 47868K
[    0.520563] clocksource: tsc: mask: 0xffffffffffffffff max_cycles: 0x1e4530a99b6, max_idle_ns: 440795257976 ns
[    0.520563] clocksource: Switched to clocksource tsc
[    0.520563] platform rtc_cmos: registered platform RTC device (no PNP device found)
[    0.520563] check: Scanning for low memory corruption every 60 seconds
[    0.520563] Initialise system trusted keyrings
[    0.520563] Key type blacklist registered
[    0.520563] workingset: timestamp_bits=36 max_order=19 bucket_order=0
[    0.520563] zbud: loaded
[    0.520563] squashfs: version 4.0 (2009/01/31) Phillip Lougher
[    0.520563] fuse: init (API version 7.31)
[    0.520563] *** VALIDATE fuse ***
[    0.520563] *** VALIDATE fuse ***
[    0.520563] Platform Keyring initialized
[    0.520563] Key type asymmetric registered
[    0.520563] Asymmetric key parser 'x509' registered
[    0.520563] Block layer SCSI generic (bsg) driver version 0.4 loaded (major 244)
[    0.520563] io scheduler mq-deadline registered
[    0.520563] shpchp: Standard Hot Plug PCI Controller Driver version: 0.4
[    0.527788] ACPI: AC Adapter [AC] (on-line)
[    0.527834] input: Power Button as /devices/LNXSYSTM:00/LNXPWRBN:00/input/input0
[    0.527862] ACPI: Power Button [PWRF]
[    0.527936] input: Sleep Button as /devices/LNXSYSTM:00/LNXSLPBN:00/input/input1
[    0.527951] ACPI: Sleep Button [SLPF]
[    0.528186] Serial: 8250/16550 driver, 32 ports, IRQ sharing enabled
[    0.529321] Linux agpgart interface v0.103
[    0.619184] loop: module loaded
[    0.619315] ata_piix 0000:00:01.1: version 2.13
[    0.619702] scsi host0: ata_piix
[    0.619791] scsi host1: ata_piix
[    0.619817] ata1: PATA max UDMA/33 cmd 0x1f0 ctl 0x3f6 bmdma 0xd000 irq 14
[    0.619818] ata2: PATA max UDMA/33 cmd 0x170 ctl 0x376 bmdma 0xd008 irq 15
[    0.619891] tun: Universal TUN/TAP device driver, 1.6
[    0.620199] PPP generic driver version 2.4.2
[    0.620239] VFIO - User Level meta-driver version: 0.3
[    0.620476] ehci_hcd: USB 2.0 'Enhanced' Host Controller (EHCI) Driver
[    0.620480] ehci-pci: EHCI PCI platform driver
[    0.620493] ehci-platform: EHCI generic platform driver
[    0.620498] ohci_hcd: USB 1.1 'Open' Host Controller (OHCI) Driver
[    0.620499] ohci-pci: OHCI PCI platform driver
[    0.620506] ohci-platform: OHCI generic platform driver
[    0.620510] uhci_hcd: USB Universal Host Controller Interface driver
[    0.620572] i8042: PNP: PS/2 Controller [PNP0303:PS2K,PNP0f03:PS2M] at 0x60,0x64 irq 1,12
[    0.621009] serio: i8042 KBD port at 0x60,0x64 irq 1
[    0.621012] serio: i8042 AUX port at 0x60,0x64 irq 12
[    0.621094] mousedev: PS/2 mouse device common for all mice
[    0.621337] input: AT Translated Set 2 keyboard as /devices/platform/i8042/serio0/input/input2
[    0.621730] rtc_cmos rtc_cmos: registered as rtc0
[    0.621743] rtc_cmos rtc_cmos: alarms up to one day, 114 bytes nvram
[    0.621748] i2c /dev entries driver
[    0.621790] device-mapper: uevent: version 1.0.3
[    0.621831] device-mapper: ioctl: 4.41.0-ioctl (2019-09-16) initialised: dm-devel@redhat.com
[    0.621847] platform eisa.0: Probing EISA bus 0
[    0.621848] platform eisa.0: EISA: Cannot allocate resource for mainboard
[    0.621849] platform eisa.0: Cannot allocate resource for EISA slot 1
[    0.621850] platform eisa.0: Cannot allocate resource for EISA slot 2
[    0.621851] platform eisa.0: Cannot allocate resource for EISA slot 3
[    0.621852] platform eisa.0: Cannot allocate resource for EISA slot 4
[    0.621853] platform eisa.0: Cannot allocate resource for EISA slot 5
[    0.621854] platform eisa.0: Cannot allocate resource for EISA slot 6
[    0.621855] platform eisa.0: Cannot allocate resource for EISA slot 7
[    0.621856] platform eisa.0: Cannot allocate resource for EISA slot 8
[    0.621857] platform eisa.0: EISA: Detected 0 cards
[    0.621860] intel_pstate: CPU model not supported
[    0.621869] ledtrig-cpu: registered to indicate activity on CPUs
[    0.621920] drop_monitor: Initializing network drop monitor service
[    0.622076] NET: Registered protocol family 10
[    0.627160] Segment Routing with IPv6
[    0.627190] fullmesh registered
[    0.627191] ndiffports registered
[    0.627193] binder registered
[    0.627194] roundrobin registered
[    0.627194] redundant registered
[    0.627195] blest registered
[    0.627195] ecf registered
[    0.627197] NET: Registered protocol family 17
[    0.627226] Key type dns_resolver registered
[    0.627306] RAS: Correctable Errors collector initialized.
[    0.627306] IPI shorthand broadcast: enabled
[    0.627306] sched_clock: Marking stable (612180282, 11126141)->(624518014, -1211591)
[    0.627394] registered taskstats version 1
[    0.627402] Loading compiled-in X.509 certificates
[    0.627988] Loaded X.509 cert 'Build time autogenerated kernel key: 6909f3744cebb3d0de528d5887b96a727de79b1e'
[    0.628005] zswap: loaded using pool lzo/zbud
[    0.628055] Key type ._fscrypt registered
[    0.628056] Key type .fscrypt registered
[    0.632491] Key type big_key registered
[    0.634655] Key type encrypted registered
[    0.634658] AppArmor: AppArmor sha1 policy hashing enabled
[    0.634664] ima: No TPM chip found, activating TPM-bypass!
[    0.634668] ima: Allocated hash algorithm: sha1
[    0.634673] ima: No architecture policies found
[    0.634681] evm: Initialising EVM extended attributes:
[    0.634682] evm: security.selinux
[    0.634682] evm: security.SMACK64
[    0.634683] evm: security.SMACK64EXEC
[    0.634683] evm: security.SMACK64TRANSMUTE
[    0.634684] evm: security.SMACK64MMAP
[    0.634684] evm: security.apparmor
[    0.634684] evm: security.ima
[    0.634685] evm: security.capability
[    0.634686] evm: HMAC attrs: 0x1
[    0.634972] PM:   Magic number: 10:398:449
[    0.635091] rtc_cmos rtc_cmos: setting system clock to 2026-01-11T21:26:39 UTC (1768166799)
[    0.792060] ata1.00: ATA-6: VBOX HARDDISK, 1.0, max UDMA/133
[    0.792063] ata1.00: 209715200 sectors, multi 128: LBA 
[    0.792677] scsi 0:0:0:0: Direct-Access     ATA      VBOX HARDDISK    1.0  PQ: 0 ANSI: 5
[    0.792923] sd 0:0:0:0: [sda] 209715200 512-byte logical blocks: (107 GB/100 GiB)
[    0.792935] sd 0:0:0:0: [sda] Write Protect is off
[    0.792938] sd 0:0:0:0: [sda] Mode Sense: 00 3a 00 00
[    0.792956] sd 0:0:0:0: [sda] Write cache: enabled, read cache: enabled, doesn't support DPO or FUA
[    0.793151] sd 0:0:0:0: Attached scsi generic sg0 type 0
[    0.794498]  sda: sda1 sda2
[    0.803360] sd 0:0:0:0: [sda] Attached SCSI disk
[    0.806468] Freeing unused decrypted memory: 2040K
[    0.807408] Freeing unused kernel image memory: 2728K
[    0.807410] Write protecting the kernel read-only data: 22528k
[    0.808381] Freeing unused kernel image memory: 2036K
[    0.808916] Freeing unused kernel image memory: 1432K
[    0.833899] x86/mm: Checked W+X mappings: passed, no W+X pages found.
[    0.833904] Run /init as init process
[    0.938193] ACPI: Video Device [GFX0] (multi-head: yes  rom: no  post: no)
[    0.938263] input: Video Bus as /devices/LNXSYSTM:00/LNXSYBUS:00/PNP0A03:00/LNXVIDEO:00/input/input4
[    0.953221] piix4_smbus 0000:00:07.0: SMBus Host Controller at 0x4100, revision 0
[    0.955635] e1000: Intel(R) PRO/1000 Network Driver - version 7.3.21-k8-NAPI
[    0.955636] e1000: Copyright (c) 1999-2006 Intel Corporation.
[    0.965639] pcnet32: pcnet32.c:v1.35 21.Apr.2008 tsbogend@alpha.franken.de
[    0.966291] pcnet32: PCnet/FAST III 79C973 at 0xd020, 08:00:27:2e:09:fd assigned IRQ 19
[    0.966334] pcnet32: Found PHY 0022:561b at address 0
[    0.966645] pcnet32: eth0: registered as PCnet/FAST III 79C973
[    0.980001] pcnet32: 1 cards_found
[    1.033992] pcnet32 0000:00:03.0 enp0s3: renamed from eth0
[    1.169715] input: ImExPS/2 Generic Explorer Mouse as /devices/platform/i8042/serio1/input/input5
[    1.367114] e1000 0000:00:08.0 eth0: (PCI:33MHz:32-bit) 08:00:27:e2:cb:b9
[    1.367118] e1000 0000:00:08.0 eth0: Intel(R) PRO/1000 Network Connection
[    1.739434] e1000 0000:00:09.0 eth1: (PCI:33MHz:32-bit) 08:00:27:7d:f1:90
[    1.739437] e1000 0000:00:09.0 eth1: Intel(R) PRO/1000 Network Connection
[    1.740454] e1000 0000:00:09.0 enp0s9: renamed from eth1
[    1.742173] e1000 0000:00:08.0 enp0s8: renamed from eth0
[    1.891943] EXT4-fs (sda2): mounted filesystem with ordered data mode. Opts: (null)
[    1.987411] systemd[1]: Inserted module 'autofs4'
[    1.998972] systemd[1]: systemd 245.4-4ubuntu3 running in system mode. (+PAM +AUDIT +SELINUX +IMA +APPARMOR +SMACK +SYSVINIT +UTMP +LIBCRYPTSETUP +GCRYPT +GNUTLS +ACL +XZ +LZ4 +SECCOMP +BLKID +ELFUTILS +KMOD +IDN2 -IDN +PCRE2 default-hierarchy=hybrid)
[    1.999003] systemd[1]: Detected virtualization oracle.
[    1.999006] systemd[1]: Detected architecture x86-64.
[    2.000338] systemd[1]: Set hostname to <ztg>.
[    2.128616] systemd[1]: /lib/systemd/system/dbus.socket:5: ListenStream= references a path below legacy directory /var/run/, updating /var/run/dbus/system_bus_socket â†’ /run/dbus/system_bus_socket; please update the unit file accordingly.
[    2.182119] systemd[1]: Created slice system-modprobe.slice.
[    2.182299] systemd[1]: Created slice User and Session Slice.
[    2.182341] systemd[1]: Started Forward Password Requests to Wall Directory Watch.
[    2.182498] systemd[1]: Set up automount Arbitrary Executable File Formats File System Automount Point.
[    2.182530] systemd[1]: Reached target User and Group Name Lookups.
[    2.182538] systemd[1]: Reached target Remote File Systems.
[    2.182547] systemd[1]: Reached target Slices.
[    2.183132] systemd[1]: Listening on Syslog Socket.
[    2.183199] systemd[1]: Listening on fsck to fsckd communication Socket.
[    2.183238] systemd[1]: Listening on initctl Compatibility Named Pipe.
[    2.183364] systemd[1]: Listening on Journal Audit Socket.
[    2.183415] systemd[1]: Listening on Journal Socket (/dev/log).
[    2.183483] systemd[1]: Listening on Journal Socket.
[    2.183546] systemd[1]: Listening on udev Control Socket.
[    2.183585] systemd[1]: Listening on udev Kernel Socket.
[    2.184299] systemd[1]: Mounting Huge Pages File System...
[    2.185199] systemd[1]: Mounting POSIX Message Queue File System...
[    2.186038] systemd[1]: Mounting Kernel Debug File System...
[    2.186889] systemd[1]: Mounting Kernel Trace File System...
[    2.188804] systemd[1]: Starting Journal Service...
[    2.213119] systemd[1]: Starting Set the console keyboard layout...
[    2.220802] systemd[1]: Starting Create list of static device nodes for the current kernel...
[    2.222558] systemd[1]: Starting Load Kernel Module drm...
[    2.223556] systemd[1]: Condition check resulted in Set Up Additional Binary Formats being skipped.
[    2.223597] systemd[1]: Condition check resulted in File System Check on Root Device being skipped.
[    2.237378] systemd[1]: Starting Load Kernel Modules...
[    2.238596] systemd[1]: Starting Remount Root and Kernel File Systems...
[    2.253547] systemd[1]: Starting udev Coldplug all Devices...
[    2.262097] systemd[1]: Starting Uncomplicated firewall...
[    2.263635] systemd[1]: Mounted Huge Pages File System.
[    2.263720] systemd[1]: Mounted POSIX Message Queue File System.
[    2.263793] systemd[1]: Mounted Kernel Debug File System.
[    2.263859] systemd[1]: Mounted Kernel Trace File System.
[    2.282770] EXT4-fs (sda2): re-mounted. Opts: errors=remount-ro
[    2.293851] systemd[1]: Finished Create list of static device nodes for the current kernel.
[    2.294874] systemd[1]: modprobe@drm.service: Succeeded.
[    2.305898] systemd[1]: Finished Load Kernel Module drm.
[    2.306434] systemd[1]: Finished Remount Root and Kernel File Systems.
[    2.307470] systemd[1]: Finished Uncomplicated firewall.
[    2.324022] lp: driver loaded but no devices found
[    2.325698] systemd[1]: Condition check resulted in Rebuild Hardware Database being skipped.
[    2.325734] systemd[1]: Condition check resulted in Platform Persistent Storage Archival being skipped.
[    2.326390] systemd[1]: Starting Load/Save Random Seed...
[    2.332348] systemd[1]: Starting Create System Users...
[    2.341528] systemd[1]: Finished Load/Save Random Seed.
[    2.342500] ppdev: user-space parallel port driver
[    2.351697] systemd[1]: Finished Create System Users.
[    2.353179] systemd[1]: Starting Create Static Device Nodes in /dev...
[    2.390680] systemd[1]: Finished Create Static Device Nodes in /dev.
[    2.391458] systemd[1]: Starting udev Kernel Device Manager...
[    2.415714] systemd[1]: Finished udev Coldplug all Devices.
[    2.416724] [drm] DMA map mode: Caching DMA mappings.
[    2.416786] [drm] Capabilities:
[    2.416786] [drm]   Rect copy.
[    2.416786] [drm]   Cursor.
[    2.416787] [drm]   Cursor bypass.
[    2.416787] [drm]   Cursor bypass 2.
[    2.416787] [drm]   Alpha cursor.
[    2.416788] [drm]   Extended Fifo.
[    2.416788] [drm]   Pitchlock.
[    2.416788] [drm]   Irq mask.
[    2.416789] [drm]   GMR.
[    2.416789] [drm]   Traces.
[    2.416789] [drm]   GMR2.
[    2.416790] [drm]   Screen Object 2.
[    2.416790] [drm]   Command Buffers.
[    2.416790] [drm]   Command Buffers 2.
[    2.416791] [drm]   Guest Backed Resources.
[    2.416792] [drm] Max GMR ids is 8192
[    2.416792] [drm] Max number of GMR pages is 1048576
[    2.416793] [drm] Max dedicated hypervisor surface memory is 393216 kiB
[    2.416793] [drm] Maximum display memory size is 131072 kiB
[    2.416794] [drm] VRAM at 0xe0000000 size is 131072 kiB
[    2.416795] [drm] MMIO at 0xf0000000 size is 2048 kiB
[    2.434478] [TTM] Zone  kernel: Available graphics memory: 1011738 KiB
[    2.434479] [TTM] Initializing pool allocator
[    2.434483] [TTM] Initializing DMA pool allocator
[    2.434517] [drm] Supports vblank timestamp caching Rev 2 (21.10.2013).
[    2.434518] [drm] No driver support for vblank timestamp query.
[    2.434771] [drm] Screen Target Display device initialized
[    2.434972] [drm] width 720
[    2.434990] [drm] height 400
[    2.434994] [drm] bpp 32
[    2.435524] [drm] Fifo max 0x00200000 min 0x00001000 cap 0x00000355
[    2.436578] [drm] Using command buffers with DMA pool.
[    2.436581] [drm] DX: no.
[    2.436582] [drm] Atomic: yes.
[    2.436582] [drm] SM4_1: no.
[    2.436602] [drm:vmw_host_log [vmwgfx]] *ERROR* Failed to send host log message.
[    2.437607] [drm:vmw_host_log [vmwgfx]] *ERROR* Failed to send host log message.
[    2.445486] fbcon: svgadrmfb (fb0) is primary device
[    2.452497] Console: switching to colour frame buffer device 100x37
[    2.457866] [drm] Initialized vmwgfx 2.15.0 20180704 for 0000:00:02.0 on minor 0
[    2.458773] systemd[1]: Finished Load Kernel Modules.
[    2.459698] systemd[1]: Mounting FUSE Control File System...
[    2.460867] systemd[1]: Mounting Kernel Configuration File System...
[    2.472324] systemd[1]: Starting Apply Kernel Variables...
[    2.473358] systemd[1]: Mounted FUSE Control File System.
[    2.473432] systemd[1]: Condition check resulted in VMware vmblock fuse mount being skipped.
[    2.482228] systemd[1]: Mounted Kernel Configuration File System.
[    2.505227] systemd[1]: Finished Set the console keyboard layout.
[    2.505337] systemd[1]: Reached target Local File Systems (Pre).
[    2.507557] systemd[1]: Mounting Mount unit for bare, revision 5...
[    2.509967] systemd[1]: Mounting Mount unit for core18, revision 1705...
[    2.516436] systemd[1]: Mounting Mount unit for gnome-3-34-1804, revision 24...
[    2.546066] systemd[1]: Mounting Mount unit for gtk-common-themes, revision 1506...
[    2.549105] systemd[1]: Mounting Mount unit for gtk-common-themes, revision 1535...
[    2.556973] systemd[1]: Mounting Mount unit for snap-store, revision 433...
[    2.564025] systemd[1]: Mounting Mount unit for snapd, revision 7264...
[    2.572549] systemd[1]: Finished Apply Kernel Variables.
[    2.574815] systemd[1]: Mounted Mount unit for bare, revision 5.
[    2.585591] systemd[1]: Mounted Mount unit for core18, revision 1705.
[    2.594000] systemd[1]: Mounted Mount unit for gnome-3-34-1804, revision 24.
[    2.594089] systemd[1]: Mounted Mount unit for gtk-common-themes, revision 1506.
[    2.616706] systemd[1]: Started udev Kernel Device Manager.
[    2.617389] systemd[1]: Starting Show Plymouth Boot Screen...
[    2.623533] systemd[1]: Received SIGRTMIN+20 from PID 284 (plymouthd).
[    2.648098] systemd[1]: Started Show Plymouth Boot Screen.
[    2.648240] systemd[1]: Condition check resulted in Dispatch Password Requests to Console Directory Watch being skipped.
[    2.648326] systemd[1]: Started Forward Password Requests to Plymouth Directory Watch.
[    2.648355] systemd[1]: Reached target Local Encrypted Volumes.
[    2.664075] systemd[1]: Mounted Mount unit for snap-store, revision 433.
[    2.699578] systemd[1]: Mounted Mount unit for gtk-common-themes, revision 1535.
[    2.699838] systemd[1]: Mounted Mount unit for snapd, revision 7264.
[    2.700001] systemd[1]: Reached target Local File Systems.
[    2.700785] systemd[1]: Starting Load AppArmor profiles...
[    2.713958] systemd[1]: Starting Set console font and keymap...
[    2.726741] systemd[1]: Starting Tell Plymouth To Write Out Runtime Data...
[    2.727119] systemd[1]: Condition check resulted in Store a System Token in an EFI Variable being skipped.
[    2.727159] systemd[1]: Condition check resulted in Commit a transient machine-id on disk being skipped.
[    2.732056] systemd[1]: Finished Set console font and keymap.
[    2.739963] systemd[1]: Received SIGRTMIN+20 from PID 284 (plymouthd).
[    2.741056] systemd[1]: plymouth-read-write.service: Succeeded.
[    2.741285] systemd[1]: Finished Tell Plymouth To Write Out Runtime Data.
[    2.762897] audit: type=1400 audit(1768166801.624:2): apparmor="STATUS" operation="profile_load" profile="unconfined" name="nvidia_modprobe" pid=303 comm="apparmor_parser"
[    2.762899] audit: type=1400 audit(1768166801.624:3): apparmor="STATUS" operation="profile_load" profile="unconfined" name="nvidia_modprobe//kmod" pid=303 comm="apparmor_parser"
[    2.771863] audit: type=1400 audit(1768166801.636:4): apparmor="STATUS" operation="profile_load" profile="unconfined" name="/usr/sbin/tcpdump" pid=304 comm="apparmor_parser"
[    2.819988] audit: type=1400 audit(1768166801.676:5): apparmor="STATUS" operation="profile_load" profile="unconfined" name="/usr/bin/evince" pid=306 comm="apparmor_parser"
[    2.819991] audit: type=1400 audit(1768166801.676:6): apparmor="STATUS" operation="profile_load" profile="unconfined" name="/usr/bin/evince//sanitized_helper" pid=306 comm="apparmor_parser"
[    2.819992] audit: type=1400 audit(1768166801.676:7): apparmor="STATUS" operation="profile_load" profile="unconfined" name="/usr/bin/evince-previewer" pid=306 comm="apparmor_parser"
[    2.819994] audit: type=1400 audit(1768166801.676:8): apparmor="STATUS" operation="profile_load" profile="unconfined" name="/usr/bin/evince-previewer//sanitized_helper" pid=306 comm="apparmor_parser"
[    2.819995] audit: type=1400 audit(1768166801.676:9): apparmor="STATUS" operation="profile_load" profile="unconfined" name="/usr/bin/evince-thumbnailer" pid=306 comm="apparmor_parser"
[    2.834496] audit: type=1400 audit(1768166801.696:10): apparmor="STATUS" operation="profile_load" profile="unconfined" name="/usr/lib/cups/backend/cups-pdf" pid=307 comm="apparmor_parser"
[    2.956070] systemd[1]: Finished Load AppArmor profiles.
[    2.957035] systemd[1]: Starting Load AppArmor profiles managed internally by snapd...
[    3.005941] systemd[1]: Finished Load AppArmor profiles managed internally by snapd.
[    3.355005] systemd[1]: Started Journal Service.
[    3.367715] systemd-journald[229]: Received client request to flush runtime journal.
[    3.370856] systemd-journald[229]: File /var/log/journal/c455b248004a419c87ce85eea238d727/system.journal corrupted or uncleanly shut down, renaming and replacing.
[    4.706694] RAPL PMU: API unit is 2^-32 Joules, 0 fixed counters, 10737418240 ms ovfl timer
[    4.774586] cryptd: max_cpu_qlen set to 1000
[    4.817617] AVX2 version of gcm_enc/dec engaged.
[    4.817618] AES CTR mode by8 optimization enabled
[    5.637913] Adding 1998844k swap on /dev/sda1.  Priority:-2 extents:1 across:1998844k FS
[    6.533620] kauditd_printk_skb: 30 callbacks suppressed
[    6.533621] audit: type=1400 audit(1768166805.396:41): apparmor="DENIED" operation="capable" profile="/usr/sbin/cups-browsed" pid=497 comm="cups-browsed" capability=23  capname="sys_nice"
[    7.724546] pcnet32 0000:00:03.0 enp0s3: link up, 100Mbps, full-duplex
[    7.827501] e1000: enp0s9 NIC Link is Up 1000 Mbps Full Duplex, Flow Control: RX
[    7.827804] e1000: enp0s8 NIC Link is Up 1000 Mbps Full Duplex, Flow Control: RX
[    7.828104] IPv6: ADDRCONF(NETDEV_CHANGE): enp0s9: link becomes ready
[    7.828150] IPv6: ADDRCONF(NETDEV_CHANGE): enp0s8: link becomes ready
[    8.580555] device enp0s3 entered promiscuous mode
[    8.610801] audit: type=1400 audit(1768166807.472:42): apparmor="DENIED" operation="open" profile="/usr/sbin/tcpdump" name="/proc/sys/kernel/random/boot_id" pid=673 comm="tcpdump" requested_mask="r" denied_mask="r" fsuid=0 ouid=0
[    8.612999] audit: type=1400 audit(1768166807.472:43): apparmor="DENIED" operation="open" profile="/usr/sbin/tcpdump" name="/proc/sys/kernel/random/boot_id" pid=673 comm="tcpdump" requested_mask="r" denied_mask="r" fsuid=0 ouid=0
[    8.613130] audit: type=1400 audit(1768166807.472:44): apparmor="DENIED" operation="open" profile="/usr/sbin/tcpdump" name="/proc/sys/kernel/random/boot_id" pid=673 comm="tcpdump" requested_mask="r" denied_mask="r" fsuid=0 ouid=0
[    8.613189] audit: type=1400 audit(1768166807.472:45): apparmor="DENIED" operation="open" profile="/usr/sbin/tcpdump" name="/proc/sys/kernel/random/boot_id" pid=673 comm="tcpdump" requested_mask="r" denied_mask="r" fsuid=0 ouid=0
[    8.615879] audit: type=1400 audit(1768166807.476:46): apparmor="DENIED" operation="open" profile="/usr/sbin/tcpdump" name="/proc/sys/kernel/random/boot_id" pid=674 comm="tcpdump" requested_mask="r" denied_mask="r" fsuid=0 ouid=0
[    8.616246] audit: type=1400 audit(1768166807.476:47): apparmor="DENIED" operation="open" profile="/usr/sbin/tcpdump" name="/proc/sys/kernel/random/boot_id" pid=674 comm="tcpdump" requested_mask="r" denied_mask="r" fsuid=0 ouid=0
[    8.616286] audit: type=1400 audit(1768166807.476:48): apparmor="DENIED" operation="open" profile="/usr/sbin/tcpdump" name="/proc/sys/kernel/random/boot_id" pid=674 comm="tcpdump" requested_mask="r" denied_mask="r" fsuid=0 ouid=0
[    8.616731] audit: type=1400 audit(1768166807.476:49): apparmor="DENIED" operation="open" profile="/usr/sbin/tcpdump" name="/proc/sys/kernel/random/boot_id" pid=674 comm="tcpdump" requested_mask="r" denied_mask="r" fsuid=0 ouid=0
[   13.307477] rfkill: input handler disabled
[  204.166750] AAAAA-TCP_FORW: name:enp0s3: saddr:100932208: daddr:16783984
[  206.090653] AAAAA-TCP_FORW: name:enp0s3: saddr:100932208: daddr:16783984
[  210.149501] AAAAA-TCP_FORW: name:enp0s3: saddr:100932208: daddr:16783984
[  210.348063] AAAAA-TCP_FORW: name:enp0s3: saddr:16783984: daddr:100932208
[  210.443841] AAAAA-TCP_FORW: name:enp0s3: saddr:100932208: daddr:16783984
[  210.474623] AAAAA-TCP_FORW: name:enp0s3: saddr:100932208: daddr:16783984
[  210.537266] AAAAA-TCP_FORW: name:enp0s3: saddr:16783984: daddr:100932208
[  210.654031] AAAAA-TCP_FORW: name:enp0s3: saddr:16783984: daddr:100932208
[  210.690766] AAAAA-TCP_FORW: name:enp0s3: saddr:16783984: daddr:100932208
[  210.795656] AAAAA-TCP_FORW: name:enp0s3: saddr:100932208: daddr:33561200
[  210.822606] AAAAA-TCP_FORW: name:enp0s3: saddr:100932208: daddr:16783984
[  210.848818] AAAAA-TCP_FORW: name:enp0s3: saddr:100932208: daddr:16783984
[  211.033323] AAAAA-TCP_FORW: name:enp0s3: saddr:33561200: daddr:100932208
[  211.102976] AAAAA-TCP_FORW: name:enp0s3: saddr:16783984: daddr:100932208
[  211.170481] AAAAA-TCP_FORW: name:enp0s3: saddr:100932208: daddr:33561200
[  211.267390] AAAAA-TCP_FORW: name:enp0s3: saddr:100932208: daddr:16783984
[  211.395856] AAAAA-TCP_FORW: name:enp0s3: saddr:33561200: daddr:100932208
[  211.502694] AAAAA-TCP_FORW: name:enp0s3: saddr:16783984: daddr:100932208
[  211.539844] AAAAA-TCP_FORW: name:enp0s3: saddr:16783984: daddr:100932208
[  211.605721] AAAAA-TCP_FORW: name:enp0s3: saddr:100932208: daddr:16783984
[  211.624826] AAAAA-TCP_FORW: name:enp0s3: saddr:100932208: daddr:16783984
[  211.728533] AAAAA-TCP_FORW: name:enp0s3: saddr:16783984: daddr:100932208
[  211.743768] AAAAA-TCP_FORW: name:enp0s3: saddr:100932208: daddr:16783984
[  211.782582] AAAAA-TCP_FORW: name:enp0s3: saddr:100932208: daddr:16783984
[  211.814310] AAAAA-TCP_FORW: name:enp0s3: saddr:16783984: daddr:100932208
[  211.879553] AAAAA-TCP_FORW: name:enp0s3: saddr:16783984: daddr:100932208
[  211.918946] AAAAA-TCP_FORW: name:enp0s3: saddr:16783984: daddr:100932208
[  212.003450] AAAAA-TCP_FORW: name:enp0s3: saddr:100932208: daddr:33561200
[  212.047671] AAAAA-TCP_FORW: name:enp0s3: saddr:100932208: daddr:16783984
[  212.216030] AAAAA-TCP_FORW: name:enp0s3: saddr:33561200: daddr:100932208
[  212.305575] AAAAA-TCP_FORW: name:enp0s3: saddr:100932208: daddr:33561200
[  212.403278] AAAAA-TCP_FORW: name:enp0s3: saddr:16783984: daddr:100932208
[  212.460858] AAAAA-TCP_FORW: name:enp0s3: saddr:100932208: daddr:16783984
[  212.485890] AAAAA-TCP_FORW: name:enp0s3: saddr:100932208: daddr:16783984
[  212.537060] AAAAA-TCP_FORW: name:enp0s3: saddr:100932208: daddr:16783984
[  212.576014] AAAAA-TCP_FORW: name:enp0s3: saddr:100932208: daddr:16783984
[  212.607191] AAAAA-TCP_FORW: name:enp0s3: saddr:100932208: daddr:16783984
[  212.633315] AAAAA-TCP_FORW: name:enp0s3: saddr:100932208: daddr:16783984
[  212.662562] AAAAA-TCP_FORW: name:enp0s3: saddr:100932208: daddr:16783984
[  212.675245] AAAAA-TCP_FORW: name:enp0s3: saddr:33561200: daddr:100932208
[  212.716842] AAAAA-TCP_FORW: name:enp0s3: saddr:100932208: daddr:16783984
[  212.757012] AAAAA-TCP_FORW: name:enp0s3: saddr:100932208: daddr:16783984
[  212.827080] AAAAA-TCP_FORW: name:enp0s3: saddr:100932208: daddr:16783984
[  212.930927] AAAAA-TCP_FORW: name:enp0s3: saddr:100932208: daddr:16783984
[  212.978198] AAAAA-TCP_FORW: name:enp0s3: saddr:16783984: daddr:100932208
[  212.997770] AAAAA-TCP_FORW: name:enp0s3: saddr:100932208: daddr:16783984
[  213.040032] AAAAA-TCP_FORW: name:enp0s3: saddr:100932208: daddr:16783984
[  213.087176] AAAAA-TCP_FORW: name:enp0s3: saddr:100932208: daddr:33561200
[  213.119135] AAAAA-TCP_FORW: name:enp0s3: saddr:16783984: daddr:100932208
[  213.131000] AAAAA-TCP_FORW: name:enp0s3: saddr:100932208: daddr:33561200
[  213.169055] AAAAA-TCP_FORW: name:enp0s3: saddr:100932208: daddr:33561200
[  213.247936] AAAAA-TCP_FORW: name:enp0s3: saddr:100932208: daddr:33561200
[  213.301894] AAAAA-TCP_FORW: name:enp0s3: saddr:100932208: daddr:33561200
[  213.333160] AAAAA-TCP_FORW: name:enp0s3: saddr:16783984: daddr:100932208
[  213.364079] AAAAA-TCP_FORW: name:enp0s3: saddr:100932208: daddr:33561200
[  213.432250] AAAAA-TCP_FORW: name:enp0s3: saddr:100932208: daddr:33561200
[  213.509703] AAAAA-TCP_FORW: name:enp0s3: saddr:100932208: daddr:33561200
[  213.523563] AAAAA-TCP_FORW: name:enp0s3: saddr:16783984: daddr:100932208
[  213.558370] AAAAA-TCP_FORW: name:enp0s3: saddr:100932208: daddr:33561200
[  213.604379] AAAAA-TCP_FORW: name:enp0s3: saddr:100932208: daddr:33561200
[  213.671610] AAAAA-TCP_FORW: name:enp0s3: saddr:16783984: daddr:100932208
[  213.681429] AAAAA-TCP_FORW: name:enp0s3: saddr:100932208: daddr:16783984
[  213.734160] AAAAA-TCP_FORW: name:enp0s3: saddr:100932208: daddr:16783984
[  213.792484] AAAAA-TCP_FORW: name:enp0s3: saddr:100932208: daddr:16783984
[  213.808542] AAAAA-TCP_FORW: name:enp0s3: saddr:16783984: daddr:100932208
[  213.837024] AAAAA-TCP_FORW: name:enp0s3: saddr:100932208: daddr:33561200
[  213.911564] AAAAA-TCP_FORW: name:enp0s3: saddr:100932208: daddr:16783984
[  213.963384] AAAAA-TCP_FORW: name:enp0s3: saddr:100932208: daddr:16783984
[  214.129308] AAAAA-TCP_FORW: name:enp0s3: saddr:100932208: daddr:16783984
[  214.145736] AAAAA-TCP_FORW: name:enp0s3: saddr:16783984: daddr:100932208
[  214.192790] AAAAA-TCP_FORW: name:enp0s3: saddr:100932208: daddr:16783984
[  214.299412] AAAAA-TCP_FORW: name:enp0s3: saddr:16783984: daddr:100932208
[  214.318891] AAAAA-TCP_FORW: name:enp0s3: saddr:100932208: daddr:16783984
[  214.344975] AAAAA-TCP_FORW: name:enp0s3: saddr:16783984: daddr:100932208
[  214.377137] AAAAA-TCP_FORW: name:enp0s3: saddr:100932208: daddr:16783984
[  214.453872] AAAAA-TCP_FORW: name:enp0s3: saddr:16783984: daddr:100932208
[  214.544076] AAAAA-TCP_FORW: name:enp0s3: saddr:100932208: daddr:16783984
[  214.560615] AAAAA-TCP_FORW: name:enp0s3: saddr:16783984: daddr:100932208
[  214.580755] AAAAA-TCP_FORW: name:enp0s3: saddr:100932208: daddr:16783984
[  214.661161] AAAAA-TCP_FORW: name:enp0s3: saddr:100932208: daddr:33561200
[  214.748043] AAAAA-TCP_FORW: name:enp0s3: saddr:16783984: daddr:100932208
[  214.809577] AAAAA-TCP_FORW: name:enp0s3: saddr:100932208: daddr:16783984
[  214.860434] AAAAA-TCP_FORW: name:enp0s3: saddr:100932208: daddr:16783984
[  214.895838] AAAAA-TCP_FORW: name:enp0s3: saddr:33561200: daddr:100932208
[  214.948316] AAAAA-TCP_FORW: name:enp0s3: saddr:33561200: daddr:100932208
[  214.976964] AAAAA-TCP_FORW: name:enp0s3: saddr:33561200: daddr:100932208
[  215.057396] AAAAA-TCP_FORW: name:enp0s3: saddr:100932208: daddr:16783984
[  215.093194] AAAAA-TCP_FORW: name:enp0s3: saddr:33561200: daddr:100932208
[  215.106780] AAAAA-TCP_FORW: name:enp0s3: saddr:100932208: daddr:16783984
[  215.200344] AAAAA-TCP_FORW: name:enp0s3: saddr:100932208: daddr:16783984
[  215.284265] AAAAA-TCP_FORW: name:enp0s3: saddr:33561200: daddr:100932208
[  215.383263] AAAAA-TCP_FORW: name:enp0s3: saddr:100932208: daddr:16783984
[  215.495545] AAAAA-TCP_FORW: name:enp0s3: saddr:33561200: daddr:100932208
[  215.523746] AAAAA-TCP_FORW: name:enp0s3: saddr:100932208: daddr:16783984
[  215.618240] AAAAA-TCP_FORW: name:enp0s3: saddr:100932208: daddr:16783984
[  215.706279] AAAAA-TCP_FORW: name:enp0s3: saddr:33561200: daddr:100932208
[  215.787191] AAAAA-TCP_FORW: name:enp0s3: saddr:33561200: daddr:100932208
[  215.891921] AAAAA-TCP_FORW: name:enp0s3: saddr:33561200: daddr:100932208
[  215.998416] AAAAA-TCP_FORW: name:enp0s3: saddr:100932208: daddr:33561200
[  216.051786] AAAAA-TCP_FORW: name:enp0s3: saddr:33561200: daddr:100932208
[  216.088616] AAAAA-TCP_FORW: name:enp0s3: saddr:100932208: daddr:33561200
[  216.137231] AAAAA-TCP_FORW: name:enp0s3: saddr:100932208: daddr:33561200
[  216.154128] AAAAA-TCP_FORW: name:enp0s3: saddr:100932208: daddr:33561200
[  216.195146] AAAAA-TCP_FORW: name:enp0s3: saddr:100932208: daddr:33561200
[  216.216480] AAAAA-TCP_FORW: name:enp0s3: saddr:100932208: daddr:33561200
[  216.239280] AAAAA-TCP_FORW: name:enp0s3: saddr:16783984: daddr:100932208
[  216.261176] AAAAA-TCP_FORW: name:enp0s3: saddr:100932208: daddr:33561200
[  216.287142] AAAAA-TCP_FORW: name:enp0s3: saddr:16783984: daddr:100932208
[  216.300099] AAAAA-TCP_FORW: name:enp0s3: saddr:100932208: daddr:33561200
[  216.324384] AAAAA-TCP_FORW: name:enp0s3: saddr:16783984: daddr:100932208
[  216.392353] AAAAA-TCP_FORW: name:enp0s3: saddr:100932208: daddr:33561200
[  216.422691] AAAAA-TCP_FORW: name:enp0s3: saddr:100932208: daddr:33561200
[  216.581715] AAAAA-TCP_FORW: name:enp0s3: saddr:33561200: daddr:100932208
[  216.603201] AAAAA-TCP_FORW: name:enp0s3: saddr:100932208: daddr:33561200
[  216.631302] AAAAA-TCP_FORW: name:enp0s3: saddr:16783984: daddr:100932208
[  216.671850] AAAAA-TCP_FORW: name:enp0s3: saddr:100932208: daddr:33561200
[  216.695207] AAAAA-TCP_FORW: name:enp0s3: saddr:16783984: daddr:100932208
[  216.750583] AAAAA-TCP_FORW: name:enp0s3: saddr:16783984: daddr:100932208
[  216.829081] AAAAA-TCP_FORW: name:enp0s3: saddr:16783984: daddr:100932208
[  216.888697] AAAAA-TCP_FORW: name:enp0s3: saddr:16783984: daddr:100932208
[  216.919824] AAAAA-TCP_FORW: name:enp0s3: saddr:100932208: daddr:33561200
[  216.970550] AAAAA-TCP_FORW: name:enp0s3: saddr:100932208: daddr:33561200
[  217.027354] AAAAA-TCP_FORW: name:enp0s3: saddr:100932208: daddr:33561200
[  217.129985] AAAAA-TCP_FORW: name:enp0s3: saddr:100932208: daddr:33561200
[  217.160954] AAAAA-TCP_FORW: name:enp0s3: saddr:16783984: daddr:100932208
[  217.219305] AAAAA-TCP_FORW: name:enp0s3: saddr:16783984: daddr:100932208
[  217.232978] AAAAA-TCP_FORW: name:enp0s3: saddr:100932208: daddr:33561200
[  217.289486] AAAAA-TCP_FORW: name:enp0s3: saddr:100932208: daddr:33561200
[  217.358517] AAAAA-TCP_FORW: name:enp0s3: saddr:16783984: daddr:100932208
[  217.412379] AAAAA-TCP_FORW: name:enp0s3: saddr:33561200: daddr:100932208
[  217.476835] AAAAA-TCP_FORW: name:enp0s3: saddr:16783984: daddr:100932208
[  217.520133] AAAAA-TCP_FORW: name:enp0s3: saddr:16783984: daddr:100932208
[  217.625417] AAAAA-TCP_FORW: name:enp0s3: saddr:100932208: daddr:16783984
[  217.709704] AAAAA-TCP_FORW: name:enp0s3: saddr:100932208: daddr:16783984
[  217.728709] AAAAA-TCP_FORW: name:enp0s3: saddr:16783984: daddr:100932208
[  217.781957] AAAAA-TCP_FORW: name:enp0s3: saddr:16783984: daddr:100932208
[  217.813674] AAAAA-TCP_FORW: name:enp0s3: saddr:16783984: daddr:100932208
[  217.928604] AAAAA-TCP_FORW: name:enp0s3: saddr:16783984: daddr:100932208
[  217.986930] AAAAA-TCP_FORW: name:enp0s3: saddr:100932208: daddr:16783984
[  218.077525] AAAAA-TCP_FORW: name:enp0s3: saddr:100932208: daddr:16783984
[  218.148935] AAAAA-TCP_FORW: name:enp0s3: saddr:100932208: daddr:16783984
[  218.226890] AAAAA-TCP_FORW: name:enp0s3: saddr:100932208: daddr:16783984
[  218.286026] AAAAA-TCP_FORW: name:enp0s3: saddr:16783984: daddr:100932208
[  218.308510] AAAAA-TCP_FORW: name:enp0s3: saddr:100932208: daddr:16783984
[  218.408088] AAAAA-TCP_FORW: name:enp0s3: saddr:16783984: daddr:100932208
[  218.663749] AAAAA-TCP_FORW: name:enp0s3: saddr:100932208: daddr:16783984
[  218.678741] AAAAA-TCP_FORW: name:enp0s3: saddr:33561200: daddr:100932208
[  218.806778] AAAAA-TCP_FORW: name:enp0s3: saddr:100932208: daddr:16783984
[  218.832111] AAAAA-TCP_FORW: name:enp0s3: saddr:33561200: daddr:100932208
[  218.864348] AAAAA-TCP_FORW: name:enp0s3: saddr:33561200: daddr:100932208
[  218.905710] AAAAA-TCP_FORW: name:enp0s3: saddr:33561200: daddr:100932208
[  218.921902] AAAAA-TCP_FORW: name:enp0s3: saddr:33561200: daddr:100932208
[  218.937111] AAAAA-TCP_FORW: name:enp0s3: saddr:100932208: daddr:16783984
[  218.969629] AAAAA-TCP_FORW: name:enp0s3: saddr:33561200: daddr:100932208
[  218.996403] AAAAA-TCP_FORW: name:enp0s3: saddr:33561200: daddr:100932208
[  219.090342] AAAAA-TCP_FORW: name:enp0s3: saddr:33561200: daddr:100932208
[  219.106027] AAAAA-TCP_FORW: name:enp0s3: saddr:100932208: daddr:16783984
[  219.170203] AAAAA-TCP_FORW: name:enp0s3: saddr:33561200: daddr:100932208
[  219.192692] AAAAA-TCP_FORW: name:enp0s3: saddr:100932208: daddr:16783984
[  219.209667] AAAAA-TCP_FORW: name:enp0s3: saddr:33561200: daddr:100932208
[  219.335417] AAAAA-TCP_FORW: name:enp0s3: saddr:33561200: daddr:100932208
[  219.353931] AAAAA-TCP_FORW: name:enp0s3: saddr:100932208: daddr:16783984
[  219.399554] AAAAA-TCP_FORW: name:enp0s3: saddr:33561200: daddr:100932208
[  219.426079] AAAAA-TCP_FORW: name:enp0s3: saddr:100932208: daddr:16783984
[  219.462000] AAAAA-TCP_FORW: name:enp0s3: saddr:100932208: daddr:16783984
[  219.526724] AAAAA-TCP_FORW: name:enp0s3: saddr:100932208: daddr:16783984
[  219.603584] AAAAA-TCP_FORW: name:enp0s3: saddr:33561200: daddr:100932208
[  219.650821] AAAAA-TCP_FORW: name:enp0s3: saddr:100932208: daddr:16783984
[  219.666026] AAAAA-TCP_FORW: name:enp0s3: saddr:33561200: daddr:100932208
[  219.696664] AAAAA-TCP_FORW: name:enp0s3: saddr:33561200: daddr:100932208
[  219.758372] AAAAA-TCP_FORW: name:enp0s3: saddr:33561200: daddr:100932208
[  219.774476] AAAAA-TCP_FORW: name:enp0s3: saddr:100932208: daddr:16783984
[  219.855731] AAAAA-TCP_FORW: name:enp0s3: saddr:33561200: daddr:100932208
[  219.872584] AAAAA-TCP_FORW: name:enp0s3: saddr:100932208: daddr:33561200
[  219.980080] AAAAA-TCP_FORW: name:enp0s3: saddr:100932208: daddr:33561200
[  220.043684] AAAAA-TCP_FORW: name:enp0s3: saddr:100932208: daddr:33561200
[  220.062537] AAAAA-TCP_FORW: name:enp0s3: saddr:33561200: daddr:100932208
[  220.104388] AAAAA-TCP_FORW: name:enp0s3: saddr:100932208: daddr:33561200
[  220.121005] AAAAA-TCP_FORW: name:enp0s3: saddr:16783984: daddr:100932208
[  220.176784] AAAAA-TCP_FORW: name:enp0s3: saddr:100932208: daddr:33561200
[  220.213155] AAAAA-TCP_FORW: name:enp0s3: saddr:100932208: daddr:33561200
[  220.220387] AAAAA-TCP_FORW: name:enp0s3: saddr:16783984: daddr:100932208
[  220.256359] AAAAA-TCP_FORW: name:enp0s3: saddr:100932208: daddr:33561200
[  220.323771] AAAAA-TCP_FORW: name:enp0s3: saddr:100932208: daddr:33561200
[  220.341875] AAAAA-TCP_FORW: name:enp0s3: saddr:16783984: daddr:100932208
[  220.415151] AAAAA-TCP_FORW: name:enp0s3: saddr:100932208: daddr:33561200
[  220.435588] AAAAA-TCP_FORW: name:enp0s3: saddr:16783984: daddr:100932208
[  220.466969] AAAAA-TCP_FORW: name:enp0s3: saddr:16783984: daddr:100932208
[  220.486183] AAAAA-TCP_FORW: name:enp0s3: saddr:16783984: daddr:100932208
[  220.501192] AAAAA-TCP_FORW: name:enp0s3: saddr:100932208: daddr:33561200
[  220.522276] AAAAA-TCP_FORW: name:enp0s3: saddr:16783984: daddr:100932208
[  220.564513] AAAAA-TCP_FORW: name:enp0s3: saddr:100932208: daddr:33561200
[  220.607416] AAAAA-TCP_FORW: name:enp0s3: saddr:16783984: daddr:100932208
[  220.625465] AAAAA-TCP_FORW: name:enp0s3: saddr:100932208: daddr:33561200
[  220.666506] AAAAA-TCP_FORW: name:enp0s3: saddr:16783984: daddr:100932208
[  220.754965] AAAAA-TCP_FORW: name:enp0s3: saddr:16783984: daddr:100932208
[  220.844219] AAAAA-TCP_FORW: name:enp0s3: saddr:16783984: daddr:100932208
[  220.915982] AAAAA-TCP_FORW: name:enp0s3: saddr:100932208: daddr:33561200
[  220.928099] AAAAA-TCP_FORW: name:enp0s3: saddr:16783984: daddr:100932208
[  221.010685] AAAAA-TCP_FORW: name:enp0s3: saddr:100932208: daddr:33561200
[  221.034300] AAAAA-TCP_FORW: name:enp0s3: saddr:16783984: daddr:100932208
[  221.048408] AAAAA-TCP_FORW: name:enp0s3: saddr:100932208: daddr:33561200
[  221.102857] AAAAA-TCP_FORW: name:enp0s3: saddr:100932208: daddr:33561200
[  221.136005] AAAAA-TCP_FORW: name:enp0s3: saddr:16783984: daddr:100932208
[  221.201124] AAAAA-TCP_FORW: name:enp0s3: saddr:16783984: daddr:100932208
[  221.227513] AAAAA-TCP_FORW: name:enp0s3: saddr:100932208: daddr:33561200
[  221.257090] AAAAA-TCP_FORW: name:enp0s3: saddr:16783984: daddr:100932208
[  221.347481] AAAAA-TCP_FORW: name:enp0s3: saddr:16783984: daddr:100932208
[  221.415303] AAAAA-TCP_FORW: name:enp0s3: saddr:100932208: daddr:33561200
[  221.511466] AAAAA-TCP_FORW: name:enp0s3: saddr:100932208: daddr:16783984
[  221.591661] AAAAA-TCP_FORW: name:enp0s3: saddr:16783984: daddr:100932208
[  221.610540] AAAAA-TCP_FORW: name:enp0s3: saddr:100932208: daddr:16783984
[  221.720808] AAAAA-TCP_FORW: name:enp0s3: saddr:33561200: daddr:100932208
[  221.746604] AAAAA-TCP_FORW: name:enp0s3: saddr:100932208: daddr:16783984
[  221.802678] AAAAA-TCP_FORW: name:enp0s3: saddr:33561200: daddr:100932208
[  221.856639] AAAAA-TCP_FORW: name:enp0s3: saddr:33561200: daddr:100932208
[  222.084809] AAAAA-TCP_FORW: name:enp0s3: saddr:33561200: daddr:100932208
[  222.159103] AAAAA-TCP_FORW: name:enp0s3: saddr:33561200: daddr:100932208
[  222.226396] AAAAA-TCP_FORW: name:enp0s3: saddr:33561200: daddr:100932208
[  222.268294] AAAAA-TCP_FORW: name:enp0s3: saddr:33561200: daddr:100932208
[  222.332883] AAAAA-TCP_FORW: name:enp0s3: saddr:33561200: daddr:100932208
[  222.403653] AAAAA-TCP_FORW: name:enp0s3: saddr:33561200: daddr:100932208
[  222.434823] AAAAA-TCP_FORW: name:enp0s3: saddr:33561200: daddr:100932208
[  222.487246] AAAAA-TCP_FORW: name:enp0s3: saddr:33561200: daddr:100932208
[  222.539722] AAAAA-TCP_FORW: name:enp0s3: saddr:33561200: daddr:100932208
[  222.600885] AAAAA-TCP_FORW: name:enp0s3: saddr:33561200: daddr:100932208
[  222.630103] AAAAA-TCP_FORW: name:enp0s3: saddr:33561200: daddr:100932208
[  222.756330] AAAAA-TCP_FORW: name:enp0s3: saddr:33561200: daddr:100932208
[  222.779541] AAAAA-TCP_FORW: name:enp0s3: saddr:33561200: daddr:100932208
[  222.869993] AAAAA-TCP_FORW: name:enp0s3: saddr:33561200: daddr:100932208
[  222.998840] AAAAA-TCP_FORW: name:enp0s3: saddr:16783984: daddr:100932208
[  223.137612] AAAAA-TCP_FORW: name:enp0s3: saddr:33561200: daddr:100932208
[  223.187273] AAAAA-TCP_FORW: name:enp0s3: saddr:100932208: daddr:16783984
[  223.304775] AAAAA-TCP_FORW: name:enp0s3: saddr:16783984: daddr:100932208
[  223.437730] AAAAA-TCP_FORW: name:enp0s3: saddr:16783984: daddr:100932208
[  224.306660] AAAAA-TCP_FORW: name:enp0s3: saddr:100932208: daddr:33561200
[  224.354858] AAAAA-TCP_FORW: name:enp0s3: saddr:100932208: daddr:33561200
[  224.515397] AAAAA-TCP_FORW: name:enp0s3: saddr:100932208: daddr:33561200
[  224.610437] AAAAA-TCP_FORW: name:enp0s3: saddr:100932208: daddr:16783984
[  224.686782] AAAAA-TCP_FORW: name:enp0s3: saddr:100932208: daddr:33561200
[  224.773849] AAAAA-TCP_FORW: name:enp0s3: saddr:16783984: daddr:100932208
[  224.859538] AAAAA-TCP_FORW: name:enp0s3: saddr:100932208: daddr:16783984
[  225.018483] AAAAA-TCP_FORW: name:enp0s3: saddr:100932208: daddr:16783984
[  225.049675] AAAAA-TCP_FORW: name:enp0s3: saddr:33561200: daddr:100932208
[  225.184104] AAAAA-TCP_FORW: name:enp0s3: saddr:33561200: daddr:100932208
[  225.345013] AAAAA-TCP_FORW: name:enp0s3: saddr:33561200: daddr:100932208
[  225.393462] AAAAA-TCP_FORW: name:enp0s3: saddr:100932208: daddr:16783984
[  225.480737] AAAAA-TCP_FORW: name:enp0s3: saddr:100932208: daddr:16783984
[  225.511847] AAAAA-TCP_FORW: name:enp0s3: saddr:16783984: daddr:100932208
[  225.545268] AAAAA-TCP_FORW: name:enp0s3: saddr:100932208: daddr:16783984
[  225.617169] AAAAA-TCP_FORW: name:enp0s3: saddr:100932208: daddr:16783984
[  225.645767] AAAAA-TCP_FORW: name:enp0s3: saddr:33561200: daddr:100932208
[  225.659523] AAAAA-TCP_FORW: name:enp0s3: saddr:100932208: daddr:16783984
[  225.753717] AAAAA-TCP_FORW: name:enp0s3: saddr:16783984: daddr:100932208
[  225.814501] AAAAA-TCP_FORW: name:enp0s3: saddr:100932208: daddr:16783984
[  225.853251] AAAAA-TCP_FORW: name:enp0s3: saddr:16783984: daddr:100932208
[  225.874475] AAAAA-TCP_FORW: name:enp0s3: saddr:100932208: daddr:16783984
[  225.985658] AAAAA-TCP_FORW: name:enp0s3: saddr:100932208: daddr:16783984
[  226.052765] AAAAA-TCP_FORW: name:enp0s3: saddr:16783984: daddr:100932208
[  226.129731] AAAAA-TCP_FORW: name:enp0s3: saddr:16783984: daddr:100932208
[  226.423240] AAAAA-TCP_FORW: name:enp0s3: saddr:16783984: daddr:100932208
[  226.480015] AAAAA-TCP_FORW: name:enp0s3: saddr:16783984: daddr:100932208
[  226.612554] AAAAA-TCP_FORW: name:enp0s3: saddr:16783984: daddr:100932208
[  226.658159] AAAAA-TCP_FORW: name:enp0s3: saddr:16783984: daddr:100932208
[  226.911296] AAAAA-TCP_FORW: name:enp0s3: saddr:16783984: daddr:100932208
[  226.999410] AAAAA-TCP_FORW: name:enp0s3: saddr:16783984: daddr:100932208
[  244.821492] AAAAA-TCP_FORW: name:enp0s3: saddr:100932208: daddr:16783984
[  244.843893] AAAAA-TCP_FORW: name:enp0s3: saddr:100932208: daddr:33561200
[  244.862357] AAAAA-TCP_FORW: name:enp0s3: saddr:100932208: daddr:16783984
[  244.881558] AAAAA-TCP_FORW: name:enp0s3: saddr:100932208: daddr:33561200
[  244.896127] AAAAA-TCP_FORW: name:enp0s3: saddr:100932208: daddr:16783984
[  244.911522] AAAAA-TCP_FORW: name:enp0s3: saddr:100932208: daddr:16783984
[  244.925800] AAAAA-TCP_FORW: name:enp0s3: saddr:100932208: daddr:33561200
[  244.942215] AAAAA-TCP_FORW: name:enp0s3: saddr:100932208: daddr:16783984
[  244.956522] AAAAA-TCP_FORW: name:enp0s3: saddr:100932208: daddr:16783984
[  244.983180] AAAAA-TCP_FORW: name:enp0s3: saddr:100932208: daddr:16783984
[  244.996839] AAAAA-TCP_FORW: name:enp0s3: saddr:100932208: daddr:33561200
[  245.007867] AAAAA-TCP_FORW: name:enp0s3: saddr:100932208: daddr:16783984
[  245.018689] AAAAA-TCP_FORW: name:enp0s3: saddr:100932208: daddr:16783984
[  245.029634] AAAAA-TCP_FORW: name:enp0s3: saddr:100932208: daddr:33561200
[  245.043238] AAAAA-TCP_FORW: name:enp0s3: saddr:100932208: daddr:16783984
[  245.054080] AAAAA-TCP_FORW: name:enp0s3: saddr:100932208: daddr:16783984
[  245.067135] AAAAA-TCP_FORW: name:enp0s3: saddr:100932208: daddr:33561200
[  245.078575] AAAAA-TCP_FORW: name:enp0s3: saddr:100932208: daddr:16783984
[  245.089695] AAAAA-TCP_FORW: name:enp0s3: saddr:100932208: daddr:16783984
[  245.110692] AAAAA-TCP_FORW: name:enp0s3: saddr:100932208: daddr:33561200
[  245.121698] AAAAA-TCP_FORW: name:enp0s3: saddr:100932208: daddr:16783984
[  245.194788] AAAAA-TCP_FORW: name:enp0s3: saddr:100932208: daddr:16783984
[  245.235985] AAAAA-TCP_FORW: name:enp0s3: saddr:100932208: daddr:16783984
[  245.498597] AAAAA-TCP_FORW: name:enp0s3: saddr:100932208: daddr:33561200
[  245.502730] AAAAA-TCP_FORW: name:enp0s3: saddr:100932208: daddr:16783984
[  245.615125] AAAAA-TCP_FORW: name:enp0s3: saddr:100932208: daddr:16783984
[  245.689624] AAAAA-TCP_FORW: name:enp0s3: saddr:100932208: daddr:33561200
[  245.782337] AAAAA-TCP_FORW: name:enp0s3: saddr:100932208: daddr:16783984
[  245.817047] AAAAA-TCP_FORW: name:enp0s3: saddr:100932208: daddr:16783984
[  245.873075] AAAAA-TCP_FORW: name:enp0s3: saddr:100932208: daddr:33561200
[  245.914473] AAAAA-TCP_FORW: name:enp0s3: saddr:100932208: daddr:16783984
[  245.975871] AAAAA-TCP_FORW: name:enp0s3: saddr:100932208: daddr:16783984
[  246.027857] AAAAA-TCP_FORW: name:enp0s3: saddr:100932208: daddr:16783984
[  246.088642] AAAAA-TCP_FORW: name:enp0s3: saddr:100932208: daddr:33561200
[  246.171430] AAAAA-TCP_FORW: name:enp0s3: saddr:16783984: daddr:100932208
[  246.186194] AAAAA-TCP_FORW: name:enp0s3: saddr:100932208: daddr:16783984
[  246.219488] AAAAA-TCP_FORW: name:enp0s3: saddr:100932208: daddr:16783984
[  246.232331] AAAAA-TCP_FORW: name:enp0s3: saddr:100932208: daddr:33561200
[  246.259526] AAAAA-TCP_FORW: name:enp0s3: saddr:33561200: daddr:100932208
[  246.269529] AAAAA-TCP_FORW: name:enp0s3: saddr:100932208: daddr:33561200
[  246.328682] AAAAA-TCP_FORW: name:enp0s3: saddr:100932208: daddr:33561200
[  246.351777] AAAAA-TCP_FORW: name:enp0s3: saddr:100932208: daddr:33561200
[  246.436630] AAAAA-TCP_FORW: name:enp0s3: saddr:100932208: daddr:33561200
[  246.513517] AAAAA-TCP_FORW: name:enp0s3: saddr:100932208: daddr:33561200
[  246.538598] AAAAA-TCP_FORW: name:enp0s3: saddr:100932208: daddr:33561200
[  246.627822] AAAAA-TCP_FORW: name:enp0s3: saddr:16783984: daddr:100932208
[  246.641661] AAAAA-TCP_FORW: name:enp0s3: saddr:100932208: daddr:33561200
[  246.685915] AAAAA-TCP_FORW: name:enp0s3: saddr:100932208: daddr:33561200
[  246.812616] AAAAA-TCP_FORW: name:enp0s3: saddr:33561200: daddr:100932208
[  246.964156] AAAAA-TCP_FORW: name:enp0s3: saddr:16783984: daddr:100932208
[  247.290983] AAAAA-TCP_FORW: name:enp0s3: saddr:16783984: daddr:100932208
[  247.300196] AAAAA-TCP_FORW: name:enp0s3: saddr:100932208: daddr:33561200
[  247.432570] AAAAA-TCP_FORW: name:enp0s3: saddr:100932208: daddr:33561200
[  247.502032] AAAAA-TCP_FORW: name:enp0s3: saddr:100932208: daddr:33561200
[  247.678358] AAAAA-TCP_FORW: name:enp0s3: saddr:100932208: daddr:33561200
[  247.700299] AAAAA-TCP_FORW: name:enp0s3: saddr:33561200: daddr:100932208
[  247.804234] AAAAA-TCP_FORW: name:enp0s3: saddr:100932208: daddr:33561200
[  247.846100] AAAAA-TCP_FORW: name:enp0s3: saddr:100932208: daddr:33561200
[  247.908625] AAAAA-TCP_FORW: name:enp0s3: saddr:100932208: daddr:33561200
[  248.027974] AAAAA-TCP_FORW: name:enp0s3: saddr:100932208: daddr:33561200
[  248.043511] AAAAA-TCP_FORW: name:enp0s3: saddr:16783984: daddr:100932208
[  248.106643] AAAAA-TCP_FORW: name:enp0s3: saddr:100932208: daddr:33561200
[  248.398110] AAAAA-TCP_FORW: name:enp0s3: saddr:16783984: daddr:100932208
[  248.419898] AAAAA-TCP_FORW: name:enp0s3: saddr:16783984: daddr:100932208
[  248.474041] AAAAA-TCP_FORW: name:enp0s3: saddr:33561200: daddr:100932208
[  248.785544] AAAAA-TCP_FORW: name:enp0s3: saddr:16783984: daddr:100932208
[  248.798677] AAAAA-TCP_FORW: name:enp0s3: saddr:33561200: daddr:100932208
[  248.963461] AAAAA-TCP_FORW: name:enp0s3: saddr:16783984: daddr:100932208
[  249.038114] AAAAA-TCP_FORW: name:enp0s3: saddr:33561200: daddr:100932208
[  249.088595] AAAAA-TCP_FORW: name:enp0s3: saddr:16783984: daddr:100932208
[  249.187867] AAAAA-TCP_FORW: name:enp0s3: saddr:16783984: daddr:100932208
[  249.240342] AAAAA-TCP_FORW: name:enp0s3: saddr:16783984: daddr:100932208
[  249.349261] AAAAA-TCP_FORW: name:enp0s3: saddr:100932208: daddr:33561200
[  249.433409] AAAAA-TCP_FORW: name:enp0s3: saddr:33561200: daddr:100932208
[  249.703948] AAAAA-TCP_FORW: name:enp0s3: saddr:33561200: daddr:100932208
[  249.894866] AAAAA-TCP_FORW: name:enp0s3: saddr:16783984: daddr:100932208
[  250.151241] AAAAA-TCP_FORW: name:enp0s3: saddr:33561200: daddr:100932208
[  250.529787] AAAAA-TCP_FORW: name:enp0s3: saddr:33561200: daddr:100932208
[  250.656878] AAAAA-TCP_FORW: name:enp0s3: saddr:100932208: daddr:33561200
[  250.793349] AAAAA-TCP_FORW: name:enp0s3: saddr:33561200: daddr:100932208
[  251.046692] AAAAA-TCP_FORW: name:enp0s3: saddr:100932208: daddr:16783984
[  251.135587] AAAAA-TCP_FORW: name:enp0s3: saddr:100932208: daddr:16783984
[  251.187132] AAAAA-TCP_FORW: name:enp0s3: saddr:16783984: daddr:100932208
[  251.255507] AAAAA-TCP_FORW: name:enp0s3: saddr:16783984: daddr:100932208
[  251.293163] AAAAA-TCP_FORW: name:enp0s3: saddr:100932208: daddr:33561200
[  251.322365] AAAAA-TCP_FORW: name:enp0s3: saddr:16783984: daddr:100932208
[  251.364097] AAAAA-TCP_FORW: name:enp0s3: saddr:100932208: daddr:33561200
[  251.511046] AAAAA-TCP_FORW: name:enp0s3: saddr:100932208: daddr:33561200
[  251.547403] AAAAA-TCP_FORW: name:enp0s3: saddr:33561200: daddr:100932208
[  251.615475] AAAAA-TCP_FORW: name:enp0s3: saddr:100932208: daddr:16783984
[  251.680482] AAAAA-TCP_FORW: name:enp0s3: saddr:100932208: daddr:16783984
[  251.705796] AAAAA-TCP_FORW: name:enp0s3: saddr:33561200: daddr:100932208
[  251.765927] AAAAA-TCP_FORW: name:enp0s3: saddr:100932208: daddr:16783984
[  251.866964] AAAAA-TCP_FORW: name:enp0s3: saddr:100932208: daddr:16783984
[  251.891815] AAAAA-TCP_FORW: name:enp0s3: saddr:33561200: daddr:100932208
[  251.911194] AAAAA-TCP_FORW: name:enp0s3: saddr:100932208: daddr:16783984
[  251.942362] AAAAA-TCP_FORW: name:enp0s3: saddr:33561200: daddr:100932208
[  251.964314] AAAAA-TCP_FORW: name:enp0s3: saddr:100932208: daddr:16783984
[  252.046590] AAAAA-TCP_FORW: name:enp0s3: saddr:100932208: daddr:16783984
[  252.094728] AAAAA-TCP_FORW: name:enp0s3: saddr:16783984: daddr:100932208
[  252.109026] AAAAA-TCP_FORW: name:enp0s3: saddr:100932208: daddr:16783984
[  252.179637] AAAAA-TCP_FORW: name:enp0s3: saddr:100932208: daddr:16783984
[  252.258927] AAAAA-TCP_FORW: name:enp0s3: saddr:100932208: daddr:16783984
[  252.348147] AAAAA-TCP_FORW: name:enp0s3: saddr:100932208: daddr:16783984
[  252.382289] AAAAA-TCP_FORW: name:enp0s3: saddr:33561200: daddr:100932208
[  252.549347] AAAAA-TCP_FORW: name:enp0s3: saddr:33561200: daddr:100932208
[  252.627445] AAAAA-TCP_FORW: name:enp0s3: saddr:100932208: daddr:16783984
[  252.629707] AAAAA-TCP_FORW: name:enp0s3: saddr:100932208: daddr:16783984
[  252.755950] AAAAA-TCP_FORW: name:enp0s3: saddr:100932208: daddr:16783984
[  252.840861] AAAAA-TCP_FORW: name:enp0s3: saddr:16783984: daddr:100932208
[  252.860645] AAAAA-TCP_FORW: name:enp0s3: saddr:100932208: daddr:16783984
[  252.973024] AAAAA-TCP_FORW: name:enp0s3: saddr:100932208: daddr:33561200
[  253.123677] AAAAA-TCP_FORW: name:enp0s3: saddr:100932208: daddr:16783984
[  253.228943] AAAAA-TCP_FORW: name:enp0s3: saddr:100932208: daddr:33561200
[  253.347545] AAAAA-TCP_FORW: name:enp0s3: saddr:33561200: daddr:100932208
[  253.445712] AAAAA-TCP_FORW: name:enp0s3: saddr:100932208: daddr:16783984
[  253.455408] AAAAA-TCP_FORW: name:enp0s3: saddr:33561200: daddr:100932208
[  253.604922] AAAAA-TCP_FORW: name:enp0s3: saddr:100932208: daddr:16783984
[  253.876875] AAAAA-TCP_FORW: name:enp0s3: saddr:33561200: daddr:100932208
[  253.936811] AAAAA-TCP_FORW: name:enp0s3: saddr:100932208: daddr:33561200
[  254.134061] AAAAA-TCP_FORW: name:enp0s3: saddr:100932208: daddr:33561200
[  254.240483] AAAAA-TCP_FORW: name:enp0s3: saddr:100932208: daddr:16783984
[  254.407431] AAAAA-TCP_FORW: name:enp0s3: saddr:100932208: daddr:16783984
[  254.556205] AAAAA-TCP_FORW: name:enp0s3: saddr:33561200: daddr:100932208
[  254.967360] AAAAA-TCP_FORW: name:enp0s3: saddr:33561200: daddr:100932208
[  255.007261] AAAAA-TCP_FORW: name:enp0s3: saddr:100932208: daddr:33561200
[  255.067359] AAAAA-TCP_FORW: name:enp0s3: saddr:33561200: daddr:100932208
[  255.113383] AAAAA-TCP_FORW: name:enp0s3: saddr:100932208: daddr:33561200
[  255.175832] AAAAA-TCP_FORW: name:enp0s3: saddr:33561200: daddr:100932208
[  255.201189] AAAAA-TCP_FORW: name:enp0s3: saddr:16783984: daddr:100932208
[  255.254624] AAAAA-TCP_FORW: name:enp0s3: saddr:33561200: daddr:100932208
[  255.585356] AAAAA-TCP_FORW: name:enp0s3: saddr:33561200: daddr:100932208
[  255.667179] AAAAA-TCP_FORW: name:enp0s3: saddr:100932208: daddr:33561200
[  255.886029] AAAAA-TCP_FORW: name:enp0s3: saddr:33561200: daddr:100932208
[  255.948227] AAAAA-TCP_FORW: name:enp0s3: saddr:16783984: daddr:100932208
[  256.046616] AAAAA-TCP_FORW: name:enp0s3: saddr:100932208: daddr:33561200
[  256.114177] AAAAA-TCP_FORW: name:enp0s3: saddr:100932208: daddr:33561200
[  256.230890] AAAAA-TCP_FORW: name:enp0s3: saddr:33561200: daddr:100932208
[  256.247707] AAAAA-TCP_FORW: name:enp0s3: saddr:100932208: daddr:33561200
[  256.326652] AAAAA-TCP_FORW: name:enp0s3: saddr:100932208: daddr:33561200
[  256.341807] AAAAA-TCP_FORW: name:enp0s3: saddr:33561200: daddr:100932208
[  256.419145] AAAAA-TCP_FORW: name:enp0s3: saddr:100932208: daddr:33561200
[  256.445713] AAAAA-TCP_FORW: name:enp0s3: saddr:33561200: daddr:100932208
[  256.462686] AAAAA-TCP_FORW: name:enp0s3: saddr:100932208: daddr:33561200
[  256.523880] AAAAA-TCP_FORW: name:enp0s3: saddr:100932208: daddr:33561200
[  256.657841] AAAAA-TCP_FORW: name:enp0s3: saddr:100932208: daddr:33561200
[  256.660320] AAAAA-TCP_FORW: name:enp0s3: saddr:16783984: daddr:100932208
[  256.732219] AAAAA-TCP_FORW: name:enp0s3: saddr:100932208: daddr:33561200
[  256.781109] AAAAA-TCP_FORW: name:enp0s3: saddr:16783984: daddr:100932208
[  256.929790] AAAAA-TCP_FORW: name:enp0s3: saddr:100932208: daddr:33561200
[  256.943676] AAAAA-TCP_FORW: name:enp0s3: saddr:16783984: daddr:100932208
[  257.012443] AAAAA-TCP_FORW: name:enp0s3: saddr:100932208: daddr:33561200
[  257.123404] AAAAA-TCP_FORW: name:enp0s3: saddr:100932208: daddr:33561200
[  257.160296] AAAAA-TCP_FORW: name:enp0s3: saddr:16783984: daddr:100932208
[  257.207072] AAAAA-TCP_FORW: name:enp0s3: saddr:100932208: daddr:33561200
[  257.344014] AAAAA-TCP_FORW: name:enp0s3: saddr:100932208: daddr:33561200
[  257.464722] AAAAA-TCP_FORW: name:enp0s3: saddr:16783984: daddr:100932208
[  257.484746] AAAAA-TCP_FORW: name:enp0s3: saddr:100932208: daddr:33561200
[  257.754028] AAAAA-TCP_FORW: name:enp0s3: saddr:100932208: daddr:33561200
[  257.893623] AAAAA-TCP_FORW: name:enp0s3: saddr:16783984: daddr:100932208
[  258.025724] AAAAA-TCP_FORW: name:enp0s3: saddr:16783984: daddr:100932208
[  258.253263] AAAAA-TCP_FORW: name:enp0s3: saddr:16783984: daddr:100932208
[  258.571924] AAAAA-TCP_FORW: name:enp0s3: saddr:33561200: daddr:100932208
[  258.735353] AAAAA-TCP_FORW: name:enp0s3: saddr:16783984: daddr:100932208
[  258.905894] AAAAA-TCP_FORW: name:enp0s3: saddr:33561200: daddr:100932208
[  259.329601] AAAAA-TCP_FORW: name:enp0s3: saddr:16783984: daddr:100932208
[  259.526712] AAAAA-TCP_FORW: name:enp0s3: saddr:100932208: daddr:33561200
[  259.711135] AAAAA-TCP_FORW: name:enp0s3: saddr:33561200: daddr:100932208
[  259.961032] AAAAA-TCP_FORW: name:enp0s3: saddr:33561200: daddr:100932208
[  260.280170] AAAAA-TCP_FORW: name:enp0s3: saddr:33561200: daddr:100932208
[  260.415452] AAAAA-TCP_FORW: name:enp0s3: saddr:100932208: daddr:33561200
[  260.781505] AAAAA-TCP_FORW: name:enp0s3: saddr:33561200: daddr:100932208
[  260.921601] AAAAA-TCP_FORW: name:enp0s3: saddr:33561200: daddr:100932208
[  261.136265] AAAAA-TCP_FORW: name:enp0s3: saddr:100932208: daddr:33561200
[  261.244472] AAAAA-TCP_FORW: name:enp0s3: saddr:33561200: daddr:100932208
[  261.376043] AAAAA-TCP_FORW: name:enp0s3: saddr:33561200: daddr:100932208
[  261.593084] AAAAA-TCP_FORW: name:enp0s3: saddr:33561200: daddr:100932208
[  261.772765] AAAAA-TCP_FORW: name:enp0s3: saddr:33561200: daddr:100932208
[  261.964411] AAAAA-TCP_FORW: name:enp0s3: saddr:33561200: daddr:100932208
[  262.042280] AAAAA-TCP_FORW: name:enp0s3: saddr:33561200: daddr:100932208
[  262.120539] AAAAA-TCP_FORW: name:enp0s3: saddr:33561200: daddr:100932208
[  263.048673] AAAAA-TCP_FORW: name:enp0s3: saddr:33561200: daddr:100932208
[  263.103473] AAAAA-TCP_FORW: name:enp0s3: saddr:33561200: daddr:100932208
[  264.195023] AAAAA-TCP_FORW: name:enp0s3: saddr:100932208: daddr:16783984
[  264.937445] AAAAA-TCP_FORW: name:enp0s3: saddr:16783984: daddr:100932208
[  266.443947] AAAAA-TCP_FORW: name:enp0s3: saddr:100932208: daddr:33561200
[  266.524171] AAAAA-TCP_FORW: name:enp0s3: saddr:100932208: daddr:33561200
[  266.555157] AAAAA-TCP_FORW: name:enp0s3: saddr:100932208: daddr:33561200
[  266.663481] AAAAA-TCP_FORW: name:enp0s3: saddr:100932208: daddr:33561200
[  266.681325] AAAAA-TCP_FORW: name:enp0s3: saddr:33561200: daddr:100932208
[  266.755210] AAAAA-TCP_FORW: name:enp0s3: saddr:33561200: daddr:100932208
[  266.834409] AAAAA-TCP_FORW: name:enp0s3: saddr:33561200: daddr:100932208
[  266.953260] AAAAA-TCP_FORW: name:enp0s3: saddr:33561200: daddr:100932208
[  268.253944] AAAAA-TCP_FORW: name:enp0s3: saddr:100932208: daddr:33561200
[  268.308248] AAAAA-TCP_FORW: name:enp0s3: saddr:33561200: daddr:100932208
[  268.335615] AAAAA-TCP_FORW: name:enp0s3: saddr:100932208: daddr:33561200
[  268.444270] AAAAA-TCP_FORW: name:enp0s3: saddr:33561200: daddr:100932208
[  271.846659] AAAAA-TCP_FORW: name:enp0s3: saddr:100932208: daddr:16783984
[  271.866065] AAAAA-TCP_FORW: name:enp0s3: saddr:16783984: daddr:100932208
[  271.891750] AAAAA-TCP_FORW: name:enp0s3: saddr:100932208: daddr:33561200
[  271.968244] AAAAA-TCP_FORW: name:enp0s3: saddr:100932208: daddr:33561200
[  272.010737] AAAAA-TCP_FORW: name:enp0s3: saddr:33561200: daddr:100932208
[  272.030102] AAAAA-TCP_FORW: name:enp0s3: saddr:100932208: daddr:33561200
[  272.134468] AAAAA-TCP_FORW: name:enp0s3: saddr:33561200: daddr:100932208
[  272.237843] AAAAA-TCP_FORW: name:enp0s3: saddr:100932208: daddr:33561200
[  272.276356] AAAAA-TCP_FORW: name:enp0s3: saddr:33561200: daddr:100932208
[  272.307458] AAAAA-TCP_FORW: name:enp0s3: saddr:100932208: daddr:33561200
[  272.385661] AAAAA-TCP_FORW: name:enp0s3: saddr:33561200: daddr:100932208
[  272.431831] AAAAA-TCP_FORW: name:enp0s3: saddr:100932208: daddr:33561200
[  272.524199] AAAAA-TCP_FORW: name:enp0s3: saddr:100932208: daddr:33561200
[  272.599695] AAAAA-TCP_FORW: name:enp0s3: saddr:100932208: daddr:33561200
[  272.619526] AAAAA-TCP_FORW: name:enp0s3: saddr:33561200: daddr:100932208
[  272.677966] AAAAA-TCP_FORW: name:enp0s3: saddr:100932208: daddr:33561200
[  272.765082] AAAAA-TCP_FORW: name:enp0s3: saddr:33561200: daddr:100932208
[  272.813957] AAAAA-TCP_FORW: name:enp0s3: saddr:100932208: daddr:33561200
[  272.868794] AAAAA-TCP_FORW: name:enp0s3: saddr:100932208: daddr:33561200
[  272.880647] AAAAA-TCP_FORW: name:enp0s3: saddr:33561200: daddr:100932208
[  272.938964] AAAAA-TCP_FORW: name:enp0s3: saddr:33561200: daddr:100932208
[  272.991076] AAAAA-TCP_FORW: name:enp0s3: saddr:100932208: daddr:33561200
[  273.010580] AAAAA-TCP_FORW: name:enp0s3: saddr:100932208: daddr:33561200
[  273.036369] AAAAA-TCP_FORW: name:enp0s3: saddr:33561200: daddr:100932208
[  273.125718] AAAAA-TCP_FORW: name:enp0s3: saddr:100932208: daddr:33561200
[  273.225639] AAAAA-TCP_FORW: name:enp0s3: saddr:100932208: daddr:33561200
[  273.276412] AAAAA-TCP_FORW: name:enp0s3: saddr:100932208: daddr:33561200
[  273.301619] AAAAA-TCP_FORW: name:enp0s3: saddr:33561200: daddr:100932208
[  273.361599] AAAAA-TCP_FORW: name:enp0s3: saddr:100932208: daddr:33561200
[  273.414818] AAAAA-TCP_FORW: name:enp0s3: saddr:100932208: daddr:33561200
[  273.466242] AAAAA-TCP_FORW: name:enp0s3: saddr:100932208: daddr:33561200
[  273.553146] AAAAA-TCP_FORW: name:enp0s3: saddr:33561200: daddr:100932208
[  273.558794] AAAAA-TCP_FORW: name:enp0s3: saddr:100932208: daddr:33561200
[  273.651335] AAAAA-TCP_FORW: name:enp0s3: saddr:33561200: daddr:100932208
[  273.663545] AAAAA-TCP_FORW: name:enp0s3: saddr:100932208: daddr:33561200
[  273.688554] AAAAA-TCP_FORW: name:enp0s3: saddr:33561200: daddr:100932208
[  273.720766] AAAAA-TCP_FORW: name:enp0s3: saddr:100932208: daddr:33561200
[  273.753485] AAAAA-TCP_FORW: name:enp0s3: saddr:33561200: daddr:100932208
[  273.827715] AAAAA-TCP_FORW: name:enp0s3: saddr:100932208: daddr:33561200
[  273.863874] AAAAA-TCP_FORW: name:enp0s3: saddr:33561200: daddr:100932208
[  273.911223] AAAAA-TCP_FORW: name:enp0s3: saddr:100932208: daddr:33561200
[  273.921884] AAAAA-TCP_FORW: name:enp0s3: saddr:33561200: daddr:100932208
[  274.065589] AAAAA-TCP_FORW: name:enp0s3: saddr:33561200: daddr:100932208
[  274.159006] AAAAA-TCP_FORW: name:enp0s3: saddr:33561200: daddr:100932208
[  274.241761] AAAAA-TCP_FORW: name:enp0s3: saddr:100932208: daddr:16783984
[  274.291675] AAAAA-TCP_FORW: name:enp0s3: saddr:100932208: daddr:16783984
[  274.347697] AAAAA-TCP_FORW: name:enp0s3: saddr:100932208: daddr:33561200
[  274.394012] AAAAA-TCP_FORW: name:enp0s3: saddr:33561200: daddr:100932208
[  274.563138] AAAAA-TCP_FORW: name:enp0s3: saddr:33561200: daddr:100932208
[  274.584502] AAAAA-TCP_FORW: name:enp0s3: saddr:100932208: daddr:33561200
[  274.650370] AAAAA-TCP_FORW: name:enp0s3: saddr:100932208: daddr:33561200
[  274.703153] AAAAA-TCP_FORW: name:enp0s3: saddr:33561200: daddr:100932208
[  274.737868] AAAAA-TCP_FORW: name:enp0s3: saddr:100932208: daddr:33561200
[  274.786177] AAAAA-TCP_FORW: name:enp0s3: saddr:33561200: daddr:100932208
[  274.936378] AAAAA-TCP_FORW: name:enp0s3: saddr:100932208: daddr:33561200
[  275.057473] AAAAA-TCP_FORW: name:enp0s3: saddr:16783984: daddr:100932208
[  275.159456] AAAAA-TCP_FORW: name:enp0s3: saddr:16783984: daddr:100932208
[  275.258359] AAAAA-TCP_FORW: name:enp0s3: saddr:33561200: daddr:100932208
[  275.462745] AAAAA-TCP_FORW: name:enp0s3: saddr:33561200: daddr:100932208
[  275.564712] AAAAA-TCP_FORW: name:enp0s3: saddr:33561200: daddr:100932208
[  275.652592] AAAAA-TCP_FORW: name:enp0s3: saddr:33561200: daddr:100932208
[  275.759228] AAAAA-TCP_FORW: name:enp0s3: saddr:33561200: daddr:100932208
[  275.904262] AAAAA-TCP_FORW: name:enp0s3: saddr:100932208: daddr:16783984
[  275.951730] AAAAA-TCP_FORW: name:enp0s3: saddr:100932208: daddr:16783984
[  275.979927] AAAAA-TCP_FORW: name:enp0s3: saddr:100932208: daddr:16783984
[  276.012180] AAAAA-TCP_FORW: name:enp0s3: saddr:100932208: daddr:16783984
[  276.050525] AAAAA-TCP_FORW: name:enp0s3: saddr:100932208: daddr:16783984
[  276.093603] AAAAA-TCP_FORW: name:enp0s3: saddr:16783984: daddr:100932208
[  276.111721] AAAAA-TCP_FORW: name:enp0s3: saddr:100932208: daddr:16783984
[  276.154737] AAAAA-TCP_FORW: name:enp0s3: saddr:100932208: daddr:16783984
[  276.181490] AAAAA-TCP_FORW: name:enp0s3: saddr:16783984: daddr:100932208
[  276.193755] AAAAA-TCP_FORW: name:enp0s3: saddr:100932208: daddr:16783984
[  276.269714] AAAAA-TCP_FORW: name:enp0s3: saddr:100932208: daddr:16783984
[  276.289880] AAAAA-TCP_FORW: name:enp0s3: saddr:16783984: daddr:100932208
[  276.333183] AAAAA-TCP_FORW: name:enp0s3: saddr:100932208: daddr:16783984
[  276.374152] AAAAA-TCP_FORW: name:enp0s3: saddr:16783984: daddr:100932208
[  276.457358] AAAAA-TCP_FORW: name:enp0s3: saddr:16783984: daddr:100932208
[  276.482772] AAAAA-TCP_FORW: name:enp0s3: saddr:100932208: daddr:33561200
[  276.515904] AAAAA-TCP_FORW: name:enp0s3: saddr:100932208: daddr:33561200
[  276.542495] AAAAA-TCP_FORW: name:enp0s3: saddr:16783984: daddr:100932208
[  276.631031] AAAAA-TCP_FORW: name:enp0s3: saddr:100932208: daddr:33561200
[  276.632883] AAAAA-TCP_FORW: name:enp0s3: saddr:16783984: daddr:100932208
[  276.674790] AAAAA-TCP_FORW: name:enp0s3: saddr:100932208: daddr:33561200
[  276.733019] AAAAA-TCP_FORW: name:enp0s3: saddr:16783984: daddr:100932208
[  276.735412] AAAAA-TCP_FORW: name:enp0s3: saddr:100932208: daddr:33561200
[  276.787470] AAAAA-TCP_FORW: name:enp0s3: saddr:100932208: daddr:33561200
[  276.825269] AAAAA-TCP_FORW: name:enp0s3: saddr:16783984: daddr:100932208
[  276.934880] AAAAA-TCP_FORW: name:enp0s3: saddr:16783984: daddr:100932208
[  276.941445] AAAAA-TCP_FORW: name:enp0s3: saddr:100932208: daddr:16783984
[  276.976282] AAAAA-TCP_FORW: name:enp0s3: saddr:100932208: daddr:16783984
[  277.060677] AAAAA-TCP_FORW: name:enp0s3: saddr:33561200: daddr:100932208
[  277.128650] AAAAA-TCP_FORW: name:enp0s3: saddr:33561200: daddr:100932208
[  277.204978] AAAAA-TCP_FORW: name:enp0s3: saddr:33561200: daddr:100932208
[  277.260372] AAAAA-TCP_FORW: name:enp0s3: saddr:33561200: daddr:100932208
[  277.324459] AAAAA-TCP_FORW: name:enp0s3: saddr:33561200: daddr:100932208
[  277.394301] AAAAA-TCP_FORW: name:enp0s3: saddr:33561200: daddr:100932208
[  277.493636] AAAAA-TCP_FORW: name:enp0s3: saddr:16783984: daddr:100932208
[  277.561042] AAAAA-TCP_FORW: name:enp0s3: saddr:16783984: daddr:100932208
[  277.573360] AAAAA-TCP_FORW: name:enp0s3: saddr:100932208: daddr:33561200
[  277.599287] AAAAA-TCP_FORW: name:enp0s3: saddr:100932208: daddr:16783984
[  277.674642] AAAAA-TCP_FORW: name:enp0s3: saddr:100932208: daddr:16783984
[  277.697977] AAAAA-TCP_FORW: name:enp0s3: saddr:100932208: daddr:33561200
[  277.739586] AAAAA-TCP_FORW: name:enp0s3: saddr:100932208: daddr:16783984
[  277.768924] AAAAA-TCP_FORW: name:enp0s3: saddr:100932208: daddr:16783984
[  277.825555] AAAAA-TCP_FORW: name:enp0s3: saddr:100932208: daddr:33561200
[  277.857757] AAAAA-TCP_FORW: name:enp0s3: saddr:100932208: daddr:16783984
[  277.890120] AAAAA-TCP_FORW: name:enp0s3: saddr:33561200: daddr:100932208
[  277.914035] AAAAA-TCP_FORW: name:enp0s3: saddr:100932208: daddr:16783984
[  277.959619] AAAAA-TCP_FORW: name:enp0s3: saddr:16783984: daddr:100932208
[  277.982845] AAAAA-TCP_FORW: name:enp0s3: saddr:100932208: daddr:16783984
[  278.032098] AAAAA-TCP_FORW: name:enp0s3: saddr:100932208: daddr:16783984
[  278.054141] AAAAA-TCP_FORW: name:enp0s3: saddr:16783984: daddr:100932208
[  278.079894] AAAAA-TCP_FORW: name:enp0s3: saddr:100932208: daddr:33561200
[  278.110305] AAAAA-TCP_FORW: name:enp0s3: saddr:33561200: daddr:100932208
[  278.139661] AAAAA-TCP_FORW: name:enp0s3: saddr:100932208: daddr:33561200
[  278.173491] AAAAA-TCP_FORW: name:enp0s3: saddr:100932208: daddr:33561200
[  278.241645] AAAAA-TCP_FORW: name:enp0s3: saddr:100932208: daddr:33561200
[  278.251993] AAAAA-TCP_FORW: name:enp0s3: saddr:100932208: daddr:33561200
[  278.290632] AAAAA-TCP_FORW: name:enp0s3: saddr:16783984: daddr:100932208
[  278.312436] AAAAA-TCP_FORW: name:enp0s3: saddr:100932208: daddr:33561200
[  278.352099] AAAAA-TCP_FORW: name:enp0s3: saddr:100932208: daddr:33561200
[  278.362971] AAAAA-TCP_FORW: name:enp0s3: saddr:16783984: daddr:100932208
[  278.446078] AAAAA-TCP_FORW: name:enp0s3: saddr:33561200: daddr:100932208
[  278.454214] AAAAA-TCP_FORW: name:enp0s3: saddr:100932208: daddr:33561200
[  278.493588] AAAAA-TCP_FORW: name:enp0s3: saddr:100932208: daddr:33561200
[  278.503586] AAAAA-TCP_FORW: name:enp0s3: saddr:16783984: daddr:100932208
[  278.558459] AAAAA-TCP_FORW: name:enp0s3: saddr:16783984: daddr:100932208
[  278.562148] AAAAA-TCP_FORW: name:enp0s3: saddr:100932208: daddr:16783984
[  278.585712] AAAAA-TCP_FORW: name:enp0s3: saddr:100932208: daddr:16783984
[  278.618311] AAAAA-TCP_FORW: name:enp0s3: saddr:100932208: daddr:33561200
[  278.657428] AAAAA-TCP_FORW: name:enp0s3: saddr:16783984: daddr:100932208
[  278.672172] AAAAA-TCP_FORW: name:enp0s3: saddr:100932208: daddr:33561200
[  278.704002] AAAAA-TCP_FORW: name:enp0s3: saddr:16783984: daddr:100932208
[  278.732296] AAAAA-TCP_FORW: name:enp0s3: saddr:100932208: daddr:33561200
[  278.747066] AAAAA-TCP_FORW: name:enp0s3: saddr:100932208: daddr:33561200
[  278.765736] AAAAA-TCP_FORW: name:enp0s3: saddr:100932208: daddr:16783984
[  278.808673] AAAAA-TCP_FORW: name:enp0s3: saddr:100932208: daddr:16783984
[  278.829577] AAAAA-TCP_FORW: name:enp0s3: saddr:33561200: daddr:100932208
[  278.881361] AAAAA-TCP_FORW: name:enp0s3: saddr:100932208: daddr:33561200
[  278.922515] AAAAA-TCP_FORW: name:enp0s3: saddr:33561200: daddr:100932208
[  278.943454] AAAAA-TCP_FORW: name:enp0s3: saddr:100932208: daddr:16783984
[  278.977780] AAAAA-TCP_FORW: name:enp0s3: saddr:33561200: daddr:100932208
[  278.992550] AAAAA-TCP_FORW: name:enp0s3: saddr:100932208: daddr:16783984
[  279.050071] AAAAA-TCP_FORW: name:enp0s3: saddr:100932208: daddr:33561200
[  279.086848] AAAAA-TCP_FORW: name:enp0s3: saddr:33561200: daddr:100932208
[  279.110816] AAAAA-TCP_FORW: name:enp0s3: saddr:100932208: daddr:16783984
[  279.130582] AAAAA-TCP_FORW: name:enp0s3: saddr:33561200: daddr:100932208
[  279.178022] AAAAA-TCP_FORW: name:enp0s3: saddr:100932208: daddr:16783984
[  279.223934] AAAAA-TCP_FORW: name:enp0s3: saddr:100932208: daddr:16783984
[  279.252145] AAAAA-TCP_FORW: name:enp0s3: saddr:33561200: daddr:100932208
[  279.269985] AAAAA-TCP_FORW: name:enp0s3: saddr:100932208: daddr:33561200
[  279.296331] AAAAA-TCP_FORW: name:enp0s3: saddr:33561200: daddr:100932208
[  279.333221] AAAAA-TCP_FORW: name:enp0s3: saddr:100932208: daddr:16783984
[  279.372609] AAAAA-TCP_FORW: name:enp0s3: saddr:100932208: daddr:16783984
[  279.436011] AAAAA-TCP_FORW: name:enp0s3: saddr:100932208: daddr:33561200
[  279.473011] AAAAA-TCP_FORW: name:enp0s3: saddr:33561200: daddr:100932208
[  279.522911] AAAAA-TCP_FORW: name:enp0s3: saddr:100932208: daddr:16783984
[  279.596315] AAAAA-TCP_FORW: name:enp0s3: saddr:33561200: daddr:100932208
[  279.618733] AAAAA-TCP_FORW: name:enp0s3: saddr:100932208: daddr:16783984
[  279.822737] AAAAA-TCP_FORW: name:enp0s3: saddr:100932208: daddr:33561200
[  279.866053] AAAAA-TCP_FORW: name:enp0s3: saddr:100932208: daddr:16783984
[  279.885465] AAAAA-TCP_FORW: name:enp0s3: saddr:100932208: daddr:16783984
[  279.916597] AAAAA-TCP_FORW: name:enp0s3: saddr:16783984: daddr:100932208
[  279.960299] AAAAA-TCP_FORW: name:enp0s3: saddr:100932208: daddr:16783984
[  280.002227] AAAAA-TCP_FORW: name:enp0s3: saddr:16783984: daddr:100932208
[  280.025438] AAAAA-TCP_FORW: name:enp0s3: saddr:100932208: daddr:33561200
[  280.028833] AAAAA-TCP_FORW: name:enp0s3: saddr:100932208: daddr:16783984
[  280.030651] AAAAA-TCP_FORW: name:enp0s3: saddr:100932208: daddr:16783984
[  280.043711] AAAAA-TCP_FORW: name:enp0s3: saddr:100932208: daddr:16783984
[  280.067853] AAAAA-TCP_FORW: name:enp0s3: saddr:33561200: daddr:100932208
[  280.092712] AAAAA-TCP_FORW: name:enp0s3: saddr:100932208: daddr:33561200
[  280.168049] AAAAA-TCP_FORW: name:enp0s3: saddr:33561200: daddr:100932208
[  280.289649] AAAAA-TCP_FORW: name:enp0s3: saddr:33561200: daddr:100932208
[  280.369338] AAAAA-TCP_FORW: name:enp0s3: saddr:33561200: daddr:100932208
[  280.506621] AAAAA-TCP_FORW: name:enp0s3: saddr:16783984: daddr:100932208
[  280.554899] AAAAA-TCP_FORW: name:enp0s3: saddr:16783984: daddr:100932208
[  280.625557] AAAAA-TCP_FORW: name:enp0s3: saddr:33561200: daddr:100932208
[  280.698940] AAAAA-TCP_FORW: name:enp0s3: saddr:16783984: daddr:100932208
[  280.761678] AAAAA-TCP_FORW: name:enp0s3: saddr:16783984: daddr:100932208
[  280.832950] AAAAA-TCP_FORW: name:enp0s3: saddr:33561200: daddr:100932208
[  280.895885] AAAAA-TCP_FORW: name:enp0s3: saddr:16783984: daddr:100932208
[  281.044113] AAAAA-TCP_FORW: name:enp0s3: saddr:16783984: daddr:100932208
[  281.074460] AAAAA-TCP_FORW: name:enp0s3: saddr:16783984: daddr:100932208
[  281.135314] AAAAA-TCP_FORW: name:enp0s3: saddr:33561200: daddr:100932208
[  281.207399] AAAAA-TCP_FORW: name:enp0s3: saddr:16783984: daddr:100932208
[  281.273406] AAAAA-TCP_FORW: name:enp0s3: saddr:16783984: daddr:100932208
[  281.342650] AAAAA-TCP_FORW: name:enp0s3: saddr:33561200: daddr:100932208
[  281.408144] AAAAA-TCP_FORW: name:enp0s3: saddr:16783984: daddr:100932208
[  281.497406] AAAAA-TCP_FORW: name:enp0s3: saddr:16783984: daddr:100932208
[  281.561707] AAAAA-TCP_FORW: name:enp0s3: saddr:33561200: daddr:100932208
[  281.613819] AAAAA-TCP_FORW: name:enp0s3: saddr:16783984: daddr:100932208
[  281.680085] AAAAA-TCP_FORW: name:enp0s3: saddr:16783984: daddr:100932208
[  281.738184] AAAAA-TCP_FORW: name:enp0s3: saddr:16783984: daddr:100932208
[  281.836597] AAAAA-TCP_FORW: name:enp0s3: saddr:33561200: daddr:100932208
[  281.903703] AAAAA-TCP_FORW: name:enp0s3: saddr:16783984: daddr:100932208
[  281.974065] AAAAA-TCP_FORW: name:enp0s3: saddr:16783984: daddr:100932208
[  282.057163] AAAAA-TCP_FORW: name:enp0s3: saddr:33561200: daddr:100932208
[  282.645554] AAAAA-TCP_FORW: name:enp0s3: saddr:100932208: daddr:16783984
[  282.674369] AAAAA-TCP_FORW: name:enp0s3: saddr:16783984: daddr:100932208
[  282.725841] AAAAA-TCP_FORW: name:enp0s3: saddr:100932208: daddr:16783984
[  282.745381] AAAAA-TCP_FORW: name:enp0s3: saddr:16783984: daddr:100932208
[  282.788929] AAAAA-TCP_FORW: name:enp0s3: saddr:100932208: daddr:16783984
[  282.817798] AAAAA-TCP_FORW: name:enp0s3: saddr:100932208: daddr:16783984
[  282.832042] AAAAA-TCP_FORW: name:enp0s3: saddr:100932208: daddr:16783984
[  282.855317] AAAAA-TCP_FORW: name:enp0s3: saddr:16783984: daddr:100932208
[  282.903729] AAAAA-TCP_FORW: name:enp0s3: saddr:100932208: daddr:33561200
[  282.940645] AAAAA-TCP_FORW: name:enp0s3: saddr:100932208: daddr:33561200
[  282.950987] AAAAA-TCP_FORW: name:enp0s3: saddr:16783984: daddr:100932208
[  282.972922] AAAAA-TCP_FORW: name:enp0s3: saddr:100932208: daddr:33561200
[  283.021161] AAAAA-TCP_FORW: name:enp0s3: saddr:16783984: daddr:100932208
[  283.047607] AAAAA-TCP_FORW: name:enp0s3: saddr:100932208: daddr:33561200
[  283.109690] AAAAA-TCP_FORW: name:enp0s3: saddr:33561200: daddr:100932208
[  283.111463] AAAAA-TCP_FORW: name:enp0s3: saddr:100932208: daddr:16783984
[  283.142022] AAAAA-TCP_FORW: name:enp0s3: saddr:100932208: daddr:16783984
[  283.184176] AAAAA-TCP_FORW: name:enp0s3: saddr:33561200: daddr:100932208
[  283.245264] AAAAA-TCP_FORW: name:enp0s3: saddr:33561200: daddr:100932208
[  283.315832] AAAAA-TCP_FORW: name:enp0s3: saddr:33561200: daddr:100932208
[  283.388287] AAAAA-TCP_FORW: name:enp0s3: saddr:100932208: daddr:33561200
[  283.432407] AAAAA-TCP_FORW: name:enp0s3: saddr:16783984: daddr:100932208
[  283.500708] AAAAA-TCP_FORW: name:enp0s3: saddr:16783984: daddr:100932208
[  283.529003] AAAAA-TCP_FORW: name:enp0s3: saddr:100932208: daddr:33561200
[  283.556028] AAAAA-TCP_FORW: name:enp0s3: saddr:100932208: daddr:33561200
[  283.610193] AAAAA-TCP_FORW: name:enp0s3: saddr:33561200: daddr:100932208
[  283.708897] AAAAA-TCP_FORW: name:enp0s3: saddr:33561200: daddr:100932208
[  283.768374] AAAAA-TCP_FORW: name:enp0s3: saddr:33561200: daddr:100932208
[  300.063387] AAAAA-TCP_FORW: name:enp0s3: saddr:100932208: daddr:33561200
[  300.152987] AAAAA-TCP_FORW: name:enp0s3: saddr:100932208: daddr:16783984
[  300.255740] AAAAA-TCP_FORW: name:enp0s3: saddr:100932208: daddr:16783984
[  300.266834] AAAAA-TCP_FORW: name:enp0s3: saddr:33561200: daddr:100932208
[  300.326846] AAAAA-TCP_FORW: name:enp0s3: saddr:100932208: daddr:33561200
[  300.356985] AAAAA-TCP_FORW: name:enp0s3: saddr:100932208: daddr:16783984
[  300.401623] AAAAA-TCP_FORW: name:enp0s3: saddr:100932208: daddr:16783984
[  300.410285] AAAAA-TCP_FORW: name:enp0s3: saddr:16783984: daddr:100932208
[  300.424703] AAAAA-TCP_FORW: name:enp0s3: saddr:100932208: daddr:33561200
[  300.454457] AAAAA-TCP_FORW: name:enp0s3: saddr:16783984: daddr:100932208
[  300.465077] AAAAA-TCP_FORW: name:enp0s3: saddr:100932208: daddr:16783984
[  300.525725] AAAAA-TCP_FORW: name:enp0s3: saddr:100932208: daddr:33561200
[  300.542921] AAAAA-TCP_FORW: name:enp0s3: saddr:100932208: daddr:16783984
[  300.582174] AAAAA-TCP_FORW: name:enp0s3: saddr:33561200: daddr:100932208
[  300.588771] AAAAA-TCP_FORW: name:enp0s3: saddr:100932208: daddr:16783984
[  300.638503] AAAAA-TCP_FORW: name:enp0s3: saddr:100932208: daddr:33561200
[  300.672676] AAAAA-TCP_FORW: name:enp0s3: saddr:16783984: daddr:100932208
[  300.686453] AAAAA-TCP_FORW: name:enp0s3: saddr:100932208: daddr:16783984
[  300.724810] AAAAA-TCP_FORW: name:enp0s3: saddr:100932208: daddr:16783984
[  300.765903] AAAAA-TCP_FORW: name:enp0s3: saddr:100932208: daddr:16783984
[  300.785340] AAAAA-TCP_FORW: name:enp0s3: saddr:100932208: daddr:33561200
[  300.804483] AAAAA-TCP_FORW: name:enp0s3: saddr:16783984: daddr:100932208
[  300.824847] AAAAA-TCP_FORW: name:enp0s3: saddr:100932208: daddr:16783984
[  300.885267] AAAAA-TCP_FORW: name:enp0s3: saddr:100932208: daddr:16783984
[  300.906723] AAAAA-TCP_FORW: name:enp0s3: saddr:100932208: daddr:33561200
[  300.949170] AAAAA-TCP_FORW: name:enp0s3: saddr:100932208: daddr:16783984
[  300.984238] AAAAA-TCP_FORW: name:enp0s3: saddr:100932208: daddr:16783984
[  301.005114] AAAAA-TCP_FORW: name:enp0s3: saddr:33561200: daddr:100932208
[  301.026072] AAAAA-TCP_FORW: name:enp0s3: saddr:100932208: daddr:33561200
[  301.101730] AAAAA-TCP_FORW: name:enp0s3: saddr:100932208: daddr:16783984
[  301.127612] AAAAA-TCP_FORW: name:enp0s3: saddr:16783984: daddr:100932208
[  301.146642] AAAAA-TCP_FORW: name:enp0s3: saddr:100932208: daddr:16783984
[  301.176726] AAAAA-TCP_FORW: name:enp0s3: saddr:100932208: daddr:16783984
[  301.223318] AAAAA-TCP_FORW: name:enp0s3: saddr:100932208: daddr:33561200
[  301.280146] AAAAA-TCP_FORW: name:enp0s3: saddr:100932208: daddr:16783984
[  301.287329] AAAAA-TCP_FORW: name:enp0s3: saddr:33561200: daddr:100932208
[  301.323404] AAAAA-TCP_FORW: name:enp0s3: saddr:100932208: daddr:16783984
[  301.367338] AAAAA-TCP_FORW: name:enp0s3: saddr:100932208: daddr:33561200
[  301.409755] AAAAA-TCP_FORW: name:enp0s3: saddr:100932208: daddr:16783984
[  301.429595] AAAAA-TCP_FORW: name:enp0s3: saddr:100932208: daddr:16783984
[  301.445347] AAAAA-TCP_FORW: name:enp0s3: saddr:16783984: daddr:100932208
[  301.470291] AAAAA-TCP_FORW: name:enp0s3: saddr:100932208: daddr:33561200
[  301.519720] AAAAA-TCP_FORW: name:enp0s3: saddr:100932208: daddr:16783984
[  301.580441] AAAAA-TCP_FORW: name:enp0s3: saddr:100932208: daddr:16783984
[  301.609701] AAAAA-TCP_FORW: name:enp0s3: saddr:100932208: daddr:16783984
[  301.646023] AAAAA-TCP_FORW: name:enp0s3: saddr:100932208: daddr:33561200
[  301.685054] AAAAA-TCP_FORW: name:enp0s3: saddr:100932208: daddr:16783984
[  301.709679] AAAAA-TCP_FORW: name:enp0s3: saddr:100932208: daddr:16783984
[  301.722024] AAAAA-TCP_FORW: name:enp0s3: saddr:16783984: daddr:100932208
[  301.753458] AAAAA-TCP_FORW: name:enp0s3: saddr:100932208: daddr:33561200
[  301.804674] AAAAA-TCP_FORW: name:enp0s3: saddr:100932208: daddr:16783984
[  301.843117] AAAAA-TCP_FORW: name:enp0s3: saddr:100932208: daddr:16783984
[  301.855521] AAAAA-TCP_FORW: name:enp0s3: saddr:33561200: daddr:100932208
[  301.877422] AAAAA-TCP_FORW: name:enp0s3: saddr:100932208: daddr:33561200
[  301.928834] AAAAA-TCP_FORW: name:enp0s3: saddr:100932208: daddr:16783984
[  301.978800] AAAAA-TCP_FORW: name:enp0s3: saddr:100932208: daddr:33561200
[  301.997861] AAAAA-TCP_FORW: name:enp0s3: saddr:100932208: daddr:33561200
[  302.005552] AAAAA-TCP_FORW: name:enp0s3: saddr:16783984: daddr:100932208
[  302.022623] AAAAA-TCP_FORW: name:enp0s3: saddr:100932208: daddr:33561200
[  302.024419] AAAAA-TCP_FORW: name:enp0s3: saddr:100932208: daddr:33561200
[  302.037552] AAAAA-TCP_FORW: name:enp0s3: saddr:100932208: daddr:33561200
[  302.064105] AAAAA-TCP_FORW: name:enp0s3: saddr:100932208: daddr:33561200
[  302.071605] AAAAA-TCP_FORW: name:enp0s3: saddr:100932208: daddr:33561200
[  302.094053] AAAAA-TCP_FORW: name:enp0s3: saddr:16783984: daddr:100932208
[  302.109450] AAAAA-TCP_FORW: name:enp0s3: saddr:100932208: daddr:33561200
[  302.116534] AAAAA-TCP_FORW: name:enp0s3: saddr:100932208: daddr:33561200
[  302.164130] AAAAA-TCP_FORW: name:enp0s3: saddr:100932208: daddr:33561200
