[    0.000000] Linux version 5.4.243-mptcp (root@ztg) (gcc version 12.2.0 (Debian 12.2.0-14+deb12u1)) #53 SMP Wed Dec 24 23:28:15 CST 2025
[    0.000000] Command line: BOOT_IMAGE=/boot/vmlinuz-5.4.243-mptcp root=UUID=98415a12-53b7-4144-8265-0f7ece09e445 ro quiet splash
[    0.000000] KERNEL supported cpus:
[    0.000000]   Intel GenuineIntel
[    0.000000]   AMD AuthenticAMD
[    0.000000]   Hygon HygonGenuine
[    0.000000]   Centaur CentaurHauls
[    0.000000]   zhaoxin   Shanghai  
[    0.000000] x86/fpu: Supporting XSAVE feature 0x001: 'x87 floating point registers'
[    0.000000] x86/fpu: Supporting XSAVE feature 0x002: 'SSE registers'
[    0.000000] x86/fpu: Supporting XSAVE feature 0x004: 'AVX registers'
[    0.000000] x86/fpu: xstate_offset[2]:  576, xstate_sizes[2]:  256
[    0.000000] x86/fpu: Enabled xstate features 0x7, context size is 832 bytes, using 'standard' format.
[    0.000000] BIOS-provided physical RAM map:
[    0.000000] BIOS-e820: [mem 0x0000000000000000-0x000000000009fbff] usable
[    0.000000] BIOS-e820: [mem 0x000000000009fc00-0x000000000009ffff] reserved
[    0.000000] BIOS-e820: [mem 0x00000000000f0000-0x00000000000fffff] reserved
[    0.000000] BIOS-e820: [mem 0x0000000000100000-0x000000007ffeffff] usable
[    0.000000] BIOS-e820: [mem 0x000000007fff0000-0x000000007fffffff] ACPI data
[    0.000000] BIOS-e820: [mem 0x00000000fec00000-0x00000000fec00fff] reserved
[    0.000000] BIOS-e820: [mem 0x00000000fee00000-0x00000000fee00fff] reserved
[    0.000000] BIOS-e820: [mem 0x00000000fffc0000-0x00000000ffffffff] reserved
[    0.000000] NX (Execute Disable) protection: active
[    0.000000] SMBIOS 2.5 present.
[    0.000000] DMI: innotek GmbH VirtualBox/VirtualBox, BIOS VirtualBox 12/01/2006
[    0.000000] Hypervisor detected: KVM
[    0.000000] kvm-clock: Using msrs 4b564d01 and 4b564d00
[    0.000000] kvm-clock: cpu 0, msr 39801001, primary cpu clock
[    0.000000] kvm-clock: using sched offset of 4521079380 cycles
[    0.000003] clocksource: kvm-clock: mask: 0xffffffffffffffff max_cycles: 0x1cd42e4dffb, max_idle_ns: 881590591483 ns
[    0.000005] tsc: Detected 2100.000 MHz processor
[    0.001881] e820: update [mem 0x00000000-0x00000fff] usable ==> reserved
[    0.001883] e820: remove [mem 0x000a0000-0x000fffff] usable
[    0.001887] last_pfn = 0x7fff0 max_arch_pfn = 0x400000000
[    0.001955] MTRR default type: uncachable
[    0.001955] MTRR fixed ranges enabled:
[    0.001957]   00000-9FFFF write-back
[    0.001957]   A0000-BFFFF uncachable
[    0.001958]   C0000-FFFFF write-protect
[    0.001959] MTRR variable ranges enabled:
[    0.001960]   0 base 000000000000 mask 3FFF80000000 write-back
[    0.001961]   1 disabled
[    0.001962]   2 disabled
[    0.001962]   3 disabled
[    0.001962]   4 disabled
[    0.001963]   5 disabled
[    0.001963]   6 disabled
[    0.001964]   7 disabled
[    0.001964]   8 disabled
[    0.001964]   9 disabled
[    0.001965]   10 disabled
[    0.001965]   11 disabled
[    0.001966]   12 disabled
[    0.001966]   13 disabled
[    0.001967]   14 disabled
[    0.001967]   15 disabled
[    0.001983] x86/PAT: Configuration [0-7]: WB  WC  UC- UC  WB  WP  UC- WT  
[    0.002116] found SMP MP-table at [mem 0x0009fff0-0x0009ffff]
[    0.092505] check: Scanning 1 areas for low memory corruption
[    0.092690] RAMDISK: [mem 0x32271000-0x3512ffff]
[    0.092699] ACPI: Early table checksum verification disabled
[    0.092704] ACPI: RSDP 0x00000000000E0000 000024 (v02 VBOX  )
[    0.092709] ACPI: XSDT 0x000000007FFF0030 00003C (v01 VBOX   VBOXXSDT 00000001 ASL  00000061)
[    0.092715] ACPI: FACP 0x000000007FFF00F0 0000F4 (v04 VBOX   VBOXFACP 00000001 ASL  00000061)
[    0.092722] ACPI: DSDT 0x000000007FFF02E0 002353 (v02 VBOX   VBOXBIOS 00000002 VBOX 00029BF3)
[    0.092726] ACPI: FACS 0x000000007FFF0200 000040
[    0.092729] ACPI: FACS 0x000000007FFF0200 000040
[    0.092732] ACPI: APIC 0x000000007FFF0240 000054 (v02 VBOX   VBOXAPIC 00000001 ASL  00000061)
[    0.092736] ACPI: SSDT 0x000000007FFF02A0 000038 (v01 VBOX   VBOXCPUT 00000002 VBOX 00029BF3)
[    0.092740] ACPI: Reserving FACP table memory at [mem 0x7fff00f0-0x7fff01e3]
[    0.092741] ACPI: Reserving DSDT table memory at [mem 0x7fff02e0-0x7fff2632]
[    0.092741] ACPI: Reserving FACS table memory at [mem 0x7fff0200-0x7fff023f]
[    0.092742] ACPI: Reserving FACS table memory at [mem 0x7fff0200-0x7fff023f]
[    0.092743] ACPI: Reserving APIC table memory at [mem 0x7fff0240-0x7fff0293]
[    0.092744] ACPI: Reserving SSDT table memory at [mem 0x7fff02a0-0x7fff02d7]
[    0.092758] ACPI: Local APIC address 0xfee00000
[    0.092945] No NUMA configuration found
[    0.092946] Faking a node at [mem 0x0000000000000000-0x000000007ffeffff]
[    0.092956] NODE_DATA(0) allocated [mem 0x7ffc5000-0x7ffeffff]
[    0.093217] Zone ranges:
[    0.093218]   DMA      [mem 0x0000000000001000-0x0000000000ffffff]
[    0.093219]   DMA32    [mem 0x0000000001000000-0x000000007ffeffff]
[    0.093220]   Normal   empty
[    0.093221]   Device   empty
[    0.093221] Movable zone start for each node
[    0.093223] Early memory node ranges
[    0.093224]   node   0: [mem 0x0000000000001000-0x000000000009efff]
[    0.093225]   node   0: [mem 0x0000000000100000-0x000000007ffeffff]
[    0.093228] Zeroed struct page in unavailable ranges: 114 pages
[    0.093229] Initmem setup node 0 [mem 0x0000000000001000-0x000000007ffeffff]
[    0.093230] On node 0 totalpages: 524174
[    0.093231]   DMA zone: 64 pages used for memmap
[    0.093232]   DMA zone: 21 pages reserved
[    0.093233]   DMA zone: 3998 pages, LIFO batch:0
[    0.093305]   DMA32 zone: 8128 pages used for memmap
[    0.093306]   DMA32 zone: 520176 pages, LIFO batch:63
[    0.102327] ACPI: PM-Timer IO Port: 0x4008
[    0.102330] ACPI: Local APIC address 0xfee00000
[    0.102394] IOAPIC[0]: apic_id 1, version 32, address 0xfec00000, GSI 0-23
[    0.102398] ACPI: INT_SRC_OVR (bus 0 bus_irq 0 global_irq 2 dfl dfl)
[    0.102399] ACPI: INT_SRC_OVR (bus 0 bus_irq 9 global_irq 9 low level)
[    0.102401] ACPI: IRQ0 used by override.
[    0.102402] ACPI: IRQ9 used by override.
[    0.102405] Using ACPI (MADT) for SMP configuration information
[    0.102411] smpboot: Allowing 1 CPUs, 0 hotplug CPUs
[    0.102434] PM: Registered nosave memory: [mem 0x00000000-0x00000fff]
[    0.102435] PM: Registered nosave memory: [mem 0x0009f000-0x0009ffff]
[    0.102435] PM: Registered nosave memory: [mem 0x000a0000-0x000effff]
[    0.102436] PM: Registered nosave memory: [mem 0x000f0000-0x000fffff]
[    0.102438] [mem 0x80000000-0xfebfffff] available for PCI devices
[    0.102439] Booting paravirtualized kernel on KVM
[    0.102442] clocksource: refined-jiffies: mask: 0xffffffff max_cycles: 0xffffffff, max_idle_ns: 7645519600211568 ns
[    0.102446] setup_percpu: NR_CPUS:8192 nr_cpumask_bits:1 nr_cpu_ids:1 nr_node_ids:1
[    0.103479] percpu: Embedded 60 pages/cpu s208896 r8192 d28672 u2097152
[    0.103484] pcpu-alloc: s208896 r8192 d28672 u2097152 alloc=1*2097152
[    0.103484] pcpu-alloc: [0] 0 
[    0.103510] Built 1 zonelists, mobility grouping on.  Total pages: 515961
[    0.103511] Policy zone: DMA32
[    0.103512] Kernel command line: BOOT_IMAGE=/boot/vmlinuz-5.4.243-mptcp root=UUID=98415a12-53b7-4144-8265-0f7ece09e445 ro quiet splash
[    0.104369] Dentry cache hash table entries: 262144 (order: 9, 2097152 bytes, linear)
[    0.104517] Inode-cache hash table entries: 131072 (order: 8, 1048576 bytes, linear)
[    0.104566] mem auto-init: stack:off, heap alloc:on, heap free:off
[    0.104568] Calgary: detecting Calgary via BIOS EBDA area
[    0.104569] Calgary: Unable to locate Rio Grande table in EBDA - bailing!
[    0.108734] Memory: 1967332K/2096696K available (14339K kernel code, 2398K rwdata, 4712K rodata, 2728K init, 17260K bss, 129364K reserved, 0K cma-reserved)
[    0.109682] SLUB: HWalign=64, Order=0-3, MinObjects=0, CPUs=1, Nodes=1
[    0.109698] ftrace: allocating 43186 entries in 169 pages
[    0.127898] rcu: Hierarchical RCU implementation.
[    0.127899] rcu: 	RCU restricting CPUs from NR_CPUS=8192 to nr_cpu_ids=1.
[    0.127900] 	Tasks RCU enabled.
[    0.127901] rcu: RCU calculated value of scheduler-enlistment delay is 25 jiffies.
[    0.127902] rcu: Adjusting geometry for rcu_fanout_leaf=16, nr_cpu_ids=1
[    0.130870] NR_IRQS: 524544, nr_irqs: 256, preallocated irqs: 16
[    0.131083] random: crng init done
[    0.140376] Console: colour VGA+ 80x25
[    0.140380] printk: console [tty0] enabled
[    0.140399] ACPI: Core revision 20190816
[    0.140499] APIC: Switch to symmetric I/O mode setup
[    0.140755] x2apic enabled
[    0.140989] Switched APIC routing to physical x2apic.
[    0.142115] ..TIMER: vector=0x30 apic1=0 pin1=2 apic2=-1 pin2=-1
[    0.142139] clocksource: tsc-early: mask: 0xffffffffffffffff max_cycles: 0x1e4530a99b6, max_idle_ns: 440795257976 ns
[    0.142144] Calibrating delay loop (skipped) preset value.. 4200.00 BogoMIPS (lpj=8400000)
[    0.142146] pid_max: default: 32768 minimum: 301
[    0.142173] LSM: Security Framework initializing
[    0.142183] Yama: becoming mindful.
[    0.142207] AppArmor: AppArmor initialized
[    0.142240] Mount-cache hash table entries: 4096 (order: 3, 32768 bytes, linear)
[    0.142245] Mountpoint-cache hash table entries: 4096 (order: 3, 32768 bytes, linear)
[    0.142255] *** VALIDATE tmpfs ***
[    0.142384] *** VALIDATE proc ***
[    0.142425] *** VALIDATE cgroup1 ***
[    0.142426] *** VALIDATE cgroup2 ***
[    0.142565] process: using mwait in idle threads
[    0.142569] Last level iTLB entries: 4KB 64, 2MB 8, 4MB 8
[    0.142570] Last level dTLB entries: 4KB 64, 2MB 0, 4MB 0, 1GB 4
[    0.142589] Spectre V1 : Mitigation: usercopy/swapgs barriers and __user pointer sanitization
[    0.142595] Spectre V2 : Mitigation: Retpolines
[    0.142596] Spectre V2 : Spectre v2 / SpectreRSB mitigation: Filling RSB on context switch
[    0.142596] Spectre V2 : Spectre v2 / SpectreRSB : Filling RSB on VMEXIT
[    0.142597] RETBleed: WARNING: Spectre v2 mitigation leaves CPU vulnerable to RETBleed attacks, data leaks possible!
[    0.142944] RETBleed: Vulnerable
[    0.142945] Speculative Store Bypass: Vulnerable
[    0.142949] TAA: Mitigation: TSX disabled
[    0.142950] MMIO Stale Data: Mitigation: Clear CPU buffers
[    0.147178] Freeing SMP alternatives memory: 40K
[    0.259872] smpboot: CPU0: Intel(R) Xeon(R) Silver 4216 CPU @ 2.10GHz (family: 0x6, model: 0x55, stepping: 0x7)
[    0.260003] Performance Events: unsupported p6 CPU model 85 no PMU driver, software events only.
[    0.260049] rcu: Hierarchical SRCU implementation.
[    0.260595] NMI watchdog: Perf NMI watchdog permanently disabled
[    0.260636] smp: Bringing up secondary CPUs ...
[    0.260637] smp: Brought up 1 node, 1 CPU
[    0.260638] smpboot: Max logical packages: 1
[    0.260639] smpboot: Total of 1 processors activated (4200.00 BogoMIPS)
[    0.261687] devtmpfs: initialized
[    0.261742] x86/mm: Memory block size: 128MB
[    0.262118] clocksource: jiffies: mask: 0xffffffff max_cycles: 0xffffffff, max_idle_ns: 7645041785100000 ns
[    0.262124] futex hash table entries: 256 (order: 2, 16384 bytes, linear)
[    0.262140] pinctrl core: initialized pinctrl subsystem
[    0.262140] PM: RTC time: 20:07:03, date: 2026-01-12
[    0.262140] NET: Registered protocol family 16
[    0.262140] audit: initializing netlink subsys (disabled)
[    0.262140] EISA bus registered
[    0.262140] cpuidle: using governor ladder
[    0.262140] cpuidle: using governor menu
[    0.262140] ACPI: bus type PCI registered
[    0.262140] acpiphp: ACPI Hot Plug PCI Controller Driver version: 0.5
[    0.262140] PCI: Using configuration type 1 for base access
[    0.262993] audit: type=2000 audit(1768219629.573:1): state=initialized audit_enabled=0 res=1
[    0.263074] HugeTLB registered 2.00 MiB page size, pre-allocated 0 pages
[    0.263890] ACPI: Added _OSI(Module Device)
[    0.263890] ACPI: Added _OSI(Processor Device)
[    0.263891] ACPI: Added _OSI(3.0 _SCP Extensions)
[    0.263892] ACPI: Added _OSI(Processor Aggregator Device)
[    0.263893] ACPI: Added _OSI(Linux-Dell-Video)
[    0.263894] ACPI: Added _OSI(Linux-Lenovo-NV-HDMI-Audio)
[    0.263894] ACPI: Added _OSI(Linux-HPI-Hybrid-Graphics)
[    0.265892] ACPI: 2 ACPI AML tables successfully acquired and loaded
[    0.267542] ACPI: Interpreter enabled
[    0.267552] ACPI: (supports S0 S5)
[    0.267553] ACPI: Using IOAPIC for interrupt routing
[    0.267789] PCI: Using host bridge windows from ACPI; if necessary, use "pci=nocrs" and report a bug
[    0.267908] ACPI: Enabled 2 GPEs in block 00 to 07
[    0.273234] ACPI: PCI Root Bridge [PCI0] (domain 0000 [bus 00-ff])
[    0.273240] acpi PNP0A03:00: _OSC: OS supports [ASPM ClockPM Segments MSI HPX-Type3]
[    0.273711] acpi PNP0A03:00: _OSC: not requesting OS control; OS requires [ExtendedConfig ASPM ClockPM MSI]
[    0.273720] acpi PNP0A03:00: fail to add MMCONFIG information, can't access extended PCI configuration space under this bridge.
[    0.274103] PCI host bridge to bus 0000:00
[    0.274105] pci_bus 0000:00: root bus resource [io  0x0000-0x0cf7 window]
[    0.274106] pci_bus 0000:00: root bus resource [io  0x0d00-0xffff window]
[    0.274107] pci_bus 0000:00: root bus resource [mem 0x000a0000-0x000bffff window]
[    0.274108] pci_bus 0000:00: root bus resource [mem 0x80000000-0xfdffffff window]
[    0.274110] pci_bus 0000:00: root bus resource [bus 00-ff]
[    0.274140] pci 0000:00:00.0: [8086:1237] type 00 class 0x060000
[    0.275133] pci 0000:00:01.0: [8086:7000] type 00 class 0x060100
[    0.275929] pci 0000:00:01.1: [8086:7111] type 00 class 0x01018a
[    0.276336] pci 0000:00:01.1: reg 0x20: [io  0xd000-0xd00f]
[    0.276512] pci 0000:00:01.1: legacy IDE quirk: reg 0x10: [io  0x01f0-0x01f7]
[    0.276513] pci 0000:00:01.1: legacy IDE quirk: reg 0x14: [io  0x03f6]
[    0.276514] pci 0000:00:01.1: legacy IDE quirk: reg 0x18: [io  0x0170-0x0177]
[    0.276515] pci 0000:00:01.1: legacy IDE quirk: reg 0x1c: [io  0x0376]
[    0.277089] pci 0000:00:02.0: [15ad:0405] type 00 class 0x030000
[    0.280203] pci 0000:00:02.0: reg 0x10: [io  0xd010-0xd01f]
[    0.282185] pci 0000:00:02.0: reg 0x14: [mem 0xe0000000-0xe7ffffff pref]
[    0.286184] pci 0000:00:02.0: reg 0x18: [mem 0xf0000000-0xf01fffff]
[    0.296735] pci 0000:00:03.0: [1022:2000] type 00 class 0x020000
[    0.297498] pci 0000:00:03.0: reg 0x10: [io  0xd020-0xd03f]
[    0.298257] pci 0000:00:03.0: reg 0x14: [mem 0xf0200000-0xf0200fff]
[    0.301861] pci 0000:00:04.0: [80ee:cafe] type 00 class 0x088000
[    0.302255] pci 0000:00:04.0: reg 0x10: [io  0xd040-0xd05f]
[    0.302869] pci 0000:00:04.0: reg 0x14: [mem 0xf0400000-0xf07fffff]
[    0.303486] pci 0000:00:04.0: reg 0x18: [mem 0xf0800000-0xf0803fff pref]
[    0.306976] pci 0000:00:07.0: [8086:7113] type 00 class 0x068000
[    0.307509] pci 0000:00:07.0: quirk: [io  0x4000-0x403f] claimed by PIIX4 ACPI
[    0.307519] pci 0000:00:07.0: quirk: [io  0x4100-0x410f] claimed by PIIX4 SMB
[    0.308122] pci 0000:00:08.0: [8086:100e] type 00 class 0x020000
[    0.308840] pci 0000:00:08.0: reg 0x10: [mem 0xf0820000-0xf083ffff]
[    0.309999] pci 0000:00:08.0: reg 0x18: [io  0xd060-0xd067]
[    0.313349] pci 0000:00:09.0: [8086:100e] type 00 class 0x020000
[    0.314832] pci 0000:00:09.0: reg 0x10: [mem 0xf0840000-0xf085ffff]
[    0.315987] pci 0000:00:09.0: reg 0x18: [io  0xd068-0xd06f]
[    0.326677] ACPI: PCI Interrupt Link [LNKA] (IRQs 5 9 10 *11)
[    0.326959] ACPI: PCI Interrupt Link [LNKB] (IRQs 5 9 *10 11)
[    0.327060] ACPI: PCI Interrupt Link [LNKC] (IRQs 5 *9 10 11)
[    0.327163] ACPI: PCI Interrupt Link [LNKD] (IRQs 5 9 10 *11)
[    0.327418] iommu: Default domain type: Translated 
[    0.327479] pci 0000:00:02.0: vgaarb: setting as boot VGA device
[    0.327480] pci 0000:00:02.0: vgaarb: VGA device added: decodes=io+mem,owns=io+mem,locks=none
[    0.327482] pci 0000:00:02.0: vgaarb: bridge control possible
[    0.327483] vgaarb: loaded
[    0.327693] SCSI subsystem initialized
[    0.327724] libata version 3.00 loaded.
[    0.327748] ACPI: bus type USB registered
[    0.327764] usbcore: registered new interface driver usbfs
[    0.327770] usbcore: registered new interface driver hub
[    0.327775] usbcore: registered new device driver usb
[    0.327805] pps_core: LinuxPPS API ver. 1 registered
[    0.327806] pps_core: Software ver. 5.3.6 - Copyright 2005-2007 Rodolfo Giometti <giometti@linux.it>
[    0.327808] PTP clock support registered
[    0.327841] EDAC MC: Ver: 3.0.0
[    0.328128] PCI: Using ACPI for IRQ routing
[    0.328130] PCI: pci_cache_line_size set to 64 bytes
[    0.328298] e820: reserve RAM buffer [mem 0x0009fc00-0x0009ffff]
[    0.328302] e820: reserve RAM buffer [mem 0x7fff0000-0x7fffffff]
[    0.329132] NetLabel: Initializing
[    0.329132] NetLabel:  domain hash size = 128
[    0.329133] NetLabel:  protocols = UNLABELED CIPSOv4 CALIPSO
[    0.329153] NetLabel:  unlabeled traffic allowed by default
[    0.330061] clocksource: Switched to clocksource kvm-clock
[    0.340867] *** VALIDATE bpf ***
[    0.340931] VFS: Disk quotas dquot_6.6.0
[    0.340944] VFS: Dquot-cache hash table entries: 512 (order 0, 4096 bytes)
[    0.340969] *** VALIDATE ramfs ***
[    0.340972] *** VALIDATE hugetlbfs ***
[    0.341051] AppArmor: AppArmor Filesystem Enabled
[    0.341079] pnp: PnP ACPI init
[    0.341148] pnp 00:00: Plug and Play ACPI device, IDs PNP0303 (active)
[    0.341217] pnp 00:01: Plug and Play ACPI device, IDs PNP0f03 (active)
[    0.341964] pnp: PnP ACPI: found 2 devices
[    0.342922] thermal_sys: Registered thermal governor 'fair_share'
[    0.342922] thermal_sys: Registered thermal governor 'bang_bang'
[    0.342923] thermal_sys: Registered thermal governor 'step_wise'
[    0.342924] thermal_sys: Registered thermal governor 'user_space'
[    0.342924] thermal_sys: Registered thermal governor 'power_allocator'
[    0.347454] clocksource: acpi_pm: mask: 0xffffff max_cycles: 0xffffff, max_idle_ns: 2085701024 ns
[    0.347494] pci_bus 0000:00: resource 4 [io  0x0000-0x0cf7 window]
[    0.347496] pci_bus 0000:00: resource 5 [io  0x0d00-0xffff window]
[    0.347497] pci_bus 0000:00: resource 6 [mem 0x000a0000-0x000bffff window]
[    0.347498] pci_bus 0000:00: resource 7 [mem 0x80000000-0xfdffffff window]
[    0.347554] NET: Registered protocol family 2
[    0.347630] IP idents hash table entries: 32768 (order: 6, 262144 bytes, linear)
[    0.348040] MPTCP tokens hash table entries: 8192 (order: 4, 65536 bytes, linear)
[    0.348060] MPTCP request tokens hash table entries: 8192 (order: 4, 65536 bytes, linear)
[    0.348085] default registered
[    0.348086] default registered
[    0.348086] MPTCP: Stable release v0.96
[    0.348091] tcp_listen_portaddr_hash hash table entries: 1024 (order: 2, 16384 bytes, linear)
[    0.348174] TCP established hash table entries: 16384 (order: 5, 131072 bytes, linear)
[    0.348239] TCP bind hash table entries: 16384 (order: 6, 262144 bytes, linear)
[    0.348264] TCP: Hash tables configured (established 16384 bind 16384)
[    0.348989] UDP hash table entries: 1024 (order: 3, 32768 bytes, linear)
[    0.349001] UDP-Lite hash table entries: 1024 (order: 3, 32768 bytes, linear)
[    0.349036] NET: Registered protocol family 1
[    0.349045] NET: Registered protocol family 44
[    0.349066] pci 0000:00:00.0: Limiting direct PCI/PCI transfers
[    0.349080] pci 0000:00:01.0: Activating ISA DMA hang workarounds
[    0.349134] pci 0000:00:02.0: Video device with shadowed ROM at [mem 0x000c0000-0x000dffff]
[    0.349199] PCI: CLS 0 bytes, default 64
[    0.349245] Trying to unpack rootfs image as initramfs...
[    0.524303] Freeing initrd memory: 47868K
[    0.524303] clocksource: tsc: mask: 0xffffffffffffffff max_cycles: 0x1e4530a99b6, max_idle_ns: 440795257976 ns
[    0.524303] clocksource: Switched to clocksource tsc
[    0.524303] platform rtc_cmos: registered platform RTC device (no PNP device found)
[    0.524303] check: Scanning for low memory corruption every 60 seconds
[    0.524303] Initialise system trusted keyrings
[    0.524303] Key type blacklist registered
[    0.524303] workingset: timestamp_bits=36 max_order=19 bucket_order=0
[    0.524303] zbud: loaded
[    0.524303] squashfs: version 4.0 (2009/01/31) Phillip Lougher
[    0.524303] fuse: init (API version 7.31)
[    0.524303] *** VALIDATE fuse ***
[    0.524303] *** VALIDATE fuse ***
[    0.524303] Platform Keyring initialized
[    0.538185] Key type asymmetric registered
[    0.538186] Asymmetric key parser 'x509' registered
[    0.538197] Block layer SCSI generic (bsg) driver version 0.4 loaded (major 244)
[    0.538232] io scheduler mq-deadline registered
[    0.538358] shpchp: Standard Hot Plug PCI Controller Driver version: 0.4
[    0.538567] ACPI: AC Adapter [AC] (on-line)
[    0.538613] input: Power Button as /devices/LNXSYSTM:00/LNXPWRBN:00/input/input0
[    0.538641] ACPI: Power Button [PWRF]
[    0.538726] input: Sleep Button as /devices/LNXSYSTM:00/LNXSLPBN:00/input/input1
[    0.538741] ACPI: Sleep Button [SLPF]
[    0.538999] Serial: 8250/16550 driver, 32 ports, IRQ sharing enabled
[    0.540160] Linux agpgart interface v0.103
[    0.635106] loop: module loaded
[    0.635260] ata_piix 0000:00:01.1: version 2.13
[    0.635669] scsi host0: ata_piix
[    0.635762] scsi host1: ata_piix
[    0.635788] ata1: PATA max UDMA/33 cmd 0x1f0 ctl 0x3f6 bmdma 0xd000 irq 14
[    0.635789] ata2: PATA max UDMA/33 cmd 0x170 ctl 0x376 bmdma 0xd008 irq 15
[    0.635871] tun: Universal TUN/TAP device driver, 1.6
[    0.636178] PPP generic driver version 2.4.2
[    0.636222] VFIO - User Level meta-driver version: 0.3
[    0.636457] ehci_hcd: USB 2.0 'Enhanced' Host Controller (EHCI) Driver
[    0.636462] ehci-pci: EHCI PCI platform driver
[    0.636479] ehci-platform: EHCI generic platform driver
[    0.636485] ohci_hcd: USB 1.1 'Open' Host Controller (OHCI) Driver
[    0.636486] ohci-pci: OHCI PCI platform driver
[    0.636493] ohci-platform: OHCI generic platform driver
[    0.636498] uhci_hcd: USB Universal Host Controller Interface driver
[    0.636566] i8042: PNP: PS/2 Controller [PNP0303:PS2K,PNP0f03:PS2M] at 0x60,0x64 irq 1,12
[    0.637001] serio: i8042 KBD port at 0x60,0x64 irq 1
[    0.637005] serio: i8042 AUX port at 0x60,0x64 irq 12
[    0.637090] mousedev: PS/2 mouse device common for all mice
[    0.637358] input: AT Translated Set 2 keyboard as /devices/platform/i8042/serio0/input/input2
[    0.637763] rtc_cmos rtc_cmos: registered as rtc0
[    0.637776] rtc_cmos rtc_cmos: alarms up to one day, 114 bytes nvram
[    0.637781] i2c /dev entries driver
[    0.637826] device-mapper: uevent: version 1.0.3
[    0.637870] device-mapper: ioctl: 4.41.0-ioctl (2019-09-16) initialised: dm-devel@redhat.com
[    0.637886] platform eisa.0: Probing EISA bus 0
[    0.637887] platform eisa.0: EISA: Cannot allocate resource for mainboard
[    0.637888] platform eisa.0: Cannot allocate resource for EISA slot 1
[    0.637890] platform eisa.0: Cannot allocate resource for EISA slot 2
[    0.637891] platform eisa.0: Cannot allocate resource for EISA slot 3
[    0.637891] platform eisa.0: Cannot allocate resource for EISA slot 4
[    0.637892] platform eisa.0: Cannot allocate resource for EISA slot 5
[    0.637893] platform eisa.0: Cannot allocate resource for EISA slot 6
[    0.637894] platform eisa.0: Cannot allocate resource for EISA slot 7
[    0.637895] platform eisa.0: Cannot allocate resource for EISA slot 8
[    0.637896] platform eisa.0: EISA: Detected 0 cards
[    0.637899] intel_pstate: CPU model not supported
[    0.637908] ledtrig-cpu: registered to indicate activity on CPUs
[    0.637962] drop_monitor: Initializing network drop monitor service
[    0.638124] NET: Registered protocol family 10
[    0.643504] Segment Routing with IPv6
[    0.643534] fullmesh registered
[    0.643535] ndiffports registered
[    0.643537] binder registered
[    0.643538] roundrobin registered
[    0.643538] redundant registered
[    0.643539] blest registered
[    0.643540] ecf registered
[    0.643541] NET: Registered protocol family 17
[    0.643572] Key type dns_resolver registered
[    0.643674] RAS: Correctable Errors collector initialized.
[    0.643687] IPI shorthand broadcast: enabled
[    0.643701] sched_clock: Marking stable (632065637, 11066481)->(646479433, -3347315)
[    0.643749] registered taskstats version 1
[    0.643757] Loading compiled-in X.509 certificates
[    0.644344] Loaded X.509 cert 'Build time autogenerated kernel key: 6909f3744cebb3d0de528d5887b96a727de79b1e'
[    0.644364] zswap: loaded using pool lzo/zbud
[    0.644416] Key type ._fscrypt registered
[    0.644417] Key type .fscrypt registered
[    0.648933] Key type big_key registered
[    0.651138] Key type encrypted registered
[    0.651141] AppArmor: AppArmor sha1 policy hashing enabled
[    0.651149] ima: No TPM chip found, activating TPM-bypass!
[    0.651153] ima: Allocated hash algorithm: sha1
[    0.651158] ima: No architecture policies found
[    0.651167] evm: Initialising EVM extended attributes:
[    0.651168] evm: security.selinux
[    0.651169] evm: security.SMACK64
[    0.651169] evm: security.SMACK64EXEC
[    0.651169] evm: security.SMACK64TRANSMUTE
[    0.651170] evm: security.SMACK64MMAP
[    0.651170] evm: security.apparmor
[    0.651171] evm: security.ima
[    0.651171] evm: security.capability
[    0.651172] evm: HMAC attrs: 0x1
[    0.651469] PM:   Magic number: 10:58:144
[    0.651470] PM:   hash matches drivers/base/power/main.c:1831
[    0.651476] ata_port ata1: hash matches
[    0.651477]  ata1: hash matches
[    0.651581] rtc_cmos rtc_cmos: setting system clock to 2026-01-12T20:07:04 UTC (1768248424)
[    0.806907] ata1.00: ATA-6: VBOX HARDDISK, 1.0, max UDMA/133
[    0.806909] ata1.00: 209715200 sectors, multi 128: LBA 
[    0.807386] scsi 0:0:0:0: Direct-Access     ATA      VBOX HARDDISK    1.0  PQ: 0 ANSI: 5
[    0.807579] sd 0:0:0:0: [sda] 209715200 512-byte logical blocks: (107 GB/100 GiB)
[    0.807586] sd 0:0:0:0: [sda] Write Protect is off
[    0.807588] sd 0:0:0:0: [sda] Mode Sense: 00 3a 00 00
[    0.807600] sd 0:0:0:0: [sda] Write cache: enabled, read cache: enabled, doesn't support DPO or FUA
[    0.807813] sd 0:0:0:0: Attached scsi generic sg0 type 0
[    0.808375]  sda: sda1 sda2
[    0.819241] sd 0:0:0:0: [sda] Attached SCSI disk
[    0.821282] Freeing unused decrypted memory: 2040K
[    0.822042] Freeing unused kernel image memory: 2728K
[    0.822044] Write protecting the kernel read-only data: 22528k
[    0.822761] Freeing unused kernel image memory: 2036K
[    0.823175] Freeing unused kernel image memory: 1432K
[    0.838448] x86/mm: Checked W+X mappings: passed, no W+X pages found.
[    0.838453] Run /init as init process
[    0.942498] ACPI: Video Device [GFX0] (multi-head: yes  rom: no  post: no)
[    0.942571] input: Video Bus as /devices/LNXSYSTM:00/LNXSYBUS:00/PNP0A03:00/LNXVIDEO:00/input/input4
[    0.954902] pcnet32: pcnet32.c:v1.35 21.Apr.2008 tsbogend@alpha.franken.de
[    0.955894] pcnet32: PCnet/FAST III 79C973 at 0xd020, 08:00:27:54:e9:ca assigned IRQ 19
[    0.955937] pcnet32: Found PHY 0022:561b at address 0
[    0.956238] pcnet32: eth0: registered as PCnet/FAST III 79C973
[    0.956634] pcnet32: 1 cards_found
[    0.958204] piix4_smbus 0000:00:07.0: SMBus Host Controller at 0x4100, revision 0
[    0.961913] e1000: Intel(R) PRO/1000 Network Driver - version 7.3.21-k8-NAPI
[    0.961913] e1000: Copyright (c) 1999-2006 Intel Corporation.
[    1.036108] pcnet32 0000:00:03.0 enp0s3: renamed from eth0
[    1.180370] input: ImExPS/2 Generic Explorer Mouse as /devices/platform/i8042/serio1/input/input5
[    1.371365] e1000 0000:00:08.0 eth0: (PCI:33MHz:32-bit) 08:00:27:c5:ab:9b
[    1.371369] e1000 0000:00:08.0 eth0: Intel(R) PRO/1000 Network Connection
[    1.747537] e1000 0000:00:09.0 eth1: (PCI:33MHz:32-bit) 08:00:27:7b:0d:6a
[    1.747539] e1000 0000:00:09.0 eth1: Intel(R) PRO/1000 Network Connection
[    1.748709] e1000 0000:00:09.0 enp0s9: renamed from eth1
[    1.750571] e1000 0000:00:08.0 enp0s8: renamed from eth0
[    2.299001] EXT4-fs (sda2): mounted filesystem with ordered data mode. Opts: (null)
[    2.460628] systemd[1]: Inserted module 'autofs4'
[    2.478054] systemd[1]: systemd 245.4-4ubuntu3 running in system mode. (+PAM +AUDIT +SELINUX +IMA +APPARMOR +SMACK +SYSVINIT +UTMP +LIBCRYPTSETUP +GCRYPT +GNUTLS +ACL +XZ +LZ4 +SECCOMP +BLKID +ELFUTILS +KMOD +IDN2 -IDN +PCRE2 default-hierarchy=hybrid)
[    2.478096] systemd[1]: Detected virtualization oracle.
[    2.478101] systemd[1]: Detected architecture x86-64.
[    2.479882] systemd[1]: Set hostname to <ztg>.
[    2.667040] systemd[1]: /lib/systemd/system/dbus.socket:5: ListenStream= references a path below legacy directory /var/run/, updating /var/run/dbus/system_bus_socket â†’ /run/dbus/system_bus_socket; please update the unit file accordingly.
[    2.751771] systemd[1]: Created slice system-modprobe.slice.
[    2.751977] systemd[1]: Created slice User and Session Slice.
[    2.752030] systemd[1]: Started Forward Password Requests to Wall Directory Watch.
[    2.752222] systemd[1]: Set up automount Arbitrary Executable File Formats File System Automount Point.
[    2.752259] systemd[1]: Reached target User and Group Name Lookups.
[    2.752267] systemd[1]: Reached target Remote File Systems.
[    2.752275] systemd[1]: Reached target Slices.
[    2.752885] systemd[1]: Listening on Syslog Socket.
[    2.752968] systemd[1]: Listening on fsck to fsckd communication Socket.
[    2.753011] systemd[1]: Listening on initctl Compatibility Named Pipe.
[    2.753163] systemd[1]: Listening on Journal Audit Socket.
[    2.753221] systemd[1]: Listening on Journal Socket (/dev/log).
[    2.753308] systemd[1]: Listening on Journal Socket.
[    2.753379] systemd[1]: Listening on udev Control Socket.
[    2.753421] systemd[1]: Listening on udev Kernel Socket.
[    2.754323] systemd[1]: Mounting Huge Pages File System...
[    2.755446] systemd[1]: Mounting POSIX Message Queue File System...
[    2.756445] systemd[1]: Mounting Kernel Debug File System...
[    2.758002] systemd[1]: Mounting Kernel Trace File System...
[    2.765146] systemd[1]: Starting Journal Service...
[    2.782076] systemd[1]: Starting Set the console keyboard layout...
[    2.787700] systemd[1]: Starting Create list of static device nodes for the current kernel...
[    2.793496] systemd[1]: Starting Load Kernel Module drm...
[    2.799346] systemd[1]: Condition check resulted in Set Up Additional Binary Formats being skipped.
[    2.799406] systemd[1]: Condition check resulted in File System Check on Root Device being skipped.
[    2.808474] systemd[1]: Starting Load Kernel Modules...
[    2.821249] systemd[1]: Starting Remount Root and Kernel File Systems...
[    2.852023] systemd[1]: Starting udev Coldplug all Devices...
[    2.862439] systemd[1]: Starting Uncomplicated firewall...
[    2.868017] systemd[1]: Mounted Huge Pages File System.
[    2.868126] systemd[1]: Mounted POSIX Message Queue File System.
[    2.868212] systemd[1]: Mounted Kernel Debug File System.
[    2.868295] systemd[1]: Mounted Kernel Trace File System.
[    2.869827] systemd[1]: Finished Create list of static device nodes for the current kernel.
[    2.870811] systemd[1]: modprobe@drm.service: Succeeded.
[    2.872771] systemd[1]: Finished Load Kernel Module drm.
[    2.875543] EXT4-fs (sda2): re-mounted. Opts: errors=remount-ro
[    2.887008] systemd[1]: Finished Remount Root and Kernel File Systems.
[    2.888742] systemd[1]: Finished Uncomplicated firewall.
[    2.923584] lp: driver loaded but no devices found
[    2.924988] systemd[1]: Condition check resulted in Rebuild Hardware Database being skipped.
[    2.925052] systemd[1]: Condition check resulted in Platform Persistent Storage Archival being skipped.
[    2.926906] systemd[1]: Starting Load/Save Random Seed...
[    2.935389] systemd[1]: Starting Create System Users...
[    2.945905] systemd[1]: Finished Load/Save Random Seed.
[    2.946612] ppdev: user-space parallel port driver
[    2.957382] systemd[1]: Finished Create System Users.
[    2.959046] systemd[1]: Starting Create Static Device Nodes in /dev...
[    2.998956] systemd[1]: Finished udev Coldplug all Devices.
[    3.033881] systemd[1]: Finished Create Static Device Nodes in /dev.
[    3.035066] systemd[1]: Starting udev Kernel Device Manager...
[    3.044159] [drm] DMA map mode: Caching DMA mappings.
[    3.044225] [drm] Capabilities:
[    3.044226] [drm]   Rect copy.
[    3.044226] [drm]   Cursor.
[    3.044227] [drm]   Cursor bypass.
[    3.044227] [drm]   Cursor bypass 2.
[    3.044227] [drm]   Alpha cursor.
[    3.044228] [drm]   Extended Fifo.
[    3.044228] [drm]   Pitchlock.
[    3.044228] [drm]   Irq mask.
[    3.044229] [drm]   GMR.
[    3.044229] [drm]   Traces.
[    3.044229] [drm]   GMR2.
[    3.044230] [drm]   Screen Object 2.
[    3.044230] [drm]   Command Buffers.
[    3.044230] [drm]   Command Buffers 2.
[    3.044231] [drm]   Guest Backed Resources.
[    3.044232] [drm] Max GMR ids is 8192
[    3.044233] [drm] Max number of GMR pages is 1048576
[    3.044233] [drm] Max dedicated hypervisor surface memory is 393216 kiB
[    3.044234] [drm] Maximum display memory size is 131072 kiB
[    3.044235] [drm] VRAM at 0xe0000000 size is 131072 kiB
[    3.044235] [drm] MMIO at 0xf0000000 size is 2048 kiB
[    3.044421] [TTM] Zone  kernel: Available graphics memory: 1011738 KiB
[    3.044422] [TTM] Initializing pool allocator
[    3.044427] [TTM] Initializing DMA pool allocator
[    3.044461] [drm] Supports vblank timestamp caching Rev 2 (21.10.2013).
[    3.044461] [drm] No driver support for vblank timestamp query.
[    3.044753] [drm] Screen Target Display device initialized
[    3.045179] [drm] width 720
[    3.045191] [drm] height 400
[    3.045195] [drm] bpp 32
[    3.045871] [drm] Fifo max 0x00200000 min 0x00001000 cap 0x00000355
[    3.047625] [drm] Using command buffers with DMA pool.
[    3.047631] [drm] DX: no.
[    3.047631] [drm] Atomic: yes.
[    3.047632] [drm] SM4_1: no.
[    3.047659] [drm:vmw_host_log [vmwgfx]] *ERROR* Failed to send host log message.
[    3.049532] [drm:vmw_host_log [vmwgfx]] *ERROR* Failed to send host log message.
[    3.066602] fbcon: svgadrmfb (fb0) is primary device
[    3.069697] Console: switching to colour frame buffer device 100x37
[    3.081664] [drm] Initialized vmwgfx 2.15.0 20180704 for 0000:00:02.0 on minor 0
[    3.086221] systemd[1]: Finished Load Kernel Modules.
[    3.087421] systemd[1]: Mounting FUSE Control File System...
[    3.088749] systemd[1]: Mounting Kernel Configuration File System...
[    3.119439] systemd[1]: Starting Apply Kernel Variables...
[    3.127915] systemd[1]: Finished Set the console keyboard layout.
[    3.128712] systemd[1]: Mounted FUSE Control File System.
[    3.128798] systemd[1]: Reached target Local File Systems (Pre).
[    3.128821] systemd[1]: Condition check resulted in VMware vmblock fuse mount being skipped.
[    3.136371] systemd[1]: Mounting Mount unit for bare, revision 5...
[    3.159964] systemd[1]: Mounting Mount unit for core18, revision 1705...
[    3.176647] systemd[1]: Mounting Mount unit for gnome-3-34-1804, revision 24...
[    3.183522] systemd[1]: Mounting Mount unit for gtk-common-themes, revision 1506...
[    3.190022] systemd[1]: Mounting Mount unit for gtk-common-themes, revision 1535...
[    3.202459] systemd[1]: Mounting Mount unit for snap-store, revision 433...
[    3.234452] systemd[1]: Mounting Mount unit for snapd, revision 7264...
[    3.252396] systemd[1]: Started udev Kernel Device Manager.
[    3.252552] systemd[1]: Mounted Kernel Configuration File System.
[    3.252968] systemd[1]: Finished Apply Kernel Variables.
[    3.253088] systemd[1]: Mounted Mount unit for bare, revision 5.
[    3.253184] systemd[1]: Mounted Mount unit for core18, revision 1705.
[    3.253276] systemd[1]: Mounted Mount unit for gnome-3-34-1804, revision 24.
[    3.255744] systemd[1]: Starting Show Plymouth Boot Screen...
[    3.262734] systemd[1]: Received SIGRTMIN+20 from PID 280 (plymouthd).
[    3.296843] systemd[1]: Mounted Mount unit for gtk-common-themes, revision 1506.
[    3.297174] systemd[1]: Mounted Mount unit for gtk-common-themes, revision 1535.
[    3.304496] systemd[1]: Started Show Plymouth Boot Screen.
[    3.304673] systemd[1]: Condition check resulted in Dispatch Password Requests to Console Directory Watch being skipped.
[    3.304845] systemd[1]: Started Forward Password Requests to Plymouth Directory Watch.
[    3.304884] systemd[1]: Reached target Local Encrypted Volumes.
[    3.321477] systemd[1]: Mounted Mount unit for snap-store, revision 433.
[    3.324594] systemd[1]: Mounted Mount unit for snapd, revision 7264.
[    3.324804] systemd[1]: Reached target Local File Systems.
[    3.338507] systemd[1]: Starting Load AppArmor profiles...
[    3.341000] systemd[1]: Starting Set console font and keymap...
[    3.354128] systemd[1]: Starting Tell Plymouth To Write Out Runtime Data...
[    3.354242] systemd[1]: Condition check resulted in Store a System Token in an EFI Variable being skipped.
[    3.354277] systemd[1]: Condition check resulted in Commit a transient machine-id on disk being skipped.
[    3.356718] systemd[1]: Finished Set console font and keymap.
[    3.360334] systemd[1]: Received SIGRTMIN+20 from PID 280 (plymouthd).
[    3.361987] systemd[1]: plymouth-read-write.service: Succeeded.
[    3.362272] systemd[1]: Finished Tell Plymouth To Write Out Runtime Data.
[    3.391020] audit: type=1400 audit(1768248427.232:2): apparmor="STATUS" operation="profile_load" profile="unconfined" name="nvidia_modprobe" pid=300 comm="apparmor_parser"
[    3.391023] audit: type=1400 audit(1768248427.232:3): apparmor="STATUS" operation="profile_load" profile="unconfined" name="nvidia_modprobe//kmod" pid=300 comm="apparmor_parser"
[    3.402218] audit: type=1400 audit(1768248427.244:4): apparmor="STATUS" operation="profile_load" profile="unconfined" name="/usr/sbin/tcpdump" pid=301 comm="apparmor_parser"
[    3.450473] audit: type=1400 audit(1768248427.284:5): apparmor="STATUS" operation="profile_load" profile="unconfined" name="/usr/bin/evince" pid=303 comm="apparmor_parser"
[    3.450476] audit: type=1400 audit(1768248427.284:6): apparmor="STATUS" operation="profile_load" profile="unconfined" name="/usr/bin/evince//sanitized_helper" pid=303 comm="apparmor_parser"
[    3.450477] audit: type=1400 audit(1768248427.284:7): apparmor="STATUS" operation="profile_load" profile="unconfined" name="/usr/bin/evince-previewer" pid=303 comm="apparmor_parser"
[    3.450479] audit: type=1400 audit(1768248427.284:8): apparmor="STATUS" operation="profile_load" profile="unconfined" name="/usr/bin/evince-previewer//sanitized_helper" pid=303 comm="apparmor_parser"
[    3.450480] audit: type=1400 audit(1768248427.284:9): apparmor="STATUS" operation="profile_load" profile="unconfined" name="/usr/bin/evince-thumbnailer" pid=303 comm="apparmor_parser"
[    3.482696] audit: type=1400 audit(1768248427.328:10): apparmor="STATUS" operation="profile_load" profile="unconfined" name="/usr/lib/cups/backend/cups-pdf" pid=304 comm="apparmor_parser"
[    3.550348] systemd[1]: Finished Load AppArmor profiles.
[    3.551636] systemd[1]: Starting Load AppArmor profiles managed internally by snapd...
[    3.619693] systemd[1]: Finished Load AppArmor profiles managed internally by snapd.
[    3.816978] systemd[1]: Started Journal Service.
[    3.825188] systemd-journald[229]: Received client request to flush runtime journal.
[    3.827324] systemd-journald[229]: File /var/log/journal/c455b248004a419c87ce85eea238d727/system.journal corrupted or uncleanly shut down, renaming and replacing.
[    5.168343] RAPL PMU: API unit is 2^-32 Joules, 0 fixed counters, 10737418240 ms ovfl timer
[    5.204796] cryptd: max_cpu_qlen set to 1000
[    5.303943] AVX2 version of gcm_enc/dec engaged.
[    5.303944] AES CTR mode by8 optimization enabled
[    6.113265] Adding 1998844k swap on /dev/sda1.  Priority:-2 extents:1 across:1998844k FS
[    7.224352] kauditd_printk_skb: 30 callbacks suppressed
[    7.224354] audit: type=1400 audit(1768248431.068:41): apparmor="DENIED" operation="capable" profile="/usr/sbin/cups-browsed" pid=515 comm="cups-browsed" capability=23  capname="sys_nice"
[    8.691963] pcnet32 0000:00:03.0 enp0s3: link up, 100Mbps, full-duplex
[    8.728338] e1000: enp0s8 NIC Link is Up 1000 Mbps Full Duplex, Flow Control: RX
[    8.728633] IPv6: ADDRCONF(NETDEV_CHANGE): enp0s8: link becomes ready
[    8.747309] e1000: enp0s9 NIC Link is Up 1000 Mbps Full Duplex, Flow Control: RX
[    8.748399] IPv6: ADDRCONF(NETDEV_CHANGE): enp0s9: link becomes ready
[    9.292365] device enp0s3 entered promiscuous mode
[    9.311909] audit: type=1400 audit(1768248433.152:42): apparmor="DENIED" operation="open" profile="/usr/sbin/tcpdump" name="/proc/sys/kernel/random/boot_id" pid=675 comm="tcpdump" requested_mask="r" denied_mask="r" fsuid=0 ouid=0
[    9.312104] audit: type=1400 audit(1768248433.152:43): apparmor="DENIED" operation="open" profile="/usr/sbin/tcpdump" name="/proc/sys/kernel/random/boot_id" pid=675 comm="tcpdump" requested_mask="r" denied_mask="r" fsuid=0 ouid=0
[    9.312180] audit: type=1400 audit(1768248433.152:44): apparmor="DENIED" operation="open" profile="/usr/sbin/tcpdump" name="/proc/sys/kernel/random/boot_id" pid=675 comm="tcpdump" requested_mask="r" denied_mask="r" fsuid=0 ouid=0
[    9.312270] audit: type=1400 audit(1768248433.152:45): apparmor="DENIED" operation="open" profile="/usr/sbin/tcpdump" name="/proc/sys/kernel/random/boot_id" pid=675 comm="tcpdump" requested_mask="r" denied_mask="r" fsuid=0 ouid=0
[    9.315438] audit: type=1400 audit(1768248433.160:46): apparmor="DENIED" operation="open" profile="/usr/sbin/tcpdump" name="/proc/sys/kernel/random/boot_id" pid=676 comm="tcpdump" requested_mask="r" denied_mask="r" fsuid=0 ouid=0
[    9.316481] audit: type=1400 audit(1768248433.160:47): apparmor="DENIED" operation="open" profile="/usr/sbin/tcpdump" name="/proc/sys/kernel/random/boot_id" pid=676 comm="tcpdump" requested_mask="r" denied_mask="r" fsuid=0 ouid=0
[    9.316524] audit: type=1400 audit(1768248433.160:48): apparmor="DENIED" operation="open" profile="/usr/sbin/tcpdump" name="/proc/sys/kernel/random/boot_id" pid=676 comm="tcpdump" requested_mask="r" denied_mask="r" fsuid=0 ouid=0
[    9.316587] audit: type=1400 audit(1768248433.160:49): apparmor="DENIED" operation="open" profile="/usr/sbin/tcpdump" name="/proc/sys/kernel/random/boot_id" pid=676 comm="tcpdump" requested_mask="r" denied_mask="r" fsuid=0 ouid=0
[   14.115405] rfkill: input handler disabled
[  960.664735] rfkill: input handler enabled
[  969.732317] rfkill: input handler disabled
[ 1409.172832] device enp0s3 left promiscuous mode
