[    0.000000] Linux version 5.4.243-mptcp (root@ztg) (gcc version 12.2.0 (Debian 12.2.0-14+deb12u1)) #53 SMP Wed Dec 24 23:28:15 CST 2025
[    0.000000] Command line: BOOT_IMAGE=/boot/vmlinuz-5.4.243-mptcp root=UUID=98415a12-53b7-4144-8265-0f7ece09e445 ro quiet splash
[    0.000000] KERNEL supported cpus:
[    0.000000]   Intel GenuineIntel
[    0.000000]   AMD AuthenticAMD
[    0.000000]   Hygon HygonGenuine
[    0.000000]   Centaur CentaurHauls
[    0.000000]   zhaoxin   Shanghai  
[    0.000000] x86/fpu: Supporting XSAVE feature 0x001: 'x87 floating point registers'
[    0.000000] x86/fpu: Supporting XSAVE feature 0x002: 'SSE registers'
[    0.000000] x86/fpu: Supporting XSAVE feature 0x004: 'AVX registers'
[    0.000000] x86/fpu: xstate_offset[2]:  576, xstate_sizes[2]:  256
[    0.000000] x86/fpu: Enabled xstate features 0x7, context size is 832 bytes, using 'standard' format.
[    0.000000] BIOS-provided physical RAM map:
[    0.000000] BIOS-e820: [mem 0x0000000000000000-0x000000000009fbff] usable
[    0.000000] BIOS-e820: [mem 0x000000000009fc00-0x000000000009ffff] reserved
[    0.000000] BIOS-e820: [mem 0x00000000000f0000-0x00000000000fffff] reserved
[    0.000000] BIOS-e820: [mem 0x0000000000100000-0x000000007ffeffff] usable
[    0.000000] BIOS-e820: [mem 0x000000007fff0000-0x000000007fffffff] ACPI data
[    0.000000] BIOS-e820: [mem 0x00000000fec00000-0x00000000fec00fff] reserved
[    0.000000] BIOS-e820: [mem 0x00000000fee00000-0x00000000fee00fff] reserved
[    0.000000] BIOS-e820: [mem 0x00000000fffc0000-0x00000000ffffffff] reserved
[    0.000000] NX (Execute Disable) protection: active
[    0.000000] SMBIOS 2.5 present.
[    0.000000] DMI: innotek GmbH VirtualBox/VirtualBox, BIOS VirtualBox 12/01/2006
[    0.000000] Hypervisor detected: KVM
[    0.000000] kvm-clock: Using msrs 4b564d01 and 4b564d00
[    0.000000] kvm-clock: cpu 0, msr 66001001, primary cpu clock
[    0.000000] kvm-clock: using sched offset of 4419308406 cycles
[    0.000003] clocksource: kvm-clock: mask: 0xffffffffffffffff max_cycles: 0x1cd42e4dffb, max_idle_ns: 881590591483 ns
[    0.000005] tsc: Detected 2100.000 MHz processor
[    0.001894] e820: update [mem 0x00000000-0x00000fff] usable ==> reserved
[    0.001896] e820: remove [mem 0x000a0000-0x000fffff] usable
[    0.001900] last_pfn = 0x7fff0 max_arch_pfn = 0x400000000
[    0.001967] MTRR default type: uncachable
[    0.001968] MTRR fixed ranges enabled:
[    0.001969]   00000-9FFFF write-back
[    0.001970]   A0000-BFFFF uncachable
[    0.001971]   C0000-FFFFF write-protect
[    0.001971] MTRR variable ranges enabled:
[    0.001973]   0 base 000000000000 mask 3FFF80000000 write-back
[    0.001973]   1 disabled
[    0.001974]   2 disabled
[    0.001974]   3 disabled
[    0.001974]   4 disabled
[    0.001975]   5 disabled
[    0.001975]   6 disabled
[    0.001976]   7 disabled
[    0.001976]   8 disabled
[    0.001977]   9 disabled
[    0.001977]   10 disabled
[    0.001977]   11 disabled
[    0.001978]   12 disabled
[    0.001978]   13 disabled
[    0.001979]   14 disabled
[    0.001979]   15 disabled
[    0.001995] x86/PAT: Configuration [0-7]: WB  WC  UC- UC  WB  WP  UC- WT  
[    0.002130] found SMP MP-table at [mem 0x0009fff0-0x0009ffff]
[    0.092713] check: Scanning 1 areas for low memory corruption
[    0.092939] RAMDISK: [mem 0x32271000-0x3512ffff]
[    0.092947] ACPI: Early table checksum verification disabled
[    0.092953] ACPI: RSDP 0x00000000000E0000 000024 (v02 VBOX  )
[    0.092957] ACPI: XSDT 0x000000007FFF0030 00003C (v01 VBOX   VBOXXSDT 00000001 ASL  00000061)
[    0.092963] ACPI: FACP 0x000000007FFF00F0 0000F4 (v04 VBOX   VBOXFACP 00000001 ASL  00000061)
[    0.092970] ACPI: DSDT 0x000000007FFF02E0 002353 (v02 VBOX   VBOXBIOS 00000002 VBOX 00029BF3)
[    0.092974] ACPI: FACS 0x000000007FFF0200 000040
[    0.092977] ACPI: FACS 0x000000007FFF0200 000040
[    0.092980] ACPI: APIC 0x000000007FFF0240 000054 (v02 VBOX   VBOXAPIC 00000001 ASL  00000061)
[    0.092984] ACPI: SSDT 0x000000007FFF02A0 000038 (v01 VBOX   VBOXCPUT 00000002 VBOX 00029BF3)
[    0.092987] ACPI: Reserving FACP table memory at [mem 0x7fff00f0-0x7fff01e3]
[    0.092988] ACPI: Reserving DSDT table memory at [mem 0x7fff02e0-0x7fff2632]
[    0.092989] ACPI: Reserving FACS table memory at [mem 0x7fff0200-0x7fff023f]
[    0.092989] ACPI: Reserving FACS table memory at [mem 0x7fff0200-0x7fff023f]
[    0.092990] ACPI: Reserving APIC table memory at [mem 0x7fff0240-0x7fff0293]
[    0.092991] ACPI: Reserving SSDT table memory at [mem 0x7fff02a0-0x7fff02d7]
[    0.093006] ACPI: Local APIC address 0xfee00000
[    0.093194] No NUMA configuration found
[    0.093195] Faking a node at [mem 0x0000000000000000-0x000000007ffeffff]
[    0.093206] NODE_DATA(0) allocated [mem 0x7ffc5000-0x7ffeffff]
[    0.093468] Zone ranges:
[    0.093469]   DMA      [mem 0x0000000000001000-0x0000000000ffffff]
[    0.093470]   DMA32    [mem 0x0000000001000000-0x000000007ffeffff]
[    0.093471]   Normal   empty
[    0.093472]   Device   empty
[    0.093472] Movable zone start for each node
[    0.093474] Early memory node ranges
[    0.093475]   node   0: [mem 0x0000000000001000-0x000000000009efff]
[    0.093476]   node   0: [mem 0x0000000000100000-0x000000007ffeffff]
[    0.093479] Zeroed struct page in unavailable ranges: 114 pages
[    0.093480] Initmem setup node 0 [mem 0x0000000000001000-0x000000007ffeffff]
[    0.093481] On node 0 totalpages: 524174
[    0.093482]   DMA zone: 64 pages used for memmap
[    0.093482]   DMA zone: 21 pages reserved
[    0.093483]   DMA zone: 3998 pages, LIFO batch:0
[    0.093554]   DMA32 zone: 8128 pages used for memmap
[    0.093554]   DMA32 zone: 520176 pages, LIFO batch:63
[    0.102571] ACPI: PM-Timer IO Port: 0x4008
[    0.102575] ACPI: Local APIC address 0xfee00000
[    0.102644] IOAPIC[0]: apic_id 1, version 32, address 0xfec00000, GSI 0-23
[    0.102648] ACPI: INT_SRC_OVR (bus 0 bus_irq 0 global_irq 2 dfl dfl)
[    0.102649] ACPI: INT_SRC_OVR (bus 0 bus_irq 9 global_irq 9 low level)
[    0.102651] ACPI: IRQ0 used by override.
[    0.102652] ACPI: IRQ9 used by override.
[    0.102655] Using ACPI (MADT) for SMP configuration information
[    0.102662] smpboot: Allowing 1 CPUs, 0 hotplug CPUs
[    0.102684] PM: Registered nosave memory: [mem 0x00000000-0x00000fff]
[    0.102685] PM: Registered nosave memory: [mem 0x0009f000-0x0009ffff]
[    0.102686] PM: Registered nosave memory: [mem 0x000a0000-0x000effff]
[    0.102687] PM: Registered nosave memory: [mem 0x000f0000-0x000fffff]
[    0.102688] [mem 0x80000000-0xfebfffff] available for PCI devices
[    0.102689] Booting paravirtualized kernel on KVM
[    0.102692] clocksource: refined-jiffies: mask: 0xffffffff max_cycles: 0xffffffff, max_idle_ns: 7645519600211568 ns
[    0.102697] setup_percpu: NR_CPUS:8192 nr_cpumask_bits:1 nr_cpu_ids:1 nr_node_ids:1
[    0.103704] percpu: Embedded 60 pages/cpu s208896 r8192 d28672 u2097152
[    0.103709] pcpu-alloc: s208896 r8192 d28672 u2097152 alloc=1*2097152
[    0.103709] pcpu-alloc: [0] 0 
[    0.103736] Built 1 zonelists, mobility grouping on.  Total pages: 515961
[    0.103737] Policy zone: DMA32
[    0.103739] Kernel command line: BOOT_IMAGE=/boot/vmlinuz-5.4.243-mptcp root=UUID=98415a12-53b7-4144-8265-0f7ece09e445 ro quiet splash
[    0.104610] Dentry cache hash table entries: 262144 (order: 9, 2097152 bytes, linear)
[    0.104757] Inode-cache hash table entries: 131072 (order: 8, 1048576 bytes, linear)
[    0.104809] mem auto-init: stack:off, heap alloc:on, heap free:off
[    0.104812] Calgary: detecting Calgary via BIOS EBDA area
[    0.104813] Calgary: Unable to locate Rio Grande table in EBDA - bailing!
[    0.108965] Memory: 1967332K/2096696K available (14339K kernel code, 2398K rwdata, 4712K rodata, 2728K init, 17260K bss, 129364K reserved, 0K cma-reserved)
[    0.109894] SLUB: HWalign=64, Order=0-3, MinObjects=0, CPUs=1, Nodes=1
[    0.109911] ftrace: allocating 43186 entries in 169 pages
[    0.128154] rcu: Hierarchical RCU implementation.
[    0.128156] rcu: 	RCU restricting CPUs from NR_CPUS=8192 to nr_cpu_ids=1.
[    0.128157] 	Tasks RCU enabled.
[    0.128158] rcu: RCU calculated value of scheduler-enlistment delay is 25 jiffies.
[    0.128159] rcu: Adjusting geometry for rcu_fanout_leaf=16, nr_cpu_ids=1
[    0.131143] NR_IRQS: 524544, nr_irqs: 256, preallocated irqs: 16
[    0.131372] random: crng init done
[    0.140630] Console: colour VGA+ 80x25
[    0.140634] printk: console [tty0] enabled
[    0.140658] ACPI: Core revision 20190816
[    0.140780] APIC: Switch to symmetric I/O mode setup
[    0.141030] x2apic enabled
[    0.141268] Switched APIC routing to physical x2apic.
[    0.142395] ..TIMER: vector=0x30 apic1=0 pin1=2 apic2=-1 pin2=-1
[    0.142422] clocksource: tsc-early: mask: 0xffffffffffffffff max_cycles: 0x1e4530a99b6, max_idle_ns: 440795257976 ns
[    0.142428] Calibrating delay loop (skipped) preset value.. 4200.00 BogoMIPS (lpj=8400000)
[    0.142430] pid_max: default: 32768 minimum: 301
[    0.142458] LSM: Security Framework initializing
[    0.142468] Yama: becoming mindful.
[    0.142494] AppArmor: AppArmor initialized
[    0.142527] Mount-cache hash table entries: 4096 (order: 3, 32768 bytes, linear)
[    0.142531] Mountpoint-cache hash table entries: 4096 (order: 3, 32768 bytes, linear)
[    0.142541] *** VALIDATE tmpfs ***
[    0.142671] *** VALIDATE proc ***
[    0.142711] *** VALIDATE cgroup1 ***
[    0.142713] *** VALIDATE cgroup2 ***
[    0.142856] process: using mwait in idle threads
[    0.142861] Last level iTLB entries: 4KB 64, 2MB 8, 4MB 8
[    0.142862] Last level dTLB entries: 4KB 64, 2MB 0, 4MB 0, 1GB 4
[    0.142881] Spectre V1 : Mitigation: usercopy/swapgs barriers and __user pointer sanitization
[    0.142886] Spectre V2 : Mitigation: Retpolines
[    0.142887] Spectre V2 : Spectre v2 / SpectreRSB mitigation: Filling RSB on context switch
[    0.142887] Spectre V2 : Spectre v2 / SpectreRSB : Filling RSB on VMEXIT
[    0.142888] RETBleed: WARNING: Spectre v2 mitigation leaves CPU vulnerable to RETBleed attacks, data leaks possible!
[    0.143243] RETBleed: Vulnerable
[    0.143243] Speculative Store Bypass: Vulnerable
[    0.143248] TAA: Mitigation: TSX disabled
[    0.143248] MMIO Stale Data: Mitigation: Clear CPU buffers
[    0.147502] Freeing SMP alternatives memory: 40K
[    0.259735] smpboot: CPU0: Intel(R) Xeon(R) Silver 4216 CPU @ 2.10GHz (family: 0x6, model: 0x55, stepping: 0x7)
[    0.259890] Performance Events: unsupported p6 CPU model 85 no PMU driver, software events only.
[    0.259929] rcu: Hierarchical SRCU implementation.
[    0.260469] NMI watchdog: Perf NMI watchdog permanently disabled
[    0.260510] smp: Bringing up secondary CPUs ...
[    0.260511] smp: Brought up 1 node, 1 CPU
[    0.260512] smpboot: Max logical packages: 1
[    0.260513] smpboot: Total of 1 processors activated (4200.00 BogoMIPS)
[    0.261591] devtmpfs: initialized
[    0.261651] x86/mm: Memory block size: 128MB
[    0.262068] clocksource: jiffies: mask: 0xffffffff max_cycles: 0xffffffff, max_idle_ns: 7645041785100000 ns
[    0.262074] futex hash table entries: 256 (order: 2, 16384 bytes, linear)
[    0.262120] pinctrl core: initialized pinctrl subsystem
[    0.262232] PM: RTC time: 09:19:12, date: 2026-01-13
[    0.262363] NET: Registered protocol family 16
[    0.262424] audit: initializing netlink subsys (disabled)
[    0.262424] EISA bus registered
[    0.262424] cpuidle: using governor ladder
[    0.262424] cpuidle: using governor menu
[    0.262424] ACPI: bus type PCI registered
[    0.262424] acpiphp: ACPI Hot Plug PCI Controller Driver version: 0.5
[    0.262424] PCI: Using configuration type 1 for base access
[    0.263171] audit: type=2000 audit(1768267158.692:1): state=initialized audit_enabled=0 res=1
[    0.263253] HugeTLB registered 2.00 MiB page size, pre-allocated 0 pages
[    0.264105] ACPI: Added _OSI(Module Device)
[    0.264106] ACPI: Added _OSI(Processor Device)
[    0.264107] ACPI: Added _OSI(3.0 _SCP Extensions)
[    0.264107] ACPI: Added _OSI(Processor Aggregator Device)
[    0.264108] ACPI: Added _OSI(Linux-Dell-Video)
[    0.264109] ACPI: Added _OSI(Linux-Lenovo-NV-HDMI-Audio)
[    0.264110] ACPI: Added _OSI(Linux-HPI-Hybrid-Graphics)
[    0.266160] ACPI: 2 ACPI AML tables successfully acquired and loaded
[    0.267603] ACPI: Interpreter enabled
[    0.267613] ACPI: (supports S0 S5)
[    0.267614] ACPI: Using IOAPIC for interrupt routing
[    0.267818] PCI: Using host bridge windows from ACPI; if necessary, use "pci=nocrs" and report a bug
[    0.267926] ACPI: Enabled 2 GPEs in block 00 to 07
[    0.272896] ACPI: PCI Root Bridge [PCI0] (domain 0000 [bus 00-ff])
[    0.272901] acpi PNP0A03:00: _OSC: OS supports [ASPM ClockPM Segments MSI HPX-Type3]
[    0.273365] acpi PNP0A03:00: _OSC: not requesting OS control; OS requires [ExtendedConfig ASPM ClockPM MSI]
[    0.273373] acpi PNP0A03:00: fail to add MMCONFIG information, can't access extended PCI configuration space under this bridge.
[    0.273760] PCI host bridge to bus 0000:00
[    0.273762] pci_bus 0000:00: root bus resource [io  0x0000-0x0cf7 window]
[    0.273763] pci_bus 0000:00: root bus resource [io  0x0d00-0xffff window]
[    0.273764] pci_bus 0000:00: root bus resource [mem 0x000a0000-0x000bffff window]
[    0.273765] pci_bus 0000:00: root bus resource [mem 0x80000000-0xfdffffff window]
[    0.273767] pci_bus 0000:00: root bus resource [bus 00-ff]
[    0.273816] pci 0000:00:00.0: [8086:1237] type 00 class 0x060000
[    0.274698] pci 0000:00:01.0: [8086:7000] type 00 class 0x060100
[    0.275476] pci 0000:00:01.1: [8086:7111] type 00 class 0x01018a
[    0.275856] pci 0000:00:01.1: reg 0x20: [io  0xd000-0xd00f]
[    0.276009] pci 0000:00:01.1: legacy IDE quirk: reg 0x10: [io  0x01f0-0x01f7]
[    0.276010] pci 0000:00:01.1: legacy IDE quirk: reg 0x14: [io  0x03f6]
[    0.276011] pci 0000:00:01.1: legacy IDE quirk: reg 0x18: [io  0x0170-0x0177]
[    0.276012] pci 0000:00:01.1: legacy IDE quirk: reg 0x1c: [io  0x0376]
[    0.276566] pci 0000:00:02.0: [15ad:0405] type 00 class 0x030000
[    0.278503] pci 0000:00:02.0: reg 0x10: [io  0xd010-0xd01f]
[    0.282471] pci 0000:00:02.0: reg 0x14: [mem 0xe0000000-0xe7ffffff pref]
[    0.285312] pci 0000:00:02.0: reg 0x18: [mem 0xf0000000-0xf01fffff]
[    0.295234] pci 0000:00:03.0: [1022:2000] type 00 class 0x020000
[    0.295907] pci 0000:00:03.0: reg 0x10: [io  0xd020-0xd03f]
[    0.296519] pci 0000:00:03.0: reg 0x14: [mem 0xf0200000-0xf0200fff]
[    0.300988] pci 0000:00:04.0: [80ee:cafe] type 00 class 0x088000
[    0.301659] pci 0000:00:04.0: reg 0x10: [io  0xd040-0xd05f]
[    0.302268] pci 0000:00:04.0: reg 0x14: [mem 0xf0400000-0xf07fffff]
[    0.303034] pci 0000:00:04.0: reg 0x18: [mem 0xf0800000-0xf0803fff pref]
[    0.306471] pci 0000:00:07.0: [8086:7113] type 00 class 0x068000
[    0.307009] pci 0000:00:07.0: quirk: [io  0x4000-0x403f] claimed by PIIX4 ACPI
[    0.307019] pci 0000:00:07.0: quirk: [io  0x4100-0x410f] claimed by PIIX4 SMB
[    0.307628] pci 0000:00:08.0: [8086:100e] type 00 class 0x020000
[    0.308347] pci 0000:00:08.0: reg 0x10: [mem 0xf0820000-0xf083ffff]
[    0.309501] pci 0000:00:08.0: reg 0x18: [io  0xd060-0xd067]
[    0.312611] pci 0000:00:09.0: [8086:100e] type 00 class 0x020000
[    0.313361] pci 0000:00:09.0: reg 0x10: [mem 0xf0840000-0xf085ffff]
[    0.314470] pci 0000:00:09.0: reg 0x18: [io  0xd068-0xd06f]
[    0.323486] ACPI: PCI Interrupt Link [LNKA] (IRQs 5 9 10 *11)
[    0.323767] ACPI: PCI Interrupt Link [LNKB] (IRQs 5 9 *10 11)
[    0.323871] ACPI: PCI Interrupt Link [LNKC] (IRQs 5 *9 10 11)
[    0.323974] ACPI: PCI Interrupt Link [LNKD] (IRQs 5 9 10 *11)
[    0.326561] iommu: Default domain type: Translated 
[    0.326624] pci 0000:00:02.0: vgaarb: setting as boot VGA device
[    0.326626] pci 0000:00:02.0: vgaarb: VGA device added: decodes=io+mem,owns=io+mem,locks=none
[    0.326627] pci 0000:00:02.0: vgaarb: bridge control possible
[    0.326628] vgaarb: loaded
[    0.326842] SCSI subsystem initialized
[    0.326875] libata version 3.00 loaded.
[    0.326899] ACPI: bus type USB registered
[    0.326914] usbcore: registered new interface driver usbfs
[    0.326920] usbcore: registered new interface driver hub
[    0.326926] usbcore: registered new device driver usb
[    0.326952] pps_core: LinuxPPS API ver. 1 registered
[    0.326953] pps_core: Software ver. 5.3.6 - Copyright 2005-2007 Rodolfo Giometti <giometti@linux.it>
[    0.326955] PTP clock support registered
[    0.326988] EDAC MC: Ver: 3.0.0
[    0.327279] PCI: Using ACPI for IRQ routing
[    0.327281] PCI: pci_cache_line_size set to 64 bytes
[    0.327451] e820: reserve RAM buffer [mem 0x0009fc00-0x0009ffff]
[    0.327456] e820: reserve RAM buffer [mem 0x7fff0000-0x7fffffff]
[    0.328255] NetLabel: Initializing
[    0.328255] NetLabel:  domain hash size = 128
[    0.328256] NetLabel:  protocols = UNLABELED CIPSOv4 CALIPSO
[    0.328276] NetLabel:  unlabeled traffic allowed by default
[    0.329198] clocksource: Switched to clocksource kvm-clock
[    0.341091] *** VALIDATE bpf ***
[    0.341155] VFS: Disk quotas dquot_6.6.0
[    0.341167] VFS: Dquot-cache hash table entries: 512 (order 0, 4096 bytes)
[    0.341192] *** VALIDATE ramfs ***
[    0.341195] *** VALIDATE hugetlbfs ***
[    0.341279] AppArmor: AppArmor Filesystem Enabled
[    0.341307] pnp: PnP ACPI init
[    0.341384] pnp 00:00: Plug and Play ACPI device, IDs PNP0303 (active)
[    0.341453] pnp 00:01: Plug and Play ACPI device, IDs PNP0f03 (active)
[    0.342210] pnp: PnP ACPI: found 2 devices
[    0.343207] thermal_sys: Registered thermal governor 'fair_share'
[    0.343207] thermal_sys: Registered thermal governor 'bang_bang'
[    0.343208] thermal_sys: Registered thermal governor 'step_wise'
[    0.343209] thermal_sys: Registered thermal governor 'user_space'
[    0.343209] thermal_sys: Registered thermal governor 'power_allocator'
[    0.347753] clocksource: acpi_pm: mask: 0xffffff max_cycles: 0xffffff, max_idle_ns: 2085701024 ns
[    0.347794] pci_bus 0000:00: resource 4 [io  0x0000-0x0cf7 window]
[    0.347795] pci_bus 0000:00: resource 5 [io  0x0d00-0xffff window]
[    0.347796] pci_bus 0000:00: resource 6 [mem 0x000a0000-0x000bffff window]
[    0.347797] pci_bus 0000:00: resource 7 [mem 0x80000000-0xfdffffff window]
[    0.347856] NET: Registered protocol family 2
[    0.347931] IP idents hash table entries: 32768 (order: 6, 262144 bytes, linear)
[    0.348336] MPTCP tokens hash table entries: 8192 (order: 4, 65536 bytes, linear)
[    0.348356] MPTCP request tokens hash table entries: 8192 (order: 4, 65536 bytes, linear)
[    0.348381] default registered
[    0.348382] default registered
[    0.348382] MPTCP: Stable release v0.96
[    0.348388] tcp_listen_portaddr_hash hash table entries: 1024 (order: 2, 16384 bytes, linear)
[    0.348468] TCP established hash table entries: 16384 (order: 5, 131072 bytes, linear)
[    0.348536] TCP bind hash table entries: 16384 (order: 6, 262144 bytes, linear)
[    0.348562] TCP: Hash tables configured (established 16384 bind 16384)
[    0.349270] UDP hash table entries: 1024 (order: 3, 32768 bytes, linear)
[    0.349282] UDP-Lite hash table entries: 1024 (order: 3, 32768 bytes, linear)
[    0.349317] NET: Registered protocol family 1
[    0.349326] NET: Registered protocol family 44
[    0.349347] pci 0000:00:00.0: Limiting direct PCI/PCI transfers
[    0.349360] pci 0000:00:01.0: Activating ISA DMA hang workarounds
[    0.349417] pci 0000:00:02.0: Video device with shadowed ROM at [mem 0x000c0000-0x000dffff]
[    0.349482] PCI: CLS 0 bytes, default 64
[    0.349531] Trying to unpack rootfs image as initramfs...
[    0.523473] Freeing initrd memory: 47868K
[    0.523473] clocksource: tsc: mask: 0xffffffffffffffff max_cycles: 0x1e4530a99b6, max_idle_ns: 440795257976 ns
[    0.523473] clocksource: Switched to clocksource tsc
[    0.523473] platform rtc_cmos: registered platform RTC device (no PNP device found)
[    0.523473] check: Scanning for low memory corruption every 60 seconds
[    0.523473] Initialise system trusted keyrings
[    0.523473] Key type blacklist registered
[    0.523473] workingset: timestamp_bits=36 max_order=19 bucket_order=0
[    0.523473] zbud: loaded
[    0.523473] squashfs: version 4.0 (2009/01/31) Phillip Lougher
[    0.523473] fuse: init (API version 7.31)
[    0.523473] *** VALIDATE fuse ***
[    0.523473] *** VALIDATE fuse ***
[    0.523473] Platform Keyring initialized
[    0.535819] Key type asymmetric registered
[    0.535820] Asymmetric key parser 'x509' registered
[    0.535830] Block layer SCSI generic (bsg) driver version 0.4 loaded (major 244)
[    0.535870] io scheduler mq-deadline registered
[    0.535993] shpchp: Standard Hot Plug PCI Controller Driver version: 0.4
[    0.536195] ACPI: AC Adapter [AC] (on-line)
[    0.536240] input: Power Button as /devices/LNXSYSTM:00/LNXPWRBN:00/input/input0
[    0.536269] ACPI: Power Button [PWRF]
[    0.536341] input: Sleep Button as /devices/LNXSYSTM:00/LNXSLPBN:00/input/input1
[    0.536356] ACPI: Sleep Button [SLPF]
[    0.536580] Serial: 8250/16550 driver, 32 ports, IRQ sharing enabled
[    0.537794] Linux agpgart interface v0.103
[    0.627123] loop: module loaded
[    0.627280] ata_piix 0000:00:01.1: version 2.13
[    0.627693] scsi host0: ata_piix
[    0.627786] scsi host1: ata_piix
[    0.627813] ata1: PATA max UDMA/33 cmd 0x1f0 ctl 0x3f6 bmdma 0xd000 irq 14
[    0.627813] ata2: PATA max UDMA/33 cmd 0x170 ctl 0x376 bmdma 0xd008 irq 15
[    0.627897] tun: Universal TUN/TAP device driver, 1.6
[    0.628200] PPP generic driver version 2.4.2
[    0.628243] VFIO - User Level meta-driver version: 0.3
[    0.628480] ehci_hcd: USB 2.0 'Enhanced' Host Controller (EHCI) Driver
[    0.628485] ehci-pci: EHCI PCI platform driver
[    0.628500] ehci-platform: EHCI generic platform driver
[    0.628506] ohci_hcd: USB 1.1 'Open' Host Controller (OHCI) Driver
[    0.628508] ohci-pci: OHCI PCI platform driver
[    0.628515] ohci-platform: OHCI generic platform driver
[    0.628519] uhci_hcd: USB Universal Host Controller Interface driver
[    0.628585] i8042: PNP: PS/2 Controller [PNP0303:PS2K,PNP0f03:PS2M] at 0x60,0x64 irq 1,12
[    0.629022] serio: i8042 KBD port at 0x60,0x64 irq 1
[    0.629026] serio: i8042 AUX port at 0x60,0x64 irq 12
[    0.629112] mousedev: PS/2 mouse device common for all mice
[    0.629370] input: AT Translated Set 2 keyboard as /devices/platform/i8042/serio0/input/input2
[    0.629773] rtc_cmos rtc_cmos: registered as rtc0
[    0.629786] rtc_cmos rtc_cmos: alarms up to one day, 114 bytes nvram
[    0.629791] i2c /dev entries driver
[    0.629847] device-mapper: uevent: version 1.0.3
[    0.629892] device-mapper: ioctl: 4.41.0-ioctl (2019-09-16) initialised: dm-devel@redhat.com
[    0.629907] platform eisa.0: Probing EISA bus 0
[    0.629909] platform eisa.0: EISA: Cannot allocate resource for mainboard
[    0.629910] platform eisa.0: Cannot allocate resource for EISA slot 1
[    0.629911] platform eisa.0: Cannot allocate resource for EISA slot 2
[    0.629912] platform eisa.0: Cannot allocate resource for EISA slot 3
[    0.629913] platform eisa.0: Cannot allocate resource for EISA slot 4
[    0.629914] platform eisa.0: Cannot allocate resource for EISA slot 5
[    0.629915] platform eisa.0: Cannot allocate resource for EISA slot 6
[    0.629916] platform eisa.0: Cannot allocate resource for EISA slot 7
[    0.629917] platform eisa.0: Cannot allocate resource for EISA slot 8
[    0.629918] platform eisa.0: EISA: Detected 0 cards
[    0.629920] intel_pstate: CPU model not supported
[    0.629929] ledtrig-cpu: registered to indicate activity on CPUs
[    0.629985] drop_monitor: Initializing network drop monitor service
[    0.630148] NET: Registered protocol family 10
[    0.635265] Segment Routing with IPv6
[    0.635265] fullmesh registered
[    0.635265] ndiffports registered
[    0.635265] binder registered
[    0.635265] roundrobin registered
[    0.635265] redundant registered
[    0.635265] blest registered
[    0.635265] ecf registered
[    0.635265] NET: Registered protocol family 17
[    0.635265] Key type dns_resolver registered
[    0.635265] RAS: Correctable Errors collector initialized.
[    0.635265] IPI shorthand broadcast: enabled
[    0.635265] sched_clock: Marking stable (620203851, 11061449)->(634033190, -2767890)
[    0.635813] registered taskstats version 1
[    0.635822] Loading compiled-in X.509 certificates
[    0.636412] Loaded X.509 cert 'Build time autogenerated kernel key: 6909f3744cebb3d0de528d5887b96a727de79b1e'
[    0.636432] zswap: loaded using pool lzo/zbud
[    0.636487] Key type ._fscrypt registered
[    0.636487] Key type .fscrypt registered
[    0.640945] Key type big_key registered
[    0.643147] Key type encrypted registered
[    0.643149] AppArmor: AppArmor sha1 policy hashing enabled
[    0.643157] ima: No TPM chip found, activating TPM-bypass!
[    0.643160] ima: Allocated hash algorithm: sha1
[    0.643166] ima: No architecture policies found
[    0.643175] evm: Initialising EVM extended attributes:
[    0.643175] evm: security.selinux
[    0.643176] evm: security.SMACK64
[    0.643176] evm: security.SMACK64EXEC
[    0.643177] evm: security.SMACK64TRANSMUTE
[    0.643177] evm: security.SMACK64MMAP
[    0.643178] evm: security.apparmor
[    0.643178] evm: security.ima
[    0.643179] evm: security.capability
[    0.643179] evm: HMAC attrs: 0x1
[    0.643476] PM:   Magic number: 10:170:323
[    0.643497] tty tty48: hash matches
[    0.643589] rtc_cmos rtc_cmos: setting system clock to 2026-01-13T09:19:13 UTC (1768295953)
[    0.800111] ata1.00: ATA-6: VBOX HARDDISK, 1.0, max UDMA/133
[    0.800113] ata1.00: 209715200 sectors, multi 128: LBA 
[    0.800603] scsi 0:0:0:0: Direct-Access     ATA      VBOX HARDDISK    1.0  PQ: 0 ANSI: 5
[    0.800811] sd 0:0:0:0: [sda] 209715200 512-byte logical blocks: (107 GB/100 GiB)
[    0.800819] sd 0:0:0:0: [sda] Write Protect is off
[    0.800821] sd 0:0:0:0: [sda] Mode Sense: 00 3a 00 00
[    0.800834] sd 0:0:0:0: [sda] Write cache: enabled, read cache: enabled, doesn't support DPO or FUA
[    0.801060] sd 0:0:0:0: Attached scsi generic sg0 type 0
[    0.801623]  sda: sda1 sda2
[    0.811232] sd 0:0:0:0: [sda] Attached SCSI disk
[    0.813442] Freeing unused decrypted memory: 2040K
[    0.814216] Freeing unused kernel image memory: 2728K
[    0.814218] Write protecting the kernel read-only data: 22528k
[    0.814978] Freeing unused kernel image memory: 2036K
[    0.815410] Freeing unused kernel image memory: 1432K
[    0.832126] x86/mm: Checked W+X mappings: passed, no W+X pages found.
[    0.832130] Run /init as init process
[    0.938130] ACPI: Video Device [GFX0] (multi-head: yes  rom: no  post: no)
[    0.938212] input: Video Bus as /devices/LNXSYSTM:00/LNXSYBUS:00/PNP0A03:00/LNXVIDEO:00/input/input4
[    0.953258] piix4_smbus 0000:00:07.0: SMBus Host Controller at 0x4100, revision 0
[    0.956266] e1000: Intel(R) PRO/1000 Network Driver - version 7.3.21-k8-NAPI
[    0.956267] e1000: Copyright (c) 1999-2006 Intel Corporation.
[    0.958218] pcnet32: pcnet32.c:v1.35 21.Apr.2008 tsbogend@alpha.franken.de
[    0.983097] pcnet32: PCnet/FAST III 79C973 at 0xd020, 08:00:27:1d:1a:86 assigned IRQ 19
[    0.983150] pcnet32: Found PHY 0022:561b at address 0
[    0.986316] pcnet32: eth0: registered as PCnet/FAST III 79C973
[    0.987146] pcnet32: 1 cards_found
[    1.032772] pcnet32 0000:00:03.0 enp0s3: renamed from eth0
[    1.176719] input: ImExPS/2 Generic Explorer Mouse as /devices/platform/i8042/serio1/input/input5
[    1.377629] e1000 0000:00:08.0 eth0: (PCI:33MHz:32-bit) 08:00:27:90:05:19
[    1.377634] e1000 0000:00:08.0 eth0: Intel(R) PRO/1000 Network Connection
[    1.747842] e1000 0000:00:09.0 eth1: (PCI:33MHz:32-bit) 08:00:27:3a:2e:fc
[    1.747846] e1000 0000:00:09.0 eth1: Intel(R) PRO/1000 Network Connection
[    1.749097] e1000 0000:00:09.0 enp0s9: renamed from eth1
[    1.751014] e1000 0000:00:08.0 enp0s8: renamed from eth0
[    1.909170] EXT4-fs (sda2): mounted filesystem with ordered data mode. Opts: (null)
[    1.994941] systemd[1]: Inserted module 'autofs4'
[    2.005304] systemd[1]: systemd 245.4-4ubuntu3 running in system mode. (+PAM +AUDIT +SELINUX +IMA +APPARMOR +SMACK +SYSVINIT +UTMP +LIBCRYPTSETUP +GCRYPT +GNUTLS +ACL +XZ +LZ4 +SECCOMP +BLKID +ELFUTILS +KMOD +IDN2 -IDN +PCRE2 default-hierarchy=hybrid)
[    2.005339] systemd[1]: Detected virtualization oracle.
[    2.005343] systemd[1]: Detected architecture x86-64.
[    2.006688] systemd[1]: Set hostname to <ztg>.
[    2.132622] systemd[1]: /lib/systemd/system/dbus.socket:5: ListenStream= references a path below legacy directory /var/run/, updating /var/run/dbus/system_bus_socket â†’ /run/dbus/system_bus_socket; please update the unit file accordingly.
[    2.183776] systemd[1]: Created slice system-modprobe.slice.
[    2.183970] systemd[1]: Created slice User and Session Slice.
[    2.184017] systemd[1]: Started Forward Password Requests to Wall Directory Watch.
[    2.184190] systemd[1]: Set up automount Arbitrary Executable File Formats File System Automount Point.
[    2.184223] systemd[1]: Reached target User and Group Name Lookups.
[    2.184232] systemd[1]: Reached target Remote File Systems.
[    2.184240] systemd[1]: Reached target Slices.
[    2.184747] systemd[1]: Listening on Syslog Socket.
[    2.184812] systemd[1]: Listening on fsck to fsckd communication Socket.
[    2.184850] systemd[1]: Listening on initctl Compatibility Named Pipe.
[    2.184990] systemd[1]: Listening on Journal Audit Socket.
[    2.185044] systemd[1]: Listening on Journal Socket (/dev/log).
[    2.185113] systemd[1]: Listening on Journal Socket.
[    2.185176] systemd[1]: Listening on udev Control Socket.
[    2.185218] systemd[1]: Listening on udev Kernel Socket.
[    2.185985] systemd[1]: Mounting Huge Pages File System...
[    2.186966] systemd[1]: Mounting POSIX Message Queue File System...
[    2.187977] systemd[1]: Mounting Kernel Debug File System...
[    2.188879] systemd[1]: Mounting Kernel Trace File System...
[    2.191457] systemd[1]: Starting Journal Service...
[    2.217229] systemd[1]: Starting Set the console keyboard layout...
[    2.222420] systemd[1]: Starting Create list of static device nodes for the current kernel...
[    2.227611] systemd[1]: Starting Load Kernel Module drm...
[    2.232268] systemd[1]: Condition check resulted in Set Up Additional Binary Formats being skipped.
[    2.233584] systemd[1]: Condition check resulted in File System Check on Root Device being skipped.
[    2.240306] systemd[1]: Starting Load Kernel Modules...
[    2.247336] systemd[1]: Starting Remount Root and Kernel File Systems...
[    2.260679] systemd[1]: Starting udev Coldplug all Devices...
[    2.268656] systemd[1]: Starting Uncomplicated firewall...
[    2.270348] systemd[1]: Mounted Huge Pages File System.
[    2.270442] systemd[1]: Mounted POSIX Message Queue File System.
[    2.270526] systemd[1]: Mounted Kernel Debug File System.
[    2.270603] systemd[1]: Mounted Kernel Trace File System.
[    2.275681] EXT4-fs (sda2): re-mounted. Opts: errors=remount-ro
[    2.282000] systemd[1]: Finished Create list of static device nodes for the current kernel.
[    2.283010] systemd[1]: modprobe@drm.service: Succeeded.
[    2.306969] systemd[1]: Finished Load Kernel Module drm.
[    2.307612] systemd[1]: Finished Remount Root and Kernel File Systems.
[    2.325346] systemd[1]: Finished Uncomplicated firewall.
[    2.343057] lp: driver loaded but no devices found
[    2.345377] systemd[1]: Condition check resulted in Rebuild Hardware Database being skipped.
[    2.345427] systemd[1]: Condition check resulted in Platform Persistent Storage Archival being skipped.
[    2.346235] systemd[1]: Starting Load/Save Random Seed...
[    2.352650] systemd[1]: Starting Create System Users...
[    2.358368] ppdev: user-space parallel port driver
[    2.368179] systemd[1]: Finished Load/Save Random Seed.
[    2.371458] systemd[1]: Finished Create System Users.
[    2.372200] systemd[1]: Starting Create Static Device Nodes in /dev...
[    2.388937] systemd[1]: Finished Create Static Device Nodes in /dev.
[    2.389727] systemd[1]: Starting udev Kernel Device Manager...
[    2.441931] systemd[1]: Finished udev Coldplug all Devices.
[    2.445723] [drm] DMA map mode: Caching DMA mappings.
[    2.445815] [drm] Capabilities:
[    2.445816] [drm]   Rect copy.
[    2.445816] [drm]   Cursor.
[    2.445816] [drm]   Cursor bypass.
[    2.445817] [drm]   Cursor bypass 2.
[    2.445817] [drm]   Alpha cursor.
[    2.445818] [drm]   Extended Fifo.
[    2.445818] [drm]   Pitchlock.
[    2.445818] [drm]   Irq mask.
[    2.445819] [drm]   GMR.
[    2.445819] [drm]   Traces.
[    2.445819] [drm]   GMR2.
[    2.445820] [drm]   Screen Object 2.
[    2.445820] [drm]   Command Buffers.
[    2.445820] [drm]   Command Buffers 2.
[    2.445821] [drm]   Guest Backed Resources.
[    2.445822] [drm] Max GMR ids is 8192
[    2.445822] [drm] Max number of GMR pages is 1048576
[    2.445823] [drm] Max dedicated hypervisor surface memory is 393216 kiB
[    2.445823] [drm] Maximum display memory size is 131072 kiB
[    2.445824] [drm] VRAM at 0xe0000000 size is 131072 kiB
[    2.445825] [drm] MMIO at 0xf0000000 size is 2048 kiB
[    2.446959] [TTM] Zone  kernel: Available graphics memory: 1011738 KiB
[    2.446960] [TTM] Initializing pool allocator
[    2.446963] [TTM] Initializing DMA pool allocator
[    2.446992] [drm] Supports vblank timestamp caching Rev 2 (21.10.2013).
[    2.446993] [drm] No driver support for vblank timestamp query.
[    2.447262] [drm] Screen Target Display device initialized
[    2.447543] [drm] width 720
[    2.447555] [drm] height 400
[    2.447559] [drm] bpp 32
[    2.448101] [drm] Fifo max 0x00200000 min 0x00001000 cap 0x00000355
[    2.449780] [drm] Using command buffers with DMA pool.
[    2.449785] [drm] DX: no.
[    2.449785] [drm] Atomic: yes.
[    2.449786] [drm] SM4_1: no.
[    2.449805] [drm:vmw_host_log [vmwgfx]] *ERROR* Failed to send host log message.
[    2.450743] [drm:vmw_host_log [vmwgfx]] *ERROR* Failed to send host log message.
[    2.466975] fbcon: svgadrmfb (fb0) is primary device
[    2.471486] Console: switching to colour frame buffer device 100x37
[    2.479921] [drm] Initialized vmwgfx 2.15.0 20180704 for 0000:00:02.0 on minor 0
[    2.481372] systemd[1]: Finished Load Kernel Modules.
[    2.482288] systemd[1]: Mounting FUSE Control File System...
[    2.483528] systemd[1]: Mounting Kernel Configuration File System...
[    2.517805] systemd[1]: Starting Apply Kernel Variables...
[    2.520086] systemd[1]: Mounted FUSE Control File System.
[    2.520151] systemd[1]: Condition check resulted in VMware vmblock fuse mount being skipped.
[    2.524955] systemd[1]: Mounted Kernel Configuration File System.
[    2.531742] systemd[1]: Finished Set the console keyboard layout.
[    2.531837] systemd[1]: Reached target Local File Systems (Pre).
[    2.534094] systemd[1]: Mounting Mount unit for bare, revision 5...
[    2.536481] systemd[1]: Mounting Mount unit for core18, revision 1705...
[    2.547641] systemd[1]: Mounting Mount unit for gnome-3-34-1804, revision 24...
[    2.552651] systemd[1]: Mounting Mount unit for gtk-common-themes, revision 1506...
[    2.560826] systemd[1]: Mounting Mount unit for gtk-common-themes, revision 1535...
[    2.565497] systemd[1]: Mounting Mount unit for snap-store, revision 433...
[    2.593958] systemd[1]: Mounting Mount unit for snapd, revision 7264...
[    2.604231] systemd[1]: Finished Apply Kernel Variables.
[    2.617388] systemd[1]: Mounted Mount unit for bare, revision 5.
[    2.620141] systemd[1]: Mounted Mount unit for gnome-3-34-1804, revision 24.
[    2.622493] systemd[1]: Started udev Kernel Device Manager.
[    2.623318] systemd[1]: Starting Show Plymouth Boot Screen...
[    2.628431] systemd[1]: Mounted Mount unit for core18, revision 1705.
[    2.628536] systemd[1]: Received SIGRTMIN+20 from PID 271 (plymouthd).
[    2.651122] systemd[1]: Started Show Plymouth Boot Screen.
[    2.651268] systemd[1]: Condition check resulted in Dispatch Password Requests to Console Directory Watch being skipped.
[    2.651356] systemd[1]: Started Forward Password Requests to Plymouth Directory Watch.
[    2.651403] systemd[1]: Reached target Local Encrypted Volumes.
[    2.686773] systemd[1]: Mounted Mount unit for gtk-common-themes, revision 1506.
[    2.717837] systemd[1]: Mounted Mount unit for snap-store, revision 433.
[    2.766351] systemd[1]: Mounted Mount unit for gtk-common-themes, revision 1535.
[    2.768554] systemd[1]: Mounted Mount unit for snapd, revision 7264.
[    2.768775] systemd[1]: Reached target Local File Systems.
[    2.770962] systemd[1]: Starting Load AppArmor profiles...
[    2.776551] systemd[1]: Starting Set console font and keymap...
[    2.798613] systemd[1]: Starting Tell Plymouth To Write Out Runtime Data...
[    2.803236] systemd[1]: Condition check resulted in Store a System Token in an EFI Variable being skipped.
[    2.803267] systemd[1]: Condition check resulted in Commit a transient machine-id on disk being skipped.
[    2.804264] systemd[1]: Finished Set console font and keymap.
[    2.814041] systemd[1]: Received SIGRTMIN+20 from PID 271 (plymouthd).
[    2.815972] systemd[1]: plymouth-read-write.service: Succeeded.
[    2.816261] systemd[1]: Finished Tell Plymouth To Write Out Runtime Data.
[    2.835802] audit: type=1400 audit(1768295955.688:2): apparmor="STATUS" operation="profile_load" profile="unconfined" name="nvidia_modprobe" pid=300 comm="apparmor_parser"
[    2.835804] audit: type=1400 audit(1768295955.688:3): apparmor="STATUS" operation="profile_load" profile="unconfined" name="nvidia_modprobe//kmod" pid=300 comm="apparmor_parser"
[    2.848058] audit: type=1400 audit(1768295955.700:4): apparmor="STATUS" operation="profile_load" profile="unconfined" name="/usr/sbin/tcpdump" pid=301 comm="apparmor_parser"
[    2.894558] audit: type=1400 audit(1768295955.736:5): apparmor="STATUS" operation="profile_load" profile="unconfined" name="/usr/bin/evince" pid=303 comm="apparmor_parser"
[    2.894561] audit: type=1400 audit(1768295955.736:6): apparmor="STATUS" operation="profile_load" profile="unconfined" name="/usr/bin/evince//sanitized_helper" pid=303 comm="apparmor_parser"
[    2.894562] audit: type=1400 audit(1768295955.736:7): apparmor="STATUS" operation="profile_load" profile="unconfined" name="/usr/bin/evince-previewer" pid=303 comm="apparmor_parser"
[    2.894564] audit: type=1400 audit(1768295955.736:8): apparmor="STATUS" operation="profile_load" profile="unconfined" name="/usr/bin/evince-previewer//sanitized_helper" pid=303 comm="apparmor_parser"
[    2.894565] audit: type=1400 audit(1768295955.736:9): apparmor="STATUS" operation="profile_load" profile="unconfined" name="/usr/bin/evince-thumbnailer" pid=303 comm="apparmor_parser"
[    2.909449] audit: type=1400 audit(1768295955.760:10): apparmor="STATUS" operation="profile_load" profile="unconfined" name="/usr/lib/cups/backend/cups-pdf" pid=304 comm="apparmor_parser"
[    2.984916] systemd[1]: Finished Load AppArmor profiles.
[    2.985981] systemd[1]: Starting Load AppArmor profiles managed internally by snapd...
[    3.080693] systemd[1]: Finished Load AppArmor profiles managed internally by snapd.
[    3.174792] systemd[1]: Started Journal Service.
[    3.182111] systemd-journald[229]: Received client request to flush runtime journal.
[    3.187048] systemd-journald[229]: File /var/log/journal/c455b248004a419c87ce85eea238d727/system.journal corrupted or uncleanly shut down, renaming and replacing.
[    4.470962] RAPL PMU: API unit is 2^-32 Joules, 0 fixed counters, 10737418240 ms ovfl timer
[    4.513349] cryptd: max_cpu_qlen set to 1000
[    4.597059] AVX2 version of gcm_enc/dec engaged.
[    4.597060] AES CTR mode by8 optimization enabled
[    5.404300] Adding 1998844k swap on /dev/sda1.  Priority:-2 extents:1 across:1998844k FS
[    6.251089] kauditd_printk_skb: 30 callbacks suppressed
[    6.251090] audit: type=1400 audit(1768295959.100:41): apparmor="DENIED" operation="capable" profile="/usr/sbin/cups-browsed" pid=497 comm="cups-browsed" capability=23  capname="sys_nice"
[    7.527626] pcnet32 0000:00:03.0 enp0s3: link up, 100Mbps, full-duplex
[    7.566743] e1000: enp0s8 NIC Link is Up 1000 Mbps Full Duplex, Flow Control: RX
[    7.569551] IPv6: ADDRCONF(NETDEV_CHANGE): enp0s8: link becomes ready
[    7.576429] e1000: enp0s9 NIC Link is Up 1000 Mbps Full Duplex, Flow Control: RX
[    7.576737] IPv6: ADDRCONF(NETDEV_CHANGE): enp0s9: link becomes ready
[    8.109341] device enp0s3 entered promiscuous mode
[    8.136733] audit: type=1400 audit(1768295960.984:42): apparmor="DENIED" operation="open" profile="/usr/sbin/tcpdump" name="/proc/sys/kernel/random/boot_id" pid=661 comm="tcpdump" requested_mask="r" denied_mask="r" fsuid=0 ouid=0
[    8.136950] audit: type=1400 audit(1768295960.984:43): apparmor="DENIED" operation="open" profile="/usr/sbin/tcpdump" name="/proc/sys/kernel/random/boot_id" pid=661 comm="tcpdump" requested_mask="r" denied_mask="r" fsuid=0 ouid=0
[    8.137068] audit: type=1400 audit(1768295960.984:44): apparmor="DENIED" operation="open" profile="/usr/sbin/tcpdump" name="/proc/sys/kernel/random/boot_id" pid=661 comm="tcpdump" requested_mask="r" denied_mask="r" fsuid=0 ouid=0
[    8.137126] audit: type=1400 audit(1768295960.984:45): apparmor="DENIED" operation="open" profile="/usr/sbin/tcpdump" name="/proc/sys/kernel/random/boot_id" pid=661 comm="tcpdump" requested_mask="r" denied_mask="r" fsuid=0 ouid=0
[    8.142828] audit: type=1400 audit(1768295960.992:46): apparmor="DENIED" operation="open" profile="/usr/sbin/tcpdump" name="/proc/sys/kernel/random/boot_id" pid=662 comm="tcpdump" requested_mask="r" denied_mask="r" fsuid=0 ouid=0
[    8.143833] audit: type=1400 audit(1768295960.992:47): apparmor="DENIED" operation="open" profile="/usr/sbin/tcpdump" name="/proc/sys/kernel/random/boot_id" pid=662 comm="tcpdump" requested_mask="r" denied_mask="r" fsuid=0 ouid=0
[    8.143875] audit: type=1400 audit(1768295960.992:48): apparmor="DENIED" operation="open" profile="/usr/sbin/tcpdump" name="/proc/sys/kernel/random/boot_id" pid=662 comm="tcpdump" requested_mask="r" denied_mask="r" fsuid=0 ouid=0
[    8.143940] audit: type=1400 audit(1768295960.992:49): apparmor="DENIED" operation="open" profile="/usr/sbin/tcpdump" name="/proc/sys/kernel/random/boot_id" pid=662 comm="tcpdump" requested_mask="r" denied_mask="r" fsuid=0 ouid=0
[   12.754575] rfkill: input handler disabled
[  704.149739] rfkill: input handler enabled
[  713.216279] rfkill: input handler disabled
[  906.342337] device enp0s3 left promiscuous mode
