[    0.000000] Linux version 5.4.243-mptcp (root@ztg) (gcc version 12.2.0 (Debian 12.2.0-14+deb12u1)) #53 SMP Wed Dec 24 23:28:15 CST 2025
[    0.000000] Command line: BOOT_IMAGE=/boot/vmlinuz-5.4.243-mptcp root=UUID=98415a12-53b7-4144-8265-0f7ece09e445 ro quiet splash
[    0.000000] KERNEL supported cpus:
[    0.000000]   Intel GenuineIntel
[    0.000000]   AMD AuthenticAMD
[    0.000000]   Hygon HygonGenuine
[    0.000000]   Centaur CentaurHauls
[    0.000000]   zhaoxin   Shanghai  
[    0.000000] x86/fpu: Supporting XSAVE feature 0x001: 'x87 floating point registers'
[    0.000000] x86/fpu: Supporting XSAVE feature 0x002: 'SSE registers'
[    0.000000] x86/fpu: Supporting XSAVE feature 0x004: 'AVX registers'
[    0.000000] x86/fpu: xstate_offset[2]:  576, xstate_sizes[2]:  256
[    0.000000] x86/fpu: Enabled xstate features 0x7, context size is 832 bytes, using 'standard' format.
[    0.000000] BIOS-provided physical RAM map:
[    0.000000] BIOS-e820: [mem 0x0000000000000000-0x000000000009fbff] usable
[    0.000000] BIOS-e820: [mem 0x000000000009fc00-0x000000000009ffff] reserved
[    0.000000] BIOS-e820: [mem 0x00000000000f0000-0x00000000000fffff] reserved
[    0.000000] BIOS-e820: [mem 0x0000000000100000-0x000000007ffeffff] usable
[    0.000000] BIOS-e820: [mem 0x000000007fff0000-0x000000007fffffff] ACPI data
[    0.000000] BIOS-e820: [mem 0x00000000fec00000-0x00000000fec00fff] reserved
[    0.000000] BIOS-e820: [mem 0x00000000fee00000-0x00000000fee00fff] reserved
[    0.000000] BIOS-e820: [mem 0x00000000fffc0000-0x00000000ffffffff] reserved
[    0.000000] NX (Execute Disable) protection: active
[    0.000000] SMBIOS 2.5 present.
[    0.000000] DMI: innotek GmbH VirtualBox/VirtualBox, BIOS VirtualBox 12/01/2006
[    0.000000] Hypervisor detected: KVM
[    0.000000] kvm-clock: Using msrs 4b564d01 and 4b564d00
[    0.000000] kvm-clock: cpu 0, msr 7d801001, primary cpu clock
[    0.000000] kvm-clock: using sched offset of 4393953318 cycles
[    0.000003] clocksource: kvm-clock: mask: 0xffffffffffffffff max_cycles: 0x1cd42e4dffb, max_idle_ns: 881590591483 ns
[    0.000006] tsc: Detected 2100.000 MHz processor
[    0.001863] e820: update [mem 0x00000000-0x00000fff] usable ==> reserved
[    0.001865] e820: remove [mem 0x000a0000-0x000fffff] usable
[    0.001870] last_pfn = 0x7fff0 max_arch_pfn = 0x400000000
[    0.001937] MTRR default type: uncachable
[    0.001938] MTRR fixed ranges enabled:
[    0.001939]   00000-9FFFF write-back
[    0.001940]   A0000-BFFFF uncachable
[    0.001941]   C0000-FFFFF write-protect
[    0.001942] MTRR variable ranges enabled:
[    0.001943]   0 base 000000000000 mask 3FFF80000000 write-back
[    0.001944]   1 disabled
[    0.001944]   2 disabled
[    0.001945]   3 disabled
[    0.001945]   4 disabled
[    0.001946]   5 disabled
[    0.001946]   6 disabled
[    0.001946]   7 disabled
[    0.001947]   8 disabled
[    0.001947]   9 disabled
[    0.001948]   10 disabled
[    0.001948]   11 disabled
[    0.001949]   12 disabled
[    0.001949]   13 disabled
[    0.001949]   14 disabled
[    0.001950]   15 disabled
[    0.001966] x86/PAT: Configuration [0-7]: WB  WC  UC- UC  WB  WP  UC- WT  
[    0.002099] found SMP MP-table at [mem 0x0009fff0-0x0009ffff]
[    0.092082] check: Scanning 1 areas for low memory corruption
[    0.092254] RAMDISK: [mem 0x32271000-0x3512ffff]
[    0.092262] ACPI: Early table checksum verification disabled
[    0.092266] ACPI: RSDP 0x00000000000E0000 000024 (v02 VBOX  )
[    0.092271] ACPI: XSDT 0x000000007FFF0030 00003C (v01 VBOX   VBOXXSDT 00000001 ASL  00000061)
[    0.092277] ACPI: FACP 0x000000007FFF00F0 0000F4 (v04 VBOX   VBOXFACP 00000001 ASL  00000061)
[    0.092283] ACPI: DSDT 0x000000007FFF02E0 002353 (v02 VBOX   VBOXBIOS 00000002 VBOX 00029BF3)
[    0.092287] ACPI: FACS 0x000000007FFF0200 000040
[    0.092291] ACPI: FACS 0x000000007FFF0200 000040
[    0.092294] ACPI: APIC 0x000000007FFF0240 000054 (v02 VBOX   VBOXAPIC 00000001 ASL  00000061)
[    0.092298] ACPI: SSDT 0x000000007FFF02A0 000038 (v01 VBOX   VBOXCPUT 00000002 VBOX 00029BF3)
[    0.092301] ACPI: Reserving FACP table memory at [mem 0x7fff00f0-0x7fff01e3]
[    0.092302] ACPI: Reserving DSDT table memory at [mem 0x7fff02e0-0x7fff2632]
[    0.092302] ACPI: Reserving FACS table memory at [mem 0x7fff0200-0x7fff023f]
[    0.092303] ACPI: Reserving FACS table memory at [mem 0x7fff0200-0x7fff023f]
[    0.092303] ACPI: Reserving APIC table memory at [mem 0x7fff0240-0x7fff0293]
[    0.092304] ACPI: Reserving SSDT table memory at [mem 0x7fff02a0-0x7fff02d7]
[    0.092318] ACPI: Local APIC address 0xfee00000
[    0.092497] No NUMA configuration found
[    0.092498] Faking a node at [mem 0x0000000000000000-0x000000007ffeffff]
[    0.092508] NODE_DATA(0) allocated [mem 0x7ffc5000-0x7ffeffff]
[    0.092768] Zone ranges:
[    0.092769]   DMA      [mem 0x0000000000001000-0x0000000000ffffff]
[    0.092770]   DMA32    [mem 0x0000000001000000-0x000000007ffeffff]
[    0.092771]   Normal   empty
[    0.092771]   Device   empty
[    0.092772] Movable zone start for each node
[    0.092774] Early memory node ranges
[    0.092775]   node   0: [mem 0x0000000000001000-0x000000000009efff]
[    0.092776]   node   0: [mem 0x0000000000100000-0x000000007ffeffff]
[    0.092779] Zeroed struct page in unavailable ranges: 114 pages
[    0.092780] Initmem setup node 0 [mem 0x0000000000001000-0x000000007ffeffff]
[    0.092781] On node 0 totalpages: 524174
[    0.092782]   DMA zone: 64 pages used for memmap
[    0.092783]   DMA zone: 21 pages reserved
[    0.092783]   DMA zone: 3998 pages, LIFO batch:0
[    0.092853]   DMA32 zone: 8128 pages used for memmap
[    0.092854]   DMA32 zone: 520176 pages, LIFO batch:63
[    0.101795] ACPI: PM-Timer IO Port: 0x4008
[    0.101798] ACPI: Local APIC address 0xfee00000
[    0.101863] IOAPIC[0]: apic_id 1, version 32, address 0xfec00000, GSI 0-23
[    0.101866] ACPI: INT_SRC_OVR (bus 0 bus_irq 0 global_irq 2 dfl dfl)
[    0.101868] ACPI: INT_SRC_OVR (bus 0 bus_irq 9 global_irq 9 low level)
[    0.101869] ACPI: IRQ0 used by override.
[    0.101871] ACPI: IRQ9 used by override.
[    0.101873] Using ACPI (MADT) for SMP configuration information
[    0.101880] smpboot: Allowing 1 CPUs, 0 hotplug CPUs
[    0.101900] PM: Registered nosave memory: [mem 0x00000000-0x00000fff]
[    0.101901] PM: Registered nosave memory: [mem 0x0009f000-0x0009ffff]
[    0.101902] PM: Registered nosave memory: [mem 0x000a0000-0x000effff]
[    0.101902] PM: Registered nosave memory: [mem 0x000f0000-0x000fffff]
[    0.101904] [mem 0x80000000-0xfebfffff] available for PCI devices
[    0.101905] Booting paravirtualized kernel on KVM
[    0.101907] clocksource: refined-jiffies: mask: 0xffffffff max_cycles: 0xffffffff, max_idle_ns: 7645519600211568 ns
[    0.101912] setup_percpu: NR_CPUS:8192 nr_cpumask_bits:1 nr_cpu_ids:1 nr_node_ids:1
[    0.102482] percpu: Embedded 60 pages/cpu s208896 r8192 d28672 u2097152
[    0.102486] pcpu-alloc: s208896 r8192 d28672 u2097152 alloc=1*2097152
[    0.102487] pcpu-alloc: [0] 0 
[    0.102512] Built 1 zonelists, mobility grouping on.  Total pages: 515961
[    0.102513] Policy zone: DMA32
[    0.102514] Kernel command line: BOOT_IMAGE=/boot/vmlinuz-5.4.243-mptcp root=UUID=98415a12-53b7-4144-8265-0f7ece09e445 ro quiet splash
[    0.103167] Dentry cache hash table entries: 262144 (order: 9, 2097152 bytes, linear)
[    0.103313] Inode-cache hash table entries: 131072 (order: 8, 1048576 bytes, linear)
[    0.103360] mem auto-init: stack:off, heap alloc:on, heap free:off
[    0.103363] Calgary: detecting Calgary via BIOS EBDA area
[    0.103364] Calgary: Unable to locate Rio Grande table in EBDA - bailing!
[    0.107408] Memory: 1967332K/2096696K available (14339K kernel code, 2398K rwdata, 4712K rodata, 2728K init, 17260K bss, 129364K reserved, 0K cma-reserved)
[    0.108084] SLUB: HWalign=64, Order=0-3, MinObjects=0, CPUs=1, Nodes=1
[    0.108101] ftrace: allocating 43186 entries in 169 pages
[    0.125892] rcu: Hierarchical RCU implementation.
[    0.125894] rcu: 	RCU restricting CPUs from NR_CPUS=8192 to nr_cpu_ids=1.
[    0.125895] 	Tasks RCU enabled.
[    0.125896] rcu: RCU calculated value of scheduler-enlistment delay is 25 jiffies.
[    0.125897] rcu: Adjusting geometry for rcu_fanout_leaf=16, nr_cpu_ids=1
[    0.128848] NR_IRQS: 524544, nr_irqs: 256, preallocated irqs: 16
[    0.129052] random: crng init done
[    0.138247] Console: colour VGA+ 80x25
[    0.138251] printk: console [tty0] enabled
[    0.138267] ACPI: Core revision 20190816
[    0.138354] APIC: Switch to symmetric I/O mode setup
[    0.138600] x2apic enabled
[    0.138837] Switched APIC routing to physical x2apic.
[    0.139966] ..TIMER: vector=0x30 apic1=0 pin1=2 apic2=-1 pin2=-1
[    0.139990] clocksource: tsc-early: mask: 0xffffffffffffffff max_cycles: 0x1e4530a99b6, max_idle_ns: 440795257976 ns
[    0.139995] Calibrating delay loop (skipped) preset value.. 4200.00 BogoMIPS (lpj=8400000)
[    0.139997] pid_max: default: 32768 minimum: 301
[    0.140024] LSM: Security Framework initializing
[    0.140033] Yama: becoming mindful.
[    0.140057] AppArmor: AppArmor initialized
[    0.140090] Mount-cache hash table entries: 4096 (order: 3, 32768 bytes, linear)
[    0.140094] Mountpoint-cache hash table entries: 4096 (order: 3, 32768 bytes, linear)
[    0.140104] *** VALIDATE tmpfs ***
[    0.140230] *** VALIDATE proc ***
[    0.140271] *** VALIDATE cgroup1 ***
[    0.140272] *** VALIDATE cgroup2 ***
[    0.140409] process: using mwait in idle threads
[    0.140413] Last level iTLB entries: 4KB 64, 2MB 8, 4MB 8
[    0.140414] Last level dTLB entries: 4KB 64, 2MB 0, 4MB 0, 1GB 4
[    0.140434] Spectre V1 : Mitigation: usercopy/swapgs barriers and __user pointer sanitization
[    0.140439] Spectre V2 : Mitigation: Retpolines
[    0.140439] Spectre V2 : Spectre v2 / SpectreRSB mitigation: Filling RSB on context switch
[    0.140440] Spectre V2 : Spectre v2 / SpectreRSB : Filling RSB on VMEXIT
[    0.140440] RETBleed: WARNING: Spectre v2 mitigation leaves CPU vulnerable to RETBleed attacks, data leaks possible!
[    0.140790] RETBleed: Vulnerable
[    0.140790] Speculative Store Bypass: Vulnerable
[    0.140795] TAA: Mitigation: TSX disabled
[    0.140795] MMIO Stale Data: Mitigation: Clear CPU buffers
[    0.146698] Freeing SMP alternatives memory: 40K
[    0.256854] smpboot: CPU0: Intel(R) Xeon(R) Silver 4216 CPU @ 2.10GHz (family: 0x6, model: 0x55, stepping: 0x7)
[    0.256958] Performance Events: unsupported p6 CPU model 85 no PMU driver, software events only.
[    0.256988] rcu: Hierarchical SRCU implementation.
[    0.257453] NMI watchdog: Perf NMI watchdog permanently disabled
[    0.257486] smp: Bringing up secondary CPUs ...
[    0.257487] smp: Brought up 1 node, 1 CPU
[    0.257488] smpboot: Max logical packages: 1
[    0.257489] smpboot: Total of 1 processors activated (4200.00 BogoMIPS)
[    0.258237] devtmpfs: initialized
[    0.258279] x86/mm: Memory block size: 128MB
[    0.258606] clocksource: jiffies: mask: 0xffffffff max_cycles: 0xffffffff, max_idle_ns: 7645041785100000 ns
[    0.258611] futex hash table entries: 256 (order: 2, 16384 bytes, linear)
[    0.258650] pinctrl core: initialized pinctrl subsystem
[    0.258744] PM: RTC time: 21:32:52, date: 2026-01-12
[    0.258842] NET: Registered protocol family 16
[    0.258913] audit: initializing netlink subsys (disabled)
[    0.259030] EISA bus registered
[    0.259031] cpuidle: using governor ladder
[    0.259032] cpuidle: using governor menu
[    0.259065] ACPI: bus type PCI registered
[    0.259067] acpiphp: ACPI Hot Plug PCI Controller Driver version: 0.5
[    0.259160] PCI: Using configuration type 1 for base access
[    0.259992] audit: type=2000 audit(1768224779.019:1): state=initialized audit_enabled=0 res=1
[    0.259992] HugeTLB registered 2.00 MiB page size, pre-allocated 0 pages
[    0.260718] ACPI: Added _OSI(Module Device)
[    0.260719] ACPI: Added _OSI(Processor Device)
[    0.260719] ACPI: Added _OSI(3.0 _SCP Extensions)
[    0.260720] ACPI: Added _OSI(Processor Aggregator Device)
[    0.260721] ACPI: Added _OSI(Linux-Dell-Video)
[    0.260722] ACPI: Added _OSI(Linux-Lenovo-NV-HDMI-Audio)
[    0.260723] ACPI: Added _OSI(Linux-HPI-Hybrid-Graphics)
[    0.262650] ACPI: 2 ACPI AML tables successfully acquired and loaded
[    0.264274] ACPI: Interpreter enabled
[    0.264284] ACPI: (supports S0 S5)
[    0.264285] ACPI: Using IOAPIC for interrupt routing
[    0.264494] PCI: Using host bridge windows from ACPI; if necessary, use "pci=nocrs" and report a bug
[    0.264600] ACPI: Enabled 2 GPEs in block 00 to 07
[    0.270090] ACPI: PCI Root Bridge [PCI0] (domain 0000 [bus 00-ff])
[    0.270096] acpi PNP0A03:00: _OSC: OS supports [ASPM ClockPM Segments MSI HPX-Type3]
[    0.270557] acpi PNP0A03:00: _OSC: not requesting OS control; OS requires [ExtendedConfig ASPM ClockPM MSI]
[    0.270565] acpi PNP0A03:00: fail to add MMCONFIG information, can't access extended PCI configuration space under this bridge.
[    0.270955] PCI host bridge to bus 0000:00
[    0.270957] pci_bus 0000:00: root bus resource [io  0x0000-0x0cf7 window]
[    0.270959] pci_bus 0000:00: root bus resource [io  0x0d00-0xffff window]
[    0.270960] pci_bus 0000:00: root bus resource [mem 0x000a0000-0x000bffff window]
[    0.270961] pci_bus 0000:00: root bus resource [mem 0x80000000-0xfdffffff window]
[    0.270962] pci_bus 0000:00: root bus resource [bus 00-ff]
[    0.271003] pci 0000:00:00.0: [8086:1237] type 00 class 0x060000
[    0.272728] pci 0000:00:01.0: [8086:7000] type 00 class 0x060100
[    0.273479] pci 0000:00:01.1: [8086:7111] type 00 class 0x01018a
[    0.273859] pci 0000:00:01.1: reg 0x20: [io  0xd000-0xd00f]
[    0.274020] pci 0000:00:01.1: legacy IDE quirk: reg 0x10: [io  0x01f0-0x01f7]
[    0.274021] pci 0000:00:01.1: legacy IDE quirk: reg 0x14: [io  0x03f6]
[    0.274022] pci 0000:00:01.1: legacy IDE quirk: reg 0x18: [io  0x0170-0x0177]
[    0.274023] pci 0000:00:01.1: legacy IDE quirk: reg 0x1c: [io  0x0376]
[    0.274577] pci 0000:00:02.0: [15ad:0405] type 00 class 0x030000
[    0.276072] pci 0000:00:02.0: reg 0x10: [io  0xd010-0xd01f]
[    0.280038] pci 0000:00:02.0: reg 0x14: [mem 0xe0000000-0xe7ffffff pref]
[    0.282605] pci 0000:00:02.0: reg 0x18: [mem 0xf0000000-0xf01fffff]
[    0.292809] pci 0000:00:03.0: [1022:2000] type 00 class 0x020000
[    0.293485] pci 0000:00:03.0: reg 0x10: [io  0xd020-0xd03f]
[    0.294088] pci 0000:00:03.0: reg 0x14: [mem 0xf0200000-0xf0200fff]
[    0.300222] pci 0000:00:04.0: [80ee:cafe] type 00 class 0x088000
[    0.300889] pci 0000:00:04.0: reg 0x10: [io  0xd040-0xd05f]
[    0.301494] pci 0000:00:04.0: reg 0x14: [mem 0xf0400000-0xf07fffff]
[    0.302101] pci 0000:00:04.0: reg 0x18: [mem 0xf0800000-0xf0803fff pref]
[    0.305424] pci 0000:00:07.0: [8086:7113] type 00 class 0x068000
[    0.305871] pci 0000:00:07.0: quirk: [io  0x4000-0x403f] claimed by PIIX4 ACPI
[    0.305881] pci 0000:00:07.0: quirk: [io  0x4100-0x410f] claimed by PIIX4 SMB
[    0.306471] pci 0000:00:08.0: [1022:2000] type 00 class 0x020000
[    0.308115] pci 0000:00:08.0: reg 0x10: [io  0xd060-0xd07f]
[    0.308784] pci 0000:00:08.0: reg 0x14: [mem 0xf0804000-0xf0804fff]
[    0.312357] pci 0000:00:09.0: [8086:100e] type 00 class 0x020000
[    0.313064] pci 0000:00:09.0: reg 0x10: [mem 0xf0820000-0xf083ffff]
[    0.314225] pci 0000:00:09.0: reg 0x18: [io  0xd080-0xd087]
[    0.324867] ACPI: PCI Interrupt Link [LNKA] (IRQs 5 9 10 *11)
[    0.325156] ACPI: PCI Interrupt Link [LNKB] (IRQs 5 9 *10 11)
[    0.325259] ACPI: PCI Interrupt Link [LNKC] (IRQs 5 *9 10 11)
[    0.325365] ACPI: PCI Interrupt Link [LNKD] (IRQs 5 9 10 *11)
[    0.325608] iommu: Default domain type: Translated 
[    0.325663] pci 0000:00:02.0: vgaarb: setting as boot VGA device
[    0.325665] pci 0000:00:02.0: vgaarb: VGA device added: decodes=io+mem,owns=io+mem,locks=none
[    0.325667] pci 0000:00:02.0: vgaarb: bridge control possible
[    0.325668] vgaarb: loaded
[    0.325863] SCSI subsystem initialized
[    0.325892] libata version 3.00 loaded.
[    0.325915] ACPI: bus type USB registered
[    0.325930] usbcore: registered new interface driver usbfs
[    0.325936] usbcore: registered new interface driver hub
[    0.325941] usbcore: registered new device driver usb
[    0.325969] pps_core: LinuxPPS API ver. 1 registered
[    0.325970] pps_core: Software ver. 5.3.6 - Copyright 2005-2007 Rodolfo Giometti <giometti@linux.it>
[    0.325972] PTP clock support registered
[    0.326007] EDAC MC: Ver: 3.0.0
[    0.326285] PCI: Using ACPI for IRQ routing
[    0.326286] PCI: pci_cache_line_size set to 64 bytes
[    0.326457] e820: reserve RAM buffer [mem 0x0009fc00-0x0009ffff]
[    0.326460] e820: reserve RAM buffer [mem 0x7fff0000-0x7fffffff]
[    0.326995] NetLabel: Initializing
[    0.326996] NetLabel:  domain hash size = 128
[    0.326996] NetLabel:  protocols = UNLABELED CIPSOv4 CALIPSO
[    0.327016] NetLabel:  unlabeled traffic allowed by default
[    0.327908] clocksource: Switched to clocksource kvm-clock
[    0.335179] *** VALIDATE bpf ***
[    0.335179] VFS: Disk quotas dquot_6.6.0
[    0.335179] VFS: Dquot-cache hash table entries: 512 (order 0, 4096 bytes)
[    0.335179] *** VALIDATE ramfs ***
[    0.335179] *** VALIDATE hugetlbfs ***
[    0.335179] AppArmor: AppArmor Filesystem Enabled
[    0.335179] pnp: PnP ACPI init
[    0.335179] pnp 00:00: Plug and Play ACPI device, IDs PNP0303 (active)
[    0.337568] pnp 00:01: Plug and Play ACPI device, IDs PNP0f03 (active)
[    0.338325] pnp: PnP ACPI: found 2 devices
[    0.339298] thermal_sys: Registered thermal governor 'fair_share'
[    0.339299] thermal_sys: Registered thermal governor 'bang_bang'
[    0.339300] thermal_sys: Registered thermal governor 'step_wise'
[    0.339300] thermal_sys: Registered thermal governor 'user_space'
[    0.339301] thermal_sys: Registered thermal governor 'power_allocator'
[    0.343863] clocksource: acpi_pm: mask: 0xffffff max_cycles: 0xffffff, max_idle_ns: 2085701024 ns
[    0.343903] pci_bus 0000:00: resource 4 [io  0x0000-0x0cf7 window]
[    0.343904] pci_bus 0000:00: resource 5 [io  0x0d00-0xffff window]
[    0.343905] pci_bus 0000:00: resource 6 [mem 0x000a0000-0x000bffff window]
[    0.343906] pci_bus 0000:00: resource 7 [mem 0x80000000-0xfdffffff window]
[    0.343963] NET: Registered protocol family 2
[    0.344033] IP idents hash table entries: 32768 (order: 6, 262144 bytes, linear)
[    0.344429] MPTCP tokens hash table entries: 8192 (order: 4, 65536 bytes, linear)
[    0.344458] MPTCP request tokens hash table entries: 8192 (order: 4, 65536 bytes, linear)
[    0.344489] default registered
[    0.344489] default registered
[    0.344490] MPTCP: Stable release v0.96
[    0.344495] tcp_listen_portaddr_hash hash table entries: 1024 (order: 2, 16384 bytes, linear)
[    0.344573] TCP established hash table entries: 16384 (order: 5, 131072 bytes, linear)
[    0.344637] TCP bind hash table entries: 16384 (order: 6, 262144 bytes, linear)
[    0.344662] TCP: Hash tables configured (established 16384 bind 16384)
[    0.345105] UDP hash table entries: 1024 (order: 3, 32768 bytes, linear)
[    0.345116] UDP-Lite hash table entries: 1024 (order: 3, 32768 bytes, linear)
[    0.345150] NET: Registered protocol family 1
[    0.345158] NET: Registered protocol family 44
[    0.345177] pci 0000:00:00.0: Limiting direct PCI/PCI transfers
[    0.345192] pci 0000:00:01.0: Activating ISA DMA hang workarounds
[    0.345244] pci 0000:00:02.0: Video device with shadowed ROM at [mem 0x000c0000-0x000dffff]
[    0.345309] PCI: CLS 0 bytes, default 64
[    0.345352] Trying to unpack rootfs image as initramfs...
[    0.491720] Freeing initrd memory: 47868K
[    0.491720] clocksource: tsc: mask: 0xffffffffffffffff max_cycles: 0x1e4530a99b6, max_idle_ns: 440795257976 ns
[    0.491720] clocksource: Switched to clocksource tsc
[    0.491720] platform rtc_cmos: registered platform RTC device (no PNP device found)
[    0.491720] check: Scanning for low memory corruption every 60 seconds
[    0.491720] Initialise system trusted keyrings
[    0.491720] Key type blacklist registered
[    0.491720] workingset: timestamp_bits=36 max_order=19 bucket_order=0
[    0.491720] zbud: loaded
[    0.491720] squashfs: version 4.0 (2009/01/31) Phillip Lougher
[    0.491720] fuse: init (API version 7.31)
[    0.491720] *** VALIDATE fuse ***
[    0.491720] *** VALIDATE fuse ***
[    0.491720] Platform Keyring initialized
[    0.505932] Key type asymmetric registered
[    0.505934] Asymmetric key parser 'x509' registered
[    0.505944] Block layer SCSI generic (bsg) driver version 0.4 loaded (major 244)
[    0.505984] io scheduler mq-deadline registered
[    0.506106] shpchp: Standard Hot Plug PCI Controller Driver version: 0.4
[    0.506312] ACPI: AC Adapter [AC] (on-line)
[    0.506356] input: Power Button as /devices/LNXSYSTM:00/LNXPWRBN:00/input/input0
[    0.506384] ACPI: Power Button [PWRF]
[    0.506466] input: Sleep Button as /devices/LNXSYSTM:00/LNXSLPBN:00/input/input1
[    0.506499] ACPI: Sleep Button [SLPF]
[    0.506742] Serial: 8250/16550 driver, 32 ports, IRQ sharing enabled
[    0.507942] Linux agpgart interface v0.103
[    0.602980] loop: module loaded
[    0.603100] ata_piix 0000:00:01.1: version 2.13
[    0.603479] scsi host0: ata_piix
[    0.603562] scsi host1: ata_piix
[    0.603588] ata1: PATA max UDMA/33 cmd 0x1f0 ctl 0x3f6 bmdma 0xd000 irq 14
[    0.603589] ata2: PATA max UDMA/33 cmd 0x170 ctl 0x376 bmdma 0xd008 irq 15
[    0.603660] tun: Universal TUN/TAP device driver, 1.6
[    0.603957] PPP generic driver version 2.4.2
[    0.603998] VFIO - User Level meta-driver version: 0.3
[    0.604230] ehci_hcd: USB 2.0 'Enhanced' Host Controller (EHCI) Driver
[    0.604234] ehci-pci: EHCI PCI platform driver
[    0.604246] ehci-platform: EHCI generic platform driver
[    0.604251] ohci_hcd: USB 1.1 'Open' Host Controller (OHCI) Driver
[    0.604253] ohci-pci: OHCI PCI platform driver
[    0.604259] ohci-platform: OHCI generic platform driver
[    0.604264] uhci_hcd: USB Universal Host Controller Interface driver
[    0.604324] i8042: PNP: PS/2 Controller [PNP0303:PS2K,PNP0f03:PS2M] at 0x60,0x64 irq 1,12
[    0.604755] serio: i8042 KBD port at 0x60,0x64 irq 1
[    0.604758] serio: i8042 AUX port at 0x60,0x64 irq 12
[    0.604841] mousedev: PS/2 mouse device common for all mice
[    0.605085] input: AT Translated Set 2 keyboard as /devices/platform/i8042/serio0/input/input2
[    0.605474] rtc_cmos rtc_cmos: registered as rtc0
[    0.605487] rtc_cmos rtc_cmos: alarms up to one day, 114 bytes nvram
[    0.605492] i2c /dev entries driver
[    0.605529] device-mapper: uevent: version 1.0.3
[    0.605571] device-mapper: ioctl: 4.41.0-ioctl (2019-09-16) initialised: dm-devel@redhat.com
[    0.605585] platform eisa.0: Probing EISA bus 0
[    0.605587] platform eisa.0: EISA: Cannot allocate resource for mainboard
[    0.605588] platform eisa.0: Cannot allocate resource for EISA slot 1
[    0.605589] platform eisa.0: Cannot allocate resource for EISA slot 2
[    0.605590] platform eisa.0: Cannot allocate resource for EISA slot 3
[    0.605591] platform eisa.0: Cannot allocate resource for EISA slot 4
[    0.605592] platform eisa.0: Cannot allocate resource for EISA slot 5
[    0.605593] platform eisa.0: Cannot allocate resource for EISA slot 6
[    0.605594] platform eisa.0: Cannot allocate resource for EISA slot 7
[    0.605595] platform eisa.0: Cannot allocate resource for EISA slot 8
[    0.605596] platform eisa.0: EISA: Detected 0 cards
[    0.605598] intel_pstate: CPU model not supported
[    0.605606] ledtrig-cpu: registered to indicate activity on CPUs
[    0.605648] drop_monitor: Initializing network drop monitor service
[    0.605805] NET: Registered protocol family 10
[    0.610837] Segment Routing with IPv6
[    0.610866] fullmesh registered
[    0.610867] ndiffports registered
[    0.610869] binder registered
[    0.610870] roundrobin registered
[    0.610870] redundant registered
[    0.610871] blest registered
[    0.610872] ecf registered
[    0.610873] NET: Registered protocol family 17
[    0.610902] Key type dns_resolver registered
[    0.610996] RAS: Correctable Errors collector initialized.
[    0.611010] IPI shorthand broadcast: enabled
[    0.611021] sched_clock: Marking stable (596153889, 10950159)->(610409903, -3305855)
[    0.611065] registered taskstats version 1
[    0.611072] Loading compiled-in X.509 certificates
[    0.611658] Loaded X.509 cert 'Build time autogenerated kernel key: 6909f3744cebb3d0de528d5887b96a727de79b1e'
[    0.611674] zswap: loaded using pool lzo/zbud
[    0.611724] Key type ._fscrypt registered
[    0.611725] Key type .fscrypt registered
[    0.616124] Key type big_key registered
[    0.618292] Key type encrypted registered
[    0.618294] AppArmor: AppArmor sha1 policy hashing enabled
[    0.618301] ima: No TPM chip found, activating TPM-bypass!
[    0.618304] ima: Allocated hash algorithm: sha1
[    0.618309] ima: No architecture policies found
[    0.618317] evm: Initialising EVM extended attributes:
[    0.618317] evm: security.selinux
[    0.618318] evm: security.SMACK64
[    0.618318] evm: security.SMACK64EXEC
[    0.618319] evm: security.SMACK64TRANSMUTE
[    0.618319] evm: security.SMACK64MMAP
[    0.618320] evm: security.apparmor
[    0.618320] evm: security.ima
[    0.618321] evm: security.capability
[    0.618321] evm: HMAC attrs: 0x1
[    0.618603] PM:   Magic number: 10:576:550
[    0.618611] tty ttyS26: hash matches
[    0.618629] acpi PNP0C0F:01: hash matches
[    0.618705] rtc_cmos rtc_cmos: setting system clock to 2026-01-12T21:32:53 UTC (1768253573)
[    0.776052] ata1.00: ATA-6: VBOX HARDDISK, 1.0, max UDMA/133
[    0.776055] ata1.00: 209715200 sectors, multi 128: LBA 
[    0.776709] scsi 0:0:0:0: Direct-Access     ATA      VBOX HARDDISK    1.0  PQ: 0 ANSI: 5
[    0.776972] sd 0:0:0:0: [sda] 209715200 512-byte logical blocks: (107 GB/100 GiB)
[    0.776984] sd 0:0:0:0: [sda] Write Protect is off
[    0.776988] sd 0:0:0:0: [sda] Mode Sense: 00 3a 00 00
[    0.777009] sd 0:0:0:0: [sda] Write cache: enabled, read cache: enabled, doesn't support DPO or FUA
[    0.777204] sd 0:0:0:0: Attached scsi generic sg0 type 0
[    0.778124]  sda: sda1 sda2
[    0.787292] sd 0:0:0:0: [sda] Attached SCSI disk
[    0.792717] Freeing unused decrypted memory: 2040K
[    0.794062] Freeing unused kernel image memory: 2728K
[    0.794067] Write protecting the kernel read-only data: 22528k
[    0.795545] Freeing unused kernel image memory: 2036K
[    0.796329] Freeing unused kernel image memory: 1432K
[    0.832573] x86/mm: Checked W+X mappings: passed, no W+X pages found.
[    0.832578] Run /init as init process
[    0.938631] ACPI: Video Device [GFX0] (multi-head: yes  rom: no  post: no)
[    0.938700] input: Video Bus as /devices/LNXSYSTM:00/LNXSYBUS:00/PNP0A03:00/LNXVIDEO:00/input/input4
[    0.949615] pcnet32: pcnet32.c:v1.35 21.Apr.2008 tsbogend@alpha.franken.de
[    0.952684] piix4_smbus 0000:00:07.0: SMBus Host Controller at 0x4100, revision 0
[    0.953469] pcnet32: PCnet/FAST III 79C973 at 0xd020, 08:00:27:77:07:c9 assigned IRQ 19
[    0.953512] pcnet32: Found PHY 0022:561b at address 0
[    0.953808] pcnet32: eth0: registered as PCnet/FAST III 79C973
[    0.957995] e1000: Intel(R) PRO/1000 Network Driver - version 7.3.21-k8-NAPI
[    0.957995] e1000: Copyright (c) 1999-2006 Intel Corporation.
[    0.967868] pcnet32: PCnet/FAST III 79C973 at 0xd060, 08:00:27:69:21:9c assigned IRQ 16
[    0.967912] pcnet32: Found PHY 0022:561b at address 0
[    0.968209] pcnet32: eth1: registered as PCnet/FAST III 79C973
[    0.974060] pcnet32: 2 cards_found
[    1.025909] pcnet32 0000:00:03.0 enp0s3: renamed from eth0
[    1.027072] pcnet32 0000:00:08.0 enp0s8: renamed from eth1
[    1.170030] input: ImExPS/2 Generic Explorer Mouse as /devices/platform/i8042/serio1/input/input5
[    1.365583] e1000 0000:00:09.0 eth0: (PCI:33MHz:32-bit) 08:00:27:51:ec:60
[    1.365587] e1000 0000:00:09.0 eth0: Intel(R) PRO/1000 Network Connection
[    1.366551] e1000 0000:00:09.0 enp0s9: renamed from eth0
[    1.506882] EXT4-fs (sda2): mounted filesystem with ordered data mode. Opts: (null)
[    1.589371] systemd[1]: Inserted module 'autofs4'
[    1.599165] systemd[1]: systemd 245.4-4ubuntu3 running in system mode. (+PAM +AUDIT +SELINUX +IMA +APPARMOR +SMACK +SYSVINIT +UTMP +LIBCRYPTSETUP +GCRYPT +GNUTLS +ACL +XZ +LZ4 +SECCOMP +BLKID +ELFUTILS +KMOD +IDN2 -IDN +PCRE2 default-hierarchy=hybrid)
[    1.599194] systemd[1]: Detected virtualization oracle.
[    1.599199] systemd[1]: Detected architecture x86-64.
[    1.600472] systemd[1]: Set hostname to <ztg>.
[    1.721432] systemd[1]: /lib/systemd/system/dbus.socket:5: ListenStream= references a path below legacy directory /var/run/, updating /var/run/dbus/system_bus_socket â†’ /run/dbus/system_bus_socket; please update the unit file accordingly.
[    1.772749] systemd[1]: Created slice system-modprobe.slice.
[    1.772933] systemd[1]: Created slice User and Session Slice.
[    1.772973] systemd[1]: Started Forward Password Requests to Wall Directory Watch.
[    1.773122] systemd[1]: Set up automount Arbitrary Executable File Formats File System Automount Point.
[    1.773156] systemd[1]: Reached target User and Group Name Lookups.
[    1.773165] systemd[1]: Reached target Remote File Systems.
[    1.773173] systemd[1]: Reached target Slices.
[    1.773653] systemd[1]: Listening on Syslog Socket.
[    1.773716] systemd[1]: Listening on fsck to fsckd communication Socket.
[    1.773752] systemd[1]: Listening on initctl Compatibility Named Pipe.
[    1.773882] systemd[1]: Listening on Journal Audit Socket.
[    1.773934] systemd[1]: Listening on Journal Socket (/dev/log).
[    1.774002] systemd[1]: Listening on Journal Socket.
[    1.774066] systemd[1]: Listening on udev Control Socket.
[    1.774104] systemd[1]: Listening on udev Kernel Socket.
[    1.774775] systemd[1]: Mounting Huge Pages File System...
[    1.775708] systemd[1]: Mounting POSIX Message Queue File System...
[    1.776544] systemd[1]: Mounting Kernel Debug File System...
[    1.777381] systemd[1]: Mounting Kernel Trace File System...
[    1.779226] systemd[1]: Starting Journal Service...
[    1.802443] systemd[1]: Starting Set the console keyboard layout...
[    1.810880] systemd[1]: Starting Create list of static device nodes for the current kernel...
[    1.812851] systemd[1]: Starting Load Kernel Module drm...
[    1.813884] systemd[1]: Condition check resulted in Set Up Additional Binary Formats being skipped.
[    1.813920] systemd[1]: Condition check resulted in File System Check on Root Device being skipped.
[    1.824809] systemd[1]: Starting Load Kernel Modules...
[    1.830740] systemd[1]: Starting Remount Root and Kernel File Systems...
[    1.840078] systemd[1]: Starting udev Coldplug all Devices...
[    1.851617] systemd[1]: Starting Uncomplicated firewall...
[    1.852805] systemd[1]: Mounted Huge Pages File System.
[    1.852892] systemd[1]: Mounted POSIX Message Queue File System.
[    1.852968] systemd[1]: Mounted Kernel Debug File System.
[    1.853033] systemd[1]: Mounted Kernel Trace File System.
[    1.854874] EXT4-fs (sda2): re-mounted. Opts: errors=remount-ro
[    1.875992] systemd[1]: Finished Create list of static device nodes for the current kernel.
[    1.876970] systemd[1]: modprobe@drm.service: Succeeded.
[    1.891503] systemd[1]: Finished Load Kernel Module drm.
[    1.897706] systemd[1]: Finished Remount Root and Kernel File Systems.
[    1.898492] systemd[1]: Finished Uncomplicated firewall.
[    1.914800] lp: driver loaded but no devices found
[    1.916568] systemd[1]: Condition check resulted in Rebuild Hardware Database being skipped.
[    1.916602] systemd[1]: Condition check resulted in Platform Persistent Storage Archival being skipped.
[    1.917224] systemd[1]: Starting Load/Save Random Seed...
[    1.923031] systemd[1]: Starting Create System Users...
[    1.928978] ppdev: user-space parallel port driver
[    1.939274] systemd[1]: Finished Load/Save Random Seed.
[    1.941270] systemd[1]: Finished Create System Users.
[    1.941953] systemd[1]: Starting Create Static Device Nodes in /dev...
[    1.987063] systemd[1]: Finished udev Coldplug all Devices.
[    1.992600] systemd[1]: Finished Create Static Device Nodes in /dev.
[    1.993315] systemd[1]: Starting udev Kernel Device Manager...
[    2.025627] [drm] DMA map mode: Caching DMA mappings.
[    2.025699] [drm] Capabilities:
[    2.025700] [drm]   Rect copy.
[    2.025700] [drm]   Cursor.
[    2.025700] [drm]   Cursor bypass.
[    2.025701] [drm]   Cursor bypass 2.
[    2.025701] [drm]   Alpha cursor.
[    2.025702] [drm]   Extended Fifo.
[    2.025702] [drm]   Pitchlock.
[    2.025702] [drm]   Irq mask.
[    2.025703] [drm]   GMR.
[    2.025703] [drm]   Traces.
[    2.025703] [drm]   GMR2.
[    2.025703] [drm]   Screen Object 2.
[    2.025704] [drm]   Command Buffers.
[    2.025704] [drm]   Command Buffers 2.
[    2.025705] [drm]   Guest Backed Resources.
[    2.025705] [drm] Max GMR ids is 8192
[    2.025706] [drm] Max number of GMR pages is 1048576
[    2.025707] [drm] Max dedicated hypervisor surface memory is 393216 kiB
[    2.025707] [drm] Maximum display memory size is 131072 kiB
[    2.025708] [drm] VRAM at 0xe0000000 size is 131072 kiB
[    2.025708] [drm] MMIO at 0xf0000000 size is 2048 kiB
[    2.026336] [TTM] Zone  kernel: Available graphics memory: 1011738 KiB
[    2.026336] [TTM] Initializing pool allocator
[    2.026340] [TTM] Initializing DMA pool allocator
[    2.026749] [drm] Supports vblank timestamp caching Rev 2 (21.10.2013).
[    2.026750] [drm] No driver support for vblank timestamp query.
[    2.026961] [drm] Screen Target Display device initialized
[    2.027409] [drm] width 720
[    2.027417] [drm] height 400
[    2.027421] [drm] bpp 32
[    2.027720] [drm] Fifo max 0x00200000 min 0x00001000 cap 0x00000355
[    2.028784] [drm] Using command buffers with DMA pool.
[    2.028790] [drm] DX: no.
[    2.028790] [drm] Atomic: yes.
[    2.028791] [drm] SM4_1: no.
[    2.028809] [drm:vmw_host_log [vmwgfx]] *ERROR* Failed to send host log message.
[    2.029667] [drm:vmw_host_log [vmwgfx]] *ERROR* Failed to send host log message.
[    2.056577] fbcon: svgadrmfb (fb0) is primary device
[    2.061205] Console: switching to colour frame buffer device 100x37
[    2.065773] [drm] Initialized vmwgfx 2.15.0 20180704 for 0000:00:02.0 on minor 0
[    2.066685] systemd[1]: Finished Load Kernel Modules.
[    2.067685] systemd[1]: Mounting FUSE Control File System...
[    2.068819] systemd[1]: Mounting Kernel Configuration File System...
[    2.075767] systemd[1]: Starting Apply Kernel Variables...
[    2.084063] systemd[1]: Finished Set the console keyboard layout.
[    2.084734] systemd[1]: Mounted FUSE Control File System.
[    2.084801] systemd[1]: Reached target Local File Systems (Pre).
[    2.084818] systemd[1]: Condition check resulted in VMware vmblock fuse mount being skipped.
[    2.107473] systemd[1]: Mounting Mount unit for bare, revision 5...
[    2.111357] systemd[1]: Mounting Mount unit for core18, revision 1705...
[    2.120500] systemd[1]: Mounting Mount unit for gnome-3-34-1804, revision 24...
[    2.129230] systemd[1]: Mounting Mount unit for gtk-common-themes, revision 1506...
[    2.136435] systemd[1]: Mounting Mount unit for gtk-common-themes, revision 1535...
[    2.142613] systemd[1]: Mounting Mount unit for snap-store, revision 433...
[    2.151320] systemd[1]: Mounting Mount unit for snapd, revision 7264...
[    2.152480] systemd[1]: Mounted Kernel Configuration File System.
[    2.169317] systemd[1]: Finished Apply Kernel Variables.
[    2.170458] systemd[1]: Mounted Mount unit for bare, revision 5.
[    2.215027] systemd[1]: Started udev Kernel Device Manager.
[    2.215721] systemd[1]: Starting Show Plymouth Boot Screen...
[    2.219380] systemd[1]: Received SIGRTMIN+20 from PID 285 (plymouthd).
[    2.223045] systemd[1]: Mounted Mount unit for gnome-3-34-1804, revision 24.
[    2.246786] systemd[1]: Started Show Plymouth Boot Screen.
[    2.246917] systemd[1]: Condition check resulted in Dispatch Password Requests to Console Directory Watch being skipped.
[    2.247010] systemd[1]: Started Forward Password Requests to Plymouth Directory Watch.
[    2.247042] systemd[1]: Reached target Local Encrypted Volumes.
[    2.282410] systemd[1]: Mounted Mount unit for core18, revision 1705.
[    2.314976] systemd[1]: Mounted Mount unit for gtk-common-themes, revision 1506.
[    2.315224] systemd[1]: Mounted Mount unit for snapd, revision 7264.
[    2.342974] systemd[1]: Mounted Mount unit for gtk-common-themes, revision 1535.
[    2.343191] systemd[1]: Mounted Mount unit for snap-store, revision 433.
[    2.343339] systemd[1]: Reached target Local File Systems.
[    2.344130] systemd[1]: Starting Load AppArmor profiles...
[    2.346875] systemd[1]: Starting Set console font and keymap...
[    2.359646] systemd[1]: Starting Tell Plymouth To Write Out Runtime Data...
[    2.361125] systemd[1]: Condition check resulted in Store a System Token in an EFI Variable being skipped.
[    2.361175] systemd[1]: Condition check resulted in Commit a transient machine-id on disk being skipped.
[    2.363535] systemd[1]: Finished Set console font and keymap.
[    2.374480] systemd[1]: Received SIGRTMIN+20 from PID 285 (plymouthd).
[    2.375175] systemd[1]: plymouth-read-write.service: Succeeded.
[    2.377013] systemd[1]: Finished Tell Plymouth To Write Out Runtime Data.
[    2.419618] audit: type=1400 audit(1768253575.300:2): apparmor="STATUS" operation="profile_load" profile="unconfined" name="nvidia_modprobe" pid=300 comm="apparmor_parser"
[    2.419621] audit: type=1400 audit(1768253575.300:3): apparmor="STATUS" operation="profile_load" profile="unconfined" name="nvidia_modprobe//kmod" pid=300 comm="apparmor_parser"
[    2.426447] audit: type=1400 audit(1768253575.304:4): apparmor="STATUS" operation="profile_load" profile="unconfined" name="/usr/sbin/tcpdump" pid=301 comm="apparmor_parser"
[    2.454487] audit: type=1400 audit(1768253575.328:5): apparmor="STATUS" operation="profile_load" profile="unconfined" name="/usr/bin/evince" pid=303 comm="apparmor_parser"
[    2.454489] audit: type=1400 audit(1768253575.328:6): apparmor="STATUS" operation="profile_load" profile="unconfined" name="/usr/bin/evince//sanitized_helper" pid=303 comm="apparmor_parser"
[    2.454490] audit: type=1400 audit(1768253575.328:7): apparmor="STATUS" operation="profile_load" profile="unconfined" name="/usr/bin/evince-previewer" pid=303 comm="apparmor_parser"
[    2.454492] audit: type=1400 audit(1768253575.328:8): apparmor="STATUS" operation="profile_load" profile="unconfined" name="/usr/bin/evince-previewer//sanitized_helper" pid=303 comm="apparmor_parser"
[    2.454493] audit: type=1400 audit(1768253575.328:9): apparmor="STATUS" operation="profile_load" profile="unconfined" name="/usr/bin/evince-thumbnailer" pid=303 comm="apparmor_parser"
[    2.489679] audit: type=1400 audit(1768253575.368:10): apparmor="STATUS" operation="profile_load" profile="unconfined" name="/usr/lib/cups/backend/cups-pdf" pid=304 comm="apparmor_parser"
[    2.554848] systemd[1]: Finished Load AppArmor profiles.
[    2.555817] systemd[1]: Starting Load AppArmor profiles managed internally by snapd...
[    2.619572] systemd[1]: Finished Load AppArmor profiles managed internally by snapd.
[    2.735671] systemd[1]: Started Journal Service.
[    2.742101] systemd-journald[229]: Received client request to flush runtime journal.
[    2.746059] systemd-journald[229]: File /var/log/journal/c455b248004a419c87ce85eea238d727/system.journal corrupted or uncleanly shut down, renaming and replacing.
[    3.978172] RAPL PMU: API unit is 2^-32 Joules, 0 fixed counters, 10737418240 ms ovfl timer
[    4.049815] cryptd: max_cpu_qlen set to 1000
[    4.104191] AVX2 version of gcm_enc/dec engaged.
[    4.104192] AES CTR mode by8 optimization enabled
[    4.870189] Adding 1998844k swap on /dev/sda1.  Priority:-2 extents:1 across:1998844k FS
[    5.643353] kauditd_printk_skb: 30 callbacks suppressed
[    5.643354] audit: type=1400 audit(1768253578.520:41): apparmor="DENIED" operation="capable" profile="/usr/sbin/cups-browsed" pid=497 comm="cups-browsed" capability=23  capname="sys_nice"
[    6.909894] pcnet32 0000:00:03.0 enp0s3: link up, 100Mbps, full-duplex
[    6.924230] pcnet32 0000:00:08.0 enp0s8: link up, 100Mbps, full-duplex
[    6.953193] e1000: enp0s9 NIC Link is Up 1000 Mbps Full Duplex, Flow Control: RX
[    6.953487] IPv6: ADDRCONF(NETDEV_CHANGE): enp0s9: link becomes ready
[    7.389883] device enp0s8 entered promiscuous mode
[    7.393573] device enp0s3 entered promiscuous mode
[    7.429204] audit: type=1400 audit(1768253580.308:42): apparmor="DENIED" operation="open" profile="/usr/sbin/tcpdump" name="/proc/sys/kernel/random/boot_id" pid=628 comm="tcpdump" requested_mask="r" denied_mask="r" fsuid=0 ouid=0
[    7.429408] audit: type=1400 audit(1768253580.308:43): apparmor="DENIED" operation="open" profile="/usr/sbin/tcpdump" name="/proc/sys/kernel/random/boot_id" pid=628 comm="tcpdump" requested_mask="r" denied_mask="r" fsuid=0 ouid=0
[    7.429451] audit: type=1400 audit(1768253580.308:44): apparmor="DENIED" operation="open" profile="/usr/sbin/tcpdump" name="/proc/sys/kernel/random/boot_id" pid=628 comm="tcpdump" requested_mask="r" denied_mask="r" fsuid=0 ouid=0
[    7.429723] audit: type=1400 audit(1768253580.308:45): apparmor="DENIED" operation="open" profile="/usr/sbin/tcpdump" name="/proc/sys/kernel/random/boot_id" pid=628 comm="tcpdump" requested_mask="r" denied_mask="r" fsuid=0 ouid=0
[    7.433459] audit: type=1400 audit(1768253580.312:46): apparmor="DENIED" operation="open" profile="/usr/sbin/tcpdump" name="/proc/sys/kernel/random/boot_id" pid=627 comm="tcpdump" requested_mask="r" denied_mask="r" fsuid=0 ouid=0
[    7.433915] audit: type=1400 audit(1768253580.312:47): apparmor="DENIED" operation="open" profile="/usr/sbin/tcpdump" name="/proc/sys/kernel/random/boot_id" pid=627 comm="tcpdump" requested_mask="r" denied_mask="r" fsuid=0 ouid=0
[    7.433956] audit: type=1400 audit(1768253580.312:48): apparmor="DENIED" operation="open" profile="/usr/sbin/tcpdump" name="/proc/sys/kernel/random/boot_id" pid=627 comm="tcpdump" requested_mask="r" denied_mask="r" fsuid=0 ouid=0
[    7.434014] audit: type=1400 audit(1768253580.312:49): apparmor="DENIED" operation="open" profile="/usr/sbin/tcpdump" name="/proc/sys/kernel/random/boot_id" pid=627 comm="tcpdump" requested_mask="r" denied_mask="r" fsuid=0 ouid=0
[    7.435506] audit: type=1400 audit(1768253580.316:50): apparmor="DENIED" operation="open" profile="/usr/sbin/tcpdump" name="/proc/sys/kernel/random/boot_id" pid=629 comm="tcpdump" requested_mask="r" denied_mask="r" fsuid=0 ouid=0
[   11.825075] rfkill: input handler disabled
[  184.431870] AAAAA-TCP_FORW: name:enp0s8: saddr:100932208: daddr:16783984
[  184.434245] AAAAA-TCP_FORW: name:enp0s3: saddr:16783984: daddr:100932208
[  184.905044] AAAAA-TCP_FORW: name:enp0s8: saddr:100932208: daddr:16783984
[  184.905914] AAAAA-TCP_FORW: name:enp0s3: saddr:16783984: daddr:100932208
[  185.335901] AAAAA-TCP_FORW: name:enp0s8: saddr:100932208: daddr:16783984
[  185.336767] AAAAA-TCP_FORW: name:enp0s3: saddr:16783984: daddr:100932208
[  185.476318] AAAAA-TCP_FORW: name:enp0s8: saddr:100932208: daddr:16783984
[  185.477158] AAAAA-TCP_FORW: name:enp0s3: saddr:16783984: daddr:100932208
[  185.573804] AAAAA-TCP_FORW: name:enp0s8: saddr:100932208: daddr:33561200
[  185.574722] AAAAA-TCP_FORW: name:enp0s3: saddr:33561200: daddr:100932208
[  185.808395] AAAAA-TCP_FORW: name:enp0s8: saddr:100932208: daddr:33561200
[  185.809178] AAAAA-TCP_FORW: name:enp0s3: saddr:33561200: daddr:100932208
[  186.430030] AAAAA-TCP_FORW: name:enp0s3: saddr:16783984: daddr:100932208
[  186.751858] AAAAA-TCP_FORW: name:enp0s3: saddr:16783984: daddr:100932208
[  186.826207] AAAAA-TCP_FORW: name:enp0s3: saddr:16783984: daddr:100932208
[  202.859184] AAAAA-TCP_FORW: name:enp0s3: saddr:33561200: daddr:100932208
[  202.955607] AAAAA-TCP_FORW: name:enp0s3: saddr:33561200: daddr:100932208
[  203.059590] AAAAA-TCP_FORW: name:enp0s3: saddr:33561200: daddr:100932208
[  203.470236] AAAAA-TCP_FORW: name:enp0s3: saddr:16783984: daddr:100932208
[  205.644166] AAAAA-TCP_FORW: name:enp0s3: saddr:16783984: daddr:100932208
[  205.987721] AAAAA-TCP_FORW: name:enp0s3: saddr:33561200: daddr:100932208
[  206.878005] AAAAA-TCP_FORW: name:enp0s3: saddr:16783984: daddr:100932208
[  216.814985] AAAAA-TCP_FORW: name:enp0s8: saddr:100932208: daddr:33561200
[  217.000099] AAAAA-TCP_FORW: name:enp0s8: saddr:100932208: daddr:33561200
[  217.211585] AAAAA-TCP_FORW: name:enp0s8: saddr:100932208: daddr:33561200
[  217.295754] AAAAA-TCP_FORW: name:enp0s8: saddr:100932208: daddr:33561200
[  217.548074] AAAAA-TCP_FORW: name:enp0s8: saddr:100932208: daddr:33561200
[  217.639155] AAAAA-TCP_FORW: name:enp0s8: saddr:100932208: daddr:33561200
[  217.725123] AAAAA-TCP_FORW: name:enp0s8: saddr:100932208: daddr:16783984
[  217.795014] AAAAA-TCP_FORW: name:enp0s8: saddr:100932208: daddr:16783984
[  217.947448] AAAAA-TCP_FORW: name:enp0s8: saddr:100932208: daddr:16783984
[  218.071872] AAAAA-TCP_FORW: name:enp0s8: saddr:100932208: daddr:16783984
[  218.126079] AAAAA-TCP_FORW: name:enp0s8: saddr:100932208: daddr:16783984
[  218.290653] AAAAA-TCP_FORW: name:enp0s8: saddr:100932208: daddr:16783984
[  218.403317] AAAAA-TCP_FORW: name:enp0s8: saddr:100932208: daddr:16783984
[  218.496031] AAAAA-TCP_FORW: name:enp0s8: saddr:100932208: daddr:16783984
[  218.721243] AAAAA-TCP_FORW: name:enp0s8: saddr:100932208: daddr:16783984
[  218.722172] AAAAA-TCP_FORW: name:enp0s3: saddr:16783984: daddr:100932208
[  218.809753] AAAAA-TCP_FORW: name:enp0s8: saddr:100932208: daddr:16783984
[  218.810789] AAAAA-TCP_FORW: name:enp0s3: saddr:16783984: daddr:100932208
[  219.080758] AAAAA-TCP_FORW: name:enp0s3: saddr:33561200: daddr:100932208
[  219.092284] AAAAA-TCP_FORW: name:enp0s8: saddr:100932208: daddr:33561200
[  219.093372] AAAAA-TCP_FORW: name:enp0s3: saddr:33561200: daddr:100932208
[  219.266873] AAAAA-TCP_FORW: name:enp0s8: saddr:100932208: daddr:33561200
[  219.268004] AAAAA-TCP_FORW: name:enp0s3: saddr:33561200: daddr:100932208
[  219.300748] AAAAA-TCP_FORW: name:enp0s3: saddr:33561200: daddr:100932208
[  219.346048] AAAAA-TCP_FORW: name:enp0s8: saddr:100932208: daddr:33561200
[  219.346921] AAAAA-TCP_FORW: name:enp0s3: saddr:33561200: daddr:100932208
[  219.450345] AAAAA-TCP_FORW: name:enp0s3: saddr:33561200: daddr:100932208
[  219.587979] AAAAA-TCP_FORW: name:enp0s3: saddr:16783984: daddr:100932208
[  219.703732] AAAAA-TCP_FORW: name:enp0s3: saddr:16783984: daddr:100932208
[  219.945467] AAAAA-TCP_FORW: name:enp0s3: saddr:16783984: daddr:100932208
[  220.036047] AAAAA-TCP_FORW: name:enp0s3: saddr:16783984: daddr:100932208
[  220.167422] AAAAA-TCP_FORW: name:enp0s3: saddr:16783984: daddr:100932208
[  220.348341] AAAAA-TCP_FORW: name:enp0s3: saddr:16783984: daddr:100932208
[  220.568424] AAAAA-TCP_FORW: name:enp0s3: saddr:16783984: daddr:100932208
[  220.768827] AAAAA-TCP_FORW: name:enp0s3: saddr:16783984: daddr:100932208
[  221.862824] AAAAA-TCP_FORW: name:enp0s3: saddr:16783984: daddr:100932208
[  224.507497] AAAAA-TCP_FORW: name:enp0s8: saddr:100932208: daddr:16783984
[  224.651277] AAAAA-TCP_FORW: name:enp0s8: saddr:100932208: daddr:16783984
[  224.783694] AAAAA-TCP_FORW: name:enp0s8: saddr:100932208: daddr:16783984
[  225.065926] AAAAA-TCP_FORW: name:enp0s8: saddr:100932208: daddr:16783984
[  225.458922] AAAAA-TCP_FORW: name:enp0s8: saddr:100932208: daddr:16783984
[  225.970112] AAAAA-TCP_FORW: name:enp0s8: saddr:100932208: daddr:16783984
[  440.872439] rfkill: input handler enabled
[  449.678216] rfkill: input handler disabled
[  626.262478] device enp0s3 left promiscuous mode
[  626.265060] device enp0s8 left promiscuous mode
