[    0.000000] Linux version 5.4.243-mptcp (root@ztg) (gcc version 12.2.0 (Debian 12.2.0-14+deb12u1)) #53 SMP Wed Dec 24 23:28:15 CST 2025
[    0.000000] Command line: BOOT_IMAGE=/boot/vmlinuz-5.4.243-mptcp root=UUID=98415a12-53b7-4144-8265-0f7ece09e445 ro quiet splash
[    0.000000] KERNEL supported cpus:
[    0.000000]   Intel GenuineIntel
[    0.000000]   AMD AuthenticAMD
[    0.000000]   Hygon HygonGenuine
[    0.000000]   Centaur CentaurHauls
[    0.000000]   zhaoxin   Shanghai  
[    0.000000] x86/fpu: Supporting XSAVE feature 0x001: 'x87 floating point registers'
[    0.000000] x86/fpu: Supporting XSAVE feature 0x002: 'SSE registers'
[    0.000000] x86/fpu: Supporting XSAVE feature 0x004: 'AVX registers'
[    0.000000] x86/fpu: xstate_offset[2]:  576, xstate_sizes[2]:  256
[    0.000000] x86/fpu: Enabled xstate features 0x7, context size is 832 bytes, using 'standard' format.
[    0.000000] BIOS-provided physical RAM map:
[    0.000000] BIOS-e820: [mem 0x0000000000000000-0x000000000009fbff] usable
[    0.000000] BIOS-e820: [mem 0x000000000009fc00-0x000000000009ffff] reserved
[    0.000000] BIOS-e820: [mem 0x00000000000f0000-0x00000000000fffff] reserved
[    0.000000] BIOS-e820: [mem 0x0000000000100000-0x000000007ffeffff] usable
[    0.000000] BIOS-e820: [mem 0x000000007fff0000-0x000000007fffffff] ACPI data
[    0.000000] BIOS-e820: [mem 0x00000000fec00000-0x00000000fec00fff] reserved
[    0.000000] BIOS-e820: [mem 0x00000000fee00000-0x00000000fee00fff] reserved
[    0.000000] BIOS-e820: [mem 0x00000000fffc0000-0x00000000ffffffff] reserved
[    0.000000] NX (Execute Disable) protection: active
[    0.000000] SMBIOS 2.5 present.
[    0.000000] DMI: innotek GmbH VirtualBox/VirtualBox, BIOS VirtualBox 12/01/2006
[    0.000000] Hypervisor detected: KVM
[    0.000000] kvm-clock: Using msrs 4b564d01 and 4b564d00
[    0.000000] kvm-clock: cpu 0, msr 49e01001, primary cpu clock
[    0.000000] kvm-clock: using sched offset of 4461906104 cycles
[    0.000003] clocksource: kvm-clock: mask: 0xffffffffffffffff max_cycles: 0x1cd42e4dffb, max_idle_ns: 881590591483 ns
[    0.000005] tsc: Detected 2100.000 MHz processor
[    0.001881] e820: update [mem 0x00000000-0x00000fff] usable ==> reserved
[    0.001883] e820: remove [mem 0x000a0000-0x000fffff] usable
[    0.001887] last_pfn = 0x7fff0 max_arch_pfn = 0x400000000
[    0.001954] MTRR default type: uncachable
[    0.001955] MTRR fixed ranges enabled:
[    0.001956]   00000-9FFFF write-back
[    0.001957]   A0000-BFFFF uncachable
[    0.001958]   C0000-FFFFF write-protect
[    0.001959] MTRR variable ranges enabled:
[    0.001960]   0 base 000000000000 mask 3FFF80000000 write-back
[    0.001961]   1 disabled
[    0.001961]   2 disabled
[    0.001962]   3 disabled
[    0.001962]   4 disabled
[    0.001962]   5 disabled
[    0.001963]   6 disabled
[    0.001963]   7 disabled
[    0.001964]   8 disabled
[    0.001964]   9 disabled
[    0.001965]   10 disabled
[    0.001965]   11 disabled
[    0.001965]   12 disabled
[    0.001966]   13 disabled
[    0.001966]   14 disabled
[    0.001967]   15 disabled
[    0.001984] x86/PAT: Configuration [0-7]: WB  WC  UC- UC  WB  WP  UC- WT  
[    0.002117] found SMP MP-table at [mem 0x0009fff0-0x0009ffff]
[    0.092205] check: Scanning 1 areas for low memory corruption
[    0.092413] RAMDISK: [mem 0x32271000-0x3512ffff]
[    0.092423] ACPI: Early table checksum verification disabled
[    0.092427] ACPI: RSDP 0x00000000000E0000 000024 (v02 VBOX  )
[    0.092433] ACPI: XSDT 0x000000007FFF0030 00003C (v01 VBOX   VBOXXSDT 00000001 ASL  00000061)
[    0.092440] ACPI: FACP 0x000000007FFF00F0 0000F4 (v04 VBOX   VBOXFACP 00000001 ASL  00000061)
[    0.092446] ACPI: DSDT 0x000000007FFF02E0 002353 (v02 VBOX   VBOXBIOS 00000002 VBOX 00029BF3)
[    0.092450] ACPI: FACS 0x000000007FFF0200 000040
[    0.092454] ACPI: FACS 0x000000007FFF0200 000040
[    0.092457] ACPI: APIC 0x000000007FFF0240 000054 (v02 VBOX   VBOXAPIC 00000001 ASL  00000061)
[    0.092461] ACPI: SSDT 0x000000007FFF02A0 000038 (v01 VBOX   VBOXCPUT 00000002 VBOX 00029BF3)
[    0.092464] ACPI: Reserving FACP table memory at [mem 0x7fff00f0-0x7fff01e3]
[    0.092465] ACPI: Reserving DSDT table memory at [mem 0x7fff02e0-0x7fff2632]
[    0.092466] ACPI: Reserving FACS table memory at [mem 0x7fff0200-0x7fff023f]
[    0.092466] ACPI: Reserving FACS table memory at [mem 0x7fff0200-0x7fff023f]
[    0.092467] ACPI: Reserving APIC table memory at [mem 0x7fff0240-0x7fff0293]
[    0.092468] ACPI: Reserving SSDT table memory at [mem 0x7fff02a0-0x7fff02d7]
[    0.092482] ACPI: Local APIC address 0xfee00000
[    0.092668] No NUMA configuration found
[    0.092670] Faking a node at [mem 0x0000000000000000-0x000000007ffeffff]
[    0.092680] NODE_DATA(0) allocated [mem 0x7ffc5000-0x7ffeffff]
[    0.092942] Zone ranges:
[    0.092943]   DMA      [mem 0x0000000000001000-0x0000000000ffffff]
[    0.092944]   DMA32    [mem 0x0000000001000000-0x000000007ffeffff]
[    0.092944]   Normal   empty
[    0.092945]   Device   empty
[    0.092946] Movable zone start for each node
[    0.092948] Early memory node ranges
[    0.092949]   node   0: [mem 0x0000000000001000-0x000000000009efff]
[    0.092949]   node   0: [mem 0x0000000000100000-0x000000007ffeffff]
[    0.092952] Zeroed struct page in unavailable ranges: 114 pages
[    0.092953] Initmem setup node 0 [mem 0x0000000000001000-0x000000007ffeffff]
[    0.092954] On node 0 totalpages: 524174
[    0.092956]   DMA zone: 64 pages used for memmap
[    0.092956]   DMA zone: 21 pages reserved
[    0.092957]   DMA zone: 3998 pages, LIFO batch:0
[    0.093029]   DMA32 zone: 8128 pages used for memmap
[    0.093029]   DMA32 zone: 520176 pages, LIFO batch:63
[    0.102148] ACPI: PM-Timer IO Port: 0x4008
[    0.102151] ACPI: Local APIC address 0xfee00000
[    0.102217] IOAPIC[0]: apic_id 1, version 32, address 0xfec00000, GSI 0-23
[    0.102220] ACPI: INT_SRC_OVR (bus 0 bus_irq 0 global_irq 2 dfl dfl)
[    0.102222] ACPI: INT_SRC_OVR (bus 0 bus_irq 9 global_irq 9 low level)
[    0.102224] ACPI: IRQ0 used by override.
[    0.102225] ACPI: IRQ9 used by override.
[    0.102227] Using ACPI (MADT) for SMP configuration information
[    0.102233] smpboot: Allowing 1 CPUs, 0 hotplug CPUs
[    0.102256] PM: Registered nosave memory: [mem 0x00000000-0x00000fff]
[    0.102257] PM: Registered nosave memory: [mem 0x0009f000-0x0009ffff]
[    0.102258] PM: Registered nosave memory: [mem 0x000a0000-0x000effff]
[    0.102259] PM: Registered nosave memory: [mem 0x000f0000-0x000fffff]
[    0.102260] [mem 0x80000000-0xfebfffff] available for PCI devices
[    0.102261] Booting paravirtualized kernel on KVM
[    0.102264] clocksource: refined-jiffies: mask: 0xffffffff max_cycles: 0xffffffff, max_idle_ns: 7645519600211568 ns
[    0.102270] setup_percpu: NR_CPUS:8192 nr_cpumask_bits:1 nr_cpu_ids:1 nr_node_ids:1
[    0.103307] percpu: Embedded 60 pages/cpu s208896 r8192 d28672 u2097152
[    0.103312] pcpu-alloc: s208896 r8192 d28672 u2097152 alloc=1*2097152
[    0.103313] pcpu-alloc: [0] 0 
[    0.103340] Built 1 zonelists, mobility grouping on.  Total pages: 515961
[    0.103341] Policy zone: DMA32
[    0.103342] Kernel command line: BOOT_IMAGE=/boot/vmlinuz-5.4.243-mptcp root=UUID=98415a12-53b7-4144-8265-0f7ece09e445 ro quiet splash
[    0.104216] Dentry cache hash table entries: 262144 (order: 9, 2097152 bytes, linear)
[    0.104366] Inode-cache hash table entries: 131072 (order: 8, 1048576 bytes, linear)
[    0.104416] mem auto-init: stack:off, heap alloc:on, heap free:off
[    0.104418] Calgary: detecting Calgary via BIOS EBDA area
[    0.104419] Calgary: Unable to locate Rio Grande table in EBDA - bailing!
[    0.108642] Memory: 1967332K/2096696K available (14339K kernel code, 2398K rwdata, 4712K rodata, 2728K init, 17260K bss, 129364K reserved, 0K cma-reserved)
[    0.109567] SLUB: HWalign=64, Order=0-3, MinObjects=0, CPUs=1, Nodes=1
[    0.109584] ftrace: allocating 43186 entries in 169 pages
[    0.127766] rcu: Hierarchical RCU implementation.
[    0.127767] rcu: 	RCU restricting CPUs from NR_CPUS=8192 to nr_cpu_ids=1.
[    0.127769] 	Tasks RCU enabled.
[    0.127770] rcu: RCU calculated value of scheduler-enlistment delay is 25 jiffies.
[    0.127770] rcu: Adjusting geometry for rcu_fanout_leaf=16, nr_cpu_ids=1
[    0.130737] NR_IRQS: 524544, nr_irqs: 256, preallocated irqs: 16
[    0.130950] random: crng init done
[    0.140240] Console: colour VGA+ 80x25
[    0.140246] printk: console [tty0] enabled
[    0.140267] ACPI: Core revision 20190816
[    0.140366] APIC: Switch to symmetric I/O mode setup
[    0.140616] x2apic enabled
[    0.140851] Switched APIC routing to physical x2apic.
[    0.141978] ..TIMER: vector=0x30 apic1=0 pin1=2 apic2=-1 pin2=-1
[    0.142004] clocksource: tsc-early: mask: 0xffffffffffffffff max_cycles: 0x1e4530a99b6, max_idle_ns: 440795257976 ns
[    0.142010] Calibrating delay loop (skipped) preset value.. 4200.00 BogoMIPS (lpj=8400000)
[    0.142012] pid_max: default: 32768 minimum: 301
[    0.142040] LSM: Security Framework initializing
[    0.142049] Yama: becoming mindful.
[    0.142075] AppArmor: AppArmor initialized
[    0.142108] Mount-cache hash table entries: 4096 (order: 3, 32768 bytes, linear)
[    0.142113] Mountpoint-cache hash table entries: 4096 (order: 3, 32768 bytes, linear)
[    0.142123] *** VALIDATE tmpfs ***
[    0.142260] *** VALIDATE proc ***
[    0.142301] *** VALIDATE cgroup1 ***
[    0.142303] *** VALIDATE cgroup2 ***
[    0.142461] process: using mwait in idle threads
[    0.142466] Last level iTLB entries: 4KB 64, 2MB 8, 4MB 8
[    0.142466] Last level dTLB entries: 4KB 64, 2MB 0, 4MB 0, 1GB 4
[    0.142487] Spectre V1 : Mitigation: usercopy/swapgs barriers and __user pointer sanitization
[    0.142492] Spectre V2 : Mitigation: Retpolines
[    0.142493] Spectre V2 : Spectre v2 / SpectreRSB mitigation: Filling RSB on context switch
[    0.142493] Spectre V2 : Spectre v2 / SpectreRSB : Filling RSB on VMEXIT
[    0.142494] RETBleed: WARNING: Spectre v2 mitigation leaves CPU vulnerable to RETBleed attacks, data leaks possible!
[    0.142850] RETBleed: Vulnerable
[    0.142850] Speculative Store Bypass: Vulnerable
[    0.142855] TAA: Mitigation: TSX disabled
[    0.142855] MMIO Stale Data: Mitigation: Clear CPU buffers
[    0.147129] Freeing SMP alternatives memory: 40K
[    0.259215] smpboot: CPU0: Intel(R) Xeon(R) Silver 4216 CPU @ 2.10GHz (family: 0x6, model: 0x55, stepping: 0x7)
[    0.259360] Performance Events: unsupported p6 CPU model 85 no PMU driver, software events only.
[    0.259397] rcu: Hierarchical SRCU implementation.
[    0.259898] NMI watchdog: Perf NMI watchdog permanently disabled
[    0.259938] smp: Bringing up secondary CPUs ...
[    0.259939] smp: Brought up 1 node, 1 CPU
[    0.259940] smpboot: Max logical packages: 1
[    0.259941] smpboot: Total of 1 processors activated (4200.00 BogoMIPS)
[    0.260917] devtmpfs: initialized
[    0.260965] x86/mm: Memory block size: 128MB
[    0.261313] clocksource: jiffies: mask: 0xffffffff max_cycles: 0xffffffff, max_idle_ns: 7645041785100000 ns
[    0.261319] futex hash table entries: 256 (order: 2, 16384 bytes, linear)
[    0.261362] pinctrl core: initialized pinctrl subsystem
[    0.261465] PM: RTC time: 09:19:29, date: 2026-01-13
[    0.261572] NET: Registered protocol family 16
[    0.261646] audit: initializing netlink subsys (disabled)
[    0.261773] EISA bus registered
[    0.261774] cpuidle: using governor ladder
[    0.261775] cpuidle: using governor menu
[    0.261812] ACPI: bus type PCI registered
[    0.261814] acpiphp: ACPI Hot Plug PCI Controller Driver version: 0.5
[    0.261920] PCI: Using configuration type 1 for base access
[    0.262476] audit: type=2000 audit(1768267176.136:1): state=initialized audit_enabled=0 res=1
[    0.262555] HugeTLB registered 2.00 MiB page size, pre-allocated 0 pages
[    0.263387] ACPI: Added _OSI(Module Device)
[    0.263388] ACPI: Added _OSI(Processor Device)
[    0.263389] ACPI: Added _OSI(3.0 _SCP Extensions)
[    0.263389] ACPI: Added _OSI(Processor Aggregator Device)
[    0.263390] ACPI: Added _OSI(Linux-Dell-Video)
[    0.263391] ACPI: Added _OSI(Linux-Lenovo-NV-HDMI-Audio)
[    0.263392] ACPI: Added _OSI(Linux-HPI-Hybrid-Graphics)
[    0.265344] ACPI: 2 ACPI AML tables successfully acquired and loaded
[    0.266881] ACPI: Interpreter enabled
[    0.266891] ACPI: (supports S0 S5)
[    0.266892] ACPI: Using IOAPIC for interrupt routing
[    0.267098] PCI: Using host bridge windows from ACPI; if necessary, use "pci=nocrs" and report a bug
[    0.267202] ACPI: Enabled 2 GPEs in block 00 to 07
[    0.272180] ACPI: PCI Root Bridge [PCI0] (domain 0000 [bus 00-ff])
[    0.272185] acpi PNP0A03:00: _OSC: OS supports [ASPM ClockPM Segments MSI HPX-Type3]
[    0.272630] acpi PNP0A03:00: _OSC: not requesting OS control; OS requires [ExtendedConfig ASPM ClockPM MSI]
[    0.272638] acpi PNP0A03:00: fail to add MMCONFIG information, can't access extended PCI configuration space under this bridge.
[    0.273008] PCI host bridge to bus 0000:00
[    0.273010] pci_bus 0000:00: root bus resource [io  0x0000-0x0cf7 window]
[    0.273011] pci_bus 0000:00: root bus resource [io  0x0d00-0xffff window]
[    0.273012] pci_bus 0000:00: root bus resource [mem 0x000a0000-0x000bffff window]
[    0.273013] pci_bus 0000:00: root bus resource [mem 0x80000000-0xfdffffff window]
[    0.273014] pci_bus 0000:00: root bus resource [bus 00-ff]
[    0.273061] pci 0000:00:00.0: [8086:1237] type 00 class 0x060000
[    0.274022] pci 0000:00:01.0: [8086:7000] type 00 class 0x060100
[    0.274854] pci 0000:00:01.1: [8086:7111] type 00 class 0x01018a
[    0.275282] pci 0000:00:01.1: reg 0x20: [io  0xd000-0xd00f]
[    0.275442] pci 0000:00:01.1: legacy IDE quirk: reg 0x10: [io  0x01f0-0x01f7]
[    0.275443] pci 0000:00:01.1: legacy IDE quirk: reg 0x14: [io  0x03f6]
[    0.275444] pci 0000:00:01.1: legacy IDE quirk: reg 0x18: [io  0x0170-0x0177]
[    0.275445] pci 0000:00:01.1: legacy IDE quirk: reg 0x1c: [io  0x0376]
[    0.276051] pci 0000:00:02.0: [15ad:0405] type 00 class 0x030000
[    0.278089] pci 0000:00:02.0: reg 0x10: [io  0xd010-0xd01f]
[    0.282055] pci 0000:00:02.0: reg 0x14: [mem 0xe0000000-0xe7ffffff pref]
[    0.284747] pci 0000:00:02.0: reg 0x18: [mem 0xf0000000-0xf01fffff]
[    0.296850] pci 0000:00:03.0: [1022:2000] type 00 class 0x020000
[    0.298168] pci 0000:00:03.0: reg 0x10: [io  0xd020-0xd03f]
[    0.298874] pci 0000:00:03.0: reg 0x14: [mem 0xf0200000-0xf0200fff]
[    0.302779] pci 0000:00:04.0: [80ee:cafe] type 00 class 0x088000
[    0.303530] pci 0000:00:04.0: reg 0x10: [io  0xd040-0xd05f]
[    0.304174] pci 0000:00:04.0: reg 0x14: [mem 0xf0400000-0xf07fffff]
[    0.304816] pci 0000:00:04.0: reg 0x18: [mem 0xf0800000-0xf0803fff pref]
[    0.308698] pci 0000:00:07.0: [8086:7113] type 00 class 0x068000
[    0.309336] pci 0000:00:07.0: quirk: [io  0x4000-0x403f] claimed by PIIX4 ACPI
[    0.309349] pci 0000:00:07.0: quirk: [io  0x4100-0x410f] claimed by PIIX4 SMB
[    0.310072] pci 0000:00:08.0: [8086:100e] type 00 class 0x020000
[    0.310831] pci 0000:00:08.0: reg 0x10: [mem 0xf0820000-0xf083ffff]
[    0.312022] pci 0000:00:08.0: reg 0x18: [io  0xd060-0xd067]
[    0.315092] pci 0000:00:09.0: [8086:100e] type 00 class 0x020000
[    0.315818] pci 0000:00:09.0: reg 0x10: [mem 0xf0840000-0xf085ffff]
[    0.317060] pci 0000:00:09.0: reg 0x18: [io  0xd068-0xd06f]
[    0.331031] ACPI: PCI Interrupt Link [LNKA] (IRQs 5 9 10 *11)
[    0.331455] ACPI: PCI Interrupt Link [LNKB] (IRQs 5 9 *10 11)
[    0.331609] ACPI: PCI Interrupt Link [LNKC] (IRQs 5 *9 10 11)
[    0.331752] ACPI: PCI Interrupt Link [LNKD] (IRQs 5 9 10 *11)
[    0.332120] iommu: Default domain type: Translated 
[    0.332201] pci 0000:00:02.0: vgaarb: setting as boot VGA device
[    0.332203] pci 0000:00:02.0: vgaarb: VGA device added: decodes=io+mem,owns=io+mem,locks=none
[    0.332206] pci 0000:00:02.0: vgaarb: bridge control possible
[    0.332207] vgaarb: loaded
[    0.332505] SCSI subsystem initialized
[    0.332554] libata version 3.00 loaded.
[    0.332587] ACPI: bus type USB registered
[    0.332609] usbcore: registered new interface driver usbfs
[    0.332617] usbcore: registered new interface driver hub
[    0.332623] usbcore: registered new device driver usb
[    0.332662] pps_core: LinuxPPS API ver. 1 registered
[    0.332663] pps_core: Software ver. 5.3.6 - Copyright 2005-2007 Rodolfo Giometti <giometti@linux.it>
[    0.332666] PTP clock support registered
[    0.332716] EDAC MC: Ver: 3.0.0
[    0.333113] PCI: Using ACPI for IRQ routing
[    0.333114] PCI: pci_cache_line_size set to 64 bytes
[    0.333344] e820: reserve RAM buffer [mem 0x0009fc00-0x0009ffff]
[    0.333349] e820: reserve RAM buffer [mem 0x7fff0000-0x7fffffff]
[    0.334031] NetLabel: Initializing
[    0.334032] NetLabel:  domain hash size = 128
[    0.334032] NetLabel:  protocols = UNLABELED CIPSOv4 CALIPSO
[    0.334060] NetLabel:  unlabeled traffic allowed by default
[    0.335251] clocksource: Switched to clocksource kvm-clock
[    0.352848] *** VALIDATE bpf ***
[    0.352848] VFS: Disk quotas dquot_6.6.0
[    0.352848] VFS: Dquot-cache hash table entries: 512 (order 0, 4096 bytes)
[    0.352848] *** VALIDATE ramfs ***
[    0.352848] *** VALIDATE hugetlbfs ***
[    0.352848] AppArmor: AppArmor Filesystem Enabled
[    0.352848] pnp: PnP ACPI init
[    0.352848] pnp 00:00: Plug and Play ACPI device, IDs PNP0303 (active)
[    0.354658] pnp 00:01: Plug and Play ACPI device, IDs PNP0f03 (active)
[    0.355752] pnp: PnP ACPI: found 2 devices
[    0.357064] thermal_sys: Registered thermal governor 'fair_share'
[    0.357065] thermal_sys: Registered thermal governor 'bang_bang'
[    0.357066] thermal_sys: Registered thermal governor 'step_wise'
[    0.357067] thermal_sys: Registered thermal governor 'user_space'
[    0.357068] thermal_sys: Registered thermal governor 'power_allocator'
[    0.361591] clocksource: acpi_pm: mask: 0xffffff max_cycles: 0xffffff, max_idle_ns: 2085701024 ns
[    0.361635] pci_bus 0000:00: resource 4 [io  0x0000-0x0cf7 window]
[    0.361637] pci_bus 0000:00: resource 5 [io  0x0d00-0xffff window]
[    0.361638] pci_bus 0000:00: resource 6 [mem 0x000a0000-0x000bffff window]
[    0.361640] pci_bus 0000:00: resource 7 [mem 0x80000000-0xfdffffff window]
[    0.361706] NET: Registered protocol family 2
[    0.361801] IP idents hash table entries: 32768 (order: 6, 262144 bytes, linear)
[    0.362216] MPTCP tokens hash table entries: 8192 (order: 4, 65536 bytes, linear)
[    0.362236] MPTCP request tokens hash table entries: 8192 (order: 4, 65536 bytes, linear)
[    0.362262] default registered
[    0.362262] default registered
[    0.362263] MPTCP: Stable release v0.96
[    0.362268] tcp_listen_portaddr_hash hash table entries: 1024 (order: 2, 16384 bytes, linear)
[    0.362352] TCP established hash table entries: 16384 (order: 5, 131072 bytes, linear)
[    0.362420] TCP bind hash table entries: 16384 (order: 6, 262144 bytes, linear)
[    0.362445] TCP: Hash tables configured (established 16384 bind 16384)
[    0.363180] UDP hash table entries: 1024 (order: 3, 32768 bytes, linear)
[    0.363192] UDP-Lite hash table entries: 1024 (order: 3, 32768 bytes, linear)
[    0.363227] NET: Registered protocol family 1
[    0.363235] NET: Registered protocol family 44
[    0.363255] pci 0000:00:00.0: Limiting direct PCI/PCI transfers
[    0.363271] pci 0000:00:01.0: Activating ISA DMA hang workarounds
[    0.363325] pci 0000:00:02.0: Video device with shadowed ROM at [mem 0x000c0000-0x000dffff]
[    0.363390] PCI: CLS 0 bytes, default 64
[    0.363436] Trying to unpack rootfs image as initramfs...
[    0.535657] Freeing initrd memory: 47868K
[    0.535657] clocksource: tsc: mask: 0xffffffffffffffff max_cycles: 0x1e4530a99b6, max_idle_ns: 440795257976 ns
[    0.535657] clocksource: Switched to clocksource tsc
[    0.535657] platform rtc_cmos: registered platform RTC device (no PNP device found)
[    0.535657] check: Scanning for low memory corruption every 60 seconds
[    0.535657] Initialise system trusted keyrings
[    0.535657] Key type blacklist registered
[    0.535657] workingset: timestamp_bits=36 max_order=19 bucket_order=0
[    0.535657] zbud: loaded
[    0.535657] squashfs: version 4.0 (2009/01/31) Phillip Lougher
[    0.535657] fuse: init (API version 7.31)
[    0.535657] *** VALIDATE fuse ***
[    0.535657] *** VALIDATE fuse ***
[    0.535657] Platform Keyring initialized
[    0.535657] Key type asymmetric registered
[    0.535657] Asymmetric key parser 'x509' registered
[    0.535657] Block layer SCSI generic (bsg) driver version 0.4 loaded (major 244)
[    0.535657] io scheduler mq-deadline registered
[    0.535657] shpchp: Standard Hot Plug PCI Controller Driver version: 0.4
[    0.549953] ACPI: AC Adapter [AC] (on-line)
[    0.550000] input: Power Button as /devices/LNXSYSTM:00/LNXPWRBN:00/input/input0
[    0.550027] ACPI: Power Button [PWRF]
[    0.550107] input: Sleep Button as /devices/LNXSYSTM:00/LNXSLPBN:00/input/input1
[    0.550122] ACPI: Sleep Button [SLPF]
[    0.550361] Serial: 8250/16550 driver, 32 ports, IRQ sharing enabled
[    0.551548] Linux agpgart interface v0.103
[    0.647114] loop: module loaded
[    0.647269] ata_piix 0000:00:01.1: version 2.13
[    0.647676] scsi host0: ata_piix
[    0.647766] scsi host1: ata_piix
[    0.647792] ata1: PATA max UDMA/33 cmd 0x1f0 ctl 0x3f6 bmdma 0xd000 irq 14
[    0.647793] ata2: PATA max UDMA/33 cmd 0x170 ctl 0x376 bmdma 0xd008 irq 15
[    0.647876] tun: Universal TUN/TAP device driver, 1.6
[    0.648193] PPP generic driver version 2.4.2
[    0.648239] VFIO - User Level meta-driver version: 0.3
[    0.648481] ehci_hcd: USB 2.0 'Enhanced' Host Controller (EHCI) Driver
[    0.648486] ehci-pci: EHCI PCI platform driver
[    0.648501] ehci-platform: EHCI generic platform driver
[    0.648507] ohci_hcd: USB 1.1 'Open' Host Controller (OHCI) Driver
[    0.648509] ohci-pci: OHCI PCI platform driver
[    0.648515] ohci-platform: OHCI generic platform driver
[    0.648520] uhci_hcd: USB Universal Host Controller Interface driver
[    0.648584] i8042: PNP: PS/2 Controller [PNP0303:PS2K,PNP0f03:PS2M] at 0x60,0x64 irq 1,12
[    0.649023] serio: i8042 KBD port at 0x60,0x64 irq 1
[    0.649027] serio: i8042 AUX port at 0x60,0x64 irq 12
[    0.649114] mousedev: PS/2 mouse device common for all mice
[    0.649365] input: AT Translated Set 2 keyboard as /devices/platform/i8042/serio0/input/input2
[    0.649764] rtc_cmos rtc_cmos: registered as rtc0
[    0.649781] rtc_cmos rtc_cmos: alarms up to one day, 114 bytes nvram
[    0.649787] i2c /dev entries driver
[    0.649840] device-mapper: uevent: version 1.0.3
[    0.649914] device-mapper: ioctl: 4.41.0-ioctl (2019-09-16) initialised: dm-devel@redhat.com
[    0.649937] platform eisa.0: Probing EISA bus 0
[    0.649938] platform eisa.0: EISA: Cannot allocate resource for mainboard
[    0.649940] platform eisa.0: Cannot allocate resource for EISA slot 1
[    0.649942] platform eisa.0: Cannot allocate resource for EISA slot 2
[    0.649943] platform eisa.0: Cannot allocate resource for EISA slot 3
[    0.649945] platform eisa.0: Cannot allocate resource for EISA slot 4
[    0.649947] platform eisa.0: Cannot allocate resource for EISA slot 5
[    0.649948] platform eisa.0: Cannot allocate resource for EISA slot 6
[    0.649950] platform eisa.0: Cannot allocate resource for EISA slot 7
[    0.649951] platform eisa.0: Cannot allocate resource for EISA slot 8
[    0.649952] platform eisa.0: EISA: Detected 0 cards
[    0.649956] intel_pstate: CPU model not supported
[    0.649966] ledtrig-cpu: registered to indicate activity on CPUs
[    0.650025] drop_monitor: Initializing network drop monitor service
[    0.650196] NET: Registered protocol family 10
[    0.655210] Segment Routing with IPv6
[    0.655210] fullmesh registered
[    0.655210] ndiffports registered
[    0.655210] binder registered
[    0.655210] roundrobin registered
[    0.655210] redundant registered
[    0.655210] blest registered
[    0.655210] ecf registered
[    0.655210] NET: Registered protocol family 17
[    0.655210] Key type dns_resolver registered
[    0.655210] RAS: Correctable Errors collector initialized.
[    0.655210] IPI shorthand broadcast: enabled
[    0.655210] sched_clock: Marking stable (640143964, 11066102)->(651916521, -706455)
[    0.655692] registered taskstats version 1
[    0.655702] Loading compiled-in X.509 certificates
[    0.656303] Loaded X.509 cert 'Build time autogenerated kernel key: 6909f3744cebb3d0de528d5887b96a727de79b1e'
[    0.656322] zswap: loaded using pool lzo/zbud
[    0.656377] Key type ._fscrypt registered
[    0.656378] Key type .fscrypt registered
[    0.660865] Key type big_key registered
[    0.663097] Key type encrypted registered
[    0.663099] AppArmor: AppArmor sha1 policy hashing enabled
[    0.663106] ima: No TPM chip found, activating TPM-bypass!
[    0.663110] ima: Allocated hash algorithm: sha1
[    0.663116] ima: No architecture policies found
[    0.663125] evm: Initialising EVM extended attributes:
[    0.663125] evm: security.selinux
[    0.663126] evm: security.SMACK64
[    0.663126] evm: security.SMACK64EXEC
[    0.663127] evm: security.SMACK64TRANSMUTE
[    0.663127] evm: security.SMACK64MMAP
[    0.663128] evm: security.apparmor
[    0.663128] evm: security.ima
[    0.663129] evm: security.capability
[    0.663129] evm: HMAC attrs: 0x1
[    0.663423] PM:   Magic number: 10:170:323
[    0.663441] tty tty48: hash matches
[    0.663530] rtc_cmos rtc_cmos: setting system clock to 2026-01-13T09:19:30 UTC (1768295970)
[    0.818734] ata1.00: ATA-6: VBOX HARDDISK, 1.0, max UDMA/133
[    0.818736] ata1.00: 209715200 sectors, multi 128: LBA 
[    0.819173] scsi 0:0:0:0: Direct-Access     ATA      VBOX HARDDISK    1.0  PQ: 0 ANSI: 5
[    0.819349] sd 0:0:0:0: [sda] 209715200 512-byte logical blocks: (107 GB/100 GiB)
[    0.819356] sd 0:0:0:0: [sda] Write Protect is off
[    0.819357] sd 0:0:0:0: [sda] Mode Sense: 00 3a 00 00
[    0.819370] sd 0:0:0:0: [sda] Write cache: enabled, read cache: enabled, doesn't support DPO or FUA
[    0.819561] sd 0:0:0:0: Attached scsi generic sg0 type 0
[    0.820317]  sda: sda1 sda2
[    0.831198] sd 0:0:0:0: [sda] Attached SCSI disk
[    0.833036] Freeing unused decrypted memory: 2040K
[    0.833814] Freeing unused kernel image memory: 2728K
[    0.833817] Write protecting the kernel read-only data: 22528k
[    0.834498] Freeing unused kernel image memory: 2036K
[    0.834888] Freeing unused kernel image memory: 1432K
[    0.848701] x86/mm: Checked W+X mappings: passed, no W+X pages found.
[    0.848706] Run /init as init process
[    0.940758] ACPI: Video Device [GFX0] (multi-head: yes  rom: no  post: no)
[    0.940834] input: Video Bus as /devices/LNXSYSTM:00/LNXSYBUS:00/PNP0A03:00/LNXVIDEO:00/input/input4
[    0.953767] pcnet32: pcnet32.c:v1.35 21.Apr.2008 tsbogend@alpha.franken.de
[    0.955749] piix4_smbus 0000:00:07.0: SMBus Host Controller at 0x4100, revision 0
[    0.960262] e1000: Intel(R) PRO/1000 Network Driver - version 7.3.21-k8-NAPI
[    0.960263] e1000: Copyright (c) 1999-2006 Intel Corporation.
[    0.968217] pcnet32: PCnet/FAST III 79C973 at 0xd020, 08:00:27:ed:30:07 assigned IRQ 19
[    0.968265] pcnet32: Found PHY 0022:561b at address 0
[    0.968569] pcnet32: eth0: registered as PCnet/FAST III 79C973
[    0.977188] pcnet32: 1 cards_found
[    1.037992] pcnet32 0000:00:03.0 enp0s3: renamed from eth0
[    1.178465] input: ImExPS/2 Generic Explorer Mouse as /devices/platform/i8042/serio1/input/input5
[    1.375361] e1000 0000:00:08.0 eth0: (PCI:33MHz:32-bit) 08:00:27:f6:a4:05
[    1.375365] e1000 0000:00:08.0 eth0: Intel(R) PRO/1000 Network Connection
[    1.747452] e1000 0000:00:09.0 eth1: (PCI:33MHz:32-bit) 08:00:27:f3:11:2d
[    1.747455] e1000 0000:00:09.0 eth1: Intel(R) PRO/1000 Network Connection
[    1.748607] e1000 0000:00:09.0 enp0s9: renamed from eth1
[    1.750374] e1000 0000:00:08.0 enp0s8: renamed from eth0
[    1.896743] EXT4-fs (sda2): mounted filesystem with ordered data mode. Opts: (null)
[    1.981264] systemd[1]: Inserted module 'autofs4'
[    1.992217] systemd[1]: systemd 245.4-4ubuntu3 running in system mode. (+PAM +AUDIT +SELINUX +IMA +APPARMOR +SMACK +SYSVINIT +UTMP +LIBCRYPTSETUP +GCRYPT +GNUTLS +ACL +XZ +LZ4 +SECCOMP +BLKID +ELFUTILS +KMOD +IDN2 -IDN +PCRE2 default-hierarchy=hybrid)
[    1.992250] systemd[1]: Detected virtualization oracle.
[    1.992253] systemd[1]: Detected architecture x86-64.
[    1.993551] systemd[1]: Set hostname to <ztg>.
[    2.120636] systemd[1]: /lib/systemd/system/dbus.socket:5: ListenStream= references a path below legacy directory /var/run/, updating /var/run/dbus/system_bus_socket â†’ /run/dbus/system_bus_socket; please update the unit file accordingly.
[    2.172571] systemd[1]: Created slice system-modprobe.slice.
[    2.172755] systemd[1]: Created slice User and Session Slice.
[    2.172800] systemd[1]: Started Forward Password Requests to Wall Directory Watch.
[    2.172964] systemd[1]: Set up automount Arbitrary Executable File Formats File System Automount Point.
[    2.172999] systemd[1]: Reached target User and Group Name Lookups.
[    2.173008] systemd[1]: Reached target Remote File Systems.
[    2.173016] systemd[1]: Reached target Slices.
[    2.173507] systemd[1]: Listening on Syslog Socket.
[    2.173575] systemd[1]: Listening on fsck to fsckd communication Socket.
[    2.173614] systemd[1]: Listening on initctl Compatibility Named Pipe.
[    2.173777] systemd[1]: Listening on Journal Audit Socket.
[    2.173832] systemd[1]: Listening on Journal Socket (/dev/log).
[    2.173901] systemd[1]: Listening on Journal Socket.
[    2.173967] systemd[1]: Listening on udev Control Socket.
[    2.174005] systemd[1]: Listening on udev Kernel Socket.
[    2.174784] systemd[1]: Mounting Huge Pages File System...
[    2.175806] systemd[1]: Mounting POSIX Message Queue File System...
[    2.176754] systemd[1]: Mounting Kernel Debug File System...
[    2.177598] systemd[1]: Mounting Kernel Trace File System...
[    2.180109] systemd[1]: Starting Journal Service...
[    2.204047] systemd[1]: Starting Set the console keyboard layout...
[    2.212444] systemd[1]: Starting Create list of static device nodes for the current kernel...
[    2.214486] systemd[1]: Starting Load Kernel Module drm...
[    2.215503] systemd[1]: Condition check resulted in Set Up Additional Binary Formats being skipped.
[    2.215582] systemd[1]: Condition check resulted in File System Check on Root Device being skipped.
[    2.227999] systemd[1]: Starting Load Kernel Modules...
[    2.234885] systemd[1]: Starting Remount Root and Kernel File Systems...
[    2.241000] systemd[1]: Starting udev Coldplug all Devices...
[    2.259908] systemd[1]: Starting Uncomplicated firewall...
[    2.261503] systemd[1]: Mounted Huge Pages File System.
[    2.261593] systemd[1]: Mounted POSIX Message Queue File System.
[    2.261666] systemd[1]: Mounted Kernel Debug File System.
[    2.261734] systemd[1]: Mounted Kernel Trace File System.
[    2.262211] EXT4-fs (sda2): re-mounted. Opts: errors=remount-ro
[    2.272601] systemd[1]: Finished Create list of static device nodes for the current kernel.
[    2.273491] systemd[1]: modprobe@drm.service: Succeeded.
[    2.276441] systemd[1]: Finished Load Kernel Module drm.
[    2.279500] systemd[1]: Finished Remount Root and Kernel File Systems.
[    2.279868] systemd[1]: Finished Uncomplicated firewall.
[    2.283504] systemd[1]: Condition check resulted in Rebuild Hardware Database being skipped.
[    2.283542] systemd[1]: Condition check resulted in Platform Persistent Storage Archival being skipped.
[    2.287669] systemd[1]: Starting Load/Save Random Seed...
[    2.300368] systemd[1]: Starting Create System Users...
[    2.302164] lp: driver loaded but no devices found
[    2.313160] systemd[1]: Finished Load/Save Random Seed.
[    2.333678] ppdev: user-space parallel port driver
[    2.340458] systemd[1]: Finished Create System Users.
[    2.341241] systemd[1]: Starting Create Static Device Nodes in /dev...
[    2.372313] systemd[1]: Finished Create Static Device Nodes in /dev.
[    2.373230] systemd[1]: Starting udev Kernel Device Manager...
[    2.428155] [drm] DMA map mode: Caching DMA mappings.
[    2.428217] [drm] Capabilities:
[    2.428217] [drm]   Rect copy.
[    2.428218] [drm]   Cursor.
[    2.428218] [drm]   Cursor bypass.
[    2.428218] [drm]   Cursor bypass 2.
[    2.428219] [drm]   Alpha cursor.
[    2.428219] [drm]   Extended Fifo.
[    2.428220] [drm]   Pitchlock.
[    2.428220] [drm]   Irq mask.
[    2.428220] [drm]   GMR.
[    2.428221] [drm]   Traces.
[    2.428221] [drm]   GMR2.
[    2.428221] [drm]   Screen Object 2.
[    2.428222] [drm]   Command Buffers.
[    2.428222] [drm]   Command Buffers 2.
[    2.428223] [drm]   Guest Backed Resources.
[    2.428224] [drm] Max GMR ids is 8192
[    2.428224] [drm] Max number of GMR pages is 1048576
[    2.428225] [drm] Max dedicated hypervisor surface memory is 393216 kiB
[    2.428225] [drm] Maximum display memory size is 131072 kiB
[    2.428226] [drm] VRAM at 0xe0000000 size is 131072 kiB
[    2.428227] [drm] MMIO at 0xf0000000 size is 2048 kiB
[    2.431499] systemd[1]: Finished udev Coldplug all Devices.
[    2.434259] [TTM] Zone  kernel: Available graphics memory: 1011738 KiB
[    2.434260] [TTM] Initializing pool allocator
[    2.434266] [TTM] Initializing DMA pool allocator
[    2.434295] [drm] Supports vblank timestamp caching Rev 2 (21.10.2013).
[    2.434295] [drm] No driver support for vblank timestamp query.
[    2.434528] [drm] Screen Target Display device initialized
[    2.434800] [drm] width 720
[    2.434809] [drm] height 400
[    2.434813] [drm] bpp 32
[    2.435376] [drm] Fifo max 0x00200000 min 0x00001000 cap 0x00000355
[    2.436613] [drm] Using command buffers with DMA pool.
[    2.436617] [drm] DX: no.
[    2.436618] [drm] Atomic: yes.
[    2.436618] [drm] SM4_1: no.
[    2.436641] [drm:vmw_host_log [vmwgfx]] *ERROR* Failed to send host log message.
[    2.437558] [drm:vmw_host_log [vmwgfx]] *ERROR* Failed to send host log message.
[    2.448965] fbcon: svgadrmfb (fb0) is primary device
[    2.451081] Console: switching to colour frame buffer device 100x37
[    2.460592] [drm] Initialized vmwgfx 2.15.0 20180704 for 0000:00:02.0 on minor 0
[    2.462332] systemd[1]: Finished Load Kernel Modules.
[    2.463361] systemd[1]: Mounting FUSE Control File System...
[    2.464643] systemd[1]: Mounting Kernel Configuration File System...
[    2.505580] systemd[1]: Starting Apply Kernel Variables...
[    2.508241] systemd[1]: Mounted FUSE Control File System.
[    2.508314] systemd[1]: Condition check resulted in VMware vmblock fuse mount being skipped.
[    2.509753] systemd[1]: Mounted Kernel Configuration File System.
[    2.524909] systemd[1]: Finished Set the console keyboard layout.
[    2.525052] systemd[1]: Reached target Local File Systems (Pre).
[    2.528387] systemd[1]: Mounting Mount unit for bare, revision 5...
[    2.531603] systemd[1]: Mounting Mount unit for core18, revision 1705...
[    2.551587] systemd[1]: Mounting Mount unit for gnome-3-34-1804, revision 24...
[    2.562079] systemd[1]: Mounting Mount unit for gtk-common-themes, revision 1506...
[    2.572529] systemd[1]: Mounting Mount unit for gtk-common-themes, revision 1535...
[    2.579747] systemd[1]: Mounting Mount unit for snap-store, revision 433...
[    2.598488] systemd[1]: Mounting Mount unit for snapd, revision 25935...
[    2.627786] systemd[1]: Finished Apply Kernel Variables.
[    2.628922] systemd[1]: Started udev Kernel Device Manager.
[    2.629018] systemd[1]: Mounted Mount unit for bare, revision 5.
[    2.629104] systemd[1]: Mounted Mount unit for core18, revision 1705.
[    2.629183] systemd[1]: Mounted Mount unit for gnome-3-34-1804, revision 24.
[    2.633113] systemd[1]: Starting Show Plymouth Boot Screen...
[    2.636839] systemd[1]: Mounted Mount unit for gtk-common-themes, revision 1506.
[    2.637754] systemd[1]: Received SIGRTMIN+20 from PID 283 (plymouthd).
[    2.663014] systemd[1]: Mounted Mount unit for gtk-common-themes, revision 1535.
[    2.663312] systemd[1]: Started Show Plymouth Boot Screen.
[    2.677224] systemd[1]: Condition check resulted in Dispatch Password Requests to Console Directory Watch being skipped.
[    2.677336] systemd[1]: Started Forward Password Requests to Plymouth Directory Watch.
[    2.677424] systemd[1]: Reached target Local Encrypted Volumes.
[    2.711160] systemd[1]: Mounted Mount unit for snap-store, revision 433.
[    2.711426] systemd[1]: Mounted Mount unit for snapd, revision 25935.
[    2.711578] systemd[1]: Reached target Local File Systems.
[    2.714239] systemd[1]: Starting Load AppArmor profiles...
[    2.719814] systemd[1]: Starting Set console font and keymap...
[    2.731342] systemd[1]: Starting Tell Plymouth To Write Out Runtime Data...
[    2.733055] systemd[1]: Condition check resulted in Store a System Token in an EFI Variable being skipped.
[    2.733087] systemd[1]: Condition check resulted in Commit a transient machine-id on disk being skipped.
[    2.733995] systemd[1]: Finished Set console font and keymap.
[    2.743599] systemd[1]: Received SIGRTMIN+20 from PID 283 (plymouthd).
[    2.744516] systemd[1]: plymouth-read-write.service: Succeeded.
[    2.744760] systemd[1]: Finished Tell Plymouth To Write Out Runtime Data.
[    2.774540] audit: type=1400 audit(1768295972.604:2): apparmor="STATUS" operation="profile_load" profile="unconfined" name="nvidia_modprobe" pid=302 comm="apparmor_parser"
[    2.774542] audit: type=1400 audit(1768295972.604:3): apparmor="STATUS" operation="profile_load" profile="unconfined" name="nvidia_modprobe//kmod" pid=302 comm="apparmor_parser"
[    2.784495] audit: type=1400 audit(1768295972.616:4): apparmor="STATUS" operation="profile_load" profile="unconfined" name="/usr/sbin/tcpdump" pid=303 comm="apparmor_parser"
[    2.835335] audit: type=1400 audit(1768295972.660:5): apparmor="STATUS" operation="profile_load" profile="unconfined" name="/usr/bin/evince" pid=305 comm="apparmor_parser"
[    2.835338] audit: type=1400 audit(1768295972.660:6): apparmor="STATUS" operation="profile_load" profile="unconfined" name="/usr/bin/evince//sanitized_helper" pid=305 comm="apparmor_parser"
[    2.835340] audit: type=1400 audit(1768295972.660:7): apparmor="STATUS" operation="profile_load" profile="unconfined" name="/usr/bin/evince-previewer" pid=305 comm="apparmor_parser"
[    2.835341] audit: type=1400 audit(1768295972.660:8): apparmor="STATUS" operation="profile_load" profile="unconfined" name="/usr/bin/evince-previewer//sanitized_helper" pid=305 comm="apparmor_parser"
[    2.835343] audit: type=1400 audit(1768295972.660:9): apparmor="STATUS" operation="profile_load" profile="unconfined" name="/usr/bin/evince-thumbnailer" pid=305 comm="apparmor_parser"
[    2.851184] audit: type=1400 audit(1768295972.680:10): apparmor="STATUS" operation="profile_load" profile="unconfined" name="/usr/lib/cups/backend/cups-pdf" pid=306 comm="apparmor_parser"
[    2.931053] systemd[1]: Finished Load AppArmor profiles.
[    2.932025] systemd[1]: Starting Load AppArmor profiles managed internally by snapd...
[    3.048437] systemd[1]: Finished Load AppArmor profiles managed internally by snapd.
[    3.211819] systemd[1]: Started Journal Service.
[    3.221503] systemd-journald[229]: Received client request to flush runtime journal.
[    3.223650] systemd-journald[229]: File /var/log/journal/c455b248004a419c87ce85eea238d727/system.journal corrupted or uncleanly shut down, renaming and replacing.
[    4.541641] RAPL PMU: API unit is 2^-32 Joules, 0 fixed counters, 10737418240 ms ovfl timer
[    4.601543] cryptd: max_cpu_qlen set to 1000
[    4.665076] AVX2 version of gcm_enc/dec engaged.
[    4.665076] AES CTR mode by8 optimization enabled
[    6.495264] Adding 1998844k swap on /dev/sda1.  Priority:-2 extents:1 across:1998844k FS
[    7.348381] kauditd_printk_skb: 30 callbacks suppressed
[    7.348383] audit: type=1400 audit(1768295977.176:41): apparmor="DENIED" operation="capable" profile="/usr/sbin/cups-browsed" pid=509 comm="cups-browsed" capability=23  capname="sys_nice"
[    8.923567] pcnet32 0000:00:03.0 enp0s3: link up, 100Mbps, full-duplex
[    8.965064] e1000: enp0s8 NIC Link is Up 1000 Mbps Full Duplex, Flow Control: RX
[    8.965357] IPv6: ADDRCONF(NETDEV_CHANGE): enp0s8: link becomes ready
[    8.989818] e1000: enp0s9 NIC Link is Up 1000 Mbps Full Duplex, Flow Control: RX
[    8.990105] IPv6: ADDRCONF(NETDEV_CHANGE): enp0s9: link becomes ready
[    9.640797] device enp0s3 entered promiscuous mode
[    9.683652] audit: type=1400 audit(1768295979.508:42): apparmor="DENIED" operation="open" profile="/usr/sbin/tcpdump" name="/proc/sys/kernel/random/boot_id" pid=623 comm="tcpdump" requested_mask="r" denied_mask="r" fsuid=0 ouid=0
[    9.683876] audit: type=1400 audit(1768295979.508:43): apparmor="DENIED" operation="open" profile="/usr/sbin/tcpdump" name="/proc/sys/kernel/random/boot_id" pid=623 comm="tcpdump" requested_mask="r" denied_mask="r" fsuid=0 ouid=0
[    9.683998] audit: type=1400 audit(1768295979.508:44): apparmor="DENIED" operation="open" profile="/usr/sbin/tcpdump" name="/proc/sys/kernel/random/boot_id" pid=623 comm="tcpdump" requested_mask="r" denied_mask="r" fsuid=0 ouid=0
[    9.684056] audit: type=1400 audit(1768295979.508:45): apparmor="DENIED" operation="open" profile="/usr/sbin/tcpdump" name="/proc/sys/kernel/random/boot_id" pid=623 comm="tcpdump" requested_mask="r" denied_mask="r" fsuid=0 ouid=0
[    9.689174] audit: type=1400 audit(1768295979.524:46): apparmor="DENIED" operation="open" profile="/usr/sbin/tcpdump" name="/proc/sys/kernel/random/boot_id" pid=624 comm="tcpdump" requested_mask="r" denied_mask="r" fsuid=0 ouid=0
[    9.689334] audit: type=1400 audit(1768295979.524:47): apparmor="DENIED" operation="open" profile="/usr/sbin/tcpdump" name="/proc/sys/kernel/random/boot_id" pid=624 comm="tcpdump" requested_mask="r" denied_mask="r" fsuid=0 ouid=0
[    9.689406] audit: type=1400 audit(1768295979.524:48): apparmor="DENIED" operation="open" profile="/usr/sbin/tcpdump" name="/proc/sys/kernel/random/boot_id" pid=624 comm="tcpdump" requested_mask="r" denied_mask="r" fsuid=0 ouid=0
[    9.689488] audit: type=1400 audit(1768295979.524:49): apparmor="DENIED" operation="open" profile="/usr/sbin/tcpdump" name="/proc/sys/kernel/random/boot_id" pid=624 comm="tcpdump" requested_mask="r" denied_mask="r" fsuid=0 ouid=0
[   15.719587] rfkill: input handler disabled
[  220.083929] AAAAA-TCP_FORW: name:enp0s3: saddr:16783984: daddr:100932208
[  220.199861] AAAAA-TCP_FORW: name:enp0s3: saddr:16783984: daddr:100932208
[  249.556721] AAAAA-TCP_FORW: name:enp0s3: saddr:33561200: daddr:100932208
[  249.728947] AAAAA-TCP_FORW: name:enp0s3: saddr:16783984: daddr:100932208
[  249.954566] AAAAA-TCP_FORW: name:enp0s3: saddr:33561200: daddr:100932208
[  249.988700] AAAAA-TCP_FORW: name:enp0s3: saddr:33561200: daddr:100932208
[  250.230814] AAAAA-TCP_FORW: name:enp0s3: saddr:33561200: daddr:100932208
[  250.412525] AAAAA-TCP_FORW: name:enp0s3: saddr:33561200: daddr:100932208
[  250.675219] AAAAA-TCP_FORW: name:enp0s3: saddr:33561200: daddr:100932208
[  250.775313] AAAAA-TCP_FORW: name:enp0s3: saddr:33561200: daddr:100932208
[  250.829981] AAAAA-TCP_FORW: name:enp0s3: saddr:33561200: daddr:100932208
[  251.152560] AAAAA-TCP_FORW: name:enp0s3: saddr:33561200: daddr:100932208
[  251.229149] AAAAA-TCP_FORW: name:enp0s3: saddr:33561200: daddr:100932208
[  251.503361] AAAAA-TCP_FORW: name:enp0s3: saddr:16783984: daddr:100932208
[  251.634021] AAAAA-TCP_FORW: name:enp0s3: saddr:16783984: daddr:100932208
[  251.718255] AAAAA-TCP_FORW: name:enp0s3: saddr:16783984: daddr:100932208
[  252.000895] AAAAA-TCP_FORW: name:enp0s3: saddr:16783984: daddr:100932208
[  252.049834] AAAAA-TCP_FORW: name:enp0s3: saddr:16783984: daddr:100932208
[  252.214876] AAAAA-TCP_FORW: name:enp0s3: saddr:16783984: daddr:100932208
[  252.386902] AAAAA-TCP_FORW: name:enp0s3: saddr:16783984: daddr:100932208
[  252.504364] AAAAA-TCP_FORW: name:enp0s3: saddr:16783984: daddr:100932208
[  252.611665] AAAAA-TCP_FORW: name:enp0s3: saddr:16783984: daddr:100932208
[  252.653836] AAAAA-TCP_FORW: name:enp0s3: saddr:16783984: daddr:100932208
[  252.978682] AAAAA-TCP_FORW: name:enp0s3: saddr:16783984: daddr:100932208
[  253.061898] AAAAA-TCP_FORW: name:enp0s3: saddr:16783984: daddr:100932208
[  253.216591] AAAAA-TCP_FORW: name:enp0s3: saddr:16783984: daddr:100932208
[  253.313617] AAAAA-TCP_FORW: name:enp0s3: saddr:33561200: daddr:100932208
[  253.351107] AAAAA-TCP_FORW: name:enp0s3: saddr:33561200: daddr:100932208
[  253.533843] AAAAA-TCP_FORW: name:enp0s3: saddr:33561200: daddr:100932208
[  253.575205] AAAAA-TCP_FORW: name:enp0s3: saddr:33561200: daddr:100932208
[  259.129992] AAAAA-TCP_FORW: name:enp0s3: saddr:16783984: daddr:100932208
[  259.198604] AAAAA-TCP_FORW: name:enp0s3: saddr:16783984: daddr:100932208
[  259.454727] AAAAA-TCP_FORW: name:enp0s3: saddr:33561200: daddr:100932208
[  259.567475] AAAAA-TCP_FORW: name:enp0s3: saddr:33561200: daddr:100932208
[  259.756095] AAAAA-TCP_FORW: name:enp0s3: saddr:33561200: daddr:100932208
[  259.953074] AAAAA-TCP_FORW: name:enp0s3: saddr:33561200: daddr:100932208
[  260.053572] AAAAA-TCP_FORW: name:enp0s3: saddr:33561200: daddr:100932208
[  260.231500] AAAAA-TCP_FORW: name:enp0s3: saddr:33561200: daddr:100932208
[  260.332356] AAAAA-TCP_FORW: name:enp0s3: saddr:33561200: daddr:100932208
[  260.394960] AAAAA-TCP_FORW: name:enp0s3: saddr:33561200: daddr:100932208
[  260.456189] AAAAA-TCP_FORW: name:enp0s3: saddr:33561200: daddr:100932208
[  260.698458] AAAAA-TCP_FORW: name:enp0s3: saddr:16783984: daddr:100932208
[  261.025862] AAAAA-TCP_FORW: name:enp0s3: saddr:16783984: daddr:100932208
[  261.113996] AAAAA-TCP_FORW: name:enp0s3: saddr:16783984: daddr:100932208
[  261.213933] AAAAA-TCP_FORW: name:enp0s3: saddr:16783984: daddr:100932208
[  261.289004] AAAAA-TCP_FORW: name:enp0s3: saddr:16783984: daddr:100932208
[  261.431991] AAAAA-TCP_FORW: name:enp0s3: saddr:16783984: daddr:100932208
[  261.534750] AAAAA-TCP_FORW: name:enp0s3: saddr:16783984: daddr:100932208
[  261.587683] AAAAA-TCP_FORW: name:enp0s3: saddr:16783984: daddr:100932208
[  261.682949] AAAAA-TCP_FORW: name:enp0s3: saddr:16783984: daddr:100932208
[  262.027650] AAAAA-TCP_FORW: name:enp0s3: saddr:33561200: daddr:100932208
[  262.068371] AAAAA-TCP_FORW: name:enp0s3: saddr:33561200: daddr:100932208
[  262.262340] AAAAA-TCP_FORW: name:enp0s3: saddr:33561200: daddr:100932208
[  262.342405] AAAAA-TCP_FORW: name:enp0s3: saddr:33561200: daddr:100932208
[  262.514978] AAAAA-TCP_FORW: name:enp0s3: saddr:33561200: daddr:100932208
[  262.656369] AAAAA-TCP_FORW: name:enp0s3: saddr:33561200: daddr:100932208
[  262.810985] AAAAA-TCP_FORW: name:enp0s3: saddr:33561200: daddr:100932208
[  262.947025] AAAAA-TCP_FORW: name:enp0s3: saddr:33561200: daddr:100932208
[  263.076631] AAAAA-TCP_FORW: name:enp0s3: saddr:33561200: daddr:100932208
[  263.171322] AAAAA-TCP_FORW: name:enp0s3: saddr:33561200: daddr:100932208
[  263.238441] AAAAA-TCP_FORW: name:enp0s3: saddr:16783984: daddr:100932208
[  263.400815] AAAAA-TCP_FORW: name:enp0s3: saddr:16783984: daddr:100932208
[  263.502139] AAAAA-TCP_FORW: name:enp0s3: saddr:16783984: daddr:100932208
[  263.562644] AAAAA-TCP_FORW: name:enp0s3: saddr:16783984: daddr:100932208
[  263.686355] AAAAA-TCP_FORW: name:enp0s3: saddr:16783984: daddr:100932208
[  263.776302] AAAAA-TCP_FORW: name:enp0s3: saddr:16783984: daddr:100932208
[  263.821649] AAAAA-TCP_FORW: name:enp0s3: saddr:16783984: daddr:100932208
[  263.904537] AAAAA-TCP_FORW: name:enp0s3: saddr:16783984: daddr:100932208
[  263.985398] AAAAA-TCP_FORW: name:enp0s3: saddr:16783984: daddr:100932208
[  264.087836] AAAAA-TCP_FORW: name:enp0s3: saddr:16783984: daddr:100932208
[  264.316701] AAAAA-TCP_FORW: name:enp0s3: saddr:16783984: daddr:100932208
[  264.424123] AAAAA-TCP_FORW: name:enp0s3: saddr:16783984: daddr:100932208
[  264.543376] AAAAA-TCP_FORW: name:enp0s3: saddr:16783984: daddr:100932208
[  264.652419] AAAAA-TCP_FORW: name:enp0s3: saddr:16783984: daddr:100932208
[  264.777104] AAAAA-TCP_FORW: name:enp0s3: saddr:16783984: daddr:100932208
[  264.834449] AAAAA-TCP_FORW: name:enp0s3: saddr:16783984: daddr:100932208
[  264.902352] AAAAA-TCP_FORW: name:enp0s3: saddr:16783984: daddr:100932208
[  265.053149] AAAAA-TCP_FORW: name:enp0s3: saddr:16783984: daddr:100932208
[  265.357412] AAAAA-TCP_FORW: name:enp0s3: saddr:16783984: daddr:100932208
[  265.468046] AAAAA-TCP_FORW: name:enp0s3: saddr:16783984: daddr:100932208
[  265.649134] AAAAA-TCP_FORW: name:enp0s3: saddr:16783984: daddr:100932208
[  265.750083] AAAAA-TCP_FORW: name:enp0s3: saddr:16783984: daddr:100932208
[  265.828629] AAAAA-TCP_FORW: name:enp0s3: saddr:16783984: daddr:100932208
[  265.868318] AAAAA-TCP_FORW: name:enp0s3: saddr:16783984: daddr:100932208
[  265.980546] AAAAA-TCP_FORW: name:enp0s3: saddr:33561200: daddr:100932208
[  266.156174] AAAAA-TCP_FORW: name:enp0s3: saddr:33561200: daddr:100932208
[  266.573858] AAAAA-TCP_FORW: name:enp0s3: saddr:33561200: daddr:100932208
[  266.849734] AAAAA-TCP_FORW: name:enp0s3: saddr:33561200: daddr:100932208
[  267.261419] AAAAA-TCP_FORW: name:enp0s3: saddr:33561200: daddr:100932208
[  267.495066] AAAAA-TCP_FORW: name:enp0s3: saddr:33561200: daddr:100932208
[  267.641046] AAAAA-TCP_FORW: name:enp0s3: saddr:33561200: daddr:100932208
[  267.726011] AAAAA-TCP_FORW: name:enp0s3: saddr:33561200: daddr:100932208
[  268.043106] AAAAA-TCP_FORW: name:enp0s3: saddr:33561200: daddr:100932208
[  268.092663] AAAAA-TCP_FORW: name:enp0s3: saddr:33561200: daddr:100932208
[  268.238159] AAAAA-TCP_FORW: name:enp0s3: saddr:33561200: daddr:100932208
[  268.386676] AAAAA-TCP_FORW: name:enp0s3: saddr:33561200: daddr:100932208
[  268.496750] AAAAA-TCP_FORW: name:enp0s3: saddr:33561200: daddr:100932208
[  268.671061] AAAAA-TCP_FORW: name:enp0s3: saddr:33561200: daddr:100932208
[  268.801472] AAAAA-TCP_FORW: name:enp0s3: saddr:33561200: daddr:100932208
[  269.002137] AAAAA-TCP_FORW: name:enp0s3: saddr:33561200: daddr:100932208
[  269.027366] AAAAA-TCP_FORW: name:enp0s3: saddr:16783984: daddr:100932208
[  269.167468] AAAAA-TCP_FORW: name:enp0s3: saddr:16783984: daddr:100932208
[  269.281122] AAAAA-TCP_FORW: name:enp0s3: saddr:16783984: daddr:100932208
[  269.454010] AAAAA-TCP_FORW: name:enp0s3: saddr:16783984: daddr:100932208
[  269.551416] AAAAA-TCP_FORW: name:enp0s3: saddr:16783984: daddr:100932208
[  269.658649] AAAAA-TCP_FORW: name:enp0s3: saddr:16783984: daddr:100932208
[  269.942804] AAAAA-TCP_FORW: name:enp0s3: saddr:16783984: daddr:100932208
[  270.071465] AAAAA-TCP_FORW: name:enp0s3: saddr:16783984: daddr:100932208
[  270.105602] AAAAA-TCP_FORW: name:enp0s3: saddr:16783984: daddr:100932208
[  270.195975] AAAAA-TCP_FORW: name:enp0s3: saddr:16783984: daddr:100932208
[  270.291276] AAAAA-TCP_FORW: name:enp0s3: saddr:16783984: daddr:100932208
[  270.485234] AAAAA-TCP_FORW: name:enp0s3: saddr:16783984: daddr:100932208
[  270.558548] AAAAA-TCP_FORW: name:enp0s3: saddr:16783984: daddr:100932208
[  282.254843] AAAAA-TCP_FORW: name:enp0s3: saddr:16783984: daddr:100932208
[  282.412971] AAAAA-TCP_FORW: name:enp0s3: saddr:33561200: daddr:100932208
[  282.495063] AAAAA-TCP_FORW: name:enp0s3: saddr:33561200: daddr:100932208
[  282.585056] AAAAA-TCP_FORW: name:enp0s3: saddr:33561200: daddr:100932208
[  282.681098] AAAAA-TCP_FORW: name:enp0s3: saddr:33561200: daddr:100932208
[  282.782967] AAAAA-TCP_FORW: name:enp0s3: saddr:33561200: daddr:100932208
[  282.839313] AAAAA-TCP_FORW: name:enp0s3: saddr:16783984: daddr:100932208
[  282.926136] AAAAA-TCP_FORW: name:enp0s3: saddr:16783984: daddr:100932208
[  283.028053] AAAAA-TCP_FORW: name:enp0s3: saddr:16783984: daddr:100932208
[  283.118342] AAAAA-TCP_FORW: name:enp0s3: saddr:16783984: daddr:100932208
[  283.189589] AAAAA-TCP_FORW: name:enp0s3: saddr:16783984: daddr:100932208
[  283.310409] AAAAA-TCP_FORW: name:enp0s3: saddr:16783984: daddr:100932208
[  283.453115] AAAAA-TCP_FORW: name:enp0s3: saddr:16783984: daddr:100932208
[  283.547741] AAAAA-TCP_FORW: name:enp0s3: saddr:16783984: daddr:100932208
[  283.661948] AAAAA-TCP_FORW: name:enp0s3: saddr:33561200: daddr:100932208
[  283.771723] AAAAA-TCP_FORW: name:enp0s3: saddr:33561200: daddr:100932208
[  283.828936] AAAAA-TCP_FORW: name:enp0s3: saddr:16783984: daddr:100932208
[  283.937420] AAAAA-TCP_FORW: name:enp0s3: saddr:16783984: daddr:100932208
[  284.022075] AAAAA-TCP_FORW: name:enp0s3: saddr:16783984: daddr:100932208
[  284.100055] AAAAA-TCP_FORW: name:enp0s3: saddr:16783984: daddr:100932208
[  284.175862] AAAAA-TCP_FORW: name:enp0s3: saddr:33561200: daddr:100932208
[  284.260108] AAAAA-TCP_FORW: name:enp0s3: saddr:33561200: daddr:100932208
[  284.343702] AAAAA-TCP_FORW: name:enp0s3: saddr:16783984: daddr:100932208
[  284.454433] AAAAA-TCP_FORW: name:enp0s3: saddr:16783984: daddr:100932208
[  284.544714] AAAAA-TCP_FORW: name:enp0s3: saddr:16783984: daddr:100932208
[  284.630754] AAAAA-TCP_FORW: name:enp0s3: saddr:16783984: daddr:100932208
[  284.710457] AAAAA-TCP_FORW: name:enp0s3: saddr:16783984: daddr:100932208
[  284.780444] AAAAA-TCP_FORW: name:enp0s3: saddr:33561200: daddr:100932208
[  284.875163] AAAAA-TCP_FORW: name:enp0s3: saddr:33561200: daddr:100932208
[  284.968900] AAAAA-TCP_FORW: name:enp0s3: saddr:33561200: daddr:100932208
[  285.041367] AAAAA-TCP_FORW: name:enp0s3: saddr:33561200: daddr:100932208
[  285.124229] AAAAA-TCP_FORW: name:enp0s3: saddr:33561200: daddr:100932208
[  285.262602] AAAAA-TCP_FORW: name:enp0s3: saddr:33561200: daddr:100932208
[  285.352608] AAAAA-TCP_FORW: name:enp0s3: saddr:16783984: daddr:100932208
[  285.445119] AAAAA-TCP_FORW: name:enp0s3: saddr:16783984: daddr:100932208
[  285.536348] AAAAA-TCP_FORW: name:enp0s3: saddr:16783984: daddr:100932208
[  285.650693] AAAAA-TCP_FORW: name:enp0s3: saddr:16783984: daddr:100932208
[  285.702388] AAAAA-TCP_FORW: name:enp0s3: saddr:16783984: daddr:100932208
[  285.789679] AAAAA-TCP_FORW: name:enp0s3: saddr:33561200: daddr:100932208
[  285.843517] AAAAA-TCP_FORW: name:enp0s3: saddr:33561200: daddr:100932208
[  285.880473] AAAAA-TCP_FORW: name:enp0s3: saddr:16783984: daddr:100932208
[  285.962619] AAAAA-TCP_FORW: name:enp0s3: saddr:16783984: daddr:100932208
[  286.022930] AAAAA-TCP_FORW: name:enp0s3: saddr:33561200: daddr:100932208
[  286.106906] AAAAA-TCP_FORW: name:enp0s3: saddr:33561200: daddr:100932208
[  286.206561] AAAAA-TCP_FORW: name:enp0s3: saddr:16783984: daddr:100932208
[  286.324608] AAAAA-TCP_FORW: name:enp0s3: saddr:16783984: daddr:100932208
[  286.381964] AAAAA-TCP_FORW: name:enp0s3: saddr:16783984: daddr:100932208
[  286.500421] AAAAA-TCP_FORW: name:enp0s3: saddr:16783984: daddr:100932208
[  286.583155] AAAAA-TCP_FORW: name:enp0s3: saddr:16783984: daddr:100932208
[  286.620097] AAAAA-TCP_FORW: name:enp0s3: saddr:16783984: daddr:100932208
[  286.678639] AAAAA-TCP_FORW: name:enp0s3: saddr:33561200: daddr:100932208
[  286.821958] AAAAA-TCP_FORW: name:enp0s3: saddr:33561200: daddr:100932208
[  286.940716] AAAAA-TCP_FORW: name:enp0s3: saddr:33561200: daddr:100932208
[  287.026842] AAAAA-TCP_FORW: name:enp0s3: saddr:33561200: daddr:100932208
[  287.109039] AAAAA-TCP_FORW: name:enp0s3: saddr:33561200: daddr:100932208
[  287.238665] AAAAA-TCP_FORW: name:enp0s3: saddr:33561200: daddr:100932208
[  287.305535] AAAAA-TCP_FORW: name:enp0s3: saddr:33561200: daddr:100932208
[  287.394468] AAAAA-TCP_FORW: name:enp0s3: saddr:33561200: daddr:100932208
[  287.561763] AAAAA-TCP_FORW: name:enp0s3: saddr:16783984: daddr:100932208
[  287.642628] AAAAA-TCP_FORW: name:enp0s3: saddr:16783984: daddr:100932208
[  287.756019] AAAAA-TCP_FORW: name:enp0s3: saddr:16783984: daddr:100932208
[  287.798280] AAAAA-TCP_FORW: name:enp0s3: saddr:16783984: daddr:100932208
[  287.863164] AAAAA-TCP_FORW: name:enp0s3: saddr:16783984: daddr:100932208
[  287.945365] AAAAA-TCP_FORW: name:enp0s3: saddr:16783984: daddr:100932208
[  288.071694] AAAAA-TCP_FORW: name:enp0s3: saddr:33561200: daddr:100932208
[  288.124649] AAAAA-TCP_FORW: name:enp0s3: saddr:33561200: daddr:100932208
[  288.188138] AAAAA-TCP_FORW: name:enp0s3: saddr:33561200: daddr:100932208
[  288.269895] AAAAA-TCP_FORW: name:enp0s3: saddr:33561200: daddr:100932208
[  288.376613] AAAAA-TCP_FORW: name:enp0s3: saddr:16783984: daddr:100932208
[  288.455723] AAAAA-TCP_FORW: name:enp0s3: saddr:16783984: daddr:100932208
[  288.529770] AAAAA-TCP_FORW: name:enp0s3: saddr:33561200: daddr:100932208
[  288.617804] AAAAA-TCP_FORW: name:enp0s3: saddr:33561200: daddr:100932208
[  288.730911] AAAAA-TCP_FORW: name:enp0s3: saddr:33561200: daddr:100932208
[  288.804417] AAAAA-TCP_FORW: name:enp0s3: saddr:16783984: daddr:100932208
[  288.872069] AAAAA-TCP_FORW: name:enp0s3: saddr:16783984: daddr:100932208
[  288.971098] AAAAA-TCP_FORW: name:enp0s3: saddr:16783984: daddr:100932208
[  289.039175] AAAAA-TCP_FORW: name:enp0s3: saddr:16783984: daddr:100932208
[  289.095656] AAAAA-TCP_FORW: name:enp0s3: saddr:16783984: daddr:100932208
[  289.168015] AAAAA-TCP_FORW: name:enp0s3: saddr:16783984: daddr:100932208
[  289.288591] AAAAA-TCP_FORW: name:enp0s3: saddr:33561200: daddr:100932208
[  289.357518] AAAAA-TCP_FORW: name:enp0s3: saddr:33561200: daddr:100932208
[  289.429452] AAAAA-TCP_FORW: name:enp0s3: saddr:33561200: daddr:100932208
[  289.506512] AAAAA-TCP_FORW: name:enp0s3: saddr:33561200: daddr:100932208
[  289.591239] AAAAA-TCP_FORW: name:enp0s3: saddr:33561200: daddr:100932208
[  289.663826] AAAAA-TCP_FORW: name:enp0s3: saddr:33561200: daddr:100932208
[  289.738985] AAAAA-TCP_FORW: name:enp0s3: saddr:33561200: daddr:100932208
[  289.818536] AAAAA-TCP_FORW: name:enp0s3: saddr:33561200: daddr:100932208
[  289.896397] AAAAA-TCP_FORW: name:enp0s3: saddr:33561200: daddr:100932208
[  289.994037] AAAAA-TCP_FORW: name:enp0s3: saddr:33561200: daddr:100932208
[  290.079862] AAAAA-TCP_FORW: name:enp0s3: saddr:33561200: daddr:100932208
[  290.142088] AAAAA-TCP_FORW: name:enp0s3: saddr:33561200: daddr:100932208
[  290.236972] AAAAA-TCP_FORW: name:enp0s3: saddr:16783984: daddr:100932208
[  290.306767] AAAAA-TCP_FORW: name:enp0s3: saddr:16783984: daddr:100932208
[  290.370121] AAAAA-TCP_FORW: name:enp0s3: saddr:16783984: daddr:100932208
[  290.449022] AAAAA-TCP_FORW: name:enp0s3: saddr:16783984: daddr:100932208
[  290.538430] AAAAA-TCP_FORW: name:enp0s3: saddr:16783984: daddr:100932208
[  290.615812] AAAAA-TCP_FORW: name:enp0s3: saddr:16783984: daddr:100932208
[  290.702596] AAAAA-TCP_FORW: name:enp0s3: saddr:16783984: daddr:100932208
[  290.786923] AAAAA-TCP_FORW: name:enp0s3: saddr:33561200: daddr:100932208
[  290.858813] AAAAA-TCP_FORW: name:enp0s3: saddr:33561200: daddr:100932208
[  290.960965] AAAAA-TCP_FORW: name:enp0s3: saddr:33561200: daddr:100932208
[  291.046898] AAAAA-TCP_FORW: name:enp0s3: saddr:33561200: daddr:100932208
[  291.146390] AAAAA-TCP_FORW: name:enp0s3: saddr:33561200: daddr:100932208
[  291.225889] AAAAA-TCP_FORW: name:enp0s3: saddr:33561200: daddr:100932208
[  291.283548] AAAAA-TCP_FORW: name:enp0s3: saddr:16783984: daddr:100932208
[  291.366809] AAAAA-TCP_FORW: name:enp0s3: saddr:16783984: daddr:100932208
[  291.470250] AAAAA-TCP_FORW: name:enp0s3: saddr:33561200: daddr:100932208
[  291.557274] AAAAA-TCP_FORW: name:enp0s3: saddr:33561200: daddr:100932208
[  291.652823] AAAAA-TCP_FORW: name:enp0s3: saddr:33561200: daddr:100932208
[  291.715868] AAAAA-TCP_FORW: name:enp0s3: saddr:33561200: daddr:100932208
[  299.299816] AAAAA-TCP_FORW: name:enp0s3: saddr:16783984: daddr:100932208
[  315.094763] AAAAA-TCP_FORW: name:enp0s3: saddr:33561200: daddr:100932208
[  315.240971] AAAAA-TCP_FORW: name:enp0s3: saddr:16783984: daddr:100932208
[  315.430541] AAAAA-TCP_FORW: name:enp0s3: saddr:33561200: daddr:100932208
[  315.542362] AAAAA-TCP_FORW: name:enp0s3: saddr:33561200: daddr:100932208
[  315.735202] AAAAA-TCP_FORW: name:enp0s3: saddr:33561200: daddr:100932208
[  315.791523] AAAAA-TCP_FORW: name:enp0s3: saddr:33561200: daddr:100932208
[  315.948593] AAAAA-TCP_FORW: name:enp0s3: saddr:33561200: daddr:100932208
[  316.099358] AAAAA-TCP_FORW: name:enp0s3: saddr:33561200: daddr:100932208
[  316.199264] AAAAA-TCP_FORW: name:enp0s3: saddr:33561200: daddr:100932208
[  316.288224] AAAAA-TCP_FORW: name:enp0s3: saddr:33561200: daddr:100932208
[  316.388731] AAAAA-TCP_FORW: name:enp0s3: saddr:33561200: daddr:100932208
[  316.436871] AAAAA-TCP_FORW: name:enp0s3: saddr:33561200: daddr:100932208
[  316.549437] AAAAA-TCP_FORW: name:enp0s3: saddr:16783984: daddr:100932208
[  316.681012] AAAAA-TCP_FORW: name:enp0s3: saddr:16783984: daddr:100932208
[  316.846268] AAAAA-TCP_FORW: name:enp0s3: saddr:16783984: daddr:100932208
[  316.882460] AAAAA-TCP_FORW: name:enp0s3: saddr:16783984: daddr:100932208
[  316.940891] AAAAA-TCP_FORW: name:enp0s3: saddr:16783984: daddr:100932208
[  317.036853] AAAAA-TCP_FORW: name:enp0s3: saddr:16783984: daddr:100932208
[  317.112248] AAAAA-TCP_FORW: name:enp0s3: saddr:16783984: daddr:100932208
[  317.169998] AAAAA-TCP_FORW: name:enp0s3: saddr:16783984: daddr:100932208
[  317.276965] AAAAA-TCP_FORW: name:enp0s3: saddr:33561200: daddr:100932208
[  317.394765] AAAAA-TCP_FORW: name:enp0s3: saddr:33561200: daddr:100932208
[  317.515693] AAAAA-TCP_FORW: name:enp0s3: saddr:33561200: daddr:100932208
[  317.635051] AAAAA-TCP_FORW: name:enp0s3: saddr:33561200: daddr:100932208
[  317.712297] AAAAA-TCP_FORW: name:enp0s3: saddr:33561200: daddr:100932208
[  317.894615] AAAAA-TCP_FORW: name:enp0s3: saddr:16783984: daddr:100932208
[  317.948821] AAAAA-TCP_FORW: name:enp0s3: saddr:16783984: daddr:100932208
[  318.037052] AAAAA-TCP_FORW: name:enp0s3: saddr:16783984: daddr:100932208
[  318.112109] AAAAA-TCP_FORW: name:enp0s3: saddr:16783984: daddr:100932208
[  318.294635] AAAAA-TCP_FORW: name:enp0s3: saddr:33561200: daddr:100932208
[  318.385927] AAAAA-TCP_FORW: name:enp0s3: saddr:33561200: daddr:100932208
[  318.484838] AAAAA-TCP_FORW: name:enp0s3: saddr:16783984: daddr:100932208
[  318.591657] AAAAA-TCP_FORW: name:enp0s3: saddr:16783984: daddr:100932208
[  318.647979] AAAAA-TCP_FORW: name:enp0s3: saddr:33561200: daddr:100932208
[  318.750913] AAAAA-TCP_FORW: name:enp0s3: saddr:33561200: daddr:100932208
[  318.843811] AAAAA-TCP_FORW: name:enp0s3: saddr:16783984: daddr:100932208
[  318.937279] AAAAA-TCP_FORW: name:enp0s3: saddr:16783984: daddr:100932208
[  319.034021] AAAAA-TCP_FORW: name:enp0s3: saddr:33561200: daddr:100932208
[  319.109216] AAAAA-TCP_FORW: name:enp0s3: saddr:33561200: daddr:100932208
[  319.187259] AAAAA-TCP_FORW: name:enp0s3: saddr:16783984: daddr:100932208
[  319.313282] AAAAA-TCP_FORW: name:enp0s3: saddr:16783984: daddr:100932208
[  319.419059] AAAAA-TCP_FORW: name:enp0s3: saddr:33561200: daddr:100932208
[  319.504449] AAAAA-TCP_FORW: name:enp0s3: saddr:33561200: daddr:100932208
[  319.642893] AAAAA-TCP_FORW: name:enp0s3: saddr:33561200: daddr:100932208
[  319.709077] AAAAA-TCP_FORW: name:enp0s3: saddr:33561200: daddr:100932208
[  319.795632] AAAAA-TCP_FORW: name:enp0s3: saddr:33561200: daddr:100932208
[  319.832132] AAAAA-TCP_FORW: name:enp0s3: saddr:33561200: daddr:100932208
[  319.894378] AAAAA-TCP_FORW: name:enp0s3: saddr:33561200: daddr:100932208
[  319.976175] AAAAA-TCP_FORW: name:enp0s3: saddr:33561200: daddr:100932208
[  320.122702] AAAAA-TCP_FORW: name:enp0s3: saddr:33561200: daddr:100932208
[  320.328922] AAAAA-TCP_FORW: name:enp0s3: saddr:33561200: daddr:100932208
[  320.491335] AAAAA-TCP_FORW: name:enp0s3: saddr:33561200: daddr:100932208
[  320.677350] AAAAA-TCP_FORW: name:enp0s3: saddr:33561200: daddr:100932208
[  320.844435] AAAAA-TCP_FORW: name:enp0s3: saddr:33561200: daddr:100932208
[  320.922516] AAAAA-TCP_FORW: name:enp0s3: saddr:16783984: daddr:100932208
[  321.013121] AAAAA-TCP_FORW: name:enp0s3: saddr:16783984: daddr:100932208
[  321.242864] AAAAA-TCP_FORW: name:enp0s3: saddr:16783984: daddr:100932208
[  321.410836] AAAAA-TCP_FORW: name:enp0s3: saddr:16783984: daddr:100932208
[  321.500681] AAAAA-TCP_FORW: name:enp0s3: saddr:16783984: daddr:100932208
[  321.707110] AAAAA-TCP_FORW: name:enp0s3: saddr:16783984: daddr:100932208
[  321.824642] AAAAA-TCP_FORW: name:enp0s3: saddr:16783984: daddr:100932208
[  321.903736] AAAAA-TCP_FORW: name:enp0s3: saddr:16783984: daddr:100932208
[  321.963801] AAAAA-TCP_FORW: name:enp0s3: saddr:16783984: daddr:100932208
[  322.051732] AAAAA-TCP_FORW: name:enp0s3: saddr:16783984: daddr:100932208
[  322.156844] AAAAA-TCP_FORW: name:enp0s3: saddr:16783984: daddr:100932208
[  322.206751] AAAAA-TCP_FORW: name:enp0s3: saddr:16783984: daddr:100932208
[  322.334303] AAAAA-TCP_FORW: name:enp0s3: saddr:16783984: daddr:100932208
[  322.561535] AAAAA-TCP_FORW: name:enp0s3: saddr:33561200: daddr:100932208
[  322.877938] AAAAA-TCP_FORW: name:enp0s3: saddr:33561200: daddr:100932208
[  323.181656] AAAAA-TCP_FORW: name:enp0s3: saddr:33561200: daddr:100932208
[  323.282046] AAAAA-TCP_FORW: name:enp0s3: saddr:33561200: daddr:100932208
[  323.415669] AAAAA-TCP_FORW: name:enp0s3: saddr:33561200: daddr:100932208
[  323.620887] AAAAA-TCP_FORW: name:enp0s3: saddr:33561200: daddr:100932208
[  323.757600] AAAAA-TCP_FORW: name:enp0s3: saddr:33561200: daddr:100932208
[  323.822469] AAAAA-TCP_FORW: name:enp0s3: saddr:33561200: daddr:100932208
[  323.936006] AAAAA-TCP_FORW: name:enp0s3: saddr:16783984: daddr:100932208
[  323.987873] AAAAA-TCP_FORW: name:enp0s3: saddr:16783984: daddr:100932208
[  324.048643] AAAAA-TCP_FORW: name:enp0s3: saddr:16783984: daddr:100932208
[  324.112714] AAAAA-TCP_FORW: name:enp0s3: saddr:16783984: daddr:100932208
[  324.170837] AAAAA-TCP_FORW: name:enp0s3: saddr:16783984: daddr:100932208
[  324.246485] AAAAA-TCP_FORW: name:enp0s3: saddr:33561200: daddr:100932208
[  324.345025] AAAAA-TCP_FORW: name:enp0s3: saddr:33561200: daddr:100932208
[  324.435425] AAAAA-TCP_FORW: name:enp0s3: saddr:16783984: daddr:100932208
[  324.488917] AAAAA-TCP_FORW: name:enp0s3: saddr:16783984: daddr:100932208
[  324.590552] AAAAA-TCP_FORW: name:enp0s3: saddr:16783984: daddr:100932208
[  324.672358] AAAAA-TCP_FORW: name:enp0s3: saddr:33561200: daddr:100932208
[  324.761519] AAAAA-TCP_FORW: name:enp0s3: saddr:33561200: daddr:100932208
[  324.861349] AAAAA-TCP_FORW: name:enp0s3: saddr:16783984: daddr:100932208
[  324.964897] AAAAA-TCP_FORW: name:enp0s3: saddr:16783984: daddr:100932208
[  325.045032] AAAAA-TCP_FORW: name:enp0s3: saddr:33561200: daddr:100932208
[  325.103538] AAAAA-TCP_FORW: name:enp0s3: saddr:33561200: daddr:100932208
[  325.169683] AAAAA-TCP_FORW: name:enp0s3: saddr:33561200: daddr:100932208
[  325.265002] AAAAA-TCP_FORW: name:enp0s3: saddr:16783984: daddr:100932208
[  325.335661] AAAAA-TCP_FORW: name:enp0s3: saddr:16783984: daddr:100932208
[  325.477704] AAAAA-TCP_FORW: name:enp0s3: saddr:16783984: daddr:100932208
[  325.505800] AAAAA-TCP_FORW: name:enp0s3: saddr:33561200: daddr:100932208
[  325.633040] AAAAA-TCP_FORW: name:enp0s3: saddr:33561200: daddr:100932208
[  325.716134] AAAAA-TCP_FORW: name:enp0s3: saddr:33561200: daddr:100932208
[  325.781424] AAAAA-TCP_FORW: name:enp0s3: saddr:33561200: daddr:100932208
[  325.894424] AAAAA-TCP_FORW: name:enp0s3: saddr:33561200: daddr:100932208
[  326.061050] AAAAA-TCP_FORW: name:enp0s3: saddr:33561200: daddr:100932208
[  326.105775] AAAAA-TCP_FORW: name:enp0s3: saddr:33561200: daddr:100932208
[  326.156011] AAAAA-TCP_FORW: name:enp0s3: saddr:33561200: daddr:100932208
[  326.206832] AAAAA-TCP_FORW: name:enp0s3: saddr:33561200: daddr:100932208
[  326.263839] AAAAA-TCP_FORW: name:enp0s3: saddr:33561200: daddr:100932208
[  326.373052] AAAAA-TCP_FORW: name:enp0s3: saddr:33561200: daddr:100932208
[  326.461861] AAAAA-TCP_FORW: name:enp0s3: saddr:33561200: daddr:100932208
[  326.501833] AAAAA-TCP_FORW: name:enp0s3: saddr:33561200: daddr:100932208
[  326.568890] AAAAA-TCP_FORW: name:enp0s3: saddr:33561200: daddr:100932208
[  326.665196] AAAAA-TCP_FORW: name:enp0s3: saddr:33561200: daddr:100932208
[  326.768466] AAAAA-TCP_FORW: name:enp0s3: saddr:33561200: daddr:100932208
[  326.890768] AAAAA-TCP_FORW: name:enp0s3: saddr:33561200: daddr:100932208
[  326.994253] AAAAA-TCP_FORW: name:enp0s3: saddr:33561200: daddr:100932208
[  327.049224] AAAAA-TCP_FORW: name:enp0s3: saddr:33561200: daddr:100932208
[  327.140617] AAAAA-TCP_FORW: name:enp0s3: saddr:16783984: daddr:100932208
[  327.222915] AAAAA-TCP_FORW: name:enp0s3: saddr:16783984: daddr:100932208
[  327.345207] AAAAA-TCP_FORW: name:enp0s3: saddr:16783984: daddr:100932208
[  327.429115] AAAAA-TCP_FORW: name:enp0s3: saddr:16783984: daddr:100932208
[  327.636697] AAAAA-TCP_FORW: name:enp0s3: saddr:16783984: daddr:100932208
[  327.694690] AAAAA-TCP_FORW: name:enp0s3: saddr:16783984: daddr:100932208
[  327.784388] AAAAA-TCP_FORW: name:enp0s3: saddr:16783984: daddr:100932208
[  327.870082] AAAAA-TCP_FORW: name:enp0s3: saddr:16783984: daddr:100932208
[  328.035072] AAAAA-TCP_FORW: name:enp0s3: saddr:16783984: daddr:100932208
[  328.253218] AAAAA-TCP_FORW: name:enp0s3: saddr:33561200: daddr:100932208
[  328.494363] AAAAA-TCP_FORW: name:enp0s3: saddr:33561200: daddr:100932208
[  328.560817] AAAAA-TCP_FORW: name:enp0s3: saddr:33561200: daddr:100932208
[  328.653434] AAAAA-TCP_FORW: name:enp0s3: saddr:33561200: daddr:100932208
[  328.712080] AAAAA-TCP_FORW: name:enp0s3: saddr:16783984: daddr:100932208
[  328.770556] AAAAA-TCP_FORW: name:enp0s3: saddr:16783984: daddr:100932208
[  328.801594] AAAAA-TCP_FORW: name:enp0s3: saddr:16783984: daddr:100932208
[  328.852482] AAAAA-TCP_FORW: name:enp0s3: saddr:16783984: daddr:100932208
[  328.915180] AAAAA-TCP_FORW: name:enp0s3: saddr:16783984: daddr:100932208
[  328.978501] AAAAA-TCP_FORW: name:enp0s3: saddr:33561200: daddr:100932208
[  329.153691] AAAAA-TCP_FORW: name:enp0s3: saddr:16783984: daddr:100932208
[  329.352753] AAAAA-TCP_FORW: name:enp0s3: saddr:16783984: daddr:100932208
[  329.507373] AAAAA-TCP_FORW: name:enp0s3: saddr:16783984: daddr:100932208
[  329.640135] AAAAA-TCP_FORW: name:enp0s3: saddr:33561200: daddr:100932208
[  330.181330] AAAAA-TCP_FORW: name:enp0s3: saddr:33561200: daddr:100932208
[  330.299572] AAAAA-TCP_FORW: name:enp0s3: saddr:33561200: daddr:100932208
[  330.446426] AAAAA-TCP_FORW: name:enp0s3: saddr:33561200: daddr:100932208
[  330.524388] AAAAA-TCP_FORW: name:enp0s3: saddr:33561200: daddr:100932208
[  330.599406] AAAAA-TCP_FORW: name:enp0s3: saddr:33561200: daddr:100932208
[  330.664231] AAAAA-TCP_FORW: name:enp0s3: saddr:33561200: daddr:100932208
[  330.790996] AAAAA-TCP_FORW: name:enp0s3: saddr:33561200: daddr:100932208
[  330.818519] AAAAA-TCP_FORW: name:enp0s3: saddr:16783984: daddr:100932208
[  330.909086] AAAAA-TCP_FORW: name:enp0s3: saddr:16783984: daddr:100932208
[  330.993118] AAAAA-TCP_FORW: name:enp0s3: saddr:16783984: daddr:100932208
[  331.069889] AAAAA-TCP_FORW: name:enp0s3: saddr:16783984: daddr:100932208
[  331.164236] AAAAA-TCP_FORW: name:enp0s3: saddr:16783984: daddr:100932208
[  331.270058] AAAAA-TCP_FORW: name:enp0s3: saddr:16783984: daddr:100932208
[  331.362027] AAAAA-TCP_FORW: name:enp0s3: saddr:16783984: daddr:100932208
[  331.422214] AAAAA-TCP_FORW: name:enp0s3: saddr:16783984: daddr:100932208
[  331.589619] AAAAA-TCP_FORW: name:enp0s3: saddr:16783984: daddr:100932208
[  331.662092] AAAAA-TCP_FORW: name:enp0s3: saddr:16783984: daddr:100932208
[  331.808938] AAAAA-TCP_FORW: name:enp0s3: saddr:16783984: daddr:100932208
[  331.979445] AAAAA-TCP_FORW: name:enp0s3: saddr:16783984: daddr:100932208
[  332.129916] AAAAA-TCP_FORW: name:enp0s3: saddr:16783984: daddr:100932208
[  332.191495] AAAAA-TCP_FORW: name:enp0s3: saddr:16783984: daddr:100932208
[  332.284048] AAAAA-TCP_FORW: name:enp0s3: saddr:33561200: daddr:100932208
[  332.424667] AAAAA-TCP_FORW: name:enp0s3: saddr:33561200: daddr:100932208
[  332.579540] AAAAA-TCP_FORW: name:enp0s3: saddr:33561200: daddr:100932208
[  332.663841] AAAAA-TCP_FORW: name:enp0s3: saddr:16783984: daddr:100932208
[  332.755622] AAAAA-TCP_FORW: name:enp0s3: saddr:16783984: daddr:100932208
[  332.894067] AAAAA-TCP_FORW: name:enp0s3: saddr:16783984: daddr:100932208
[  333.004439] AAAAA-TCP_FORW: name:enp0s3: saddr:16783984: daddr:100932208
[  333.057008] AAAAA-TCP_FORW: name:enp0s3: saddr:16783984: daddr:100932208
[  333.222021] AAAAA-TCP_FORW: name:enp0s3: saddr:16783984: daddr:100932208
[  333.401618] AAAAA-TCP_FORW: name:enp0s3: saddr:16783984: daddr:100932208
[  333.518200] AAAAA-TCP_FORW: name:enp0s3: saddr:16783984: daddr:100932208
[  333.626745] AAAAA-TCP_FORW: name:enp0s3: saddr:16783984: daddr:100932208
[  333.717245] AAAAA-TCP_FORW: name:enp0s3: saddr:16783984: daddr:100932208
[  333.818129] AAAAA-TCP_FORW: name:enp0s3: saddr:16783984: daddr:100932208
[  333.931301] AAAAA-TCP_FORW: name:enp0s3: saddr:16783984: daddr:100932208
[  333.987381] AAAAA-TCP_FORW: name:enp0s3: saddr:16783984: daddr:100932208
[  334.052543] AAAAA-TCP_FORW: name:enp0s3: saddr:16783984: daddr:100932208
[  334.144053] AAAAA-TCP_FORW: name:enp0s3: saddr:16783984: daddr:100932208
[  334.200022] AAAAA-TCP_FORW: name:enp0s3: saddr:16783984: daddr:100932208
[  334.265338] AAAAA-TCP_FORW: name:enp0s3: saddr:16783984: daddr:100932208
[  334.359132] AAAAA-TCP_FORW: name:enp0s3: saddr:16783984: daddr:100932208
[  334.402980] AAAAA-TCP_FORW: name:enp0s3: saddr:16783984: daddr:100932208
[  334.451572] AAAAA-TCP_FORW: name:enp0s3: saddr:16783984: daddr:100932208
[  334.517392] AAAAA-TCP_FORW: name:enp0s3: saddr:16783984: daddr:100932208
[  334.659603] AAAAA-TCP_FORW: name:enp0s3: saddr:16783984: daddr:100932208
[  334.702994] AAAAA-TCP_FORW: name:enp0s3: saddr:16783984: daddr:100932208
[  334.783693] AAAAA-TCP_FORW: name:enp0s3: saddr:16783984: daddr:100932208
[  334.865003] AAAAA-TCP_FORW: name:enp0s3: saddr:16783984: daddr:100932208
[  334.953007] AAAAA-TCP_FORW: name:enp0s3: saddr:16783984: daddr:100932208
[  335.021276] AAAAA-TCP_FORW: name:enp0s3: saddr:16783984: daddr:100932208
[  335.171872] AAAAA-TCP_FORW: name:enp0s3: saddr:16783984: daddr:100932208
[  335.374261] AAAAA-TCP_FORW: name:enp0s3: saddr:16783984: daddr:100932208
[  335.411990] AAAAA-TCP_FORW: name:enp0s3: saddr:16783984: daddr:100932208
[  335.510350] AAAAA-TCP_FORW: name:enp0s3: saddr:16783984: daddr:100932208
[  348.715553] AAAAA-TCP_FORW: name:enp0s3: saddr:33561200: daddr:100932208
[  348.804111] AAAAA-TCP_FORW: name:enp0s3: saddr:33561200: daddr:100932208
[  354.605414] AAAAA-TCP_FORW: name:enp0s3: saddr:16783984: daddr:100932208
[  354.714606] AAAAA-TCP_FORW: name:enp0s3: saddr:16783984: daddr:100932208
[  355.019119] AAAAA-TCP_FORW: name:enp0s3: saddr:16783984: daddr:100932208
[  355.109260] AAAAA-TCP_FORW: name:enp0s3: saddr:16783984: daddr:100932208
[  355.334052] AAAAA-TCP_FORW: name:enp0s3: saddr:16783984: daddr:100932208
[  355.419189] AAAAA-TCP_FORW: name:enp0s3: saddr:33561200: daddr:100932208
[  355.519960] AAAAA-TCP_FORW: name:enp0s3: saddr:16783984: daddr:100932208
[  355.581740] AAAAA-TCP_FORW: name:enp0s3: saddr:16783984: daddr:100932208
[  355.657643] AAAAA-TCP_FORW: name:enp0s3: saddr:33561200: daddr:100932208
[  355.867869] AAAAA-TCP_FORW: name:enp0s3: saddr:16783984: daddr:100932208
[  355.917488] AAAAA-TCP_FORW: name:enp0s3: saddr:33561200: daddr:100932208
[  356.011821] AAAAA-TCP_FORW: name:enp0s3: saddr:16783984: daddr:100932208
[  356.083262] AAAAA-TCP_FORW: name:enp0s3: saddr:16783984: daddr:100932208
[  356.202852] AAAAA-TCP_FORW: name:enp0s3: saddr:16783984: daddr:100932208
[  356.360477] AAAAA-TCP_FORW: name:enp0s3: saddr:16783984: daddr:100932208
[  356.474238] AAAAA-TCP_FORW: name:enp0s3: saddr:16783984: daddr:100932208
[  356.532746] AAAAA-TCP_FORW: name:enp0s3: saddr:16783984: daddr:100932208
[  356.618204] AAAAA-TCP_FORW: name:enp0s3: saddr:16783984: daddr:100932208
[  356.876092] AAAAA-TCP_FORW: name:enp0s3: saddr:16783984: daddr:100932208
[  356.962562] AAAAA-TCP_FORW: name:enp0s3: saddr:16783984: daddr:100932208
[  357.106296] AAAAA-TCP_FORW: name:enp0s3: saddr:16783984: daddr:100932208
[  357.168450] AAAAA-TCP_FORW: name:enp0s3: saddr:16783984: daddr:100932208
[  357.993696] AAAAA-TCP_FORW: name:enp0s3: saddr:16783984: daddr:100932208
[  358.077033] AAAAA-TCP_FORW: name:enp0s3: saddr:16783984: daddr:100932208
[  358.152367] AAAAA-TCP_FORW: name:enp0s3: saddr:16783984: daddr:100932208
[  358.215016] AAAAA-TCP_FORW: name:enp0s3: saddr:33561200: daddr:100932208
[  358.335211] AAAAA-TCP_FORW: name:enp0s3: saddr:16783984: daddr:100932208
[  358.390838] AAAAA-TCP_FORW: name:enp0s3: saddr:33561200: daddr:100932208
[  358.449033] AAAAA-TCP_FORW: name:enp0s3: saddr:16783984: daddr:100932208
[  358.512489] AAAAA-TCP_FORW: name:enp0s3: saddr:33561200: daddr:100932208
[  358.643675] AAAAA-TCP_FORW: name:enp0s3: saddr:33561200: daddr:100932208
[  358.750805] AAAAA-TCP_FORW: name:enp0s3: saddr:16783984: daddr:100932208
[  358.867607] AAAAA-TCP_FORW: name:enp0s3: saddr:33561200: daddr:100932208
[  358.954643] AAAAA-TCP_FORW: name:enp0s3: saddr:16783984: daddr:100932208
[  359.173016] AAAAA-TCP_FORW: name:enp0s3: saddr:33561200: daddr:100932208
[  359.231676] AAAAA-TCP_FORW: name:enp0s3: saddr:16783984: daddr:100932208
[  359.406456] AAAAA-TCP_FORW: name:enp0s3: saddr:33561200: daddr:100932208
[  359.487565] AAAAA-TCP_FORW: name:enp0s3: saddr:16783984: daddr:100932208
[  359.591009] AAAAA-TCP_FORW: name:enp0s3: saddr:33561200: daddr:100932208
[  359.651176] AAAAA-TCP_FORW: name:enp0s3: saddr:16783984: daddr:100932208
[  359.752877] AAAAA-TCP_FORW: name:enp0s3: saddr:33561200: daddr:100932208
[  359.809349] AAAAA-TCP_FORW: name:enp0s3: saddr:16783984: daddr:100932208
[  360.382136] AAAAA-TCP_FORW: name:enp0s3: saddr:33561200: daddr:100932208
[  360.448656] AAAAA-TCP_FORW: name:enp0s3: saddr:16783984: daddr:100932208
[  360.561761] AAAAA-TCP_FORW: name:enp0s3: saddr:33561200: daddr:100932208
[  360.769370] AAAAA-TCP_FORW: name:enp0s3: saddr:33561200: daddr:100932208
[  360.906445] AAAAA-TCP_FORW: name:enp0s3: saddr:33561200: daddr:100932208
[  360.987712] AAAAA-TCP_FORW: name:enp0s3: saddr:33561200: daddr:100932208
[  361.098523] AAAAA-TCP_FORW: name:enp0s3: saddr:16783984: daddr:100932208
[  361.191733] AAAAA-TCP_FORW: name:enp0s3: saddr:33561200: daddr:100932208
[  361.243791] AAAAA-TCP_FORW: name:enp0s3: saddr:16783984: daddr:100932208
[  369.007041] AAAAA-TCP_FORW: name:enp0s3: saddr:33561200: daddr:100932208
[  369.475119] AAAAA-TCP_FORW: name:enp0s3: saddr:100932208: daddr:33561200
[  717.967626] rfkill: input handler enabled
[  726.887030] rfkill: input handler disabled
[  932.300819] device enp0s3 left promiscuous mode
