[    0.000000] Linux version 5.4.243-mptcp (root@ztg) (gcc version 12.2.0 (Debian 12.2.0-14+deb12u1)) #53 SMP Wed Dec 24 23:28:15 CST 2025
[    0.000000] Command line: BOOT_IMAGE=/boot/vmlinuz-5.4.243-mptcp root=UUID=98415a12-53b7-4144-8265-0f7ece09e445 ro quiet splash
[    0.000000] KERNEL supported cpus:
[    0.000000]   Intel GenuineIntel
[    0.000000]   AMD AuthenticAMD
[    0.000000]   Hygon HygonGenuine
[    0.000000]   Centaur CentaurHauls
[    0.000000]   zhaoxin   Shanghai  
[    0.000000] x86/fpu: Supporting XSAVE feature 0x001: 'x87 floating point registers'
[    0.000000] x86/fpu: Supporting XSAVE feature 0x002: 'SSE registers'
[    0.000000] x86/fpu: Supporting XSAVE feature 0x004: 'AVX registers'
[    0.000000] x86/fpu: xstate_offset[2]:  576, xstate_sizes[2]:  256
[    0.000000] x86/fpu: Enabled xstate features 0x7, context size is 832 bytes, using 'standard' format.
[    0.000000] BIOS-provided physical RAM map:
[    0.000000] BIOS-e820: [mem 0x0000000000000000-0x000000000009fbff] usable
[    0.000000] BIOS-e820: [mem 0x000000000009fc00-0x000000000009ffff] reserved
[    0.000000] BIOS-e820: [mem 0x00000000000f0000-0x00000000000fffff] reserved
[    0.000000] BIOS-e820: [mem 0x0000000000100000-0x000000007ffeffff] usable
[    0.000000] BIOS-e820: [mem 0x000000007fff0000-0x000000007fffffff] ACPI data
[    0.000000] BIOS-e820: [mem 0x00000000fec00000-0x00000000fec00fff] reserved
[    0.000000] BIOS-e820: [mem 0x00000000fee00000-0x00000000fee00fff] reserved
[    0.000000] BIOS-e820: [mem 0x00000000fffc0000-0x00000000ffffffff] reserved
[    0.000000] NX (Execute Disable) protection: active
[    0.000000] SMBIOS 2.5 present.
[    0.000000] DMI: innotek GmbH VirtualBox/VirtualBox, BIOS VirtualBox 12/01/2006
[    0.000000] Hypervisor detected: KVM
[    0.000000] kvm-clock: Using msrs 4b564d01 and 4b564d00
[    0.000000] kvm-clock: cpu 0, msr 67401001, primary cpu clock
[    0.000000] kvm-clock: using sched offset of 4452266089 cycles
[    0.000003] clocksource: kvm-clock: mask: 0xffffffffffffffff max_cycles: 0x1cd42e4dffb, max_idle_ns: 881590591483 ns
[    0.000005] tsc: Detected 2100.000 MHz processor
[    0.001856] e820: update [mem 0x00000000-0x00000fff] usable ==> reserved
[    0.001858] e820: remove [mem 0x000a0000-0x000fffff] usable
[    0.001862] last_pfn = 0x7fff0 max_arch_pfn = 0x400000000
[    0.001930] MTRR default type: uncachable
[    0.001931] MTRR fixed ranges enabled:
[    0.001932]   00000-9FFFF write-back
[    0.001933]   A0000-BFFFF uncachable
[    0.001934]   C0000-FFFFF write-protect
[    0.001934] MTRR variable ranges enabled:
[    0.001936]   0 base 000000000000 mask 3FFF80000000 write-back
[    0.001937]   1 disabled
[    0.001937]   2 disabled
[    0.001937]   3 disabled
[    0.001938]   4 disabled
[    0.001938]   5 disabled
[    0.001939]   6 disabled
[    0.001939]   7 disabled
[    0.001939]   8 disabled
[    0.001940]   9 disabled
[    0.001940]   10 disabled
[    0.001941]   11 disabled
[    0.001941]   12 disabled
[    0.001942]   13 disabled
[    0.001942]   14 disabled
[    0.001942]   15 disabled
[    0.001959] x86/PAT: Configuration [0-7]: WB  WC  UC- UC  WB  WP  UC- WT  
[    0.002092] found SMP MP-table at [mem 0x0009fff0-0x0009ffff]
[    0.091097] check: Scanning 1 areas for low memory corruption
[    0.091350] RAMDISK: [mem 0x32271000-0x3512ffff]
[    0.091357] ACPI: Early table checksum verification disabled
[    0.091361] ACPI: RSDP 0x00000000000E0000 000024 (v02 VBOX  )
[    0.091365] ACPI: XSDT 0x000000007FFF0030 00003C (v01 VBOX   VBOXXSDT 00000001 ASL  00000061)
[    0.091372] ACPI: FACP 0x000000007FFF00F0 0000F4 (v04 VBOX   VBOXFACP 00000001 ASL  00000061)
[    0.091378] ACPI: DSDT 0x000000007FFF02E0 002353 (v02 VBOX   VBOXBIOS 00000002 VBOX 00029BF3)
[    0.091382] ACPI: FACS 0x000000007FFF0200 000040
[    0.091385] ACPI: FACS 0x000000007FFF0200 000040
[    0.091389] ACPI: APIC 0x000000007FFF0240 000054 (v02 VBOX   VBOXAPIC 00000001 ASL  00000061)
[    0.091392] ACPI: SSDT 0x000000007FFF02A0 000038 (v01 VBOX   VBOXCPUT 00000002 VBOX 00029BF3)
[    0.091395] ACPI: Reserving FACP table memory at [mem 0x7fff00f0-0x7fff01e3]
[    0.091396] ACPI: Reserving DSDT table memory at [mem 0x7fff02e0-0x7fff2632]
[    0.091397] ACPI: Reserving FACS table memory at [mem 0x7fff0200-0x7fff023f]
[    0.091398] ACPI: Reserving FACS table memory at [mem 0x7fff0200-0x7fff023f]
[    0.091398] ACPI: Reserving APIC table memory at [mem 0x7fff0240-0x7fff0293]
[    0.091399] ACPI: Reserving SSDT table memory at [mem 0x7fff02a0-0x7fff02d7]
[    0.091412] ACPI: Local APIC address 0xfee00000
[    0.091596] No NUMA configuration found
[    0.091597] Faking a node at [mem 0x0000000000000000-0x000000007ffeffff]
[    0.091608] NODE_DATA(0) allocated [mem 0x7ffc5000-0x7ffeffff]
[    0.091868] Zone ranges:
[    0.091869]   DMA      [mem 0x0000000000001000-0x0000000000ffffff]
[    0.091870]   DMA32    [mem 0x0000000001000000-0x000000007ffeffff]
[    0.091871]   Normal   empty
[    0.091871]   Device   empty
[    0.091872] Movable zone start for each node
[    0.091874] Early memory node ranges
[    0.091875]   node   0: [mem 0x0000000000001000-0x000000000009efff]
[    0.091875]   node   0: [mem 0x0000000000100000-0x000000007ffeffff]
[    0.091878] Zeroed struct page in unavailable ranges: 114 pages
[    0.091879] Initmem setup node 0 [mem 0x0000000000001000-0x000000007ffeffff]
[    0.091880] On node 0 totalpages: 524174
[    0.091882]   DMA zone: 64 pages used for memmap
[    0.091882]   DMA zone: 21 pages reserved
[    0.091883]   DMA zone: 3998 pages, LIFO batch:0
[    0.091963]   DMA32 zone: 8128 pages used for memmap
[    0.091963]   DMA32 zone: 520176 pages, LIFO batch:63
[    0.100824] ACPI: PM-Timer IO Port: 0x4008
[    0.100827] ACPI: Local APIC address 0xfee00000
[    0.100895] IOAPIC[0]: apic_id 1, version 32, address 0xfec00000, GSI 0-23
[    0.100898] ACPI: INT_SRC_OVR (bus 0 bus_irq 0 global_irq 2 dfl dfl)
[    0.100900] ACPI: INT_SRC_OVR (bus 0 bus_irq 9 global_irq 9 low level)
[    0.100902] ACPI: IRQ0 used by override.
[    0.100903] ACPI: IRQ9 used by override.
[    0.100905] Using ACPI (MADT) for SMP configuration information
[    0.100912] smpboot: Allowing 1 CPUs, 0 hotplug CPUs
[    0.100932] PM: Registered nosave memory: [mem 0x00000000-0x00000fff]
[    0.100933] PM: Registered nosave memory: [mem 0x0009f000-0x0009ffff]
[    0.100933] PM: Registered nosave memory: [mem 0x000a0000-0x000effff]
[    0.100934] PM: Registered nosave memory: [mem 0x000f0000-0x000fffff]
[    0.100935] [mem 0x80000000-0xfebfffff] available for PCI devices
[    0.100936] Booting paravirtualized kernel on KVM
[    0.100939] clocksource: refined-jiffies: mask: 0xffffffff max_cycles: 0xffffffff, max_idle_ns: 7645519600211568 ns
[    0.100944] setup_percpu: NR_CPUS:8192 nr_cpumask_bits:1 nr_cpu_ids:1 nr_node_ids:1
[    0.101950] percpu: Embedded 60 pages/cpu s208896 r8192 d28672 u2097152
[    0.101955] pcpu-alloc: s208896 r8192 d28672 u2097152 alloc=1*2097152
[    0.101956] pcpu-alloc: [0] 0 
[    0.101980] Built 1 zonelists, mobility grouping on.  Total pages: 515961
[    0.101981] Policy zone: DMA32
[    0.101982] Kernel command line: BOOT_IMAGE=/boot/vmlinuz-5.4.243-mptcp root=UUID=98415a12-53b7-4144-8265-0f7ece09e445 ro quiet splash
[    0.102823] Dentry cache hash table entries: 262144 (order: 9, 2097152 bytes, linear)
[    0.102970] Inode-cache hash table entries: 131072 (order: 8, 1048576 bytes, linear)
[    0.103018] mem auto-init: stack:off, heap alloc:on, heap free:off
[    0.103021] Calgary: detecting Calgary via BIOS EBDA area
[    0.103021] Calgary: Unable to locate Rio Grande table in EBDA - bailing!
[    0.107159] Memory: 1967332K/2096696K available (14339K kernel code, 2398K rwdata, 4712K rodata, 2728K init, 17260K bss, 129364K reserved, 0K cma-reserved)
[    0.108092] SLUB: HWalign=64, Order=0-3, MinObjects=0, CPUs=1, Nodes=1
[    0.108108] ftrace: allocating 43186 entries in 169 pages
[    0.126090] rcu: Hierarchical RCU implementation.
[    0.126091] rcu: 	RCU restricting CPUs from NR_CPUS=8192 to nr_cpu_ids=1.
[    0.126092] 	Tasks RCU enabled.
[    0.126093] rcu: RCU calculated value of scheduler-enlistment delay is 25 jiffies.
[    0.126094] rcu: Adjusting geometry for rcu_fanout_leaf=16, nr_cpu_ids=1
[    0.129046] NR_IRQS: 524544, nr_irqs: 256, preallocated irqs: 16
[    0.129249] random: crng init done
[    0.138529] Console: colour VGA+ 80x25
[    0.138532] printk: console [tty0] enabled
[    0.138549] ACPI: Core revision 20190816
[    0.138640] APIC: Switch to symmetric I/O mode setup
[    0.138887] x2apic enabled
[    0.139123] Switched APIC routing to physical x2apic.
[    0.140256] ..TIMER: vector=0x30 apic1=0 pin1=2 apic2=-1 pin2=-1
[    0.140280] clocksource: tsc-early: mask: 0xffffffffffffffff max_cycles: 0x1e4530a99b6, max_idle_ns: 440795257976 ns
[    0.140284] Calibrating delay loop (skipped) preset value.. 4200.00 BogoMIPS (lpj=8400000)
[    0.140286] pid_max: default: 32768 minimum: 301
[    0.140314] LSM: Security Framework initializing
[    0.140322] Yama: becoming mindful.
[    0.140346] AppArmor: AppArmor initialized
[    0.140379] Mount-cache hash table entries: 4096 (order: 3, 32768 bytes, linear)
[    0.140383] Mountpoint-cache hash table entries: 4096 (order: 3, 32768 bytes, linear)
[    0.140393] *** VALIDATE tmpfs ***
[    0.140522] *** VALIDATE proc ***
[    0.140562] *** VALIDATE cgroup1 ***
[    0.140563] *** VALIDATE cgroup2 ***
[    0.140701] process: using mwait in idle threads
[    0.140707] Last level iTLB entries: 4KB 64, 2MB 8, 4MB 8
[    0.140707] Last level dTLB entries: 4KB 64, 2MB 0, 4MB 0, 1GB 4
[    0.140728] Spectre V1 : Mitigation: usercopy/swapgs barriers and __user pointer sanitization
[    0.140733] Spectre V2 : Mitigation: Retpolines
[    0.140734] Spectre V2 : Spectre v2 / SpectreRSB mitigation: Filling RSB on context switch
[    0.140734] Spectre V2 : Spectre v2 / SpectreRSB : Filling RSB on VMEXIT
[    0.140735] RETBleed: WARNING: Spectre v2 mitigation leaves CPU vulnerable to RETBleed attacks, data leaks possible!
[    0.141092] RETBleed: Vulnerable
[    0.141093] Speculative Store Bypass: Vulnerable
[    0.141097] TAA: Mitigation: TSX disabled
[    0.141098] MMIO Stale Data: Mitigation: Clear CPU buffers
[    0.145261] Freeing SMP alternatives memory: 40K
[    0.257849] smpboot: CPU0: Intel(R) Xeon(R) Silver 4216 CPU @ 2.10GHz (family: 0x6, model: 0x55, stepping: 0x7)
[    0.257939] Performance Events: unsupported p6 CPU model 85 no PMU driver, software events only.
[    0.257970] rcu: Hierarchical SRCU implementation.
[    0.258426] NMI watchdog: Perf NMI watchdog permanently disabled
[    0.258458] smp: Bringing up secondary CPUs ...
[    0.258459] smp: Brought up 1 node, 1 CPU
[    0.258460] smpboot: Max logical packages: 1
[    0.258461] smpboot: Total of 1 processors activated (4200.00 BogoMIPS)
[    0.259368] devtmpfs: initialized
[    0.259406] x86/mm: Memory block size: 128MB
[    0.259714] clocksource: jiffies: mask: 0xffffffff max_cycles: 0xffffffff, max_idle_ns: 7645041785100000 ns
[    0.259717] futex hash table entries: 256 (order: 2, 16384 bytes, linear)
[    0.259753] pinctrl core: initialized pinctrl subsystem
[    0.259844] PM: RTC time: 14:49:48, date: 2026-01-13
[    0.259939] NET: Registered protocol family 16
[    0.260009] audit: initializing netlink subsys (disabled)
[    0.260124] EISA bus registered
[    0.260125] cpuidle: using governor ladder
[    0.260126] cpuidle: using governor menu
[    0.260159] ACPI: bus type PCI registered
[    0.260160] acpiphp: ACPI Hot Plug PCI Controller Driver version: 0.5
[    0.260254] PCI: Using configuration type 1 for base access
[    0.260282] audit: type=2000 audit(1768286994.681:1): state=initialized audit_enabled=0 res=1
[    0.260345] HugeTLB registered 2.00 MiB page size, pre-allocated 0 pages
[    0.261082] ACPI: Added _OSI(Module Device)
[    0.261083] ACPI: Added _OSI(Processor Device)
[    0.261084] ACPI: Added _OSI(3.0 _SCP Extensions)
[    0.261084] ACPI: Added _OSI(Processor Aggregator Device)
[    0.261085] ACPI: Added _OSI(Linux-Dell-Video)
[    0.261086] ACPI: Added _OSI(Linux-Lenovo-NV-HDMI-Audio)
[    0.261087] ACPI: Added _OSI(Linux-HPI-Hybrid-Graphics)
[    0.263011] ACPI: 2 ACPI AML tables successfully acquired and loaded
[    0.264509] ACPI: Interpreter enabled
[    0.264518] ACPI: (supports S0 S5)
[    0.264519] ACPI: Using IOAPIC for interrupt routing
[    0.264724] PCI: Using host bridge windows from ACPI; if necessary, use "pci=nocrs" and report a bug
[    0.264828] ACPI: Enabled 2 GPEs in block 00 to 07
[    0.269587] ACPI: PCI Root Bridge [PCI0] (domain 0000 [bus 00-ff])
[    0.269593] acpi PNP0A03:00: _OSC: OS supports [ASPM ClockPM Segments MSI HPX-Type3]
[    0.270032] acpi PNP0A03:00: _OSC: not requesting OS control; OS requires [ExtendedConfig ASPM ClockPM MSI]
[    0.270040] acpi PNP0A03:00: fail to add MMCONFIG information, can't access extended PCI configuration space under this bridge.
[    0.270406] PCI host bridge to bus 0000:00
[    0.270408] pci_bus 0000:00: root bus resource [io  0x0000-0x0cf7 window]
[    0.270409] pci_bus 0000:00: root bus resource [io  0x0d00-0xffff window]
[    0.270410] pci_bus 0000:00: root bus resource [mem 0x000a0000-0x000bffff window]
[    0.270411] pci_bus 0000:00: root bus resource [mem 0x80000000-0xfdffffff window]
[    0.270412] pci_bus 0000:00: root bus resource [bus 00-ff]
[    0.270453] pci 0000:00:00.0: [8086:1237] type 00 class 0x060000
[    0.271384] pci 0000:00:01.0: [8086:7000] type 00 class 0x060100
[    0.272144] pci 0000:00:01.1: [8086:7111] type 00 class 0x01018a
[    0.272622] pci 0000:00:01.1: reg 0x20: [io  0xd000-0xd00f]
[    0.272775] pci 0000:00:01.1: legacy IDE quirk: reg 0x10: [io  0x01f0-0x01f7]
[    0.272776] pci 0000:00:01.1: legacy IDE quirk: reg 0x14: [io  0x03f6]
[    0.272777] pci 0000:00:01.1: legacy IDE quirk: reg 0x18: [io  0x0170-0x0177]
[    0.272778] pci 0000:00:01.1: legacy IDE quirk: reg 0x1c: [io  0x0376]
[    0.273319] pci 0000:00:02.0: [15ad:0405] type 00 class 0x030000
[    0.276282] pci 0000:00:02.0: reg 0x10: [io  0xd010-0xd01f]
[    0.279125] pci 0000:00:02.0: reg 0x14: [mem 0xe0000000-0xe7ffffff pref]
[    0.280328] pci 0000:00:02.0: reg 0x18: [mem 0xf0000000-0xf01fffff]
[    0.292325] pci 0000:00:03.0: [1022:2000] type 00 class 0x020000
[    0.292993] pci 0000:00:03.0: reg 0x10: [io  0xd020-0xd03f]
[    0.293600] pci 0000:00:03.0: reg 0x14: [mem 0xf0200000-0xf0200fff]
[    0.297036] pci 0000:00:04.0: [80ee:cafe] type 00 class 0x088000
[    0.297705] pci 0000:00:04.0: reg 0x10: [io  0xd040-0xd05f]
[    0.298310] pci 0000:00:04.0: reg 0x14: [mem 0xf0400000-0xf07fffff]
[    0.298917] pci 0000:00:04.0: reg 0x18: [mem 0xf0800000-0xf0803fff pref]
[    0.302215] pci 0000:00:07.0: [8086:7113] type 00 class 0x068000
[    0.302763] pci 0000:00:07.0: quirk: [io  0x4000-0x403f] claimed by PIIX4 ACPI
[    0.302774] pci 0000:00:07.0: quirk: [io  0x4100-0x410f] claimed by PIIX4 SMB
[    0.303353] pci 0000:00:08.0: [1022:2000] type 00 class 0x020000
[    0.304025] pci 0000:00:08.0: reg 0x10: [io  0xd060-0xd07f]
[    0.304394] pci 0000:00:08.0: reg 0x14: [mem 0xf0804000-0xf0804fff]
[    0.309017] pci 0000:00:09.0: [8086:100e] type 00 class 0x020000
[    0.309720] pci 0000:00:09.0: reg 0x10: [mem 0xf0820000-0xf083ffff]
[    0.310878] pci 0000:00:09.0: reg 0x18: [io  0xd080-0xd087]
[    0.321174] ACPI: PCI Interrupt Link [LNKA] (IRQs 5 9 10 *11)
[    0.321456] ACPI: PCI Interrupt Link [LNKB] (IRQs 5 9 *10 11)
[    0.321558] ACPI: PCI Interrupt Link [LNKC] (IRQs 5 *9 10 11)
[    0.321659] ACPI: PCI Interrupt Link [LNKD] (IRQs 5 9 10 *11)
[    0.321884] iommu: Default domain type: Translated 
[    0.321937] pci 0000:00:02.0: vgaarb: setting as boot VGA device
[    0.321939] pci 0000:00:02.0: vgaarb: VGA device added: decodes=io+mem,owns=io+mem,locks=none
[    0.321941] pci 0000:00:02.0: vgaarb: bridge control possible
[    0.321941] vgaarb: loaded
[    0.322130] SCSI subsystem initialized
[    0.322157] libata version 3.00 loaded.
[    0.322179] ACPI: bus type USB registered
[    0.322193] usbcore: registered new interface driver usbfs
[    0.322199] usbcore: registered new interface driver hub
[    0.322204] usbcore: registered new device driver usb
[    0.322229] pps_core: LinuxPPS API ver. 1 registered
[    0.322229] pps_core: Software ver. 5.3.6 - Copyright 2005-2007 Rodolfo Giometti <giometti@linux.it>
[    0.322232] PTP clock support registered
[    0.322268] EDAC MC: Ver: 3.0.0
[    0.322543] PCI: Using ACPI for IRQ routing
[    0.322544] PCI: pci_cache_line_size set to 64 bytes
[    0.322717] e820: reserve RAM buffer [mem 0x0009fc00-0x0009ffff]
[    0.322720] e820: reserve RAM buffer [mem 0x7fff0000-0x7fffffff]
[    0.323530] NetLabel: Initializing
[    0.323530] NetLabel:  domain hash size = 128
[    0.323531] NetLabel:  protocols = UNLABELED CIPSOv4 CALIPSO
[    0.323550] NetLabel:  unlabeled traffic allowed by default
[    0.324975] clocksource: Switched to clocksource kvm-clock
[    0.338499] *** VALIDATE bpf ***
[    0.338553] VFS: Disk quotas dquot_6.6.0
[    0.338564] VFS: Dquot-cache hash table entries: 512 (order 0, 4096 bytes)
[    0.338585] *** VALIDATE ramfs ***
[    0.338588] *** VALIDATE hugetlbfs ***
[    0.338665] AppArmor: AppArmor Filesystem Enabled
[    0.338687] pnp: PnP ACPI init
[    0.338743] pnp 00:00: Plug and Play ACPI device, IDs PNP0303 (active)
[    0.338810] pnp 00:01: Plug and Play ACPI device, IDs PNP0f03 (active)
[    0.339560] pnp: PnP ACPI: found 2 devices
[    0.340524] thermal_sys: Registered thermal governor 'fair_share'
[    0.340525] thermal_sys: Registered thermal governor 'bang_bang'
[    0.340526] thermal_sys: Registered thermal governor 'step_wise'
[    0.340526] thermal_sys: Registered thermal governor 'user_space'
[    0.340527] thermal_sys: Registered thermal governor 'power_allocator'
[    0.345038] clocksource: acpi_pm: mask: 0xffffff max_cycles: 0xffffff, max_idle_ns: 2085701024 ns
[    0.345077] pci_bus 0000:00: resource 4 [io  0x0000-0x0cf7 window]
[    0.345078] pci_bus 0000:00: resource 5 [io  0x0d00-0xffff window]
[    0.345080] pci_bus 0000:00: resource 6 [mem 0x000a0000-0x000bffff window]
[    0.345081] pci_bus 0000:00: resource 7 [mem 0x80000000-0xfdffffff window]
[    0.345135] NET: Registered protocol family 2
[    0.345207] IP idents hash table entries: 32768 (order: 6, 262144 bytes, linear)
[    0.345593] MPTCP tokens hash table entries: 8192 (order: 4, 65536 bytes, linear)
[    0.345612] MPTCP request tokens hash table entries: 8192 (order: 4, 65536 bytes, linear)
[    0.345637] default registered
[    0.345637] default registered
[    0.345638] MPTCP: Stable release v0.96
[    0.345643] tcp_listen_portaddr_hash hash table entries: 1024 (order: 2, 16384 bytes, linear)
[    0.345719] TCP established hash table entries: 16384 (order: 5, 131072 bytes, linear)
[    0.345782] TCP bind hash table entries: 16384 (order: 6, 262144 bytes, linear)
[    0.345807] TCP: Hash tables configured (established 16384 bind 16384)
[    0.346511] UDP hash table entries: 1024 (order: 3, 32768 bytes, linear)
[    0.346522] UDP-Lite hash table entries: 1024 (order: 3, 32768 bytes, linear)
[    0.346555] NET: Registered protocol family 1
[    0.346563] NET: Registered protocol family 44
[    0.346582] pci 0000:00:00.0: Limiting direct PCI/PCI transfers
[    0.346594] pci 0000:00:01.0: Activating ISA DMA hang workarounds
[    0.346651] pci 0000:00:02.0: Video device with shadowed ROM at [mem 0x000c0000-0x000dffff]
[    0.346713] PCI: CLS 0 bytes, default 64
[    0.346758] Trying to unpack rootfs image as initramfs...
[    0.523281] Freeing initrd memory: 47868K
[    0.523372] clocksource: tsc: mask: 0xffffffffffffffff max_cycles: 0x1e4530a99b6, max_idle_ns: 440795257976 ns
[    0.523381] clocksource: Switched to clocksource tsc
[    0.523418] platform rtc_cmos: registered platform RTC device (no PNP device found)
[    0.523447] check: Scanning for low memory corruption every 60 seconds
[    0.523763] Initialise system trusted keyrings
[    0.523763] Key type blacklist registered
[    0.523763] workingset: timestamp_bits=36 max_order=19 bucket_order=0
[    0.523763] zbud: loaded
[    0.523763] squashfs: version 4.0 (2009/01/31) Phillip Lougher
[    0.523763] fuse: init (API version 7.31)
[    0.523763] *** VALIDATE fuse ***
[    0.523763] *** VALIDATE fuse ***
[    0.523763] Platform Keyring initialized
[    0.523763] Key type asymmetric registered
[    0.523763] Asymmetric key parser 'x509' registered
[    0.523763] Block layer SCSI generic (bsg) driver version 0.4 loaded (major 244)
[    0.523763] io scheduler mq-deadline registered
[    0.523763] shpchp: Standard Hot Plug PCI Controller Driver version: 0.4
[    0.529081] ACPI: AC Adapter [AC] (on-line)
[    0.529126] input: Power Button as /devices/LNXSYSTM:00/LNXPWRBN:00/input/input0
[    0.529152] ACPI: Power Button [PWRF]
[    0.529237] input: Sleep Button as /devices/LNXSYSTM:00/LNXSLPBN:00/input/input1
[    0.529252] ACPI: Sleep Button [SLPF]
[    0.529473] Serial: 8250/16550 driver, 32 ports, IRQ sharing enabled
[    0.530639] Linux agpgart interface v0.103
[    0.619082] loop: module loaded
[    0.619205] ata_piix 0000:00:01.1: version 2.13
[    0.619598] scsi host0: ata_piix
[    0.619694] scsi host1: ata_piix
[    0.619720] ata1: PATA max UDMA/33 cmd 0x1f0 ctl 0x3f6 bmdma 0xd000 irq 14
[    0.619721] ata2: PATA max UDMA/33 cmd 0x170 ctl 0x376 bmdma 0xd008 irq 15
[    0.619794] tun: Universal TUN/TAP device driver, 1.6
[    0.620661] PPP generic driver version 2.4.2
[    0.620710] VFIO - User Level meta-driver version: 0.3
[    0.620956] ehci_hcd: USB 2.0 'Enhanced' Host Controller (EHCI) Driver
[    0.620962] ehci-pci: EHCI PCI platform driver
[    0.620974] ehci-platform: EHCI generic platform driver
[    0.620979] ohci_hcd: USB 1.1 'Open' Host Controller (OHCI) Driver
[    0.620981] ohci-pci: OHCI PCI platform driver
[    0.620988] ohci-platform: OHCI generic platform driver
[    0.620992] uhci_hcd: USB Universal Host Controller Interface driver
[    0.621057] i8042: PNP: PS/2 Controller [PNP0303:PS2K,PNP0f03:PS2M] at 0x60,0x64 irq 1,12
[    0.621493] serio: i8042 KBD port at 0x60,0x64 irq 1
[    0.621497] serio: i8042 AUX port at 0x60,0x64 irq 12
[    0.621581] mousedev: PS/2 mouse device common for all mice
[    0.621823] input: AT Translated Set 2 keyboard as /devices/platform/i8042/serio0/input/input2
[    0.622220] rtc_cmos rtc_cmos: registered as rtc0
[    0.622234] rtc_cmos rtc_cmos: alarms up to one day, 114 bytes nvram
[    0.622239] i2c /dev entries driver
[    0.622279] device-mapper: uevent: version 1.0.3
[    0.622320] device-mapper: ioctl: 4.41.0-ioctl (2019-09-16) initialised: dm-devel@redhat.com
[    0.622336] platform eisa.0: Probing EISA bus 0
[    0.622337] platform eisa.0: EISA: Cannot allocate resource for mainboard
[    0.622338] platform eisa.0: Cannot allocate resource for EISA slot 1
[    0.622339] platform eisa.0: Cannot allocate resource for EISA slot 2
[    0.622340] platform eisa.0: Cannot allocate resource for EISA slot 3
[    0.622341] platform eisa.0: Cannot allocate resource for EISA slot 4
[    0.622342] platform eisa.0: Cannot allocate resource for EISA slot 5
[    0.622343] platform eisa.0: Cannot allocate resource for EISA slot 6
[    0.622344] platform eisa.0: Cannot allocate resource for EISA slot 7
[    0.622345] platform eisa.0: Cannot allocate resource for EISA slot 8
[    0.622346] platform eisa.0: EISA: Detected 0 cards
[    0.622348] intel_pstate: CPU model not supported
[    0.622356] ledtrig-cpu: registered to indicate activity on CPUs
[    0.622407] drop_monitor: Initializing network drop monitor service
[    0.622564] NET: Registered protocol family 10
[    0.627190] Segment Routing with IPv6
[    0.627190] fullmesh registered
[    0.627190] ndiffports registered
[    0.627190] binder registered
[    0.627190] roundrobin registered
[    0.627190] redundant registered
[    0.627190] blest registered
[    0.627190] ecf registered
[    0.627190] NET: Registered protocol family 17
[    0.627190] Key type dns_resolver registered
[    0.627190] RAS: Correctable Errors collector initialized.
[    0.627190] IPI shorthand broadcast: enabled
[    0.627190] sched_clock: Marking stable (612147346, 11043410)->(623460763, -270007)
[    0.627848] registered taskstats version 1
[    0.627856] Loading compiled-in X.509 certificates
[    0.628443] Loaded X.509 cert 'Build time autogenerated kernel key: 6909f3744cebb3d0de528d5887b96a727de79b1e'
[    0.628460] zswap: loaded using pool lzo/zbud
[    0.628513] Key type ._fscrypt registered
[    0.628513] Key type .fscrypt registered
[    0.632931] Key type big_key registered
[    0.635100] Key type encrypted registered
[    0.635103] AppArmor: AppArmor sha1 policy hashing enabled
[    0.635110] ima: No TPM chip found, activating TPM-bypass!
[    0.635114] ima: Allocated hash algorithm: sha1
[    0.635119] ima: No architecture policies found
[    0.635128] evm: Initialising EVM extended attributes:
[    0.635128] evm: security.selinux
[    0.635129] evm: security.SMACK64
[    0.635129] evm: security.SMACK64EXEC
[    0.635130] evm: security.SMACK64TRANSMUTE
[    0.635130] evm: security.SMACK64MMAP
[    0.635131] evm: security.apparmor
[    0.635131] evm: security.ima
[    0.635132] evm: security.capability
[    0.635132] evm: HMAC attrs: 0x1
[    0.635419] PM:   Magic number: 10:218:839
[    0.635514] rtc_cmos rtc_cmos: setting system clock to 2026-01-13T14:49:49 UTC (1768315789)
[    0.792127] ata1.00: ATA-6: VBOX HARDDISK, 1.0, max UDMA/133
[    0.792131] ata1.00: 209715200 sectors, multi 128: LBA 
[    0.792775] scsi 0:0:0:0: Direct-Access     ATA      VBOX HARDDISK    1.0  PQ: 0 ANSI: 5
[    0.793038] sd 0:0:0:0: [sda] 209715200 512-byte logical blocks: (107 GB/100 GiB)
[    0.793050] sd 0:0:0:0: [sda] Write Protect is off
[    0.793053] sd 0:0:0:0: [sda] Mode Sense: 00 3a 00 00
[    0.793074] sd 0:0:0:0: [sda] Write cache: enabled, read cache: enabled, doesn't support DPO or FUA
[    0.793279] sd 0:0:0:0: Attached scsi generic sg0 type 0
[    0.794433]  sda: sda1 sda2
[    0.803334] sd 0:0:0:0: [sda] Attached SCSI disk
[    0.808040] Freeing unused decrypted memory: 2040K
[    0.809290] Freeing unused kernel image memory: 2728K
[    0.809294] Write protecting the kernel read-only data: 22528k
[    0.810657] Freeing unused kernel image memory: 2036K
[    0.811382] Freeing unused kernel image memory: 1432K
[    0.845867] x86/mm: Checked W+X mappings: passed, no W+X pages found.
[    0.845871] Run /init as init process
[    0.942047] ACPI: Video Device [GFX0] (multi-head: yes  rom: no  post: no)
[    0.942113] input: Video Bus as /devices/LNXSYSTM:00/LNXSYBUS:00/PNP0A03:00/LNXVIDEO:00/input/input4
[    0.957386] piix4_smbus 0000:00:07.0: SMBus Host Controller at 0x4100, revision 0
[    0.960299] e1000: Intel(R) PRO/1000 Network Driver - version 7.3.21-k8-NAPI
[    0.960300] e1000: Copyright (c) 1999-2006 Intel Corporation.
[    0.961642] pcnet32: pcnet32.c:v1.35 21.Apr.2008 tsbogend@alpha.franken.de
[    0.962282] pcnet32: PCnet/FAST III 79C973 at 0xd020, 08:00:27:d9:a7:79 assigned IRQ 19
[    0.962325] pcnet32: Found PHY 0022:561b at address 0
[    0.962616] pcnet32: eth0: registered as PCnet/FAST III 79C973
[    0.980360] pcnet32: PCnet/FAST III 79C973 at 0xd060, 08:00:27:a2:8f:f5 assigned IRQ 16
[    0.980404] pcnet32: Found PHY 0022:561b at address 0
[    0.980722] pcnet32: eth1: registered as PCnet/FAST III 79C973
[    0.986420] pcnet32: 2 cards_found
[    1.038379] pcnet32 0000:00:03.0 enp0s3: renamed from eth0
[    1.039407] pcnet32 0000:00:08.0 enp0s8: renamed from eth1
[    1.179695] input: ImExPS/2 Generic Explorer Mouse as /devices/platform/i8042/serio1/input/input5
[    1.367571] e1000 0000:00:09.0 eth0: (PCI:33MHz:32-bit) 08:00:27:c2:c5:de
[    1.367574] e1000 0000:00:09.0 eth0: Intel(R) PRO/1000 Network Connection
[    1.368447] e1000 0000:00:09.0 enp0s9: renamed from eth0
[    1.508682] EXT4-fs (sda2): mounted filesystem with ordered data mode. Opts: (null)
[    1.599522] systemd[1]: Inserted module 'autofs4'
[    1.611235] systemd[1]: systemd 245.4-4ubuntu3 running in system mode. (+PAM +AUDIT +SELINUX +IMA +APPARMOR +SMACK +SYSVINIT +UTMP +LIBCRYPTSETUP +GCRYPT +GNUTLS +ACL +XZ +LZ4 +SECCOMP +BLKID +ELFUTILS +KMOD +IDN2 -IDN +PCRE2 default-hierarchy=hybrid)
[    1.611264] systemd[1]: Detected virtualization oracle.
[    1.611267] systemd[1]: Detected architecture x86-64.
[    1.612549] systemd[1]: Set hostname to <ztg>.
[    1.735327] systemd[1]: /lib/systemd/system/dbus.socket:5: ListenStream= references a path below legacy directory /var/run/, updating /var/run/dbus/system_bus_socket â†’ /run/dbus/system_bus_socket; please update the unit file accordingly.
[    1.786942] systemd[1]: Created slice system-modprobe.slice.
[    1.787182] systemd[1]: Created slice User and Session Slice.
[    1.787230] systemd[1]: Started Forward Password Requests to Wall Directory Watch.
[    1.787382] systemd[1]: Set up automount Arbitrary Executable File Formats File System Automount Point.
[    1.787417] systemd[1]: Reached target User and Group Name Lookups.
[    1.787425] systemd[1]: Reached target Remote File Systems.
[    1.787433] systemd[1]: Reached target Slices.
[    1.787981] systemd[1]: Listening on Syslog Socket.
[    1.788047] systemd[1]: Listening on fsck to fsckd communication Socket.
[    1.788082] systemd[1]: Listening on initctl Compatibility Named Pipe.
[    1.788209] systemd[1]: Listening on Journal Audit Socket.
[    1.788263] systemd[1]: Listening on Journal Socket (/dev/log).
[    1.788329] systemd[1]: Listening on Journal Socket.
[    1.788391] systemd[1]: Listening on udev Control Socket.
[    1.788430] systemd[1]: Listening on udev Kernel Socket.
[    1.789111] systemd[1]: Mounting Huge Pages File System...
[    1.789978] systemd[1]: Mounting POSIX Message Queue File System...
[    1.790801] systemd[1]: Mounting Kernel Debug File System...
[    1.791682] systemd[1]: Mounting Kernel Trace File System...
[    1.793551] systemd[1]: Starting Journal Service...
[    1.817779] systemd[1]: Starting Set the console keyboard layout...
[    1.822876] systemd[1]: Starting Create list of static device nodes for the current kernel...
[    1.828011] systemd[1]: Starting Load Kernel Module drm...
[    1.831932] systemd[1]: Condition check resulted in Set Up Additional Binary Formats being skipped.
[    1.831969] systemd[1]: Condition check resulted in File System Check on Root Device being skipped.
[    1.844443] systemd[1]: Starting Load Kernel Modules...
[    1.845192] systemd[1]: Starting Remount Root and Kernel File Systems...
[    1.845971] systemd[1]: Starting udev Coldplug all Devices...
[    1.846700] systemd[1]: Starting Uncomplicated firewall...
[    1.848117] systemd[1]: Mounted Huge Pages File System.
[    1.848205] systemd[1]: Mounted POSIX Message Queue File System.
[    1.848280] systemd[1]: Mounted Kernel Debug File System.
[    1.848355] systemd[1]: Mounted Kernel Trace File System.
[    1.894395] systemd[1]: Finished Create list of static device nodes for the current kernel.
[    1.894694] systemd[1]: modprobe@drm.service: Succeeded.
[    1.895329] systemd[1]: Finished Load Kernel Module drm.
[    1.896073] systemd[1]: Finished Uncomplicated firewall.
[    1.897111] EXT4-fs (sda2): re-mounted. Opts: errors=remount-ro
[    1.900568] systemd[1]: Finished Remount Root and Kernel File Systems.
[    1.901918] systemd[1]: Condition check resulted in Rebuild Hardware Database being skipped.
[    1.901948] systemd[1]: Condition check resulted in Platform Persistent Storage Archival being skipped.
[    1.908157] systemd[1]: Starting Load/Save Random Seed...
[    1.914745] systemd[1]: Starting Create System Users...
[    1.937859] systemd[1]: Finished Load/Save Random Seed.
[    1.939501] lp: driver loaded but no devices found
[    1.945138] systemd[1]: Finished Create System Users.
[    1.945815] systemd[1]: Starting Create Static Device Nodes in /dev...
[    1.950902] ppdev: user-space parallel port driver
[    1.984568] systemd[1]: Finished Create Static Device Nodes in /dev.
[    1.985317] systemd[1]: Starting udev Kernel Device Manager...
[    2.025098] systemd[1]: Finished udev Coldplug all Devices.
[    2.028942] [drm] DMA map mode: Caching DMA mappings.
[    2.029004] [drm] Capabilities:
[    2.029005] [drm]   Rect copy.
[    2.029005] [drm]   Cursor.
[    2.029006] [drm]   Cursor bypass.
[    2.029006] [drm]   Cursor bypass 2.
[    2.029006] [drm]   Alpha cursor.
[    2.029007] [drm]   Extended Fifo.
[    2.029007] [drm]   Pitchlock.
[    2.029007] [drm]   Irq mask.
[    2.029008] [drm]   GMR.
[    2.029008] [drm]   Traces.
[    2.029008] [drm]   GMR2.
[    2.029009] [drm]   Screen Object 2.
[    2.029009] [drm]   Command Buffers.
[    2.029009] [drm]   Command Buffers 2.
[    2.029010] [drm]   Guest Backed Resources.
[    2.029011] [drm] Max GMR ids is 8192
[    2.029011] [drm] Max number of GMR pages is 1048576
[    2.029012] [drm] Max dedicated hypervisor surface memory is 393216 kiB
[    2.029012] [drm] Maximum display memory size is 131072 kiB
[    2.029013] [drm] VRAM at 0xe0000000 size is 131072 kiB
[    2.029014] [drm] MMIO at 0xf0000000 size is 2048 kiB
[    2.037734] [TTM] Zone  kernel: Available graphics memory: 1011738 KiB
[    2.037735] [TTM] Initializing pool allocator
[    2.037738] [TTM] Initializing DMA pool allocator
[    2.037766] [drm] Supports vblank timestamp caching Rev 2 (21.10.2013).
[    2.037766] [drm] No driver support for vblank timestamp query.
[    2.037979] [drm] Screen Target Display device initialized
[    2.038186] [drm] width 720
[    2.038194] [drm] height 400
[    2.038198] [drm] bpp 32
[    2.038695] [drm] Fifo max 0x00200000 min 0x00001000 cap 0x00000355
[    2.039807] [drm] Using command buffers with DMA pool.
[    2.039811] [drm] DX: no.
[    2.039811] [drm] Atomic: yes.
[    2.039812] [drm] SM4_1: no.
[    2.039830] [drm:vmw_host_log [vmwgfx]] *ERROR* Failed to send host log message.
[    2.040720] [drm:vmw_host_log [vmwgfx]] *ERROR* Failed to send host log message.
[    2.050522] fbcon: svgadrmfb (fb0) is primary device
[    2.057210] Console: switching to colour frame buffer device 100x37
[    2.064151] [drm] Initialized vmwgfx 2.15.0 20180704 for 0000:00:02.0 on minor 0
[    2.074441] systemd[1]: Finished Load Kernel Modules.
[    2.075326] systemd[1]: Mounting FUSE Control File System...
[    2.076484] systemd[1]: Mounting Kernel Configuration File System...
[    2.104829] systemd[1]: Starting Apply Kernel Variables...
[    2.106417] systemd[1]: Mounted FUSE Control File System.
[    2.106487] systemd[1]: Condition check resulted in VMware vmblock fuse mount being skipped.
[    2.112276] systemd[1]: Mounted Kernel Configuration File System.
[    2.120890] systemd[1]: Finished Set the console keyboard layout.
[    2.120982] systemd[1]: Reached target Local File Systems (Pre).
[    2.123043] systemd[1]: Mounting Mount unit for bare, revision 5...
[    2.125007] systemd[1]: Mounting Mount unit for core18, revision 1705...
[    2.133308] systemd[1]: Mounting Mount unit for gnome-3-34-1804, revision 24...
[    2.137410] systemd[1]: Mounting Mount unit for gtk-common-themes, revision 1506...
[    2.159476] systemd[1]: Mounting Mount unit for gtk-common-themes, revision 1535...
[    2.163360] systemd[1]: Mounting Mount unit for snap-store, revision 433...
[    2.175076] systemd[1]: Mounting Mount unit for snapd, revision 25935...
[    2.187733] systemd[1]: Finished Apply Kernel Variables.
[    2.190117] systemd[1]: Mounted Mount unit for bare, revision 5.
[    2.190203] systemd[1]: Mounted Mount unit for core18, revision 1705.
[    2.190276] systemd[1]: Mounted Mount unit for gnome-3-34-1804, revision 24.
[    2.214194] systemd[1]: Started udev Kernel Device Manager.
[    2.214855] systemd[1]: Starting Show Plymouth Boot Screen...
[    2.220014] systemd[1]: Received SIGRTMIN+20 from PID 277 (plymouthd).
[    2.246832] systemd[1]: Started Show Plymouth Boot Screen.
[    2.246969] systemd[1]: Condition check resulted in Dispatch Password Requests to Console Directory Watch being skipped.
[    2.247047] systemd[1]: Started Forward Password Requests to Plymouth Directory Watch.
[    2.247078] systemd[1]: Reached target Local Encrypted Volumes.
[    2.264957] systemd[1]: Mounted Mount unit for gtk-common-themes, revision 1506.
[    2.265208] systemd[1]: Mounted Mount unit for gtk-common-themes, revision 1535.
[    2.313993] systemd[1]: Mounted Mount unit for snap-store, revision 433.
[    2.314207] systemd[1]: Mounted Mount unit for snapd, revision 25935.
[    2.314357] systemd[1]: Reached target Local File Systems.
[    2.315104] systemd[1]: Starting Load AppArmor profiles...
[    2.317294] systemd[1]: Starting Set console font and keymap...
[    2.329833] systemd[1]: Starting Tell Plymouth To Write Out Runtime Data...
[    2.331406] systemd[1]: Condition check resulted in Store a System Token in an EFI Variable being skipped.
[    2.331465] systemd[1]: Condition check resulted in Commit a transient machine-id on disk being skipped.
[    2.333793] systemd[1]: Finished Set console font and keymap.
[    2.342835] systemd[1]: Received SIGRTMIN+20 from PID 277 (plymouthd).
[    2.344200] systemd[1]: plymouth-read-write.service: Succeeded.
[    2.344423] systemd[1]: Finished Tell Plymouth To Write Out Runtime Data.
[    2.378641] audit: type=1400 audit(1768315791.236:2): apparmor="STATUS" operation="profile_load" profile="unconfined" name="nvidia_modprobe" pid=301 comm="apparmor_parser"
[    2.378643] audit: type=1400 audit(1768315791.236:3): apparmor="STATUS" operation="profile_load" profile="unconfined" name="nvidia_modprobe//kmod" pid=301 comm="apparmor_parser"
[    2.385348] audit: type=1400 audit(1768315791.244:4): apparmor="STATUS" operation="profile_load" profile="unconfined" name="/usr/sbin/tcpdump" pid=302 comm="apparmor_parser"
[    2.412510] audit: type=1400 audit(1768315791.268:5): apparmor="STATUS" operation="profile_load" profile="unconfined" name="/usr/bin/evince" pid=304 comm="apparmor_parser"
[    2.412512] audit: type=1400 audit(1768315791.268:6): apparmor="STATUS" operation="profile_load" profile="unconfined" name="/usr/bin/evince//sanitized_helper" pid=304 comm="apparmor_parser"
[    2.412513] audit: type=1400 audit(1768315791.268:7): apparmor="STATUS" operation="profile_load" profile="unconfined" name="/usr/bin/evince-previewer" pid=304 comm="apparmor_parser"
[    2.412516] audit: type=1400 audit(1768315791.268:8): apparmor="STATUS" operation="profile_load" profile="unconfined" name="/usr/bin/evince-previewer//sanitized_helper" pid=304 comm="apparmor_parser"
[    2.412517] audit: type=1400 audit(1768315791.268:9): apparmor="STATUS" operation="profile_load" profile="unconfined" name="/usr/bin/evince-thumbnailer" pid=304 comm="apparmor_parser"
[    2.443237] audit: type=1400 audit(1768315791.300:10): apparmor="STATUS" operation="profile_load" profile="unconfined" name="/usr/lib/cups/backend/cups-pdf" pid=305 comm="apparmor_parser"
[    2.503591] systemd[1]: Finished Load AppArmor profiles.
[    2.504560] systemd[1]: Starting Load AppArmor profiles managed internally by snapd...
[    2.623348] systemd[1]: Finished Load AppArmor profiles managed internally by snapd.
[    2.742941] systemd[1]: Started Journal Service.
[    2.750167] systemd-journald[229]: Received client request to flush runtime journal.
[    2.752107] systemd-journald[229]: File /var/log/journal/c455b248004a419c87ce85eea238d727/system.journal corrupted or uncleanly shut down, renaming and replacing.
[    4.010200] RAPL PMU: API unit is 2^-32 Joules, 0 fixed counters, 10737418240 ms ovfl timer
[    4.076295] cryptd: max_cpu_qlen set to 1000
[    4.122339] AVX2 version of gcm_enc/dec engaged.
[    4.122340] AES CTR mode by8 optimization enabled
[    5.897592] Adding 1998844k swap on /dev/sda1.  Priority:-2 extents:1 across:1998844k FS
[    6.791501] kauditd_printk_skb: 30 callbacks suppressed
[    6.791502] audit: type=1400 audit(1768315795.652:41): apparmor="DENIED" operation="capable" profile="/usr/sbin/cups-browsed" pid=512 comm="cups-browsed" capability=23  capname="sys_nice"
[    8.231671] pcnet32 0000:00:03.0 enp0s3: link up, 100Mbps, full-duplex
[    8.251290] pcnet32 0000:00:08.0 enp0s8: link up, 100Mbps, full-duplex
[    8.288927] e1000: enp0s9 NIC Link is Up 1000 Mbps Full Duplex, Flow Control: RX
[    8.289219] IPv6: ADDRCONF(NETDEV_CHANGE): enp0s9: link becomes ready
[    8.806530] device enp0s8 entered promiscuous mode
[    8.821420] device enp0s3 entered promiscuous mode
[    8.866467] audit: type=1400 audit(1768315797.728:42): apparmor="DENIED" operation="open" profile="/usr/sbin/tcpdump" name="/proc/sys/kernel/random/boot_id" pid=622 comm="tcpdump" requested_mask="r" denied_mask="r" fsuid=0 ouid=0
[    8.866649] audit: type=1400 audit(1768315797.728:43): apparmor="DENIED" operation="open" profile="/usr/sbin/tcpdump" name="/proc/sys/kernel/random/boot_id" pid=622 comm="tcpdump" requested_mask="r" denied_mask="r" fsuid=0 ouid=0
[    8.866752] audit: type=1400 audit(1768315797.728:44): apparmor="DENIED" operation="open" profile="/usr/sbin/tcpdump" name="/proc/sys/kernel/random/boot_id" pid=621 comm="tcpdump" requested_mask="r" denied_mask="r" fsuid=0 ouid=0
[    8.867142] audit: type=1400 audit(1768315797.728:45): apparmor="DENIED" operation="open" profile="/usr/sbin/tcpdump" name="/proc/sys/kernel/random/boot_id" pid=622 comm="tcpdump" requested_mask="r" denied_mask="r" fsuid=0 ouid=0
[    8.867206] audit: type=1400 audit(1768315797.728:46): apparmor="DENIED" operation="open" profile="/usr/sbin/tcpdump" name="/proc/sys/kernel/random/boot_id" pid=622 comm="tcpdump" requested_mask="r" denied_mask="r" fsuid=0 ouid=0
[    8.867406] audit: type=1400 audit(1768315797.728:47): apparmor="DENIED" operation="open" profile="/usr/sbin/tcpdump" name="/proc/sys/kernel/random/boot_id" pid=621 comm="tcpdump" requested_mask="r" denied_mask="r" fsuid=0 ouid=0
[    8.867542] audit: type=1400 audit(1768315797.728:48): apparmor="DENIED" operation="open" profile="/usr/sbin/tcpdump" name="/proc/sys/kernel/random/boot_id" pid=621 comm="tcpdump" requested_mask="r" denied_mask="r" fsuid=0 ouid=0
[    8.868927] audit: type=1400 audit(1768315797.732:49): apparmor="DENIED" operation="open" profile="/usr/sbin/tcpdump" name="/proc/sys/kernel/random/boot_id" pid=621 comm="tcpdump" requested_mask="r" denied_mask="r" fsuid=0 ouid=0
[    8.874407] audit: type=1400 audit(1768315797.736:50): apparmor="DENIED" operation="open" profile="/usr/sbin/tcpdump" name="/proc/sys/kernel/random/boot_id" pid=624 comm="tcpdump" requested_mask="r" denied_mask="r" fsuid=0 ouid=0
[   14.702566] rfkill: input handler disabled
[  318.387812] AAAAA-TCP_RECV: name:enp0s3: saddr:100932208: daddr:16783984: srtt_us:0: RTT:0: ssthresh:2147483647: cwnd:10: delivered:0: lost:0: retrans:0
[  318.387835] AAAAA-TCP_SEND: name:enp0s3: saddr:16783984: daddr:100932208: srtt_us:0: RTT:0: ssthresh:0: cwnd:0: delivered:0: lost:0: retrans:0
[  323.694989] AAAAA-TCP_RECV: name:enp0s3: saddr:100932208: daddr:16783984: srtt_us:0: RTT:0: ssthresh:2147483647: cwnd:10: delivered:0: lost:0: retrans:0
[  323.695027] AAAAA-TCP_SEND: name:enp0s3: saddr:16783984: daddr:100932208: srtt_us:0: RTT:0: ssthresh:0: cwnd:0: delivered:0: lost:0: retrans:0
[  323.925062] AAAAA-TCP_SEND: name:enp0s3: saddr:16783984: daddr:100932208: srtt_us:1840160: RTT:230020: ssthresh:2147483647: cwnd:10: delivered:1: lost:0: retrans:0
[  323.979605] AAAAA-TCP_RECV: name:enp0s3: saddr:100932208: daddr:16783984: srtt_us:1840160: RTT:230020: ssthresh:2147483647: cwnd:10: delivered:1: lost:0: retrans:0
[  323.979636] AAAAA-TCP_SEND: name:enp0s3: saddr:16783984: daddr:100932208: srtt_us:1840160: RTT:230020: ssthresh:2147483647: cwnd:10: delivered:1: lost:0: retrans:0
[  323.979789] AAAAA-TCP_SEND: name:enp0s3: saddr:16783984: daddr:100932208: srtt_us:1840160: RTT:230020: ssthresh:2147483647: cwnd:10: delivered:1: lost:0: retrans:0
[  324.330957] AAAAA-TCP_RECV: name:enp0s3: saddr:100932208: daddr:33561200: srtt_us:0: RTT:0: ssthresh:2147483647: cwnd:10: delivered:0: lost:0: retrans:0
[  324.330990] AAAAA-TCP_SEND: name:enp0s3: saddr:33561200: daddr:100932208: srtt_us:0: RTT:0: ssthresh:0: cwnd:0: delivered:0: lost:0: retrans:0
[  324.367272] AAAAA-TCP_RECV: name:enp0s3: saddr:100932208: daddr:16783984: srtt_us:1840160: RTT:230020: ssthresh:2147483647: cwnd:10: delivered:1: lost:0: retrans:0
[  324.420098] AAAAA-TCP_RECV: name:enp0s3: saddr:100932208: daddr:16783984: srtt_us:1997640: RTT:249705: ssthresh:2147483647: cwnd:10: delivered:2: lost:0: retrans:0
[  324.420124] AAAAA-TCP_SEND: name:enp0s3: saddr:16783984: daddr:100932208: srtt_us:1997640: RTT:249705: ssthresh:2147483647: cwnd:10: delivered:2: lost:0: retrans:0
[  324.647638] AAAAA-TCP_SEND: name:enp0s3: saddr:33561200: daddr:100932208: srtt_us:2533096: RTT:316637: ssthresh:2147483647: cwnd:10: delivered:1: lost:0: retrans:0
[  324.716264] AAAAA-TCP_RECV: name:enp0s3: saddr:100932208: daddr:16783984: srtt_us:1997640: RTT:249705: ssthresh:2147483647: cwnd:10: delivered:2: lost:0: retrans:0
[  324.716287] AAAAA-TCP_SEND: name:enp0s3: saddr:16783984: daddr:100932208: srtt_us:1997640: RTT:249705: ssthresh:2147483647: cwnd:10: delivered:2: lost:0: retrans:0
[  324.716502] AAAAA-TCP_SEND: name:enp0s3: saddr:16783984: daddr:100932208: srtt_us:1997640: RTT:249705: ssthresh:2147483647: cwnd:10: delivered:2: lost:0: retrans:0
[  325.423167] AAAAA-TCP_SEND: name:enp0s3: saddr:16783984: daddr:100932208: srtt_us:1997640: RTT:249705: ssthresh:2147483647: cwnd:10: delivered:2: lost:0: retrans:1
[  326.191113] AAAAA-TCP_SEND: name:enp0s3: saddr:16783984: daddr:100932208: srtt_us:1997640: RTT:249705: ssthresh:7: cwnd:1: delivered:2: lost:1: retrans:2
[  326.191144] AAAAA-TCP_SEND: name:enp0s3: saddr:33561200: daddr:100932208: srtt_us:2533096: RTT:316637: ssthresh:2147483647: cwnd:10: delivered:1: lost:0: retrans:0
[  326.678105] AAAAA-TCP_RECV: name:enp0s3: saddr:100932208: daddr:16783984: srtt_us:0: RTT:0: ssthresh:2147483647: cwnd:10: delivered:0: lost:0: retrans:0
[  326.678136] AAAAA-TCP_SEND: name:enp0s3: saddr:16783984: daddr:100932208: srtt_us:0: RTT:0: ssthresh:0: cwnd:0: delivered:0: lost:0: retrans:0
[  327.055166] AAAAA-TCP_SEND: name:enp0s3: saddr:33561200: daddr:100932208: srtt_us:2533096: RTT:316637: ssthresh:2147483647: cwnd:10: delivered:1: lost:0: retrans:1
[  327.166380] AAAAA-TCP_RECV: name:enp0s3: saddr:100932208: daddr:16783984: srtt_us:1997640: RTT:249705: ssthresh:7: cwnd:1: delivered:2: lost:1: retrans:2
[  327.298184] AAAAA-TCP_SEND: name:enp0s3: saddr:16783984: daddr:100932208: srtt_us:0: RTT:0: ssthresh:-1: cwnd:-1422971856: delivered:0: lost:0: retrans:3134034752
[  327.617550] AAAAA-TCP_RECV: name:enp0s3: saddr:100932208: daddr:16783984: srtt_us:4197935: RTT:524741: ssthresh:2147483647: cwnd:10: delivered:3: lost:1: retrans:2
[  327.695106] AAAAA-TCP_SEND: name:enp0s3: saddr:16783984: daddr:100932208: srtt_us:0: RTT:0: ssthresh:0: cwnd:0: delivered:0: lost:0: retrans:0
[  327.830359] AAAAA-TCP_RECV: name:enp0s3: saddr:100932208: daddr:16783984: srtt_us:4197935: RTT:524741: ssthresh:2147483647: cwnd:10: delivered:4: lost:1: retrans:2
[  327.917457] AAAAA-TCP_SEND: name:enp0s3: saddr:16783984: daddr:100932208: srtt_us:9912000: RTT:1239000: ssthresh:2147483647: cwnd:10: delivered:1: lost:0: retrans:1
[  328.015162] AAAAA-TCP_SEND: name:enp0s3: saddr:33561200: daddr:100932208: srtt_us:2533096: RTT:316637: ssthresh:7: cwnd:1: delivered:1: lost:1: retrans:2
[  328.036514] AAAAA-TCP_RECV: name:enp0s3: saddr:100932208: daddr:16783984: srtt_us:9912000: RTT:1239000: ssthresh:2147483647: cwnd:10: delivered:1: lost:0: retrans:1
[  328.036539] AAAAA-TCP_SEND: name:enp0s3: saddr:16783984: daddr:100932208: srtt_us:9912000: RTT:1239000: ssthresh:2147483647: cwnd:10: delivered:1: lost:0: retrans:1
[  328.037646] AAAAA-TCP_SEND: name:enp0s3: saddr:16783984: daddr:100932208: srtt_us:4197935: RTT:524741: ssthresh:2147483647: cwnd:10: delivered:5: lost:1: retrans:2
[  328.096099] AAAAA-TCP_RECV: name:enp0s3: saddr:100932208: daddr:33561200: srtt_us:2533096: RTT:316637: ssthresh:7: cwnd:1: delivered:1: lost:1: retrans:2
[  328.276996] AAAAA-TCP_RECV: name:enp0s3: saddr:100932208: daddr:33561200: srtt_us:4121459: RTT:515182: ssthresh:2147483647: cwnd:10: delivered:2: lost:1: retrans:2
[  328.422834] AAAAA-TCP_RECV: name:enp0s3: saddr:100932208: daddr:16783984: srtt_us:9912000: RTT:1239000: ssthresh:2147483647: cwnd:10: delivered:1: lost:0: retrans:1
[  328.491979] AAAAA-TCP_RECV: name:enp0s3: saddr:100932208: daddr:33561200: srtt_us:4121459: RTT:515182: ssthresh:2147483647: cwnd:10: delivered:3: lost:1: retrans:2
[  328.530159] AAAAA-TCP_RECV: name:enp0s3: saddr:100932208: daddr:33561200: srtt_us:0: RTT:0: ssthresh:2147483647: cwnd:10: delivered:0: lost:0: retrans:0
[  328.530193] AAAAA-TCP_SEND: name:enp0s3: saddr:33561200: daddr:100932208: srtt_us:0: RTT:0: ssthresh:0: cwnd:0: delivered:0: lost:0: retrans:0
[  328.632874] AAAAA-TCP_RECV: name:enp0s3: saddr:100932208: daddr:16783984: srtt_us:4197935: RTT:524741: ssthresh:2147483647: cwnd:10: delivered:5: lost:1: retrans:2
[  328.632901] AAAAA-TCP_SEND: name:enp0s3: saddr:33561200: daddr:100932208: srtt_us:4121459: RTT:515182: ssthresh:2147483647: cwnd:10: delivered:4: lost:1: retrans:2
[  328.839172] AAAAA-TCP_SEND: name:enp0s3: saddr:33561200: daddr:100932208: srtt_us:2471768: RTT:308971: ssthresh:2147483647: cwnd:10: delivered:1: lost:0: retrans:0
[  328.916744] AAAAA-TCP_RECV: name:enp0s3: saddr:100932208: daddr:33561200: srtt_us:4121459: RTT:515182: ssthresh:2147483647: cwnd:10: delivered:4: lost:1: retrans:2
[  329.014555] AAAAA-TCP_RECV: name:enp0s3: saddr:100932208: daddr:16783984: srtt_us:9912000: RTT:1239000: ssthresh:2147483647: cwnd:10: delivered:1: lost:0: retrans:1
[  329.014581] AAAAA-TCP_SEND: name:enp0s3: saddr:16783984: daddr:100932208: srtt_us:9912000: RTT:1239000: ssthresh:2147483647: cwnd:10: delivered:1: lost:0: retrans:1
[  329.108465] AAAAA-TCP_RECV: name:enp0s3: saddr:100932208: daddr:16783984: srtt_us:9912000: RTT:1239000: ssthresh:2147483647: cwnd:10: delivered:1: lost:0: retrans:1
[  329.108488] AAAAA-TCP_SEND: name:enp0s3: saddr:16783984: daddr:100932208: srtt_us:9912000: RTT:1239000: ssthresh:2147483647: cwnd:10: delivered:1: lost:0: retrans:1
[  329.241094] AAAAA-TCP_RECV: name:enp0s3: saddr:100932208: daddr:16783984: srtt_us:9912000: RTT:1239000: ssthresh:2147483647: cwnd:10: delivered:1: lost:0: retrans:1
[  329.241116] AAAAA-TCP_SEND: name:enp0s3: saddr:16783984: daddr:100932208: srtt_us:9912000: RTT:1239000: ssthresh:2147483647: cwnd:10: delivered:1: lost:0: retrans:1
[  329.296101] AAAAA-TCP_RECV: name:enp0s3: saddr:100932208: daddr:16783984: srtt_us:9912000: RTT:1239000: ssthresh:2147483647: cwnd:10: delivered:1: lost:0: retrans:1
[  329.296124] AAAAA-TCP_SEND: name:enp0s3: saddr:16783984: daddr:100932208: srtt_us:9912000: RTT:1239000: ssthresh:2147483647: cwnd:10: delivered:1: lost:0: retrans:1
[  329.385586] AAAAA-TCP_RECV: name:enp0s3: saddr:100932208: daddr:16783984: srtt_us:9912000: RTT:1239000: ssthresh:2147483647: cwnd:10: delivered:1: lost:0: retrans:1
[  329.385608] AAAAA-TCP_SEND: name:enp0s3: saddr:16783984: daddr:100932208: srtt_us:9912000: RTT:1239000: ssthresh:2147483647: cwnd:10: delivered:1: lost:0: retrans:1
[  329.534945] AAAAA-TCP_RECV: name:enp0s3: saddr:100932208: daddr:16783984: srtt_us:9912000: RTT:1239000: ssthresh:2147483647: cwnd:10: delivered:1: lost:0: retrans:1
[  329.534971] AAAAA-TCP_SEND: name:enp0s3: saddr:16783984: daddr:100932208: srtt_us:9912000: RTT:1239000: ssthresh:2147483647: cwnd:10: delivered:1: lost:0: retrans:1
[  329.620853] AAAAA-TCP_RECV: name:enp0s3: saddr:100932208: daddr:16783984: srtt_us:9912000: RTT:1239000: ssthresh:2147483647: cwnd:10: delivered:1: lost:0: retrans:1
[  329.620878] AAAAA-TCP_SEND: name:enp0s3: saddr:16783984: daddr:100932208: srtt_us:9912000: RTT:1239000: ssthresh:2147483647: cwnd:10: delivered:1: lost:0: retrans:1
[  329.760755] AAAAA-TCP_RECV: name:enp0s3: saddr:100932208: daddr:16783984: srtt_us:9912000: RTT:1239000: ssthresh:2147483647: cwnd:10: delivered:1: lost:0: retrans:1
[  329.760778] AAAAA-TCP_SEND: name:enp0s3: saddr:16783984: daddr:100932208: srtt_us:9912000: RTT:1239000: ssthresh:2147483647: cwnd:10: delivered:1: lost:0: retrans:1
[  329.941540] AAAAA-TCP_RECV: name:enp0s3: saddr:100932208: daddr:16783984: srtt_us:9912000: RTT:1239000: ssthresh:2147483647: cwnd:10: delivered:1: lost:0: retrans:1
[  329.941563] AAAAA-TCP_SEND: name:enp0s3: saddr:16783984: daddr:100932208: srtt_us:9912000: RTT:1239000: ssthresh:2147483647: cwnd:10: delivered:1: lost:0: retrans:1
[  330.009857] AAAAA-TCP_RECV: name:enp0s3: saddr:100932208: daddr:16783984: srtt_us:9912000: RTT:1239000: ssthresh:2147483647: cwnd:10: delivered:1: lost:0: retrans:1
[  330.009880] AAAAA-TCP_SEND: name:enp0s3: saddr:16783984: daddr:100932208: srtt_us:9912000: RTT:1239000: ssthresh:2147483647: cwnd:10: delivered:1: lost:0: retrans:1
[  330.114598] AAAAA-TCP_RECV: name:enp0s3: saddr:100932208: daddr:33561200: srtt_us:2471768: RTT:308971: ssthresh:2147483647: cwnd:10: delivered:1: lost:0: retrans:0
[  330.114623] AAAAA-TCP_SEND: name:enp0s3: saddr:33561200: daddr:100932208: srtt_us:2471768: RTT:308971: ssthresh:2147483647: cwnd:10: delivered:1: lost:0: retrans:0
[  330.191120] AAAAA-TCP_RECV: name:enp0s3: saddr:100932208: daddr:33561200: srtt_us:2471768: RTT:308971: ssthresh:2147483647: cwnd:10: delivered:1: lost:0: retrans:0
[  330.191144] AAAAA-TCP_SEND: name:enp0s3: saddr:33561200: daddr:100932208: srtt_us:2471768: RTT:308971: ssthresh:2147483647: cwnd:10: delivered:1: lost:0: retrans:0
[  330.315655] AAAAA-TCP_RECV: name:enp0s3: saddr:100932208: daddr:33561200: srtt_us:2471768: RTT:308971: ssthresh:2147483647: cwnd:10: delivered:1: lost:0: retrans:0
[  330.315680] AAAAA-TCP_SEND: name:enp0s3: saddr:33561200: daddr:100932208: srtt_us:2471768: RTT:308971: ssthresh:2147483647: cwnd:10: delivered:1: lost:0: retrans:0
[  330.402695] AAAAA-TCP_RECV: name:enp0s3: saddr:100932208: daddr:33561200: srtt_us:2471768: RTT:308971: ssthresh:2147483647: cwnd:10: delivered:1: lost:0: retrans:0
[  330.402718] AAAAA-TCP_SEND: name:enp0s3: saddr:33561200: daddr:100932208: srtt_us:2471768: RTT:308971: ssthresh:2147483647: cwnd:10: delivered:1: lost:0: retrans:0
[  330.456152] AAAAA-TCP_RECV: name:enp0s3: saddr:100932208: daddr:33561200: srtt_us:2471768: RTT:308971: ssthresh:2147483647: cwnd:10: delivered:1: lost:0: retrans:0
[  330.456174] AAAAA-TCP_SEND: name:enp0s3: saddr:33561200: daddr:100932208: srtt_us:2471768: RTT:308971: ssthresh:2147483647: cwnd:10: delivered:1: lost:0: retrans:0
[  330.479350] AAAAA-TCP_RECV: name:enp0s3: saddr:100932208: daddr:33561200: srtt_us:2471768: RTT:308971: ssthresh:2147483647: cwnd:10: delivered:1: lost:0: retrans:0
[  330.479376] AAAAA-TCP_SEND: name:enp0s3: saddr:33561200: daddr:100932208: srtt_us:2471768: RTT:308971: ssthresh:2147483647: cwnd:10: delivered:1: lost:0: retrans:0
[  330.608424] AAAAA-TCP_RECV: name:enp0s3: saddr:100932208: daddr:33561200: srtt_us:2471768: RTT:308971: ssthresh:2147483647: cwnd:10: delivered:1: lost:0: retrans:0
[  330.608446] AAAAA-TCP_SEND: name:enp0s3: saddr:33561200: daddr:100932208: srtt_us:2471768: RTT:308971: ssthresh:2147483647: cwnd:10: delivered:1: lost:0: retrans:0
[  330.729726] AAAAA-TCP_RECV: name:enp0s3: saddr:100932208: daddr:33561200: srtt_us:2471768: RTT:308971: ssthresh:2147483647: cwnd:10: delivered:1: lost:0: retrans:0
[  330.729749] AAAAA-TCP_SEND: name:enp0s3: saddr:33561200: daddr:100932208: srtt_us:2471768: RTT:308971: ssthresh:2147483647: cwnd:10: delivered:1: lost:0: retrans:0
[  330.818932] AAAAA-TCP_RECV: name:enp0s3: saddr:100932208: daddr:33561200: srtt_us:2471768: RTT:308971: ssthresh:2147483647: cwnd:10: delivered:1: lost:0: retrans:0
[  330.818957] AAAAA-TCP_SEND: name:enp0s3: saddr:33561200: daddr:100932208: srtt_us:2471768: RTT:308971: ssthresh:2147483647: cwnd:10: delivered:1: lost:0: retrans:0
[  330.863547] AAAAA-TCP_RECV: name:enp0s3: saddr:100932208: daddr:33561200: srtt_us:2471768: RTT:308971: ssthresh:2147483647: cwnd:10: delivered:1: lost:0: retrans:0
[  330.863569] AAAAA-TCP_SEND: name:enp0s3: saddr:33561200: daddr:100932208: srtt_us:2471768: RTT:308971: ssthresh:2147483647: cwnd:10: delivered:1: lost:0: retrans:0
[  330.959860] AAAAA-TCP_RECV: name:enp0s3: saddr:100932208: daddr:33561200: srtt_us:2471768: RTT:308971: ssthresh:2147483647: cwnd:10: delivered:1: lost:0: retrans:0
[  330.959881] AAAAA-TCP_SEND: name:enp0s3: saddr:33561200: daddr:100932208: srtt_us:2471768: RTT:308971: ssthresh:2147483647: cwnd:10: delivered:1: lost:0: retrans:0
[  331.688969] AAAAA-TCP_RECV: name:enp0s3: saddr:100932208: daddr:33561200: srtt_us:2471768: RTT:308971: ssthresh:2147483647: cwnd:10: delivered:1: lost:0: retrans:0
[  331.689005] AAAAA-TCP_SEND: name:enp0s3: saddr:33561200: daddr:100932208: srtt_us:2471768: RTT:308971: ssthresh:2147483647: cwnd:10: delivered:1: lost:0: retrans:0
[  331.751456] AAAAA-TCP_RECV: name:enp0s3: saddr:100932208: daddr:33561200: srtt_us:2471768: RTT:308971: ssthresh:2147483647: cwnd:10: delivered:1: lost:0: retrans:0
[  331.751483] AAAAA-TCP_SEND: name:enp0s3: saddr:33561200: daddr:100932208: srtt_us:2471768: RTT:308971: ssthresh:2147483647: cwnd:10: delivered:1: lost:0: retrans:0
[  331.979858] AAAAA-TCP_RECV: name:enp0s3: saddr:100932208: daddr:33561200: srtt_us:2471768: RTT:308971: ssthresh:2147483647: cwnd:10: delivered:1: lost:0: retrans:0
[  331.979882] AAAAA-TCP_SEND: name:enp0s3: saddr:33561200: daddr:100932208: srtt_us:2471768: RTT:308971: ssthresh:2147483647: cwnd:10: delivered:1: lost:0: retrans:0
[  332.047534] AAAAA-TCP_RECV: name:enp0s3: saddr:100932208: daddr:33561200: srtt_us:2471768: RTT:308971: ssthresh:2147483647: cwnd:10: delivered:1: lost:0: retrans:0
[  332.047557] AAAAA-TCP_SEND: name:enp0s3: saddr:33561200: daddr:100932208: srtt_us:2471768: RTT:308971: ssthresh:2147483647: cwnd:10: delivered:1: lost:0: retrans:0
[  332.239347] AAAAA-TCP_RECV: name:enp0s3: saddr:100932208: daddr:33561200: srtt_us:2471768: RTT:308971: ssthresh:2147483647: cwnd:10: delivered:1: lost:0: retrans:0
[  332.239371] AAAAA-TCP_SEND: name:enp0s3: saddr:33561200: daddr:100932208: srtt_us:2471768: RTT:308971: ssthresh:2147483647: cwnd:10: delivered:1: lost:0: retrans:0
[  332.408862] AAAAA-TCP_RECV: name:enp0s3: saddr:100932208: daddr:33561200: srtt_us:2471768: RTT:308971: ssthresh:2147483647: cwnd:10: delivered:1: lost:0: retrans:0
[  332.408885] AAAAA-TCP_SEND: name:enp0s3: saddr:33561200: daddr:100932208: srtt_us:2471768: RTT:308971: ssthresh:2147483647: cwnd:10: delivered:1: lost:0: retrans:0
[  332.449196] AAAAA-TCP_RECV: name:enp0s3: saddr:100932208: daddr:33561200: srtt_us:2471768: RTT:308971: ssthresh:2147483647: cwnd:10: delivered:1: lost:0: retrans:0
[  332.449218] AAAAA-TCP_SEND: name:enp0s3: saddr:33561200: daddr:100932208: srtt_us:2471768: RTT:308971: ssthresh:2147483647: cwnd:10: delivered:1: lost:0: retrans:0
[  332.553726] AAAAA-TCP_RECV: name:enp0s3: saddr:100932208: daddr:33561200: srtt_us:2471768: RTT:308971: ssthresh:2147483647: cwnd:10: delivered:1: lost:0: retrans:0
[  332.553749] AAAAA-TCP_SEND: name:enp0s3: saddr:33561200: daddr:100932208: srtt_us:2471768: RTT:308971: ssthresh:2147483647: cwnd:10: delivered:1: lost:0: retrans:0
[  332.637845] AAAAA-TCP_RECV: name:enp0s3: saddr:100932208: daddr:33561200: srtt_us:2471768: RTT:308971: ssthresh:2147483647: cwnd:10: delivered:1: lost:0: retrans:0
[  332.637876] AAAAA-TCP_SEND: name:enp0s3: saddr:33561200: daddr:100932208: srtt_us:2471768: RTT:308971: ssthresh:2147483647: cwnd:10: delivered:1: lost:0: retrans:0
[  332.762699] AAAAA-TCP_RECV: name:enp0s3: saddr:100932208: daddr:33561200: srtt_us:2471768: RTT:308971: ssthresh:2147483647: cwnd:10: delivered:1: lost:0: retrans:0
[  332.762723] AAAAA-TCP_SEND: name:enp0s3: saddr:33561200: daddr:100932208: srtt_us:2471768: RTT:308971: ssthresh:2147483647: cwnd:10: delivered:1: lost:0: retrans:0
[  332.861657] AAAAA-TCP_RECV: name:enp0s3: saddr:100932208: daddr:33561200: srtt_us:2471768: RTT:308971: ssthresh:2147483647: cwnd:10: delivered:1: lost:0: retrans:0
[  332.861680] AAAAA-TCP_SEND: name:enp0s3: saddr:33561200: daddr:100932208: srtt_us:2471768: RTT:308971: ssthresh:2147483647: cwnd:10: delivered:1: lost:0: retrans:0
[  332.916418] AAAAA-TCP_RECV: name:enp0s3: saddr:100932208: daddr:33561200: srtt_us:2471768: RTT:308971: ssthresh:2147483647: cwnd:10: delivered:1: lost:0: retrans:0
[  332.916440] AAAAA-TCP_SEND: name:enp0s3: saddr:33561200: daddr:100932208: srtt_us:2471768: RTT:308971: ssthresh:2147483647: cwnd:10: delivered:1: lost:0: retrans:0
[  333.004724] AAAAA-TCP_RECV: name:enp0s3: saddr:100932208: daddr:33561200: srtt_us:2471768: RTT:308971: ssthresh:2147483647: cwnd:10: delivered:1: lost:0: retrans:0
[  333.004747] AAAAA-TCP_SEND: name:enp0s3: saddr:33561200: daddr:100932208: srtt_us:2471768: RTT:308971: ssthresh:2147483647: cwnd:10: delivered:1: lost:0: retrans:0
[  333.097389] AAAAA-TCP_RECV: name:enp0s3: saddr:100932208: daddr:33561200: srtt_us:2471768: RTT:308971: ssthresh:2147483647: cwnd:10: delivered:1: lost:0: retrans:0
[  333.097411] AAAAA-TCP_SEND: name:enp0s3: saddr:33561200: daddr:100932208: srtt_us:2471768: RTT:308971: ssthresh:2147483647: cwnd:10: delivered:1: lost:0: retrans:0
[  333.249523] AAAAA-TCP_RECV: name:enp0s3: saddr:100932208: daddr:16783984: srtt_us:9912000: RTT:1239000: ssthresh:2147483647: cwnd:10: delivered:1: lost:0: retrans:1
[  333.249549] AAAAA-TCP_SEND: name:enp0s3: saddr:16783984: daddr:100932208: srtt_us:9912000: RTT:1239000: ssthresh:2147483647: cwnd:10: delivered:1: lost:0: retrans:1
[  333.522603] AAAAA-TCP_RECV: name:enp0s3: saddr:100932208: daddr:16783984: srtt_us:9912000: RTT:1239000: ssthresh:2147483647: cwnd:10: delivered:1: lost:0: retrans:1
[  333.522616] AAAAA-TCP_SEND: name:enp0s3: saddr:16783984: daddr:100932208: srtt_us:9912000: RTT:1239000: ssthresh:2147483647: cwnd:10: delivered:1: lost:0: retrans:1
[  333.571282] AAAAA-TCP_RECV: name:enp0s3: saddr:100932208: daddr:16783984: srtt_us:9912000: RTT:1239000: ssthresh:2147483647: cwnd:10: delivered:1: lost:0: retrans:1
[  333.571305] AAAAA-TCP_SEND: name:enp0s3: saddr:16783984: daddr:100932208: srtt_us:9912000: RTT:1239000: ssthresh:2147483647: cwnd:10: delivered:1: lost:0: retrans:1
[  333.610544] AAAAA-TCP_RECV: name:enp0s3: saddr:100932208: daddr:16783984: srtt_us:9912000: RTT:1239000: ssthresh:2147483647: cwnd:10: delivered:1: lost:0: retrans:1
[  333.610566] AAAAA-TCP_SEND: name:enp0s3: saddr:16783984: daddr:100932208: srtt_us:9912000: RTT:1239000: ssthresh:2147483647: cwnd:10: delivered:1: lost:0: retrans:1
[  333.720924] AAAAA-TCP_RECV: name:enp0s3: saddr:100932208: daddr:16783984: srtt_us:9912000: RTT:1239000: ssthresh:2147483647: cwnd:10: delivered:1: lost:0: retrans:1
[  333.720947] AAAAA-TCP_SEND: name:enp0s3: saddr:16783984: daddr:100932208: srtt_us:9912000: RTT:1239000: ssthresh:2147483647: cwnd:10: delivered:1: lost:0: retrans:1
[  333.800743] AAAAA-TCP_RECV: name:enp0s3: saddr:100932208: daddr:16783984: srtt_us:9912000: RTT:1239000: ssthresh:2147483647: cwnd:10: delivered:1: lost:0: retrans:1
[  333.834620] AAAAA-TCP_RECV: name:enp0s3: saddr:100932208: daddr:16783984: srtt_us:9912000: RTT:1239000: ssthresh:2147483647: cwnd:10: delivered:1: lost:0: retrans:1
[  333.834643] AAAAA-TCP_SEND: name:enp0s3: saddr:16783984: daddr:100932208: srtt_us:9912000: RTT:1239000: ssthresh:2147483647: cwnd:10: delivered:1: lost:0: retrans:1
[  333.958272] AAAAA-TCP_RECV: name:enp0s3: saddr:100932208: daddr:16783984: srtt_us:9912000: RTT:1239000: ssthresh:2147483647: cwnd:10: delivered:1: lost:0: retrans:1
[  333.991238] AAAAA-TCP_RECV: name:enp0s3: saddr:100932208: daddr:16783984: srtt_us:9912000: RTT:1239000: ssthresh:2147483647: cwnd:10: delivered:1: lost:0: retrans:1
[  333.991263] AAAAA-TCP_SEND: name:enp0s3: saddr:16783984: daddr:100932208: srtt_us:9912000: RTT:1239000: ssthresh:2147483647: cwnd:10: delivered:1: lost:0: retrans:1
[  334.037347] AAAAA-TCP_RECV: name:enp0s3: saddr:100932208: daddr:16783984: srtt_us:9912000: RTT:1239000: ssthresh:2147483647: cwnd:10: delivered:1: lost:0: retrans:1
[  334.111155] AAAAA-TCP_SEND: name:enp0s3: saddr:16783984: daddr:100932208: srtt_us:9912000: RTT:1239000: ssthresh:2147483647: cwnd:10: delivered:1: lost:0: retrans:1
[  334.138429] AAAAA-TCP_RECV: name:enp0s3: saddr:100932208: daddr:16783984: srtt_us:9912000: RTT:1239000: ssthresh:2147483647: cwnd:10: delivered:1: lost:0: retrans:1
[  334.170860] AAAAA-TCP_RECV: name:enp0s3: saddr:100932208: daddr:16783984: srtt_us:9912000: RTT:1239000: ssthresh:2147483647: cwnd:10: delivered:1: lost:0: retrans:1
[  334.170882] AAAAA-TCP_SEND: name:enp0s3: saddr:16783984: daddr:100932208: srtt_us:9912000: RTT:1239000: ssthresh:2147483647: cwnd:10: delivered:1: lost:0: retrans:1
[  334.253486] AAAAA-TCP_RECV: name:enp0s3: saddr:100932208: daddr:16783984: srtt_us:9912000: RTT:1239000: ssthresh:2147483647: cwnd:10: delivered:1: lost:0: retrans:1
[  334.288795] AAAAA-TCP_RECV: name:enp0s3: saddr:100932208: daddr:16783984: srtt_us:9912000: RTT:1239000: ssthresh:2147483647: cwnd:10: delivered:1: lost:0: retrans:1
[  334.288819] AAAAA-TCP_SEND: name:enp0s3: saddr:16783984: daddr:100932208: srtt_us:9912000: RTT:1239000: ssthresh:2147483647: cwnd:10: delivered:1: lost:0: retrans:1
[  334.445638] AAAAA-TCP_RECV: name:enp0s3: saddr:100932208: daddr:16783984: srtt_us:9912000: RTT:1239000: ssthresh:2147483647: cwnd:10: delivered:1: lost:0: retrans:1
[  334.545729] AAAAA-TCP_RECV: name:enp0s3: saddr:100932208: daddr:16783984: srtt_us:9912000: RTT:1239000: ssthresh:2147483647: cwnd:10: delivered:1: lost:0: retrans:1
[  334.545752] AAAAA-TCP_SEND: name:enp0s3: saddr:16783984: daddr:100932208: srtt_us:9912000: RTT:1239000: ssthresh:2147483647: cwnd:10: delivered:1: lost:0: retrans:1
[  334.639633] AAAAA-TCP_RECV: name:enp0s3: saddr:100932208: daddr:16783984: srtt_us:9912000: RTT:1239000: ssthresh:2147483647: cwnd:10: delivered:1: lost:0: retrans:1
[  334.719374] AAAAA-TCP_RECV: name:enp0s3: saddr:100932208: daddr:16783984: srtt_us:9912000: RTT:1239000: ssthresh:2147483647: cwnd:10: delivered:1: lost:0: retrans:1
[  334.719397] AAAAA-TCP_SEND: name:enp0s3: saddr:16783984: daddr:100932208: srtt_us:9912000: RTT:1239000: ssthresh:2147483647: cwnd:10: delivered:1: lost:0: retrans:1
[  334.771480] AAAAA-TCP_RECV: name:enp0s3: saddr:100932208: daddr:16783984: srtt_us:9912000: RTT:1239000: ssthresh:2147483647: cwnd:10: delivered:1: lost:0: retrans:1
[  334.799577] AAAAA-TCP_RECV: name:enp0s3: saddr:100932208: daddr:16783984: srtt_us:9912000: RTT:1239000: ssthresh:2147483647: cwnd:10: delivered:1: lost:0: retrans:1
[  334.799599] AAAAA-TCP_SEND: name:enp0s3: saddr:16783984: daddr:100932208: srtt_us:9912000: RTT:1239000: ssthresh:2147483647: cwnd:10: delivered:1: lost:0: retrans:1
[  334.907374] AAAAA-TCP_RECV: name:enp0s3: saddr:100932208: daddr:33561200: srtt_us:2471768: RTT:308971: ssthresh:2147483647: cwnd:10: delivered:1: lost:0: retrans:0
[  334.907396] AAAAA-TCP_SEND: name:enp0s3: saddr:33561200: daddr:100932208: srtt_us:2471768: RTT:308971: ssthresh:2147483647: cwnd:10: delivered:1: lost:0: retrans:0
[  334.960684] AAAAA-TCP_RECV: name:enp0s3: saddr:100932208: daddr:33561200: srtt_us:2471768: RTT:308971: ssthresh:2147483647: cwnd:10: delivered:1: lost:0: retrans:0
[  334.960697] AAAAA-TCP_SEND: name:enp0s3: saddr:33561200: daddr:100932208: srtt_us:2471768: RTT:308971: ssthresh:2147483647: cwnd:10: delivered:1: lost:0: retrans:0
[  335.073523] AAAAA-TCP_RECV: name:enp0s3: saddr:100932208: daddr:33561200: srtt_us:2471768: RTT:308971: ssthresh:2147483647: cwnd:10: delivered:1: lost:0: retrans:0
[  335.073545] AAAAA-TCP_SEND: name:enp0s3: saddr:33561200: daddr:100932208: srtt_us:2471768: RTT:308971: ssthresh:2147483647: cwnd:10: delivered:1: lost:0: retrans:0
[  335.103141] AAAAA-TCP_RECV: name:enp0s3: saddr:100932208: daddr:33561200: srtt_us:2471768: RTT:308971: ssthresh:2147483647: cwnd:10: delivered:1: lost:0: retrans:0
[  335.103161] AAAAA-TCP_SEND: name:enp0s3: saddr:33561200: daddr:100932208: srtt_us:2471768: RTT:308971: ssthresh:2147483647: cwnd:10: delivered:1: lost:0: retrans:0
[  335.261674] AAAAA-TCP_RECV: name:enp0s3: saddr:100932208: daddr:33561200: srtt_us:2471768: RTT:308971: ssthresh:2147483647: cwnd:10: delivered:1: lost:0: retrans:0
[  335.261696] AAAAA-TCP_SEND: name:enp0s3: saddr:33561200: daddr:100932208: srtt_us:2471768: RTT:308971: ssthresh:2147483647: cwnd:10: delivered:1: lost:0: retrans:0
[  335.327815] AAAAA-TCP_RECV: name:enp0s3: saddr:100932208: daddr:33561200: srtt_us:2471768: RTT:308971: ssthresh:2147483647: cwnd:10: delivered:1: lost:0: retrans:0
[  335.327836] AAAAA-TCP_SEND: name:enp0s3: saddr:33561200: daddr:100932208: srtt_us:2471768: RTT:308971: ssthresh:2147483647: cwnd:10: delivered:1: lost:0: retrans:0
[  335.431591] AAAAA-TCP_RECV: name:enp0s3: saddr:100932208: daddr:33561200: srtt_us:2471768: RTT:308971: ssthresh:2147483647: cwnd:10: delivered:1: lost:0: retrans:0
[  335.431612] AAAAA-TCP_SEND: name:enp0s3: saddr:33561200: daddr:100932208: srtt_us:2471768: RTT:308971: ssthresh:2147483647: cwnd:10: delivered:1: lost:0: retrans:0
[  335.678913] AAAAA-TCP_RECV: name:enp0s3: saddr:100932208: daddr:33561200: srtt_us:2471768: RTT:308971: ssthresh:2147483647: cwnd:10: delivered:1: lost:0: retrans:0
[  335.678933] AAAAA-TCP_SEND: name:enp0s3: saddr:33561200: daddr:100932208: srtt_us:2471768: RTT:308971: ssthresh:2147483647: cwnd:10: delivered:1: lost:0: retrans:0
[  335.757514] AAAAA-TCP_RECV: name:enp0s3: saddr:100932208: daddr:33561200: srtt_us:2471768: RTT:308971: ssthresh:2147483647: cwnd:10: delivered:1: lost:0: retrans:0
[  335.757523] AAAAA-TCP_SEND: name:enp0s3: saddr:33561200: daddr:100932208: srtt_us:2471768: RTT:308971: ssthresh:2147483647: cwnd:10: delivered:1: lost:0: retrans:0
[  335.972066] AAAAA-TCP_RECV: name:enp0s3: saddr:100932208: daddr:33561200: srtt_us:2471768: RTT:308971: ssthresh:2147483647: cwnd:10: delivered:1: lost:0: retrans:0
[  335.972087] AAAAA-TCP_SEND: name:enp0s3: saddr:33561200: daddr:100932208: srtt_us:2471768: RTT:308971: ssthresh:2147483647: cwnd:10: delivered:1: lost:0: retrans:0
[  336.047287] AAAAA-TCP_RECV: name:enp0s3: saddr:100932208: daddr:33561200: srtt_us:2471768: RTT:308971: ssthresh:2147483647: cwnd:10: delivered:1: lost:0: retrans:0
[  336.047307] AAAAA-TCP_SEND: name:enp0s3: saddr:33561200: daddr:100932208: srtt_us:2471768: RTT:308971: ssthresh:2147483647: cwnd:10: delivered:1: lost:0: retrans:0
[  336.109764] AAAAA-TCP_RECV: name:enp0s3: saddr:100932208: daddr:33561200: srtt_us:2471768: RTT:308971: ssthresh:2147483647: cwnd:10: delivered:1: lost:0: retrans:0
[  336.109785] AAAAA-TCP_SEND: name:enp0s3: saddr:33561200: daddr:100932208: srtt_us:2471768: RTT:308971: ssthresh:2147483647: cwnd:10: delivered:1: lost:0: retrans:0
[  336.199269] AAAAA-TCP_RECV: name:enp0s3: saddr:100932208: daddr:33561200: srtt_us:2471768: RTT:308971: ssthresh:2147483647: cwnd:10: delivered:1: lost:0: retrans:0
[  336.199289] AAAAA-TCP_SEND: name:enp0s3: saddr:33561200: daddr:100932208: srtt_us:2471768: RTT:308971: ssthresh:2147483647: cwnd:10: delivered:1: lost:0: retrans:0
[  336.302160] AAAAA-TCP_RECV: name:enp0s3: saddr:100932208: daddr:33561200: srtt_us:2471768: RTT:308971: ssthresh:2147483647: cwnd:10: delivered:1: lost:0: retrans:0
[  336.302181] AAAAA-TCP_SEND: name:enp0s3: saddr:33561200: daddr:100932208: srtt_us:2471768: RTT:308971: ssthresh:2147483647: cwnd:10: delivered:1: lost:0: retrans:0
[  336.379334] AAAAA-TCP_RECV: name:enp0s3: saddr:100932208: daddr:33561200: srtt_us:2471768: RTT:308971: ssthresh:2147483647: cwnd:10: delivered:1: lost:0: retrans:0
[  336.379342] AAAAA-TCP_SEND: name:enp0s3: saddr:33561200: daddr:100932208: srtt_us:2471768: RTT:308971: ssthresh:2147483647: cwnd:10: delivered:1: lost:0: retrans:0
[  336.449392] AAAAA-TCP_RECV: name:enp0s3: saddr:100932208: daddr:33561200: srtt_us:2471768: RTT:308971: ssthresh:2147483647: cwnd:10: delivered:1: lost:0: retrans:0
[  336.449412] AAAAA-TCP_SEND: name:enp0s3: saddr:33561200: daddr:100932208: srtt_us:2471768: RTT:308971: ssthresh:2147483647: cwnd:10: delivered:1: lost:0: retrans:0
[  336.577243] AAAAA-TCP_RECV: name:enp0s3: saddr:100932208: daddr:16783984: srtt_us:9912000: RTT:1239000: ssthresh:2147483647: cwnd:10: delivered:1: lost:0: retrans:1
[  336.577262] AAAAA-TCP_SEND: name:enp0s3: saddr:16783984: daddr:100932208: srtt_us:9912000: RTT:1239000: ssthresh:2147483647: cwnd:10: delivered:1: lost:0: retrans:1
[  336.662237] AAAAA-TCP_RECV: name:enp0s3: saddr:100932208: daddr:33561200: srtt_us:2471768: RTT:308971: ssthresh:2147483647: cwnd:10: delivered:1: lost:0: retrans:0
[  336.662259] AAAAA-TCP_SEND: name:enp0s3: saddr:33561200: daddr:100932208: srtt_us:2471768: RTT:308971: ssthresh:2147483647: cwnd:10: delivered:1: lost:0: retrans:0
[  336.721513] AAAAA-TCP_RECV: name:enp0s3: saddr:100932208: daddr:33561200: srtt_us:2471768: RTT:308971: ssthresh:2147483647: cwnd:10: delivered:1: lost:0: retrans:0
[  336.721522] AAAAA-TCP_SEND: name:enp0s3: saddr:33561200: daddr:100932208: srtt_us:2471768: RTT:308971: ssthresh:2147483647: cwnd:10: delivered:1: lost:0: retrans:0
[  336.793452] AAAAA-TCP_RECV: name:enp0s3: saddr:100932208: daddr:33561200: srtt_us:2471768: RTT:308971: ssthresh:2147483647: cwnd:10: delivered:1: lost:0: retrans:0
[  336.793472] AAAAA-TCP_SEND: name:enp0s3: saddr:33561200: daddr:100932208: srtt_us:2471768: RTT:308971: ssthresh:2147483647: cwnd:10: delivered:1: lost:0: retrans:0
[  337.065860] AAAAA-TCP_RECV: name:enp0s3: saddr:100932208: daddr:16783984: srtt_us:9912000: RTT:1239000: ssthresh:2147483647: cwnd:10: delivered:1: lost:0: retrans:1
[  337.065887] AAAAA-TCP_SEND: name:enp0s3: saddr:16783984: daddr:100932208: srtt_us:9912000: RTT:1239000: ssthresh:2147483647: cwnd:10: delivered:1: lost:0: retrans:1
[  337.146745] AAAAA-TCP_RECV: name:enp0s3: saddr:100932208: daddr:16783984: srtt_us:9912000: RTT:1239000: ssthresh:2147483647: cwnd:10: delivered:1: lost:0: retrans:1
[  337.146771] AAAAA-TCP_SEND: name:enp0s3: saddr:16783984: daddr:100932208: srtt_us:9912000: RTT:1239000: ssthresh:2147483647: cwnd:10: delivered:1: lost:0: retrans:1
[  337.264642] AAAAA-TCP_RECV: name:enp0s3: saddr:100932208: daddr:16783984: srtt_us:9912000: RTT:1239000: ssthresh:2147483647: cwnd:10: delivered:1: lost:0: retrans:1
[  337.264665] AAAAA-TCP_SEND: name:enp0s3: saddr:16783984: daddr:100932208: srtt_us:9912000: RTT:1239000: ssthresh:2147483647: cwnd:10: delivered:1: lost:0: retrans:1
[  337.337604] AAAAA-TCP_RECV: name:enp0s3: saddr:100932208: daddr:16783984: srtt_us:9912000: RTT:1239000: ssthresh:2147483647: cwnd:10: delivered:1: lost:0: retrans:1
[  337.337626] AAAAA-TCP_SEND: name:enp0s3: saddr:16783984: daddr:100932208: srtt_us:9912000: RTT:1239000: ssthresh:2147483647: cwnd:10: delivered:1: lost:0: retrans:1
[  337.427009] AAAAA-TCP_RECV: name:enp0s3: saddr:100932208: daddr:16783984: srtt_us:9912000: RTT:1239000: ssthresh:2147483647: cwnd:10: delivered:1: lost:0: retrans:1
[  337.427031] AAAAA-TCP_SEND: name:enp0s3: saddr:16783984: daddr:100932208: srtt_us:9912000: RTT:1239000: ssthresh:2147483647: cwnd:10: delivered:1: lost:0: retrans:1
[  337.498017] AAAAA-TCP_RECV: name:enp0s3: saddr:100932208: daddr:16783984: srtt_us:9912000: RTT:1239000: ssthresh:2147483647: cwnd:10: delivered:1: lost:0: retrans:1
[  337.498042] AAAAA-TCP_SEND: name:enp0s3: saddr:16783984: daddr:100932208: srtt_us:9912000: RTT:1239000: ssthresh:2147483647: cwnd:10: delivered:1: lost:0: retrans:1
[  337.562275] AAAAA-TCP_RECV: name:enp0s3: saddr:100932208: daddr:16783984: srtt_us:9912000: RTT:1239000: ssthresh:2147483647: cwnd:10: delivered:1: lost:0: retrans:1
[  337.562298] AAAAA-TCP_SEND: name:enp0s3: saddr:16783984: daddr:100932208: srtt_us:9912000: RTT:1239000: ssthresh:2147483647: cwnd:10: delivered:1: lost:0: retrans:1
[  337.607059] AAAAA-TCP_RECV: name:enp0s3: saddr:100932208: daddr:16783984: srtt_us:9912000: RTT:1239000: ssthresh:2147483647: cwnd:10: delivered:1: lost:0: retrans:1
[  337.607081] AAAAA-TCP_SEND: name:enp0s3: saddr:16783984: daddr:100932208: srtt_us:9912000: RTT:1239000: ssthresh:2147483647: cwnd:10: delivered:1: lost:0: retrans:1
[  337.666686] AAAAA-TCP_RECV: name:enp0s3: saddr:100932208: daddr:16783984: srtt_us:9912000: RTT:1239000: ssthresh:2147483647: cwnd:10: delivered:1: lost:0: retrans:1
[  337.666709] AAAAA-TCP_SEND: name:enp0s3: saddr:16783984: daddr:100932208: srtt_us:9912000: RTT:1239000: ssthresh:2147483647: cwnd:10: delivered:1: lost:0: retrans:1
[  337.717763] AAAAA-TCP_RECV: name:enp0s3: saddr:100932208: daddr:16783984: srtt_us:9912000: RTT:1239000: ssthresh:2147483647: cwnd:10: delivered:1: lost:0: retrans:1
[  337.717785] AAAAA-TCP_SEND: name:enp0s3: saddr:16783984: daddr:100932208: srtt_us:9912000: RTT:1239000: ssthresh:2147483647: cwnd:10: delivered:1: lost:0: retrans:1
[  337.856787] AAAAA-TCP_RECV: name:enp0s3: saddr:100932208: daddr:16783984: srtt_us:9912000: RTT:1239000: ssthresh:2147483647: cwnd:10: delivered:1: lost:0: retrans:1
[  337.856811] AAAAA-TCP_SEND: name:enp0s3: saddr:16783984: daddr:100932208: srtt_us:9912000: RTT:1239000: ssthresh:2147483647: cwnd:10: delivered:1: lost:0: retrans:1
[  337.897641] AAAAA-TCP_RECV: name:enp0s3: saddr:100932208: daddr:16783984: srtt_us:9912000: RTT:1239000: ssthresh:2147483647: cwnd:10: delivered:1: lost:0: retrans:1
[  337.897664] AAAAA-TCP_SEND: name:enp0s3: saddr:16783984: daddr:100932208: srtt_us:9912000: RTT:1239000: ssthresh:2147483647: cwnd:10: delivered:1: lost:0: retrans:1
[  337.935792] AAAAA-TCP_RECV: name:enp0s3: saddr:100932208: daddr:16783984: srtt_us:9912000: RTT:1239000: ssthresh:2147483647: cwnd:10: delivered:1: lost:0: retrans:1
[  337.935802] AAAAA-TCP_SEND: name:enp0s3: saddr:16783984: daddr:100932208: srtt_us:9912000: RTT:1239000: ssthresh:2147483647: cwnd:10: delivered:1: lost:0: retrans:1
[  338.071616] AAAAA-TCP_RECV: name:enp0s3: saddr:100932208: daddr:16783984: srtt_us:9912000: RTT:1239000: ssthresh:2147483647: cwnd:10: delivered:1: lost:0: retrans:1
[  338.071638] AAAAA-TCP_SEND: name:enp0s3: saddr:16783984: daddr:100932208: srtt_us:9912000: RTT:1239000: ssthresh:2147483647: cwnd:10: delivered:1: lost:0: retrans:1
[  338.131752] AAAAA-TCP_RECV: name:enp0s3: saddr:100932208: daddr:33561200: srtt_us:2471768: RTT:308971: ssthresh:2147483647: cwnd:10: delivered:1: lost:0: retrans:0
[  338.132810] AAAAA-TCP_SEND: name:enp0s3: saddr:33561200: daddr:100932208: srtt_us:2471768: RTT:308971: ssthresh:2147483647: cwnd:10: delivered:1: lost:0: retrans:0
[  338.235760] AAAAA-TCP_RECV: name:enp0s3: saddr:100932208: daddr:33561200: srtt_us:2471768: RTT:308971: ssthresh:2147483647: cwnd:10: delivered:1: lost:0: retrans:0
[  338.236820] AAAAA-TCP_SEND: name:enp0s3: saddr:33561200: daddr:100932208: srtt_us:2471768: RTT:308971: ssthresh:2147483647: cwnd:10: delivered:1: lost:0: retrans:0
[  338.316686] AAAAA-TCP_RECV: name:enp0s3: saddr:100932208: daddr:33561200: srtt_us:2471768: RTT:308971: ssthresh:2147483647: cwnd:10: delivered:1: lost:0: retrans:0
[  338.317739] AAAAA-TCP_SEND: name:enp0s3: saddr:33561200: daddr:100932208: srtt_us:2471768: RTT:308971: ssthresh:2147483647: cwnd:10: delivered:1: lost:0: retrans:0
[  338.406184] AAAAA-TCP_RECV: name:enp0s3: saddr:100932208: daddr:16783984: srtt_us:9912000: RTT:1239000: ssthresh:2147483647: cwnd:10: delivered:1: lost:0: retrans:1
[  338.406208] AAAAA-TCP_SEND: name:enp0s3: saddr:16783984: daddr:100932208: srtt_us:9912000: RTT:1239000: ssthresh:2147483647: cwnd:10: delivered:1: lost:0: retrans:1
[  338.608990] AAAAA-TCP_RECV: name:enp0s3: saddr:100932208: daddr:33561200: srtt_us:2471768: RTT:308971: ssthresh:2147483647: cwnd:10: delivered:1: lost:0: retrans:0
[  338.609035] AAAAA-TCP_SEND: name:enp0s3: saddr:33561200: daddr:100932208: srtt_us:2471768: RTT:308971: ssthresh:2147483647: cwnd:10: delivered:1: lost:0: retrans:0
[  361.339400] AAAAA-TCP_RECV: name:enp0s3: saddr:100932208: daddr:16783984: srtt_us:9912000: RTT:1239000: ssthresh:2147483647: cwnd:10: delivered:1: lost:0: retrans:1
[  361.339463] AAAAA-TCP_SEND: name:enp0s3: saddr:16783984: daddr:100932208: srtt_us:9912000: RTT:1239000: ssthresh:2147483647: cwnd:10: delivered:1: lost:0: retrans:1
[  361.527207] AAAAA-TCP_RECV: name:enp0s3: saddr:100932208: daddr:16783984: srtt_us:9912000: RTT:1239000: ssthresh:2147483647: cwnd:10: delivered:1: lost:0: retrans:1
[  361.527264] AAAAA-TCP_SEND: name:enp0s3: saddr:16783984: daddr:100932208: srtt_us:9912000: RTT:1239000: ssthresh:2147483647: cwnd:10: delivered:1: lost:0: retrans:1
[  361.584594] AAAAA-TCP_RECV: name:enp0s3: saddr:100932208: daddr:16783984: srtt_us:9912000: RTT:1239000: ssthresh:2147483647: cwnd:10: delivered:1: lost:0: retrans:1
[  361.584638] AAAAA-TCP_SEND: name:enp0s3: saddr:16783984: daddr:100932208: srtt_us:9912000: RTT:1239000: ssthresh:2147483647: cwnd:10: delivered:1: lost:0: retrans:1
[  361.654555] AAAAA-TCP_RECV: name:enp0s3: saddr:100932208: daddr:16783984: srtt_us:9912000: RTT:1239000: ssthresh:2147483647: cwnd:10: delivered:1: lost:0: retrans:1
[  361.654591] AAAAA-TCP_SEND: name:enp0s3: saddr:16783984: daddr:100932208: srtt_us:9912000: RTT:1239000: ssthresh:2147483647: cwnd:10: delivered:1: lost:0: retrans:1
[  362.118466] AAAAA-TCP_RECV: name:enp0s3: saddr:100932208: daddr:16783984: srtt_us:9912000: RTT:1239000: ssthresh:2147483647: cwnd:10: delivered:1: lost:0: retrans:1
[  362.118513] AAAAA-TCP_SEND: name:enp0s3: saddr:16783984: daddr:100932208: srtt_us:9912000: RTT:1239000: ssthresh:2147483647: cwnd:10: delivered:1: lost:0: retrans:1
[  362.170684] AAAAA-TCP_RECV: name:enp0s3: saddr:100932208: daddr:16783984: srtt_us:9912000: RTT:1239000: ssthresh:2147483647: cwnd:10: delivered:1: lost:0: retrans:1
[  362.170721] AAAAA-TCP_SEND: name:enp0s3: saddr:16783984: daddr:100932208: srtt_us:9912000: RTT:1239000: ssthresh:2147483647: cwnd:10: delivered:1: lost:0: retrans:1
[  362.208260] AAAAA-TCP_RECV: name:enp0s3: saddr:100932208: daddr:16783984: srtt_us:9912000: RTT:1239000: ssthresh:2147483647: cwnd:10: delivered:1: lost:0: retrans:1
[  362.208286] AAAAA-TCP_SEND: name:enp0s3: saddr:16783984: daddr:100932208: srtt_us:9912000: RTT:1239000: ssthresh:2147483647: cwnd:10: delivered:1: lost:0: retrans:1
[  362.257766] AAAAA-TCP_RECV: name:enp0s3: saddr:100932208: daddr:16783984: srtt_us:9912000: RTT:1239000: ssthresh:2147483647: cwnd:10: delivered:1: lost:0: retrans:1
[  362.257796] AAAAA-TCP_SEND: name:enp0s3: saddr:16783984: daddr:100932208: srtt_us:9912000: RTT:1239000: ssthresh:2147483647: cwnd:10: delivered:1: lost:0: retrans:1
[  362.349792] AAAAA-TCP_RECV: name:enp0s3: saddr:100932208: daddr:16783984: srtt_us:9912000: RTT:1239000: ssthresh:2147483647: cwnd:10: delivered:1: lost:0: retrans:1
[  362.349821] AAAAA-TCP_SEND: name:enp0s3: saddr:16783984: daddr:100932208: srtt_us:9912000: RTT:1239000: ssthresh:2147483647: cwnd:10: delivered:1: lost:0: retrans:1
[  362.523050] AAAAA-TCP_RECV: name:enp0s3: saddr:100932208: daddr:16783984: srtt_us:9912000: RTT:1239000: ssthresh:2147483647: cwnd:10: delivered:1: lost:0: retrans:1
[  362.523102] AAAAA-TCP_SEND: name:enp0s3: saddr:16783984: daddr:100932208: srtt_us:9912000: RTT:1239000: ssthresh:2147483647: cwnd:10: delivered:1: lost:0: retrans:1
[  362.675726] AAAAA-TCP_RECV: name:enp0s3: saddr:100932208: daddr:16783984: srtt_us:9912000: RTT:1239000: ssthresh:2147483647: cwnd:10: delivered:1: lost:0: retrans:1
[  362.675776] AAAAA-TCP_SEND: name:enp0s3: saddr:16783984: daddr:100932208: srtt_us:9912000: RTT:1239000: ssthresh:2147483647: cwnd:10: delivered:1: lost:0: retrans:1
[  362.955890] AAAAA-TCP_RECV: name:enp0s3: saddr:100932208: daddr:16783984: srtt_us:9912000: RTT:1239000: ssthresh:2147483647: cwnd:10: delivered:1: lost:0: retrans:1
[  362.955934] AAAAA-TCP_SEND: name:enp0s3: saddr:16783984: daddr:100932208: srtt_us:9912000: RTT:1239000: ssthresh:2147483647: cwnd:10: delivered:1: lost:0: retrans:1
[  363.199907] AAAAA-TCP_RECV: name:enp0s3: saddr:100932208: daddr:16783984: srtt_us:9912000: RTT:1239000: ssthresh:2147483647: cwnd:10: delivered:1: lost:0: retrans:1
[  363.199956] AAAAA-TCP_SEND: name:enp0s3: saddr:16783984: daddr:100932208: srtt_us:9912000: RTT:1239000: ssthresh:2147483647: cwnd:10: delivered:1: lost:0: retrans:1
[  363.236388] AAAAA-TCP_RECV: name:enp0s3: saddr:100932208: daddr:16783984: srtt_us:9912000: RTT:1239000: ssthresh:2147483647: cwnd:10: delivered:1: lost:0: retrans:1
[  363.236419] AAAAA-TCP_SEND: name:enp0s3: saddr:16783984: daddr:100932208: srtt_us:9912000: RTT:1239000: ssthresh:2147483647: cwnd:10: delivered:1: lost:0: retrans:1
[  363.651821] AAAAA-TCP_RECV: name:enp0s3: saddr:100932208: daddr:16783984: srtt_us:9912000: RTT:1239000: ssthresh:2147483647: cwnd:10: delivered:1: lost:0: retrans:1
[  363.651867] AAAAA-TCP_SEND: name:enp0s3: saddr:16783984: daddr:100932208: srtt_us:9912000: RTT:1239000: ssthresh:2147483647: cwnd:10: delivered:1: lost:0: retrans:1
[  363.718945] AAAAA-TCP_RECV: name:enp0s3: saddr:100932208: daddr:16783984: srtt_us:9912000: RTT:1239000: ssthresh:2147483647: cwnd:10: delivered:1: lost:0: retrans:1
[  363.718983] AAAAA-TCP_SEND: name:enp0s3: saddr:16783984: daddr:100932208: srtt_us:9912000: RTT:1239000: ssthresh:2147483647: cwnd:10: delivered:1: lost:0: retrans:1
[  363.828242] AAAAA-TCP_RECV: name:enp0s3: saddr:100932208: daddr:16783984: srtt_us:9912000: RTT:1239000: ssthresh:2147483647: cwnd:10: delivered:1: lost:0: retrans:1
[  363.871091] AAAAA-TCP_SEND: name:enp0s3: saddr:16783984: daddr:100932208: srtt_us:9912000: RTT:1239000: ssthresh:2147483647: cwnd:10: delivered:1: lost:0: retrans:1
[  363.988069] AAAAA-TCP_RECV: name:enp0s3: saddr:100932208: daddr:16783984: srtt_us:9912000: RTT:1239000: ssthresh:2147483647: cwnd:10: delivered:1: lost:0: retrans:1
[  364.007806] AAAAA-TCP_RECV: name:enp0s3: saddr:100932208: daddr:16783984: srtt_us:9912000: RTT:1239000: ssthresh:2147483647: cwnd:10: delivered:1: lost:0: retrans:1
[  364.007837] AAAAA-TCP_SEND: name:enp0s3: saddr:16783984: daddr:100932208: srtt_us:9912000: RTT:1239000: ssthresh:2147483647: cwnd:10: delivered:1: lost:0: retrans:1
[  364.133212] AAAAA-TCP_RECV: name:enp0s3: saddr:100932208: daddr:16783984: srtt_us:9912000: RTT:1239000: ssthresh:2147483647: cwnd:10: delivered:1: lost:0: retrans:1
[  364.184349] AAAAA-TCP_RECV: name:enp0s3: saddr:100932208: daddr:16783984: srtt_us:9912000: RTT:1239000: ssthresh:2147483647: cwnd:10: delivered:1: lost:0: retrans:1
[  364.184386] AAAAA-TCP_SEND: name:enp0s3: saddr:16783984: daddr:100932208: srtt_us:9912000: RTT:1239000: ssthresh:2147483647: cwnd:10: delivered:1: lost:0: retrans:1
[  364.240021] AAAAA-TCP_RECV: name:enp0s3: saddr:100932208: daddr:16783984: srtt_us:9912000: RTT:1239000: ssthresh:2147483647: cwnd:10: delivered:1: lost:0: retrans:1
[  364.284093] AAAAA-TCP_RECV: name:enp0s3: saddr:100932208: daddr:16783984: srtt_us:9912000: RTT:1239000: ssthresh:2147483647: cwnd:10: delivered:1: lost:0: retrans:1
[  364.284143] AAAAA-TCP_SEND: name:enp0s3: saddr:16783984: daddr:100932208: srtt_us:9912000: RTT:1239000: ssthresh:2147483647: cwnd:10: delivered:1: lost:0: retrans:1
[  364.335233] AAAAA-TCP_RECV: name:enp0s3: saddr:100932208: daddr:16783984: srtt_us:9912000: RTT:1239000: ssthresh:2147483647: cwnd:10: delivered:1: lost:0: retrans:1
[  364.380088] AAAAA-TCP_RECV: name:enp0s3: saddr:100932208: daddr:33561200: srtt_us:2471768: RTT:308971: ssthresh:2147483647: cwnd:10: delivered:1: lost:0: retrans:0
[  364.380129] AAAAA-TCP_SEND: name:enp0s3: saddr:33561200: daddr:100932208: srtt_us:2471768: RTT:308971: ssthresh:2147483647: cwnd:10: delivered:1: lost:0: retrans:0
[  364.435171] AAAAA-TCP_SEND: name:enp0s3: saddr:16783984: daddr:100932208: srtt_us:9912000: RTT:1239000: ssthresh:2147483647: cwnd:10: delivered:1: lost:0: retrans:1
[  364.471854] AAAAA-TCP_RECV: name:enp0s3: saddr:100932208: daddr:33561200: srtt_us:2471768: RTT:308971: ssthresh:2147483647: cwnd:10: delivered:1: lost:0: retrans:0
[  364.471885] AAAAA-TCP_SEND: name:enp0s3: saddr:33561200: daddr:100932208: srtt_us:2471768: RTT:308971: ssthresh:2147483647: cwnd:10: delivered:1: lost:0: retrans:0
[  364.579254] AAAAA-TCP_RECV: name:enp0s3: saddr:100932208: daddr:16783984: srtt_us:9912000: RTT:1239000: ssthresh:2147483647: cwnd:10: delivered:1: lost:0: retrans:1
[  364.633019] AAAAA-TCP_RECV: name:enp0s3: saddr:100932208: daddr:16783984: srtt_us:9912000: RTT:1239000: ssthresh:2147483647: cwnd:10: delivered:1: lost:0: retrans:1
[  364.633059] AAAAA-TCP_SEND: name:enp0s3: saddr:16783984: daddr:100932208: srtt_us:9912000: RTT:1239000: ssthresh:2147483647: cwnd:10: delivered:1: lost:0: retrans:1
[  364.677471] AAAAA-TCP_RECV: name:enp0s3: saddr:100932208: daddr:33561200: srtt_us:2471768: RTT:308971: ssthresh:2147483647: cwnd:10: delivered:1: lost:0: retrans:0
[  364.677506] AAAAA-TCP_SEND: name:enp0s3: saddr:33561200: daddr:100932208: srtt_us:2471768: RTT:308971: ssthresh:2147483647: cwnd:10: delivered:1: lost:0: retrans:0
[  365.023617] AAAAA-TCP_RECV: name:enp0s3: saddr:100932208: daddr:33561200: srtt_us:2471768: RTT:308971: ssthresh:2147483647: cwnd:10: delivered:1: lost:0: retrans:0
[  365.023664] AAAAA-TCP_SEND: name:enp0s3: saddr:33561200: daddr:100932208: srtt_us:2471768: RTT:308971: ssthresh:2147483647: cwnd:10: delivered:1: lost:0: retrans:0
[  365.161562] AAAAA-TCP_RECV: name:enp0s3: saddr:100932208: daddr:33561200: srtt_us:2471768: RTT:308971: ssthresh:2147483647: cwnd:10: delivered:1: lost:0: retrans:0
[  365.161612] AAAAA-TCP_SEND: name:enp0s3: saddr:33561200: daddr:100932208: srtt_us:2471768: RTT:308971: ssthresh:2147483647: cwnd:10: delivered:1: lost:0: retrans:0
[  365.288670] AAAAA-TCP_RECV: name:enp0s3: saddr:100932208: daddr:33561200: srtt_us:2471768: RTT:308971: ssthresh:2147483647: cwnd:10: delivered:1: lost:0: retrans:0
[  365.288722] AAAAA-TCP_SEND: name:enp0s3: saddr:33561200: daddr:100932208: srtt_us:2471768: RTT:308971: ssthresh:2147483647: cwnd:10: delivered:1: lost:0: retrans:0
[  365.368326] AAAAA-TCP_RECV: name:enp0s3: saddr:100932208: daddr:33561200: srtt_us:2471768: RTT:308971: ssthresh:2147483647: cwnd:10: delivered:1: lost:0: retrans:0
[  365.368373] AAAAA-TCP_SEND: name:enp0s3: saddr:33561200: daddr:100932208: srtt_us:2471768: RTT:308971: ssthresh:2147483647: cwnd:10: delivered:1: lost:0: retrans:0
[  365.389779] AAAAA-TCP_RECV: name:enp0s3: saddr:100932208: daddr:33561200: srtt_us:2471768: RTT:308971: ssthresh:2147483647: cwnd:10: delivered:1: lost:0: retrans:0
[  365.389811] AAAAA-TCP_SEND: name:enp0s3: saddr:33561200: daddr:100932208: srtt_us:2471768: RTT:308971: ssthresh:2147483647: cwnd:10: delivered:1: lost:0: retrans:0
[  365.448497] AAAAA-TCP_RECV: name:enp0s3: saddr:100932208: daddr:33561200: srtt_us:2471768: RTT:308971: ssthresh:2147483647: cwnd:10: delivered:1: lost:0: retrans:0
[  365.448545] AAAAA-TCP_SEND: name:enp0s3: saddr:33561200: daddr:100932208: srtt_us:2471768: RTT:308971: ssthresh:2147483647: cwnd:10: delivered:1: lost:0: retrans:0
[  365.549053] AAAAA-TCP_RECV: name:enp0s3: saddr:100932208: daddr:33561200: srtt_us:2471768: RTT:308971: ssthresh:2147483647: cwnd:10: delivered:1: lost:0: retrans:0
[  365.549102] AAAAA-TCP_SEND: name:enp0s3: saddr:33561200: daddr:100932208: srtt_us:2471768: RTT:308971: ssthresh:2147483647: cwnd:10: delivered:1: lost:0: retrans:0
[  365.691344] AAAAA-TCP_RECV: name:enp0s3: saddr:100932208: daddr:33561200: srtt_us:2471768: RTT:308971: ssthresh:2147483647: cwnd:10: delivered:1: lost:0: retrans:0
[  365.691393] AAAAA-TCP_SEND: name:enp0s3: saddr:33561200: daddr:100932208: srtt_us:2471768: RTT:308971: ssthresh:2147483647: cwnd:10: delivered:1: lost:0: retrans:0
[  365.737446] AAAAA-TCP_RECV: name:enp0s3: saddr:100932208: daddr:33561200: srtt_us:2471768: RTT:308971: ssthresh:2147483647: cwnd:10: delivered:1: lost:0: retrans:0
[  365.737478] AAAAA-TCP_SEND: name:enp0s3: saddr:33561200: daddr:100932208: srtt_us:2471768: RTT:308971: ssthresh:2147483647: cwnd:10: delivered:1: lost:0: retrans:0
[  365.937777] AAAAA-TCP_RECV: name:enp0s3: saddr:100932208: daddr:33561200: srtt_us:2471768: RTT:308971: ssthresh:2147483647: cwnd:10: delivered:1: lost:0: retrans:0
[  365.937823] AAAAA-TCP_SEND: name:enp0s3: saddr:33561200: daddr:100932208: srtt_us:2471768: RTT:308971: ssthresh:2147483647: cwnd:10: delivered:1: lost:0: retrans:0
[  366.029349] AAAAA-TCP_RECV: name:enp0s3: saddr:100932208: daddr:33561200: srtt_us:2471768: RTT:308971: ssthresh:2147483647: cwnd:10: delivered:1: lost:0: retrans:0
[  366.029389] AAAAA-TCP_SEND: name:enp0s3: saddr:33561200: daddr:100932208: srtt_us:2471768: RTT:308971: ssthresh:2147483647: cwnd:10: delivered:1: lost:0: retrans:0
[  366.104875] AAAAA-TCP_RECV: name:enp0s3: saddr:100932208: daddr:16783984: srtt_us:9912000: RTT:1239000: ssthresh:2147483647: cwnd:10: delivered:1: lost:0: retrans:1
[  366.126971] AAAAA-TCP_RECV: name:enp0s3: saddr:100932208: daddr:16783984: srtt_us:9912000: RTT:1239000: ssthresh:2147483647: cwnd:10: delivered:1: lost:0: retrans:1
[  366.127018] AAAAA-TCP_SEND: name:enp0s3: saddr:16783984: daddr:100932208: srtt_us:9912000: RTT:1239000: ssthresh:2147483647: cwnd:10: delivered:1: lost:0: retrans:1
[  366.266314] AAAAA-TCP_RECV: name:enp0s3: saddr:100932208: daddr:16783984: srtt_us:9912000: RTT:1239000: ssthresh:2147483647: cwnd:10: delivered:1: lost:0: retrans:1
[  366.359088] AAAAA-TCP_SEND: name:enp0s3: saddr:16783984: daddr:100932208: srtt_us:9912000: RTT:1239000: ssthresh:2147483647: cwnd:10: delivered:1: lost:0: retrans:1
[  366.399398] AAAAA-TCP_RECV: name:enp0s3: saddr:100932208: daddr:16783984: srtt_us:9912000: RTT:1239000: ssthresh:2147483647: cwnd:10: delivered:1: lost:0: retrans:1
[  366.470685] AAAAA-TCP_RECV: name:enp0s3: saddr:100932208: daddr:16783984: srtt_us:9912000: RTT:1239000: ssthresh:2147483647: cwnd:10: delivered:1: lost:0: retrans:1
[  366.470734] AAAAA-TCP_SEND: name:enp0s3: saddr:16783984: daddr:100932208: srtt_us:9912000: RTT:1239000: ssthresh:2147483647: cwnd:10: delivered:1: lost:0: retrans:1
[  366.552719] AAAAA-TCP_RECV: name:enp0s3: saddr:100932208: daddr:16783984: srtt_us:9912000: RTT:1239000: ssthresh:2147483647: cwnd:10: delivered:1: lost:0: retrans:1
[  366.707213] AAAAA-TCP_RECV: name:enp0s3: saddr:100932208: daddr:16783984: srtt_us:9912000: RTT:1239000: ssthresh:2147483647: cwnd:10: delivered:1: lost:0: retrans:1
[  366.707259] AAAAA-TCP_SEND: name:enp0s3: saddr:16783984: daddr:100932208: srtt_us:9912000: RTT:1239000: ssthresh:2147483647: cwnd:10: delivered:1: lost:0: retrans:1
[  366.756979] AAAAA-TCP_RECV: name:enp0s3: saddr:100932208: daddr:16783984: srtt_us:9912000: RTT:1239000: ssthresh:2147483647: cwnd:10: delivered:1: lost:0: retrans:1
[  366.811579] AAAAA-TCP_RECV: name:enp0s3: saddr:100932208: daddr:16783984: srtt_us:9912000: RTT:1239000: ssthresh:2147483647: cwnd:10: delivered:1: lost:0: retrans:1
[  366.811619] AAAAA-TCP_SEND: name:enp0s3: saddr:16783984: daddr:100932208: srtt_us:9912000: RTT:1239000: ssthresh:2147483647: cwnd:10: delivered:1: lost:0: retrans:1
[  367.111811] AAAAA-TCP_RECV: name:enp0s3: saddr:100932208: daddr:16783984: srtt_us:9912000: RTT:1239000: ssthresh:2147483647: cwnd:10: delivered:1: lost:0: retrans:1
[  367.255095] AAAAA-TCP_SEND: name:enp0s3: saddr:16783984: daddr:100932208: srtt_us:9912000: RTT:1239000: ssthresh:2147483647: cwnd:10: delivered:1: lost:0: retrans:1
[  367.420451] AAAAA-TCP_RECV: name:enp0s3: saddr:100932208: daddr:16783984: srtt_us:9912000: RTT:1239000: ssthresh:2147483647: cwnd:10: delivered:1: lost:0: retrans:1
[  367.454931] AAAAA-TCP_RECV: name:enp0s3: saddr:100932208: daddr:16783984: srtt_us:9912000: RTT:1239000: ssthresh:2147483647: cwnd:10: delivered:1: lost:0: retrans:1
[  367.454979] AAAAA-TCP_SEND: name:enp0s3: saddr:16783984: daddr:100932208: srtt_us:9912000: RTT:1239000: ssthresh:2147483647: cwnd:10: delivered:1: lost:0: retrans:1
[  367.872492] AAAAA-TCP_RECV: name:enp0s3: saddr:100932208: daddr:16783984: srtt_us:9912000: RTT:1239000: ssthresh:2147483647: cwnd:10: delivered:1: lost:0: retrans:1
[  367.907754] AAAAA-TCP_RECV: name:enp0s3: saddr:100932208: daddr:16783984: srtt_us:9912000: RTT:1239000: ssthresh:2147483647: cwnd:10: delivered:1: lost:0: retrans:1
[  367.907808] AAAAA-TCP_SEND: name:enp0s3: saddr:16783984: daddr:100932208: srtt_us:9912000: RTT:1239000: ssthresh:2147483647: cwnd:10: delivered:1: lost:0: retrans:1
[  368.181067] AAAAA-TCP_RECV: name:enp0s3: saddr:100932208: daddr:16783984: srtt_us:9912000: RTT:1239000: ssthresh:2147483647: cwnd:10: delivered:1: lost:0: retrans:1
[  368.181117] AAAAA-TCP_SEND: name:enp0s3: saddr:16783984: daddr:100932208: srtt_us:9912000: RTT:1239000: ssthresh:2147483647: cwnd:10: delivered:1: lost:0: retrans:1
[  368.256425] AAAAA-TCP_RECV: name:enp0s3: saddr:100932208: daddr:16783984: srtt_us:9912000: RTT:1239000: ssthresh:2147483647: cwnd:10: delivered:1: lost:0: retrans:1
[  368.256464] AAAAA-TCP_SEND: name:enp0s3: saddr:16783984: daddr:100932208: srtt_us:9912000: RTT:1239000: ssthresh:2147483647: cwnd:10: delivered:1: lost:0: retrans:1
[  368.431327] AAAAA-TCP_RECV: name:enp0s3: saddr:100932208: daddr:16783984: srtt_us:9912000: RTT:1239000: ssthresh:2147483647: cwnd:10: delivered:1: lost:0: retrans:1
[  368.431377] AAAAA-TCP_SEND: name:enp0s3: saddr:16783984: daddr:100932208: srtt_us:9912000: RTT:1239000: ssthresh:2147483647: cwnd:10: delivered:1: lost:0: retrans:1
[  368.578739] AAAAA-TCP_RECV: name:enp0s3: saddr:100932208: daddr:16783984: srtt_us:9912000: RTT:1239000: ssthresh:2147483647: cwnd:10: delivered:1: lost:0: retrans:1
[  368.578787] AAAAA-TCP_SEND: name:enp0s3: saddr:16783984: daddr:100932208: srtt_us:9912000: RTT:1239000: ssthresh:2147483647: cwnd:10: delivered:1: lost:0: retrans:1
[  368.696597] AAAAA-TCP_RECV: name:enp0s3: saddr:100932208: daddr:16783984: srtt_us:9912000: RTT:1239000: ssthresh:2147483647: cwnd:10: delivered:1: lost:0: retrans:1
[  368.696645] AAAAA-TCP_SEND: name:enp0s3: saddr:16783984: daddr:100932208: srtt_us:9912000: RTT:1239000: ssthresh:2147483647: cwnd:10: delivered:1: lost:0: retrans:1
[  368.840996] AAAAA-TCP_RECV: name:enp0s3: saddr:100932208: daddr:16783984: srtt_us:9912000: RTT:1239000: ssthresh:2147483647: cwnd:10: delivered:1: lost:0: retrans:1
[  368.841044] AAAAA-TCP_SEND: name:enp0s3: saddr:16783984: daddr:100932208: srtt_us:9912000: RTT:1239000: ssthresh:2147483647: cwnd:10: delivered:1: lost:0: retrans:1
[  369.421026] AAAAA-TCP_RECV: name:enp0s3: saddr:100932208: daddr:33561200: srtt_us:2471768: RTT:308971: ssthresh:2147483647: cwnd:10: delivered:1: lost:0: retrans:0
[  369.421079] AAAAA-TCP_SEND: name:enp0s3: saddr:33561200: daddr:100932208: srtt_us:2471768: RTT:308971: ssthresh:2147483647: cwnd:10: delivered:1: lost:0: retrans:0
[  369.529575] AAAAA-TCP_RECV: name:enp0s3: saddr:100932208: daddr:33561200: srtt_us:2471768: RTT:308971: ssthresh:2147483647: cwnd:10: delivered:1: lost:0: retrans:0
[  369.529626] AAAAA-TCP_SEND: name:enp0s3: saddr:33561200: daddr:100932208: srtt_us:2471768: RTT:308971: ssthresh:2147483647: cwnd:10: delivered:1: lost:0: retrans:0
[  369.710198] AAAAA-TCP_RECV: name:enp0s3: saddr:100932208: daddr:16783984: srtt_us:9912000: RTT:1239000: ssthresh:2147483647: cwnd:10: delivered:1: lost:0: retrans:1
[  369.710245] AAAAA-TCP_SEND: name:enp0s3: saddr:16783984: daddr:100932208: srtt_us:9912000: RTT:1239000: ssthresh:2147483647: cwnd:10: delivered:1: lost:0: retrans:1
[  369.764906] AAAAA-TCP_RECV: name:enp0s3: saddr:100932208: daddr:16783984: srtt_us:9912000: RTT:1239000: ssthresh:2147483647: cwnd:10: delivered:1: lost:0: retrans:1
[  369.764941] AAAAA-TCP_SEND: name:enp0s3: saddr:16783984: daddr:100932208: srtt_us:9912000: RTT:1239000: ssthresh:2147483647: cwnd:10: delivered:1: lost:0: retrans:1
