[    0.000000] Linux version 5.4.243-mptcp (root@ztg) (gcc version 12.2.0 (Debian 12.2.0-14+deb12u1)) #53 SMP Wed Dec 24 23:28:15 CST 2025
[    0.000000] Command line: BOOT_IMAGE=/boot/vmlinuz-5.4.243-mptcp root=UUID=98415a12-53b7-4144-8265-0f7ece09e445 ro quiet splash
[    0.000000] KERNEL supported cpus:
[    0.000000]   Intel GenuineIntel
[    0.000000]   AMD AuthenticAMD
[    0.000000]   Hygon HygonGenuine
[    0.000000]   Centaur CentaurHauls
[    0.000000]   zhaoxin   Shanghai  
[    0.000000] x86/fpu: Supporting XSAVE feature 0x001: 'x87 floating point registers'
[    0.000000] x86/fpu: Supporting XSAVE feature 0x002: 'SSE registers'
[    0.000000] x86/fpu: Supporting XSAVE feature 0x004: 'AVX registers'
[    0.000000] x86/fpu: xstate_offset[2]:  576, xstate_sizes[2]:  256
[    0.000000] x86/fpu: Enabled xstate features 0x7, context size is 832 bytes, using 'standard' format.
[    0.000000] BIOS-provided physical RAM map:
[    0.000000] BIOS-e820: [mem 0x0000000000000000-0x000000000009fbff] usable
[    0.000000] BIOS-e820: [mem 0x000000000009fc00-0x000000000009ffff] reserved
[    0.000000] BIOS-e820: [mem 0x00000000000f0000-0x00000000000fffff] reserved
[    0.000000] BIOS-e820: [mem 0x0000000000100000-0x000000007ffeffff] usable
[    0.000000] BIOS-e820: [mem 0x000000007fff0000-0x000000007fffffff] ACPI data
[    0.000000] BIOS-e820: [mem 0x00000000fec00000-0x00000000fec00fff] reserved
[    0.000000] BIOS-e820: [mem 0x00000000fee00000-0x00000000fee00fff] reserved
[    0.000000] BIOS-e820: [mem 0x00000000fffc0000-0x00000000ffffffff] reserved
[    0.000000] NX (Execute Disable) protection: active
[    0.000000] SMBIOS 2.5 present.
[    0.000000] DMI: innotek GmbH VirtualBox/VirtualBox, BIOS VirtualBox 12/01/2006
[    0.000000] Hypervisor detected: KVM
[    0.000000] kvm-clock: Using msrs 4b564d01 and 4b564d00
[    0.000000] kvm-clock: cpu 0, msr 46001001, primary cpu clock
[    0.000000] kvm-clock: using sched offset of 4504289433 cycles
[    0.000002] clocksource: kvm-clock: mask: 0xffffffffffffffff max_cycles: 0x1cd42e4dffb, max_idle_ns: 881590591483 ns
[    0.000005] tsc: Detected 2100.000 MHz processor
[    0.001895] e820: update [mem 0x00000000-0x00000fff] usable ==> reserved
[    0.001897] e820: remove [mem 0x000a0000-0x000fffff] usable
[    0.001901] last_pfn = 0x7fff0 max_arch_pfn = 0x400000000
[    0.001970] MTRR default type: uncachable
[    0.001971] MTRR fixed ranges enabled:
[    0.001972]   00000-9FFFF write-back
[    0.001973]   A0000-BFFFF uncachable
[    0.001974]   C0000-FFFFF write-protect
[    0.001975] MTRR variable ranges enabled:
[    0.001976]   0 base 000000000000 mask 3FFF80000000 write-back
[    0.001977]   1 disabled
[    0.001977]   2 disabled
[    0.001977]   3 disabled
[    0.001978]   4 disabled
[    0.001978]   5 disabled
[    0.001979]   6 disabled
[    0.001979]   7 disabled
[    0.001980]   8 disabled
[    0.001980]   9 disabled
[    0.001980]   10 disabled
[    0.001981]   11 disabled
[    0.001981]   12 disabled
[    0.001982]   13 disabled
[    0.001982]   14 disabled
[    0.001983]   15 disabled
[    0.002000] x86/PAT: Configuration [0-7]: WB  WC  UC- UC  WB  WP  UC- WT  
[    0.002133] found SMP MP-table at [mem 0x0009fff0-0x0009ffff]
[    0.092495] check: Scanning 1 areas for low memory corruption
[    0.092759] RAMDISK: [mem 0x32271000-0x3512ffff]
[    0.092767] ACPI: Early table checksum verification disabled
[    0.092772] ACPI: RSDP 0x00000000000E0000 000024 (v02 VBOX  )
[    0.092777] ACPI: XSDT 0x000000007FFF0030 00003C (v01 VBOX   VBOXXSDT 00000001 ASL  00000061)
[    0.092783] ACPI: FACP 0x000000007FFF00F0 0000F4 (v04 VBOX   VBOXFACP 00000001 ASL  00000061)
[    0.092790] ACPI: DSDT 0x000000007FFF02E0 002353 (v02 VBOX   VBOXBIOS 00000002 VBOX 00029BF3)
[    0.092795] ACPI: FACS 0x000000007FFF0200 000040
[    0.092798] ACPI: FACS 0x000000007FFF0200 000040
[    0.092801] ACPI: APIC 0x000000007FFF0240 000054 (v02 VBOX   VBOXAPIC 00000001 ASL  00000061)
[    0.092805] ACPI: SSDT 0x000000007FFF02A0 000038 (v01 VBOX   VBOXCPUT 00000002 VBOX 00029BF3)
[    0.092808] ACPI: Reserving FACP table memory at [mem 0x7fff00f0-0x7fff01e3]
[    0.092809] ACPI: Reserving DSDT table memory at [mem 0x7fff02e0-0x7fff2632]
[    0.092809] ACPI: Reserving FACS table memory at [mem 0x7fff0200-0x7fff023f]
[    0.092810] ACPI: Reserving FACS table memory at [mem 0x7fff0200-0x7fff023f]
[    0.092811] ACPI: Reserving APIC table memory at [mem 0x7fff0240-0x7fff0293]
[    0.092812] ACPI: Reserving SSDT table memory at [mem 0x7fff02a0-0x7fff02d7]
[    0.092825] ACPI: Local APIC address 0xfee00000
[    0.093025] No NUMA configuration found
[    0.093026] Faking a node at [mem 0x0000000000000000-0x000000007ffeffff]
[    0.093036] NODE_DATA(0) allocated [mem 0x7ffc5000-0x7ffeffff]
[    0.093297] Zone ranges:
[    0.093298]   DMA      [mem 0x0000000000001000-0x0000000000ffffff]
[    0.093299]   DMA32    [mem 0x0000000001000000-0x000000007ffeffff]
[    0.093300]   Normal   empty
[    0.093301]   Device   empty
[    0.093301] Movable zone start for each node
[    0.093303] Early memory node ranges
[    0.093304]   node   0: [mem 0x0000000000001000-0x000000000009efff]
[    0.093305]   node   0: [mem 0x0000000000100000-0x000000007ffeffff]
[    0.093308] Zeroed struct page in unavailable ranges: 114 pages
[    0.093309] Initmem setup node 0 [mem 0x0000000000001000-0x000000007ffeffff]
[    0.093310] On node 0 totalpages: 524174
[    0.093311]   DMA zone: 64 pages used for memmap
[    0.093311]   DMA zone: 21 pages reserved
[    0.093312]   DMA zone: 3998 pages, LIFO batch:0
[    0.093383]   DMA32 zone: 8128 pages used for memmap
[    0.093383]   DMA32 zone: 520176 pages, LIFO batch:63
[    0.102387] ACPI: PM-Timer IO Port: 0x4008
[    0.102391] ACPI: Local APIC address 0xfee00000
[    0.102458] IOAPIC[0]: apic_id 1, version 32, address 0xfec00000, GSI 0-23
[    0.102461] ACPI: INT_SRC_OVR (bus 0 bus_irq 0 global_irq 2 dfl dfl)
[    0.102463] ACPI: INT_SRC_OVR (bus 0 bus_irq 9 global_irq 9 low level)
[    0.102465] ACPI: IRQ0 used by override.
[    0.102466] ACPI: IRQ9 used by override.
[    0.102468] Using ACPI (MADT) for SMP configuration information
[    0.102475] smpboot: Allowing 1 CPUs, 0 hotplug CPUs
[    0.102499] PM: Registered nosave memory: [mem 0x00000000-0x00000fff]
[    0.102500] PM: Registered nosave memory: [mem 0x0009f000-0x0009ffff]
[    0.102500] PM: Registered nosave memory: [mem 0x000a0000-0x000effff]
[    0.102501] PM: Registered nosave memory: [mem 0x000f0000-0x000fffff]
[    0.102503] [mem 0x80000000-0xfebfffff] available for PCI devices
[    0.102503] Booting paravirtualized kernel on KVM
[    0.102506] clocksource: refined-jiffies: mask: 0xffffffff max_cycles: 0xffffffff, max_idle_ns: 7645519600211568 ns
[    0.102511] setup_percpu: NR_CPUS:8192 nr_cpumask_bits:1 nr_cpu_ids:1 nr_node_ids:1
[    0.103516] percpu: Embedded 60 pages/cpu s208896 r8192 d28672 u2097152
[    0.103522] pcpu-alloc: s208896 r8192 d28672 u2097152 alloc=1*2097152
[    0.103523] pcpu-alloc: [0] 0 
[    0.103549] Built 1 zonelists, mobility grouping on.  Total pages: 515961
[    0.103550] Policy zone: DMA32
[    0.103551] Kernel command line: BOOT_IMAGE=/boot/vmlinuz-5.4.243-mptcp root=UUID=98415a12-53b7-4144-8265-0f7ece09e445 ro quiet splash
[    0.104382] Dentry cache hash table entries: 262144 (order: 9, 2097152 bytes, linear)
[    0.104529] Inode-cache hash table entries: 131072 (order: 8, 1048576 bytes, linear)
[    0.104580] mem auto-init: stack:off, heap alloc:on, heap free:off
[    0.104583] Calgary: detecting Calgary via BIOS EBDA area
[    0.104584] Calgary: Unable to locate Rio Grande table in EBDA - bailing!
[    0.108687] Memory: 1967332K/2096696K available (14339K kernel code, 2398K rwdata, 4712K rodata, 2728K init, 17260K bss, 129364K reserved, 0K cma-reserved)
[    0.109616] SLUB: HWalign=64, Order=0-3, MinObjects=0, CPUs=1, Nodes=1
[    0.109634] ftrace: allocating 43186 entries in 169 pages
[    0.127761] rcu: Hierarchical RCU implementation.
[    0.127763] rcu: 	RCU restricting CPUs from NR_CPUS=8192 to nr_cpu_ids=1.
[    0.127765] 	Tasks RCU enabled.
[    0.127766] rcu: RCU calculated value of scheduler-enlistment delay is 25 jiffies.
[    0.127767] rcu: Adjusting geometry for rcu_fanout_leaf=16, nr_cpu_ids=1
[    0.130741] NR_IRQS: 524544, nr_irqs: 256, preallocated irqs: 16
[    0.130962] random: crng init done
[    0.140371] Console: colour VGA+ 80x25
[    0.140376] printk: console [tty0] enabled
[    0.140400] ACPI: Core revision 20190816
[    0.140511] APIC: Switch to symmetric I/O mode setup
[    0.140765] x2apic enabled
[    0.141021] Switched APIC routing to physical x2apic.
[    0.142169] ..TIMER: vector=0x30 apic1=0 pin1=2 apic2=-1 pin2=-1
[    0.142196] clocksource: tsc-early: mask: 0xffffffffffffffff max_cycles: 0x1e4530a99b6, max_idle_ns: 440795257976 ns
[    0.142201] Calibrating delay loop (skipped) preset value.. 4200.00 BogoMIPS (lpj=8400000)
[    0.142204] pid_max: default: 32768 minimum: 301
[    0.142232] LSM: Security Framework initializing
[    0.142242] Yama: becoming mindful.
[    0.142268] AppArmor: AppArmor initialized
[    0.142302] Mount-cache hash table entries: 4096 (order: 3, 32768 bytes, linear)
[    0.142306] Mountpoint-cache hash table entries: 4096 (order: 3, 32768 bytes, linear)
[    0.142317] *** VALIDATE tmpfs ***
[    0.142446] *** VALIDATE proc ***
[    0.142488] *** VALIDATE cgroup1 ***
[    0.142490] *** VALIDATE cgroup2 ***
[    0.142632] process: using mwait in idle threads
[    0.142637] Last level iTLB entries: 4KB 64, 2MB 8, 4MB 8
[    0.142638] Last level dTLB entries: 4KB 64, 2MB 0, 4MB 0, 1GB 4
[    0.142657] Spectre V1 : Mitigation: usercopy/swapgs barriers and __user pointer sanitization
[    0.142663] Spectre V2 : Mitigation: Retpolines
[    0.142663] Spectre V2 : Spectre v2 / SpectreRSB mitigation: Filling RSB on context switch
[    0.142664] Spectre V2 : Spectre v2 / SpectreRSB : Filling RSB on VMEXIT
[    0.142665] RETBleed: WARNING: Spectre v2 mitigation leaves CPU vulnerable to RETBleed attacks, data leaks possible!
[    0.143027] RETBleed: Vulnerable
[    0.143027] Speculative Store Bypass: Vulnerable
[    0.143032] TAA: Mitigation: TSX disabled
[    0.143032] MMIO Stale Data: Mitigation: Clear CPU buffers
[    0.147288] Freeing SMP alternatives memory: 40K
[    0.260011] smpboot: CPU0: Intel(R) Xeon(R) Silver 4216 CPU @ 2.10GHz (family: 0x6, model: 0x55, stepping: 0x7)
[    0.260151] Performance Events: unsupported p6 CPU model 85 no PMU driver, software events only.
[    0.260188] rcu: Hierarchical SRCU implementation.
[    0.260667] NMI watchdog: Perf NMI watchdog permanently disabled
[    0.260705] smp: Bringing up secondary CPUs ...
[    0.260706] smp: Brought up 1 node, 1 CPU
[    0.260707] smpboot: Max logical packages: 1
[    0.260708] smpboot: Total of 1 processors activated (4200.00 BogoMIPS)
[    0.261667] devtmpfs: initialized
[    0.261715] x86/mm: Memory block size: 128MB
[    0.262064] clocksource: jiffies: mask: 0xffffffff max_cycles: 0xffffffff, max_idle_ns: 7645041785100000 ns
[    0.262070] futex hash table entries: 256 (order: 2, 16384 bytes, linear)
[    0.262115] pinctrl core: initialized pinctrl subsystem
[    0.262198] PM: RTC time: 08:22:40, date: 2026-01-13
[    0.262198] NET: Registered protocol family 16
[    0.262198] audit: initializing netlink subsys (disabled)
[    0.262198] EISA bus registered
[    0.262198] cpuidle: using governor ladder
[    0.262198] cpuidle: using governor menu
[    0.262198] ACPI: bus type PCI registered
[    0.262198] acpiphp: ACPI Hot Plug PCI Controller Driver version: 0.5
[    0.262198] PCI: Using configuration type 1 for base access
[    0.262515] audit: type=2000 audit(1768263766.816:1): state=initialized audit_enabled=0 res=1
[    0.262594] HugeTLB registered 2.00 MiB page size, pre-allocated 0 pages
[    0.263426] ACPI: Added _OSI(Module Device)
[    0.263427] ACPI: Added _OSI(Processor Device)
[    0.263428] ACPI: Added _OSI(3.0 _SCP Extensions)
[    0.263428] ACPI: Added _OSI(Processor Aggregator Device)
[    0.263429] ACPI: Added _OSI(Linux-Dell-Video)
[    0.263430] ACPI: Added _OSI(Linux-Lenovo-NV-HDMI-Audio)
[    0.263431] ACPI: Added _OSI(Linux-HPI-Hybrid-Graphics)
[    0.265396] ACPI: 2 ACPI AML tables successfully acquired and loaded
[    0.266908] ACPI: Interpreter enabled
[    0.266918] ACPI: (supports S0 S5)
[    0.266919] ACPI: Using IOAPIC for interrupt routing
[    0.267129] PCI: Using host bridge windows from ACPI; if necessary, use "pci=nocrs" and report a bug
[    0.267240] ACPI: Enabled 2 GPEs in block 00 to 07
[    0.272351] ACPI: PCI Root Bridge [PCI0] (domain 0000 [bus 00-ff])
[    0.272355] acpi PNP0A03:00: _OSC: OS supports [ASPM ClockPM Segments MSI HPX-Type3]
[    0.272800] acpi PNP0A03:00: _OSC: not requesting OS control; OS requires [ExtendedConfig ASPM ClockPM MSI]
[    0.272807] acpi PNP0A03:00: fail to add MMCONFIG information, can't access extended PCI configuration space under this bridge.
[    0.273221] PCI host bridge to bus 0000:00
[    0.273224] pci_bus 0000:00: root bus resource [io  0x0000-0x0cf7 window]
[    0.273225] pci_bus 0000:00: root bus resource [io  0x0d00-0xffff window]
[    0.273227] pci_bus 0000:00: root bus resource [mem 0x000a0000-0x000bffff window]
[    0.273228] pci_bus 0000:00: root bus resource [mem 0x80000000-0xfdffffff window]
[    0.273229] pci_bus 0000:00: root bus resource [bus 00-ff]
[    0.273273] pci 0000:00:00.0: [8086:1237] type 00 class 0x060000
[    0.274288] pci 0000:00:01.0: [8086:7000] type 00 class 0x060100
[    0.275053] pci 0000:00:01.1: [8086:7111] type 00 class 0x01018a
[    0.275441] pci 0000:00:01.1: reg 0x20: [io  0xd000-0xd00f]
[    0.275598] pci 0000:00:01.1: legacy IDE quirk: reg 0x10: [io  0x01f0-0x01f7]
[    0.275599] pci 0000:00:01.1: legacy IDE quirk: reg 0x14: [io  0x03f6]
[    0.275600] pci 0000:00:01.1: legacy IDE quirk: reg 0x18: [io  0x0170-0x0177]
[    0.275601] pci 0000:00:01.1: legacy IDE quirk: reg 0x1c: [io  0x0376]
[    0.276146] pci 0000:00:02.0: [15ad:0405] type 00 class 0x030000
[    0.278279] pci 0000:00:02.0: reg 0x10: [io  0xd010-0xd01f]
[    0.281092] pci 0000:00:02.0: reg 0x14: [mem 0xe0000000-0xe7ffffff pref]
[    0.284086] pci 0000:00:02.0: reg 0x18: [mem 0xf0000000-0xf01fffff]
[    0.295005] pci 0000:00:03.0: [1022:2000] type 00 class 0x020000
[    0.295712] pci 0000:00:03.0: reg 0x10: [io  0xd020-0xd03f]
[    0.296355] pci 0000:00:03.0: reg 0x14: [mem 0xf0200000-0xf0200fff]
[    0.300759] pci 0000:00:04.0: [80ee:cafe] type 00 class 0x088000
[    0.301438] pci 0000:00:04.0: reg 0x10: [io  0xd040-0xd05f]
[    0.302042] pci 0000:00:04.0: reg 0x14: [mem 0xf0400000-0xf07fffff]
[    0.302800] pci 0000:00:04.0: reg 0x18: [mem 0xf0800000-0xf0803fff pref]
[    0.306241] pci 0000:00:07.0: [8086:7113] type 00 class 0x068000
[    0.306783] pci 0000:00:07.0: quirk: [io  0x4000-0x403f] claimed by PIIX4 ACPI
[    0.306794] pci 0000:00:07.0: quirk: [io  0x4100-0x410f] claimed by PIIX4 SMB
[    0.307415] pci 0000:00:08.0: [8086:100e] type 00 class 0x020000
[    0.308120] pci 0000:00:08.0: reg 0x10: [mem 0xf0820000-0xf083ffff]
[    0.309287] pci 0000:00:08.0: reg 0x18: [io  0xd060-0xd067]
[    0.312380] pci 0000:00:09.0: [8086:100e] type 00 class 0x020000
[    0.313147] pci 0000:00:09.0: reg 0x10: [mem 0xf0840000-0xf085ffff]
[    0.314290] pci 0000:00:09.0: reg 0x18: [io  0xd068-0xd06f]
[    0.323307] ACPI: PCI Interrupt Link [LNKA] (IRQs 5 9 10 *11)
[    0.323593] ACPI: PCI Interrupt Link [LNKB] (IRQs 5 9 *10 11)
[    0.323699] ACPI: PCI Interrupt Link [LNKC] (IRQs 5 *9 10 11)
[    0.323798] ACPI: PCI Interrupt Link [LNKD] (IRQs 5 9 10 *11)
[    0.326265] iommu: Default domain type: Translated 
[    0.326327] pci 0000:00:02.0: vgaarb: setting as boot VGA device
[    0.326329] pci 0000:00:02.0: vgaarb: VGA device added: decodes=io+mem,owns=io+mem,locks=none
[    0.326331] pci 0000:00:02.0: vgaarb: bridge control possible
[    0.326332] vgaarb: loaded
[    0.326541] SCSI subsystem initialized
[    0.326571] libata version 3.00 loaded.
[    0.326596] ACPI: bus type USB registered
[    0.326613] usbcore: registered new interface driver usbfs
[    0.326619] usbcore: registered new interface driver hub
[    0.326624] usbcore: registered new device driver usb
[    0.326652] pps_core: LinuxPPS API ver. 1 registered
[    0.326653] pps_core: Software ver. 5.3.6 - Copyright 2005-2007 Rodolfo Giometti <giometti@linux.it>
[    0.326655] PTP clock support registered
[    0.326688] EDAC MC: Ver: 3.0.0
[    0.326977] PCI: Using ACPI for IRQ routing
[    0.326979] PCI: pci_cache_line_size set to 64 bytes
[    0.327154] e820: reserve RAM buffer [mem 0x0009fc00-0x0009ffff]
[    0.327158] e820: reserve RAM buffer [mem 0x7fff0000-0x7fffffff]
[    0.327945] NetLabel: Initializing
[    0.327946] NetLabel:  domain hash size = 128
[    0.327946] NetLabel:  protocols = UNLABELED CIPSOv4 CALIPSO
[    0.327967] NetLabel:  unlabeled traffic allowed by default
[    0.328890] clocksource: Switched to clocksource kvm-clock
[    0.340878] *** VALIDATE bpf ***
[    0.340944] VFS: Disk quotas dquot_6.6.0
[    0.340958] VFS: Dquot-cache hash table entries: 512 (order 0, 4096 bytes)
[    0.340982] *** VALIDATE ramfs ***
[    0.340985] *** VALIDATE hugetlbfs ***
[    0.341068] AppArmor: AppArmor Filesystem Enabled
[    0.341096] pnp: PnP ACPI init
[    0.341169] pnp 00:00: Plug and Play ACPI device, IDs PNP0303 (active)
[    0.341259] pnp 00:01: Plug and Play ACPI device, IDs PNP0f03 (active)
[    0.342026] pnp: PnP ACPI: found 2 devices
[    0.343053] thermal_sys: Registered thermal governor 'fair_share'
[    0.343053] thermal_sys: Registered thermal governor 'bang_bang'
[    0.343054] thermal_sys: Registered thermal governor 'step_wise'
[    0.343055] thermal_sys: Registered thermal governor 'user_space'
[    0.343055] thermal_sys: Registered thermal governor 'power_allocator'
[    0.347622] clocksource: acpi_pm: mask: 0xffffff max_cycles: 0xffffff, max_idle_ns: 2085701024 ns
[    0.347662] pci_bus 0000:00: resource 4 [io  0x0000-0x0cf7 window]
[    0.347664] pci_bus 0000:00: resource 5 [io  0x0d00-0xffff window]
[    0.347665] pci_bus 0000:00: resource 6 [mem 0x000a0000-0x000bffff window]
[    0.347666] pci_bus 0000:00: resource 7 [mem 0x80000000-0xfdffffff window]
[    0.347729] NET: Registered protocol family 2
[    0.347805] IP idents hash table entries: 32768 (order: 6, 262144 bytes, linear)
[    0.348223] MPTCP tokens hash table entries: 8192 (order: 4, 65536 bytes, linear)
[    0.348243] MPTCP request tokens hash table entries: 8192 (order: 4, 65536 bytes, linear)
[    0.348268] default registered
[    0.348269] default registered
[    0.348269] MPTCP: Stable release v0.96
[    0.348275] tcp_listen_portaddr_hash hash table entries: 1024 (order: 2, 16384 bytes, linear)
[    0.348355] TCP established hash table entries: 16384 (order: 5, 131072 bytes, linear)
[    0.348421] TCP bind hash table entries: 16384 (order: 6, 262144 bytes, linear)
[    0.348446] TCP: Hash tables configured (established 16384 bind 16384)
[    0.349162] UDP hash table entries: 1024 (order: 3, 32768 bytes, linear)
[    0.349173] UDP-Lite hash table entries: 1024 (order: 3, 32768 bytes, linear)
[    0.349208] NET: Registered protocol family 1
[    0.349217] NET: Registered protocol family 44
[    0.349239] pci 0000:00:00.0: Limiting direct PCI/PCI transfers
[    0.349255] pci 0000:00:01.0: Activating ISA DMA hang workarounds
[    0.349308] pci 0000:00:02.0: Video device with shadowed ROM at [mem 0x000c0000-0x000dffff]
[    0.349374] PCI: CLS 0 bytes, default 64
[    0.349423] Trying to unpack rootfs image as initramfs...
[    0.531256] Freeing initrd memory: 47868K
[    0.531256] clocksource: tsc: mask: 0xffffffffffffffff max_cycles: 0x1e4530a99b6, max_idle_ns: 440795257976 ns
[    0.531256] clocksource: Switched to clocksource tsc
[    0.531256] platform rtc_cmos: registered platform RTC device (no PNP device found)
[    0.531256] check: Scanning for low memory corruption every 60 seconds
[    0.531256] Initialise system trusted keyrings
[    0.531256] Key type blacklist registered
[    0.531256] workingset: timestamp_bits=36 max_order=19 bucket_order=0
[    0.531256] zbud: loaded
[    0.531256] squashfs: version 4.0 (2009/01/31) Phillip Lougher
[    0.531256] fuse: init (API version 7.31)
[    0.531256] *** VALIDATE fuse ***
[    0.531256] *** VALIDATE fuse ***
[    0.531256] Platform Keyring initialized
[    0.543937] Key type asymmetric registered
[    0.543939] Asymmetric key parser 'x509' registered
[    0.543950] Block layer SCSI generic (bsg) driver version 0.4 loaded (major 244)
[    0.543994] io scheduler mq-deadline registered
[    0.544149] shpchp: Standard Hot Plug PCI Controller Driver version: 0.4
[    0.544391] ACPI: AC Adapter [AC] (on-line)
[    0.544438] input: Power Button as /devices/LNXSYSTM:00/LNXPWRBN:00/input/input0
[    0.544470] ACPI: Power Button [PWRF]
[    0.544545] input: Sleep Button as /devices/LNXSYSTM:00/LNXSLPBN:00/input/input1
[    0.544561] ACPI: Sleep Button [SLPF]
[    0.544795] Serial: 8250/16550 driver, 32 ports, IRQ sharing enabled
[    0.545948] Linux agpgart interface v0.103
[    0.635317] loop: module loaded
[    0.635494] ata_piix 0000:00:01.1: version 2.13
[    0.635908] scsi host0: ata_piix
[    0.636003] scsi host1: ata_piix
[    0.636030] ata1: PATA max UDMA/33 cmd 0x1f0 ctl 0x3f6 bmdma 0xd000 irq 14
[    0.636031] ata2: PATA max UDMA/33 cmd 0x170 ctl 0x376 bmdma 0xd008 irq 15
[    0.636113] tun: Universal TUN/TAP device driver, 1.6
[    0.636430] PPP generic driver version 2.4.2
[    0.636474] VFIO - User Level meta-driver version: 0.3
[    0.636714] ehci_hcd: USB 2.0 'Enhanced' Host Controller (EHCI) Driver
[    0.636722] ehci-pci: EHCI PCI platform driver
[    0.636737] ehci-platform: EHCI generic platform driver
[    0.636743] ohci_hcd: USB 1.1 'Open' Host Controller (OHCI) Driver
[    0.636744] ohci-pci: OHCI PCI platform driver
[    0.636753] ohci-platform: OHCI generic platform driver
[    0.636757] uhci_hcd: USB Universal Host Controller Interface driver
[    0.636827] i8042: PNP: PS/2 Controller [PNP0303:PS2K,PNP0f03:PS2M] at 0x60,0x64 irq 1,12
[    0.637267] serio: i8042 KBD port at 0x60,0x64 irq 1
[    0.637271] serio: i8042 AUX port at 0x60,0x64 irq 12
[    0.637359] mousedev: PS/2 mouse device common for all mice
[    0.637614] input: AT Translated Set 2 keyboard as /devices/platform/i8042/serio0/input/input2
[    0.638015] rtc_cmos rtc_cmos: registered as rtc0
[    0.638029] rtc_cmos rtc_cmos: alarms up to one day, 114 bytes nvram
[    0.638034] i2c /dev entries driver
[    0.638090] device-mapper: uevent: version 1.0.3
[    0.638135] device-mapper: ioctl: 4.41.0-ioctl (2019-09-16) initialised: dm-devel@redhat.com
[    0.638151] platform eisa.0: Probing EISA bus 0
[    0.638152] platform eisa.0: EISA: Cannot allocate resource for mainboard
[    0.638154] platform eisa.0: Cannot allocate resource for EISA slot 1
[    0.638155] platform eisa.0: Cannot allocate resource for EISA slot 2
[    0.638156] platform eisa.0: Cannot allocate resource for EISA slot 3
[    0.638157] platform eisa.0: Cannot allocate resource for EISA slot 4
[    0.638158] platform eisa.0: Cannot allocate resource for EISA slot 5
[    0.638159] platform eisa.0: Cannot allocate resource for EISA slot 6
[    0.638159] platform eisa.0: Cannot allocate resource for EISA slot 7
[    0.638160] platform eisa.0: Cannot allocate resource for EISA slot 8
[    0.638161] platform eisa.0: EISA: Detected 0 cards
[    0.638165] intel_pstate: CPU model not supported
[    0.638175] ledtrig-cpu: registered to indicate activity on CPUs
[    0.638230] drop_monitor: Initializing network drop monitor service
[    0.638388] NET: Registered protocol family 10
[    0.643427] Segment Routing with IPv6
[    0.643427] fullmesh registered
[    0.643427] ndiffports registered
[    0.643427] binder registered
[    0.643427] roundrobin registered
[    0.643427] redundant registered
[    0.643427] blest registered
[    0.643427] ecf registered
[    0.643427] NET: Registered protocol family 17
[    0.643427] Key type dns_resolver registered
[    0.643427] RAS: Correctable Errors collector initialized.
[    0.643427] IPI shorthand broadcast: enabled
[    0.643427] sched_clock: Marking stable (628181686, 11245515)->(642118505, -2691304)
[    0.643797] registered taskstats version 1
[    0.643806] Loading compiled-in X.509 certificates
[    0.644396] Loaded X.509 cert 'Build time autogenerated kernel key: 6909f3744cebb3d0de528d5887b96a727de79b1e'
[    0.644415] zswap: loaded using pool lzo/zbud
[    0.644468] Key type ._fscrypt registered
[    0.644469] Key type .fscrypt registered
[    0.648908] Key type big_key registered
[    0.651121] Key type encrypted registered
[    0.651123] AppArmor: AppArmor sha1 policy hashing enabled
[    0.651131] ima: No TPM chip found, activating TPM-bypass!
[    0.651135] ima: Allocated hash algorithm: sha1
[    0.651140] ima: No architecture policies found
[    0.651151] evm: Initialising EVM extended attributes:
[    0.651151] evm: security.selinux
[    0.651152] evm: security.SMACK64
[    0.651152] evm: security.SMACK64EXEC
[    0.651153] evm: security.SMACK64TRANSMUTE
[    0.651153] evm: security.SMACK64MMAP
[    0.651154] evm: security.apparmor
[    0.651154] evm: security.ima
[    0.651155] evm: security.capability
[    0.651155] evm: HMAC attrs: 0x1
[    0.651455] PM:   Magic number: 10:614:371
[    0.651589] rtc_cmos rtc_cmos: setting system clock to 2026-01-13T08:22:41 UTC (1768292561)
[    0.806914] ata1.00: ATA-6: VBOX HARDDISK, 1.0, max UDMA/133
[    0.806916] ata1.00: 209715200 sectors, multi 128: LBA 
[    0.807359] scsi 0:0:0:0: Direct-Access     ATA      VBOX HARDDISK    1.0  PQ: 0 ANSI: 5
[    0.807535] sd 0:0:0:0: [sda] 209715200 512-byte logical blocks: (107 GB/100 GiB)
[    0.807541] sd 0:0:0:0: [sda] Write Protect is off
[    0.807543] sd 0:0:0:0: [sda] Mode Sense: 00 3a 00 00
[    0.807553] sd 0:0:0:0: [sda] Write cache: enabled, read cache: enabled, doesn't support DPO or FUA
[    0.807740] sd 0:0:0:0: Attached scsi generic sg0 type 0
[    0.808510]  sda: sda1 sda2
[    0.819405] sd 0:0:0:0: [sda] Attached SCSI disk
[    0.821202] Freeing unused decrypted memory: 2040K
[    0.821883] Freeing unused kernel image memory: 2728K
[    0.821884] Write protecting the kernel read-only data: 22528k
[    0.822545] Freeing unused kernel image memory: 2036K
[    0.822927] Freeing unused kernel image memory: 1432K
[    0.836849] x86/mm: Checked W+X mappings: passed, no W+X pages found.
[    0.836854] Run /init as init process
[    0.944709] ACPI: Video Device [GFX0] (multi-head: yes  rom: no  post: no)
[    0.944784] input: Video Bus as /devices/LNXSYSTM:00/LNXSYBUS:00/PNP0A03:00/LNXVIDEO:00/input/input4
[    0.958013] pcnet32: pcnet32.c:v1.35 21.Apr.2008 tsbogend@alpha.franken.de
[    0.958951] pcnet32: PCnet/FAST III 79C973 at 0xd020, 08:00:27:36:37:be assigned IRQ 19
[    0.958996] pcnet32: Found PHY 0022:561b at address 0
[    0.959317] pcnet32: eth0: registered as PCnet/FAST III 79C973
[    0.961476] piix4_smbus 0000:00:07.0: SMBus Host Controller at 0x4100, revision 0
[    0.961848] pcnet32: 1 cards_found
[    0.965597] e1000: Intel(R) PRO/1000 Network Driver - version 7.3.21-k8-NAPI
[    0.965598] e1000: Copyright (c) 1999-2006 Intel Corporation.
[    1.044352] pcnet32 0000:00:03.0 enp0s3: renamed from eth0
[    1.184100] input: ImExPS/2 Generic Explorer Mouse as /devices/platform/i8042/serio1/input/input5
[    1.379749] e1000 0000:00:08.0 eth0: (PCI:33MHz:32-bit) 08:00:27:8a:44:47
[    1.379753] e1000 0000:00:08.0 eth0: Intel(R) PRO/1000 Network Connection
[    1.755665] e1000 0000:00:09.0 eth1: (PCI:33MHz:32-bit) 08:00:27:f6:1a:ad
[    1.755668] e1000 0000:00:09.0 eth1: Intel(R) PRO/1000 Network Connection
[    1.756810] e1000 0000:00:09.0 enp0s9: renamed from eth1
[    1.758632] e1000 0000:00:08.0 enp0s8: renamed from eth0
[    1.914040] EXT4-fs (sda2): mounted filesystem with ordered data mode. Opts: (null)
[    2.008501] systemd[1]: Inserted module 'autofs4'
[    2.019708] systemd[1]: systemd 245.4-4ubuntu3 running in system mode. (+PAM +AUDIT +SELINUX +IMA +APPARMOR +SMACK +SYSVINIT +UTMP +LIBCRYPTSETUP +GCRYPT +GNUTLS +ACL +XZ +LZ4 +SECCOMP +BLKID +ELFUTILS +KMOD +IDN2 -IDN +PCRE2 default-hierarchy=hybrid)
[    2.019739] systemd[1]: Detected virtualization oracle.
[    2.019743] systemd[1]: Detected architecture x86-64.
[    2.021031] systemd[1]: Set hostname to <ztg>.
[    2.148282] systemd[1]: /lib/systemd/system/dbus.socket:5: ListenStream= references a path below legacy directory /var/run/, updating /var/run/dbus/system_bus_socket â†’ /run/dbus/system_bus_socket; please update the unit file accordingly.
[    2.201659] systemd[1]: Created slice system-modprobe.slice.
[    2.201863] systemd[1]: Created slice User and Session Slice.
[    2.201908] systemd[1]: Started Forward Password Requests to Wall Directory Watch.
[    2.202083] systemd[1]: Set up automount Arbitrary Executable File Formats File System Automount Point.
[    2.202116] systemd[1]: Reached target User and Group Name Lookups.
[    2.202125] systemd[1]: Reached target Remote File Systems.
[    2.202134] systemd[1]: Reached target Slices.
[    2.202690] systemd[1]: Listening on Syslog Socket.
[    2.202756] systemd[1]: Listening on fsck to fsckd communication Socket.
[    2.202794] systemd[1]: Listening on initctl Compatibility Named Pipe.
[    2.202930] systemd[1]: Listening on Journal Audit Socket.
[    2.202982] systemd[1]: Listening on Journal Socket (/dev/log).
[    2.203048] systemd[1]: Listening on Journal Socket.
[    2.203113] systemd[1]: Listening on udev Control Socket.
[    2.203152] systemd[1]: Listening on udev Kernel Socket.
[    2.203932] systemd[1]: Mounting Huge Pages File System...
[    2.204845] systemd[1]: Mounting POSIX Message Queue File System...
[    2.205731] systemd[1]: Mounting Kernel Debug File System...
[    2.206522] systemd[1]: Mounting Kernel Trace File System...
[    2.208445] systemd[1]: Starting Journal Service...
[    2.229869] systemd[1]: Starting Set the console keyboard layout...
[    2.237894] systemd[1]: Starting Create list of static device nodes for the current kernel...
[    2.239715] systemd[1]: Starting Load Kernel Module drm...
[    2.240697] systemd[1]: Condition check resulted in Set Up Additional Binary Formats being skipped.
[    2.240742] systemd[1]: Condition check resulted in File System Check on Root Device being skipped.
[    2.246949] systemd[1]: Starting Load Kernel Modules...
[    2.259532] systemd[1]: Starting Remount Root and Kernel File Systems...
[    2.266826] systemd[1]: Starting udev Coldplug all Devices...
[    2.278900] systemd[1]: Starting Uncomplicated firewall...
[    2.280154] systemd[1]: Mounted Huge Pages File System.
[    2.280240] systemd[1]: Mounted POSIX Message Queue File System.
[    2.280312] systemd[1]: Mounted Kernel Debug File System.
[    2.280378] systemd[1]: Mounted Kernel Trace File System.
[    2.306401] EXT4-fs (sda2): re-mounted. Opts: errors=remount-ro
[    2.306915] systemd[1]: Finished Create list of static device nodes for the current kernel.
[    2.307951] systemd[1]: modprobe@drm.service: Succeeded.
[    2.325371] systemd[1]: Finished Load Kernel Module drm.
[    2.332441] systemd[1]: Finished Remount Root and Kernel File Systems.
[    2.335102] systemd[1]: Finished Uncomplicated firewall.
[    2.351826] systemd[1]: Condition check resulted in Rebuild Hardware Database being skipped.
[    2.351867] systemd[1]: Condition check resulted in Platform Persistent Storage Archival being skipped.
[    2.352792] systemd[1]: Starting Load/Save Random Seed...
[    2.357953] systemd[1]: Starting Create System Users...
[    2.365090] lp: driver loaded but no devices found
[    2.369989] systemd[1]: Finished Load/Save Random Seed.
[    2.372850] systemd[1]: Finished Create System Users.
[    2.373571] systemd[1]: Starting Create Static Device Nodes in /dev...
[    2.402157] ppdev: user-space parallel port driver
[    2.420051] systemd[1]: Finished Create Static Device Nodes in /dev.
[    2.420847] systemd[1]: Starting udev Kernel Device Manager...
[    2.428777] systemd[1]: Finished udev Coldplug all Devices.
[    2.481365] [drm] DMA map mode: Caching DMA mappings.
[    2.481427] [drm] Capabilities:
[    2.481428] [drm]   Rect copy.
[    2.481428] [drm]   Cursor.
[    2.481429] [drm]   Cursor bypass.
[    2.481429] [drm]   Cursor bypass 2.
[    2.481429] [drm]   Alpha cursor.
[    2.481430] [drm]   Extended Fifo.
[    2.481430] [drm]   Pitchlock.
[    2.481430] [drm]   Irq mask.
[    2.481431] [drm]   GMR.
[    2.481431] [drm]   Traces.
[    2.481431] [drm]   GMR2.
[    2.481432] [drm]   Screen Object 2.
[    2.481432] [drm]   Command Buffers.
[    2.481432] [drm]   Command Buffers 2.
[    2.481433] [drm]   Guest Backed Resources.
[    2.481434] [drm] Max GMR ids is 8192
[    2.481434] [drm] Max number of GMR pages is 1048576
[    2.481435] [drm] Max dedicated hypervisor surface memory is 393216 kiB
[    2.481435] [drm] Maximum display memory size is 131072 kiB
[    2.481436] [drm] VRAM at 0xe0000000 size is 131072 kiB
[    2.481437] [drm] MMIO at 0xf0000000 size is 2048 kiB
[    2.482087] [TTM] Zone  kernel: Available graphics memory: 1011738 KiB
[    2.482088] [TTM] Initializing pool allocator
[    2.482092] [TTM] Initializing DMA pool allocator
[    2.482119] [drm] Supports vblank timestamp caching Rev 2 (21.10.2013).
[    2.482119] [drm] No driver support for vblank timestamp query.
[    2.482343] [drm] Screen Target Display device initialized
[    2.482537] [drm] width 720
[    2.482546] [drm] height 400
[    2.482549] [drm] bpp 32
[    2.483083] [drm] Fifo max 0x00200000 min 0x00001000 cap 0x00000355
[    2.484736] [drm] Using command buffers with DMA pool.
[    2.484741] [drm] DX: no.
[    2.484742] [drm] Atomic: yes.
[    2.484742] [drm] SM4_1: no.
[    2.484762] [drm:vmw_host_log [vmwgfx]] *ERROR* Failed to send host log message.
[    2.485663] [drm:vmw_host_log [vmwgfx]] *ERROR* Failed to send host log message.
[    2.490278] systemd[1]: Finished Set the console keyboard layout.
[    2.490371] systemd[1]: Reached target Local File Systems (Pre).
[    2.494958] systemd[1]: Mounting Mount unit for bare, revision 5...
[    2.497006] systemd[1]: Mounting Mount unit for core18, revision 1705...
[    2.504356] systemd[1]: Mounting Mount unit for gnome-3-34-1804, revision 24...
[    2.506290] fbcon: svgadrmfb (fb0) is primary device
[    2.514511] Console: switching to colour frame buffer device 100x37
[    2.539125] systemd[1]: Mounting Mount unit for gtk-common-themes, revision 1506...
[    2.539581] [drm] Initialized vmwgfx 2.15.0 20180704 for 0000:00:02.0 on minor 0
[    2.551956] systemd[1]: Mounting Mount unit for gtk-common-themes, revision 1535...
[    2.559827] systemd[1]: Mounting Mount unit for snap-store, revision 433...
[    2.563330] systemd[1]: Mounting Mount unit for snapd, revision 25935...
[    2.573233] systemd[1]: Finished Load Kernel Modules.
[    2.575287] systemd[1]: Mounting FUSE Control File System...
[    2.598643] systemd[1]: Mounting Kernel Configuration File System...
[    2.602612] systemd[1]: Starting Apply Kernel Variables...
[    2.618668] systemd[1]: Mounted Mount unit for bare, revision 5.
[    2.618767] systemd[1]: Mounted Mount unit for core18, revision 1705.
[    2.618845] systemd[1]: Mounted Mount unit for gnome-3-34-1804, revision 24.
[    2.618917] systemd[1]: Mounted Mount unit for gtk-common-themes, revision 1506.
[    2.618990] systemd[1]: Mounted FUSE Control File System.
[    2.619044] systemd[1]: Condition check resulted in VMware vmblock fuse mount being skipped.
[    2.628460] systemd[1]: Mounted Kernel Configuration File System.
[    2.630040] systemd[1]: Finished Apply Kernel Variables.
[    2.639395] systemd[1]: Started udev Kernel Device Manager.
[    2.640169] systemd[1]: Starting Show Plymouth Boot Screen...
[    2.654055] systemd[1]: Received SIGRTMIN+20 from PID 286 (plymouthd).
[    2.662049] systemd[1]: Mounted Mount unit for gtk-common-themes, revision 1535.
[    2.663576] systemd[1]: Mounted Mount unit for snap-store, revision 433.
[    2.663760] systemd[1]: Mounted Mount unit for snapd, revision 25935.
[    2.663904] systemd[1]: Reached target Local File Systems.
[    2.680900] systemd[1]: Starting Load AppArmor profiles...
[    2.681753] systemd[1]: Starting Set console font and keymap...
[    2.696213] systemd[1]: Starting Tell Plymouth To Write Out Runtime Data...
[    2.696340] systemd[1]: Condition check resulted in Store a System Token in an EFI Variable being skipped.
[    2.696389] systemd[1]: Condition check resulted in Commit a transient machine-id on disk being skipped.
[    2.696590] systemd[1]: Started Show Plymouth Boot Screen.
[    2.698527] systemd[1]: Condition check resulted in Dispatch Password Requests to Console Directory Watch being skipped.
[    2.698612] systemd[1]: Started Forward Password Requests to Plymouth Directory Watch.
[    2.699275] systemd[1]: Reached target Local Encrypted Volumes.
[    2.701211] systemd[1]: Finished Set console font and keymap.
[    2.708519] systemd[1]: Received SIGRTMIN+20 from PID 286 (plymouthd).
[    2.709648] systemd[1]: plymouth-read-write.service: Succeeded.
[    2.709932] systemd[1]: Finished Tell Plymouth To Write Out Runtime Data.
[    2.728333] audit: type=1400 audit(1768292563.572:2): apparmor="STATUS" operation="profile_load" profile="unconfined" name="nvidia_modprobe" pid=298 comm="apparmor_parser"
[    2.728335] audit: type=1400 audit(1768292563.572:3): apparmor="STATUS" operation="profile_load" profile="unconfined" name="nvidia_modprobe//kmod" pid=298 comm="apparmor_parser"
[    2.750530] audit: type=1400 audit(1768292563.596:4): apparmor="STATUS" operation="profile_load" profile="unconfined" name="/usr/sbin/tcpdump" pid=301 comm="apparmor_parser"
[    2.778130] audit: type=1400 audit(1768292563.616:5): apparmor="STATUS" operation="profile_load" profile="unconfined" name="/usr/bin/evince" pid=303 comm="apparmor_parser"
[    2.778133] audit: type=1400 audit(1768292563.616:6): apparmor="STATUS" operation="profile_load" profile="unconfined" name="/usr/bin/evince//sanitized_helper" pid=303 comm="apparmor_parser"
[    2.778134] audit: type=1400 audit(1768292563.616:7): apparmor="STATUS" operation="profile_load" profile="unconfined" name="/usr/bin/evince-previewer" pid=303 comm="apparmor_parser"
[    2.778136] audit: type=1400 audit(1768292563.616:8): apparmor="STATUS" operation="profile_load" profile="unconfined" name="/usr/bin/evince-previewer//sanitized_helper" pid=303 comm="apparmor_parser"
[    2.778138] audit: type=1400 audit(1768292563.616:9): apparmor="STATUS" operation="profile_load" profile="unconfined" name="/usr/bin/evince-thumbnailer" pid=303 comm="apparmor_parser"
[    2.811808] audit: type=1400 audit(1768292563.656:10): apparmor="STATUS" operation="profile_load" profile="unconfined" name="/usr/lib/cups/backend/cups-pdf" pid=304 comm="apparmor_parser"
[    2.876845] systemd[1]: Finished Load AppArmor profiles.
[    2.877803] systemd[1]: Starting Load AppArmor profiles managed internally by snapd...
[    2.989239] systemd[1]: Finished Load AppArmor profiles managed internally by snapd.
[    3.199961] systemd[1]: Started Journal Service.
[    3.207984] systemd-journald[229]: Received client request to flush runtime journal.
[    3.211478] systemd-journald[229]: File /var/log/journal/c455b248004a419c87ce85eea238d727/system.journal corrupted or uncleanly shut down, renaming and replacing.
[    4.488444] RAPL PMU: API unit is 2^-32 Joules, 0 fixed counters, 10737418240 ms ovfl timer
[    4.550249] cryptd: max_cpu_qlen set to 1000
[    4.608202] AVX2 version of gcm_enc/dec engaged.
[    4.608203] AES CTR mode by8 optimization enabled
[    6.447812] Adding 1998844k swap on /dev/sda1.  Priority:-2 extents:1 across:1998844k FS
[    7.277604] kauditd_printk_skb: 30 callbacks suppressed
[    7.277605] audit: type=1400 audit(1768292568.120:41): apparmor="DENIED" operation="capable" profile="/usr/sbin/cups-browsed" pid=509 comm="cups-browsed" capability=23  capname="sys_nice"
[    8.824320] pcnet32 0000:00:03.0 enp0s3: link up, 100Mbps, full-duplex
[    8.865558] e1000: enp0s8 NIC Link is Up 1000 Mbps Full Duplex, Flow Control: RX
[    8.865830] IPv6: ADDRCONF(NETDEV_CHANGE): enp0s8: link becomes ready
[    8.889203] e1000: enp0s9 NIC Link is Up 1000 Mbps Full Duplex, Flow Control: RX
[    8.889914] IPv6: ADDRCONF(NETDEV_CHANGE): enp0s9: link becomes ready
[    9.574142] device enp0s3 entered promiscuous mode
[    9.614645] audit: type=1400 audit(1768292570.456:42): apparmor="DENIED" operation="open" profile="/usr/sbin/tcpdump" name="/proc/sys/kernel/random/boot_id" pid=623 comm="tcpdump" requested_mask="r" denied_mask="r" fsuid=0 ouid=0
[    9.619449] audit: type=1400 audit(1768292570.456:43): apparmor="DENIED" operation="open" profile="/usr/sbin/tcpdump" name="/proc/sys/kernel/random/boot_id" pid=623 comm="tcpdump" requested_mask="r" denied_mask="r" fsuid=0 ouid=0
[    9.619800] audit: type=1400 audit(1768292570.456:44): apparmor="DENIED" operation="open" profile="/usr/sbin/tcpdump" name="/proc/sys/kernel/random/boot_id" pid=623 comm="tcpdump" requested_mask="r" denied_mask="r" fsuid=0 ouid=0
[    9.619984] audit: type=1400 audit(1768292570.456:45): apparmor="DENIED" operation="open" profile="/usr/sbin/tcpdump" name="/proc/sys/kernel/random/boot_id" pid=623 comm="tcpdump" requested_mask="r" denied_mask="r" fsuid=0 ouid=0
[    9.634450] audit: type=1400 audit(1768292570.480:46): apparmor="DENIED" operation="open" profile="/usr/sbin/tcpdump" name="/proc/sys/kernel/random/boot_id" pid=624 comm="tcpdump" requested_mask="r" denied_mask="r" fsuid=0 ouid=0
[    9.634670] audit: type=1400 audit(1768292570.480:47): apparmor="DENIED" operation="open" profile="/usr/sbin/tcpdump" name="/proc/sys/kernel/random/boot_id" pid=624 comm="tcpdump" requested_mask="r" denied_mask="r" fsuid=0 ouid=0
[    9.634711] audit: type=1400 audit(1768292570.480:48): apparmor="DENIED" operation="open" profile="/usr/sbin/tcpdump" name="/proc/sys/kernel/random/boot_id" pid=624 comm="tcpdump" requested_mask="r" denied_mask="r" fsuid=0 ouid=0
[    9.634767] audit: type=1400 audit(1768292570.480:49): apparmor="DENIED" operation="open" profile="/usr/sbin/tcpdump" name="/proc/sys/kernel/random/boot_id" pid=624 comm="tcpdump" requested_mask="r" denied_mask="r" fsuid=0 ouid=0
[   15.486890] rfkill: input handler disabled
[  186.954339] AAAAA-TCP_FORW: name:enp0s3: saddr:16783984: daddr:100932208
[  187.462936] AAAAA-TCP_FORW: name:enp0s3: saddr:16783984: daddr:100932208
[  187.502242] AAAAA-TCP_FORW: name:enp0s3: saddr:16783984: daddr:100932208
[  187.522065] AAAAA-TCP_FORW: name:enp0s3: saddr:16783984: daddr:100932208
[  222.133804] AAAAA-TCP_FORW: name:enp0s3: saddr:100932208: daddr:16783984
[  222.193402] AAAAA-TCP_FORW: name:enp0s3: saddr:16783984: daddr:100932208
[  222.237016] AAAAA-TCP_FORW: name:enp0s3: saddr:100932208: daddr:33561200
[  222.337240] AAAAA-TCP_FORW: name:enp0s3: saddr:33561200: daddr:100932208
[  222.360631] AAAAA-TCP_FORW: name:enp0s3: saddr:100932208: daddr:16783984
[  222.387815] AAAAA-TCP_FORW: name:enp0s3: saddr:100932208: daddr:33561200
[  222.522626] AAAAA-TCP_FORW: name:enp0s3: saddr:16783984: daddr:100932208
[  222.540050] AAAAA-TCP_FORW: name:enp0s3: saddr:100932208: daddr:16783984
[  222.587675] AAAAA-TCP_FORW: name:enp0s3: saddr:33561200: daddr:100932208
[  222.683252] AAAAA-TCP_FORW: name:enp0s3: saddr:100932208: daddr:33561200
[  222.741679] AAAAA-TCP_FORW: name:enp0s3: saddr:100932208: daddr:16783984
[  222.780189] AAAAA-TCP_FORW: name:enp0s3: saddr:100932208: daddr:33561200
[  222.877745] AAAAA-TCP_FORW: name:enp0s3: saddr:16783984: daddr:100932208
[  222.996416] AAAAA-TCP_FORW: name:enp0s3: saddr:100932208: daddr:16783984
[  223.115033] AAAAA-TCP_FORW: name:enp0s3: saddr:100932208: daddr:33561200
[  223.149120] AAAAA-TCP_FORW: name:enp0s3: saddr:100932208: daddr:16783984
[  223.172137] AAAAA-TCP_FORW: name:enp0s3: saddr:33561200: daddr:100932208
[  223.224637] AAAAA-TCP_FORW: name:enp0s3: saddr:16783984: daddr:100932208
[  223.256647] AAAAA-TCP_FORW: name:enp0s3: saddr:100932208: daddr:33561200
[  223.281459] AAAAA-TCP_FORW: name:enp0s3: saddr:33561200: daddr:100932208
[  223.406479] AAAAA-TCP_FORW: name:enp0s3: saddr:100932208: daddr:16783984
[  223.505329] AAAAA-TCP_FORW: name:enp0s3: saddr:100932208: daddr:33561200
[  223.612834] AAAAA-TCP_FORW: name:enp0s3: saddr:16783984: daddr:100932208
[  223.661803] AAAAA-TCP_FORW: name:enp0s3: saddr:33561200: daddr:100932208
[  223.720034] AAAAA-TCP_FORW: name:enp0s3: saddr:100932208: daddr:16783984
[  223.724909] AAAAA-TCP_FORW: name:enp0s3: saddr:16783984: daddr:100932208
[  223.888131] AAAAA-TCP_FORW: name:enp0s3: saddr:33561200: daddr:100932208
[  223.924845] AAAAA-TCP_FORW: name:enp0s3: saddr:100932208: daddr:33561200
[  224.005857] AAAAA-TCP_FORW: name:enp0s3: saddr:100932208: daddr:16783984
[  224.063864] AAAAA-TCP_FORW: name:enp0s3: saddr:16783984: daddr:100932208
[  224.169165] AAAAA-TCP_FORW: name:enp0s3: saddr:33561200: daddr:100932208
[  224.199397] AAAAA-TCP_FORW: name:enp0s3: saddr:100932208: daddr:33561200
[  224.270355] AAAAA-TCP_FORW: name:enp0s3: saddr:100932208: daddr:16783984
[  224.515123] AAAAA-TCP_FORW: name:enp0s3: saddr:100932208: daddr:33561200
[  224.635149] AAAAA-TCP_FORW: name:enp0s3: saddr:100932208: daddr:16783984
[  224.658002] AAAAA-TCP_FORW: name:enp0s3: saddr:16783984: daddr:100932208
[  224.699161] AAAAA-TCP_FORW: name:enp0s3: saddr:100932208: daddr:33561200
[  224.762056] AAAAA-TCP_FORW: name:enp0s3: saddr:100932208: daddr:16783984
[  224.799855] AAAAA-TCP_FORW: name:enp0s3: saddr:100932208: daddr:33561200
[  224.909552] AAAAA-TCP_FORW: name:enp0s3: saddr:100932208: daddr:16783984
[  224.945490] AAAAA-TCP_FORW: name:enp0s3: saddr:33561200: daddr:100932208
[  225.001799] AAAAA-TCP_FORW: name:enp0s3: saddr:16783984: daddr:100932208
[  225.057160] AAAAA-TCP_FORW: name:enp0s3: saddr:100932208: daddr:33561200
[  225.078221] AAAAA-TCP_FORW: name:enp0s3: saddr:100932208: daddr:16783984
[  225.215476] AAAAA-TCP_FORW: name:enp0s3: saddr:100932208: daddr:33561200
[  225.258563] AAAAA-TCP_FORW: name:enp0s3: saddr:100932208: daddr:16783984
[  225.301393] AAAAA-TCP_FORW: name:enp0s3: saddr:100932208: daddr:33561200
[  225.340377] AAAAA-TCP_FORW: name:enp0s3: saddr:100932208: daddr:16783984
[  225.397399] AAAAA-TCP_FORW: name:enp0s3: saddr:33561200: daddr:100932208
[  225.412060] AAAAA-TCP_FORW: name:enp0s3: saddr:100932208: daddr:33561200
[  225.525706] AAAAA-TCP_FORW: name:enp0s3: saddr:16783984: daddr:100932208
[  225.575404] AAAAA-TCP_FORW: name:enp0s3: saddr:33561200: daddr:100932208
[  225.596344] AAAAA-TCP_FORW: name:enp0s3: saddr:100932208: daddr:16783984
[  225.615299] AAAAA-TCP_FORW: name:enp0s3: saddr:16783984: daddr:100932208
[  225.634190] AAAAA-TCP_FORW: name:enp0s3: saddr:100932208: daddr:33561200
[  225.706556] AAAAA-TCP_FORW: name:enp0s3: saddr:100932208: daddr:16783984
[  225.732297] AAAAA-TCP_FORW: name:enp0s3: saddr:33561200: daddr:100932208
[  225.751019] AAAAA-TCP_FORW: name:enp0s3: saddr:100932208: daddr:33561200
[  225.804258] AAAAA-TCP_FORW: name:enp0s3: saddr:16783984: daddr:100932208
[  225.855027] AAAAA-TCP_FORW: name:enp0s3: saddr:33561200: daddr:100932208
[  225.899600] AAAAA-TCP_FORW: name:enp0s3: saddr:100932208: daddr:16783984
[  225.985861] AAAAA-TCP_FORW: name:enp0s3: saddr:16783984: daddr:100932208
[  225.999614] AAAAA-TCP_FORW: name:enp0s3: saddr:100932208: daddr:16783984
[  226.071934] AAAAA-TCP_FORW: name:enp0s3: saddr:100932208: daddr:16783984
[  226.094571] AAAAA-TCP_FORW: name:enp0s3: saddr:100932208: daddr:33561200
[  226.192473] AAAAA-TCP_FORW: name:enp0s3: saddr:100932208: daddr:33561200
[  226.237117] AAAAA-TCP_FORW: name:enp0s3: saddr:33561200: daddr:100932208
[  226.249610] AAAAA-TCP_FORW: name:enp0s3: saddr:100932208: daddr:16783984
[  226.294134] AAAAA-TCP_FORW: name:enp0s3: saddr:16783984: daddr:100932208
[  226.310389] AAAAA-TCP_FORW: name:enp0s3: saddr:100932208: daddr:16783984
[  226.381160] AAAAA-TCP_FORW: name:enp0s3: saddr:100932208: daddr:33561200
[  226.423323] AAAAA-TCP_FORW: name:enp0s3: saddr:33561200: daddr:100932208
[  226.436103] AAAAA-TCP_FORW: name:enp0s3: saddr:100932208: daddr:33561200
[  226.464561] AAAAA-TCP_FORW: name:enp0s3: saddr:16783984: daddr:100932208
[  226.515583] AAAAA-TCP_FORW: name:enp0s3: saddr:33561200: daddr:100932208
[  226.561885] AAAAA-TCP_FORW: name:enp0s3: saddr:16783984: daddr:100932208
[  226.648484] AAAAA-TCP_FORW: name:enp0s3: saddr:33561200: daddr:100932208
[  226.739731] AAAAA-TCP_FORW: name:enp0s3: saddr:100932208: daddr:16783984
[  226.780076] AAAAA-TCP_FORW: name:enp0s3: saddr:16783984: daddr:100932208
[  226.814531] AAAAA-TCP_FORW: name:enp0s3: saddr:100932208: daddr:16783984
[  226.919729] AAAAA-TCP_FORW: name:enp0s3: saddr:33561200: daddr:100932208
[  226.990834] AAAAA-TCP_FORW: name:enp0s3: saddr:16783984: daddr:100932208
[  227.077670] AAAAA-TCP_FORW: name:enp0s3: saddr:100932208: daddr:33561200
[  227.099031] AAAAA-TCP_FORW: name:enp0s3: saddr:33561200: daddr:100932208
[  227.150847] AAAAA-TCP_FORW: name:enp0s3: saddr:100932208: daddr:33561200
[  227.220955] AAAAA-TCP_FORW: name:enp0s3: saddr:100932208: daddr:16783984
[  227.243094] AAAAA-TCP_FORW: name:enp0s3: saddr:16783984: daddr:100932208
[  227.313646] AAAAA-TCP_FORW: name:enp0s3: saddr:100932208: daddr:16783984
[  227.399675] AAAAA-TCP_FORW: name:enp0s3: saddr:16783984: daddr:100932208
[  227.453009] AAAAA-TCP_FORW: name:enp0s3: saddr:33561200: daddr:100932208
[  227.507599] AAAAA-TCP_FORW: name:enp0s3: saddr:16783984: daddr:100932208
[  227.578717] AAAAA-TCP_FORW: name:enp0s3: saddr:33561200: daddr:100932208
[  227.620529] AAAAA-TCP_FORW: name:enp0s3: saddr:33561200: daddr:100932208
[  227.694533] AAAAA-TCP_FORW: name:enp0s3: saddr:33561200: daddr:100932208
[  227.770991] AAAAA-TCP_FORW: name:enp0s3: saddr:16783984: daddr:100932208
[  227.851953] AAAAA-TCP_FORW: name:enp0s3: saddr:16783984: daddr:100932208
[  227.908787] AAAAA-TCP_FORW: name:enp0s3: saddr:16783984: daddr:100932208
[  227.947177] AAAAA-TCP_FORW: name:enp0s3: saddr:16783984: daddr:100932208
[  227.983420] AAAAA-TCP_FORW: name:enp0s3: saddr:33561200: daddr:100932208
[  228.146205] AAAAA-TCP_FORW: name:enp0s3: saddr:16783984: daddr:100932208
[  228.171554] AAAAA-TCP_FORW: name:enp0s3: saddr:33561200: daddr:100932208
[  228.259717] AAAAA-TCP_FORW: name:enp0s3: saddr:33561200: daddr:100932208
[  228.312616] AAAAA-TCP_FORW: name:enp0s3: saddr:33561200: daddr:100932208
[  228.418384] AAAAA-TCP_FORW: name:enp0s3: saddr:33561200: daddr:100932208
[  228.489282] AAAAA-TCP_FORW: name:enp0s3: saddr:16783984: daddr:100932208
[  228.554845] AAAAA-TCP_FORW: name:enp0s3: saddr:16783984: daddr:100932208
[  228.615474] AAAAA-TCP_FORW: name:enp0s3: saddr:16783984: daddr:100932208
[  228.676452] AAAAA-TCP_FORW: name:enp0s3: saddr:16783984: daddr:100932208
[  228.708611] AAAAA-TCP_FORW: name:enp0s3: saddr:33561200: daddr:100932208
[  228.766425] AAAAA-TCP_FORW: name:enp0s3: saddr:33561200: daddr:100932208
[  228.956234] AAAAA-TCP_FORW: name:enp0s3: saddr:33561200: daddr:100932208
[  229.060031] AAAAA-TCP_FORW: name:enp0s3: saddr:33561200: daddr:100932208
[  229.147950] AAAAA-TCP_FORW: name:enp0s3: saddr:16783984: daddr:100932208
[  229.293153] AAAAA-TCP_FORW: name:enp0s3: saddr:16783984: daddr:100932208
[  229.423470] AAAAA-TCP_FORW: name:enp0s3: saddr:16783984: daddr:100932208
[  256.678747] AAAAA-TCP_FORW: name:enp0s3: saddr:33561200: daddr:100932208
[  256.867539] AAAAA-TCP_FORW: name:enp0s3: saddr:33561200: daddr:100932208
[  257.032804] AAAAA-TCP_FORW: name:enp0s3: saddr:33561200: daddr:100932208
[  257.237114] AAAAA-TCP_FORW: name:enp0s3: saddr:33561200: daddr:100932208
[  257.329729] AAAAA-TCP_FORW: name:enp0s3: saddr:33561200: daddr:100932208
[  257.426868] AAAAA-TCP_FORW: name:enp0s3: saddr:16783984: daddr:100932208
[  257.484874] AAAAA-TCP_FORW: name:enp0s3: saddr:16783984: daddr:100932208
[  257.549969] AAAAA-TCP_FORW: name:enp0s3: saddr:33561200: daddr:100932208
[  257.639426] AAAAA-TCP_FORW: name:enp0s3: saddr:33561200: daddr:100932208
[  257.733706] AAAAA-TCP_FORW: name:enp0s3: saddr:16783984: daddr:100932208
[  257.780463] AAAAA-TCP_FORW: name:enp0s3: saddr:16783984: daddr:100932208
[  257.833636] AAAAA-TCP_FORW: name:enp0s3: saddr:33561200: daddr:100932208
[  257.924428] AAAAA-TCP_FORW: name:enp0s3: saddr:33561200: daddr:100932208
[  257.998539] AAAAA-TCP_FORW: name:enp0s3: saddr:33561200: daddr:100932208
[  258.063261] AAAAA-TCP_FORW: name:enp0s3: saddr:33561200: daddr:100932208
[  258.190156] AAAAA-TCP_FORW: name:enp0s3: saddr:33561200: daddr:100932208
[  258.377993] AAAAA-TCP_FORW: name:enp0s3: saddr:33561200: daddr:100932208
[  258.529085] AAAAA-TCP_FORW: name:enp0s3: saddr:33561200: daddr:100932208
[  258.651587] AAAAA-TCP_FORW: name:enp0s3: saddr:33561200: daddr:100932208
[  258.746836] AAAAA-TCP_FORW: name:enp0s3: saddr:33561200: daddr:100932208
[  258.864689] AAAAA-TCP_FORW: name:enp0s3: saddr:33561200: daddr:100932208
[  258.951507] AAAAA-TCP_FORW: name:enp0s3: saddr:33561200: daddr:100932208
[  259.041226] AAAAA-TCP_FORW: name:enp0s3: saddr:33561200: daddr:100932208
[  259.148267] AAAAA-TCP_FORW: name:enp0s3: saddr:33561200: daddr:100932208
[  259.213007] AAAAA-TCP_FORW: name:enp0s3: saddr:33561200: daddr:100932208
[  259.266688] AAAAA-TCP_FORW: name:enp0s3: saddr:33561200: daddr:100932208
[  259.315611] AAAAA-TCP_FORW: name:enp0s3: saddr:33561200: daddr:100932208
[  259.434376] AAAAA-TCP_FORW: name:enp0s3: saddr:33561200: daddr:100932208
[  259.510457] AAAAA-TCP_FORW: name:enp0s3: saddr:33561200: daddr:100932208
[  259.684358] AAAAA-TCP_FORW: name:enp0s3: saddr:33561200: daddr:100932208
[  259.853637] AAAAA-TCP_FORW: name:enp0s3: saddr:33561200: daddr:100932208
[  259.995429] AAAAA-TCP_FORW: name:enp0s3: saddr:33561200: daddr:100932208
[  260.176153] AAAAA-TCP_FORW: name:enp0s3: saddr:33561200: daddr:100932208
[  260.352576] AAAAA-TCP_FORW: name:enp0s3: saddr:33561200: daddr:100932208
[  260.450870] AAAAA-TCP_FORW: name:enp0s3: saddr:33561200: daddr:100932208
[  260.508047] AAAAA-TCP_FORW: name:enp0s3: saddr:33561200: daddr:100932208
[  260.567614] AAAAA-TCP_FORW: name:enp0s3: saddr:33561200: daddr:100932208
[  260.718546] AAAAA-TCP_FORW: name:enp0s3: saddr:16783984: daddr:100932208
[  263.654211] AAAAA-TCP_FORW: name:enp0s3: saddr:33561200: daddr:100932208
[  263.732131] AAAAA-TCP_FORW: name:enp0s3: saddr:16783984: daddr:100932208
[  263.784464] AAAAA-TCP_FORW: name:enp0s3: saddr:16783984: daddr:100932208
[  263.858797] AAAAA-TCP_FORW: name:enp0s3: saddr:16783984: daddr:100932208
[  263.923528] AAAAA-TCP_FORW: name:enp0s3: saddr:16783984: daddr:100932208
[  264.054036] AAAAA-TCP_FORW: name:enp0s3: saddr:16783984: daddr:100932208
[  264.123568] AAAAA-TCP_FORW: name:enp0s3: saddr:16783984: daddr:100932208
[  264.183609] AAAAA-TCP_FORW: name:enp0s3: saddr:16783984: daddr:100932208
[  264.210926] AAAAA-TCP_FORW: name:enp0s3: saddr:33561200: daddr:100932208
[  264.269254] AAAAA-TCP_FORW: name:enp0s3: saddr:16783984: daddr:100932208
[  264.436545] AAAAA-TCP_FORW: name:enp0s3: saddr:33561200: daddr:100932208
[  264.516166] AAAAA-TCP_FORW: name:enp0s3: saddr:16783984: daddr:100932208
[  264.577300] AAAAA-TCP_FORW: name:enp0s3: saddr:16783984: daddr:100932208
[  264.684407] AAAAA-TCP_FORW: name:enp0s3: saddr:16783984: daddr:100932208
[  288.426298] AAAAA-TCP_FORW: name:enp0s3: saddr:33561200: daddr:100932208
[  288.510117] AAAAA-TCP_FORW: name:enp0s3: saddr:16783984: daddr:100932208
[  288.758596] AAAAA-TCP_FORW: name:enp0s3: saddr:33561200: daddr:100932208
[  288.851013] AAAAA-TCP_FORW: name:enp0s3: saddr:16783984: daddr:100932208
[  297.942058] AAAAA-TCP_FORW: name:enp0s3: saddr:33561200: daddr:100932208
[  298.125124] AAAAA-TCP_FORW: name:enp0s3: saddr:33561200: daddr:100932208
[  298.700337] AAAAA-TCP_FORW: name:enp0s3: saddr:33561200: daddr:100932208
[  298.882411] AAAAA-TCP_FORW: name:enp0s3: saddr:33561200: daddr:100932208
[  299.381644] AAAAA-TCP_FORW: name:enp0s3: saddr:33561200: daddr:100932208
[  299.489248] AAAAA-TCP_FORW: name:enp0s3: saddr:16783984: daddr:100932208
[  299.569161] AAAAA-TCP_FORW: name:enp0s3: saddr:16783984: daddr:100932208
[  299.669263] AAAAA-TCP_FORW: name:enp0s3: saddr:16783984: daddr:100932208
[  299.758355] AAAAA-TCP_FORW: name:enp0s3: saddr:16783984: daddr:100932208
[  299.839192] AAAAA-TCP_FORW: name:enp0s3: saddr:16783984: daddr:100932208
[  299.948306] AAAAA-TCP_FORW: name:enp0s3: saddr:16783984: daddr:100932208
[  300.070613] AAAAA-TCP_FORW: name:enp0s3: saddr:16783984: daddr:100932208
[  300.179257] AAAAA-TCP_FORW: name:enp0s3: saddr:16783984: daddr:100932208
[  300.333577] AAAAA-TCP_FORW: name:enp0s3: saddr:16783984: daddr:100932208
[  300.465378] AAAAA-TCP_FORW: name:enp0s3: saddr:33561200: daddr:100932208
[  300.608611] AAAAA-TCP_FORW: name:enp0s3: saddr:33561200: daddr:100932208
[  300.811225] AAAAA-TCP_FORW: name:enp0s3: saddr:100932208: daddr:16783984
[  300.899952] AAAAA-TCP_FORW: name:enp0s3: saddr:100932208: daddr:33561200
[  300.970686] AAAAA-TCP_FORW: name:enp0s3: saddr:16783984: daddr:100932208
[  301.040560] AAAAA-TCP_FORW: name:enp0s3: saddr:16783984: daddr:100932208
[  301.315187] AAAAA-TCP_FORW: name:enp0s3: saddr:33561200: daddr:100932208
[  301.393263] AAAAA-TCP_FORW: name:enp0s3: saddr:33561200: daddr:100932208
[  301.446516] AAAAA-TCP_FORW: name:enp0s3: saddr:100932208: daddr:33561200
[  301.536804] AAAAA-TCP_FORW: name:enp0s3: saddr:33561200: daddr:100932208
[  301.682737] AAAAA-TCP_FORW: name:enp0s3: saddr:100932208: daddr:16783984
[  301.740146] AAAAA-TCP_FORW: name:enp0s3: saddr:33561200: daddr:100932208
[  301.851313] AAAAA-TCP_FORW: name:enp0s3: saddr:33561200: daddr:100932208
[  301.968811] AAAAA-TCP_FORW: name:enp0s3: saddr:33561200: daddr:100932208
[  302.051055] AAAAA-TCP_FORW: name:enp0s3: saddr:33561200: daddr:100932208
[  302.087319] AAAAA-TCP_FORW: name:enp0s3: saddr:100932208: daddr:33561200
[  302.226949] AAAAA-TCP_FORW: name:enp0s3: saddr:33561200: daddr:100932208
[  302.544663] AAAAA-TCP_FORW: name:enp0s3: saddr:100932208: daddr:33561200
[  302.563735] AAAAA-TCP_FORW: name:enp0s3: saddr:16783984: daddr:100932208
[  303.168939] AAAAA-TCP_FORW: name:enp0s3: saddr:16783984: daddr:100932208
[  303.903998] AAAAA-TCP_FORW: name:enp0s3: saddr:33561200: daddr:100932208
[  305.195059] AAAAA-TCP_FORW: name:enp0s3: saddr:100932208: daddr:16783984
[  305.513216] AAAAA-TCP_FORW: name:enp0s3: saddr:100932208: daddr:16783984
[  320.429975] AAAAA-TCP_FORW: name:enp0s3: saddr:16783984: daddr:100932208
[  320.520764] AAAAA-TCP_FORW: name:enp0s3: saddr:100932208: daddr:33561200
[  320.586809] AAAAA-TCP_FORW: name:enp0s3: saddr:100932208: daddr:16783984
[  320.670289] AAAAA-TCP_FORW: name:enp0s3: saddr:33561200: daddr:100932208
[  320.676256] AAAAA-TCP_FORW: name:enp0s3: saddr:100932208: daddr:33561200
[  320.725593] AAAAA-TCP_FORW: name:enp0s3: saddr:16783984: daddr:100932208
[  320.738198] AAAAA-TCP_FORW: name:enp0s3: saddr:100932208: daddr:16783984
[  320.790544] AAAAA-TCP_FORW: name:enp0s3: saddr:100932208: daddr:33561200
[  320.866935] AAAAA-TCP_FORW: name:enp0s3: saddr:33561200: daddr:100932208
[  320.877374] AAAAA-TCP_FORW: name:enp0s3: saddr:100932208: daddr:16783984
[  320.941434] AAAAA-TCP_FORW: name:enp0s3: saddr:100932208: daddr:33561200
[  320.970213] AAAAA-TCP_FORW: name:enp0s3: saddr:16783984: daddr:100932208
[  321.022976] AAAAA-TCP_FORW: name:enp0s3: saddr:33561200: daddr:100932208
[  321.034952] AAAAA-TCP_FORW: name:enp0s3: saddr:100932208: daddr:16783984
[  321.089514] AAAAA-TCP_FORW: name:enp0s3: saddr:100932208: daddr:33561200
[  321.142113] AAAAA-TCP_FORW: name:enp0s3: saddr:100932208: daddr:16783984
[  321.160928] AAAAA-TCP_FORW: name:enp0s3: saddr:16783984: daddr:100932208
[  321.246576] AAAAA-TCP_FORW: name:enp0s3: saddr:33561200: daddr:100932208
[  321.255957] AAAAA-TCP_FORW: name:enp0s3: saddr:100932208: daddr:33561200
[  321.301768] AAAAA-TCP_FORW: name:enp0s3: saddr:100932208: daddr:16783984
[  321.346173] AAAAA-TCP_FORW: name:enp0s3: saddr:100932208: daddr:33561200
[  321.389696] AAAAA-TCP_FORW: name:enp0s3: saddr:16783984: daddr:100932208
[  321.464129] AAAAA-TCP_FORW: name:enp0s3: saddr:33561200: daddr:100932208
[  321.495563] AAAAA-TCP_FORW: name:enp0s3: saddr:100932208: daddr:16783984
[  321.515438] AAAAA-TCP_FORW: name:enp0s3: saddr:16783984: daddr:100932208
[  321.590278] AAAAA-TCP_FORW: name:enp0s3: saddr:100932208: daddr:33561200
[  321.613118] AAAAA-TCP_FORW: name:enp0s3: saddr:33561200: daddr:100932208
[  321.668366] AAAAA-TCP_FORW: name:enp0s3: saddr:16783984: daddr:100932208
[  321.693106] AAAAA-TCP_FORW: name:enp0s3: saddr:100932208: daddr:16783984
[  321.717575] AAAAA-TCP_FORW: name:enp0s3: saddr:33561200: daddr:100932208
[  321.751926] AAAAA-TCP_FORW: name:enp0s3: saddr:100932208: daddr:33561200
[  321.820315] AAAAA-TCP_FORW: name:enp0s3: saddr:16783984: daddr:100932208
[  321.832686] AAAAA-TCP_FORW: name:enp0s3: saddr:100932208: daddr:16783984
[  321.878766] AAAAA-TCP_FORW: name:enp0s3: saddr:100932208: daddr:33561200
[  321.896952] AAAAA-TCP_FORW: name:enp0s3: saddr:100932208: daddr:16783984
[  321.955327] AAAAA-TCP_FORW: name:enp0s3: saddr:33561200: daddr:100932208
[  321.984245] AAAAA-TCP_FORW: name:enp0s3: saddr:100932208: daddr:33561200
[  322.050857] AAAAA-TCP_FORW: name:enp0s3: saddr:100932208: daddr:16783984
[  322.101728] AAAAA-TCP_FORW: name:enp0s3: saddr:16783984: daddr:100932208
[  322.122262] AAAAA-TCP_FORW: name:enp0s3: saddr:100932208: daddr:33561200
[  322.183054] AAAAA-TCP_FORW: name:enp0s3: saddr:100932208: daddr:16783984
[  322.203001] AAAAA-TCP_FORW: name:enp0s3: saddr:33561200: daddr:100932208
[  322.267638] AAAAA-TCP_FORW: name:enp0s3: saddr:100932208: daddr:33561200
[  322.362702] AAAAA-TCP_FORW: name:enp0s3: saddr:100932208: daddr:16783984
[  322.390810] AAAAA-TCP_FORW: name:enp0s3: saddr:16783984: daddr:100932208
[  322.450252] AAAAA-TCP_FORW: name:enp0s3: saddr:33561200: daddr:100932208
[  322.468536] AAAAA-TCP_FORW: name:enp0s3: saddr:100932208: daddr:33561200
[  322.489835] AAAAA-TCP_FORW: name:enp0s3: saddr:100932208: daddr:16783984
[  322.512282] AAAAA-TCP_FORW: name:enp0s3: saddr:16783984: daddr:100932208
[  322.545820] AAAAA-TCP_FORW: name:enp0s3: saddr:100932208: daddr:33561200
[  322.587814] AAAAA-TCP_FORW: name:enp0s3: saddr:100932208: daddr:16783984
[  322.621623] AAAAA-TCP_FORW: name:enp0s3: saddr:33561200: daddr:100932208
[  322.669886] AAAAA-TCP_FORW: name:enp0s3: saddr:100932208: daddr:33561200
[  322.675693] AAAAA-TCP_FORW: name:enp0s3: saddr:16783984: daddr:100932208
[  322.737272] AAAAA-TCP_FORW: name:enp0s3: saddr:100932208: daddr:16783984
[  322.769683] AAAAA-TCP_FORW: name:enp0s3: saddr:33561200: daddr:100932208
[  322.791049] AAAAA-TCP_FORW: name:enp0s3: saddr:100932208: daddr:33561200
[  322.826543] AAAAA-TCP_FORW: name:enp0s3: saddr:16783984: daddr:100932208
[  322.846808] AAAAA-TCP_FORW: name:enp0s3: saddr:100932208: daddr:16783984
[  322.945427] AAAAA-TCP_FORW: name:enp0s3: saddr:100932208: daddr:33561200
[  324.062157] AAAAA-TCP_FORW: name:enp0s3: saddr:100932208: daddr:33561200
[  324.279447] AAAAA-TCP_FORW: name:enp0s3: saddr:100932208: daddr:16783984
[  324.406971] AAAAA-TCP_FORW: name:enp0s3: saddr:100932208: daddr:33561200
[  324.636595] AAAAA-TCP_FORW: name:enp0s3: saddr:100932208: daddr:33561200
[  328.479530] AAAAA-TCP_FORW: name:enp0s3: saddr:16783984: daddr:100932208
[  328.668800] AAAAA-TCP_FORW: name:enp0s3: saddr:16783984: daddr:100932208
[  329.052823] AAAAA-TCP_FORW: name:enp0s3: saddr:16783984: daddr:100932208
[  329.331981] AAAAA-TCP_FORW: name:enp0s3: saddr:16783984: daddr:100932208
[  329.438998] AAAAA-TCP_FORW: name:enp0s3: saddr:16783984: daddr:100932208
[  329.582966] AAAAA-TCP_FORW: name:enp0s3: saddr:16783984: daddr:100932208
[  330.095836] AAAAA-TCP_FORW: name:enp0s3: saddr:16783984: daddr:100932208
[  330.190984] AAAAA-TCP_FORW: name:enp0s3: saddr:16783984: daddr:100932208
[  330.244364] AAAAA-TCP_FORW: name:enp0s3: saddr:16783984: daddr:100932208
[  330.328727] AAAAA-TCP_FORW: name:enp0s3: saddr:16783984: daddr:100932208
[  330.383408] AAAAA-TCP_FORW: name:enp0s3: saddr:16783984: daddr:100932208
[  331.826973] AAAAA-TCP_FORW: name:enp0s3: saddr:16783984: daddr:100932208
[  331.927562] AAAAA-TCP_FORW: name:enp0s3: saddr:16783984: daddr:100932208
[  331.993664] AAAAA-TCP_FORW: name:enp0s3: saddr:33561200: daddr:100932208
[  531.136279] rfkill: input handler enabled
[  539.868235] rfkill: input handler disabled
[  855.428175] device enp0s3 left promiscuous mode
