[    0.000000] Linux version 5.4.243-mptcp (root@ztg) (gcc version 12.2.0 (Debian 12.2.0-14+deb12u1)) #53 SMP Wed Dec 24 23:28:15 CST 2025
[    0.000000] Command line: BOOT_IMAGE=/boot/vmlinuz-5.4.243-mptcp root=UUID=98415a12-53b7-4144-8265-0f7ece09e445 ro quiet splash
[    0.000000] KERNEL supported cpus:
[    0.000000]   Intel GenuineIntel
[    0.000000]   AMD AuthenticAMD
[    0.000000]   Hygon HygonGenuine
[    0.000000]   Centaur CentaurHauls
[    0.000000]   zhaoxin   Shanghai  
[    0.000000] x86/fpu: Supporting XSAVE feature 0x001: 'x87 floating point registers'
[    0.000000] x86/fpu: Supporting XSAVE feature 0x002: 'SSE registers'
[    0.000000] x86/fpu: Supporting XSAVE feature 0x004: 'AVX registers'
[    0.000000] x86/fpu: xstate_offset[2]:  576, xstate_sizes[2]:  256
[    0.000000] x86/fpu: Enabled xstate features 0x7, context size is 832 bytes, using 'standard' format.
[    0.000000] BIOS-provided physical RAM map:
[    0.000000] BIOS-e820: [mem 0x0000000000000000-0x000000000009fbff] usable
[    0.000000] BIOS-e820: [mem 0x000000000009fc00-0x000000000009ffff] reserved
[    0.000000] BIOS-e820: [mem 0x00000000000f0000-0x00000000000fffff] reserved
[    0.000000] BIOS-e820: [mem 0x0000000000100000-0x000000007ffeffff] usable
[    0.000000] BIOS-e820: [mem 0x000000007fff0000-0x000000007fffffff] ACPI data
[    0.000000] BIOS-e820: [mem 0x00000000fec00000-0x00000000fec00fff] reserved
[    0.000000] BIOS-e820: [mem 0x00000000fee00000-0x00000000fee00fff] reserved
[    0.000000] BIOS-e820: [mem 0x00000000fffc0000-0x00000000ffffffff] reserved
[    0.000000] NX (Execute Disable) protection: active
[    0.000000] SMBIOS 2.5 present.
[    0.000000] DMI: innotek GmbH VirtualBox/VirtualBox, BIOS VirtualBox 12/01/2006
[    0.000000] Hypervisor detected: KVM
[    0.000000] kvm-clock: Using msrs 4b564d01 and 4b564d00
[    0.000000] kvm-clock: cpu 0, msr 6fa01001, primary cpu clock
[    0.000000] kvm-clock: using sched offset of 4481898599 cycles
[    0.000003] clocksource: kvm-clock: mask: 0xffffffffffffffff max_cycles: 0x1cd42e4dffb, max_idle_ns: 881590591483 ns
[    0.000006] tsc: Detected 2100.000 MHz processor
[    0.001961] e820: update [mem 0x00000000-0x00000fff] usable ==> reserved
[    0.001963] e820: remove [mem 0x000a0000-0x000fffff] usable
[    0.001967] last_pfn = 0x7fff0 max_arch_pfn = 0x400000000
[    0.002038] MTRR default type: uncachable
[    0.002038] MTRR fixed ranges enabled:
[    0.002039]   00000-9FFFF write-back
[    0.002040]   A0000-BFFFF uncachable
[    0.002041]   C0000-FFFFF write-protect
[    0.002042] MTRR variable ranges enabled:
[    0.002043]   0 base 000000000000 mask 3FFF80000000 write-back
[    0.002044]   1 disabled
[    0.002044]   2 disabled
[    0.002045]   3 disabled
[    0.002045]   4 disabled
[    0.002045]   5 disabled
[    0.002046]   6 disabled
[    0.002046]   7 disabled
[    0.002047]   8 disabled
[    0.002047]   9 disabled
[    0.002048]   10 disabled
[    0.002048]   11 disabled
[    0.002049]   12 disabled
[    0.002049]   13 disabled
[    0.002049]   14 disabled
[    0.002050]   15 disabled
[    0.002075] x86/PAT: Configuration [0-7]: WB  WC  UC- UC  WB  WP  UC- WT  
[    0.002210] found SMP MP-table at [mem 0x0009fff0-0x0009ffff]
[    0.095188] check: Scanning 1 areas for low memory corruption
[    0.095317] RAMDISK: [mem 0x32271000-0x3512ffff]
[    0.095326] ACPI: Early table checksum verification disabled
[    0.095331] ACPI: RSDP 0x00000000000E0000 000024 (v02 VBOX  )
[    0.095336] ACPI: XSDT 0x000000007FFF0030 00003C (v01 VBOX   VBOXXSDT 00000001 ASL  00000061)
[    0.095342] ACPI: FACP 0x000000007FFF00F0 0000F4 (v04 VBOX   VBOXFACP 00000001 ASL  00000061)
[    0.095349] ACPI: DSDT 0x000000007FFF02E0 002353 (v02 VBOX   VBOXBIOS 00000002 VBOX 00029BF3)
[    0.095353] ACPI: FACS 0x000000007FFF0200 000040
[    0.095356] ACPI: FACS 0x000000007FFF0200 000040
[    0.095360] ACPI: APIC 0x000000007FFF0240 000054 (v02 VBOX   VBOXAPIC 00000001 ASL  00000061)
[    0.095363] ACPI: SSDT 0x000000007FFF02A0 000038 (v01 VBOX   VBOXCPUT 00000002 VBOX 00029BF3)
[    0.095367] ACPI: Reserving FACP table memory at [mem 0x7fff00f0-0x7fff01e3]
[    0.095367] ACPI: Reserving DSDT table memory at [mem 0x7fff02e0-0x7fff2632]
[    0.095368] ACPI: Reserving FACS table memory at [mem 0x7fff0200-0x7fff023f]
[    0.095369] ACPI: Reserving FACS table memory at [mem 0x7fff0200-0x7fff023f]
[    0.095369] ACPI: Reserving APIC table memory at [mem 0x7fff0240-0x7fff0293]
[    0.095370] ACPI: Reserving SSDT table memory at [mem 0x7fff02a0-0x7fff02d7]
[    0.095385] ACPI: Local APIC address 0xfee00000
[    0.095578] No NUMA configuration found
[    0.095579] Faking a node at [mem 0x0000000000000000-0x000000007ffeffff]
[    0.095590] NODE_DATA(0) allocated [mem 0x7ffc5000-0x7ffeffff]
[    0.095873] Zone ranges:
[    0.095874]   DMA      [mem 0x0000000000001000-0x0000000000ffffff]
[    0.095875]   DMA32    [mem 0x0000000001000000-0x000000007ffeffff]
[    0.095876]   Normal   empty
[    0.095877]   Device   empty
[    0.095877] Movable zone start for each node
[    0.095879] Early memory node ranges
[    0.095880]   node   0: [mem 0x0000000000001000-0x000000000009efff]
[    0.095881]   node   0: [mem 0x0000000000100000-0x000000007ffeffff]
[    0.095884] Zeroed struct page in unavailable ranges: 114 pages
[    0.095885] Initmem setup node 0 [mem 0x0000000000001000-0x000000007ffeffff]
[    0.095887] On node 0 totalpages: 524174
[    0.095888]   DMA zone: 64 pages used for memmap
[    0.095888]   DMA zone: 21 pages reserved
[    0.095889]   DMA zone: 3998 pages, LIFO batch:0
[    0.095962]   DMA32 zone: 8128 pages used for memmap
[    0.095962]   DMA32 zone: 520176 pages, LIFO batch:63
[    0.106676] ACPI: PM-Timer IO Port: 0x4008
[    0.106681] ACPI: Local APIC address 0xfee00000
[    0.106790] IOAPIC[0]: apic_id 1, version 32, address 0xfec00000, GSI 0-23
[    0.106795] ACPI: INT_SRC_OVR (bus 0 bus_irq 0 global_irq 2 dfl dfl)
[    0.106798] ACPI: INT_SRC_OVR (bus 0 bus_irq 9 global_irq 9 low level)
[    0.106800] ACPI: IRQ0 used by override.
[    0.106801] ACPI: IRQ9 used by override.
[    0.106804] Using ACPI (MADT) for SMP configuration information
[    0.106820] smpboot: Allowing 1 CPUs, 0 hotplug CPUs
[    0.106855] PM: Registered nosave memory: [mem 0x00000000-0x00000fff]
[    0.106857] PM: Registered nosave memory: [mem 0x0009f000-0x0009ffff]
[    0.106858] PM: Registered nosave memory: [mem 0x000a0000-0x000effff]
[    0.106859] PM: Registered nosave memory: [mem 0x000f0000-0x000fffff]
[    0.106861] [mem 0x80000000-0xfebfffff] available for PCI devices
[    0.106862] Booting paravirtualized kernel on KVM
[    0.106865] clocksource: refined-jiffies: mask: 0xffffffff max_cycles: 0xffffffff, max_idle_ns: 7645519600211568 ns
[    0.106871] setup_percpu: NR_CPUS:8192 nr_cpumask_bits:1 nr_cpu_ids:1 nr_node_ids:1
[    0.108240] percpu: Embedded 60 pages/cpu s208896 r8192 d28672 u2097152
[    0.108246] pcpu-alloc: s208896 r8192 d28672 u2097152 alloc=1*2097152
[    0.108247] pcpu-alloc: [0] 0 
[    0.108275] Built 1 zonelists, mobility grouping on.  Total pages: 515961
[    0.108276] Policy zone: DMA32
[    0.108278] Kernel command line: BOOT_IMAGE=/boot/vmlinuz-5.4.243-mptcp root=UUID=98415a12-53b7-4144-8265-0f7ece09e445 ro quiet splash
[    0.109127] Dentry cache hash table entries: 262144 (order: 9, 2097152 bytes, linear)
[    0.109397] Inode-cache hash table entries: 131072 (order: 8, 1048576 bytes, linear)
[    0.109451] mem auto-init: stack:off, heap alloc:on, heap free:off
[    0.109453] Calgary: detecting Calgary via BIOS EBDA area
[    0.109455] Calgary: Unable to locate Rio Grande table in EBDA - bailing!
[    0.115211] Memory: 1967332K/2096696K available (14339K kernel code, 2398K rwdata, 4712K rodata, 2728K init, 17260K bss, 129364K reserved, 0K cma-reserved)
[    0.116156] SLUB: HWalign=64, Order=0-3, MinObjects=0, CPUs=1, Nodes=1
[    0.116173] ftrace: allocating 43186 entries in 169 pages
[    0.134261] rcu: Hierarchical RCU implementation.
[    0.134263] rcu: 	RCU restricting CPUs from NR_CPUS=8192 to nr_cpu_ids=1.
[    0.134264] 	Tasks RCU enabled.
[    0.134265] rcu: RCU calculated value of scheduler-enlistment delay is 25 jiffies.
[    0.134266] rcu: Adjusting geometry for rcu_fanout_leaf=16, nr_cpu_ids=1
[    0.137932] NR_IRQS: 524544, nr_irqs: 256, preallocated irqs: 16
[    0.138198] random: crng init done
[    0.148221] Console: colour VGA+ 80x25
[    0.148225] printk: console [tty0] enabled
[    0.148251] ACPI: Core revision 20190816
[    0.148373] APIC: Switch to symmetric I/O mode setup
[    0.148625] x2apic enabled
[    0.148865] Switched APIC routing to physical x2apic.
[    0.150000] ..TIMER: vector=0x30 apic1=0 pin1=2 apic2=-1 pin2=-1
[    0.150040] clocksource: tsc-early: mask: 0xffffffffffffffff max_cycles: 0x1e4530a99b6, max_idle_ns: 440795257976 ns
[    0.150047] Calibrating delay loop (skipped) preset value.. 4200.00 BogoMIPS (lpj=8400000)
[    0.150049] pid_max: default: 32768 minimum: 301
[    0.150081] LSM: Security Framework initializing
[    0.150090] Yama: becoming mindful.
[    0.150117] AppArmor: AppArmor initialized
[    0.150151] Mount-cache hash table entries: 4096 (order: 3, 32768 bytes, linear)
[    0.150155] Mountpoint-cache hash table entries: 4096 (order: 3, 32768 bytes, linear)
[    0.150165] *** VALIDATE tmpfs ***
[    0.150293] *** VALIDATE proc ***
[    0.150333] *** VALIDATE cgroup1 ***
[    0.150334] *** VALIDATE cgroup2 ***
[    0.150477] process: using mwait in idle threads
[    0.150482] Last level iTLB entries: 4KB 64, 2MB 8, 4MB 8
[    0.150482] Last level dTLB entries: 4KB 64, 2MB 0, 4MB 0, 1GB 4
[    0.150503] Spectre V1 : Mitigation: usercopy/swapgs barriers and __user pointer sanitization
[    0.150508] Spectre V2 : Mitigation: Retpolines
[    0.150509] Spectre V2 : Spectre v2 / SpectreRSB mitigation: Filling RSB on context switch
[    0.150509] Spectre V2 : Spectre v2 / SpectreRSB : Filling RSB on VMEXIT
[    0.150510] RETBleed: WARNING: Spectre v2 mitigation leaves CPU vulnerable to RETBleed attacks, data leaks possible!
[    0.150873] RETBleed: Vulnerable
[    0.150873] Speculative Store Bypass: Vulnerable
[    0.150878] TAA: Mitigation: TSX disabled
[    0.150879] MMIO Stale Data: Mitigation: Clear CPU buffers
[    0.155137] Freeing SMP alternatives memory: 40K
[    0.267226] smpboot: CPU0: Intel(R) Xeon(R) Silver 4216 CPU @ 2.10GHz (family: 0x6, model: 0x55, stepping: 0x7)
[    0.267380] Performance Events: unsupported p6 CPU model 85 no PMU driver, software events only.
[    0.267420] rcu: Hierarchical SRCU implementation.
[    0.267900] NMI watchdog: Perf NMI watchdog permanently disabled
[    0.267940] smp: Bringing up secondary CPUs ...
[    0.267941] smp: Brought up 1 node, 1 CPU
[    0.267942] smpboot: Max logical packages: 1
[    0.267943] smpboot: Total of 1 processors activated (4200.00 BogoMIPS)
[    0.268959] devtmpfs: initialized
[    0.269007] x86/mm: Memory block size: 128MB
[    0.269359] clocksource: jiffies: mask: 0xffffffff max_cycles: 0xffffffff, max_idle_ns: 7645041785100000 ns
[    0.269365] futex hash table entries: 256 (order: 2, 16384 bytes, linear)
[    0.269409] pinctrl core: initialized pinctrl subsystem
[    0.269512] PM: RTC time: 08:22:46, date: 2026-01-13
[    0.269621] NET: Registered protocol family 16
[    0.269694] audit: initializing netlink subsys (disabled)
[    0.269822] EISA bus registered
[    0.269823] cpuidle: using governor ladder
[    0.269824] cpuidle: using governor menu
[    0.269860] ACPI: bus type PCI registered
[    0.269862] acpiphp: ACPI Hot Plug PCI Controller Driver version: 0.5
[    0.269963] PCI: Using configuration type 1 for base access
[    0.270442] audit: type=2000 audit(1768263772.463:1): state=initialized audit_enabled=0 res=1
[    0.270520] HugeTLB registered 2.00 MiB page size, pre-allocated 0 pages
[    0.271332] ACPI: Added _OSI(Module Device)
[    0.271332] ACPI: Added _OSI(Processor Device)
[    0.271333] ACPI: Added _OSI(3.0 _SCP Extensions)
[    0.271334] ACPI: Added _OSI(Processor Aggregator Device)
[    0.271335] ACPI: Added _OSI(Linux-Dell-Video)
[    0.271336] ACPI: Added _OSI(Linux-Lenovo-NV-HDMI-Audio)
[    0.271336] ACPI: Added _OSI(Linux-HPI-Hybrid-Graphics)
[    0.273284] ACPI: 2 ACPI AML tables successfully acquired and loaded
[    0.274819] ACPI: Interpreter enabled
[    0.274829] ACPI: (supports S0 S5)
[    0.274830] ACPI: Using IOAPIC for interrupt routing
[    0.275033] PCI: Using host bridge windows from ACPI; if necessary, use "pci=nocrs" and report a bug
[    0.275142] ACPI: Enabled 2 GPEs in block 00 to 07
[    0.279990] ACPI: PCI Root Bridge [PCI0] (domain 0000 [bus 00-ff])
[    0.279996] acpi PNP0A03:00: _OSC: OS supports [ASPM ClockPM Segments MSI HPX-Type3]
[    0.280439] acpi PNP0A03:00: _OSC: not requesting OS control; OS requires [ExtendedConfig ASPM ClockPM MSI]
[    0.280447] acpi PNP0A03:00: fail to add MMCONFIG information, can't access extended PCI configuration space under this bridge.
[    0.280820] PCI host bridge to bus 0000:00
[    0.280822] pci_bus 0000:00: root bus resource [io  0x0000-0x0cf7 window]
[    0.280823] pci_bus 0000:00: root bus resource [io  0x0d00-0xffff window]
[    0.280824] pci_bus 0000:00: root bus resource [mem 0x000a0000-0x000bffff window]
[    0.280825] pci_bus 0000:00: root bus resource [mem 0x80000000-0xfdffffff window]
[    0.280827] pci_bus 0000:00: root bus resource [bus 00-ff]
[    0.280869] pci 0000:00:00.0: [8086:1237] type 00 class 0x060000
[    0.281818] pci 0000:00:01.0: [8086:7000] type 00 class 0x060100
[    0.282627] pci 0000:00:01.1: [8086:7111] type 00 class 0x01018a
[    0.283004] pci 0000:00:01.1: reg 0x20: [io  0xd000-0xd00f]
[    0.283158] pci 0000:00:01.1: legacy IDE quirk: reg 0x10: [io  0x01f0-0x01f7]
[    0.283159] pci 0000:00:01.1: legacy IDE quirk: reg 0x14: [io  0x03f6]
[    0.283160] pci 0000:00:01.1: legacy IDE quirk: reg 0x18: [io  0x0170-0x0177]
[    0.283161] pci 0000:00:01.1: legacy IDE quirk: reg 0x1c: [io  0x0376]
[    0.283693] pci 0000:00:02.0: [15ad:0405] type 00 class 0x030000
[    0.286126] pci 0000:00:02.0: reg 0x10: [io  0xd010-0xd01f]
[    0.290090] pci 0000:00:02.0: reg 0x14: [mem 0xe0000000-0xe7ffffff pref]
[    0.292922] pci 0000:00:02.0: reg 0x18: [mem 0xf0000000-0xf01fffff]
[    0.302840] pci 0000:00:03.0: [1022:2000] type 00 class 0x020000
[    0.303533] pci 0000:00:03.0: reg 0x10: [io  0xd020-0xd03f]
[    0.304151] pci 0000:00:03.0: reg 0x14: [mem 0xf0200000-0xf0200fff]
[    0.309604] pci 0000:00:04.0: [80ee:cafe] type 00 class 0x088000
[    0.310160] pci 0000:00:04.0: reg 0x10: [io  0xd040-0xd05f]
[    0.310774] pci 0000:00:04.0: reg 0x14: [mem 0xf0400000-0xf07fffff]
[    0.311378] pci 0000:00:04.0: reg 0x18: [mem 0xf0800000-0xf0803fff pref]
[    0.315060] pci 0000:00:07.0: [8086:7113] type 00 class 0x068000
[    0.315613] pci 0000:00:07.0: quirk: [io  0x4000-0x403f] claimed by PIIX4 ACPI
[    0.315623] pci 0000:00:07.0: quirk: [io  0x4100-0x410f] claimed by PIIX4 SMB
[    0.316236] pci 0000:00:08.0: [8086:100e] type 00 class 0x020000
[    0.316946] pci 0000:00:08.0: reg 0x10: [mem 0xf0820000-0xf083ffff]
[    0.318122] pci 0000:00:08.0: reg 0x18: [io  0xd060-0xd067]
[    0.321345] pci 0000:00:09.0: [8086:100e] type 00 class 0x020000
[    0.322042] pci 0000:00:09.0: reg 0x10: [mem 0xf0840000-0xf085ffff]
[    0.322721] pci 0000:00:09.0: reg 0x18: [io  0xd068-0xd06f]
[    0.334234] ACPI: PCI Interrupt Link [LNKA] (IRQs 5 9 10 *11)
[    0.334514] ACPI: PCI Interrupt Link [LNKB] (IRQs 5 9 *10 11)
[    0.334620] ACPI: PCI Interrupt Link [LNKC] (IRQs 5 *9 10 11)
[    0.334719] ACPI: PCI Interrupt Link [LNKD] (IRQs 5 9 10 *11)
[    0.334992] iommu: Default domain type: Translated 
[    0.335052] pci 0000:00:02.0: vgaarb: setting as boot VGA device
[    0.335054] pci 0000:00:02.0: vgaarb: VGA device added: decodes=io+mem,owns=io+mem,locks=none
[    0.335056] pci 0000:00:02.0: vgaarb: bridge control possible
[    0.335057] vgaarb: loaded
[    0.335268] SCSI subsystem initialized
[    0.335299] libata version 3.00 loaded.
[    0.335324] ACPI: bus type USB registered
[    0.335339] usbcore: registered new interface driver usbfs
[    0.335345] usbcore: registered new interface driver hub
[    0.335350] usbcore: registered new device driver usb
[    0.335378] pps_core: LinuxPPS API ver. 1 registered
[    0.335379] pps_core: Software ver. 5.3.6 - Copyright 2005-2007 Rodolfo Giometti <giometti@linux.it>
[    0.335381] PTP clock support registered
[    0.335415] EDAC MC: Ver: 3.0.0
[    0.335704] PCI: Using ACPI for IRQ routing
[    0.335705] PCI: pci_cache_line_size set to 64 bytes
[    0.335881] e820: reserve RAM buffer [mem 0x0009fc00-0x0009ffff]
[    0.335885] e820: reserve RAM buffer [mem 0x7fff0000-0x7fffffff]
[    0.336670] NetLabel: Initializing
[    0.336671] NetLabel:  domain hash size = 128
[    0.336671] NetLabel:  protocols = UNLABELED CIPSOv4 CALIPSO
[    0.336691] NetLabel:  unlabeled traffic allowed by default
[    0.337590] clocksource: Switched to clocksource kvm-clock
[    0.348509] *** VALIDATE bpf ***
[    0.348571] VFS: Disk quotas dquot_6.6.0
[    0.348584] VFS: Dquot-cache hash table entries: 512 (order 0, 4096 bytes)
[    0.348606] *** VALIDATE ramfs ***
[    0.348609] *** VALIDATE hugetlbfs ***
[    0.348689] AppArmor: AppArmor Filesystem Enabled
[    0.348714] pnp: PnP ACPI init
[    0.348781] pnp 00:00: Plug and Play ACPI device, IDs PNP0303 (active)
[    0.348885] pnp 00:01: Plug and Play ACPI device, IDs PNP0f03 (active)
[    0.349653] pnp: PnP ACPI: found 2 devices
[    0.350620] thermal_sys: Registered thermal governor 'fair_share'
[    0.350621] thermal_sys: Registered thermal governor 'bang_bang'
[    0.350622] thermal_sys: Registered thermal governor 'step_wise'
[    0.350622] thermal_sys: Registered thermal governor 'user_space'
[    0.350623] thermal_sys: Registered thermal governor 'power_allocator'
[    0.355133] clocksource: acpi_pm: mask: 0xffffff max_cycles: 0xffffff, max_idle_ns: 2085701024 ns
[    0.355174] pci_bus 0000:00: resource 4 [io  0x0000-0x0cf7 window]
[    0.355175] pci_bus 0000:00: resource 5 [io  0x0d00-0xffff window]
[    0.355176] pci_bus 0000:00: resource 6 [mem 0x000a0000-0x000bffff window]
[    0.355177] pci_bus 0000:00: resource 7 [mem 0x80000000-0xfdffffff window]
[    0.355236] NET: Registered protocol family 2
[    0.355318] IP idents hash table entries: 32768 (order: 6, 262144 bytes, linear)
[    0.355724] MPTCP tokens hash table entries: 8192 (order: 4, 65536 bytes, linear)
[    0.355743] MPTCP request tokens hash table entries: 8192 (order: 4, 65536 bytes, linear)
[    0.355768] default registered
[    0.355768] default registered
[    0.355769] MPTCP: Stable release v0.96
[    0.355774] tcp_listen_portaddr_hash hash table entries: 1024 (order: 2, 16384 bytes, linear)
[    0.355852] TCP established hash table entries: 16384 (order: 5, 131072 bytes, linear)
[    0.355899] TCP bind hash table entries: 16384 (order: 6, 262144 bytes, linear)
[    0.355899] TCP: Hash tables configured (established 16384 bind 16384)
[    0.355899] UDP hash table entries: 1024 (order: 3, 32768 bytes, linear)
[    0.355899] UDP-Lite hash table entries: 1024 (order: 3, 32768 bytes, linear)
[    0.355899] NET: Registered protocol family 1
[    0.355899] NET: Registered protocol family 44
[    0.355899] pci 0000:00:00.0: Limiting direct PCI/PCI transfers
[    0.355899] pci 0000:00:01.0: Activating ISA DMA hang workarounds
[    0.355899] pci 0000:00:02.0: Video device with shadowed ROM at [mem 0x000c0000-0x000dffff]
[    0.355899] PCI: CLS 0 bytes, default 64
[    0.355899] Trying to unpack rootfs image as initramfs...
[    0.528264] Freeing initrd memory: 47868K
[    0.528264] clocksource: tsc: mask: 0xffffffffffffffff max_cycles: 0x1e4530a99b6, max_idle_ns: 440795257976 ns
[    0.528264] clocksource: Switched to clocksource tsc
[    0.528264] platform rtc_cmos: registered platform RTC device (no PNP device found)
[    0.528264] check: Scanning for low memory corruption every 60 seconds
[    0.528264] Initialise system trusted keyrings
[    0.528264] Key type blacklist registered
[    0.528264] workingset: timestamp_bits=36 max_order=19 bucket_order=0
[    0.528264] zbud: loaded
[    0.528264] squashfs: version 4.0 (2009/01/31) Phillip Lougher
[    0.528264] fuse: init (API version 7.31)
[    0.528264] *** VALIDATE fuse ***
[    0.528264] *** VALIDATE fuse ***
[    0.528264] Platform Keyring initialized
[    0.543321] Key type asymmetric registered
[    0.543322] Asymmetric key parser 'x509' registered
[    0.543332] Block layer SCSI generic (bsg) driver version 0.4 loaded (major 244)
[    0.543371] io scheduler mq-deadline registered
[    0.543497] shpchp: Standard Hot Plug PCI Controller Driver version: 0.4
[    0.543706] ACPI: AC Adapter [AC] (on-line)
[    0.543751] input: Power Button as /devices/LNXSYSTM:00/LNXPWRBN:00/input/input0
[    0.543779] ACPI: Power Button [PWRF]
[    0.543870] input: Sleep Button as /devices/LNXSYSTM:00/LNXSLPBN:00/input/input1
[    0.543885] ACPI: Sleep Button [SLPF]
[    0.544144] Serial: 8250/16550 driver, 32 ports, IRQ sharing enabled
[    0.545314] Linux agpgart interface v0.103
[    0.639894] loop: module loaded
[    0.640057] ata_piix 0000:00:01.1: version 2.13
[    0.640496] scsi host0: ata_piix
[    0.640588] scsi host1: ata_piix
[    0.640614] ata1: PATA max UDMA/33 cmd 0x1f0 ctl 0x3f6 bmdma 0xd000 irq 14
[    0.640615] ata2: PATA max UDMA/33 cmd 0x170 ctl 0x376 bmdma 0xd008 irq 15
[    0.640703] tun: Universal TUN/TAP device driver, 1.6
[    0.641046] PPP generic driver version 2.4.2
[    0.641091] VFIO - User Level meta-driver version: 0.3
[    0.641345] ehci_hcd: USB 2.0 'Enhanced' Host Controller (EHCI) Driver
[    0.641350] ehci-pci: EHCI PCI platform driver
[    0.641366] ehci-platform: EHCI generic platform driver
[    0.641371] ohci_hcd: USB 1.1 'Open' Host Controller (OHCI) Driver
[    0.641372] ohci-pci: OHCI PCI platform driver
[    0.641379] ohci-platform: OHCI generic platform driver
[    0.641384] uhci_hcd: USB Universal Host Controller Interface driver
[    0.641449] i8042: PNP: PS/2 Controller [PNP0303:PS2K,PNP0f03:PS2M] at 0x60,0x64 irq 1,12
[    0.641896] serio: i8042 KBD port at 0x60,0x64 irq 1
[    0.641900] serio: i8042 AUX port at 0x60,0x64 irq 12
[    0.641989] mousedev: PS/2 mouse device common for all mice
[    0.642255] input: AT Translated Set 2 keyboard as /devices/platform/i8042/serio0/input/input2
[    0.642656] rtc_cmos rtc_cmos: registered as rtc0
[    0.642669] rtc_cmos rtc_cmos: alarms up to one day, 114 bytes nvram
[    0.642674] i2c /dev entries driver
[    0.642719] device-mapper: uevent: version 1.0.3
[    0.642762] device-mapper: ioctl: 4.41.0-ioctl (2019-09-16) initialised: dm-devel@redhat.com
[    0.642778] platform eisa.0: Probing EISA bus 0
[    0.642779] platform eisa.0: EISA: Cannot allocate resource for mainboard
[    0.642780] platform eisa.0: Cannot allocate resource for EISA slot 1
[    0.642782] platform eisa.0: Cannot allocate resource for EISA slot 2
[    0.642783] platform eisa.0: Cannot allocate resource for EISA slot 3
[    0.642784] platform eisa.0: Cannot allocate resource for EISA slot 4
[    0.642785] platform eisa.0: Cannot allocate resource for EISA slot 5
[    0.642786] platform eisa.0: Cannot allocate resource for EISA slot 6
[    0.642786] platform eisa.0: Cannot allocate resource for EISA slot 7
[    0.642787] platform eisa.0: Cannot allocate resource for EISA slot 8
[    0.642788] platform eisa.0: EISA: Detected 0 cards
[    0.642791] intel_pstate: CPU model not supported
[    0.642801] ledtrig-cpu: registered to indicate activity on CPUs
[    0.642856] drop_monitor: Initializing network drop monitor service
[    0.643016] NET: Registered protocol family 10
[    0.648038] Segment Routing with IPv6
[    0.648038] fullmesh registered
[    0.648038] ndiffports registered
[    0.648038] binder registered
[    0.648038] roundrobin registered
[    0.648038] redundant registered
[    0.648038] blest registered
[    0.648038] ecf registered
[    0.648038] NET: Registered protocol family 17
[    0.648038] Key type dns_resolver registered
[    0.648038] RAS: Correctable Errors collector initialized.
[    0.648038] IPI shorthand broadcast: enabled
[    0.648038] sched_clock: Marking stable (632181830, 11856592)->(646728874, -2690452)
[    0.648507] registered taskstats version 1
[    0.648515] Loading compiled-in X.509 certificates
[    0.649104] Loaded X.509 cert 'Build time autogenerated kernel key: 6909f3744cebb3d0de528d5887b96a727de79b1e'
[    0.649122] zswap: loaded using pool lzo/zbud
[    0.649176] Key type ._fscrypt registered
[    0.649177] Key type .fscrypt registered
[    0.653742] Key type big_key registered
[    0.655941] Key type encrypted registered
[    0.655944] AppArmor: AppArmor sha1 policy hashing enabled
[    0.655951] ima: No TPM chip found, activating TPM-bypass!
[    0.655955] ima: Allocated hash algorithm: sha1
[    0.655960] ima: No architecture policies found
[    0.655969] evm: Initialising EVM extended attributes:
[    0.655969] evm: security.selinux
[    0.655970] evm: security.SMACK64
[    0.655970] evm: security.SMACK64EXEC
[    0.655971] evm: security.SMACK64TRANSMUTE
[    0.655971] evm: security.SMACK64MMAP
[    0.655972] evm: security.apparmor
[    0.655972] evm: security.ima
[    0.655973] evm: security.capability
[    0.655973] evm: HMAC attrs: 0x1
[    0.656265] PM:   Magic number: 10:614:371
[    0.656368] rtc_cmos rtc_cmos: setting system clock to 2026-01-13T08:22:47 UTC (1768292567)
[    0.811739] ata1.00: ATA-6: VBOX HARDDISK, 1.0, max UDMA/133
[    0.811741] ata1.00: 209715200 sectors, multi 128: LBA 
[    0.812225] scsi 0:0:0:0: Direct-Access     ATA      VBOX HARDDISK    1.0  PQ: 0 ANSI: 5
[    0.812421] sd 0:0:0:0: [sda] 209715200 512-byte logical blocks: (107 GB/100 GiB)
[    0.812429] sd 0:0:0:0: [sda] Write Protect is off
[    0.812431] sd 0:0:0:0: [sda] Mode Sense: 00 3a 00 00
[    0.812442] sd 0:0:0:0: [sda] Write cache: enabled, read cache: enabled, doesn't support DPO or FUA
[    0.812657] sd 0:0:0:0: Attached scsi generic sg0 type 0
[    0.813461]  sda: sda1 sda2
[    0.824065] sd 0:0:0:0: [sda] Attached SCSI disk
[    0.826386] Freeing unused decrypted memory: 2040K
[    0.827144] Freeing unused kernel image memory: 2728K
[    0.827147] Write protecting the kernel read-only data: 22528k
[    0.827818] Freeing unused kernel image memory: 2036K
[    0.828200] Freeing unused kernel image memory: 1432K
[    0.841134] x86/mm: Checked W+X mappings: passed, no W+X pages found.
[    0.841137] Run /init as init process
[    0.928272] ACPI: Video Device [GFX0] (multi-head: yes  rom: no  post: no)
[    0.928344] input: Video Bus as /devices/LNXSYSTM:00/LNXSYBUS:00/PNP0A03:00/LNXVIDEO:00/input/input4
[    0.938446] pcnet32: pcnet32.c:v1.35 21.Apr.2008 tsbogend@alpha.franken.de
[    0.939379] pcnet32: PCnet/FAST III 79C973 at 0xd020, 08:00:27:64:24:b6 assigned IRQ 19
[    0.939427] pcnet32: Found PHY 0022:561b at address 0
[    0.939764] pcnet32: eth0: registered as PCnet/FAST III 79C973
[    0.941032] pcnet32: 1 cards_found
[    0.943503] e1000: Intel(R) PRO/1000 Network Driver - version 7.3.21-k8-NAPI
[    0.943504] e1000: Copyright (c) 1999-2006 Intel Corporation.
[    0.946028] piix4_smbus 0000:00:07.0: SMBus Host Controller at 0x4100, revision 0
[    1.019492] pcnet32 0000:00:03.0 enp0s3: renamed from eth0
[    1.161824] input: ImExPS/2 Generic Explorer Mouse as /devices/platform/i8042/serio1/input/input5
[    1.356405] e1000 0000:00:08.0 eth0: (PCI:33MHz:32-bit) 08:00:27:8a:eb:5d
[    1.356409] e1000 0000:00:08.0 eth0: Intel(R) PRO/1000 Network Connection
[    1.732279] e1000 0000:00:09.0 eth1: (PCI:33MHz:32-bit) 08:00:27:8d:98:76
[    1.732282] e1000 0000:00:09.0 eth1: Intel(R) PRO/1000 Network Connection
[    1.733450] e1000 0000:00:09.0 enp0s9: renamed from eth1
[    1.735261] e1000 0000:00:08.0 enp0s8: renamed from eth0
[    1.882090] EXT4-fs (sda2): mounted filesystem with ordered data mode. Opts: (null)
[    1.965711] systemd[1]: Inserted module 'autofs4'
[    1.975714] systemd[1]: systemd 245.4-4ubuntu3 running in system mode. (+PAM +AUDIT +SELINUX +IMA +APPARMOR +SMACK +SYSVINIT +UTMP +LIBCRYPTSETUP +GCRYPT +GNUTLS +ACL +XZ +LZ4 +SECCOMP +BLKID +ELFUTILS +KMOD +IDN2 -IDN +PCRE2 default-hierarchy=hybrid)
[    1.975745] systemd[1]: Detected virtualization oracle.
[    1.975751] systemd[1]: Detected architecture x86-64.
[    1.977094] systemd[1]: Set hostname to <ztg>.
[    2.101318] systemd[1]: /lib/systemd/system/dbus.socket:5: ListenStream= references a path below legacy directory /var/run/, updating /var/run/dbus/system_bus_socket â†’ /run/dbus/system_bus_socket; please update the unit file accordingly.
[    2.152702] systemd[1]: Created slice system-modprobe.slice.
[    2.152885] systemd[1]: Created slice User and Session Slice.
[    2.152929] systemd[1]: Started Forward Password Requests to Wall Directory Watch.
[    2.153094] systemd[1]: Set up automount Arbitrary Executable File Formats File System Automount Point.
[    2.153130] systemd[1]: Reached target User and Group Name Lookups.
[    2.153138] systemd[1]: Reached target Remote File Systems.
[    2.153147] systemd[1]: Reached target Slices.
[    2.153638] systemd[1]: Listening on Syslog Socket.
[    2.153704] systemd[1]: Listening on fsck to fsckd communication Socket.
[    2.153743] systemd[1]: Listening on initctl Compatibility Named Pipe.
[    2.153893] systemd[1]: Listening on Journal Audit Socket.
[    2.153948] systemd[1]: Listening on Journal Socket (/dev/log).
[    2.154017] systemd[1]: Listening on Journal Socket.
[    2.154079] systemd[1]: Listening on udev Control Socket.
[    2.154119] systemd[1]: Listening on udev Kernel Socket.
[    2.154893] systemd[1]: Mounting Huge Pages File System...
[    2.155822] systemd[1]: Mounting POSIX Message Queue File System...
[    2.156788] systemd[1]: Mounting Kernel Debug File System...
[    2.157630] systemd[1]: Mounting Kernel Trace File System...
[    2.159604] systemd[1]: Starting Journal Service...
[    2.185125] systemd[1]: Starting Set the console keyboard layout...
[    2.193381] systemd[1]: Starting Create list of static device nodes for the current kernel...
[    2.195188] systemd[1]: Starting Load Kernel Module drm...
[    2.195974] systemd[1]: Condition check resulted in Set Up Additional Binary Formats being skipped.
[    2.196012] systemd[1]: Condition check resulted in File System Check on Root Device being skipped.
[    2.207196] systemd[1]: Starting Load Kernel Modules...
[    2.208074] systemd[1]: Starting Remount Root and Kernel File Systems...
[    2.226435] systemd[1]: Starting udev Coldplug all Devices...
[    2.237047] systemd[1]: Starting Uncomplicated firewall...
[    2.238671] systemd[1]: Mounted Huge Pages File System.
[    2.238761] systemd[1]: Mounted POSIX Message Queue File System.
[    2.238851] systemd[1]: Mounted Kernel Debug File System.
[    2.238923] systemd[1]: Mounted Kernel Trace File System.
[    2.239812] EXT4-fs (sda2): re-mounted. Opts: errors=remount-ro
[    2.249343] systemd[1]: Finished Create list of static device nodes for the current kernel.
[    2.250205] systemd[1]: modprobe@drm.service: Succeeded.
[    2.251948] systemd[1]: Finished Load Kernel Module drm.
[    2.267936] systemd[1]: Finished Remount Root and Kernel File Systems.
[    2.269542] systemd[1]: Finished Uncomplicated firewall.
[    2.303171] lp: driver loaded but no devices found
[    2.304452] systemd[1]: Condition check resulted in Rebuild Hardware Database being skipped.
[    2.304494] systemd[1]: Condition check resulted in Platform Persistent Storage Archival being skipped.
[    2.305200] systemd[1]: Starting Load/Save Random Seed...
[    2.310709] systemd[1]: Starting Create System Users...
[    2.320686] systemd[1]: Finished Load/Save Random Seed.
[    2.321776] ppdev: user-space parallel port driver
[    2.328363] systemd[1]: Finished Create System Users.
[    2.329090] systemd[1]: Starting Create Static Device Nodes in /dev...
[    2.347784] systemd[1]: Finished Create Static Device Nodes in /dev.
[    2.348636] systemd[1]: Starting udev Kernel Device Manager...
[    2.388332] systemd[1]: Finished udev Coldplug all Devices.
[    2.411265] [drm] DMA map mode: Caching DMA mappings.
[    2.411330] [drm] Capabilities:
[    2.411331] [drm]   Rect copy.
[    2.411331] [drm]   Cursor.
[    2.411331] [drm]   Cursor bypass.
[    2.411332] [drm]   Cursor bypass 2.
[    2.411332] [drm]   Alpha cursor.
[    2.411332] [drm]   Extended Fifo.
[    2.411333] [drm]   Pitchlock.
[    2.411333] [drm]   Irq mask.
[    2.411333] [drm]   GMR.
[    2.411334] [drm]   Traces.
[    2.411334] [drm]   GMR2.
[    2.411335] [drm]   Screen Object 2.
[    2.411335] [drm]   Command Buffers.
[    2.411335] [drm]   Command Buffers 2.
[    2.411336] [drm]   Guest Backed Resources.
[    2.411337] [drm] Max GMR ids is 8192
[    2.411337] [drm] Max number of GMR pages is 1048576
[    2.411338] [drm] Max dedicated hypervisor surface memory is 393216 kiB
[    2.411338] [drm] Maximum display memory size is 131072 kiB
[    2.411339] [drm] VRAM at 0xe0000000 size is 131072 kiB
[    2.411340] [drm] MMIO at 0xf0000000 size is 2048 kiB
[    2.412847] [TTM] Zone  kernel: Available graphics memory: 1011738 KiB
[    2.412848] [TTM] Initializing pool allocator
[    2.412851] [TTM] Initializing DMA pool allocator
[    2.412880] [drm] Supports vblank timestamp caching Rev 2 (21.10.2013).
[    2.412881] [drm] No driver support for vblank timestamp query.
[    2.413099] [drm] Screen Target Display device initialized
[    2.413313] [drm] width 720
[    2.413321] [drm] height 400
[    2.413324] [drm] bpp 32
[    2.413895] [drm] Fifo max 0x00200000 min 0x00001000 cap 0x00000355
[    2.414969] [drm] Using command buffers with DMA pool.
[    2.414973] [drm] DX: no.
[    2.414973] [drm] Atomic: yes.
[    2.414974] [drm] SM4_1: no.
[    2.414994] [drm:vmw_host_log [vmwgfx]] *ERROR* Failed to send host log message.
[    2.415892] [drm:vmw_host_log [vmwgfx]] *ERROR* Failed to send host log message.
[    2.428206] fbcon: svgadrmfb (fb0) is primary device
[    2.430483] Console: switching to colour frame buffer device 100x37
[    2.436517] [drm] Initialized vmwgfx 2.15.0 20180704 for 0000:00:02.0 on minor 0
[    2.440996] systemd[1]: Finished Load Kernel Modules.
[    2.441968] systemd[1]: Mounting FUSE Control File System...
[    2.443697] systemd[1]: Mounting Kernel Configuration File System...
[    2.460253] systemd[1]: Starting Apply Kernel Variables...
[    2.466022] systemd[1]: Mounted FUSE Control File System.
[    2.469452] systemd[1]: Condition check resulted in VMware vmblock fuse mount being skipped.
[    2.469982] systemd[1]: Mounted Kernel Configuration File System.
[    2.507028] systemd[1]: Finished Set the console keyboard layout.
[    2.507123] systemd[1]: Reached target Local File Systems (Pre).
[    2.509208] systemd[1]: Mounting Mount unit for bare, revision 5...
[    2.512533] systemd[1]: Mounting Mount unit for core18, revision 1705...
[    2.519107] systemd[1]: Mounting Mount unit for gnome-3-34-1804, revision 24...
[    2.529404] systemd[1]: Mounting Mount unit for gtk-common-themes, revision 1506...
[    2.534979] systemd[1]: Mounting Mount unit for gtk-common-themes, revision 1535...
[    2.550047] systemd[1]: Mounting Mount unit for snap-store, revision 433...
[    2.573362] systemd[1]: Mounting Mount unit for snapd, revision 25935...
[    2.588122] systemd[1]: Finished Apply Kernel Variables.
[    2.590588] systemd[1]: Started udev Kernel Device Manager.
[    2.590681] systemd[1]: Mounted Mount unit for bare, revision 5.
[    2.597653] systemd[1]: Starting Show Plymouth Boot Screen...
[    2.599165] systemd[1]: Received SIGRTMIN+20 from PID 278 (plymouthd).
[    2.602298] systemd[1]: Mounted Mount unit for core18, revision 1705.
[    2.604146] systemd[1]: Mounted Mount unit for gnome-3-34-1804, revision 24.
[    2.625881] systemd[1]: Started Show Plymouth Boot Screen.
[    2.626120] systemd[1]: Condition check resulted in Dispatch Password Requests to Console Directory Watch being skipped.
[    2.626207] systemd[1]: Started Forward Password Requests to Plymouth Directory Watch.
[    2.626272] systemd[1]: Reached target Local Encrypted Volumes.
[    2.659692] systemd[1]: Mounted Mount unit for gtk-common-themes, revision 1506.
[    2.661720] systemd[1]: Mounted Mount unit for snap-store, revision 433.
[    2.661940] systemd[1]: Mounted Mount unit for snapd, revision 25935.
[    2.708244] systemd[1]: Mounted Mount unit for gtk-common-themes, revision 1535.
[    2.708460] systemd[1]: Reached target Local File Systems.
[    2.709323] systemd[1]: Starting Load AppArmor profiles...
[    2.722636] systemd[1]: Starting Set console font and keymap...
[    2.733360] systemd[1]: Starting Tell Plymouth To Write Out Runtime Data...
[    2.737022] systemd[1]: Condition check resulted in Store a System Token in an EFI Variable being skipped.
[    2.737059] systemd[1]: Condition check resulted in Commit a transient machine-id on disk being skipped.
[    2.740579] systemd[1]: Finished Set console font and keymap.
[    2.746476] systemd[1]: Received SIGRTMIN+20 from PID 278 (plymouthd).
[    2.748701] systemd[1]: plymouth-read-write.service: Succeeded.
[    2.748969] systemd[1]: Finished Tell Plymouth To Write Out Runtime Data.
[    2.787055] audit: type=1400 audit(1768292569.624:2): apparmor="STATUS" operation="profile_load" profile="unconfined" name="nvidia_modprobe" pid=299 comm="apparmor_parser"
[    2.787057] audit: type=1400 audit(1768292569.624:3): apparmor="STATUS" operation="profile_load" profile="unconfined" name="nvidia_modprobe//kmod" pid=299 comm="apparmor_parser"
[    2.794047] audit: type=1400 audit(1768292569.632:4): apparmor="STATUS" operation="profile_load" profile="unconfined" name="/usr/sbin/tcpdump" pid=300 comm="apparmor_parser"
[    2.837936] audit: type=1400 audit(1768292569.668:5): apparmor="STATUS" operation="profile_load" profile="unconfined" name="/usr/bin/evince" pid=302 comm="apparmor_parser"
[    2.837941] audit: type=1400 audit(1768292569.668:6): apparmor="STATUS" operation="profile_load" profile="unconfined" name="/usr/bin/evince//sanitized_helper" pid=302 comm="apparmor_parser"
[    2.837942] audit: type=1400 audit(1768292569.668:7): apparmor="STATUS" operation="profile_load" profile="unconfined" name="/usr/bin/evince-previewer" pid=302 comm="apparmor_parser"
[    2.837944] audit: type=1400 audit(1768292569.668:8): apparmor="STATUS" operation="profile_load" profile="unconfined" name="/usr/bin/evince-previewer//sanitized_helper" pid=302 comm="apparmor_parser"
[    2.837945] audit: type=1400 audit(1768292569.668:9): apparmor="STATUS" operation="profile_load" profile="unconfined" name="/usr/bin/evince-thumbnailer" pid=302 comm="apparmor_parser"
[    2.869286] audit: type=1400 audit(1768292569.708:10): apparmor="STATUS" operation="profile_load" profile="unconfined" name="/usr/lib/cups/backend/cups-pdf" pid=303 comm="apparmor_parser"
[    2.950452] systemd[1]: Finished Load AppArmor profiles.
[    2.951553] systemd[1]: Starting Load AppArmor profiles managed internally by snapd...
[    3.059606] systemd[1]: Finished Load AppArmor profiles managed internally by snapd.
[    3.195048] systemd[1]: Started Journal Service.
[    3.205881] systemd-journald[229]: Received client request to flush runtime journal.
[    3.209348] systemd-journald[229]: File /var/log/journal/c455b248004a419c87ce85eea238d727/system.journal corrupted or uncleanly shut down, renaming and replacing.
[    4.443675] RAPL PMU: API unit is 2^-32 Joules, 0 fixed counters, 10737418240 ms ovfl timer
[    4.508216] cryptd: max_cpu_qlen set to 1000
[    4.548053] AVX2 version of gcm_enc/dec engaged.
[    4.548054] AES CTR mode by8 optimization enabled
[    6.337809] Adding 1998844k swap on /dev/sda1.  Priority:-2 extents:1 across:1998844k FS
[    7.157902] kauditd_printk_skb: 30 callbacks suppressed
[    7.157904] audit: type=1400 audit(1768292573.996:41): apparmor="DENIED" operation="capable" profile="/usr/sbin/cups-browsed" pid=506 comm="cups-browsed" capability=23  capname="sys_nice"
[    8.647230] pcnet32 0000:00:03.0 enp0s3: link up, 100Mbps, full-duplex
[    8.679631] e1000: enp0s8 NIC Link is Up 1000 Mbps Full Duplex, Flow Control: RX
[    8.681245] IPv6: ADDRCONF(NETDEV_CHANGE): enp0s8: link becomes ready
[    8.715543] e1000: enp0s9 NIC Link is Up 1000 Mbps Full Duplex, Flow Control: RX
[    8.715837] IPv6: ADDRCONF(NETDEV_CHANGE): enp0s9: link becomes ready
[    9.398302] device enp0s3 entered promiscuous mode
[    9.415285] audit: type=1400 audit(1768292576.256:42): apparmor="DENIED" operation="open" profile="/usr/sbin/tcpdump" name="/proc/sys/kernel/random/boot_id" pid=627 comm="tcpdump" requested_mask="r" denied_mask="r" fsuid=0 ouid=0
[    9.415552] audit: type=1400 audit(1768292576.256:43): apparmor="DENIED" operation="open" profile="/usr/sbin/tcpdump" name="/proc/sys/kernel/random/boot_id" pid=627 comm="tcpdump" requested_mask="r" denied_mask="r" fsuid=0 ouid=0
[    9.415684] audit: type=1400 audit(1768292576.256:44): apparmor="DENIED" operation="open" profile="/usr/sbin/tcpdump" name="/proc/sys/kernel/random/boot_id" pid=627 comm="tcpdump" requested_mask="r" denied_mask="r" fsuid=0 ouid=0
[    9.415765] audit: type=1400 audit(1768292576.256:45): apparmor="DENIED" operation="open" profile="/usr/sbin/tcpdump" name="/proc/sys/kernel/random/boot_id" pid=627 comm="tcpdump" requested_mask="r" denied_mask="r" fsuid=0 ouid=0
[    9.421415] audit: type=1400 audit(1768292576.260:46): apparmor="DENIED" operation="open" profile="/usr/sbin/tcpdump" name="/proc/sys/kernel/random/boot_id" pid=628 comm="tcpdump" requested_mask="r" denied_mask="r" fsuid=0 ouid=0
[    9.422735] audit: type=1400 audit(1768292576.260:47): apparmor="DENIED" operation="open" profile="/usr/sbin/tcpdump" name="/proc/sys/kernel/random/boot_id" pid=628 comm="tcpdump" requested_mask="r" denied_mask="r" fsuid=0 ouid=0
[    9.422778] audit: type=1400 audit(1768292576.260:48): apparmor="DENIED" operation="open" profile="/usr/sbin/tcpdump" name="/proc/sys/kernel/random/boot_id" pid=628 comm="tcpdump" requested_mask="r" denied_mask="r" fsuid=0 ouid=0
[    9.423963] audit: type=1400 audit(1768292576.260:49): apparmor="DENIED" operation="open" profile="/usr/sbin/tcpdump" name="/proc/sys/kernel/random/boot_id" pid=628 comm="tcpdump" requested_mask="r" denied_mask="r" fsuid=0 ouid=0
[   15.284930] rfkill: input handler disabled
[  181.385501] AAAAA-TCP_FORW: name:enp0s3: saddr:16783984: daddr:100932208
[  291.687117] AAAAA-TCP_FORW: name:enp0s3: saddr:16783984: daddr:100932208
[  291.868883] AAAAA-TCP_FORW: name:enp0s3: saddr:33561200: daddr:100932208
[  292.387883] AAAAA-TCP_FORW: name:enp0s3: saddr:33561200: daddr:100932208
[  292.813300] AAAAA-TCP_FORW: name:enp0s3: saddr:33561200: daddr:100932208
[  294.216397] AAAAA-TCP_FORW: name:enp0s3: saddr:33561200: daddr:100932208
[  294.497086] AAAAA-TCP_FORW: name:enp0s3: saddr:33561200: daddr:100932208
[  294.905508] AAAAA-TCP_FORW: name:enp0s3: saddr:33561200: daddr:100932208
[  294.971705] AAAAA-TCP_FORW: name:enp0s3: saddr:100932208: daddr:16783984
[  295.049194] AAAAA-TCP_FORW: name:enp0s3: saddr:100932208: daddr:33561200
[  295.070159] AAAAA-TCP_FORW: name:enp0s3: saddr:16783984: daddr:100932208
[  295.196144] AAAAA-TCP_FORW: name:enp0s3: saddr:16783984: daddr:100932208
[  295.204706] AAAAA-TCP_FORW: name:enp0s3: saddr:100932208: daddr:33561200
[  295.403550] AAAAA-TCP_FORW: name:enp0s3: saddr:100932208: daddr:16783984
[  295.416205] AAAAA-TCP_FORW: name:enp0s3: saddr:16783984: daddr:100932208
[  295.591592] AAAAA-TCP_FORW: name:enp0s3: saddr:16783984: daddr:100932208
[  295.684123] AAAAA-TCP_FORW: name:enp0s3: saddr:16783984: daddr:100932208
[  295.693832] AAAAA-TCP_FORW: name:enp0s3: saddr:100932208: daddr:33561200
[  295.826701] AAAAA-TCP_FORW: name:enp0s3: saddr:16783984: daddr:100932208
[  295.885103] AAAAA-TCP_FORW: name:enp0s3: saddr:100932208: daddr:33561200
[  295.943409] AAAAA-TCP_FORW: name:enp0s3: saddr:16783984: daddr:100932208
[  296.057810] AAAAA-TCP_FORW: name:enp0s3: saddr:16783984: daddr:100932208
[  296.170567] AAAAA-TCP_FORW: name:enp0s3: saddr:16783984: daddr:100932208
[  296.232223] AAAAA-TCP_FORW: name:enp0s3: saddr:33561200: daddr:100932208
[  296.609665] AAAAA-TCP_FORW: name:enp0s3: saddr:33561200: daddr:100932208
[  297.243501] AAAAA-TCP_FORW: name:enp0s3: saddr:16783984: daddr:100932208
[  297.435550] AAAAA-TCP_FORW: name:enp0s3: saddr:16783984: daddr:100932208
[  297.719772] AAAAA-TCP_FORW: name:enp0s3: saddr:33561200: daddr:100932208
[  297.812411] AAAAA-TCP_FORW: name:enp0s3: saddr:33561200: daddr:100932208
[  298.344182] AAAAA-TCP_FORW: name:enp0s3: saddr:100932208: daddr:16783984
[  298.400100] AAAAA-TCP_FORW: name:enp0s3: saddr:100932208: daddr:16783984
[  298.412178] AAAAA-TCP_FORW: name:enp0s3: saddr:33561200: daddr:100932208
[  298.734997] AAAAA-TCP_FORW: name:enp0s3: saddr:33561200: daddr:100932208
[  298.973218] AAAAA-TCP_FORW: name:enp0s3: saddr:33561200: daddr:100932208
[  299.104585] AAAAA-TCP_FORW: name:enp0s3: saddr:33561200: daddr:100932208
[  299.172824] AAAAA-TCP_FORW: name:enp0s3: saddr:33561200: daddr:100932208
[  299.616111] AAAAA-TCP_FORW: name:enp0s3: saddr:33561200: daddr:100932208
[  299.888078] AAAAA-TCP_FORW: name:enp0s3: saddr:16783984: daddr:100932208
[  300.584010] AAAAA-TCP_FORW: name:enp0s3: saddr:16783984: daddr:100932208
[  301.061720] AAAAA-TCP_FORW: name:enp0s3: saddr:33561200: daddr:100932208
[  314.855500] AAAAA-TCP_FORW: name:enp0s3: saddr:16783984: daddr:100932208
[  315.173626] AAAAA-TCP_FORW: name:enp0s3: saddr:33561200: daddr:100932208
[  315.272237] AAAAA-TCP_FORW: name:enp0s3: saddr:16783984: daddr:100932208
[  315.447352] AAAAA-TCP_FORW: name:enp0s3: saddr:33561200: daddr:100932208
[  315.616931] AAAAA-TCP_FORW: name:enp0s3: saddr:16783984: daddr:100932208
[  315.673276] AAAAA-TCP_FORW: name:enp0s3: saddr:33561200: daddr:100932208
[  315.874287] AAAAA-TCP_FORW: name:enp0s3: saddr:16783984: daddr:100932208
[  315.909978] AAAAA-TCP_FORW: name:enp0s3: saddr:33561200: daddr:100932208
[  316.109996] AAAAA-TCP_FORW: name:enp0s3: saddr:16783984: daddr:100932208
[  316.146313] AAAAA-TCP_FORW: name:enp0s3: saddr:33561200: daddr:100932208
[  316.246562] AAAAA-TCP_FORW: name:enp0s3: saddr:16783984: daddr:100932208
[  316.361963] AAAAA-TCP_FORW: name:enp0s3: saddr:33561200: daddr:100932208
[  316.408547] AAAAA-TCP_FORW: name:enp0s3: saddr:16783984: daddr:100932208
[  316.490707] AAAAA-TCP_FORW: name:enp0s3: saddr:33561200: daddr:100932208
[  316.668387] AAAAA-TCP_FORW: name:enp0s3: saddr:16783984: daddr:100932208
[  316.906208] AAAAA-TCP_FORW: name:enp0s3: saddr:33561200: daddr:100932208
[  317.056186] AAAAA-TCP_FORW: name:enp0s3: saddr:16783984: daddr:100932208
[  317.260137] AAAAA-TCP_FORW: name:enp0s3: saddr:33561200: daddr:100932208
[  317.612724] AAAAA-TCP_FORW: name:enp0s3: saddr:16783984: daddr:100932208
[  317.722776] AAAAA-TCP_FORW: name:enp0s3: saddr:33561200: daddr:100932208
[  317.946378] AAAAA-TCP_FORW: name:enp0s3: saddr:16783984: daddr:100932208
[  318.115066] AAAAA-TCP_FORW: name:enp0s3: saddr:33561200: daddr:100932208
[  318.312116] AAAAA-TCP_FORW: name:enp0s3: saddr:100932208: daddr:33561200
[  318.357517] AAAAA-TCP_FORW: name:enp0s3: saddr:16783984: daddr:100932208
[  318.432790] AAAAA-TCP_FORW: name:enp0s3: saddr:100932208: daddr:16783984
[  318.471483] AAAAA-TCP_FORW: name:enp0s3: saddr:100932208: daddr:33561200
[  318.572643] AAAAA-TCP_FORW: name:enp0s3: saddr:33561200: daddr:100932208
[  318.606523] AAAAA-TCP_FORW: name:enp0s3: saddr:100932208: daddr:33561200
[  318.869918] AAAAA-TCP_FORW: name:enp0s3: saddr:16783984: daddr:100932208
[  323.088176] AAAAA-TCP_FORW: name:enp0s3: saddr:16783984: daddr:100932208
[  323.146199] AAAAA-TCP_FORW: name:enp0s3: saddr:16783984: daddr:100932208
[  323.408927] AAAAA-TCP_FORW: name:enp0s3: saddr:16783984: daddr:100932208
[  323.683922] AAAAA-TCP_FORW: name:enp0s3: saddr:16783984: daddr:100932208
[  323.790826] AAAAA-TCP_FORW: name:enp0s3: saddr:16783984: daddr:100932208
[  323.934044] AAAAA-TCP_FORW: name:enp0s3: saddr:16783984: daddr:100932208
[  324.501937] AAAAA-TCP_FORW: name:enp0s3: saddr:16783984: daddr:100932208
[  540.143097] rfkill: input handler enabled
[  548.126267] rfkill: input handler disabled
[  873.297043] device enp0s3 left promiscuous mode
