[    0.000000] Linux version 5.4.243-mptcp (root@ztg) (gcc version 12.2.0 (Debian 12.2.0-14+deb12u1)) #53 SMP Wed Dec 24 23:28:15 CST 2025
[    0.000000] Command line: BOOT_IMAGE=/boot/vmlinuz-5.4.243-mptcp root=UUID=98415a12-53b7-4144-8265-0f7ece09e445 ro quiet splash
[    0.000000] KERNEL supported cpus:
[    0.000000]   Intel GenuineIntel
[    0.000000]   AMD AuthenticAMD
[    0.000000]   Hygon HygonGenuine
[    0.000000]   Centaur CentaurHauls
[    0.000000]   zhaoxin   Shanghai  
[    0.000000] x86/fpu: Supporting XSAVE feature 0x001: 'x87 floating point registers'
[    0.000000] x86/fpu: Supporting XSAVE feature 0x002: 'SSE registers'
[    0.000000] x86/fpu: Supporting XSAVE feature 0x004: 'AVX registers'
[    0.000000] x86/fpu: xstate_offset[2]:  576, xstate_sizes[2]:  256
[    0.000000] x86/fpu: Enabled xstate features 0x7, context size is 832 bytes, using 'standard' format.
[    0.000000] BIOS-provided physical RAM map:
[    0.000000] BIOS-e820: [mem 0x0000000000000000-0x000000000009fbff] usable
[    0.000000] BIOS-e820: [mem 0x000000000009fc00-0x000000000009ffff] reserved
[    0.000000] BIOS-e820: [mem 0x00000000000f0000-0x00000000000fffff] reserved
[    0.000000] BIOS-e820: [mem 0x0000000000100000-0x000000007ffeffff] usable
[    0.000000] BIOS-e820: [mem 0x000000007fff0000-0x000000007fffffff] ACPI data
[    0.000000] BIOS-e820: [mem 0x00000000fec00000-0x00000000fec00fff] reserved
[    0.000000] BIOS-e820: [mem 0x00000000fee00000-0x00000000fee00fff] reserved
[    0.000000] BIOS-e820: [mem 0x00000000fffc0000-0x00000000ffffffff] reserved
[    0.000000] NX (Execute Disable) protection: active
[    0.000000] SMBIOS 2.5 present.
[    0.000000] DMI: innotek GmbH VirtualBox/VirtualBox, BIOS VirtualBox 12/01/2006
[    0.000000] Hypervisor detected: KVM
[    0.000000] kvm-clock: Using msrs 4b564d01 and 4b564d00
[    0.000000] kvm-clock: cpu 0, msr 71c01001, primary cpu clock
[    0.000000] kvm-clock: using sched offset of 4472870905 cycles
[    0.000003] clocksource: kvm-clock: mask: 0xffffffffffffffff max_cycles: 0x1cd42e4dffb, max_idle_ns: 881590591483 ns
[    0.000006] tsc: Detected 2100.000 MHz processor
[    0.001897] e820: update [mem 0x00000000-0x00000fff] usable ==> reserved
[    0.001899] e820: remove [mem 0x000a0000-0x000fffff] usable
[    0.001903] last_pfn = 0x7fff0 max_arch_pfn = 0x400000000
[    0.001971] MTRR default type: uncachable
[    0.001972] MTRR fixed ranges enabled:
[    0.001973]   00000-9FFFF write-back
[    0.001974]   A0000-BFFFF uncachable
[    0.001975]   C0000-FFFFF write-protect
[    0.001976] MTRR variable ranges enabled:
[    0.001977]   0 base 000000000000 mask 3FFF80000000 write-back
[    0.001978]   1 disabled
[    0.001978]   2 disabled
[    0.001979]   3 disabled
[    0.001979]   4 disabled
[    0.001980]   5 disabled
[    0.001980]   6 disabled
[    0.001981]   7 disabled
[    0.001981]   8 disabled
[    0.001981]   9 disabled
[    0.001982]   10 disabled
[    0.001982]   11 disabled
[    0.001983]   12 disabled
[    0.001983]   13 disabled
[    0.001984]   14 disabled
[    0.001984]   15 disabled
[    0.002000] x86/PAT: Configuration [0-7]: WB  WC  UC- UC  WB  WP  UC- WT  
[    0.002135] found SMP MP-table at [mem 0x0009fff0-0x0009ffff]
[    0.093517] check: Scanning 1 areas for low memory corruption
[    0.093680] RAMDISK: [mem 0x32271000-0x3512ffff]
[    0.093688] ACPI: Early table checksum verification disabled
[    0.093694] ACPI: RSDP 0x00000000000E0000 000024 (v02 VBOX  )
[    0.093698] ACPI: XSDT 0x000000007FFF0030 00003C (v01 VBOX   VBOXXSDT 00000001 ASL  00000061)
[    0.093705] ACPI: FACP 0x000000007FFF00F0 0000F4 (v04 VBOX   VBOXFACP 00000001 ASL  00000061)
[    0.093712] ACPI: DSDT 0x000000007FFF02E0 002353 (v02 VBOX   VBOXBIOS 00000002 VBOX 00029BF3)
[    0.093716] ACPI: FACS 0x000000007FFF0200 000040
[    0.093719] ACPI: FACS 0x000000007FFF0200 000040
[    0.093722] ACPI: APIC 0x000000007FFF0240 000054 (v02 VBOX   VBOXAPIC 00000001 ASL  00000061)
[    0.093726] ACPI: SSDT 0x000000007FFF02A0 000038 (v01 VBOX   VBOXCPUT 00000002 VBOX 00029BF3)
[    0.093729] ACPI: Reserving FACP table memory at [mem 0x7fff00f0-0x7fff01e3]
[    0.093730] ACPI: Reserving DSDT table memory at [mem 0x7fff02e0-0x7fff2632]
[    0.093731] ACPI: Reserving FACS table memory at [mem 0x7fff0200-0x7fff023f]
[    0.093731] ACPI: Reserving FACS table memory at [mem 0x7fff0200-0x7fff023f]
[    0.093732] ACPI: Reserving APIC table memory at [mem 0x7fff0240-0x7fff0293]
[    0.093733] ACPI: Reserving SSDT table memory at [mem 0x7fff02a0-0x7fff02d7]
[    0.093747] ACPI: Local APIC address 0xfee00000
[    0.093935] No NUMA configuration found
[    0.093936] Faking a node at [mem 0x0000000000000000-0x000000007ffeffff]
[    0.093946] NODE_DATA(0) allocated [mem 0x7ffc5000-0x7ffeffff]
[    0.094208] Zone ranges:
[    0.094209]   DMA      [mem 0x0000000000001000-0x0000000000ffffff]
[    0.094210]   DMA32    [mem 0x0000000001000000-0x000000007ffeffff]
[    0.094211]   Normal   empty
[    0.094211]   Device   empty
[    0.094212] Movable zone start for each node
[    0.094214] Early memory node ranges
[    0.094215]   node   0: [mem 0x0000000000001000-0x000000000009efff]
[    0.094215]   node   0: [mem 0x0000000000100000-0x000000007ffeffff]
[    0.094218] Zeroed struct page in unavailable ranges: 114 pages
[    0.094219] Initmem setup node 0 [mem 0x0000000000001000-0x000000007ffeffff]
[    0.094220] On node 0 totalpages: 524174
[    0.094222]   DMA zone: 64 pages used for memmap
[    0.094222]   DMA zone: 21 pages reserved
[    0.094223]   DMA zone: 3998 pages, LIFO batch:0
[    0.094294]   DMA32 zone: 8128 pages used for memmap
[    0.094295]   DMA32 zone: 520176 pages, LIFO batch:63
[    0.103263] ACPI: PM-Timer IO Port: 0x4008
[    0.103266] ACPI: Local APIC address 0xfee00000
[    0.103335] IOAPIC[0]: apic_id 1, version 32, address 0xfec00000, GSI 0-23
[    0.103339] ACPI: INT_SRC_OVR (bus 0 bus_irq 0 global_irq 2 dfl dfl)
[    0.103340] ACPI: INT_SRC_OVR (bus 0 bus_irq 9 global_irq 9 low level)
[    0.103342] ACPI: IRQ0 used by override.
[    0.103343] ACPI: IRQ9 used by override.
[    0.103346] Using ACPI (MADT) for SMP configuration information
[    0.103352] smpboot: Allowing 1 CPUs, 0 hotplug CPUs
[    0.103374] PM: Registered nosave memory: [mem 0x00000000-0x00000fff]
[    0.103376] PM: Registered nosave memory: [mem 0x0009f000-0x0009ffff]
[    0.103376] PM: Registered nosave memory: [mem 0x000a0000-0x000effff]
[    0.103377] PM: Registered nosave memory: [mem 0x000f0000-0x000fffff]
[    0.103379] [mem 0x80000000-0xfebfffff] available for PCI devices
[    0.103380] Booting paravirtualized kernel on KVM
[    0.103383] clocksource: refined-jiffies: mask: 0xffffffff max_cycles: 0xffffffff, max_idle_ns: 7645519600211568 ns
[    0.103388] setup_percpu: NR_CPUS:8192 nr_cpumask_bits:1 nr_cpu_ids:1 nr_node_ids:1
[    0.104383] percpu: Embedded 60 pages/cpu s208896 r8192 d28672 u2097152
[    0.104387] pcpu-alloc: s208896 r8192 d28672 u2097152 alloc=1*2097152
[    0.104388] pcpu-alloc: [0] 0 
[    0.104415] Built 1 zonelists, mobility grouping on.  Total pages: 515961
[    0.104415] Policy zone: DMA32
[    0.104417] Kernel command line: BOOT_IMAGE=/boot/vmlinuz-5.4.243-mptcp root=UUID=98415a12-53b7-4144-8265-0f7ece09e445 ro quiet splash
[    0.105258] Dentry cache hash table entries: 262144 (order: 9, 2097152 bytes, linear)
[    0.105405] Inode-cache hash table entries: 131072 (order: 8, 1048576 bytes, linear)
[    0.105456] mem auto-init: stack:off, heap alloc:on, heap free:off
[    0.105459] Calgary: detecting Calgary via BIOS EBDA area
[    0.105460] Calgary: Unable to locate Rio Grande table in EBDA - bailing!
[    0.109469] Memory: 1967332K/2096696K available (14339K kernel code, 2398K rwdata, 4712K rodata, 2728K init, 17260K bss, 129364K reserved, 0K cma-reserved)
[    0.110389] SLUB: HWalign=64, Order=0-3, MinObjects=0, CPUs=1, Nodes=1
[    0.110405] ftrace: allocating 43186 entries in 169 pages
[    0.128527] rcu: Hierarchical RCU implementation.
[    0.128528] rcu: 	RCU restricting CPUs from NR_CPUS=8192 to nr_cpu_ids=1.
[    0.128529] 	Tasks RCU enabled.
[    0.128531] rcu: RCU calculated value of scheduler-enlistment delay is 25 jiffies.
[    0.128532] rcu: Adjusting geometry for rcu_fanout_leaf=16, nr_cpu_ids=1
[    0.131505] NR_IRQS: 524544, nr_irqs: 256, preallocated irqs: 16
[    0.131722] random: crng init done
[    0.140975] Console: colour VGA+ 80x25
[    0.140979] printk: console [tty0] enabled
[    0.140997] ACPI: Core revision 20190816
[    0.141091] APIC: Switch to symmetric I/O mode setup
[    0.141345] x2apic enabled
[    0.141579] Switched APIC routing to physical x2apic.
[    0.142705] ..TIMER: vector=0x30 apic1=0 pin1=2 apic2=-1 pin2=-1
[    0.142732] clocksource: tsc-early: mask: 0xffffffffffffffff max_cycles: 0x1e4530a99b6, max_idle_ns: 440795257976 ns
[    0.142738] Calibrating delay loop (skipped) preset value.. 4200.00 BogoMIPS (lpj=8400000)
[    0.142740] pid_max: default: 32768 minimum: 301
[    0.142768] LSM: Security Framework initializing
[    0.142777] Yama: becoming mindful.
[    0.142803] AppArmor: AppArmor initialized
[    0.142837] Mount-cache hash table entries: 4096 (order: 3, 32768 bytes, linear)
[    0.142841] Mountpoint-cache hash table entries: 4096 (order: 3, 32768 bytes, linear)
[    0.142851] *** VALIDATE tmpfs ***
[    0.142979] *** VALIDATE proc ***
[    0.143020] *** VALIDATE cgroup1 ***
[    0.143021] *** VALIDATE cgroup2 ***
[    0.143160] process: using mwait in idle threads
[    0.143166] Last level iTLB entries: 4KB 64, 2MB 8, 4MB 8
[    0.143166] Last level dTLB entries: 4KB 64, 2MB 0, 4MB 0, 1GB 4
[    0.143186] Spectre V1 : Mitigation: usercopy/swapgs barriers and __user pointer sanitization
[    0.143192] Spectre V2 : Mitigation: Retpolines
[    0.143192] Spectre V2 : Spectre v2 / SpectreRSB mitigation: Filling RSB on context switch
[    0.143193] Spectre V2 : Spectre v2 / SpectreRSB : Filling RSB on VMEXIT
[    0.143194] RETBleed: WARNING: Spectre v2 mitigation leaves CPU vulnerable to RETBleed attacks, data leaks possible!
[    0.143545] RETBleed: Vulnerable
[    0.143546] Speculative Store Bypass: Vulnerable
[    0.143550] TAA: Mitigation: TSX disabled
[    0.143551] MMIO Stale Data: Mitigation: Clear CPU buffers
[    0.147758] Freeing SMP alternatives memory: 40K
[    0.260462] smpboot: CPU0: Intel(R) Xeon(R) Silver 4216 CPU @ 2.10GHz (family: 0x6, model: 0x55, stepping: 0x7)
[    0.260608] Performance Events: unsupported p6 CPU model 85 no PMU driver, software events only.
[    0.260650] rcu: Hierarchical SRCU implementation.
[    0.261175] NMI watchdog: Perf NMI watchdog permanently disabled
[    0.261216] smp: Bringing up secondary CPUs ...
[    0.261217] smp: Brought up 1 node, 1 CPU
[    0.261218] smpboot: Max logical packages: 1
[    0.261219] smpboot: Total of 1 processors activated (4200.00 BogoMIPS)
[    0.262242] devtmpfs: initialized
[    0.262297] x86/mm: Memory block size: 128MB
[    0.262675] clocksource: jiffies: mask: 0xffffffff max_cycles: 0xffffffff, max_idle_ns: 7645041785100000 ns
[    0.262681] futex hash table entries: 256 (order: 2, 16384 bytes, linear)
[    0.262727] pinctrl core: initialized pinctrl subsystem
[    0.262734] PM: RTC time: 21:31:31, date: 2026-01-12
[    0.262734] NET: Registered protocol family 16
[    0.262734] audit: initializing netlink subsys (disabled)
[    0.262734] EISA bus registered
[    0.262734] cpuidle: using governor ladder
[    0.262734] cpuidle: using governor menu
[    0.262734] ACPI: bus type PCI registered
[    0.262734] acpiphp: ACPI Hot Plug PCI Controller Driver version: 0.5
[    0.262734] PCI: Using configuration type 1 for base access
[    0.263277] audit: type=2000 audit(1768224698.045:1): state=initialized audit_enabled=0 res=1
[    0.263358] HugeTLB registered 2.00 MiB page size, pre-allocated 0 pages
[    0.264232] ACPI: Added _OSI(Module Device)
[    0.264233] ACPI: Added _OSI(Processor Device)
[    0.264233] ACPI: Added _OSI(3.0 _SCP Extensions)
[    0.264234] ACPI: Added _OSI(Processor Aggregator Device)
[    0.264235] ACPI: Added _OSI(Linux-Dell-Video)
[    0.264236] ACPI: Added _OSI(Linux-Lenovo-NV-HDMI-Audio)
[    0.264237] ACPI: Added _OSI(Linux-HPI-Hybrid-Graphics)
[    0.266314] ACPI: 2 ACPI AML tables successfully acquired and loaded
[    0.266734] ACPI: Interpreter enabled
[    0.266734] ACPI: (supports S0 S5)
[    0.266734] ACPI: Using IOAPIC for interrupt routing
[    0.266734] PCI: Using host bridge windows from ACPI; if necessary, use "pci=nocrs" and report a bug
[    0.266734] ACPI: Enabled 2 GPEs in block 00 to 07
[    0.274128] ACPI: PCI Root Bridge [PCI0] (domain 0000 [bus 00-ff])
[    0.274133] acpi PNP0A03:00: _OSC: OS supports [ASPM ClockPM Segments MSI HPX-Type3]
[    0.274576] acpi PNP0A03:00: _OSC: not requesting OS control; OS requires [ExtendedConfig ASPM ClockPM MSI]
[    0.274585] acpi PNP0A03:00: fail to add MMCONFIG information, can't access extended PCI configuration space under this bridge.
[    0.274987] PCI host bridge to bus 0000:00
[    0.274990] pci_bus 0000:00: root bus resource [io  0x0000-0x0cf7 window]
[    0.274991] pci_bus 0000:00: root bus resource [io  0x0d00-0xffff window]
[    0.274992] pci_bus 0000:00: root bus resource [mem 0x000a0000-0x000bffff window]
[    0.274993] pci_bus 0000:00: root bus resource [mem 0x80000000-0xfdffffff window]
[    0.274994] pci_bus 0000:00: root bus resource [bus 00-ff]
[    0.275036] pci 0000:00:00.0: [8086:1237] type 00 class 0x060000
[    0.275959] pci 0000:00:01.0: [8086:7000] type 00 class 0x060100
[    0.276698] pci 0000:00:01.1: [8086:7111] type 00 class 0x01018a
[    0.277079] pci 0000:00:01.1: reg 0x20: [io  0xd000-0xd00f]
[    0.277234] pci 0000:00:01.1: legacy IDE quirk: reg 0x10: [io  0x01f0-0x01f7]
[    0.277235] pci 0000:00:01.1: legacy IDE quirk: reg 0x14: [io  0x03f6]
[    0.277236] pci 0000:00:01.1: legacy IDE quirk: reg 0x18: [io  0x0170-0x0177]
[    0.277237] pci 0000:00:01.1: legacy IDE quirk: reg 0x1c: [io  0x0376]
[    0.277782] pci 0000:00:02.0: [15ad:0405] type 00 class 0x030000
[    0.280630] pci 0000:00:02.0: reg 0x10: [io  0xd010-0xd01f]
[    0.282781] pci 0000:00:02.0: reg 0x14: [mem 0xe0000000-0xe7ffffff pref]
[    0.285342] pci 0000:00:02.0: reg 0x18: [mem 0xf0000000-0xf01fffff]
[    0.295514] pci 0000:00:03.0: [1022:2000] type 00 class 0x020000
[    0.296184] pci 0000:00:03.0: reg 0x10: [io  0xd020-0xd03f]
[    0.296803] pci 0000:00:03.0: reg 0x14: [mem 0xf0200000-0xf0200fff]
[    0.301240] pci 0000:00:04.0: [80ee:cafe] type 00 class 0x088000
[    0.301917] pci 0000:00:04.0: reg 0x10: [io  0xd040-0xd05f]
[    0.302520] pci 0000:00:04.0: reg 0x14: [mem 0xf0400000-0xf07fffff]
[    0.302855] pci 0000:00:04.0: reg 0x18: [mem 0xf0800000-0xf0803fff pref]
[    0.306778] pci 0000:00:07.0: [8086:7113] type 00 class 0x068000
[    0.307325] pci 0000:00:07.0: quirk: [io  0x4000-0x403f] claimed by PIIX4 ACPI
[    0.307337] pci 0000:00:07.0: quirk: [io  0x4100-0x410f] claimed by PIIX4 SMB
[    0.307951] pci 0000:00:08.0: [8086:100e] type 00 class 0x020000
[    0.308654] pci 0000:00:08.0: reg 0x10: [mem 0xf0820000-0xf083ffff]
[    0.309809] pci 0000:00:08.0: reg 0x18: [io  0xd060-0xd067]
[    0.313428] pci 0000:00:09.0: [8086:100e] type 00 class 0x020000
[    0.314201] pci 0000:00:09.0: reg 0x10: [mem 0xf0840000-0xf085ffff]
[    0.314849] pci 0000:00:09.0: reg 0x18: [io  0xd068-0xd06f]
[    0.323801] ACPI: PCI Interrupt Link [LNKA] (IRQs 5 9 10 *11)
[    0.324085] ACPI: PCI Interrupt Link [LNKB] (IRQs 5 9 *10 11)
[    0.324187] ACPI: PCI Interrupt Link [LNKC] (IRQs 5 *9 10 11)
[    0.326752] ACPI: PCI Interrupt Link [LNKD] (IRQs 5 9 10 *11)
[    0.327017] iommu: Default domain type: Translated 
[    0.327076] pci 0000:00:02.0: vgaarb: setting as boot VGA device
[    0.327077] pci 0000:00:02.0: vgaarb: VGA device added: decodes=io+mem,owns=io+mem,locks=none
[    0.327080] pci 0000:00:02.0: vgaarb: bridge control possible
[    0.327080] vgaarb: loaded
[    0.327290] SCSI subsystem initialized
[    0.327324] libata version 3.00 loaded.
[    0.327347] ACPI: bus type USB registered
[    0.327363] usbcore: registered new interface driver usbfs
[    0.327369] usbcore: registered new interface driver hub
[    0.327374] usbcore: registered new device driver usb
[    0.327402] pps_core: LinuxPPS API ver. 1 registered
[    0.327402] pps_core: Software ver. 5.3.6 - Copyright 2005-2007 Rodolfo Giometti <giometti@linux.it>
[    0.327404] PTP clock support registered
[    0.327439] EDAC MC: Ver: 3.0.0
[    0.327723] PCI: Using ACPI for IRQ routing
[    0.327724] PCI: pci_cache_line_size set to 64 bytes
[    0.327899] e820: reserve RAM buffer [mem 0x0009fc00-0x0009ffff]
[    0.327903] e820: reserve RAM buffer [mem 0x7fff0000-0x7fffffff]
[    0.328700] NetLabel: Initializing
[    0.328700] NetLabel:  domain hash size = 128
[    0.328701] NetLabel:  protocols = UNLABELED CIPSOv4 CALIPSO
[    0.328720] NetLabel:  unlabeled traffic allowed by default
[    0.329625] clocksource: Switched to clocksource kvm-clock
[    0.341170] *** VALIDATE bpf ***
[    0.341232] VFS: Disk quotas dquot_6.6.0
[    0.341244] VFS: Dquot-cache hash table entries: 512 (order 0, 4096 bytes)
[    0.341267] *** VALIDATE ramfs ***
[    0.341270] *** VALIDATE hugetlbfs ***
[    0.341352] AppArmor: AppArmor Filesystem Enabled
[    0.341378] pnp: PnP ACPI init
[    0.341444] pnp 00:00: Plug and Play ACPI device, IDs PNP0303 (active)
[    0.341511] pnp 00:01: Plug and Play ACPI device, IDs PNP0f03 (active)
[    0.342243] pnp: PnP ACPI: found 2 devices
[    0.343245] thermal_sys: Registered thermal governor 'fair_share'
[    0.343245] thermal_sys: Registered thermal governor 'bang_bang'
[    0.343246] thermal_sys: Registered thermal governor 'step_wise'
[    0.343246] thermal_sys: Registered thermal governor 'user_space'
[    0.343247] thermal_sys: Registered thermal governor 'power_allocator'
[    0.347775] clocksource: acpi_pm: mask: 0xffffff max_cycles: 0xffffff, max_idle_ns: 2085701024 ns
[    0.347815] pci_bus 0000:00: resource 4 [io  0x0000-0x0cf7 window]
[    0.347816] pci_bus 0000:00: resource 5 [io  0x0d00-0xffff window]
[    0.347817] pci_bus 0000:00: resource 6 [mem 0x000a0000-0x000bffff window]
[    0.347818] pci_bus 0000:00: resource 7 [mem 0x80000000-0xfdffffff window]
[    0.347876] NET: Registered protocol family 2
[    0.347950] IP idents hash table entries: 32768 (order: 6, 262144 bytes, linear)
[    0.348354] MPTCP tokens hash table entries: 8192 (order: 4, 65536 bytes, linear)
[    0.348373] MPTCP request tokens hash table entries: 8192 (order: 4, 65536 bytes, linear)
[    0.348398] default registered
[    0.348399] default registered
[    0.348399] MPTCP: Stable release v0.96
[    0.348404] tcp_listen_portaddr_hash hash table entries: 1024 (order: 2, 16384 bytes, linear)
[    0.348485] TCP established hash table entries: 16384 (order: 5, 131072 bytes, linear)
[    0.348551] TCP bind hash table entries: 16384 (order: 6, 262144 bytes, linear)
[    0.348576] TCP: Hash tables configured (established 16384 bind 16384)
[    0.349275] UDP hash table entries: 1024 (order: 3, 32768 bytes, linear)
[    0.349287] UDP-Lite hash table entries: 1024 (order: 3, 32768 bytes, linear)
[    0.349321] NET: Registered protocol family 1
[    0.349330] NET: Registered protocol family 44
[    0.349351] pci 0000:00:00.0: Limiting direct PCI/PCI transfers
[    0.349363] pci 0000:00:01.0: Activating ISA DMA hang workarounds
[    0.349420] pci 0000:00:02.0: Video device with shadowed ROM at [mem 0x000c0000-0x000dffff]
[    0.349486] PCI: CLS 0 bytes, default 64
[    0.349535] Trying to unpack rootfs image as initramfs...
[    0.523518] Freeing initrd memory: 47868K
[    0.523518] clocksource: tsc: mask: 0xffffffffffffffff max_cycles: 0x1e4530a99b6, max_idle_ns: 440795257976 ns
[    0.523518] clocksource: Switched to clocksource tsc
[    0.523518] platform rtc_cmos: registered platform RTC device (no PNP device found)
[    0.523518] check: Scanning for low memory corruption every 60 seconds
[    0.523518] Initialise system trusted keyrings
[    0.523518] Key type blacklist registered
[    0.523518] workingset: timestamp_bits=36 max_order=19 bucket_order=0
[    0.523518] zbud: loaded
[    0.523518] squashfs: version 4.0 (2009/01/31) Phillip Lougher
[    0.523518] fuse: init (API version 7.31)
[    0.523518] *** VALIDATE fuse ***
[    0.523518] *** VALIDATE fuse ***
[    0.523518] Platform Keyring initialized
[    0.523518] Key type asymmetric registered
[    0.523518] Asymmetric key parser 'x509' registered
[    0.523518] Block layer SCSI generic (bsg) driver version 0.4 loaded (major 244)
[    0.523518] io scheduler mq-deadline registered
[    0.523518] shpchp: Standard Hot Plug PCI Controller Driver version: 0.4
[    0.534476] ACPI: AC Adapter [AC] (on-line)
[    0.534524] input: Power Button as /devices/LNXSYSTM:00/LNXPWRBN:00/input/input0
[    0.534552] ACPI: Power Button [PWRF]
[    0.534642] input: Sleep Button as /devices/LNXSYSTM:00/LNXSLPBN:00/input/input1
[    0.534656] ACPI: Sleep Button [SLPF]
[    0.534914] Serial: 8250/16550 driver, 32 ports, IRQ sharing enabled
[    0.536111] Linux agpgart interface v0.103
[    0.631066] loop: module loaded
[    0.631217] ata_piix 0000:00:01.1: version 2.13
[    0.631622] scsi host0: ata_piix
[    0.631710] scsi host1: ata_piix
[    0.631737] ata1: PATA max UDMA/33 cmd 0x1f0 ctl 0x3f6 bmdma 0xd000 irq 14
[    0.631737] ata2: PATA max UDMA/33 cmd 0x170 ctl 0x376 bmdma 0xd008 irq 15
[    0.631820] tun: Universal TUN/TAP device driver, 1.6
[    0.632125] PPP generic driver version 2.4.2
[    0.632167] VFIO - User Level meta-driver version: 0.3
[    0.632399] ehci_hcd: USB 2.0 'Enhanced' Host Controller (EHCI) Driver
[    0.632404] ehci-pci: EHCI PCI platform driver
[    0.632419] ehci-platform: EHCI generic platform driver
[    0.632424] ohci_hcd: USB 1.1 'Open' Host Controller (OHCI) Driver
[    0.632426] ohci-pci: OHCI PCI platform driver
[    0.632433] ohci-platform: OHCI generic platform driver
[    0.632437] uhci_hcd: USB Universal Host Controller Interface driver
[    0.632503] i8042: PNP: PS/2 Controller [PNP0303:PS2K,PNP0f03:PS2M] at 0x60,0x64 irq 1,12
[    0.632951] serio: i8042 KBD port at 0x60,0x64 irq 1
[    0.632955] serio: i8042 AUX port at 0x60,0x64 irq 12
[    0.633044] mousedev: PS/2 mouse device common for all mice
[    0.633302] input: AT Translated Set 2 keyboard as /devices/platform/i8042/serio0/input/input2
[    0.633725] rtc_cmos rtc_cmos: registered as rtc0
[    0.633739] rtc_cmos rtc_cmos: alarms up to one day, 114 bytes nvram
[    0.633744] i2c /dev entries driver
[    0.633790] device-mapper: uevent: version 1.0.3
[    0.633834] device-mapper: ioctl: 4.41.0-ioctl (2019-09-16) initialised: dm-devel@redhat.com
[    0.633850] platform eisa.0: Probing EISA bus 0
[    0.633852] platform eisa.0: EISA: Cannot allocate resource for mainboard
[    0.633853] platform eisa.0: Cannot allocate resource for EISA slot 1
[    0.633854] platform eisa.0: Cannot allocate resource for EISA slot 2
[    0.633855] platform eisa.0: Cannot allocate resource for EISA slot 3
[    0.633856] platform eisa.0: Cannot allocate resource for EISA slot 4
[    0.633857] platform eisa.0: Cannot allocate resource for EISA slot 5
[    0.633858] platform eisa.0: Cannot allocate resource for EISA slot 6
[    0.633859] platform eisa.0: Cannot allocate resource for EISA slot 7
[    0.633859] platform eisa.0: Cannot allocate resource for EISA slot 8
[    0.633860] platform eisa.0: EISA: Detected 0 cards
[    0.633864] intel_pstate: CPU model not supported
[    0.633874] ledtrig-cpu: registered to indicate activity on CPUs
[    0.633924] drop_monitor: Initializing network drop monitor service
[    0.634084] NET: Registered protocol family 10
[    0.639189] Segment Routing with IPv6
[    0.639189] fullmesh registered
[    0.639189] ndiffports registered
[    0.639189] binder registered
[    0.639189] roundrobin registered
[    0.639189] redundant registered
[    0.639189] blest registered
[    0.639189] ecf registered
[    0.639189] NET: Registered protocol family 17
[    0.639189] Key type dns_resolver registered
[    0.639189] RAS: Correctable Errors collector initialized.
[    0.639189] IPI shorthand broadcast: enabled
[    0.639189] sched_clock: Marking stable (624166362, 11022707)->(637356577, -2167508)
[    0.639500] registered taskstats version 1
[    0.639508] Loading compiled-in X.509 certificates
[    0.640098] Loaded X.509 cert 'Build time autogenerated kernel key: 6909f3744cebb3d0de528d5887b96a727de79b1e'
[    0.640117] zswap: loaded using pool lzo/zbud
[    0.640169] Key type ._fscrypt registered
[    0.640170] Key type .fscrypt registered
[    0.644668] Key type big_key registered
[    0.646995] Key type encrypted registered
[    0.646997] AppArmor: AppArmor sha1 policy hashing enabled
[    0.647005] ima: No TPM chip found, activating TPM-bypass!
[    0.647009] ima: Allocated hash algorithm: sha1
[    0.647014] ima: No architecture policies found
[    0.647024] evm: Initialising EVM extended attributes:
[    0.647024] evm: security.selinux
[    0.647025] evm: security.SMACK64
[    0.647025] evm: security.SMACK64EXEC
[    0.647026] evm: security.SMACK64TRANSMUTE
[    0.647026] evm: security.SMACK64MMAP
[    0.647027] evm: security.apparmor
[    0.647027] evm: security.ima
[    0.647028] evm: security.capability
[    0.647028] evm: HMAC attrs: 0x1
[    0.647381] PM:   Magic number: 10:576:550
[    0.647392] tty ttyS26: hash matches
[    0.647412] acpi PNP0C0F:01: hash matches
[    0.647626] rtc_cmos rtc_cmos: setting system clock to 2026-01-12T21:31:32 UTC (1768253492)
[    0.804278] ata1.00: ATA-6: VBOX HARDDISK, 1.0, max UDMA/133
[    0.804282] ata1.00: 209715200 sectors, multi 128: LBA 
[    0.804952] scsi 0:0:0:0: Direct-Access     ATA      VBOX HARDDISK    1.0  PQ: 0 ANSI: 5
[    0.805251] sd 0:0:0:0: [sda] 209715200 512-byte logical blocks: (107 GB/100 GiB)
[    0.805264] sd 0:0:0:0: [sda] Write Protect is off
[    0.805267] sd 0:0:0:0: [sda] Mode Sense: 00 3a 00 00
[    0.805287] sd 0:0:0:0: [sda] Write cache: enabled, read cache: enabled, doesn't support DPO or FUA
[    0.805610] sd 0:0:0:0: Attached scsi generic sg0 type 0
[    0.806341]  sda: sda1 sda2
[    0.815470] sd 0:0:0:0: [sda] Attached SCSI disk
[    0.820729] Freeing unused decrypted memory: 2040K
[    0.822082] Freeing unused kernel image memory: 2728K
[    0.822086] Write protecting the kernel read-only data: 22528k
[    0.823602] Freeing unused kernel image memory: 2036K
[    0.824387] Freeing unused kernel image memory: 1432K
[    0.860198] x86/mm: Checked W+X mappings: passed, no W+X pages found.
[    0.860205] Run /init as init process
[    0.969626] ACPI: Video Device [GFX0] (multi-head: yes  rom: no  post: no)
[    0.969700] input: Video Bus as /devices/LNXSYSTM:00/LNXSYBUS:00/PNP0A03:00/LNXVIDEO:00/input/input4
[    0.982449] pcnet32: pcnet32.c:v1.35 21.Apr.2008 tsbogend@alpha.franken.de
[    0.983405] pcnet32: PCnet/FAST III 79C973 at 0xd020, 08:00:27:8d:e0:f4 assigned IRQ 19
[    0.983448] pcnet32: Found PHY 0022:561b at address 0
[    0.983748] pcnet32: eth0: registered as PCnet/FAST III 79C973
[    0.984301] pcnet32: 1 cards_found
[    0.985675] piix4_smbus 0000:00:07.0: SMBus Host Controller at 0x4100, revision 0
[    0.989275] e1000: Intel(R) PRO/1000 Network Driver - version 7.3.21-k8-NAPI
[    0.989276] e1000: Copyright (c) 1999-2006 Intel Corporation.
[    1.056952] pcnet32 0000:00:03.0 enp0s3: renamed from eth0
[    1.202192] input: ImExPS/2 Generic Explorer Mouse as /devices/platform/i8042/serio1/input/input5
[    1.403460] e1000 0000:00:08.0 eth0: (PCI:33MHz:32-bit) 08:00:27:be:2b:5a
[    1.403465] e1000 0000:00:08.0 eth0: Intel(R) PRO/1000 Network Connection
[    1.783426] e1000 0000:00:09.0 eth1: (PCI:33MHz:32-bit) 08:00:27:eb:56:c0
[    1.783429] e1000 0000:00:09.0 eth1: Intel(R) PRO/1000 Network Connection
[    1.784587] e1000 0000:00:09.0 enp0s9: renamed from eth1
[    1.786372] e1000 0000:00:08.0 enp0s8: renamed from eth0
[    1.953429] EXT4-fs (sda2): mounted filesystem with ordered data mode. Opts: (null)
[    2.045790] systemd[1]: Inserted module 'autofs4'
[    2.057009] systemd[1]: systemd 245.4-4ubuntu3 running in system mode. (+PAM +AUDIT +SELINUX +IMA +APPARMOR +SMACK +SYSVINIT +UTMP +LIBCRYPTSETUP +GCRYPT +GNUTLS +ACL +XZ +LZ4 +SECCOMP +BLKID +ELFUTILS +KMOD +IDN2 -IDN +PCRE2 default-hierarchy=hybrid)
[    2.057039] systemd[1]: Detected virtualization oracle.
[    2.057043] systemd[1]: Detected architecture x86-64.
[    2.058316] systemd[1]: Set hostname to <ztg>.
[    2.185944] systemd[1]: /lib/systemd/system/dbus.socket:5: ListenStream= references a path below legacy directory /var/run/, updating /var/run/dbus/system_bus_socket â†’ /run/dbus/system_bus_socket; please update the unit file accordingly.
[    2.238723] systemd[1]: Created slice system-modprobe.slice.
[    2.238906] systemd[1]: Created slice User and Session Slice.
[    2.238951] systemd[1]: Started Forward Password Requests to Wall Directory Watch.
[    2.239181] systemd[1]: Set up automount Arbitrary Executable File Formats File System Automount Point.
[    2.239221] systemd[1]: Reached target User and Group Name Lookups.
[    2.239229] systemd[1]: Reached target Remote File Systems.
[    2.239237] systemd[1]: Reached target Slices.
[    2.239797] systemd[1]: Listening on Syslog Socket.
[    2.239865] systemd[1]: Listening on fsck to fsckd communication Socket.
[    2.239901] systemd[1]: Listening on initctl Compatibility Named Pipe.
[    2.240035] systemd[1]: Listening on Journal Audit Socket.
[    2.240089] systemd[1]: Listening on Journal Socket (/dev/log).
[    2.240157] systemd[1]: Listening on Journal Socket.
[    2.240220] systemd[1]: Listening on udev Control Socket.
[    2.240258] systemd[1]: Listening on udev Kernel Socket.
[    2.240999] systemd[1]: Mounting Huge Pages File System...
[    2.241914] systemd[1]: Mounting POSIX Message Queue File System...
[    2.242789] systemd[1]: Mounting Kernel Debug File System...
[    2.243699] systemd[1]: Mounting Kernel Trace File System...
[    2.245593] systemd[1]: Starting Journal Service...
[    2.269859] systemd[1]: Starting Set the console keyboard layout...
[    2.277733] systemd[1]: Starting Create list of static device nodes for the current kernel...
[    2.279786] systemd[1]: Starting Load Kernel Module drm...
[    2.280899] systemd[1]: Condition check resulted in Set Up Additional Binary Formats being skipped.
[    2.280945] systemd[1]: Condition check resulted in File System Check on Root Device being skipped.
[    2.294017] systemd[1]: Starting Load Kernel Modules...
[    2.299295] systemd[1]: Starting Remount Root and Kernel File Systems...
[    2.307967] systemd[1]: Starting udev Coldplug all Devices...
[    2.318430] systemd[1]: Starting Uncomplicated firewall...
[    2.325343] systemd[1]: Mounted Huge Pages File System.
[    2.325437] systemd[1]: Mounted POSIX Message Queue File System.
[    2.325516] systemd[1]: Mounted Kernel Debug File System.
[    2.325584] systemd[1]: Mounted Kernel Trace File System.
[    2.326759] EXT4-fs (sda2): re-mounted. Opts: errors=remount-ro
[    2.328747] systemd[1]: Finished Create list of static device nodes for the current kernel.
[    2.329828] systemd[1]: modprobe@drm.service: Succeeded.
[    2.344495] systemd[1]: Finished Load Kernel Module drm.
[    2.344873] systemd[1]: Finished Remount Root and Kernel File Systems.
[    2.346822] lp: driver loaded but no devices found
[    2.348362] systemd[1]: Finished Uncomplicated firewall.
[    2.381181] systemd[1]: Condition check resulted in Rebuild Hardware Database being skipped.
[    2.381226] systemd[1]: Condition check resulted in Platform Persistent Storage Archival being skipped.
[    2.381913] systemd[1]: Starting Load/Save Random Seed...
[    2.383976] ppdev: user-space parallel port driver
[    2.392855] systemd[1]: Starting Create System Users...
[    2.418868] systemd[1]: Finished Load/Save Random Seed.
[    2.424318] systemd[1]: Finished Create System Users.
[    2.425088] systemd[1]: Starting Create Static Device Nodes in /dev...
[    2.439293] systemd[1]: Finished udev Coldplug all Devices.
[    2.456136] systemd[1]: Finished Create Static Device Nodes in /dev.
[    2.456971] systemd[1]: Starting udev Kernel Device Manager...
[    2.497965] [drm] DMA map mode: Caching DMA mappings.
[    2.498028] [drm] Capabilities:
[    2.498028] [drm]   Rect copy.
[    2.498028] [drm]   Cursor.
[    2.498029] [drm]   Cursor bypass.
[    2.498029] [drm]   Cursor bypass 2.
[    2.498029] [drm]   Alpha cursor.
[    2.498030] [drm]   Extended Fifo.
[    2.498030] [drm]   Pitchlock.
[    2.498030] [drm]   Irq mask.
[    2.498031] [drm]   GMR.
[    2.498031] [drm]   Traces.
[    2.498031] [drm]   GMR2.
[    2.498032] [drm]   Screen Object 2.
[    2.498032] [drm]   Command Buffers.
[    2.498032] [drm]   Command Buffers 2.
[    2.498033] [drm]   Guest Backed Resources.
[    2.498034] [drm] Max GMR ids is 8192
[    2.498034] [drm] Max number of GMR pages is 1048576
[    2.498035] [drm] Max dedicated hypervisor surface memory is 393216 kiB
[    2.498035] [drm] Maximum display memory size is 131072 kiB
[    2.498036] [drm] VRAM at 0xe0000000 size is 131072 kiB
[    2.498037] [drm] MMIO at 0xf0000000 size is 2048 kiB
[    2.498608] [TTM] Zone  kernel: Available graphics memory: 1011738 KiB
[    2.498608] [TTM] Initializing pool allocator
[    2.498612] [TTM] Initializing DMA pool allocator
[    2.498642] [drm] Supports vblank timestamp caching Rev 2 (21.10.2013).
[    2.498643] [drm] No driver support for vblank timestamp query.
[    2.498923] [drm] Screen Target Display device initialized
[    2.499182] [drm] width 720
[    2.499192] [drm] height 400
[    2.499195] [drm] bpp 32
[    2.499735] [drm] Fifo max 0x00200000 min 0x00001000 cap 0x00000355
[    2.500827] [drm] Using command buffers with DMA pool.
[    2.500831] [drm] DX: no.
[    2.500832] [drm] Atomic: yes.
[    2.500832] [drm] SM4_1: no.
[    2.500852] [drm:vmw_host_log [vmwgfx]] *ERROR* Failed to send host log message.
[    2.501747] [drm:vmw_host_log [vmwgfx]] *ERROR* Failed to send host log message.
[    2.512857] fbcon: svgadrmfb (fb0) is primary device
[    2.514976] Console: switching to colour frame buffer device 100x37
[    2.519693] [drm] Initialized vmwgfx 2.15.0 20180704 for 0000:00:02.0 on minor 0
[    2.520680] systemd[1]: Finished Load Kernel Modules.
[    2.521605] systemd[1]: Mounting FUSE Control File System...
[    2.522788] systemd[1]: Mounting Kernel Configuration File System...
[    2.528338] systemd[1]: Starting Apply Kernel Variables...
[    2.540044] systemd[1]: Mounted FUSE Control File System.
[    2.540113] systemd[1]: Condition check resulted in VMware vmblock fuse mount being skipped.
[    2.543371] systemd[1]: Mounted Kernel Configuration File System.
[    2.562982] systemd[1]: Finished Set the console keyboard layout.
[    2.563151] systemd[1]: Reached target Local File Systems (Pre).
[    2.565532] systemd[1]: Mounting Mount unit for bare, revision 5...
[    2.567557] systemd[1]: Mounting Mount unit for core18, revision 1705...
[    2.573486] systemd[1]: Mounting Mount unit for gnome-3-34-1804, revision 24...
[    2.587215] systemd[1]: Mounting Mount unit for gtk-common-themes, revision 1506...
[    2.600149] systemd[1]: Mounting Mount unit for gtk-common-themes, revision 1535...
[    2.619467] systemd[1]: Mounting Mount unit for snap-store, revision 433...
[    2.627881] systemd[1]: Mounting Mount unit for snapd, revision 25935...
[    2.632086] systemd[1]: Finished Apply Kernel Variables.
[    2.637700] systemd[1]: Mounted Mount unit for bare, revision 5.
[    2.641500] systemd[1]: Mounted Mount unit for gnome-3-34-1804, revision 24.
[    2.657250] systemd[1]: Mounted Mount unit for core18, revision 1705.
[    2.657338] systemd[1]: Mounted Mount unit for gtk-common-themes, revision 1535.
[    2.671864] systemd[1]: Started udev Kernel Device Manager.
[    2.673929] systemd[1]: Starting Show Plymouth Boot Screen...
[    2.681191] systemd[1]: Received SIGRTMIN+20 from PID 274 (plymouthd).
[    2.701644] systemd[1]: Mounted Mount unit for gtk-common-themes, revision 1506.
[    2.701883] systemd[1]: Mounted Mount unit for snap-store, revision 433.
[    2.702061] systemd[1]: Mounted Mount unit for snapd, revision 25935.
[    2.702240] systemd[1]: Started Show Plymouth Boot Screen.
[    2.702431] systemd[1]: Condition check resulted in Dispatch Password Requests to Console Directory Watch being skipped.
[    2.702548] systemd[1]: Started Forward Password Requests to Plymouth Directory Watch.
[    2.702622] systemd[1]: Reached target Local Encrypted Volumes.
[    2.702678] systemd[1]: Reached target Local File Systems.
[    2.705024] systemd[1]: Starting Load AppArmor profiles...
[    2.705872] systemd[1]: Starting Set console font and keymap...
[    2.718828] systemd[1]: Starting Tell Plymouth To Write Out Runtime Data...
[    2.720436] systemd[1]: Condition check resulted in Store a System Token in an EFI Variable being skipped.
[    2.720507] systemd[1]: Condition check resulted in Commit a transient machine-id on disk being skipped.
[    2.724456] systemd[1]: Finished Set console font and keymap.
[    2.732271] systemd[1]: Received SIGRTMIN+20 from PID 274 (plymouthd).
[    2.733942] systemd[1]: plymouth-read-write.service: Succeeded.
[    2.734171] systemd[1]: Finished Tell Plymouth To Write Out Runtime Data.
[    2.760963] audit: type=1400 audit(1768253494.608:2): apparmor="STATUS" operation="profile_load" profile="unconfined" name="nvidia_modprobe" pid=301 comm="apparmor_parser"
[    2.760966] audit: type=1400 audit(1768253494.608:3): apparmor="STATUS" operation="profile_load" profile="unconfined" name="nvidia_modprobe//kmod" pid=301 comm="apparmor_parser"
[    2.768179] audit: type=1400 audit(1768253494.616:4): apparmor="STATUS" operation="profile_load" profile="unconfined" name="/usr/sbin/tcpdump" pid=302 comm="apparmor_parser"
[    2.798635] audit: type=1400 audit(1768253494.640:5): apparmor="STATUS" operation="profile_load" profile="unconfined" name="/usr/bin/evince" pid=304 comm="apparmor_parser"
[    2.798637] audit: type=1400 audit(1768253494.640:6): apparmor="STATUS" operation="profile_load" profile="unconfined" name="/usr/bin/evince//sanitized_helper" pid=304 comm="apparmor_parser"
[    2.798639] audit: type=1400 audit(1768253494.640:7): apparmor="STATUS" operation="profile_load" profile="unconfined" name="/usr/bin/evince-previewer" pid=304 comm="apparmor_parser"
[    2.798640] audit: type=1400 audit(1768253494.640:8): apparmor="STATUS" operation="profile_load" profile="unconfined" name="/usr/bin/evince-previewer//sanitized_helper" pid=304 comm="apparmor_parser"
[    2.798642] audit: type=1400 audit(1768253494.640:9): apparmor="STATUS" operation="profile_load" profile="unconfined" name="/usr/bin/evince-thumbnailer" pid=304 comm="apparmor_parser"
[    2.829958] audit: type=1400 audit(1768253494.676:10): apparmor="STATUS" operation="profile_load" profile="unconfined" name="/usr/lib/cups/backend/cups-pdf" pid=305 comm="apparmor_parser"
[    2.906567] systemd[1]: Finished Load AppArmor profiles.
[    2.907589] systemd[1]: Starting Load AppArmor profiles managed internally by snapd...
[    3.024310] systemd[1]: Finished Load AppArmor profiles managed internally by snapd.
[    3.254710] systemd[1]: Started Journal Service.
[    3.262730] systemd-journald[229]: Received client request to flush runtime journal.
[    3.267274] systemd-journald[229]: File /var/log/journal/c455b248004a419c87ce85eea238d727/system.journal corrupted or uncleanly shut down, renaming and replacing.
[    4.506541] RAPL PMU: API unit is 2^-32 Joules, 0 fixed counters, 10737418240 ms ovfl timer
[    4.535920] cryptd: max_cpu_qlen set to 1000
[    4.603249] AVX2 version of gcm_enc/dec engaged.
[    4.603250] AES CTR mode by8 optimization enabled
[    6.425195] Adding 1998844k swap on /dev/sda1.  Priority:-2 extents:1 across:1998844k FS
[    7.198219] kauditd_printk_skb: 30 callbacks suppressed
[    7.198220] audit: type=1400 audit(1768253499.044:41): apparmor="DENIED" operation="capable" profile="/usr/sbin/cups-browsed" pid=509 comm="cups-browsed" capability=23  capname="sys_nice"
[    8.739691] pcnet32 0000:00:03.0 enp0s3: link up, 100Mbps, full-duplex
[    8.783153] e1000: enp0s8 NIC Link is Up 1000 Mbps Full Duplex, Flow Control: RX
[    8.783437] IPv6: ADDRCONF(NETDEV_CHANGE): enp0s8: link becomes ready
[    8.801469] e1000: enp0s9 NIC Link is Up 1000 Mbps Full Duplex, Flow Control: RX
[    8.801752] IPv6: ADDRCONF(NETDEV_CHANGE): enp0s9: link becomes ready
[    9.458838] device enp0s3 entered promiscuous mode
[    9.484798] audit: type=1400 audit(1768253501.332:42): apparmor="DENIED" operation="open" profile="/usr/sbin/tcpdump" name="/proc/sys/kernel/random/boot_id" pid=625 comm="tcpdump" requested_mask="r" denied_mask="r" fsuid=0 ouid=0
[    9.485006] audit: type=1400 audit(1768253501.332:43): apparmor="DENIED" operation="open" profile="/usr/sbin/tcpdump" name="/proc/sys/kernel/random/boot_id" pid=625 comm="tcpdump" requested_mask="r" denied_mask="r" fsuid=0 ouid=0
[    9.485115] audit: type=1400 audit(1768253501.332:44): apparmor="DENIED" operation="open" profile="/usr/sbin/tcpdump" name="/proc/sys/kernel/random/boot_id" pid=625 comm="tcpdump" requested_mask="r" denied_mask="r" fsuid=0 ouid=0
[    9.485170] audit: type=1400 audit(1768253501.332:45): apparmor="DENIED" operation="open" profile="/usr/sbin/tcpdump" name="/proc/sys/kernel/random/boot_id" pid=625 comm="tcpdump" requested_mask="r" denied_mask="r" fsuid=0 ouid=0
[    9.492053] audit: type=1400 audit(1768253501.340:46): apparmor="DENIED" operation="open" profile="/usr/sbin/tcpdump" name="/proc/sys/kernel/random/boot_id" pid=626 comm="tcpdump" requested_mask="r" denied_mask="r" fsuid=0 ouid=0
[    9.492267] audit: type=1400 audit(1768253501.340:47): apparmor="DENIED" operation="open" profile="/usr/sbin/tcpdump" name="/proc/sys/kernel/random/boot_id" pid=626 comm="tcpdump" requested_mask="r" denied_mask="r" fsuid=0 ouid=0
[    9.492307] audit: type=1400 audit(1768253501.340:48): apparmor="DENIED" operation="open" profile="/usr/sbin/tcpdump" name="/proc/sys/kernel/random/boot_id" pid=626 comm="tcpdump" requested_mask="r" denied_mask="r" fsuid=0 ouid=0
[    9.492361] audit: type=1400 audit(1768253501.340:49): apparmor="DENIED" operation="open" profile="/usr/sbin/tcpdump" name="/proc/sys/kernel/random/boot_id" pid=626 comm="tcpdump" requested_mask="r" denied_mask="r" fsuid=0 ouid=0
[   15.333558] rfkill: input handler disabled
[  118.717670] rfkill: input handler enabled
[  127.917962] rfkill: input handler disabled
[  236.495633] AAAAA-TCP_SEND: name:enp0s3: saddr:100932208: daddr:16783984: srtt_us:0: RTT:0: ssthresh:2147483647: cwnd:10: delivered:0: lost:0: retrans:0
[  236.896261] AAAAA-TCP_RECV: name:enp0s3: saddr:16783984: daddr:100932208: srtt_us:0: RTT:0: ssthresh:2147483647: cwnd:10: delivered:0: lost:0: retrans:0
[  236.896322] AAAAA-TCP_SEND: name:enp0s3: saddr:100932208: daddr:16783984: srtt_us:4635744: RTT:579468: ssthresh:2147483647: cwnd:10: delivered:1: lost:0: retrans:0
[  236.896455] AAAAA-TCP_SEND: name:enp0s3: saddr:100932208: daddr:16783984: srtt_us:4635744: RTT:579468: ssthresh:2147483647: cwnd:10: delivered:1: lost:0: retrans:0
[  237.410865] AAAAA-TCP_RECV: name:enp0s3: saddr:16783984: daddr:100932208: srtt_us:4635744: RTT:579468: ssthresh:2147483647: cwnd:10: delivered:1: lost:0: retrans:0
[  237.707497] AAAAA-TCP_RECV: name:enp0s3: saddr:16783984: daddr:100932208: srtt_us:4635744: RTT:579468: ssthresh:2147483647: cwnd:10: delivered:1: lost:0: retrans:0
[  237.707733] AAAAA-TCP_SEND: name:enp0s3: saddr:100932208: daddr:33561200: srtt_us:0: RTT:0: ssthresh:2147483647: cwnd:10: delivered:0: lost:0: retrans:0
[  237.736995] AAAAA-TCP_RECV: name:enp0s3: saddr:16783984: daddr:100932208: srtt_us:4867337: RTT:608417: ssthresh:2147483647: cwnd:10: delivered:2: lost:0: retrans:0
[  237.737025] AAAAA-TCP_SEND: name:enp0s3: saddr:100932208: daddr:16783984: srtt_us:4867337: RTT:608417: ssthresh:2147483647: cwnd:10: delivered:2: lost:0: retrans:0
[  237.737193] AAAAA-TCP_SEND: name:enp0s3: saddr:100932208: daddr:16783984: srtt_us:4867337: RTT:608417: ssthresh:2147483647: cwnd:10: delivered:2: lost:0: retrans:0
[  238.149917] AAAAA-TCP_RECV: name:enp0s3: saddr:33561200: daddr:100932208: srtt_us:0: RTT:0: ssthresh:2147483647: cwnd:10: delivered:0: lost:0: retrans:0
[  238.149949] AAAAA-TCP_SEND: name:enp0s3: saddr:100932208: daddr:33561200: srtt_us:3537552: RTT:442194: ssthresh:2147483647: cwnd:10: delivered:1: lost:0: retrans:0
[  238.419110] AAAAA-TCP_RECV: name:enp0s3: saddr:16783984: daddr:100932208: srtt_us:4867337: RTT:608417: ssthresh:2147483647: cwnd:10: delivered:2: lost:0: retrans:0
[  238.419149] AAAAA-TCP_SEND: name:enp0s3: saddr:100932208: daddr:16783984: srtt_us:4867337: RTT:608417: ssthresh:2147483647: cwnd:10: delivered:2: lost:0: retrans:0
[  238.577853] AAAAA-TCP_RECV: name:enp0s3: saddr:33561200: daddr:100932208: srtt_us:3537552: RTT:442194: ssthresh:2147483647: cwnd:10: delivered:1: lost:0: retrans:0
[  238.697043] AAAAA-TCP_RECV: name:enp0s3: saddr:16783984: daddr:100932208: srtt_us:4940873: RTT:617609: ssthresh:2147483647: cwnd:10: delivered:3: lost:0: retrans:0
[  238.788654] AAAAA-TCP_RECV: name:enp0s3: saddr:33561200: daddr:100932208: srtt_us:3537552: RTT:442194: ssthresh:2147483647: cwnd:10: delivered:1: lost:0: retrans:0
[  238.788688] AAAAA-TCP_SEND: name:enp0s3: saddr:100932208: daddr:33561200: srtt_us:3537552: RTT:442194: ssthresh:2147483647: cwnd:10: delivered:1: lost:0: retrans:0
[  238.789657] AAAAA-TCP_SEND: name:enp0s3: saddr:100932208: daddr:16783984: srtt_us:0: RTT:0: ssthresh:2147483647: cwnd:10: delivered:0: lost:0: retrans:0
[  239.070702] AAAAA-TCP_RECV: name:enp0s3: saddr:16783984: daddr:100932208: srtt_us:0: RTT:0: ssthresh:2147483647: cwnd:10: delivered:0: lost:0: retrans:0
[  239.070744] AAAAA-TCP_SEND: name:enp0s3: saddr:100932208: daddr:16783984: srtt_us:2248528: RTT:281066: ssthresh:2147483647: cwnd:10: delivered:1: lost:0: retrans:0
[  239.070878] AAAAA-TCP_SEND: name:enp0s3: saddr:100932208: daddr:16783984: srtt_us:2248528: RTT:281066: ssthresh:2147483647: cwnd:10: delivered:1: lost:0: retrans:0
[  239.230450] AAAAA-TCP_RECV: name:enp0s3: saddr:16783984: daddr:100932208: srtt_us:2248528: RTT:281066: ssthresh:2147483647: cwnd:10: delivered:1: lost:0: retrans:0
[  239.395992] AAAAA-TCP_RECV: name:enp0s3: saddr:16783984: daddr:100932208: srtt_us:2248528: RTT:281066: ssthresh:2147483647: cwnd:10: delivered:1: lost:0: retrans:0
[  239.396050] AAAAA-TCP_SEND: name:enp0s3: saddr:100932208: daddr:33561200: srtt_us:0: RTT:0: ssthresh:2147483647: cwnd:10: delivered:0: lost:0: retrans:0
[  239.500059] AAAAA-TCP_RECV: name:enp0s3: saddr:33561200: daddr:100932208: srtt_us:3537552: RTT:442194: ssthresh:2147483647: cwnd:10: delivered:1: lost:0: retrans:0
[  239.500072] AAAAA-TCP_SEND: name:enp0s3: saddr:100932208: daddr:33561200: srtt_us:3537552: RTT:442194: ssthresh:2147483647: cwnd:10: delivered:1: lost:0: retrans:0
[  239.619292] AAAAA-TCP_RECV: name:enp0s3: saddr:33561200: daddr:100932208: srtt_us:0: RTT:0: ssthresh:2147483647: cwnd:10: delivered:0: lost:0: retrans:0
[  239.619312] AAAAA-TCP_SEND: name:enp0s3: saddr:100932208: daddr:33561200: srtt_us:1785992: RTT:223249: ssthresh:2147483647: cwnd:10: delivered:1: lost:0: retrans:0
[  239.763868] AAAAA-TCP_RECV: name:enp0s3: saddr:33561200: daddr:100932208: srtt_us:3537552: RTT:442194: ssthresh:2147483647: cwnd:10: delivered:1: lost:0: retrans:0
[  239.763879] AAAAA-TCP_SEND: name:enp0s3: saddr:100932208: daddr:33561200: srtt_us:3537552: RTT:442194: ssthresh:2147483647: cwnd:10: delivered:1: lost:0: retrans:0
[  239.764015] AAAAA-TCP_SEND: name:enp0s3: saddr:100932208: daddr:16783984: srtt_us:2292581: RTT:286572: ssthresh:2147483647: cwnd:10: delivered:2: lost:0: retrans:0
[  239.764036] AAAAA-TCP_SEND: name:enp0s3: saddr:100932208: daddr:16783984: srtt_us:2292581: RTT:286572: ssthresh:2147483647: cwnd:10: delivered:2: lost:0: retrans:0
[  239.764120] AAAAA-TCP_SEND: name:enp0s3: saddr:100932208: daddr:16783984: srtt_us:2292581: RTT:286572: ssthresh:2147483647: cwnd:10: delivered:2: lost:0: retrans:0
[  239.764138] AAAAA-TCP_SEND: name:enp0s3: saddr:100932208: daddr:16783984: srtt_us:2292581: RTT:286572: ssthresh:2147483647: cwnd:10: delivered:2: lost:0: retrans:0
[  239.764195] AAAAA-TCP_SEND: name:enp0s3: saddr:100932208: daddr:16783984: srtt_us:2292581: RTT:286572: ssthresh:2147483647: cwnd:10: delivered:2: lost:0: retrans:0
[  239.764212] AAAAA-TCP_SEND: name:enp0s3: saddr:100932208: daddr:16783984: srtt_us:2292581: RTT:286572: ssthresh:2147483647: cwnd:10: delivered:2: lost:0: retrans:0
[  239.764271] AAAAA-TCP_SEND: name:enp0s3: saddr:100932208: daddr:16783984: srtt_us:2292581: RTT:286572: ssthresh:2147483647: cwnd:10: delivered:2: lost:0: retrans:0
[  239.764292] AAAAA-TCP_SEND: name:enp0s3: saddr:100932208: daddr:16783984: srtt_us:2292581: RTT:286572: ssthresh:2147483647: cwnd:10: delivered:2: lost:0: retrans:0
[  239.764383] AAAAA-TCP_SEND: name:enp0s3: saddr:100932208: daddr:16783984: srtt_us:2292581: RTT:286572: ssthresh:2147483647: cwnd:10: delivered:2: lost:0: retrans:0
[  239.764399] AAAAA-TCP_SEND: name:enp0s3: saddr:100932208: daddr:16783984: srtt_us:2292581: RTT:286572: ssthresh:2147483647: cwnd:10: delivered:2: lost:0: retrans:0
[  240.105695] AAAAA-TCP_RECV: name:enp0s3: saddr:33561200: daddr:100932208: srtt_us:1785992: RTT:223249: ssthresh:2147483647: cwnd:10: delivered:1: lost:0: retrans:0
[  240.105739] AAAAA-TCP_SEND: name:enp0s3: saddr:100932208: daddr:33561200: srtt_us:1785992: RTT:223249: ssthresh:2147483647: cwnd:10: delivered:1: lost:0: retrans:0
[  240.105763] AAAAA-TCP_SEND: name:enp0s3: saddr:100932208: daddr:33561200: srtt_us:1785992: RTT:223249: ssthresh:2147483647: cwnd:10: delivered:1: lost:0: retrans:0
[  240.106826] AAAAA-TCP_SEND: name:enp0s3: saddr:100932208: daddr:33561200: srtt_us:1785992: RTT:223249: ssthresh:2147483647: cwnd:10: delivered:1: lost:0: retrans:0
[  240.106847] AAAAA-TCP_SEND: name:enp0s3: saddr:100932208: daddr:33561200: srtt_us:1785992: RTT:223249: ssthresh:2147483647: cwnd:10: delivered:1: lost:0: retrans:0
[  240.106944] AAAAA-TCP_SEND: name:enp0s3: saddr:100932208: daddr:33561200: srtt_us:1785992: RTT:223249: ssthresh:2147483647: cwnd:10: delivered:1: lost:0: retrans:0
[  240.106960] AAAAA-TCP_SEND: name:enp0s3: saddr:100932208: daddr:33561200: srtt_us:1785992: RTT:223249: ssthresh:2147483647: cwnd:10: delivered:1: lost:0: retrans:0
[  240.107076] AAAAA-TCP_SEND: name:enp0s3: saddr:100932208: daddr:33561200: srtt_us:1785992: RTT:223249: ssthresh:2147483647: cwnd:10: delivered:1: lost:0: retrans:0
[  240.107091] AAAAA-TCP_SEND: name:enp0s3: saddr:100932208: daddr:33561200: srtt_us:1785992: RTT:223249: ssthresh:2147483647: cwnd:10: delivered:1: lost:0: retrans:0
[  240.107174] AAAAA-TCP_SEND: name:enp0s3: saddr:100932208: daddr:33561200: srtt_us:1785992: RTT:223249: ssthresh:2147483647: cwnd:10: delivered:1: lost:0: retrans:0
[  240.107187] AAAAA-TCP_SEND: name:enp0s3: saddr:100932208: daddr:33561200: srtt_us:1785992: RTT:223249: ssthresh:2147483647: cwnd:10: delivered:1: lost:0: retrans:0
[  240.314752] AAAAA-TCP_RECV: name:enp0s3: saddr:16783984: daddr:100932208: srtt_us:2292581: RTT:286572: ssthresh:2147483647: cwnd:10: delivered:2: lost:0: retrans:0
[  240.314788] AAAAA-TCP_SEND: name:enp0s3: saddr:100932208: daddr:16783984: srtt_us:2556764: RTT:319595: ssthresh:2147483647: cwnd:11: delivered:3: lost:0: retrans:0
[  240.314816] AAAAA-TCP_SEND: name:enp0s3: saddr:100932208: daddr:16783984: srtt_us:2556764: RTT:319595: ssthresh:2147483647: cwnd:11: delivered:3: lost:0: retrans:0
[  240.507972] AAAAA-TCP_RECV: name:enp0s3: saddr:16783984: daddr:100932208: srtt_us:2556764: RTT:319595: ssthresh:2147483647: cwnd:11: delivered:3: lost:0: retrans:0
[  240.508006] AAAAA-TCP_SEND: name:enp0s3: saddr:100932208: daddr:16783984: srtt_us:2981121: RTT:372640: ssthresh:2147483647: cwnd:12: delivered:4: lost:0: retrans:0
[  240.508030] AAAAA-TCP_SEND: name:enp0s3: saddr:100932208: daddr:16783984: srtt_us:2981121: RTT:372640: ssthresh:2147483647: cwnd:12: delivered:4: lost:0: retrans:0
[  240.591061] AAAAA-TCP_SEND: name:enp0s3: saddr:100932208: daddr:33561200: srtt_us:1785992: RTT:223249: ssthresh:2147483647: cwnd:10: delivered:1: lost:0: retrans:1
[  240.999883] AAAAA-TCP_RECV: name:enp0s3: saddr:16783984: daddr:100932208: srtt_us:2981121: RTT:372640: ssthresh:2147483647: cwnd:12: delivered:4: lost:0: retrans:0
[  240.999928] AAAAA-TCP_SEND: name:enp0s3: saddr:100932208: daddr:16783984: srtt_us:3844261: RTT:480532: ssthresh:2147483647: cwnd:13: delivered:5: lost:0: retrans:0
[  240.999954] AAAAA-TCP_SEND: name:enp0s3: saddr:100932208: daddr:16783984: srtt_us:3844261: RTT:480532: ssthresh:2147483647: cwnd:13: delivered:5: lost:0: retrans:0
[  241.295065] AAAAA-TCP_SEND: name:enp0s3: saddr:100932208: daddr:33561200: srtt_us:1785992: RTT:223249: ssthresh:10: cwnd:1: delivered:1: lost:10: retrans:2
[  241.352743] AAAAA-TCP_RECV: name:enp0s3: saddr:16783984: daddr:100932208: srtt_us:3844261: RTT:480532: ssthresh:2147483647: cwnd:13: delivered:5: lost:0: retrans:0
[  241.352779] AAAAA-TCP_SEND: name:enp0s3: saddr:100932208: daddr:16783984: srtt_us:4952350: RTT:619043: ssthresh:2147483647: cwnd:14: delivered:6: lost:0: retrans:0
[  241.352802] AAAAA-TCP_SEND: name:enp0s3: saddr:100932208: daddr:16783984: srtt_us:4952350: RTT:619043: ssthresh:2147483647: cwnd:14: delivered:6: lost:0: retrans:0
[  241.609114] AAAAA-TCP_RECV: name:enp0s3: saddr:16783984: daddr:100932208: srtt_us:4952350: RTT:619043: ssthresh:2147483647: cwnd:14: delivered:6: lost:0: retrans:0
[  241.609154] AAAAA-TCP_SEND: name:enp0s3: saddr:100932208: daddr:16783984: srtt_us:6178244: RTT:772280: ssthresh:2147483647: cwnd:15: delivered:7: lost:0: retrans:0
[  241.609202] AAAAA-TCP_SEND: name:enp0s3: saddr:100932208: daddr:16783984: srtt_us:6178244: RTT:772280: ssthresh:2147483647: cwnd:15: delivered:7: lost:0: retrans:0
[  241.923621] AAAAA-TCP_RECV: name:enp0s3: saddr:16783984: daddr:100932208: srtt_us:6178244: RTT:772280: ssthresh:2147483647: cwnd:15: delivered:7: lost:0: retrans:0
[  241.923662] AAAAA-TCP_SEND: name:enp0s3: saddr:100932208: daddr:16783984: srtt_us:7565391: RTT:945673: ssthresh:2147483647: cwnd:16: delivered:8: lost:0: retrans:0
[  241.923689] AAAAA-TCP_SEND: name:enp0s3: saddr:100932208: daddr:16783984: srtt_us:7565391: RTT:945673: ssthresh:2147483647: cwnd:16: delivered:8: lost:0: retrans:0
[  242.045929] AAAAA-TCP_RECV: name:enp0s3: saddr:16783984: daddr:100932208: srtt_us:7565391: RTT:945673: ssthresh:2147483647: cwnd:16: delivered:8: lost:0: retrans:0
[  242.045964] AAAAA-TCP_SEND: name:enp0s3: saddr:100932208: daddr:16783984: srtt_us:8901390: RTT:1112673: ssthresh:2147483647: cwnd:17: delivered:9: lost:0: retrans:0
[  242.045989] AAAAA-TCP_SEND: name:enp0s3: saddr:100932208: daddr:16783984: srtt_us:8901390: RTT:1112673: ssthresh:2147483647: cwnd:17: delivered:9: lost:0: retrans:0
[  242.432994] AAAAA-TCP_RECV: name:enp0s3: saddr:16783984: daddr:100932208: srtt_us:8901390: RTT:1112673: ssthresh:2147483647: cwnd:17: delivered:9: lost:0: retrans:0
[  242.433042] AAAAA-TCP_SEND: name:enp0s3: saddr:100932208: daddr:16783984: srtt_us:10457440: RTT:1307180: ssthresh:2147483647: cwnd:18: delivered:10: lost:0: retrans:0
[  242.433088] AAAAA-TCP_SEND: name:enp0s3: saddr:100932208: daddr:16783984: srtt_us:10457440: RTT:1307180: ssthresh:2147483647: cwnd:18: delivered:10: lost:0: retrans:0
[  242.533235] AAAAA-TCP_RECV: name:enp0s3: saddr:16783984: daddr:100932208: srtt_us:10457440: RTT:1307180: ssthresh:2147483647: cwnd:18: delivered:10: lost:0: retrans:0
[  242.533271] AAAAA-TCP_SEND: name:enp0s3: saddr:100932208: daddr:16783984: srtt_us:11919129: RTT:1489891: ssthresh:2147483647: cwnd:19: delivered:11: lost:0: retrans:0
[  242.533295] AAAAA-TCP_SEND: name:enp0s3: saddr:100932208: daddr:16783984: srtt_us:11919129: RTT:1489891: ssthresh:2147483647: cwnd:19: delivered:11: lost:0: retrans:0
[  242.605606] AAAAA-TCP_RECV: name:enp0s3: saddr:16783984: daddr:100932208: srtt_us:11919129: RTT:1489891: ssthresh:2147483647: cwnd:19: delivered:11: lost:0: retrans:0
[  242.605637] AAAAA-TCP_SEND: name:enp0s3: saddr:100932208: daddr:16783984: srtt_us:13270460: RTT:1658807: ssthresh:2147483647: cwnd:20: delivered:12: lost:0: retrans:0
[  242.605660] AAAAA-TCP_SEND: name:enp0s3: saddr:100932208: daddr:16783984: srtt_us:13270460: RTT:1658807: ssthresh:2147483647: cwnd:20: delivered:12: lost:0: retrans:0
[  242.671059] AAAAA-TCP_SEND: name:enp0s3: saddr:100932208: daddr:33561200: srtt_us:1785992: RTT:223249: ssthresh:10: cwnd:1: delivered:1: lost:11: retrans:3
[  243.130058] AAAAA-TCP_RECV: name:enp0s3: saddr:33561200: daddr:100932208: srtt_us:1785992: RTT:223249: ssthresh:10: cwnd:1: delivered:1: lost:11: retrans:3
[  243.130103] AAAAA-TCP_SEND: name:enp0s3: saddr:100932208: daddr:33561200: srtt_us:4587743: RTT:573467: ssthresh:2147483647: cwnd:11: delivered:2: lost:11: retrans:3
[  243.130126] AAAAA-TCP_SEND: name:enp0s3: saddr:100932208: daddr:33561200: srtt_us:4587743: RTT:573467: ssthresh:2147483647: cwnd:11: delivered:2: lost:11: retrans:3
[  243.288132] AAAAA-TCP_RECV: name:enp0s3: saddr:33561200: daddr:100932208: srtt_us:4587743: RTT:573467: ssthresh:2147483647: cwnd:11: delivered:2: lost:11: retrans:3
[  243.288166] AAAAA-TCP_SEND: name:enp0s3: saddr:100932208: daddr:33561200: srtt_us:7196689: RTT:899586: ssthresh:2147483647: cwnd:12: delivered:3: lost:11: retrans:3
[  243.288211] AAAAA-TCP_SEND: name:enp0s3: saddr:100932208: daddr:33561200: srtt_us:7196689: RTT:899586: ssthresh:2147483647: cwnd:12: delivered:3: lost:11: retrans:3
[  243.436277] AAAAA-TCP_RECV: name:enp0s3: saddr:33561200: daddr:100932208: srtt_us:7196689: RTT:899586: ssthresh:2147483647: cwnd:12: delivered:3: lost:11: retrans:3
[  243.436309] AAAAA-TCP_SEND: name:enp0s3: saddr:100932208: daddr:33561200: srtt_us:9626572: RTT:1203321: ssthresh:2147483647: cwnd:13: delivered:4: lost:11: retrans:3
[  243.436330] AAAAA-TCP_SEND: name:enp0s3: saddr:100932208: daddr:33561200: srtt_us:9626572: RTT:1203321: ssthresh:2147483647: cwnd:13: delivered:4: lost:11: retrans:3
[  243.610678] AAAAA-TCP_RECV: name:enp0s3: saddr:33561200: daddr:100932208: srtt_us:9626572: RTT:1203321: ssthresh:2147483647: cwnd:13: delivered:4: lost:11: retrans:3
[  243.610719] AAAAA-TCP_SEND: name:enp0s3: saddr:100932208: daddr:33561200: srtt_us:11927124: RTT:1490890: ssthresh:2147483647: cwnd:14: delivered:5: lost:11: retrans:3
[  243.610747] AAAAA-TCP_SEND: name:enp0s3: saddr:100932208: daddr:33561200: srtt_us:11927124: RTT:1490890: ssthresh:2147483647: cwnd:14: delivered:5: lost:11: retrans:3
[  243.688669] AAAAA-TCP_RECV: name:enp0s3: saddr:33561200: daddr:100932208: srtt_us:11927124: RTT:1490890: ssthresh:2147483647: cwnd:14: delivered:5: lost:11: retrans:3
[  243.688708] AAAAA-TCP_SEND: name:enp0s3: saddr:100932208: daddr:33561200: srtt_us:14017978: RTT:1752247: ssthresh:2147483647: cwnd:15: delivered:6: lost:11: retrans:3
[  243.688738] AAAAA-TCP_SEND: name:enp0s3: saddr:100932208: daddr:33561200: srtt_us:14017978: RTT:1752247: ssthresh:2147483647: cwnd:15: delivered:6: lost:11: retrans:3
[  243.777685] AAAAA-TCP_RECV: name:enp0s3: saddr:33561200: daddr:100932208: srtt_us:14017978: RTT:1752247: ssthresh:2147483647: cwnd:15: delivered:6: lost:11: retrans:3
[  243.777719] AAAAA-TCP_SEND: name:enp0s3: saddr:100932208: daddr:33561200: srtt_us:15936490: RTT:1992061: ssthresh:2147483647: cwnd:16: delivered:7: lost:11: retrans:3
[  243.777743] AAAAA-TCP_SEND: name:enp0s3: saddr:100932208: daddr:33561200: srtt_us:15936490: RTT:1992061: ssthresh:2147483647: cwnd:16: delivered:7: lost:11: retrans:3
[  244.080181] AAAAA-TCP_RECV: name:enp0s3: saddr:33561200: daddr:100932208: srtt_us:15936490: RTT:1992061: ssthresh:2147483647: cwnd:16: delivered:7: lost:11: retrans:3
[  244.080216] AAAAA-TCP_SEND: name:enp0s3: saddr:100932208: daddr:33561200: srtt_us:17917550: RTT:2239693: ssthresh:2147483647: cwnd:17: delivered:8: lost:11: retrans:3
[  244.080241] AAAAA-TCP_SEND: name:enp0s3: saddr:100932208: daddr:33561200: srtt_us:17917550: RTT:2239693: ssthresh:2147483647: cwnd:17: delivered:8: lost:11: retrans:3
[  244.134323] AAAAA-TCP_RECV: name:enp0s3: saddr:33561200: daddr:100932208: srtt_us:17917550: RTT:2239693: ssthresh:2147483647: cwnd:17: delivered:8: lost:11: retrans:3
[  244.134356] AAAAA-TCP_SEND: name:enp0s3: saddr:100932208: daddr:33561200: srtt_us:19705120: RTT:2463140: ssthresh:2147483647: cwnd:18: delivered:9: lost:11: retrans:3
[  244.134379] AAAAA-TCP_SEND: name:enp0s3: saddr:100932208: daddr:33561200: srtt_us:19705120: RTT:2463140: ssthresh:2147483647: cwnd:18: delivered:9: lost:11: retrans:3
[  244.296537] AAAAA-TCP_RECV: name:enp0s3: saddr:33561200: daddr:100932208: srtt_us:19705120: RTT:2463140: ssthresh:2147483647: cwnd:18: delivered:9: lost:11: retrans:3
[  244.296569] AAAAA-TCP_SEND: name:enp0s3: saddr:100932208: daddr:33561200: srtt_us:21431359: RTT:2678919: ssthresh:2147483647: cwnd:19: delivered:10: lost:11: retrans:3
[  244.296592] AAAAA-TCP_SEND: name:enp0s3: saddr:100932208: daddr:33561200: srtt_us:21431359: RTT:2678919: ssthresh:2147483647: cwnd:19: delivered:10: lost:11: retrans:3
[  244.557181] AAAAA-TCP_RECV: name:enp0s3: saddr:33561200: daddr:100932208: srtt_us:21431359: RTT:2678919: ssthresh:2147483647: cwnd:19: delivered:10: lost:11: retrans:3
[  244.557243] AAAAA-TCP_SEND: name:enp0s3: saddr:100932208: daddr:33561200: srtt_us:23202440: RTT:2900305: ssthresh:2147483647: cwnd:20: delivered:11: lost:11: retrans:3
[  244.557269] AAAAA-TCP_SEND: name:enp0s3: saddr:100932208: daddr:33561200: srtt_us:23202440: RTT:2900305: ssthresh:2147483647: cwnd:20: delivered:11: lost:11: retrans:3
[  244.702540] AAAAA-TCP_RECV: name:enp0s3: saddr:16783984: daddr:100932208: srtt_us:13270460: RTT:1658807: ssthresh:2147483647: cwnd:20: delivered:12: lost:0: retrans:0
[  244.702579] AAAAA-TCP_SEND: name:enp0s3: saddr:100932208: daddr:16783984: srtt_us:15999426: RTT:1999928: ssthresh:2147483647: cwnd:21: delivered:13: lost:0: retrans:0
[  244.702603] AAAAA-TCP_SEND: name:enp0s3: saddr:100932208: daddr:16783984: srtt_us:15999426: RTT:1999928: ssthresh:2147483647: cwnd:21: delivered:13: lost:0: retrans:0
[  244.720799] AAAAA-TCP_RECV: name:enp0s3: saddr:16783984: daddr:100932208: srtt_us:15999426: RTT:1999928: ssthresh:2147483647: cwnd:21: delivered:13: lost:0: retrans:0
[  244.720829] AAAAA-TCP_SEND: name:enp0s3: saddr:100932208: daddr:16783984: srtt_us:18405527: RTT:2300690: ssthresh:2147483647: cwnd:22: delivered:14: lost:0: retrans:0
[  244.720852] AAAAA-TCP_SEND: name:enp0s3: saddr:100932208: daddr:16783984: srtt_us:18405527: RTT:2300690: ssthresh:2147483647: cwnd:22: delivered:14: lost:0: retrans:0
[  244.852472] AAAAA-TCP_RECV: name:enp0s3: saddr:16783984: daddr:100932208: srtt_us:18405527: RTT:2300690: ssthresh:2147483647: cwnd:22: delivered:14: lost:0: retrans:0
[  244.852506] AAAAA-TCP_SEND: name:enp0s3: saddr:100932208: daddr:16783984: srtt_us:20449321: RTT:2556165: ssthresh:2147483647: cwnd:23: delivered:15: lost:0: retrans:0
[  244.852527] AAAAA-TCP_SEND: name:enp0s3: saddr:100932208: daddr:16783984: srtt_us:20449321: RTT:2556165: ssthresh:2147483647: cwnd:23: delivered:15: lost:0: retrans:0
[  245.049359] AAAAA-TCP_RECV: name:enp0s3: saddr:16783984: daddr:100932208: srtt_us:20449321: RTT:2556165: ssthresh:2147483647: cwnd:23: delivered:15: lost:0: retrans:0
[  245.049391] AAAAA-TCP_SEND: name:enp0s3: saddr:100932208: daddr:16783984: srtt_us:22434526: RTT:2804315: ssthresh:2147483647: cwnd:24: delivered:16: lost:0: retrans:0
[  245.049413] AAAAA-TCP_SEND: name:enp0s3: saddr:100932208: daddr:16783984: srtt_us:22434526: RTT:2804315: ssthresh:2147483647: cwnd:24: delivered:16: lost:0: retrans:0
[  245.150741] AAAAA-TCP_RECV: name:enp0s3: saddr:33561200: daddr:100932208: srtt_us:23202440: RTT:2900305: ssthresh:2147483647: cwnd:20: delivered:11: lost:11: retrans:3
[  245.183959] AAAAA-TCP_RECV: name:enp0s3: saddr:16783984: daddr:100932208: srtt_us:22434526: RTT:2804315: ssthresh:2147483647: cwnd:24: delivered:16: lost:0: retrans:0
[  245.183990] AAAAA-TCP_SEND: name:enp0s3: saddr:100932208: daddr:16783984: srtt_us:23814262: RTT:2976782: ssthresh:2147483647: cwnd:25: delivered:17: lost:0: retrans:0
[  245.184012] AAAAA-TCP_SEND: name:enp0s3: saddr:100932208: daddr:16783984: srtt_us:23814262: RTT:2976782: ssthresh:2147483647: cwnd:25: delivered:17: lost:0: retrans:0
[  245.380472] AAAAA-TCP_RECV: name:enp0s3: saddr:16783984: daddr:100932208: srtt_us:23814262: RTT:2976782: ssthresh:2147483647: cwnd:25: delivered:17: lost:0: retrans:0
[  245.380502] AAAAA-TCP_SEND: name:enp0s3: saddr:100932208: daddr:16783984: srtt_us:25218044: RTT:3152255: ssthresh:2147483647: cwnd:26: delivered:18: lost:0: retrans:0
[  245.380527] AAAAA-TCP_SEND: name:enp0s3: saddr:100932208: daddr:16783984: srtt_us:25218044: RTT:3152255: ssthresh:2147483647: cwnd:26: delivered:18: lost:0: retrans:0
[  245.482513] AAAAA-TCP_RECV: name:enp0s3: saddr:33561200: daddr:100932208: srtt_us:23202440: RTT:2900305: ssthresh:2147483647: cwnd:20: delivered:12: lost:11: retrans:3
[  245.548453] AAAAA-TCP_RECV: name:enp0s3: saddr:16783984: daddr:100932208: srtt_us:25218044: RTT:3152255: ssthresh:2147483647: cwnd:26: delivered:18: lost:0: retrans:0
[  245.548475] AAAAA-TCP_SEND: name:enp0s3: saddr:100932208: daddr:16783984: srtt_us:26261470: RTT:3282683: ssthresh:2147483647: cwnd:27: delivered:19: lost:0: retrans:0
[  245.548493] AAAAA-TCP_SEND: name:enp0s3: saddr:100932208: daddr:16783984: srtt_us:26261470: RTT:3282683: ssthresh:2147483647: cwnd:27: delivered:19: lost:0: retrans:0
[  245.642942] AAAAA-TCP_RECV: name:enp0s3: saddr:16783984: daddr:100932208: srtt_us:26261470: RTT:3282683: ssthresh:2147483647: cwnd:27: delivered:19: lost:0: retrans:0
[  245.642973] AAAAA-TCP_SEND: name:enp0s3: saddr:100932208: daddr:16783984: srtt_us:27268969: RTT:3408621: ssthresh:2147483647: cwnd:28: delivered:20: lost:0: retrans:0
[  245.642996] AAAAA-TCP_SEND: name:enp0s3: saddr:100932208: daddr:16783984: srtt_us:27268969: RTT:3408621: ssthresh:2147483647: cwnd:28: delivered:20: lost:0: retrans:0
[  245.771340] AAAAA-TCP_RECV: name:enp0s3: saddr:16783984: daddr:100932208: srtt_us:27268969: RTT:3408621: ssthresh:2147483647: cwnd:28: delivered:20: lost:0: retrans:0
[  245.771360] AAAAA-TCP_SEND: name:enp0s3: saddr:100932208: daddr:16783984: srtt_us:28022542: RTT:3502817: ssthresh:2147483647: cwnd:29: delivered:21: lost:0: retrans:0
[  245.771378] AAAAA-TCP_SEND: name:enp0s3: saddr:100932208: daddr:16783984: srtt_us:28022542: RTT:3502817: ssthresh:2147483647: cwnd:29: delivered:21: lost:0: retrans:0
[  245.883456] AAAAA-TCP_RECV: name:enp0s3: saddr:16783984: daddr:100932208: srtt_us:28022542: RTT:3502817: ssthresh:2147483647: cwnd:29: delivered:21: lost:0: retrans:0
[  245.883487] AAAAA-TCP_SEND: name:enp0s3: saddr:100932208: daddr:16783984: srtt_us:28794046: RTT:3599255: ssthresh:2147483647: cwnd:30: delivered:22: lost:0: retrans:0
[  245.883511] AAAAA-TCP_SEND: name:enp0s3: saddr:100932208: daddr:16783984: srtt_us:28794046: RTT:3599255: ssthresh:2147483647: cwnd:30: delivered:22: lost:0: retrans:0
[  245.919058] AAAAA-TCP_RECV: name:enp0s3: saddr:16783984: daddr:100932208: srtt_us:28794046: RTT:3599255: ssthresh:2147483647: cwnd:30: delivered:22: lost:0: retrans:0
[  245.919085] AAAAA-TCP_SEND: name:enp0s3: saddr:100932208: daddr:16783984: srtt_us:29190205: RTT:3648775: ssthresh:2147483647: cwnd:31: delivered:23: lost:0: retrans:0
[  245.960033] AAAAA-TCP_RECV: name:enp0s3: saddr:16783984: daddr:100932208: srtt_us:29190205: RTT:3648775: ssthresh:2147483647: cwnd:31: delivered:23: lost:0: retrans:0
[  246.050466] AAAAA-TCP_RECV: name:enp0s3: saddr:16783984: daddr:100932208: srtt_us:29577808: RTT:3697226: ssthresh:2147483647: cwnd:32: delivered:24: lost:0: retrans:0
[  246.093809] AAAAA-TCP_RECV: name:enp0s3: saddr:16783984: daddr:100932208: srtt_us:29885101: RTT:3735637: ssthresh:2147483647: cwnd:33: delivered:25: lost:0: retrans:0
[  246.150907] AAAAA-TCP_RECV: name:enp0s3: saddr:16783984: daddr:100932208: srtt_us:30197327: RTT:3774665: ssthresh:2147483647: cwnd:35: delivered:27: lost:0: retrans:0
[  246.226882] AAAAA-TCP_RECV: name:enp0s3: saddr:16783984: daddr:100932208: srtt_us:30140546: RTT:3767568: ssthresh:2147483647: cwnd:36: delivered:28: lost:0: retrans:0
[  246.358937] AAAAA-TCP_RECV: name:enp0s3: saddr:16783984: daddr:100932208: srtt_us:30066606: RTT:3758325: ssthresh:2147483647: cwnd:37: delivered:29: lost:0: retrans:0
[  246.409655] AAAAA-TCP_RECV: name:enp0s3: saddr:33561200: daddr:100932208: srtt_us:23202440: RTT:2900305: ssthresh:2147483647: cwnd:20: delivered:13: lost:11: retrans:3
[  246.521532] AAAAA-TCP_RECV: name:enp0s3: saddr:33561200: daddr:100932208: srtt_us:23202440: RTT:2900305: ssthresh:2147483647: cwnd:20: delivered:14: lost:11: retrans:3
[  246.702068] AAAAA-TCP_RECV: name:enp0s3: saddr:33561200: daddr:100932208: srtt_us:23693573: RTT:2961696: ssthresh:2147483647: cwnd:21: delivered:15: lost:11: retrans:3
[  246.798561] AAAAA-TCP_RECV: name:enp0s3: saddr:33561200: daddr:100932208: srtt_us:24303851: RTT:3037981: ssthresh:2147483647: cwnd:22: delivered:16: lost:11: retrans:3
[  246.980112] AAAAA-TCP_RECV: name:enp0s3: saddr:33561200: daddr:100932208: srtt_us:24776271: RTT:3097033: ssthresh:2147483647: cwnd:23: delivered:17: lost:11: retrans:3
[  246.980145] AAAAA-TCP_SEND: name:enp0s3: saddr:100932208: daddr:33561200: srtt_us:25223061: RTT:3152882: ssthresh:12: cwnd:16: delivered:18: lost:12: retrans:4
[  247.144761] AAAAA-TCP_RECV: name:enp0s3: saddr:33561200: daddr:100932208: srtt_us:25223061: RTT:3152882: ssthresh:12: cwnd:16: delivered:18: lost:12: retrans:4
[  247.296378] AAAAA-TCP_RECV: name:enp0s3: saddr:33561200: daddr:100932208: srtt_us:25778650: RTT:3222331: ssthresh:12: cwnd:16: delivered:19: lost:12: retrans:4
[  247.328065] AAAAA-TCP_RECV: name:enp0s3: saddr:33561200: daddr:100932208: srtt_us:26241999: RTT:3280249: ssthresh:12: cwnd:15: delivered:20: lost:12: retrans:4
[  247.396962] AAAAA-TCP_RECV: name:enp0s3: saddr:33561200: daddr:100932208: srtt_us:26679116: RTT:3334889: ssthresh:12: cwnd:15: delivered:21: lost:12: retrans:4
[  247.456360] AAAAA-TCP_RECV: name:enp0s3: saddr:33561200: daddr:100932208: srtt_us:27052487: RTT:3381560: ssthresh:12: cwnd:12: delivered:22: lost:12: retrans:4
[  247.565986] AAAAA-TCP_RECV: name:enp0s3: saddr:33561200: daddr:100932208: srtt_us:27438585: RTT:3429823: ssthresh:12: cwnd:12: delivered:23: lost:12: retrans:4
[  247.633103] AAAAA-TCP_RECV: name:enp0s3: saddr:33561200: daddr:100932208: srtt_us:27797034: RTT:3474629: ssthresh:12: cwnd:11: delivered:24: lost:12: retrans:4
[  247.633131] AAAAA-TCP_SEND: name:enp0s3: saddr:100932208: daddr:33561200: srtt_us:27875309: RTT:3484413: ssthresh:12: cwnd:9: delivered:25: lost:13: retrans:5
[  247.736678] AAAAA-TCP_RECV: name:enp0s3: saddr:33561200: daddr:100932208: srtt_us:27875309: RTT:3484413: ssthresh:12: cwnd:9: delivered:25: lost:13: retrans:5
[  247.789481] AAAAA-TCP_RECV: name:enp0s3: saddr:33561200: daddr:100932208: srtt_us:28047375: RTT:3505921: ssthresh:12: cwnd:9: delivered:26: lost:13: retrans:5
[  247.834232] AAAAA-TCP_RECV: name:enp0s3: saddr:33561200: daddr:100932208: srtt_us:28196596: RTT:3524574: ssthresh:12: cwnd:8: delivered:27: lost:13: retrans:5
[  247.876960] AAAAA-TCP_RECV: name:enp0s3: saddr:33561200: daddr:100932208: srtt_us:28371916: RTT:3546489: ssthresh:12: cwnd:7: delivered:28: lost:13: retrans:5
[  247.972355] AAAAA-TCP_RECV: name:enp0s3: saddr:33561200: daddr:100932208: srtt_us:28405832: RTT:3550729: ssthresh:12: cwnd:6: delivered:29: lost:13: retrans:5
[  247.992528] AAAAA-TCP_RECV: name:enp0s3: saddr:33561200: daddr:100932208: srtt_us:28530906: RTT:3566363: ssthresh:12: cwnd:5: delivered:30: lost:13: retrans:5
[  248.097871] AAAAA-TCP_RECV: name:enp0s3: saddr:33561200: daddr:100932208: srtt_us:28399846: RTT:3549980: ssthresh:12: cwnd:4: delivered:31: lost:13: retrans:5
[  248.152249] AAAAA-TCP_RECV: name:enp0s3: saddr:16783984: daddr:100932208: srtt_us:30133965: RTT:3766745: ssthresh:2147483647: cwnd:39: delivered:31: lost:0: retrans:0
[  248.152277] AAAAA-TCP_SEND: name:enp0s3: saddr:100932208: daddr:16783984: srtt_us:29816909: RTT:3727113: ssthresh:20: cwnd:21: delivered:32: lost:1: retrans:1
[  248.181764] AAAAA-TCP_RECV: name:enp0s3: saddr:16783984: daddr:100932208: srtt_us:29816909: RTT:3727113: ssthresh:20: cwnd:21: delivered:32: lost:1: retrans:1
[  248.249726] AAAAA-TCP_RECV: name:enp0s3: saddr:16783984: daddr:100932208: srtt_us:29569000: RTT:3696125: ssthresh:20: cwnd:20: delivered:33: lost:1: retrans:1
[  248.290867] AAAAA-TCP_RECV: name:enp0s3: saddr:16783984: daddr:100932208: srtt_us:29401790: RTT:3675223: ssthresh:20: cwnd:20: delivered:34: lost:1: retrans:1
[  248.331668] AAAAA-TCP_RECV: name:enp0s3: saddr:16783984: daddr:100932208: srtt_us:29296622: RTT:3662077: ssthresh:20: cwnd:19: delivered:35: lost:1: retrans:1
[  248.397559] AAAAA-TCP_RECV: name:enp0s3: saddr:16783984: daddr:100932208: srtt_us:29113725: RTT:3639215: ssthresh:20: cwnd:18: delivered:36: lost:1: retrans:1
[  248.431284] AAAAA-TCP_RECV: name:enp0s3: saddr:16783984: daddr:100932208: srtt_us:29019568: RTT:3627446: ssthresh:20: cwnd:17: delivered:37: lost:1: retrans:1
[  248.447027] AAAAA-TCP_RECV: name:enp0s3: saddr:16783984: daddr:100932208: srtt_us:28774032: RTT:3596754: ssthresh:20: cwnd:16: delivered:38: lost:1: retrans:1
[  248.543211] AAAAA-TCP_RECV: name:enp0s3: saddr:16783984: daddr:100932208: srtt_us:28574930: RTT:3571866: ssthresh:20: cwnd:15: delivered:39: lost:1: retrans:1
[  248.591369] AAAAA-TCP_RECV: name:enp0s3: saddr:16783984: daddr:100932208: srtt_us:28362291: RTT:3545286: ssthresh:20: cwnd:14: delivered:40: lost:1: retrans:1
[  248.621204] AAAAA-TCP_RECV: name:enp0s3: saddr:16783984: daddr:100932208: srtt_us:28224401: RTT:3528050: ssthresh:20: cwnd:13: delivered:41: lost:1: retrans:1
[  248.702996] AAAAA-TCP_RECV: name:enp0s3: saddr:16783984: daddr:100932208: srtt_us:27937069: RTT:3492133: ssthresh:20: cwnd:12: delivered:42: lost:1: retrans:1
[  248.741412] AAAAA-TCP_RECV: name:enp0s3: saddr:16783984: daddr:100932208: srtt_us:27767447: RTT:3470930: ssthresh:20: cwnd:11: delivered:43: lost:1: retrans:1
[  248.811679] AAAAA-TCP_RECV: name:enp0s3: saddr:16783984: daddr:100932208: srtt_us:27489459: RTT:3436182: ssthresh:20: cwnd:10: delivered:44: lost:1: retrans:1
[  248.874222] AAAAA-TCP_RECV: name:enp0s3: saddr:16783984: daddr:100932208: srtt_us:27316498: RTT:3414562: ssthresh:20: cwnd:9: delivered:45: lost:1: retrans:1
[  248.915609] AAAAA-TCP_RECV: name:enp0s3: saddr:16783984: daddr:100932208: srtt_us:27133201: RTT:3391650: ssthresh:20: cwnd:8: delivered:46: lost:1: retrans:1
[  248.935686] AAAAA-TCP_RECV: name:enp0s3: saddr:16783984: daddr:100932208: srtt_us:27014193: RTT:3376774: ssthresh:20: cwnd:7: delivered:47: lost:1: retrans:1
[  248.961164] AAAAA-TCP_RECV: name:enp0s3: saddr:16783984: daddr:100932208: srtt_us:26801762: RTT:3350220: ssthresh:20: cwnd:6: delivered:48: lost:1: retrans:1
[  248.995231] AAAAA-TCP_RECV: name:enp0s3: saddr:16783984: daddr:100932208: srtt_us:26641362: RTT:3330170: ssthresh:20: cwnd:5: delivered:49: lost:1: retrans:1
[  249.051132] AAAAA-TCP_RECV: name:enp0s3: saddr:16783984: daddr:100932208: srtt_us:26422971: RTT:3302871: ssthresh:20: cwnd:4: delivered:50: lost:1: retrans:1
[  249.085921] AAAAA-TCP_RECV: name:enp0s3: saddr:16783984: daddr:100932208: srtt_us:26287762: RTT:3285970: ssthresh:20: cwnd:3: delivered:51: lost:1: retrans:1
[  249.150278] AAAAA-TCP_RECV: name:enp0s3: saddr:33561200: daddr:100932208: srtt_us:28390511: RTT:3548813: ssthresh:12: cwnd:3: delivered:32: lost:13: retrans:5
[  249.168024] AAAAA-TCP_RECV: name:enp0s3: saddr:33561200: daddr:100932208: srtt_us:27011698: RTT:3376462: ssthresh:12: cwnd:12: delivered:33: lost:13: retrans:5
[  249.183747] AAAAA-TCP_RECV: name:enp0s3: saddr:16783984: daddr:100932208: srtt_us:26168644: RTT:3271080: ssthresh:20: cwnd:2: delivered:52: lost:1: retrans:1
[  265.253808] AAAAA-TCP_SEND: name:enp0s3: saddr:100932208: daddr:16783984: srtt_us:23928564: RTT:2991070: ssthresh:20: cwnd:15: delivered:53: lost:1: retrans:1
[  265.253861] AAAAA-TCP_SEND: name:enp0s3: saddr:100932208: daddr:16783984: srtt_us:23928564: RTT:2991070: ssthresh:20: cwnd:15: delivered:53: lost:1: retrans:1
[  265.253940] AAAAA-TCP_SEND: name:enp0s3: saddr:100932208: daddr:33561200: srtt_us:25170236: RTT:3146279: ssthresh:12: cwnd:11: delivered:34: lost:13: retrans:5
[  265.253964] AAAAA-TCP_SEND: name:enp0s3: saddr:100932208: daddr:33561200: srtt_us:25170236: RTT:3146279: ssthresh:12: cwnd:11: delivered:34: lost:13: retrans:5
[  265.255652] AAAAA-TCP_SEND: name:enp0s3: saddr:100932208: daddr:16783984: srtt_us:23928564: RTT:2991070: ssthresh:20: cwnd:15: delivered:53: lost:1: retrans:1
[  265.255676] AAAAA-TCP_SEND: name:enp0s3: saddr:100932208: daddr:16783984: srtt_us:23928564: RTT:2991070: ssthresh:20: cwnd:15: delivered:53: lost:1: retrans:1
[  265.255756] AAAAA-TCP_SEND: name:enp0s3: saddr:100932208: daddr:16783984: srtt_us:23928564: RTT:2991070: ssthresh:20: cwnd:15: delivered:53: lost:1: retrans:1
[  265.255790] AAAAA-TCP_SEND: name:enp0s3: saddr:100932208: daddr:33561200: srtt_us:25170236: RTT:3146279: ssthresh:12: cwnd:11: delivered:34: lost:13: retrans:5
[  265.255812] AAAAA-TCP_SEND: name:enp0s3: saddr:100932208: daddr:33561200: srtt_us:25170236: RTT:3146279: ssthresh:12: cwnd:11: delivered:34: lost:13: retrans:5
[  265.255891] AAAAA-TCP_SEND: name:enp0s3: saddr:100932208: daddr:33561200: srtt_us:25170236: RTT:3146279: ssthresh:12: cwnd:11: delivered:34: lost:13: retrans:5
[  265.255905] AAAAA-TCP_SEND: name:enp0s3: saddr:100932208: daddr:33561200: srtt_us:25170236: RTT:3146279: ssthresh:12: cwnd:11: delivered:34: lost:13: retrans:5
[  265.255980] AAAAA-TCP_SEND: name:enp0s3: saddr:100932208: daddr:33561200: srtt_us:25170236: RTT:3146279: ssthresh:12: cwnd:11: delivered:34: lost:13: retrans:5
[  265.255998] AAAAA-TCP_SEND: name:enp0s3: saddr:100932208: daddr:16783984: srtt_us:23928564: RTT:2991070: ssthresh:20: cwnd:15: delivered:53: lost:1: retrans:1
[  265.256040] AAAAA-TCP_SEND: name:enp0s3: saddr:100932208: daddr:16783984: srtt_us:23928564: RTT:2991070: ssthresh:20: cwnd:15: delivered:53: lost:1: retrans:1
[  265.256054] AAAAA-TCP_SEND: name:enp0s3: saddr:100932208: daddr:16783984: srtt_us:23928564: RTT:2991070: ssthresh:20: cwnd:15: delivered:53: lost:1: retrans:1
[  265.256151] AAAAA-TCP_SEND: name:enp0s3: saddr:100932208: daddr:33561200: srtt_us:25170236: RTT:3146279: ssthresh:12: cwnd:11: delivered:34: lost:13: retrans:5
[  265.256168] AAAAA-TCP_SEND: name:enp0s3: saddr:100932208: daddr:33561200: srtt_us:25170236: RTT:3146279: ssthresh:12: cwnd:11: delivered:34: lost:13: retrans:5
[  265.256240] AAAAA-TCP_SEND: name:enp0s3: saddr:100932208: daddr:16783984: srtt_us:23928564: RTT:2991070: ssthresh:20: cwnd:15: delivered:53: lost:1: retrans:1
[  265.256257] AAAAA-TCP_SEND: name:enp0s3: saddr:100932208: daddr:16783984: srtt_us:23928564: RTT:2991070: ssthresh:20: cwnd:15: delivered:53: lost:1: retrans:1
[  265.256357] AAAAA-TCP_SEND: name:enp0s3: saddr:100932208: daddr:33561200: srtt_us:25170236: RTT:3146279: ssthresh:12: cwnd:11: delivered:34: lost:13: retrans:5
[  265.256374] AAAAA-TCP_SEND: name:enp0s3: saddr:100932208: daddr:16783984: srtt_us:23928564: RTT:2991070: ssthresh:20: cwnd:15: delivered:53: lost:1: retrans:1
[  265.256444] AAAAA-TCP_SEND: name:enp0s3: saddr:100932208: daddr:16783984: srtt_us:23928564: RTT:2991070: ssthresh:20: cwnd:15: delivered:53: lost:1: retrans:1
[  265.917104] AAAAA-TCP_RECV: name:enp0s3: saddr:16783984: daddr:100932208: srtt_us:23928564: RTT:2991070: ssthresh:20: cwnd:15: delivered:53: lost:1: retrans:1
[  265.917170] AAAAA-TCP_SEND: name:enp0s3: saddr:100932208: daddr:16783984: srtt_us:22007388: RTT:2750923: ssthresh:20: cwnd:16: delivered:54: lost:1: retrans:1
[  265.917225] AAAAA-TCP_SEND: name:enp0s3: saddr:100932208: daddr:16783984: srtt_us:22007388: RTT:2750923: ssthresh:20: cwnd:16: delivered:54: lost:1: retrans:1
[  266.266689] AAAAA-TCP_RECV: name:enp0s3: saddr:16783984: daddr:100932208: srtt_us:22007388: RTT:2750923: ssthresh:20: cwnd:16: delivered:54: lost:1: retrans:1
[  266.266759] AAAAA-TCP_SEND: name:enp0s3: saddr:100932208: daddr:16783984: srtt_us:20675942: RTT:2584492: ssthresh:20: cwnd:17: delivered:55: lost:1: retrans:1
[  266.266793] AAAAA-TCP_SEND: name:enp0s3: saddr:100932208: daddr:16783984: srtt_us:20675942: RTT:2584492: ssthresh:20: cwnd:17: delivered:55: lost:1: retrans:1
[  266.675266] AAAAA-TCP_RECV: name:enp0s3: saddr:16783984: daddr:100932208: srtt_us:20675942: RTT:2584492: ssthresh:20: cwnd:17: delivered:55: lost:1: retrans:1
[  266.675311] AAAAA-TCP_SEND: name:enp0s3: saddr:100932208: daddr:16783984: srtt_us:19919484: RTT:2489935: ssthresh:20: cwnd:18: delivered:56: lost:1: retrans:1
[  266.675339] AAAAA-TCP_SEND: name:enp0s3: saddr:100932208: daddr:16783984: srtt_us:19919484: RTT:2489935: ssthresh:20: cwnd:18: delivered:56: lost:1: retrans:1
[  266.920074] AAAAA-TCP_RECV: name:enp0s3: saddr:16783984: daddr:100932208: srtt_us:19919484: RTT:2489935: ssthresh:20: cwnd:18: delivered:56: lost:1: retrans:1
[  266.920168] AAAAA-TCP_SEND: name:enp0s3: saddr:100932208: daddr:16783984: srtt_us:19502421: RTT:2437802: ssthresh:20: cwnd:19: delivered:57: lost:1: retrans:1
[  266.920268] AAAAA-TCP_SEND: name:enp0s3: saddr:100932208: daddr:16783984: srtt_us:19502421: RTT:2437802: ssthresh:20: cwnd:19: delivered:57: lost:1: retrans:1
[  267.180104] AAAAA-TCP_RECV: name:enp0s3: saddr:33561200: daddr:100932208: srtt_us:25170236: RTT:3146279: ssthresh:12: cwnd:11: delivered:34: lost:13: retrans:5
[  267.180154] AAAAA-TCP_SEND: name:enp0s3: saddr:100932208: daddr:33561200: srtt_us:24356759: RTT:3044594: ssthresh:12: cwnd:12: delivered:35: lost:13: retrans:5
[  267.180180] AAAAA-TCP_SEND: name:enp0s3: saddr:100932208: daddr:33561200: srtt_us:24356759: RTT:3044594: ssthresh:12: cwnd:12: delivered:35: lost:13: retrans:5
[  267.399421] AAAAA-TCP_RECV: name:enp0s3: saddr:33561200: daddr:100932208: srtt_us:24356759: RTT:3044594: ssthresh:12: cwnd:12: delivered:35: lost:13: retrans:5
[  267.399477] AAAAA-TCP_SEND: name:enp0s3: saddr:100932208: daddr:33561200: srtt_us:23864295: RTT:2983036: ssthresh:12: cwnd:12: delivered:36: lost:13: retrans:5
[  267.715367] AAAAA-TCP_RECV: name:enp0s3: saddr:16783984: daddr:100932208: srtt_us:19502421: RTT:2437802: ssthresh:20: cwnd:19: delivered:57: lost:1: retrans:1
[  267.715447] AAAAA-TCP_SEND: name:enp0s3: saddr:100932208: daddr:16783984: srtt_us:19524396: RTT:2440549: ssthresh:20: cwnd:20: delivered:58: lost:1: retrans:1
[  267.715518] AAAAA-TCP_SEND: name:enp0s3: saddr:100932208: daddr:16783984: srtt_us:19524396: RTT:2440549: ssthresh:20: cwnd:20: delivered:58: lost:1: retrans:1
[  268.130393] AAAAA-TCP_RECV: name:enp0s3: saddr:16783984: daddr:100932208: srtt_us:19524396: RTT:2440549: ssthresh:20: cwnd:20: delivered:58: lost:1: retrans:1
[  268.130438] AAAAA-TCP_SEND: name:enp0s3: saddr:100932208: daddr:16783984: srtt_us:19958612: RTT:2494826: ssthresh:20: cwnd:20: delivered:59: lost:1: retrans:1
[  268.402574] AAAAA-TCP_RECV: name:enp0s3: saddr:16783984: daddr:100932208: srtt_us:19958612: RTT:2494826: ssthresh:20: cwnd:20: delivered:59: lost:1: retrans:1
[  268.402628] AAAAA-TCP_SEND: name:enp0s3: saddr:100932208: daddr:16783984: srtt_us:20610754: RTT:2576344: ssthresh:20: cwnd:20: delivered:60: lost:1: retrans:1
[  268.828246] AAAAA-TCP_RECV: name:enp0s3: saddr:33561200: daddr:100932208: srtt_us:23864295: RTT:2983036: ssthresh:12: cwnd:12: delivered:36: lost:13: retrans:5
[  268.828298] AAAAA-TCP_SEND: name:enp0s3: saddr:100932208: daddr:33561200: srtt_us:24453740: RTT:3056717: ssthresh:12: cwnd:12: delivered:39: lost:13: retrans:5
[  268.828327] AAAAA-TCP_SEND: name:enp0s3: saddr:100932208: daddr:33561200: srtt_us:24453740: RTT:3056717: ssthresh:12: cwnd:12: delivered:39: lost:13: retrans:5
[  269.051229] AAAAA-TCP_RECV: name:enp0s3: saddr:33561200: daddr:100932208: srtt_us:24453740: RTT:3056717: ssthresh:12: cwnd:12: delivered:39: lost:13: retrans:5
[  269.051263] AAAAA-TCP_SEND: name:enp0s3: saddr:100932208: daddr:33561200: srtt_us:24453740: RTT:3056717: ssthresh:12: cwnd:12: delivered:39: lost:13: retrans:5
[  269.051302] AAAAA-TCP_SEND: name:enp0s3: saddr:100932208: daddr:33561200: srtt_us:25192391: RTT:3149048: ssthresh:12: cwnd:12: delivered:40: lost:13: retrans:5
[  269.331226] AAAAA-TCP_RECV: name:enp0s3: saddr:33561200: daddr:100932208: srtt_us:25192391: RTT:3149048: ssthresh:12: cwnd:12: delivered:40: lost:13: retrans:5
[  269.331258] AAAAA-TCP_SEND: name:enp0s3: saddr:100932208: daddr:33561200: srtt_us:26118694: RTT:3264836: ssthresh:12: cwnd:12: delivered:41: lost:13: retrans:5
[  269.373323] AAAAA-TCP_RECV: name:enp0s3: saddr:33561200: daddr:100932208: srtt_us:26118694: RTT:3264836: ssthresh:12: cwnd:12: delivered:41: lost:13: retrans:5
[  269.373355] AAAAA-TCP_SEND: name:enp0s3: saddr:100932208: daddr:33561200: srtt_us:26971307: RTT:3371413: ssthresh:12: cwnd:12: delivered:42: lost:13: retrans:5
[  269.578888] AAAAA-TCP_RECV: name:enp0s3: saddr:16783984: daddr:100932208: srtt_us:20610754: RTT:2576344: ssthresh:20: cwnd:20: delivered:60: lost:1: retrans:1
[  269.578927] AAAAA-TCP_SEND: name:enp0s3: saddr:100932208: daddr:16783984: srtt_us:22357683: RTT:2794710: ssthresh:20: cwnd:20: delivered:62: lost:1: retrans:1
[  269.578955] AAAAA-TCP_SEND: name:enp0s3: saddr:100932208: daddr:16783984: srtt_us:22357683: RTT:2794710: ssthresh:20: cwnd:20: delivered:62: lost:1: retrans:1
[  269.815897] AAAAA-TCP_RECV: name:enp0s3: saddr:16783984: daddr:100932208: srtt_us:22357683: RTT:2794710: ssthresh:20: cwnd:20: delivered:62: lost:1: retrans:1
[  269.815932] AAAAA-TCP_SEND: name:enp0s3: saddr:100932208: daddr:16783984: srtt_us:24122889: RTT:3015361: ssthresh:20: cwnd:20: delivered:63: lost:1: retrans:1
[  269.971722] AAAAA-TCP_RECV: name:enp0s3: saddr:16783984: daddr:100932208: srtt_us:24122889: RTT:3015361: ssthresh:20: cwnd:20: delivered:63: lost:1: retrans:1
[  269.971754] AAAAA-TCP_SEND: name:enp0s3: saddr:100932208: daddr:16783984: srtt_us:25823267: RTT:3227908: ssthresh:20: cwnd:20: delivered:64: lost:1: retrans:1
[  270.217013] AAAAA-TCP_RECV: name:enp0s3: saddr:33561200: daddr:100932208: srtt_us:26971307: RTT:3371413: ssthresh:12: cwnd:12: delivered:42: lost:13: retrans:5
[  270.217035] AAAAA-TCP_SEND: name:enp0s3: saddr:100932208: daddr:33561200: srtt_us:28560760: RTT:3570095: ssthresh:12: cwnd:12: delivered:43: lost:13: retrans:5
[  270.345739] AAAAA-TCP_RECV: name:enp0s3: saddr:33561200: daddr:100932208: srtt_us:28560760: RTT:3570095: ssthresh:12: cwnd:12: delivered:43: lost:13: retrans:5
[  270.345759] AAAAA-TCP_SEND: name:enp0s3: saddr:100932208: daddr:33561200: srtt_us:30080258: RTT:3760032: ssthresh:12: cwnd:12: delivered:44: lost:13: retrans:5
[  270.720429] AAAAA-TCP_RECV: name:enp0s3: saddr:16783984: daddr:100932208: srtt_us:25823267: RTT:3227908: ssthresh:20: cwnd:20: delivered:64: lost:1: retrans:1
[  270.720459] AAAAA-TCP_SEND: name:enp0s3: saddr:100932208: daddr:16783984: srtt_us:28059554: RTT:3507444: ssthresh:20: cwnd:20: delivered:65: lost:1: retrans:1
[  270.747843] AAAAA-TCP_RECV: name:enp0s3: saddr:16783984: daddr:100932208: srtt_us:28059554: RTT:3507444: ssthresh:20: cwnd:20: delivered:65: lost:1: retrans:1
[  270.747876] AAAAA-TCP_SEND: name:enp0s3: saddr:100932208: daddr:16783984: srtt_us:30043731: RTT:3755466: ssthresh:20: cwnd:20: delivered:66: lost:1: retrans:1
[  271.301947] AAAAA-TCP_RECV: name:enp0s3: saddr:16783984: daddr:100932208: srtt_us:30043731: RTT:3755466: ssthresh:20: cwnd:20: delivered:66: lost:1: retrans:1
[  271.301970] AAAAA-TCP_SEND: name:enp0s3: saddr:100932208: daddr:16783984: srtt_us:30043731: RTT:3755466: ssthresh:20: cwnd:20: delivered:66: lost:1: retrans:1
[  271.328806] AAAAA-TCP_RECV: name:enp0s3: saddr:33561200: daddr:100932208: srtt_us:30080258: RTT:3760032: ssthresh:12: cwnd:12: delivered:44: lost:13: retrans:5
[  271.328842] AAAAA-TCP_SEND: name:enp0s3: saddr:100932208: daddr:33561200: srtt_us:32392692: RTT:4049086: ssthresh:12: cwnd:12: delivered:45: lost:13: retrans:5
[  271.575670] AAAAA-TCP_RECV: name:enp0s3: saddr:16783984: daddr:100932208: srtt_us:30043731: RTT:3755466: ssthresh:20: cwnd:20: delivered:66: lost:1: retrans:1
[  271.575726] AAAAA-TCP_SEND: name:enp0s3: saddr:100932208: daddr:16783984: srtt_us:32607583: RTT:4075947: ssthresh:20: cwnd:20: delivered:67: lost:1: retrans:1
[  271.641883] AAAAA-TCP_RECV: name:enp0s3: saddr:33561200: daddr:100932208: srtt_us:32392692: RTT:4049086: ssthresh:12: cwnd:12: delivered:45: lost:13: retrans:5
[  271.641909] AAAAA-TCP_SEND: name:enp0s3: saddr:100932208: daddr:33561200: srtt_us:32392692: RTT:4049086: ssthresh:12: cwnd:12: delivered:45: lost:13: retrans:5
[  271.690329] AAAAA-TCP_RECV: name:enp0s3: saddr:16783984: daddr:100932208: srtt_us:32607583: RTT:4075947: ssthresh:20: cwnd:20: delivered:67: lost:1: retrans:1
[  271.690365] AAAAA-TCP_SEND: name:enp0s3: saddr:100932208: daddr:16783984: srtt_us:34965609: RTT:4370701: ssthresh:20: cwnd:20: delivered:68: lost:1: retrans:1
[  271.865370] AAAAA-TCP_RECV: name:enp0s3: saddr:33561200: daddr:100932208: srtt_us:32392692: RTT:4049086: ssthresh:12: cwnd:12: delivered:45: lost:13: retrans:5
[  273.920882] AAAAA-TCP_RECV: name:enp0s3: saddr:16783984: daddr:100932208: srtt_us:34965609: RTT:4370701: ssthresh:20: cwnd:20: delivered:68: lost:1: retrans:1
[  273.920935] AAAAA-TCP_SEND: name:enp0s3: saddr:100932208: daddr:16783984: srtt_us:38598652: RTT:4824831: ssthresh:20: cwnd:20: delivered:69: lost:1: retrans:1
[  274.106460] AAAAA-TCP_RECV: name:enp0s3: saddr:16783984: daddr:100932208: srtt_us:38598652: RTT:4824831: ssthresh:20: cwnd:20: delivered:69: lost:1: retrans:1
[  274.106501] AAAAA-TCP_SEND: name:enp0s3: saddr:100932208: daddr:16783984: srtt_us:41963138: RTT:5245392: ssthresh:20: cwnd:20: delivered:70: lost:1: retrans:1
[  274.288612] AAAAA-TCP_RECV: name:enp0s3: saddr:16783984: daddr:100932208: srtt_us:41963138: RTT:5245392: ssthresh:20: cwnd:20: delivered:70: lost:1: retrans:1
[  274.288650] AAAAA-TCP_SEND: name:enp0s3: saddr:100932208: daddr:16783984: srtt_us:44739628: RTT:5592453: ssthresh:20: cwnd:20: delivered:71: lost:1: retrans:1
[  274.435309] AAAAA-TCP_RECV: name:enp0s3: saddr:16783984: daddr:100932208: srtt_us:44739628: RTT:5592453: ssthresh:20: cwnd:20: delivered:71: lost:1: retrans:1
[  274.435349] AAAAA-TCP_SEND: name:enp0s3: saddr:100932208: daddr:16783984: srtt_us:47315754: RTT:5914469: ssthresh:20: cwnd:20: delivered:72: lost:1: retrans:1
[  274.784829] AAAAA-TCP_RECV: name:enp0s3: saddr:16783984: daddr:100932208: srtt_us:47315754: RTT:5914469: ssthresh:20: cwnd:20: delivered:72: lost:1: retrans:1
[  274.784876] AAAAA-TCP_SEND: name:enp0s3: saddr:100932208: daddr:16783984: srtt_us:49510831: RTT:6188853: ssthresh:20: cwnd:20: delivered:73: lost:1: retrans:1
[  274.855948] AAAAA-TCP_RECV: name:enp0s3: saddr:16783984: daddr:100932208: srtt_us:49510831: RTT:6188853: ssthresh:20: cwnd:20: delivered:73: lost:1: retrans:1
[  274.855978] AAAAA-TCP_SEND: name:enp0s3: saddr:100932208: daddr:16783984: srtt_us:51502638: RTT:6437829: ssthresh:20: cwnd:20: delivered:74: lost:1: retrans:1
[  275.253716] AAAAA-TCP_RECV: name:enp0s3: saddr:16783984: daddr:100932208: srtt_us:51502638: RTT:6437829: ssthresh:20: cwnd:20: delivered:74: lost:1: retrans:1
[  275.253751] AAAAA-TCP_SEND: name:enp0s3: saddr:100932208: daddr:16783984: srtt_us:53398386: RTT:6674798: ssthresh:20: cwnd:20: delivered:75: lost:1: retrans:1
[  275.330466] AAAAA-TCP_RECV: name:enp0s3: saddr:16783984: daddr:100932208: srtt_us:53398386: RTT:6674798: ssthresh:20: cwnd:20: delivered:75: lost:1: retrans:1
[  275.330499] AAAAA-TCP_SEND: name:enp0s3: saddr:100932208: daddr:16783984: srtt_us:55133914: RTT:6891739: ssthresh:20: cwnd:20: delivered:76: lost:1: retrans:1
[  275.796080] AAAAA-TCP_RECV: name:enp0s3: saddr:33561200: daddr:100932208: srtt_us:32392692: RTT:4049086: ssthresh:12: cwnd:12: delivered:45: lost:13: retrans:5
[  275.796128] AAAAA-TCP_SEND: name:enp0s3: saddr:100932208: daddr:33561200: srtt_us:36959563: RTT:4619945: ssthresh:12: cwnd:12: delivered:46: lost:13: retrans:5
[  275.856325] AAAAA-TCP_RECV: name:enp0s3: saddr:33561200: daddr:100932208: srtt_us:36959563: RTT:4619945: ssthresh:12: cwnd:12: delivered:46: lost:13: retrans:5
[  275.856358] AAAAA-TCP_SEND: name:enp0s3: saddr:100932208: daddr:33561200: srtt_us:41015816: RTT:5126977: ssthresh:12: cwnd:12: delivered:47: lost:13: retrans:5
[  276.000145] AAAAA-TCP_RECV: name:enp0s3: saddr:33561200: daddr:100932208: srtt_us:41015816: RTT:5126977: ssthresh:12: cwnd:12: delivered:47: lost:13: retrans:5
[  276.000195] AAAAA-TCP_SEND: name:enp0s3: saddr:100932208: daddr:33561200: srtt_us:44489536: RTT:5561192: ssthresh:12: cwnd:12: delivered:48: lost:13: retrans:5
[  276.061539] AAAAA-TCP_RECV: name:enp0s3: saddr:16783984: daddr:100932208: srtt_us:55133914: RTT:6891739: ssthresh:20: cwnd:20: delivered:76: lost:1: retrans:1
[  276.061574] AAAAA-TCP_SEND: name:enp0s3: saddr:100932208: daddr:16783984: srtt_us:56588292: RTT:7073536: ssthresh:20: cwnd:20: delivered:77: lost:1: retrans:1
[  276.107951] AAAAA-TCP_RECV: name:enp0s3: saddr:16783984: daddr:100932208: srtt_us:56588292: RTT:7073536: ssthresh:20: cwnd:20: delivered:77: lost:1: retrans:1
[  276.107979] AAAAA-TCP_SEND: name:enp0s3: saddr:100932208: daddr:16783984: srtt_us:57907283: RTT:7238410: ssthresh:20: cwnd:20: delivered:78: lost:1: retrans:1
[  276.174711] AAAAA-TCP_RECV: name:enp0s3: saddr:16783984: daddr:100932208: srtt_us:57907283: RTT:7238410: ssthresh:20: cwnd:20: delivered:78: lost:1: retrans:1
[  276.174733] AAAAA-TCP_SEND: name:enp0s3: saddr:100932208: daddr:16783984: srtt_us:58713160: RTT:7339145: ssthresh:20: cwnd:20: delivered:80: lost:1: retrans:1
[  276.174751] AAAAA-TCP_SEND: name:enp0s3: saddr:100932208: daddr:16783984: srtt_us:58713160: RTT:7339145: ssthresh:20: cwnd:20: delivered:80: lost:1: retrans:1
[  276.280640] AAAAA-TCP_RECV: name:enp0s3: saddr:33561200: daddr:100932208: srtt_us:44489536: RTT:5561192: ssthresh:12: cwnd:12: delivered:48: lost:13: retrans:5
[  276.280669] AAAAA-TCP_SEND: name:enp0s3: saddr:100932208: daddr:33561200: srtt_us:46380707: RTT:5797588: ssthresh:12: cwnd:12: delivered:49: lost:13: retrans:5
[  276.356142] AAAAA-TCP_RECV: name:enp0s3: saddr:33561200: daddr:100932208: srtt_us:46380707: RTT:5797588: ssthresh:12: cwnd:12: delivered:49: lost:13: retrans:5
[  276.356172] AAAAA-TCP_SEND: name:enp0s3: saddr:100932208: daddr:33561200: srtt_us:48110984: RTT:6013873: ssthresh:12: cwnd:12: delivered:50: lost:13: retrans:5
[  276.418307] AAAAA-TCP_RECV: name:enp0s3: saddr:33561200: daddr:100932208: srtt_us:48110984: RTT:6013873: ssthresh:12: cwnd:12: delivered:50: lost:13: retrans:5
[  276.418346] AAAAA-TCP_SEND: name:enp0s3: saddr:100932208: daddr:33561200: srtt_us:49464174: RTT:6183021: ssthresh:12: cwnd:12: delivered:51: lost:13: retrans:5
[  276.474813] AAAAA-TCP_RECV: name:enp0s3: saddr:33561200: daddr:100932208: srtt_us:49464174: RTT:6183021: ssthresh:12: cwnd:12: delivered:51: lost:13: retrans:5
[  276.474842] AAAAA-TCP_SEND: name:enp0s3: saddr:100932208: daddr:33561200: srtt_us:50704679: RTT:6338084: ssthresh:12: cwnd:12: delivered:52: lost:13: retrans:5
[  276.540458] AAAAA-TCP_RECV: name:enp0s3: saddr:33561200: daddr:100932208: srtt_us:50704679: RTT:6338084: ssthresh:12: cwnd:12: delivered:52: lost:13: retrans:5
[  276.623062] AAAAA-TCP_SEND: name:enp0s3: saddr:100932208: daddr:33561200: srtt_us:51533704: RTT:6441713: ssthresh:6: cwnd:11: delivered:53: lost:14: retrans:6
[  276.692839] AAAAA-TCP_RECV: name:enp0s3: saddr:16783984: daddr:100932208: srtt_us:58713160: RTT:7339145: ssthresh:20: cwnd:20: delivered:80: lost:1: retrans:1
[  276.692876] AAAAA-TCP_SEND: name:enp0s3: saddr:100932208: daddr:16783984: srtt_us:58487946: RTT:7310993: ssthresh:20: cwnd:20: delivered:81: lost:1: retrans:1
[  276.757044] AAAAA-TCP_RECV: name:enp0s3: saddr:16783984: daddr:100932208: srtt_us:58487946: RTT:7310993: ssthresh:20: cwnd:20: delivered:81: lost:1: retrans:1
[  276.757077] AAAAA-TCP_SEND: name:enp0s3: saddr:100932208: daddr:16783984: srtt_us:58355088: RTT:7294386: ssthresh:20: cwnd:20: delivered:82: lost:1: retrans:1
[  276.921351] AAAAA-TCP_RECV: name:enp0s3: saddr:16783984: daddr:100932208: srtt_us:58355088: RTT:7294386: ssthresh:20: cwnd:20: delivered:82: lost:1: retrans:1
[  276.921381] AAAAA-TCP_SEND: name:enp0s3: saddr:100932208: daddr:16783984: srtt_us:58166138: RTT:7270767: ssthresh:20: cwnd:20: delivered:83: lost:1: retrans:1
[  276.964084] AAAAA-TCP_RECV: name:enp0s3: saddr:16783984: daddr:100932208: srtt_us:58166138: RTT:7270767: ssthresh:20: cwnd:20: delivered:83: lost:1: retrans:1
[  276.964126] AAAAA-TCP_SEND: name:enp0s3: saddr:100932208: daddr:16783984: srtt_us:57887732: RTT:7235966: ssthresh:20: cwnd:20: delivered:84: lost:1: retrans:1
[  276.977602] AAAAA-TCP_RECV: name:enp0s3: saddr:33561200: daddr:100932208: srtt_us:51533704: RTT:6441713: ssthresh:6: cwnd:11: delivered:53: lost:14: retrans:6
[  277.018020] AAAAA-TCP_RECV: name:enp0s3: saddr:33561200: daddr:100932208: srtt_us:51852576: RTT:6481572: ssthresh:6: cwnd:10: delivered:54: lost:14: retrans:6
[  277.152784] AAAAA-TCP_RECV: name:enp0s3: saddr:16783984: daddr:100932208: srtt_us:57887732: RTT:7235966: ssthresh:20: cwnd:20: delivered:84: lost:1: retrans:1
[  277.152809] AAAAA-TCP_SEND: name:enp0s3: saddr:100932208: daddr:33561200: srtt_us:52043281: RTT:6505410: ssthresh:6: cwnd:10: delivered:55: lost:14: retrans:6
[  277.152842] AAAAA-TCP_SEND: name:enp0s3: saddr:100932208: daddr:16783984: srtt_us:57084112: RTT:7135514: ssthresh:20: cwnd:20: delivered:85: lost:1: retrans:1
[  277.208240] AAAAA-TCP_RECV: name:enp0s3: saddr:16783984: daddr:100932208: srtt_us:57084112: RTT:7135514: ssthresh:20: cwnd:20: delivered:85: lost:1: retrans:1
[  277.208267] AAAAA-TCP_SEND: name:enp0s3: saddr:100932208: daddr:16783984: srtt_us:56408977: RTT:7051122: ssthresh:20: cwnd:20: delivered:86: lost:1: retrans:1
[  277.260173] AAAAA-TCP_RECV: name:enp0s3: saddr:33561200: daddr:100932208: srtt_us:52043281: RTT:6505410: ssthresh:6: cwnd:10: delivered:55: lost:14: retrans:6
[  277.656033] AAAAA-TCP_RECV: name:enp0s3: saddr:16783984: daddr:100932208: srtt_us:56408977: RTT:7051122: ssthresh:20: cwnd:20: delivered:86: lost:1: retrans:1
[  277.656080] AAAAA-TCP_SEND: name:enp0s3: saddr:100932208: daddr:16783984: srtt_us:55438191: RTT:6929773: ssthresh:20: cwnd:20: delivered:87: lost:1: retrans:1
[  277.708810] AAAAA-TCP_RECV: name:enp0s3: saddr:16783984: daddr:100932208: srtt_us:55438191: RTT:6929773: ssthresh:20: cwnd:20: delivered:87: lost:1: retrans:1
[  277.708841] AAAAA-TCP_SEND: name:enp0s3: saddr:100932208: daddr:16783984: srtt_us:54526882: RTT:6815860: ssthresh:20: cwnd:20: delivered:88: lost:1: retrans:1
[  278.100574] AAAAA-TCP_RECV: name:enp0s3: saddr:16783984: daddr:100932208: srtt_us:54526882: RTT:6815860: ssthresh:20: cwnd:20: delivered:88: lost:1: retrans:1
[  278.100612] AAAAA-TCP_SEND: name:enp0s3: saddr:100932208: daddr:16783984: srtt_us:51890687: RTT:6486335: ssthresh:20: cwnd:20: delivered:89: lost:1: retrans:1
[  278.380356] AAAAA-TCP_RECV: name:enp0s3: saddr:16783984: daddr:100932208: srtt_us:51890687: RTT:6486335: ssthresh:20: cwnd:20: delivered:89: lost:1: retrans:1
[  278.380392] AAAAA-TCP_SEND: name:enp0s3: saddr:100932208: daddr:16783984: srtt_us:49678229: RTT:6209778: ssthresh:20: cwnd:20: delivered:90: lost:1: retrans:1
[  278.647008] AAAAA-TCP_RECV: name:enp0s3: saddr:16783984: daddr:100932208: srtt_us:49678229: RTT:6209778: ssthresh:20: cwnd:20: delivered:90: lost:1: retrans:1
