[    0.000000] Linux version 5.4.243-mptcp (root@ztg) (gcc version 12.2.0 (Debian 12.2.0-14+deb12u1)) #53 SMP Wed Dec 24 23:28:15 CST 2025
[    0.000000] Command line: BOOT_IMAGE=/boot/vmlinuz-5.4.243-mptcp root=UUID=98415a12-53b7-4144-8265-0f7ece09e445 ro quiet splash
[    0.000000] KERNEL supported cpus:
[    0.000000]   Intel GenuineIntel
[    0.000000]   AMD AuthenticAMD
[    0.000000]   Hygon HygonGenuine
[    0.000000]   Centaur CentaurHauls
[    0.000000]   zhaoxin   Shanghai  
[    0.000000] x86/fpu: Supporting XSAVE feature 0x001: 'x87 floating point registers'
[    0.000000] x86/fpu: Supporting XSAVE feature 0x002: 'SSE registers'
[    0.000000] x86/fpu: Supporting XSAVE feature 0x004: 'AVX registers'
[    0.000000] x86/fpu: xstate_offset[2]:  576, xstate_sizes[2]:  256
[    0.000000] x86/fpu: Enabled xstate features 0x7, context size is 832 bytes, using 'standard' format.
[    0.000000] BIOS-provided physical RAM map:
[    0.000000] BIOS-e820: [mem 0x0000000000000000-0x000000000009fbff] usable
[    0.000000] BIOS-e820: [mem 0x000000000009fc00-0x000000000009ffff] reserved
[    0.000000] BIOS-e820: [mem 0x00000000000f0000-0x00000000000fffff] reserved
[    0.000000] BIOS-e820: [mem 0x0000000000100000-0x000000007ffeffff] usable
[    0.000000] BIOS-e820: [mem 0x000000007fff0000-0x000000007fffffff] ACPI data
[    0.000000] BIOS-e820: [mem 0x00000000fec00000-0x00000000fec00fff] reserved
[    0.000000] BIOS-e820: [mem 0x00000000fee00000-0x00000000fee00fff] reserved
[    0.000000] BIOS-e820: [mem 0x00000000fffc0000-0x00000000ffffffff] reserved
[    0.000000] NX (Execute Disable) protection: active
[    0.000000] SMBIOS 2.5 present.
[    0.000000] DMI: innotek GmbH VirtualBox/VirtualBox, BIOS VirtualBox 12/01/2006
[    0.000000] Hypervisor detected: KVM
[    0.000000] kvm-clock: Using msrs 4b564d01 and 4b564d00
[    0.000000] kvm-clock: cpu 0, msr 53201001, primary cpu clock
[    0.000000] kvm-clock: using sched offset of 4443975478 cycles
[    0.000003] clocksource: kvm-clock: mask: 0xffffffffffffffff max_cycles: 0x1cd42e4dffb, max_idle_ns: 881590591483 ns
[    0.000005] tsc: Detected 2100.000 MHz processor
[    0.001901] e820: update [mem 0x00000000-0x00000fff] usable ==> reserved
[    0.001903] e820: remove [mem 0x000a0000-0x000fffff] usable
[    0.001907] last_pfn = 0x7fff0 max_arch_pfn = 0x400000000
[    0.001976] MTRR default type: uncachable
[    0.001977] MTRR fixed ranges enabled:
[    0.001978]   00000-9FFFF write-back
[    0.001979]   A0000-BFFFF uncachable
[    0.001980]   C0000-FFFFF write-protect
[    0.001980] MTRR variable ranges enabled:
[    0.001982]   0 base 000000000000 mask 3FFF80000000 write-back
[    0.001982]   1 disabled
[    0.001983]   2 disabled
[    0.001983]   3 disabled
[    0.001984]   4 disabled
[    0.001984]   5 disabled
[    0.001985]   6 disabled
[    0.001985]   7 disabled
[    0.001985]   8 disabled
[    0.001986]   9 disabled
[    0.001986]   10 disabled
[    0.001987]   11 disabled
[    0.001987]   12 disabled
[    0.001988]   13 disabled
[    0.001988]   14 disabled
[    0.001988]   15 disabled
[    0.002005] x86/PAT: Configuration [0-7]: WB  WC  UC- UC  WB  WP  UC- WT  
[    0.002138] found SMP MP-table at [mem 0x0009fff0-0x0009ffff]
[    0.094127] check: Scanning 1 areas for low memory corruption
[    0.094369] RAMDISK: [mem 0x32271000-0x3512ffff]
[    0.094376] ACPI: Early table checksum verification disabled
[    0.094381] ACPI: RSDP 0x00000000000E0000 000024 (v02 VBOX  )
[    0.094385] ACPI: XSDT 0x000000007FFF0030 00003C (v01 VBOX   VBOXXSDT 00000001 ASL  00000061)
[    0.094391] ACPI: FACP 0x000000007FFF00F0 0000F4 (v04 VBOX   VBOXFACP 00000001 ASL  00000061)
[    0.094397] ACPI: DSDT 0x000000007FFF02E0 002353 (v02 VBOX   VBOXBIOS 00000002 VBOX 00029BF3)
[    0.094402] ACPI: FACS 0x000000007FFF0200 000040
[    0.094405] ACPI: FACS 0x000000007FFF0200 000040
[    0.094408] ACPI: APIC 0x000000007FFF0240 000054 (v02 VBOX   VBOXAPIC 00000001 ASL  00000061)
[    0.094412] ACPI: SSDT 0x000000007FFF02A0 000038 (v01 VBOX   VBOXCPUT 00000002 VBOX 00029BF3)
[    0.094415] ACPI: Reserving FACP table memory at [mem 0x7fff00f0-0x7fff01e3]
[    0.094416] ACPI: Reserving DSDT table memory at [mem 0x7fff02e0-0x7fff2632]
[    0.094417] ACPI: Reserving FACS table memory at [mem 0x7fff0200-0x7fff023f]
[    0.094417] ACPI: Reserving FACS table memory at [mem 0x7fff0200-0x7fff023f]
[    0.094418] ACPI: Reserving APIC table memory at [mem 0x7fff0240-0x7fff0293]
[    0.094419] ACPI: Reserving SSDT table memory at [mem 0x7fff02a0-0x7fff02d7]
[    0.094431] ACPI: Local APIC address 0xfee00000
[    0.094614] No NUMA configuration found
[    0.094615] Faking a node at [mem 0x0000000000000000-0x000000007ffeffff]
[    0.094625] NODE_DATA(0) allocated [mem 0x7ffc5000-0x7ffeffff]
[    0.094885] Zone ranges:
[    0.094886]   DMA      [mem 0x0000000000001000-0x0000000000ffffff]
[    0.094887]   DMA32    [mem 0x0000000001000000-0x000000007ffeffff]
[    0.094888]   Normal   empty
[    0.094889]   Device   empty
[    0.094889] Movable zone start for each node
[    0.094891] Early memory node ranges
[    0.094892]   node   0: [mem 0x0000000000001000-0x000000000009efff]
[    0.094893]   node   0: [mem 0x0000000000100000-0x000000007ffeffff]
[    0.094896] Zeroed struct page in unavailable ranges: 114 pages
[    0.094897] Initmem setup node 0 [mem 0x0000000000001000-0x000000007ffeffff]
[    0.094898] On node 0 totalpages: 524174
[    0.094899]   DMA zone: 64 pages used for memmap
[    0.094899]   DMA zone: 21 pages reserved
[    0.094900]   DMA zone: 3998 pages, LIFO batch:0
[    0.094972]   DMA32 zone: 8128 pages used for memmap
[    0.094973]   DMA32 zone: 520176 pages, LIFO batch:63
[    0.103832] ACPI: PM-Timer IO Port: 0x4008
[    0.103835] ACPI: Local APIC address 0xfee00000
[    0.103902] IOAPIC[0]: apic_id 1, version 32, address 0xfec00000, GSI 0-23
[    0.103906] ACPI: INT_SRC_OVR (bus 0 bus_irq 0 global_irq 2 dfl dfl)
[    0.103907] ACPI: INT_SRC_OVR (bus 0 bus_irq 9 global_irq 9 low level)
[    0.103909] ACPI: IRQ0 used by override.
[    0.103910] ACPI: IRQ9 used by override.
[    0.103913] Using ACPI (MADT) for SMP configuration information
[    0.103918] smpboot: Allowing 1 CPUs, 0 hotplug CPUs
[    0.103938] PM: Registered nosave memory: [mem 0x00000000-0x00000fff]
[    0.103940] PM: Registered nosave memory: [mem 0x0009f000-0x0009ffff]
[    0.103940] PM: Registered nosave memory: [mem 0x000a0000-0x000effff]
[    0.103941] PM: Registered nosave memory: [mem 0x000f0000-0x000fffff]
[    0.103942] [mem 0x80000000-0xfebfffff] available for PCI devices
[    0.103943] Booting paravirtualized kernel on KVM
[    0.103945] clocksource: refined-jiffies: mask: 0xffffffff max_cycles: 0xffffffff, max_idle_ns: 7645519600211568 ns
[    0.103949] setup_percpu: NR_CPUS:8192 nr_cpumask_bits:1 nr_cpu_ids:1 nr_node_ids:1
[    0.104970] percpu: Embedded 60 pages/cpu s208896 r8192 d28672 u2097152
[    0.104975] pcpu-alloc: s208896 r8192 d28672 u2097152 alloc=1*2097152
[    0.104976] pcpu-alloc: [0] 0 
[    0.104999] Built 1 zonelists, mobility grouping on.  Total pages: 515961
[    0.105000] Policy zone: DMA32
[    0.105002] Kernel command line: BOOT_IMAGE=/boot/vmlinuz-5.4.243-mptcp root=UUID=98415a12-53b7-4144-8265-0f7ece09e445 ro quiet splash
[    0.105859] Dentry cache hash table entries: 262144 (order: 9, 2097152 bytes, linear)
[    0.106006] Inode-cache hash table entries: 131072 (order: 8, 1048576 bytes, linear)
[    0.106054] mem auto-init: stack:off, heap alloc:on, heap free:off
[    0.106057] Calgary: detecting Calgary via BIOS EBDA area
[    0.106058] Calgary: Unable to locate Rio Grande table in EBDA - bailing!
[    0.110129] Memory: 1967332K/2096696K available (14339K kernel code, 2398K rwdata, 4712K rodata, 2728K init, 17260K bss, 129364K reserved, 0K cma-reserved)
[    0.111057] SLUB: HWalign=64, Order=0-3, MinObjects=0, CPUs=1, Nodes=1
[    0.111073] ftrace: allocating 43186 entries in 169 pages
[    0.129092] rcu: Hierarchical RCU implementation.
[    0.129093] rcu: 	RCU restricting CPUs from NR_CPUS=8192 to nr_cpu_ids=1.
[    0.129094] 	Tasks RCU enabled.
[    0.129095] rcu: RCU calculated value of scheduler-enlistment delay is 25 jiffies.
[    0.129096] rcu: Adjusting geometry for rcu_fanout_leaf=16, nr_cpu_ids=1
[    0.132052] NR_IRQS: 524544, nr_irqs: 256, preallocated irqs: 16
[    0.132251] random: crng init done
[    0.141569] Console: colour VGA+ 80x25
[    0.141572] printk: console [tty0] enabled
[    0.141590] ACPI: Core revision 20190816
[    0.141675] APIC: Switch to symmetric I/O mode setup
[    0.141930] x2apic enabled
[    0.142165] Switched APIC routing to physical x2apic.
[    0.143283] ..TIMER: vector=0x30 apic1=0 pin1=2 apic2=-1 pin2=-1
[    0.143308] clocksource: tsc-early: mask: 0xffffffffffffffff max_cycles: 0x1e4530a99b6, max_idle_ns: 440795257976 ns
[    0.143312] Calibrating delay loop (skipped) preset value.. 4200.00 BogoMIPS (lpj=8400000)
[    0.143314] pid_max: default: 32768 minimum: 301
[    0.143342] LSM: Security Framework initializing
[    0.143350] Yama: becoming mindful.
[    0.143374] AppArmor: AppArmor initialized
[    0.143407] Mount-cache hash table entries: 4096 (order: 3, 32768 bytes, linear)
[    0.143411] Mountpoint-cache hash table entries: 4096 (order: 3, 32768 bytes, linear)
[    0.143421] *** VALIDATE tmpfs ***
[    0.143552] *** VALIDATE proc ***
[    0.143592] *** VALIDATE cgroup1 ***
[    0.143593] *** VALIDATE cgroup2 ***
[    0.143731] process: using mwait in idle threads
[    0.143735] Last level iTLB entries: 4KB 64, 2MB 8, 4MB 8
[    0.143736] Last level dTLB entries: 4KB 64, 2MB 0, 4MB 0, 1GB 4
[    0.143755] Spectre V1 : Mitigation: usercopy/swapgs barriers and __user pointer sanitization
[    0.143760] Spectre V2 : Mitigation: Retpolines
[    0.143760] Spectre V2 : Spectre v2 / SpectreRSB mitigation: Filling RSB on context switch
[    0.143761] Spectre V2 : Spectre v2 / SpectreRSB : Filling RSB on VMEXIT
[    0.143761] RETBleed: WARNING: Spectre v2 mitigation leaves CPU vulnerable to RETBleed attacks, data leaks possible!
[    0.144113] RETBleed: Vulnerable
[    0.144113] Speculative Store Bypass: Vulnerable
[    0.144118] TAA: Mitigation: TSX disabled
[    0.144118] MMIO Stale Data: Mitigation: Clear CPU buffers
[    0.148296] Freeing SMP alternatives memory: 40K
[    0.260404] smpboot: CPU0: Intel(R) Xeon(R) Silver 4216 CPU @ 2.10GHz (family: 0x6, model: 0x55, stepping: 0x7)
[    0.260499] Performance Events: unsupported p6 CPU model 85 no PMU driver, software events only.
[    0.260530] rcu: Hierarchical SRCU implementation.
[    0.260981] NMI watchdog: Perf NMI watchdog permanently disabled
[    0.261014] smp: Bringing up secondary CPUs ...
[    0.261014] smp: Brought up 1 node, 1 CPU
[    0.261015] smpboot: Max logical packages: 1
[    0.261016] smpboot: Total of 1 processors activated (4200.00 BogoMIPS)
[    0.261943] devtmpfs: initialized
[    0.261985] x86/mm: Memory block size: 128MB
[    0.262300] clocksource: jiffies: mask: 0xffffffff max_cycles: 0xffffffff, max_idle_ns: 7645041785100000 ns
[    0.262303] futex hash table entries: 256 (order: 2, 16384 bytes, linear)
[    0.262339] pinctrl core: initialized pinctrl subsystem
[    0.262431] PM: RTC time: 16:04:20, date: 2026-01-13
[    0.262528] NET: Registered protocol family 16
[    0.262598] audit: initializing netlink subsys (disabled)
[    0.262714] EISA bus registered
[    0.262715] cpuidle: using governor ladder
[    0.262716] cpuidle: using governor menu
[    0.262750] ACPI: bus type PCI registered
[    0.262751] acpiphp: ACPI Hot Plug PCI Controller Driver version: 0.5
[    0.262847] PCI: Using configuration type 1 for base access
[    0.263343] audit: type=2000 audit(1768291466.845:1): state=initialized audit_enabled=0 res=1
[    0.263410] HugeTLB registered 2.00 MiB page size, pre-allocated 0 pages
[    0.264147] ACPI: Added _OSI(Module Device)
[    0.264148] ACPI: Added _OSI(Processor Device)
[    0.264149] ACPI: Added _OSI(3.0 _SCP Extensions)
[    0.264149] ACPI: Added _OSI(Processor Aggregator Device)
[    0.264150] ACPI: Added _OSI(Linux-Dell-Video)
[    0.264151] ACPI: Added _OSI(Linux-Lenovo-NV-HDMI-Audio)
[    0.264152] ACPI: Added _OSI(Linux-HPI-Hybrid-Graphics)
[    0.266086] ACPI: 2 ACPI AML tables successfully acquired and loaded
[    0.267590] ACPI: Interpreter enabled
[    0.267599] ACPI: (supports S0 S5)
[    0.267600] ACPI: Using IOAPIC for interrupt routing
[    0.267803] PCI: Using host bridge windows from ACPI; if necessary, use "pci=nocrs" and report a bug
[    0.267908] ACPI: Enabled 2 GPEs in block 00 to 07
[    0.272710] ACPI: PCI Root Bridge [PCI0] (domain 0000 [bus 00-ff])
[    0.272714] acpi PNP0A03:00: _OSC: OS supports [ASPM ClockPM Segments MSI HPX-Type3]
[    0.273156] acpi PNP0A03:00: _OSC: not requesting OS control; OS requires [ExtendedConfig ASPM ClockPM MSI]
[    0.273163] acpi PNP0A03:00: fail to add MMCONFIG information, can't access extended PCI configuration space under this bridge.
[    0.273531] PCI host bridge to bus 0000:00
[    0.273533] pci_bus 0000:00: root bus resource [io  0x0000-0x0cf7 window]
[    0.273535] pci_bus 0000:00: root bus resource [io  0x0d00-0xffff window]
[    0.273536] pci_bus 0000:00: root bus resource [mem 0x000a0000-0x000bffff window]
[    0.273537] pci_bus 0000:00: root bus resource [mem 0x80000000-0xfdffffff window]
[    0.273538] pci_bus 0000:00: root bus resource [bus 00-ff]
[    0.273583] pci 0000:00:00.0: [8086:1237] type 00 class 0x060000
[    0.274531] pci 0000:00:01.0: [8086:7000] type 00 class 0x060100
[    0.275402] pci 0000:00:01.1: [8086:7111] type 00 class 0x01018a
[    0.275779] pci 0000:00:01.1: reg 0x20: [io  0xd000-0xd00f]
[    0.275935] pci 0000:00:01.1: legacy IDE quirk: reg 0x10: [io  0x01f0-0x01f7]
[    0.275936] pci 0000:00:01.1: legacy IDE quirk: reg 0x14: [io  0x03f6]
[    0.275937] pci 0000:00:01.1: legacy IDE quirk: reg 0x18: [io  0x0170-0x0177]
[    0.275938] pci 0000:00:01.1: legacy IDE quirk: reg 0x1c: [io  0x0376]
[    0.276476] pci 0000:00:02.0: [15ad:0405] type 00 class 0x030000
[    0.279387] pci 0000:00:02.0: reg 0x10: [io  0xd010-0xd01f]
[    0.282208] pci 0000:00:02.0: reg 0x14: [mem 0xe0000000-0xe7ffffff pref]
[    0.283355] pci 0000:00:02.0: reg 0x18: [mem 0xf0000000-0xf01fffff]
[    0.295980] pci 0000:00:03.0: [1022:2000] type 00 class 0x020000
[    0.296666] pci 0000:00:03.0: reg 0x10: [io  0xd020-0xd03f]
[    0.297281] pci 0000:00:03.0: reg 0x14: [mem 0xf0200000-0xf0200fff]
[    0.300675] pci 0000:00:04.0: [80ee:cafe] type 00 class 0x088000
[    0.301356] pci 0000:00:04.0: reg 0x10: [io  0xd040-0xd05f]
[    0.301966] pci 0000:00:04.0: reg 0x14: [mem 0xf0400000-0xf07fffff]
[    0.302588] pci 0000:00:04.0: reg 0x18: [mem 0xf0800000-0xf0803fff pref]
[    0.305821] pci 0000:00:07.0: [8086:7113] type 00 class 0x068000
[    0.307331] pci 0000:00:07.0: quirk: [io  0x4000-0x403f] claimed by PIIX4 ACPI
[    0.307342] pci 0000:00:07.0: quirk: [io  0x4100-0x410f] claimed by PIIX4 SMB
[    0.307928] pci 0000:00:08.0: [1022:2000] type 00 class 0x020000
[    0.308594] pci 0000:00:08.0: reg 0x10: [io  0xd060-0xd07f]
[    0.309206] pci 0000:00:08.0: reg 0x14: [mem 0xf0804000-0xf0804fff]
[    0.312701] pci 0000:00:09.0: [8086:100e] type 00 class 0x020000
[    0.313406] pci 0000:00:09.0: reg 0x10: [mem 0xf0820000-0xf083ffff]
[    0.314615] pci 0000:00:09.0: reg 0x18: [io  0xd080-0xd087]
[    0.324290] ACPI: PCI Interrupt Link [LNKA] (IRQs 5 9 10 *11)
[    0.324571] ACPI: PCI Interrupt Link [LNKB] (IRQs 5 9 *10 11)
[    0.324676] ACPI: PCI Interrupt Link [LNKC] (IRQs 5 *9 10 11)
[    0.324777] ACPI: PCI Interrupt Link [LNKD] (IRQs 5 9 10 *11)
[    0.325001] iommu: Default domain type: Translated 
[    0.325054] pci 0000:00:02.0: vgaarb: setting as boot VGA device
[    0.325055] pci 0000:00:02.0: vgaarb: VGA device added: decodes=io+mem,owns=io+mem,locks=none
[    0.325057] pci 0000:00:02.0: vgaarb: bridge control possible
[    0.325058] vgaarb: loaded
[    0.325249] SCSI subsystem initialized
[    0.325276] libata version 3.00 loaded.
[    0.325301] ACPI: bus type USB registered
[    0.325316] usbcore: registered new interface driver usbfs
[    0.325322] usbcore: registered new interface driver hub
[    0.325327] usbcore: registered new device driver usb
[    0.325349] pps_core: LinuxPPS API ver. 1 registered
[    0.325350] pps_core: Software ver. 5.3.6 - Copyright 2005-2007 Rodolfo Giometti <giometti@linux.it>
[    0.325352] PTP clock support registered
[    0.325396] EDAC MC: Ver: 3.0.0
[    0.325672] PCI: Using ACPI for IRQ routing
[    0.325673] PCI: pci_cache_line_size set to 64 bytes
[    0.325841] e820: reserve RAM buffer [mem 0x0009fc00-0x0009ffff]
[    0.325845] e820: reserve RAM buffer [mem 0x7fff0000-0x7fffffff]
[    0.327324] NetLabel: Initializing
[    0.327325] NetLabel:  domain hash size = 128
[    0.327325] NetLabel:  protocols = UNLABELED CIPSOv4 CALIPSO
[    0.327345] NetLabel:  unlabeled traffic allowed by default
[    0.328238] clocksource: Switched to clocksource kvm-clock
[    0.339320] *** VALIDATE bpf ***
[    0.339320] VFS: Disk quotas dquot_6.6.0
[    0.339320] VFS: Dquot-cache hash table entries: 512 (order 0, 4096 bytes)
[    0.339320] *** VALIDATE ramfs ***
[    0.339320] *** VALIDATE hugetlbfs ***
[    0.339320] AppArmor: AppArmor Filesystem Enabled
[    0.339320] pnp: PnP ACPI init
[    0.339320] pnp 00:00: Plug and Play ACPI device, IDs PNP0303 (active)
[    0.341922] pnp 00:01: Plug and Play ACPI device, IDs PNP0f03 (active)
[    0.342678] pnp: PnP ACPI: found 2 devices
[    0.343647] thermal_sys: Registered thermal governor 'fair_share'
[    0.343648] thermal_sys: Registered thermal governor 'bang_bang'
[    0.343649] thermal_sys: Registered thermal governor 'step_wise'
[    0.343649] thermal_sys: Registered thermal governor 'user_space'
[    0.343650] thermal_sys: Registered thermal governor 'power_allocator'
[    0.348179] clocksource: acpi_pm: mask: 0xffffff max_cycles: 0xffffff, max_idle_ns: 2085701024 ns
[    0.348217] pci_bus 0000:00: resource 4 [io  0x0000-0x0cf7 window]
[    0.348218] pci_bus 0000:00: resource 5 [io  0x0d00-0xffff window]
[    0.348219] pci_bus 0000:00: resource 6 [mem 0x000a0000-0x000bffff window]
[    0.348220] pci_bus 0000:00: resource 7 [mem 0x80000000-0xfdffffff window]
[    0.348275] NET: Registered protocol family 2
[    0.348345] IP idents hash table entries: 32768 (order: 6, 262144 bytes, linear)
[    0.348728] MPTCP tokens hash table entries: 8192 (order: 4, 65536 bytes, linear)
[    0.348748] MPTCP request tokens hash table entries: 8192 (order: 4, 65536 bytes, linear)
[    0.348773] default registered
[    0.348774] default registered
[    0.348774] MPTCP: Stable release v0.96
[    0.348780] tcp_listen_portaddr_hash hash table entries: 1024 (order: 2, 16384 bytes, linear)
[    0.348853] TCP established hash table entries: 16384 (order: 5, 131072 bytes, linear)
[    0.348916] TCP bind hash table entries: 16384 (order: 6, 262144 bytes, linear)
[    0.348941] TCP: Hash tables configured (established 16384 bind 16384)
[    0.349659] UDP hash table entries: 1024 (order: 3, 32768 bytes, linear)
[    0.349670] UDP-Lite hash table entries: 1024 (order: 3, 32768 bytes, linear)
[    0.349702] NET: Registered protocol family 1
[    0.349710] NET: Registered protocol family 44
[    0.349729] pci 0000:00:00.0: Limiting direct PCI/PCI transfers
[    0.349741] pci 0000:00:01.0: Activating ISA DMA hang workarounds
[    0.349797] pci 0000:00:02.0: Video device with shadowed ROM at [mem 0x000c0000-0x000dffff]
[    0.349859] PCI: CLS 0 bytes, default 64
[    0.349904] Trying to unpack rootfs image as initramfs...
[    0.515180] Freeing initrd memory: 47868K
[    0.515180] clocksource: tsc: mask: 0xffffffffffffffff max_cycles: 0x1e4530a99b6, max_idle_ns: 440795257976 ns
[    0.515180] clocksource: Switched to clocksource tsc
[    0.515180] platform rtc_cmos: registered platform RTC device (no PNP device found)
[    0.515180] check: Scanning for low memory corruption every 60 seconds
[    0.515180] Initialise system trusted keyrings
[    0.515180] Key type blacklist registered
[    0.515180] workingset: timestamp_bits=36 max_order=19 bucket_order=0
[    0.515180] zbud: loaded
[    0.515180] squashfs: version 4.0 (2009/01/31) Phillip Lougher
[    0.515180] fuse: init (API version 7.31)
[    0.515180] *** VALIDATE fuse ***
[    0.515180] *** VALIDATE fuse ***
[    0.515180] Platform Keyring initialized
[    0.531078] Key type asymmetric registered
[    0.531079] Asymmetric key parser 'x509' registered
[    0.531089] Block layer SCSI generic (bsg) driver version 0.4 loaded (major 244)
[    0.531126] io scheduler mq-deadline registered
[    0.531247] shpchp: Standard Hot Plug PCI Controller Driver version: 0.4
[    0.531473] ACPI: AC Adapter [AC] (on-line)
[    0.531517] input: Power Button as /devices/LNXSYSTM:00/LNXPWRBN:00/input/input0
[    0.531548] ACPI: Power Button [PWRF]
[    0.531620] input: Sleep Button as /devices/LNXSYSTM:00/LNXSLPBN:00/input/input1
[    0.531635] ACPI: Sleep Button [SLPF]
[    0.531869] Serial: 8250/16550 driver, 32 ports, IRQ sharing enabled
[    0.533006] Linux agpgart interface v0.103
[    0.627111] loop: module loaded
[    0.627244] ata_piix 0000:00:01.1: version 2.13
[    0.627629] scsi host0: ata_piix
[    0.627716] scsi host1: ata_piix
[    0.627743] ata1: PATA max UDMA/33 cmd 0x1f0 ctl 0x3f6 bmdma 0xd000 irq 14
[    0.627743] ata2: PATA max UDMA/33 cmd 0x170 ctl 0x376 bmdma 0xd008 irq 15
[    0.627815] tun: Universal TUN/TAP device driver, 1.6
[    0.628124] PPP generic driver version 2.4.2
[    0.628166] VFIO - User Level meta-driver version: 0.3
[    0.628403] ehci_hcd: USB 2.0 'Enhanced' Host Controller (EHCI) Driver
[    0.628408] ehci-pci: EHCI PCI platform driver
[    0.628419] ehci-platform: EHCI generic platform driver
[    0.628425] ohci_hcd: USB 1.1 'Open' Host Controller (OHCI) Driver
[    0.628426] ohci-pci: OHCI PCI platform driver
[    0.628433] ohci-platform: OHCI generic platform driver
[    0.628437] uhci_hcd: USB Universal Host Controller Interface driver
[    0.628499] i8042: PNP: PS/2 Controller [PNP0303:PS2K,PNP0f03:PS2M] at 0x60,0x64 irq 1,12
[    0.628933] serio: i8042 KBD port at 0x60,0x64 irq 1
[    0.628936] serio: i8042 AUX port at 0x60,0x64 irq 12
[    0.629019] mousedev: PS/2 mouse device common for all mice
[    0.629281] input: AT Translated Set 2 keyboard as /devices/platform/i8042/serio0/input/input2
[    0.629677] rtc_cmos rtc_cmos: registered as rtc0
[    0.629690] rtc_cmos rtc_cmos: alarms up to one day, 114 bytes nvram
[    0.629695] i2c /dev entries driver
[    0.629735] device-mapper: uevent: version 1.0.3
[    0.629777] device-mapper: ioctl: 4.41.0-ioctl (2019-09-16) initialised: dm-devel@redhat.com
[    0.629792] platform eisa.0: Probing EISA bus 0
[    0.629794] platform eisa.0: EISA: Cannot allocate resource for mainboard
[    0.629795] platform eisa.0: Cannot allocate resource for EISA slot 1
[    0.629796] platform eisa.0: Cannot allocate resource for EISA slot 2
[    0.629797] platform eisa.0: Cannot allocate resource for EISA slot 3
[    0.629798] platform eisa.0: Cannot allocate resource for EISA slot 4
[    0.629799] platform eisa.0: Cannot allocate resource for EISA slot 5
[    0.629800] platform eisa.0: Cannot allocate resource for EISA slot 6
[    0.629801] platform eisa.0: Cannot allocate resource for EISA slot 7
[    0.629802] platform eisa.0: Cannot allocate resource for EISA slot 8
[    0.629803] platform eisa.0: EISA: Detected 0 cards
[    0.629805] intel_pstate: CPU model not supported
[    0.629813] ledtrig-cpu: registered to indicate activity on CPUs
[    0.629861] drop_monitor: Initializing network drop monitor service
[    0.630019] NET: Registered protocol family 10
[    0.635252] Segment Routing with IPv6
[    0.635252] fullmesh registered
[    0.635252] ndiffports registered
[    0.635252] binder registered
[    0.635252] roundrobin registered
[    0.635252] redundant registered
[    0.635252] blest registered
[    0.635252] ecf registered
[    0.635252] NET: Registered protocol family 17
[    0.635252] Key type dns_resolver registered
[    0.635252] RAS: Correctable Errors collector initialized.
[    0.635252] IPI shorthand broadcast: enabled
[    0.635252] sched_clock: Marking stable (620184830, 11067198)->(631828355, -576327)
[    0.636524] registered taskstats version 1
[    0.636532] Loading compiled-in X.509 certificates
[    0.637131] Loaded X.509 cert 'Build time autogenerated kernel key: 6909f3744cebb3d0de528d5887b96a727de79b1e'
[    0.637151] zswap: loaded using pool lzo/zbud
[    0.637203] Key type ._fscrypt registered
[    0.637204] Key type .fscrypt registered
[    0.641659] Key type big_key registered
[    0.643825] Key type encrypted registered
[    0.643828] AppArmor: AppArmor sha1 policy hashing enabled
[    0.643835] ima: No TPM chip found, activating TPM-bypass!
[    0.643838] ima: Allocated hash algorithm: sha1
[    0.643844] ima: No architecture policies found
[    0.643852] evm: Initialising EVM extended attributes:
[    0.643853] evm: security.selinux
[    0.643853] evm: security.SMACK64
[    0.643854] evm: security.SMACK64EXEC
[    0.643854] evm: security.SMACK64TRANSMUTE
[    0.643855] evm: security.SMACK64MMAP
[    0.643855] evm: security.apparmor
[    0.643856] evm: security.ima
[    0.643856] evm: security.capability
[    0.643857] evm: HMAC attrs: 0x1
[    0.644143] PM:   Magic number: 10:156:85
[    0.644238] rtc_cmos rtc_cmos: setting system clock to 2026-01-13T16:04:21 UTC (1768320261)
[    0.800007] ata1.00: ATA-6: VBOX HARDDISK, 1.0, max UDMA/133
[    0.800010] ata1.00: 209715200 sectors, multi 128: LBA 
[    0.800653] scsi 0:0:0:0: Direct-Access     ATA      VBOX HARDDISK    1.0  PQ: 0 ANSI: 5
[    0.800928] sd 0:0:0:0: [sda] 209715200 512-byte logical blocks: (107 GB/100 GiB)
[    0.800940] sd 0:0:0:0: [sda] Write Protect is off
[    0.800943] sd 0:0:0:0: [sda] Mode Sense: 00 3a 00 00
[    0.800962] sd 0:0:0:0: [sda] Write cache: enabled, read cache: enabled, doesn't support DPO or FUA
[    0.801291] sd 0:0:0:0: Attached scsi generic sg0 type 0
[    0.802323]  sda: sda1 sda2
[    0.811384] sd 0:0:0:0: [sda] Attached SCSI disk
[    0.816085] Freeing unused decrypted memory: 2040K
[    0.817343] Freeing unused kernel image memory: 2728K
[    0.817347] Write protecting the kernel read-only data: 22528k
[    0.818693] Freeing unused kernel image memory: 2036K
[    0.819417] Freeing unused kernel image memory: 1432K
[    0.853417] x86/mm: Checked W+X mappings: passed, no W+X pages found.
[    0.853421] Run /init as init process
[    0.965494] ACPI: Video Device [GFX0] (multi-head: yes  rom: no  post: no)
[    0.965563] input: Video Bus as /devices/LNXSYSTM:00/LNXSYBUS:00/PNP0A03:00/LNXVIDEO:00/input/input4
[    0.980057] pcnet32: pcnet32.c:v1.35 21.Apr.2008 tsbogend@alpha.franken.de
[    0.981609] piix4_smbus 0000:00:07.0: SMBus Host Controller at 0x4100, revision 0
[    0.984249] e1000: Intel(R) PRO/1000 Network Driver - version 7.3.21-k8-NAPI
[    0.984250] e1000: Copyright (c) 1999-2006 Intel Corporation.
[    0.988159] pcnet32: PCnet/FAST III 79C973 at 0xd020, 08:00:27:68:8d:b9 assigned IRQ 19
[    0.988202] pcnet32: Found PHY 0022:561b at address 0
[    0.988496] pcnet32: eth0: registered as PCnet/FAST III 79C973
[    0.998475] pcnet32: PCnet/FAST III 79C973 at 0xd060, 08:00:27:5a:df:7c assigned IRQ 16
[    0.998517] pcnet32: Found PHY 0022:561b at address 0
[    0.998806] pcnet32: eth1: registered as PCnet/FAST III 79C973
[    0.998826] pcnet32: 2 cards_found
[    1.050193] pcnet32 0000:00:03.0 enp0s3: renamed from eth0
[    1.051589] pcnet32 0000:00:08.0 enp0s8: renamed from eth1
[    1.197708] input: ImExPS/2 Generic Explorer Mouse as /devices/platform/i8042/serio1/input/input5
[    1.391290] e1000 0000:00:09.0 eth0: (PCI:33MHz:32-bit) 08:00:27:ee:3e:a8
[    1.391294] e1000 0000:00:09.0 eth0: Intel(R) PRO/1000 Network Connection
[    1.392334] e1000 0000:00:09.0 enp0s9: renamed from eth0
[    1.566185] EXT4-fs (sda2): mounted filesystem with ordered data mode. Opts: (null)
[    1.656363] systemd[1]: Inserted module 'autofs4'
[    1.669138] systemd[1]: systemd 245.4-4ubuntu3 running in system mode. (+PAM +AUDIT +SELINUX +IMA +APPARMOR +SMACK +SYSVINIT +UTMP +LIBCRYPTSETUP +GCRYPT +GNUTLS +ACL +XZ +LZ4 +SECCOMP +BLKID +ELFUTILS +KMOD +IDN2 -IDN +PCRE2 default-hierarchy=hybrid)
[    1.669178] systemd[1]: Detected virtualization oracle.
[    1.669181] systemd[1]: Detected architecture x86-64.
[    1.670448] systemd[1]: Set hostname to <ztg>.
[    1.792569] systemd[1]: /lib/systemd/system/dbus.socket:5: ListenStream= references a path below legacy directory /var/run/, updating /var/run/dbus/system_bus_socket â†’ /run/dbus/system_bus_socket; please update the unit file accordingly.
[    1.844345] systemd[1]: Created slice system-modprobe.slice.
[    1.844526] systemd[1]: Created slice User and Session Slice.
[    1.844568] systemd[1]: Started Forward Password Requests to Wall Directory Watch.
[    1.844715] systemd[1]: Set up automount Arbitrary Executable File Formats File System Automount Point.
[    1.844748] systemd[1]: Reached target User and Group Name Lookups.
[    1.844757] systemd[1]: Reached target Remote File Systems.
[    1.844766] systemd[1]: Reached target Slices.
[    1.845304] systemd[1]: Listening on Syslog Socket.
[    1.845370] systemd[1]: Listening on fsck to fsckd communication Socket.
[    1.845405] systemd[1]: Listening on initctl Compatibility Named Pipe.
[    1.845532] systemd[1]: Listening on Journal Audit Socket.
[    1.845584] systemd[1]: Listening on Journal Socket (/dev/log).
[    1.845649] systemd[1]: Listening on Journal Socket.
[    1.845713] systemd[1]: Listening on udev Control Socket.
[    1.845750] systemd[1]: Listening on udev Kernel Socket.
[    1.846413] systemd[1]: Mounting Huge Pages File System...
[    1.847348] systemd[1]: Mounting POSIX Message Queue File System...
[    1.848165] systemd[1]: Mounting Kernel Debug File System...
[    1.848979] systemd[1]: Mounting Kernel Trace File System...
[    1.850833] systemd[1]: Starting Journal Service...
[    1.874220] systemd[1]: Starting Set the console keyboard layout...
[    1.881785] systemd[1]: Starting Create list of static device nodes for the current kernel...
[    1.883765] systemd[1]: Starting Load Kernel Module drm...
[    1.884846] systemd[1]: Condition check resulted in Set Up Additional Binary Formats being skipped.
[    1.884886] systemd[1]: Condition check resulted in File System Check on Root Device being skipped.
[    1.897812] systemd[1]: Starting Load Kernel Modules...
[    1.903015] systemd[1]: Starting Remount Root and Kernel File Systems...
[    1.912943] systemd[1]: Starting udev Coldplug all Devices...
[    1.922697] systemd[1]: Starting Uncomplicated firewall...
[    1.923890] systemd[1]: Mounted Huge Pages File System.
[    1.923978] systemd[1]: Mounted POSIX Message Queue File System.
[    1.924053] systemd[1]: Mounted Kernel Debug File System.
[    1.924118] systemd[1]: Mounted Kernel Trace File System.
[    1.930482] EXT4-fs (sda2): re-mounted. Opts: errors=remount-ro
[    1.944232] systemd[1]: Finished Create list of static device nodes for the current kernel.
[    1.945193] systemd[1]: modprobe@drm.service: Succeeded.
[    1.959827] systemd[1]: Finished Load Kernel Module drm.
[    1.966853] systemd[1]: Finished Remount Root and Kernel File Systems.
[    1.967649] systemd[1]: Finished Uncomplicated firewall.
[    1.984014] lp: driver loaded but no devices found
[    1.987276] systemd[1]: Condition check resulted in Rebuild Hardware Database being skipped.
[    1.987310] systemd[1]: Condition check resulted in Platform Persistent Storage Archival being skipped.
[    1.987915] systemd[1]: Starting Load/Save Random Seed...
[    1.992244] systemd[1]: Starting Create System Users...
[    2.000430] systemd[1]: Finished Load/Save Random Seed.
[    2.001417] ppdev: user-space parallel port driver
[    2.009930] systemd[1]: Finished Create System Users.
[    2.010591] systemd[1]: Starting Create Static Device Nodes in /dev...
[    2.030023] systemd[1]: Finished Create Static Device Nodes in /dev.
[    2.030747] systemd[1]: Starting udev Kernel Device Manager...
[    2.076680] systemd[1]: Finished udev Coldplug all Devices.
[    2.079325] [drm] DMA map mode: Caching DMA mappings.
[    2.079386] [drm] Capabilities:
[    2.079387] [drm]   Rect copy.
[    2.079387] [drm]   Cursor.
[    2.079387] [drm]   Cursor bypass.
[    2.079388] [drm]   Cursor bypass 2.
[    2.079388] [drm]   Alpha cursor.
[    2.079388] [drm]   Extended Fifo.
[    2.079389] [drm]   Pitchlock.
[    2.079389] [drm]   Irq mask.
[    2.079389] [drm]   GMR.
[    2.079390] [drm]   Traces.
[    2.079390] [drm]   GMR2.
[    2.079390] [drm]   Screen Object 2.
[    2.079391] [drm]   Command Buffers.
[    2.079391] [drm]   Command Buffers 2.
[    2.079392] [drm]   Guest Backed Resources.
[    2.079392] [drm] Max GMR ids is 8192
[    2.079393] [drm] Max number of GMR pages is 1048576
[    2.079393] [drm] Max dedicated hypervisor surface memory is 393216 kiB
[    2.079394] [drm] Maximum display memory size is 131072 kiB
[    2.079395] [drm] VRAM at 0xe0000000 size is 131072 kiB
[    2.079395] [drm] MMIO at 0xf0000000 size is 2048 kiB
[    2.079855] [TTM] Zone  kernel: Available graphics memory: 1011738 KiB
[    2.079855] [TTM] Initializing pool allocator
[    2.079858] [TTM] Initializing DMA pool allocator
[    2.079908] [drm] Supports vblank timestamp caching Rev 2 (21.10.2013).
[    2.079908] [drm] No driver support for vblank timestamp query.
[    2.080122] [drm] Screen Target Display device initialized
[    2.080310] [drm] width 720
[    2.080319] [drm] height 400
[    2.080322] [drm] bpp 32
[    2.080806] [drm] Fifo max 0x00200000 min 0x00001000 cap 0x00000355
[    2.081869] [drm] Using command buffers with DMA pool.
[    2.081872] [drm] DX: no.
[    2.081873] [drm] Atomic: yes.
[    2.081873] [drm] SM4_1: no.
[    2.081891] [drm:vmw_host_log [vmwgfx]] *ERROR* Failed to send host log message.
[    2.082806] [drm:vmw_host_log [vmwgfx]] *ERROR* Failed to send host log message.
[    2.099550] fbcon: svgadrmfb (fb0) is primary device
[    2.101650] Console: switching to colour frame buffer device 100x37
[    2.106994] [drm] Initialized vmwgfx 2.15.0 20180704 for 0000:00:02.0 on minor 0
[    2.107862] systemd[1]: Finished Load Kernel Modules.
[    2.108737] systemd[1]: Mounting FUSE Control File System...
[    2.109845] systemd[1]: Mounting Kernel Configuration File System...
[    2.146131] systemd[1]: Starting Apply Kernel Variables...
[    2.146758] systemd[1]: Mounted FUSE Control File System.
[    2.146840] systemd[1]: Mounted Kernel Configuration File System.
[    2.146887] systemd[1]: Condition check resulted in VMware vmblock fuse mount being skipped.
[    2.161425] systemd[1]: Finished Apply Kernel Variables.
[    2.163485] systemd[1]: Finished Set the console keyboard layout.
[    2.163560] systemd[1]: Reached target Local File Systems (Pre).
[    2.165473] systemd[1]: Mounting Mount unit for bare, revision 5...
[    2.167425] systemd[1]: Mounting Mount unit for core18, revision 1705...
[    2.175614] systemd[1]: Mounting Mount unit for gnome-3-34-1804, revision 24...
[    2.183488] systemd[1]: Mounting Mount unit for gtk-common-themes, revision 1506...
[    2.190641] systemd[1]: Mounting Mount unit for gtk-common-themes, revision 1535...
[    2.204226] systemd[1]: Mounting Mount unit for snap-store, revision 433...
[    2.210963] systemd[1]: Mounting Mount unit for snapd, revision 25935...
[    2.248372] systemd[1]: Mounted Mount unit for bare, revision 5.
[    2.248457] systemd[1]: Mounted Mount unit for core18, revision 1705.
[    2.248527] systemd[1]: Mounted Mount unit for gnome-3-34-1804, revision 24.
[    2.257260] systemd[1]: Mounted Mount unit for gtk-common-themes, revision 1506.
[    2.267208] systemd[1]: Started udev Kernel Device Manager.
[    2.267892] systemd[1]: Starting Show Plymouth Boot Screen...
[    2.273437] systemd[1]: Received SIGRTMIN+20 from PID 282 (plymouthd).
[    2.277781] systemd[1]: Mounted Mount unit for gtk-common-themes, revision 1535.
[    2.299071] systemd[1]: Started Show Plymouth Boot Screen.
[    2.299200] systemd[1]: Condition check resulted in Dispatch Password Requests to Console Directory Watch being skipped.
[    2.299280] systemd[1]: Started Forward Password Requests to Plymouth Directory Watch.
[    2.299310] systemd[1]: Reached target Local Encrypted Volumes.
[    2.316995] systemd[1]: Mounted Mount unit for snap-store, revision 433.
[    2.317218] systemd[1]: Mounted Mount unit for snapd, revision 25935.
[    2.317365] systemd[1]: Reached target Local File Systems.
[    2.318099] systemd[1]: Starting Load AppArmor profiles...
[    2.332481] systemd[1]: Starting Set console font and keymap...
[    2.341754] systemd[1]: Starting Tell Plymouth To Write Out Runtime Data...
[    2.343537] systemd[1]: Condition check resulted in Store a System Token in an EFI Variable being skipped.
[    2.343566] systemd[1]: Condition check resulted in Commit a transient machine-id on disk being skipped.
[    2.347143] systemd[1]: Finished Set console font and keymap.
[    2.348602] systemd[1]: Received SIGRTMIN+20 from PID 282 (plymouthd).
[    2.349280] systemd[1]: plymouth-read-write.service: Succeeded.
[    2.349518] systemd[1]: Finished Tell Plymouth To Write Out Runtime Data.
[    2.377407] audit: type=1400 audit(1768320263.228:2): apparmor="STATUS" operation="profile_load" profile="unconfined" name="nvidia_modprobe" pid=301 comm="apparmor_parser"
[    2.377409] audit: type=1400 audit(1768320263.228:3): apparmor="STATUS" operation="profile_load" profile="unconfined" name="nvidia_modprobe//kmod" pid=301 comm="apparmor_parser"
[    2.383910] audit: type=1400 audit(1768320263.236:4): apparmor="STATUS" operation="profile_load" profile="unconfined" name="/usr/sbin/tcpdump" pid=302 comm="apparmor_parser"
[    2.430737] audit: type=1400 audit(1768320263.276:5): apparmor="STATUS" operation="profile_load" profile="unconfined" name="/usr/bin/evince" pid=304 comm="apparmor_parser"
[    2.430740] audit: type=1400 audit(1768320263.276:6): apparmor="STATUS" operation="profile_load" profile="unconfined" name="/usr/bin/evince//sanitized_helper" pid=304 comm="apparmor_parser"
[    2.430742] audit: type=1400 audit(1768320263.276:7): apparmor="STATUS" operation="profile_load" profile="unconfined" name="/usr/bin/evince-previewer" pid=304 comm="apparmor_parser"
[    2.430743] audit: type=1400 audit(1768320263.276:8): apparmor="STATUS" operation="profile_load" profile="unconfined" name="/usr/bin/evince-previewer//sanitized_helper" pid=304 comm="apparmor_parser"
[    2.430745] audit: type=1400 audit(1768320263.276:9): apparmor="STATUS" operation="profile_load" profile="unconfined" name="/usr/bin/evince-thumbnailer" pid=304 comm="apparmor_parser"
[    2.445525] audit: type=1400 audit(1768320263.296:10): apparmor="STATUS" operation="profile_load" profile="unconfined" name="/usr/lib/cups/backend/cups-pdf" pid=305 comm="apparmor_parser"
[    2.524253] systemd[1]: Finished Load AppArmor profiles.
[    2.525122] systemd[1]: Starting Load AppArmor profiles managed internally by snapd...
[    2.632869] systemd[1]: Finished Load AppArmor profiles managed internally by snapd.
[    2.837119] systemd[1]: Started Journal Service.
[    2.844730] systemd-journald[229]: Received client request to flush runtime journal.
[    2.848256] systemd-journald[229]: File /var/log/journal/c455b248004a419c87ce85eea238d727/system.journal corrupted or uncleanly shut down, renaming and replacing.
[    4.087781] RAPL PMU: API unit is 2^-32 Joules, 0 fixed counters, 10737418240 ms ovfl timer
[    4.111920] cryptd: max_cpu_qlen set to 1000
[    4.174316] AVX2 version of gcm_enc/dec engaged.
[    4.174317] AES CTR mode by8 optimization enabled
[    5.971576] Adding 1998844k swap on /dev/sda1.  Priority:-2 extents:1 across:1998844k FS
[    6.947236] kauditd_printk_skb: 30 callbacks suppressed
[    6.947237] audit: type=1400 audit(1768320267.796:41): apparmor="DENIED" operation="capable" profile="/usr/sbin/cups-browsed" pid=511 comm="cups-browsed" capability=23  capname="sys_nice"
[    8.327468] pcnet32 0000:00:03.0 enp0s3: link up, 100Mbps, full-duplex
[    8.348817] pcnet32 0000:00:08.0 enp0s8: link up, 100Mbps, full-duplex
[    8.393637] e1000: enp0s9 NIC Link is Up 1000 Mbps Full Duplex, Flow Control: RX
[    8.393926] IPv6: ADDRCONF(NETDEV_CHANGE): enp0s9: link becomes ready
[    8.894430] device enp0s3 entered promiscuous mode
[    8.916499] device enp0s8 entered promiscuous mode
[    8.958676] audit: type=1400 audit(1768320269.808:42): apparmor="DENIED" operation="open" profile="/usr/sbin/tcpdump" name="/proc/sys/kernel/random/boot_id" pid=628 comm="tcpdump" requested_mask="r" denied_mask="r" fsuid=0 ouid=0
[    8.958818] audit: type=1400 audit(1768320269.808:43): apparmor="DENIED" operation="open" profile="/usr/sbin/tcpdump" name="/proc/sys/kernel/random/boot_id" pid=629 comm="tcpdump" requested_mask="r" denied_mask="r" fsuid=0 ouid=0
[    8.959004] audit: type=1400 audit(1768320269.808:44): apparmor="DENIED" operation="open" profile="/usr/sbin/tcpdump" name="/proc/sys/kernel/random/boot_id" pid=629 comm="tcpdump" requested_mask="r" denied_mask="r" fsuid=0 ouid=0
[    8.959164] audit: type=1400 audit(1768320269.808:45): apparmor="DENIED" operation="open" profile="/usr/sbin/tcpdump" name="/proc/sys/kernel/random/boot_id" pid=629 comm="tcpdump" requested_mask="r" denied_mask="r" fsuid=0 ouid=0
[    8.959214] audit: type=1400 audit(1768320269.808:46): apparmor="DENIED" operation="open" profile="/usr/sbin/tcpdump" name="/proc/sys/kernel/random/boot_id" pid=628 comm="tcpdump" requested_mask="r" denied_mask="r" fsuid=0 ouid=0
[    8.959246] audit: type=1400 audit(1768320269.808:47): apparmor="DENIED" operation="open" profile="/usr/sbin/tcpdump" name="/proc/sys/kernel/random/boot_id" pid=628 comm="tcpdump" requested_mask="r" denied_mask="r" fsuid=0 ouid=0
[    8.959616] audit: type=1400 audit(1768320269.812:48): apparmor="DENIED" operation="open" profile="/usr/sbin/tcpdump" name="/proc/sys/kernel/random/boot_id" pid=629 comm="tcpdump" requested_mask="r" denied_mask="r" fsuid=0 ouid=0
[    8.959637] audit: type=1400 audit(1768320269.812:49): apparmor="DENIED" operation="open" profile="/usr/sbin/tcpdump" name="/proc/sys/kernel/random/boot_id" pid=628 comm="tcpdump" requested_mask="r" denied_mask="r" fsuid=0 ouid=0
[    8.972391] audit: type=1400 audit(1768320269.820:50): apparmor="DENIED" operation="open" profile="/usr/sbin/tcpdump" name="/proc/sys/kernel/random/boot_id" pid=631 comm="tcpdump" requested_mask="r" denied_mask="r" fsuid=0 ouid=0
[   14.792471] rfkill: input handler disabled
[  285.575825] AAAAA-TCP_RECV: name:enp0s3: saddr:100932208: daddr:16783984: srtt_us:0: RTT:0: ssthresh:2147483647: cwnd:10: delivered:0: lost:0: retrans:0
[  285.575853] AAAAA-TCP_SEND: name:enp0s3: saddr:16783984: daddr:100932208: srtt_us:0: RTT:0: ssthresh:0: cwnd:0: delivered:0: lost:0: retrans:0
[  285.776222] AAAAA-TCP_SEND: name:enp0s3: saddr:16783984: daddr:100932208: srtt_us:1602800: RTT:200350: ssthresh:2147483647: cwnd:10: delivered:1: lost:0: retrans:0
[  285.929751] AAAAA-TCP_RECV: name:enp0s3: saddr:100932208: daddr:16783984: srtt_us:1602800: RTT:200350: ssthresh:2147483647: cwnd:10: delivered:1: lost:0: retrans:0
[  285.929787] AAAAA-TCP_SEND: name:enp0s3: saddr:16783984: daddr:100932208: srtt_us:1602800: RTT:200350: ssthresh:2147483647: cwnd:10: delivered:1: lost:0: retrans:0
[  285.930090] AAAAA-TCP_SEND: name:enp0s3: saddr:16783984: daddr:100932208: srtt_us:1602800: RTT:200350: ssthresh:2147483647: cwnd:10: delivered:1: lost:0: retrans:0
[  286.547149] AAAAA-TCP_SEND: name:enp0s3: saddr:16783984: daddr:100932208: srtt_us:1602800: RTT:200350: ssthresh:2147483647: cwnd:10: delivered:1: lost:0: retrans:1
[  286.999938] AAAAA-TCP_RECV: name:enp0s3: saddr:100932208: daddr:33561200: srtt_us:0: RTT:0: ssthresh:2147483647: cwnd:10: delivered:0: lost:0: retrans:0
[  286.999980] AAAAA-TCP_SEND: name:enp0s3: saddr:33561200: daddr:100932208: srtt_us:0: RTT:0: ssthresh:0: cwnd:0: delivered:0: lost:0: retrans:0
[  287.155115] AAAAA-TCP_SEND: name:enp0s3: saddr:16783984: daddr:100932208: srtt_us:1602800: RTT:200350: ssthresh:7: cwnd:1: delivered:1: lost:1: retrans:2
[  287.858030] AAAAA-TCP_RECV: name:enp0s3: saddr:100932208: daddr:16783984: srtt_us:1602800: RTT:200350: ssthresh:7: cwnd:1: delivered:1: lost:1: retrans:2
[  287.939625] AAAAA-TCP_RECV: name:enp0s3: saddr:100932208: daddr:16783984: srtt_us:3329450: RTT:416181: ssthresh:2147483647: cwnd:10: delivered:2: lost:1: retrans:2
[  287.939664] AAAAA-TCP_SEND: name:enp0s3: saddr:16783984: daddr:100932208: srtt_us:3329450: RTT:416181: ssthresh:2147483647: cwnd:10: delivered:2: lost:1: retrans:2
[  288.019114] AAAAA-TCP_SEND: name:enp0s3: saddr:33561200: daddr:100932208: srtt_us:0: RTT:0: ssthresh:0: cwnd:0: delivered:0: lost:0: retrans:0
[  288.321473] AAAAA-TCP_RECV: name:enp0s3: saddr:100932208: daddr:16783984: srtt_us:3329450: RTT:416181: ssthresh:2147483647: cwnd:10: delivered:2: lost:1: retrans:2
[  288.445695] AAAAA-TCP_SEND: name:enp0s3: saddr:33561200: daddr:100932208: srtt_us:0: RTT:0: ssthresh:0: cwnd:0: delivered:0: lost:0: retrans:0
[  288.766753] AAAAA-TCP_SEND: name:enp0s3: saddr:33561200: daddr:100932208: srtt_us:14136000: RTT:1767000: ssthresh:2147483647: cwnd:10: delivered:1: lost:0: retrans:0
[  288.865546] AAAAA-TCP_RECV: name:enp0s3: saddr:100932208: daddr:16783984: srtt_us:3329450: RTT:416181: ssthresh:2147483647: cwnd:10: delivered:3: lost:1: retrans:2
[  288.993036] AAAAA-TCP_RECV: name:enp0s3: saddr:100932208: daddr:16783984: srtt_us:3329450: RTT:416181: ssthresh:2147483647: cwnd:10: delivered:4: lost:1: retrans:2
[  288.993070] AAAAA-TCP_SEND: name:enp0s3: saddr:16783984: daddr:100932208: srtt_us:3329450: RTT:416181: ssthresh:2147483647: cwnd:10: delivered:4: lost:1: retrans:2
[  288.993178] AAAAA-TCP_SEND: name:enp0s3: saddr:16783984: daddr:100932208: srtt_us:3329450: RTT:416181: ssthresh:2147483647: cwnd:10: delivered:4: lost:1: retrans:2
[  289.049960] AAAAA-TCP_RECV: name:enp0s3: saddr:100932208: daddr:33561200: srtt_us:14136000: RTT:1767000: ssthresh:2147483647: cwnd:10: delivered:1: lost:0: retrans:0
[  289.050007] AAAAA-TCP_SEND: name:enp0s3: saddr:33561200: daddr:100932208: srtt_us:14136000: RTT:1767000: ssthresh:2147483647: cwnd:10: delivered:1: lost:0: retrans:0
[  289.428332] AAAAA-TCP_RECV: name:enp0s3: saddr:100932208: daddr:16783984: srtt_us:3329450: RTT:416181: ssthresh:2147483647: cwnd:10: delivered:4: lost:1: retrans:2
[  289.492868] AAAAA-TCP_RECV: name:enp0s3: saddr:100932208: daddr:16783984: srtt_us:0: RTT:0: ssthresh:2147483647: cwnd:10: delivered:0: lost:0: retrans:0
[  289.492902] AAAAA-TCP_SEND: name:enp0s3: saddr:16783984: daddr:100932208: srtt_us:0: RTT:0: ssthresh:0: cwnd:0: delivered:0: lost:0: retrans:0
[  289.689330] AAAAA-TCP_SEND: name:enp0s3: saddr:16783984: daddr:100932208: srtt_us:1571312: RTT:196414: ssthresh:2147483647: cwnd:10: delivered:1: lost:0: retrans:0
[  289.760608] AAAAA-TCP_RECV: name:enp0s3: saddr:100932208: daddr:16783984: srtt_us:1571312: RTT:196414: ssthresh:2147483647: cwnd:10: delivered:1: lost:0: retrans:0
[  289.760644] AAAAA-TCP_SEND: name:enp0s3: saddr:16783984: daddr:100932208: srtt_us:1571312: RTT:196414: ssthresh:2147483647: cwnd:10: delivered:1: lost:0: retrans:0
[  289.761578] AAAAA-TCP_SEND: name:enp0s3: saddr:16783984: daddr:100932208: srtt_us:3348446: RTT:418555: ssthresh:2147483647: cwnd:10: delivered:5: lost:1: retrans:2
[  289.883680] AAAAA-TCP_RECV: name:enp0s3: saddr:100932208: daddr:33561200: srtt_us:0: RTT:0: ssthresh:2147483647: cwnd:10: delivered:0: lost:0: retrans:0
[  289.883724] AAAAA-TCP_SEND: name:enp0s3: saddr:33561200: daddr:100932208: srtt_us:0: RTT:0: ssthresh:0: cwnd:0: delivered:0: lost:0: retrans:0
[  289.973948] AAAAA-TCP_RECV: name:enp0s3: saddr:100932208: daddr:16783984: srtt_us:3348446: RTT:418555: ssthresh:2147483647: cwnd:10: delivered:5: lost:1: retrans:2
[  289.973983] AAAAA-TCP_SEND: name:enp0s3: saddr:16783984: daddr:100932208: srtt_us:3348446: RTT:418555: ssthresh:2147483647: cwnd:10: delivered:5: lost:1: retrans:2
[  290.080640] AAAAA-TCP_SEND: name:enp0s3: saddr:33561200: daddr:100932208: srtt_us:1575232: RTT:196904: ssthresh:2147483647: cwnd:10: delivered:1: lost:0: retrans:0
[  290.148470] AAAAA-TCP_RECV: name:enp0s3: saddr:100932208: daddr:16783984: srtt_us:3142294: RTT:392786: ssthresh:2147483647: cwnd:10: delivered:6: lost:1: retrans:2
[  290.233645] AAAAA-TCP_RECV: name:enp0s3: saddr:100932208: daddr:16783984: srtt_us:1571312: RTT:196414: ssthresh:2147483647: cwnd:10: delivered:1: lost:0: retrans:0
[  290.233684] AAAAA-TCP_SEND: name:enp0s3: saddr:16783984: daddr:100932208: srtt_us:1571312: RTT:196414: ssthresh:2147483647: cwnd:10: delivered:1: lost:0: retrans:0
[  290.298106] AAAAA-TCP_RECV: name:enp0s3: saddr:100932208: daddr:16783984: srtt_us:1571312: RTT:196414: ssthresh:2147483647: cwnd:10: delivered:1: lost:0: retrans:0
[  290.298140] AAAAA-TCP_SEND: name:enp0s3: saddr:16783984: daddr:100932208: srtt_us:1571312: RTT:196414: ssthresh:2147483647: cwnd:10: delivered:1: lost:0: retrans:0
[  290.364474] AAAAA-TCP_RECV: name:enp0s3: saddr:100932208: daddr:16783984: srtt_us:1571312: RTT:196414: ssthresh:2147483647: cwnd:10: delivered:1: lost:0: retrans:0
[  290.364507] AAAAA-TCP_SEND: name:enp0s3: saddr:16783984: daddr:100932208: srtt_us:1571312: RTT:196414: ssthresh:2147483647: cwnd:10: delivered:1: lost:0: retrans:0
[  290.454959] AAAAA-TCP_RECV: name:enp0s3: saddr:100932208: daddr:16783984: srtt_us:1571312: RTT:196414: ssthresh:2147483647: cwnd:10: delivered:1: lost:0: retrans:0
[  290.454990] AAAAA-TCP_SEND: name:enp0s3: saddr:16783984: daddr:100932208: srtt_us:1571312: RTT:196414: ssthresh:2147483647: cwnd:10: delivered:1: lost:0: retrans:0
[  290.502366] AAAAA-TCP_RECV: name:enp0s3: saddr:100932208: daddr:16783984: srtt_us:1571312: RTT:196414: ssthresh:2147483647: cwnd:10: delivered:1: lost:0: retrans:0
[  290.502394] AAAAA-TCP_SEND: name:enp0s3: saddr:16783984: daddr:100932208: srtt_us:1571312: RTT:196414: ssthresh:2147483647: cwnd:10: delivered:1: lost:0: retrans:0
[  290.663192] AAAAA-TCP_RECV: name:enp0s3: saddr:100932208: daddr:16783984: srtt_us:1571312: RTT:196414: ssthresh:2147483647: cwnd:10: delivered:1: lost:0: retrans:0
[  290.663235] AAAAA-TCP_SEND: name:enp0s3: saddr:16783984: daddr:100932208: srtt_us:1571312: RTT:196414: ssthresh:2147483647: cwnd:10: delivered:1: lost:0: retrans:0
[  290.715987] AAAAA-TCP_RECV: name:enp0s3: saddr:100932208: daddr:16783984: srtt_us:1571312: RTT:196414: ssthresh:2147483647: cwnd:10: delivered:1: lost:0: retrans:0
[  290.716020] AAAAA-TCP_SEND: name:enp0s3: saddr:16783984: daddr:100932208: srtt_us:1571312: RTT:196414: ssthresh:2147483647: cwnd:10: delivered:1: lost:0: retrans:0
[  290.795543] AAAAA-TCP_RECV: name:enp0s3: saddr:100932208: daddr:16783984: srtt_us:1571312: RTT:196414: ssthresh:2147483647: cwnd:10: delivered:1: lost:0: retrans:0
[  290.795571] AAAAA-TCP_SEND: name:enp0s3: saddr:16783984: daddr:100932208: srtt_us:1571312: RTT:196414: ssthresh:2147483647: cwnd:10: delivered:1: lost:0: retrans:0
[  290.865204] AAAAA-TCP_RECV: name:enp0s3: saddr:100932208: daddr:16783984: srtt_us:1571312: RTT:196414: ssthresh:2147483647: cwnd:10: delivered:1: lost:0: retrans:0
[  290.865235] AAAAA-TCP_SEND: name:enp0s3: saddr:16783984: daddr:100932208: srtt_us:1571312: RTT:196414: ssthresh:2147483647: cwnd:10: delivered:1: lost:0: retrans:0
[  291.007687] AAAAA-TCP_RECV: name:enp0s3: saddr:100932208: daddr:16783984: srtt_us:1571312: RTT:196414: ssthresh:2147483647: cwnd:10: delivered:1: lost:0: retrans:0
[  291.007723] AAAAA-TCP_SEND: name:enp0s3: saddr:16783984: daddr:100932208: srtt_us:1571312: RTT:196414: ssthresh:2147483647: cwnd:10: delivered:1: lost:0: retrans:0
[  291.160928] AAAAA-TCP_RECV: name:enp0s3: saddr:100932208: daddr:33561200: srtt_us:1575232: RTT:196904: ssthresh:2147483647: cwnd:10: delivered:1: lost:0: retrans:0
[  291.160967] AAAAA-TCP_SEND: name:enp0s3: saddr:33561200: daddr:100932208: srtt_us:1575232: RTT:196904: ssthresh:2147483647: cwnd:10: delivered:1: lost:0: retrans:0
[  291.347250] AAAAA-TCP_RECV: name:enp0s3: saddr:100932208: daddr:33561200: srtt_us:1575232: RTT:196904: ssthresh:2147483647: cwnd:10: delivered:1: lost:0: retrans:0
[  291.347291] AAAAA-TCP_SEND: name:enp0s3: saddr:33561200: daddr:100932208: srtt_us:1575232: RTT:196904: ssthresh:2147483647: cwnd:10: delivered:1: lost:0: retrans:0
[  291.411767] AAAAA-TCP_RECV: name:enp0s3: saddr:100932208: daddr:33561200: srtt_us:1575232: RTT:196904: ssthresh:2147483647: cwnd:10: delivered:1: lost:0: retrans:0
[  291.411805] AAAAA-TCP_SEND: name:enp0s3: saddr:33561200: daddr:100932208: srtt_us:1575232: RTT:196904: ssthresh:2147483647: cwnd:10: delivered:1: lost:0: retrans:0
[  291.527101] AAAAA-TCP_RECV: name:enp0s3: saddr:100932208: daddr:33561200: srtt_us:1575232: RTT:196904: ssthresh:2147483647: cwnd:10: delivered:1: lost:0: retrans:0
[  291.527139] AAAAA-TCP_SEND: name:enp0s3: saddr:33561200: daddr:100932208: srtt_us:1575232: RTT:196904: ssthresh:2147483647: cwnd:10: delivered:1: lost:0: retrans:0
[  291.756553] AAAAA-TCP_RECV: name:enp0s3: saddr:100932208: daddr:33561200: srtt_us:1575232: RTT:196904: ssthresh:2147483647: cwnd:10: delivered:1: lost:0: retrans:0
[  291.756588] AAAAA-TCP_SEND: name:enp0s3: saddr:33561200: daddr:100932208: srtt_us:1575232: RTT:196904: ssthresh:2147483647: cwnd:10: delivered:1: lost:0: retrans:0
[  291.895763] AAAAA-TCP_RECV: name:enp0s3: saddr:100932208: daddr:33561200: srtt_us:1575232: RTT:196904: ssthresh:2147483647: cwnd:10: delivered:1: lost:0: retrans:0
[  291.895802] AAAAA-TCP_SEND: name:enp0s3: saddr:33561200: daddr:100932208: srtt_us:1575232: RTT:196904: ssthresh:2147483647: cwnd:10: delivered:1: lost:0: retrans:0
[  291.989383] AAAAA-TCP_RECV: name:enp0s3: saddr:100932208: daddr:33561200: srtt_us:1575232: RTT:196904: ssthresh:2147483647: cwnd:10: delivered:1: lost:0: retrans:0
[  291.989424] AAAAA-TCP_SEND: name:enp0s3: saddr:33561200: daddr:100932208: srtt_us:1575232: RTT:196904: ssthresh:2147483647: cwnd:10: delivered:1: lost:0: retrans:0
[  292.038029] AAAAA-TCP_RECV: name:enp0s3: saddr:100932208: daddr:33561200: srtt_us:1575232: RTT:196904: ssthresh:2147483647: cwnd:10: delivered:1: lost:0: retrans:0
[  292.038059] AAAAA-TCP_SEND: name:enp0s3: saddr:33561200: daddr:100932208: srtt_us:1575232: RTT:196904: ssthresh:2147483647: cwnd:10: delivered:1: lost:0: retrans:0
[  292.066974] AAAAA-TCP_RECV: name:enp0s3: saddr:100932208: daddr:33561200: srtt_us:1575232: RTT:196904: ssthresh:2147483647: cwnd:10: delivered:1: lost:0: retrans:0
[  292.067003] AAAAA-TCP_SEND: name:enp0s3: saddr:33561200: daddr:100932208: srtt_us:1575232: RTT:196904: ssthresh:2147483647: cwnd:10: delivered:1: lost:0: retrans:0
[  292.214016] AAAAA-TCP_RECV: name:enp0s3: saddr:100932208: daddr:33561200: srtt_us:1575232: RTT:196904: ssthresh:2147483647: cwnd:10: delivered:1: lost:0: retrans:0
[  292.214073] AAAAA-TCP_SEND: name:enp0s3: saddr:33561200: daddr:100932208: srtt_us:1575232: RTT:196904: ssthresh:2147483647: cwnd:10: delivered:1: lost:0: retrans:0
[  292.311707] AAAAA-TCP_RECV: name:enp0s3: saddr:100932208: daddr:16783984: srtt_us:1571312: RTT:196414: ssthresh:2147483647: cwnd:10: delivered:1: lost:0: retrans:0
[  292.311743] AAAAA-TCP_SEND: name:enp0s3: saddr:16783984: daddr:100932208: srtt_us:1571312: RTT:196414: ssthresh:2147483647: cwnd:10: delivered:1: lost:0: retrans:0
[  292.373439] AAAAA-TCP_RECV: name:enp0s3: saddr:100932208: daddr:16783984: srtt_us:1571312: RTT:196414: ssthresh:2147483647: cwnd:10: delivered:1: lost:0: retrans:0
[  292.373477] AAAAA-TCP_SEND: name:enp0s3: saddr:16783984: daddr:100932208: srtt_us:1571312: RTT:196414: ssthresh:2147483647: cwnd:10: delivered:1: lost:0: retrans:0
[  292.524511] AAAAA-TCP_RECV: name:enp0s3: saddr:100932208: daddr:33561200: srtt_us:1575232: RTT:196904: ssthresh:2147483647: cwnd:10: delivered:1: lost:0: retrans:0
[  292.524552] AAAAA-TCP_SEND: name:enp0s3: saddr:33561200: daddr:100932208: srtt_us:1575232: RTT:196904: ssthresh:2147483647: cwnd:10: delivered:1: lost:0: retrans:0
[  292.615458] AAAAA-TCP_RECV: name:enp0s3: saddr:100932208: daddr:16783984: srtt_us:1571312: RTT:196414: ssthresh:2147483647: cwnd:10: delivered:1: lost:0: retrans:0
[  292.615493] AAAAA-TCP_SEND: name:enp0s3: saddr:16783984: daddr:100932208: srtt_us:1571312: RTT:196414: ssthresh:2147483647: cwnd:10: delivered:1: lost:0: retrans:0
[  292.661503] AAAAA-TCP_RECV: name:enp0s3: saddr:100932208: daddr:16783984: srtt_us:1571312: RTT:196414: ssthresh:2147483647: cwnd:10: delivered:1: lost:0: retrans:0
[  292.661534] AAAAA-TCP_SEND: name:enp0s3: saddr:16783984: daddr:100932208: srtt_us:1571312: RTT:196414: ssthresh:2147483647: cwnd:10: delivered:1: lost:0: retrans:0
[  292.720453] AAAAA-TCP_RECV: name:enp0s3: saddr:100932208: daddr:16783984: srtt_us:1571312: RTT:196414: ssthresh:2147483647: cwnd:10: delivered:1: lost:0: retrans:0
[  292.720470] AAAAA-TCP_SEND: name:enp0s3: saddr:16783984: daddr:100932208: srtt_us:1571312: RTT:196414: ssthresh:2147483647: cwnd:10: delivered:1: lost:0: retrans:0
[  292.780810] AAAAA-TCP_RECV: name:enp0s3: saddr:100932208: daddr:16783984: srtt_us:1571312: RTT:196414: ssthresh:2147483647: cwnd:10: delivered:1: lost:0: retrans:0
[  292.780837] AAAAA-TCP_SEND: name:enp0s3: saddr:16783984: daddr:100932208: srtt_us:1571312: RTT:196414: ssthresh:2147483647: cwnd:10: delivered:1: lost:0: retrans:0
[  292.952572] AAAAA-TCP_RECV: name:enp0s3: saddr:100932208: daddr:16783984: srtt_us:1571312: RTT:196414: ssthresh:2147483647: cwnd:10: delivered:1: lost:0: retrans:0
[  292.952607] AAAAA-TCP_SEND: name:enp0s3: saddr:16783984: daddr:100932208: srtt_us:1571312: RTT:196414: ssthresh:2147483647: cwnd:10: delivered:1: lost:0: retrans:0
[  293.003110] AAAAA-TCP_RECV: name:enp0s3: saddr:100932208: daddr:16783984: srtt_us:1571312: RTT:196414: ssthresh:2147483647: cwnd:10: delivered:1: lost:0: retrans:0
[  293.003149] AAAAA-TCP_SEND: name:enp0s3: saddr:16783984: daddr:100932208: srtt_us:1571312: RTT:196414: ssthresh:2147483647: cwnd:10: delivered:1: lost:0: retrans:0
[  293.034928] AAAAA-TCP_RECV: name:enp0s3: saddr:100932208: daddr:16783984: srtt_us:1571312: RTT:196414: ssthresh:2147483647: cwnd:10: delivered:1: lost:0: retrans:0
[  293.034974] AAAAA-TCP_SEND: name:enp0s3: saddr:16783984: daddr:100932208: srtt_us:1571312: RTT:196414: ssthresh:2147483647: cwnd:10: delivered:1: lost:0: retrans:0
[  293.227419] AAAAA-TCP_RECV: name:enp0s3: saddr:100932208: daddr:16783984: srtt_us:1571312: RTT:196414: ssthresh:2147483647: cwnd:10: delivered:1: lost:0: retrans:0
[  293.227457] AAAAA-TCP_SEND: name:enp0s3: saddr:16783984: daddr:100932208: srtt_us:1571312: RTT:196414: ssthresh:2147483647: cwnd:10: delivered:1: lost:0: retrans:0
[  293.322434] AAAAA-TCP_RECV: name:enp0s3: saddr:100932208: daddr:33561200: srtt_us:1575232: RTT:196904: ssthresh:2147483647: cwnd:10: delivered:1: lost:0: retrans:0
[  293.322470] AAAAA-TCP_SEND: name:enp0s3: saddr:33561200: daddr:100932208: srtt_us:1575232: RTT:196904: ssthresh:2147483647: cwnd:10: delivered:1: lost:0: retrans:0
[  293.409198] AAAAA-TCP_RECV: name:enp0s3: saddr:100932208: daddr:16783984: srtt_us:1571312: RTT:196414: ssthresh:2147483647: cwnd:10: delivered:1: lost:0: retrans:0
[  293.409272] AAAAA-TCP_SEND: name:enp0s3: saddr:16783984: daddr:100932208: srtt_us:1571312: RTT:196414: ssthresh:2147483647: cwnd:10: delivered:1: lost:0: retrans:0
[  293.438202] AAAAA-TCP_RECV: name:enp0s3: saddr:100932208: daddr:16783984: srtt_us:1571312: RTT:196414: ssthresh:2147483647: cwnd:10: delivered:1: lost:0: retrans:0
[  293.438284] AAAAA-TCP_SEND: name:enp0s3: saddr:16783984: daddr:100932208: srtt_us:1571312: RTT:196414: ssthresh:2147483647: cwnd:10: delivered:1: lost:0: retrans:0
[  293.522633] AAAAA-TCP_RECV: name:enp0s3: saddr:100932208: daddr:16783984: srtt_us:1571312: RTT:196414: ssthresh:2147483647: cwnd:10: delivered:1: lost:0: retrans:0
[  293.522673] AAAAA-TCP_SEND: name:enp0s3: saddr:16783984: daddr:100932208: srtt_us:1571312: RTT:196414: ssthresh:2147483647: cwnd:10: delivered:1: lost:0: retrans:0
[  293.647884] AAAAA-TCP_RECV: name:enp0s3: saddr:100932208: daddr:16783984: srtt_us:1571312: RTT:196414: ssthresh:2147483647: cwnd:10: delivered:1: lost:0: retrans:0
[  293.647924] AAAAA-TCP_SEND: name:enp0s3: saddr:16783984: daddr:100932208: srtt_us:1571312: RTT:196414: ssthresh:2147483647: cwnd:10: delivered:1: lost:0: retrans:0
[  293.695216] AAAAA-TCP_RECV: name:enp0s3: saddr:100932208: daddr:16783984: srtt_us:1571312: RTT:196414: ssthresh:2147483647: cwnd:10: delivered:1: lost:0: retrans:0
[  293.695249] AAAAA-TCP_SEND: name:enp0s3: saddr:16783984: daddr:100932208: srtt_us:1571312: RTT:196414: ssthresh:2147483647: cwnd:10: delivered:1: lost:0: retrans:0
[  293.762358] AAAAA-TCP_RECV: name:enp0s3: saddr:100932208: daddr:16783984: srtt_us:1571312: RTT:196414: ssthresh:2147483647: cwnd:10: delivered:1: lost:0: retrans:0
[  293.762389] AAAAA-TCP_SEND: name:enp0s3: saddr:16783984: daddr:100932208: srtt_us:1571312: RTT:196414: ssthresh:2147483647: cwnd:10: delivered:1: lost:0: retrans:0
[  293.875311] AAAAA-TCP_RECV: name:enp0s3: saddr:100932208: daddr:16783984: srtt_us:1571312: RTT:196414: ssthresh:2147483647: cwnd:10: delivered:1: lost:0: retrans:0
[  293.904709] AAAAA-TCP_RECV: name:enp0s3: saddr:100932208: daddr:16783984: srtt_us:1571312: RTT:196414: ssthresh:2147483647: cwnd:10: delivered:1: lost:0: retrans:0
[  293.904751] AAAAA-TCP_SEND: name:enp0s3: saddr:16783984: daddr:100932208: srtt_us:1571312: RTT:196414: ssthresh:2147483647: cwnd:10: delivered:1: lost:0: retrans:0
[  294.045287] AAAAA-TCP_RECV: name:enp0s3: saddr:100932208: daddr:33561200: srtt_us:1575232: RTT:196904: ssthresh:2147483647: cwnd:10: delivered:1: lost:0: retrans:0
[  294.045322] AAAAA-TCP_SEND: name:enp0s3: saddr:33561200: daddr:100932208: srtt_us:1575232: RTT:196904: ssthresh:2147483647: cwnd:10: delivered:1: lost:0: retrans:0
[  294.088052] AAAAA-TCP_RECV: name:enp0s3: saddr:100932208: daddr:16783984: srtt_us:1571312: RTT:196414: ssthresh:2147483647: cwnd:10: delivered:1: lost:0: retrans:0
[  294.139124] AAAAA-TCP_SEND: name:enp0s3: saddr:16783984: daddr:100932208: srtt_us:1571312: RTT:196414: ssthresh:2147483647: cwnd:10: delivered:1: lost:0: retrans:0
[  294.231425] AAAAA-TCP_RECV: name:enp0s3: saddr:100932208: daddr:16783984: srtt_us:1571312: RTT:196414: ssthresh:2147483647: cwnd:10: delivered:1: lost:0: retrans:0
[  294.306303] AAAAA-TCP_RECV: name:enp0s3: saddr:100932208: daddr:33561200: srtt_us:1575232: RTT:196904: ssthresh:2147483647: cwnd:10: delivered:1: lost:0: retrans:0
[  294.306339] AAAAA-TCP_SEND: name:enp0s3: saddr:33561200: daddr:100932208: srtt_us:1575232: RTT:196904: ssthresh:2147483647: cwnd:10: delivered:1: lost:0: retrans:0
[  294.331087] AAAAA-TCP_SEND: name:enp0s3: saddr:16783984: daddr:100932208: srtt_us:1571312: RTT:196414: ssthresh:2147483647: cwnd:10: delivered:1: lost:0: retrans:0
[  294.395415] AAAAA-TCP_RECV: name:enp0s3: saddr:100932208: daddr:33561200: srtt_us:1575232: RTT:196904: ssthresh:2147483647: cwnd:10: delivered:1: lost:0: retrans:0
[  294.395455] AAAAA-TCP_SEND: name:enp0s3: saddr:33561200: daddr:100932208: srtt_us:1575232: RTT:196904: ssthresh:2147483647: cwnd:10: delivered:1: lost:0: retrans:0
[  294.542581] AAAAA-TCP_RECV: name:enp0s3: saddr:100932208: daddr:33561200: srtt_us:1575232: RTT:196904: ssthresh:2147483647: cwnd:10: delivered:1: lost:0: retrans:0
[  294.542617] AAAAA-TCP_SEND: name:enp0s3: saddr:33561200: daddr:100932208: srtt_us:1575232: RTT:196904: ssthresh:2147483647: cwnd:10: delivered:1: lost:0: retrans:0
[  294.609283] AAAAA-TCP_RECV: name:enp0s3: saddr:100932208: daddr:33561200: srtt_us:1575232: RTT:196904: ssthresh:2147483647: cwnd:10: delivered:1: lost:0: retrans:0
[  294.609312] AAAAA-TCP_SEND: name:enp0s3: saddr:33561200: daddr:100932208: srtt_us:1575232: RTT:196904: ssthresh:2147483647: cwnd:10: delivered:1: lost:0: retrans:0
[  294.681328] AAAAA-TCP_RECV: name:enp0s3: saddr:100932208: daddr:16783984: srtt_us:1571312: RTT:196414: ssthresh:2147483647: cwnd:10: delivered:1: lost:0: retrans:0
[  294.681355] AAAAA-TCP_SEND: name:enp0s3: saddr:16783984: daddr:100932208: srtt_us:1571312: RTT:196414: ssthresh:2147483647: cwnd:10: delivered:1: lost:0: retrans:0
[  294.746696] AAAAA-TCP_RECV: name:enp0s3: saddr:100932208: daddr:33561200: srtt_us:1575232: RTT:196904: ssthresh:2147483647: cwnd:10: delivered:1: lost:0: retrans:0
[  294.746726] AAAAA-TCP_SEND: name:enp0s3: saddr:33561200: daddr:100932208: srtt_us:1575232: RTT:196904: ssthresh:2147483647: cwnd:10: delivered:1: lost:0: retrans:0
[  294.773337] AAAAA-TCP_RECV: name:enp0s3: saddr:100932208: daddr:16783984: srtt_us:1571312: RTT:196414: ssthresh:2147483647: cwnd:10: delivered:1: lost:0: retrans:0
[  294.773361] AAAAA-TCP_SEND: name:enp0s3: saddr:16783984: daddr:100932208: srtt_us:1571312: RTT:196414: ssthresh:2147483647: cwnd:10: delivered:1: lost:0: retrans:0
[  294.928548] AAAAA-TCP_RECV: name:enp0s3: saddr:100932208: daddr:16783984: srtt_us:1571312: RTT:196414: ssthresh:2147483647: cwnd:10: delivered:1: lost:0: retrans:0
[  294.928587] AAAAA-TCP_SEND: name:enp0s3: saddr:16783984: daddr:100932208: srtt_us:1571312: RTT:196414: ssthresh:2147483647: cwnd:10: delivered:1: lost:0: retrans:0
[  295.113502] AAAAA-TCP_RECV: name:enp0s3: saddr:100932208: daddr:16783984: srtt_us:1571312: RTT:196414: ssthresh:2147483647: cwnd:10: delivered:1: lost:0: retrans:0
[  295.114578] AAAAA-TCP_SEND: name:enp0s3: saddr:16783984: daddr:100932208: srtt_us:1571312: RTT:196414: ssthresh:2147483647: cwnd:10: delivered:1: lost:0: retrans:0
[  295.223642] AAAAA-TCP_RECV: name:enp0s3: saddr:100932208: daddr:16783984: srtt_us:1571312: RTT:196414: ssthresh:2147483647: cwnd:10: delivered:1: lost:0: retrans:0
[  295.228080] AAAAA-TCP_SEND: name:enp0s3: saddr:16783984: daddr:100932208: srtt_us:1571312: RTT:196414: ssthresh:2147483647: cwnd:10: delivered:1: lost:0: retrans:0
[  295.370969] AAAAA-TCP_RECV: name:enp0s3: saddr:100932208: daddr:16783984: srtt_us:1571312: RTT:196414: ssthresh:2147483647: cwnd:10: delivered:1: lost:0: retrans:0
[  295.372027] AAAAA-TCP_SEND: name:enp0s3: saddr:16783984: daddr:100932208: srtt_us:1571312: RTT:196414: ssthresh:2147483647: cwnd:10: delivered:1: lost:0: retrans:0
[  295.432287] AAAAA-TCP_RECV: name:enp0s3: saddr:100932208: daddr:33561200: srtt_us:1575232: RTT:196904: ssthresh:2147483647: cwnd:10: delivered:1: lost:0: retrans:0
[  295.432329] AAAAA-TCP_SEND: name:enp0s3: saddr:33561200: daddr:100932208: srtt_us:1575232: RTT:196904: ssthresh:2147483647: cwnd:10: delivered:1: lost:0: retrans:0
[  295.441336] AAAAA-TCP_RECV: name:enp0s3: saddr:100932208: daddr:16783984: srtt_us:1571312: RTT:196414: ssthresh:2147483647: cwnd:10: delivered:1: lost:0: retrans:0
[  295.442372] AAAAA-TCP_SEND: name:enp0s3: saddr:16783984: daddr:100932208: srtt_us:1571312: RTT:196414: ssthresh:2147483647: cwnd:10: delivered:1: lost:0: retrans:0
[  295.510433] AAAAA-TCP_RECV: name:enp0s3: saddr:100932208: daddr:33561200: srtt_us:1575232: RTT:196904: ssthresh:2147483647: cwnd:10: delivered:1: lost:0: retrans:0
[  295.510459] AAAAA-TCP_SEND: name:enp0s3: saddr:33561200: daddr:100932208: srtt_us:1575232: RTT:196904: ssthresh:2147483647: cwnd:10: delivered:1: lost:0: retrans:0
[  295.553969] AAAAA-TCP_RECV: name:enp0s3: saddr:100932208: daddr:33561200: srtt_us:1575232: RTT:196904: ssthresh:2147483647: cwnd:10: delivered:1: lost:0: retrans:0
[  295.553997] AAAAA-TCP_SEND: name:enp0s3: saddr:33561200: daddr:100932208: srtt_us:1575232: RTT:196904: ssthresh:2147483647: cwnd:10: delivered:1: lost:0: retrans:0
[  295.580809] AAAAA-TCP_RECV: name:enp0s3: saddr:100932208: daddr:16783984: srtt_us:1571312: RTT:196414: ssthresh:2147483647: cwnd:10: delivered:1: lost:0: retrans:0
[  295.581867] AAAAA-TCP_SEND: name:enp0s3: saddr:16783984: daddr:100932208: srtt_us:1571312: RTT:196414: ssthresh:2147483647: cwnd:10: delivered:1: lost:0: retrans:0
[  295.721248] AAAAA-TCP_RECV: name:enp0s3: saddr:100932208: daddr:16783984: srtt_us:1571312: RTT:196414: ssthresh:2147483647: cwnd:10: delivered:1: lost:0: retrans:0
[  295.723295] AAAAA-TCP_SEND: name:enp0s3: saddr:16783984: daddr:100932208: srtt_us:1571312: RTT:196414: ssthresh:2147483647: cwnd:10: delivered:1: lost:0: retrans:0
[  295.826178] AAAAA-TCP_RECV: name:enp0s3: saddr:100932208: daddr:16783984: srtt_us:1571312: RTT:196414: ssthresh:2147483647: cwnd:10: delivered:1: lost:0: retrans:0
[  295.827315] AAAAA-TCP_SEND: name:enp0s3: saddr:16783984: daddr:100932208: srtt_us:1571312: RTT:196414: ssthresh:2147483647: cwnd:10: delivered:1: lost:0: retrans:0
[  295.893521] AAAAA-TCP_RECV: name:enp0s3: saddr:100932208: daddr:16783984: srtt_us:1571312: RTT:196414: ssthresh:2147483647: cwnd:10: delivered:1: lost:0: retrans:0
[  295.894585] AAAAA-TCP_SEND: name:enp0s3: saddr:16783984: daddr:100932208: srtt_us:1571312: RTT:196414: ssthresh:2147483647: cwnd:10: delivered:1: lost:0: retrans:0
[  296.043958] AAAAA-TCP_RECV: name:enp0s3: saddr:100932208: daddr:33561200: srtt_us:1575232: RTT:196904: ssthresh:2147483647: cwnd:10: delivered:1: lost:0: retrans:0
[  296.043999] AAAAA-TCP_SEND: name:enp0s3: saddr:33561200: daddr:100932208: srtt_us:1575232: RTT:196904: ssthresh:2147483647: cwnd:10: delivered:1: lost:0: retrans:0
[  296.130253] AAAAA-TCP_RECV: name:enp0s3: saddr:100932208: daddr:16783984: srtt_us:1571312: RTT:196414: ssthresh:2147483647: cwnd:10: delivered:1: lost:0: retrans:0
[  296.131315] AAAAA-TCP_SEND: name:enp0s3: saddr:16783984: daddr:100932208: srtt_us:1571312: RTT:196414: ssthresh:2147483647: cwnd:10: delivered:1: lost:0: retrans:0
[  296.238489] AAAAA-TCP_RECV: name:enp0s3: saddr:100932208: daddr:16783984: srtt_us:1571312: RTT:196414: ssthresh:2147483647: cwnd:10: delivered:1: lost:0: retrans:0
[  296.239616] AAAAA-TCP_SEND: name:enp0s3: saddr:16783984: daddr:100932208: srtt_us:1571312: RTT:196414: ssthresh:2147483647: cwnd:10: delivered:1: lost:0: retrans:0
[  296.260362] AAAAA-TCP_RECV: name:enp0s3: saddr:100932208: daddr:33561200: srtt_us:1575232: RTT:196904: ssthresh:2147483647: cwnd:10: delivered:1: lost:0: retrans:0
[  296.260423] AAAAA-TCP_SEND: name:enp0s3: saddr:33561200: daddr:100932208: srtt_us:1575232: RTT:196904: ssthresh:2147483647: cwnd:10: delivered:1: lost:0: retrans:0
[  296.453616] AAAAA-TCP_RECV: name:enp0s3: saddr:100932208: daddr:33561200: srtt_us:1575232: RTT:196904: ssthresh:2147483647: cwnd:10: delivered:1: lost:0: retrans:0
[  296.453669] AAAAA-TCP_SEND: name:enp0s3: saddr:33561200: daddr:100932208: srtt_us:1575232: RTT:196904: ssthresh:2147483647: cwnd:10: delivered:1: lost:0: retrans:0
[  296.631529] AAAAA-TCP_RECV: name:enp0s3: saddr:100932208: daddr:16783984: srtt_us:1571312: RTT:196414: ssthresh:2147483647: cwnd:10: delivered:1: lost:0: retrans:0
[  296.632603] AAAAA-TCP_SEND: name:enp0s3: saddr:16783984: daddr:100932208: srtt_us:1571312: RTT:196414: ssthresh:2147483647: cwnd:10: delivered:1: lost:0: retrans:0
[  296.694075] AAAAA-TCP_RECV: name:enp0s3: saddr:100932208: daddr:33561200: srtt_us:1575232: RTT:196904: ssthresh:2147483647: cwnd:10: delivered:1: lost:0: retrans:0
[  296.694105] AAAAA-TCP_SEND: name:enp0s3: saddr:33561200: daddr:100932208: srtt_us:1575232: RTT:196904: ssthresh:2147483647: cwnd:10: delivered:1: lost:0: retrans:0
[  296.755687] AAAAA-TCP_RECV: name:enp0s3: saddr:100932208: daddr:16783984: srtt_us:1571312: RTT:196414: ssthresh:2147483647: cwnd:10: delivered:1: lost:0: retrans:0
[  296.756745] AAAAA-TCP_SEND: name:enp0s3: saddr:16783984: daddr:100932208: srtt_us:1571312: RTT:196414: ssthresh:2147483647: cwnd:10: delivered:1: lost:0: retrans:0
[  296.850941] AAAAA-TCP_RECV: name:enp0s3: saddr:100932208: daddr:16783984: srtt_us:1571312: RTT:196414: ssthresh:2147483647: cwnd:10: delivered:1: lost:0: retrans:0
[  296.851995] AAAAA-TCP_SEND: name:enp0s3: saddr:16783984: daddr:100932208: srtt_us:1571312: RTT:196414: ssthresh:2147483647: cwnd:10: delivered:1: lost:0: retrans:0
[  296.897878] AAAAA-TCP_RECV: name:enp0s3: saddr:100932208: daddr:33561200: srtt_us:1575232: RTT:196904: ssthresh:2147483647: cwnd:10: delivered:1: lost:0: retrans:0
[  296.897916] AAAAA-TCP_SEND: name:enp0s3: saddr:33561200: daddr:100932208: srtt_us:1575232: RTT:196904: ssthresh:2147483647: cwnd:10: delivered:1: lost:0: retrans:0
[  297.034503] AAAAA-TCP_RECV: name:enp0s3: saddr:100932208: daddr:16783984: srtt_us:1571312: RTT:196414: ssthresh:2147483647: cwnd:10: delivered:1: lost:0: retrans:0
[  297.035566] AAAAA-TCP_SEND: name:enp0s3: saddr:16783984: daddr:100932208: srtt_us:1571312: RTT:196414: ssthresh:2147483647: cwnd:10: delivered:1: lost:0: retrans:0
[  297.183819] AAAAA-TCP_RECV: name:enp0s3: saddr:100932208: daddr:33561200: srtt_us:1575232: RTT:196904: ssthresh:2147483647: cwnd:10: delivered:1: lost:0: retrans:0
[  297.183859] AAAAA-TCP_SEND: name:enp0s3: saddr:33561200: daddr:100932208: srtt_us:1575232: RTT:196904: ssthresh:2147483647: cwnd:10: delivered:1: lost:0: retrans:0
[  297.230276] AAAAA-TCP_RECV: name:enp0s3: saddr:100932208: daddr:16783984: srtt_us:1571312: RTT:196414: ssthresh:2147483647: cwnd:10: delivered:1: lost:0: retrans:0
[  297.231336] AAAAA-TCP_SEND: name:enp0s3: saddr:16783984: daddr:100932208: srtt_us:1571312: RTT:196414: ssthresh:2147483647: cwnd:10: delivered:1: lost:0: retrans:0
[  297.339147] AAAAA-TCP_RECV: name:enp0s3: saddr:100932208: daddr:33561200: srtt_us:1575232: RTT:196904: ssthresh:2147483647: cwnd:10: delivered:1: lost:0: retrans:0
[  297.339177] AAAAA-TCP_SEND: name:enp0s3: saddr:33561200: daddr:100932208: srtt_us:1575232: RTT:196904: ssthresh:2147483647: cwnd:10: delivered:1: lost:0: retrans:0
[  297.408858] AAAAA-TCP_RECV: name:enp0s3: saddr:100932208: daddr:33561200: srtt_us:1575232: RTT:196904: ssthresh:2147483647: cwnd:10: delivered:1: lost:0: retrans:0
[  297.408891] AAAAA-TCP_SEND: name:enp0s3: saddr:33561200: daddr:100932208: srtt_us:1575232: RTT:196904: ssthresh:2147483647: cwnd:10: delivered:1: lost:0: retrans:0
[  297.545570] AAAAA-TCP_RECV: name:enp0s3: saddr:100932208: daddr:33561200: srtt_us:1575232: RTT:196904: ssthresh:2147483647: cwnd:10: delivered:1: lost:0: retrans:0
[  297.545606] AAAAA-TCP_SEND: name:enp0s3: saddr:33561200: daddr:100932208: srtt_us:1575232: RTT:196904: ssthresh:2147483647: cwnd:10: delivered:1: lost:0: retrans:0
[  297.631789] AAAAA-TCP_RECV: name:enp0s3: saddr:100932208: daddr:16783984: srtt_us:1571312: RTT:196414: ssthresh:2147483647: cwnd:10: delivered:1: lost:0: retrans:0
[  297.632861] AAAAA-TCP_SEND: name:enp0s3: saddr:16783984: daddr:100932208: srtt_us:1571312: RTT:196414: ssthresh:2147483647: cwnd:10: delivered:1: lost:0: retrans:0
[  297.688175] AAAAA-TCP_RECV: name:enp0s3: saddr:100932208: daddr:16783984: srtt_us:1571312: RTT:196414: ssthresh:2147483647: cwnd:10: delivered:1: lost:0: retrans:0
[  297.689234] AAAAA-TCP_SEND: name:enp0s3: saddr:16783984: daddr:100932208: srtt_us:1571312: RTT:196414: ssthresh:2147483647: cwnd:10: delivered:1: lost:0: retrans:0
[  297.772185] AAAAA-TCP_RECV: name:enp0s3: saddr:100932208: daddr:33561200: srtt_us:1575232: RTT:196904: ssthresh:2147483647: cwnd:10: delivered:1: lost:0: retrans:0
[  297.772212] AAAAA-TCP_SEND: name:enp0s3: saddr:33561200: daddr:100932208: srtt_us:1575232: RTT:196904: ssthresh:2147483647: cwnd:10: delivered:1: lost:0: retrans:0
[  297.800662] AAAAA-TCP_RECV: name:enp0s3: saddr:100932208: daddr:16783984: srtt_us:1571312: RTT:196414: ssthresh:2147483647: cwnd:10: delivered:1: lost:0: retrans:0
[  297.801726] AAAAA-TCP_SEND: name:enp0s3: saddr:16783984: daddr:100932208: srtt_us:1571312: RTT:196414: ssthresh:2147483647: cwnd:10: delivered:1: lost:0: retrans:0
[  297.842219] AAAAA-TCP_RECV: name:enp0s3: saddr:100932208: daddr:33561200: srtt_us:1575232: RTT:196904: ssthresh:2147483647: cwnd:10: delivered:1: lost:0: retrans:0
[  297.842244] AAAAA-TCP_SEND: name:enp0s3: saddr:33561200: daddr:100932208: srtt_us:1575232: RTT:196904: ssthresh:2147483647: cwnd:10: delivered:1: lost:0: retrans:0
[  297.864140] AAAAA-TCP_RECV: name:enp0s3: saddr:100932208: daddr:33561200: srtt_us:1575232: RTT:196904: ssthresh:2147483647: cwnd:10: delivered:1: lost:0: retrans:0
[  297.864160] AAAAA-TCP_SEND: name:enp0s3: saddr:33561200: daddr:100932208: srtt_us:1575232: RTT:196904: ssthresh:2147483647: cwnd:10: delivered:1: lost:0: retrans:0
[  297.966231] AAAAA-TCP_RECV: name:enp0s3: saddr:100932208: daddr:33561200: srtt_us:1575232: RTT:196904: ssthresh:2147483647: cwnd:10: delivered:1: lost:0: retrans:0
[  297.966254] AAAAA-TCP_SEND: name:enp0s3: saddr:33561200: daddr:100932208: srtt_us:1575232: RTT:196904: ssthresh:2147483647: cwnd:10: delivered:1: lost:0: retrans:0
[  298.115938] AAAAA-TCP_RECV: name:enp0s3: saddr:100932208: daddr:16783984: srtt_us:1571312: RTT:196414: ssthresh:2147483647: cwnd:10: delivered:1: lost:0: retrans:0
[  298.117008] AAAAA-TCP_SEND: name:enp0s3: saddr:16783984: daddr:100932208: srtt_us:1571312: RTT:196414: ssthresh:2147483647: cwnd:10: delivered:1: lost:0: retrans:0
[  298.234372] AAAAA-TCP_RECV: name:enp0s3: saddr:100932208: daddr:33561200: srtt_us:1575232: RTT:196904: ssthresh:2147483647: cwnd:10: delivered:1: lost:0: retrans:0
[  298.234401] AAAAA-TCP_SEND: name:enp0s3: saddr:33561200: daddr:100932208: srtt_us:1575232: RTT:196904: ssthresh:2147483647: cwnd:10: delivered:1: lost:0: retrans:0
[  298.323390] AAAAA-TCP_RECV: name:enp0s3: saddr:100932208: daddr:33561200: srtt_us:1575232: RTT:196904: ssthresh:2147483647: cwnd:10: delivered:1: lost:0: retrans:0
[  298.323423] AAAAA-TCP_SEND: name:enp0s3: saddr:33561200: daddr:100932208: srtt_us:1575232: RTT:196904: ssthresh:2147483647: cwnd:10: delivered:1: lost:0: retrans:0
[  298.384384] AAAAA-TCP_RECV: name:enp0s3: saddr:100932208: daddr:33561200: srtt_us:1575232: RTT:196904: ssthresh:2147483647: cwnd:10: delivered:1: lost:0: retrans:0
[  298.384420] AAAAA-TCP_SEND: name:enp0s3: saddr:33561200: daddr:100932208: srtt_us:1575232: RTT:196904: ssthresh:2147483647: cwnd:10: delivered:1: lost:0: retrans:0
[  298.437602] AAAAA-TCP_RECV: name:enp0s3: saddr:100932208: daddr:33561200: srtt_us:1575232: RTT:196904: ssthresh:2147483647: cwnd:10: delivered:1: lost:0: retrans:0
[  298.479099] AAAAA-TCP_SEND: name:enp0s3: saddr:33561200: daddr:100932208: srtt_us:1575232: RTT:196904: ssthresh:2147483647: cwnd:10: delivered:1: lost:0: retrans:0
[  298.516712] AAAAA-TCP_RECV: name:enp0s3: saddr:100932208: daddr:33561200: srtt_us:1575232: RTT:196904: ssthresh:2147483647: cwnd:10: delivered:1: lost:0: retrans:0
[  298.537431] AAAAA-TCP_RECV: name:enp0s3: saddr:100932208: daddr:16783984: srtt_us:1571312: RTT:196414: ssthresh:2147483647: cwnd:10: delivered:1: lost:0: retrans:0
[  298.537460] AAAAA-TCP_SEND: name:enp0s3: saddr:16783984: daddr:100932208: srtt_us:1571312: RTT:196414: ssthresh:2147483647: cwnd:10: delivered:1: lost:0: retrans:0
[  298.599107] AAAAA-TCP_SEND: name:enp0s3: saddr:33561200: daddr:100932208: srtt_us:1575232: RTT:196904: ssthresh:2147483647: cwnd:10: delivered:1: lost:0: retrans:0
[  298.625191] AAAAA-TCP_RECV: name:enp0s3: saddr:100932208: daddr:33561200: srtt_us:1575232: RTT:196904: ssthresh:2147483647: cwnd:10: delivered:1: lost:0: retrans:0
[  298.686717] AAAAA-TCP_RECV: name:enp0s3: saddr:100932208: daddr:16783984: srtt_us:1571312: RTT:196414: ssthresh:2147483647: cwnd:10: delivered:1: lost:0: retrans:0
[  298.686769] AAAAA-TCP_SEND: name:enp0s3: saddr:16783984: daddr:100932208: srtt_us:1571312: RTT:196414: ssthresh:2147483647: cwnd:10: delivered:1: lost:0: retrans:0
[  298.722821] AAAAA-TCP_RECV: name:enp0s3: saddr:100932208: daddr:33561200: srtt_us:1575232: RTT:196904: ssthresh:2147483647: cwnd:10: delivered:1: lost:0: retrans:0
[  298.722868] AAAAA-TCP_SEND: name:enp0s3: saddr:33561200: daddr:100932208: srtt_us:1575232: RTT:196904: ssthresh:2147483647: cwnd:10: delivered:1: lost:0: retrans:0
[  298.817681] AAAAA-TCP_RECV: name:enp0s3: saddr:100932208: daddr:16783984: srtt_us:1571312: RTT:196414: ssthresh:2147483647: cwnd:10: delivered:1: lost:0: retrans:0
[  298.817698] AAAAA-TCP_SEND: name:enp0s3: saddr:16783984: daddr:100932208: srtt_us:1571312: RTT:196414: ssthresh:2147483647: cwnd:10: delivered:1: lost:0: retrans:0
[  298.850670] AAAAA-TCP_RECV: name:enp0s3: saddr:100932208: daddr:16783984: srtt_us:1571312: RTT:196414: ssthresh:2147483647: cwnd:10: delivered:1: lost:0: retrans:0
[  298.850718] AAAAA-TCP_SEND: name:enp0s3: saddr:16783984: daddr:100932208: srtt_us:1571312: RTT:196414: ssthresh:2147483647: cwnd:10: delivered:1: lost:0: retrans:0
[  298.970907] AAAAA-TCP_RECV: name:enp0s3: saddr:100932208: daddr:33561200: srtt_us:1575232: RTT:196904: ssthresh:2147483647: cwnd:10: delivered:1: lost:0: retrans:0
[  299.033714] AAAAA-TCP_RECV: name:enp0s3: saddr:100932208: daddr:33561200: srtt_us:1575232: RTT:196904: ssthresh:2147483647: cwnd:10: delivered:1: lost:0: retrans:0
[  299.033744] AAAAA-TCP_SEND: name:enp0s3: saddr:33561200: daddr:100932208: srtt_us:1575232: RTT:196904: ssthresh:2147483647: cwnd:10: delivered:1: lost:0: retrans:0
[  299.060514] AAAAA-TCP_RECV: name:enp0s3: saddr:100932208: daddr:16783984: srtt_us:1571312: RTT:196414: ssthresh:2147483647: cwnd:10: delivered:1: lost:0: retrans:0
[  299.060569] AAAAA-TCP_SEND: name:enp0s3: saddr:16783984: daddr:100932208: srtt_us:1571312: RTT:196414: ssthresh:2147483647: cwnd:10: delivered:1: lost:0: retrans:0
[  299.108133] AAAAA-TCP_RECV: name:enp0s3: saddr:100932208: daddr:16783984: srtt_us:1571312: RTT:196414: ssthresh:2147483647: cwnd:10: delivered:1: lost:0: retrans:0
[  299.108155] AAAAA-TCP_SEND: name:enp0s3: saddr:16783984: daddr:100932208: srtt_us:1571312: RTT:196414: ssthresh:2147483647: cwnd:10: delivered:1: lost:0: retrans:0
[  300.728067] AAAAA-TCP_RECV: name:enp0s3: saddr:100932208: daddr:16783984: srtt_us:1571312: RTT:196414: ssthresh:2147483647: cwnd:10: delivered:1: lost:0: retrans:0
[  300.728103] AAAAA-TCP_SEND: name:enp0s3: saddr:16783984: daddr:100932208: srtt_us:1571312: RTT:196414: ssthresh:2147483647: cwnd:10: delivered:1: lost:0: retrans:0
[  300.754211] AAAAA-TCP_RECV: name:enp0s3: saddr:100932208: daddr:16783984: srtt_us:1571312: RTT:196414: ssthresh:2147483647: cwnd:10: delivered:1: lost:0: retrans:0
[  300.754235] AAAAA-TCP_SEND: name:enp0s3: saddr:16783984: daddr:100932208: srtt_us:1571312: RTT:196414: ssthresh:2147483647: cwnd:10: delivered:1: lost:0: retrans:0
[  300.777420] AAAAA-TCP_RECV: name:enp0s3: saddr:100932208: daddr:33561200: srtt_us:1575232: RTT:196904: ssthresh:2147483647: cwnd:10: delivered:1: lost:0: retrans:0
[  300.777447] AAAAA-TCP_SEND: name:enp0s3: saddr:33561200: daddr:100932208: srtt_us:1575232: RTT:196904: ssthresh:2147483647: cwnd:10: delivered:1: lost:0: retrans:0
[  300.800639] AAAAA-TCP_RECV: name:enp0s3: saddr:100932208: daddr:33561200: srtt_us:1575232: RTT:196904: ssthresh:2147483647: cwnd:10: delivered:1: lost:0: retrans:0
[  300.800665] AAAAA-TCP_SEND: name:enp0s3: saddr:33561200: daddr:100932208: srtt_us:1575232: RTT:196904: ssthresh:2147483647: cwnd:10: delivered:1: lost:0: retrans:0
[  300.831576] AAAAA-TCP_RECV: name:enp0s3: saddr:100932208: daddr:16783984: srtt_us:1571312: RTT:196414: ssthresh:2147483647: cwnd:10: delivered:1: lost:0: retrans:0
[  300.831599] AAAAA-TCP_SEND: name:enp0s3: saddr:16783984: daddr:100932208: srtt_us:1571312: RTT:196414: ssthresh:2147483647: cwnd:10: delivered:1: lost:0: retrans:0
[  300.852466] AAAAA-TCP_RECV: name:enp0s3: saddr:100932208: daddr:33561200: srtt_us:1575232: RTT:196904: ssthresh:2147483647: cwnd:10: delivered:1: lost:0: retrans:0
[  300.852487] AAAAA-TCP_SEND: name:enp0s3: saddr:33561200: daddr:100932208: srtt_us:1575232: RTT:196904: ssthresh:2147483647: cwnd:10: delivered:1: lost:0: retrans:0
[  300.870961] AAAAA-TCP_RECV: name:enp0s3: saddr:100932208: daddr:33561200: srtt_us:1575232: RTT:196904: ssthresh:2147483647: cwnd:10: delivered:1: lost:0: retrans:0
[  300.870983] AAAAA-TCP_SEND: name:enp0s3: saddr:33561200: daddr:100932208: srtt_us:1575232: RTT:196904: ssthresh:2147483647: cwnd:10: delivered:1: lost:0: retrans:0
[  300.894394] AAAAA-TCP_RECV: name:enp0s3: saddr:100932208: daddr:33561200: srtt_us:1575232: RTT:196904: ssthresh:2147483647: cwnd:10: delivered:1: lost:0: retrans:0
[  300.894416] AAAAA-TCP_SEND: name:enp0s3: saddr:33561200: daddr:100932208: srtt_us:1575232: RTT:196904: ssthresh:2147483647: cwnd:10: delivered:1: lost:0: retrans:0
[  300.919885] AAAAA-TCP_RECV: name:enp0s3: saddr:100932208: daddr:33561200: srtt_us:1575232: RTT:196904: ssthresh:2147483647: cwnd:10: delivered:1: lost:0: retrans:0
[  300.919908] AAAAA-TCP_SEND: name:enp0s3: saddr:33561200: daddr:100932208: srtt_us:1575232: RTT:196904: ssthresh:2147483647: cwnd:10: delivered:1: lost:0: retrans:0
[  300.943518] AAAAA-TCP_RECV: name:enp0s3: saddr:100932208: daddr:16783984: srtt_us:1571312: RTT:196414: ssthresh:2147483647: cwnd:10: delivered:1: lost:0: retrans:0
[  300.943540] AAAAA-TCP_SEND: name:enp0s3: saddr:16783984: daddr:100932208: srtt_us:1571312: RTT:196414: ssthresh:2147483647: cwnd:10: delivered:1: lost:0: retrans:0
[  300.958101] AAAAA-TCP_RECV: name:enp0s3: saddr:100932208: daddr:16783984: srtt_us:1571312: RTT:196414: ssthresh:2147483647: cwnd:10: delivered:1: lost:0: retrans:0
[  300.958123] AAAAA-TCP_SEND: name:enp0s3: saddr:16783984: daddr:100932208: srtt_us:1571312: RTT:196414: ssthresh:2147483647: cwnd:10: delivered:1: lost:0: retrans:0
[  300.980709] AAAAA-TCP_RECV: name:enp0s3: saddr:100932208: daddr:16783984: srtt_us:1571312: RTT:196414: ssthresh:2147483647: cwnd:10: delivered:1: lost:0: retrans:0
[  300.980730] AAAAA-TCP_SEND: name:enp0s3: saddr:16783984: daddr:100932208: srtt_us:1571312: RTT:196414: ssthresh:2147483647: cwnd:10: delivered:1: lost:0: retrans:0
[  301.023219] AAAAA-TCP_RECV: name:enp0s3: saddr:100932208: daddr:33561200: srtt_us:1575232: RTT:196904: ssthresh:2147483647: cwnd:10: delivered:1: lost:0: retrans:0
[  301.023240] AAAAA-TCP_SEND: name:enp0s3: saddr:33561200: daddr:100932208: srtt_us:1575232: RTT:196904: ssthresh:2147483647: cwnd:10: delivered:1: lost:0: retrans:0
[  322.192230] AAAAA-TCP_RECV: name:enp0s3: saddr:100932208: daddr:33561200: srtt_us:1575232: RTT:196904: ssthresh:2147483647: cwnd:10: delivered:1: lost:0: retrans:0
[  322.192269] AAAAA-TCP_SEND: name:enp0s3: saddr:33561200: daddr:100932208: srtt_us:1575232: RTT:196904: ssthresh:2147483647: cwnd:10: delivered:1: lost:0: retrans:0
[  322.339482] AAAAA-TCP_RECV: name:enp0s3: saddr:100932208: daddr:33561200: srtt_us:1575232: RTT:196904: ssthresh:2147483647: cwnd:10: delivered:1: lost:0: retrans:0
[  322.339523] AAAAA-TCP_SEND: name:enp0s3: saddr:33561200: daddr:100932208: srtt_us:1575232: RTT:196904: ssthresh:2147483647: cwnd:10: delivered:1: lost:0: retrans:0
[  322.409696] AAAAA-TCP_RECV: name:enp0s3: saddr:100932208: daddr:33561200: srtt_us:1575232: RTT:196904: ssthresh:2147483647: cwnd:10: delivered:1: lost:0: retrans:0
[  322.409729] AAAAA-TCP_SEND: name:enp0s3: saddr:33561200: daddr:100932208: srtt_us:1575232: RTT:196904: ssthresh:2147483647: cwnd:10: delivered:1: lost:0: retrans:0
[  322.570436] AAAAA-TCP_RECV: name:enp0s3: saddr:100932208: daddr:33561200: srtt_us:1575232: RTT:196904: ssthresh:2147483647: cwnd:10: delivered:1: lost:0: retrans:0
[  322.570476] AAAAA-TCP_SEND: name:enp0s3: saddr:33561200: daddr:100932208: srtt_us:1575232: RTT:196904: ssthresh:2147483647: cwnd:10: delivered:1: lost:0: retrans:0
[  322.727300] AAAAA-TCP_RECV: name:enp0s3: saddr:100932208: daddr:33561200: srtt_us:1575232: RTT:196904: ssthresh:2147483647: cwnd:10: delivered:1: lost:0: retrans:0
[  322.727336] AAAAA-TCP_SEND: name:enp0s3: saddr:33561200: daddr:100932208: srtt_us:1575232: RTT:196904: ssthresh:2147483647: cwnd:10: delivered:1: lost:0: retrans:0
[  322.895052] AAAAA-TCP_RECV: name:enp0s3: saddr:100932208: daddr:33561200: srtt_us:1575232: RTT:196904: ssthresh:2147483647: cwnd:10: delivered:1: lost:0: retrans:0
[  322.895082] AAAAA-TCP_SEND: name:enp0s3: saddr:33561200: daddr:100932208: srtt_us:1575232: RTT:196904: ssthresh:2147483647: cwnd:10: delivered:1: lost:0: retrans:0
[  323.002523] AAAAA-TCP_RECV: name:enp0s3: saddr:100932208: daddr:33561200: srtt_us:1575232: RTT:196904: ssthresh:2147483647: cwnd:10: delivered:1: lost:0: retrans:0
[  323.002708] AAAAA-TCP_SEND: name:enp0s3: saddr:33561200: daddr:100932208: srtt_us:1575232: RTT:196904: ssthresh:2147483647: cwnd:10: delivered:1: lost:0: retrans:0
[  323.068890] AAAAA-TCP_RECV: name:enp0s3: saddr:100932208: daddr:33561200: srtt_us:1575232: RTT:196904: ssthresh:2147483647: cwnd:10: delivered:1: lost:0: retrans:0
[  323.068934] AAAAA-TCP_SEND: name:enp0s3: saddr:33561200: daddr:100932208: srtt_us:1575232: RTT:196904: ssthresh:2147483647: cwnd:10: delivered:1: lost:0: retrans:0
[  323.224051] AAAAA-TCP_RECV: name:enp0s3: saddr:100932208: daddr:33561200: srtt_us:1575232: RTT:196904: ssthresh:2147483647: cwnd:10: delivered:1: lost:0: retrans:0
[  323.224100] AAAAA-TCP_SEND: name:enp0s3: saddr:33561200: daddr:100932208: srtt_us:1575232: RTT:196904: ssthresh:2147483647: cwnd:10: delivered:1: lost:0: retrans:0
[  323.308134] AAAAA-TCP_RECV: name:enp0s3: saddr:100932208: daddr:33561200: srtt_us:1575232: RTT:196904: ssthresh:2147483647: cwnd:10: delivered:1: lost:0: retrans:0
[  323.308168] AAAAA-TCP_SEND: name:enp0s3: saddr:33561200: daddr:100932208: srtt_us:1575232: RTT:196904: ssthresh:2147483647: cwnd:10: delivered:1: lost:0: retrans:0
[  323.389509] AAAAA-TCP_RECV: name:enp0s3: saddr:100932208: daddr:33561200: srtt_us:1575232: RTT:196904: ssthresh:2147483647: cwnd:10: delivered:1: lost:0: retrans:0
[  323.389539] AAAAA-TCP_SEND: name:enp0s3: saddr:33561200: daddr:100932208: srtt_us:1575232: RTT:196904: ssthresh:2147483647: cwnd:10: delivered:1: lost:0: retrans:0
[  323.513825] AAAAA-TCP_RECV: name:enp0s3: saddr:100932208: daddr:33561200: srtt_us:1575232: RTT:196904: ssthresh:2147483647: cwnd:10: delivered:1: lost:0: retrans:0
[  323.513893] AAAAA-TCP_SEND: name:enp0s3: saddr:33561200: daddr:100932208: srtt_us:1575232: RTT:196904: ssthresh:2147483647: cwnd:10: delivered:1: lost:0: retrans:0
[  323.789696] AAAAA-TCP_RECV: name:enp0s3: saddr:100932208: daddr:33561200: srtt_us:1575232: RTT:196904: ssthresh:2147483647: cwnd:10: delivered:1: lost:0: retrans:0
[  323.789771] AAAAA-TCP_SEND: name:enp0s3: saddr:33561200: daddr:100932208: srtt_us:1575232: RTT:196904: ssthresh:2147483647: cwnd:10: delivered:1: lost:0: retrans:0
[  323.990808] AAAAA-TCP_RECV: name:enp0s3: saddr:100932208: daddr:33561200: srtt_us:1575232: RTT:196904: ssthresh:2147483647: cwnd:10: delivered:1: lost:0: retrans:0
[  323.990855] AAAAA-TCP_SEND: name:enp0s3: saddr:33561200: daddr:100932208: srtt_us:1575232: RTT:196904: ssthresh:2147483647: cwnd:10: delivered:1: lost:0: retrans:0
[  324.059122] AAAAA-TCP_RECV: name:enp0s3: saddr:100932208: daddr:33561200: srtt_us:1575232: RTT:196904: ssthresh:2147483647: cwnd:10: delivered:1: lost:0: retrans:0
[  324.059150] AAAAA-TCP_SEND: name:enp0s3: saddr:33561200: daddr:100932208: srtt_us:1575232: RTT:196904: ssthresh:2147483647: cwnd:10: delivered:1: lost:0: retrans:0
[  324.141165] AAAAA-TCP_RECV: name:enp0s3: saddr:100932208: daddr:33561200: srtt_us:1575232: RTT:196904: ssthresh:2147483647: cwnd:10: delivered:1: lost:0: retrans:0
[  324.141205] AAAAA-TCP_SEND: name:enp0s3: saddr:33561200: daddr:100932208: srtt_us:1575232: RTT:196904: ssthresh:2147483647: cwnd:10: delivered:1: lost:0: retrans:0
[  324.230084] AAAAA-TCP_RECV: name:enp0s3: saddr:100932208: daddr:33561200: srtt_us:1575232: RTT:196904: ssthresh:2147483647: cwnd:10: delivered:1: lost:0: retrans:0
[  324.230170] AAAAA-TCP_SEND: name:enp0s3: saddr:33561200: daddr:100932208: srtt_us:1575232: RTT:196904: ssthresh:2147483647: cwnd:10: delivered:1: lost:0: retrans:0
[  324.345769] AAAAA-TCP_RECV: name:enp0s3: saddr:100932208: daddr:33561200: srtt_us:1575232: RTT:196904: ssthresh:2147483647: cwnd:10: delivered:1: lost:0: retrans:0
[  324.345803] AAAAA-TCP_SEND: name:enp0s3: saddr:33561200: daddr:100932208: srtt_us:1575232: RTT:196904: ssthresh:2147483647: cwnd:10: delivered:1: lost:0: retrans:0
[  324.499588] AAAAA-TCP_RECV: name:enp0s3: saddr:100932208: daddr:33561200: srtt_us:1575232: RTT:196904: ssthresh:2147483647: cwnd:10: delivered:1: lost:0: retrans:0
[  324.499628] AAAAA-TCP_SEND: name:enp0s3: saddr:33561200: daddr:100932208: srtt_us:1575232: RTT:196904: ssthresh:2147483647: cwnd:10: delivered:1: lost:0: retrans:0
[  324.587830] AAAAA-TCP_RECV: name:enp0s3: saddr:100932208: daddr:33561200: srtt_us:1575232: RTT:196904: ssthresh:2147483647: cwnd:10: delivered:1: lost:0: retrans:0
[  324.587869] AAAAA-TCP_SEND: name:enp0s3: saddr:33561200: daddr:100932208: srtt_us:1575232: RTT:196904: ssthresh:2147483647: cwnd:10: delivered:1: lost:0: retrans:0
[  324.701390] AAAAA-TCP_RECV: name:enp0s3: saddr:100932208: daddr:33561200: srtt_us:1575232: RTT:196904: ssthresh:2147483647: cwnd:10: delivered:1: lost:0: retrans:0
[  324.701421] AAAAA-TCP_SEND: name:enp0s3: saddr:33561200: daddr:100932208: srtt_us:1575232: RTT:196904: ssthresh:2147483647: cwnd:10: delivered:1: lost:0: retrans:0
[  324.801605] AAAAA-TCP_RECV: name:enp0s3: saddr:100932208: daddr:33561200: srtt_us:1575232: RTT:196904: ssthresh:2147483647: cwnd:10: delivered:1: lost:0: retrans:0
[  324.801633] AAAAA-TCP_SEND: name:enp0s3: saddr:33561200: daddr:100932208: srtt_us:1575232: RTT:196904: ssthresh:2147483647: cwnd:10: delivered:1: lost:0: retrans:0
[  324.965586] AAAAA-TCP_RECV: name:enp0s3: saddr:100932208: daddr:33561200: srtt_us:1575232: RTT:196904: ssthresh:2147483647: cwnd:10: delivered:1: lost:0: retrans:0
[  324.965655] AAAAA-TCP_SEND: name:enp0s3: saddr:33561200: daddr:100932208: srtt_us:1575232: RTT:196904: ssthresh:2147483647: cwnd:10: delivered:1: lost:0: retrans:0
[  325.049311] AAAAA-TCP_RECV: name:enp0s3: saddr:100932208: daddr:33561200: srtt_us:1575232: RTT:196904: ssthresh:2147483647: cwnd:10: delivered:1: lost:0: retrans:0
[  325.049397] AAAAA-TCP_SEND: name:enp0s3: saddr:33561200: daddr:100932208: srtt_us:1575232: RTT:196904: ssthresh:2147483647: cwnd:10: delivered:1: lost:0: retrans:0
[  325.100086] AAAAA-TCP_RECV: name:enp0s3: saddr:100932208: daddr:33561200: srtt_us:1575232: RTT:196904: ssthresh:2147483647: cwnd:10: delivered:1: lost:0: retrans:0
[  325.100158] AAAAA-TCP_SEND: name:enp0s3: saddr:33561200: daddr:100932208: srtt_us:1575232: RTT:196904: ssthresh:2147483647: cwnd:10: delivered:1: lost:0: retrans:0
[  325.208341] AAAAA-TCP_RECV: name:enp0s3: saddr:100932208: daddr:16783984: srtt_us:1571312: RTT:196414: ssthresh:2147483647: cwnd:10: delivered:1: lost:0: retrans:0
[  325.208415] AAAAA-TCP_SEND: name:enp0s3: saddr:16783984: daddr:100932208: srtt_us:1571312: RTT:196414: ssthresh:2147483647: cwnd:10: delivered:1: lost:0: retrans:0
[  325.318919] AAAAA-TCP_RECV: name:enp0s3: saddr:100932208: daddr:16783984: srtt_us:1571312: RTT:196414: ssthresh:2147483647: cwnd:10: delivered:1: lost:0: retrans:0
[  325.319000] AAAAA-TCP_SEND: name:enp0s3: saddr:16783984: daddr:100932208: srtt_us:1571312: RTT:196414: ssthresh:2147483647: cwnd:10: delivered:1: lost:0: retrans:0
[  325.533655] AAAAA-TCP_RECV: name:enp0s3: saddr:100932208: daddr:16783984: srtt_us:1571312: RTT:196414: ssthresh:2147483647: cwnd:10: delivered:1: lost:0: retrans:0
[  325.533700] AAAAA-TCP_SEND: name:enp0s3: saddr:16783984: daddr:100932208: srtt_us:1571312: RTT:196414: ssthresh:2147483647: cwnd:10: delivered:1: lost:0: retrans:0
[  325.704722] AAAAA-TCP_RECV: name:enp0s3: saddr:100932208: daddr:16783984: srtt_us:1571312: RTT:196414: ssthresh:2147483647: cwnd:10: delivered:1: lost:0: retrans:0
[  325.704775] AAAAA-TCP_SEND: name:enp0s3: saddr:16783984: daddr:100932208: srtt_us:1571312: RTT:196414: ssthresh:2147483647: cwnd:10: delivered:1: lost:0: retrans:0
[  325.811770] AAAAA-TCP_RECV: name:enp0s3: saddr:100932208: daddr:33561200: srtt_us:1575232: RTT:196904: ssthresh:2147483647: cwnd:10: delivered:1: lost:0: retrans:0
[  325.811801] AAAAA-TCP_SEND: name:enp0s3: saddr:33561200: daddr:100932208: srtt_us:1575232: RTT:196904: ssthresh:2147483647: cwnd:10: delivered:1: lost:0: retrans:0
[  325.923009] AAAAA-TCP_RECV: name:enp0s3: saddr:100932208: daddr:33561200: srtt_us:1575232: RTT:196904: ssthresh:2147483647: cwnd:10: delivered:1: lost:0: retrans:0
[  325.923041] AAAAA-TCP_SEND: name:enp0s3: saddr:33561200: daddr:100932208: srtt_us:1575232: RTT:196904: ssthresh:2147483647: cwnd:10: delivered:1: lost:0: retrans:0
[  326.010709] AAAAA-TCP_RECV: name:enp0s3: saddr:100932208: daddr:16783984: srtt_us:1571312: RTT:196414: ssthresh:2147483647: cwnd:10: delivered:1: lost:0: retrans:0
[  326.010743] AAAAA-TCP_SEND: name:enp0s3: saddr:16783984: daddr:100932208: srtt_us:1571312: RTT:196414: ssthresh:2147483647: cwnd:10: delivered:1: lost:0: retrans:0
[  326.096632] AAAAA-TCP_RECV: name:enp0s3: saddr:100932208: daddr:16783984: srtt_us:1571312: RTT:196414: ssthresh:2147483647: cwnd:10: delivered:1: lost:0: retrans:0
[  326.096674] AAAAA-TCP_SEND: name:enp0s3: saddr:16783984: daddr:100932208: srtt_us:1571312: RTT:196414: ssthresh:2147483647: cwnd:10: delivered:1: lost:0: retrans:0
[  326.188597] AAAAA-TCP_RECV: name:enp0s3: saddr:100932208: daddr:16783984: srtt_us:1571312: RTT:196414: ssthresh:2147483647: cwnd:10: delivered:1: lost:0: retrans:0
[  326.188632] AAAAA-TCP_SEND: name:enp0s3: saddr:16783984: daddr:100932208: srtt_us:1571312: RTT:196414: ssthresh:2147483647: cwnd:10: delivered:1: lost:0: retrans:0
[  326.311033] AAAAA-TCP_RECV: name:enp0s3: saddr:100932208: daddr:16783984: srtt_us:1571312: RTT:196414: ssthresh:2147483647: cwnd:10: delivered:1: lost:0: retrans:0
[  326.311073] AAAAA-TCP_SEND: name:enp0s3: saddr:16783984: daddr:100932208: srtt_us:1571312: RTT:196414: ssthresh:2147483647: cwnd:10: delivered:1: lost:0: retrans:0
[  326.404410] AAAAA-TCP_RECV: name:enp0s3: saddr:100932208: daddr:16783984: srtt_us:1571312: RTT:196414: ssthresh:2147483647: cwnd:10: delivered:1: lost:0: retrans:0
[  326.404442] AAAAA-TCP_SEND: name:enp0s3: saddr:16783984: daddr:100932208: srtt_us:1571312: RTT:196414: ssthresh:2147483647: cwnd:10: delivered:1: lost:0: retrans:0
[  326.464461] AAAAA-TCP_RECV: name:enp0s3: saddr:100932208: daddr:16783984: srtt_us:1571312: RTT:196414: ssthresh:2147483647: cwnd:10: delivered:1: lost:0: retrans:0
[  326.464489] AAAAA-TCP_SEND: name:enp0s3: saddr:16783984: daddr:100932208: srtt_us:1571312: RTT:196414: ssthresh:2147483647: cwnd:10: delivered:1: lost:0: retrans:0
[  326.630645] AAAAA-TCP_RECV: name:enp0s3: saddr:100932208: daddr:16783984: srtt_us:1571312: RTT:196414: ssthresh:2147483647: cwnd:10: delivered:1: lost:0: retrans:0
[  326.630689] AAAAA-TCP_SEND: name:enp0s3: saddr:16783984: daddr:100932208: srtt_us:1571312: RTT:196414: ssthresh:2147483647: cwnd:10: delivered:1: lost:0: retrans:0
[  326.853708] AAAAA-TCP_RECV: name:enp0s3: saddr:100932208: daddr:16783984: srtt_us:1571312: RTT:196414: ssthresh:2147483647: cwnd:10: delivered:1: lost:0: retrans:0
[  326.853745] AAAAA-TCP_SEND: name:enp0s3: saddr:16783984: daddr:100932208: srtt_us:1571312: RTT:196414: ssthresh:2147483647: cwnd:10: delivered:1: lost:0: retrans:0
[  326.958111] AAAAA-TCP_RECV: name:enp0s3: saddr:100932208: daddr:33561200: srtt_us:1575232: RTT:196904: ssthresh:2147483647: cwnd:10: delivered:1: lost:0: retrans:0
[  326.958141] AAAAA-TCP_SEND: name:enp0s3: saddr:33561200: daddr:100932208: srtt_us:1575232: RTT:196904: ssthresh:2147483647: cwnd:10: delivered:1: lost:0: retrans:0
[  327.106479] AAAAA-TCP_RECV: name:enp0s3: saddr:100932208: daddr:33561200: srtt_us:1575232: RTT:196904: ssthresh:2147483647: cwnd:10: delivered:1: lost:0: retrans:0
[  327.106522] AAAAA-TCP_SEND: name:enp0s3: saddr:33561200: daddr:100932208: srtt_us:1575232: RTT:196904: ssthresh:2147483647: cwnd:10: delivered:1: lost:0: retrans:0
