[    0.000000] Linux version 5.4.243-mptcp (root@ztg) (gcc version 12.2.0 (Debian 12.2.0-14+deb12u1)) #53 SMP Wed Dec 24 23:28:15 CST 2025
[    0.000000] Command line: BOOT_IMAGE=/boot/vmlinuz-5.4.243-mptcp root=UUID=98415a12-53b7-4144-8265-0f7ece09e445 ro quiet splash
[    0.000000] KERNEL supported cpus:
[    0.000000]   Intel GenuineIntel
[    0.000000]   AMD AuthenticAMD
[    0.000000]   Hygon HygonGenuine
[    0.000000]   Centaur CentaurHauls
[    0.000000]   zhaoxin   Shanghai  
[    0.000000] x86/fpu: Supporting XSAVE feature 0x001: 'x87 floating point registers'
[    0.000000] x86/fpu: Supporting XSAVE feature 0x002: 'SSE registers'
[    0.000000] x86/fpu: Supporting XSAVE feature 0x004: 'AVX registers'
[    0.000000] x86/fpu: xstate_offset[2]:  576, xstate_sizes[2]:  256
[    0.000000] x86/fpu: Enabled xstate features 0x7, context size is 832 bytes, using 'standard' format.
[    0.000000] BIOS-provided physical RAM map:
[    0.000000] BIOS-e820: [mem 0x0000000000000000-0x000000000009fbff] usable
[    0.000000] BIOS-e820: [mem 0x000000000009fc00-0x000000000009ffff] reserved
[    0.000000] BIOS-e820: [mem 0x00000000000f0000-0x00000000000fffff] reserved
[    0.000000] BIOS-e820: [mem 0x0000000000100000-0x000000007ffeffff] usable
[    0.000000] BIOS-e820: [mem 0x000000007fff0000-0x000000007fffffff] ACPI data
[    0.000000] BIOS-e820: [mem 0x00000000fec00000-0x00000000fec00fff] reserved
[    0.000000] BIOS-e820: [mem 0x00000000fee00000-0x00000000fee00fff] reserved
[    0.000000] BIOS-e820: [mem 0x00000000fffc0000-0x00000000ffffffff] reserved
[    0.000000] NX (Execute Disable) protection: active
[    0.000000] SMBIOS 2.5 present.
[    0.000000] DMI: innotek GmbH VirtualBox/VirtualBox, BIOS VirtualBox 12/01/2006
[    0.000000] Hypervisor detected: KVM
[    0.000000] kvm-clock: Using msrs 4b564d01 and 4b564d00
[    0.000000] kvm-clock: cpu 0, msr 30c01001, primary cpu clock
[    0.000000] kvm-clock: using sched offset of 4532960465 cycles
[    0.000003] clocksource: kvm-clock: mask: 0xffffffffffffffff max_cycles: 0x1cd42e4dffb, max_idle_ns: 881590591483 ns
[    0.000005] tsc: Detected 2100.000 MHz processor
[    0.001920] e820: update [mem 0x00000000-0x00000fff] usable ==> reserved
[    0.001922] e820: remove [mem 0x000a0000-0x000fffff] usable
[    0.001926] last_pfn = 0x7fff0 max_arch_pfn = 0x400000000
[    0.001994] MTRR default type: uncachable
[    0.001995] MTRR fixed ranges enabled:
[    0.001996]   00000-9FFFF write-back
[    0.001997]   A0000-BFFFF uncachable
[    0.001998]   C0000-FFFFF write-protect
[    0.001998] MTRR variable ranges enabled:
[    0.002000]   0 base 000000000000 mask 3FFF80000000 write-back
[    0.002001]   1 disabled
[    0.002001]   2 disabled
[    0.002002]   3 disabled
[    0.002002]   4 disabled
[    0.002002]   5 disabled
[    0.002003]   6 disabled
[    0.002003]   7 disabled
[    0.002004]   8 disabled
[    0.002004]   9 disabled
[    0.002005]   10 disabled
[    0.002005]   11 disabled
[    0.002005]   12 disabled
[    0.002006]   13 disabled
[    0.002006]   14 disabled
[    0.002007]   15 disabled
[    0.002023] x86/PAT: Configuration [0-7]: WB  WC  UC- UC  WB  WP  UC- WT  
[    0.002159] found SMP MP-table at [mem 0x0009fff0-0x0009ffff]
[    0.095183] check: Scanning 1 areas for low memory corruption
[    0.095447] RAMDISK: [mem 0x32271000-0x3512ffff]
[    0.095456] ACPI: Early table checksum verification disabled
[    0.095461] ACPI: RSDP 0x00000000000E0000 000024 (v02 VBOX  )
[    0.095466] ACPI: XSDT 0x000000007FFF0030 00003C (v01 VBOX   VBOXXSDT 00000001 ASL  00000061)
[    0.095472] ACPI: FACP 0x000000007FFF00F0 0000F4 (v04 VBOX   VBOXFACP 00000001 ASL  00000061)
[    0.095479] ACPI: DSDT 0x000000007FFF02E0 002353 (v02 VBOX   VBOXBIOS 00000002 VBOX 00029BF3)
[    0.095483] ACPI: FACS 0x000000007FFF0200 000040
[    0.095486] ACPI: FACS 0x000000007FFF0200 000040
[    0.095489] ACPI: APIC 0x000000007FFF0240 000054 (v02 VBOX   VBOXAPIC 00000001 ASL  00000061)
[    0.095493] ACPI: SSDT 0x000000007FFF02A0 000038 (v01 VBOX   VBOXCPUT 00000002 VBOX 00029BF3)
[    0.095497] ACPI: Reserving FACP table memory at [mem 0x7fff00f0-0x7fff01e3]
[    0.095497] ACPI: Reserving DSDT table memory at [mem 0x7fff02e0-0x7fff2632]
[    0.095498] ACPI: Reserving FACS table memory at [mem 0x7fff0200-0x7fff023f]
[    0.095499] ACPI: Reserving FACS table memory at [mem 0x7fff0200-0x7fff023f]
[    0.095499] ACPI: Reserving APIC table memory at [mem 0x7fff0240-0x7fff0293]
[    0.095500] ACPI: Reserving SSDT table memory at [mem 0x7fff02a0-0x7fff02d7]
[    0.095514] ACPI: Local APIC address 0xfee00000
[    0.095699] No NUMA configuration found
[    0.095700] Faking a node at [mem 0x0000000000000000-0x000000007ffeffff]
[    0.095711] NODE_DATA(0) allocated [mem 0x7ffc5000-0x7ffeffff]
[    0.095992] Zone ranges:
[    0.095993]   DMA      [mem 0x0000000000001000-0x0000000000ffffff]
[    0.095994]   DMA32    [mem 0x0000000001000000-0x000000007ffeffff]
[    0.095995]   Normal   empty
[    0.095996]   Device   empty
[    0.095997] Movable zone start for each node
[    0.095999] Early memory node ranges
[    0.095999]   node   0: [mem 0x0000000000001000-0x000000000009efff]
[    0.096000]   node   0: [mem 0x0000000000100000-0x000000007ffeffff]
[    0.096004] Zeroed struct page in unavailable ranges: 114 pages
[    0.096005] Initmem setup node 0 [mem 0x0000000000001000-0x000000007ffeffff]
[    0.096006] On node 0 totalpages: 524174
[    0.096007]   DMA zone: 64 pages used for memmap
[    0.096008]   DMA zone: 21 pages reserved
[    0.096009]   DMA zone: 3998 pages, LIFO batch:0
[    0.096080]   DMA32 zone: 8128 pages used for memmap
[    0.096081]   DMA32 zone: 520176 pages, LIFO batch:63
[    0.105220] ACPI: PM-Timer IO Port: 0x4008
[    0.105224] ACPI: Local APIC address 0xfee00000
[    0.105293] IOAPIC[0]: apic_id 1, version 32, address 0xfec00000, GSI 0-23
[    0.105297] ACPI: INT_SRC_OVR (bus 0 bus_irq 0 global_irq 2 dfl dfl)
[    0.105299] ACPI: INT_SRC_OVR (bus 0 bus_irq 9 global_irq 9 low level)
[    0.105301] ACPI: IRQ0 used by override.
[    0.105302] ACPI: IRQ9 used by override.
[    0.105304] Using ACPI (MADT) for SMP configuration information
[    0.105312] smpboot: Allowing 1 CPUs, 0 hotplug CPUs
[    0.105334] PM: Registered nosave memory: [mem 0x00000000-0x00000fff]
[    0.105336] PM: Registered nosave memory: [mem 0x0009f000-0x0009ffff]
[    0.105336] PM: Registered nosave memory: [mem 0x000a0000-0x000effff]
[    0.105337] PM: Registered nosave memory: [mem 0x000f0000-0x000fffff]
[    0.105338] [mem 0x80000000-0xfebfffff] available for PCI devices
[    0.105340] Booting paravirtualized kernel on KVM
[    0.105343] clocksource: refined-jiffies: mask: 0xffffffff max_cycles: 0xffffffff, max_idle_ns: 7645519600211568 ns
[    0.105348] setup_percpu: NR_CPUS:8192 nr_cpumask_bits:1 nr_cpu_ids:1 nr_node_ids:1
[    0.106338] percpu: Embedded 60 pages/cpu s208896 r8192 d28672 u2097152
[    0.106343] pcpu-alloc: s208896 r8192 d28672 u2097152 alloc=1*2097152
[    0.106344] pcpu-alloc: [0] 0 
[    0.106371] Built 1 zonelists, mobility grouping on.  Total pages: 515961
[    0.106372] Policy zone: DMA32
[    0.106373] Kernel command line: BOOT_IMAGE=/boot/vmlinuz-5.4.243-mptcp root=UUID=98415a12-53b7-4144-8265-0f7ece09e445 ro quiet splash
[    0.107209] Dentry cache hash table entries: 262144 (order: 9, 2097152 bytes, linear)
[    0.107471] Inode-cache hash table entries: 131072 (order: 8, 1048576 bytes, linear)
[    0.107521] mem auto-init: stack:off, heap alloc:on, heap free:off
[    0.107524] Calgary: detecting Calgary via BIOS EBDA area
[    0.107526] Calgary: Unable to locate Rio Grande table in EBDA - bailing!
[    0.111809] Memory: 1967332K/2096696K available (14339K kernel code, 2398K rwdata, 4712K rodata, 2728K init, 17260K bss, 129364K reserved, 0K cma-reserved)
[    0.112735] SLUB: HWalign=64, Order=0-3, MinObjects=0, CPUs=1, Nodes=1
[    0.112751] ftrace: allocating 43186 entries in 169 pages
[    0.130919] rcu: Hierarchical RCU implementation.
[    0.130920] rcu: 	RCU restricting CPUs from NR_CPUS=8192 to nr_cpu_ids=1.
[    0.130922] 	Tasks RCU enabled.
[    0.130923] rcu: RCU calculated value of scheduler-enlistment delay is 25 jiffies.
[    0.130923] rcu: Adjusting geometry for rcu_fanout_leaf=16, nr_cpu_ids=1
[    0.133891] NR_IRQS: 524544, nr_irqs: 256, preallocated irqs: 16
[    0.134104] random: crng init done
[    0.143426] Console: colour VGA+ 80x25
[    0.143430] printk: console [tty0] enabled
[    0.143451] ACPI: Core revision 20190816
[    0.143545] APIC: Switch to symmetric I/O mode setup
[    0.143794] x2apic enabled
[    0.144033] Switched APIC routing to physical x2apic.
[    0.145175] ..TIMER: vector=0x30 apic1=0 pin1=2 apic2=-1 pin2=-1
[    0.145200] clocksource: tsc-early: mask: 0xffffffffffffffff max_cycles: 0x1e4530a99b6, max_idle_ns: 440795257976 ns
[    0.145206] Calibrating delay loop (skipped) preset value.. 4200.00 BogoMIPS (lpj=8400000)
[    0.145208] pid_max: default: 32768 minimum: 301
[    0.145237] LSM: Security Framework initializing
[    0.145246] Yama: becoming mindful.
[    0.145273] AppArmor: AppArmor initialized
[    0.145307] Mount-cache hash table entries: 4096 (order: 3, 32768 bytes, linear)
[    0.145311] Mountpoint-cache hash table entries: 4096 (order: 3, 32768 bytes, linear)
[    0.145321] *** VALIDATE tmpfs ***
[    0.145449] *** VALIDATE proc ***
[    0.145490] *** VALIDATE cgroup1 ***
[    0.145491] *** VALIDATE cgroup2 ***
[    0.145631] process: using mwait in idle threads
[    0.145636] Last level iTLB entries: 4KB 64, 2MB 8, 4MB 8
[    0.145636] Last level dTLB entries: 4KB 64, 2MB 0, 4MB 0, 1GB 4
[    0.145656] Spectre V1 : Mitigation: usercopy/swapgs barriers and __user pointer sanitization
[    0.145662] Spectre V2 : Mitigation: Retpolines
[    0.145662] Spectre V2 : Spectre v2 / SpectreRSB mitigation: Filling RSB on context switch
[    0.145663] Spectre V2 : Spectre v2 / SpectreRSB : Filling RSB on VMEXIT
[    0.145664] RETBleed: WARNING: Spectre v2 mitigation leaves CPU vulnerable to RETBleed attacks, data leaks possible!
[    0.146021] RETBleed: Vulnerable
[    0.146021] Speculative Store Bypass: Vulnerable
[    0.146026] TAA: Mitigation: TSX disabled
[    0.146026] MMIO Stale Data: Mitigation: Clear CPU buffers
[    0.150274] Freeing SMP alternatives memory: 40K
[    0.262399] smpboot: CPU0: Intel(R) Xeon(R) Silver 4216 CPU @ 2.10GHz (family: 0x6, model: 0x55, stepping: 0x7)
[    0.262546] Performance Events: unsupported p6 CPU model 85 no PMU driver, software events only.
[    0.262585] rcu: Hierarchical SRCU implementation.
[    0.263069] NMI watchdog: Perf NMI watchdog permanently disabled
[    0.263107] smp: Bringing up secondary CPUs ...
[    0.263108] smp: Brought up 1 node, 1 CPU
[    0.263109] smpboot: Max logical packages: 1
[    0.263110] smpboot: Total of 1 processors activated (4200.00 BogoMIPS)
[    0.264096] devtmpfs: initialized
[    0.264146] x86/mm: Memory block size: 128MB
[    0.264498] clocksource: jiffies: mask: 0xffffffff max_cycles: 0xffffffff, max_idle_ns: 7645041785100000 ns
[    0.264504] futex hash table entries: 256 (order: 2, 16384 bytes, linear)
[    0.264547] pinctrl core: initialized pinctrl subsystem
[    0.264649] PM: RTC time: 21:32:12, date: 2026-01-12
[    0.264758] NET: Registered protocol family 16
[    0.264832] audit: initializing netlink subsys (disabled)
[    0.264958] EISA bus registered
[    0.264959] cpuidle: using governor ladder
[    0.264960] cpuidle: using governor menu
[    0.264997] ACPI: bus type PCI registered
[    0.264999] acpiphp: ACPI Hot Plug PCI Controller Driver version: 0.5
[    0.265103] PCI: Using configuration type 1 for base access
[    0.265564] audit: type=2000 audit(1768224739.060:1): state=initialized audit_enabled=0 res=1
[    0.265646] HugeTLB registered 2.00 MiB page size, pre-allocated 0 pages
[    0.266471] ACPI: Added _OSI(Module Device)
[    0.266471] ACPI: Added _OSI(Processor Device)
[    0.266472] ACPI: Added _OSI(3.0 _SCP Extensions)
[    0.266473] ACPI: Added _OSI(Processor Aggregator Device)
[    0.266474] ACPI: Added _OSI(Linux-Dell-Video)
[    0.266475] ACPI: Added _OSI(Linux-Lenovo-NV-HDMI-Audio)
[    0.266475] ACPI: Added _OSI(Linux-HPI-Hybrid-Graphics)
[    0.268538] ACPI: 2 ACPI AML tables successfully acquired and loaded
[    0.270259] ACPI: Interpreter enabled
[    0.270269] ACPI: (supports S0 S5)
[    0.270270] ACPI: Using IOAPIC for interrupt routing
[    0.270529] PCI: Using host bridge windows from ACPI; if necessary, use "pci=nocrs" and report a bug
[    0.270688] ACPI: Enabled 2 GPEs in block 00 to 07
[    0.276300] ACPI: PCI Root Bridge [PCI0] (domain 0000 [bus 00-ff])
[    0.276306] acpi PNP0A03:00: _OSC: OS supports [ASPM ClockPM Segments MSI HPX-Type3]
[    0.276817] acpi PNP0A03:00: _OSC: not requesting OS control; OS requires [ExtendedConfig ASPM ClockPM MSI]
[    0.276826] acpi PNP0A03:00: fail to add MMCONFIG information, can't access extended PCI configuration space under this bridge.
[    0.277202] PCI host bridge to bus 0000:00
[    0.277202] pci_bus 0000:00: root bus resource [io  0x0000-0x0cf7 window]
[    0.277202] pci_bus 0000:00: root bus resource [io  0x0d00-0xffff window]
[    0.277202] pci_bus 0000:00: root bus resource [mem 0x000a0000-0x000bffff window]
[    0.277202] pci_bus 0000:00: root bus resource [mem 0x80000000-0xfdffffff window]
[    0.277202] pci_bus 0000:00: root bus resource [bus 00-ff]
[    0.277202] pci 0000:00:00.0: [8086:1237] type 00 class 0x060000
[    0.277202] pci 0000:00:01.0: [8086:7000] type 00 class 0x060100
[    0.281665] pci 0000:00:01.1: [8086:7111] type 00 class 0x01018a
[    0.282052] pci 0000:00:01.1: reg 0x20: [io  0xd000-0xd00f]
[    0.282229] pci 0000:00:01.1: legacy IDE quirk: reg 0x10: [io  0x01f0-0x01f7]
[    0.282230] pci 0000:00:01.1: legacy IDE quirk: reg 0x14: [io  0x03f6]
[    0.282232] pci 0000:00:01.1: legacy IDE quirk: reg 0x18: [io  0x0170-0x0177]
[    0.282233] pci 0000:00:01.1: legacy IDE quirk: reg 0x1c: [io  0x0376]
[    0.282856] pci 0000:00:02.0: [15ad:0405] type 00 class 0x030000
[    0.285302] pci 0000:00:02.0: reg 0x10: [io  0xd010-0xd01f]
[    0.289256] pci 0000:00:02.0: reg 0x14: [mem 0xe0000000-0xe7ffffff pref]
[    0.292419] pci 0000:00:02.0: reg 0x18: [mem 0xf0000000-0xf01fffff]
[    0.305277] pci 0000:00:03.0: [1022:2000] type 00 class 0x020000
[    0.306039] pci 0000:00:03.0: reg 0x10: [io  0xd020-0xd03f]
[    0.306717] pci 0000:00:03.0: reg 0x14: [mem 0xf0200000-0xf0200fff]
[    0.310786] pci 0000:00:04.0: [80ee:cafe] type 00 class 0x088000
[    0.311727] pci 0000:00:04.0: reg 0x10: [io  0xd040-0xd05f]
[    0.312529] pci 0000:00:04.0: reg 0x14: [mem 0xf0400000-0xf07fffff]
[    0.313253] pci 0000:00:04.0: reg 0x18: [mem 0xf0800000-0xf0803fff pref]
[    0.317217] pci 0000:00:07.0: [8086:7113] type 00 class 0x068000
[    0.317776] pci 0000:00:07.0: quirk: [io  0x4000-0x403f] claimed by PIIX4 ACPI
[    0.317786] pci 0000:00:07.0: quirk: [io  0x4100-0x410f] claimed by PIIX4 SMB
[    0.318448] pci 0000:00:08.0: [8086:100e] type 00 class 0x020000
[    0.319238] pci 0000:00:08.0: reg 0x10: [mem 0xf0820000-0xf083ffff]
[    0.320519] pci 0000:00:08.0: reg 0x18: [io  0xd060-0xd067]
[    0.323872] pci 0000:00:09.0: [8086:100e] type 00 class 0x020000
[    0.324591] pci 0000:00:09.0: reg 0x10: [mem 0xf0840000-0xf085ffff]
[    0.325880] pci 0000:00:09.0: reg 0x18: [io  0xd068-0xd06f]
[    0.334352] ACPI: PCI Interrupt Link [LNKA] (IRQs 5 9 10 *11)
[    0.337275] ACPI: PCI Interrupt Link [LNKB] (IRQs 5 9 *10 11)
[    0.337379] ACPI: PCI Interrupt Link [LNKC] (IRQs 5 *9 10 11)
[    0.337481] ACPI: PCI Interrupt Link [LNKD] (IRQs 5 9 10 *11)
[    0.337749] iommu: Default domain type: Translated 
[    0.337813] pci 0000:00:02.0: vgaarb: setting as boot VGA device
[    0.337815] pci 0000:00:02.0: vgaarb: VGA device added: decodes=io+mem,owns=io+mem,locks=none
[    0.337817] pci 0000:00:02.0: vgaarb: bridge control possible
[    0.337818] vgaarb: loaded
[    0.338033] SCSI subsystem initialized
[    0.338066] libata version 3.00 loaded.
[    0.338090] ACPI: bus type USB registered
[    0.338106] usbcore: registered new interface driver usbfs
[    0.338112] usbcore: registered new interface driver hub
[    0.338117] usbcore: registered new device driver usb
[    0.338143] pps_core: LinuxPPS API ver. 1 registered
[    0.338143] pps_core: Software ver. 5.3.6 - Copyright 2005-2007 Rodolfo Giometti <giometti@linux.it>
[    0.338146] PTP clock support registered
[    0.338179] EDAC MC: Ver: 3.0.0
[    0.338474] PCI: Using ACPI for IRQ routing
[    0.338475] PCI: pci_cache_line_size set to 64 bytes
[    0.338646] e820: reserve RAM buffer [mem 0x0009fc00-0x0009ffff]
[    0.338650] e820: reserve RAM buffer [mem 0x7fff0000-0x7fffffff]
[    0.339440] NetLabel: Initializing
[    0.339441] NetLabel:  domain hash size = 128
[    0.339441] NetLabel:  protocols = UNLABELED CIPSOv4 CALIPSO
[    0.339461] NetLabel:  unlabeled traffic allowed by default
[    0.340364] clocksource: Switched to clocksource kvm-clock
[    0.351679] *** VALIDATE bpf ***
[    0.351752] VFS: Disk quotas dquot_6.6.0
[    0.351765] VFS: Dquot-cache hash table entries: 512 (order 0, 4096 bytes)
[    0.351790] *** VALIDATE ramfs ***
[    0.351793] *** VALIDATE hugetlbfs ***
[    0.351879] AppArmor: AppArmor Filesystem Enabled
[    0.351908] pnp: PnP ACPI init
[    0.351982] pnp 00:00: Plug and Play ACPI device, IDs PNP0303 (active)
[    0.352048] pnp 00:01: Plug and Play ACPI device, IDs PNP0f03 (active)
[    0.352791] pnp: PnP ACPI: found 2 devices
[    0.353819] thermal_sys: Registered thermal governor 'fair_share'
[    0.353820] thermal_sys: Registered thermal governor 'bang_bang'
[    0.353821] thermal_sys: Registered thermal governor 'step_wise'
[    0.353821] thermal_sys: Registered thermal governor 'user_space'
[    0.353822] thermal_sys: Registered thermal governor 'power_allocator'
[    0.360810] clocksource: acpi_pm: mask: 0xffffff max_cycles: 0xffffff, max_idle_ns: 2085701024 ns
[    0.360854] pci_bus 0000:00: resource 4 [io  0x0000-0x0cf7 window]
[    0.360855] pci_bus 0000:00: resource 5 [io  0x0d00-0xffff window]
[    0.360856] pci_bus 0000:00: resource 6 [mem 0x000a0000-0x000bffff window]
[    0.360858] pci_bus 0000:00: resource 7 [mem 0x80000000-0xfdffffff window]
[    0.360921] NET: Registered protocol family 2
[    0.360996] IP idents hash table entries: 32768 (order: 6, 262144 bytes, linear)
[    0.361410] MPTCP tokens hash table entries: 8192 (order: 4, 65536 bytes, linear)
[    0.361431] MPTCP request tokens hash table entries: 8192 (order: 4, 65536 bytes, linear)
[    0.361456] default registered
[    0.361456] default registered
[    0.361457] MPTCP: Stable release v0.96
[    0.361462] tcp_listen_portaddr_hash hash table entries: 1024 (order: 2, 16384 bytes, linear)
[    0.361545] TCP established hash table entries: 16384 (order: 5, 131072 bytes, linear)
[    0.361611] TCP bind hash table entries: 16384 (order: 6, 262144 bytes, linear)
[    0.361637] TCP: Hash tables configured (established 16384 bind 16384)
[    0.362386] UDP hash table entries: 1024 (order: 3, 32768 bytes, linear)
[    0.362397] UDP-Lite hash table entries: 1024 (order: 3, 32768 bytes, linear)
[    0.362441] NET: Registered protocol family 1
[    0.362451] NET: Registered protocol family 44
[    0.362475] pci 0000:00:00.0: Limiting direct PCI/PCI transfers
[    0.362488] pci 0000:00:01.0: Activating ISA DMA hang workarounds
[    0.362542] pci 0000:00:02.0: Video device with shadowed ROM at [mem 0x000c0000-0x000dffff]
[    0.362607] PCI: CLS 0 bytes, default 64
[    0.362676] Trying to unpack rootfs image as initramfs...
[    0.539169] Freeing initrd memory: 47868K
[    0.539169] clocksource: tsc: mask: 0xffffffffffffffff max_cycles: 0x1e4530a99b6, max_idle_ns: 440795257976 ns
[    0.539169] clocksource: Switched to clocksource tsc
[    0.539169] platform rtc_cmos: registered platform RTC device (no PNP device found)
[    0.539169] check: Scanning for low memory corruption every 60 seconds
[    0.539169] Initialise system trusted keyrings
[    0.539169] Key type blacklist registered
[    0.539169] workingset: timestamp_bits=36 max_order=19 bucket_order=0
[    0.539169] zbud: loaded
[    0.539169] squashfs: version 4.0 (2009/01/31) Phillip Lougher
[    0.539169] fuse: init (API version 7.31)
[    0.539169] *** VALIDATE fuse ***
[    0.539169] *** VALIDATE fuse ***
[    0.539169] Platform Keyring initialized
[    0.551766] Key type asymmetric registered
[    0.551767] Asymmetric key parser 'x509' registered
[    0.551780] Block layer SCSI generic (bsg) driver version 0.4 loaded (major 244)
[    0.551823] io scheduler mq-deadline registered
[    0.551959] shpchp: Standard Hot Plug PCI Controller Driver version: 0.4
[    0.552184] ACPI: AC Adapter [AC] (on-line)
[    0.552229] input: Power Button as /devices/LNXSYSTM:00/LNXPWRBN:00/input/input0
[    0.552259] ACPI: Power Button [PWRF]
[    0.552335] input: Sleep Button as /devices/LNXSYSTM:00/LNXSLPBN:00/input/input1
[    0.552350] ACPI: Sleep Button [SLPF]
[    0.552582] Serial: 8250/16550 driver, 32 ports, IRQ sharing enabled
[    0.553739] Linux agpgart interface v0.103
[    0.643142] loop: module loaded
[    0.643294] ata_piix 0000:00:01.1: version 2.13
[    0.643710] scsi host0: ata_piix
[    0.643802] scsi host1: ata_piix
[    0.643828] ata1: PATA max UDMA/33 cmd 0x1f0 ctl 0x3f6 bmdma 0xd000 irq 14
[    0.643829] ata2: PATA max UDMA/33 cmd 0x170 ctl 0x376 bmdma 0xd008 irq 15
[    0.643913] tun: Universal TUN/TAP device driver, 1.6
[    0.644217] PPP generic driver version 2.4.2
[    0.644260] VFIO - User Level meta-driver version: 0.3
[    0.644497] ehci_hcd: USB 2.0 'Enhanced' Host Controller (EHCI) Driver
[    0.644501] ehci-pci: EHCI PCI platform driver
[    0.644518] ehci-platform: EHCI generic platform driver
[    0.644523] ohci_hcd: USB 1.1 'Open' Host Controller (OHCI) Driver
[    0.644525] ohci-pci: OHCI PCI platform driver
[    0.644532] ohci-platform: OHCI generic platform driver
[    0.644537] uhci_hcd: USB Universal Host Controller Interface driver
[    0.644604] i8042: PNP: PS/2 Controller [PNP0303:PS2K,PNP0f03:PS2M] at 0x60,0x64 irq 1,12
[    0.645041] serio: i8042 KBD port at 0x60,0x64 irq 1
[    0.645045] serio: i8042 AUX port at 0x60,0x64 irq 12
[    0.645131] mousedev: PS/2 mouse device common for all mice
[    0.645385] input: AT Translated Set 2 keyboard as /devices/platform/i8042/serio0/input/input2
[    0.645799] rtc_cmos rtc_cmos: registered as rtc0
[    0.645812] rtc_cmos rtc_cmos: alarms up to one day, 114 bytes nvram
[    0.645817] i2c /dev entries driver
[    0.645863] device-mapper: uevent: version 1.0.3
[    0.645907] device-mapper: ioctl: 4.41.0-ioctl (2019-09-16) initialised: dm-devel@redhat.com
[    0.645923] platform eisa.0: Probing EISA bus 0
[    0.645924] platform eisa.0: EISA: Cannot allocate resource for mainboard
[    0.645926] platform eisa.0: Cannot allocate resource for EISA slot 1
[    0.645927] platform eisa.0: Cannot allocate resource for EISA slot 2
[    0.645928] platform eisa.0: Cannot allocate resource for EISA slot 3
[    0.645929] platform eisa.0: Cannot allocate resource for EISA slot 4
[    0.645930] platform eisa.0: Cannot allocate resource for EISA slot 5
[    0.645931] platform eisa.0: Cannot allocate resource for EISA slot 6
[    0.645932] platform eisa.0: Cannot allocate resource for EISA slot 7
[    0.645932] platform eisa.0: Cannot allocate resource for EISA slot 8
[    0.645933] platform eisa.0: EISA: Detected 0 cards
[    0.645936] intel_pstate: CPU model not supported
[    0.645946] ledtrig-cpu: registered to indicate activity on CPUs
[    0.646001] drop_monitor: Initializing network drop monitor service
[    0.646161] NET: Registered protocol family 10
[    0.651293] Segment Routing with IPv6
[    0.651293] fullmesh registered
[    0.651293] ndiffports registered
[    0.651293] binder registered
[    0.651293] roundrobin registered
[    0.651293] redundant registered
[    0.651293] blest registered
[    0.651293] ecf registered
[    0.651293] NET: Registered protocol family 17
[    0.651293] Key type dns_resolver registered
[    0.651293] RAS: Correctable Errors collector initialized.
[    0.651293] IPI shorthand broadcast: enabled
[    0.651293] sched_clock: Marking stable (636185211, 11107969)->(649893237, -2600057)
[    0.651682] registered taskstats version 1
[    0.651692] Loading compiled-in X.509 certificates
[    0.652283] Loaded X.509 cert 'Build time autogenerated kernel key: 6909f3744cebb3d0de528d5887b96a727de79b1e'
[    0.652301] zswap: loaded using pool lzo/zbud
[    0.652355] Key type ._fscrypt registered
[    0.652355] Key type .fscrypt registered
[    0.656852] Key type big_key registered
[    0.659039] Key type encrypted registered
[    0.659042] AppArmor: AppArmor sha1 policy hashing enabled
[    0.659049] ima: No TPM chip found, activating TPM-bypass!
[    0.659053] ima: Allocated hash algorithm: sha1
[    0.659059] ima: No architecture policies found
[    0.659068] evm: Initialising EVM extended attributes:
[    0.659069] evm: security.selinux
[    0.659069] evm: security.SMACK64
[    0.659070] evm: security.SMACK64EXEC
[    0.659070] evm: security.SMACK64TRANSMUTE
[    0.659071] evm: security.SMACK64MMAP
[    0.659071] evm: security.apparmor
[    0.659072] evm: security.ima
[    0.659072] evm: security.capability
[    0.659073] evm: HMAC attrs: 0x1
[    0.659374] PM:   Magic number: 10:576:550
[    0.659384] tty ttyS26: hash matches
[    0.659405] acpi PNP0C0F:01: hash matches
[    0.659601] rtc_cmos rtc_cmos: setting system clock to 2026-01-12T21:32:13 UTC (1768253533)
[    0.819397] ata1.00: ATA-6: VBOX HARDDISK, 1.0, max UDMA/133
[    0.819400] ata1.00: 209715200 sectors, multi 128: LBA 
[    0.820063] scsi 0:0:0:0: Direct-Access     ATA      VBOX HARDDISK    1.0  PQ: 0 ANSI: 5
[    0.820347] sd 0:0:0:0: [sda] 209715200 512-byte logical blocks: (107 GB/100 GiB)
[    0.820359] sd 0:0:0:0: [sda] Write Protect is off
[    0.820362] sd 0:0:0:0: [sda] Mode Sense: 00 3a 00 00
[    0.820381] sd 0:0:0:0: [sda] Write cache: enabled, read cache: enabled, doesn't support DPO or FUA
[    0.820691] sd 0:0:0:0: Attached scsi generic sg0 type 0
[    0.821743]  sda: sda1 sda2
[    0.831680] sd 0:0:0:0: [sda] Attached SCSI disk
[    0.838044] Freeing unused decrypted memory: 2040K
[    0.839402] Freeing unused kernel image memory: 2728K
[    0.839406] Write protecting the kernel read-only data: 22528k
[    0.840893] Freeing unused kernel image memory: 2036K
[    0.841688] Freeing unused kernel image memory: 1432K
[    0.877286] x86/mm: Checked W+X mappings: passed, no W+X pages found.
[    0.877292] Run /init as init process
[    0.978231] ACPI: Video Device [GFX0] (multi-head: yes  rom: no  post: no)
[    0.978304] input: Video Bus as /devices/LNXSYSTM:00/LNXSYBUS:00/PNP0A03:00/LNXVIDEO:00/input/input4
[    0.991644] pcnet32: pcnet32.c:v1.35 21.Apr.2008 tsbogend@alpha.franken.de
[    0.993296] piix4_smbus 0000:00:07.0: SMBus Host Controller at 0x4100, revision 0
[    0.995770] e1000: Intel(R) PRO/1000 Network Driver - version 7.3.21-k8-NAPI
[    0.995770] e1000: Copyright (c) 1999-2006 Intel Corporation.
[    1.006414] pcnet32: PCnet/FAST III 79C973 at 0xd020, 08:00:27:ea:e0:5b assigned IRQ 19
[    1.006459] pcnet32: Found PHY 0022:561b at address 0
[    1.006763] pcnet32: eth0: registered as PCnet/FAST III 79C973
[    1.012471] pcnet32: 1 cards_found
[    1.064207] pcnet32 0000:00:03.0 enp0s3: renamed from eth0
[    1.209444] input: ImExPS/2 Generic Explorer Mouse as /devices/platform/i8042/serio1/input/input5
[    1.403399] e1000 0000:00:08.0 eth0: (PCI:33MHz:32-bit) 08:00:27:3a:f3:8d
[    1.403404] e1000 0000:00:08.0 eth0: Intel(R) PRO/1000 Network Connection
[    1.779528] e1000 0000:00:09.0 eth1: (PCI:33MHz:32-bit) 08:00:27:16:c5:66
[    1.779531] e1000 0000:00:09.0 eth1: Intel(R) PRO/1000 Network Connection
[    1.780693] e1000 0000:00:09.0 enp0s9: renamed from eth1
[    1.782532] e1000 0000:00:08.0 enp0s8: renamed from eth0
[    1.931129] EXT4-fs (sda2): mounted filesystem with ordered data mode. Opts: (null)
[    2.014183] systemd[1]: Inserted module 'autofs4'
[    2.024550] systemd[1]: systemd 245.4-4ubuntu3 running in system mode. (+PAM +AUDIT +SELINUX +IMA +APPARMOR +SMACK +SYSVINIT +UTMP +LIBCRYPTSETUP +GCRYPT +GNUTLS +ACL +XZ +LZ4 +SECCOMP +BLKID +ELFUTILS +KMOD +IDN2 -IDN +PCRE2 default-hierarchy=hybrid)
[    2.024582] systemd[1]: Detected virtualization oracle.
[    2.024585] systemd[1]: Detected architecture x86-64.
[    2.025881] systemd[1]: Set hostname to <ztg>.
[    2.152456] systemd[1]: /lib/systemd/system/dbus.socket:5: ListenStream= references a path below legacy directory /var/run/, updating /var/run/dbus/system_bus_socket â†’ /run/dbus/system_bus_socket; please update the unit file accordingly.
[    2.204678] systemd[1]: Created slice system-modprobe.slice.
[    2.204861] systemd[1]: Created slice User and Session Slice.
[    2.204904] systemd[1]: Started Forward Password Requests to Wall Directory Watch.
[    2.205067] systemd[1]: Set up automount Arbitrary Executable File Formats File System Automount Point.
[    2.205100] systemd[1]: Reached target User and Group Name Lookups.
[    2.205108] systemd[1]: Reached target Remote File Systems.
[    2.205117] systemd[1]: Reached target Slices.
[    2.205602] systemd[1]: Listening on Syslog Socket.
[    2.205667] systemd[1]: Listening on fsck to fsckd communication Socket.
[    2.205705] systemd[1]: Listening on initctl Compatibility Named Pipe.
[    2.205860] systemd[1]: Listening on Journal Audit Socket.
[    2.205913] systemd[1]: Listening on Journal Socket (/dev/log).
[    2.205982] systemd[1]: Listening on Journal Socket.
[    2.206048] systemd[1]: Listening on udev Control Socket.
[    2.206087] systemd[1]: Listening on udev Kernel Socket.
[    2.206843] systemd[1]: Mounting Huge Pages File System...
[    2.207794] systemd[1]: Mounting POSIX Message Queue File System...
[    2.208660] systemd[1]: Mounting Kernel Debug File System...
[    2.209475] systemd[1]: Mounting Kernel Trace File System...
[    2.211404] systemd[1]: Starting Journal Service...
[    2.234096] systemd[1]: Starting Set the console keyboard layout...
[    2.241913] systemd[1]: Starting Create list of static device nodes for the current kernel...
[    2.243905] systemd[1]: Starting Load Kernel Module drm...
[    2.244914] systemd[1]: Condition check resulted in Set Up Additional Binary Formats being skipped.
[    2.244986] systemd[1]: Condition check resulted in File System Check on Root Device being skipped.
[    2.258477] systemd[1]: Starting Load Kernel Modules...
[    2.263971] systemd[1]: Starting Remount Root and Kernel File Systems...
[    2.273534] systemd[1]: Starting udev Coldplug all Devices...
[    2.285116] systemd[1]: Starting Uncomplicated firewall...
[    2.286409] systemd[1]: Mounted Huge Pages File System.
[    2.286504] systemd[1]: Mounted POSIX Message Queue File System.
[    2.286576] systemd[1]: Mounted Kernel Debug File System.
[    2.286645] systemd[1]: Mounted Kernel Trace File System.
[    2.307057] EXT4-fs (sda2): re-mounted. Opts: errors=remount-ro
[    2.329917] systemd[1]: Finished Create list of static device nodes for the current kernel.
[    2.330997] systemd[1]: modprobe@drm.service: Succeeded.
[    2.332758] systemd[1]: Finished Load Kernel Module drm.
[    2.338860] systemd[1]: Finished Remount Root and Kernel File Systems.
[    2.340277] systemd[1]: Finished Uncomplicated firewall.
[    2.356459] systemd[1]: Condition check resulted in Rebuild Hardware Database being skipped.
[    2.356500] systemd[1]: Condition check resulted in Platform Persistent Storage Archival being skipped.
[    2.357222] systemd[1]: Starting Load/Save Random Seed...
[    2.358791] lp: driver loaded but no devices found
[    2.365558] systemd[1]: Starting Create System Users...
[    2.374142] ppdev: user-space parallel port driver
[    2.379898] systemd[1]: Finished Load/Save Random Seed.
[    2.384885] systemd[1]: Finished Create System Users.
[    2.385626] systemd[1]: Starting Create Static Device Nodes in /dev...
[    2.402684] systemd[1]: Finished Create Static Device Nodes in /dev.
[    2.403557] systemd[1]: Starting udev Kernel Device Manager...
[    2.449853] systemd[1]: Finished udev Coldplug all Devices.
[    2.453559] [drm] DMA map mode: Caching DMA mappings.
[    2.453623] [drm] Capabilities:
[    2.453623] [drm]   Rect copy.
[    2.453623] [drm]   Cursor.
[    2.453624] [drm]   Cursor bypass.
[    2.453624] [drm]   Cursor bypass 2.
[    2.453624] [drm]   Alpha cursor.
[    2.453625] [drm]   Extended Fifo.
[    2.453625] [drm]   Pitchlock.
[    2.453626] [drm]   Irq mask.
[    2.453626] [drm]   GMR.
[    2.453626] [drm]   Traces.
[    2.453627] [drm]   GMR2.
[    2.453627] [drm]   Screen Object 2.
[    2.453627] [drm]   Command Buffers.
[    2.453628] [drm]   Command Buffers 2.
[    2.453628] [drm]   Guest Backed Resources.
[    2.453629] [drm] Max GMR ids is 8192
[    2.453630] [drm] Max number of GMR pages is 1048576
[    2.453630] [drm] Max dedicated hypervisor surface memory is 393216 kiB
[    2.453631] [drm] Maximum display memory size is 131072 kiB
[    2.453632] [drm] VRAM at 0xe0000000 size is 131072 kiB
[    2.453632] [drm] MMIO at 0xf0000000 size is 2048 kiB
[    2.455089] [TTM] Zone  kernel: Available graphics memory: 1011738 KiB
[    2.455090] [TTM] Initializing pool allocator
[    2.455094] [TTM] Initializing DMA pool allocator
[    2.455149] [drm] Supports vblank timestamp caching Rev 2 (21.10.2013).
[    2.455150] [drm] No driver support for vblank timestamp query.
[    2.455422] [drm] Screen Target Display device initialized
[    2.455633] [drm] width 720
[    2.455642] [drm] height 400
[    2.455646] [drm] bpp 32
[    2.456199] [drm] Fifo max 0x00200000 min 0x00001000 cap 0x00000355
[    2.457278] [drm] Using command buffers with DMA pool.
[    2.457282] [drm] DX: no.
[    2.457282] [drm] Atomic: yes.
[    2.457283] [drm] SM4_1: no.
[    2.457303] [drm:vmw_host_log [vmwgfx]] *ERROR* Failed to send host log message.
[    2.458208] [drm:vmw_host_log [vmwgfx]] *ERROR* Failed to send host log message.
[    2.484410] fbcon: svgadrmfb (fb0) is primary device
[    2.486582] Console: switching to colour frame buffer device 100x37
[    2.491748] [drm] Initialized vmwgfx 2.15.0 20180704 for 0000:00:02.0 on minor 0
[    2.492736] systemd[1]: Finished Load Kernel Modules.
[    2.493637] systemd[1]: Mounting FUSE Control File System...
[    2.494834] systemd[1]: Mounting Kernel Configuration File System...
[    2.502950] systemd[1]: Starting Apply Kernel Variables...
[    2.515962] systemd[1]: Mounted FUSE Control File System.
[    2.516028] systemd[1]: Condition check resulted in VMware vmblock fuse mount being skipped.
[    2.521363] systemd[1]: Mounted Kernel Configuration File System.
[    2.532349] systemd[1]: Finished Set the console keyboard layout.
[    2.532438] systemd[1]: Reached target Local File Systems (Pre).
[    2.534770] systemd[1]: Mounting Mount unit for bare, revision 5...
[    2.536907] systemd[1]: Mounting Mount unit for core18, revision 1705...
[    2.555582] systemd[1]: Mounting Mount unit for gnome-3-34-1804, revision 24...
[    2.561911] systemd[1]: Mounting Mount unit for gtk-common-themes, revision 1506...
[    2.579856] systemd[1]: Mounting Mount unit for gtk-common-themes, revision 1535...
[    2.590208] systemd[1]: Mounting Mount unit for snap-store, revision 433...
[    2.596596] systemd[1]: Mounting Mount unit for snapd, revision 25935...
[    2.614218] systemd[1]: Finished Apply Kernel Variables.
[    2.615801] systemd[1]: Mounted Mount unit for bare, revision 5.
[    2.615895] systemd[1]: Mounted Mount unit for core18, revision 1705.
[    2.636195] systemd[1]: Mounted Mount unit for gnome-3-34-1804, revision 24.
[    2.636285] systemd[1]: Mounted Mount unit for gtk-common-themes, revision 1506.
[    2.639912] systemd[1]: Started udev Kernel Device Manager.
[    2.640654] systemd[1]: Starting Show Plymouth Boot Screen...
[    2.646924] systemd[1]: Received SIGRTMIN+20 from PID 277 (plymouthd).
[    2.686295] systemd[1]: Started Show Plymouth Boot Screen.
[    2.686448] systemd[1]: Condition check resulted in Dispatch Password Requests to Console Directory Watch being skipped.
[    2.686552] systemd[1]: Started Forward Password Requests to Plymouth Directory Watch.
[    2.686584] systemd[1]: Reached target Local Encrypted Volumes.
[    2.704488] systemd[1]: Mounted Mount unit for gtk-common-themes, revision 1535.
[    2.704718] systemd[1]: Mounted Mount unit for snap-store, revision 433.
[    2.704896] systemd[1]: Mounted Mount unit for snapd, revision 25935.
[    2.705042] systemd[1]: Reached target Local File Systems.
[    2.707409] systemd[1]: Starting Load AppArmor profiles...
[    2.708286] systemd[1]: Starting Set console font and keymap...
[    2.718679] systemd[1]: Starting Tell Plymouth To Write Out Runtime Data...
[    2.722913] systemd[1]: Condition check resulted in Store a System Token in an EFI Variable being skipped.
[    2.722951] systemd[1]: Condition check resulted in Commit a transient machine-id on disk being skipped.
[    2.726965] systemd[1]: Finished Set console font and keymap.
[    2.735566] systemd[1]: Received SIGRTMIN+20 from PID 277 (plymouthd).
[    2.736843] systemd[1]: plymouth-read-write.service: Succeeded.
[    2.737127] systemd[1]: Finished Tell Plymouth To Write Out Runtime Data.
[    2.754822] audit: type=1400 audit(1768253535.588:2): apparmor="STATUS" operation="profile_load" profile="unconfined" name="nvidia_modprobe" pid=300 comm="apparmor_parser"
[    2.754824] audit: type=1400 audit(1768253535.588:3): apparmor="STATUS" operation="profile_load" profile="unconfined" name="nvidia_modprobe//kmod" pid=300 comm="apparmor_parser"
[    2.780052] audit: type=1400 audit(1768253535.616:4): apparmor="STATUS" operation="profile_load" profile="unconfined" name="/usr/sbin/tcpdump" pid=301 comm="apparmor_parser"
[    2.814802] audit: type=1400 audit(1768253535.644:5): apparmor="STATUS" operation="profile_load" profile="unconfined" name="/usr/bin/evince" pid=303 comm="apparmor_parser"
[    2.814804] audit: type=1400 audit(1768253535.644:6): apparmor="STATUS" operation="profile_load" profile="unconfined" name="/usr/bin/evince//sanitized_helper" pid=303 comm="apparmor_parser"
[    2.814805] audit: type=1400 audit(1768253535.644:7): apparmor="STATUS" operation="profile_load" profile="unconfined" name="/usr/bin/evince-previewer" pid=303 comm="apparmor_parser"
[    2.814807] audit: type=1400 audit(1768253535.644:8): apparmor="STATUS" operation="profile_load" profile="unconfined" name="/usr/bin/evince-previewer//sanitized_helper" pid=303 comm="apparmor_parser"
[    2.814809] audit: type=1400 audit(1768253535.644:9): apparmor="STATUS" operation="profile_load" profile="unconfined" name="/usr/bin/evince-thumbnailer" pid=303 comm="apparmor_parser"
[    2.847271] audit: type=1400 audit(1768253535.684:10): apparmor="STATUS" operation="profile_load" profile="unconfined" name="/usr/lib/cups/backend/cups-pdf" pid=304 comm="apparmor_parser"
[    2.918690] systemd[1]: Finished Load AppArmor profiles.
[    2.919645] systemd[1]: Starting Load AppArmor profiles managed internally by snapd...
[    3.042934] systemd[1]: Finished Load AppArmor profiles managed internally by snapd.
[    3.216351] systemd[1]: Started Journal Service.
[    3.225036] systemd-journald[229]: Received client request to flush runtime journal.
[    3.228347] systemd-journald[229]: File /var/log/journal/c455b248004a419c87ce85eea238d727/system.journal corrupted or uncleanly shut down, renaming and replacing.
[    4.666784] RAPL PMU: API unit is 2^-32 Joules, 0 fixed counters, 10737418240 ms ovfl timer
[    4.736708] cryptd: max_cpu_qlen set to 1000
[    4.798432] AVX2 version of gcm_enc/dec engaged.
[    4.798432] AES CTR mode by8 optimization enabled
[    6.707759] Adding 1998844k swap on /dev/sda1.  Priority:-2 extents:1 across:1998844k FS
[    7.451371] kauditd_printk_skb: 30 callbacks suppressed
[    7.451373] audit: type=1400 audit(1768253540.288:41): apparmor="DENIED" operation="capable" profile="/usr/sbin/cups-browsed" pid=507 comm="cups-browsed" capability=23  capname="sys_nice"
[    9.056141] pcnet32 0000:00:03.0 enp0s3: link up, 100Mbps, full-duplex
[    9.098378] e1000: enp0s8 NIC Link is Up 1000 Mbps Full Duplex, Flow Control: RX
[    9.098670] IPv6: ADDRCONF(NETDEV_CHANGE): enp0s8: link becomes ready
[    9.111344] e1000: enp0s9 NIC Link is Up 1000 Mbps Full Duplex, Flow Control: RX
[    9.111636] IPv6: ADDRCONF(NETDEV_CHANGE): enp0s9: link becomes ready
[    9.810710] device enp0s3 entered promiscuous mode
[    9.826607] audit: type=1400 audit(1768253542.656:42): apparmor="DENIED" operation="open" profile="/usr/sbin/tcpdump" name="/proc/sys/kernel/random/boot_id" pid=624 comm="tcpdump" requested_mask="r" denied_mask="r" fsuid=0 ouid=0
[    9.827516] audit: type=1400 audit(1768253542.656:43): apparmor="DENIED" operation="open" profile="/usr/sbin/tcpdump" name="/proc/sys/kernel/random/boot_id" pid=624 comm="tcpdump" requested_mask="r" denied_mask="r" fsuid=0 ouid=0
[    9.827695] audit: type=1400 audit(1768253542.656:44): apparmor="DENIED" operation="open" profile="/usr/sbin/tcpdump" name="/proc/sys/kernel/random/boot_id" pid=624 comm="tcpdump" requested_mask="r" denied_mask="r" fsuid=0 ouid=0
[    9.827883] audit: type=1400 audit(1768253542.656:45): apparmor="DENIED" operation="open" profile="/usr/sbin/tcpdump" name="/proc/sys/kernel/random/boot_id" pid=624 comm="tcpdump" requested_mask="r" denied_mask="r" fsuid=0 ouid=0
[    9.833335] audit: type=1400 audit(1768253542.668:46): apparmor="DENIED" operation="open" profile="/usr/sbin/tcpdump" name="/proc/sys/kernel/random/boot_id" pid=625 comm="tcpdump" requested_mask="r" denied_mask="r" fsuid=0 ouid=0
[    9.833580] audit: type=1400 audit(1768253542.668:47): apparmor="DENIED" operation="open" profile="/usr/sbin/tcpdump" name="/proc/sys/kernel/random/boot_id" pid=625 comm="tcpdump" requested_mask="r" denied_mask="r" fsuid=0 ouid=0
[    9.833691] audit: type=1400 audit(1768253542.668:48): apparmor="DENIED" operation="open" profile="/usr/sbin/tcpdump" name="/proc/sys/kernel/random/boot_id" pid=625 comm="tcpdump" requested_mask="r" denied_mask="r" fsuid=0 ouid=0
[    9.833812] audit: type=1400 audit(1768253542.668:49): apparmor="DENIED" operation="open" profile="/usr/sbin/tcpdump" name="/proc/sys/kernel/random/boot_id" pid=625 comm="tcpdump" requested_mask="r" denied_mask="r" fsuid=0 ouid=0
[   15.557442] rfkill: input handler disabled
[  224.310717] AAAAA-TCP_FORW: name:enp0s3: saddr:100932208: daddr:16783984
[  224.456125] AAAAA-TCP_FORW: name:enp0s3: saddr:100932208: daddr:16783984
[  224.568372] AAAAA-TCP_FORW: name:enp0s3: saddr:100932208: daddr:16783984
[  224.656548] AAAAA-TCP_FORW: name:enp0s3: saddr:100932208: daddr:16783984
[  224.763379] AAAAA-TCP_FORW: name:enp0s3: saddr:100932208: daddr:33561200
[  224.891016] AAAAA-TCP_FORW: name:enp0s3: saddr:100932208: daddr:33561200
[  226.125177] AAAAA-TCP_FORW: name:enp0s3: saddr:33561200: daddr:100932208
[  226.637000] AAAAA-TCP_FORW: name:enp0s3: saddr:16783984: daddr:100932208
[  227.034453] AAAAA-TCP_FORW: name:enp0s3: saddr:16783984: daddr:100932208
[  227.270977] AAAAA-TCP_FORW: name:enp0s3: saddr:16783984: daddr:100932208
[  619.582481] rfkill: input handler enabled
[  628.758304] rfkill: input handler disabled
[ 1017.990574] device enp0s3 left promiscuous mode
