[    0.000000] Linux version 5.4.243-mptcp (root@ztg) (gcc version 12.2.0 (Debian 12.2.0-14+deb12u1)) #53 SMP Wed Dec 24 23:28:15 CST 2025
[    0.000000] Command line: BOOT_IMAGE=/boot/vmlinuz-5.4.243-mptcp root=UUID=98415a12-53b7-4144-8265-0f7ece09e445 ro quiet splash
[    0.000000] KERNEL supported cpus:
[    0.000000]   Intel GenuineIntel
[    0.000000]   AMD AuthenticAMD
[    0.000000]   Hygon HygonGenuine
[    0.000000]   Centaur CentaurHauls
[    0.000000]   zhaoxin   Shanghai  
[    0.000000] x86/fpu: Supporting XSAVE feature 0x001: 'x87 floating point registers'
[    0.000000] x86/fpu: Supporting XSAVE feature 0x002: 'SSE registers'
[    0.000000] x86/fpu: Supporting XSAVE feature 0x004: 'AVX registers'
[    0.000000] x86/fpu: xstate_offset[2]:  576, xstate_sizes[2]:  256
[    0.000000] x86/fpu: Enabled xstate features 0x7, context size is 832 bytes, using 'standard' format.
[    0.000000] BIOS-provided physical RAM map:
[    0.000000] BIOS-e820: [mem 0x0000000000000000-0x000000000009fbff] usable
[    0.000000] BIOS-e820: [mem 0x000000000009fc00-0x000000000009ffff] reserved
[    0.000000] BIOS-e820: [mem 0x00000000000f0000-0x00000000000fffff] reserved
[    0.000000] BIOS-e820: [mem 0x0000000000100000-0x000000007ffeffff] usable
[    0.000000] BIOS-e820: [mem 0x000000007fff0000-0x000000007fffffff] ACPI data
[    0.000000] BIOS-e820: [mem 0x00000000fec00000-0x00000000fec00fff] reserved
[    0.000000] BIOS-e820: [mem 0x00000000fee00000-0x00000000fee00fff] reserved
[    0.000000] BIOS-e820: [mem 0x00000000fffc0000-0x00000000ffffffff] reserved
[    0.000000] NX (Execute Disable) protection: active
[    0.000000] SMBIOS 2.5 present.
[    0.000000] DMI: innotek GmbH VirtualBox/VirtualBox, BIOS VirtualBox 12/01/2006
[    0.000000] Hypervisor detected: KVM
[    0.000000] kvm-clock: Using msrs 4b564d01 and 4b564d00
[    0.000000] kvm-clock: cpu 0, msr 29a01001, primary cpu clock
[    0.000000] kvm-clock: using sched offset of 4479266786 cycles
[    0.000014] clocksource: kvm-clock: mask: 0xffffffffffffffff max_cycles: 0x1cd42e4dffb, max_idle_ns: 881590591483 ns
[    0.000016] tsc: Detected 2100.000 MHz processor
[    0.001895] e820: update [mem 0x00000000-0x00000fff] usable ==> reserved
[    0.001897] e820: remove [mem 0x000a0000-0x000fffff] usable
[    0.001901] last_pfn = 0x7fff0 max_arch_pfn = 0x400000000
[    0.001967] MTRR default type: uncachable
[    0.001968] MTRR fixed ranges enabled:
[    0.001969]   00000-9FFFF write-back
[    0.001970]   A0000-BFFFF uncachable
[    0.001971]   C0000-FFFFF write-protect
[    0.001972] MTRR variable ranges enabled:
[    0.001973]   0 base 000000000000 mask 3FFF80000000 write-back
[    0.001974]   1 disabled
[    0.001974]   2 disabled
[    0.001974]   3 disabled
[    0.001975]   4 disabled
[    0.001975]   5 disabled
[    0.001976]   6 disabled
[    0.001976]   7 disabled
[    0.001977]   8 disabled
[    0.001977]   9 disabled
[    0.001977]   10 disabled
[    0.001978]   11 disabled
[    0.001978]   12 disabled
[    0.001979]   13 disabled
[    0.001979]   14 disabled
[    0.001980]   15 disabled
[    0.001996] x86/PAT: Configuration [0-7]: WB  WC  UC- UC  WB  WP  UC- WT  
[    0.002129] found SMP MP-table at [mem 0x0009fff0-0x0009ffff]
[    0.091662] check: Scanning 1 areas for low memory corruption
[    0.091934] RAMDISK: [mem 0x32271000-0x3512ffff]
[    0.091942] ACPI: Early table checksum verification disabled
[    0.091947] ACPI: RSDP 0x00000000000E0000 000024 (v02 VBOX  )
[    0.091952] ACPI: XSDT 0x000000007FFF0030 00003C (v01 VBOX   VBOXXSDT 00000001 ASL  00000061)
[    0.091958] ACPI: FACP 0x000000007FFF00F0 0000F4 (v04 VBOX   VBOXFACP 00000001 ASL  00000061)
[    0.091965] ACPI: DSDT 0x000000007FFF02E0 002353 (v02 VBOX   VBOXBIOS 00000002 VBOX 00029BF3)
[    0.091969] ACPI: FACS 0x000000007FFF0200 000040
[    0.091972] ACPI: FACS 0x000000007FFF0200 000040
[    0.091975] ACPI: APIC 0x000000007FFF0240 000054 (v02 VBOX   VBOXAPIC 00000001 ASL  00000061)
[    0.091979] ACPI: SSDT 0x000000007FFF02A0 000038 (v01 VBOX   VBOXCPUT 00000002 VBOX 00029BF3)
[    0.091983] ACPI: Reserving FACP table memory at [mem 0x7fff00f0-0x7fff01e3]
[    0.091983] ACPI: Reserving DSDT table memory at [mem 0x7fff02e0-0x7fff2632]
[    0.091984] ACPI: Reserving FACS table memory at [mem 0x7fff0200-0x7fff023f]
[    0.091985] ACPI: Reserving FACS table memory at [mem 0x7fff0200-0x7fff023f]
[    0.091985] ACPI: Reserving APIC table memory at [mem 0x7fff0240-0x7fff0293]
[    0.091986] ACPI: Reserving SSDT table memory at [mem 0x7fff02a0-0x7fff02d7]
[    0.092000] ACPI: Local APIC address 0xfee00000
[    0.092194] No NUMA configuration found
[    0.092195] Faking a node at [mem 0x0000000000000000-0x000000007ffeffff]
[    0.092205] NODE_DATA(0) allocated [mem 0x7ffc5000-0x7ffeffff]
[    0.092466] Zone ranges:
[    0.092467]   DMA      [mem 0x0000000000001000-0x0000000000ffffff]
[    0.092468]   DMA32    [mem 0x0000000001000000-0x000000007ffeffff]
[    0.092469]   Normal   empty
[    0.092470]   Device   empty
[    0.092470] Movable zone start for each node
[    0.092472] Early memory node ranges
[    0.092473]   node   0: [mem 0x0000000000001000-0x000000000009efff]
[    0.092474]   node   0: [mem 0x0000000000100000-0x000000007ffeffff]
[    0.092477] Zeroed struct page in unavailable ranges: 114 pages
[    0.092478] Initmem setup node 0 [mem 0x0000000000001000-0x000000007ffeffff]
[    0.092479] On node 0 totalpages: 524174
[    0.092480]   DMA zone: 64 pages used for memmap
[    0.092481]   DMA zone: 21 pages reserved
[    0.092482]   DMA zone: 3998 pages, LIFO batch:0
[    0.092553]   DMA32 zone: 8128 pages used for memmap
[    0.092554]   DMA32 zone: 520176 pages, LIFO batch:63
[    0.101533] ACPI: PM-Timer IO Port: 0x4008
[    0.101537] ACPI: Local APIC address 0xfee00000
[    0.101607] IOAPIC[0]: apic_id 1, version 32, address 0xfec00000, GSI 0-23
[    0.101611] ACPI: INT_SRC_OVR (bus 0 bus_irq 0 global_irq 2 dfl dfl)
[    0.101612] ACPI: INT_SRC_OVR (bus 0 bus_irq 9 global_irq 9 low level)
[    0.101614] ACPI: IRQ0 used by override.
[    0.101615] ACPI: IRQ9 used by override.
[    0.101618] Using ACPI (MADT) for SMP configuration information
[    0.101624] smpboot: Allowing 1 CPUs, 0 hotplug CPUs
[    0.101647] PM: Registered nosave memory: [mem 0x00000000-0x00000fff]
[    0.101648] PM: Registered nosave memory: [mem 0x0009f000-0x0009ffff]
[    0.101649] PM: Registered nosave memory: [mem 0x000a0000-0x000effff]
[    0.101649] PM: Registered nosave memory: [mem 0x000f0000-0x000fffff]
[    0.101651] [mem 0x80000000-0xfebfffff] available for PCI devices
[    0.101652] Booting paravirtualized kernel on KVM
[    0.101655] clocksource: refined-jiffies: mask: 0xffffffff max_cycles: 0xffffffff, max_idle_ns: 7645519600211568 ns
[    0.101660] setup_percpu: NR_CPUS:8192 nr_cpumask_bits:1 nr_cpu_ids:1 nr_node_ids:1
[    0.102676] percpu: Embedded 60 pages/cpu s208896 r8192 d28672 u2097152
[    0.102682] pcpu-alloc: s208896 r8192 d28672 u2097152 alloc=1*2097152
[    0.102683] pcpu-alloc: [0] 0 
[    0.102709] Built 1 zonelists, mobility grouping on.  Total pages: 515961
[    0.102710] Policy zone: DMA32
[    0.102711] Kernel command line: BOOT_IMAGE=/boot/vmlinuz-5.4.243-mptcp root=UUID=98415a12-53b7-4144-8265-0f7ece09e445 ro quiet splash
[    0.103562] Dentry cache hash table entries: 262144 (order: 9, 2097152 bytes, linear)
[    0.103708] Inode-cache hash table entries: 131072 (order: 8, 1048576 bytes, linear)
[    0.103758] mem auto-init: stack:off, heap alloc:on, heap free:off
[    0.103761] Calgary: detecting Calgary via BIOS EBDA area
[    0.103762] Calgary: Unable to locate Rio Grande table in EBDA - bailing!
[    0.107767] Memory: 1967332K/2096696K available (14339K kernel code, 2398K rwdata, 4712K rodata, 2728K init, 17260K bss, 129364K reserved, 0K cma-reserved)
[    0.108753] SLUB: HWalign=64, Order=0-3, MinObjects=0, CPUs=1, Nodes=1
[    0.108769] ftrace: allocating 43186 entries in 169 pages
[    0.126981] rcu: Hierarchical RCU implementation.
[    0.126983] rcu: 	RCU restricting CPUs from NR_CPUS=8192 to nr_cpu_ids=1.
[    0.126984] 	Tasks RCU enabled.
[    0.126985] rcu: RCU calculated value of scheduler-enlistment delay is 25 jiffies.
[    0.126986] rcu: Adjusting geometry for rcu_fanout_leaf=16, nr_cpu_ids=1
[    0.129957] NR_IRQS: 524544, nr_irqs: 256, preallocated irqs: 16
[    0.130170] random: crng init done
[    0.139492] Console: colour VGA+ 80x25
[    0.139497] printk: console [tty0] enabled
[    0.139518] ACPI: Core revision 20190816
[    0.139661] APIC: Switch to symmetric I/O mode setup
[    0.139908] x2apic enabled
[    0.140157] Switched APIC routing to physical x2apic.
[    0.141284] ..TIMER: vector=0x30 apic1=0 pin1=2 apic2=-1 pin2=-1
[    0.141309] clocksource: tsc-early: mask: 0xffffffffffffffff max_cycles: 0x1e4530a99b6, max_idle_ns: 440795257976 ns
[    0.141315] Calibrating delay loop (skipped) preset value.. 4200.00 BogoMIPS (lpj=8400000)
[    0.141317] pid_max: default: 32768 minimum: 301
[    0.141346] LSM: Security Framework initializing
[    0.141356] Yama: becoming mindful.
[    0.141383] AppArmor: AppArmor initialized
[    0.141417] Mount-cache hash table entries: 4096 (order: 3, 32768 bytes, linear)
[    0.141422] Mountpoint-cache hash table entries: 4096 (order: 3, 32768 bytes, linear)
[    0.141432] *** VALIDATE tmpfs ***
[    0.141562] *** VALIDATE proc ***
[    0.141604] *** VALIDATE cgroup1 ***
[    0.141605] *** VALIDATE cgroup2 ***
[    0.141747] process: using mwait in idle threads
[    0.141751] Last level iTLB entries: 4KB 64, 2MB 8, 4MB 8
[    0.141752] Last level dTLB entries: 4KB 64, 2MB 0, 4MB 0, 1GB 4
[    0.141772] Spectre V1 : Mitigation: usercopy/swapgs barriers and __user pointer sanitization
[    0.141778] Spectre V2 : Mitigation: Retpolines
[    0.141779] Spectre V2 : Spectre v2 / SpectreRSB mitigation: Filling RSB on context switch
[    0.141779] Spectre V2 : Spectre v2 / SpectreRSB : Filling RSB on VMEXIT
[    0.141780] RETBleed: WARNING: Spectre v2 mitigation leaves CPU vulnerable to RETBleed attacks, data leaks possible!
[    0.142135] RETBleed: Vulnerable
[    0.142136] Speculative Store Bypass: Vulnerable
[    0.142140] TAA: Mitigation: TSX disabled
[    0.142141] MMIO Stale Data: Mitigation: Clear CPU buffers
[    0.146382] Freeing SMP alternatives memory: 40K
[    0.258380] smpboot: CPU0: Intel(R) Xeon(R) Silver 4216 CPU @ 2.10GHz (family: 0x6, model: 0x55, stepping: 0x7)
[    0.258509] Performance Events: unsupported p6 CPU model 85 no PMU driver, software events only.
[    0.258546] rcu: Hierarchical SRCU implementation.
[    0.259025] NMI watchdog: Perf NMI watchdog permanently disabled
[    0.259064] smp: Bringing up secondary CPUs ...
[    0.259065] smp: Brought up 1 node, 1 CPU
[    0.259067] smpboot: Max logical packages: 1
[    0.259068] smpboot: Total of 1 processors activated (4200.00 BogoMIPS)
[    0.260111] devtmpfs: initialized
[    0.260158] x86/mm: Memory block size: 128MB
[    0.260506] clocksource: jiffies: mask: 0xffffffff max_cycles: 0xffffffff, max_idle_ns: 7645041785100000 ns
[    0.260512] futex hash table entries: 256 (order: 2, 16384 bytes, linear)
[    0.260554] pinctrl core: initialized pinctrl subsystem
[    0.260657] PM: RTC time: 20:06:34, date: 2026-01-12
[    0.260766] NET: Registered protocol family 16
[    0.260840] audit: initializing netlink subsys (disabled)
[    0.260966] EISA bus registered
[    0.260968] cpuidle: using governor ladder
[    0.260968] cpuidle: using governor menu
[    0.261004] ACPI: bus type PCI registered
[    0.261006] acpiphp: ACPI Hot Plug PCI Controller Driver version: 0.5
[    0.261111] PCI: Using configuration type 1 for base access
[    0.261667] audit: type=2000 audit(1768219600.498:1): state=initialized audit_enabled=0 res=1
[    0.261746] HugeTLB registered 2.00 MiB page size, pre-allocated 0 pages
[    0.262558] ACPI: Added _OSI(Module Device)
[    0.262559] ACPI: Added _OSI(Processor Device)
[    0.262559] ACPI: Added _OSI(3.0 _SCP Extensions)
[    0.262560] ACPI: Added _OSI(Processor Aggregator Device)
[    0.262561] ACPI: Added _OSI(Linux-Dell-Video)
[    0.262562] ACPI: Added _OSI(Linux-Lenovo-NV-HDMI-Audio)
[    0.262563] ACPI: Added _OSI(Linux-HPI-Hybrid-Graphics)
[    0.264516] ACPI: 2 ACPI AML tables successfully acquired and loaded
[    0.266030] ACPI: Interpreter enabled
[    0.266040] ACPI: (supports S0 S5)
[    0.266041] ACPI: Using IOAPIC for interrupt routing
[    0.266245] PCI: Using host bridge windows from ACPI; if necessary, use "pci=nocrs" and report a bug
[    0.266350] ACPI: Enabled 2 GPEs in block 00 to 07
[    0.271299] ACPI: PCI Root Bridge [PCI0] (domain 0000 [bus 00-ff])
[    0.271303] acpi PNP0A03:00: _OSC: OS supports [ASPM ClockPM Segments MSI HPX-Type3]
[    0.271748] acpi PNP0A03:00: _OSC: not requesting OS control; OS requires [ExtendedConfig ASPM ClockPM MSI]
[    0.271756] acpi PNP0A03:00: fail to add MMCONFIG information, can't access extended PCI configuration space under this bridge.
[    0.272131] PCI host bridge to bus 0000:00
[    0.272133] pci_bus 0000:00: root bus resource [io  0x0000-0x0cf7 window]
[    0.272135] pci_bus 0000:00: root bus resource [io  0x0d00-0xffff window]
[    0.272136] pci_bus 0000:00: root bus resource [mem 0x000a0000-0x000bffff window]
[    0.272137] pci_bus 0000:00: root bus resource [mem 0x80000000-0xfdffffff window]
[    0.272138] pci_bus 0000:00: root bus resource [bus 00-ff]
[    0.272183] pci 0000:00:00.0: [8086:1237] type 00 class 0x060000
[    0.273124] pci 0000:00:01.0: [8086:7000] type 00 class 0x060100
[    0.273925] pci 0000:00:01.1: [8086:7111] type 00 class 0x01018a
[    0.274296] pci 0000:00:01.1: reg 0x20: [io  0xd000-0xd00f]
[    0.274450] pci 0000:00:01.1: legacy IDE quirk: reg 0x10: [io  0x01f0-0x01f7]
[    0.274451] pci 0000:00:01.1: legacy IDE quirk: reg 0x14: [io  0x03f6]
[    0.274452] pci 0000:00:01.1: legacy IDE quirk: reg 0x18: [io  0x0170-0x0177]
[    0.274452] pci 0000:00:01.1: legacy IDE quirk: reg 0x1c: [io  0x0376]
[    0.274988] pci 0000:00:02.0: [15ad:0405] type 00 class 0x030000
[    0.277391] pci 0000:00:02.0: reg 0x10: [io  0xd010-0xd01f]
[    0.281358] pci 0000:00:02.0: reg 0x14: [mem 0xe0000000-0xe7ffffff pref]
[    0.284103] pci 0000:00:02.0: reg 0x18: [mem 0xf0000000-0xf01fffff]
[    0.294123] pci 0000:00:03.0: [1022:2000] type 00 class 0x020000
[    0.294868] pci 0000:00:03.0: reg 0x10: [io  0xd020-0xd03f]
[    0.295538] pci 0000:00:03.0: reg 0x14: [mem 0xf0200000-0xf0200fff]
[    0.299892] pci 0000:00:04.0: [80ee:cafe] type 00 class 0x088000
[    0.300605] pci 0000:00:04.0: reg 0x10: [io  0xd040-0xd05f]
[    0.301432] pci 0000:00:04.0: reg 0x14: [mem 0xf0400000-0xf07fffff]
[    0.302064] pci 0000:00:04.0: reg 0x18: [mem 0xf0800000-0xf0803fff pref]
[    0.305358] pci 0000:00:07.0: [8086:7113] type 00 class 0x068000
[    0.305907] pci 0000:00:07.0: quirk: [io  0x4000-0x403f] claimed by PIIX4 ACPI
[    0.305918] pci 0000:00:07.0: quirk: [io  0x4100-0x410f] claimed by PIIX4 SMB
[    0.306530] pci 0000:00:08.0: [8086:100e] type 00 class 0x020000
[    0.307357] pci 0000:00:08.0: reg 0x10: [mem 0xf0820000-0xf083ffff]
[    0.309432] pci 0000:00:08.0: reg 0x18: [io  0xd060-0xd067]
[    0.312786] pci 0000:00:09.0: [8086:100e] type 00 class 0x020000
[    0.313428] pci 0000:00:09.0: reg 0x10: [mem 0xf0840000-0xf085ffff]
[    0.314577] pci 0000:00:09.0: reg 0x18: [io  0xd068-0xd06f]
[    0.325493] ACPI: PCI Interrupt Link [LNKA] (IRQs 5 9 10 *11)
[    0.325773] ACPI: PCI Interrupt Link [LNKB] (IRQs 5 9 *10 11)
[    0.325879] ACPI: PCI Interrupt Link [LNKC] (IRQs 5 *9 10 11)
[    0.325978] ACPI: PCI Interrupt Link [LNKD] (IRQs 5 9 10 *11)
[    0.326249] iommu: Default domain type: Translated 
[    0.326312] pci 0000:00:02.0: vgaarb: setting as boot VGA device
[    0.326313] pci 0000:00:02.0: vgaarb: VGA device added: decodes=io+mem,owns=io+mem,locks=none
[    0.326315] pci 0000:00:02.0: vgaarb: bridge control possible
[    0.326316] vgaarb: loaded
[    0.326527] SCSI subsystem initialized
[    0.326561] libata version 3.00 loaded.
[    0.326585] ACPI: bus type USB registered
[    0.326600] usbcore: registered new interface driver usbfs
[    0.326606] usbcore: registered new interface driver hub
[    0.326611] usbcore: registered new device driver usb
[    0.326639] pps_core: LinuxPPS API ver. 1 registered
[    0.326640] pps_core: Software ver. 5.3.6 - Copyright 2005-2007 Rodolfo Giometti <giometti@linux.it>
[    0.326642] PTP clock support registered
[    0.326677] EDAC MC: Ver: 3.0.0
[    0.326962] PCI: Using ACPI for IRQ routing
[    0.326963] PCI: pci_cache_line_size set to 64 bytes
[    0.327135] e820: reserve RAM buffer [mem 0x0009fc00-0x0009ffff]
[    0.327139] e820: reserve RAM buffer [mem 0x7fff0000-0x7fffffff]
[    0.327979] NetLabel: Initializing
[    0.327980] NetLabel:  domain hash size = 128
[    0.327980] NetLabel:  protocols = UNLABELED CIPSOv4 CALIPSO
[    0.328000] NetLabel:  unlabeled traffic allowed by default
[    0.328911] clocksource: Switched to clocksource kvm-clock
[    0.340041] *** VALIDATE bpf ***
[    0.340103] VFS: Disk quotas dquot_6.6.0
[    0.340115] VFS: Dquot-cache hash table entries: 512 (order 0, 4096 bytes)
[    0.340138] *** VALIDATE ramfs ***
[    0.340141] *** VALIDATE hugetlbfs ***
[    0.340223] AppArmor: AppArmor Filesystem Enabled
[    0.340250] pnp: PnP ACPI init
[    0.340322] pnp 00:00: Plug and Play ACPI device, IDs PNP0303 (active)
[    0.340406] pnp 00:01: Plug and Play ACPI device, IDs PNP0f03 (active)
[    0.341173] pnp: PnP ACPI: found 2 devices
[    0.342126] thermal_sys: Registered thermal governor 'fair_share'
[    0.342127] thermal_sys: Registered thermal governor 'bang_bang'
[    0.342127] thermal_sys: Registered thermal governor 'step_wise'
[    0.342128] thermal_sys: Registered thermal governor 'user_space'
[    0.342128] thermal_sys: Registered thermal governor 'power_allocator'
[    0.346657] clocksource: acpi_pm: mask: 0xffffff max_cycles: 0xffffff, max_idle_ns: 2085701024 ns
[    0.346699] pci_bus 0000:00: resource 4 [io  0x0000-0x0cf7 window]
[    0.346700] pci_bus 0000:00: resource 5 [io  0x0d00-0xffff window]
[    0.346702] pci_bus 0000:00: resource 6 [mem 0x000a0000-0x000bffff window]
[    0.346703] pci_bus 0000:00: resource 7 [mem 0x80000000-0xfdffffff window]
[    0.346763] NET: Registered protocol family 2
[    0.346838] IP idents hash table entries: 32768 (order: 6, 262144 bytes, linear)
[    0.347249] MPTCP tokens hash table entries: 8192 (order: 4, 65536 bytes, linear)
[    0.347269] MPTCP request tokens hash table entries: 8192 (order: 4, 65536 bytes, linear)
[    0.347295] default registered
[    0.347295] default registered
[    0.347296] MPTCP: Stable release v0.96
[    0.347301] tcp_listen_portaddr_hash hash table entries: 1024 (order: 2, 16384 bytes, linear)
[    0.347382] TCP established hash table entries: 16384 (order: 5, 131072 bytes, linear)
[    0.347448] TCP bind hash table entries: 16384 (order: 6, 262144 bytes, linear)
[    0.347474] TCP: Hash tables configured (established 16384 bind 16384)
[    0.348265] UDP hash table entries: 1024 (order: 3, 32768 bytes, linear)
[    0.348277] UDP-Lite hash table entries: 1024 (order: 3, 32768 bytes, linear)
[    0.348312] NET: Registered protocol family 1
[    0.348320] NET: Registered protocol family 44
[    0.348343] pci 0000:00:00.0: Limiting direct PCI/PCI transfers
[    0.348355] pci 0000:00:01.0: Activating ISA DMA hang workarounds
[    0.348413] pci 0000:00:02.0: Video device with shadowed ROM at [mem 0x000c0000-0x000dffff]
[    0.348479] PCI: CLS 0 bytes, default 64
[    0.348528] Trying to unpack rootfs image as initramfs...
[    0.528198] Freeing initrd memory: 47868K
[    0.528198] clocksource: tsc: mask: 0xffffffffffffffff max_cycles: 0x1e4530a99b6, max_idle_ns: 440795257976 ns
[    0.528198] clocksource: Switched to clocksource tsc
[    0.528198] platform rtc_cmos: registered platform RTC device (no PNP device found)
[    0.528198] check: Scanning for low memory corruption every 60 seconds
[    0.528198] Initialise system trusted keyrings
[    0.528198] Key type blacklist registered
[    0.528198] workingset: timestamp_bits=36 max_order=19 bucket_order=0
[    0.528198] zbud: loaded
[    0.528198] squashfs: version 4.0 (2009/01/31) Phillip Lougher
[    0.528198] fuse: init (API version 7.31)
[    0.528198] *** VALIDATE fuse ***
[    0.528198] *** VALIDATE fuse ***
[    0.528198] Platform Keyring initialized
[    0.540481] Key type asymmetric registered
[    0.540482] Asymmetric key parser 'x509' registered
[    0.540491] Block layer SCSI generic (bsg) driver version 0.4 loaded (major 244)
[    0.540527] io scheduler mq-deadline registered
[    0.540648] shpchp: Standard Hot Plug PCI Controller Driver version: 0.4
[    0.540844] ACPI: AC Adapter [AC] (on-line)
[    0.540888] input: Power Button as /devices/LNXSYSTM:00/LNXPWRBN:00/input/input0
[    0.540917] ACPI: Power Button [PWRF]
[    0.540993] input: Sleep Button as /devices/LNXSYSTM:00/LNXSLPBN:00/input/input1
[    0.541008] ACPI: Sleep Button [SLPF]
[    0.541245] Serial: 8250/16550 driver, 32 ports, IRQ sharing enabled
[    0.542394] Linux agpgart interface v0.103
[    0.631188] loop: module loaded
[    0.631342] ata_piix 0000:00:01.1: version 2.13
[    0.631745] scsi host0: ata_piix
[    0.631837] scsi host1: ata_piix
[    0.631863] ata1: PATA max UDMA/33 cmd 0x1f0 ctl 0x3f6 bmdma 0xd000 irq 14
[    0.631864] ata2: PATA max UDMA/33 cmd 0x170 ctl 0x376 bmdma 0xd008 irq 15
[    0.631947] tun: Universal TUN/TAP device driver, 1.6
[    0.632253] PPP generic driver version 2.4.2
[    0.632295] VFIO - User Level meta-driver version: 0.3
[    0.632534] ehci_hcd: USB 2.0 'Enhanced' Host Controller (EHCI) Driver
[    0.632538] ehci-pci: EHCI PCI platform driver
[    0.632553] ehci-platform: EHCI generic platform driver
[    0.632559] ohci_hcd: USB 1.1 'Open' Host Controller (OHCI) Driver
[    0.632560] ohci-pci: OHCI PCI platform driver
[    0.632567] ohci-platform: OHCI generic platform driver
[    0.632571] uhci_hcd: USB Universal Host Controller Interface driver
[    0.632637] i8042: PNP: PS/2 Controller [PNP0303:PS2K,PNP0f03:PS2M] at 0x60,0x64 irq 1,12
[    0.633072] serio: i8042 KBD port at 0x60,0x64 irq 1
[    0.633075] serio: i8042 AUX port at 0x60,0x64 irq 12
[    0.633174] mousedev: PS/2 mouse device common for all mice
[    0.633431] input: AT Translated Set 2 keyboard as /devices/platform/i8042/serio0/input/input2
[    0.633821] rtc_cmos rtc_cmos: registered as rtc0
[    0.633834] rtc_cmos rtc_cmos: alarms up to one day, 114 bytes nvram
[    0.633839] i2c /dev entries driver
[    0.633883] device-mapper: uevent: version 1.0.3
[    0.633926] device-mapper: ioctl: 4.41.0-ioctl (2019-09-16) initialised: dm-devel@redhat.com
[    0.633942] platform eisa.0: Probing EISA bus 0
[    0.633943] platform eisa.0: EISA: Cannot allocate resource for mainboard
[    0.633944] platform eisa.0: Cannot allocate resource for EISA slot 1
[    0.633945] platform eisa.0: Cannot allocate resource for EISA slot 2
[    0.633946] platform eisa.0: Cannot allocate resource for EISA slot 3
[    0.633947] platform eisa.0: Cannot allocate resource for EISA slot 4
[    0.633948] platform eisa.0: Cannot allocate resource for EISA slot 5
[    0.633949] platform eisa.0: Cannot allocate resource for EISA slot 6
[    0.633950] platform eisa.0: Cannot allocate resource for EISA slot 7
[    0.633951] platform eisa.0: Cannot allocate resource for EISA slot 8
[    0.633952] platform eisa.0: EISA: Detected 0 cards
[    0.633955] intel_pstate: CPU model not supported
[    0.633964] ledtrig-cpu: registered to indicate activity on CPUs
[    0.634019] drop_monitor: Initializing network drop monitor service
[    0.634177] NET: Registered protocol family 10
[    0.639230] Segment Routing with IPv6
[    0.639230] fullmesh registered
[    0.639230] ndiffports registered
[    0.639230] binder registered
[    0.639230] roundrobin registered
[    0.639230] redundant registered
[    0.639230] blest registered
[    0.639230] ecf registered
[    0.639230] NET: Registered protocol family 17
[    0.639230] Key type dns_resolver registered
[    0.639230] RAS: Correctable Errors collector initialized.
[    0.639230] IPI shorthand broadcast: enabled
[    0.639230] sched_clock: Marking stable (624079853, 11150771)->(638155131, -2924507)
[    0.639517] registered taskstats version 1
[    0.639526] Loading compiled-in X.509 certificates
[    0.640115] Loaded X.509 cert 'Build time autogenerated kernel key: 6909f3744cebb3d0de528d5887b96a727de79b1e'
[    0.640133] zswap: loaded using pool lzo/zbud
[    0.640188] Key type ._fscrypt registered
[    0.640189] Key type .fscrypt registered
[    0.644624] Key type big_key registered
[    0.646806] Key type encrypted registered
[    0.646809] AppArmor: AppArmor sha1 policy hashing enabled
[    0.646817] ima: No TPM chip found, activating TPM-bypass!
[    0.646821] ima: Allocated hash algorithm: sha1
[    0.646826] ima: No architecture policies found
[    0.646835] evm: Initialising EVM extended attributes:
[    0.646835] evm: security.selinux
[    0.646836] evm: security.SMACK64
[    0.646836] evm: security.SMACK64EXEC
[    0.646837] evm: security.SMACK64TRANSMUTE
[    0.646837] evm: security.SMACK64MMAP
[    0.646838] evm: security.apparmor
[    0.646839] evm: security.ima
[    0.646839] evm: security.capability
[    0.646840] evm: HMAC attrs: 0x1
[    0.647135] PM:   Magic number: 10:58:144
[    0.647136] PM:   hash matches drivers/base/power/main.c:1831
[    0.647143] ata_port ata1: hash matches
[    0.647144]  ata1: hash matches
[    0.647263] rtc_cmos rtc_cmos: setting system clock to 2026-01-12T20:06:35 UTC (1768248395)
[    0.804227] ata1.00: ATA-6: VBOX HARDDISK, 1.0, max UDMA/133
[    0.804232] ata1.00: 209715200 sectors, multi 128: LBA 
[    0.805119] scsi 0:0:0:0: Direct-Access     ATA      VBOX HARDDISK    1.0  PQ: 0 ANSI: 5
[    0.805465] sd 0:0:0:0: [sda] 209715200 512-byte logical blocks: (107 GB/100 GiB)
[    0.805478] sd 0:0:0:0: [sda] Write Protect is off
[    0.805481] sd 0:0:0:0: [sda] Mode Sense: 00 3a 00 00
[    0.805500] sd 0:0:0:0: [sda] Write cache: enabled, read cache: enabled, doesn't support DPO or FUA
[    0.805805] sd 0:0:0:0: Attached scsi generic sg0 type 0
[    0.806545]  sda: sda1 sda2
[    0.815365] sd 0:0:0:0: [sda] Attached SCSI disk
[    0.818641] Freeing unused decrypted memory: 2040K
[    0.819589] Freeing unused kernel image memory: 2728K
[    0.819592] Write protecting the kernel read-only data: 22528k
[    0.820591] Freeing unused kernel image memory: 2036K
[    0.821140] Freeing unused kernel image memory: 1432K
[    0.846568] x86/mm: Checked W+X mappings: passed, no W+X pages found.
[    0.846573] Run /init as init process
[    0.954671] ACPI: Video Device [GFX0] (multi-head: yes  rom: no  post: no)
[    0.954744] input: Video Bus as /devices/LNXSYSTM:00/LNXSYBUS:00/PNP0A03:00/LNXVIDEO:00/input/input4
[    0.966512] pcnet32: pcnet32.c:v1.35 21.Apr.2008 tsbogend@alpha.franken.de
[    0.968681] piix4_smbus 0000:00:07.0: SMBus Host Controller at 0x4100, revision 0
[    0.971162] e1000: Intel(R) PRO/1000 Network Driver - version 7.3.21-k8-NAPI
[    0.971162] e1000: Copyright (c) 1999-2006 Intel Corporation.
[    0.984086] pcnet32: PCnet/FAST III 79C973 at 0xd020, 08:00:27:83:6b:d1 assigned IRQ 19
[    0.984130] pcnet32: Found PHY 0022:561b at address 0
[    0.984430] pcnet32: eth0: registered as PCnet/FAST III 79C973
[    0.985973] pcnet32: 1 cards_found
[    1.046590] pcnet32 0000:00:03.0 enp0s3: renamed from eth0
[    1.185442] input: ImExPS/2 Generic Explorer Mouse as /devices/platform/i8042/serio1/input/input5
[    1.383734] e1000 0000:00:08.0 eth0: (PCI:33MHz:32-bit) 08:00:27:b9:8d:d3
[    1.383739] e1000 0000:00:08.0 eth0: Intel(R) PRO/1000 Network Connection
[    1.759802] e1000 0000:00:09.0 eth1: (PCI:33MHz:32-bit) 08:00:27:b6:4a:23
[    1.759805] e1000 0000:00:09.0 eth1: Intel(R) PRO/1000 Network Connection
[    1.760921] e1000 0000:00:09.0 enp0s9: renamed from eth1
[    1.762727] e1000 0000:00:08.0 enp0s8: renamed from eth0
[    2.303412] EXT4-fs (sda2): mounted filesystem with ordered data mode. Opts: (null)
[    2.464571] systemd[1]: Inserted module 'autofs4'
[    2.478225] systemd[1]: systemd 245.4-4ubuntu3 running in system mode. (+PAM +AUDIT +SELINUX +IMA +APPARMOR +SMACK +SYSVINIT +UTMP +LIBCRYPTSETUP +GCRYPT +GNUTLS +ACL +XZ +LZ4 +SECCOMP +BLKID +ELFUTILS +KMOD +IDN2 -IDN +PCRE2 default-hierarchy=hybrid)
[    2.478259] systemd[1]: Detected virtualization oracle.
[    2.478262] systemd[1]: Detected architecture x86-64.
[    2.479763] systemd[1]: Set hostname to <ztg>.
[    2.658707] systemd[1]: /lib/systemd/system/dbus.socket:5: ListenStream= references a path below legacy directory /var/run/, updating /var/run/dbus/system_bus_socket â†’ /run/dbus/system_bus_socket; please update the unit file accordingly.
[    2.746369] systemd[1]: Created slice system-modprobe.slice.
[    2.746560] systemd[1]: Created slice User and Session Slice.
[    2.746615] systemd[1]: Started Forward Password Requests to Wall Directory Watch.
[    2.746785] systemd[1]: Set up automount Arbitrary Executable File Formats File System Automount Point.
[    2.746822] systemd[1]: Reached target User and Group Name Lookups.
[    2.746831] systemd[1]: Reached target Remote File Systems.
[    2.746841] systemd[1]: Reached target Slices.
[    2.747417] systemd[1]: Listening on Syslog Socket.
[    2.747491] systemd[1]: Listening on fsck to fsckd communication Socket.
[    2.747531] systemd[1]: Listening on initctl Compatibility Named Pipe.
[    2.747669] systemd[1]: Listening on Journal Audit Socket.
[    2.747723] systemd[1]: Listening on Journal Socket (/dev/log).
[    2.747797] systemd[1]: Listening on Journal Socket.
[    2.747862] systemd[1]: Listening on udev Control Socket.
[    2.747901] systemd[1]: Listening on udev Kernel Socket.
[    2.748686] systemd[1]: Mounting Huge Pages File System...
[    2.749661] systemd[1]: Mounting POSIX Message Queue File System...
[    2.750595] systemd[1]: Mounting Kernel Debug File System...
[    2.751504] systemd[1]: Mounting Kernel Trace File System...
[    2.753738] systemd[1]: Starting Journal Service...
[    2.773359] systemd[1]: Starting Set the console keyboard layout...
[    2.784296] systemd[1]: Starting Create list of static device nodes for the current kernel...
[    2.805208] systemd[1]: Starting Load Kernel Module drm...
[    2.811277] systemd[1]: Condition check resulted in Set Up Additional Binary Formats being skipped.
[    2.811320] systemd[1]: Condition check resulted in File System Check on Root Device being skipped.
[    2.818370] systemd[1]: Starting Load Kernel Modules...
[    2.827321] systemd[1]: Starting Remount Root and Kernel File Systems...
[    2.857419] systemd[1]: Starting udev Coldplug all Devices...
[    2.865951] systemd[1]: Starting Uncomplicated firewall...
[    2.872295] systemd[1]: Mounted Huge Pages File System.
[    2.872394] systemd[1]: Mounted POSIX Message Queue File System.
[    2.872468] systemd[1]: Mounted Kernel Debug File System.
[    2.872539] systemd[1]: Mounted Kernel Trace File System.
[    2.874513] EXT4-fs (sda2): re-mounted. Opts: errors=remount-ro
[    2.875295] systemd[1]: Finished Create list of static device nodes for the current kernel.
[    2.876842] systemd[1]: modprobe@drm.service: Succeeded.
[    2.877112] systemd[1]: Finished Load Kernel Module drm.
[    2.877476] systemd[1]: Finished Remount Root and Kernel File Systems.
[    2.877991] systemd[1]: Finished Uncomplicated firewall.
[    2.887401] systemd[1]: Condition check resulted in Rebuild Hardware Database being skipped.
[    2.887453] systemd[1]: Condition check resulted in Platform Persistent Storage Archival being skipped.
[    2.889269] systemd[1]: Starting Load/Save Random Seed...
[    2.911597] systemd[1]: Starting Create System Users...
[    2.958864] systemd[1]: Finished Load/Save Random Seed.
[    2.962325] systemd[1]: Finished Create System Users.
[    2.963370] systemd[1]: Starting Create Static Device Nodes in /dev...
[    2.973116] lp: driver loaded but no devices found
[    2.995055] ppdev: user-space parallel port driver
[    3.009378] systemd[1]: Finished Create Static Device Nodes in /dev.
[    3.010328] systemd[1]: Starting udev Kernel Device Manager...
[    3.036046] systemd[1]: Finished udev Coldplug all Devices.
[    3.054028] systemd[1]: Finished Set the console keyboard layout.
[    3.054137] systemd[1]: Reached target Local File Systems (Pre).
[    3.063691] systemd[1]: Mounting Mount unit for bare, revision 5...
[    3.071559] systemd[1]: Mounting Mount unit for core18, revision 1705...
[    3.077175] [drm] DMA map mode: Caching DMA mappings.
[    3.077238] [drm] Capabilities:
[    3.077238] [drm]   Rect copy.
[    3.077238] [drm]   Cursor.
[    3.077239] [drm]   Cursor bypass.
[    3.077239] [drm]   Cursor bypass 2.
[    3.077240] [drm]   Alpha cursor.
[    3.077240] [drm]   Extended Fifo.
[    3.077240] [drm]   Pitchlock.
[    3.077241] [drm]   Irq mask.
[    3.077241] [drm]   GMR.
[    3.077241] [drm]   Traces.
[    3.077242] [drm]   GMR2.
[    3.077242] [drm]   Screen Object 2.
[    3.077243] [drm]   Command Buffers.
[    3.077243] [drm]   Command Buffers 2.
[    3.077243] [drm]   Guest Backed Resources.
[    3.077244] [drm] Max GMR ids is 8192
[    3.077245] [drm] Max number of GMR pages is 1048576
[    3.077245] [drm] Max dedicated hypervisor surface memory is 393216 kiB
[    3.077246] [drm] Maximum display memory size is 131072 kiB
[    3.077247] [drm] VRAM at 0xe0000000 size is 131072 kiB
[    3.077247] [drm] MMIO at 0xf0000000 size is 2048 kiB
[    3.077801] systemd[1]: Mounting Mount unit for gnome-3-34-1804, revision 24...
[    3.100572] [TTM] Zone  kernel: Available graphics memory: 1011738 KiB
[    3.100573] [TTM] Initializing pool allocator
[    3.100577] [TTM] Initializing DMA pool allocator
[    3.100613] [drm] Supports vblank timestamp caching Rev 2 (21.10.2013).
[    3.100614] [drm] No driver support for vblank timestamp query.
[    3.100857] [drm] Screen Target Display device initialized
[    3.101115] [drm] width 720
[    3.101140] [drm] height 400
[    3.101144] [drm] bpp 32
[    3.101663] [drm] Fifo max 0x00200000 min 0x00001000 cap 0x00000355
[    3.102778] [drm] Using command buffers with DMA pool.
[    3.102786] [drm] DX: no.
[    3.102787] [drm] Atomic: yes.
[    3.102787] [drm] SM4_1: no.
[    3.102810] [drm:vmw_host_log [vmwgfx]] *ERROR* Failed to send host log message.
[    3.106568] [drm:vmw_host_log [vmwgfx]] *ERROR* Failed to send host log message.
[    3.112683] systemd[1]: Mounting Mount unit for gtk-common-themes, revision 1506...
[    3.119763] fbcon: svgadrmfb (fb0) is primary device
[    3.127691] Console: switching to colour frame buffer device 100x37
[    3.130251] systemd[1]: Mounting Mount unit for gtk-common-themes, revision 1535...
[    3.135364] [drm] Initialized vmwgfx 2.15.0 20180704 for 0000:00:02.0 on minor 0
[    3.148888] systemd[1]: Mounting Mount unit for snap-store, revision 433...
[    3.170906] systemd[1]: Mounting Mount unit for snapd, revision 7264...
[    3.181876] systemd[1]: Finished Load Kernel Modules.
[    3.183166] systemd[1]: Mounted Mount unit for bare, revision 5.
[    3.184777] systemd[1]: Mounted Mount unit for core18, revision 1705.
[    3.184869] systemd[1]: Mounted Mount unit for gnome-3-34-1804, revision 24.
[    3.185882] systemd[1]: Mounting FUSE Control File System...
[    3.190345] systemd[1]: Mounting Kernel Configuration File System...
[    3.207032] systemd[1]: Starting Apply Kernel Variables...
[    3.237426] systemd[1]: Mounted Mount unit for gtk-common-themes, revision 1506.
[    3.237532] systemd[1]: Mounted Mount unit for gtk-common-themes, revision 1535.
[    3.237610] systemd[1]: Mounted Mount unit for snap-store, revision 433.
[    3.237685] systemd[1]: Mounted Mount unit for snapd, revision 7264.
[    3.237759] systemd[1]: Mounted FUSE Control File System.
[    3.237832] systemd[1]: Mounted Kernel Configuration File System.
[    3.246145] systemd[1]: Finished Apply Kernel Variables.
[    3.246300] systemd[1]: Started udev Kernel Device Manager.
[    3.246360] systemd[1]: Reached target Local File Systems.
[    3.246388] systemd[1]: Condition check resulted in VMware vmblock fuse mount being skipped.
[    3.248804] systemd[1]: Starting Load AppArmor profiles...
[    3.249623] systemd[1]: Starting Set console font and keymap...
[    3.272315] systemd[1]: Starting Tell Plymouth To Write Out Runtime Data...
[    3.274383] systemd[1]: Starting Show Plymouth Boot Screen...
[    3.274439] systemd[1]: Condition check resulted in Store a System Token in an EFI Variable being skipped.
[    3.274494] systemd[1]: Condition check resulted in Commit a transient machine-id on disk being skipped.
[    3.280768] systemd[1]: plymouth-read-write.service: Succeeded.
[    3.282522] systemd[1]: Finished Tell Plymouth To Write Out Runtime Data.
[    3.284601] systemd[1]: Finished Set console font and keymap.
[    3.285225] systemd[1]: Received SIGRTMIN+20 from PID 288 (plymouthd).
[    3.310903] systemd[1]: Started Show Plymouth Boot Screen.
[    3.311096] systemd[1]: Condition check resulted in Dispatch Password Requests to Console Directory Watch being skipped.
[    3.311192] systemd[1]: Started Forward Password Requests to Plymouth Directory Watch.
[    3.311226] systemd[1]: Reached target Local Encrypted Volumes.
[    3.335629] audit: type=1400 audit(1768248398.184:2): apparmor="STATUS" operation="profile_load" profile="unconfined" name="nvidia_modprobe" pid=295 comm="apparmor_parser"
[    3.335632] audit: type=1400 audit(1768248398.184:3): apparmor="STATUS" operation="profile_load" profile="unconfined" name="nvidia_modprobe//kmod" pid=295 comm="apparmor_parser"
[    3.341665] audit: type=1400 audit(1768248398.192:4): apparmor="STATUS" operation="profile_load" profile="unconfined" name="/usr/sbin/tcpdump" pid=297 comm="apparmor_parser"
[    3.415855] audit: type=1400 audit(1768248398.260:5): apparmor="STATUS" operation="profile_load" profile="unconfined" name="/usr/bin/evince" pid=299 comm="apparmor_parser"
[    3.415857] audit: type=1400 audit(1768248398.260:6): apparmor="STATUS" operation="profile_load" profile="unconfined" name="/usr/bin/evince//sanitized_helper" pid=299 comm="apparmor_parser"
[    3.415859] audit: type=1400 audit(1768248398.260:7): apparmor="STATUS" operation="profile_load" profile="unconfined" name="/usr/bin/evince-previewer" pid=299 comm="apparmor_parser"
[    3.415861] audit: type=1400 audit(1768248398.260:8): apparmor="STATUS" operation="profile_load" profile="unconfined" name="/usr/bin/evince-previewer//sanitized_helper" pid=299 comm="apparmor_parser"
[    3.415863] audit: type=1400 audit(1768248398.260:9): apparmor="STATUS" operation="profile_load" profile="unconfined" name="/usr/bin/evince-thumbnailer" pid=299 comm="apparmor_parser"
[    3.432191] audit: type=1400 audit(1768248398.280:10): apparmor="STATUS" operation="profile_load" profile="unconfined" name="/usr/lib/cups/backend/cups-pdf" pid=303 comm="apparmor_parser"
[    3.511574] systemd[1]: Finished Load AppArmor profiles.
[    3.512967] systemd[1]: Starting Load AppArmor profiles managed internally by snapd...
[    3.579360] systemd[1]: Finished Load AppArmor profiles managed internally by snapd.
[    3.754812] systemd[1]: Started Journal Service.
[    3.762751] systemd-journald[229]: Received client request to flush runtime journal.
[    3.767166] systemd-journald[229]: File /var/log/journal/c455b248004a419c87ce85eea238d727/system.journal corrupted or uncleanly shut down, renaming and replacing.
[    5.147853] RAPL PMU: API unit is 2^-32 Joules, 0 fixed counters, 10737418240 ms ovfl timer
[    5.177840] cryptd: max_cpu_qlen set to 1000
[    5.284572] AVX2 version of gcm_enc/dec engaged.
[    5.284573] AES CTR mode by8 optimization enabled
[    6.070207] Adding 1998844k swap on /dev/sda1.  Priority:-2 extents:1 across:1998844k FS
[    7.128808] kauditd_printk_skb: 30 callbacks suppressed
[    7.128809] audit: type=1400 audit(1768248401.976:41): apparmor="DENIED" operation="capable" profile="/usr/sbin/cups-browsed" pid=513 comm="cups-browsed" capability=23  capname="sys_nice"
[    8.602911] pcnet32 0000:00:03.0 enp0s3: link up, 100Mbps, full-duplex
[    8.638720] e1000: enp0s8 NIC Link is Up 1000 Mbps Full Duplex, Flow Control: RX
[    8.638999] IPv6: ADDRCONF(NETDEV_CHANGE): enp0s8: link becomes ready
[    8.650714] e1000: enp0s9 NIC Link is Up 1000 Mbps Full Duplex, Flow Control: RX
[    8.651013] IPv6: ADDRCONF(NETDEV_CHANGE): enp0s9: link becomes ready
[    9.189989] device enp0s3 entered promiscuous mode
[    9.210440] audit: type=1400 audit(1768248404.060:42): apparmor="DENIED" operation="open" profile="/usr/sbin/tcpdump" name="/proc/sys/kernel/random/boot_id" pid=676 comm="tcpdump" requested_mask="r" denied_mask="r" fsuid=0 ouid=0
[    9.210669] audit: type=1400 audit(1768248404.060:43): apparmor="DENIED" operation="open" profile="/usr/sbin/tcpdump" name="/proc/sys/kernel/random/boot_id" pid=676 comm="tcpdump" requested_mask="r" denied_mask="r" fsuid=0 ouid=0
[    9.210722] audit: type=1400 audit(1768248404.060:44): apparmor="DENIED" operation="open" profile="/usr/sbin/tcpdump" name="/proc/sys/kernel/random/boot_id" pid=676 comm="tcpdump" requested_mask="r" denied_mask="r" fsuid=0 ouid=0
[    9.210812] audit: type=1400 audit(1768248404.060:45): apparmor="DENIED" operation="open" profile="/usr/sbin/tcpdump" name="/proc/sys/kernel/random/boot_id" pid=676 comm="tcpdump" requested_mask="r" denied_mask="r" fsuid=0 ouid=0
[    9.216160] audit: type=1400 audit(1768248404.064:46): apparmor="DENIED" operation="open" profile="/usr/sbin/tcpdump" name="/proc/sys/kernel/random/boot_id" pid=677 comm="tcpdump" requested_mask="r" denied_mask="r" fsuid=0 ouid=0
[    9.216349] audit: type=1400 audit(1768248404.064:47): apparmor="DENIED" operation="open" profile="/usr/sbin/tcpdump" name="/proc/sys/kernel/random/boot_id" pid=677 comm="tcpdump" requested_mask="r" denied_mask="r" fsuid=0 ouid=0
[    9.216390] audit: type=1400 audit(1768248404.064:48): apparmor="DENIED" operation="open" profile="/usr/sbin/tcpdump" name="/proc/sys/kernel/random/boot_id" pid=677 comm="tcpdump" requested_mask="r" denied_mask="r" fsuid=0 ouid=0
[    9.216617] audit: type=1400 audit(1768248404.064:49): apparmor="DENIED" operation="open" profile="/usr/sbin/tcpdump" name="/proc/sys/kernel/random/boot_id" pid=677 comm="tcpdump" requested_mask="r" denied_mask="r" fsuid=0 ouid=0
[   13.977759] rfkill: input handler disabled
[  705.951372] AAAAA-TCP_FORW: name:enp0s3: saddr:100932208: daddr:16783984
[  706.018177] AAAAA-TCP_FORW: name:enp0s3: saddr:100932208: daddr:16783984
[  784.843326] AAAAA-TCP_FORW: name:enp0s3: saddr:33561200: daddr:100932208
[  785.221010] AAAAA-TCP_FORW: name:enp0s3: saddr:33561200: daddr:100932208
[  786.142260] AAAAA-TCP_FORW: name:enp0s3: saddr:33561200: daddr:100932208
[  786.515305] AAAAA-TCP_FORW: name:enp0s3: saddr:33561200: daddr:100932208
[  786.703997] AAAAA-TCP_FORW: name:enp0s3: saddr:33561200: daddr:100932208
[  787.594168] AAAAA-TCP_FORW: name:enp0s3: saddr:16783984: daddr:100932208
[  787.815951] AAAAA-TCP_FORW: name:enp0s3: saddr:16783984: daddr:100932208
[  788.107425] AAAAA-TCP_FORW: name:enp0s3: saddr:16783984: daddr:100932208
[  788.300884] AAAAA-TCP_FORW: name:enp0s3: saddr:16783984: daddr:100932208
[  788.791658] AAAAA-TCP_FORW: name:enp0s3: saddr:16783984: daddr:100932208
[  789.037912] AAAAA-TCP_FORW: name:enp0s3: saddr:16783984: daddr:100932208
[  789.208167] AAAAA-TCP_FORW: name:enp0s3: saddr:16783984: daddr:100932208
[  789.320424] AAAAA-TCP_FORW: name:enp0s3: saddr:16783984: daddr:100932208
[  789.520747] AAAAA-TCP_FORW: name:enp0s3: saddr:16783984: daddr:100932208
[  789.861614] AAAAA-TCP_FORW: name:enp0s3: saddr:33561200: daddr:100932208
[  789.941886] AAAAA-TCP_FORW: name:enp0s3: saddr:33561200: daddr:100932208
[  790.214080] AAAAA-TCP_FORW: name:enp0s3: saddr:33561200: daddr:100932208
[  790.333120] AAAAA-TCP_FORW: name:enp0s3: saddr:33561200: daddr:100932208
[  790.570767] AAAAA-TCP_FORW: name:enp0s3: saddr:33561200: daddr:100932208
[  790.930840] AAAAA-TCP_FORW: name:enp0s3: saddr:33561200: daddr:100932208
[  791.157883] AAAAA-TCP_FORW: name:enp0s3: saddr:33561200: daddr:100932208
[  791.504923] AAAAA-TCP_FORW: name:enp0s3: saddr:16783984: daddr:100932208
[  791.623986] AAAAA-TCP_FORW: name:enp0s3: saddr:16783984: daddr:100932208
[  791.787200] AAAAA-TCP_FORW: name:enp0s3: saddr:16783984: daddr:100932208
[  791.929675] AAAAA-TCP_FORW: name:enp0s3: saddr:16783984: daddr:100932208
[  792.071555] AAAAA-TCP_FORW: name:enp0s3: saddr:16783984: daddr:100932208
[  792.242031] AAAAA-TCP_FORW: name:enp0s3: saddr:16783984: daddr:100932208
[  792.534521] AAAAA-TCP_FORW: name:enp0s3: saddr:16783984: daddr:100932208
[  792.847163] AAAAA-TCP_FORW: name:enp0s3: saddr:33561200: daddr:100932208
[  793.094605] AAAAA-TCP_FORW: name:enp0s3: saddr:16783984: daddr:100932208
[  936.962912] rfkill: input handler enabled
[  945.841330] rfkill: input handler disabled
[ 1270.955385] device enp0s3 left promiscuous mode
