[    0.000000] Linux version 5.4.243-mptcp (root@ztg) (gcc version 12.2.0 (Debian 12.2.0-14+deb12u1)) #53 SMP Wed Dec 24 23:28:15 CST 2025
[    0.000000] Command line: BOOT_IMAGE=/boot/vmlinuz-5.4.243-mptcp root=UUID=98415a12-53b7-4144-8265-0f7ece09e445 ro quiet splash
[    0.000000] KERNEL supported cpus:
[    0.000000]   Intel GenuineIntel
[    0.000000]   AMD AuthenticAMD
[    0.000000]   Hygon HygonGenuine
[    0.000000]   Centaur CentaurHauls
[    0.000000]   zhaoxin   Shanghai  
[    0.000000] x86/fpu: Supporting XSAVE feature 0x001: 'x87 floating point registers'
[    0.000000] x86/fpu: Supporting XSAVE feature 0x002: 'SSE registers'
[    0.000000] x86/fpu: Supporting XSAVE feature 0x004: 'AVX registers'
[    0.000000] x86/fpu: xstate_offset[2]:  576, xstate_sizes[2]:  256
[    0.000000] x86/fpu: Enabled xstate features 0x7, context size is 832 bytes, using 'standard' format.
[    0.000000] BIOS-provided physical RAM map:
[    0.000000] BIOS-e820: [mem 0x0000000000000000-0x000000000009fbff] usable
[    0.000000] BIOS-e820: [mem 0x000000000009fc00-0x000000000009ffff] reserved
[    0.000000] BIOS-e820: [mem 0x00000000000f0000-0x00000000000fffff] reserved
[    0.000000] BIOS-e820: [mem 0x0000000000100000-0x000000007ffeffff] usable
[    0.000000] BIOS-e820: [mem 0x000000007fff0000-0x000000007fffffff] ACPI data
[    0.000000] BIOS-e820: [mem 0x00000000fec00000-0x00000000fec00fff] reserved
[    0.000000] BIOS-e820: [mem 0x00000000fee00000-0x00000000fee00fff] reserved
[    0.000000] BIOS-e820: [mem 0x00000000fffc0000-0x00000000ffffffff] reserved
[    0.000000] NX (Execute Disable) protection: active
[    0.000000] SMBIOS 2.5 present.
[    0.000000] DMI: innotek GmbH VirtualBox/VirtualBox, BIOS VirtualBox 12/01/2006
[    0.000000] Hypervisor detected: KVM
[    0.000000] kvm-clock: Using msrs 4b564d01 and 4b564d00
[    0.000000] kvm-clock: cpu 0, msr 4b001001, primary cpu clock
[    0.000000] kvm-clock: using sched offset of 4465924083 cycles
[    0.000003] clocksource: kvm-clock: mask: 0xffffffffffffffff max_cycles: 0x1cd42e4dffb, max_idle_ns: 881590591483 ns
[    0.000005] tsc: Detected 2100.000 MHz processor
[    0.001889] e820: update [mem 0x00000000-0x00000fff] usable ==> reserved
[    0.001891] e820: remove [mem 0x000a0000-0x000fffff] usable
[    0.001896] last_pfn = 0x7fff0 max_arch_pfn = 0x400000000
[    0.001965] MTRR default type: uncachable
[    0.001965] MTRR fixed ranges enabled:
[    0.001967]   00000-9FFFF write-back
[    0.001968]   A0000-BFFFF uncachable
[    0.001968]   C0000-FFFFF write-protect
[    0.001969] MTRR variable ranges enabled:
[    0.001971]   0 base 000000000000 mask 3FFF80000000 write-back
[    0.001971]   1 disabled
[    0.001972]   2 disabled
[    0.001972]   3 disabled
[    0.001973]   4 disabled
[    0.001973]   5 disabled
[    0.001973]   6 disabled
[    0.001974]   7 disabled
[    0.001974]   8 disabled
[    0.001975]   9 disabled
[    0.001975]   10 disabled
[    0.001976]   11 disabled
[    0.001976]   12 disabled
[    0.001976]   13 disabled
[    0.001977]   14 disabled
[    0.001977]   15 disabled
[    0.001993] x86/PAT: Configuration [0-7]: WB  WC  UC- UC  WB  WP  UC- WT  
[    0.002128] found SMP MP-table at [mem 0x0009fff0-0x0009ffff]
[    0.092152] check: Scanning 1 areas for low memory corruption
[    0.092371] RAMDISK: [mem 0x32271000-0x3512ffff]
[    0.092379] ACPI: Early table checksum verification disabled
[    0.092385] ACPI: RSDP 0x00000000000E0000 000024 (v02 VBOX  )
[    0.092390] ACPI: XSDT 0x000000007FFF0030 00003C (v01 VBOX   VBOXXSDT 00000001 ASL  00000061)
[    0.092396] ACPI: FACP 0x000000007FFF00F0 0000F4 (v04 VBOX   VBOXFACP 00000001 ASL  00000061)
[    0.092403] ACPI: DSDT 0x000000007FFF02E0 002353 (v02 VBOX   VBOXBIOS 00000002 VBOX 00029BF3)
[    0.092407] ACPI: FACS 0x000000007FFF0200 000040
[    0.092410] ACPI: FACS 0x000000007FFF0200 000040
[    0.092413] ACPI: APIC 0x000000007FFF0240 000054 (v02 VBOX   VBOXAPIC 00000001 ASL  00000061)
[    0.092417] ACPI: SSDT 0x000000007FFF02A0 000038 (v01 VBOX   VBOXCPUT 00000002 VBOX 00029BF3)
[    0.092420] ACPI: Reserving FACP table memory at [mem 0x7fff00f0-0x7fff01e3]
[    0.092421] ACPI: Reserving DSDT table memory at [mem 0x7fff02e0-0x7fff2632]
[    0.092422] ACPI: Reserving FACS table memory at [mem 0x7fff0200-0x7fff023f]
[    0.092423] ACPI: Reserving FACS table memory at [mem 0x7fff0200-0x7fff023f]
[    0.092423] ACPI: Reserving APIC table memory at [mem 0x7fff0240-0x7fff0293]
[    0.092424] ACPI: Reserving SSDT table memory at [mem 0x7fff02a0-0x7fff02d7]
[    0.092439] ACPI: Local APIC address 0xfee00000
[    0.092627] No NUMA configuration found
[    0.092628] Faking a node at [mem 0x0000000000000000-0x000000007ffeffff]
[    0.092639] NODE_DATA(0) allocated [mem 0x7ffc5000-0x7ffeffff]
[    0.092900] Zone ranges:
[    0.092901]   DMA      [mem 0x0000000000001000-0x0000000000ffffff]
[    0.092902]   DMA32    [mem 0x0000000001000000-0x000000007ffeffff]
[    0.092903]   Normal   empty
[    0.092904]   Device   empty
[    0.092904] Movable zone start for each node
[    0.092906] Early memory node ranges
[    0.092907]   node   0: [mem 0x0000000000001000-0x000000000009efff]
[    0.092908]   node   0: [mem 0x0000000000100000-0x000000007ffeffff]
[    0.092911] Zeroed struct page in unavailable ranges: 114 pages
[    0.092912] Initmem setup node 0 [mem 0x0000000000001000-0x000000007ffeffff]
[    0.092913] On node 0 totalpages: 524174
[    0.092914]   DMA zone: 64 pages used for memmap
[    0.092915]   DMA zone: 21 pages reserved
[    0.092916]   DMA zone: 3998 pages, LIFO batch:0
[    0.092991]   DMA32 zone: 8128 pages used for memmap
[    0.092992]   DMA32 zone: 520176 pages, LIFO batch:63
[    0.102140] ACPI: PM-Timer IO Port: 0x4008
[    0.102144] ACPI: Local APIC address 0xfee00000
[    0.102210] IOAPIC[0]: apic_id 1, version 32, address 0xfec00000, GSI 0-23
[    0.102213] ACPI: INT_SRC_OVR (bus 0 bus_irq 0 global_irq 2 dfl dfl)
[    0.102215] ACPI: INT_SRC_OVR (bus 0 bus_irq 9 global_irq 9 low level)
[    0.102217] ACPI: IRQ0 used by override.
[    0.102218] ACPI: IRQ9 used by override.
[    0.102220] Using ACPI (MADT) for SMP configuration information
[    0.102227] smpboot: Allowing 1 CPUs, 0 hotplug CPUs
[    0.102250] PM: Registered nosave memory: [mem 0x00000000-0x00000fff]
[    0.102252] PM: Registered nosave memory: [mem 0x0009f000-0x0009ffff]
[    0.102252] PM: Registered nosave memory: [mem 0x000a0000-0x000effff]
[    0.102253] PM: Registered nosave memory: [mem 0x000f0000-0x000fffff]
[    0.102254] [mem 0x80000000-0xfebfffff] available for PCI devices
[    0.102255] Booting paravirtualized kernel on KVM
[    0.102258] clocksource: refined-jiffies: mask: 0xffffffff max_cycles: 0xffffffff, max_idle_ns: 7645519600211568 ns
[    0.102263] setup_percpu: NR_CPUS:8192 nr_cpumask_bits:1 nr_cpu_ids:1 nr_node_ids:1
[    0.103301] percpu: Embedded 60 pages/cpu s208896 r8192 d28672 u2097152
[    0.103306] pcpu-alloc: s208896 r8192 d28672 u2097152 alloc=1*2097152
[    0.103307] pcpu-alloc: [0] 0 
[    0.103334] Built 1 zonelists, mobility grouping on.  Total pages: 515961
[    0.103335] Policy zone: DMA32
[    0.103336] Kernel command line: BOOT_IMAGE=/boot/vmlinuz-5.4.243-mptcp root=UUID=98415a12-53b7-4144-8265-0f7ece09e445 ro quiet splash
[    0.104220] Dentry cache hash table entries: 262144 (order: 9, 2097152 bytes, linear)
[    0.104368] Inode-cache hash table entries: 131072 (order: 8, 1048576 bytes, linear)
[    0.104417] mem auto-init: stack:off, heap alloc:on, heap free:off
[    0.104420] Calgary: detecting Calgary via BIOS EBDA area
[    0.104421] Calgary: Unable to locate Rio Grande table in EBDA - bailing!
[    0.108683] Memory: 1967332K/2096696K available (14339K kernel code, 2398K rwdata, 4712K rodata, 2728K init, 17260K bss, 129364K reserved, 0K cma-reserved)
[    0.109610] SLUB: HWalign=64, Order=0-3, MinObjects=0, CPUs=1, Nodes=1
[    0.109627] ftrace: allocating 43186 entries in 169 pages
[    0.128161] rcu: Hierarchical RCU implementation.
[    0.128163] rcu: 	RCU restricting CPUs from NR_CPUS=8192 to nr_cpu_ids=1.
[    0.128165] 	Tasks RCU enabled.
[    0.128166] rcu: RCU calculated value of scheduler-enlistment delay is 25 jiffies.
[    0.128167] rcu: Adjusting geometry for rcu_fanout_leaf=16, nr_cpu_ids=1
[    0.131274] NR_IRQS: 524544, nr_irqs: 256, preallocated irqs: 16
[    0.131484] random: crng init done
[    0.140781] Console: colour VGA+ 80x25
[    0.140786] printk: console [tty0] enabled
[    0.140807] ACPI: Core revision 20190816
[    0.140903] APIC: Switch to symmetric I/O mode setup
[    0.141157] x2apic enabled
[    0.141395] Switched APIC routing to physical x2apic.
[    0.142541] ..TIMER: vector=0x30 apic1=0 pin1=2 apic2=-1 pin2=-1
[    0.142568] clocksource: tsc-early: mask: 0xffffffffffffffff max_cycles: 0x1e4530a99b6, max_idle_ns: 440795257976 ns
[    0.142573] Calibrating delay loop (skipped) preset value.. 4200.00 BogoMIPS (lpj=8400000)
[    0.142575] pid_max: default: 32768 minimum: 301
[    0.142603] LSM: Security Framework initializing
[    0.142612] Yama: becoming mindful.
[    0.142638] AppArmor: AppArmor initialized
[    0.142673] Mount-cache hash table entries: 4096 (order: 3, 32768 bytes, linear)
[    0.142677] Mountpoint-cache hash table entries: 4096 (order: 3, 32768 bytes, linear)
[    0.142688] *** VALIDATE tmpfs ***
[    0.142817] *** VALIDATE proc ***
[    0.142855] *** VALIDATE cgroup1 ***
[    0.142857] *** VALIDATE cgroup2 ***
[    0.143000] process: using mwait in idle threads
[    0.143004] Last level iTLB entries: 4KB 64, 2MB 8, 4MB 8
[    0.143005] Last level dTLB entries: 4KB 64, 2MB 0, 4MB 0, 1GB 4
[    0.143024] Spectre V1 : Mitigation: usercopy/swapgs barriers and __user pointer sanitization
[    0.143029] Spectre V2 : Mitigation: Retpolines
[    0.143030] Spectre V2 : Spectre v2 / SpectreRSB mitigation: Filling RSB on context switch
[    0.143030] Spectre V2 : Spectre v2 / SpectreRSB : Filling RSB on VMEXIT
[    0.143031] RETBleed: WARNING: Spectre v2 mitigation leaves CPU vulnerable to RETBleed attacks, data leaks possible!
[    0.143390] RETBleed: Vulnerable
[    0.143391] Speculative Store Bypass: Vulnerable
[    0.143395] TAA: Mitigation: TSX disabled
[    0.143396] MMIO Stale Data: Mitigation: Clear CPU buffers
[    0.147730] Freeing SMP alternatives memory: 40K
[    0.260138] smpboot: CPU0: Intel(R) Xeon(R) Silver 4216 CPU @ 2.10GHz (family: 0x6, model: 0x55, stepping: 0x7)
[    0.260296] Performance Events: unsupported p6 CPU model 85 no PMU driver, software events only.
[    0.260337] rcu: Hierarchical SRCU implementation.
[    0.260848] NMI watchdog: Perf NMI watchdog permanently disabled
[    0.260895] smp: Bringing up secondary CPUs ...
[    0.260896] smp: Brought up 1 node, 1 CPU
[    0.260897] smpboot: Max logical packages: 1
[    0.260899] smpboot: Total of 1 processors activated (4200.00 BogoMIPS)
[    0.261921] devtmpfs: initialized
[    0.261971] x86/mm: Memory block size: 128MB
[    0.262328] clocksource: jiffies: mask: 0xffffffff max_cycles: 0xffffffff, max_idle_ns: 7645041785100000 ns
[    0.262334] futex hash table entries: 256 (order: 2, 16384 bytes, linear)
[    0.262381] pinctrl core: initialized pinctrl subsystem
[    0.262487] PM: RTC time: 08:22:57, date: 2026-01-13
[    0.262569] NET: Registered protocol family 16
[    0.262569] audit: initializing netlink subsys (disabled)
[    0.262569] EISA bus registered
[    0.262569] cpuidle: using governor ladder
[    0.262569] cpuidle: using governor menu
[    0.262569] ACPI: bus type PCI registered
[    0.262569] acpiphp: ACPI Hot Plug PCI Controller Driver version: 0.5
[    0.262569] PCI: Using configuration type 1 for base access
[    0.263186] audit: type=2000 audit(1768263784.085:1): state=initialized audit_enabled=0 res=1
[    0.263281] HugeTLB registered 2.00 MiB page size, pre-allocated 0 pages
[    0.264204] ACPI: Added _OSI(Module Device)
[    0.264205] ACPI: Added _OSI(Processor Device)
[    0.264206] ACPI: Added _OSI(3.0 _SCP Extensions)
[    0.264207] ACPI: Added _OSI(Processor Aggregator Device)
[    0.264208] ACPI: Added _OSI(Linux-Dell-Video)
[    0.264209] ACPI: Added _OSI(Linux-Lenovo-NV-HDMI-Audio)
[    0.264210] ACPI: Added _OSI(Linux-HPI-Hybrid-Graphics)
[    0.266332] ACPI: 2 ACPI AML tables successfully acquired and loaded
[    0.267993] ACPI: Interpreter enabled
[    0.268003] ACPI: (supports S0 S5)
[    0.268004] ACPI: Using IOAPIC for interrupt routing
[    0.268221] PCI: Using host bridge windows from ACPI; if necessary, use "pci=nocrs" and report a bug
[    0.268350] ACPI: Enabled 2 GPEs in block 00 to 07
[    0.273918] ACPI: PCI Root Bridge [PCI0] (domain 0000 [bus 00-ff])
[    0.273925] acpi PNP0A03:00: _OSC: OS supports [ASPM ClockPM Segments MSI HPX-Type3]
[    0.274454] acpi PNP0A03:00: _OSC: not requesting OS control; OS requires [ExtendedConfig ASPM ClockPM MSI]
[    0.274465] acpi PNP0A03:00: fail to add MMCONFIG information, can't access extended PCI configuration space under this bridge.
[    0.274569] PCI host bridge to bus 0000:00
[    0.274569] pci_bus 0000:00: root bus resource [io  0x0000-0x0cf7 window]
[    0.274569] pci_bus 0000:00: root bus resource [io  0x0d00-0xffff window]
[    0.274569] pci_bus 0000:00: root bus resource [mem 0x000a0000-0x000bffff window]
[    0.274569] pci_bus 0000:00: root bus resource [mem 0x80000000-0xfdffffff window]
[    0.274569] pci_bus 0000:00: root bus resource [bus 00-ff]
[    0.274569] pci 0000:00:00.0: [8086:1237] type 00 class 0x060000
[    0.274569] pci 0000:00:01.0: [8086:7000] type 00 class 0x060100
[    0.275278] pci 0000:00:01.1: [8086:7111] type 00 class 0x01018a
[    0.275687] pci 0000:00:01.1: reg 0x20: [io  0xd000-0xd00f]
[    0.275849] pci 0000:00:01.1: legacy IDE quirk: reg 0x10: [io  0x01f0-0x01f7]
[    0.275850] pci 0000:00:01.1: legacy IDE quirk: reg 0x14: [io  0x03f6]
[    0.275851] pci 0000:00:01.1: legacy IDE quirk: reg 0x18: [io  0x0170-0x0177]
[    0.275853] pci 0000:00:01.1: legacy IDE quirk: reg 0x1c: [io  0x0376]
[    0.276432] pci 0000:00:02.0: [15ad:0405] type 00 class 0x030000
[    0.278662] pci 0000:00:02.0: reg 0x10: [io  0xd010-0xd01f]
[    0.282626] pci 0000:00:02.0: reg 0x14: [mem 0xe0000000-0xe7ffffff pref]
[    0.285516] pci 0000:00:02.0: reg 0x18: [mem 0xf0000000-0xf01fffff]
[    0.297135] pci 0000:00:03.0: [1022:2000] type 00 class 0x020000
[    0.297820] pci 0000:00:03.0: reg 0x10: [io  0xd020-0xd03f]
[    0.298444] pci 0000:00:03.0: reg 0x14: [mem 0xf0200000-0xf0200fff]
[    0.301649] pci 0000:00:04.0: [80ee:cafe] type 00 class 0x088000
[    0.302479] pci 0000:00:04.0: reg 0x10: [io  0xd040-0xd05f]
[    0.302569] pci 0000:00:04.0: reg 0x14: [mem 0xf0400000-0xf07fffff]
[    0.302569] pci 0000:00:04.0: reg 0x18: [mem 0xf0800000-0xf0803fff pref]
[    0.307879] pci 0000:00:07.0: [8086:7113] type 00 class 0x068000
[    0.308414] pci 0000:00:07.0: quirk: [io  0x4000-0x403f] claimed by PIIX4 ACPI
[    0.308424] pci 0000:00:07.0: quirk: [io  0x4100-0x410f] claimed by PIIX4 SMB
[    0.309067] pci 0000:00:08.0: [8086:100e] type 00 class 0x020000
[    0.310686] pci 0000:00:08.0: reg 0x10: [mem 0xf0820000-0xf083ffff]
[    0.311867] pci 0000:00:08.0: reg 0x18: [io  0xd060-0xd067]
[    0.315083] pci 0000:00:09.0: [8086:100e] type 00 class 0x020000
[    0.315787] pci 0000:00:09.0: reg 0x10: [mem 0xf0840000-0xf085ffff]
[    0.316938] pci 0000:00:09.0: reg 0x18: [io  0xd068-0xd06f]
[    0.327475] ACPI: PCI Interrupt Link [LNKA] (IRQs 5 9 10 *11)
[    0.327758] ACPI: PCI Interrupt Link [LNKB] (IRQs 5 9 *10 11)
[    0.327858] ACPI: PCI Interrupt Link [LNKC] (IRQs 5 *9 10 11)
[    0.327961] ACPI: PCI Interrupt Link [LNKD] (IRQs 5 9 10 *11)
[    0.328226] iommu: Default domain type: Translated 
[    0.328287] pci 0000:00:02.0: vgaarb: setting as boot VGA device
[    0.328289] pci 0000:00:02.0: vgaarb: VGA device added: decodes=io+mem,owns=io+mem,locks=none
[    0.328291] pci 0000:00:02.0: vgaarb: bridge control possible
[    0.328292] vgaarb: loaded
[    0.328501] SCSI subsystem initialized
[    0.328535] libata version 3.00 loaded.
[    0.328560] ACPI: bus type USB registered
[    0.328576] usbcore: registered new interface driver usbfs
[    0.328582] usbcore: registered new interface driver hub
[    0.328587] usbcore: registered new device driver usb
[    0.328613] pps_core: LinuxPPS API ver. 1 registered
[    0.328613] pps_core: Software ver. 5.3.6 - Copyright 2005-2007 Rodolfo Giometti <giometti@linux.it>
[    0.328615] PTP clock support registered
[    0.328649] EDAC MC: Ver: 3.0.0
[    0.328934] PCI: Using ACPI for IRQ routing
[    0.328935] PCI: pci_cache_line_size set to 64 bytes
[    0.329106] e820: reserve RAM buffer [mem 0x0009fc00-0x0009ffff]
[    0.329110] e820: reserve RAM buffer [mem 0x7fff0000-0x7fffffff]
[    0.329927] NetLabel: Initializing
[    0.329927] NetLabel:  domain hash size = 128
[    0.329928] NetLabel:  protocols = UNLABELED CIPSOv4 CALIPSO
[    0.329947] NetLabel:  unlabeled traffic allowed by default
[    0.330780] clocksource: Switched to clocksource kvm-clock
[    0.345181] *** VALIDATE bpf ***
[    0.345244] VFS: Disk quotas dquot_6.6.0
[    0.345257] VFS: Dquot-cache hash table entries: 512 (order 0, 4096 bytes)
[    0.345280] *** VALIDATE ramfs ***
[    0.345283] *** VALIDATE hugetlbfs ***
[    0.345365] AppArmor: AppArmor Filesystem Enabled
[    0.345392] pnp: PnP ACPI init
[    0.345467] pnp 00:00: Plug and Play ACPI device, IDs PNP0303 (active)
[    0.345560] pnp 00:01: Plug and Play ACPI device, IDs PNP0f03 (active)
[    0.346336] pnp: PnP ACPI: found 2 devices
[    0.347327] thermal_sys: Registered thermal governor 'fair_share'
[    0.347327] thermal_sys: Registered thermal governor 'bang_bang'
[    0.347328] thermal_sys: Registered thermal governor 'step_wise'
[    0.347329] thermal_sys: Registered thermal governor 'user_space'
[    0.347329] thermal_sys: Registered thermal governor 'power_allocator'
[    0.351890] clocksource: acpi_pm: mask: 0xffffff max_cycles: 0xffffff, max_idle_ns: 2085701024 ns
[    0.351931] pci_bus 0000:00: resource 4 [io  0x0000-0x0cf7 window]
[    0.351932] pci_bus 0000:00: resource 5 [io  0x0d00-0xffff window]
[    0.351934] pci_bus 0000:00: resource 6 [mem 0x000a0000-0x000bffff window]
[    0.351935] pci_bus 0000:00: resource 7 [mem 0x80000000-0xfdffffff window]
[    0.351994] NET: Registered protocol family 2
[    0.352071] IP idents hash table entries: 32768 (order: 6, 262144 bytes, linear)
[    0.352484] MPTCP tokens hash table entries: 8192 (order: 4, 65536 bytes, linear)
[    0.352505] MPTCP request tokens hash table entries: 8192 (order: 4, 65536 bytes, linear)
[    0.352529] default registered
[    0.352530] default registered
[    0.352530] MPTCP: Stable release v0.96
[    0.352536] tcp_listen_portaddr_hash hash table entries: 1024 (order: 2, 16384 bytes, linear)
[    0.352618] TCP established hash table entries: 16384 (order: 5, 131072 bytes, linear)
[    0.352685] TCP bind hash table entries: 16384 (order: 6, 262144 bytes, linear)
[    0.352711] TCP: Hash tables configured (established 16384 bind 16384)
[    0.353437] UDP hash table entries: 1024 (order: 3, 32768 bytes, linear)
[    0.353449] UDP-Lite hash table entries: 1024 (order: 3, 32768 bytes, linear)
[    0.353483] NET: Registered protocol family 1
[    0.353492] NET: Registered protocol family 44
[    0.353516] pci 0000:00:00.0: Limiting direct PCI/PCI transfers
[    0.353529] pci 0000:00:01.0: Activating ISA DMA hang workarounds
[    0.353581] pci 0000:00:02.0: Video device with shadowed ROM at [mem 0x000c0000-0x000dffff]
[    0.353647] PCI: CLS 0 bytes, default 64
[    0.353695] Trying to unpack rootfs image as initramfs...
[    0.528046] Freeing initrd memory: 47868K
[    0.528046] clocksource: tsc: mask: 0xffffffffffffffff max_cycles: 0x1e4530a99b6, max_idle_ns: 440795257976 ns
[    0.528046] clocksource: Switched to clocksource tsc
[    0.528046] platform rtc_cmos: registered platform RTC device (no PNP device found)
[    0.528046] check: Scanning for low memory corruption every 60 seconds
[    0.528046] Initialise system trusted keyrings
[    0.528046] Key type blacklist registered
[    0.528046] workingset: timestamp_bits=36 max_order=19 bucket_order=0
[    0.528046] zbud: loaded
[    0.528046] squashfs: version 4.0 (2009/01/31) Phillip Lougher
[    0.528046] fuse: init (API version 7.31)
[    0.528046] *** VALIDATE fuse ***
[    0.528046] *** VALIDATE fuse ***
[    0.528046] Platform Keyring initialized
[    0.543574] Key type asymmetric registered
[    0.543575] Asymmetric key parser 'x509' registered
[    0.543595] Block layer SCSI generic (bsg) driver version 0.4 loaded (major 244)
[    0.543660] io scheduler mq-deadline registered
[    0.543806] shpchp: Standard Hot Plug PCI Controller Driver version: 0.4
[    0.544044] ACPI: AC Adapter [AC] (on-line)
[    0.544096] input: Power Button as /devices/LNXSYSTM:00/LNXPWRBN:00/input/input0
[    0.544126] ACPI: Power Button [PWRF]
[    0.544188] input: Sleep Button as /devices/LNXSYSTM:00/LNXSLPBN:00/input/input1
[    0.544203] ACPI: Sleep Button [SLPF]
[    0.544458] Serial: 8250/16550 driver, 32 ports, IRQ sharing enabled
[    0.546063] Linux agpgart interface v0.103
[    0.639138] loop: module loaded
[    0.639295] ata_piix 0000:00:01.1: version 2.13
[    0.639707] scsi host0: ata_piix
[    0.639798] scsi host1: ata_piix
[    0.639830] ata1: PATA max UDMA/33 cmd 0x1f0 ctl 0x3f6 bmdma 0xd000 irq 14
[    0.639831] ata2: PATA max UDMA/33 cmd 0x170 ctl 0x376 bmdma 0xd008 irq 15
[    0.639919] tun: Universal TUN/TAP device driver, 1.6
[    0.640231] PPP generic driver version 2.4.2
[    0.640281] VFIO - User Level meta-driver version: 0.3
[    0.640523] ehci_hcd: USB 2.0 'Enhanced' Host Controller (EHCI) Driver
[    0.640528] ehci-pci: EHCI PCI platform driver
[    0.640544] ehci-platform: EHCI generic platform driver
[    0.640549] ohci_hcd: USB 1.1 'Open' Host Controller (OHCI) Driver
[    0.640551] ohci-pci: OHCI PCI platform driver
[    0.640559] ohci-platform: OHCI generic platform driver
[    0.640563] uhci_hcd: USB Universal Host Controller Interface driver
[    0.640630] i8042: PNP: PS/2 Controller [PNP0303:PS2K,PNP0f03:PS2M] at 0x60,0x64 irq 1,12
[    0.641067] serio: i8042 KBD port at 0x60,0x64 irq 1
[    0.641072] serio: i8042 AUX port at 0x60,0x64 irq 12
[    0.641159] mousedev: PS/2 mouse device common for all mice
[    0.641412] input: AT Translated Set 2 keyboard as /devices/platform/i8042/serio0/input/input2
[    0.641813] rtc_cmos rtc_cmos: registered as rtc0
[    0.641829] rtc_cmos rtc_cmos: alarms up to one day, 114 bytes nvram
[    0.641836] i2c /dev entries driver
[    0.641883] device-mapper: uevent: version 1.0.3
[    0.641927] device-mapper: ioctl: 4.41.0-ioctl (2019-09-16) initialised: dm-devel@redhat.com
[    0.641944] platform eisa.0: Probing EISA bus 0
[    0.641945] platform eisa.0: EISA: Cannot allocate resource for mainboard
[    0.641947] platform eisa.0: Cannot allocate resource for EISA slot 1
[    0.641948] platform eisa.0: Cannot allocate resource for EISA slot 2
[    0.641949] platform eisa.0: Cannot allocate resource for EISA slot 3
[    0.641950] platform eisa.0: Cannot allocate resource for EISA slot 4
[    0.641951] platform eisa.0: Cannot allocate resource for EISA slot 5
[    0.641952] platform eisa.0: Cannot allocate resource for EISA slot 6
[    0.641953] platform eisa.0: Cannot allocate resource for EISA slot 7
[    0.641954] platform eisa.0: Cannot allocate resource for EISA slot 8
[    0.641955] platform eisa.0: EISA: Detected 0 cards
[    0.641958] intel_pstate: CPU model not supported
[    0.641967] ledtrig-cpu: registered to indicate activity on CPUs
[    0.642037] drop_monitor: Initializing network drop monitor service
[    0.642199] NET: Registered protocol family 10
[    0.647266] Segment Routing with IPv6
[    0.647266] fullmesh registered
[    0.647266] ndiffports registered
[    0.647266] binder registered
[    0.647266] roundrobin registered
[    0.647266] redundant registered
[    0.647266] blest registered
[    0.647266] ecf registered
[    0.647266] NET: Registered protocol family 17
[    0.647266] Key type dns_resolver registered
[    0.647266] RAS: Correctable Errors collector initialized.
[    0.647266] IPI shorthand broadcast: enabled
[    0.647266] sched_clock: Marking stable (632171252, 11095187)->(647640206, -4373767)
[    0.647657] registered taskstats version 1
[    0.647667] Loading compiled-in X.509 certificates
[    0.648270] Loaded X.509 cert 'Build time autogenerated kernel key: 6909f3744cebb3d0de528d5887b96a727de79b1e'
[    0.648289] zswap: loaded using pool lzo/zbud
[    0.648354] Key type ._fscrypt registered
[    0.648355] Key type .fscrypt registered
[    0.652852] Key type big_key registered
[    0.655082] Key type encrypted registered
[    0.655085] AppArmor: AppArmor sha1 policy hashing enabled
[    0.655092] ima: No TPM chip found, activating TPM-bypass!
[    0.655096] ima: Allocated hash algorithm: sha1
[    0.655101] ima: No architecture policies found
[    0.655110] evm: Initialising EVM extended attributes:
[    0.655110] evm: security.selinux
[    0.655111] evm: security.SMACK64
[    0.655111] evm: security.SMACK64EXEC
[    0.655112] evm: security.SMACK64TRANSMUTE
[    0.655112] evm: security.SMACK64MMAP
[    0.655113] evm: security.apparmor
[    0.655113] evm: security.ima
[    0.655114] evm: security.capability
[    0.655114] evm: HMAC attrs: 0x1
[    0.655407] PM:   Magic number: 10:614:371
[    0.655525] rtc_cmos rtc_cmos: setting system clock to 2026-01-13T08:22:58 UTC (1768292578)
[    0.811734] ata1.00: ATA-6: VBOX HARDDISK, 1.0, max UDMA/133
[    0.811736] ata1.00: 209715200 sectors, multi 128: LBA 
[    0.812172] scsi 0:0:0:0: Direct-Access     ATA      VBOX HARDDISK    1.0  PQ: 0 ANSI: 5
[    0.812336] sd 0:0:0:0: [sda] 209715200 512-byte logical blocks: (107 GB/100 GiB)
[    0.812342] sd 0:0:0:0: [sda] Write Protect is off
[    0.812344] sd 0:0:0:0: [sda] Mode Sense: 00 3a 00 00
[    0.812354] sd 0:0:0:0: [sda] Write cache: enabled, read cache: enabled, doesn't support DPO or FUA
[    0.812539] sd 0:0:0:0: Attached scsi generic sg0 type 0
[    0.813281]  sda: sda1 sda2
[    0.823710] sd 0:0:0:0: [sda] Attached SCSI disk
[    0.825519] Freeing unused decrypted memory: 2040K
[    0.826209] Freeing unused kernel image memory: 2728K
[    0.826210] Write protecting the kernel read-only data: 22528k
[    0.826869] Freeing unused kernel image memory: 2036K
[    0.827258] Freeing unused kernel image memory: 1432K
[    0.840194] x86/mm: Checked W+X mappings: passed, no W+X pages found.
[    0.840197] Run /init as init process
[    0.928277] ACPI: Video Device [GFX0] (multi-head: yes  rom: no  post: no)
[    0.928348] input: Video Bus as /devices/LNXSYSTM:00/LNXSYBUS:00/PNP0A03:00/LNXVIDEO:00/input/input4
[    0.941164] pcnet32: pcnet32.c:v1.35 21.Apr.2008 tsbogend@alpha.franken.de
[    0.942755] piix4_smbus 0000:00:07.0: SMBus Host Controller at 0x4100, revision 0
[    0.945210] e1000: Intel(R) PRO/1000 Network Driver - version 7.3.21-k8-NAPI
[    0.945211] e1000: Copyright (c) 1999-2006 Intel Corporation.
[    0.956093] pcnet32: PCnet/FAST III 79C973 at 0xd020, 08:00:27:0b:2f:c5 assigned IRQ 19
[    0.956138] pcnet32: Found PHY 0022:561b at address 0
[    0.956450] pcnet32: eth0: registered as PCnet/FAST III 79C973
[    0.962030] pcnet32: 1 cards_found
[    1.014511] pcnet32 0000:00:03.0 enp0s3: renamed from eth0
[    1.164562] input: ImExPS/2 Generic Explorer Mouse as /devices/platform/i8042/serio1/input/input5
[    1.356822] e1000 0000:00:08.0 eth0: (PCI:33MHz:32-bit) 08:00:27:bd:45:6a
[    1.356826] e1000 0000:00:08.0 eth0: Intel(R) PRO/1000 Network Connection
[    1.732306] e1000 0000:00:09.0 eth1: (PCI:33MHz:32-bit) 08:00:27:8d:84:6e
[    1.732309] e1000 0000:00:09.0 eth1: Intel(R) PRO/1000 Network Connection
[    1.733507] e1000 0000:00:09.0 enp0s9: renamed from eth1
[    1.735393] e1000 0000:00:08.0 enp0s8: renamed from eth0
[    1.881511] EXT4-fs (sda2): mounted filesystem with ordered data mode. Opts: (null)
[    1.963928] systemd[1]: Inserted module 'autofs4'
[    1.973527] systemd[1]: systemd 245.4-4ubuntu3 running in system mode. (+PAM +AUDIT +SELINUX +IMA +APPARMOR +SMACK +SYSVINIT +UTMP +LIBCRYPTSETUP +GCRYPT +GNUTLS +ACL +XZ +LZ4 +SECCOMP +BLKID +ELFUTILS +KMOD +IDN2 -IDN +PCRE2 default-hierarchy=hybrid)
[    1.973558] systemd[1]: Detected virtualization oracle.
[    1.973561] systemd[1]: Detected architecture x86-64.
[    1.974838] systemd[1]: Set hostname to <ztg>.
[    2.098441] systemd[1]: /lib/systemd/system/dbus.socket:5: ListenStream= references a path below legacy directory /var/run/, updating /var/run/dbus/system_bus_socket â†’ /run/dbus/system_bus_socket; please update the unit file accordingly.
[    2.149957] systemd[1]: Created slice system-modprobe.slice.
[    2.150157] systemd[1]: Created slice User and Session Slice.
[    2.150203] systemd[1]: Started Forward Password Requests to Wall Directory Watch.
[    2.150365] systemd[1]: Set up automount Arbitrary Executable File Formats File System Automount Point.
[    2.150398] systemd[1]: Reached target User and Group Name Lookups.
[    2.150407] systemd[1]: Reached target Remote File Systems.
[    2.150415] systemd[1]: Reached target Slices.
[    2.150898] systemd[1]: Listening on Syslog Socket.
[    2.150963] systemd[1]: Listening on fsck to fsckd communication Socket.
[    2.150999] systemd[1]: Listening on initctl Compatibility Named Pipe.
[    2.151135] systemd[1]: Listening on Journal Audit Socket.
[    2.151242] systemd[1]: Listening on Journal Socket (/dev/log).
[    2.151310] systemd[1]: Listening on Journal Socket.
[    2.151373] systemd[1]: Listening on udev Control Socket.
[    2.151412] systemd[1]: Listening on udev Kernel Socket.
[    2.152146] systemd[1]: Mounting Huge Pages File System...
[    2.153166] systemd[1]: Mounting POSIX Message Queue File System...
[    2.154070] systemd[1]: Mounting Kernel Debug File System...
[    2.154975] systemd[1]: Mounting Kernel Trace File System...
[    2.156894] systemd[1]: Starting Journal Service...
[    2.182344] systemd[1]: Starting Set the console keyboard layout...
[    2.190460] systemd[1]: Starting Create list of static device nodes for the current kernel...
[    2.192490] systemd[1]: Starting Load Kernel Module drm...
[    2.193471] systemd[1]: Condition check resulted in Set Up Additional Binary Formats being skipped.
[    2.193519] systemd[1]: Condition check resulted in File System Check on Root Device being skipped.
[    2.204321] systemd[1]: Starting Load Kernel Modules...
[    2.213349] systemd[1]: Starting Remount Root and Kernel File Systems...
[    2.220878] systemd[1]: Starting udev Coldplug all Devices...
[    2.232367] systemd[1]: Starting Uncomplicated firewall...
[    2.233841] systemd[1]: Mounted Huge Pages File System.
[    2.233927] systemd[1]: Mounted POSIX Message Queue File System.
[    2.233999] systemd[1]: Mounted Kernel Debug File System.
[    2.234068] systemd[1]: Mounted Kernel Trace File System.
[    2.239584] EXT4-fs (sda2): re-mounted. Opts: errors=remount-ro
[    2.261049] systemd[1]: Finished Create list of static device nodes for the current kernel.
[    2.261906] systemd[1]: modprobe@drm.service: Succeeded.
[    2.276820] systemd[1]: Finished Load Kernel Module drm.
[    2.277354] systemd[1]: Finished Remount Root and Kernel File Systems.
[    2.286896] systemd[1]: Finished Uncomplicated firewall.
[    2.288413] systemd[1]: Condition check resulted in Rebuild Hardware Database being skipped.
[    2.288459] systemd[1]: Condition check resulted in Platform Persistent Storage Archival being skipped.
[    2.290373] lp: driver loaded but no devices found
[    2.312566] systemd[1]: Starting Load/Save Random Seed...
[    2.314663] systemd[1]: Starting Create System Users...
[    2.321518] ppdev: user-space parallel port driver
[    2.327596] systemd[1]: Finished Load/Save Random Seed.
[    2.334215] systemd[1]: Finished Create System Users.
[    2.339845] systemd[1]: Starting Create Static Device Nodes in /dev...
[    2.377106] systemd[1]: Finished Create Static Device Nodes in /dev.
[    2.377895] systemd[1]: Starting udev Kernel Device Manager...
[    2.390606] systemd[1]: Finished udev Coldplug all Devices.
[    2.397796] [drm] DMA map mode: Caching DMA mappings.
[    2.397857] [drm] Capabilities:
[    2.397857] [drm]   Rect copy.
[    2.397857] [drm]   Cursor.
[    2.397858] [drm]   Cursor bypass.
[    2.397858] [drm]   Cursor bypass 2.
[    2.397858] [drm]   Alpha cursor.
[    2.397859] [drm]   Extended Fifo.
[    2.397859] [drm]   Pitchlock.
[    2.397859] [drm]   Irq mask.
[    2.397860] [drm]   GMR.
[    2.397860] [drm]   Traces.
[    2.397860] [drm]   GMR2.
[    2.397861] [drm]   Screen Object 2.
[    2.397861] [drm]   Command Buffers.
[    2.397861] [drm]   Command Buffers 2.
[    2.397862] [drm]   Guest Backed Resources.
[    2.397862] [drm] Max GMR ids is 8192
[    2.397863] [drm] Max number of GMR pages is 1048576
[    2.397864] [drm] Max dedicated hypervisor surface memory is 393216 kiB
[    2.397864] [drm] Maximum display memory size is 131072 kiB
[    2.397865] [drm] VRAM at 0xe0000000 size is 131072 kiB
[    2.397865] [drm] MMIO at 0xf0000000 size is 2048 kiB
[    2.415003] [TTM] Zone  kernel: Available graphics memory: 1011738 KiB
[    2.415003] [TTM] Initializing pool allocator
[    2.415008] [TTM] Initializing DMA pool allocator
[    2.415062] [drm] Supports vblank timestamp caching Rev 2 (21.10.2013).
[    2.415063] [drm] No driver support for vblank timestamp query.
[    2.415297] [drm] Screen Target Display device initialized
[    2.415536] [drm] width 720
[    2.415546] [drm] height 400
[    2.415549] [drm] bpp 32
[    2.416058] [drm] Fifo max 0x00200000 min 0x00001000 cap 0x00000355
[    2.417232] [drm] Using command buffers with DMA pool.
[    2.417238] [drm] DX: no.
[    2.417238] [drm] Atomic: yes.
[    2.417239] [drm] SM4_1: no.
[    2.417258] [drm:vmw_host_log [vmwgfx]] *ERROR* Failed to send host log message.
[    2.418180] [drm:vmw_host_log [vmwgfx]] *ERROR* Failed to send host log message.
[    2.435322] fbcon: svgadrmfb (fb0) is primary device
[    2.437452] Console: switching to colour frame buffer device 100x37
[    2.441836] [drm] Initialized vmwgfx 2.15.0 20180704 for 0000:00:02.0 on minor 0
[    2.443832] systemd[1]: Finished Load Kernel Modules.
[    2.444769] systemd[1]: Mounting FUSE Control File System...
[    2.446030] systemd[1]: Mounting Kernel Configuration File System...
[    2.468766] systemd[1]: Starting Apply Kernel Variables...
[    2.485051] systemd[1]: Mounted FUSE Control File System.
[    2.485147] systemd[1]: Condition check resulted in VMware vmblock fuse mount being skipped.
[    2.488499] systemd[1]: Mounted Kernel Configuration File System.
[    2.491905] systemd[1]: Finished Set the console keyboard layout.
[    2.491998] systemd[1]: Reached target Local File Systems (Pre).
[    2.496688] systemd[1]: Mounting Mount unit for bare, revision 5...
[    2.498969] systemd[1]: Mounting Mount unit for core18, revision 1705...
[    2.508033] systemd[1]: Mounting Mount unit for gnome-3-34-1804, revision 24...
[    2.513123] systemd[1]: Mounting Mount unit for gtk-common-themes, revision 1506...
[    2.539136] systemd[1]: Mounting Mount unit for gtk-common-themes, revision 1535...
[    2.543989] systemd[1]: Mounting Mount unit for snap-store, revision 433...
[    2.551645] systemd[1]: Mounting Mount unit for snapd, revision 25935...
[    2.555849] systemd[1]: Finished Apply Kernel Variables.
[    2.567696] systemd[1]: Mounted Mount unit for bare, revision 5.
[    2.594187] systemd[1]: Mounted Mount unit for core18, revision 1705.
[    2.594277] systemd[1]: Mounted Mount unit for gnome-3-34-1804, revision 24.
[    2.594351] systemd[1]: Mounted Mount unit for gtk-common-themes, revision 1506.
[    2.611236] systemd[1]: Started udev Kernel Device Manager.
[    2.611966] systemd[1]: Starting Show Plymouth Boot Screen...
[    2.617171] systemd[1]: Received SIGRTMIN+20 from PID 276 (plymouthd).
[    2.619684] systemd[1]: Mounted Mount unit for snap-store, revision 433.
[    2.661490] systemd[1]: Mounted Mount unit for gtk-common-themes, revision 1535.
[    2.661712] systemd[1]: Mounted Mount unit for snapd, revision 25935.
[    2.661884] systemd[1]: Started Show Plymouth Boot Screen.
[    2.662053] systemd[1]: Condition check resulted in Dispatch Password Requests to Console Directory Watch being skipped.
[    2.662130] systemd[1]: Started Forward Password Requests to Plymouth Directory Watch.
[    2.662196] systemd[1]: Reached target Local Encrypted Volumes.
[    2.662251] systemd[1]: Reached target Local File Systems.
[    2.676918] systemd[1]: Starting Load AppArmor profiles...
[    2.677800] systemd[1]: Starting Set console font and keymap...
[    2.690037] systemd[1]: Starting Tell Plymouth To Write Out Runtime Data...
[    2.690918] systemd[1]: Condition check resulted in Store a System Token in an EFI Variable being skipped.
[    2.690979] systemd[1]: Condition check resulted in Commit a transient machine-id on disk being skipped.
[    2.695235] systemd[1]: Finished Set console font and keymap.
[    2.704659] systemd[1]: Received SIGRTMIN+20 from PID 276 (plymouthd).
[    2.705886] systemd[1]: plymouth-read-write.service: Succeeded.
[    2.706202] systemd[1]: Finished Tell Plymouth To Write Out Runtime Data.
[    2.726581] audit: type=1400 audit(1768292580.564:2): apparmor="STATUS" operation="profile_load" profile="unconfined" name="nvidia_modprobe" pid=300 comm="apparmor_parser"
[    2.726583] audit: type=1400 audit(1768292580.564:3): apparmor="STATUS" operation="profile_load" profile="unconfined" name="nvidia_modprobe//kmod" pid=300 comm="apparmor_parser"
[    2.737610] audit: type=1400 audit(1768292580.580:4): apparmor="STATUS" operation="profile_load" profile="unconfined" name="/usr/sbin/tcpdump" pid=301 comm="apparmor_parser"
[    2.788123] audit: type=1400 audit(1768292580.620:5): apparmor="STATUS" operation="profile_load" profile="unconfined" name="/usr/bin/evince" pid=303 comm="apparmor_parser"
[    2.788125] audit: type=1400 audit(1768292580.620:6): apparmor="STATUS" operation="profile_load" profile="unconfined" name="/usr/bin/evince//sanitized_helper" pid=303 comm="apparmor_parser"
[    2.788126] audit: type=1400 audit(1768292580.620:7): apparmor="STATUS" operation="profile_load" profile="unconfined" name="/usr/bin/evince-previewer" pid=303 comm="apparmor_parser"
[    2.788128] audit: type=1400 audit(1768292580.620:8): apparmor="STATUS" operation="profile_load" profile="unconfined" name="/usr/bin/evince-previewer//sanitized_helper" pid=303 comm="apparmor_parser"
[    2.788129] audit: type=1400 audit(1768292580.620:9): apparmor="STATUS" operation="profile_load" profile="unconfined" name="/usr/bin/evince-thumbnailer" pid=303 comm="apparmor_parser"
[    2.801687] audit: type=1400 audit(1768292580.640:10): apparmor="STATUS" operation="profile_load" profile="unconfined" name="/usr/lib/cups/backend/cups-pdf" pid=304 comm="apparmor_parser"
[    2.885870] systemd[1]: Finished Load AppArmor profiles.
[    2.886834] systemd[1]: Starting Load AppArmor profiles managed internally by snapd...
[    2.999004] systemd[1]: Finished Load AppArmor profiles managed internally by snapd.
[    3.147598] systemd[1]: Started Journal Service.
[    3.158233] systemd-journald[229]: Received client request to flush runtime journal.
[    3.160498] systemd-journald[229]: File /var/log/journal/c455b248004a419c87ce85eea238d727/system.journal corrupted or uncleanly shut down, renaming and replacing.
[    4.413910] RAPL PMU: API unit is 2^-32 Joules, 0 fixed counters, 10737418240 ms ovfl timer
[    4.479776] cryptd: max_cpu_qlen set to 1000
[    4.543951] AVX2 version of gcm_enc/dec engaged.
[    4.543952] AES CTR mode by8 optimization enabled
[    6.317837] Adding 1998844k swap on /dev/sda1.  Priority:-2 extents:1 across:1998844k FS
[    7.102079] kauditd_printk_skb: 30 callbacks suppressed
[    7.102081] audit: type=1400 audit(1768292584.940:41): apparmor="DENIED" operation="capable" profile="/usr/sbin/cups-browsed" pid=507 comm="cups-browsed" capability=23  capname="sys_nice"
[    8.622828] pcnet32 0000:00:03.0 enp0s3: link up, 100Mbps, full-duplex
[    8.665939] e1000: enp0s8 NIC Link is Up 1000 Mbps Full Duplex, Flow Control: RX
[    8.666233] IPv6: ADDRCONF(NETDEV_CHANGE): enp0s8: link becomes ready
[    8.687088] e1000: enp0s9 NIC Link is Up 1000 Mbps Full Duplex, Flow Control: RX
[    8.687404] IPv6: ADDRCONF(NETDEV_CHANGE): enp0s9: link becomes ready
[    9.366749] device enp0s3 entered promiscuous mode
[    9.391596] audit: type=1400 audit(1768292587.228:42): apparmor="DENIED" operation="open" profile="/usr/sbin/tcpdump" name="/proc/sys/kernel/random/boot_id" pid=632 comm="tcpdump" requested_mask="r" denied_mask="r" fsuid=0 ouid=0
[    9.394377] audit: type=1400 audit(1768292587.236:43): apparmor="DENIED" operation="open" profile="/usr/sbin/tcpdump" name="/proc/sys/kernel/random/boot_id" pid=632 comm="tcpdump" requested_mask="r" denied_mask="r" fsuid=0 ouid=0
[    9.394562] audit: type=1400 audit(1768292587.236:44): apparmor="DENIED" operation="open" profile="/usr/sbin/tcpdump" name="/proc/sys/kernel/random/boot_id" pid=632 comm="tcpdump" requested_mask="r" denied_mask="r" fsuid=0 ouid=0
[    9.394725] audit: type=1400 audit(1768292587.236:45): apparmor="DENIED" operation="open" profile="/usr/sbin/tcpdump" name="/proc/sys/kernel/random/boot_id" pid=632 comm="tcpdump" requested_mask="r" denied_mask="r" fsuid=0 ouid=0
[    9.399111] audit: type=1400 audit(1768292587.236:46): apparmor="DENIED" operation="open" profile="/usr/sbin/tcpdump" name="/proc/sys/kernel/random/boot_id" pid=633 comm="tcpdump" requested_mask="r" denied_mask="r" fsuid=0 ouid=0
[    9.401221] audit: type=1400 audit(1768292587.236:47): apparmor="DENIED" operation="open" profile="/usr/sbin/tcpdump" name="/proc/sys/kernel/random/boot_id" pid=633 comm="tcpdump" requested_mask="r" denied_mask="r" fsuid=0 ouid=0
[    9.401262] audit: type=1400 audit(1768292587.236:48): apparmor="DENIED" operation="open" profile="/usr/sbin/tcpdump" name="/proc/sys/kernel/random/boot_id" pid=633 comm="tcpdump" requested_mask="r" denied_mask="r" fsuid=0 ouid=0
[    9.401281] audit: type=1400 audit(1768292587.236:49): apparmor="DENIED" operation="open" profile="/usr/sbin/tcpdump" name="/proc/sys/kernel/random/boot_id" pid=633 comm="tcpdump" requested_mask="r" denied_mask="r" fsuid=0 ouid=0
[   15.154411] rfkill: input handler disabled
[  275.654454] AAAAA-TCP_FORW: name:enp0s3: saddr:16783984: daddr:100932208
[  275.865117] AAAAA-TCP_FORW: name:enp0s3: saddr:33561200: daddr:100932208
[  276.192606] AAAAA-TCP_FORW: name:enp0s3: saddr:16783984: daddr:100932208
[  278.043298] AAAAA-TCP_FORW: name:enp0s3: saddr:33561200: daddr:100932208
[  278.347672] AAAAA-TCP_FORW: name:enp0s3: saddr:33561200: daddr:100932208
[  278.562196] AAAAA-TCP_FORW: name:enp0s3: saddr:16783984: daddr:100932208
[  278.692443] AAAAA-TCP_FORW: name:enp0s3: saddr:33561200: daddr:100932208
[  279.082373] AAAAA-TCP_FORW: name:enp0s3: saddr:16783984: daddr:100932208
[  279.265951] AAAAA-TCP_FORW: name:enp0s3: saddr:16783984: daddr:100932208
[  279.641663] AAAAA-TCP_FORW: name:enp0s3: saddr:33561200: daddr:100932208
[  279.862585] AAAAA-TCP_FORW: name:enp0s3: saddr:16783984: daddr:100932208
[  279.998761] AAAAA-TCP_FORW: name:enp0s3: saddr:16783984: daddr:100932208
[  280.131607] AAAAA-TCP_FORW: name:enp0s3: saddr:16783984: daddr:100932208
[  280.330191] AAAAA-TCP_FORW: name:enp0s3: saddr:33561200: daddr:100932208
[  280.534655] AAAAA-TCP_FORW: name:enp0s3: saddr:33561200: daddr:100932208
[  281.063401] AAAAA-TCP_FORW: name:enp0s3: saddr:16783984: daddr:100932208
[  281.202414] AAAAA-TCP_FORW: name:enp0s3: saddr:33561200: daddr:100932208
[  281.356467] AAAAA-TCP_FORW: name:enp0s3: saddr:33561200: daddr:100932208
[  305.765833] AAAAA-TCP_FORW: name:enp0s3: saddr:33561200: daddr:100932208
[  306.166117] AAAAA-TCP_FORW: name:enp0s3: saddr:16783984: daddr:100932208
[  306.363929] AAAAA-TCP_FORW: name:enp0s3: saddr:16783984: daddr:100932208
[  306.557255] AAAAA-TCP_FORW: name:enp0s3: saddr:33561200: daddr:100932208
[  306.795463] AAAAA-TCP_FORW: name:enp0s3: saddr:33561200: daddr:100932208
[  307.057058] AAAAA-TCP_FORW: name:enp0s3: saddr:33561200: daddr:100932208
[  307.095864] AAAAA-TCP_FORW: name:enp0s3: saddr:100932208: daddr:16783984
[  307.198043] AAAAA-TCP_FORW: name:enp0s3: saddr:100932208: daddr:33561200
[  307.290283] AAAAA-TCP_FORW: name:enp0s3: saddr:100932208: daddr:33561200
[  307.322108] AAAAA-TCP_FORW: name:enp0s3: saddr:16783984: daddr:100932208
[  307.382482] AAAAA-TCP_FORW: name:enp0s3: saddr:16783984: daddr:100932208
[  307.398088] AAAAA-TCP_FORW: name:enp0s3: saddr:100932208: daddr:33561200
[  307.517538] AAAAA-TCP_FORW: name:enp0s3: saddr:100932208: daddr:33561200
[  307.593739] AAAAA-TCP_FORW: name:enp0s3: saddr:100932208: daddr:33561200
[  307.702926] AAAAA-TCP_FORW: name:enp0s3: saddr:100932208: daddr:16783984
[  307.727182] AAAAA-TCP_FORW: name:enp0s3: saddr:33561200: daddr:100932208
[  307.800933] AAAAA-TCP_FORW: name:enp0s3: saddr:100932208: daddr:16783984
[  307.830925] AAAAA-TCP_FORW: name:enp0s3: saddr:16783984: daddr:100932208
[  307.875192] AAAAA-TCP_FORW: name:enp0s3: saddr:100932208: daddr:33561200
[  307.945127] AAAAA-TCP_FORW: name:enp0s3: saddr:16783984: daddr:100932208
[  307.983809] AAAAA-TCP_FORW: name:enp0s3: saddr:100932208: daddr:16783984
[  308.026690] AAAAA-TCP_FORW: name:enp0s3: saddr:33561200: daddr:100932208
[  308.104770] AAAAA-TCP_FORW: name:enp0s3: saddr:100932208: daddr:16783984
[  308.210840] AAAAA-TCP_FORW: name:enp0s3: saddr:100932208: daddr:16783984
[  308.218761] AAAAA-TCP_FORW: name:enp0s3: saddr:33561200: daddr:100932208
[  308.289112] AAAAA-TCP_FORW: name:enp0s3: saddr:100932208: daddr:16783984
[  308.320538] AAAAA-TCP_FORW: name:enp0s3: saddr:16783984: daddr:100932208
[  308.341095] AAAAA-TCP_FORW: name:enp0s3: saddr:100932208: daddr:16783984
[  308.400754] AAAAA-TCP_FORW: name:enp0s3: saddr:100932208: daddr:16783984
[  308.551065] AAAAA-TCP_FORW: name:enp0s3: saddr:100932208: daddr:16783984
[  308.674476] AAAAA-TCP_FORW: name:enp0s3: saddr:100932208: daddr:33561200
[  308.693985] AAAAA-TCP_FORW: name:enp0s3: saddr:16783984: daddr:100932208
[  308.787074] AAAAA-TCP_FORW: name:enp0s3: saddr:100932208: daddr:16783984
[  308.864878] AAAAA-TCP_FORW: name:enp0s3: saddr:100932208: daddr:33561200
[  308.979161] AAAAA-TCP_FORW: name:enp0s3: saddr:33561200: daddr:100932208
[  308.982168] AAAAA-TCP_FORW: name:enp0s3: saddr:100932208: daddr:33561200
[  556.168476] rfkill: input handler enabled
[  565.204100] rfkill: input handler disabled
[  894.016939] device enp0s3 left promiscuous mode
