[    0.000000] Linux version 5.4.243-mptcp (root@ztg) (gcc version 12.2.0 (Debian 12.2.0-14+deb12u1)) #53 SMP Wed Dec 24 23:28:15 CST 2025
[    0.000000] Command line: BOOT_IMAGE=/boot/vmlinuz-5.4.243-mptcp root=UUID=98415a12-53b7-4144-8265-0f7ece09e445 ro quiet splash
[    0.000000] KERNEL supported cpus:
[    0.000000]   Intel GenuineIntel
[    0.000000]   AMD AuthenticAMD
[    0.000000]   Hygon HygonGenuine
[    0.000000]   Centaur CentaurHauls
[    0.000000]   zhaoxin   Shanghai  
[    0.000000] x86/fpu: Supporting XSAVE feature 0x001: 'x87 floating point registers'
[    0.000000] x86/fpu: Supporting XSAVE feature 0x002: 'SSE registers'
[    0.000000] x86/fpu: Supporting XSAVE feature 0x004: 'AVX registers'
[    0.000000] x86/fpu: xstate_offset[2]:  576, xstate_sizes[2]:  256
[    0.000000] x86/fpu: Enabled xstate features 0x7, context size is 832 bytes, using 'standard' format.
[    0.000000] BIOS-provided physical RAM map:
[    0.000000] BIOS-e820: [mem 0x0000000000000000-0x000000000009fbff] usable
[    0.000000] BIOS-e820: [mem 0x000000000009fc00-0x000000000009ffff] reserved
[    0.000000] BIOS-e820: [mem 0x00000000000f0000-0x00000000000fffff] reserved
[    0.000000] BIOS-e820: [mem 0x0000000000100000-0x000000007ffeffff] usable
[    0.000000] BIOS-e820: [mem 0x000000007fff0000-0x000000007fffffff] ACPI data
[    0.000000] BIOS-e820: [mem 0x00000000fec00000-0x00000000fec00fff] reserved
[    0.000000] BIOS-e820: [mem 0x00000000fee00000-0x00000000fee00fff] reserved
[    0.000000] BIOS-e820: [mem 0x00000000fffc0000-0x00000000ffffffff] reserved
[    0.000000] NX (Execute Disable) protection: active
[    0.000000] SMBIOS 2.5 present.
[    0.000000] DMI: innotek GmbH VirtualBox/VirtualBox, BIOS VirtualBox 12/01/2006
[    0.000000] Hypervisor detected: KVM
[    0.000000] kvm-clock: Using msrs 4b564d01 and 4b564d00
[    0.000000] kvm-clock: cpu 0, msr 67001001, primary cpu clock
[    0.000000] kvm-clock: using sched offset of 4587871395 cycles
[    0.000003] clocksource: kvm-clock: mask: 0xffffffffffffffff max_cycles: 0x1cd42e4dffb, max_idle_ns: 881590591483 ns
[    0.000007] tsc: Detected 2100.000 MHz processor
[    0.001928] e820: update [mem 0x00000000-0x00000fff] usable ==> reserved
[    0.001930] e820: remove [mem 0x000a0000-0x000fffff] usable
[    0.001935] last_pfn = 0x7fff0 max_arch_pfn = 0x400000000
[    0.002006] MTRR default type: uncachable
[    0.002006] MTRR fixed ranges enabled:
[    0.002008]   00000-9FFFF write-back
[    0.002008]   A0000-BFFFF uncachable
[    0.002009]   C0000-FFFFF write-protect
[    0.002010] MTRR variable ranges enabled:
[    0.002011]   0 base 000000000000 mask 3FFF80000000 write-back
[    0.002012]   1 disabled
[    0.002012]   2 disabled
[    0.002013]   3 disabled
[    0.002013]   4 disabled
[    0.002014]   5 disabled
[    0.002014]   6 disabled
[    0.002014]   7 disabled
[    0.002015]   8 disabled
[    0.002015]   9 disabled
[    0.002016]   10 disabled
[    0.002016]   11 disabled
[    0.002017]   12 disabled
[    0.002017]   13 disabled
[    0.002018]   14 disabled
[    0.002018]   15 disabled
[    0.002035] x86/PAT: Configuration [0-7]: WB  WC  UC- UC  WB  WP  UC- WT  
[    0.002172] found SMP MP-table at [mem 0x0009fff0-0x0009ffff]
[    0.091056] check: Scanning 1 areas for low memory corruption
[    0.091175] RAMDISK: [mem 0x32271000-0x3512ffff]
[    0.091183] ACPI: Early table checksum verification disabled
[    0.091189] ACPI: RSDP 0x00000000000E0000 000024 (v02 VBOX  )
[    0.091193] ACPI: XSDT 0x000000007FFF0030 00003C (v01 VBOX   VBOXXSDT 00000001 ASL  00000061)
[    0.091200] ACPI: FACP 0x000000007FFF00F0 0000F4 (v04 VBOX   VBOXFACP 00000001 ASL  00000061)
[    0.091207] ACPI: DSDT 0x000000007FFF02E0 002353 (v02 VBOX   VBOXBIOS 00000002 VBOX 00029BF3)
[    0.091211] ACPI: FACS 0x000000007FFF0200 000040
[    0.091215] ACPI: FACS 0x000000007FFF0200 000040
[    0.091218] ACPI: APIC 0x000000007FFF0240 000054 (v02 VBOX   VBOXAPIC 00000001 ASL  00000061)
[    0.091221] ACPI: SSDT 0x000000007FFF02A0 000038 (v01 VBOX   VBOXCPUT 00000002 VBOX 00029BF3)
[    0.091225] ACPI: Reserving FACP table memory at [mem 0x7fff00f0-0x7fff01e3]
[    0.091226] ACPI: Reserving DSDT table memory at [mem 0x7fff02e0-0x7fff2632]
[    0.091226] ACPI: Reserving FACS table memory at [mem 0x7fff0200-0x7fff023f]
[    0.091227] ACPI: Reserving FACS table memory at [mem 0x7fff0200-0x7fff023f]
[    0.091227] ACPI: Reserving APIC table memory at [mem 0x7fff0240-0x7fff0293]
[    0.091228] ACPI: Reserving SSDT table memory at [mem 0x7fff02a0-0x7fff02d7]
[    0.091243] ACPI: Local APIC address 0xfee00000
[    0.091432] No NUMA configuration found
[    0.091434] Faking a node at [mem 0x0000000000000000-0x000000007ffeffff]
[    0.091445] NODE_DATA(0) allocated [mem 0x7ffc5000-0x7ffeffff]
[    0.091732] Zone ranges:
[    0.091732]   DMA      [mem 0x0000000000001000-0x0000000000ffffff]
[    0.091733]   DMA32    [mem 0x0000000001000000-0x000000007ffeffff]
[    0.091734]   Normal   empty
[    0.091735]   Device   empty
[    0.091736] Movable zone start for each node
[    0.091738] Early memory node ranges
[    0.091739]   node   0: [mem 0x0000000000001000-0x000000000009efff]
[    0.091739]   node   0: [mem 0x0000000000100000-0x000000007ffeffff]
[    0.091743] Zeroed struct page in unavailable ranges: 114 pages
[    0.091744] Initmem setup node 0 [mem 0x0000000000001000-0x000000007ffeffff]
[    0.091745] On node 0 totalpages: 524174
[    0.091746]   DMA zone: 64 pages used for memmap
[    0.091747]   DMA zone: 21 pages reserved
[    0.091748]   DMA zone: 3998 pages, LIFO batch:0
[    0.091826]   DMA32 zone: 8128 pages used for memmap
[    0.091827]   DMA32 zone: 520176 pages, LIFO batch:63
[    0.101379] ACPI: PM-Timer IO Port: 0x4008
[    0.101383] ACPI: Local APIC address 0xfee00000
[    0.101451] IOAPIC[0]: apic_id 1, version 32, address 0xfec00000, GSI 0-23
[    0.101455] ACPI: INT_SRC_OVR (bus 0 bus_irq 0 global_irq 2 dfl dfl)
[    0.101457] ACPI: INT_SRC_OVR (bus 0 bus_irq 9 global_irq 9 low level)
[    0.101459] ACPI: IRQ0 used by override.
[    0.101460] ACPI: IRQ9 used by override.
[    0.101462] Using ACPI (MADT) for SMP configuration information
[    0.101469] smpboot: Allowing 1 CPUs, 0 hotplug CPUs
[    0.101492] PM: Registered nosave memory: [mem 0x00000000-0x00000fff]
[    0.101494] PM: Registered nosave memory: [mem 0x0009f000-0x0009ffff]
[    0.101494] PM: Registered nosave memory: [mem 0x000a0000-0x000effff]
[    0.101495] PM: Registered nosave memory: [mem 0x000f0000-0x000fffff]
[    0.101496] [mem 0x80000000-0xfebfffff] available for PCI devices
[    0.101497] Booting paravirtualized kernel on KVM
[    0.101500] clocksource: refined-jiffies: mask: 0xffffffff max_cycles: 0xffffffff, max_idle_ns: 7645519600211568 ns
[    0.101504] setup_percpu: NR_CPUS:8192 nr_cpumask_bits:1 nr_cpu_ids:1 nr_node_ids:1
[    0.102526] percpu: Embedded 60 pages/cpu s208896 r8192 d28672 u2097152
[    0.102531] pcpu-alloc: s208896 r8192 d28672 u2097152 alloc=1*2097152
[    0.102532] pcpu-alloc: [0] 0 
[    0.102559] Built 1 zonelists, mobility grouping on.  Total pages: 515961
[    0.102559] Policy zone: DMA32
[    0.102561] Kernel command line: BOOT_IMAGE=/boot/vmlinuz-5.4.243-mptcp root=UUID=98415a12-53b7-4144-8265-0f7ece09e445 ro quiet splash
[    0.103504] Dentry cache hash table entries: 262144 (order: 9, 2097152 bytes, linear)
[    0.103771] Inode-cache hash table entries: 131072 (order: 8, 1048576 bytes, linear)
[    0.103821] mem auto-init: stack:off, heap alloc:on, heap free:off
[    0.103823] Calgary: detecting Calgary via BIOS EBDA area
[    0.103825] Calgary: Unable to locate Rio Grande table in EBDA - bailing!
[    0.109152] Memory: 1967332K/2096696K available (14339K kernel code, 2398K rwdata, 4712K rodata, 2728K init, 17260K bss, 129364K reserved, 0K cma-reserved)
[    0.110337] SLUB: HWalign=64, Order=0-3, MinObjects=0, CPUs=1, Nodes=1
[    0.110354] ftrace: allocating 43186 entries in 169 pages
[    0.130191] rcu: Hierarchical RCU implementation.
[    0.130193] rcu: 	RCU restricting CPUs from NR_CPUS=8192 to nr_cpu_ids=1.
[    0.130194] 	Tasks RCU enabled.
[    0.130196] rcu: RCU calculated value of scheduler-enlistment delay is 25 jiffies.
[    0.130197] rcu: Adjusting geometry for rcu_fanout_leaf=16, nr_cpu_ids=1
[    0.133222] NR_IRQS: 524544, nr_irqs: 256, preallocated irqs: 16
[    0.133429] random: crng init done
[    0.142770] Console: colour VGA+ 80x25
[    0.142773] printk: console [tty0] enabled
[    0.142795] ACPI: Core revision 20190816
[    0.142891] APIC: Switch to symmetric I/O mode setup
[    0.143140] x2apic enabled
[    0.143378] Switched APIC routing to physical x2apic.
[    0.144499] ..TIMER: vector=0x30 apic1=0 pin1=2 apic2=-1 pin2=-1
[    0.144523] clocksource: tsc-early: mask: 0xffffffffffffffff max_cycles: 0x1e4530a99b6, max_idle_ns: 440795257976 ns
[    0.144529] Calibrating delay loop (skipped) preset value.. 4200.00 BogoMIPS (lpj=8400000)
[    0.144532] pid_max: default: 32768 minimum: 301
[    0.144560] LSM: Security Framework initializing
[    0.144569] Yama: becoming mindful.
[    0.144597] AppArmor: AppArmor initialized
[    0.144632] Mount-cache hash table entries: 4096 (order: 3, 32768 bytes, linear)
[    0.144636] Mountpoint-cache hash table entries: 4096 (order: 3, 32768 bytes, linear)
[    0.144648] *** VALIDATE tmpfs ***
[    0.144795] *** VALIDATE proc ***
[    0.144841] *** VALIDATE cgroup1 ***
[    0.144843] *** VALIDATE cgroup2 ***
[    0.144985] process: using mwait in idle threads
[    0.144990] Last level iTLB entries: 4KB 64, 2MB 8, 4MB 8
[    0.144991] Last level dTLB entries: 4KB 64, 2MB 0, 4MB 0, 1GB 4
[    0.145013] Spectre V1 : Mitigation: usercopy/swapgs barriers and __user pointer sanitization
[    0.145019] Spectre V2 : Mitigation: Retpolines
[    0.145020] Spectre V2 : Spectre v2 / SpectreRSB mitigation: Filling RSB on context switch
[    0.145020] Spectre V2 : Spectre v2 / SpectreRSB : Filling RSB on VMEXIT
[    0.145021] RETBleed: WARNING: Spectre v2 mitigation leaves CPU vulnerable to RETBleed attacks, data leaks possible!
[    0.145371] RETBleed: Vulnerable
[    0.145371] Speculative Store Bypass: Vulnerable
[    0.145376] TAA: Mitigation: TSX disabled
[    0.145377] MMIO Stale Data: Mitigation: Clear CPU buffers
[    0.150070] Freeing SMP alternatives memory: 40K
[    0.262648] smpboot: CPU0: Intel(R) Xeon(R) Silver 4216 CPU @ 2.10GHz (family: 0x6, model: 0x55, stepping: 0x7)
[    0.262763] Performance Events: unsupported p6 CPU model 85 no PMU driver, software events only.
[    0.262807] rcu: Hierarchical SRCU implementation.
[    0.263340] NMI watchdog: Perf NMI watchdog permanently disabled
[    0.263376] smp: Bringing up secondary CPUs ...
[    0.263377] smp: Brought up 1 node, 1 CPU
[    0.263378] smpboot: Max logical packages: 1
[    0.263379] smpboot: Total of 1 processors activated (4200.00 BogoMIPS)
[    0.264526] devtmpfs: initialized
[    0.264526] x86/mm: Memory block size: 128MB
[    0.264526] clocksource: jiffies: mask: 0xffffffff max_cycles: 0xffffffff, max_idle_ns: 7645041785100000 ns
[    0.264526] futex hash table entries: 256 (order: 2, 16384 bytes, linear)
[    0.264526] pinctrl core: initialized pinctrl subsystem
[    0.264526] PM: RTC time: 20:12:58, date: 2026-01-12
[    0.264526] NET: Registered protocol family 16
[    0.264526] audit: initializing netlink subsys (disabled)
[    0.264526] EISA bus registered
[    0.264526] cpuidle: using governor ladder
[    0.264526] cpuidle: using governor menu
[    0.264526] ACPI: bus type PCI registered
[    0.264526] acpiphp: ACPI Hot Plug PCI Controller Driver version: 0.5
[    0.264526] PCI: Using configuration type 1 for base access
[    0.265953] audit: type=2000 audit(1768219985.277:1): state=initialized audit_enabled=0 res=1
[    0.266024] HugeTLB registered 2.00 MiB page size, pre-allocated 0 pages
[    0.266804] ACPI: Added _OSI(Module Device)
[    0.266805] ACPI: Added _OSI(Processor Device)
[    0.266806] ACPI: Added _OSI(3.0 _SCP Extensions)
[    0.266807] ACPI: Added _OSI(Processor Aggregator Device)
[    0.266808] ACPI: Added _OSI(Linux-Dell-Video)
[    0.266808] ACPI: Added _OSI(Linux-Lenovo-NV-HDMI-Audio)
[    0.266809] ACPI: Added _OSI(Linux-HPI-Hybrid-Graphics)
[    0.268769] ACPI: 2 ACPI AML tables successfully acquired and loaded
[    0.270274] ACPI: Interpreter enabled
[    0.270284] ACPI: (supports S0 S5)
[    0.270285] ACPI: Using IOAPIC for interrupt routing
[    0.270490] PCI: Using host bridge windows from ACPI; if necessary, use "pci=nocrs" and report a bug
[    0.270596] ACPI: Enabled 2 GPEs in block 00 to 07
[    0.275492] ACPI: PCI Root Bridge [PCI0] (domain 0000 [bus 00-ff])
[    0.275497] acpi PNP0A03:00: _OSC: OS supports [ASPM ClockPM Segments MSI HPX-Type3]
[    0.275960] acpi PNP0A03:00: _OSC: not requesting OS control; OS requires [ExtendedConfig ASPM ClockPM MSI]
[    0.275969] acpi PNP0A03:00: fail to add MMCONFIG information, can't access extended PCI configuration space under this bridge.
[    0.276337] PCI host bridge to bus 0000:00
[    0.276339] pci_bus 0000:00: root bus resource [io  0x0000-0x0cf7 window]
[    0.276340] pci_bus 0000:00: root bus resource [io  0x0d00-0xffff window]
[    0.276342] pci_bus 0000:00: root bus resource [mem 0x000a0000-0x000bffff window]
[    0.276343] pci_bus 0000:00: root bus resource [mem 0x80000000-0xfdffffff window]
[    0.276344] pci_bus 0000:00: root bus resource [bus 00-ff]
[    0.276390] pci 0000:00:00.0: [8086:1237] type 00 class 0x060000
[    0.277390] pci 0000:00:01.0: [8086:7000] type 00 class 0x060100
[    0.278126] pci 0000:00:01.1: [8086:7111] type 00 class 0x01018a
[    0.278490] pci 0000:00:01.1: reg 0x20: [io  0xd000-0xd00f]
[    0.278639] pci 0000:00:01.1: legacy IDE quirk: reg 0x10: [io  0x01f0-0x01f7]
[    0.278640] pci 0000:00:01.1: legacy IDE quirk: reg 0x14: [io  0x03f6]
[    0.278641] pci 0000:00:01.1: legacy IDE quirk: reg 0x18: [io  0x0170-0x0177]
[    0.278642] pci 0000:00:01.1: legacy IDE quirk: reg 0x1c: [io  0x0376]
[    0.279183] pci 0000:00:02.0: [15ad:0405] type 00 class 0x030000
[    0.282432] pci 0000:00:02.0: reg 0x10: [io  0xd010-0xd01f]
[    0.284570] pci 0000:00:02.0: reg 0x14: [mem 0xe0000000-0xe7ffffff pref]
[    0.288570] pci 0000:00:02.0: reg 0x18: [mem 0xf0000000-0xf01fffff]
[    0.299120] pci 0000:00:03.0: [1022:2000] type 00 class 0x020000
[    0.299826] pci 0000:00:03.0: reg 0x10: [io  0xd020-0xd03f]
[    0.300680] pci 0000:00:03.0: reg 0x14: [mem 0xf0200000-0xf0200fff]
[    0.304189] pci 0000:00:04.0: [80ee:cafe] type 00 class 0x088000
[    0.304638] pci 0000:00:04.0: reg 0x10: [io  0xd040-0xd05f]
[    0.305249] pci 0000:00:04.0: reg 0x14: [mem 0xf0400000-0xf07fffff]
[    0.305856] pci 0000:00:04.0: reg 0x18: [mem 0xf0800000-0xf0803fff pref]
[    0.309156] pci 0000:00:07.0: [8086:7113] type 00 class 0x068000
[    0.309570] pci 0000:00:07.0: quirk: [io  0x4000-0x403f] claimed by PIIX4 ACPI
[    0.309580] pci 0000:00:07.0: quirk: [io  0x4100-0x410f] claimed by PIIX4 SMB
[    0.310195] pci 0000:00:08.0: [8086:100e] type 00 class 0x020000
[    0.310905] pci 0000:00:08.0: reg 0x10: [mem 0xf0820000-0xf083ffff]
[    0.312641] pci 0000:00:08.0: reg 0x18: [io  0xd060-0xd067]
[    0.315850] pci 0000:00:09.0: [8086:100e] type 00 class 0x020000
[    0.316526] pci 0000:00:09.0: reg 0x10: [mem 0xf0840000-0xf085ffff]
[    0.317680] pci 0000:00:09.0: reg 0x18: [io  0xd068-0xd06f]
[    0.328904] ACPI: PCI Interrupt Link [LNKA] (IRQs 5 9 10 *11)
[    0.329192] ACPI: PCI Interrupt Link [LNKB] (IRQs 5 9 *10 11)
[    0.329295] ACPI: PCI Interrupt Link [LNKC] (IRQs 5 *9 10 11)
[    0.329392] ACPI: PCI Interrupt Link [LNKD] (IRQs 5 9 10 *11)
[    0.329625] iommu: Default domain type: Translated 
[    0.329684] pci 0000:00:02.0: vgaarb: setting as boot VGA device
[    0.329686] pci 0000:00:02.0: vgaarb: VGA device added: decodes=io+mem,owns=io+mem,locks=none
[    0.329688] pci 0000:00:02.0: vgaarb: bridge control possible
[    0.329688] vgaarb: loaded
[    0.329901] SCSI subsystem initialized
[    0.329935] libata version 3.00 loaded.
[    0.329958] ACPI: bus type USB registered
[    0.329973] usbcore: registered new interface driver usbfs
[    0.329979] usbcore: registered new interface driver hub
[    0.329985] usbcore: registered new device driver usb
[    0.330014] pps_core: LinuxPPS API ver. 1 registered
[    0.330014] pps_core: Software ver. 5.3.6 - Copyright 2005-2007 Rodolfo Giometti <giometti@linux.it>
[    0.330016] PTP clock support registered
[    0.330053] EDAC MC: Ver: 3.0.0
[    0.330343] PCI: Using ACPI for IRQ routing
[    0.330345] PCI: pci_cache_line_size set to 64 bytes
[    0.330512] e820: reserve RAM buffer [mem 0x0009fc00-0x0009ffff]
[    0.330515] e820: reserve RAM buffer [mem 0x7fff0000-0x7fffffff]
[    0.331386] NetLabel: Initializing
[    0.331386] NetLabel:  domain hash size = 128
[    0.331387] NetLabel:  protocols = UNLABELED CIPSOv4 CALIPSO
[    0.331408] NetLabel:  unlabeled traffic allowed by default
[    0.332411] clocksource: Switched to clocksource kvm-clock
[    0.344665] *** VALIDATE bpf ***
[    0.344728] VFS: Disk quotas dquot_6.6.0
[    0.344742] VFS: Dquot-cache hash table entries: 512 (order 0, 4096 bytes)
[    0.344766] *** VALIDATE ramfs ***
[    0.344769] *** VALIDATE hugetlbfs ***
[    0.344862] AppArmor: AppArmor Filesystem Enabled
[    0.344885] pnp: PnP ACPI init
[    0.344950] pnp 00:00: Plug and Play ACPI device, IDs PNP0303 (active)
[    0.345019] pnp 00:01: Plug and Play ACPI device, IDs PNP0f03 (active)
[    0.345760] pnp: PnP ACPI: found 2 devices
[    0.346781] thermal_sys: Registered thermal governor 'fair_share'
[    0.346782] thermal_sys: Registered thermal governor 'bang_bang'
[    0.346783] thermal_sys: Registered thermal governor 'step_wise'
[    0.346783] thermal_sys: Registered thermal governor 'user_space'
[    0.346784] thermal_sys: Registered thermal governor 'power_allocator'
[    0.351314] clocksource: acpi_pm: mask: 0xffffff max_cycles: 0xffffff, max_idle_ns: 2085701024 ns
[    0.351356] pci_bus 0000:00: resource 4 [io  0x0000-0x0cf7 window]
[    0.351357] pci_bus 0000:00: resource 5 [io  0x0d00-0xffff window]
[    0.351358] pci_bus 0000:00: resource 6 [mem 0x000a0000-0x000bffff window]
[    0.351359] pci_bus 0000:00: resource 7 [mem 0x80000000-0xfdffffff window]
[    0.351419] NET: Registered protocol family 2
[    0.351529] IP idents hash table entries: 32768 (order: 6, 262144 bytes, linear)
[    0.351981] MPTCP tokens hash table entries: 8192 (order: 4, 65536 bytes, linear)
[    0.352010] MPTCP request tokens hash table entries: 8192 (order: 4, 65536 bytes, linear)
[    0.352036] default registered
[    0.352037] default registered
[    0.352037] MPTCP: Stable release v0.96
[    0.352044] tcp_listen_portaddr_hash hash table entries: 1024 (order: 2, 16384 bytes, linear)
[    0.352169] TCP established hash table entries: 16384 (order: 5, 131072 bytes, linear)
[    0.352258] TCP bind hash table entries: 16384 (order: 6, 262144 bytes, linear)
[    0.352284] TCP: Hash tables configured (established 16384 bind 16384)
[    0.353088] UDP hash table entries: 1024 (order: 3, 32768 bytes, linear)
[    0.353103] UDP-Lite hash table entries: 1024 (order: 3, 32768 bytes, linear)
[    0.353141] NET: Registered protocol family 1
[    0.353150] NET: Registered protocol family 44
[    0.353171] pci 0000:00:00.0: Limiting direct PCI/PCI transfers
[    0.353184] pci 0000:00:01.0: Activating ISA DMA hang workarounds
[    0.353240] pci 0000:00:02.0: Video device with shadowed ROM at [mem 0x000c0000-0x000dffff]
[    0.353303] PCI: CLS 0 bytes, default 64
[    0.353354] Trying to unpack rootfs image as initramfs...
[    0.544848] Freeing initrd memory: 47868K
[    0.544971] clocksource: tsc: mask: 0xffffffffffffffff max_cycles: 0x1e4530a99b6, max_idle_ns: 440795257976 ns
[    0.544983] clocksource: Switched to clocksource tsc
[    0.545034] platform rtc_cmos: registered platform RTC device (no PNP device found)
[    0.545078] check: Scanning for low memory corruption every 60 seconds
[    0.545463] Initialise system trusted keyrings
[    0.545475] Key type blacklist registered
[    0.545526] workingset: timestamp_bits=36 max_order=19 bucket_order=0
[    0.546917] zbud: loaded
[    0.547301] squashfs: version 4.0 (2009/01/31) Phillip Lougher
[    0.547443] fuse: init (API version 7.31)
[    0.547461] *** VALIDATE fuse ***
[    0.547463] *** VALIDATE fuse ***
[    0.547544] Platform Keyring initialized
[    0.547544] Key type asymmetric registered
[    0.547544] Asymmetric key parser 'x509' registered
[    0.547544] Block layer SCSI generic (bsg) driver version 0.4 loaded (major 244)
[    0.547544] io scheduler mq-deadline registered
[    0.547544] shpchp: Standard Hot Plug PCI Controller Driver version: 0.4
[    0.551082] ACPI: AC Adapter [AC] (on-line)
[    0.551133] input: Power Button as /devices/LNXSYSTM:00/LNXPWRBN:00/input/input0
[    0.551163] ACPI: Power Button [PWRF]
[    0.551262] input: Sleep Button as /devices/LNXSYSTM:00/LNXSLPBN:00/input/input1
[    0.551276] ACPI: Sleep Button [SLPF]
[    0.551540] Serial: 8250/16550 driver, 32 ports, IRQ sharing enabled
[    0.552746] Linux agpgart interface v0.103
[    0.647143] loop: module loaded
[    0.647294] ata_piix 0000:00:01.1: version 2.13
[    0.647717] scsi host0: ata_piix
[    0.647814] scsi host1: ata_piix
[    0.647842] ata1: PATA max UDMA/33 cmd 0x1f0 ctl 0x3f6 bmdma 0xd000 irq 14
[    0.647843] ata2: PATA max UDMA/33 cmd 0x170 ctl 0x376 bmdma 0xd008 irq 15
[    0.647928] tun: Universal TUN/TAP device driver, 1.6
[    0.648246] PPP generic driver version 2.4.2
[    0.648290] VFIO - User Level meta-driver version: 0.3
[    0.648523] ehci_hcd: USB 2.0 'Enhanced' Host Controller (EHCI) Driver
[    0.648529] ehci-pci: EHCI PCI platform driver
[    0.648542] ehci-platform: EHCI generic platform driver
[    0.648548] ohci_hcd: USB 1.1 'Open' Host Controller (OHCI) Driver
[    0.648550] ohci-pci: OHCI PCI platform driver
[    0.648558] ohci-platform: OHCI generic platform driver
[    0.648563] uhci_hcd: USB Universal Host Controller Interface driver
[    0.648636] i8042: PNP: PS/2 Controller [PNP0303:PS2K,PNP0f03:PS2M] at 0x60,0x64 irq 1,12
[    0.649096] serio: i8042 KBD port at 0x60,0x64 irq 1
[    0.649100] serio: i8042 AUX port at 0x60,0x64 irq 12
[    0.649193] mousedev: PS/2 mouse device common for all mice
[    0.649463] input: AT Translated Set 2 keyboard as /devices/platform/i8042/serio0/input/input2
[    0.649868] rtc_cmos rtc_cmos: registered as rtc0
[    0.649882] rtc_cmos rtc_cmos: alarms up to one day, 114 bytes nvram
[    0.649887] i2c /dev entries driver
[    0.649930] device-mapper: uevent: version 1.0.3
[    0.649974] device-mapper: ioctl: 4.41.0-ioctl (2019-09-16) initialised: dm-devel@redhat.com
[    0.649991] platform eisa.0: Probing EISA bus 0
[    0.649993] platform eisa.0: EISA: Cannot allocate resource for mainboard
[    0.649994] platform eisa.0: Cannot allocate resource for EISA slot 1
[    0.649995] platform eisa.0: Cannot allocate resource for EISA slot 2
[    0.649996] platform eisa.0: Cannot allocate resource for EISA slot 3
[    0.649997] platform eisa.0: Cannot allocate resource for EISA slot 4
[    0.649998] platform eisa.0: Cannot allocate resource for EISA slot 5
[    0.649999] platform eisa.0: Cannot allocate resource for EISA slot 6
[    0.650000] platform eisa.0: Cannot allocate resource for EISA slot 7
[    0.650001] platform eisa.0: Cannot allocate resource for EISA slot 8
[    0.650002] platform eisa.0: EISA: Detected 0 cards
[    0.650005] intel_pstate: CPU model not supported
[    0.650014] ledtrig-cpu: registered to indicate activity on CPUs
[    0.650072] drop_monitor: Initializing network drop monitor service
[    0.650242] NET: Registered protocol family 10
[    0.655305] Segment Routing with IPv6
[    0.655305] fullmesh registered
[    0.655305] ndiffports registered
[    0.655305] binder registered
[    0.655305] roundrobin registered
[    0.655305] redundant registered
[    0.655305] blest registered
[    0.655305] ecf registered
[    0.655305] NET: Registered protocol family 17
[    0.655305] Key type dns_resolver registered
[    0.655305] RAS: Correctable Errors collector initialized.
[    0.655305] IPI shorthand broadcast: enabled
[    0.655305] sched_clock: Marking stable (640197821, 11107841)->(654960910, -3655248)
[    0.655873] registered taskstats version 1
[    0.655882] Loading compiled-in X.509 certificates
[    0.656518] Loaded X.509 cert 'Build time autogenerated kernel key: 6909f3744cebb3d0de528d5887b96a727de79b1e'
[    0.656542] zswap: loaded using pool lzo/zbud
[    0.656602] Key type ._fscrypt registered
[    0.656603] Key type .fscrypt registered
[    0.661137] Key type big_key registered
[    0.663357] Key type encrypted registered
[    0.663360] AppArmor: AppArmor sha1 policy hashing enabled
[    0.663370] ima: No TPM chip found, activating TPM-bypass!
[    0.663374] ima: Allocated hash algorithm: sha1
[    0.663381] ima: No architecture policies found
[    0.663391] evm: Initialising EVM extended attributes:
[    0.663392] evm: security.selinux
[    0.663392] evm: security.SMACK64
[    0.663393] evm: security.SMACK64EXEC
[    0.663393] evm: security.SMACK64TRANSMUTE
[    0.663394] evm: security.SMACK64MMAP
[    0.663394] evm: security.apparmor
[    0.663395] evm: security.ima
[    0.663395] evm: security.capability
[    0.663396] evm: HMAC attrs: 0x1
[    0.663722] PM:   Magic number: 10:161:245
[    0.663829] rtc_cmos rtc_cmos: setting system clock to 2026-01-12T20:12:59 UTC (1768248779)
[    0.820274] ata1.00: ATA-6: VBOX HARDDISK, 1.0, max UDMA/133
[    0.820278] ata1.00: 209715200 sectors, multi 128: LBA 
[    0.821360] scsi 0:0:0:0: Direct-Access     ATA      VBOX HARDDISK    1.0  PQ: 0 ANSI: 5
[    0.821612] sd 0:0:0:0: [sda] 209715200 512-byte logical blocks: (107 GB/100 GiB)
[    0.821625] sd 0:0:0:0: [sda] Write Protect is off
[    0.821628] sd 0:0:0:0: [sda] Mode Sense: 00 3a 00 00
[    0.821648] sd 0:0:0:0: [sda] Write cache: enabled, read cache: enabled, doesn't support DPO or FUA
[    0.821862] sd 0:0:0:0: Attached scsi generic sg0 type 0
[    0.822594]  sda: sda1 sda2
[    0.831374] sd 0:0:0:0: [sda] Attached SCSI disk
[    0.835929] Freeing unused decrypted memory: 2040K
[    0.837486] Freeing unused kernel image memory: 2728K
[    0.837490] Write protecting the kernel read-only data: 22528k
[    0.839023] Freeing unused kernel image memory: 2036K
[    0.839877] Freeing unused kernel image memory: 1432K
[    0.871887] x86/mm: Checked W+X mappings: passed, no W+X pages found.
[    0.871891] Run /init as init process
[    0.986039] ACPI: Video Device [GFX0] (multi-head: yes  rom: no  post: no)
[    0.986114] input: Video Bus as /devices/LNXSYSTM:00/LNXSYBUS:00/PNP0A03:00/LNXVIDEO:00/input/input4
[    0.998494] pcnet32: pcnet32.c:v1.35 21.Apr.2008 tsbogend@alpha.franken.de
[    0.999514] pcnet32: PCnet/FAST III 79C973 at 0xd020, 08:00:27:d9:65:be assigned IRQ 19
[    0.999558] pcnet32: Found PHY 0022:561b at address 0
[    0.999878] pcnet32: eth0: registered as PCnet/FAST III 79C973
[    1.001731] piix4_smbus 0000:00:07.0: SMBus Host Controller at 0x4100, revision 0
[    1.002101] pcnet32: 1 cards_found
[    1.005851] e1000: Intel(R) PRO/1000 Network Driver - version 7.3.21-k8-NAPI
[    1.005852] e1000: Copyright (c) 1999-2006 Intel Corporation.
[    1.079327] pcnet32 0000:00:03.0 enp0s3: renamed from eth0
[    1.230060] input: ImExPS/2 Generic Explorer Mouse as /devices/platform/i8042/serio1/input/input5
[    1.415359] e1000 0000:00:08.0 eth0: (PCI:33MHz:32-bit) 08:00:27:fb:be:f7
[    1.415363] e1000 0000:00:08.0 eth0: Intel(R) PRO/1000 Network Connection
[    1.787396] e1000 0000:00:09.0 eth1: (PCI:33MHz:32-bit) 08:00:27:7f:3e:60
[    1.787399] e1000 0000:00:09.0 eth1: Intel(R) PRO/1000 Network Connection
[    1.788593] e1000 0000:00:09.0 enp0s9: renamed from eth1
[    1.790456] e1000 0000:00:08.0 enp0s8: renamed from eth0
[    1.839684] EXT4-fs (sda2): mounted filesystem with ordered data mode. Opts: (null)
[    1.929270] systemd[1]: Inserted module 'autofs4'
[    1.938193] systemd[1]: systemd 245.4-4ubuntu3 running in system mode. (+PAM +AUDIT +SELINUX +IMA +APPARMOR +SMACK +SYSVINIT +UTMP +LIBCRYPTSETUP +GCRYPT +GNUTLS +ACL +XZ +LZ4 +SECCOMP +BLKID +ELFUTILS +KMOD +IDN2 -IDN +PCRE2 default-hierarchy=hybrid)
[    1.938225] systemd[1]: Detected virtualization oracle.
[    1.938228] systemd[1]: Detected architecture x86-64.
[    1.939614] systemd[1]: Set hostname to <ztg>.
[    2.064571] systemd[1]: /lib/systemd/system/dbus.socket:5: ListenStream= references a path below legacy directory /var/run/, updating /var/run/dbus/system_bus_socket â†’ /run/dbus/system_bus_socket; please update the unit file accordingly.
[    2.116413] systemd[1]: Created slice system-modprobe.slice.
[    2.116600] systemd[1]: Created slice User and Session Slice.
[    2.116640] systemd[1]: Started Forward Password Requests to Wall Directory Watch.
[    2.116788] systemd[1]: Set up automount Arbitrary Executable File Formats File System Automount Point.
[    2.116821] systemd[1]: Reached target User and Group Name Lookups.
[    2.116829] systemd[1]: Reached target Remote File Systems.
[    2.116838] systemd[1]: Reached target Slices.
[    2.117405] systemd[1]: Listening on Syslog Socket.
[    2.117471] systemd[1]: Listening on fsck to fsckd communication Socket.
[    2.117507] systemd[1]: Listening on initctl Compatibility Named Pipe.
[    2.117637] systemd[1]: Listening on Journal Audit Socket.
[    2.117687] systemd[1]: Listening on Journal Socket (/dev/log).
[    2.117753] systemd[1]: Listening on Journal Socket.
[    2.117818] systemd[1]: Listening on udev Control Socket.
[    2.117856] systemd[1]: Listening on udev Kernel Socket.
[    2.118575] systemd[1]: Mounting Huge Pages File System...
[    2.119541] systemd[1]: Mounting POSIX Message Queue File System...
[    2.120445] systemd[1]: Mounting Kernel Debug File System...
[    2.121376] systemd[1]: Mounting Kernel Trace File System...
[    2.123795] systemd[1]: Starting Journal Service...
[    2.148849] systemd[1]: Starting Set the console keyboard layout...
[    2.154024] systemd[1]: Starting Create list of static device nodes for the current kernel...
[    2.158665] systemd[1]: Starting Load Kernel Module drm...
[    2.160938] systemd[1]: Condition check resulted in Set Up Additional Binary Formats being skipped.
[    2.160984] systemd[1]: Condition check resulted in File System Check on Root Device being skipped.
[    2.173641] systemd[1]: Starting Load Kernel Modules...
[    2.183240] systemd[1]: Starting Remount Root and Kernel File Systems...
[    2.188558] systemd[1]: Starting udev Coldplug all Devices...
[    2.200575] systemd[1]: Starting Uncomplicated firewall...
[    2.202069] systemd[1]: Mounted Huge Pages File System.
[    2.202157] systemd[1]: Mounted POSIX Message Queue File System.
[    2.202231] systemd[1]: Mounted Kernel Debug File System.
[    2.202302] systemd[1]: Mounted Kernel Trace File System.
[    2.202972] EXT4-fs (sda2): re-mounted. Opts: errors=remount-ro
[    2.216456] systemd[1]: Finished Create list of static device nodes for the current kernel.
[    2.217320] systemd[1]: modprobe@drm.service: Succeeded.
[    2.217691] systemd[1]: Finished Load Kernel Module drm.
[    2.219421] systemd[1]: Finished Remount Root and Kernel File Systems.
[    2.235137] systemd[1]: Finished Uncomplicated firewall.
[    2.254086] systemd[1]: Condition check resulted in Rebuild Hardware Database being skipped.
[    2.254116] systemd[1]: Condition check resulted in Platform Persistent Storage Archival being skipped.
[    2.260912] lp: driver loaded but no devices found
[    2.262314] systemd[1]: Starting Load/Save Random Seed...
[    2.266929] systemd[1]: Starting Create System Users...
[    2.277442] ppdev: user-space parallel port driver
[    2.298213] systemd[1]: Finished Load/Save Random Seed.
[    2.301996] systemd[1]: Finished Create System Users.
[    2.304021] systemd[1]: Starting Create Static Device Nodes in /dev...
[    2.330123] systemd[1]: Finished udev Coldplug all Devices.
[    2.345654] systemd[1]: Finished Create Static Device Nodes in /dev.
[    2.346394] systemd[1]: Starting udev Kernel Device Manager...
[    2.371723] [drm] DMA map mode: Caching DMA mappings.
[    2.371786] [drm] Capabilities:
[    2.371787] [drm]   Rect copy.
[    2.371787] [drm]   Cursor.
[    2.371788] [drm]   Cursor bypass.
[    2.371788] [drm]   Cursor bypass 2.
[    2.371788] [drm]   Alpha cursor.
[    2.371789] [drm]   Extended Fifo.
[    2.371789] [drm]   Pitchlock.
[    2.371789] [drm]   Irq mask.
[    2.371790] [drm]   GMR.
[    2.371790] [drm]   Traces.
[    2.371790] [drm]   GMR2.
[    2.371791] [drm]   Screen Object 2.
[    2.371791] [drm]   Command Buffers.
[    2.371791] [drm]   Command Buffers 2.
[    2.371792] [drm]   Guest Backed Resources.
[    2.371793] [drm] Max GMR ids is 8192
[    2.371794] [drm] Max number of GMR pages is 1048576
[    2.371794] [drm] Max dedicated hypervisor surface memory is 393216 kiB
[    2.371795] [drm] Maximum display memory size is 131072 kiB
[    2.371796] [drm] VRAM at 0xe0000000 size is 131072 kiB
[    2.371796] [drm] MMIO at 0xf0000000 size is 2048 kiB
[    2.371929] [TTM] Zone  kernel: Available graphics memory: 1011738 KiB
[    2.371930] [TTM] Initializing pool allocator
[    2.371933] [TTM] Initializing DMA pool allocator
[    2.371960] [drm] Supports vblank timestamp caching Rev 2 (21.10.2013).
[    2.371960] [drm] No driver support for vblank timestamp query.
[    2.372185] [drm] Screen Target Display device initialized
[    2.372496] [drm] width 720
[    2.372506] [drm] height 400
[    2.372509] [drm] bpp 32
[    2.372878] [drm] Fifo max 0x00200000 min 0x00001000 cap 0x00000355
[    2.374549] [drm] Using command buffers with DMA pool.
[    2.374553] [drm] DX: no.
[    2.374553] [drm] Atomic: yes.
[    2.374554] [drm] SM4_1: no.
[    2.374573] [drm:vmw_host_log [vmwgfx]] *ERROR* Failed to send host log message.
[    2.380488] [drm:vmw_host_log [vmwgfx]] *ERROR* Failed to send host log message.
[    2.410608] fbcon: svgadrmfb (fb0) is primary device
[    2.417264] Console: switching to colour frame buffer device 100x37
[    2.422031] [drm] Initialized vmwgfx 2.15.0 20180704 for 0000:00:02.0 on minor 0
[    2.424328] systemd[1]: Finished Load Kernel Modules.
[    2.425448] systemd[1]: Mounting FUSE Control File System...
[    2.426775] systemd[1]: Mounting Kernel Configuration File System...
[    2.434737] systemd[1]: Starting Apply Kernel Variables...
[    2.444874] systemd[1]: Finished Set the console keyboard layout.
[    2.445644] systemd[1]: Mounted FUSE Control File System.
[    2.445726] systemd[1]: Reached target Local File Systems (Pre).
[    2.445745] systemd[1]: Condition check resulted in VMware vmblock fuse mount being skipped.
[    2.455970] systemd[1]: Mounting Mount unit for bare, revision 5...
[    2.459346] systemd[1]: Mounting Mount unit for core18, revision 1705...
[    2.471839] systemd[1]: Mounting Mount unit for gnome-3-34-1804, revision 24...
[    2.501369] systemd[1]: Mounting Mount unit for gtk-common-themes, revision 1506...
[    2.503755] systemd[1]: Mounting Mount unit for gtk-common-themes, revision 1535...
[    2.508526] systemd[1]: Mounting Mount unit for snap-store, revision 433...
[    2.515124] systemd[1]: Mounting Mount unit for snapd, revision 7264...
[    2.516379] systemd[1]: Mounted Kernel Configuration File System.
[    2.526468] systemd[1]: Finished Apply Kernel Variables.
[    2.547593] systemd[1]: Mounted Mount unit for bare, revision 5.
[    2.547686] systemd[1]: Mounted Mount unit for core18, revision 1705.
[    2.547764] systemd[1]: Mounted Mount unit for gnome-3-34-1804, revision 24.
[    2.570341] systemd[1]: Started udev Kernel Device Manager.
[    2.571065] systemd[1]: Starting Show Plymouth Boot Screen...
[    2.596779] systemd[1]: Received SIGRTMIN+20 from PID 274 (plymouthd).
[    2.614844] systemd[1]: Started Show Plymouth Boot Screen.
[    2.615007] systemd[1]: Condition check resulted in Dispatch Password Requests to Console Directory Watch being skipped.
[    2.615095] systemd[1]: Started Forward Password Requests to Plymouth Directory Watch.
[    2.615130] systemd[1]: Reached target Local Encrypted Volumes.
[    2.649109] systemd[1]: Mounted Mount unit for gtk-common-themes, revision 1506.
[    2.649347] systemd[1]: Mounted Mount unit for gtk-common-themes, revision 1535.
[    2.697403] systemd[1]: Mounted Mount unit for snap-store, revision 433.
[    2.697634] systemd[1]: Mounted Mount unit for snapd, revision 7264.
[    2.697792] systemd[1]: Reached target Local File Systems.
[    2.698668] systemd[1]: Starting Load AppArmor profiles...
[    2.705193] systemd[1]: Starting Set console font and keymap...
[    2.715972] systemd[1]: Starting Tell Plymouth To Write Out Runtime Data...
[    2.716118] systemd[1]: Condition check resulted in Store a System Token in an EFI Variable being skipped.
[    2.716171] systemd[1]: Condition check resulted in Commit a transient machine-id on disk being skipped.
[    2.720146] systemd[1]: Finished Set console font and keymap.
[    2.727554] systemd[1]: Received SIGRTMIN+20 from PID 274 (plymouthd).
[    2.730710] systemd[1]: plymouth-read-write.service: Succeeded.
[    2.730973] systemd[1]: Finished Tell Plymouth To Write Out Runtime Data.
[    2.755318] audit: type=1400 audit(1768248781.584:2): apparmor="STATUS" operation="profile_load" profile="unconfined" name="nvidia_modprobe" pid=299 comm="apparmor_parser"
[    2.755321] audit: type=1400 audit(1768248781.584:3): apparmor="STATUS" operation="profile_load" profile="unconfined" name="nvidia_modprobe//kmod" pid=299 comm="apparmor_parser"
[    2.765224] audit: type=1400 audit(1768248781.596:4): apparmor="STATUS" operation="profile_load" profile="unconfined" name="/usr/sbin/tcpdump" pid=300 comm="apparmor_parser"
[    2.812213] audit: type=1400 audit(1768248781.636:5): apparmor="STATUS" operation="profile_load" profile="unconfined" name="/usr/bin/evince" pid=302 comm="apparmor_parser"
[    2.812214] audit: type=1400 audit(1768248781.636:6): apparmor="STATUS" operation="profile_load" profile="unconfined" name="/usr/bin/evince//sanitized_helper" pid=302 comm="apparmor_parser"
[    2.812216] audit: type=1400 audit(1768248781.636:7): apparmor="STATUS" operation="profile_load" profile="unconfined" name="/usr/bin/evince-previewer" pid=302 comm="apparmor_parser"
[    2.812217] audit: type=1400 audit(1768248781.636:8): apparmor="STATUS" operation="profile_load" profile="unconfined" name="/usr/bin/evince-previewer//sanitized_helper" pid=302 comm="apparmor_parser"
[    2.812219] audit: type=1400 audit(1768248781.636:9): apparmor="STATUS" operation="profile_load" profile="unconfined" name="/usr/bin/evince-thumbnailer" pid=302 comm="apparmor_parser"
[    2.839858] audit: type=1400 audit(1768248781.672:10): apparmor="STATUS" operation="profile_load" profile="unconfined" name="/usr/lib/cups/backend/cups-pdf" pid=303 comm="apparmor_parser"
[    2.901573] systemd[1]: Finished Load AppArmor profiles.
[    2.902678] systemd[1]: Starting Load AppArmor profiles managed internally by snapd...
[    2.981636] systemd[1]: Finished Load AppArmor profiles managed internally by snapd.
[    3.091738] systemd[1]: Started Journal Service.
[    3.101137] systemd-journald[229]: Received client request to flush runtime journal.
[    4.421882] RAPL PMU: API unit is 2^-32 Joules, 0 fixed counters, 10737418240 ms ovfl timer
[    4.500509] cryptd: max_cpu_qlen set to 1000
[    4.549285] AVX2 version of gcm_enc/dec engaged.
[    4.549287] AES CTR mode by8 optimization enabled
[    5.311383] Adding 1998844k swap on /dev/sda1.  Priority:-2 extents:1 across:1998844k FS
[    6.131304] kauditd_printk_skb: 30 callbacks suppressed
[    6.131306] audit: type=1400 audit(1768248784.964:41): apparmor="DENIED" operation="capable" profile="/usr/sbin/cups-browsed" pid=494 comm="cups-browsed" capability=23  capname="sys_nice"
[    7.394217] pcnet32 0000:00:03.0 enp0s3: link up, 100Mbps, full-duplex
[    7.424028] e1000: enp0s8 NIC Link is Up 1000 Mbps Full Duplex, Flow Control: RX
[    7.424330] IPv6: ADDRCONF(NETDEV_CHANGE): enp0s8: link becomes ready
[    7.447168] e1000: enp0s9 NIC Link is Up 1000 Mbps Full Duplex, Flow Control: RX
[    7.447485] IPv6: ADDRCONF(NETDEV_CHANGE): enp0s9: link becomes ready
[    7.990103] device enp0s3 entered promiscuous mode
[    8.018270] audit: type=1400 audit(1768248786.852:42): apparmor="DENIED" operation="open" profile="/usr/sbin/tcpdump" name="/proc/sys/kernel/random/boot_id" pid=672 comm="tcpdump" requested_mask="r" denied_mask="r" fsuid=0 ouid=0
[    8.020069] audit: type=1400 audit(1768248786.852:43): apparmor="DENIED" operation="open" profile="/usr/sbin/tcpdump" name="/proc/sys/kernel/random/boot_id" pid=672 comm="tcpdump" requested_mask="r" denied_mask="r" fsuid=0 ouid=0
[    8.020213] audit: type=1400 audit(1768248786.852:44): apparmor="DENIED" operation="open" profile="/usr/sbin/tcpdump" name="/proc/sys/kernel/random/boot_id" pid=672 comm="tcpdump" requested_mask="r" denied_mask="r" fsuid=0 ouid=0
[    8.020285] audit: type=1400 audit(1768248786.852:45): apparmor="DENIED" operation="open" profile="/usr/sbin/tcpdump" name="/proc/sys/kernel/random/boot_id" pid=672 comm="tcpdump" requested_mask="r" denied_mask="r" fsuid=0 ouid=0
[    8.024162] audit: type=1400 audit(1768248786.856:46): apparmor="DENIED" operation="open" profile="/usr/sbin/tcpdump" name="/proc/sys/kernel/random/boot_id" pid=673 comm="tcpdump" requested_mask="r" denied_mask="r" fsuid=0 ouid=0
[    8.024327] audit: type=1400 audit(1768248786.856:47): apparmor="DENIED" operation="open" profile="/usr/sbin/tcpdump" name="/proc/sys/kernel/random/boot_id" pid=673 comm="tcpdump" requested_mask="r" denied_mask="r" fsuid=0 ouid=0
[    8.024367] audit: type=1400 audit(1768248786.856:48): apparmor="DENIED" operation="open" profile="/usr/sbin/tcpdump" name="/proc/sys/kernel/random/boot_id" pid=673 comm="tcpdump" requested_mask="r" denied_mask="r" fsuid=0 ouid=0
[    8.024421] audit: type=1400 audit(1768248786.856:49): apparmor="DENIED" operation="open" profile="/usr/sbin/tcpdump" name="/proc/sys/kernel/random/boot_id" pid=673 comm="tcpdump" requested_mask="r" denied_mask="r" fsuid=0 ouid=0
[   12.435509] rfkill: input handler disabled
[  616.126273] rfkill: input handler enabled
[  624.519471] rfkill: input handler disabled
[ 1067.743551] device enp0s3 left promiscuous mode
