[    0.000000] Linux version 5.4.243-mptcp (root@ztg) (gcc version 12.2.0 (Debian 12.2.0-14+deb12u1)) #53 SMP Wed Dec 24 23:28:15 CST 2025
[    0.000000] Command line: BOOT_IMAGE=/boot/vmlinuz-5.4.243-mptcp root=UUID=98415a12-53b7-4144-8265-0f7ece09e445 ro quiet splash
[    0.000000] KERNEL supported cpus:
[    0.000000]   Intel GenuineIntel
[    0.000000]   AMD AuthenticAMD
[    0.000000]   Hygon HygonGenuine
[    0.000000]   Centaur CentaurHauls
[    0.000000]   zhaoxin   Shanghai  
[    0.000000] x86/fpu: Supporting XSAVE feature 0x001: 'x87 floating point registers'
[    0.000000] x86/fpu: Supporting XSAVE feature 0x002: 'SSE registers'
[    0.000000] x86/fpu: Supporting XSAVE feature 0x004: 'AVX registers'
[    0.000000] x86/fpu: xstate_offset[2]:  576, xstate_sizes[2]:  256
[    0.000000] x86/fpu: Enabled xstate features 0x7, context size is 832 bytes, using 'standard' format.
[    0.000000] BIOS-provided physical RAM map:
[    0.000000] BIOS-e820: [mem 0x0000000000000000-0x000000000009fbff] usable
[    0.000000] BIOS-e820: [mem 0x000000000009fc00-0x000000000009ffff] reserved
[    0.000000] BIOS-e820: [mem 0x00000000000f0000-0x00000000000fffff] reserved
[    0.000000] BIOS-e820: [mem 0x0000000000100000-0x000000007ffeffff] usable
[    0.000000] BIOS-e820: [mem 0x000000007fff0000-0x000000007fffffff] ACPI data
[    0.000000] BIOS-e820: [mem 0x00000000fec00000-0x00000000fec00fff] reserved
[    0.000000] BIOS-e820: [mem 0x00000000fee00000-0x00000000fee00fff] reserved
[    0.000000] BIOS-e820: [mem 0x00000000fffc0000-0x00000000ffffffff] reserved
[    0.000000] NX (Execute Disable) protection: active
[    0.000000] SMBIOS 2.5 present.
[    0.000000] DMI: innotek GmbH VirtualBox/VirtualBox, BIOS VirtualBox 12/01/2006
[    0.000000] Hypervisor detected: KVM
[    0.000000] kvm-clock: Using msrs 4b564d01 and 4b564d00
[    0.000000] kvm-clock: cpu 0, msr 47801001, primary cpu clock
[    0.000000] kvm-clock: using sched offset of 4426330005 cycles
[    0.000003] clocksource: kvm-clock: mask: 0xffffffffffffffff max_cycles: 0x1cd42e4dffb, max_idle_ns: 881590591483 ns
[    0.000005] tsc: Detected 2100.000 MHz processor
[    0.001854] e820: update [mem 0x00000000-0x00000fff] usable ==> reserved
[    0.001856] e820: remove [mem 0x000a0000-0x000fffff] usable
[    0.001860] last_pfn = 0x7fff0 max_arch_pfn = 0x400000000
[    0.001928] MTRR default type: uncachable
[    0.001929] MTRR fixed ranges enabled:
[    0.001930]   00000-9FFFF write-back
[    0.001931]   A0000-BFFFF uncachable
[    0.001932]   C0000-FFFFF write-protect
[    0.001932] MTRR variable ranges enabled:
[    0.001934]   0 base 000000000000 mask 3FFF80000000 write-back
[    0.001935]   1 disabled
[    0.001935]   2 disabled
[    0.001936]   3 disabled
[    0.001936]   4 disabled
[    0.001936]   5 disabled
[    0.001937]   6 disabled
[    0.001937]   7 disabled
[    0.001938]   8 disabled
[    0.001938]   9 disabled
[    0.001938]   10 disabled
[    0.001939]   11 disabled
[    0.001939]   12 disabled
[    0.001940]   13 disabled
[    0.001940]   14 disabled
[    0.001941]   15 disabled
[    0.001957] x86/PAT: Configuration [0-7]: WB  WC  UC- UC  WB  WP  UC- WT  
[    0.002092] found SMP MP-table at [mem 0x0009fff0-0x0009ffff]
[    0.090030] check: Scanning 1 areas for low memory corruption
[    0.090159] RAMDISK: [mem 0x32271000-0x3512ffff]
[    0.090168] ACPI: Early table checksum verification disabled
[    0.090173] ACPI: RSDP 0x00000000000E0000 000024 (v02 VBOX  )
[    0.090178] ACPI: XSDT 0x000000007FFF0030 00003C (v01 VBOX   VBOXXSDT 00000001 ASL  00000061)
[    0.090184] ACPI: FACP 0x000000007FFF00F0 0000F4 (v04 VBOX   VBOXFACP 00000001 ASL  00000061)
[    0.090191] ACPI: DSDT 0x000000007FFF02E0 002353 (v02 VBOX   VBOXBIOS 00000002 VBOX 00029BF3)
[    0.090195] ACPI: FACS 0x000000007FFF0200 000040
[    0.090198] ACPI: FACS 0x000000007FFF0200 000040
[    0.090202] ACPI: APIC 0x000000007FFF0240 000054 (v02 VBOX   VBOXAPIC 00000001 ASL  00000061)
[    0.090205] ACPI: SSDT 0x000000007FFF02A0 000038 (v01 VBOX   VBOXCPUT 00000002 VBOX 00029BF3)
[    0.090208] ACPI: Reserving FACP table memory at [mem 0x7fff00f0-0x7fff01e3]
[    0.090209] ACPI: Reserving DSDT table memory at [mem 0x7fff02e0-0x7fff2632]
[    0.090210] ACPI: Reserving FACS table memory at [mem 0x7fff0200-0x7fff023f]
[    0.090211] ACPI: Reserving FACS table memory at [mem 0x7fff0200-0x7fff023f]
[    0.090211] ACPI: Reserving APIC table memory at [mem 0x7fff0240-0x7fff0293]
[    0.090212] ACPI: Reserving SSDT table memory at [mem 0x7fff02a0-0x7fff02d7]
[    0.090226] ACPI: Local APIC address 0xfee00000
[    0.090414] No NUMA configuration found
[    0.090415] Faking a node at [mem 0x0000000000000000-0x000000007ffeffff]
[    0.090425] NODE_DATA(0) allocated [mem 0x7ffc5000-0x7ffeffff]
[    0.090687] Zone ranges:
[    0.090688]   DMA      [mem 0x0000000000001000-0x0000000000ffffff]
[    0.090689]   DMA32    [mem 0x0000000001000000-0x000000007ffeffff]
[    0.090690]   Normal   empty
[    0.090691]   Device   empty
[    0.090692] Movable zone start for each node
[    0.090693] Early memory node ranges
[    0.090694]   node   0: [mem 0x0000000000001000-0x000000000009efff]
[    0.090695]   node   0: [mem 0x0000000000100000-0x000000007ffeffff]
[    0.090698] Zeroed struct page in unavailable ranges: 114 pages
[    0.090699] Initmem setup node 0 [mem 0x0000000000001000-0x000000007ffeffff]
[    0.090700] On node 0 totalpages: 524174
[    0.090702]   DMA zone: 64 pages used for memmap
[    0.090702]   DMA zone: 21 pages reserved
[    0.090703]   DMA zone: 3998 pages, LIFO batch:0
[    0.090775]   DMA32 zone: 8128 pages used for memmap
[    0.090776]   DMA32 zone: 520176 pages, LIFO batch:63
[    0.099745] ACPI: PM-Timer IO Port: 0x4008
[    0.099748] ACPI: Local APIC address 0xfee00000
[    0.099821] IOAPIC[0]: apic_id 1, version 32, address 0xfec00000, GSI 0-23
[    0.099825] ACPI: INT_SRC_OVR (bus 0 bus_irq 0 global_irq 2 dfl dfl)
[    0.099826] ACPI: INT_SRC_OVR (bus 0 bus_irq 9 global_irq 9 low level)
[    0.099828] ACPI: IRQ0 used by override.
[    0.099829] ACPI: IRQ9 used by override.
[    0.099832] Using ACPI (MADT) for SMP configuration information
[    0.099839] smpboot: Allowing 1 CPUs, 0 hotplug CPUs
[    0.099862] PM: Registered nosave memory: [mem 0x00000000-0x00000fff]
[    0.099863] PM: Registered nosave memory: [mem 0x0009f000-0x0009ffff]
[    0.099864] PM: Registered nosave memory: [mem 0x000a0000-0x000effff]
[    0.099865] PM: Registered nosave memory: [mem 0x000f0000-0x000fffff]
[    0.099866] [mem 0x80000000-0xfebfffff] available for PCI devices
[    0.099868] Booting paravirtualized kernel on KVM
[    0.099871] clocksource: refined-jiffies: mask: 0xffffffff max_cycles: 0xffffffff, max_idle_ns: 7645519600211568 ns
[    0.099876] setup_percpu: NR_CPUS:8192 nr_cpumask_bits:1 nr_cpu_ids:1 nr_node_ids:1
[    0.100909] percpu: Embedded 60 pages/cpu s208896 r8192 d28672 u2097152
[    0.100914] pcpu-alloc: s208896 r8192 d28672 u2097152 alloc=1*2097152
[    0.100915] pcpu-alloc: [0] 0 
[    0.100942] Built 1 zonelists, mobility grouping on.  Total pages: 515961
[    0.100943] Policy zone: DMA32
[    0.100944] Kernel command line: BOOT_IMAGE=/boot/vmlinuz-5.4.243-mptcp root=UUID=98415a12-53b7-4144-8265-0f7ece09e445 ro quiet splash
[    0.101807] Dentry cache hash table entries: 262144 (order: 9, 2097152 bytes, linear)
[    0.101955] Inode-cache hash table entries: 131072 (order: 8, 1048576 bytes, linear)
[    0.102007] mem auto-init: stack:off, heap alloc:on, heap free:off
[    0.102010] Calgary: detecting Calgary via BIOS EBDA area
[    0.102012] Calgary: Unable to locate Rio Grande table in EBDA - bailing!
[    0.106253] Memory: 1967332K/2096696K available (14339K kernel code, 2398K rwdata, 4712K rodata, 2728K init, 17260K bss, 129364K reserved, 0K cma-reserved)
[    0.107173] SLUB: HWalign=64, Order=0-3, MinObjects=0, CPUs=1, Nodes=1
[    0.107190] ftrace: allocating 43186 entries in 169 pages
[    0.125312] rcu: Hierarchical RCU implementation.
[    0.125313] rcu: 	RCU restricting CPUs from NR_CPUS=8192 to nr_cpu_ids=1.
[    0.125315] 	Tasks RCU enabled.
[    0.125316] rcu: RCU calculated value of scheduler-enlistment delay is 25 jiffies.
[    0.125316] rcu: Adjusting geometry for rcu_fanout_leaf=16, nr_cpu_ids=1
[    0.128276] NR_IRQS: 524544, nr_irqs: 256, preallocated irqs: 16
[    0.128499] random: crng init done
[    0.137811] Console: colour VGA+ 80x25
[    0.137816] printk: console [tty0] enabled
[    0.137838] ACPI: Core revision 20190816
[    0.137960] APIC: Switch to symmetric I/O mode setup
[    0.138209] x2apic enabled
[    0.138452] Switched APIC routing to physical x2apic.
[    0.139586] ..TIMER: vector=0x30 apic1=0 pin1=2 apic2=-1 pin2=-1
[    0.139612] clocksource: tsc-early: mask: 0xffffffffffffffff max_cycles: 0x1e4530a99b6, max_idle_ns: 440795257976 ns
[    0.139618] Calibrating delay loop (skipped) preset value.. 4200.00 BogoMIPS (lpj=8400000)
[    0.139620] pid_max: default: 32768 minimum: 301
[    0.139648] LSM: Security Framework initializing
[    0.139658] Yama: becoming mindful.
[    0.139685] AppArmor: AppArmor initialized
[    0.139719] Mount-cache hash table entries: 4096 (order: 3, 32768 bytes, linear)
[    0.139723] Mountpoint-cache hash table entries: 4096 (order: 3, 32768 bytes, linear)
[    0.139733] *** VALIDATE tmpfs ***
[    0.139864] *** VALIDATE proc ***
[    0.139906] *** VALIDATE cgroup1 ***
[    0.139908] *** VALIDATE cgroup2 ***
[    0.140050] process: using mwait in idle threads
[    0.140055] Last level iTLB entries: 4KB 64, 2MB 8, 4MB 8
[    0.140056] Last level dTLB entries: 4KB 64, 2MB 0, 4MB 0, 1GB 4
[    0.140076] Spectre V1 : Mitigation: usercopy/swapgs barriers and __user pointer sanitization
[    0.140081] Spectre V2 : Mitigation: Retpolines
[    0.140082] Spectre V2 : Spectre v2 / SpectreRSB mitigation: Filling RSB on context switch
[    0.140082] Spectre V2 : Spectre v2 / SpectreRSB : Filling RSB on VMEXIT
[    0.140083] RETBleed: WARNING: Spectre v2 mitigation leaves CPU vulnerable to RETBleed attacks, data leaks possible!
[    0.140442] RETBleed: Vulnerable
[    0.140443] Speculative Store Bypass: Vulnerable
[    0.140447] TAA: Mitigation: TSX disabled
[    0.140448] MMIO Stale Data: Mitigation: Clear CPU buffers
[    0.144714] Freeing SMP alternatives memory: 40K
[    0.256584] smpboot: CPU0: Intel(R) Xeon(R) Silver 4216 CPU @ 2.10GHz (family: 0x6, model: 0x55, stepping: 0x7)
[    0.256735] Performance Events: unsupported p6 CPU model 85 no PMU driver, software events only.
[    0.256779] rcu: Hierarchical SRCU implementation.
[    0.257297] NMI watchdog: Perf NMI watchdog permanently disabled
[    0.257337] smp: Bringing up secondary CPUs ...
[    0.257338] smp: Brought up 1 node, 1 CPU
[    0.257339] smpboot: Max logical packages: 1
[    0.257340] smpboot: Total of 1 processors activated (4200.00 BogoMIPS)
[    0.258340] devtmpfs: initialized
[    0.258389] x86/mm: Memory block size: 128MB
[    0.258743] clocksource: jiffies: mask: 0xffffffff max_cycles: 0xffffffff, max_idle_ns: 7645041785100000 ns
[    0.258749] futex hash table entries: 256 (order: 2, 16384 bytes, linear)
[    0.258793] pinctrl core: initialized pinctrl subsystem
[    0.258898] PM: RTC time: 14:50:33, date: 2026-01-13
[    0.259007] NET: Registered protocol family 16
[    0.259081] audit: initializing netlink subsys (disabled)
[    0.259210] EISA bus registered
[    0.259211] cpuidle: using governor ladder
[    0.259212] cpuidle: using governor menu
[    0.259249] ACPI: bus type PCI registered
[    0.259250] acpiphp: ACPI Hot Plug PCI Controller Driver version: 0.5
[    0.259355] PCI: Using configuration type 1 for base access
[    0.260029] audit: type=2000 audit(1768287039.697:1): state=initialized audit_enabled=0 res=1
[    0.260111] HugeTLB registered 2.00 MiB page size, pre-allocated 0 pages
[    0.261023] ACPI: Added _OSI(Module Device)
[    0.261023] ACPI: Added _OSI(Processor Device)
[    0.261024] ACPI: Added _OSI(3.0 _SCP Extensions)
[    0.261025] ACPI: Added _OSI(Processor Aggregator Device)
[    0.261026] ACPI: Added _OSI(Linux-Dell-Video)
[    0.261026] ACPI: Added _OSI(Linux-Lenovo-NV-HDMI-Audio)
[    0.261027] ACPI: Added _OSI(Linux-HPI-Hybrid-Graphics)
[    0.263034] ACPI: 2 ACPI AML tables successfully acquired and loaded
[    0.264555] ACPI: Interpreter enabled
[    0.264565] ACPI: (supports S0 S5)
[    0.264566] ACPI: Using IOAPIC for interrupt routing
[    0.264786] PCI: Using host bridge windows from ACPI; if necessary, use "pci=nocrs" and report a bug
[    0.264893] ACPI: Enabled 2 GPEs in block 00 to 07
[    0.269967] ACPI: PCI Root Bridge [PCI0] (domain 0000 [bus 00-ff])
[    0.269972] acpi PNP0A03:00: _OSC: OS supports [ASPM ClockPM Segments MSI HPX-Type3]
[    0.270419] acpi PNP0A03:00: _OSC: not requesting OS control; OS requires [ExtendedConfig ASPM ClockPM MSI]
[    0.270427] acpi PNP0A03:00: fail to add MMCONFIG information, can't access extended PCI configuration space under this bridge.
[    0.271743] PCI host bridge to bus 0000:00
[    0.271746] pci_bus 0000:00: root bus resource [io  0x0000-0x0cf7 window]
[    0.271747] pci_bus 0000:00: root bus resource [io  0x0d00-0xffff window]
[    0.271748] pci_bus 0000:00: root bus resource [mem 0x000a0000-0x000bffff window]
[    0.271750] pci_bus 0000:00: root bus resource [mem 0x80000000-0xfdffffff window]
[    0.271751] pci_bus 0000:00: root bus resource [bus 00-ff]
[    0.271795] pci 0000:00:00.0: [8086:1237] type 00 class 0x060000
[    0.272742] pci 0000:00:01.0: [8086:7000] type 00 class 0x060100
[    0.273517] pci 0000:00:01.1: [8086:7111] type 00 class 0x01018a
[    0.273886] pci 0000:00:01.1: reg 0x20: [io  0xd000-0xd00f]
[    0.274036] pci 0000:00:01.1: legacy IDE quirk: reg 0x10: [io  0x01f0-0x01f7]
[    0.274038] pci 0000:00:01.1: legacy IDE quirk: reg 0x14: [io  0x03f6]
[    0.274038] pci 0000:00:01.1: legacy IDE quirk: reg 0x18: [io  0x0170-0x0177]
[    0.274039] pci 0000:00:01.1: legacy IDE quirk: reg 0x1c: [io  0x0376]
[    0.274582] pci 0000:00:02.0: [15ad:0405] type 00 class 0x030000
[    0.277520] pci 0000:00:02.0: reg 0x10: [io  0xd010-0xd01f]
[    0.279659] pci 0000:00:02.0: reg 0x14: [mem 0xe0000000-0xe7ffffff pref]
[    0.282287] pci 0000:00:02.0: reg 0x18: [mem 0xf0000000-0xf01fffff]
[    0.292433] pci 0000:00:03.0: [1022:2000] type 00 class 0x020000
[    0.293113] pci 0000:00:03.0: reg 0x10: [io  0xd020-0xd03f]
[    0.293722] pci 0000:00:03.0: reg 0x14: [mem 0xf0200000-0xf0200fff]
[    0.298703] pci 0000:00:04.0: [80ee:cafe] type 00 class 0x088000
[    0.299372] pci 0000:00:04.0: reg 0x10: [io  0xd040-0xd05f]
[    0.299731] pci 0000:00:04.0: reg 0x14: [mem 0xf0400000-0xf07fffff]
[    0.300338] pci 0000:00:04.0: reg 0x18: [mem 0xf0800000-0xf0803fff pref]
[    0.303655] pci 0000:00:07.0: [8086:7113] type 00 class 0x068000
[    0.304205] pci 0000:00:07.0: quirk: [io  0x4000-0x403f] claimed by PIIX4 ACPI
[    0.304216] pci 0000:00:07.0: quirk: [io  0x4100-0x410f] claimed by PIIX4 SMB
[    0.304836] pci 0000:00:08.0: [8086:100e] type 00 class 0x020000
[    0.305548] pci 0000:00:08.0: reg 0x10: [mem 0xf0820000-0xf083ffff]
[    0.306709] pci 0000:00:08.0: reg 0x18: [io  0xd060-0xd067]
[    0.310351] pci 0000:00:09.0: [8086:100e] type 00 class 0x020000
[    0.311102] pci 0000:00:09.0: reg 0x10: [mem 0xf0840000-0xf085ffff]
[    0.311727] pci 0000:00:09.0: reg 0x18: [io  0xd068-0xd06f]
[    0.320765] ACPI: PCI Interrupt Link [LNKA] (IRQs 5 9 10 *11)
[    0.323760] ACPI: PCI Interrupt Link [LNKB] (IRQs 5 9 *10 11)
[    0.323861] ACPI: PCI Interrupt Link [LNKC] (IRQs 5 *9 10 11)
[    0.323967] ACPI: PCI Interrupt Link [LNKD] (IRQs 5 9 10 *11)
[    0.324230] iommu: Default domain type: Translated 
[    0.324291] pci 0000:00:02.0: vgaarb: setting as boot VGA device
[    0.324293] pci 0000:00:02.0: vgaarb: VGA device added: decodes=io+mem,owns=io+mem,locks=none
[    0.324295] pci 0000:00:02.0: vgaarb: bridge control possible
[    0.324296] vgaarb: loaded
[    0.324509] SCSI subsystem initialized
[    0.324539] libata version 3.00 loaded.
[    0.324564] ACPI: bus type USB registered
[    0.324580] usbcore: registered new interface driver usbfs
[    0.324586] usbcore: registered new interface driver hub
[    0.324591] usbcore: registered new device driver usb
[    0.324623] pps_core: LinuxPPS API ver. 1 registered
[    0.324623] pps_core: Software ver. 5.3.6 - Copyright 2005-2007 Rodolfo Giometti <giometti@linux.it>
[    0.324625] PTP clock support registered
[    0.324659] EDAC MC: Ver: 3.0.0
[    0.324948] PCI: Using ACPI for IRQ routing
[    0.324950] PCI: pci_cache_line_size set to 64 bytes
[    0.325121] e820: reserve RAM buffer [mem 0x0009fc00-0x0009ffff]
[    0.325125] e820: reserve RAM buffer [mem 0x7fff0000-0x7fffffff]
[    0.325926] NetLabel: Initializing
[    0.325927] NetLabel:  domain hash size = 128
[    0.325927] NetLabel:  protocols = UNLABELED CIPSOv4 CALIPSO
[    0.325947] NetLabel:  unlabeled traffic allowed by default
[    0.326853] clocksource: Switched to clocksource kvm-clock
[    0.335757] *** VALIDATE bpf ***
[    0.335757] VFS: Disk quotas dquot_6.6.0
[    0.335757] VFS: Dquot-cache hash table entries: 512 (order 0, 4096 bytes)
[    0.335757] *** VALIDATE ramfs ***
[    0.335757] *** VALIDATE hugetlbfs ***
[    0.335757] AppArmor: AppArmor Filesystem Enabled
[    0.335757] pnp: PnP ACPI init
[    0.335757] pnp 00:00: Plug and Play ACPI device, IDs PNP0303 (active)
[    0.338441] pnp 00:01: Plug and Play ACPI device, IDs PNP0f03 (active)
[    0.339241] pnp: PnP ACPI: found 2 devices
[    0.340205] thermal_sys: Registered thermal governor 'fair_share'
[    0.340206] thermal_sys: Registered thermal governor 'bang_bang'
[    0.340207] thermal_sys: Registered thermal governor 'step_wise'
[    0.340207] thermal_sys: Registered thermal governor 'user_space'
[    0.340208] thermal_sys: Registered thermal governor 'power_allocator'
[    0.344720] clocksource: acpi_pm: mask: 0xffffff max_cycles: 0xffffff, max_idle_ns: 2085701024 ns
[    0.344761] pci_bus 0000:00: resource 4 [io  0x0000-0x0cf7 window]
[    0.344762] pci_bus 0000:00: resource 5 [io  0x0d00-0xffff window]
[    0.344764] pci_bus 0000:00: resource 6 [mem 0x000a0000-0x000bffff window]
[    0.344765] pci_bus 0000:00: resource 7 [mem 0x80000000-0xfdffffff window]
[    0.344823] NET: Registered protocol family 2
[    0.344897] IP idents hash table entries: 32768 (order: 6, 262144 bytes, linear)
[    0.345301] MPTCP tokens hash table entries: 8192 (order: 4, 65536 bytes, linear)
[    0.345322] MPTCP request tokens hash table entries: 8192 (order: 4, 65536 bytes, linear)
[    0.345346] default registered
[    0.345347] default registered
[    0.345347] MPTCP: Stable release v0.96
[    0.345352] tcp_listen_portaddr_hash hash table entries: 1024 (order: 2, 16384 bytes, linear)
[    0.345431] TCP established hash table entries: 16384 (order: 5, 131072 bytes, linear)
[    0.345496] TCP bind hash table entries: 16384 (order: 6, 262144 bytes, linear)
[    0.345522] TCP: Hash tables configured (established 16384 bind 16384)
[    0.346235] UDP hash table entries: 1024 (order: 3, 32768 bytes, linear)
[    0.346247] UDP-Lite hash table entries: 1024 (order: 3, 32768 bytes, linear)
[    0.346280] NET: Registered protocol family 1
[    0.346289] NET: Registered protocol family 44
[    0.346322] pci 0000:00:00.0: Limiting direct PCI/PCI transfers
[    0.346334] pci 0000:00:01.0: Activating ISA DMA hang workarounds
[    0.346393] pci 0000:00:02.0: Video device with shadowed ROM at [mem 0x000c0000-0x000dffff]
[    0.346457] PCI: CLS 0 bytes, default 64
[    0.346507] Trying to unpack rootfs image as initramfs...
[    0.519718] Freeing initrd memory: 47868K
[    0.519718] clocksource: tsc: mask: 0xffffffffffffffff max_cycles: 0x1e4530a99b6, max_idle_ns: 440795257976 ns
[    0.519718] clocksource: Switched to clocksource tsc
[    0.519718] platform rtc_cmos: registered platform RTC device (no PNP device found)
[    0.519718] check: Scanning for low memory corruption every 60 seconds
[    0.519718] Initialise system trusted keyrings
[    0.519718] Key type blacklist registered
[    0.519718] workingset: timestamp_bits=36 max_order=19 bucket_order=0
[    0.519718] zbud: loaded
[    0.519718] squashfs: version 4.0 (2009/01/31) Phillip Lougher
[    0.519718] fuse: init (API version 7.31)
[    0.519718] *** VALIDATE fuse ***
[    0.519718] *** VALIDATE fuse ***
[    0.519718] Platform Keyring initialized
[    0.532325] Key type asymmetric registered
[    0.532326] Asymmetric key parser 'x509' registered
[    0.532337] Block layer SCSI generic (bsg) driver version 0.4 loaded (major 244)
[    0.532377] io scheduler mq-deadline registered
[    0.532500] shpchp: Standard Hot Plug PCI Controller Driver version: 0.4
[    0.532703] ACPI: AC Adapter [AC] (on-line)
[    0.532747] input: Power Button as /devices/LNXSYSTM:00/LNXPWRBN:00/input/input0
[    0.532775] ACPI: Power Button [PWRF]
[    0.532850] input: Sleep Button as /devices/LNXSYSTM:00/LNXSLPBN:00/input/input1
[    0.532866] ACPI: Sleep Button [SLPF]
[    0.533087] Serial: 8250/16550 driver, 32 ports, IRQ sharing enabled
[    0.534239] Linux agpgart interface v0.103
[    0.623162] loop: module loaded
[    0.623310] ata_piix 0000:00:01.1: version 2.13
[    0.623714] scsi host0: ata_piix
[    0.623806] scsi host1: ata_piix
[    0.623832] ata1: PATA max UDMA/33 cmd 0x1f0 ctl 0x3f6 bmdma 0xd000 irq 14
[    0.623833] ata2: PATA max UDMA/33 cmd 0x170 ctl 0x376 bmdma 0xd008 irq 15
[    0.623915] tun: Universal TUN/TAP device driver, 1.6
[    0.624222] PPP generic driver version 2.4.2
[    0.624265] VFIO - User Level meta-driver version: 0.3
[    0.624500] ehci_hcd: USB 2.0 'Enhanced' Host Controller (EHCI) Driver
[    0.624504] ehci-pci: EHCI PCI platform driver
[    0.624518] ehci-platform: EHCI generic platform driver
[    0.624524] ohci_hcd: USB 1.1 'Open' Host Controller (OHCI) Driver
[    0.624525] ohci-pci: OHCI PCI platform driver
[    0.624532] ohci-platform: OHCI generic platform driver
[    0.624537] uhci_hcd: USB Universal Host Controller Interface driver
[    0.624602] i8042: PNP: PS/2 Controller [PNP0303:PS2K,PNP0f03:PS2M] at 0x60,0x64 irq 1,12
[    0.625040] serio: i8042 KBD port at 0x60,0x64 irq 1
[    0.625043] serio: i8042 AUX port at 0x60,0x64 irq 12
[    0.625129] mousedev: PS/2 mouse device common for all mice
[    0.625380] input: AT Translated Set 2 keyboard as /devices/platform/i8042/serio0/input/input2
[    0.625778] rtc_cmos rtc_cmos: registered as rtc0
[    0.625791] rtc_cmos rtc_cmos: alarms up to one day, 114 bytes nvram
[    0.625796] i2c /dev entries driver
[    0.625838] device-mapper: uevent: version 1.0.3
[    0.625881] device-mapper: ioctl: 4.41.0-ioctl (2019-09-16) initialised: dm-devel@redhat.com
[    0.625897] platform eisa.0: Probing EISA bus 0
[    0.625899] platform eisa.0: EISA: Cannot allocate resource for mainboard
[    0.625900] platform eisa.0: Cannot allocate resource for EISA slot 1
[    0.625901] platform eisa.0: Cannot allocate resource for EISA slot 2
[    0.625902] platform eisa.0: Cannot allocate resource for EISA slot 3
[    0.625903] platform eisa.0: Cannot allocate resource for EISA slot 4
[    0.625904] platform eisa.0: Cannot allocate resource for EISA slot 5
[    0.625905] platform eisa.0: Cannot allocate resource for EISA slot 6
[    0.625906] platform eisa.0: Cannot allocate resource for EISA slot 7
[    0.625907] platform eisa.0: Cannot allocate resource for EISA slot 8
[    0.625908] platform eisa.0: EISA: Detected 0 cards
[    0.625910] intel_pstate: CPU model not supported
[    0.625919] ledtrig-cpu: registered to indicate activity on CPUs
[    0.625972] drop_monitor: Initializing network drop monitor service
[    0.626132] NET: Registered protocol family 10
[    0.631189] Segment Routing with IPv6
[    0.631189] fullmesh registered
[    0.631189] ndiffports registered
[    0.631189] binder registered
[    0.631189] roundrobin registered
[    0.631189] redundant registered
[    0.631189] blest registered
[    0.631189] ecf registered
[    0.631189] NET: Registered protocol family 17
[    0.631189] Key type dns_resolver registered
[    0.631189] RAS: Correctable Errors collector initialized.
[    0.631189] IPI shorthand broadcast: enabled
[    0.631189] sched_clock: Marking stable (616063641, 11126283)->(629578860, -2388936)
[    0.631490] registered taskstats version 1
[    0.631498] Loading compiled-in X.509 certificates
[    0.632085] Loaded X.509 cert 'Build time autogenerated kernel key: 6909f3744cebb3d0de528d5887b96a727de79b1e'
[    0.632104] zswap: loaded using pool lzo/zbud
[    0.632156] Key type ._fscrypt registered
[    0.632157] Key type .fscrypt registered
[    0.636591] Key type big_key registered
[    0.638779] Key type encrypted registered
[    0.638781] AppArmor: AppArmor sha1 policy hashing enabled
[    0.638789] ima: No TPM chip found, activating TPM-bypass!
[    0.638792] ima: Allocated hash algorithm: sha1
[    0.638798] ima: No architecture policies found
[    0.638807] evm: Initialising EVM extended attributes:
[    0.638808] evm: security.selinux
[    0.638808] evm: security.SMACK64
[    0.638809] evm: security.SMACK64EXEC
[    0.638809] evm: security.SMACK64TRANSMUTE
[    0.638810] evm: security.SMACK64MMAP
[    0.638810] evm: security.apparmor
[    0.638810] evm: security.ima
[    0.638811] evm: security.capability
[    0.638812] evm: HMAC attrs: 0x1
[    0.639103] PM:   Magic number: 10:218:839
[    0.639222] rtc_cmos rtc_cmos: setting system clock to 2026-01-13T14:50:34 UTC (1768315834)
[    0.795997] ata1.00: ATA-6: VBOX HARDDISK, 1.0, max UDMA/133
[    0.796000] ata1.00: 209715200 sectors, multi 128: LBA 
[    0.796608] scsi 0:0:0:0: Direct-Access     ATA      VBOX HARDDISK    1.0  PQ: 0 ANSI: 5
[    0.796879] sd 0:0:0:0: [sda] 209715200 512-byte logical blocks: (107 GB/100 GiB)
[    0.796890] sd 0:0:0:0: [sda] Write Protect is off
[    0.796893] sd 0:0:0:0: [sda] Mode Sense: 00 3a 00 00
[    0.796911] sd 0:0:0:0: [sda] Write cache: enabled, read cache: enabled, doesn't support DPO or FUA
[    0.797206] sd 0:0:0:0: Attached scsi generic sg0 type 0
[    0.798223]  sda: sda1 sda2
[    0.807508] sd 0:0:0:0: [sda] Attached SCSI disk
[    0.811228] Freeing unused decrypted memory: 2040K
[    0.812120] Freeing unused kernel image memory: 2728K
[    0.812123] Write protecting the kernel read-only data: 22528k
[    0.813053] Freeing unused kernel image memory: 2036K
[    0.813567] Freeing unused kernel image memory: 1432K
[    0.836813] x86/mm: Checked W+X mappings: passed, no W+X pages found.
[    0.836817] Run /init as init process
[    0.945459] ACPI: Video Device [GFX0] (multi-head: yes  rom: no  post: no)
[    0.945532] input: Video Bus as /devices/LNXSYSTM:00/LNXSYBUS:00/PNP0A03:00/LNXVIDEO:00/input/input4
[    0.957552] pcnet32: pcnet32.c:v1.35 21.Apr.2008 tsbogend@alpha.franken.de
[    0.960923] piix4_smbus 0000:00:07.0: SMBus Host Controller at 0x4100, revision 0
[    0.961976] pcnet32: PCnet/FAST III 79C973 at 0xd020, 08:00:27:bf:d6:9c assigned IRQ 19
[    0.962018] pcnet32: Found PHY 0022:561b at address 0
[    0.962330] pcnet32: eth0: registered as PCnet/FAST III 79C973
[    0.965030] e1000: Intel(R) PRO/1000 Network Driver - version 7.3.21-k8-NAPI
[    0.965031] e1000: Copyright (c) 1999-2006 Intel Corporation.
[    0.976481] pcnet32: 1 cards_found
[    1.036725] pcnet32 0000:00:03.0 enp0s3: renamed from eth0
[    1.184573] input: ImExPS/2 Generic Explorer Mouse as /devices/platform/i8042/serio1/input/input5
[    1.375733] e1000 0000:00:08.0 eth0: (PCI:33MHz:32-bit) 08:00:27:77:d2:af
[    1.375738] e1000 0000:00:08.0 eth0: Intel(R) PRO/1000 Network Connection
[    1.749106] e1000 0000:00:09.0 eth1: (PCI:33MHz:32-bit) 08:00:27:c6:ca:33
[    1.749109] e1000 0000:00:09.0 eth1: Intel(R) PRO/1000 Network Connection
[    1.750637] e1000 0000:00:09.0 enp0s9: renamed from eth1
[    1.753155] e1000 0000:00:08.0 enp0s8: renamed from eth0
[    1.924066] EXT4-fs (sda2): mounted filesystem with ordered data mode. Opts: (null)
[    2.016777] systemd[1]: Inserted module 'autofs4'
[    2.029080] systemd[1]: systemd 245.4-4ubuntu3 running in system mode. (+PAM +AUDIT +SELINUX +IMA +APPARMOR +SMACK +SYSVINIT +UTMP +LIBCRYPTSETUP +GCRYPT +GNUTLS +ACL +XZ +LZ4 +SECCOMP +BLKID +ELFUTILS +KMOD +IDN2 -IDN +PCRE2 default-hierarchy=hybrid)
[    2.029112] systemd[1]: Detected virtualization oracle.
[    2.029116] systemd[1]: Detected architecture x86-64.
[    2.030407] systemd[1]: Set hostname to <ztg>.
[    2.156922] systemd[1]: /lib/systemd/system/dbus.socket:5: ListenStream= references a path below legacy directory /var/run/, updating /var/run/dbus/system_bus_socket â†’ /run/dbus/system_bus_socket; please update the unit file accordingly.
[    2.209692] systemd[1]: Created slice system-modprobe.slice.
[    2.209871] systemd[1]: Created slice User and Session Slice.
[    2.209914] systemd[1]: Started Forward Password Requests to Wall Directory Watch.
[    2.210077] systemd[1]: Set up automount Arbitrary Executable File Formats File System Automount Point.
[    2.210110] systemd[1]: Reached target User and Group Name Lookups.
[    2.210119] systemd[1]: Reached target Remote File Systems.
[    2.210126] systemd[1]: Reached target Slices.
[    2.210712] systemd[1]: Listening on Syslog Socket.
[    2.210781] systemd[1]: Listening on fsck to fsckd communication Socket.
[    2.210818] systemd[1]: Listening on initctl Compatibility Named Pipe.
[    2.210957] systemd[1]: Listening on Journal Audit Socket.
[    2.211008] systemd[1]: Listening on Journal Socket (/dev/log).
[    2.211073] systemd[1]: Listening on Journal Socket.
[    2.211137] systemd[1]: Listening on udev Control Socket.
[    2.211231] systemd[1]: Listening on udev Kernel Socket.
[    2.211970] systemd[1]: Mounting Huge Pages File System...
[    2.212869] systemd[1]: Mounting POSIX Message Queue File System...
[    2.213718] systemd[1]: Mounting Kernel Debug File System...
[    2.214539] systemd[1]: Mounting Kernel Trace File System...
[    2.216442] systemd[1]: Starting Journal Service...
[    2.243025] systemd[1]: Starting Set the console keyboard layout...
[    2.251293] systemd[1]: Starting Create list of static device nodes for the current kernel...
[    2.253053] systemd[1]: Starting Load Kernel Module drm...
[    2.254049] systemd[1]: Condition check resulted in Set Up Additional Binary Formats being skipped.
[    2.254094] systemd[1]: Condition check resulted in File System Check on Root Device being skipped.
[    2.268087] systemd[1]: Starting Load Kernel Modules...
[    2.269331] systemd[1]: Starting Remount Root and Kernel File Systems...
[    2.284774] systemd[1]: Starting udev Coldplug all Devices...
[    2.293072] systemd[1]: Starting Uncomplicated firewall...
[    2.294584] systemd[1]: Mounted Huge Pages File System.
[    2.294672] systemd[1]: Mounted POSIX Message Queue File System.
[    2.294786] systemd[1]: Mounted Kernel Debug File System.
[    2.294859] systemd[1]: Mounted Kernel Trace File System.
[    2.299491] EXT4-fs (sda2): re-mounted. Opts: errors=remount-ro
[    2.309823] systemd[1]: Finished Create list of static device nodes for the current kernel.
[    2.310859] systemd[1]: modprobe@drm.service: Succeeded.
[    2.313846] systemd[1]: Finished Load Kernel Module drm.
[    2.330047] systemd[1]: Finished Remount Root and Kernel File Systems.
[    2.361953] systemd[1]: Finished Uncomplicated firewall.
[    2.363506] lp: driver loaded but no devices found
[    2.365241] systemd[1]: Condition check resulted in Rebuild Hardware Database being skipped.
[    2.365280] systemd[1]: Condition check resulted in Platform Persistent Storage Archival being skipped.
[    2.365972] systemd[1]: Starting Load/Save Random Seed...
[    2.372396] systemd[1]: Starting Create System Users...
[    2.380864] systemd[1]: Finished Load/Save Random Seed.
[    2.381610] ppdev: user-space parallel port driver
[    2.389654] systemd[1]: Finished Create System Users.
[    2.391068] systemd[1]: Starting Create Static Device Nodes in /dev...
[    2.448690] systemd[1]: Finished udev Coldplug all Devices.
[    2.456727] systemd[1]: Finished Create Static Device Nodes in /dev.
[    2.457617] systemd[1]: Starting udev Kernel Device Manager...
[    2.487705] [drm] DMA map mode: Caching DMA mappings.
[    2.487768] [drm] Capabilities:
[    2.487768] [drm]   Rect copy.
[    2.487769] [drm]   Cursor.
[    2.487769] [drm]   Cursor bypass.
[    2.487769] [drm]   Cursor bypass 2.
[    2.487770] [drm]   Alpha cursor.
[    2.487770] [drm]   Extended Fifo.
[    2.487770] [drm]   Pitchlock.
[    2.487771] [drm]   Irq mask.
[    2.487771] [drm]   GMR.
[    2.487771] [drm]   Traces.
[    2.487772] [drm]   GMR2.
[    2.487772] [drm]   Screen Object 2.
[    2.487773] [drm]   Command Buffers.
[    2.487773] [drm]   Command Buffers 2.
[    2.487773] [drm]   Guest Backed Resources.
[    2.487774] [drm] Max GMR ids is 8192
[    2.487775] [drm] Max number of GMR pages is 1048576
[    2.487776] [drm] Max dedicated hypervisor surface memory is 393216 kiB
[    2.487776] [drm] Maximum display memory size is 131072 kiB
[    2.487777] [drm] VRAM at 0xe0000000 size is 131072 kiB
[    2.487777] [drm] MMIO at 0xf0000000 size is 2048 kiB
[    2.488114] [TTM] Zone  kernel: Available graphics memory: 1011738 KiB
[    2.488115] [TTM] Initializing pool allocator
[    2.488121] [TTM] Initializing DMA pool allocator
[    2.488177] [drm] Supports vblank timestamp caching Rev 2 (21.10.2013).
[    2.488177] [drm] No driver support for vblank timestamp query.
[    2.488402] [drm] Screen Target Display device initialized
[    2.488604] [drm] width 720
[    2.488613] [drm] height 400
[    2.488616] [drm] bpp 32
[    2.489143] [drm] Fifo max 0x00200000 min 0x00001000 cap 0x00000355
[    2.490240] [drm] Using command buffers with DMA pool.
[    2.490244] [drm] DX: no.
[    2.490244] [drm] Atomic: yes.
[    2.490245] [drm] SM4_1: no.
[    2.490264] [drm:vmw_host_log [vmwgfx]] *ERROR* Failed to send host log message.
[    2.491654] [drm:vmw_host_log [vmwgfx]] *ERROR* Failed to send host log message.
[    2.507250] fbcon: svgadrmfb (fb0) is primary device
[    2.509358] Console: switching to colour frame buffer device 100x37
[    2.517333] systemd[1]: Finished Set the console keyboard layout.
[    2.517442] systemd[1]: Reached target Local File Systems (Pre).
[    2.519812] systemd[1]: Mounting Mount unit for bare, revision 5...
[    2.522276] systemd[1]: Mounting Mount unit for core18, revision 1705...
[    2.522507] [drm] Initialized vmwgfx 2.15.0 20180704 for 0000:00:02.0 on minor 0
[    2.529403] systemd[1]: Mounting Mount unit for gnome-3-34-1804, revision 24...
[    2.542099] systemd[1]: Mounting Mount unit for gtk-common-themes, revision 1506...
[    2.552460] systemd[1]: Mounting Mount unit for gtk-common-themes, revision 1535...
[    2.568579] systemd[1]: Mounting Mount unit for snap-store, revision 433...
[    2.594814] systemd[1]: Mounting Mount unit for snapd, revision 25935...
[    2.607471] systemd[1]: Finished Load Kernel Modules.
[    2.608472] systemd[1]: Mounted Mount unit for bare, revision 5.
[    2.608566] systemd[1]: Mounted Mount unit for core18, revision 1705.
[    2.608643] systemd[1]: Mounted Mount unit for gnome-3-34-1804, revision 24.
[    2.612649] systemd[1]: Mounting FUSE Control File System...
[    2.613680] systemd[1]: Mounting Kernel Configuration File System...
[    2.616380] systemd[1]: Starting Apply Kernel Variables...
[    2.642678] systemd[1]: Mounted FUSE Control File System.
[    2.642774] systemd[1]: Mounted Kernel Configuration File System.
[    2.642826] systemd[1]: Condition check resulted in VMware vmblock fuse mount being skipped.
[    2.652685] systemd[1]: Finished Apply Kernel Variables.
[    2.662957] systemd[1]: Mounted Mount unit for gtk-common-themes, revision 1506.
[    2.663050] systemd[1]: Mounted Mount unit for gtk-common-themes, revision 1535.
[    2.663126] systemd[1]: Mounted Mount unit for snap-store, revision 433.
[    2.663613] systemd[1]: Mounted Mount unit for snapd, revision 25935.
[    2.663680] systemd[1]: Reached target Local File Systems.
[    2.665255] systemd[1]: Starting Load AppArmor profiles...
[    2.673258] systemd[1]: Starting Set console font and keymap...
[    2.683182] systemd[1]: Starting Tell Plymouth To Write Out Runtime Data...
[    2.683235] systemd[1]: Condition check resulted in Store a System Token in an EFI Variable being skipped.
[    2.683287] systemd[1]: Condition check resulted in Commit a transient machine-id on disk being skipped.
[    2.683467] systemd[1]: Started udev Kernel Device Manager.
[    2.705605] systemd[1]: Starting Show Plymouth Boot Screen...
[    2.711824] systemd[1]: Finished Set console font and keymap.
[    2.712426] systemd[1]: Received SIGRTMIN+20 from PID 282 (plymouthd).
[    2.716912] systemd[1]: plymouth-read-write.service: Succeeded.
[    2.718020] systemd[1]: Finished Tell Plymouth To Write Out Runtime Data.
[    2.723700] systemd[1]: Started Show Plymouth Boot Screen.
[    2.723903] systemd[1]: Condition check resulted in Dispatch Password Requests to Console Directory Watch being skipped.
[    2.723986] systemd[1]: Started Forward Password Requests to Plymouth Directory Watch.
[    2.724055] systemd[1]: Reached target Local Encrypted Volumes.
[    2.738444] audit: type=1400 audit(1768315836.592:2): apparmor="STATUS" operation="profile_load" profile="unconfined" name="nvidia_modprobe" pid=291 comm="apparmor_parser"
[    2.738447] audit: type=1400 audit(1768315836.592:3): apparmor="STATUS" operation="profile_load" profile="unconfined" name="nvidia_modprobe//kmod" pid=291 comm="apparmor_parser"
[    2.748213] audit: type=1400 audit(1768315836.604:4): apparmor="STATUS" operation="profile_load" profile="unconfined" name="/usr/sbin/tcpdump" pid=293 comm="apparmor_parser"
[    2.799982] audit: type=1400 audit(1768315836.648:5): apparmor="STATUS" operation="profile_load" profile="unconfined" name="/usr/bin/evince" pid=302 comm="apparmor_parser"
[    2.799984] audit: type=1400 audit(1768315836.648:6): apparmor="STATUS" operation="profile_load" profile="unconfined" name="/usr/bin/evince//sanitized_helper" pid=302 comm="apparmor_parser"
[    2.799986] audit: type=1400 audit(1768315836.648:7): apparmor="STATUS" operation="profile_load" profile="unconfined" name="/usr/bin/evince-previewer" pid=302 comm="apparmor_parser"
[    2.799987] audit: type=1400 audit(1768315836.648:8): apparmor="STATUS" operation="profile_load" profile="unconfined" name="/usr/bin/evince-previewer//sanitized_helper" pid=302 comm="apparmor_parser"
[    2.799990] audit: type=1400 audit(1768315836.648:9): apparmor="STATUS" operation="profile_load" profile="unconfined" name="/usr/bin/evince-thumbnailer" pid=302 comm="apparmor_parser"
[    2.815376] audit: type=1400 audit(1768315836.672:10): apparmor="STATUS" operation="profile_load" profile="unconfined" name="/usr/lib/cups/backend/cups-pdf" pid=303 comm="apparmor_parser"
[    2.882342] systemd[1]: Finished Load AppArmor profiles.
[    2.883428] systemd[1]: Starting Load AppArmor profiles managed internally by snapd...
[    3.009259] systemd[1]: Finished Load AppArmor profiles managed internally by snapd.
[    3.239457] systemd[1]: Started Journal Service.
[    3.248903] systemd-journald[229]: Received client request to flush runtime journal.
[    3.252432] systemd-journald[229]: File /var/log/journal/c455b248004a419c87ce85eea238d727/system.journal corrupted or uncleanly shut down, renaming and replacing.
[    4.551488] RAPL PMU: API unit is 2^-32 Joules, 0 fixed counters, 10737418240 ms ovfl timer
[    4.638354] cryptd: max_cpu_qlen set to 1000
[    4.682602] AVX2 version of gcm_enc/dec engaged.
[    4.682604] AES CTR mode by8 optimization enabled
[    6.586170] Adding 1998844k swap on /dev/sda1.  Priority:-2 extents:1 across:1998844k FS
[    7.588036] kauditd_printk_skb: 30 callbacks suppressed
[    7.588038] audit: type=1400 audit(1768315841.444:41): apparmor="DENIED" operation="capable" profile="/usr/sbin/cups-browsed" pid=508 comm="cups-browsed" capability=23  capname="sys_nice"
[    9.038089] pcnet32 0000:00:03.0 enp0s3: link up, 100Mbps, full-duplex
[    9.063230] e1000: enp0s8 NIC Link is Up 1000 Mbps Full Duplex, Flow Control: RX
[    9.063560] IPv6: ADDRCONF(NETDEV_CHANGE): enp0s8: link becomes ready
[    9.099851] e1000: enp0s9 NIC Link is Up 1000 Mbps Full Duplex, Flow Control: RX
[    9.100775] IPv6: ADDRCONF(NETDEV_CHANGE): enp0s9: link becomes ready
[    9.750118] device enp0s3 entered promiscuous mode
[    9.797487] audit: type=1400 audit(1768315843.652:42): apparmor="DENIED" operation="open" profile="/usr/sbin/tcpdump" name="/proc/sys/kernel/random/boot_id" pid=629 comm="tcpdump" requested_mask="r" denied_mask="r" fsuid=0 ouid=0
[    9.797714] audit: type=1400 audit(1768315843.652:43): apparmor="DENIED" operation="open" profile="/usr/sbin/tcpdump" name="/proc/sys/kernel/random/boot_id" pid=629 comm="tcpdump" requested_mask="r" denied_mask="r" fsuid=0 ouid=0
[    9.797769] audit: type=1400 audit(1768315843.652:44): apparmor="DENIED" operation="open" profile="/usr/sbin/tcpdump" name="/proc/sys/kernel/random/boot_id" pid=629 comm="tcpdump" requested_mask="r" denied_mask="r" fsuid=0 ouid=0
[    9.797937] audit: type=1400 audit(1768315843.652:45): apparmor="DENIED" operation="open" profile="/usr/sbin/tcpdump" name="/proc/sys/kernel/random/boot_id" pid=629 comm="tcpdump" requested_mask="r" denied_mask="r" fsuid=0 ouid=0
[    9.802332] audit: type=1400 audit(1768315843.660:46): apparmor="DENIED" operation="open" profile="/usr/sbin/tcpdump" name="/proc/sys/kernel/random/boot_id" pid=630 comm="tcpdump" requested_mask="r" denied_mask="r" fsuid=0 ouid=0
[    9.804275] audit: type=1400 audit(1768315843.660:47): apparmor="DENIED" operation="open" profile="/usr/sbin/tcpdump" name="/proc/sys/kernel/random/boot_id" pid=630 comm="tcpdump" requested_mask="r" denied_mask="r" fsuid=0 ouid=0
[    9.804318] audit: type=1400 audit(1768315843.660:48): apparmor="DENIED" operation="open" profile="/usr/sbin/tcpdump" name="/proc/sys/kernel/random/boot_id" pid=630 comm="tcpdump" requested_mask="r" denied_mask="r" fsuid=0 ouid=0
[    9.804411] audit: type=1400 audit(1768315843.660:49): apparmor="DENIED" operation="open" profile="/usr/sbin/tcpdump" name="/proc/sys/kernel/random/boot_id" pid=630 comm="tcpdump" requested_mask="r" denied_mask="r" fsuid=0 ouid=0
[   15.848974] rfkill: input handler disabled
[  142.964392] rfkill: input handler enabled
[  151.741974] rfkill: input handler disabled
[  272.727069] AAAAA-TCP_SEND: name:enp0s3: saddr:100932208: daddr:16783984: srtt_us:0: RTT:0: ssthresh:2147483647: cwnd:10: delivered:0: lost:1: retrans:0
[  273.559996] AAAAA-TCP_SEND: name:enp0s3: saddr:100932208: daddr:16783984: srtt_us:0: RTT:0: ssthresh:-1: cwnd:-2060506064: delivered:0: lost:0: retrans:1930395648
[  278.359923] AAAAA-TCP_SEND: name:enp0s3: saddr:100932208: daddr:16783984: srtt_us:0: RTT:0: ssthresh:2147483647: cwnd:10: delivered:0: lost:0: retrans:0
[  278.785899] AAAAA-TCP_RECV: name:enp0s3: saddr:16783984: daddr:100932208: srtt_us:0: RTT:0: ssthresh:2147483647: cwnd:10: delivered:0: lost:0: retrans:0
[  278.785969] AAAAA-TCP_SEND: name:enp0s3: saddr:100932208: daddr:16783984: srtt_us:3408048: RTT:426006: ssthresh:2147483647: cwnd:10: delivered:1: lost:0: retrans:0
[  278.786362] AAAAA-TCP_SEND: name:enp0s3: saddr:100932208: daddr:16783984: srtt_us:3408048: RTT:426006: ssthresh:2147483647: cwnd:10: delivered:1: lost:0: retrans:0
[  279.101016] AAAAA-TCP_RECV: name:enp0s3: saddr:16783984: daddr:100932208: srtt_us:3408048: RTT:426006: ssthresh:2147483647: cwnd:10: delivered:1: lost:0: retrans:0
[  279.154656] AAAAA-TCP_RECV: name:enp0s3: saddr:16783984: daddr:100932208: srtt_us:3408048: RTT:426006: ssthresh:2147483647: cwnd:10: delivered:1: lost:0: retrans:0
[  279.154765] AAAAA-TCP_SEND: name:enp0s3: saddr:100932208: daddr:33561200: srtt_us:0: RTT:0: ssthresh:2147483647: cwnd:10: delivered:0: lost:0: retrans:0
[  279.183950] AAAAA-TCP_RECV: name:enp0s3: saddr:16783984: daddr:100932208: srtt_us:3350363: RTT:418795: ssthresh:2147483647: cwnd:10: delivered:2: lost:0: retrans:0
[  279.183982] AAAAA-TCP_SEND: name:enp0s3: saddr:100932208: daddr:16783984: srtt_us:3350363: RTT:418795: ssthresh:2147483647: cwnd:10: delivered:2: lost:0: retrans:0
[  279.184143] AAAAA-TCP_SEND: name:enp0s3: saddr:100932208: daddr:16783984: srtt_us:3350363: RTT:418795: ssthresh:2147483647: cwnd:10: delivered:2: lost:0: retrans:0
[  279.477441] AAAAA-TCP_RECV: name:enp0s3: saddr:33561200: daddr:100932208: srtt_us:0: RTT:0: ssthresh:2147483647: cwnd:10: delivered:0: lost:0: retrans:0
[  279.477490] AAAAA-TCP_SEND: name:enp0s3: saddr:100932208: daddr:33561200: srtt_us:2581640: RTT:322705: ssthresh:2147483647: cwnd:10: delivered:1: lost:0: retrans:0
[  279.539538] AAAAA-TCP_RECV: name:enp0s3: saddr:16783984: daddr:100932208: srtt_us:3350363: RTT:418795: ssthresh:2147483647: cwnd:10: delivered:2: lost:0: retrans:0
[  279.539569] AAAAA-TCP_SEND: name:enp0s3: saddr:100932208: daddr:16783984: srtt_us:3350363: RTT:418795: ssthresh:2147483647: cwnd:10: delivered:2: lost:0: retrans:0
[  279.846540] AAAAA-TCP_RECV: name:enp0s3: saddr:33561200: daddr:100932208: srtt_us:2581640: RTT:322705: ssthresh:2147483647: cwnd:10: delivered:1: lost:0: retrans:0
[  280.041787] AAAAA-TCP_RECV: name:enp0s3: saddr:16783984: daddr:100932208: srtt_us:3286991: RTT:410873: ssthresh:2147483647: cwnd:10: delivered:3: lost:0: retrans:0
[  280.148007] AAAAA-TCP_RECV: name:enp0s3: saddr:16783984: daddr:100932208: srtt_us:3378361: RTT:422295: ssthresh:2147483647: cwnd:10: delivered:4: lost:0: retrans:0
[  280.865576] AAAAA-TCP_SEND: name:enp0s3: saddr:100932208: daddr:16783984: srtt_us:3378361: RTT:422295: ssthresh:2147483647: cwnd:10: delivered:4: lost:0: retrans:0
[  280.865608] AAAAA-TCP_SEND: name:enp0s3: saddr:100932208: daddr:16783984: srtt_us:0: RTT:0: ssthresh:2147483647: cwnd:10: delivered:0: lost:0: retrans:0
[  281.167191] AAAAA-TCP_SEND: name:enp0s3: saddr:100932208: daddr:16783984: srtt_us:0: RTT:0: ssthresh:7: cwnd:1: delivered:0: lost:1: retrans:1
[  281.827821] AAAAA-TCP_RECV: name:enp0s3: saddr:16783984: daddr:100932208: srtt_us:3378361: RTT:422295: ssthresh:2147483647: cwnd:10: delivered:4: lost:0: retrans:0
[  281.827852] AAAAA-TCP_SEND: name:enp0s3: saddr:100932208: daddr:16783984: srtt_us:3378361: RTT:422295: ssthresh:2147483647: cwnd:10: delivered:4: lost:0: retrans:0
[  282.305905] AAAAA-TCP_RECV: name:enp0s3: saddr:16783984: daddr:100932208: srtt_us:3378361: RTT:422295: ssthresh:2147483647: cwnd:10: delivered:4: lost:0: retrans:0
[  282.305964] AAAAA-TCP_SEND: name:enp0s3: saddr:100932208: daddr:16783984: srtt_us:3378361: RTT:422295: ssthresh:2147483647: cwnd:10: delivered:4: lost:0: retrans:0
[  282.549296] AAAAA-TCP_RECV: name:enp0s3: saddr:16783984: daddr:100932208: srtt_us:0: RTT:0: ssthresh:7: cwnd:1: delivered:0: lost:1: retrans:1
[  282.549418] AAAAA-TCP_SEND: name:enp0s3: saddr:100932208: daddr:16783984: srtt_us:11056000: RTT:1382000: ssthresh:2147483647: cwnd:10: delivered:1: lost:1: retrans:1
[  282.550762] AAAAA-TCP_SEND: name:enp0s3: saddr:100932208: daddr:16783984: srtt_us:11056000: RTT:1382000: ssthresh:2147483647: cwnd:10: delivered:1: lost:1: retrans:1
[  282.690461] AAAAA-TCP_RECV: name:enp0s3: saddr:33561200: daddr:100932208: srtt_us:2581640: RTT:322705: ssthresh:2147483647: cwnd:10: delivered:1: lost:0: retrans:0
[  282.690483] AAAAA-TCP_SEND: name:enp0s3: saddr:100932208: daddr:33561200: srtt_us:2581640: RTT:322705: ssthresh:2147483647: cwnd:10: delivered:1: lost:0: retrans:0
[  282.735084] AAAAA-TCP_RECV: name:enp0s3: saddr:33561200: daddr:100932208: srtt_us:2581640: RTT:322705: ssthresh:2147483647: cwnd:10: delivered:1: lost:0: retrans:0
[  282.735094] AAAAA-TCP_SEND: name:enp0s3: saddr:100932208: daddr:33561200: srtt_us:2581640: RTT:322705: ssthresh:2147483647: cwnd:10: delivered:1: lost:0: retrans:0
[  282.811960] AAAAA-TCP_RECV: name:enp0s3: saddr:16783984: daddr:100932208: srtt_us:11056000: RTT:1382000: ssthresh:2147483647: cwnd:10: delivered:1: lost:1: retrans:1
[  283.001474] AAAAA-TCP_RECV: name:enp0s3: saddr:16783984: daddr:100932208: srtt_us:11056000: RTT:1382000: ssthresh:2147483647: cwnd:10: delivered:1: lost:1: retrans:1
[  283.001484] AAAAA-TCP_SEND: name:enp0s3: saddr:100932208: daddr:16783984: srtt_us:11056000: RTT:1382000: ssthresh:2147483647: cwnd:10: delivered:1: lost:1: retrans:1
[  283.145402] AAAAA-TCP_RECV: name:enp0s3: saddr:16783984: daddr:100932208: srtt_us:11056000: RTT:1382000: ssthresh:2147483647: cwnd:10: delivered:1: lost:1: retrans:1
[  283.256603] AAAAA-TCP_RECV: name:enp0s3: saddr:33561200: daddr:100932208: srtt_us:2581640: RTT:322705: ssthresh:2147483647: cwnd:10: delivered:1: lost:0: retrans:0
[  283.256615] AAAAA-TCP_SEND: name:enp0s3: saddr:100932208: daddr:33561200: srtt_us:2581640: RTT:322705: ssthresh:2147483647: cwnd:10: delivered:1: lost:0: retrans:0
[  283.325733] AAAAA-TCP_RECV: name:enp0s3: saddr:16783984: daddr:100932208: srtt_us:11056000: RTT:1382000: ssthresh:2147483647: cwnd:10: delivered:1: lost:1: retrans:1
[  283.325792] AAAAA-TCP_SEND: name:enp0s3: saddr:100932208: daddr:33561200: srtt_us:0: RTT:0: ssthresh:2147483647: cwnd:10: delivered:0: lost:0: retrans:0
[  283.364625] AAAAA-TCP_RECV: name:enp0s3: saddr:16783984: daddr:100932208: srtt_us:3378361: RTT:422295: ssthresh:2147483647: cwnd:10: delivered:4: lost:0: retrans:0
[  283.364637] AAAAA-TCP_SEND: name:enp0s3: saddr:100932208: daddr:16783984: srtt_us:3378361: RTT:422295: ssthresh:2147483647: cwnd:10: delivered:4: lost:0: retrans:0
[  283.644670] AAAAA-TCP_RECV: name:enp0s3: saddr:33561200: daddr:100932208: srtt_us:0: RTT:0: ssthresh:2147483647: cwnd:10: delivered:0: lost:0: retrans:0
[  283.644695] AAAAA-TCP_SEND: name:enp0s3: saddr:100932208: daddr:33561200: srtt_us:2551080: RTT:318885: ssthresh:2147483647: cwnd:10: delivered:1: lost:0: retrans:0
[  283.706807] AAAAA-TCP_RECV: name:enp0s3: saddr:33561200: daddr:100932208: srtt_us:2581640: RTT:322705: ssthresh:2147483647: cwnd:10: delivered:1: lost:0: retrans:0
[  283.706821] AAAAA-TCP_SEND: name:enp0s3: saddr:100932208: daddr:33561200: srtt_us:2581640: RTT:322705: ssthresh:2147483647: cwnd:10: delivered:1: lost:0: retrans:0
[  283.706871] AAAAA-TCP_SEND: name:enp0s3: saddr:100932208: daddr:16783984: srtt_us:10448987: RTT:1306123: ssthresh:2147483647: cwnd:10: delivered:2: lost:1: retrans:1
[  283.706986] AAAAA-TCP_SEND: name:enp0s3: saddr:100932208: daddr:16783984: srtt_us:10448987: RTT:1306123: ssthresh:2147483647: cwnd:10: delivered:2: lost:1: retrans:1
[  283.707000] AAAAA-TCP_SEND: name:enp0s3: saddr:100932208: daddr:16783984: srtt_us:10448987: RTT:1306123: ssthresh:2147483647: cwnd:10: delivered:2: lost:1: retrans:1
[  283.707091] AAAAA-TCP_SEND: name:enp0s3: saddr:100932208: daddr:16783984: srtt_us:10448987: RTT:1306123: ssthresh:2147483647: cwnd:10: delivered:2: lost:1: retrans:1
[  283.707106] AAAAA-TCP_SEND: name:enp0s3: saddr:100932208: daddr:16783984: srtt_us:10448987: RTT:1306123: ssthresh:2147483647: cwnd:10: delivered:2: lost:1: retrans:1
[  283.708098] AAAAA-TCP_SEND: name:enp0s3: saddr:100932208: daddr:16783984: srtt_us:10448987: RTT:1306123: ssthresh:2147483647: cwnd:10: delivered:2: lost:1: retrans:1
[  283.708124] AAAAA-TCP_SEND: name:enp0s3: saddr:100932208: daddr:16783984: srtt_us:10448987: RTT:1306123: ssthresh:2147483647: cwnd:10: delivered:2: lost:1: retrans:1
[  283.708229] AAAAA-TCP_SEND: name:enp0s3: saddr:100932208: daddr:16783984: srtt_us:10448987: RTT:1306123: ssthresh:2147483647: cwnd:10: delivered:2: lost:1: retrans:1
[  283.708244] AAAAA-TCP_SEND: name:enp0s3: saddr:100932208: daddr:16783984: srtt_us:10448987: RTT:1306123: ssthresh:2147483647: cwnd:10: delivered:2: lost:1: retrans:1
[  283.708327] AAAAA-TCP_SEND: name:enp0s3: saddr:100932208: daddr:16783984: srtt_us:10448987: RTT:1306123: ssthresh:2147483647: cwnd:10: delivered:2: lost:1: retrans:1
[  284.327161] AAAAA-TCP_RECV: name:enp0s3: saddr:33561200: daddr:100932208: srtt_us:2551080: RTT:318885: ssthresh:2147483647: cwnd:10: delivered:1: lost:0: retrans:0
[  284.327210] AAAAA-TCP_SEND: name:enp0s3: saddr:100932208: daddr:33561200: srtt_us:2551080: RTT:318885: ssthresh:2147483647: cwnd:10: delivered:1: lost:0: retrans:0
[  284.327249] AAAAA-TCP_SEND: name:enp0s3: saddr:100932208: daddr:33561200: srtt_us:2551080: RTT:318885: ssthresh:2147483647: cwnd:10: delivered:1: lost:0: retrans:0
[  284.328101] AAAAA-TCP_SEND: name:enp0s3: saddr:100932208: daddr:33561200: srtt_us:2551080: RTT:318885: ssthresh:2147483647: cwnd:10: delivered:1: lost:0: retrans:0
[  284.328121] AAAAA-TCP_SEND: name:enp0s3: saddr:100932208: daddr:33561200: srtt_us:2551080: RTT:318885: ssthresh:2147483647: cwnd:10: delivered:1: lost:0: retrans:0
[  284.328225] AAAAA-TCP_SEND: name:enp0s3: saddr:100932208: daddr:33561200: srtt_us:2551080: RTT:318885: ssthresh:2147483647: cwnd:10: delivered:1: lost:0: retrans:0
[  284.328239] AAAAA-TCP_SEND: name:enp0s3: saddr:100932208: daddr:33561200: srtt_us:2551080: RTT:318885: ssthresh:2147483647: cwnd:10: delivered:1: lost:0: retrans:0
[  284.328322] AAAAA-TCP_SEND: name:enp0s3: saddr:100932208: daddr:33561200: srtt_us:2551080: RTT:318885: ssthresh:2147483647: cwnd:10: delivered:1: lost:0: retrans:0
[  284.328335] AAAAA-TCP_SEND: name:enp0s3: saddr:100932208: daddr:33561200: srtt_us:2551080: RTT:318885: ssthresh:2147483647: cwnd:10: delivered:1: lost:0: retrans:0
[  284.328426] AAAAA-TCP_SEND: name:enp0s3: saddr:100932208: daddr:33561200: srtt_us:2551080: RTT:318885: ssthresh:2147483647: cwnd:10: delivered:1: lost:0: retrans:0
[  284.328439] AAAAA-TCP_SEND: name:enp0s3: saddr:100932208: daddr:33561200: srtt_us:2551080: RTT:318885: ssthresh:2147483647: cwnd:10: delivered:1: lost:0: retrans:0
[  284.594141] AAAAA-TCP_RECV: name:enp0s3: saddr:16783984: daddr:100932208: srtt_us:10448987: RTT:1306123: ssthresh:2147483647: cwnd:10: delivered:2: lost:1: retrans:1
[  284.698594] AAAAA-TCP_RECV: name:enp0s3: saddr:16783984: daddr:100932208: srtt_us:10030159: RTT:1253769: ssthresh:2147483647: cwnd:11: delivered:3: lost:1: retrans:1
[  284.855605] AAAAA-TCP_RECV: name:enp0s3: saddr:16783984: daddr:100932208: srtt_us:9768019: RTT:1221002: ssthresh:2147483647: cwnd:12: delivered:4: lost:1: retrans:1
[  285.006133] AAAAA-TCP_RECV: name:enp0s3: saddr:16783984: daddr:100932208: srtt_us:9695645: RTT:1211955: ssthresh:2147483647: cwnd:13: delivered:5: lost:1: retrans:1
[  285.007175] AAAAA-TCP_SEND: name:enp0s3: saddr:100932208: daddr:33561200: srtt_us:2551080: RTT:318885: ssthresh:2147483647: cwnd:10: delivered:1: lost:0: retrans:1
[  285.110197] AAAAA-TCP_RECV: name:enp0s3: saddr:16783984: daddr:100932208: srtt_us:9782736: RTT:1222842: ssthresh:2147483647: cwnd:14: delivered:6: lost:1: retrans:1
[  285.293309] AAAAA-TCP_RECV: name:enp0s3: saddr:16783984: daddr:100932208: srtt_us:9963002: RTT:1245375: ssthresh:2147483647: cwnd:15: delivered:7: lost:1: retrans:1
[  285.460848] AAAAA-TCP_RECV: name:enp0s3: saddr:16783984: daddr:100932208: srtt_us:10302844: RTT:1287855: ssthresh:2147483647: cwnd:16: delivered:8: lost:1: retrans:1
[  285.572353] AAAAA-TCP_RECV: name:enp0s3: saddr:16783984: daddr:100932208: srtt_us:10767734: RTT:1345966: ssthresh:2147483647: cwnd:17: delivered:9: lost:1: retrans:1
[  285.754828] AAAAA-TCP_RECV: name:enp0s3: saddr:16783984: daddr:100932208: srtt_us:11285913: RTT:1410739: ssthresh:2147483647: cwnd:18: delivered:10: lost:1: retrans:1
[  285.799390] AAAAA-TCP_RECV: name:enp0s3: saddr:16783984: daddr:100932208: srtt_us:11921762: RTT:1490220: ssthresh:2147483647: cwnd:19: delivered:11: lost:1: retrans:1
[  285.893271] AAAAA-TCP_RECV: name:enp0s3: saddr:33561200: daddr:100932208: srtt_us:2551080: RTT:318885: ssthresh:2147483647: cwnd:10: delivered:1: lost:0: retrans:1
[  285.893373] AAAAA-TCP_SEND: name:enp0s3: saddr:100932208: daddr:33561200: srtt_us:3798302: RTT:474787: ssthresh:2147483647: cwnd:11: delivered:2: lost:0: retrans:1
[  285.893472] AAAAA-TCP_SEND: name:enp0s3: saddr:100932208: daddr:33561200: srtt_us:3798302: RTT:474787: ssthresh:2147483647: cwnd:11: delivered:2: lost:0: retrans:1
[  285.953993] AAAAA-TCP_RECV: name:enp0s3: saddr:33561200: daddr:100932208: srtt_us:3798302: RTT:474787: ssthresh:2147483647: cwnd:11: delivered:2: lost:0: retrans:1
[  285.954044] AAAAA-TCP_SEND: name:enp0s3: saddr:100932208: daddr:33561200: srtt_us:4950323: RTT:618790: ssthresh:2147483647: cwnd:12: delivered:3: lost:0: retrans:1
[  285.954076] AAAAA-TCP_SEND: name:enp0s3: saddr:100932208: daddr:33561200: srtt_us:4950323: RTT:618790: ssthresh:2147483647: cwnd:12: delivered:3: lost:0: retrans:1
[  286.140974] AAAAA-TCP_RECV: name:enp0s3: saddr:33561200: daddr:100932208: srtt_us:4950323: RTT:618790: ssthresh:2147483647: cwnd:12: delivered:3: lost:0: retrans:1
[  286.141025] AAAAA-TCP_SEND: name:enp0s3: saddr:100932208: daddr:33561200: srtt_us:6144431: RTT:768053: ssthresh:2147483647: cwnd:13: delivered:4: lost:0: retrans:1
[  286.141055] AAAAA-TCP_SEND: name:enp0s3: saddr:100932208: daddr:33561200: srtt_us:6144431: RTT:768053: ssthresh:2147483647: cwnd:13: delivered:4: lost:0: retrans:1
[  286.187243] AAAAA-TCP_RECV: name:enp0s3: saddr:33561200: daddr:100932208: srtt_us:6144431: RTT:768053: ssthresh:2147483647: cwnd:13: delivered:4: lost:0: retrans:1
[  286.187327] AAAAA-TCP_SEND: name:enp0s3: saddr:100932208: daddr:33561200: srtt_us:7235531: RTT:904441: ssthresh:2147483647: cwnd:14: delivered:5: lost:0: retrans:1
[  286.187398] AAAAA-TCP_SEND: name:enp0s3: saddr:100932208: daddr:33561200: srtt_us:7235531: RTT:904441: ssthresh:2147483647: cwnd:14: delivered:5: lost:0: retrans:1
[  286.230704] AAAAA-TCP_RECV: name:enp0s3: saddr:33561200: daddr:100932208: srtt_us:7235531: RTT:904441: ssthresh:2147483647: cwnd:14: delivered:5: lost:0: retrans:1
[  286.230792] AAAAA-TCP_SEND: name:enp0s3: saddr:100932208: daddr:33561200: srtt_us:8233608: RTT:1029201: ssthresh:2147483647: cwnd:15: delivered:6: lost:0: retrans:1
[  286.230931] AAAAA-TCP_SEND: name:enp0s3: saddr:100932208: daddr:33561200: srtt_us:8233608: RTT:1029201: ssthresh:2147483647: cwnd:15: delivered:6: lost:0: retrans:1
[  286.338923] AAAAA-TCP_RECV: name:enp0s3: saddr:33561200: daddr:100932208: srtt_us:8233608: RTT:1029201: ssthresh:2147483647: cwnd:15: delivered:6: lost:0: retrans:1
[  286.338978] AAAAA-TCP_SEND: name:enp0s3: saddr:100932208: daddr:33561200: srtt_us:9215110: RTT:1151888: ssthresh:2147483647: cwnd:16: delivered:7: lost:0: retrans:1
[  286.339019] AAAAA-TCP_SEND: name:enp0s3: saddr:100932208: daddr:33561200: srtt_us:9215110: RTT:1151888: ssthresh:2147483647: cwnd:16: delivered:7: lost:0: retrans:1
[  286.388622] AAAAA-TCP_RECV: name:enp0s3: saddr:33561200: daddr:100932208: srtt_us:9215110: RTT:1151888: ssthresh:2147483647: cwnd:16: delivered:7: lost:0: retrans:1
[  286.388716] AAAAA-TCP_SEND: name:enp0s3: saddr:100932208: daddr:33561200: srtt_us:10123528: RTT:1265441: ssthresh:2147483647: cwnd:17: delivered:8: lost:0: retrans:1
[  286.388760] AAAAA-TCP_SEND: name:enp0s3: saddr:100932208: daddr:33561200: srtt_us:10123528: RTT:1265441: ssthresh:2147483647: cwnd:17: delivered:8: lost:0: retrans:1
[  286.388926] AAAAA-TCP_SEND: name:enp0s3: saddr:100932208: daddr:16783984: srtt_us:12522644: RTT:1565330: ssthresh:2147483647: cwnd:20: delivered:12: lost:1: retrans:1
[  286.388965] AAAAA-TCP_SEND: name:enp0s3: saddr:100932208: daddr:16783984: srtt_us:12522644: RTT:1565330: ssthresh:2147483647: cwnd:20: delivered:12: lost:1: retrans:1
[  286.389146] AAAAA-TCP_SEND: name:enp0s3: saddr:100932208: daddr:16783984: srtt_us:12522644: RTT:1565330: ssthresh:2147483647: cwnd:20: delivered:12: lost:1: retrans:1
[  286.389182] AAAAA-TCP_SEND: name:enp0s3: saddr:100932208: daddr:16783984: srtt_us:12522644: RTT:1565330: ssthresh:2147483647: cwnd:20: delivered:12: lost:1: retrans:1
[  286.389351] AAAAA-TCP_SEND: name:enp0s3: saddr:100932208: daddr:16783984: srtt_us:12522644: RTT:1565330: ssthresh:2147483647: cwnd:20: delivered:12: lost:1: retrans:1
[  286.389381] AAAAA-TCP_SEND: name:enp0s3: saddr:100932208: daddr:16783984: srtt_us:12522644: RTT:1565330: ssthresh:2147483647: cwnd:20: delivered:12: lost:1: retrans:1
[  286.389525] AAAAA-TCP_SEND: name:enp0s3: saddr:100932208: daddr:16783984: srtt_us:12522644: RTT:1565330: ssthresh:2147483647: cwnd:20: delivered:12: lost:1: retrans:1
[  286.389553] AAAAA-TCP_SEND: name:enp0s3: saddr:100932208: daddr:16783984: srtt_us:12522644: RTT:1565330: ssthresh:2147483647: cwnd:20: delivered:12: lost:1: retrans:1
[  286.389694] AAAAA-TCP_SEND: name:enp0s3: saddr:100932208: daddr:16783984: srtt_us:12522644: RTT:1565330: ssthresh:2147483647: cwnd:20: delivered:12: lost:1: retrans:1
[  286.389726] AAAAA-TCP_SEND: name:enp0s3: saddr:100932208: daddr:16783984: srtt_us:12522644: RTT:1565330: ssthresh:2147483647: cwnd:20: delivered:12: lost:1: retrans:1
[  286.389968] AAAAA-TCP_SEND: name:enp0s3: saddr:100932208: daddr:16783984: srtt_us:12522644: RTT:1565330: ssthresh:2147483647: cwnd:20: delivered:12: lost:1: retrans:1
[  286.390002] AAAAA-TCP_SEND: name:enp0s3: saddr:100932208: daddr:16783984: srtt_us:12522644: RTT:1565330: ssthresh:2147483647: cwnd:20: delivered:12: lost:1: retrans:1
[  286.390238] AAAAA-TCP_SEND: name:enp0s3: saddr:100932208: daddr:16783984: srtt_us:12522644: RTT:1565330: ssthresh:2147483647: cwnd:20: delivered:12: lost:1: retrans:1
[  286.390281] AAAAA-TCP_SEND: name:enp0s3: saddr:100932208: daddr:16783984: srtt_us:12522644: RTT:1565330: ssthresh:2147483647: cwnd:20: delivered:12: lost:1: retrans:1
[  286.390489] AAAAA-TCP_SEND: name:enp0s3: saddr:100932208: daddr:16783984: srtt_us:12522644: RTT:1565330: ssthresh:2147483647: cwnd:20: delivered:12: lost:1: retrans:1
[  286.390525] AAAAA-TCP_SEND: name:enp0s3: saddr:100932208: daddr:16783984: srtt_us:12522644: RTT:1565330: ssthresh:2147483647: cwnd:20: delivered:12: lost:1: retrans:1
[  286.390748] AAAAA-TCP_SEND: name:enp0s3: saddr:100932208: daddr:16783984: srtt_us:12522644: RTT:1565330: ssthresh:2147483647: cwnd:20: delivered:12: lost:1: retrans:1
[  286.390781] AAAAA-TCP_SEND: name:enp0s3: saddr:100932208: daddr:16783984: srtt_us:12522644: RTT:1565330: ssthresh:2147483647: cwnd:20: delivered:12: lost:1: retrans:1
[  286.390927] AAAAA-TCP_SEND: name:enp0s3: saddr:100932208: daddr:16783984: srtt_us:12522644: RTT:1565330: ssthresh:2147483647: cwnd:20: delivered:12: lost:1: retrans:1
[  286.390955] AAAAA-TCP_SEND: name:enp0s3: saddr:100932208: daddr:16783984: srtt_us:12522644: RTT:1565330: ssthresh:2147483647: cwnd:20: delivered:12: lost:1: retrans:1
[  286.523161] AAAAA-TCP_RECV: name:enp0s3: saddr:33561200: daddr:100932208: srtt_us:10123528: RTT:1265441: ssthresh:2147483647: cwnd:17: delivered:8: lost:0: retrans:1
[  286.523215] AAAAA-TCP_SEND: name:enp0s3: saddr:100932208: daddr:33561200: srtt_us:11052950: RTT:1381618: ssthresh:2147483647: cwnd:18: delivered:9: lost:0: retrans:1
[  286.523244] AAAAA-TCP_SEND: name:enp0s3: saddr:100932208: daddr:33561200: srtt_us:11052950: RTT:1381618: ssthresh:2147483647: cwnd:18: delivered:9: lost:0: retrans:1
[  287.008996] AAAAA-TCP_RECV: name:enp0s3: saddr:33561200: daddr:100932208: srtt_us:11052950: RTT:1381618: ssthresh:2147483647: cwnd:18: delivered:9: lost:0: retrans:1
[  287.009062] AAAAA-TCP_SEND: name:enp0s3: saddr:100932208: daddr:33561200: srtt_us:12351932: RTT:1543991: ssthresh:2147483647: cwnd:19: delivered:10: lost:0: retrans:1
[  287.009099] AAAAA-TCP_SEND: name:enp0s3: saddr:100932208: daddr:33561200: srtt_us:12351932: RTT:1543991: ssthresh:2147483647: cwnd:19: delivered:10: lost:0: retrans:1
[  287.076002] AAAAA-TCP_RECV: name:enp0s3: saddr:33561200: daddr:100932208: srtt_us:12351932: RTT:1543991: ssthresh:2147483647: cwnd:19: delivered:10: lost:0: retrans:1
[  287.076052] AAAAA-TCP_SEND: name:enp0s3: saddr:100932208: daddr:33561200: srtt_us:13554941: RTT:1694367: ssthresh:2147483647: cwnd:20: delivered:11: lost:0: retrans:1
[  287.129981] AAAAA-TCP_RECV: name:enp0s3: saddr:33561200: daddr:100932208: srtt_us:13554941: RTT:1694367: ssthresh:2147483647: cwnd:20: delivered:11: lost:0: retrans:1
[  288.174558] AAAAA-TCP_RECV: name:enp0s3: saddr:33561200: daddr:100932208: srtt_us:13554941: RTT:1694367: ssthresh:2147483647: cwnd:20: delivered:12: lost:0: retrans:1
[  288.174592] AAAAA-TCP_SEND: name:enp0s3: saddr:100932208: daddr:33561200: srtt_us:13554941: RTT:1694367: ssthresh:2147483647: cwnd:20: delivered:12: lost:0: retrans:1
[  288.174629] AAAAA-TCP_SEND: name:enp0s3: saddr:100932208: daddr:33561200: srtt_us:14141802: RTT:1767725: ssthresh:2147483647: cwnd:21: delivered:13: lost:0: retrans:1
[  288.306827] AAAAA-TCP_RECV: name:enp0s3: saddr:33561200: daddr:100932208: srtt_us:14141802: RTT:1767725: ssthresh:2147483647: cwnd:21: delivered:13: lost:0: retrans:1
[  288.306863] AAAAA-TCP_SEND: name:enp0s3: saddr:100932208: daddr:33561200: srtt_us:14787554: RTT:1848444: ssthresh:2147483647: cwnd:22: delivered:14: lost:0: retrans:1
[  288.491229] AAAAA-TCP_RECV: name:enp0s3: saddr:33561200: daddr:100932208: srtt_us:14787554: RTT:1848444: ssthresh:2147483647: cwnd:22: delivered:14: lost:0: retrans:1
[  288.491285] AAAAA-TCP_SEND: name:enp0s3: saddr:100932208: daddr:33561200: srtt_us:15476321: RTT:1934540: ssthresh:2147483647: cwnd:23: delivered:15: lost:0: retrans:1
[  288.611588] AAAAA-TCP_RECV: name:enp0s3: saddr:33561200: daddr:100932208: srtt_us:15476321: RTT:1934540: ssthresh:2147483647: cwnd:23: delivered:15: lost:0: retrans:1
[  288.611641] AAAAA-TCP_SEND: name:enp0s3: saddr:100932208: daddr:33561200: srtt_us:16199352: RTT:2024919: ssthresh:2147483647: cwnd:24: delivered:16: lost:0: retrans:1
[  288.824664] AAAAA-TCP_RECV: name:enp0s3: saddr:33561200: daddr:100932208: srtt_us:16199352: RTT:2024919: ssthresh:2147483647: cwnd:24: delivered:16: lost:0: retrans:1
[  288.824708] AAAAA-TCP_SEND: name:enp0s3: saddr:100932208: daddr:33561200: srtt_us:16199352: RTT:2024919: ssthresh:2147483647: cwnd:24: delivered:16: lost:0: retrans:1
[  288.824748] AAAAA-TCP_SEND: name:enp0s3: saddr:100932208: daddr:33561200: srtt_us:16858115: RTT:2107264: ssthresh:24: cwnd:24: delivered:17: lost:0: retrans:1
[  288.964807] AAAAA-TCP_RECV: name:enp0s3: saddr:33561200: daddr:100932208: srtt_us:16858115: RTT:2107264: ssthresh:24: cwnd:24: delivered:17: lost:0: retrans:1
[  288.964851] AAAAA-TCP_SEND: name:enp0s3: saddr:100932208: daddr:33561200: srtt_us:17574658: RTT:2196832: ssthresh:24: cwnd:24: delivered:18: lost:0: retrans:1
[  289.137645] AAAAA-TCP_RECV: name:enp0s3: saddr:33561200: daddr:100932208: srtt_us:17574658: RTT:2196832: ssthresh:24: cwnd:24: delivered:18: lost:0: retrans:1
[  289.137690] AAAAA-TCP_SEND: name:enp0s3: saddr:100932208: daddr:33561200: srtt_us:18328181: RTT:2291022: ssthresh:24: cwnd:24: delivered:19: lost:0: retrans:1
[  289.324692] AAAAA-TCP_RECV: name:enp0s3: saddr:33561200: daddr:100932208: srtt_us:18328181: RTT:2291022: ssthresh:24: cwnd:24: delivered:19: lost:0: retrans:1
[  289.324727] AAAAA-TCP_SEND: name:enp0s3: saddr:100932208: daddr:33561200: srtt_us:18328181: RTT:2291022: ssthresh:24: cwnd:24: delivered:19: lost:0: retrans:1
[  289.324843] AAAAA-TCP_SEND: name:enp0s3: saddr:100932208: daddr:33561200: srtt_us:19174570: RTT:2396821: ssthresh:24: cwnd:24: delivered:20: lost:0: retrans:1
[  289.495017] AAAAA-TCP_RECV: name:enp0s3: saddr:33561200: daddr:100932208: srtt_us:19174570: RTT:2396821: ssthresh:24: cwnd:24: delivered:20: lost:0: retrans:1
[  289.495069] AAAAA-TCP_SEND: name:enp0s3: saddr:100932208: daddr:33561200: srtt_us:20042007: RTT:2505250: ssthresh:24: cwnd:24: delivered:21: lost:0: retrans:1
[  289.647173] AAAAA-TCP_SEND: name:enp0s3: saddr:100932208: daddr:16783984: srtt_us:12522644: RTT:1565330: ssthresh:2147483647: cwnd:20: delivered:12: lost:1: retrans:2
[  289.704255] AAAAA-TCP_RECV: name:enp0s3: saddr:33561200: daddr:100932208: srtt_us:20042007: RTT:2505250: ssthresh:24: cwnd:24: delivered:21: lost:0: retrans:1
[  289.704305] AAAAA-TCP_SEND: name:enp0s3: saddr:100932208: daddr:33561200: srtt_us:21010249: RTT:2626281: ssthresh:24: cwnd:25: delivered:23: lost:0: retrans:1
[  289.704327] AAAAA-TCP_SEND: name:enp0s3: saddr:100932208: daddr:33561200: srtt_us:21010249: RTT:2626281: ssthresh:24: cwnd:25: delivered:23: lost:0: retrans:1
[  289.796831] AAAAA-TCP_RECV: name:enp0s3: saddr:33561200: daddr:100932208: srtt_us:21010249: RTT:2626281: ssthresh:24: cwnd:25: delivered:23: lost:0: retrans:1
[  289.796876] AAAAA-TCP_SEND: name:enp0s3: saddr:100932208: daddr:33561200: srtt_us:21841851: RTT:2730231: ssthresh:24: cwnd:25: delivered:24: lost:0: retrans:1
[  289.853553] AAAAA-TCP_RECV: name:enp0s3: saddr:33561200: daddr:100932208: srtt_us:21841851: RTT:2730231: ssthresh:24: cwnd:25: delivered:24: lost:0: retrans:1
[  289.889809] AAAAA-TCP_RECV: name:enp0s3: saddr:33561200: daddr:100932208: srtt_us:22576486: RTT:2822060: ssthresh:24: cwnd:26: delivered:25: lost:0: retrans:1
[  290.131462] AAAAA-TCP_RECV: name:enp0s3: saddr:16783984: daddr:100932208: srtt_us:12522644: RTT:1565330: ssthresh:2147483647: cwnd:20: delivered:12: lost:1: retrans:2
[  290.131593] AAAAA-TCP_SEND: name:enp0s3: saddr:100932208: daddr:16783984: srtt_us:14699921: RTT:1837490: ssthresh:2147483647: cwnd:22: delivered:14: lost:1: retrans:2
[  290.131656] AAAAA-TCP_SEND: name:enp0s3: saddr:100932208: daddr:16783984: srtt_us:14699921: RTT:1837490: ssthresh:2147483647: cwnd:22: delivered:14: lost:1: retrans:2
[  290.239914] AAAAA-TCP_RECV: name:enp0s3: saddr:16783984: daddr:100932208: srtt_us:14699921: RTT:1837490: ssthresh:2147483647: cwnd:22: delivered:14: lost:1: retrans:2
[  290.239997] AAAAA-TCP_SEND: name:enp0s3: saddr:100932208: daddr:16783984: srtt_us:14699921: RTT:1837490: ssthresh:2147483647: cwnd:22: delivered:14: lost:1: retrans:2
[  290.240054] AAAAA-TCP_SEND: name:enp0s3: saddr:100932208: daddr:16783984: srtt_us:14699921: RTT:1837490: ssthresh:2147483647: cwnd:22: delivered:14: lost:1: retrans:2
[  290.241823] AAAAA-TCP_SEND: name:enp0s3: saddr:100932208: daddr:16783984: srtt_us:16713274: RTT:2089159: ssthresh:2147483647: cwnd:23: delivered:15: lost:1: retrans:2
[  290.241872] AAAAA-TCP_SEND: name:enp0s3: saddr:100932208: daddr:16783984: srtt_us:16713274: RTT:2089159: ssthresh:2147483647: cwnd:23: delivered:15: lost:1: retrans:2
[  290.305587] AAAAA-TCP_RECV: name:enp0s3: saddr:16783984: daddr:100932208: srtt_us:16713274: RTT:2089159: ssthresh:2147483647: cwnd:23: delivered:15: lost:1: retrans:2
[  290.305670] AAAAA-TCP_SEND: name:enp0s3: saddr:100932208: daddr:16783984: srtt_us:18540597: RTT:2317574: ssthresh:2147483647: cwnd:24: delivered:16: lost:1: retrans:2
[  290.305749] AAAAA-TCP_SEND: name:enp0s3: saddr:100932208: daddr:16783984: srtt_us:18540597: RTT:2317574: ssthresh:2147483647: cwnd:24: delivered:16: lost:1: retrans:2
[  290.488775] AAAAA-TCP_RECV: name:enp0s3: saddr:16783984: daddr:100932208: srtt_us:18540597: RTT:2317574: ssthresh:2147483647: cwnd:24: delivered:16: lost:1: retrans:2
[  290.488822] AAAAA-TCP_SEND: name:enp0s3: saddr:100932208: daddr:16783984: srtt_us:20322470: RTT:2540308: ssthresh:2147483647: cwnd:25: delivered:17: lost:1: retrans:2
[  290.488843] AAAAA-TCP_SEND: name:enp0s3: saddr:100932208: daddr:16783984: srtt_us:20322470: RTT:2540308: ssthresh:2147483647: cwnd:25: delivered:17: lost:1: retrans:2
[  290.651836] AAAAA-TCP_RECV: name:enp0s3: saddr:16783984: daddr:100932208: srtt_us:20322470: RTT:2540308: ssthresh:2147483647: cwnd:25: delivered:17: lost:1: retrans:2
[  290.651892] AAAAA-TCP_SEND: name:enp0s3: saddr:100932208: daddr:16783984: srtt_us:22044673: RTT:2755584: ssthresh:2147483647: cwnd:27: delivered:19: lost:1: retrans:2
[  290.651917] AAAAA-TCP_SEND: name:enp0s3: saddr:100932208: daddr:16783984: srtt_us:22044673: RTT:2755584: ssthresh:2147483647: cwnd:27: delivered:19: lost:1: retrans:2
[  290.748757] AAAAA-TCP_RECV: name:enp0s3: saddr:16783984: daddr:100932208: srtt_us:22044673: RTT:2755584: ssthresh:2147483647: cwnd:27: delivered:19: lost:1: retrans:2
[  290.748830] AAAAA-TCP_SEND: name:enp0s3: saddr:100932208: daddr:16783984: srtt_us:22044673: RTT:2755584: ssthresh:2147483647: cwnd:27: delivered:19: lost:1: retrans:2
[  290.748859] AAAAA-TCP_SEND: name:enp0s3: saddr:100932208: daddr:16783984: srtt_us:22044673: RTT:2755584: ssthresh:2147483647: cwnd:27: delivered:19: lost:1: retrans:2
[  290.748929] AAAAA-TCP_SEND: name:enp0s3: saddr:100932208: daddr:33561200: srtt_us:23255545: RTT:2906943: ssthresh:24: cwnd:26: delivered:26: lost:0: retrans:1
[  290.748950] AAAAA-TCP_SEND: name:enp0s3: saddr:100932208: daddr:33561200: srtt_us:23255545: RTT:2906943: ssthresh:24: cwnd:26: delivered:26: lost:0: retrans:1
[  290.750060] AAAAA-TCP_SEND: name:enp0s3: saddr:100932208: daddr:33561200: srtt_us:23255545: RTT:2906943: ssthresh:24: cwnd:26: delivered:26: lost:0: retrans:1
[  290.750086] AAAAA-TCP_SEND: name:enp0s3: saddr:100932208: daddr:16783984: srtt_us:23648393: RTT:2956049: ssthresh:2147483647: cwnd:29: delivered:21: lost:1: retrans:2
[  290.798000] AAAAA-TCP_RECV: name:enp0s3: saddr:16783984: daddr:100932208: srtt_us:23648393: RTT:2956049: ssthresh:2147483647: cwnd:29: delivered:21: lost:1: retrans:2
[  290.964278] AAAAA-TCP_RECV: name:enp0s3: saddr:16783984: daddr:100932208: srtt_us:25100656: RTT:3137582: ssthresh:2147483647: cwnd:30: delivered:22: lost:1: retrans:2
[  291.032151] AAAAA-TCP_RECV: name:enp0s3: saddr:16783984: daddr:100932208: srtt_us:26537415: RTT:3317176: ssthresh:2147483647: cwnd:32: delivered:24: lost:1: retrans:2
[  291.353355] AAAAA-TCP_RECV: name:enp0s3: saddr:16783984: daddr:100932208: srtt_us:27862183: RTT:3482772: ssthresh:32: cwnd:32: delivered:26: lost:1: retrans:2
[  291.382822] AAAAA-TCP_RECV: name:enp0s3: saddr:16783984: daddr:100932208: srtt_us:29342303: RTT:3667787: ssthresh:32: cwnd:32: delivered:28: lost:1: retrans:2
[  291.423081] AAAAA-TCP_RECV: name:enp0s3: saddr:16783984: daddr:100932208: srtt_us:30666599: RTT:3833324: ssthresh:32: cwnd:32: delivered:30: lost:1: retrans:2
[  291.544381] AAAAA-TCP_RECV: name:enp0s3: saddr:33561200: daddr:100932208: srtt_us:23255545: RTT:2906943: ssthresh:24: cwnd:26: delivered:26: lost:0: retrans:1
[  291.595535] AAAAA-TCP_RECV: name:enp0s3: saddr:33561200: daddr:100932208: srtt_us:25369791: RTT:3171223: ssthresh:24: cwnd:27: delivered:27: lost:0: retrans:1
[  291.851420] AAAAA-TCP_RECV: name:enp0s3: saddr:33561200: daddr:100932208: srtt_us:27270909: RTT:3408863: ssthresh:24: cwnd:27: delivered:28: lost:0: retrans:1
[  291.957113] AAAAA-TCP_RECV: name:enp0s3: saddr:33561200: daddr:100932208: srtt_us:28704431: RTT:3588053: ssthresh:24: cwnd:27: delivered:29: lost:0: retrans:1
[  292.063171] AAAAA-TCP_SEND: name:enp0s3: saddr:100932208: daddr:33561200: srtt_us:29997460: RTT:3749682: ssthresh:18: cwnd:19: delivered:30: lost:1: retrans:2
[  292.172265] AAAAA-TCP_RECV: name:enp0s3: saddr:33561200: daddr:100932208: srtt_us:29997460: RTT:3749682: ssthresh:18: cwnd:19: delivered:30: lost:1: retrans:2
[  292.323070] AAAAA-TCP_RECV: name:enp0s3: saddr:33561200: daddr:100932208: srtt_us:30245466: RTT:3780683: ssthresh:18: cwnd:18: delivered:31: lost:1: retrans:2
[  292.412372] AAAAA-TCP_RECV: name:enp0s3: saddr:33561200: daddr:100932208: srtt_us:30613246: RTT:3826655: ssthresh:18: cwnd:18: delivered:32: lost:1: retrans:2
[  292.658148] AAAAA-TCP_RECV: name:enp0s3: saddr:33561200: daddr:100932208: srtt_us:30892125: RTT:3861515: ssthresh:18: cwnd:17: delivered:33: lost:1: retrans:2
[  292.695758] AAAAA-TCP_RECV: name:enp0s3: saddr:33561200: daddr:100932208: srtt_us:31197497: RTT:3899687: ssthresh:18: cwnd:16: delivered:34: lost:1: retrans:2
[  292.732139] AAAAA-TCP_RECV: name:enp0s3: saddr:33561200: daddr:100932208: srtt_us:31381951: RTT:3922743: ssthresh:18: cwnd:15: delivered:35: lost:1: retrans:2
[  292.765013] AAAAA-TCP_RECV: name:enp0s3: saddr:33561200: daddr:100932208: srtt_us:31366661: RTT:3920832: ssthresh:18: cwnd:14: delivered:36: lost:1: retrans:2
[  292.793773] AAAAA-TCP_RECV: name:enp0s3: saddr:33561200: daddr:100932208: srtt_us:31386108: RTT:3923263: ssthresh:18: cwnd:13: delivered:37: lost:1: retrans:2
[  292.830333] AAAAA-TCP_RECV: name:enp0s3: saddr:33561200: daddr:100932208: srtt_us:31291785: RTT:3911473: ssthresh:18: cwnd:12: delivered:38: lost:1: retrans:2
[  292.863881] AAAAA-TCP_RECV: name:enp0s3: saddr:33561200: daddr:100932208: srtt_us:31072972: RTT:3884121: ssthresh:18: cwnd:11: delivered:39: lost:1: retrans:2
[  292.900244] AAAAA-TCP_RECV: name:enp0s3: saddr:33561200: daddr:100932208: srtt_us:30728027: RTT:3841003: ssthresh:18: cwnd:10: delivered:40: lost:1: retrans:2
[  292.970050] AAAAA-TCP_RECV: name:enp0s3: saddr:33561200: daddr:100932208: srtt_us:30462443: RTT:3807805: ssthresh:18: cwnd:9: delivered:41: lost:1: retrans:2
[  292.991261] AAAAA-TCP_RECV: name:enp0s3: saddr:16783984: daddr:100932208: srtt_us:31865275: RTT:3983159: ssthresh:32: cwnd:32: delivered:32: lost:1: retrans:2
[  293.011885] AAAAA-TCP_RECV: name:enp0s3: saddr:33561200: daddr:100932208: srtt_us:30129639: RTT:3766204: ssthresh:18: cwnd:8: delivered:42: lost:1: retrans:2
[  293.098465] AAAAA-TCP_RECV: name:enp0s3: saddr:33561200: daddr:100932208: srtt_us:29671033: RTT:3708879: ssthresh:18: cwnd:7: delivered:43: lost:1: retrans:2
[  293.152814] AAAAA-TCP_RECV: name:enp0s3: saddr:33561200: daddr:100932208: srtt_us:29356335: RTT:3669541: ssthresh:18: cwnd:6: delivered:44: lost:1: retrans:2
[  293.255123] AAAAA-TCP_RECV: name:enp0s3: saddr:16783984: daddr:100932208: srtt_us:31865275: RTT:3983159: ssthresh:32: cwnd:32: delivered:33: lost:1: retrans:2
[  293.301825] AAAAA-TCP_RECV: name:enp0s3: saddr:16783984: daddr:100932208: srtt_us:31005676: RTT:3875709: ssthresh:32: cwnd:33: delivered:34: lost:1: retrans:2
[  293.346413] AAAAA-TCP_RECV: name:enp0s3: saddr:16783984: daddr:100932208: srtt_us:30300229: RTT:3787528: ssthresh:32: cwnd:33: delivered:35: lost:1: retrans:2
[  293.397529] AAAAA-TCP_RECV: name:enp0s3: saddr:16783984: daddr:100932208: srtt_us:29619144: RTT:3702393: ssthresh:32: cwnd:34: delivered:36: lost:1: retrans:2
[  293.430073] AAAAA-TCP_RECV: name:enp0s3: saddr:16783984: daddr:100932208: srtt_us:29074310: RTT:3634288: ssthresh:32: cwnd:34: delivered:37: lost:1: retrans:2
[  293.460502] AAAAA-TCP_RECV: name:enp0s3: saddr:16783984: daddr:100932208: srtt_us:28628301: RTT:3578537: ssthresh:32: cwnd:34: delivered:38: lost:1: retrans:2
[  293.476465] AAAAA-TCP_RECV: name:enp0s3: saddr:16783984: daddr:100932208: srtt_us:28268461: RTT:3533557: ssthresh:32: cwnd:35: delivered:39: lost:1: retrans:2
[  293.520151] AAAAA-TCP_RECV: name:enp0s3: saddr:16783984: daddr:100932208: srtt_us:27905723: RTT:3488215: ssthresh:32: cwnd:35: delivered:40: lost:1: retrans:2
[  293.538089] AAAAA-TCP_RECV: name:enp0s3: saddr:16783984: daddr:100932208: srtt_us:27632013: RTT:3454001: ssthresh:32: cwnd:35: delivered:41: lost:1: retrans:2
[  293.597582] AAAAA-TCP_RECV: name:enp0s3: saddr:16783984: daddr:100932208: srtt_us:27227297: RTT:3403412: ssthresh:32: cwnd:36: delivered:42: lost:1: retrans:2
[  293.639797] AAAAA-TCP_RECV: name:enp0s3: saddr:16783984: daddr:100932208: srtt_us:26932665: RTT:3366583: ssthresh:32: cwnd:36: delivered:43: lost:1: retrans:2
[  293.659778] AAAAA-TCP_RECV: name:enp0s3: saddr:16783984: daddr:100932208: srtt_us:26554007: RTT:3319250: ssthresh:32: cwnd:36: delivered:44: lost:1: retrans:2
[  293.692885] AAAAA-TCP_RECV: name:enp0s3: saddr:16783984: daddr:100932208: srtt_us:26242662: RTT:3280332: ssthresh:32: cwnd:37: delivered:45: lost:1: retrans:2
[  293.726921] AAAAA-TCP_RECV: name:enp0s3: saddr:16783984: daddr:100932208: srtt_us:25906404: RTT:3238300: ssthresh:32: cwnd:37: delivered:46: lost:1: retrans:2
[  293.756217] AAAAA-TCP_RECV: name:enp0s3: saddr:33561200: daddr:100932208: srtt_us:29042752: RTT:3630344: ssthresh:18: cwnd:5: delivered:45: lost:1: retrans:2
[  293.772100] AAAAA-TCP_RECV: name:enp0s3: saddr:33561200: daddr:100932208: srtt_us:28419711: RTT:3552463: ssthresh:18: cwnd:4: delivered:46: lost:1: retrans:2
[  293.788149] AAAAA-TCP_RECV: name:enp0s3: saddr:33561200: daddr:100932208: srtt_us:27890423: RTT:3486302: ssthresh:18: cwnd:3: delivered:47: lost:1: retrans:2
[  293.854147] AAAAA-TCP_RECV: name:enp0s3: saddr:16783984: daddr:100932208: srtt_us:25646215: RTT:3205776: ssthresh:32: cwnd:37: delivered:47: lost:1: retrans:2
[  293.871216] AAAAA-TCP_RECV: name:enp0s3: saddr:33561200: daddr:100932208: srtt_us:27442229: RTT:3430278: ssthresh:18: cwnd:2: delivered:48: lost:1: retrans:2
[  316.132816] AAAAA-TCP_SEND: name:enp0s3: saddr:100932208: daddr:16783984: srtt_us:25544517: RTT:3193064: ssthresh:32: cwnd:38: delivered:48: lost:1: retrans:2
[  316.132852] AAAAA-TCP_SEND: name:enp0s3: saddr:100932208: daddr:16783984: srtt_us:25544517: RTT:3193064: ssthresh:32: cwnd:24: delivered:48: lost:1: retrans:2
[  316.132955] AAAAA-TCP_SEND: name:enp0s3: saddr:100932208: daddr:16783984: srtt_us:25544517: RTT:3193064: ssthresh:32: cwnd:24: delivered:48: lost:1: retrans:2
[  316.132970] AAAAA-TCP_SEND: name:enp0s3: saddr:100932208: daddr:16783984: srtt_us:25544517: RTT:3193064: ssthresh:32: cwnd:24: delivered:48: lost:1: retrans:2
[  316.133055] AAAAA-TCP_SEND: name:enp0s3: saddr:100932208: daddr:16783984: srtt_us:25544517: RTT:3193064: ssthresh:32: cwnd:24: delivered:48: lost:1: retrans:2
[  316.133070] AAAAA-TCP_SEND: name:enp0s3: saddr:100932208: daddr:16783984: srtt_us:25544517: RTT:3193064: ssthresh:32: cwnd:24: delivered:48: lost:1: retrans:2
[  316.133154] AAAAA-TCP_SEND: name:enp0s3: saddr:100932208: daddr:16783984: srtt_us:25544517: RTT:3193064: ssthresh:32: cwnd:24: delivered:48: lost:1: retrans:2
[  316.133168] AAAAA-TCP_SEND: name:enp0s3: saddr:100932208: daddr:16783984: srtt_us:25544517: RTT:3193064: ssthresh:32: cwnd:24: delivered:48: lost:1: retrans:2
[  316.133254] AAAAA-TCP_SEND: name:enp0s3: saddr:100932208: daddr:16783984: srtt_us:25544517: RTT:3193064: ssthresh:32: cwnd:24: delivered:48: lost:1: retrans:2
[  316.133270] AAAAA-TCP_SEND: name:enp0s3: saddr:100932208: daddr:16783984: srtt_us:25544517: RTT:3193064: ssthresh:32: cwnd:24: delivered:48: lost:1: retrans:2
[  316.133366] AAAAA-TCP_SEND: name:enp0s3: saddr:100932208: daddr:16783984: srtt_us:25544517: RTT:3193064: ssthresh:32: cwnd:24: delivered:48: lost:1: retrans:2
[  316.133382] AAAAA-TCP_SEND: name:enp0s3: saddr:100932208: daddr:16783984: srtt_us:25544517: RTT:3193064: ssthresh:32: cwnd:24: delivered:48: lost:1: retrans:2
[  316.133465] AAAAA-TCP_SEND: name:enp0s3: saddr:100932208: daddr:16783984: srtt_us:25544517: RTT:3193064: ssthresh:32: cwnd:24: delivered:48: lost:1: retrans:2
[  316.133484] AAAAA-TCP_SEND: name:enp0s3: saddr:100932208: daddr:16783984: srtt_us:25544517: RTT:3193064: ssthresh:32: cwnd:24: delivered:48: lost:1: retrans:2
[  316.133570] AAAAA-TCP_SEND: name:enp0s3: saddr:100932208: daddr:16783984: srtt_us:25544517: RTT:3193064: ssthresh:32: cwnd:24: delivered:48: lost:1: retrans:2
[  316.133591] AAAAA-TCP_SEND: name:enp0s3: saddr:100932208: daddr:16783984: srtt_us:25544517: RTT:3193064: ssthresh:32: cwnd:24: delivered:48: lost:1: retrans:2
[  316.133652] AAAAA-TCP_SEND: name:enp0s3: saddr:100932208: daddr:16783984: srtt_us:25544517: RTT:3193064: ssthresh:32: cwnd:24: delivered:48: lost:1: retrans:2
[  316.133671] AAAAA-TCP_SEND: name:enp0s3: saddr:100932208: daddr:16783984: srtt_us:25544517: RTT:3193064: ssthresh:32: cwnd:24: delivered:48: lost:1: retrans:2
[  316.133731] AAAAA-TCP_SEND: name:enp0s3: saddr:100932208: daddr:16783984: srtt_us:25544517: RTT:3193064: ssthresh:32: cwnd:24: delivered:48: lost:1: retrans:2
[  316.133749] AAAAA-TCP_SEND: name:enp0s3: saddr:100932208: daddr:16783984: srtt_us:25544517: RTT:3193064: ssthresh:32: cwnd:24: delivered:48: lost:1: retrans:2
[  316.133835] AAAAA-TCP_SEND: name:enp0s3: saddr:100932208: daddr:16783984: srtt_us:25544517: RTT:3193064: ssthresh:32: cwnd:24: delivered:48: lost:1: retrans:2
[  316.133856] AAAAA-TCP_SEND: name:enp0s3: saddr:100932208: daddr:16783984: srtt_us:25544517: RTT:3193064: ssthresh:32: cwnd:24: delivered:48: lost:1: retrans:2
[  316.133929] AAAAA-TCP_SEND: name:enp0s3: saddr:100932208: daddr:16783984: srtt_us:25544517: RTT:3193064: ssthresh:32: cwnd:24: delivered:48: lost:1: retrans:2
[  316.133948] AAAAA-TCP_SEND: name:enp0s3: saddr:100932208: daddr:16783984: srtt_us:25544517: RTT:3193064: ssthresh:32: cwnd:24: delivered:48: lost:1: retrans:2
[  316.581038] AAAAA-TCP_RECV: name:enp0s3: saddr:16783984: daddr:100932208: srtt_us:25544517: RTT:3193064: ssthresh:32: cwnd:24: delivered:48: lost:1: retrans:2
[  316.581111] AAAAA-TCP_SEND: name:enp0s3: saddr:100932208: daddr:33561200: srtt_us:25819951: RTT:3227493: ssthresh:18: cwnd:18: delivered:49: lost:1: retrans:2
[  316.581144] AAAAA-TCP_SEND: name:enp0s3: saddr:100932208: daddr:33561200: srtt_us:25819951: RTT:3227493: ssthresh:18: cwnd:18: delivered:49: lost:1: retrans:2
[  316.581229] AAAAA-TCP_SEND: name:enp0s3: saddr:100932208: daddr:16783984: srtt_us:22799720: RTT:2849965: ssthresh:32: cwnd:25: delivered:49: lost:1: retrans:2
[  316.581254] AAAAA-TCP_SEND: name:enp0s3: saddr:100932208: daddr:16783984: srtt_us:22799720: RTT:2849965: ssthresh:32: cwnd:25: delivered:49: lost:1: retrans:2
[  316.582544] AAAAA-TCP_SEND: name:enp0s3: saddr:100932208: daddr:33561200: srtt_us:25819951: RTT:3227493: ssthresh:18: cwnd:14: delivered:49: lost:1: retrans:2
[  316.582569] AAAAA-TCP_SEND: name:enp0s3: saddr:100932208: daddr:33561200: srtt_us:25819951: RTT:3227493: ssthresh:18: cwnd:14: delivered:49: lost:1: retrans:2
[  316.582689] AAAAA-TCP_SEND: name:enp0s3: saddr:100932208: daddr:33561200: srtt_us:25819951: RTT:3227493: ssthresh:18: cwnd:14: delivered:49: lost:1: retrans:2
[  316.582712] AAAAA-TCP_SEND: name:enp0s3: saddr:100932208: daddr:33561200: srtt_us:25819951: RTT:3227493: ssthresh:18: cwnd:14: delivered:49: lost:1: retrans:2
[  316.582824] AAAAA-TCP_SEND: name:enp0s3: saddr:100932208: daddr:33561200: srtt_us:25819951: RTT:3227493: ssthresh:18: cwnd:14: delivered:49: lost:1: retrans:2
[  316.582841] AAAAA-TCP_SEND: name:enp0s3: saddr:100932208: daddr:33561200: srtt_us:25819951: RTT:3227493: ssthresh:18: cwnd:14: delivered:49: lost:1: retrans:2
[  316.582950] AAAAA-TCP_SEND: name:enp0s3: saddr:100932208: daddr:33561200: srtt_us:25819951: RTT:3227493: ssthresh:18: cwnd:14: delivered:49: lost:1: retrans:2
[  316.582967] AAAAA-TCP_SEND: name:enp0s3: saddr:100932208: daddr:33561200: srtt_us:25819951: RTT:3227493: ssthresh:18: cwnd:14: delivered:49: lost:1: retrans:2
[  316.583065] AAAAA-TCP_SEND: name:enp0s3: saddr:100932208: daddr:33561200: srtt_us:25819951: RTT:3227493: ssthresh:18: cwnd:14: delivered:49: lost:1: retrans:2
[  316.583080] AAAAA-TCP_SEND: name:enp0s3: saddr:100932208: daddr:33561200: srtt_us:25819951: RTT:3227493: ssthresh:18: cwnd:14: delivered:49: lost:1: retrans:2
[  316.583227] AAAAA-TCP_SEND: name:enp0s3: saddr:100932208: daddr:33561200: srtt_us:25819951: RTT:3227493: ssthresh:18: cwnd:14: delivered:49: lost:1: retrans:2
[  316.583243] AAAAA-TCP_SEND: name:enp0s3: saddr:100932208: daddr:33561200: srtt_us:25819951: RTT:3227493: ssthresh:18: cwnd:14: delivered:49: lost:1: retrans:2
[  317.278921] AAAAA-TCP_RECV: name:enp0s3: saddr:16783984: daddr:100932208: srtt_us:22799720: RTT:2849965: ssthresh:32: cwnd:25: delivered:49: lost:1: retrans:2
[  317.279022] AAAAA-TCP_SEND: name:enp0s3: saddr:100932208: daddr:16783984: srtt_us:21095868: RTT:2636983: ssthresh:32: cwnd:26: delivered:50: lost:1: retrans:2
[  317.279084] AAAAA-TCP_SEND: name:enp0s3: saddr:100932208: daddr:16783984: srtt_us:21095868: RTT:2636983: ssthresh:32: cwnd:26: delivered:50: lost:1: retrans:2
[  317.606811] AAAAA-TCP_RECV: name:enp0s3: saddr:16783984: daddr:100932208: srtt_us:21095868: RTT:2636983: ssthresh:32: cwnd:26: delivered:50: lost:1: retrans:2
[  317.606865] AAAAA-TCP_SEND: name:enp0s3: saddr:100932208: daddr:16783984: srtt_us:19932762: RTT:2491595: ssthresh:32: cwnd:27: delivered:51: lost:1: retrans:2
[  317.606894] AAAAA-TCP_SEND: name:enp0s3: saddr:100932208: daddr:16783984: srtt_us:19932762: RTT:2491595: ssthresh:32: cwnd:27: delivered:51: lost:1: retrans:2
[  318.024467] AAAAA-TCP_RECV: name:enp0s3: saddr:16783984: daddr:100932208: srtt_us:19932762: RTT:2491595: ssthresh:32: cwnd:27: delivered:51: lost:1: retrans:2
[  318.024528] AAAAA-TCP_SEND: name:enp0s3: saddr:100932208: daddr:16783984: srtt_us:19332701: RTT:2416587: ssthresh:32: cwnd:28: delivered:52: lost:1: retrans:2
[  318.024561] AAAAA-TCP_SEND: name:enp0s3: saddr:100932208: daddr:16783984: srtt_us:19332701: RTT:2416587: ssthresh:32: cwnd:28: delivered:52: lost:1: retrans:2
[  319.002319] AAAAA-TCP_RECV: name:enp0s3: saddr:16783984: daddr:100932208: srtt_us:19332701: RTT:2416587: ssthresh:32: cwnd:28: delivered:52: lost:1: retrans:2
[  319.002401] AAAAA-TCP_SEND: name:enp0s3: saddr:100932208: daddr:16783984: srtt_us:19785519: RTT:2473189: ssthresh:32: cwnd:29: delivered:53: lost:1: retrans:2
[  319.002472] AAAAA-TCP_SEND: name:enp0s3: saddr:100932208: daddr:16783984: srtt_us:19785519: RTT:2473189: ssthresh:32: cwnd:29: delivered:53: lost:1: retrans:2
[  319.226081] AAAAA-TCP_RECV: name:enp0s3: saddr:16783984: daddr:100932208: srtt_us:19785519: RTT:2473189: ssthresh:32: cwnd:29: delivered:53: lost:1: retrans:2
[  319.226151] AAAAA-TCP_SEND: name:enp0s3: saddr:100932208: daddr:16783984: srtt_us:20405493: RTT:2550686: ssthresh:32: cwnd:30: delivered:54: lost:1: retrans:2
[  319.226209] AAAAA-TCP_SEND: name:enp0s3: saddr:100932208: daddr:16783984: srtt_us:20405493: RTT:2550686: ssthresh:32: cwnd:30: delivered:54: lost:1: retrans:2
[  319.381471] AAAAA-TCP_RECV: name:enp0s3: saddr:16783984: daddr:100932208: srtt_us:20405493: RTT:2550686: ssthresh:32: cwnd:30: delivered:54: lost:1: retrans:2
[  319.381528] AAAAA-TCP_SEND: name:enp0s3: saddr:100932208: daddr:16783984: srtt_us:21103345: RTT:2637918: ssthresh:32: cwnd:31: delivered:55: lost:1: retrans:2
[  319.381561] AAAAA-TCP_SEND: name:enp0s3: saddr:100932208: daddr:16783984: srtt_us:21103345: RTT:2637918: ssthresh:32: cwnd:31: delivered:55: lost:1: retrans:2
[  319.852789] AAAAA-TCP_RECV: name:enp0s3: saddr:16783984: daddr:100932208: srtt_us:21103345: RTT:2637918: ssthresh:32: cwnd:31: delivered:55: lost:1: retrans:2
[  319.852864] AAAAA-TCP_SEND: name:enp0s3: saddr:100932208: daddr:16783984: srtt_us:22185292: RTT:2773161: ssthresh:32: cwnd:32: delivered:56: lost:1: retrans:2
[  319.852909] AAAAA-TCP_SEND: name:enp0s3: saddr:100932208: daddr:16783984: srtt_us:22185292: RTT:2773161: ssthresh:32: cwnd:32: delivered:56: lost:1: retrans:2
[  320.099628] AAAAA-TCP_RECV: name:enp0s3: saddr:16783984: daddr:100932208: srtt_us:22185292: RTT:2773161: ssthresh:32: cwnd:32: delivered:56: lost:1: retrans:2
[  320.099681] AAAAA-TCP_SEND: name:enp0s3: saddr:100932208: daddr:16783984: srtt_us:23378824: RTT:2922353: ssthresh:32: cwnd:33: delivered:57: lost:1: retrans:2
[  320.099710] AAAAA-TCP_SEND: name:enp0s3: saddr:100932208: daddr:16783984: srtt_us:23378824: RTT:2922353: ssthresh:32: cwnd:33: delivered:57: lost:1: retrans:2
[  320.375592] AAAAA-TCP_RECV: name:enp0s3: saddr:16783984: daddr:100932208: srtt_us:23378824: RTT:2922353: ssthresh:32: cwnd:33: delivered:57: lost:1: retrans:2
[  320.375631] AAAAA-TCP_SEND: name:enp0s3: saddr:100932208: daddr:16783984: srtt_us:24699113: RTT:3087389: ssthresh:32: cwnd:33: delivered:58: lost:1: retrans:2
[  320.463980] AAAAA-TCP_RECV: name:enp0s3: saddr:16783984: daddr:100932208: srtt_us:24699113: RTT:3087389: ssthresh:32: cwnd:33: delivered:58: lost:1: retrans:2
[  320.464037] AAAAA-TCP_SEND: name:enp0s3: saddr:100932208: daddr:16783984: srtt_us:25942773: RTT:3242846: ssthresh:32: cwnd:34: delivered:59: lost:1: retrans:2
[  320.464066] AAAAA-TCP_SEND: name:enp0s3: saddr:100932208: daddr:16783984: srtt_us:25942773: RTT:3242846: ssthresh:32: cwnd:34: delivered:59: lost:1: retrans:2
[  320.811593] AAAAA-TCP_RECV: name:enp0s3: saddr:16783984: daddr:100932208: srtt_us:25942773: RTT:3242846: ssthresh:32: cwnd:34: delivered:59: lost:1: retrans:2
[  320.811660] AAAAA-TCP_SEND: name:enp0s3: saddr:100932208: daddr:16783984: srtt_us:27378600: RTT:3422325: ssthresh:32: cwnd:34: delivered:60: lost:1: retrans:2
[  320.948642] AAAAA-TCP_RECV: name:enp0s3: saddr:16783984: daddr:100932208: srtt_us:27378600: RTT:3422325: ssthresh:32: cwnd:34: delivered:60: lost:1: retrans:2
[  320.951173] AAAAA-TCP_RECV: name:enp0s3: saddr:16783984: daddr:100932208: srtt_us:28771982: RTT:3596497: ssthresh:32: cwnd:35: delivered:61: lost:1: retrans:2
[  321.183181] AAAAA-TCP_RECV: name:enp0s3: saddr:16783984: daddr:100932208: srtt_us:29993176: RTT:3749147: ssthresh:32: cwnd:35: delivered:62: lost:1: retrans:2
[  321.275238] AAAAA-TCP_RECV: name:enp0s3: saddr:16783984: daddr:100932208: srtt_us:31293661: RTT:3911707: ssthresh:32: cwnd:36: delivered:63: lost:1: retrans:2
[  321.444753] AAAAA-TCP_RECV: name:enp0s3: saddr:33561200: daddr:100932208: srtt_us:25819951: RTT:3227493: ssthresh:18: cwnd:14: delivered:49: lost:1: retrans:2
[  321.444858] AAAAA-TCP_SEND: name:enp0s3: saddr:100932208: daddr:33561200: srtt_us:27456165: RTT:3432020: ssthresh:18: cwnd:15: delivered:50: lost:1: retrans:2
[  321.444887] AAAAA-TCP_SEND: name:enp0s3: saddr:100932208: daddr:33561200: srtt_us:27456165: RTT:3432020: ssthresh:18: cwnd:15: delivered:50: lost:1: retrans:2
[  321.598404] AAAAA-TCP_RECV: name:enp0s3: saddr:16783984: daddr:100932208: srtt_us:32523635: RTT:4065454: ssthresh:32: cwnd:36: delivered:64: lost:1: retrans:2
[  321.646122] AAAAA-TCP_RECV: name:enp0s3: saddr:16783984: daddr:100932208: srtt_us:33922939: RTT:4240367: ssthresh:32: cwnd:37: delivered:65: lost:1: retrans:2
[  321.646173] AAAAA-TCP_SEND: name:enp0s3: saddr:100932208: daddr:16783984: srtt_us:35195026: RTT:4399378: ssthresh:32: cwnd:40: delivered:72: lost:1: retrans:2
[  321.646195] AAAAA-TCP_SEND: name:enp0s3: saddr:100932208: daddr:16783984: srtt_us:35195026: RTT:4399378: ssthresh:32: cwnd:40: delivered:72: lost:1: retrans:2
[  321.646298] AAAAA-TCP_SEND: name:enp0s3: saddr:100932208: daddr:16783984: srtt_us:35195026: RTT:4399378: ssthresh:32: cwnd:40: delivered:72: lost:1: retrans:2
[  321.903116] AAAAA-TCP_RECV: name:enp0s3: saddr:33561200: daddr:100932208: srtt_us:27456165: RTT:3432020: ssthresh:18: cwnd:15: delivered:50: lost:1: retrans:2
[  321.903144] AAAAA-TCP_SEND: name:enp0s3: saddr:100932208: daddr:16783984: srtt_us:35195026: RTT:4399378: ssthresh:32: cwnd:40: delivered:72: lost:1: retrans:2
[  321.903233] AAAAA-TCP_SEND: name:enp0s3: saddr:100932208: daddr:33561200: srtt_us:29346166: RTT:3668270: ssthresh:18: cwnd:16: delivered:51: lost:1: retrans:2
[  321.903249] AAAAA-TCP_SEND: name:enp0s3: saddr:100932208: daddr:33561200: srtt_us:29346166: RTT:3668270: ssthresh:18: cwnd:16: delivered:51: lost:1: retrans:2
[  321.999450] AAAAA-TCP_RECV: name:enp0s3: saddr:16783984: daddr:100932208: srtt_us:35195026: RTT:4399378: ssthresh:32: cwnd:40: delivered:72: lost:1: retrans:2
[  321.999472] AAAAA-TCP_SEND: name:enp0s3: saddr:100932208: daddr:16783984: srtt_us:35195026: RTT:4399378: ssthresh:32: cwnd:40: delivered:72: lost:1: retrans:2
[  322.184473] AAAAA-TCP_RECV: name:enp0s3: saddr:16783984: daddr:100932208: srtt_us:35195026: RTT:4399378: ssthresh:32: cwnd:40: delivered:72: lost:1: retrans:2
[  322.184544] AAAAA-TCP_SEND: name:enp0s3: saddr:100932208: daddr:16783984: srtt_us:36398913: RTT:4549864: ssthresh:32: cwnd:41: delivered:74: lost:1: retrans:2
[  322.184576] AAAAA-TCP_SEND: name:enp0s3: saddr:100932208: daddr:16783984: srtt_us:36398913: RTT:4549864: ssthresh:32: cwnd:41: delivered:74: lost:1: retrans:2
[  322.423215] AAAAA-TCP_RECV: name:enp0s3: saddr:33561200: daddr:100932208: srtt_us:29346166: RTT:3668270: ssthresh:18: cwnd:16: delivered:51: lost:1: retrans:2
[  322.423257] AAAAA-TCP_SEND: name:enp0s3: saddr:100932208: daddr:33561200: srtt_us:31518577: RTT:3939822: ssthresh:18: cwnd:17: delivered:52: lost:1: retrans:2
[  322.423280] AAAAA-TCP_SEND: name:enp0s3: saddr:100932208: daddr:33561200: srtt_us:31518577: RTT:3939822: ssthresh:18: cwnd:17: delivered:52: lost:1: retrans:2
[  322.487702] AAAAA-TCP_RECV: name:enp0s3: saddr:16783984: daddr:100932208: srtt_us:36398913: RTT:4549864: ssthresh:32: cwnd:41: delivered:74: lost:1: retrans:2
[  322.661607] AAAAA-TCP_RECV: name:enp0s3: saddr:33561200: daddr:100932208: srtt_us:31518577: RTT:3939822: ssthresh:18: cwnd:17: delivered:52: lost:1: retrans:2
[  322.661667] AAAAA-TCP_SEND: name:enp0s3: saddr:100932208: daddr:33561200: srtt_us:33657845: RTT:4207230: ssthresh:18: cwnd:19: delivered:54: lost:1: retrans:2
[  322.661692] AAAAA-TCP_SEND: name:enp0s3: saddr:100932208: daddr:33561200: srtt_us:33657845: RTT:4207230: ssthresh:18: cwnd:19: delivered:54: lost:1: retrans:2
[  322.687214] AAAAA-TCP_RECV: name:enp0s3: saddr:33561200: daddr:100932208: srtt_us:33657845: RTT:4207230: ssthresh:18: cwnd:19: delivered:54: lost:1: retrans:2
[  322.687243] AAAAA-TCP_SEND: name:enp0s3: saddr:100932208: daddr:33561200: srtt_us:33657845: RTT:4207230: ssthresh:18: cwnd:19: delivered:54: lost:1: retrans:2
[  322.687265] AAAAA-TCP_SEND: name:enp0s3: saddr:100932208: daddr:33561200: srtt_us:33657845: RTT:4207230: ssthresh:18: cwnd:19: delivered:54: lost:1: retrans:2
[  322.687333] AAAAA-TCP_SEND: name:enp0s3: saddr:100932208: daddr:16783984: srtt_us:36398913: RTT:4549864: ssthresh:32: cwnd:41: delivered:74: lost:1: retrans:2
[  322.687353] AAAAA-TCP_SEND: name:enp0s3: saddr:100932208: daddr:16783984: srtt_us:36398913: RTT:4549864: ssthresh:32: cwnd:41: delivered:74: lost:1: retrans:2
[  322.687621] AAAAA-TCP_SEND: name:enp0s3: saddr:100932208: daddr:16783984: srtt_us:36398913: RTT:4549864: ssthresh:32: cwnd:41: delivered:74: lost:1: retrans:2
[  322.687639] AAAAA-TCP_SEND: name:enp0s3: saddr:100932208: daddr:16783984: srtt_us:36398913: RTT:4549864: ssthresh:32: cwnd:41: delivered:74: lost:1: retrans:2
[  322.687717] AAAAA-TCP_SEND: name:enp0s3: saddr:100932208: daddr:33561200: srtt_us:35555171: RTT:4444396: ssthresh:18: cwnd:19: delivered:55: lost:1: retrans:2
[  322.687801] AAAAA-TCP_SEND: name:enp0s3: saddr:100932208: daddr:16783984: srtt_us:36398913: RTT:4549864: ssthresh:32: cwnd:41: delivered:74: lost:1: retrans:2
[  322.687813] AAAAA-TCP_SEND: name:enp0s3: saddr:100932208: daddr:16783984: srtt_us:36398913: RTT:4549864: ssthresh:32: cwnd:41: delivered:74: lost:1: retrans:2
[  322.687886] AAAAA-TCP_SEND: name:enp0s3: saddr:100932208: daddr:16783984: srtt_us:36398913: RTT:4549864: ssthresh:32: cwnd:41: delivered:74: lost:1: retrans:2
[  322.687898] AAAAA-TCP_SEND: name:enp0s3: saddr:100932208: daddr:16783984: srtt_us:36398913: RTT:4549864: ssthresh:32: cwnd:41: delivered:74: lost:1: retrans:2
[  322.687971] AAAAA-TCP_SEND: name:enp0s3: saddr:100932208: daddr:16783984: srtt_us:36398913: RTT:4549864: ssthresh:32: cwnd:41: delivered:74: lost:1: retrans:2
[  322.687983] AAAAA-TCP_SEND: name:enp0s3: saddr:100932208: daddr:16783984: srtt_us:36398913: RTT:4549864: ssthresh:32: cwnd:41: delivered:74: lost:1: retrans:2
[  322.688054] AAAAA-TCP_SEND: name:enp0s3: saddr:100932208: daddr:16783984: srtt_us:36398913: RTT:4549864: ssthresh:32: cwnd:41: delivered:74: lost:1: retrans:2
[  322.688066] AAAAA-TCP_SEND: name:enp0s3: saddr:100932208: daddr:16783984: srtt_us:36398913: RTT:4549864: ssthresh:32: cwnd:41: delivered:74: lost:1: retrans:2
[  322.688136] AAAAA-TCP_SEND: name:enp0s3: saddr:100932208: daddr:16783984: srtt_us:36398913: RTT:4549864: ssthresh:32: cwnd:41: delivered:74: lost:1: retrans:2
[  322.688148] AAAAA-TCP_SEND: name:enp0s3: saddr:100932208: daddr:16783984: srtt_us:36398913: RTT:4549864: ssthresh:32: cwnd:41: delivered:74: lost:1: retrans:2
[  322.688217] AAAAA-TCP_SEND: name:enp0s3: saddr:100932208: daddr:16783984: srtt_us:36398913: RTT:4549864: ssthresh:32: cwnd:41: delivered:74: lost:1: retrans:2
[  322.919356] AAAAA-TCP_RECV: name:enp0s3: saddr:33561200: daddr:100932208: srtt_us:35555171: RTT:4444396: ssthresh:18: cwnd:19: delivered:55: lost:1: retrans:2
