[    0.000000] Linux version 5.4.243-mptcp (root@ztg) (gcc version 12.2.0 (Debian 12.2.0-14+deb12u1)) #53 SMP Wed Dec 24 23:28:15 CST 2025
[    0.000000] Command line: BOOT_IMAGE=/boot/vmlinuz-5.4.243-mptcp root=UUID=98415a12-53b7-4144-8265-0f7ece09e445 ro quiet splash
[    0.000000] KERNEL supported cpus:
[    0.000000]   Intel GenuineIntel
[    0.000000]   AMD AuthenticAMD
[    0.000000]   Hygon HygonGenuine
[    0.000000]   Centaur CentaurHauls
[    0.000000]   zhaoxin   Shanghai  
[    0.000000] x86/fpu: Supporting XSAVE feature 0x001: 'x87 floating point registers'
[    0.000000] x86/fpu: Supporting XSAVE feature 0x002: 'SSE registers'
[    0.000000] x86/fpu: Supporting XSAVE feature 0x004: 'AVX registers'
[    0.000000] x86/fpu: xstate_offset[2]:  576, xstate_sizes[2]:  256
[    0.000000] x86/fpu: Enabled xstate features 0x7, context size is 832 bytes, using 'standard' format.
[    0.000000] BIOS-provided physical RAM map:
[    0.000000] BIOS-e820: [mem 0x0000000000000000-0x000000000009fbff] usable
[    0.000000] BIOS-e820: [mem 0x000000000009fc00-0x000000000009ffff] reserved
[    0.000000] BIOS-e820: [mem 0x00000000000f0000-0x00000000000fffff] reserved
[    0.000000] BIOS-e820: [mem 0x0000000000100000-0x000000007ffeffff] usable
[    0.000000] BIOS-e820: [mem 0x000000007fff0000-0x000000007fffffff] ACPI data
[    0.000000] BIOS-e820: [mem 0x00000000fec00000-0x00000000fec00fff] reserved
[    0.000000] BIOS-e820: [mem 0x00000000fee00000-0x00000000fee00fff] reserved
[    0.000000] BIOS-e820: [mem 0x00000000fffc0000-0x00000000ffffffff] reserved
[    0.000000] NX (Execute Disable) protection: active
[    0.000000] SMBIOS 2.5 present.
[    0.000000] DMI: innotek GmbH VirtualBox/VirtualBox, BIOS VirtualBox 12/01/2006
[    0.000000] Hypervisor detected: KVM
[    0.000000] kvm-clock: Using msrs 4b564d01 and 4b564d00
[    0.000000] kvm-clock: cpu 0, msr 38801001, primary cpu clock
[    0.000000] kvm-clock: using sched offset of 4487642158 cycles
[    0.000004] clocksource: kvm-clock: mask: 0xffffffffffffffff max_cycles: 0x1cd42e4dffb, max_idle_ns: 881590591483 ns
[    0.000006] tsc: Detected 2100.000 MHz processor
[    0.001942] e820: update [mem 0x00000000-0x00000fff] usable ==> reserved
[    0.001945] e820: remove [mem 0x000a0000-0x000fffff] usable
[    0.001950] last_pfn = 0x7fff0 max_arch_pfn = 0x400000000
[    0.002021] MTRR default type: uncachable
[    0.002023] MTRR fixed ranges enabled:
[    0.002024]   00000-9FFFF write-back
[    0.002025]   A0000-BFFFF uncachable
[    0.002025]   C0000-FFFFF write-protect
[    0.002026] MTRR variable ranges enabled:
[    0.002028]   0 base 000000000000 mask 3FFF80000000 write-back
[    0.002029]   1 disabled
[    0.002029]   2 disabled
[    0.002029]   3 disabled
[    0.002030]   4 disabled
[    0.002030]   5 disabled
[    0.002031]   6 disabled
[    0.002031]   7 disabled
[    0.002031]   8 disabled
[    0.002032]   9 disabled
[    0.002032]   10 disabled
[    0.002033]   11 disabled
[    0.002033]   12 disabled
[    0.002034]   13 disabled
[    0.002034]   14 disabled
[    0.002035]   15 disabled
[    0.002052] x86/PAT: Configuration [0-7]: WB  WC  UC- UC  WB  WP  UC- WT  
[    0.002199] found SMP MP-table at [mem 0x0009fff0-0x0009ffff]
[    0.092321] check: Scanning 1 areas for low memory corruption
[    0.092562] RAMDISK: [mem 0x32271000-0x3512ffff]
[    0.092572] ACPI: Early table checksum verification disabled
[    0.092578] ACPI: RSDP 0x00000000000E0000 000024 (v02 VBOX  )
[    0.092583] ACPI: XSDT 0x000000007FFF0030 00003C (v01 VBOX   VBOXXSDT 00000001 ASL  00000061)
[    0.092590] ACPI: FACP 0x000000007FFF00F0 0000F4 (v04 VBOX   VBOXFACP 00000001 ASL  00000061)
[    0.092597] ACPI: DSDT 0x000000007FFF02E0 002353 (v02 VBOX   VBOXBIOS 00000002 VBOX 00029BF3)
[    0.092601] ACPI: FACS 0x000000007FFF0200 000040
[    0.092604] ACPI: FACS 0x000000007FFF0200 000040
[    0.092608] ACPI: APIC 0x000000007FFF0240 000054 (v02 VBOX   VBOXAPIC 00000001 ASL  00000061)
[    0.092611] ACPI: SSDT 0x000000007FFF02A0 000038 (v01 VBOX   VBOXCPUT 00000002 VBOX 00029BF3)
[    0.092615] ACPI: Reserving FACP table memory at [mem 0x7fff00f0-0x7fff01e3]
[    0.092616] ACPI: Reserving DSDT table memory at [mem 0x7fff02e0-0x7fff2632]
[    0.092616] ACPI: Reserving FACS table memory at [mem 0x7fff0200-0x7fff023f]
[    0.092617] ACPI: Reserving FACS table memory at [mem 0x7fff0200-0x7fff023f]
[    0.092618] ACPI: Reserving APIC table memory at [mem 0x7fff0240-0x7fff0293]
[    0.092618] ACPI: Reserving SSDT table memory at [mem 0x7fff02a0-0x7fff02d7]
[    0.092635] ACPI: Local APIC address 0xfee00000
[    0.092841] No NUMA configuration found
[    0.092843] Faking a node at [mem 0x0000000000000000-0x000000007ffeffff]
[    0.092854] NODE_DATA(0) allocated [mem 0x7ffc5000-0x7ffeffff]
[    0.093151] Zone ranges:
[    0.093152]   DMA      [mem 0x0000000000001000-0x0000000000ffffff]
[    0.093153]   DMA32    [mem 0x0000000001000000-0x000000007ffeffff]
[    0.093154]   Normal   empty
[    0.093155]   Device   empty
[    0.093156] Movable zone start for each node
[    0.093157] Early memory node ranges
[    0.093158]   node   0: [mem 0x0000000000001000-0x000000000009efff]
[    0.093159]   node   0: [mem 0x0000000000100000-0x000000007ffeffff]
[    0.093163] Zeroed struct page in unavailable ranges: 114 pages
[    0.093164] Initmem setup node 0 [mem 0x0000000000001000-0x000000007ffeffff]
[    0.093165] On node 0 totalpages: 524174
[    0.093166]   DMA zone: 64 pages used for memmap
[    0.093167]   DMA zone: 21 pages reserved
[    0.093168]   DMA zone: 3998 pages, LIFO batch:0
[    0.093262]   DMA32 zone: 8128 pages used for memmap
[    0.093263]   DMA32 zone: 520176 pages, LIFO batch:63
[    0.103009] ACPI: PM-Timer IO Port: 0x4008
[    0.103012] ACPI: Local APIC address 0xfee00000
[    0.103080] IOAPIC[0]: apic_id 1, version 32, address 0xfec00000, GSI 0-23
[    0.103084] ACPI: INT_SRC_OVR (bus 0 bus_irq 0 global_irq 2 dfl dfl)
[    0.103086] ACPI: INT_SRC_OVR (bus 0 bus_irq 9 global_irq 9 low level)
[    0.103089] ACPI: IRQ0 used by override.
[    0.103090] ACPI: IRQ9 used by override.
[    0.103092] Using ACPI (MADT) for SMP configuration information
[    0.103102] smpboot: Allowing 1 CPUs, 0 hotplug CPUs
[    0.103128] PM: Registered nosave memory: [mem 0x00000000-0x00000fff]
[    0.103129] PM: Registered nosave memory: [mem 0x0009f000-0x0009ffff]
[    0.103130] PM: Registered nosave memory: [mem 0x000a0000-0x000effff]
[    0.103130] PM: Registered nosave memory: [mem 0x000f0000-0x000fffff]
[    0.103133] [mem 0x80000000-0xfebfffff] available for PCI devices
[    0.103134] Booting paravirtualized kernel on KVM
[    0.103137] clocksource: refined-jiffies: mask: 0xffffffff max_cycles: 0xffffffff, max_idle_ns: 7645519600211568 ns
[    0.103142] setup_percpu: NR_CPUS:8192 nr_cpumask_bits:1 nr_cpu_ids:1 nr_node_ids:1
[    0.104764] percpu: Embedded 60 pages/cpu s208896 r8192 d28672 u2097152
[    0.104769] pcpu-alloc: s208896 r8192 d28672 u2097152 alloc=1*2097152
[    0.104770] pcpu-alloc: [0] 0 
[    0.104799] Built 1 zonelists, mobility grouping on.  Total pages: 515961
[    0.104800] Policy zone: DMA32
[    0.104802] Kernel command line: BOOT_IMAGE=/boot/vmlinuz-5.4.243-mptcp root=UUID=98415a12-53b7-4144-8265-0f7ece09e445 ro quiet splash
[    0.106037] Dentry cache hash table entries: 262144 (order: 9, 2097152 bytes, linear)
[    0.106301] Inode-cache hash table entries: 131072 (order: 8, 1048576 bytes, linear)
[    0.106356] mem auto-init: stack:off, heap alloc:on, heap free:off
[    0.106359] Calgary: detecting Calgary via BIOS EBDA area
[    0.106361] Calgary: Unable to locate Rio Grande table in EBDA - bailing!
[    0.111641] Memory: 1967332K/2096696K available (14339K kernel code, 2398K rwdata, 4712K rodata, 2728K init, 17260K bss, 129364K reserved, 0K cma-reserved)
[    0.112915] SLUB: HWalign=64, Order=0-3, MinObjects=0, CPUs=1, Nodes=1
[    0.112932] ftrace: allocating 43186 entries in 169 pages
[    0.133303] rcu: Hierarchical RCU implementation.
[    0.133305] rcu: 	RCU restricting CPUs from NR_CPUS=8192 to nr_cpu_ids=1.
[    0.133306] 	Tasks RCU enabled.
[    0.133308] rcu: RCU calculated value of scheduler-enlistment delay is 25 jiffies.
[    0.133309] rcu: Adjusting geometry for rcu_fanout_leaf=16, nr_cpu_ids=1
[    0.136354] NR_IRQS: 524544, nr_irqs: 256, preallocated irqs: 16
[    0.136569] random: crng init done
[    0.145902] Console: colour VGA+ 80x25
[    0.145908] printk: console [tty0] enabled
[    0.145929] ACPI: Core revision 20190816
[    0.146030] APIC: Switch to symmetric I/O mode setup
[    0.146283] x2apic enabled
[    0.146520] Switched APIC routing to physical x2apic.
[    0.147670] ..TIMER: vector=0x30 apic1=0 pin1=2 apic2=-1 pin2=-1
[    0.147699] clocksource: tsc-early: mask: 0xffffffffffffffff max_cycles: 0x1e4530a99b6, max_idle_ns: 440795257976 ns
[    0.147705] Calibrating delay loop (skipped) preset value.. 4200.00 BogoMIPS (lpj=8400000)
[    0.147707] pid_max: default: 32768 minimum: 301
[    0.147737] LSM: Security Framework initializing
[    0.147748] Yama: becoming mindful.
[    0.147778] AppArmor: AppArmor initialized
[    0.147816] Mount-cache hash table entries: 4096 (order: 3, 32768 bytes, linear)
[    0.147821] Mountpoint-cache hash table entries: 4096 (order: 3, 32768 bytes, linear)
[    0.147833] *** VALIDATE tmpfs ***
[    0.147973] *** VALIDATE proc ***
[    0.148019] *** VALIDATE cgroup1 ***
[    0.148021] *** VALIDATE cgroup2 ***
[    0.148167] process: using mwait in idle threads
[    0.148173] Last level iTLB entries: 4KB 64, 2MB 8, 4MB 8
[    0.148174] Last level dTLB entries: 4KB 64, 2MB 0, 4MB 0, 1GB 4
[    0.148195] Spectre V1 : Mitigation: usercopy/swapgs barriers and __user pointer sanitization
[    0.148201] Spectre V2 : Mitigation: Retpolines
[    0.148202] Spectre V2 : Spectre v2 / SpectreRSB mitigation: Filling RSB on context switch
[    0.148202] Spectre V2 : Spectre v2 / SpectreRSB : Filling RSB on VMEXIT
[    0.148203] RETBleed: WARNING: Spectre v2 mitigation leaves CPU vulnerable to RETBleed attacks, data leaks possible!
[    0.148557] RETBleed: Vulnerable
[    0.148558] Speculative Store Bypass: Vulnerable
[    0.148563] TAA: Mitigation: TSX disabled
[    0.148564] MMIO Stale Data: Mitigation: Clear CPU buffers
[    0.153251] Freeing SMP alternatives memory: 40K
[    0.265863] smpboot: CPU0: Intel(R) Xeon(R) Silver 4216 CPU @ 2.10GHz (family: 0x6, model: 0x55, stepping: 0x7)
[    0.266012] Performance Events: unsupported p6 CPU model 85 no PMU driver, software events only.
[    0.266054] rcu: Hierarchical SRCU implementation.
[    0.266598] NMI watchdog: Perf NMI watchdog permanently disabled
[    0.266642] smp: Bringing up secondary CPUs ...
[    0.266643] smp: Brought up 1 node, 1 CPU
[    0.266644] smpboot: Max logical packages: 1
[    0.266645] smpboot: Total of 1 processors activated (4200.00 BogoMIPS)
[    0.267701] devtmpfs: initialized
[    0.267701] x86/mm: Memory block size: 128MB
[    0.267701] clocksource: jiffies: mask: 0xffffffff max_cycles: 0xffffffff, max_idle_ns: 7645041785100000 ns
[    0.267701] futex hash table entries: 256 (order: 2, 16384 bytes, linear)
[    0.267701] pinctrl core: initialized pinctrl subsystem
[    0.267701] PM: RTC time: 16:26:28, date: 2026-01-11
[    0.267701] NET: Registered protocol family 16
[    0.267701] audit: initializing netlink subsys (disabled)
[    0.267701] EISA bus registered
[    0.267701] cpuidle: using governor ladder
[    0.267701] cpuidle: using governor menu
[    0.267701] ACPI: bus type PCI registered
[    0.267701] acpiphp: ACPI Hot Plug PCI Controller Driver version: 0.5
[    0.267701] PCI: Using configuration type 1 for base access
[    0.268895] audit: type=2000 audit(1768119995.140:1): state=initialized audit_enabled=0 res=1
[    0.268986] HugeTLB registered 2.00 MiB page size, pre-allocated 0 pages
[    0.269974] ACPI: Added _OSI(Module Device)
[    0.269974] ACPI: Added _OSI(Processor Device)
[    0.269975] ACPI: Added _OSI(3.0 _SCP Extensions)
[    0.269976] ACPI: Added _OSI(Processor Aggregator Device)
[    0.269977] ACPI: Added _OSI(Linux-Dell-Video)
[    0.269978] ACPI: Added _OSI(Linux-Lenovo-NV-HDMI-Audio)
[    0.269979] ACPI: Added _OSI(Linux-HPI-Hybrid-Graphics)
[    0.272097] ACPI: 2 ACPI AML tables successfully acquired and loaded
[    0.273790] ACPI: Interpreter enabled
[    0.273801] ACPI: (supports S0 S5)
[    0.273802] ACPI: Using IOAPIC for interrupt routing
[    0.274009] PCI: Using host bridge windows from ACPI; if necessary, use "pci=nocrs" and report a bug
[    0.274120] ACPI: Enabled 2 GPEs in block 00 to 07
[    0.279142] ACPI: PCI Root Bridge [PCI0] (domain 0000 [bus 00-ff])
[    0.279147] acpi PNP0A03:00: _OSC: OS supports [ASPM ClockPM Segments MSI HPX-Type3]
[    0.279592] acpi PNP0A03:00: _OSC: not requesting OS control; OS requires [ExtendedConfig ASPM ClockPM MSI]
[    0.279601] acpi PNP0A03:00: fail to add MMCONFIG information, can't access extended PCI configuration space under this bridge.
[    0.280001] PCI host bridge to bus 0000:00
[    0.280003] pci_bus 0000:00: root bus resource [io  0x0000-0x0cf7 window]
[    0.280005] pci_bus 0000:00: root bus resource [io  0x0d00-0xffff window]
[    0.280006] pci_bus 0000:00: root bus resource [mem 0x000a0000-0x000bffff window]
[    0.280007] pci_bus 0000:00: root bus resource [mem 0x80000000-0xfdffffff window]
[    0.280008] pci_bus 0000:00: root bus resource [bus 00-ff]
[    0.280050] pci 0000:00:00.0: [8086:1237] type 00 class 0x060000
[    0.281012] pci 0000:00:01.0: [8086:7000] type 00 class 0x060100
[    0.281768] pci 0000:00:01.1: [8086:7111] type 00 class 0x01018a
[    0.282146] pci 0000:00:01.1: reg 0x20: [io  0xd000-0xd00f]
[    0.282302] pci 0000:00:01.1: legacy IDE quirk: reg 0x10: [io  0x01f0-0x01f7]
[    0.282303] pci 0000:00:01.1: legacy IDE quirk: reg 0x14: [io  0x03f6]
[    0.282304] pci 0000:00:01.1: legacy IDE quirk: reg 0x18: [io  0x0170-0x0177]
[    0.282305] pci 0000:00:01.1: legacy IDE quirk: reg 0x1c: [io  0x0376]
[    0.282841] pci 0000:00:02.0: [15ad:0405] type 00 class 0x030000
[    0.285640] pci 0000:00:02.0: reg 0x10: [io  0xd010-0xd01f]
[    0.289635] pci 0000:00:02.0: reg 0x14: [mem 0xe0000000-0xe7ffffff pref]
[    0.291746] pci 0000:00:02.0: reg 0x18: [mem 0xf0000000-0xf01fffff]
[    0.302326] pci 0000:00:03.0: [1022:2000] type 00 class 0x020000
[    0.303849] pci 0000:00:03.0: reg 0x10: [io  0xd020-0xd03f]
[    0.304459] pci 0000:00:03.0: reg 0x14: [mem 0xf0200000-0xf0200fff]
[    0.308058] pci 0000:00:04.0: [80ee:cafe] type 00 class 0x088000
[    0.308735] pci 0000:00:04.0: reg 0x10: [io  0xd040-0xd05f]
[    0.309347] pci 0000:00:04.0: reg 0x14: [mem 0xf0400000-0xf07fffff]
[    0.309959] pci 0000:00:04.0: reg 0x18: [mem 0xf0800000-0xf0803fff pref]
[    0.314691] pci 0000:00:07.0: [8086:7113] type 00 class 0x068000
[    0.315239] pci 0000:00:07.0: quirk: [io  0x4000-0x403f] claimed by PIIX4 ACPI
[    0.315249] pci 0000:00:07.0: quirk: [io  0x4100-0x410f] claimed by PIIX4 SMB
[    0.315761] pci 0000:00:08.0: [8086:100e] type 00 class 0x020000
[    0.316463] pci 0000:00:08.0: reg 0x10: [mem 0xf0820000-0xf083ffff]
[    0.317636] pci 0000:00:08.0: reg 0x18: [io  0xd060-0xd067]
[    0.320748] pci 0000:00:09.0: [8086:100e] type 00 class 0x020000
[    0.321466] pci 0000:00:09.0: reg 0x10: [mem 0xf0840000-0xf085ffff]
[    0.322662] pci 0000:00:09.0: reg 0x18: [io  0xd068-0xd06f]
[    0.332726] ACPI: PCI Interrupt Link [LNKA] (IRQs 5 9 10 *11)
[    0.333008] ACPI: PCI Interrupt Link [LNKB] (IRQs 5 9 *10 11)
[    0.333112] ACPI: PCI Interrupt Link [LNKC] (IRQs 5 *9 10 11)
[    0.333212] ACPI: PCI Interrupt Link [LNKD] (IRQs 5 9 10 *11)
[    0.333446] iommu: Default domain type: Translated 
[    0.333506] pci 0000:00:02.0: vgaarb: setting as boot VGA device
[    0.333509] pci 0000:00:02.0: vgaarb: VGA device added: decodes=io+mem,owns=io+mem,locks=none
[    0.333510] pci 0000:00:02.0: vgaarb: bridge control possible
[    0.333511] vgaarb: loaded
[    0.333724] SCSI subsystem initialized
[    0.333758] libata version 3.00 loaded.
[    0.333782] ACPI: bus type USB registered
[    0.333799] usbcore: registered new interface driver usbfs
[    0.333806] usbcore: registered new interface driver hub
[    0.333812] usbcore: registered new device driver usb
[    0.333843] pps_core: LinuxPPS API ver. 1 registered
[    0.333843] pps_core: Software ver. 5.3.6 - Copyright 2005-2007 Rodolfo Giometti <giometti@linux.it>
[    0.333846] PTP clock support registered
[    0.333884] EDAC MC: Ver: 3.0.0
[    0.334180] PCI: Using ACPI for IRQ routing
[    0.334181] PCI: pci_cache_line_size set to 64 bytes
[    0.334349] e820: reserve RAM buffer [mem 0x0009fc00-0x0009ffff]
[    0.334353] e820: reserve RAM buffer [mem 0x7fff0000-0x7fffffff]
[    0.335719] NetLabel: Initializing
[    0.335719] NetLabel:  domain hash size = 128
[    0.335720] NetLabel:  protocols = UNLABELED CIPSOv4 CALIPSO
[    0.335742] NetLabel:  unlabeled traffic allowed by default
[    0.336757] clocksource: Switched to clocksource kvm-clock
[    0.352967] *** VALIDATE bpf ***
[    0.353035] VFS: Disk quotas dquot_6.6.0
[    0.353049] VFS: Dquot-cache hash table entries: 512 (order 0, 4096 bytes)
[    0.353074] *** VALIDATE ramfs ***
[    0.353078] *** VALIDATE hugetlbfs ***
[    0.353172] AppArmor: AppArmor Filesystem Enabled
[    0.353197] pnp: PnP ACPI init
[    0.353203] pnp 00:00: Plug and Play ACPI device, IDs PNP0303 (active)
[    0.353350] pnp 00:01: Plug and Play ACPI device, IDs PNP0f03 (active)
[    0.354188] pnp: PnP ACPI: found 2 devices
[    0.355256] thermal_sys: Registered thermal governor 'fair_share'
[    0.355257] thermal_sys: Registered thermal governor 'bang_bang'
[    0.355258] thermal_sys: Registered thermal governor 'step_wise'
[    0.355258] thermal_sys: Registered thermal governor 'user_space'
[    0.355259] thermal_sys: Registered thermal governor 'power_allocator'
[    0.359825] clocksource: acpi_pm: mask: 0xffffff max_cycles: 0xffffff, max_idle_ns: 2085701024 ns
[    0.359867] pci_bus 0000:00: resource 4 [io  0x0000-0x0cf7 window]
[    0.359868] pci_bus 0000:00: resource 5 [io  0x0d00-0xffff window]
[    0.359870] pci_bus 0000:00: resource 6 [mem 0x000a0000-0x000bffff window]
[    0.359871] pci_bus 0000:00: resource 7 [mem 0x80000000-0xfdffffff window]
[    0.359933] NET: Registered protocol family 2
[    0.360043] IP idents hash table entries: 32768 (order: 6, 262144 bytes, linear)
[    0.360496] MPTCP tokens hash table entries: 8192 (order: 4, 65536 bytes, linear)
[    0.360525] MPTCP request tokens hash table entries: 8192 (order: 4, 65536 bytes, linear)
[    0.360551] default registered
[    0.360552] default registered
[    0.360552] MPTCP: Stable release v0.96
[    0.360560] tcp_listen_portaddr_hash hash table entries: 1024 (order: 2, 16384 bytes, linear)
[    0.360691] TCP established hash table entries: 16384 (order: 5, 131072 bytes, linear)
[    0.360786] TCP bind hash table entries: 16384 (order: 6, 262144 bytes, linear)
[    0.360812] TCP: Hash tables configured (established 16384 bind 16384)
[    0.361865] UDP hash table entries: 1024 (order: 3, 32768 bytes, linear)
[    0.361880] UDP-Lite hash table entries: 1024 (order: 3, 32768 bytes, linear)
[    0.361917] NET: Registered protocol family 1
[    0.361926] NET: Registered protocol family 44
[    0.361946] pci 0000:00:00.0: Limiting direct PCI/PCI transfers
[    0.361959] pci 0000:00:01.0: Activating ISA DMA hang workarounds
[    0.362015] pci 0000:00:02.0: Video device with shadowed ROM at [mem 0x000c0000-0x000dffff]
[    0.362080] PCI: CLS 0 bytes, default 64
[    0.362137] Trying to unpack rootfs image as initramfs...
[    0.579224] Freeing initrd memory: 47868K
[    0.579346] clocksource: tsc: mask: 0xffffffffffffffff max_cycles: 0x1e4530a99b6, max_idle_ns: 440795257976 ns
[    0.579359] clocksource: Switched to clocksource tsc
[    0.579411] platform rtc_cmos: registered platform RTC device (no PNP device found)
[    0.579448] check: Scanning for low memory corruption every 60 seconds
[    0.579839] Initialise system trusted keyrings
[    0.579852] Key type blacklist registered
[    0.579905] workingset: timestamp_bits=36 max_order=19 bucket_order=0
[    0.581300] zbud: loaded
[    0.581682] squashfs: version 4.0 (2009/01/31) Phillip Lougher
[    0.581775] fuse: init (API version 7.31)
[    0.581775] *** VALIDATE fuse ***
[    0.581775] *** VALIDATE fuse ***
[    0.581775] Platform Keyring initialized
[    0.581775] Key type asymmetric registered
[    0.581775] Asymmetric key parser 'x509' registered
[    0.581775] Block layer SCSI generic (bsg) driver version 0.4 loaded (major 244)
[    0.581775] io scheduler mq-deadline registered
[    0.581775] shpchp: Standard Hot Plug PCI Controller Driver version: 0.4
[    0.585383] ACPI: AC Adapter [AC] (on-line)
[    0.585434] input: Power Button as /devices/LNXSYSTM:00/LNXPWRBN:00/input/input0
[    0.585465] ACPI: Power Button [PWRF]
[    0.585550] input: Sleep Button as /devices/LNXSYSTM:00/LNXSLPBN:00/input/input1
[    0.585566] ACPI: Sleep Button [SLPF]
[    0.585821] Serial: 8250/16550 driver, 32 ports, IRQ sharing enabled
[    0.587079] Linux agpgart interface v0.103
[    0.683213] loop: module loaded
[    0.683392] ata_piix 0000:00:01.1: version 2.13
[    0.683851] scsi host0: ata_piix
[    0.683957] scsi host1: ata_piix
[    0.683986] ata1: PATA max UDMA/33 cmd 0x1f0 ctl 0x3f6 bmdma 0xd000 irq 14
[    0.683987] ata2: PATA max UDMA/33 cmd 0x170 ctl 0x376 bmdma 0xd008 irq 15
[    0.684084] tun: Universal TUN/TAP device driver, 1.6
[    0.684403] PPP generic driver version 2.4.2
[    0.684450] VFIO - User Level meta-driver version: 0.3
[    0.684699] ehci_hcd: USB 2.0 'Enhanced' Host Controller (EHCI) Driver
[    0.684705] ehci-pci: EHCI PCI platform driver
[    0.684724] ehci-platform: EHCI generic platform driver
[    0.684731] ohci_hcd: USB 1.1 'Open' Host Controller (OHCI) Driver
[    0.684732] ohci-pci: OHCI PCI platform driver
[    0.684740] ohci-platform: OHCI generic platform driver
[    0.684745] uhci_hcd: USB Universal Host Controller Interface driver
[    0.684823] i8042: PNP: PS/2 Controller [PNP0303:PS2K,PNP0f03:PS2M] at 0x60,0x64 irq 1,12
[    0.685270] serio: i8042 KBD port at 0x60,0x64 irq 1
[    0.685275] serio: i8042 AUX port at 0x60,0x64 irq 12
[    0.685369] mousedev: PS/2 mouse device common for all mice
[    0.685642] input: AT Translated Set 2 keyboard as /devices/platform/i8042/serio0/input/input2
[    0.686055] rtc_cmos rtc_cmos: registered as rtc0
[    0.686070] rtc_cmos rtc_cmos: alarms up to one day, 114 bytes nvram
[    0.686075] i2c /dev entries driver
[    0.686128] device-mapper: uevent: version 1.0.3
[    0.686176] device-mapper: ioctl: 4.41.0-ioctl (2019-09-16) initialised: dm-devel@redhat.com
[    0.686194] platform eisa.0: Probing EISA bus 0
[    0.686195] platform eisa.0: EISA: Cannot allocate resource for mainboard
[    0.686196] platform eisa.0: Cannot allocate resource for EISA slot 1
[    0.686198] platform eisa.0: Cannot allocate resource for EISA slot 2
[    0.686199] platform eisa.0: Cannot allocate resource for EISA slot 3
[    0.686200] platform eisa.0: Cannot allocate resource for EISA slot 4
[    0.686201] platform eisa.0: Cannot allocate resource for EISA slot 5
[    0.686202] platform eisa.0: Cannot allocate resource for EISA slot 6
[    0.686202] platform eisa.0: Cannot allocate resource for EISA slot 7
[    0.686203] platform eisa.0: Cannot allocate resource for EISA slot 8
[    0.686204] platform eisa.0: EISA: Detected 0 cards
[    0.686208] intel_pstate: CPU model not supported
[    0.686219] ledtrig-cpu: registered to indicate activity on CPUs
[    0.686288] drop_monitor: Initializing network drop monitor service
[    0.686465] NET: Registered protocol family 10
[    0.691351] Segment Routing with IPv6
[    0.691351] fullmesh registered
[    0.691351] ndiffports registered
[    0.691351] binder registered
[    0.691351] roundrobin registered
[    0.691351] redundant registered
[    0.691351] blest registered
[    0.691351] ecf registered
[    0.691351] NET: Registered protocol family 17
[    0.691351] Key type dns_resolver registered
[    0.691351] RAS: Correctable Errors collector initialized.
[    0.691351] IPI shorthand broadcast: enabled
[    0.691351] sched_clock: Marking stable (676208466, 11143053)->(689768744, -2417225)
[    0.692276] registered taskstats version 1
[    0.692294] Loading compiled-in X.509 certificates
[    0.692900] Loaded X.509 cert 'Build time autogenerated kernel key: 6909f3744cebb3d0de528d5887b96a727de79b1e'
[    0.692925] zswap: loaded using pool lzo/zbud
[    0.692986] Key type ._fscrypt registered
[    0.692987] Key type .fscrypt registered
[    0.697465] Key type big_key registered
[    0.699895] Key type encrypted registered
[    0.699898] AppArmor: AppArmor sha1 policy hashing enabled
[    0.699908] ima: No TPM chip found, activating TPM-bypass!
[    0.699911] ima: Allocated hash algorithm: sha1
[    0.699917] ima: No architecture policies found
[    0.699928] evm: Initialising EVM extended attributes:
[    0.699928] evm: security.selinux
[    0.699929] evm: security.SMACK64
[    0.699929] evm: security.SMACK64EXEC
[    0.699930] evm: security.SMACK64TRANSMUTE
[    0.699930] evm: security.SMACK64MMAP
[    0.699931] evm: security.apparmor
[    0.699931] evm: security.ima
[    0.699932] evm: security.capability
[    0.699932] evm: HMAC attrs: 0x1
[    0.700261] PM:   Magic number: 10:865:438
[    0.700383] rtc_cmos rtc_cmos: setting system clock to 2026-01-11T16:26:29 UTC (1768148789)
[    0.856196] ata1.00: ATA-6: VBOX HARDDISK, 1.0, max UDMA/133
[    0.856200] ata1.00: 209715200 sectors, multi 128: LBA 
[    0.857033] scsi 0:0:0:0: Direct-Access     ATA      VBOX HARDDISK    1.0  PQ: 0 ANSI: 5
[    0.857363] sd 0:0:0:0: [sda] 209715200 512-byte logical blocks: (107 GB/100 GiB)
[    0.857378] sd 0:0:0:0: [sda] Write Protect is off
[    0.857382] sd 0:0:0:0: [sda] Mode Sense: 00 3a 00 00
[    0.857406] sd 0:0:0:0: [sda] Write cache: enabled, read cache: enabled, doesn't support DPO or FUA
[    0.857764] sd 0:0:0:0: Attached scsi generic sg0 type 0
[    0.858532]  sda: sda1 sda2
[    0.867430] sd 0:0:0:0: [sda] Attached SCSI disk
[    0.872019] Freeing unused decrypted memory: 2040K
[    0.873549] Freeing unused kernel image memory: 2728K
[    0.873553] Write protecting the kernel read-only data: 22528k
[    0.875106] Freeing unused kernel image memory: 2036K
[    0.875961] Freeing unused kernel image memory: 1432K
[    0.907544] x86/mm: Checked W+X mappings: passed, no W+X pages found.
[    0.907549] Run /init as init process
[    1.021915] ACPI: Video Device [GFX0] (multi-head: yes  rom: no  post: no)
[    1.021987] input: Video Bus as /devices/LNXSYSTM:00/LNXSYBUS:00/PNP0A03:00/LNXVIDEO:00/input/input4
[    1.034529] pcnet32: pcnet32.c:v1.35 21.Apr.2008 tsbogend@alpha.franken.de
[    1.035508] pcnet32: PCnet/FAST III 79C973 at 0xd020, 08:00:27:9f:42:25 assigned IRQ 19
[    1.035550] pcnet32: Found PHY 0022:561b at address 0
[    1.035867] pcnet32: eth0: registered as PCnet/FAST III 79C973
[    1.036610] pcnet32: 1 cards_found
[    1.037795] piix4_smbus 0000:00:07.0: SMBus Host Controller at 0x4100, revision 0
[    1.041814] e1000: Intel(R) PRO/1000 Network Driver - version 7.3.21-k8-NAPI
[    1.041815] e1000: Copyright (c) 1999-2006 Intel Corporation.
[    1.108161] pcnet32 0000:00:03.0 enp0s3: renamed from eth0
[    1.255097] input: ImExPS/2 Generic Explorer Mouse as /devices/platform/i8042/serio1/input/input5
[    1.447343] e1000 0000:00:08.0 eth0: (PCI:33MHz:32-bit) 08:00:27:b1:1f:c9
[    1.447347] e1000 0000:00:08.0 eth0: Intel(R) PRO/1000 Network Connection
[    1.819453] e1000 0000:00:09.0 eth1: (PCI:33MHz:32-bit) 08:00:27:67:7e:69
[    1.819455] e1000 0000:00:09.0 eth1: Intel(R) PRO/1000 Network Connection
[    1.820778] e1000 0000:00:09.0 enp0s9: renamed from eth1
[    1.822671] e1000 0000:00:08.0 enp0s8: renamed from eth0
[    1.960608] EXT4-fs (sda2): mounted filesystem with ordered data mode. Opts: (null)
[    2.047777] systemd[1]: Inserted module 'autofs4'
[    2.058326] systemd[1]: systemd 245.4-4ubuntu3 running in system mode. (+PAM +AUDIT +SELINUX +IMA +APPARMOR +SMACK +SYSVINIT +UTMP +LIBCRYPTSETUP +GCRYPT +GNUTLS +ACL +XZ +LZ4 +SECCOMP +BLKID +ELFUTILS +KMOD +IDN2 -IDN +PCRE2 default-hierarchy=hybrid)
[    2.058360] systemd[1]: Detected virtualization oracle.
[    2.058363] systemd[1]: Detected architecture x86-64.
[    2.059780] systemd[1]: Set hostname to <ztg>.
[    2.188907] systemd[1]: /lib/systemd/system/dbus.socket:5: ListenStream= references a path below legacy directory /var/run/, updating /var/run/dbus/system_bus_socket â†’ /run/dbus/system_bus_socket; please update the unit file accordingly.
[    2.240650] systemd[1]: Created slice system-modprobe.slice.
[    2.240845] systemd[1]: Created slice User and Session Slice.
[    2.240890] systemd[1]: Started Forward Password Requests to Wall Directory Watch.
[    2.241059] systemd[1]: Set up automount Arbitrary Executable File Formats File System Automount Point.
[    2.241094] systemd[1]: Reached target User and Group Name Lookups.
[    2.241103] systemd[1]: Reached target Remote File Systems.
[    2.241111] systemd[1]: Reached target Slices.
[    2.241623] systemd[1]: Listening on Syslog Socket.
[    2.241690] systemd[1]: Listening on fsck to fsckd communication Socket.
[    2.241728] systemd[1]: Listening on initctl Compatibility Named Pipe.
[    2.241870] systemd[1]: Listening on Journal Audit Socket.
[    2.241921] systemd[1]: Listening on Journal Socket (/dev/log).
[    2.241988] systemd[1]: Listening on Journal Socket.
[    2.242053] systemd[1]: Listening on udev Control Socket.
[    2.242092] systemd[1]: Listening on udev Kernel Socket.
[    2.242890] systemd[1]: Mounting Huge Pages File System...
[    2.243937] systemd[1]: Mounting POSIX Message Queue File System...
[    2.244851] systemd[1]: Mounting Kernel Debug File System...
[    2.245747] systemd[1]: Mounting Kernel Trace File System...
[    2.248278] systemd[1]: Starting Journal Service...
[    2.272421] systemd[1]: Starting Set the console keyboard layout...
[    2.277888] systemd[1]: Starting Create list of static device nodes for the current kernel...
[    2.282814] systemd[1]: Starting Load Kernel Module drm...
[    2.283919] systemd[1]: Condition check resulted in Set Up Additional Binary Formats being skipped.
[    2.283961] systemd[1]: Condition check resulted in File System Check on Root Device being skipped.
[    2.297976] systemd[1]: Starting Load Kernel Modules...
[    2.306874] systemd[1]: Starting Remount Root and Kernel File Systems...
[    2.316061] systemd[1]: Starting udev Coldplug all Devices...
[    2.325268] systemd[1]: Starting Uncomplicated firewall...
[    2.326923] systemd[1]: Mounted Huge Pages File System.
[    2.327027] systemd[1]: Mounted POSIX Message Queue File System.
[    2.327114] systemd[1]: Mounted Kernel Debug File System.
[    2.327191] systemd[1]: Mounted Kernel Trace File System.
[    2.357632] EXT4-fs (sda2): re-mounted. Opts: errors=remount-ro
[    2.362103] systemd[1]: Finished Create list of static device nodes for the current kernel.
[    2.363159] systemd[1]: modprobe@drm.service: Succeeded.
[    2.370867] systemd[1]: Finished Load Kernel Module drm.
[    2.371692] systemd[1]: Finished Remount Root and Kernel File Systems.
[    2.372701] systemd[1]: Finished Uncomplicated firewall.
[    2.389945] lp: driver loaded but no devices found
[    2.391220] systemd[1]: Condition check resulted in Rebuild Hardware Database being skipped.
[    2.391254] systemd[1]: Condition check resulted in Platform Persistent Storage Archival being skipped.
[    2.391908] systemd[1]: Starting Load/Save Random Seed...
[    2.399056] systemd[1]: Starting Create System Users...
[    2.410017] systemd[1]: Finished Load/Save Random Seed.
[    2.410537] ppdev: user-space parallel port driver
[    2.416775] systemd[1]: Finished Create System Users.
[    2.417474] systemd[1]: Starting Create Static Device Nodes in /dev...
[    2.451070] systemd[1]: Finished Create Static Device Nodes in /dev.
[    2.451809] systemd[1]: Starting udev Kernel Device Manager...
[    2.488296] systemd[1]: Finished udev Coldplug all Devices.
[    2.491365] [drm] DMA map mode: Caching DMA mappings.
[    2.491429] [drm] Capabilities:
[    2.491429] [drm]   Rect copy.
[    2.491430] [drm]   Cursor.
[    2.491430] [drm]   Cursor bypass.
[    2.491431] [drm]   Cursor bypass 2.
[    2.491431] [drm]   Alpha cursor.
[    2.491431] [drm]   Extended Fifo.
[    2.491432] [drm]   Pitchlock.
[    2.491432] [drm]   Irq mask.
[    2.491432] [drm]   GMR.
[    2.491433] [drm]   Traces.
[    2.491433] [drm]   GMR2.
[    2.491433] [drm]   Screen Object 2.
[    2.491434] [drm]   Command Buffers.
[    2.491434] [drm]   Command Buffers 2.
[    2.491434] [drm]   Guest Backed Resources.
[    2.491436] [drm] Max GMR ids is 8192
[    2.491436] [drm] Max number of GMR pages is 1048576
[    2.491437] [drm] Max dedicated hypervisor surface memory is 393216 kiB
[    2.491437] [drm] Maximum display memory size is 131072 kiB
[    2.491438] [drm] VRAM at 0xe0000000 size is 131072 kiB
[    2.491439] [drm] MMIO at 0xf0000000 size is 2048 kiB
[    2.493461] [TTM] Zone  kernel: Available graphics memory: 1011738 KiB
[    2.493462] [TTM] Initializing pool allocator
[    2.493466] [TTM] Initializing DMA pool allocator
[    2.493496] [drm] Supports vblank timestamp caching Rev 2 (21.10.2013).
[    2.493496] [drm] No driver support for vblank timestamp query.
[    2.493747] [drm] Screen Target Display device initialized
[    2.494080] [drm] width 720
[    2.494092] [drm] height 400
[    2.494096] [drm] bpp 32
[    2.494710] [drm] Fifo max 0x00200000 min 0x00001000 cap 0x00000355
[    2.496412] [drm] Using command buffers with DMA pool.
[    2.496416] [drm] DX: no.
[    2.496416] [drm] Atomic: yes.
[    2.496417] [drm] SM4_1: no.
[    2.496436] [drm:vmw_host_log [vmwgfx]] *ERROR* Failed to send host log message.
[    2.498160] [drm:vmw_host_log [vmwgfx]] *ERROR* Failed to send host log message.
[    2.528663] fbcon: svgadrmfb (fb0) is primary device
[    2.531191] Console: switching to colour frame buffer device 100x37
[    2.547620] [drm] Initialized vmwgfx 2.15.0 20180704 for 0000:00:02.0 on minor 0
[    2.549025] systemd[1]: Finished Load Kernel Modules.
[    2.550162] systemd[1]: Mounting FUSE Control File System...
[    2.551838] systemd[1]: Mounting Kernel Configuration File System...
[    2.557875] systemd[1]: Starting Apply Kernel Variables...
[    2.570459] systemd[1]: Mounted FUSE Control File System.
[    2.570537] systemd[1]: Condition check resulted in VMware vmblock fuse mount being skipped.
[    2.572944] systemd[1]: Mounted Kernel Configuration File System.
[    2.580841] systemd[1]: Finished Set the console keyboard layout.
[    2.580945] systemd[1]: Reached target Local File Systems (Pre).
[    2.584561] systemd[1]: Mounting Mount unit for bare, revision 5...
[    2.587528] systemd[1]: Mounting Mount unit for core18, revision 1705...
[    2.597753] systemd[1]: Mounting Mount unit for gnome-3-34-1804, revision 24...
[    2.609551] systemd[1]: Mounting Mount unit for gtk-common-themes, revision 1506...
[    2.632686] systemd[1]: Mounting Mount unit for gtk-common-themes, revision 1535...
[    2.638404] systemd[1]: Mounting Mount unit for snap-store, revision 433...
[    2.644929] systemd[1]: Mounting Mount unit for snapd, revision 7264...
[    2.655102] systemd[1]: Finished Apply Kernel Variables.
[    2.657842] systemd[1]: Mounted Mount unit for bare, revision 5.
[    2.680344] systemd[1]: Mounted Mount unit for core18, revision 1705.
[    2.681757] systemd[1]: Mounted Mount unit for gnome-3-34-1804, revision 24.
[    2.687652] systemd[1]: Started udev Kernel Device Manager.
[    2.688318] systemd[1]: Starting Show Plymouth Boot Screen...
[    2.694312] systemd[1]: Received SIGRTMIN+20 from PID 271 (plymouthd).
[    2.715171] systemd[1]: Started Show Plymouth Boot Screen.
[    2.715316] systemd[1]: Condition check resulted in Dispatch Password Requests to Console Directory Watch being skipped.
[    2.715413] systemd[1]: Started Forward Password Requests to Plymouth Directory Watch.
[    2.715444] systemd[1]: Reached target Local Encrypted Volumes.
[    2.733149] systemd[1]: Mounted Mount unit for gtk-common-themes, revision 1506.
[    2.752711] systemd[1]: Mounted Mount unit for snap-store, revision 433.
[    2.752934] systemd[1]: Mounted Mount unit for snapd, revision 7264.
[    2.784132] systemd[1]: Mounted Mount unit for gtk-common-themes, revision 1535.
[    2.784346] systemd[1]: Reached target Local File Systems.
[    2.785315] systemd[1]: Starting Load AppArmor profiles...
[    2.794151] systemd[1]: Starting Set console font and keymap...
[    2.803491] systemd[1]: Starting Tell Plymouth To Write Out Runtime Data...
[    2.805127] systemd[1]: Condition check resulted in Store a System Token in an EFI Variable being skipped.
[    2.805164] systemd[1]: Condition check resulted in Commit a transient machine-id on disk being skipped.
[    2.806065] systemd[1]: Finished Set console font and keymap.
[    2.814809] systemd[1]: Received SIGRTMIN+20 from PID 271 (plymouthd).
[    2.816876] systemd[1]: plymouth-read-write.service: Succeeded.
[    2.817107] systemd[1]: Finished Tell Plymouth To Write Out Runtime Data.
[    2.847578] audit: type=1400 audit(1768148791.640:2): apparmor="STATUS" operation="profile_load" profile="unconfined" name="nvidia_modprobe" pid=299 comm="apparmor_parser"
[    2.847581] audit: type=1400 audit(1768148791.640:3): apparmor="STATUS" operation="profile_load" profile="unconfined" name="nvidia_modprobe//kmod" pid=299 comm="apparmor_parser"
[    2.870885] audit: type=1400 audit(1768148791.664:4): apparmor="STATUS" operation="profile_load" profile="unconfined" name="/usr/sbin/tcpdump" pid=300 comm="apparmor_parser"
[    2.900538] audit: type=1400 audit(1768148791.688:5): apparmor="STATUS" operation="profile_load" profile="unconfined" name="/usr/bin/evince" pid=302 comm="apparmor_parser"
[    2.900540] audit: type=1400 audit(1768148791.688:6): apparmor="STATUS" operation="profile_load" profile="unconfined" name="/usr/bin/evince//sanitized_helper" pid=302 comm="apparmor_parser"
[    2.900543] audit: type=1400 audit(1768148791.688:7): apparmor="STATUS" operation="profile_load" profile="unconfined" name="/usr/bin/evince-previewer" pid=302 comm="apparmor_parser"
[    2.900545] audit: type=1400 audit(1768148791.688:8): apparmor="STATUS" operation="profile_load" profile="unconfined" name="/usr/bin/evince-previewer//sanitized_helper" pid=302 comm="apparmor_parser"
[    2.900546] audit: type=1400 audit(1768148791.688:9): apparmor="STATUS" operation="profile_load" profile="unconfined" name="/usr/bin/evince-thumbnailer" pid=302 comm="apparmor_parser"
[    2.931757] audit: type=1400 audit(1768148791.724:10): apparmor="STATUS" operation="profile_load" profile="unconfined" name="/usr/lib/cups/backend/cups-pdf" pid=303 comm="apparmor_parser"
[    2.998142] systemd[1]: Finished Load AppArmor profiles.
[    2.999475] systemd[1]: Starting Load AppArmor profiles managed internally by snapd...
[    3.068690] systemd[1]: Finished Load AppArmor profiles managed internally by snapd.
[    3.240088] systemd[1]: Started Journal Service.
[    3.247490] systemd-journald[229]: Received client request to flush runtime journal.
[    3.253503] systemd-journald[229]: File /var/log/journal/c455b248004a419c87ce85eea238d727/system.journal corrupted or uncleanly shut down, renaming and replacing.
[    4.486548] RAPL PMU: API unit is 2^-32 Joules, 0 fixed counters, 10737418240 ms ovfl timer
[    4.546351] cryptd: max_cpu_qlen set to 1000
[    4.614255] AVX2 version of gcm_enc/dec engaged.
[    4.614256] AES CTR mode by8 optimization enabled
[    5.423119] Adding 1998844k swap on /dev/sda1.  Priority:-2 extents:1 across:1998844k FS
[    6.224158] kauditd_printk_skb: 30 callbacks suppressed
[    6.224159] audit: type=1400 audit(1768148795.016:41): apparmor="DENIED" operation="capable" profile="/usr/sbin/cups-browsed" pid=495 comm="cups-browsed" capability=23  capname="sys_nice"
[    7.564321] pcnet32 0000:00:03.0 enp0s3: link up, 100Mbps, full-duplex
[    7.600802] e1000: enp0s8 NIC Link is Up 1000 Mbps Full Duplex, Flow Control: RX
[    7.601077] IPv6: ADDRCONF(NETDEV_CHANGE): enp0s8: link becomes ready
[    7.612856] e1000: enp0s9 NIC Link is Up 1000 Mbps Full Duplex, Flow Control: RX
[    7.613149] IPv6: ADDRCONF(NETDEV_CHANGE): enp0s9: link becomes ready
[    8.171857] device enp0s3 entered promiscuous mode
[    8.192930] audit: type=1400 audit(1768148796.984:42): apparmor="DENIED" operation="open" profile="/usr/sbin/tcpdump" name="/proc/sys/kernel/random/boot_id" pid=659 comm="tcpdump" requested_mask="r" denied_mask="r" fsuid=0 ouid=0
[    8.193267] audit: type=1400 audit(1768148796.984:43): apparmor="DENIED" operation="open" profile="/usr/sbin/tcpdump" name="/proc/sys/kernel/random/boot_id" pid=659 comm="tcpdump" requested_mask="r" denied_mask="r" fsuid=0 ouid=0
[    8.193424] audit: type=1400 audit(1768148796.984:44): apparmor="DENIED" operation="open" profile="/usr/sbin/tcpdump" name="/proc/sys/kernel/random/boot_id" pid=659 comm="tcpdump" requested_mask="r" denied_mask="r" fsuid=0 ouid=0
[    8.193478] audit: type=1400 audit(1768148796.984:45): apparmor="DENIED" operation="open" profile="/usr/sbin/tcpdump" name="/proc/sys/kernel/random/boot_id" pid=659 comm="tcpdump" requested_mask="r" denied_mask="r" fsuid=0 ouid=0
[    8.208055] audit: type=1400 audit(1768148797.004:46): apparmor="DENIED" operation="open" profile="/usr/sbin/tcpdump" name="/proc/sys/kernel/random/boot_id" pid=663 comm="tcpdump" requested_mask="r" denied_mask="r" fsuid=0 ouid=0
[    8.208283] audit: type=1400 audit(1768148797.004:47): apparmor="DENIED" operation="open" profile="/usr/sbin/tcpdump" name="/proc/sys/kernel/random/boot_id" pid=663 comm="tcpdump" requested_mask="r" denied_mask="r" fsuid=0 ouid=0
[    8.208325] audit: type=1400 audit(1768148797.004:48): apparmor="DENIED" operation="open" profile="/usr/sbin/tcpdump" name="/proc/sys/kernel/random/boot_id" pid=663 comm="tcpdump" requested_mask="r" denied_mask="r" fsuid=0 ouid=0
[    8.208417] audit: type=1400 audit(1768148797.004:49): apparmor="DENIED" operation="open" profile="/usr/sbin/tcpdump" name="/proc/sys/kernel/random/boot_id" pid=663 comm="tcpdump" requested_mask="r" denied_mask="r" fsuid=0 ouid=0
[   12.863070] rfkill: input handler disabled
[  578.552970] rfkill: input handler enabled
[  588.386780] rfkill: input handler disabled
[ 1001.251614] device enp0s3 left promiscuous mode
