[    0.000000] Linux version 5.4.243-mptcp (root@ztg) (gcc version 12.2.0 (Debian 12.2.0-14+deb12u1)) #53 SMP Wed Dec 24 23:28:15 CST 2025
[    0.000000] Command line: BOOT_IMAGE=/boot/vmlinuz-5.4.243-mptcp root=UUID=98415a12-53b7-4144-8265-0f7ece09e445 ro quiet splash
[    0.000000] KERNEL supported cpus:
[    0.000000]   Intel GenuineIntel
[    0.000000]   AMD AuthenticAMD
[    0.000000]   Hygon HygonGenuine
[    0.000000]   Centaur CentaurHauls
[    0.000000]   zhaoxin   Shanghai  
[    0.000000] x86/fpu: Supporting XSAVE feature 0x001: 'x87 floating point registers'
[    0.000000] x86/fpu: Supporting XSAVE feature 0x002: 'SSE registers'
[    0.000000] x86/fpu: Supporting XSAVE feature 0x004: 'AVX registers'
[    0.000000] x86/fpu: xstate_offset[2]:  576, xstate_sizes[2]:  256
[    0.000000] x86/fpu: Enabled xstate features 0x7, context size is 832 bytes, using 'standard' format.
[    0.000000] BIOS-provided physical RAM map:
[    0.000000] BIOS-e820: [mem 0x0000000000000000-0x000000000009fbff] usable
[    0.000000] BIOS-e820: [mem 0x000000000009fc00-0x000000000009ffff] reserved
[    0.000000] BIOS-e820: [mem 0x00000000000f0000-0x00000000000fffff] reserved
[    0.000000] BIOS-e820: [mem 0x0000000000100000-0x000000007ffeffff] usable
[    0.000000] BIOS-e820: [mem 0x000000007fff0000-0x000000007fffffff] ACPI data
[    0.000000] BIOS-e820: [mem 0x00000000fec00000-0x00000000fec00fff] reserved
[    0.000000] BIOS-e820: [mem 0x00000000fee00000-0x00000000fee00fff] reserved
[    0.000000] BIOS-e820: [mem 0x00000000fffc0000-0x00000000ffffffff] reserved
[    0.000000] NX (Execute Disable) protection: active
[    0.000000] SMBIOS 2.5 present.
[    0.000000] DMI: innotek GmbH VirtualBox/VirtualBox, BIOS VirtualBox 12/01/2006
[    0.000000] Hypervisor detected: KVM
[    0.000000] kvm-clock: Using msrs 4b564d01 and 4b564d00
[    0.000000] kvm-clock: cpu 0, msr 53e01001, primary cpu clock
[    0.000000] kvm-clock: using sched offset of 4452136753 cycles
[    0.000003] clocksource: kvm-clock: mask: 0xffffffffffffffff max_cycles: 0x1cd42e4dffb, max_idle_ns: 881590591483 ns
[    0.000005] tsc: Detected 2100.000 MHz processor
[    0.001883] e820: update [mem 0x00000000-0x00000fff] usable ==> reserved
[    0.001885] e820: remove [mem 0x000a0000-0x000fffff] usable
[    0.001889] last_pfn = 0x7fff0 max_arch_pfn = 0x400000000
[    0.001957] MTRR default type: uncachable
[    0.001958] MTRR fixed ranges enabled:
[    0.001959]   00000-9FFFF write-back
[    0.001960]   A0000-BFFFF uncachable
[    0.001960]   C0000-FFFFF write-protect
[    0.001961] MTRR variable ranges enabled:
[    0.001963]   0 base 000000000000 mask 3FFF80000000 write-back
[    0.001963]   1 disabled
[    0.001964]   2 disabled
[    0.001964]   3 disabled
[    0.001965]   4 disabled
[    0.001965]   5 disabled
[    0.001965]   6 disabled
[    0.001966]   7 disabled
[    0.001966]   8 disabled
[    0.001967]   9 disabled
[    0.001967]   10 disabled
[    0.001968]   11 disabled
[    0.001968]   12 disabled
[    0.001968]   13 disabled
[    0.001969]   14 disabled
[    0.001969]   15 disabled
[    0.001986] x86/PAT: Configuration [0-7]: WB  WC  UC- UC  WB  WP  UC- WT  
[    0.002119] found SMP MP-table at [mem 0x0009fff0-0x0009ffff]
[    0.093297] check: Scanning 1 areas for low memory corruption
[    0.093578] RAMDISK: [mem 0x32271000-0x3512ffff]
[    0.093586] ACPI: Early table checksum verification disabled
[    0.093591] ACPI: RSDP 0x00000000000E0000 000024 (v02 VBOX  )
[    0.093596] ACPI: XSDT 0x000000007FFF0030 00003C (v01 VBOX   VBOXXSDT 00000001 ASL  00000061)
[    0.093603] ACPI: FACP 0x000000007FFF00F0 0000F4 (v04 VBOX   VBOXFACP 00000001 ASL  00000061)
[    0.093609] ACPI: DSDT 0x000000007FFF02E0 002353 (v02 VBOX   VBOXBIOS 00000002 VBOX 00029BF3)
[    0.093613] ACPI: FACS 0x000000007FFF0200 000040
[    0.093617] ACPI: FACS 0x000000007FFF0200 000040
[    0.093620] ACPI: APIC 0x000000007FFF0240 000054 (v02 VBOX   VBOXAPIC 00000001 ASL  00000061)
[    0.093624] ACPI: SSDT 0x000000007FFF02A0 000038 (v01 VBOX   VBOXCPUT 00000002 VBOX 00029BF3)
[    0.093627] ACPI: Reserving FACP table memory at [mem 0x7fff00f0-0x7fff01e3]
[    0.093628] ACPI: Reserving DSDT table memory at [mem 0x7fff02e0-0x7fff2632]
[    0.093628] ACPI: Reserving FACS table memory at [mem 0x7fff0200-0x7fff023f]
[    0.093629] ACPI: Reserving FACS table memory at [mem 0x7fff0200-0x7fff023f]
[    0.093630] ACPI: Reserving APIC table memory at [mem 0x7fff0240-0x7fff0293]
[    0.093630] ACPI: Reserving SSDT table memory at [mem 0x7fff02a0-0x7fff02d7]
[    0.093645] ACPI: Local APIC address 0xfee00000
[    0.093833] No NUMA configuration found
[    0.093834] Faking a node at [mem 0x0000000000000000-0x000000007ffeffff]
[    0.093844] NODE_DATA(0) allocated [mem 0x7ffc5000-0x7ffeffff]
[    0.094104] Zone ranges:
[    0.094105]   DMA      [mem 0x0000000000001000-0x0000000000ffffff]
[    0.094106]   DMA32    [mem 0x0000000001000000-0x000000007ffeffff]
[    0.094107]   Normal   empty
[    0.094108]   Device   empty
[    0.094109] Movable zone start for each node
[    0.094111] Early memory node ranges
[    0.094111]   node   0: [mem 0x0000000000001000-0x000000000009efff]
[    0.094112]   node   0: [mem 0x0000000000100000-0x000000007ffeffff]
[    0.094115] Zeroed struct page in unavailable ranges: 114 pages
[    0.094116] Initmem setup node 0 [mem 0x0000000000001000-0x000000007ffeffff]
[    0.094117] On node 0 totalpages: 524174
[    0.094118]   DMA zone: 64 pages used for memmap
[    0.094119]   DMA zone: 21 pages reserved
[    0.094120]   DMA zone: 3998 pages, LIFO batch:0
[    0.094192]   DMA32 zone: 8128 pages used for memmap
[    0.094193]   DMA32 zone: 520176 pages, LIFO batch:63
[    0.103126] ACPI: PM-Timer IO Port: 0x4008
[    0.103130] ACPI: Local APIC address 0xfee00000
[    0.103199] IOAPIC[0]: apic_id 1, version 32, address 0xfec00000, GSI 0-23
[    0.103203] ACPI: INT_SRC_OVR (bus 0 bus_irq 0 global_irq 2 dfl dfl)
[    0.103204] ACPI: INT_SRC_OVR (bus 0 bus_irq 9 global_irq 9 low level)
[    0.103206] ACPI: IRQ0 used by override.
[    0.103208] ACPI: IRQ9 used by override.
[    0.103210] Using ACPI (MADT) for SMP configuration information
[    0.103217] smpboot: Allowing 1 CPUs, 0 hotplug CPUs
[    0.103240] PM: Registered nosave memory: [mem 0x00000000-0x00000fff]
[    0.103241] PM: Registered nosave memory: [mem 0x0009f000-0x0009ffff]
[    0.103242] PM: Registered nosave memory: [mem 0x000a0000-0x000effff]
[    0.103243] PM: Registered nosave memory: [mem 0x000f0000-0x000fffff]
[    0.103244] [mem 0x80000000-0xfebfffff] available for PCI devices
[    0.103245] Booting paravirtualized kernel on KVM
[    0.103247] clocksource: refined-jiffies: mask: 0xffffffff max_cycles: 0xffffffff, max_idle_ns: 7645519600211568 ns
[    0.103252] setup_percpu: NR_CPUS:8192 nr_cpumask_bits:1 nr_cpu_ids:1 nr_node_ids:1
[    0.104266] percpu: Embedded 60 pages/cpu s208896 r8192 d28672 u2097152
[    0.104271] pcpu-alloc: s208896 r8192 d28672 u2097152 alloc=1*2097152
[    0.104272] pcpu-alloc: [0] 0 
[    0.104299] Built 1 zonelists, mobility grouping on.  Total pages: 515961
[    0.104300] Policy zone: DMA32
[    0.104301] Kernel command line: BOOT_IMAGE=/boot/vmlinuz-5.4.243-mptcp root=UUID=98415a12-53b7-4144-8265-0f7ece09e445 ro quiet splash
[    0.105148] Dentry cache hash table entries: 262144 (order: 9, 2097152 bytes, linear)
[    0.105294] Inode-cache hash table entries: 131072 (order: 8, 1048576 bytes, linear)
[    0.105344] mem auto-init: stack:off, heap alloc:on, heap free:off
[    0.105346] Calgary: detecting Calgary via BIOS EBDA area
[    0.105347] Calgary: Unable to locate Rio Grande table in EBDA - bailing!
[    0.109448] Memory: 1967332K/2096696K available (14339K kernel code, 2398K rwdata, 4712K rodata, 2728K init, 17260K bss, 129364K reserved, 0K cma-reserved)
[    0.110410] SLUB: HWalign=64, Order=0-3, MinObjects=0, CPUs=1, Nodes=1
[    0.110427] ftrace: allocating 43186 entries in 169 pages
[    0.128493] rcu: Hierarchical RCU implementation.
[    0.128494] rcu: 	RCU restricting CPUs from NR_CPUS=8192 to nr_cpu_ids=1.
[    0.128495] 	Tasks RCU enabled.
[    0.128496] rcu: RCU calculated value of scheduler-enlistment delay is 25 jiffies.
[    0.128497] rcu: Adjusting geometry for rcu_fanout_leaf=16, nr_cpu_ids=1
[    0.131460] NR_IRQS: 524544, nr_irqs: 256, preallocated irqs: 16
[    0.131675] random: crng init done
[    0.140944] Console: colour VGA+ 80x25
[    0.140948] printk: console [tty0] enabled
[    0.140966] ACPI: Core revision 20190816
[    0.141060] APIC: Switch to symmetric I/O mode setup
[    0.141310] x2apic enabled
[    0.141557] Switched APIC routing to physical x2apic.
[    0.142696] ..TIMER: vector=0x30 apic1=0 pin1=2 apic2=-1 pin2=-1
[    0.142721] clocksource: tsc-early: mask: 0xffffffffffffffff max_cycles: 0x1e4530a99b6, max_idle_ns: 440795257976 ns
[    0.142726] Calibrating delay loop (skipped) preset value.. 4200.00 BogoMIPS (lpj=8400000)
[    0.142729] pid_max: default: 32768 minimum: 301
[    0.142755] LSM: Security Framework initializing
[    0.142765] Yama: becoming mindful.
[    0.142790] AppArmor: AppArmor initialized
[    0.142824] Mount-cache hash table entries: 4096 (order: 3, 32768 bytes, linear)
[    0.142830] Mountpoint-cache hash table entries: 4096 (order: 3, 32768 bytes, linear)
[    0.142840] *** VALIDATE tmpfs ***
[    0.142970] *** VALIDATE proc ***
[    0.143009] *** VALIDATE cgroup1 ***
[    0.143010] *** VALIDATE cgroup2 ***
[    0.143150] process: using mwait in idle threads
[    0.143155] Last level iTLB entries: 4KB 64, 2MB 8, 4MB 8
[    0.143155] Last level dTLB entries: 4KB 64, 2MB 0, 4MB 0, 1GB 4
[    0.143175] Spectre V1 : Mitigation: usercopy/swapgs barriers and __user pointer sanitization
[    0.143180] Spectre V2 : Mitigation: Retpolines
[    0.143180] Spectre V2 : Spectre v2 / SpectreRSB mitigation: Filling RSB on context switch
[    0.143181] Spectre V2 : Spectre v2 / SpectreRSB : Filling RSB on VMEXIT
[    0.143181] RETBleed: WARNING: Spectre v2 mitigation leaves CPU vulnerable to RETBleed attacks, data leaks possible!
[    0.143538] RETBleed: Vulnerable
[    0.143539] Speculative Store Bypass: Vulnerable
[    0.143544] TAA: Mitigation: TSX disabled
[    0.143544] MMIO Stale Data: Mitigation: Clear CPU buffers
[    0.147754] Freeing SMP alternatives memory: 40K
[    0.260306] smpboot: CPU0: Intel(R) Xeon(R) Silver 4216 CPU @ 2.10GHz (family: 0x6, model: 0x55, stepping: 0x7)
[    0.260434] Performance Events: unsupported p6 CPU model 85 no PMU driver, software events only.
[    0.260472] rcu: Hierarchical SRCU implementation.
[    0.260951] NMI watchdog: Perf NMI watchdog permanently disabled
[    0.260989] smp: Bringing up secondary CPUs ...
[    0.260990] smp: Brought up 1 node, 1 CPU
[    0.260991] smpboot: Max logical packages: 1
[    0.260992] smpboot: Total of 1 processors activated (4200.00 BogoMIPS)
[    0.261971] devtmpfs: initialized
[    0.262018] x86/mm: Memory block size: 128MB
[    0.262368] clocksource: jiffies: mask: 0xffffffff max_cycles: 0xffffffff, max_idle_ns: 7645041785100000 ns
[    0.262374] futex hash table entries: 256 (order: 2, 16384 bytes, linear)
[    0.262415] pinctrl core: initialized pinctrl subsystem
[    0.262519] PM: RTC time: 21:31:43, date: 2026-01-12
[    0.262626] NET: Registered protocol family 16
[    0.262700] audit: initializing netlink subsys (disabled)
[    0.262723] EISA bus registered
[    0.262723] cpuidle: using governor ladder
[    0.262723] cpuidle: using governor menu
[    0.262723] ACPI: bus type PCI registered
[    0.262723] acpiphp: ACPI Hot Plug PCI Controller Driver version: 0.5
[    0.262723] PCI: Using configuration type 1 for base access
[    0.263069] audit: type=2000 audit(1768224709.628:1): state=initialized audit_enabled=0 res=1
[    0.263148] HugeTLB registered 2.00 MiB page size, pre-allocated 0 pages
[    0.263965] ACPI: Added _OSI(Module Device)
[    0.263966] ACPI: Added _OSI(Processor Device)
[    0.263966] ACPI: Added _OSI(3.0 _SCP Extensions)
[    0.263967] ACPI: Added _OSI(Processor Aggregator Device)
[    0.263968] ACPI: Added _OSI(Linux-Dell-Video)
[    0.263969] ACPI: Added _OSI(Linux-Lenovo-NV-HDMI-Audio)
[    0.263970] ACPI: Added _OSI(Linux-HPI-Hybrid-Graphics)
[    0.265984] ACPI: 2 ACPI AML tables successfully acquired and loaded
[    0.267529] ACPI: Interpreter enabled
[    0.267538] ACPI: (supports S0 S5)
[    0.267539] ACPI: Using IOAPIC for interrupt routing
[    0.267747] PCI: Using host bridge windows from ACPI; if necessary, use "pci=nocrs" and report a bug
[    0.267852] ACPI: Enabled 2 GPEs in block 00 to 07
[    0.272939] ACPI: PCI Root Bridge [PCI0] (domain 0000 [bus 00-ff])
[    0.272944] acpi PNP0A03:00: _OSC: OS supports [ASPM ClockPM Segments MSI HPX-Type3]
[    0.273390] acpi PNP0A03:00: _OSC: not requesting OS control; OS requires [ExtendedConfig ASPM ClockPM MSI]
[    0.273398] acpi PNP0A03:00: fail to add MMCONFIG information, can't access extended PCI configuration space under this bridge.
[    0.273784] PCI host bridge to bus 0000:00
[    0.273787] pci_bus 0000:00: root bus resource [io  0x0000-0x0cf7 window]
[    0.273788] pci_bus 0000:00: root bus resource [io  0x0d00-0xffff window]
[    0.273789] pci_bus 0000:00: root bus resource [mem 0x000a0000-0x000bffff window]
[    0.273790] pci_bus 0000:00: root bus resource [mem 0x80000000-0xfdffffff window]
[    0.273792] pci_bus 0000:00: root bus resource [bus 00-ff]
[    0.273836] pci 0000:00:00.0: [8086:1237] type 00 class 0x060000
[    0.274806] pci 0000:00:01.0: [8086:7000] type 00 class 0x060100
[    0.275551] pci 0000:00:01.1: [8086:7111] type 00 class 0x01018a
[    0.275927] pci 0000:00:01.1: reg 0x20: [io  0xd000-0xd00f]
[    0.276083] pci 0000:00:01.1: legacy IDE quirk: reg 0x10: [io  0x01f0-0x01f7]
[    0.276084] pci 0000:00:01.1: legacy IDE quirk: reg 0x14: [io  0x03f6]
[    0.276085] pci 0000:00:01.1: legacy IDE quirk: reg 0x18: [io  0x0170-0x0177]
[    0.276086] pci 0000:00:01.1: legacy IDE quirk: reg 0x1c: [io  0x0376]
[    0.276629] pci 0000:00:02.0: [15ad:0405] type 00 class 0x030000
[    0.278808] pci 0000:00:02.0: reg 0x10: [io  0xd010-0xd01f]
[    0.282771] pci 0000:00:02.0: reg 0x14: [mem 0xe0000000-0xe7ffffff pref]
[    0.285455] pci 0000:00:02.0: reg 0x18: [mem 0xf0000000-0xf01fffff]
[    0.295514] pci 0000:00:03.0: [1022:2000] type 00 class 0x020000
[    0.296196] pci 0000:00:03.0: reg 0x10: [io  0xd020-0xd03f]
[    0.296825] pci 0000:00:03.0: reg 0x14: [mem 0xf0200000-0xf0200fff]
[    0.301798] pci 0000:00:04.0: [80ee:cafe] type 00 class 0x088000
[    0.302481] pci 0000:00:04.0: reg 0x10: [io  0xd040-0xd05f]
[    0.302841] pci 0000:00:04.0: reg 0x14: [mem 0xf0400000-0xf07fffff]
[    0.303452] pci 0000:00:04.0: reg 0x18: [mem 0xf0800000-0xf0803fff pref]
[    0.306771] pci 0000:00:07.0: [8086:7113] type 00 class 0x068000
[    0.307320] pci 0000:00:07.0: quirk: [io  0x4000-0x403f] claimed by PIIX4 ACPI
[    0.307330] pci 0000:00:07.0: quirk: [io  0x4100-0x410f] claimed by PIIX4 SMB
[    0.307940] pci 0000:00:08.0: [8086:100e] type 00 class 0x020000
[    0.308647] pci 0000:00:08.0: reg 0x10: [mem 0xf0820000-0xf083ffff]
[    0.309819] pci 0000:00:08.0: reg 0x18: [io  0xd060-0xd067]
[    0.313958] pci 0000:00:09.0: [8086:100e] type 00 class 0x020000
[    0.314672] pci 0000:00:09.0: reg 0x10: [mem 0xf0840000-0xf085ffff]
[    0.315406] pci 0000:00:09.0: reg 0x18: [io  0xd068-0xd06f]
[    0.323873] ACPI: PCI Interrupt Link [LNKA] (IRQs 5 9 10 *11)
[    0.326980] ACPI: PCI Interrupt Link [LNKB] (IRQs 5 9 *10 11)
[    0.327082] ACPI: PCI Interrupt Link [LNKC] (IRQs 5 *9 10 11)
[    0.327188] ACPI: PCI Interrupt Link [LNKD] (IRQs 5 9 10 *11)
[    0.327447] iommu: Default domain type: Translated 
[    0.327510] pci 0000:00:02.0: vgaarb: setting as boot VGA device
[    0.327512] pci 0000:00:02.0: vgaarb: VGA device added: decodes=io+mem,owns=io+mem,locks=none
[    0.327514] pci 0000:00:02.0: vgaarb: bridge control possible
[    0.327515] vgaarb: loaded
[    0.327724] SCSI subsystem initialized
[    0.327756] libata version 3.00 loaded.
[    0.327781] ACPI: bus type USB registered
[    0.327796] usbcore: registered new interface driver usbfs
[    0.327802] usbcore: registered new interface driver hub
[    0.327807] usbcore: registered new device driver usb
[    0.327834] pps_core: LinuxPPS API ver. 1 registered
[    0.327835] pps_core: Software ver. 5.3.6 - Copyright 2005-2007 Rodolfo Giometti <giometti@linux.it>
[    0.327837] PTP clock support registered
[    0.327869] EDAC MC: Ver: 3.0.0
[    0.328152] PCI: Using ACPI for IRQ routing
[    0.328153] PCI: pci_cache_line_size set to 64 bytes
[    0.328324] e820: reserve RAM buffer [mem 0x0009fc00-0x0009ffff]
[    0.328328] e820: reserve RAM buffer [mem 0x7fff0000-0x7fffffff]
[    0.329111] NetLabel: Initializing
[    0.329112] NetLabel:  domain hash size = 128
[    0.329112] NetLabel:  protocols = UNLABELED CIPSOv4 CALIPSO
[    0.329132] NetLabel:  unlabeled traffic allowed by default
[    0.330028] clocksource: Switched to clocksource kvm-clock
[    0.341134] *** VALIDATE bpf ***
[    0.341193] VFS: Disk quotas dquot_6.6.0
[    0.341206] VFS: Dquot-cache hash table entries: 512 (order 0, 4096 bytes)
[    0.341228] *** VALIDATE ramfs ***
[    0.341232] *** VALIDATE hugetlbfs ***
[    0.341310] AppArmor: AppArmor Filesystem Enabled
[    0.341333] pnp: PnP ACPI init
[    0.341398] pnp 00:00: Plug and Play ACPI device, IDs PNP0303 (active)
[    0.341465] pnp 00:01: Plug and Play ACPI device, IDs PNP0f03 (active)
[    0.342210] pnp: PnP ACPI: found 2 devices
[    0.343211] thermal_sys: Registered thermal governor 'fair_share'
[    0.343212] thermal_sys: Registered thermal governor 'bang_bang'
[    0.343213] thermal_sys: Registered thermal governor 'step_wise'
[    0.343213] thermal_sys: Registered thermal governor 'user_space'
[    0.343214] thermal_sys: Registered thermal governor 'power_allocator'
[    0.347742] clocksource: acpi_pm: mask: 0xffffff max_cycles: 0xffffff, max_idle_ns: 2085701024 ns
[    0.347782] pci_bus 0000:00: resource 4 [io  0x0000-0x0cf7 window]
[    0.347784] pci_bus 0000:00: resource 5 [io  0x0d00-0xffff window]
[    0.347785] pci_bus 0000:00: resource 6 [mem 0x000a0000-0x000bffff window]
[    0.347786] pci_bus 0000:00: resource 7 [mem 0x80000000-0xfdffffff window]
[    0.347844] NET: Registered protocol family 2
[    0.347918] IP idents hash table entries: 32768 (order: 6, 262144 bytes, linear)
[    0.348323] MPTCP tokens hash table entries: 8192 (order: 4, 65536 bytes, linear)
[    0.348344] MPTCP request tokens hash table entries: 8192 (order: 4, 65536 bytes, linear)
[    0.348368] default registered
[    0.348369] default registered
[    0.348369] MPTCP: Stable release v0.96
[    0.348374] tcp_listen_portaddr_hash hash table entries: 1024 (order: 2, 16384 bytes, linear)
[    0.348458] TCP established hash table entries: 16384 (order: 5, 131072 bytes, linear)
[    0.348524] TCP bind hash table entries: 16384 (order: 6, 262144 bytes, linear)
[    0.348550] TCP: Hash tables configured (established 16384 bind 16384)
[    0.349247] UDP hash table entries: 1024 (order: 3, 32768 bytes, linear)
[    0.349258] UDP-Lite hash table entries: 1024 (order: 3, 32768 bytes, linear)
[    0.349291] NET: Registered protocol family 1
[    0.349300] NET: Registered protocol family 44
[    0.349322] pci 0000:00:00.0: Limiting direct PCI/PCI transfers
[    0.349334] pci 0000:00:01.0: Activating ISA DMA hang workarounds
[    0.349385] pci 0000:00:02.0: Video device with shadowed ROM at [mem 0x000c0000-0x000dffff]
[    0.349448] PCI: CLS 0 bytes, default 64
[    0.349493] Trying to unpack rootfs image as initramfs...
[    0.523250] Freeing initrd memory: 47868K
[    0.523250] clocksource: tsc: mask: 0xffffffffffffffff max_cycles: 0x1e4530a99b6, max_idle_ns: 440795257976 ns
[    0.523250] clocksource: Switched to clocksource tsc
[    0.523250] platform rtc_cmos: registered platform RTC device (no PNP device found)
[    0.523250] check: Scanning for low memory corruption every 60 seconds
[    0.523250] Initialise system trusted keyrings
[    0.523250] Key type blacklist registered
[    0.523250] workingset: timestamp_bits=36 max_order=19 bucket_order=0
[    0.523250] zbud: loaded
[    0.523250] squashfs: version 4.0 (2009/01/31) Phillip Lougher
[    0.523250] fuse: init (API version 7.31)
[    0.523250] *** VALIDATE fuse ***
[    0.523250] *** VALIDATE fuse ***
[    0.523250] Platform Keyring initialized
[    0.535384] Key type asymmetric registered
[    0.535385] Asymmetric key parser 'x509' registered
[    0.535394] Block layer SCSI generic (bsg) driver version 0.4 loaded (major 244)
[    0.535431] io scheduler mq-deadline registered
[    0.535553] shpchp: Standard Hot Plug PCI Controller Driver version: 0.4
[    0.535792] ACPI: AC Adapter [AC] (on-line)
[    0.535838] input: Power Button as /devices/LNXSYSTM:00/LNXPWRBN:00/input/input0
[    0.535867] ACPI: Power Button [PWRF]
[    0.535944] input: Sleep Button as /devices/LNXSYSTM:00/LNXSLPBN:00/input/input1
[    0.535959] ACPI: Sleep Button [SLPF]
[    0.536186] Serial: 8250/16550 driver, 32 ports, IRQ sharing enabled
[    0.537336] Linux agpgart interface v0.103
[    0.631091] loop: module loaded
[    0.631247] ata_piix 0000:00:01.1: version 2.13
[    0.631653] scsi host0: ata_piix
[    0.631744] scsi host1: ata_piix
[    0.631770] ata1: PATA max UDMA/33 cmd 0x1f0 ctl 0x3f6 bmdma 0xd000 irq 14
[    0.631771] ata2: PATA max UDMA/33 cmd 0x170 ctl 0x376 bmdma 0xd008 irq 15
[    0.631850] tun: Universal TUN/TAP device driver, 1.6
[    0.632159] PPP generic driver version 2.4.2
[    0.632201] VFIO - User Level meta-driver version: 0.3
[    0.632438] ehci_hcd: USB 2.0 'Enhanced' Host Controller (EHCI) Driver
[    0.632443] ehci-pci: EHCI PCI platform driver
[    0.632458] ehci-platform: EHCI generic platform driver
[    0.632463] ohci_hcd: USB 1.1 'Open' Host Controller (OHCI) Driver
[    0.632465] ohci-pci: OHCI PCI platform driver
[    0.632472] ohci-platform: OHCI generic platform driver
[    0.632477] uhci_hcd: USB Universal Host Controller Interface driver
[    0.632540] i8042: PNP: PS/2 Controller [PNP0303:PS2K,PNP0f03:PS2M] at 0x60,0x64 irq 1,12
[    0.632982] serio: i8042 KBD port at 0x60,0x64 irq 1
[    0.632985] serio: i8042 AUX port at 0x60,0x64 irq 12
[    0.633072] mousedev: PS/2 mouse device common for all mice
[    0.633320] input: AT Translated Set 2 keyboard as /devices/platform/i8042/serio0/input/input2
[    0.633716] rtc_cmos rtc_cmos: registered as rtc0
[    0.633729] rtc_cmos rtc_cmos: alarms up to one day, 114 bytes nvram
[    0.633734] i2c /dev entries driver
[    0.633778] device-mapper: uevent: version 1.0.3
[    0.633821] device-mapper: ioctl: 4.41.0-ioctl (2019-09-16) initialised: dm-devel@redhat.com
[    0.633837] platform eisa.0: Probing EISA bus 0
[    0.633839] platform eisa.0: EISA: Cannot allocate resource for mainboard
[    0.633840] platform eisa.0: Cannot allocate resource for EISA slot 1
[    0.633841] platform eisa.0: Cannot allocate resource for EISA slot 2
[    0.633842] platform eisa.0: Cannot allocate resource for EISA slot 3
[    0.633843] platform eisa.0: Cannot allocate resource for EISA slot 4
[    0.633844] platform eisa.0: Cannot allocate resource for EISA slot 5
[    0.633845] platform eisa.0: Cannot allocate resource for EISA slot 6
[    0.633846] platform eisa.0: Cannot allocate resource for EISA slot 7
[    0.633847] platform eisa.0: Cannot allocate resource for EISA slot 8
[    0.633848] platform eisa.0: EISA: Detected 0 cards
[    0.633850] intel_pstate: CPU model not supported
[    0.633859] ledtrig-cpu: registered to indicate activity on CPUs
[    0.633913] drop_monitor: Initializing network drop monitor service
[    0.634073] NET: Registered protocol family 10
[    0.639213] Segment Routing with IPv6
[    0.639213] fullmesh registered
[    0.639213] ndiffports registered
[    0.639213] binder registered
[    0.639213] roundrobin registered
[    0.639213] redundant registered
[    0.639213] blest registered
[    0.639213] ecf registered
[    0.639213] NET: Registered protocol family 17
[    0.639213] Key type dns_resolver registered
[    0.639213] RAS: Correctable Errors collector initialized.
[    0.639213] IPI shorthand broadcast: enabled
[    0.639213] sched_clock: Marking stable (624155364, 11058031)->(637676765, -2463370)
[    0.639475] registered taskstats version 1
[    0.639484] Loading compiled-in X.509 certificates
[    0.640070] Loaded X.509 cert 'Build time autogenerated kernel key: 6909f3744cebb3d0de528d5887b96a727de79b1e'
[    0.640089] zswap: loaded using pool lzo/zbud
[    0.640142] Key type ._fscrypt registered
[    0.640143] Key type .fscrypt registered
[    0.644578] Key type big_key registered
[    0.646771] Key type encrypted registered
[    0.646774] AppArmor: AppArmor sha1 policy hashing enabled
[    0.646780] ima: No TPM chip found, activating TPM-bypass!
[    0.646784] ima: Allocated hash algorithm: sha1
[    0.646789] ima: No architecture policies found
[    0.646798] evm: Initialising EVM extended attributes:
[    0.646799] evm: security.selinux
[    0.646799] evm: security.SMACK64
[    0.646799] evm: security.SMACK64EXEC
[    0.646800] evm: security.SMACK64TRANSMUTE
[    0.646800] evm: security.SMACK64MMAP
[    0.646801] evm: security.apparmor
[    0.646801] evm: security.ima
[    0.646802] evm: security.capability
[    0.646802] evm: HMAC attrs: 0x1
[    0.647095] PM:   Magic number: 10:576:550
[    0.647105] tty ttyS26: hash matches
[    0.647134] acpi PNP0C0F:01: hash matches
[    0.647224] rtc_cmos rtc_cmos: setting system clock to 2026-01-12T21:31:44 UTC (1768253504)
[    0.804270] ata1.00: ATA-6: VBOX HARDDISK, 1.0, max UDMA/133
[    0.804274] ata1.00: 209715200 sectors, multi 128: LBA 
[    0.804943] scsi 0:0:0:0: Direct-Access     ATA      VBOX HARDDISK    1.0  PQ: 0 ANSI: 5
[    0.805244] sd 0:0:0:0: [sda] 209715200 512-byte logical blocks: (107 GB/100 GiB)
[    0.805257] sd 0:0:0:0: [sda] Write Protect is off
[    0.805260] sd 0:0:0:0: [sda] Mode Sense: 00 3a 00 00
[    0.805280] sd 0:0:0:0: [sda] Write cache: enabled, read cache: enabled, doesn't support DPO or FUA
[    0.805611] sd 0:0:0:0: Attached scsi generic sg0 type 0
[    0.806447]  sda: sda1 sda2
[    0.815398] sd 0:0:0:0: [sda] Attached SCSI disk
[    0.819868] Freeing unused decrypted memory: 2040K
[    0.821034] Freeing unused kernel image memory: 2728K
[    0.821037] Write protecting the kernel read-only data: 22528k
[    0.822275] Freeing unused kernel image memory: 2036K
[    0.822957] Freeing unused kernel image memory: 1432K
[    0.857326] x86/mm: Checked W+X mappings: passed, no W+X pages found.
[    0.857334] Run /init as init process
[    0.975803] ACPI: Video Device [GFX0] (multi-head: yes  rom: no  post: no)
[    0.975876] input: Video Bus as /devices/LNXSYSTM:00/LNXSYBUS:00/PNP0A03:00/LNXVIDEO:00/input/input4
[    0.994124] piix4_smbus 0000:00:07.0: SMBus Host Controller at 0x4100, revision 0
[    0.997621] e1000: Intel(R) PRO/1000 Network Driver - version 7.3.21-k8-NAPI
[    0.997621] e1000: Copyright (c) 1999-2006 Intel Corporation.
[    0.999097] pcnet32: pcnet32.c:v1.35 21.Apr.2008 tsbogend@alpha.franken.de
[    1.010427] pcnet32: PCnet/FAST III 79C973 at 0xd020, 08:00:27:d6:53:c8 assigned IRQ 19
[    1.010470] pcnet32: Found PHY 0022:561b at address 0
[    1.010820] pcnet32: eth0: registered as PCnet/FAST III 79C973
[    1.015421] pcnet32: 1 cards_found
[    1.076508] pcnet32 0000:00:03.0 enp0s3: renamed from eth0
[    1.209136] input: ImExPS/2 Generic Explorer Mouse as /devices/platform/i8042/serio1/input/input5
[    1.415570] e1000 0000:00:08.0 eth0: (PCI:33MHz:32-bit) 08:00:27:d2:26:83
[    1.415574] e1000 0000:00:08.0 eth0: Intel(R) PRO/1000 Network Connection
[    1.787393] e1000 0000:00:09.0 eth1: (PCI:33MHz:32-bit) 08:00:27:4c:ae:a6
[    1.787396] e1000 0000:00:09.0 eth1: Intel(R) PRO/1000 Network Connection
[    1.788538] e1000 0000:00:09.0 enp0s9: renamed from eth1
[    1.790316] e1000 0000:00:08.0 enp0s8: renamed from eth0
[    1.935487] EXT4-fs (sda2): mounted filesystem with ordered data mode. Opts: (null)
[    2.025978] systemd[1]: Inserted module 'autofs4'
[    2.038072] systemd[1]: systemd 245.4-4ubuntu3 running in system mode. (+PAM +AUDIT +SELINUX +IMA +APPARMOR +SMACK +SYSVINIT +UTMP +LIBCRYPTSETUP +GCRYPT +GNUTLS +ACL +XZ +LZ4 +SECCOMP +BLKID +ELFUTILS +KMOD +IDN2 -IDN +PCRE2 default-hierarchy=hybrid)
[    2.038102] systemd[1]: Detected virtualization oracle.
[    2.038105] systemd[1]: Detected architecture x86-64.
[    2.039467] systemd[1]: Set hostname to <ztg>.
[    2.162548] systemd[1]: /lib/systemd/system/dbus.socket:5: ListenStream= references a path below legacy directory /var/run/, updating /var/run/dbus/system_bus_socket â†’ /run/dbus/system_bus_socket; please update the unit file accordingly.
[    2.213187] systemd[1]: Created slice system-modprobe.slice.
[    2.213368] systemd[1]: Created slice User and Session Slice.
[    2.213411] systemd[1]: Started Forward Password Requests to Wall Directory Watch.
[    2.213574] systemd[1]: Set up automount Arbitrary Executable File Formats File System Automount Point.
[    2.213609] systemd[1]: Reached target User and Group Name Lookups.
[    2.213618] systemd[1]: Reached target Remote File Systems.
[    2.213626] systemd[1]: Reached target Slices.
[    2.214125] systemd[1]: Listening on Syslog Socket.
[    2.214190] systemd[1]: Listening on fsck to fsckd communication Socket.
[    2.214228] systemd[1]: Listening on initctl Compatibility Named Pipe.
[    2.214364] systemd[1]: Listening on Journal Audit Socket.
[    2.214415] systemd[1]: Listening on Journal Socket (/dev/log).
[    2.214483] systemd[1]: Listening on Journal Socket.
[    2.214550] systemd[1]: Listening on udev Control Socket.
[    2.214588] systemd[1]: Listening on udev Kernel Socket.
[    2.215376] systemd[1]: Mounting Huge Pages File System...
[    2.216276] systemd[1]: Mounting POSIX Message Queue File System...
[    2.217154] systemd[1]: Mounting Kernel Debug File System...
[    2.218002] systemd[1]: Mounting Kernel Trace File System...
[    2.219925] systemd[1]: Starting Journal Service...
[    2.241352] systemd[1]: Starting Set the console keyboard layout...
[    2.249396] systemd[1]: Starting Create list of static device nodes for the current kernel...
[    2.251445] systemd[1]: Starting Load Kernel Module drm...
[    2.252563] systemd[1]: Condition check resulted in Set Up Additional Binary Formats being skipped.
[    2.252604] systemd[1]: Condition check resulted in File System Check on Root Device being skipped.
[    2.265717] systemd[1]: Starting Load Kernel Modules...
[    2.270993] systemd[1]: Starting Remount Root and Kernel File Systems...
[    2.280388] systemd[1]: Starting udev Coldplug all Devices...
[    2.289927] systemd[1]: Starting Uncomplicated firewall...
[    2.292352] systemd[1]: Mounted Huge Pages File System.
[    2.292445] systemd[1]: Mounted POSIX Message Queue File System.
[    2.292522] systemd[1]: Mounted Kernel Debug File System.
[    2.292592] systemd[1]: Mounted Kernel Trace File System.
[    2.312172] EXT4-fs (sda2): re-mounted. Opts: errors=remount-ro
[    2.335628] systemd[1]: Finished Create list of static device nodes for the current kernel.
[    2.336612] systemd[1]: modprobe@drm.service: Succeeded.
[    2.336979] systemd[1]: Finished Load Kernel Module drm.
[    2.343241] systemd[1]: Finished Remount Root and Kernel File Systems.
[    2.344294] systemd[1]: Finished Uncomplicated firewall.
[    2.360836] lp: driver loaded but no devices found
[    2.362069] systemd[1]: Condition check resulted in Rebuild Hardware Database being skipped.
[    2.362108] systemd[1]: Condition check resulted in Platform Persistent Storage Archival being skipped.
[    2.362750] systemd[1]: Starting Load/Save Random Seed...
[    2.369212] systemd[1]: Starting Create System Users...
[    2.378588] systemd[1]: Finished Load/Save Random Seed.
[    2.379055] ppdev: user-space parallel port driver
[    2.386168] systemd[1]: Finished Create System Users.
[    2.387283] systemd[1]: Starting Create Static Device Nodes in /dev...
[    2.428760] systemd[1]: Finished udev Coldplug all Devices.
[    2.436282] systemd[1]: Finished Create Static Device Nodes in /dev.
[    2.437068] systemd[1]: Starting udev Kernel Device Manager...
[    2.472317] [drm] DMA map mode: Caching DMA mappings.
[    2.472381] [drm] Capabilities:
[    2.472382] [drm]   Rect copy.
[    2.472382] [drm]   Cursor.
[    2.472383] [drm]   Cursor bypass.
[    2.472383] [drm]   Cursor bypass 2.
[    2.472383] [drm]   Alpha cursor.
[    2.472384] [drm]   Extended Fifo.
[    2.472384] [drm]   Pitchlock.
[    2.472384] [drm]   Irq mask.
[    2.472385] [drm]   GMR.
[    2.472385] [drm]   Traces.
[    2.472385] [drm]   GMR2.
[    2.472386] [drm]   Screen Object 2.
[    2.472386] [drm]   Command Buffers.
[    2.472387] [drm]   Command Buffers 2.
[    2.472387] [drm]   Guest Backed Resources.
[    2.472388] [drm] Max GMR ids is 8192
[    2.472388] [drm] Max number of GMR pages is 1048576
[    2.472389] [drm] Max dedicated hypervisor surface memory is 393216 kiB
[    2.472389] [drm] Maximum display memory size is 131072 kiB
[    2.472390] [drm] VRAM at 0xe0000000 size is 131072 kiB
[    2.472391] [drm] MMIO at 0xf0000000 size is 2048 kiB
[    2.473029] [TTM] Zone  kernel: Available graphics memory: 1011738 KiB
[    2.473030] [TTM] Initializing pool allocator
[    2.473034] [TTM] Initializing DMA pool allocator
[    2.473060] [drm] Supports vblank timestamp caching Rev 2 (21.10.2013).
[    2.473061] [drm] No driver support for vblank timestamp query.
[    2.473519] [drm] Screen Target Display device initialized
[    2.473737] [drm] width 720
[    2.473746] [drm] height 400
[    2.473750] [drm] bpp 32
[    2.474265] [drm] Fifo max 0x00200000 min 0x00001000 cap 0x00000355
[    2.475369] [drm] Using command buffers with DMA pool.
[    2.475713] [drm] DX: no.
[    2.475714] [drm] Atomic: yes.
[    2.475715] [drm] SM4_1: no.
[    2.475736] [drm:vmw_host_log [vmwgfx]] *ERROR* Failed to send host log message.
[    2.476789] [drm:vmw_host_log [vmwgfx]] *ERROR* Failed to send host log message.
[    2.485092] fbcon: svgadrmfb (fb0) is primary device
[    2.487363] Console: switching to colour frame buffer device 100x37
[    2.493110] [drm] Initialized vmwgfx 2.15.0 20180704 for 0000:00:02.0 on minor 0
[    2.498003] systemd[1]: Finished Load Kernel Modules.
[    2.498910] systemd[1]: Mounting FUSE Control File System...
[    2.500392] systemd[1]: Mounting Kernel Configuration File System...
[    2.534202] systemd[1]: Starting Apply Kernel Variables...
[    2.536611] systemd[1]: Mounted FUSE Control File System.
[    2.536678] systemd[1]: Condition check resulted in VMware vmblock fuse mount being skipped.
[    2.543309] systemd[1]: Finished Set the console keyboard layout.
[    2.543481] systemd[1]: Mounted Kernel Configuration File System.
[    2.543539] systemd[1]: Reached target Local File Systems (Pre).
[    2.549943] systemd[1]: Mounting Mount unit for bare, revision 5...
[    2.553616] systemd[1]: Mounting Mount unit for core18, revision 1705...
[    2.580121] systemd[1]: Mounting Mount unit for gnome-3-34-1804, revision 24...
[    2.584955] systemd[1]: Mounting Mount unit for gtk-common-themes, revision 1506...
[    2.587733] systemd[1]: Mounting Mount unit for gtk-common-themes, revision 1535...
[    2.596373] systemd[1]: Mounting Mount unit for snap-store, revision 433...
[    2.603052] systemd[1]: Mounting Mount unit for snapd, revision 7264...
[    2.627035] systemd[1]: Finished Apply Kernel Variables.
[    2.629232] systemd[1]: Mounted Mount unit for bare, revision 5.
[    2.636506] systemd[1]: Mounted Mount unit for gnome-3-34-1804, revision 24.
[    2.638203] systemd[1]: Mounted Mount unit for core18, revision 1705.
[    2.665166] systemd[1]: Started udev Kernel Device Manager.
[    2.665953] systemd[1]: Starting Show Plymouth Boot Screen...
[    2.669972] systemd[1]: Received SIGRTMIN+20 from PID 272 (plymouthd).
[    2.693627] systemd[1]: Mounted Mount unit for gtk-common-themes, revision 1506.
[    2.693905] systemd[1]: Started Show Plymouth Boot Screen.
[    2.694085] systemd[1]: Condition check resulted in Dispatch Password Requests to Console Directory Watch being skipped.
[    2.694162] systemd[1]: Started Forward Password Requests to Plymouth Directory Watch.
[    2.694228] systemd[1]: Reached target Local Encrypted Volumes.
[    2.726917] systemd[1]: Mounted Mount unit for snap-store, revision 433.
[    2.758820] systemd[1]: Mounted Mount unit for gtk-common-themes, revision 1535.
[    2.760157] systemd[1]: Mounted Mount unit for snapd, revision 7264.
[    2.760268] systemd[1]: Reached target Local File Systems.
[    2.761051] systemd[1]: Starting Load AppArmor profiles...
[    2.761856] systemd[1]: Starting Set console font and keymap...
[    2.762636] systemd[1]: Starting Tell Plymouth To Write Out Runtime Data...
[    2.762727] systemd[1]: Condition check resulted in Store a System Token in an EFI Variable being skipped.
[    2.762762] systemd[1]: Condition check resulted in Commit a transient machine-id on disk being skipped.
[    2.791196] systemd[1]: Finished Set console font and keymap.
[    2.799821] systemd[1]: Received SIGRTMIN+20 from PID 272 (plymouthd).
[    2.800950] systemd[1]: plymouth-read-write.service: Succeeded.
[    2.801174] systemd[1]: Finished Tell Plymouth To Write Out Runtime Data.
[    2.822198] audit: type=1400 audit(1768253506.668:2): apparmor="STATUS" operation="profile_load" profile="unconfined" name="nvidia_modprobe" pid=300 comm="apparmor_parser"
[    2.822200] audit: type=1400 audit(1768253506.668:3): apparmor="STATUS" operation="profile_load" profile="unconfined" name="nvidia_modprobe//kmod" pid=300 comm="apparmor_parser"
[    2.829397] audit: type=1400 audit(1768253506.676:4): apparmor="STATUS" operation="profile_load" profile="unconfined" name="/usr/sbin/tcpdump" pid=301 comm="apparmor_parser"
[    2.878075] audit: type=1400 audit(1768253506.716:5): apparmor="STATUS" operation="profile_load" profile="unconfined" name="/usr/bin/evince" pid=303 comm="apparmor_parser"
[    2.878078] audit: type=1400 audit(1768253506.716:6): apparmor="STATUS" operation="profile_load" profile="unconfined" name="/usr/bin/evince//sanitized_helper" pid=303 comm="apparmor_parser"
[    2.878079] audit: type=1400 audit(1768253506.716:7): apparmor="STATUS" operation="profile_load" profile="unconfined" name="/usr/bin/evince-previewer" pid=303 comm="apparmor_parser"
[    2.878081] audit: type=1400 audit(1768253506.716:8): apparmor="STATUS" operation="profile_load" profile="unconfined" name="/usr/bin/evince-previewer//sanitized_helper" pid=303 comm="apparmor_parser"
[    2.878082] audit: type=1400 audit(1768253506.716:9): apparmor="STATUS" operation="profile_load" profile="unconfined" name="/usr/bin/evince-thumbnailer" pid=303 comm="apparmor_parser"
[    2.908566] audit: type=1400 audit(1768253506.756:10): apparmor="STATUS" operation="profile_load" profile="unconfined" name="/usr/lib/cups/backend/cups-pdf" pid=304 comm="apparmor_parser"
[    2.971165] systemd[1]: Finished Load AppArmor profiles.
[    2.972105] systemd[1]: Starting Load AppArmor profiles managed internally by snapd...
[    3.036482] systemd[1]: Finished Load AppArmor profiles managed internally by snapd.
[    3.186532] systemd[1]: Started Journal Service.
[    3.193445] systemd-journald[229]: Received client request to flush runtime journal.
[    3.199357] systemd-journald[229]: File /var/log/journal/c455b248004a419c87ce85eea238d727/system.journal corrupted or uncleanly shut down, renaming and replacing.
[    4.472756] RAPL PMU: API unit is 2^-32 Joules, 0 fixed counters, 10737418240 ms ovfl timer
[    4.519833] cryptd: max_cpu_qlen set to 1000
[    4.576951] AVX2 version of gcm_enc/dec engaged.
[    4.576952] AES CTR mode by8 optimization enabled
[    5.439632] Adding 1998844k swap on /dev/sda1.  Priority:-2 extents:1 across:1998844k FS
[    6.244806] kauditd_printk_skb: 30 callbacks suppressed
[    6.244808] audit: type=1400 audit(1768253510.092:41): apparmor="DENIED" operation="capable" profile="/usr/sbin/cups-browsed" pid=497 comm="cups-browsed" capability=23  capname="sys_nice"
[    7.549718] pcnet32 0000:00:03.0 enp0s3: link up, 100Mbps, full-duplex
[    7.586012] e1000: enp0s8 NIC Link is Up 1000 Mbps Full Duplex, Flow Control: RX
[    7.586289] IPv6: ADDRCONF(NETDEV_CHANGE): enp0s8: link becomes ready
[    7.597988] e1000: enp0s9 NIC Link is Up 1000 Mbps Full Duplex, Flow Control: RX
[    7.598281] IPv6: ADDRCONF(NETDEV_CHANGE): enp0s9: link becomes ready
[    8.127560] device enp0s3 entered promiscuous mode
[    8.154494] audit: type=1400 audit(1768253512.000:42): apparmor="DENIED" operation="open" profile="/usr/sbin/tcpdump" name="/proc/sys/kernel/random/boot_id" pid=666 comm="tcpdump" requested_mask="r" denied_mask="r" fsuid=0 ouid=0
[    8.155102] audit: type=1400 audit(1768253512.000:43): apparmor="DENIED" operation="open" profile="/usr/sbin/tcpdump" name="/proc/sys/kernel/random/boot_id" pid=666 comm="tcpdump" requested_mask="r" denied_mask="r" fsuid=0 ouid=0
[    8.155279] audit: type=1400 audit(1768253512.000:44): apparmor="DENIED" operation="open" profile="/usr/sbin/tcpdump" name="/proc/sys/kernel/random/boot_id" pid=666 comm="tcpdump" requested_mask="r" denied_mask="r" fsuid=0 ouid=0
[    8.155836] audit: type=1400 audit(1768253512.000:45): apparmor="DENIED" operation="open" profile="/usr/sbin/tcpdump" name="/proc/sys/kernel/random/boot_id" pid=666 comm="tcpdump" requested_mask="r" denied_mask="r" fsuid=0 ouid=0
[    8.165401] audit: type=1400 audit(1768253512.016:46): apparmor="DENIED" operation="open" profile="/usr/sbin/tcpdump" name="/proc/sys/kernel/random/boot_id" pid=667 comm="tcpdump" requested_mask="r" denied_mask="r" fsuid=0 ouid=0
[    8.166909] audit: type=1400 audit(1768253512.016:47): apparmor="DENIED" operation="open" profile="/usr/sbin/tcpdump" name="/proc/sys/kernel/random/boot_id" pid=667 comm="tcpdump" requested_mask="r" denied_mask="r" fsuid=0 ouid=0
[    8.166950] audit: type=1400 audit(1768253512.016:48): apparmor="DENIED" operation="open" profile="/usr/sbin/tcpdump" name="/proc/sys/kernel/random/boot_id" pid=667 comm="tcpdump" requested_mask="r" denied_mask="r" fsuid=0 ouid=0
[    8.167041] audit: type=1400 audit(1768253512.016:49): apparmor="DENIED" operation="open" profile="/usr/sbin/tcpdump" name="/proc/sys/kernel/random/boot_id" pid=667 comm="tcpdump" requested_mask="r" denied_mask="r" fsuid=0 ouid=0
[   12.710883] rfkill: input handler disabled
[  254.080722] AAAAA-TCP_FORW: name:enp0s3: saddr:16783984: daddr:100932208
[  254.428765] AAAAA-TCP_FORW: name:enp0s3: saddr:16783984: daddr:100932208
[  254.886680] AAAAA-TCP_FORW: name:enp0s3: saddr:16783984: daddr:100932208
[  255.055164] AAAAA-TCP_FORW: name:enp0s3: saddr:16783984: daddr:100932208
[  255.198986] AAAAA-TCP_FORW: name:enp0s3: saddr:33561200: daddr:100932208
[  593.652464] rfkill: input handler enabled
[  602.248060] rfkill: input handler disabled
[  967.808794] device enp0s3 left promiscuous mode
