[    0.000000] Linux version 5.4.243-mptcp (root@ztg) (gcc version 12.2.0 (Debian 12.2.0-14+deb12u1)) #53 SMP Wed Dec 24 23:28:15 CST 2025
[    0.000000] Command line: BOOT_IMAGE=/boot/vmlinuz-5.4.243-mptcp root=UUID=98415a12-53b7-4144-8265-0f7ece09e445 ro quiet splash
[    0.000000] KERNEL supported cpus:
[    0.000000]   Intel GenuineIntel
[    0.000000]   AMD AuthenticAMD
[    0.000000]   Hygon HygonGenuine
[    0.000000]   Centaur CentaurHauls
[    0.000000]   zhaoxin   Shanghai  
[    0.000000] x86/fpu: Supporting XSAVE feature 0x001: 'x87 floating point registers'
[    0.000000] x86/fpu: Supporting XSAVE feature 0x002: 'SSE registers'
[    0.000000] x86/fpu: Supporting XSAVE feature 0x004: 'AVX registers'
[    0.000000] x86/fpu: xstate_offset[2]:  576, xstate_sizes[2]:  256
[    0.000000] x86/fpu: Enabled xstate features 0x7, context size is 832 bytes, using 'standard' format.
[    0.000000] BIOS-provided physical RAM map:
[    0.000000] BIOS-e820: [mem 0x0000000000000000-0x000000000009fbff] usable
[    0.000000] BIOS-e820: [mem 0x000000000009fc00-0x000000000009ffff] reserved
[    0.000000] BIOS-e820: [mem 0x00000000000f0000-0x00000000000fffff] reserved
[    0.000000] BIOS-e820: [mem 0x0000000000100000-0x000000007ffeffff] usable
[    0.000000] BIOS-e820: [mem 0x000000007fff0000-0x000000007fffffff] ACPI data
[    0.000000] BIOS-e820: [mem 0x00000000fec00000-0x00000000fec00fff] reserved
[    0.000000] BIOS-e820: [mem 0x00000000fee00000-0x00000000fee00fff] reserved
[    0.000000] BIOS-e820: [mem 0x00000000fffc0000-0x00000000ffffffff] reserved
[    0.000000] NX (Execute Disable) protection: active
[    0.000000] SMBIOS 2.5 present.
[    0.000000] DMI: innotek GmbH VirtualBox/VirtualBox, BIOS VirtualBox 12/01/2006
[    0.000000] Hypervisor detected: KVM
[    0.000000] kvm-clock: Using msrs 4b564d01 and 4b564d00
[    0.000000] kvm-clock: cpu 0, msr 73601001, primary cpu clock
[    0.000000] kvm-clock: using sched offset of 4434968794 cycles
[    0.000002] clocksource: kvm-clock: mask: 0xffffffffffffffff max_cycles: 0x1cd42e4dffb, max_idle_ns: 881590591483 ns
[    0.000005] tsc: Detected 2100.000 MHz processor
[    0.001908] e820: update [mem 0x00000000-0x00000fff] usable ==> reserved
[    0.001910] e820: remove [mem 0x000a0000-0x000fffff] usable
[    0.001914] last_pfn = 0x7fff0 max_arch_pfn = 0x400000000
[    0.001982] MTRR default type: uncachable
[    0.001983] MTRR fixed ranges enabled:
[    0.001984]   00000-9FFFF write-back
[    0.001985]   A0000-BFFFF uncachable
[    0.001985]   C0000-FFFFF write-protect
[    0.001986] MTRR variable ranges enabled:
[    0.001987]   0 base 000000000000 mask 3FFF80000000 write-back
[    0.001988]   1 disabled
[    0.001989]   2 disabled
[    0.001989]   3 disabled
[    0.001989]   4 disabled
[    0.001990]   5 disabled
[    0.001990]   6 disabled
[    0.001991]   7 disabled
[    0.001991]   8 disabled
[    0.001991]   9 disabled
[    0.001992]   10 disabled
[    0.001992]   11 disabled
[    0.001993]   12 disabled
[    0.001993]   13 disabled
[    0.001994]   14 disabled
[    0.001994]   15 disabled
[    0.002010] x86/PAT: Configuration [0-7]: WB  WC  UC- UC  WB  WP  UC- WT  
[    0.002151] found SMP MP-table at [mem 0x0009fff0-0x0009ffff]
[    0.095889] check: Scanning 1 areas for low memory corruption
[    0.096142] RAMDISK: [mem 0x32271000-0x3512ffff]
[    0.096150] ACPI: Early table checksum verification disabled
[    0.096155] ACPI: RSDP 0x00000000000E0000 000024 (v02 VBOX  )
[    0.096159] ACPI: XSDT 0x000000007FFF0030 00003C (v01 VBOX   VBOXXSDT 00000001 ASL  00000061)
[    0.096165] ACPI: FACP 0x000000007FFF00F0 0000F4 (v04 VBOX   VBOXFACP 00000001 ASL  00000061)
[    0.096172] ACPI: DSDT 0x000000007FFF02E0 002353 (v02 VBOX   VBOXBIOS 00000002 VBOX 00029BF3)
[    0.096176] ACPI: FACS 0x000000007FFF0200 000040
[    0.096179] ACPI: FACS 0x000000007FFF0200 000040
[    0.096182] ACPI: APIC 0x000000007FFF0240 000054 (v02 VBOX   VBOXAPIC 00000001 ASL  00000061)
[    0.096186] ACPI: SSDT 0x000000007FFF02A0 000038 (v01 VBOX   VBOXCPUT 00000002 VBOX 00029BF3)
[    0.096189] ACPI: Reserving FACP table memory at [mem 0x7fff00f0-0x7fff01e3]
[    0.096190] ACPI: Reserving DSDT table memory at [mem 0x7fff02e0-0x7fff2632]
[    0.096191] ACPI: Reserving FACS table memory at [mem 0x7fff0200-0x7fff023f]
[    0.096191] ACPI: Reserving FACS table memory at [mem 0x7fff0200-0x7fff023f]
[    0.096192] ACPI: Reserving APIC table memory at [mem 0x7fff0240-0x7fff0293]
[    0.096193] ACPI: Reserving SSDT table memory at [mem 0x7fff02a0-0x7fff02d7]
[    0.096207] ACPI: Local APIC address 0xfee00000
[    0.096391] No NUMA configuration found
[    0.096392] Faking a node at [mem 0x0000000000000000-0x000000007ffeffff]
[    0.096402] NODE_DATA(0) allocated [mem 0x7ffc5000-0x7ffeffff]
[    0.096663] Zone ranges:
[    0.096663]   DMA      [mem 0x0000000000001000-0x0000000000ffffff]
[    0.096665]   DMA32    [mem 0x0000000001000000-0x000000007ffeffff]
[    0.096665]   Normal   empty
[    0.096666]   Device   empty
[    0.096667] Movable zone start for each node
[    0.096669] Early memory node ranges
[    0.096670]   node   0: [mem 0x0000000000001000-0x000000000009efff]
[    0.096670]   node   0: [mem 0x0000000000100000-0x000000007ffeffff]
[    0.096673] Zeroed struct page in unavailable ranges: 114 pages
[    0.096674] Initmem setup node 0 [mem 0x0000000000001000-0x000000007ffeffff]
[    0.096675] On node 0 totalpages: 524174
[    0.096677]   DMA zone: 64 pages used for memmap
[    0.096677]   DMA zone: 21 pages reserved
[    0.096678]   DMA zone: 3998 pages, LIFO batch:0
[    0.096749]   DMA32 zone: 8128 pages used for memmap
[    0.096750]   DMA32 zone: 520176 pages, LIFO batch:63
[    0.105648] ACPI: PM-Timer IO Port: 0x4008
[    0.105651] ACPI: Local APIC address 0xfee00000
[    0.105714] IOAPIC[0]: apic_id 1, version 32, address 0xfec00000, GSI 0-23
[    0.105718] ACPI: INT_SRC_OVR (bus 0 bus_irq 0 global_irq 2 dfl dfl)
[    0.105719] ACPI: INT_SRC_OVR (bus 0 bus_irq 9 global_irq 9 low level)
[    0.105721] ACPI: IRQ0 used by override.
[    0.105722] ACPI: IRQ9 used by override.
[    0.105724] Using ACPI (MADT) for SMP configuration information
[    0.105730] smpboot: Allowing 1 CPUs, 0 hotplug CPUs
[    0.105751] PM: Registered nosave memory: [mem 0x00000000-0x00000fff]
[    0.105752] PM: Registered nosave memory: [mem 0x0009f000-0x0009ffff]
[    0.105753] PM: Registered nosave memory: [mem 0x000a0000-0x000effff]
[    0.105753] PM: Registered nosave memory: [mem 0x000f0000-0x000fffff]
[    0.105755] [mem 0x80000000-0xfebfffff] available for PCI devices
[    0.105755] Booting paravirtualized kernel on KVM
[    0.105758] clocksource: refined-jiffies: mask: 0xffffffff max_cycles: 0xffffffff, max_idle_ns: 7645519600211568 ns
[    0.105762] setup_percpu: NR_CPUS:8192 nr_cpumask_bits:1 nr_cpu_ids:1 nr_node_ids:1
[    0.106798] percpu: Embedded 60 pages/cpu s208896 r8192 d28672 u2097152
[    0.106802] pcpu-alloc: s208896 r8192 d28672 u2097152 alloc=1*2097152
[    0.106803] pcpu-alloc: [0] 0 
[    0.106828] Built 1 zonelists, mobility grouping on.  Total pages: 515961
[    0.106829] Policy zone: DMA32
[    0.106830] Kernel command line: BOOT_IMAGE=/boot/vmlinuz-5.4.243-mptcp root=UUID=98415a12-53b7-4144-8265-0f7ece09e445 ro quiet splash
[    0.107688] Dentry cache hash table entries: 262144 (order: 9, 2097152 bytes, linear)
[    0.107834] Inode-cache hash table entries: 131072 (order: 8, 1048576 bytes, linear)
[    0.107884] mem auto-init: stack:off, heap alloc:on, heap free:off
[    0.107886] Calgary: detecting Calgary via BIOS EBDA area
[    0.107887] Calgary: Unable to locate Rio Grande table in EBDA - bailing!
[    0.111909] Memory: 1967332K/2096696K available (14339K kernel code, 2398K rwdata, 4712K rodata, 2728K init, 17260K bss, 129364K reserved, 0K cma-reserved)
[    0.112834] SLUB: HWalign=64, Order=0-3, MinObjects=0, CPUs=1, Nodes=1
[    0.112850] ftrace: allocating 43186 entries in 169 pages
[    0.130861] rcu: Hierarchical RCU implementation.
[    0.130862] rcu: 	RCU restricting CPUs from NR_CPUS=8192 to nr_cpu_ids=1.
[    0.130864] 	Tasks RCU enabled.
[    0.130865] rcu: RCU calculated value of scheduler-enlistment delay is 25 jiffies.
[    0.130866] rcu: Adjusting geometry for rcu_fanout_leaf=16, nr_cpu_ids=1
[    0.133815] NR_IRQS: 524544, nr_irqs: 256, preallocated irqs: 16
[    0.134020] random: crng init done
[    0.143327] Console: colour VGA+ 80x25
[    0.143331] printk: console [tty0] enabled
[    0.143349] ACPI: Core revision 20190816
[    0.143436] APIC: Switch to symmetric I/O mode setup
[    0.143689] x2apic enabled
[    0.143926] Switched APIC routing to physical x2apic.
[    0.145065] ..TIMER: vector=0x30 apic1=0 pin1=2 apic2=-1 pin2=-1
[    0.145093] clocksource: tsc-early: mask: 0xffffffffffffffff max_cycles: 0x1e4530a99b6, max_idle_ns: 440795257976 ns
[    0.145097] Calibrating delay loop (skipped) preset value.. 4200.00 BogoMIPS (lpj=8400000)
[    0.145099] pid_max: default: 32768 minimum: 301
[    0.145126] LSM: Security Framework initializing
[    0.145135] Yama: becoming mindful.
[    0.145160] AppArmor: AppArmor initialized
[    0.145193] Mount-cache hash table entries: 4096 (order: 3, 32768 bytes, linear)
[    0.145197] Mountpoint-cache hash table entries: 4096 (order: 3, 32768 bytes, linear)
[    0.145208] *** VALIDATE tmpfs ***
[    0.145334] *** VALIDATE proc ***
[    0.145374] *** VALIDATE cgroup1 ***
[    0.145376] *** VALIDATE cgroup2 ***
[    0.145514] process: using mwait in idle threads
[    0.145519] Last level iTLB entries: 4KB 64, 2MB 8, 4MB 8
[    0.145519] Last level dTLB entries: 4KB 64, 2MB 0, 4MB 0, 1GB 4
[    0.145539] Spectre V1 : Mitigation: usercopy/swapgs barriers and __user pointer sanitization
[    0.145545] Spectre V2 : Mitigation: Retpolines
[    0.145545] Spectre V2 : Spectre v2 / SpectreRSB mitigation: Filling RSB on context switch
[    0.145546] Spectre V2 : Spectre v2 / SpectreRSB : Filling RSB on VMEXIT
[    0.145547] RETBleed: WARNING: Spectre v2 mitigation leaves CPU vulnerable to RETBleed attacks, data leaks possible!
[    0.145897] RETBleed: Vulnerable
[    0.145898] Speculative Store Bypass: Vulnerable
[    0.145903] TAA: Mitigation: TSX disabled
[    0.145904] MMIO Stale Data: Mitigation: Clear CPU buffers
[    0.150058] Freeing SMP alternatives memory: 40K
[    0.262197] smpboot: CPU0: Intel(R) Xeon(R) Silver 4216 CPU @ 2.10GHz (family: 0x6, model: 0x55, stepping: 0x7)
[    0.262297] Performance Events: unsupported p6 CPU model 85 no PMU driver, software events only.
[    0.262329] rcu: Hierarchical SRCU implementation.
[    0.262807] NMI watchdog: Perf NMI watchdog permanently disabled
[    0.262841] smp: Bringing up secondary CPUs ...
[    0.262842] smp: Brought up 1 node, 1 CPU
[    0.262842] smpboot: Max logical packages: 1
[    0.262844] smpboot: Total of 1 processors activated (4200.00 BogoMIPS)
[    0.263827] devtmpfs: initialized
[    0.263869] x86/mm: Memory block size: 128MB
[    0.264214] clocksource: jiffies: mask: 0xffffffff max_cycles: 0xffffffff, max_idle_ns: 7645041785100000 ns
[    0.264218] futex hash table entries: 256 (order: 2, 16384 bytes, linear)
[    0.264257] pinctrl core: initialized pinctrl subsystem
[    0.264361] PM: RTC time: 21:31:14, date: 2026-01-12
[    0.264464] NET: Registered protocol family 16
[    0.264537] audit: initializing netlink subsys (disabled)
[    0.264660] EISA bus registered
[    0.264662] cpuidle: using governor ladder
[    0.264662] cpuidle: using governor menu
[    0.264697] ACPI: bus type PCI registered
[    0.264698] acpiphp: ACPI Hot Plug PCI Controller Driver version: 0.5
[    0.264805] PCI: Using configuration type 1 for base access
[    0.265363] audit: type=2000 audit(1768224680.792:1): state=initialized audit_enabled=0 res=1
[    0.265436] HugeTLB registered 2.00 MiB page size, pre-allocated 0 pages
[    0.266205] ACPI: Added _OSI(Module Device)
[    0.266205] ACPI: Added _OSI(Processor Device)
[    0.266206] ACPI: Added _OSI(3.0 _SCP Extensions)
[    0.266207] ACPI: Added _OSI(Processor Aggregator Device)
[    0.266208] ACPI: Added _OSI(Linux-Dell-Video)
[    0.266209] ACPI: Added _OSI(Linux-Lenovo-NV-HDMI-Audio)
[    0.266209] ACPI: Added _OSI(Linux-HPI-Hybrid-Graphics)
[    0.268165] ACPI: 2 ACPI AML tables successfully acquired and loaded
[    0.269675] ACPI: Interpreter enabled
[    0.269686] ACPI: (supports S0 S5)
[    0.269687] ACPI: Using IOAPIC for interrupt routing
[    0.269890] PCI: Using host bridge windows from ACPI; if necessary, use "pci=nocrs" and report a bug
[    0.269997] ACPI: Enabled 2 GPEs in block 00 to 07
[    0.274982] ACPI: PCI Root Bridge [PCI0] (domain 0000 [bus 00-ff])
[    0.274987] acpi PNP0A03:00: _OSC: OS supports [ASPM ClockPM Segments MSI HPX-Type3]
[    0.275427] acpi PNP0A03:00: _OSC: not requesting OS control; OS requires [ExtendedConfig ASPM ClockPM MSI]
[    0.275435] acpi PNP0A03:00: fail to add MMCONFIG information, can't access extended PCI configuration space under this bridge.
[    0.275811] PCI host bridge to bus 0000:00
[    0.275813] pci_bus 0000:00: root bus resource [io  0x0000-0x0cf7 window]
[    0.275814] pci_bus 0000:00: root bus resource [io  0x0d00-0xffff window]
[    0.275816] pci_bus 0000:00: root bus resource [mem 0x000a0000-0x000bffff window]
[    0.275817] pci_bus 0000:00: root bus resource [mem 0x80000000-0xfdffffff window]
[    0.275818] pci_bus 0000:00: root bus resource [bus 00-ff]
[    0.275861] pci 0000:00:00.0: [8086:1237] type 00 class 0x060000
[    0.276804] pci 0000:00:01.0: [8086:7000] type 00 class 0x060100
[    0.277613] pci 0000:00:01.1: [8086:7111] type 00 class 0x01018a
[    0.277991] pci 0000:00:01.1: reg 0x20: [io  0xd000-0xd00f]
[    0.278145] pci 0000:00:01.1: legacy IDE quirk: reg 0x10: [io  0x01f0-0x01f7]
[    0.278146] pci 0000:00:01.1: legacy IDE quirk: reg 0x14: [io  0x03f6]
[    0.278147] pci 0000:00:01.1: legacy IDE quirk: reg 0x18: [io  0x0170-0x0177]
[    0.278148] pci 0000:00:01.1: legacy IDE quirk: reg 0x1c: [io  0x0376]
[    0.278721] pci 0000:00:02.0: [15ad:0405] type 00 class 0x030000
[    0.281173] pci 0000:00:02.0: reg 0x10: [io  0xd010-0xd01f]
[    0.283985] pci 0000:00:02.0: reg 0x14: [mem 0xe0000000-0xe7ffffff pref]
[    0.286969] pci 0000:00:02.0: reg 0x18: [mem 0xf0000000-0xf01fffff]
[    0.297753] pci 0000:00:03.0: [1022:2000] type 00 class 0x020000
[    0.298432] pci 0000:00:03.0: reg 0x10: [io  0xd020-0xd03f]
[    0.299036] pci 0000:00:03.0: reg 0x14: [mem 0xf0200000-0xf0200fff]
[    0.302477] pci 0000:00:04.0: [80ee:cafe] type 00 class 0x088000
[    0.303148] pci 0000:00:04.0: reg 0x10: [io  0xd040-0xd05f]
[    0.303752] pci 0000:00:04.0: reg 0x14: [mem 0xf0400000-0xf07fffff]
[    0.304357] pci 0000:00:04.0: reg 0x18: [mem 0xf0800000-0xf0803fff pref]
[    0.308103] pci 0000:00:07.0: [8086:7113] type 00 class 0x068000
[    0.308656] pci 0000:00:07.0: quirk: [io  0x4000-0x403f] claimed by PIIX4 ACPI
[    0.308668] pci 0000:00:07.0: quirk: [io  0x4100-0x410f] claimed by PIIX4 SMB
[    0.309156] pci 0000:00:08.0: [8086:100e] type 00 class 0x020000
[    0.309863] pci 0000:00:08.0: reg 0x10: [mem 0xf0820000-0xf083ffff]
[    0.311025] pci 0000:00:08.0: reg 0x18: [io  0xd060-0xd067]
[    0.314140] pci 0000:00:09.0: [8086:100e] type 00 class 0x020000
[    0.314843] pci 0000:00:09.0: reg 0x10: [mem 0xf0840000-0xf085ffff]
[    0.315987] pci 0000:00:09.0: reg 0x18: [io  0xd068-0xd06f]
[    0.326164] ACPI: PCI Interrupt Link [LNKA] (IRQs 5 9 10 *11)
[    0.326444] ACPI: PCI Interrupt Link [LNKB] (IRQs 5 9 *10 11)
[    0.326550] ACPI: PCI Interrupt Link [LNKC] (IRQs 5 *9 10 11)
[    0.326651] ACPI: PCI Interrupt Link [LNKD] (IRQs 5 9 10 *11)
[    0.326887] iommu: Default domain type: Translated 
[    0.326947] pci 0000:00:02.0: vgaarb: setting as boot VGA device
[    0.326949] pci 0000:00:02.0: vgaarb: VGA device added: decodes=io+mem,owns=io+mem,locks=none
[    0.326950] pci 0000:00:02.0: vgaarb: bridge control possible
[    0.326951] vgaarb: loaded
[    0.327147] SCSI subsystem initialized
[    0.327179] libata version 3.00 loaded.
[    0.327201] ACPI: bus type USB registered
[    0.327216] usbcore: registered new interface driver usbfs
[    0.327222] usbcore: registered new interface driver hub
[    0.327227] usbcore: registered new device driver usb
[    0.327254] pps_core: LinuxPPS API ver. 1 registered
[    0.327254] pps_core: Software ver. 5.3.6 - Copyright 2005-2007 Rodolfo Giometti <giometti@linux.it>
[    0.327256] PTP clock support registered
[    0.327288] EDAC MC: Ver: 3.0.0
[    0.327573] PCI: Using ACPI for IRQ routing
[    0.327574] PCI: pci_cache_line_size set to 64 bytes
[    0.329136] e820: reserve RAM buffer [mem 0x0009fc00-0x0009ffff]
[    0.329140] e820: reserve RAM buffer [mem 0x7fff0000-0x7fffffff]
[    0.329955] NetLabel: Initializing
[    0.329956] NetLabel:  domain hash size = 128
[    0.329956] NetLabel:  protocols = UNLABELED CIPSOv4 CALIPSO
[    0.329976] NetLabel:  unlabeled traffic allowed by default
[    0.330886] clocksource: Switched to clocksource kvm-clock
[    0.343450] *** VALIDATE bpf ***
[    0.343504] VFS: Disk quotas dquot_6.6.0
[    0.343515] VFS: Dquot-cache hash table entries: 512 (order 0, 4096 bytes)
[    0.343536] *** VALIDATE ramfs ***
[    0.343539] *** VALIDATE hugetlbfs ***
[    0.343616] AppArmor: AppArmor Filesystem Enabled
[    0.343637] pnp: PnP ACPI init
[    0.343697] pnp 00:00: Plug and Play ACPI device, IDs PNP0303 (active)
[    0.343780] pnp 00:01: Plug and Play ACPI device, IDs PNP0f03 (active)
[    0.344527] pnp: PnP ACPI: found 2 devices
[    0.345518] thermal_sys: Registered thermal governor 'fair_share'
[    0.345519] thermal_sys: Registered thermal governor 'bang_bang'
[    0.345520] thermal_sys: Registered thermal governor 'step_wise'
[    0.345520] thermal_sys: Registered thermal governor 'user_space'
[    0.345521] thermal_sys: Registered thermal governor 'power_allocator'
[    0.350050] clocksource: acpi_pm: mask: 0xffffff max_cycles: 0xffffff, max_idle_ns: 2085701024 ns
[    0.350087] pci_bus 0000:00: resource 4 [io  0x0000-0x0cf7 window]
[    0.350089] pci_bus 0000:00: resource 5 [io  0x0d00-0xffff window]
[    0.350090] pci_bus 0000:00: resource 6 [mem 0x000a0000-0x000bffff window]
[    0.350091] pci_bus 0000:00: resource 7 [mem 0x80000000-0xfdffffff window]
[    0.350145] NET: Registered protocol family 2
[    0.350216] IP idents hash table entries: 32768 (order: 6, 262144 bytes, linear)
[    0.350607] MPTCP tokens hash table entries: 8192 (order: 4, 65536 bytes, linear)
[    0.350627] MPTCP request tokens hash table entries: 8192 (order: 4, 65536 bytes, linear)
[    0.350653] default registered
[    0.350653] default registered
[    0.350653] MPTCP: Stable release v0.96
[    0.350658] tcp_listen_portaddr_hash hash table entries: 1024 (order: 2, 16384 bytes, linear)
[    0.350736] TCP established hash table entries: 16384 (order: 5, 131072 bytes, linear)
[    0.350800] TCP bind hash table entries: 16384 (order: 6, 262144 bytes, linear)
[    0.350825] TCP: Hash tables configured (established 16384 bind 16384)
[    0.351559] UDP hash table entries: 1024 (order: 3, 32768 bytes, linear)
[    0.351570] UDP-Lite hash table entries: 1024 (order: 3, 32768 bytes, linear)
[    0.351603] NET: Registered protocol family 1
[    0.351611] NET: Registered protocol family 44
[    0.351631] pci 0000:00:00.0: Limiting direct PCI/PCI transfers
[    0.351644] pci 0000:00:01.0: Activating ISA DMA hang workarounds
[    0.351702] pci 0000:00:02.0: Video device with shadowed ROM at [mem 0x000c0000-0x000dffff]
[    0.351769] PCI: CLS 0 bytes, default 64
[    0.351812] Trying to unpack rootfs image as initramfs...
[    0.519872] Freeing initrd memory: 47868K
[    0.519872] clocksource: tsc: mask: 0xffffffffffffffff max_cycles: 0x1e4530a99b6, max_idle_ns: 440795257976 ns
[    0.519872] clocksource: Switched to clocksource tsc
[    0.519872] platform rtc_cmos: registered platform RTC device (no PNP device found)
[    0.519872] check: Scanning for low memory corruption every 60 seconds
[    0.519872] Initialise system trusted keyrings
[    0.519872] Key type blacklist registered
[    0.519872] workingset: timestamp_bits=36 max_order=19 bucket_order=0
[    0.519872] zbud: loaded
[    0.519872] squashfs: version 4.0 (2009/01/31) Phillip Lougher
[    0.519872] fuse: init (API version 7.31)
[    0.519872] *** VALIDATE fuse ***
[    0.519872] *** VALIDATE fuse ***
[    0.519872] Platform Keyring initialized
[    0.531959] Key type asymmetric registered
[    0.531960] Asymmetric key parser 'x509' registered
[    0.531971] Block layer SCSI generic (bsg) driver version 0.4 loaded (major 244)
[    0.532012] io scheduler mq-deadline registered
[    0.532127] shpchp: Standard Hot Plug PCI Controller Driver version: 0.4
[    0.532323] ACPI: AC Adapter [AC] (on-line)
[    0.532366] input: Power Button as /devices/LNXSYSTM:00/LNXPWRBN:00/input/input0
[    0.532394] ACPI: Power Button [PWRF]
[    0.532471] input: Sleep Button as /devices/LNXSYSTM:00/LNXSLPBN:00/input/input1
[    0.532485] ACPI: Sleep Button [SLPF]
[    0.532699] Serial: 8250/16550 driver, 32 ports, IRQ sharing enabled
[    0.533883] Linux agpgart interface v0.103
[    0.623119] loop: module loaded
[    0.623253] ata_piix 0000:00:01.1: version 2.13
[    0.623643] scsi host0: ata_piix
[    0.623730] scsi host1: ata_piix
[    0.623756] ata1: PATA max UDMA/33 cmd 0x1f0 ctl 0x3f6 bmdma 0xd000 irq 14
[    0.623757] ata2: PATA max UDMA/33 cmd 0x170 ctl 0x376 bmdma 0xd008 irq 15
[    0.623830] tun: Universal TUN/TAP device driver, 1.6
[    0.624124] PPP generic driver version 2.4.2
[    0.624164] VFIO - User Level meta-driver version: 0.3
[    0.624397] ehci_hcd: USB 2.0 'Enhanced' Host Controller (EHCI) Driver
[    0.624401] ehci-pci: EHCI PCI platform driver
[    0.624414] ehci-platform: EHCI generic platform driver
[    0.624420] ohci_hcd: USB 1.1 'Open' Host Controller (OHCI) Driver
[    0.624421] ohci-pci: OHCI PCI platform driver
[    0.624429] ohci-platform: OHCI generic platform driver
[    0.624433] uhci_hcd: USB Universal Host Controller Interface driver
[    0.624493] i8042: PNP: PS/2 Controller [PNP0303:PS2K,PNP0f03:PS2M] at 0x60,0x64 irq 1,12
[    0.624928] serio: i8042 KBD port at 0x60,0x64 irq 1
[    0.624932] serio: i8042 AUX port at 0x60,0x64 irq 12
[    0.625029] mousedev: PS/2 mouse device common for all mice
[    0.625282] input: AT Translated Set 2 keyboard as /devices/platform/i8042/serio0/input/input2
[    0.625685] rtc_cmos rtc_cmos: registered as rtc0
[    0.625698] rtc_cmos rtc_cmos: alarms up to one day, 114 bytes nvram
[    0.625703] i2c /dev entries driver
[    0.625743] device-mapper: uevent: version 1.0.3
[    0.625785] device-mapper: ioctl: 4.41.0-ioctl (2019-09-16) initialised: dm-devel@redhat.com
[    0.625800] platform eisa.0: Probing EISA bus 0
[    0.625801] platform eisa.0: EISA: Cannot allocate resource for mainboard
[    0.625802] platform eisa.0: Cannot allocate resource for EISA slot 1
[    0.625803] platform eisa.0: Cannot allocate resource for EISA slot 2
[    0.625804] platform eisa.0: Cannot allocate resource for EISA slot 3
[    0.625805] platform eisa.0: Cannot allocate resource for EISA slot 4
[    0.625806] platform eisa.0: Cannot allocate resource for EISA slot 5
[    0.625807] platform eisa.0: Cannot allocate resource for EISA slot 6
[    0.625808] platform eisa.0: Cannot allocate resource for EISA slot 7
[    0.625809] platform eisa.0: Cannot allocate resource for EISA slot 8
[    0.625810] platform eisa.0: EISA: Detected 0 cards
[    0.625813] intel_pstate: CPU model not supported
[    0.625822] ledtrig-cpu: registered to indicate activity on CPUs
[    0.625873] drop_monitor: Initializing network drop monitor service
[    0.626030] NET: Registered protocol family 10
[    0.631092] Segment Routing with IPv6
[    0.631119] fullmesh registered
[    0.631120] ndiffports registered
[    0.631122] binder registered
[    0.631123] roundrobin registered
[    0.631124] redundant registered
[    0.631124] blest registered
[    0.631125] ecf registered
[    0.631126] NET: Registered protocol family 17
[    0.631154] Key type dns_resolver registered
[    0.631298] RAS: Correctable Errors collector initialized.
[    0.631310] IPI shorthand broadcast: enabled
[    0.631323] sched_clock: Marking stable (620199887, 11083539)->(632328244, -1044818)
[    0.631375] registered taskstats version 1
[    0.631384] Loading compiled-in X.509 certificates
[    0.631973] Loaded X.509 cert 'Build time autogenerated kernel key: 6909f3744cebb3d0de528d5887b96a727de79b1e'
[    0.631990] zswap: loaded using pool lzo/zbud
[    0.632043] Key type ._fscrypt registered
[    0.632043] Key type .fscrypt registered
[    0.636855] Key type big_key registered
[    0.639126] Key type encrypted registered
[    0.639128] AppArmor: AppArmor sha1 policy hashing enabled
[    0.639135] ima: No TPM chip found, activating TPM-bypass!
[    0.639140] ima: Allocated hash algorithm: sha1
[    0.639144] ima: No architecture policies found
[    0.639153] evm: Initialising EVM extended attributes:
[    0.639153] evm: security.selinux
[    0.639154] evm: security.SMACK64
[    0.639154] evm: security.SMACK64EXEC
[    0.639155] evm: security.SMACK64TRANSMUTE
[    0.639155] evm: security.SMACK64MMAP
[    0.639156] evm: security.apparmor
[    0.639156] evm: security.ima
[    0.639157] evm: security.capability
[    0.639157] evm: HMAC attrs: 0x1
[    0.639443] PM:   Magic number: 10:576:550
[    0.639450] tty ttyS26: hash matches
[    0.639467] acpi PNP0C0F:01: hash matches
[    0.639553] rtc_cmos rtc_cmos: setting system clock to 2026-01-12T21:31:15 UTC (1768253475)
[    0.797061] ata1.00: ATA-6: VBOX HARDDISK, 1.0, max UDMA/133
[    0.797065] ata1.00: 209715200 sectors, multi 128: LBA 
[    0.797876] scsi 0:0:0:0: Direct-Access     ATA      VBOX HARDDISK    1.0  PQ: 0 ANSI: 5
[    0.798282] sd 0:0:0:0: [sda] 209715200 512-byte logical blocks: (107 GB/100 GiB)
[    0.798301] sd 0:0:0:0: [sda] Write Protect is off
[    0.798306] sd 0:0:0:0: [sda] Mode Sense: 00 3a 00 00
[    0.798336] sd 0:0:0:0: [sda] Write cache: enabled, read cache: enabled, doesn't support DPO or FUA
[    0.798644] sd 0:0:0:0: Attached scsi generic sg0 type 0
[    0.799970]  sda: sda1 sda2
[    0.811492] sd 0:0:0:0: [sda] Attached SCSI disk
[    0.815598] Freeing unused decrypted memory: 2040K
[    0.816673] Freeing unused kernel image memory: 2728K
[    0.816676] Write protecting the kernel read-only data: 22528k
[    0.817848] Freeing unused kernel image memory: 2036K
[    0.818471] Freeing unused kernel image memory: 1432K
[    0.849215] x86/mm: Checked W+X mappings: passed, no W+X pages found.
[    0.849219] Run /init as init process
[    0.946452] ACPI: Video Device [GFX0] (multi-head: yes  rom: no  post: no)
[    0.946522] input: Video Bus as /devices/LNXSYSTM:00/LNXSYBUS:00/PNP0A03:00/LNXVIDEO:00/input/input4
[    0.957587] pcnet32: pcnet32.c:v1.35 21.Apr.2008 tsbogend@alpha.franken.de
[    0.961239] piix4_smbus 0000:00:07.0: SMBus Host Controller at 0x4100, revision 0
[    0.963708] e1000: Intel(R) PRO/1000 Network Driver - version 7.3.21-k8-NAPI
[    0.963709] e1000: Copyright (c) 1999-2006 Intel Corporation.
[    0.965737] pcnet32: PCnet/FAST III 79C973 at 0xd020, 08:00:27:a5:b8:cd assigned IRQ 19
[    0.965780] pcnet32: Found PHY 0022:561b at address 0
[    0.966072] pcnet32: eth0: registered as PCnet/FAST III 79C973
[    0.976503] pcnet32: 1 cards_found
[    1.033022] pcnet32 0000:00:03.0 enp0s3: renamed from eth0
[    1.177213] input: ImExPS/2 Generic Explorer Mouse as /devices/platform/i8042/serio1/input/input5
[    1.371454] e1000 0000:00:08.0 eth0: (PCI:33MHz:32-bit) 08:00:27:a1:3d:8e
[    1.371458] e1000 0000:00:08.0 eth0: Intel(R) PRO/1000 Network Connection
[    1.743380] e1000 0000:00:09.0 eth1: (PCI:33MHz:32-bit) 08:00:27:56:c3:50
[    1.743382] e1000 0000:00:09.0 eth1: Intel(R) PRO/1000 Network Connection
[    1.744477] e1000 0000:00:09.0 enp0s9: renamed from eth1
[    1.746216] e1000 0000:00:08.0 enp0s8: renamed from eth0
[    1.893285] EXT4-fs (sda2): mounted filesystem with ordered data mode. Opts: (null)
[    1.984583] systemd[1]: Inserted module 'autofs4'
[    1.996128] systemd[1]: systemd 245.4-4ubuntu3 running in system mode. (+PAM +AUDIT +SELINUX +IMA +APPARMOR +SMACK +SYSVINIT +UTMP +LIBCRYPTSETUP +GCRYPT +GNUTLS +ACL +XZ +LZ4 +SECCOMP +BLKID +ELFUTILS +KMOD +IDN2 -IDN +PCRE2 default-hierarchy=hybrid)
[    1.996157] systemd[1]: Detected virtualization oracle.
[    1.996159] systemd[1]: Detected architecture x86-64.
[    1.997444] systemd[1]: Set hostname to <ztg>.
[    2.120014] systemd[1]: /lib/systemd/system/dbus.socket:5: ListenStream= references a path below legacy directory /var/run/, updating /var/run/dbus/system_bus_socket â†’ /run/dbus/system_bus_socket; please update the unit file accordingly.
[    2.172093] systemd[1]: Created slice system-modprobe.slice.
[    2.172272] systemd[1]: Created slice User and Session Slice.
[    2.172314] systemd[1]: Started Forward Password Requests to Wall Directory Watch.
[    2.172469] systemd[1]: Set up automount Arbitrary Executable File Formats File System Automount Point.
[    2.172503] systemd[1]: Reached target User and Group Name Lookups.
[    2.172511] systemd[1]: Reached target Remote File Systems.
[    2.172519] systemd[1]: Reached target Slices.
[    2.173060] systemd[1]: Listening on Syslog Socket.
[    2.173136] systemd[1]: Listening on fsck to fsckd communication Socket.
[    2.173173] systemd[1]: Listening on initctl Compatibility Named Pipe.
[    2.173300] systemd[1]: Listening on Journal Audit Socket.
[    2.173352] systemd[1]: Listening on Journal Socket (/dev/log).
[    2.173419] systemd[1]: Listening on Journal Socket.
[    2.173480] systemd[1]: Listening on udev Control Socket.
[    2.173520] systemd[1]: Listening on udev Kernel Socket.
[    2.174209] systemd[1]: Mounting Huge Pages File System...
[    2.175060] systemd[1]: Mounting POSIX Message Queue File System...
[    2.175962] systemd[1]: Mounting Kernel Debug File System...
[    2.176762] systemd[1]: Mounting Kernel Trace File System...
[    2.178675] systemd[1]: Starting Journal Service...
[    2.201944] systemd[1]: Starting Set the console keyboard layout...
[    2.209517] systemd[1]: Starting Create list of static device nodes for the current kernel...
[    2.211515] systemd[1]: Starting Load Kernel Module drm...
[    2.212610] systemd[1]: Condition check resulted in Set Up Additional Binary Formats being skipped.
[    2.212649] systemd[1]: Condition check resulted in File System Check on Root Device being skipped.
[    2.220411] systemd[1]: Starting Load Kernel Modules...
[    2.221145] systemd[1]: Starting Remount Root and Kernel File Systems...
[    2.221886] systemd[1]: Starting udev Coldplug all Devices...
[    2.222617] systemd[1]: Starting Uncomplicated firewall...
[    2.264024] systemd[1]: Mounted Huge Pages File System.
[    2.264108] systemd[1]: Mounted POSIX Message Queue File System.
[    2.264178] systemd[1]: Mounted Kernel Debug File System.
[    2.264241] systemd[1]: Mounted Kernel Trace File System.
[    2.270012] systemd[1]: Finished Create list of static device nodes for the current kernel.
[    2.270435] systemd[1]: modprobe@drm.service: Succeeded.
[    2.271897] EXT4-fs (sda2): re-mounted. Opts: errors=remount-ro
[    2.272366] systemd[1]: Finished Load Kernel Module drm.
[    2.290796] systemd[1]: Finished Remount Root and Kernel File Systems.
[    2.293370] systemd[1]: Finished Uncomplicated firewall.
[    2.308462] systemd[1]: Condition check resulted in Rebuild Hardware Database being skipped.
[    2.308498] systemd[1]: Condition check resulted in Platform Persistent Storage Archival being skipped.
[    2.309357] systemd[1]: Starting Load/Save Random Seed...
[    2.315231] systemd[1]: Starting Create System Users...
[    2.321105] lp: driver loaded but no devices found
[    2.326998] systemd[1]: Finished Load/Save Random Seed.
[    2.328475] ppdev: user-space parallel port driver
[    2.336269] systemd[1]: Finished Create System Users.
[    2.336982] systemd[1]: Starting Create Static Device Nodes in /dev...
[    2.386319] systemd[1]: Finished Create Static Device Nodes in /dev.
[    2.387169] systemd[1]: Starting udev Kernel Device Manager...
[    2.399800] systemd[1]: Finished udev Coldplug all Devices.
[    2.410048] [drm] DMA map mode: Caching DMA mappings.
[    2.410111] [drm] Capabilities:
[    2.410111] [drm]   Rect copy.
[    2.410111] [drm]   Cursor.
[    2.410112] [drm]   Cursor bypass.
[    2.410112] [drm]   Cursor bypass 2.
[    2.410112] [drm]   Alpha cursor.
[    2.410113] [drm]   Extended Fifo.
[    2.410113] [drm]   Pitchlock.
[    2.410113] [drm]   Irq mask.
[    2.410114] [drm]   GMR.
[    2.410114] [drm]   Traces.
[    2.410114] [drm]   GMR2.
[    2.410115] [drm]   Screen Object 2.
[    2.410115] [drm]   Command Buffers.
[    2.410115] [drm]   Command Buffers 2.
[    2.410116] [drm]   Guest Backed Resources.
[    2.410117] [drm] Max GMR ids is 8192
[    2.410117] [drm] Max number of GMR pages is 1048576
[    2.410118] [drm] Max dedicated hypervisor surface memory is 393216 kiB
[    2.410118] [drm] Maximum display memory size is 131072 kiB
[    2.410119] [drm] VRAM at 0xe0000000 size is 131072 kiB
[    2.410120] [drm] MMIO at 0xf0000000 size is 2048 kiB
[    2.410743] [TTM] Zone  kernel: Available graphics memory: 1011738 KiB
[    2.410744] [TTM] Initializing pool allocator
[    2.410748] [TTM] Initializing DMA pool allocator
[    2.411072] [drm] Supports vblank timestamp caching Rev 2 (21.10.2013).
[    2.411073] [drm] No driver support for vblank timestamp query.
[    2.411823] [drm] Screen Target Display device initialized
[    2.412013] [drm] width 720
[    2.412021] [drm] height 400
[    2.412024] [drm] bpp 32
[    2.412554] [drm] Fifo max 0x00200000 min 0x00001000 cap 0x00000355
[    2.413608] [drm] Using command buffers with DMA pool.
[    2.413611] [drm] DX: no.
[    2.413612] [drm] Atomic: yes.
[    2.413612] [drm] SM4_1: no.
[    2.413631] [drm:vmw_host_log [vmwgfx]] *ERROR* Failed to send host log message.
[    2.414543] [drm:vmw_host_log [vmwgfx]] *ERROR* Failed to send host log message.
[    2.455774] fbcon: svgadrmfb (fb0) is primary device
[    2.459785] Console: switching to colour frame buffer device 100x37
[    2.468772] [drm] Initialized vmwgfx 2.15.0 20180704 for 0000:00:02.0 on minor 0
[    2.469457] systemd[1]: Finished Set the console keyboard layout.
[    2.469842] systemd[1]: Finished Load Kernel Modules.
[    2.469926] systemd[1]: Reached target Local File Systems (Pre).
[    2.475918] systemd[1]: Mounting Mount unit for bare, revision 5...
[    2.477900] systemd[1]: Mounting Mount unit for core18, revision 1705...
[    2.500417] systemd[1]: Mounting Mount unit for gnome-3-34-1804, revision 24...
[    2.513586] systemd[1]: Mounting Mount unit for gtk-common-themes, revision 1506...
[    2.517778] systemd[1]: Mounting Mount unit for gtk-common-themes, revision 1535...
[    2.521511] systemd[1]: Mounting Mount unit for snap-store, revision 433...
[    2.531547] systemd[1]: Mounting Mount unit for snapd, revision 7264...
[    2.537281] systemd[1]: Mounting FUSE Control File System...
[    2.549790] systemd[1]: Mounting Kernel Configuration File System...
[    2.591629] systemd[1]: Starting Apply Kernel Variables...
[    2.593937] systemd[1]: Mounted Mount unit for bare, revision 5.
[    2.594032] systemd[1]: Mounted Mount unit for core18, revision 1705.
[    2.594113] systemd[1]: Mounted Mount unit for gtk-common-themes, revision 1506.
[    2.594186] systemd[1]: Mounted FUSE Control File System.
[    2.594237] systemd[1]: Condition check resulted in VMware vmblock fuse mount being skipped.
[    2.601907] systemd[1]: Mounted Kernel Configuration File System.
[    2.604319] systemd[1]: Started udev Kernel Device Manager.
[    2.604427] systemd[1]: Mounted Mount unit for gnome-3-34-1804, revision 24.
[    2.605997] systemd[1]: Finished Apply Kernel Variables.
[    2.606800] systemd[1]: Starting Show Plymouth Boot Screen...
[    2.610771] systemd[1]: Received SIGRTMIN+20 from PID 282 (plymouthd).
[    2.641967] systemd[1]: Mounted Mount unit for gtk-common-themes, revision 1535.
[    2.642215] systemd[1]: Mounted Mount unit for snap-store, revision 433.
[    2.642395] systemd[1]: Mounted Mount unit for snapd, revision 7264.
[    2.642565] systemd[1]: Started Show Plymouth Boot Screen.
[    2.642738] systemd[1]: Condition check resulted in Dispatch Password Requests to Console Directory Watch being skipped.
[    2.642816] systemd[1]: Started Forward Password Requests to Plymouth Directory Watch.
[    2.642880] systemd[1]: Reached target Local Encrypted Volumes.
[    2.642935] systemd[1]: Reached target Local File Systems.
[    2.656660] systemd[1]: Starting Load AppArmor profiles...
[    2.657546] systemd[1]: Starting Set console font and keymap...
[    2.666456] systemd[1]: Starting Tell Plymouth To Write Out Runtime Data...
[    2.670698] systemd[1]: Condition check resulted in Store a System Token in an EFI Variable being skipped.
[    2.670753] systemd[1]: Condition check resulted in Commit a transient machine-id on disk being skipped.
[    2.673160] systemd[1]: Finished Set console font and keymap.
[    2.690075] systemd[1]: Received SIGRTMIN+20 from PID 282 (plymouthd).
[    2.691069] systemd[1]: plymouth-read-write.service: Succeeded.
[    2.691324] systemd[1]: Finished Tell Plymouth To Write Out Runtime Data.
[    2.709417] audit: type=1400 audit(1768253477.564:2): apparmor="STATUS" operation="profile_load" profile="unconfined" name="nvidia_modprobe" pid=301 comm="apparmor_parser"
[    2.709420] audit: type=1400 audit(1768253477.564:3): apparmor="STATUS" operation="profile_load" profile="unconfined" name="nvidia_modprobe//kmod" pid=301 comm="apparmor_parser"
[    2.719789] audit: type=1400 audit(1768253477.576:4): apparmor="STATUS" operation="profile_load" profile="unconfined" name="/usr/sbin/tcpdump" pid=302 comm="apparmor_parser"
[    2.766708] audit: type=1400 audit(1768253477.616:5): apparmor="STATUS" operation="profile_load" profile="unconfined" name="/usr/bin/evince" pid=304 comm="apparmor_parser"
[    2.766712] audit: type=1400 audit(1768253477.616:6): apparmor="STATUS" operation="profile_load" profile="unconfined" name="/usr/bin/evince//sanitized_helper" pid=304 comm="apparmor_parser"
[    2.766714] audit: type=1400 audit(1768253477.616:7): apparmor="STATUS" operation="profile_load" profile="unconfined" name="/usr/bin/evince-previewer" pid=304 comm="apparmor_parser"
[    2.766716] audit: type=1400 audit(1768253477.616:8): apparmor="STATUS" operation="profile_load" profile="unconfined" name="/usr/bin/evince-previewer//sanitized_helper" pid=304 comm="apparmor_parser"
[    2.766717] audit: type=1400 audit(1768253477.616:9): apparmor="STATUS" operation="profile_load" profile="unconfined" name="/usr/bin/evince-thumbnailer" pid=304 comm="apparmor_parser"
[    2.783105] audit: type=1400 audit(1768253477.636:10): apparmor="STATUS" operation="profile_load" profile="unconfined" name="/usr/lib/cups/backend/cups-pdf" pid=305 comm="apparmor_parser"
[    2.862410] systemd[1]: Finished Load AppArmor profiles.
[    2.863334] systemd[1]: Starting Load AppArmor profiles managed internally by snapd...
[    2.928632] systemd[1]: Finished Load AppArmor profiles managed internally by snapd.
[    3.134001] systemd[1]: Started Journal Service.
[    3.140939] systemd-journald[229]: Received client request to flush runtime journal.
[    3.146130] systemd-journald[229]: File /var/log/journal/c455b248004a419c87ce85eea238d727/system.journal corrupted or uncleanly shut down, renaming and replacing.
[    4.412467] RAPL PMU: API unit is 2^-32 Joules, 0 fixed counters, 10737418240 ms ovfl timer
[    4.489162] cryptd: max_cpu_qlen set to 1000
[    4.539993] AVX2 version of gcm_enc/dec engaged.
[    4.539994] AES CTR mode by8 optimization enabled
[    5.311375] Adding 1998844k swap on /dev/sda1.  Priority:-2 extents:1 across:1998844k FS
[    6.086696] kauditd_printk_skb: 30 callbacks suppressed
[    6.086698] audit: type=1400 audit(1768253480.940:41): apparmor="DENIED" operation="capable" profile="/usr/sbin/cups-browsed" pid=495 comm="cups-browsed" capability=23  capname="sys_nice"
[    7.357255] pcnet32 0000:00:03.0 enp0s3: link up, 100Mbps, full-duplex
[    7.393923] e1000: enp0s8 NIC Link is Up 1000 Mbps Full Duplex, Flow Control: RX
[    7.396875] IPv6: ADDRCONF(NETDEV_CHANGE): enp0s8: link becomes ready
[    7.403292] e1000: enp0s9 NIC Link is Up 1000 Mbps Full Duplex, Flow Control: RX
[    7.403608] IPv6: ADDRCONF(NETDEV_CHANGE): enp0s9: link becomes ready
[    7.932858] device enp0s3 entered promiscuous mode
[    7.952631] audit: type=1400 audit(1768253482.804:42): apparmor="DENIED" operation="open" profile="/usr/sbin/tcpdump" name="/proc/sys/kernel/random/boot_id" pid=668 comm="tcpdump" requested_mask="r" denied_mask="r" fsuid=0 ouid=0
[    7.953856] audit: type=1400 audit(1768253482.804:43): apparmor="DENIED" operation="open" profile="/usr/sbin/tcpdump" name="/proc/sys/kernel/random/boot_id" pid=668 comm="tcpdump" requested_mask="r" denied_mask="r" fsuid=0 ouid=0
[    7.953897] audit: type=1400 audit(1768253482.804:44): apparmor="DENIED" operation="open" profile="/usr/sbin/tcpdump" name="/proc/sys/kernel/random/boot_id" pid=668 comm="tcpdump" requested_mask="r" denied_mask="r" fsuid=0 ouid=0
[    7.953960] audit: type=1400 audit(1768253482.804:45): apparmor="DENIED" operation="open" profile="/usr/sbin/tcpdump" name="/proc/sys/kernel/random/boot_id" pid=668 comm="tcpdump" requested_mask="r" denied_mask="r" fsuid=0 ouid=0
[    7.962916] audit: type=1400 audit(1768253482.820:46): apparmor="DENIED" operation="open" profile="/usr/sbin/tcpdump" name="/proc/sys/kernel/random/boot_id" pid=669 comm="tcpdump" requested_mask="r" denied_mask="r" fsuid=0 ouid=0
[    7.963082] audit: type=1400 audit(1768253482.820:47): apparmor="DENIED" operation="open" profile="/usr/sbin/tcpdump" name="/proc/sys/kernel/random/boot_id" pid=669 comm="tcpdump" requested_mask="r" denied_mask="r" fsuid=0 ouid=0
[    7.963155] audit: type=1400 audit(1768253482.820:48): apparmor="DENIED" operation="open" profile="/usr/sbin/tcpdump" name="/proc/sys/kernel/random/boot_id" pid=669 comm="tcpdump" requested_mask="r" denied_mask="r" fsuid=0 ouid=0
[    7.963246] audit: type=1400 audit(1768253482.820:49): apparmor="DENIED" operation="open" profile="/usr/sbin/tcpdump" name="/proc/sys/kernel/random/boot_id" pid=669 comm="tcpdump" requested_mask="r" denied_mask="r" fsuid=0 ouid=0
[   12.344964] rfkill: input handler disabled
[  316.853736] AAAAA-TCP_FORW: name:enp0s3: saddr:16783984: daddr:100932208
[  317.156553] AAAAA-TCP_FORW: name:enp0s3: saddr:16783984: daddr:100932208
[  570.237321] rfkill: input handler enabled
[  578.828717] rfkill: input handler disabled
[  826.757169] device enp0s3 left promiscuous mode
