[    0.000000] Linux version 5.4.243-mptcp (root@ztg) (gcc version 12.2.0 (Debian 12.2.0-14+deb12u1)) #53 SMP Wed Dec 24 23:28:15 CST 2025
[    0.000000] Command line: BOOT_IMAGE=/boot/vmlinuz-5.4.243-mptcp root=UUID=98415a12-53b7-4144-8265-0f7ece09e445 ro quiet splash
[    0.000000] KERNEL supported cpus:
[    0.000000]   Intel GenuineIntel
[    0.000000]   AMD AuthenticAMD
[    0.000000]   Hygon HygonGenuine
[    0.000000]   Centaur CentaurHauls
[    0.000000]   zhaoxin   Shanghai  
[    0.000000] x86/fpu: Supporting XSAVE feature 0x001: 'x87 floating point registers'
[    0.000000] x86/fpu: Supporting XSAVE feature 0x002: 'SSE registers'
[    0.000000] x86/fpu: Supporting XSAVE feature 0x004: 'AVX registers'
[    0.000000] x86/fpu: xstate_offset[2]:  576, xstate_sizes[2]:  256
[    0.000000] x86/fpu: Enabled xstate features 0x7, context size is 832 bytes, using 'standard' format.
[    0.000000] BIOS-provided physical RAM map:
[    0.000000] BIOS-e820: [mem 0x0000000000000000-0x000000000009fbff] usable
[    0.000000] BIOS-e820: [mem 0x000000000009fc00-0x000000000009ffff] reserved
[    0.000000] BIOS-e820: [mem 0x00000000000f0000-0x00000000000fffff] reserved
[    0.000000] BIOS-e820: [mem 0x0000000000100000-0x000000007ffeffff] usable
[    0.000000] BIOS-e820: [mem 0x000000007fff0000-0x000000007fffffff] ACPI data
[    0.000000] BIOS-e820: [mem 0x00000000fec00000-0x00000000fec00fff] reserved
[    0.000000] BIOS-e820: [mem 0x00000000fee00000-0x00000000fee00fff] reserved
[    0.000000] BIOS-e820: [mem 0x00000000fffc0000-0x00000000ffffffff] reserved
[    0.000000] NX (Execute Disable) protection: active
[    0.000000] SMBIOS 2.5 present.
[    0.000000] DMI: innotek GmbH VirtualBox/VirtualBox, BIOS VirtualBox 12/01/2006
[    0.000000] Hypervisor detected: KVM
[    0.000000] kvm-clock: Using msrs 4b564d01 and 4b564d00
[    0.000000] kvm-clock: cpu 0, msr 8601001, primary cpu clock
[    0.000000] kvm-clock: using sched offset of 4433410833 cycles
[    0.000003] clocksource: kvm-clock: mask: 0xffffffffffffffff max_cycles: 0x1cd42e4dffb, max_idle_ns: 881590591483 ns
[    0.000005] tsc: Detected 2100.000 MHz processor
[    0.001906] e820: update [mem 0x00000000-0x00000fff] usable ==> reserved
[    0.001908] e820: remove [mem 0x000a0000-0x000fffff] usable
[    0.001912] last_pfn = 0x7fff0 max_arch_pfn = 0x400000000
[    0.001981] MTRR default type: uncachable
[    0.001981] MTRR fixed ranges enabled:
[    0.001983]   00000-9FFFF write-back
[    0.001984]   A0000-BFFFF uncachable
[    0.001985]   C0000-FFFFF write-protect
[    0.001985] MTRR variable ranges enabled:
[    0.001987]   0 base 000000000000 mask 3FFF80000000 write-back
[    0.001987]   1 disabled
[    0.001988]   2 disabled
[    0.001988]   3 disabled
[    0.001989]   4 disabled
[    0.001989]   5 disabled
[    0.001989]   6 disabled
[    0.001990]   7 disabled
[    0.001990]   8 disabled
[    0.001991]   9 disabled
[    0.001991]   10 disabled
[    0.001992]   11 disabled
[    0.001992]   12 disabled
[    0.001992]   13 disabled
[    0.001993]   14 disabled
[    0.001993]   15 disabled
[    0.002009] x86/PAT: Configuration [0-7]: WB  WC  UC- UC  WB  WP  UC- WT  
[    0.002143] found SMP MP-table at [mem 0x0009fff0-0x0009ffff]
[    0.094885] check: Scanning 1 areas for low memory corruption
[    0.095135] RAMDISK: [mem 0x32271000-0x3512ffff]
[    0.095144] ACPI: Early table checksum verification disabled
[    0.095148] ACPI: RSDP 0x00000000000E0000 000024 (v02 VBOX  )
[    0.095153] ACPI: XSDT 0x000000007FFF0030 00003C (v01 VBOX   VBOXXSDT 00000001 ASL  00000061)
[    0.095159] ACPI: FACP 0x000000007FFF00F0 0000F4 (v04 VBOX   VBOXFACP 00000001 ASL  00000061)
[    0.095166] ACPI: DSDT 0x000000007FFF02E0 002353 (v02 VBOX   VBOXBIOS 00000002 VBOX 00029BF3)
[    0.095170] ACPI: FACS 0x000000007FFF0200 000040
[    0.095173] ACPI: FACS 0x000000007FFF0200 000040
[    0.095176] ACPI: APIC 0x000000007FFF0240 000054 (v02 VBOX   VBOXAPIC 00000001 ASL  00000061)
[    0.095180] ACPI: SSDT 0x000000007FFF02A0 000038 (v01 VBOX   VBOXCPUT 00000002 VBOX 00029BF3)
[    0.095183] ACPI: Reserving FACP table memory at [mem 0x7fff00f0-0x7fff01e3]
[    0.095184] ACPI: Reserving DSDT table memory at [mem 0x7fff02e0-0x7fff2632]
[    0.095185] ACPI: Reserving FACS table memory at [mem 0x7fff0200-0x7fff023f]
[    0.095185] ACPI: Reserving FACS table memory at [mem 0x7fff0200-0x7fff023f]
[    0.095186] ACPI: Reserving APIC table memory at [mem 0x7fff0240-0x7fff0293]
[    0.095187] ACPI: Reserving SSDT table memory at [mem 0x7fff02a0-0x7fff02d7]
[    0.095202] ACPI: Local APIC address 0xfee00000
[    0.095388] No NUMA configuration found
[    0.095389] Faking a node at [mem 0x0000000000000000-0x000000007ffeffff]
[    0.095399] NODE_DATA(0) allocated [mem 0x7ffc5000-0x7ffeffff]
[    0.095660] Zone ranges:
[    0.095661]   DMA      [mem 0x0000000000001000-0x0000000000ffffff]
[    0.095662]   DMA32    [mem 0x0000000001000000-0x000000007ffeffff]
[    0.095663]   Normal   empty
[    0.095664]   Device   empty
[    0.095664] Movable zone start for each node
[    0.095666] Early memory node ranges
[    0.095667]   node   0: [mem 0x0000000000001000-0x000000000009efff]
[    0.095668]   node   0: [mem 0x0000000000100000-0x000000007ffeffff]
[    0.095671] Zeroed struct page in unavailable ranges: 114 pages
[    0.095672] Initmem setup node 0 [mem 0x0000000000001000-0x000000007ffeffff]
[    0.095673] On node 0 totalpages: 524174
[    0.095674]   DMA zone: 64 pages used for memmap
[    0.095675]   DMA zone: 21 pages reserved
[    0.095676]   DMA zone: 3998 pages, LIFO batch:0
[    0.095747]   DMA32 zone: 8128 pages used for memmap
[    0.095748]   DMA32 zone: 520176 pages, LIFO batch:63
[    0.104629] ACPI: PM-Timer IO Port: 0x4008
[    0.104632] ACPI: Local APIC address 0xfee00000
[    0.104695] IOAPIC[0]: apic_id 1, version 32, address 0xfec00000, GSI 0-23
[    0.104698] ACPI: INT_SRC_OVR (bus 0 bus_irq 0 global_irq 2 dfl dfl)
[    0.104700] ACPI: INT_SRC_OVR (bus 0 bus_irq 9 global_irq 9 low level)
[    0.104702] ACPI: IRQ0 used by override.
[    0.104703] ACPI: IRQ9 used by override.
[    0.104706] Using ACPI (MADT) for SMP configuration information
[    0.104714] smpboot: Allowing 1 CPUs, 0 hotplug CPUs
[    0.104736] PM: Registered nosave memory: [mem 0x00000000-0x00000fff]
[    0.104737] PM: Registered nosave memory: [mem 0x0009f000-0x0009ffff]
[    0.104738] PM: Registered nosave memory: [mem 0x000a0000-0x000effff]
[    0.104738] PM: Registered nosave memory: [mem 0x000f0000-0x000fffff]
[    0.104740] [mem 0x80000000-0xfebfffff] available for PCI devices
[    0.104741] Booting paravirtualized kernel on KVM
[    0.104744] clocksource: refined-jiffies: mask: 0xffffffff max_cycles: 0xffffffff, max_idle_ns: 7645519600211568 ns
[    0.104749] setup_percpu: NR_CPUS:8192 nr_cpumask_bits:1 nr_cpu_ids:1 nr_node_ids:1
[    0.105994] percpu: Embedded 60 pages/cpu s208896 r8192 d28672 u2097152
[    0.106001] pcpu-alloc: s208896 r8192 d28672 u2097152 alloc=1*2097152
[    0.106002] pcpu-alloc: [0] 0 
[    0.106040] Built 1 zonelists, mobility grouping on.  Total pages: 515961
[    0.106041] Policy zone: DMA32
[    0.106043] Kernel command line: BOOT_IMAGE=/boot/vmlinuz-5.4.243-mptcp root=UUID=98415a12-53b7-4144-8265-0f7ece09e445 ro quiet splash
[    0.107059] Dentry cache hash table entries: 262144 (order: 9, 2097152 bytes, linear)
[    0.107206] Inode-cache hash table entries: 131072 (order: 8, 1048576 bytes, linear)
[    0.107259] mem auto-init: stack:off, heap alloc:on, heap free:off
[    0.107262] Calgary: detecting Calgary via BIOS EBDA area
[    0.107263] Calgary: Unable to locate Rio Grande table in EBDA - bailing!
[    0.111324] Memory: 1967332K/2096696K available (14339K kernel code, 2398K rwdata, 4712K rodata, 2728K init, 17260K bss, 129364K reserved, 0K cma-reserved)
[    0.112251] SLUB: HWalign=64, Order=0-3, MinObjects=0, CPUs=1, Nodes=1
[    0.112268] ftrace: allocating 43186 entries in 169 pages
[    0.130296] rcu: Hierarchical RCU implementation.
[    0.130297] rcu: 	RCU restricting CPUs from NR_CPUS=8192 to nr_cpu_ids=1.
[    0.130298] 	Tasks RCU enabled.
[    0.130299] rcu: RCU calculated value of scheduler-enlistment delay is 25 jiffies.
[    0.130300] rcu: Adjusting geometry for rcu_fanout_leaf=16, nr_cpu_ids=1
[    0.133271] NR_IRQS: 524544, nr_irqs: 256, preallocated irqs: 16
[    0.133479] random: crng init done
[    0.142712] Console: colour VGA+ 80x25
[    0.142716] printk: console [tty0] enabled
[    0.142735] ACPI: Core revision 20190816
[    0.142824] APIC: Switch to symmetric I/O mode setup
[    0.143071] x2apic enabled
[    0.143308] Switched APIC routing to physical x2apic.
[    0.144444] ..TIMER: vector=0x30 apic1=0 pin1=2 apic2=-1 pin2=-1
[    0.144472] clocksource: tsc-early: mask: 0xffffffffffffffff max_cycles: 0x1e4530a99b6, max_idle_ns: 440795257976 ns
[    0.144477] Calibrating delay loop (skipped) preset value.. 4200.00 BogoMIPS (lpj=8400000)
[    0.144479] pid_max: default: 32768 minimum: 301
[    0.144507] LSM: Security Framework initializing
[    0.144516] Yama: becoming mindful.
[    0.144540] AppArmor: AppArmor initialized
[    0.144572] Mount-cache hash table entries: 4096 (order: 3, 32768 bytes, linear)
[    0.144577] Mountpoint-cache hash table entries: 4096 (order: 3, 32768 bytes, linear)
[    0.144587] *** VALIDATE tmpfs ***
[    0.144714] *** VALIDATE proc ***
[    0.144754] *** VALIDATE cgroup1 ***
[    0.144755] *** VALIDATE cgroup2 ***
[    0.144896] process: using mwait in idle threads
[    0.144900] Last level iTLB entries: 4KB 64, 2MB 8, 4MB 8
[    0.144901] Last level dTLB entries: 4KB 64, 2MB 0, 4MB 0, 1GB 4
[    0.144920] Spectre V1 : Mitigation: usercopy/swapgs barriers and __user pointer sanitization
[    0.144926] Spectre V2 : Mitigation: Retpolines
[    0.144927] Spectre V2 : Spectre v2 / SpectreRSB mitigation: Filling RSB on context switch
[    0.144927] Spectre V2 : Spectre v2 / SpectreRSB : Filling RSB on VMEXIT
[    0.144928] RETBleed: WARNING: Spectre v2 mitigation leaves CPU vulnerable to RETBleed attacks, data leaks possible!
[    0.145291] RETBleed: Vulnerable
[    0.145291] Speculative Store Bypass: Vulnerable
[    0.145296] TAA: Mitigation: TSX disabled
[    0.145296] MMIO Stale Data: Mitigation: Clear CPU buffers
[    0.149674] Freeing SMP alternatives memory: 40K
[    0.261831] smpboot: CPU0: Intel(R) Xeon(R) Silver 4216 CPU @ 2.10GHz (family: 0x6, model: 0x55, stepping: 0x7)
[    0.261973] Performance Events: unsupported p6 CPU model 85 no PMU driver, software events only.
[    0.262011] rcu: Hierarchical SRCU implementation.
[    0.262485] NMI watchdog: Perf NMI watchdog permanently disabled
[    0.262523] smp: Bringing up secondary CPUs ...
[    0.262524] smp: Brought up 1 node, 1 CPU
[    0.262525] smpboot: Max logical packages: 1
[    0.262526] smpboot: Total of 1 processors activated (4200.00 BogoMIPS)
[    0.263476] devtmpfs: initialized
[    0.263523] x86/mm: Memory block size: 128MB
[    0.263869] clocksource: jiffies: mask: 0xffffffff max_cycles: 0xffffffff, max_idle_ns: 7645041785100000 ns
[    0.263876] futex hash table entries: 256 (order: 2, 16384 bytes, linear)
[    0.263919] pinctrl core: initialized pinctrl subsystem
[    0.264023] PM: RTC time: 21:30:51, date: 2026-01-12
[    0.264131] NET: Registered protocol family 16
[    0.264204] audit: initializing netlink subsys (disabled)
[    0.264331] EISA bus registered
[    0.264332] cpuidle: using governor ladder
[    0.264333] cpuidle: using governor menu
[    0.264370] ACPI: bus type PCI registered
[    0.264371] acpiphp: ACPI Hot Plug PCI Controller Driver version: 0.5
[    0.264474] PCI: Using configuration type 1 for base access
[    0.264784] audit: type=2000 audit(1768224658.043:1): state=initialized audit_enabled=0 res=1
[    0.264863] HugeTLB registered 2.00 MiB page size, pre-allocated 0 pages
[    0.265676] ACPI: Added _OSI(Module Device)
[    0.265677] ACPI: Added _OSI(Processor Device)
[    0.265677] ACPI: Added _OSI(3.0 _SCP Extensions)
[    0.265678] ACPI: Added _OSI(Processor Aggregator Device)
[    0.265679] ACPI: Added _OSI(Linux-Dell-Video)
[    0.265680] ACPI: Added _OSI(Linux-Lenovo-NV-HDMI-Audio)
[    0.265680] ACPI: Added _OSI(Linux-HPI-Hybrid-Graphics)
[    0.267620] ACPI: 2 ACPI AML tables successfully acquired and loaded
[    0.269150] ACPI: Interpreter enabled
[    0.269160] ACPI: (supports S0 S5)
[    0.269161] ACPI: Using IOAPIC for interrupt routing
[    0.269366] PCI: Using host bridge windows from ACPI; if necessary, use "pci=nocrs" and report a bug
[    0.269474] ACPI: Enabled 2 GPEs in block 00 to 07
[    0.274281] ACPI: PCI Root Bridge [PCI0] (domain 0000 [bus 00-ff])
[    0.274286] acpi PNP0A03:00: _OSC: OS supports [ASPM ClockPM Segments MSI HPX-Type3]
[    0.274729] acpi PNP0A03:00: _OSC: not requesting OS control; OS requires [ExtendedConfig ASPM ClockPM MSI]
[    0.274737] acpi PNP0A03:00: fail to add MMCONFIG information, can't access extended PCI configuration space under this bridge.
[    0.275108] PCI host bridge to bus 0000:00
[    0.275111] pci_bus 0000:00: root bus resource [io  0x0000-0x0cf7 window]
[    0.275112] pci_bus 0000:00: root bus resource [io  0x0d00-0xffff window]
[    0.275113] pci_bus 0000:00: root bus resource [mem 0x000a0000-0x000bffff window]
[    0.275114] pci_bus 0000:00: root bus resource [mem 0x80000000-0xfdffffff window]
[    0.275115] pci_bus 0000:00: root bus resource [bus 00-ff]
[    0.275158] pci 0000:00:00.0: [8086:1237] type 00 class 0x060000
[    0.276105] pci 0000:00:01.0: [8086:7000] type 00 class 0x060100
[    0.276904] pci 0000:00:01.1: [8086:7111] type 00 class 0x01018a
[    0.277286] pci 0000:00:01.1: reg 0x20: [io  0xd000-0xd00f]
[    0.277443] pci 0000:00:01.1: legacy IDE quirk: reg 0x10: [io  0x01f0-0x01f7]
[    0.277444] pci 0000:00:01.1: legacy IDE quirk: reg 0x14: [io  0x03f6]
[    0.277445] pci 0000:00:01.1: legacy IDE quirk: reg 0x18: [io  0x0170-0x0177]
[    0.277446] pci 0000:00:01.1: legacy IDE quirk: reg 0x1c: [io  0x0376]
[    0.277988] pci 0000:00:02.0: [15ad:0405] type 00 class 0x030000
[    0.280551] pci 0000:00:02.0: reg 0x10: [io  0xd010-0xd01f]
[    0.284532] pci 0000:00:02.0: reg 0x14: [mem 0xe0000000-0xe7ffffff pref]
[    0.287095] pci 0000:00:02.0: reg 0x18: [mem 0xf0000000-0xf01fffff]
[    0.297222] pci 0000:00:03.0: [1022:2000] type 00 class 0x020000
[    0.297896] pci 0000:00:03.0: reg 0x10: [io  0xd020-0xd03f]
[    0.298501] pci 0000:00:03.0: reg 0x14: [mem 0xf0200000-0xf0200fff]
[    0.302457] pci 0000:00:04.0: [80ee:cafe] type 00 class 0x088000
[    0.303134] pci 0000:00:04.0: reg 0x10: [io  0xd040-0xd05f]
[    0.303743] pci 0000:00:04.0: reg 0x14: [mem 0xf0400000-0xf07fffff]
[    0.304348] pci 0000:00:04.0: reg 0x18: [mem 0xf0800000-0xf0803fff pref]
[    0.307520] pci 0000:00:07.0: [8086:7113] type 00 class 0x068000
[    0.308092] pci 0000:00:07.0: quirk: [io  0x4000-0x403f] claimed by PIIX4 ACPI
[    0.308103] pci 0000:00:07.0: quirk: [io  0x4100-0x410f] claimed by PIIX4 SMB
[    0.308511] pci 0000:00:08.0: [1022:2000] type 00 class 0x020000
[    0.309177] pci 0000:00:08.0: reg 0x10: [io  0xd060-0xd07f]
[    0.309784] pci 0000:00:08.0: reg 0x14: [mem 0xf0804000-0xf0804fff]
[    0.313868] pci 0000:00:09.0: [8086:100e] type 00 class 0x020000
[    0.314573] pci 0000:00:09.0: reg 0x10: [mem 0xf0820000-0xf083ffff]
[    0.315770] pci 0000:00:09.0: reg 0x18: [io  0xd080-0xd087]
[    0.325426] ACPI: PCI Interrupt Link [LNKA] (IRQs 5 9 10 *11)
[    0.325707] ACPI: PCI Interrupt Link [LNKB] (IRQs 5 9 *10 11)
[    0.325810] ACPI: PCI Interrupt Link [LNKC] (IRQs 5 *9 10 11)
[    0.325914] ACPI: PCI Interrupt Link [LNKD] (IRQs 5 9 10 *11)
[    0.326151] iommu: Default domain type: Translated 
[    0.326211] pci 0000:00:02.0: vgaarb: setting as boot VGA device
[    0.326213] pci 0000:00:02.0: vgaarb: VGA device added: decodes=io+mem,owns=io+mem,locks=none
[    0.326215] pci 0000:00:02.0: vgaarb: bridge control possible
[    0.326215] vgaarb: loaded
[    0.326413] SCSI subsystem initialized
[    0.326445] libata version 3.00 loaded.
[    0.326470] ACPI: bus type USB registered
[    0.326485] usbcore: registered new interface driver usbfs
[    0.326491] usbcore: registered new interface driver hub
[    0.326496] usbcore: registered new device driver usb
[    0.326522] pps_core: LinuxPPS API ver. 1 registered
[    0.326523] pps_core: Software ver. 5.3.6 - Copyright 2005-2007 Rodolfo Giometti <giometti@linux.it>
[    0.326525] PTP clock support registered
[    0.326557] EDAC MC: Ver: 3.0.0
[    0.326844] PCI: Using ACPI for IRQ routing
[    0.326845] PCI: pci_cache_line_size set to 64 bytes
[    0.328616] e820: reserve RAM buffer [mem 0x0009fc00-0x0009ffff]
[    0.328620] e820: reserve RAM buffer [mem 0x7fff0000-0x7fffffff]
[    0.329476] NetLabel: Initializing
[    0.329477] NetLabel:  domain hash size = 128
[    0.329477] NetLabel:  protocols = UNLABELED CIPSOv4 CALIPSO
[    0.329496] NetLabel:  unlabeled traffic allowed by default
[    0.330386] clocksource: Switched to clocksource kvm-clock
[    0.342840] *** VALIDATE bpf ***
[    0.342896] VFS: Disk quotas dquot_6.6.0
[    0.342908] VFS: Dquot-cache hash table entries: 512 (order 0, 4096 bytes)
[    0.342928] *** VALIDATE ramfs ***
[    0.342931] *** VALIDATE hugetlbfs ***
[    0.343009] AppArmor: AppArmor Filesystem Enabled
[    0.343031] pnp: PnP ACPI init
[    0.343089] pnp 00:00: Plug and Play ACPI device, IDs PNP0303 (active)
[    0.343174] pnp 00:01: Plug and Play ACPI device, IDs PNP0f03 (active)
[    0.343912] pnp: PnP ACPI: found 2 devices
[    0.344866] thermal_sys: Registered thermal governor 'fair_share'
[    0.344867] thermal_sys: Registered thermal governor 'bang_bang'
[    0.344867] thermal_sys: Registered thermal governor 'step_wise'
[    0.344868] thermal_sys: Registered thermal governor 'user_space'
[    0.344868] thermal_sys: Registered thermal governor 'power_allocator'
[    0.349379] clocksource: acpi_pm: mask: 0xffffff max_cycles: 0xffffff, max_idle_ns: 2085701024 ns
[    0.349418] pci_bus 0000:00: resource 4 [io  0x0000-0x0cf7 window]
[    0.349419] pci_bus 0000:00: resource 5 [io  0x0d00-0xffff window]
[    0.349420] pci_bus 0000:00: resource 6 [mem 0x000a0000-0x000bffff window]
[    0.349421] pci_bus 0000:00: resource 7 [mem 0x80000000-0xfdffffff window]
[    0.349479] NET: Registered protocol family 2
[    0.349551] IP idents hash table entries: 32768 (order: 6, 262144 bytes, linear)
[    0.349945] MPTCP tokens hash table entries: 8192 (order: 4, 65536 bytes, linear)
[    0.349966] MPTCP request tokens hash table entries: 8192 (order: 4, 65536 bytes, linear)
[    0.349991] default registered
[    0.349991] default registered
[    0.349992] MPTCP: Stable release v0.96
[    0.349997] tcp_listen_portaddr_hash hash table entries: 1024 (order: 2, 16384 bytes, linear)
[    0.350077] TCP established hash table entries: 16384 (order: 5, 131072 bytes, linear)
[    0.350138] TCP bind hash table entries: 16384 (order: 6, 262144 bytes, linear)
[    0.350164] TCP: Hash tables configured (established 16384 bind 16384)
[    0.350871] UDP hash table entries: 1024 (order: 3, 32768 bytes, linear)
[    0.350882] UDP-Lite hash table entries: 1024 (order: 3, 32768 bytes, linear)
[    0.350915] NET: Registered protocol family 1
[    0.350923] NET: Registered protocol family 44
[    0.350943] pci 0000:00:00.0: Limiting direct PCI/PCI transfers
[    0.350955] pci 0000:00:01.0: Activating ISA DMA hang workarounds
[    0.351013] pci 0000:00:02.0: Video device with shadowed ROM at [mem 0x000c0000-0x000dffff]
[    0.351095] PCI: CLS 0 bytes, default 64
[    0.351144] Trying to unpack rootfs image as initramfs...
[    0.519172] Freeing initrd memory: 47868K
[    0.519172] clocksource: tsc: mask: 0xffffffffffffffff max_cycles: 0x1e4530a99b6, max_idle_ns: 440795257976 ns
[    0.519172] clocksource: Switched to clocksource tsc
[    0.519172] platform rtc_cmos: registered platform RTC device (no PNP device found)
[    0.519172] check: Scanning for low memory corruption every 60 seconds
[    0.519172] Initialise system trusted keyrings
[    0.519172] Key type blacklist registered
[    0.519172] workingset: timestamp_bits=36 max_order=19 bucket_order=0
[    0.519172] zbud: loaded
[    0.519172] squashfs: version 4.0 (2009/01/31) Phillip Lougher
[    0.519172] fuse: init (API version 7.31)
[    0.519172] *** VALIDATE fuse ***
[    0.519172] *** VALIDATE fuse ***
[    0.519172] Platform Keyring initialized
[    0.531361] Key type asymmetric registered
[    0.531362] Asymmetric key parser 'x509' registered
[    0.531372] Block layer SCSI generic (bsg) driver version 0.4 loaded (major 244)
[    0.531413] io scheduler mq-deadline registered
[    0.531535] shpchp: Standard Hot Plug PCI Controller Driver version: 0.4
[    0.531758] ACPI: AC Adapter [AC] (on-line)
[    0.531804] input: Power Button as /devices/LNXSYSTM:00/LNXPWRBN:00/input/input0
[    0.531834] ACPI: Power Button [PWRF]
[    0.531908] input: Sleep Button as /devices/LNXSYSTM:00/LNXSLPBN:00/input/input1
[    0.531923] ACPI: Sleep Button [SLPF]
[    0.532153] Serial: 8250/16550 driver, 32 ports, IRQ sharing enabled
[    0.533301] Linux agpgart interface v0.103
[    0.627029] loop: module loaded
[    0.627155] ata_piix 0000:00:01.1: version 2.13
[    0.627542] scsi host0: ata_piix
[    0.627628] scsi host1: ata_piix
[    0.627654] ata1: PATA max UDMA/33 cmd 0x1f0 ctl 0x3f6 bmdma 0xd000 irq 14
[    0.627655] ata2: PATA max UDMA/33 cmd 0x170 ctl 0x376 bmdma 0xd008 irq 15
[    0.627729] tun: Universal TUN/TAP device driver, 1.6
[    0.628030] PPP generic driver version 2.4.2
[    0.628070] VFIO - User Level meta-driver version: 0.3
[    0.628305] ehci_hcd: USB 2.0 'Enhanced' Host Controller (EHCI) Driver
[    0.628310] ehci-pci: EHCI PCI platform driver
[    0.628323] ehci-platform: EHCI generic platform driver
[    0.628328] ohci_hcd: USB 1.1 'Open' Host Controller (OHCI) Driver
[    0.628330] ohci-pci: OHCI PCI platform driver
[    0.628337] ohci-platform: OHCI generic platform driver
[    0.628341] uhci_hcd: USB Universal Host Controller Interface driver
[    0.628403] i8042: PNP: PS/2 Controller [PNP0303:PS2K,PNP0f03:PS2M] at 0x60,0x64 irq 1,12
[    0.628843] serio: i8042 KBD port at 0x60,0x64 irq 1
[    0.628846] serio: i8042 AUX port at 0x60,0x64 irq 12
[    0.628929] mousedev: PS/2 mouse device common for all mice
[    0.629171] input: AT Translated Set 2 keyboard as /devices/platform/i8042/serio0/input/input2
[    0.629567] rtc_cmos rtc_cmos: registered as rtc0
[    0.629579] rtc_cmos rtc_cmos: alarms up to one day, 114 bytes nvram
[    0.629584] i2c /dev entries driver
[    0.629625] device-mapper: uevent: version 1.0.3
[    0.629667] device-mapper: ioctl: 4.41.0-ioctl (2019-09-16) initialised: dm-devel@redhat.com
[    0.629682] platform eisa.0: Probing EISA bus 0
[    0.629683] platform eisa.0: EISA: Cannot allocate resource for mainboard
[    0.629684] platform eisa.0: Cannot allocate resource for EISA slot 1
[    0.629685] platform eisa.0: Cannot allocate resource for EISA slot 2
[    0.629686] platform eisa.0: Cannot allocate resource for EISA slot 3
[    0.629687] platform eisa.0: Cannot allocate resource for EISA slot 4
[    0.629688] platform eisa.0: Cannot allocate resource for EISA slot 5
[    0.629689] platform eisa.0: Cannot allocate resource for EISA slot 6
[    0.629690] platform eisa.0: Cannot allocate resource for EISA slot 7
[    0.629691] platform eisa.0: Cannot allocate resource for EISA slot 8
[    0.629692] platform eisa.0: EISA: Detected 0 cards
[    0.629694] intel_pstate: CPU model not supported
[    0.629702] ledtrig-cpu: registered to indicate activity on CPUs
[    0.629753] drop_monitor: Initializing network drop monitor service
[    0.629910] NET: Registered protocol family 10
[    0.635006] Segment Routing with IPv6
[    0.635036] fullmesh registered
[    0.635037] ndiffports registered
[    0.635039] binder registered
[    0.635040] roundrobin registered
[    0.635041] redundant registered
[    0.635041] blest registered
[    0.635042] ecf registered
[    0.635043] NET: Registered protocol family 17
[    0.635073] Key type dns_resolver registered
[    0.635171] RAS: Correctable Errors collector initialized.
[    0.635174] IPI shorthand broadcast: enabled
[    0.635174] sched_clock: Marking stable (620170941, 11003534)->(632456436, -1281961)
[    0.635242] registered taskstats version 1
[    0.635251] Loading compiled-in X.509 certificates
[    0.635836] Loaded X.509 cert 'Build time autogenerated kernel key: 6909f3744cebb3d0de528d5887b96a727de79b1e'
[    0.635853] zswap: loaded using pool lzo/zbud
[    0.635903] Key type ._fscrypt registered
[    0.635904] Key type .fscrypt registered
[    0.640353] Key type big_key registered
[    0.642566] Key type encrypted registered
[    0.642568] AppArmor: AppArmor sha1 policy hashing enabled
[    0.642575] ima: No TPM chip found, activating TPM-bypass!
[    0.642579] ima: Allocated hash algorithm: sha1
[    0.642584] ima: No architecture policies found
[    0.642593] evm: Initialising EVM extended attributes:
[    0.642593] evm: security.selinux
[    0.642594] evm: security.SMACK64
[    0.642594] evm: security.SMACK64EXEC
[    0.642595] evm: security.SMACK64TRANSMUTE
[    0.642595] evm: security.SMACK64MMAP
[    0.642596] evm: security.apparmor
[    0.642596] evm: security.ima
[    0.642597] evm: security.capability
[    0.642597] evm: HMAC attrs: 0x1
[    0.642900] PM:   Magic number: 10:576:550
[    0.642907] tty ttyS26: hash matches
[    0.642925] acpi PNP0C0F:01: hash matches
[    0.642999] rtc_cmos rtc_cmos: setting system clock to 2026-01-12T21:30:52 UTC (1768253452)
[    0.800126] ata1.00: ATA-6: VBOX HARDDISK, 1.0, max UDMA/133
[    0.800129] ata1.00: 209715200 sectors, multi 128: LBA 
[    0.800748] scsi 0:0:0:0: Direct-Access     ATA      VBOX HARDDISK    1.0  PQ: 0 ANSI: 5
[    0.801028] sd 0:0:0:0: [sda] 209715200 512-byte logical blocks: (107 GB/100 GiB)
[    0.801040] sd 0:0:0:0: [sda] Write Protect is off
[    0.801043] sd 0:0:0:0: [sda] Mode Sense: 00 3a 00 00
[    0.801063] sd 0:0:0:0: [sda] Write cache: enabled, read cache: enabled, doesn't support DPO or FUA
[    0.801356] sd 0:0:0:0: Attached scsi generic sg0 type 0
[    0.802769]  sda: sda1 sda2
[    0.811188] sd 0:0:0:0: [sda] Attached SCSI disk
[    0.814289] Freeing unused decrypted memory: 2040K
[    0.815225] Freeing unused kernel image memory: 2728K
[    0.815228] Write protecting the kernel read-only data: 22528k
[    0.816197] Freeing unused kernel image memory: 2036K
[    0.816738] Freeing unused kernel image memory: 1432K
[    0.841805] x86/mm: Checked W+X mappings: passed, no W+X pages found.
[    0.841810] Run /init as init process
[    0.950554] ACPI: Video Device [GFX0] (multi-head: yes  rom: no  post: no)
[    0.950639] input: Video Bus as /devices/LNXSYSTM:00/LNXSYBUS:00/PNP0A03:00/LNXVIDEO:00/input/input4
[    0.964183] pcnet32: pcnet32.c:v1.35 21.Apr.2008 tsbogend@alpha.franken.de
[    0.965313] pcnet32: PCnet/FAST III 79C973 at 0xd020, 08:00:27:4a:2b:0a assigned IRQ 19
[    0.965358] pcnet32: Found PHY 0022:561b at address 0
[    0.965690] pcnet32: eth0: registered as PCnet/FAST III 79C973
[    0.967935] piix4_smbus 0000:00:07.0: SMBus Host Controller at 0x4100, revision 0
[    0.973804] e1000: Intel(R) PRO/1000 Network Driver - version 7.3.21-k8-NAPI
[    0.973805] e1000: Copyright (c) 1999-2006 Intel Corporation.
[    0.981125] pcnet32: PCnet/FAST III 79C973 at 0xd060, 08:00:27:38:21:7e assigned IRQ 16
[    0.981170] pcnet32: Found PHY 0022:561b at address 0
[    0.981503] pcnet32: eth1: registered as PCnet/FAST III 79C973
[    0.983893] pcnet32: 2 cards_found
[    1.038000] pcnet32 0000:00:03.0 enp0s3: renamed from eth0
[    1.040771] pcnet32 0000:00:08.0 enp0s8: renamed from eth1
[    1.184737] input: ImExPS/2 Generic Explorer Mouse as /devices/platform/i8042/serio1/input/input5
[    1.383597] e1000 0000:00:09.0 eth0: (PCI:33MHz:32-bit) 08:00:27:a7:bd:0e
[    1.383602] e1000 0000:00:09.0 eth0: Intel(R) PRO/1000 Network Connection
[    1.384816] e1000 0000:00:09.0 enp0s9: renamed from eth0
[    1.532123] EXT4-fs (sda2): mounted filesystem with ordered data mode. Opts: (null)
[    1.623163] systemd[1]: Inserted module 'autofs4'
[    1.632893] systemd[1]: systemd 245.4-4ubuntu3 running in system mode. (+PAM +AUDIT +SELINUX +IMA +APPARMOR +SMACK +SYSVINIT +UTMP +LIBCRYPTSETUP +GCRYPT +GNUTLS +ACL +XZ +LZ4 +SECCOMP +BLKID +ELFUTILS +KMOD +IDN2 -IDN +PCRE2 default-hierarchy=hybrid)
[    1.632929] systemd[1]: Detected virtualization oracle.
[    1.632933] systemd[1]: Detected architecture x86-64.
[    1.634284] systemd[1]: Set hostname to <ztg>.
[    1.764610] systemd[1]: /lib/systemd/system/dbus.socket:5: ListenStream= references a path below legacy directory /var/run/, updating /var/run/dbus/system_bus_socket â†’ /run/dbus/system_bus_socket; please update the unit file accordingly.
[    1.818459] systemd[1]: Created slice system-modprobe.slice.
[    1.818650] systemd[1]: Created slice User and Session Slice.
[    1.818694] systemd[1]: Started Forward Password Requests to Wall Directory Watch.
[    1.818885] systemd[1]: Set up automount Arbitrary Executable File Formats File System Automount Point.
[    1.818920] systemd[1]: Reached target User and Group Name Lookups.
[    1.818929] systemd[1]: Reached target Remote File Systems.
[    1.818937] systemd[1]: Reached target Slices.
[    1.819506] systemd[1]: Listening on Syslog Socket.
[    1.819576] systemd[1]: Listening on fsck to fsckd communication Socket.
[    1.819615] systemd[1]: Listening on initctl Compatibility Named Pipe.
[    1.819756] systemd[1]: Listening on Journal Audit Socket.
[    1.819810] systemd[1]: Listening on Journal Socket (/dev/log).
[    1.819879] systemd[1]: Listening on Journal Socket.
[    1.819944] systemd[1]: Listening on udev Control Socket.
[    1.819983] systemd[1]: Listening on udev Kernel Socket.
[    1.820809] systemd[1]: Mounting Huge Pages File System...
[    1.821817] systemd[1]: Mounting POSIX Message Queue File System...
[    1.822760] systemd[1]: Mounting Kernel Debug File System...
[    1.823785] systemd[1]: Mounting Kernel Trace File System...
[    1.826331] systemd[1]: Starting Journal Service...
[    1.853295] systemd[1]: Starting Set the console keyboard layout...
[    1.858675] systemd[1]: Starting Create list of static device nodes for the current kernel...
[    1.863485] systemd[1]: Starting Load Kernel Module drm...
[    1.865893] systemd[1]: Condition check resulted in Set Up Additional Binary Formats being skipped.
[    1.865972] systemd[1]: Condition check resulted in File System Check on Root Device being skipped.
[    1.872700] systemd[1]: Starting Load Kernel Modules...
[    1.873490] systemd[1]: Starting Remount Root and Kernel File Systems...
[    1.874306] systemd[1]: Starting udev Coldplug all Devices...
[    1.919154] systemd[1]: Starting Uncomplicated firewall...
[    1.920395] systemd[1]: Mounted Huge Pages File System.
[    1.920489] systemd[1]: Mounted POSIX Message Queue File System.
[    1.920564] systemd[1]: Mounted Kernel Debug File System.
[    1.920636] systemd[1]: Mounted Kernel Trace File System.
[    1.929100] systemd[1]: Finished Create list of static device nodes for the current kernel.
[    1.929495] EXT4-fs (sda2): re-mounted. Opts: errors=remount-ro
[    1.951420] systemd[1]: Finished Uncomplicated firewall.
[    1.951673] systemd[1]: modprobe@drm.service: Succeeded.
[    1.957848] systemd[1]: Finished Load Kernel Module drm.
[    1.959757] systemd[1]: Finished Remount Root and Kernel File Systems.
[    1.976821] systemd[1]: Condition check resulted in Rebuild Hardware Database being skipped.
[    1.976865] systemd[1]: Condition check resulted in Platform Persistent Storage Archival being skipped.
[    1.977837] systemd[1]: Starting Load/Save Random Seed...
[    1.983934] systemd[1]: Starting Create System Users...
[    1.989933] lp: driver loaded but no devices found
[    1.995431] systemd[1]: Finished Load/Save Random Seed.
[    1.999022] ppdev: user-space parallel port driver
[    2.002875] systemd[1]: Finished Create System Users.
[    2.003689] systemd[1]: Starting Create Static Device Nodes in /dev...
[    2.036103] systemd[1]: Finished Create Static Device Nodes in /dev.
[    2.036895] systemd[1]: Starting udev Kernel Device Manager...
[    2.046760] systemd[1]: Finished udev Coldplug all Devices.
[    2.108697] [drm] DMA map mode: Caching DMA mappings.
[    2.108761] [drm] Capabilities:
[    2.108761] [drm]   Rect copy.
[    2.108761] [drm]   Cursor.
[    2.108762] [drm]   Cursor bypass.
[    2.108762] [drm]   Cursor bypass 2.
[    2.108762] [drm]   Alpha cursor.
[    2.108763] [drm]   Extended Fifo.
[    2.108763] [drm]   Pitchlock.
[    2.108763] [drm]   Irq mask.
[    2.108764] [drm]   GMR.
[    2.108764] [drm]   Traces.
[    2.108764] [drm]   GMR2.
[    2.108765] [drm]   Screen Object 2.
[    2.108765] [drm]   Command Buffers.
[    2.108765] [drm]   Command Buffers 2.
[    2.108766] [drm]   Guest Backed Resources.
[    2.108767] [drm] Max GMR ids is 8192
[    2.108767] [drm] Max number of GMR pages is 1048576
[    2.108768] [drm] Max dedicated hypervisor surface memory is 393216 kiB
[    2.108768] [drm] Maximum display memory size is 131072 kiB
[    2.108769] [drm] VRAM at 0xe0000000 size is 131072 kiB
[    2.108770] [drm] MMIO at 0xf0000000 size is 2048 kiB
[    2.115104] [TTM] Zone  kernel: Available graphics memory: 1011738 KiB
[    2.115105] [TTM] Initializing pool allocator
[    2.115108] [TTM] Initializing DMA pool allocator
[    2.115140] [drm] Supports vblank timestamp caching Rev 2 (21.10.2013).
[    2.115140] [drm] No driver support for vblank timestamp query.
[    2.115373] [drm] Screen Target Display device initialized
[    2.115678] [drm] width 720
[    2.115687] [drm] height 400
[    2.115691] [drm] bpp 32
[    2.116224] [drm] Fifo max 0x00200000 min 0x00001000 cap 0x00000355
[    2.117887] [drm] Using command buffers with DMA pool.
[    2.117891] [drm] DX: no.
[    2.117891] [drm] Atomic: yes.
[    2.117891] [drm] SM4_1: no.
[    2.117912] [drm:vmw_host_log [vmwgfx]] *ERROR* Failed to send host log message.
[    2.118823] [drm:vmw_host_log [vmwgfx]] *ERROR* Failed to send host log message.
[    2.122980] systemd[1]: Finished Set the console keyboard layout.
[    2.123120] systemd[1]: Reached target Local File Systems (Pre).
[    2.125476] systemd[1]: Mounting Mount unit for bare, revision 5...
[    2.128044] systemd[1]: Mounting Mount unit for core18, revision 1705...
[    2.139676] systemd[1]: Mounting Mount unit for gnome-3-34-1804, revision 24...
[    2.150522] fbcon: svgadrmfb (fb0) is primary device
[    2.154076] Console: switching to colour frame buffer device 100x37
[    2.159826] systemd[1]: Mounting Mount unit for gtk-common-themes, revision 1506...
[    2.163207] [drm] Initialized vmwgfx 2.15.0 20180704 for 0000:00:02.0 on minor 0
[    2.166239] systemd[1]: Mounting Mount unit for gtk-common-themes, revision 1535...
[    2.176374] systemd[1]: Mounting Mount unit for snap-store, revision 433...
[    2.195425] systemd[1]: Mounting Mount unit for snapd, revision 25935...
[    2.222688] systemd[1]: Finished Load Kernel Modules.
[    2.224348] systemd[1]: Mounted Mount unit for bare, revision 5.
[    2.224447] systemd[1]: Mounted Mount unit for core18, revision 1705.
[    2.225423] systemd[1]: Mounting FUSE Control File System...
[    2.226800] systemd[1]: Mounting Kernel Configuration File System...
[    2.235502] systemd[1]: Starting Apply Kernel Variables...
[    2.252608] systemd[1]: Mounted Mount unit for gnome-3-34-1804, revision 24.
[    2.252762] systemd[1]: Mounted FUSE Control File System.
[    2.252842] systemd[1]: Mounted Kernel Configuration File System.
[    2.252906] systemd[1]: Condition check resulted in VMware vmblock fuse mount being skipped.
[    2.255839] systemd[1]: Mounted Mount unit for gtk-common-themes, revision 1506.
[    2.287581] systemd[1]: Mounted Mount unit for gtk-common-themes, revision 1535.
[    2.287679] systemd[1]: Mounted Mount unit for snap-store, revision 433.
[    2.287764] systemd[1]: Mounted Mount unit for snapd, revision 25935.
[    2.287831] systemd[1]: Reached target Local File Systems.
[    2.290016] systemd[1]: Starting Load AppArmor profiles...
[    2.298003] systemd[1]: Starting Set console font and keymap...
[    2.307167] systemd[1]: Starting Tell Plymouth To Write Out Runtime Data...
[    2.307225] systemd[1]: Condition check resulted in Store a System Token in an EFI Variable being skipped.
[    2.307271] systemd[1]: Condition check resulted in Commit a transient machine-id on disk being skipped.
[    2.307503] systemd[1]: Started udev Kernel Device Manager.
[    2.312444] systemd[1]: Finished Apply Kernel Variables.
[    2.312830] systemd[1]: Finished Set console font and keymap.
[    2.315139] systemd[1]: Starting Show Plymouth Boot Screen...
[    2.318892] systemd[1]: Received SIGRTMIN+20 from PID 289 (plymouthd).
[    2.325382] systemd[1]: plymouth-read-write.service: Succeeded.
[    2.325841] systemd[1]: Finished Tell Plymouth To Write Out Runtime Data.
[    2.332896] systemd[1]: Started Show Plymouth Boot Screen.
[    2.333060] systemd[1]: Condition check resulted in Dispatch Password Requests to Console Directory Watch being skipped.
[    2.333140] systemd[1]: Started Forward Password Requests to Plymouth Directory Watch.
[    2.333175] systemd[1]: Reached target Local Encrypted Volumes.
[    2.365767] audit: type=1400 audit(1768253454.220:2): apparmor="STATUS" operation="profile_load" profile="unconfined" name="nvidia_modprobe" pid=294 comm="apparmor_parser"
[    2.365770] audit: type=1400 audit(1768253454.220:3): apparmor="STATUS" operation="profile_load" profile="unconfined" name="nvidia_modprobe//kmod" pid=294 comm="apparmor_parser"
[    2.373238] audit: type=1400 audit(1768253454.228:4): apparmor="STATUS" operation="profile_load" profile="unconfined" name="/usr/sbin/tcpdump" pid=295 comm="apparmor_parser"
[    2.398448] audit: type=1400 audit(1768253454.248:5): apparmor="STATUS" operation="profile_load" profile="unconfined" name="/usr/bin/evince" pid=303 comm="apparmor_parser"
[    2.398450] audit: type=1400 audit(1768253454.248:6): apparmor="STATUS" operation="profile_load" profile="unconfined" name="/usr/bin/evince//sanitized_helper" pid=303 comm="apparmor_parser"
[    2.398452] audit: type=1400 audit(1768253454.248:7): apparmor="STATUS" operation="profile_load" profile="unconfined" name="/usr/bin/evince-previewer" pid=303 comm="apparmor_parser"
[    2.398453] audit: type=1400 audit(1768253454.248:8): apparmor="STATUS" operation="profile_load" profile="unconfined" name="/usr/bin/evince-previewer//sanitized_helper" pid=303 comm="apparmor_parser"
[    2.398455] audit: type=1400 audit(1768253454.248:9): apparmor="STATUS" operation="profile_load" profile="unconfined" name="/usr/bin/evince-thumbnailer" pid=303 comm="apparmor_parser"
[    2.432282] audit: type=1400 audit(1768253454.288:10): apparmor="STATUS" operation="profile_load" profile="unconfined" name="/usr/lib/cups/backend/cups-pdf" pid=304 comm="apparmor_parser"
[    2.520693] systemd[1]: Finished Load AppArmor profiles.
[    2.521800] systemd[1]: Starting Load AppArmor profiles managed internally by snapd...
[    2.632812] systemd[1]: Finished Load AppArmor profiles managed internally by snapd.
[    2.819469] systemd[1]: Started Journal Service.
[    2.831295] systemd-journald[229]: Received client request to flush runtime journal.
[    2.835095] systemd-journald[229]: File /var/log/journal/c455b248004a419c87ce85eea238d727/system.journal corrupted or uncleanly shut down, renaming and replacing.
[    4.192204] RAPL PMU: API unit is 2^-32 Joules, 0 fixed counters, 10737418240 ms ovfl timer
[    4.250295] cryptd: max_cpu_qlen set to 1000
[    4.293989] AVX2 version of gcm_enc/dec engaged.
[    4.293990] AES CTR mode by8 optimization enabled
[    6.054921] Adding 1998844k swap on /dev/sda1.  Priority:-2 extents:1 across:1998844k FS
[    6.841791] kauditd_printk_skb: 30 callbacks suppressed
[    6.841793] audit: type=1400 audit(1768253458.696:41): apparmor="DENIED" operation="capable" profile="/usr/sbin/cups-browsed" pid=507 comm="cups-browsed" capability=23  capname="sys_nice"
[    8.551476] pcnet32 0000:00:03.0 enp0s3: link up, 100Mbps, full-duplex
[    8.566179] pcnet32 0000:00:08.0 enp0s8: link up, 100Mbps, full-duplex
[    8.609413] e1000: enp0s9 NIC Link is Up 1000 Mbps Full Duplex, Flow Control: RX
[    8.609703] IPv6: ADDRCONF(NETDEV_CHANGE): enp0s9: link becomes ready
[    9.167047] device enp0s3 entered promiscuous mode
[    9.181739] device enp0s8 entered promiscuous mode
[    9.227456] audit: type=1400 audit(1768253461.076:42): apparmor="DENIED" operation="open" profile="/usr/sbin/tcpdump" name="/proc/sys/kernel/random/boot_id" pid=619 comm="tcpdump" requested_mask="r" denied_mask="r" fsuid=0 ouid=0
[    9.231957] audit: type=1400 audit(1768253461.084:43): apparmor="DENIED" operation="open" profile="/usr/sbin/tcpdump" name="/proc/sys/kernel/random/boot_id" pid=619 comm="tcpdump" requested_mask="r" denied_mask="r" fsuid=0 ouid=0
[    9.232106] audit: type=1400 audit(1768253461.084:44): apparmor="DENIED" operation="open" profile="/usr/sbin/tcpdump" name="/proc/sys/kernel/random/boot_id" pid=619 comm="tcpdump" requested_mask="r" denied_mask="r" fsuid=0 ouid=0
[    9.232127] audit: type=1400 audit(1768253461.084:45): apparmor="DENIED" operation="open" profile="/usr/sbin/tcpdump" name="/proc/sys/kernel/random/boot_id" pid=619 comm="tcpdump" requested_mask="r" denied_mask="r" fsuid=0 ouid=0
[    9.236023] audit: type=1400 audit(1768253461.092:46): apparmor="DENIED" operation="open" profile="/usr/sbin/tcpdump" name="/proc/sys/kernel/random/boot_id" pid=622 comm="tcpdump" requested_mask="r" denied_mask="r" fsuid=0 ouid=0
[    9.236205] audit: type=1400 audit(1768253461.092:47): apparmor="DENIED" operation="open" profile="/usr/sbin/tcpdump" name="/proc/sys/kernel/random/boot_id" pid=622 comm="tcpdump" requested_mask="r" denied_mask="r" fsuid=0 ouid=0
[    9.236247] audit: type=1400 audit(1768253461.092:48): apparmor="DENIED" operation="open" profile="/usr/sbin/tcpdump" name="/proc/sys/kernel/random/boot_id" pid=622 comm="tcpdump" requested_mask="r" denied_mask="r" fsuid=0 ouid=0
[    9.236337] audit: type=1400 audit(1768253461.092:49): apparmor="DENIED" operation="open" profile="/usr/sbin/tcpdump" name="/proc/sys/kernel/random/boot_id" pid=621 comm="tcpdump" requested_mask="r" denied_mask="r" fsuid=0 ouid=0
[    9.236649] audit: type=1400 audit(1768253461.092:50): apparmor="DENIED" operation="open" profile="/usr/sbin/tcpdump" name="/proc/sys/kernel/random/boot_id" pid=622 comm="tcpdump" requested_mask="r" denied_mask="r" fsuid=0 ouid=0
[   15.107496] rfkill: input handler disabled
[  276.598332] AAAAA-TCP_FORW: name:enp0s8: saddr:100932208: daddr:16783984
[  276.600166] AAAAA-TCP_FORW: name:enp0s3: saddr:16783984: daddr:100932208
[  277.129013] AAAAA-TCP_FORW: name:enp0s8: saddr:100932208: daddr:16783984
[  277.129938] AAAAA-TCP_FORW: name:enp0s3: saddr:16783984: daddr:100932208
[  277.281549] AAAAA-TCP_FORW: name:enp0s8: saddr:100932208: daddr:16783984
[  277.282320] AAAAA-TCP_FORW: name:enp0s3: saddr:16783984: daddr:100932208
[  277.282423] AAAAA-TCP_FORW: name:enp0s3: saddr:16783984: daddr:100932208
[  277.957085] AAAAA-TCP_FORW: name:enp0s8: saddr:100932208: daddr:33561200
[  277.958078] AAAAA-TCP_FORW: name:enp0s3: saddr:33561200: daddr:100932208
[  278.021693] AAAAA-TCP_FORW: name:enp0s8: saddr:100932208: daddr:16783984
[  278.140628] AAAAA-TCP_FORW: name:enp0s8: saddr:100932208: daddr:16783984
[  278.141690] AAAAA-TCP_FORW: name:enp0s3: saddr:16783984: daddr:100932208
[  278.356551] AAAAA-TCP_FORW: name:enp0s8: saddr:100932208: daddr:33561200
[  278.357320] AAAAA-TCP_FORW: name:enp0s3: saddr:33561200: daddr:100932208
[  278.527254] AAAAA-TCP_FORW: name:enp0s8: saddr:100932208: daddr:16783984
[  278.528014] AAAAA-TCP_FORW: name:enp0s3: saddr:16783984: daddr:100932208
[  278.528032] AAAAA-TCP_FORW: name:enp0s3: saddr:33561200: daddr:100932208
[  278.876795] AAAAA-TCP_FORW: name:enp0s8: saddr:100932208: daddr:33561200
[  278.927180] AAAAA-TCP_FORW: name:enp0s8: saddr:100932208: daddr:16783984
[  278.927884] AAAAA-TCP_FORW: name:enp0s3: saddr:16783984: daddr:100932208
[  279.081780] AAAAA-TCP_FORW: name:enp0s8: saddr:100932208: daddr:16783984
[  279.082526] AAAAA-TCP_FORW: name:enp0s3: saddr:16783984: daddr:100932208
[  279.223997] AAAAA-TCP_FORW: name:enp0s8: saddr:100932208: daddr:16783984
[  279.224888] AAAAA-TCP_FORW: name:enp0s3: saddr:16783984: daddr:100932208
[  279.226229] AAAAA-TCP_FORW: name:enp0s3: saddr:33561200: daddr:100932208
[  279.494650] AAAAA-TCP_FORW: name:enp0s8: saddr:100932208: daddr:33561200
[  279.495356] AAAAA-TCP_FORW: name:enp0s3: saddr:33561200: daddr:100932208
[  279.623988] AAAAA-TCP_FORW: name:enp0s8: saddr:100932208: daddr:33561200
[  279.624722] AAAAA-TCP_FORW: name:enp0s3: saddr:33561200: daddr:100932208
[  279.756807] AAAAA-TCP_FORW: name:enp0s8: saddr:100932208: daddr:33561200
[  279.757525] AAAAA-TCP_FORW: name:enp0s3: saddr:33561200: daddr:100932208
[  279.824946] AAAAA-TCP_FORW: name:enp0s8: saddr:100932208: daddr:33561200
[  279.867507] AAAAA-TCP_FORW: name:enp0s8: saddr:100932208: daddr:16783984
[  279.868243] AAAAA-TCP_FORW: name:enp0s3: saddr:16783984: daddr:100932208
[  280.140290] AAAAA-TCP_FORW: name:enp0s8: saddr:100932208: daddr:16783984
[  280.141066] AAAAA-TCP_FORW: name:enp0s3: saddr:16783984: daddr:100932208
[  280.272495] AAAAA-TCP_FORW: name:enp0s8: saddr:100932208: daddr:16783984
[  280.273073] AAAAA-TCP_FORW: name:enp0s3: saddr:16783984: daddr:100932208
[  280.374694] AAAAA-TCP_FORW: name:enp0s8: saddr:100932208: daddr:16783984
[  280.375399] AAAAA-TCP_FORW: name:enp0s3: saddr:16783984: daddr:100932208
[  280.553043] AAAAA-TCP_FORW: name:enp0s8: saddr:100932208: daddr:16783984
[  280.553783] AAAAA-TCP_FORW: name:enp0s3: saddr:16783984: daddr:100932208
[  280.737450] AAAAA-TCP_FORW: name:enp0s8: saddr:100932208: daddr:16783984
[  280.738191] AAAAA-TCP_FORW: name:enp0s3: saddr:16783984: daddr:100932208
[  280.775116] AAAAA-TCP_FORW: name:enp0s8: saddr:100932208: daddr:16783984
[  280.775842] AAAAA-TCP_FORW: name:enp0s3: saddr:16783984: daddr:100932208
[  281.009982] AAAAA-TCP_FORW: name:enp0s8: saddr:100932208: daddr:16783984
[  281.010787] AAAAA-TCP_FORW: name:enp0s3: saddr:16783984: daddr:100932208
[  281.047235] AAAAA-TCP_FORW: name:enp0s8: saddr:100932208: daddr:16783984
[  281.048178] AAAAA-TCP_FORW: name:enp0s3: saddr:16783984: daddr:100932208
[  281.103423] AAAAA-TCP_FORW: name:enp0s8: saddr:100932208: daddr:16783984
[  281.104711] AAAAA-TCP_FORW: name:enp0s3: saddr:16783984: daddr:100932208
[  281.346337] AAAAA-TCP_FORW: name:enp0s8: saddr:100932208: daddr:33561200
[  281.347096] AAAAA-TCP_FORW: name:enp0s3: saddr:33561200: daddr:100932208
[  281.381461] AAAAA-TCP_FORW: name:enp0s8: saddr:100932208: daddr:33561200
[  281.382172] AAAAA-TCP_FORW: name:enp0s3: saddr:33561200: daddr:100932208
[  281.471008] AAAAA-TCP_FORW: name:enp0s8: saddr:100932208: daddr:33561200
[  281.471739] AAAAA-TCP_FORW: name:enp0s3: saddr:33561200: daddr:100932208
[  281.647205] AAAAA-TCP_FORW: name:enp0s8: saddr:100932208: daddr:33561200
[  281.647802] AAAAA-TCP_FORW: name:enp0s3: saddr:33561200: daddr:100932208
[  281.695553] AAAAA-TCP_FORW: name:enp0s8: saddr:100932208: daddr:33561200
[  281.696293] AAAAA-TCP_FORW: name:enp0s3: saddr:33561200: daddr:100932208
[  281.830898] AAAAA-TCP_FORW: name:enp0s8: saddr:100932208: daddr:33561200
[  281.832082] AAAAA-TCP_FORW: name:enp0s3: saddr:33561200: daddr:100932208
[  281.866986] AAAAA-TCP_FORW: name:enp0s8: saddr:100932208: daddr:33561200
[  281.867691] AAAAA-TCP_FORW: name:enp0s3: saddr:33561200: daddr:100932208
[  281.960249] AAAAA-TCP_FORW: name:enp0s8: saddr:100932208: daddr:33561200
[  281.960962] AAAAA-TCP_FORW: name:enp0s3: saddr:33561200: daddr:100932208
[  282.085318] AAAAA-TCP_FORW: name:enp0s8: saddr:100932208: daddr:33561200
[  282.086371] AAAAA-TCP_FORW: name:enp0s3: saddr:33561200: daddr:100932208
[  282.233293] AAAAA-TCP_FORW: name:enp0s8: saddr:100932208: daddr:33561200
[  282.234277] AAAAA-TCP_FORW: name:enp0s3: saddr:33561200: daddr:100932208
[  282.328366] AAAAA-TCP_FORW: name:enp0s8: saddr:100932208: daddr:16783984
[  282.329486] AAAAA-TCP_FORW: name:enp0s3: saddr:16783984: daddr:100932208
[  282.394535] AAAAA-TCP_FORW: name:enp0s8: saddr:100932208: daddr:16783984
[  282.395759] AAAAA-TCP_FORW: name:enp0s3: saddr:16783984: daddr:100932208
[  282.525153] AAAAA-TCP_FORW: name:enp0s8: saddr:100932208: daddr:16783984
[  282.526196] AAAAA-TCP_FORW: name:enp0s3: saddr:16783984: daddr:100932208
[  282.696560] AAAAA-TCP_FORW: name:enp0s8: saddr:100932208: daddr:16783984
[  282.698450] AAAAA-TCP_FORW: name:enp0s3: saddr:16783984: daddr:100932208
[  282.748327] AAAAA-TCP_FORW: name:enp0s8: saddr:100932208: daddr:33561200
[  282.749517] AAAAA-TCP_FORW: name:enp0s3: saddr:33561200: daddr:100932208
[  282.864087] AAAAA-TCP_FORW: name:enp0s8: saddr:100932208: daddr:16783984
[  282.865183] AAAAA-TCP_FORW: name:enp0s3: saddr:16783984: daddr:100932208
[  283.016714] AAAAA-TCP_FORW: name:enp0s8: saddr:100932208: daddr:16783984
[  283.017832] AAAAA-TCP_FORW: name:enp0s3: saddr:16783984: daddr:100932208
[  283.169075] AAAAA-TCP_FORW: name:enp0s8: saddr:100932208: daddr:33561200
[  283.170176] AAAAA-TCP_FORW: name:enp0s3: saddr:33561200: daddr:100932208
[  283.237188] AAAAA-TCP_FORW: name:enp0s8: saddr:100932208: daddr:16783984
[  283.238322] AAAAA-TCP_FORW: name:enp0s3: saddr:16783984: daddr:100932208
[  283.595178] AAAAA-TCP_FORW: name:enp0s8: saddr:100932208: daddr:16783984
[  283.596355] AAAAA-TCP_FORW: name:enp0s3: saddr:16783984: daddr:100932208
[  283.800455] AAAAA-TCP_FORW: name:enp0s8: saddr:100932208: daddr:16783984
[  283.801229] AAAAA-TCP_FORW: name:enp0s3: saddr:16783984: daddr:100932208
[  283.864438] AAAAA-TCP_FORW: name:enp0s8: saddr:100932208: daddr:16783984
[  283.865625] AAAAA-TCP_FORW: name:enp0s3: saddr:16783984: daddr:100932208
[  283.941377] AAAAA-TCP_FORW: name:enp0s8: saddr:100932208: daddr:16783984
[  283.942569] AAAAA-TCP_FORW: name:enp0s3: saddr:16783984: daddr:100932208
[  283.986569] AAAAA-TCP_FORW: name:enp0s8: saddr:100932208: daddr:16783984
[  283.987469] AAAAA-TCP_FORW: name:enp0s3: saddr:16783984: daddr:100932208
[  284.019575] AAAAA-TCP_FORW: name:enp0s8: saddr:100932208: daddr:16783984
[  284.020447] AAAAA-TCP_FORW: name:enp0s3: saddr:16783984: daddr:100932208
[  284.112699] AAAAA-TCP_FORW: name:enp0s8: saddr:100932208: daddr:16783984
[  284.114054] AAAAA-TCP_FORW: name:enp0s3: saddr:16783984: daddr:100932208
[  284.348445] AAAAA-TCP_FORW: name:enp0s8: saddr:100932208: daddr:16783984
[  284.349950] AAAAA-TCP_FORW: name:enp0s3: saddr:16783984: daddr:100932208
[  284.388547] AAAAA-TCP_FORW: name:enp0s8: saddr:100932208: daddr:16783984
[  284.389890] AAAAA-TCP_FORW: name:enp0s3: saddr:16783984: daddr:100932208
[  284.411998] AAAAA-TCP_FORW: name:enp0s8: saddr:100932208: daddr:16783984
[  284.460172] AAAAA-TCP_FORW: name:enp0s3: saddr:16783984: daddr:100932208
[  284.493190] AAAAA-TCP_FORW: name:enp0s8: saddr:100932208: daddr:16783984
[  284.601169] AAAAA-TCP_FORW: name:enp0s8: saddr:100932208: daddr:16783984
[  284.601982] AAAAA-TCP_FORW: name:enp0s3: saddr:16783984: daddr:100932208
[  284.649561] AAAAA-TCP_FORW: name:enp0s8: saddr:100932208: daddr:33561200
[  284.650535] AAAAA-TCP_FORW: name:enp0s3: saddr:33561200: daddr:100932208
[  284.839208] AAAAA-TCP_FORW: name:enp0s8: saddr:100932208: daddr:33561200
[  284.840207] AAAAA-TCP_FORW: name:enp0s3: saddr:33561200: daddr:100932208
[  284.976780] AAAAA-TCP_FORW: name:enp0s8: saddr:100932208: daddr:33561200
[  284.977740] AAAAA-TCP_FORW: name:enp0s3: saddr:33561200: daddr:100932208
[  285.043864] AAAAA-TCP_FORW: name:enp0s8: saddr:100932208: daddr:33561200
[  285.045020] AAAAA-TCP_FORW: name:enp0s3: saddr:33561200: daddr:100932208
[  285.200980] AAAAA-TCP_FORW: name:enp0s8: saddr:100932208: daddr:33561200
[  285.201901] AAAAA-TCP_FORW: name:enp0s3: saddr:33561200: daddr:100932208
[  285.314466] AAAAA-TCP_FORW: name:enp0s8: saddr:100932208: daddr:33561200
[  285.315410] AAAAA-TCP_FORW: name:enp0s3: saddr:33561200: daddr:100932208
[  285.417250] AAAAA-TCP_FORW: name:enp0s8: saddr:100932208: daddr:33561200
[  285.418039] AAAAA-TCP_FORW: name:enp0s3: saddr:33561200: daddr:100932208
[  285.480407] AAAAA-TCP_FORW: name:enp0s8: saddr:100932208: daddr:33561200
[  285.481577] AAAAA-TCP_FORW: name:enp0s3: saddr:33561200: daddr:100932208
[  285.532706] AAAAA-TCP_FORW: name:enp0s8: saddr:100932208: daddr:33561200
[  285.533600] AAAAA-TCP_FORW: name:enp0s3: saddr:33561200: daddr:100932208
[  285.566501] AAAAA-TCP_FORW: name:enp0s8: saddr:100932208: daddr:33561200
[  285.567416] AAAAA-TCP_FORW: name:enp0s3: saddr:33561200: daddr:100932208
[  285.708318] AAAAA-TCP_FORW: name:enp0s8: saddr:100932208: daddr:33561200
[  285.709622] AAAAA-TCP_FORW: name:enp0s3: saddr:33561200: daddr:100932208
[  285.991366] AAAAA-TCP_FORW: name:enp0s8: saddr:100932208: daddr:33561200
[  285.992786] AAAAA-TCP_FORW: name:enp0s3: saddr:33561200: daddr:100932208
[  286.040579] AAAAA-TCP_FORW: name:enp0s8: saddr:100932208: daddr:33561200
[  286.041457] AAAAA-TCP_FORW: name:enp0s3: saddr:33561200: daddr:100932208
[  286.082442] AAAAA-TCP_FORW: name:enp0s8: saddr:100932208: daddr:33561200
[  286.083345] AAAAA-TCP_FORW: name:enp0s3: saddr:33561200: daddr:100932208
[  286.139054] AAAAA-TCP_FORW: name:enp0s8: saddr:100932208: daddr:33561200
[  286.139957] AAAAA-TCP_FORW: name:enp0s3: saddr:33561200: daddr:100932208
[  286.213888] AAAAA-TCP_FORW: name:enp0s8: saddr:100932208: daddr:33561200
[  286.215311] AAAAA-TCP_FORW: name:enp0s3: saddr:33561200: daddr:100932208
[  286.277372] AAAAA-TCP_FORW: name:enp0s8: saddr:100932208: daddr:33561200
[  286.278296] AAAAA-TCP_FORW: name:enp0s3: saddr:33561200: daddr:100932208
[  286.439374] AAAAA-TCP_FORW: name:enp0s8: saddr:100932208: daddr:33561200
[  286.440519] AAAAA-TCP_FORW: name:enp0s3: saddr:33561200: daddr:100932208
[  286.522310] AAAAA-TCP_FORW: name:enp0s8: saddr:100932208: daddr:33561200
[  286.523105] AAAAA-TCP_FORW: name:enp0s3: saddr:33561200: daddr:100932208
[  286.650165] AAAAA-TCP_FORW: name:enp0s8: saddr:100932208: daddr:16783984
[  286.650987] AAAAA-TCP_FORW: name:enp0s3: saddr:16783984: daddr:100932208
[  286.686160] AAAAA-TCP_FORW: name:enp0s8: saddr:100932208: daddr:16783984
[  286.686933] AAAAA-TCP_FORW: name:enp0s3: saddr:16783984: daddr:100932208
[  286.718836] AAAAA-TCP_FORW: name:enp0s8: saddr:100932208: daddr:16783984
[  286.719558] AAAAA-TCP_FORW: name:enp0s3: saddr:16783984: daddr:100932208
[  286.752864] AAAAA-TCP_FORW: name:enp0s8: saddr:100932208: daddr:16783984
[  286.754769] AAAAA-TCP_FORW: name:enp0s3: saddr:16783984: daddr:100932208
[  286.837251] AAAAA-TCP_FORW: name:enp0s8: saddr:100932208: daddr:16783984
[  286.839116] AAAAA-TCP_FORW: name:enp0s3: saddr:16783984: daddr:100932208
[  287.035831] AAAAA-TCP_FORW: name:enp0s8: saddr:100932208: daddr:16783984
[  287.038404] AAAAA-TCP_FORW: name:enp0s3: saddr:16783984: daddr:100932208
[  287.096659] AAAAA-TCP_FORW: name:enp0s8: saddr:100932208: daddr:16783984
[  287.099166] AAAAA-TCP_FORW: name:enp0s3: saddr:16783984: daddr:100932208
[  287.161923] AAAAA-TCP_FORW: name:enp0s8: saddr:100932208: daddr:16783984
[  287.163906] AAAAA-TCP_FORW: name:enp0s3: saddr:16783984: daddr:100932208
[  287.314751] AAAAA-TCP_FORW: name:enp0s8: saddr:100932208: daddr:16783984
[  287.319626] AAAAA-TCP_FORW: name:enp0s3: saddr:16783984: daddr:100932208
[  287.394891] AAAAA-TCP_FORW: name:enp0s8: saddr:100932208: daddr:16783984
[  287.397324] AAAAA-TCP_FORW: name:enp0s3: saddr:16783984: daddr:100932208
[  287.513153] AAAAA-TCP_FORW: name:enp0s8: saddr:100932208: daddr:16783984
[  287.515214] AAAAA-TCP_FORW: name:enp0s3: saddr:16783984: daddr:100932208
[  287.584752] AAAAA-TCP_FORW: name:enp0s8: saddr:100932208: daddr:16783984
[  287.586650] AAAAA-TCP_FORW: name:enp0s3: saddr:16783984: daddr:100932208
[  287.634501] AAAAA-TCP_FORW: name:enp0s8: saddr:100932208: daddr:16783984
[  287.636417] AAAAA-TCP_FORW: name:enp0s3: saddr:16783984: daddr:100932208
[  287.736590] AAAAA-TCP_FORW: name:enp0s8: saddr:100932208: daddr:16783984
[  287.739127] AAAAA-TCP_FORW: name:enp0s3: saddr:16783984: daddr:100932208
[  287.789848] AAAAA-TCP_FORW: name:enp0s8: saddr:100932208: daddr:16783984
[  287.792330] AAAAA-TCP_FORW: name:enp0s3: saddr:16783984: daddr:100932208
[  287.859350] AAAAA-TCP_FORW: name:enp0s8: saddr:100932208: daddr:16783984
[  287.861266] AAAAA-TCP_FORW: name:enp0s3: saddr:16783984: daddr:100932208
[  287.972946] AAAAA-TCP_FORW: name:enp0s8: saddr:100932208: daddr:16783984
[  287.975416] AAAAA-TCP_FORW: name:enp0s3: saddr:16783984: daddr:100932208
[  288.020066] AAAAA-TCP_FORW: name:enp0s8: saddr:100932208: daddr:16783984
[  288.021851] AAAAA-TCP_FORW: name:enp0s3: saddr:16783984: daddr:100932208
[  288.104013] AAAAA-TCP_FORW: name:enp0s8: saddr:100932208: daddr:16783984
[  288.105912] AAAAA-TCP_FORW: name:enp0s3: saddr:16783984: daddr:100932208
[  288.162644] AAAAA-TCP_FORW: name:enp0s8: saddr:100932208: daddr:16783984
[  288.164679] AAAAA-TCP_FORW: name:enp0s3: saddr:16783984: daddr:100932208
[  288.236292] AAAAA-TCP_FORW: name:enp0s8: saddr:100932208: daddr:16783984
[  288.238222] AAAAA-TCP_FORW: name:enp0s3: saddr:16783984: daddr:100932208
[  288.622284] AAAAA-TCP_FORW: name:enp0s8: saddr:100932208: daddr:33561200
[  288.623551] AAAAA-TCP_FORW: name:enp0s3: saddr:33561200: daddr:100932208
[  288.855312] AAAAA-TCP_FORW: name:enp0s8: saddr:100932208: daddr:33561200
[  288.856099] AAAAA-TCP_FORW: name:enp0s3: saddr:33561200: daddr:100932208
[  288.925505] AAAAA-TCP_FORW: name:enp0s8: saddr:100932208: daddr:16783984
[  288.926277] AAAAA-TCP_FORW: name:enp0s3: saddr:16783984: daddr:100932208
[  307.460515] AAAAA-TCP_FORW: name:enp0s8: saddr:100932208: daddr:16783984
[  307.782261] AAAAA-TCP_FORW: name:enp0s8: saddr:100932208: daddr:16783984
[  307.856971] AAAAA-TCP_FORW: name:enp0s8: saddr:100932208: daddr:16783984
[  307.984509] AAAAA-TCP_FORW: name:enp0s8: saddr:100932208: daddr:16783984
[  307.985291] AAAAA-TCP_FORW: name:enp0s3: saddr:16783984: daddr:100932208
[  308.125445] AAAAA-TCP_FORW: name:enp0s8: saddr:100932208: daddr:33561200
[  308.126220] AAAAA-TCP_FORW: name:enp0s3: saddr:33561200: daddr:100932208
[  308.316472] AAAAA-TCP_FORW: name:enp0s8: saddr:100932208: daddr:33561200
[  308.317247] AAAAA-TCP_FORW: name:enp0s3: saddr:33561200: daddr:100932208
[  308.694940] AAAAA-TCP_FORW: name:enp0s8: saddr:100932208: daddr:33561200
[  308.695661] AAAAA-TCP_FORW: name:enp0s3: saddr:33561200: daddr:100932208
[  308.810520] AAAAA-TCP_FORW: name:enp0s8: saddr:100932208: daddr:33561200
[  308.811526] AAAAA-TCP_FORW: name:enp0s3: saddr:33561200: daddr:100932208
[  309.004295] AAAAA-TCP_FORW: name:enp0s8: saddr:100932208: daddr:33561200
[  309.005028] AAAAA-TCP_FORW: name:enp0s3: saddr:33561200: daddr:100932208
[  309.063272] AAAAA-TCP_FORW: name:enp0s8: saddr:100932208: daddr:33561200
[  309.064019] AAAAA-TCP_FORW: name:enp0s3: saddr:33561200: daddr:100932208
[  309.169357] AAAAA-TCP_FORW: name:enp0s8: saddr:100932208: daddr:16783984
[  309.170108] AAAAA-TCP_FORW: name:enp0s3: saddr:16783984: daddr:100932208
[  309.253026] AAAAA-TCP_FORW: name:enp0s8: saddr:100932208: daddr:16783984
[  309.253780] AAAAA-TCP_FORW: name:enp0s3: saddr:16783984: daddr:100932208
[  309.426471] AAAAA-TCP_FORW: name:enp0s8: saddr:100932208: daddr:16783984
[  309.427208] AAAAA-TCP_FORW: name:enp0s3: saddr:16783984: daddr:100932208
[  309.530078] AAAAA-TCP_FORW: name:enp0s8: saddr:100932208: daddr:33561200
[  309.530796] AAAAA-TCP_FORW: name:enp0s3: saddr:33561200: daddr:100932208
[  309.626374] AAAAA-TCP_FORW: name:enp0s8: saddr:100932208: daddr:33561200
[  309.627135] AAAAA-TCP_FORW: name:enp0s3: saddr:33561200: daddr:100932208
[  309.838018] AAAAA-TCP_FORW: name:enp0s8: saddr:100932208: daddr:16783984
[  309.838772] AAAAA-TCP_FORW: name:enp0s3: saddr:16783984: daddr:100932208
[  309.985258] AAAAA-TCP_FORW: name:enp0s8: saddr:100932208: daddr:16783984
[  309.985999] AAAAA-TCP_FORW: name:enp0s3: saddr:16783984: daddr:100932208
[  310.174151] AAAAA-TCP_FORW: name:enp0s8: saddr:100932208: daddr:33561200
[  310.175249] AAAAA-TCP_FORW: name:enp0s3: saddr:33561200: daddr:100932208
[  310.303844] AAAAA-TCP_FORW: name:enp0s8: saddr:100932208: daddr:16783984
[  310.304763] AAAAA-TCP_FORW: name:enp0s3: saddr:16783984: daddr:100932208
[  310.441401] AAAAA-TCP_FORW: name:enp0s8: saddr:100932208: daddr:16783984
[  310.442156] AAAAA-TCP_FORW: name:enp0s3: saddr:16783984: daddr:100932208
[  310.870816] AAAAA-TCP_FORW: name:enp0s8: saddr:100932208: daddr:16783984
[  310.872156] AAAAA-TCP_FORW: name:enp0s3: saddr:16783984: daddr:100932208
[  311.019302] AAAAA-TCP_FORW: name:enp0s8: saddr:100932208: daddr:16783984
[  311.020232] AAAAA-TCP_FORW: name:enp0s3: saddr:16783984: daddr:100932208
[  311.210126] AAAAA-TCP_FORW: name:enp0s8: saddr:100932208: daddr:16783984
[  311.210849] AAAAA-TCP_FORW: name:enp0s3: saddr:16783984: daddr:100932208
[  311.389252] AAAAA-TCP_FORW: name:enp0s8: saddr:100932208: daddr:16783984
[  311.390032] AAAAA-TCP_FORW: name:enp0s3: saddr:16783984: daddr:100932208
[  311.459018] AAAAA-TCP_FORW: name:enp0s8: saddr:100932208: daddr:16783984
[  311.459784] AAAAA-TCP_FORW: name:enp0s3: saddr:16783984: daddr:100932208
[  311.697011] AAAAA-TCP_FORW: name:enp0s8: saddr:100932208: daddr:16783984
[  311.697769] AAAAA-TCP_FORW: name:enp0s3: saddr:16783984: daddr:100932208
[  311.891931] AAAAA-TCP_FORW: name:enp0s8: saddr:100932208: daddr:16783984
[  311.892736] AAAAA-TCP_FORW: name:enp0s3: saddr:16783984: daddr:100932208
[  311.975627] AAAAA-TCP_FORW: name:enp0s8: saddr:100932208: daddr:16783984
[  311.976726] AAAAA-TCP_FORW: name:enp0s3: saddr:16783984: daddr:100932208
[  312.052719] AAAAA-TCP_FORW: name:enp0s8: saddr:100932208: daddr:33561200
[  312.053546] AAAAA-TCP_FORW: name:enp0s3: saddr:33561200: daddr:100932208
[  312.155820] AAAAA-TCP_FORW: name:enp0s8: saddr:100932208: daddr:33561200
[  312.156563] AAAAA-TCP_FORW: name:enp0s3: saddr:33561200: daddr:100932208
[  312.210184] AAAAA-TCP_FORW: name:enp0s8: saddr:100932208: daddr:33561200
[  312.210914] AAAAA-TCP_FORW: name:enp0s3: saddr:33561200: daddr:100932208
[  312.263204] AAAAA-TCP_FORW: name:enp0s8: saddr:100932208: daddr:16783984
[  312.264003] AAAAA-TCP_FORW: name:enp0s3: saddr:16783984: daddr:100932208
[  312.378297] AAAAA-TCP_FORW: name:enp0s8: saddr:100932208: daddr:16783984
[  312.420055] AAAAA-TCP_FORW: name:enp0s3: saddr:16783984: daddr:100932208
[  312.452246] AAAAA-TCP_FORW: name:enp0s8: saddr:100932208: daddr:16783984
[  312.528167] AAAAA-TCP_FORW: name:enp0s8: saddr:100932208: daddr:16783984
[  312.528908] AAAAA-TCP_FORW: name:enp0s3: saddr:16783984: daddr:100932208
[  312.597310] AAAAA-TCP_FORW: name:enp0s8: saddr:100932208: daddr:33561200
[  312.598059] AAAAA-TCP_FORW: name:enp0s3: saddr:33561200: daddr:100932208
[  312.798558] AAAAA-TCP_FORW: name:enp0s8: saddr:100932208: daddr:33561200
[  312.799334] AAAAA-TCP_FORW: name:enp0s3: saddr:33561200: daddr:100932208
[  312.922361] AAAAA-TCP_FORW: name:enp0s8: saddr:100932208: daddr:33561200
[  312.923114] AAAAA-TCP_FORW: name:enp0s3: saddr:33561200: daddr:100932208
[  313.009956] AAAAA-TCP_FORW: name:enp0s8: saddr:100932208: daddr:33561200
[  313.010678] AAAAA-TCP_FORW: name:enp0s3: saddr:33561200: daddr:100932208
[  313.143277] AAAAA-TCP_FORW: name:enp0s8: saddr:100932208: daddr:33561200
[  313.144016] AAAAA-TCP_FORW: name:enp0s3: saddr:33561200: daddr:100932208
[  313.210959] AAAAA-TCP_FORW: name:enp0s8: saddr:100932208: daddr:16783984
[  313.212051] AAAAA-TCP_FORW: name:enp0s3: saddr:16783984: daddr:100932208
[  313.308600] AAAAA-TCP_FORW: name:enp0s8: saddr:100932208: daddr:16783984
[  313.309389] AAAAA-TCP_FORW: name:enp0s3: saddr:16783984: daddr:100932208
[  313.361885] AAAAA-TCP_FORW: name:enp0s8: saddr:100932208: daddr:16783984
[  313.362643] AAAAA-TCP_FORW: name:enp0s3: saddr:16783984: daddr:100932208
[  313.648631] AAAAA-TCP_FORW: name:enp0s8: saddr:100932208: daddr:16783984
[  313.649750] AAAAA-TCP_FORW: name:enp0s3: saddr:16783984: daddr:100932208
[  313.807452] AAAAA-TCP_FORW: name:enp0s8: saddr:100932208: daddr:33561200
[  313.808567] AAAAA-TCP_FORW: name:enp0s3: saddr:33561200: daddr:100932208
[  313.991445] AAAAA-TCP_FORW: name:enp0s8: saddr:100932208: daddr:33561200
[  313.992655] AAAAA-TCP_FORW: name:enp0s3: saddr:33561200: daddr:100932208
[  314.161681] AAAAA-TCP_FORW: name:enp0s8: saddr:100932208: daddr:16783984
[  314.162873] AAAAA-TCP_FORW: name:enp0s3: saddr:16783984: daddr:100932208
[  314.319812] AAAAA-TCP_FORW: name:enp0s8: saddr:100932208: daddr:16783984
[  314.320986] AAAAA-TCP_FORW: name:enp0s3: saddr:16783984: daddr:100932208
[  314.518894] AAAAA-TCP_FORW: name:enp0s8: saddr:100932208: daddr:16783984
[  314.626195] AAAAA-TCP_FORW: name:enp0s8: saddr:100932208: daddr:33561200
[  314.626966] AAAAA-TCP_FORW: name:enp0s3: saddr:33561200: daddr:100932208
[  315.351683] AAAAA-TCP_FORW: name:enp0s8: saddr:100932208: daddr:16783984
[  315.353024] AAAAA-TCP_FORW: name:enp0s3: saddr:16783984: daddr:100932208
[  315.447743] AAAAA-TCP_FORW: name:enp0s8: saddr:100932208: daddr:33561200
[  315.585965] AAAAA-TCP_FORW: name:enp0s8: saddr:100932208: daddr:16783984
[  315.587169] AAAAA-TCP_FORW: name:enp0s3: saddr:16783984: daddr:100932208
[  316.554449] AAAAA-TCP_FORW: name:enp0s8: saddr:100932208: daddr:16783984
[  316.555290] AAAAA-TCP_FORW: name:enp0s3: saddr:16783984: daddr:100932208
[  316.802343] AAAAA-TCP_FORW: name:enp0s8: saddr:100932208: daddr:16783984
[  316.803093] AAAAA-TCP_FORW: name:enp0s3: saddr:16783984: daddr:100932208
[  317.033129] AAAAA-TCP_FORW: name:enp0s8: saddr:100932208: daddr:16783984
[  317.033870] AAAAA-TCP_FORW: name:enp0s3: saddr:16783984: daddr:100932208
[  317.128077] AAAAA-TCP_FORW: name:enp0s8: saddr:100932208: daddr:16783984
[  317.129178] AAAAA-TCP_FORW: name:enp0s3: saddr:16783984: daddr:100932208
[  317.304625] AAAAA-TCP_FORW: name:enp0s8: saddr:100932208: daddr:16783984
[  317.305424] AAAAA-TCP_FORW: name:enp0s3: saddr:16783984: daddr:100932208
[  317.380299] AAAAA-TCP_FORW: name:enp0s8: saddr:100932208: daddr:16783984
[  317.381117] AAAAA-TCP_FORW: name:enp0s3: saddr:16783984: daddr:100932208
[  317.524260] AAAAA-TCP_FORW: name:enp0s8: saddr:100932208: daddr:16783984
[  317.525432] AAAAA-TCP_FORW: name:enp0s3: saddr:16783984: daddr:100932208
[  317.707785] AAAAA-TCP_FORW: name:enp0s8: saddr:100932208: daddr:33561200
[  317.709085] AAAAA-TCP_FORW: name:enp0s3: saddr:33561200: daddr:100932208
[  317.896788] AAAAA-TCP_FORW: name:enp0s8: saddr:100932208: daddr:33561200
[  317.897993] AAAAA-TCP_FORW: name:enp0s3: saddr:33561200: daddr:100932208
[  317.994783] AAAAA-TCP_FORW: name:enp0s8: saddr:100932208: daddr:33561200
[  317.996095] AAAAA-TCP_FORW: name:enp0s3: saddr:33561200: daddr:100932208
[  318.055977] AAAAA-TCP_FORW: name:enp0s8: saddr:100932208: daddr:16783984
[  318.056712] AAAAA-TCP_FORW: name:enp0s3: saddr:16783984: daddr:100932208
[  318.212408] AAAAA-TCP_FORW: name:enp0s8: saddr:100932208: daddr:16783984
[  318.213694] AAAAA-TCP_FORW: name:enp0s3: saddr:16783984: daddr:100932208
[  318.431011] AAAAA-TCP_FORW: name:enp0s8: saddr:100932208: daddr:16783984
[  318.432104] AAAAA-TCP_FORW: name:enp0s3: saddr:16783984: daddr:100932208
[  318.625282] AAAAA-TCP_FORW: name:enp0s8: saddr:100932208: daddr:16783984
[  318.626474] AAAAA-TCP_FORW: name:enp0s3: saddr:16783984: daddr:100932208
[  318.892224] AAAAA-TCP_FORW: name:enp0s8: saddr:100932208: daddr:33561200
[  318.893656] AAAAA-TCP_FORW: name:enp0s3: saddr:33561200: daddr:100932208
[  318.941837] AAAAA-TCP_FORW: name:enp0s8: saddr:100932208: daddr:33561200
[  318.942953] AAAAA-TCP_FORW: name:enp0s3: saddr:33561200: daddr:100932208
[  319.168125] AAAAA-TCP_FORW: name:enp0s8: saddr:100932208: daddr:33561200
[  319.169157] AAAAA-TCP_FORW: name:enp0s3: saddr:33561200: daddr:100932208
[  319.250854] AAAAA-TCP_FORW: name:enp0s8: saddr:100932208: daddr:33561200
[  319.252131] AAAAA-TCP_FORW: name:enp0s3: saddr:33561200: daddr:100932208
[  319.571714] AAAAA-TCP_FORW: name:enp0s8: saddr:100932208: daddr:33561200
[  319.574652] AAAAA-TCP_FORW: name:enp0s3: saddr:33561200: daddr:100932208
[  319.733258] AAAAA-TCP_FORW: name:enp0s8: saddr:100932208: daddr:16783984
[  319.734827] AAAAA-TCP_FORW: name:enp0s3: saddr:16783984: daddr:100932208
[  319.955104] AAAAA-TCP_FORW: name:enp0s8: saddr:100932208: daddr:16783984
[  319.955872] AAAAA-TCP_FORW: name:enp0s3: saddr:16783984: daddr:100932208
[  320.120509] AAAAA-TCP_FORW: name:enp0s8: saddr:100932208: daddr:16783984
[  320.121442] AAAAA-TCP_FORW: name:enp0s3: saddr:16783984: daddr:100932208
[  320.293169] AAAAA-TCP_FORW: name:enp0s8: saddr:100932208: daddr:16783984
[  320.294766] AAAAA-TCP_FORW: name:enp0s3: saddr:16783984: daddr:100932208
[  320.381360] AAAAA-TCP_FORW: name:enp0s8: saddr:100932208: daddr:33561200
[  320.382366] AAAAA-TCP_FORW: name:enp0s3: saddr:33561200: daddr:100932208
[  320.660590] AAAAA-TCP_FORW: name:enp0s8: saddr:100932208: daddr:16783984
[  320.661899] AAAAA-TCP_FORW: name:enp0s3: saddr:16783984: daddr:100932208
[  320.863880] AAAAA-TCP_FORW: name:enp0s8: saddr:100932208: daddr:16783984
[  320.864741] AAAAA-TCP_FORW: name:enp0s3: saddr:16783984: daddr:100932208
[  321.365619] AAAAA-TCP_FORW: name:enp0s8: saddr:100932208: daddr:16783984
[  321.366355] AAAAA-TCP_FORW: name:enp0s3: saddr:16783984: daddr:100932208
[  321.536218] AAAAA-TCP_FORW: name:enp0s8: saddr:100932208: daddr:16783984
[  321.537486] AAAAA-TCP_FORW: name:enp0s3: saddr:16783984: daddr:100932208
[  321.638456] AAAAA-TCP_FORW: name:enp0s8: saddr:100932208: daddr:16783984
[  321.639657] AAAAA-TCP_FORW: name:enp0s3: saddr:16783984: daddr:100932208
[  321.820030] AAAAA-TCP_FORW: name:enp0s8: saddr:100932208: daddr:16783984
[  321.821564] AAAAA-TCP_FORW: name:enp0s3: saddr:16783984: daddr:100932208
[  321.975727] AAAAA-TCP_FORW: name:enp0s8: saddr:100932208: daddr:16783984
[  321.976942] AAAAA-TCP_FORW: name:enp0s3: saddr:16783984: daddr:100932208
[  322.088142] AAAAA-TCP_FORW: name:enp0s8: saddr:100932208: daddr:16783984
[  322.089366] AAAAA-TCP_FORW: name:enp0s3: saddr:16783984: daddr:100932208
[  322.230481] AAAAA-TCP_FORW: name:enp0s8: saddr:100932208: daddr:16783984
[  322.231767] AAAAA-TCP_FORW: name:enp0s3: saddr:16783984: daddr:100932208
[  322.703511] AAAAA-TCP_FORW: name:enp0s8: saddr:100932208: daddr:16783984
[  322.704705] AAAAA-TCP_FORW: name:enp0s3: saddr:16783984: daddr:100932208
[  323.016492] AAAAA-TCP_FORW: name:enp0s8: saddr:100932208: daddr:33561200
[  323.017937] AAAAA-TCP_FORW: name:enp0s3: saddr:33561200: daddr:100932208
[  323.190930] AAAAA-TCP_FORW: name:enp0s8: saddr:100932208: daddr:33561200
[  323.192235] AAAAA-TCP_FORW: name:enp0s3: saddr:33561200: daddr:100932208
[  323.412539] AAAAA-TCP_FORW: name:enp0s8: saddr:100932208: daddr:16783984
[  323.414367] AAAAA-TCP_FORW: name:enp0s3: saddr:16783984: daddr:100932208
[  323.504525] AAAAA-TCP_FORW: name:enp0s8: saddr:100932208: daddr:16783984
[  323.505795] AAAAA-TCP_FORW: name:enp0s3: saddr:16783984: daddr:100932208
[  323.889468] AAAAA-TCP_FORW: name:enp0s8: saddr:100932208: daddr:33561200
[  323.985924] AAAAA-TCP_FORW: name:enp0s8: saddr:100932208: daddr:33561200
[  324.089828] AAAAA-TCP_FORW: name:enp0s8: saddr:100932208: daddr:33561200
[  324.500040] AAAAA-TCP_FORW: name:enp0s8: saddr:100932208: daddr:16783984
[  326.674540] AAAAA-TCP_FORW: name:enp0s8: saddr:100932208: daddr:16783984
[  327.018012] AAAAA-TCP_FORW: name:enp0s8: saddr:100932208: daddr:33561200
[  327.908465] AAAAA-TCP_FORW: name:enp0s8: saddr:100932208: daddr:16783984
[  328.295181] AAAAA-TCP_FORW: name:enp0s8: saddr:100932208: daddr:16783984
[  328.296407] AAAAA-TCP_FORW: name:enp0s3: saddr:16783984: daddr:100932208
[  328.531448] AAAAA-TCP_FORW: name:enp0s8: saddr:100932208: daddr:16783984
[  328.532188] AAAAA-TCP_FORW: name:enp0s3: saddr:16783984: daddr:100932208
[  328.583226] AAAAA-TCP_FORW: name:enp0s8: saddr:100932208: daddr:16783984
[  328.584064] AAAAA-TCP_FORW: name:enp0s3: saddr:16783984: daddr:100932208
[  328.831730] AAAAA-TCP_FORW: name:enp0s8: saddr:100932208: daddr:16783984
[  328.832953] AAAAA-TCP_FORW: name:enp0s3: saddr:16783984: daddr:100932208
[  328.934124] AAAAA-TCP_FORW: name:enp0s8: saddr:100932208: daddr:16783984
[  337.847880] AAAAA-TCP_FORW: name:enp0s3: saddr:33561200: daddr:100932208
[  338.032417] AAAAA-TCP_FORW: name:enp0s3: saddr:33561200: daddr:100932208
[  338.244129] AAAAA-TCP_FORW: name:enp0s3: saddr:33561200: daddr:100932208
[  338.328346] AAAAA-TCP_FORW: name:enp0s3: saddr:33561200: daddr:100932208
[  338.580441] AAAAA-TCP_FORW: name:enp0s3: saddr:33561200: daddr:100932208
[  338.671657] AAAAA-TCP_FORW: name:enp0s3: saddr:33561200: daddr:100932208
[  338.757715] AAAAA-TCP_FORW: name:enp0s3: saddr:16783984: daddr:100932208
[  338.827443] AAAAA-TCP_FORW: name:enp0s3: saddr:16783984: daddr:100932208
[  338.979803] AAAAA-TCP_FORW: name:enp0s3: saddr:16783984: daddr:100932208
[  339.104208] AAAAA-TCP_FORW: name:enp0s3: saddr:16783984: daddr:100932208
[  339.158480] AAAAA-TCP_FORW: name:enp0s3: saddr:16783984: daddr:100932208
[  339.323417] AAAAA-TCP_FORW: name:enp0s3: saddr:16783984: daddr:100932208
[  339.435932] AAAAA-TCP_FORW: name:enp0s3: saddr:16783984: daddr:100932208
[  339.528252] AAAAA-TCP_FORW: name:enp0s3: saddr:16783984: daddr:100932208
[  340.110743] AAAAA-TCP_FORW: name:enp0s8: saddr:100932208: daddr:33561200
[  340.231399] AAAAA-TCP_FORW: name:enp0s8: saddr:100932208: daddr:33561200
[  340.331207] AAAAA-TCP_FORW: name:enp0s8: saddr:100932208: daddr:33561200
[  340.480761] AAAAA-TCP_FORW: name:enp0s8: saddr:100932208: daddr:33561200
[  340.618114] AAAAA-TCP_FORW: name:enp0s8: saddr:100932208: daddr:16783984
[  340.734008] AAAAA-TCP_FORW: name:enp0s8: saddr:100932208: daddr:16783984
[  340.975779] AAAAA-TCP_FORW: name:enp0s8: saddr:100932208: daddr:16783984
[  341.066807] AAAAA-TCP_FORW: name:enp0s8: saddr:100932208: daddr:16783984
[  341.197587] AAAAA-TCP_FORW: name:enp0s8: saddr:100932208: daddr:16783984
[  341.378701] AAAAA-TCP_FORW: name:enp0s8: saddr:100932208: daddr:16783984
[  341.599120] AAAAA-TCP_FORW: name:enp0s8: saddr:100932208: daddr:16783984
[  341.725093] AAAAA-TCP_FORW: name:enp0s8: saddr:100932208: daddr:16783984
[  341.799712] AAAAA-TCP_FORW: name:enp0s8: saddr:100932208: daddr:16783984
[  342.892976] AAAAA-TCP_FORW: name:enp0s8: saddr:100932208: daddr:16783984
[  343.367875] AAAAA-TCP_FORW: name:enp0s8: saddr:100932208: daddr:16783984
[  343.368891] AAAAA-TCP_FORW: name:enp0s3: saddr:16783984: daddr:100932208
[  343.445846] AAAAA-TCP_FORW: name:enp0s8: saddr:100932208: daddr:33561200
[  343.446604] AAAAA-TCP_FORW: name:enp0s3: saddr:33561200: daddr:100932208
[  343.767924] AAAAA-TCP_FORW: name:enp0s8: saddr:100932208: daddr:33561200
[  343.768954] AAAAA-TCP_FORW: name:enp0s3: saddr:33561200: daddr:100932208
[  343.942132] AAAAA-TCP_FORW: name:enp0s8: saddr:100932208: daddr:33561200
[  343.943105] AAAAA-TCP_FORW: name:enp0s3: saddr:33561200: daddr:100932208
[  344.020226] AAAAA-TCP_FORW: name:enp0s8: saddr:100932208: daddr:33561200
[  344.021292] AAAAA-TCP_FORW: name:enp0s3: saddr:33561200: daddr:100932208
[  344.334153] AAAAA-TCP_FORW: name:enp0s8: saddr:100932208: daddr:33561200
[  344.334935] AAAAA-TCP_FORW: name:enp0s3: saddr:33561200: daddr:100932208
[  344.377994] AAAAA-TCP_FORW: name:enp0s8: saddr:100932208: daddr:33561200
[  344.378689] AAAAA-TCP_FORW: name:enp0s3: saddr:33561200: daddr:100932208
[  344.461358] AAAAA-TCP_FORW: name:enp0s8: saddr:100932208: daddr:33561200
[  344.462079] AAAAA-TCP_FORW: name:enp0s3: saddr:33561200: daddr:100932208
[  344.554192] AAAAA-TCP_FORW: name:enp0s8: saddr:100932208: daddr:16783984
[  344.555331] AAAAA-TCP_FORW: name:enp0s3: saddr:16783984: daddr:100932208
[  344.859003] AAAAA-TCP_FORW: name:enp0s8: saddr:100932208: daddr:16783984
[  344.859661] AAAAA-TCP_FORW: name:enp0s3: saddr:16783984: daddr:100932208
[  345.002024] AAAAA-TCP_FORW: name:enp0s8: saddr:100932208: daddr:16783984
[  345.002736] AAAAA-TCP_FORW: name:enp0s3: saddr:16783984: daddr:100932208
[  345.102883] AAAAA-TCP_FORW: name:enp0s8: saddr:100932208: daddr:16783984
[  345.103517] AAAAA-TCP_FORW: name:enp0s3: saddr:16783984: daddr:100932208
[  345.356065] AAAAA-TCP_FORW: name:enp0s8: saddr:100932208: daddr:16783984
[  345.357954] AAAAA-TCP_FORW: name:enp0s3: saddr:16783984: daddr:100932208
[  345.540136] AAAAA-TCP_FORW: name:enp0s3: saddr:16783984: daddr:100932208
[  345.683955] AAAAA-TCP_FORW: name:enp0s3: saddr:16783984: daddr:100932208
[  345.816087] AAAAA-TCP_FORW: name:enp0s3: saddr:16783984: daddr:100932208
[  346.098383] AAAAA-TCP_FORW: name:enp0s3: saddr:16783984: daddr:100932208
[  346.491851] AAAAA-TCP_FORW: name:enp0s3: saddr:16783984: daddr:100932208
[  347.002636] AAAAA-TCP_FORW: name:enp0s3: saddr:16783984: daddr:100932208
[  347.257787] AAAAA-TCP_FORW: name:enp0s8: saddr:100932208: daddr:33561200
[  347.259153] AAAAA-TCP_FORW: name:enp0s3: saddr:33561200: daddr:100932208
[  347.520974] AAAAA-TCP_FORW: name:enp0s8: saddr:100932208: daddr:33561200
[  347.522377] AAAAA-TCP_FORW: name:enp0s3: saddr:33561200: daddr:100932208
[  347.803783] AAAAA-TCP_FORW: name:enp0s8: saddr:100932208: daddr:33561200
[  347.804875] AAAAA-TCP_FORW: name:enp0s3: saddr:33561200: daddr:100932208
[  348.266075] AAAAA-TCP_FORW: name:enp0s8: saddr:100932208: daddr:33561200
[  348.267221] AAAAA-TCP_FORW: name:enp0s3: saddr:33561200: daddr:100932208
[  348.615001] AAAAA-TCP_FORW: name:enp0s8: saddr:100932208: daddr:33561200
[  348.616156] AAAAA-TCP_FORW: name:enp0s3: saddr:33561200: daddr:100932208
[  348.761414] AAAAA-TCP_FORW: name:enp0s8: saddr:100932208: daddr:16783984
[  348.762399] AAAAA-TCP_FORW: name:enp0s3: saddr:16783984: daddr:100932208
[  348.932278] AAAAA-TCP_FORW: name:enp0s8: saddr:100932208: daddr:16783984
[  348.933392] AAAAA-TCP_FORW: name:enp0s3: saddr:16783984: daddr:100932208
[  349.084543] AAAAA-TCP_FORW: name:enp0s8: saddr:100932208: daddr:16783984
[  349.085689] AAAAA-TCP_FORW: name:enp0s3: saddr:16783984: daddr:100932208
[  349.222604] AAAAA-TCP_FORW: name:enp0s8: saddr:100932208: daddr:16783984
[  349.223742] AAAAA-TCP_FORW: name:enp0s3: saddr:16783984: daddr:100932208
[  349.510588] AAAAA-TCP_FORW: name:enp0s8: saddr:100932208: daddr:16783984
[  349.511365] AAAAA-TCP_FORW: name:enp0s3: saddr:16783984: daddr:100932208
[  349.686590] AAAAA-TCP_FORW: name:enp0s8: saddr:100932208: daddr:16783984
[  349.688095] AAAAA-TCP_FORW: name:enp0s3: saddr:16783984: daddr:100932208
[  349.851627] AAAAA-TCP_FORW: name:enp0s8: saddr:100932208: daddr:16783984
[  349.852415] AAAAA-TCP_FORW: name:enp0s3: saddr:16783984: daddr:100932208
[  349.998631] AAAAA-TCP_FORW: name:enp0s8: saddr:100932208: daddr:16783984
[  349.999993] AAAAA-TCP_FORW: name:enp0s3: saddr:16783984: daddr:100932208
[  350.144402] AAAAA-TCP_FORW: name:enp0s8: saddr:100932208: daddr:33561200
[  350.145056] AAAAA-TCP_FORW: name:enp0s3: saddr:33561200: daddr:100932208
[  350.425252] AAAAA-TCP_FORW: name:enp0s8: saddr:100932208: daddr:33561200
[  350.426065] AAAAA-TCP_FORW: name:enp0s3: saddr:33561200: daddr:100932208
[  350.852105] AAAAA-TCP_FORW: name:enp0s8: saddr:100932208: daddr:33561200
[  350.853267] AAAAA-TCP_FORW: name:enp0s3: saddr:33561200: daddr:100932208
[  351.000117] AAAAA-TCP_FORW: name:enp0s8: saddr:100932208: daddr:33561200
[  351.000917] AAAAA-TCP_FORW: name:enp0s3: saddr:33561200: daddr:100932208
[  351.275327] AAAAA-TCP_FORW: name:enp0s8: saddr:100932208: daddr:16783984
[  351.276510] AAAAA-TCP_FORW: name:enp0s3: saddr:16783984: daddr:100932208
[  351.539850] AAAAA-TCP_FORW: name:enp0s8: saddr:100932208: daddr:16783984
[  351.541080] AAAAA-TCP_FORW: name:enp0s3: saddr:16783984: daddr:100932208
[  351.857438] AAAAA-TCP_FORW: name:enp0s8: saddr:100932208: daddr:16783984
[  351.858247] AAAAA-TCP_FORW: name:enp0s3: saddr:16783984: daddr:100932208
[  352.283255] AAAAA-TCP_FORW: name:enp0s8: saddr:100932208: daddr:16783984
[  352.284009] AAAAA-TCP_FORW: name:enp0s3: saddr:16783984: daddr:100932208
[  352.507292] AAAAA-TCP_FORW: name:enp0s8: saddr:100932208: daddr:16783984
[  352.508070] AAAAA-TCP_FORW: name:enp0s3: saddr:16783984: daddr:100932208
[  352.662985] AAAAA-TCP_FORW: name:enp0s8: saddr:100932208: daddr:16783984
[  352.664206] AAAAA-TCP_FORW: name:enp0s3: saddr:16783984: daddr:100932208
[  353.098410] AAAAA-TCP_FORW: name:enp0s8: saddr:100932208: daddr:33561200
[  353.099697] AAAAA-TCP_FORW: name:enp0s3: saddr:33561200: daddr:100932208
[  353.519600] AAAAA-TCP_FORW: name:enp0s8: saddr:100932208: daddr:33561200
[  353.520374] AAAAA-TCP_FORW: name:enp0s3: saddr:33561200: daddr:100932208
[  353.745092] AAAAA-TCP_FORW: name:enp0s8: saddr:100932208: daddr:16783984
[  353.746237] AAAAA-TCP_FORW: name:enp0s3: saddr:16783984: daddr:100932208
[  353.839640] AAAAA-TCP_FORW: name:enp0s8: saddr:100932208: daddr:16783984
[  353.840811] AAAAA-TCP_FORW: name:enp0s3: saddr:16783984: daddr:100932208
[  354.072897] AAAAA-TCP_FORW: name:enp0s8: saddr:100932208: daddr:16783984
[  354.073713] AAAAA-TCP_FORW: name:enp0s3: saddr:16783984: daddr:100932208
[  354.327102] AAAAA-TCP_FORW: name:enp0s8: saddr:100932208: daddr:16783984
[  354.327868] AAAAA-TCP_FORW: name:enp0s3: saddr:16783984: daddr:100932208
[  354.476197] AAAAA-TCP_FORW: name:enp0s8: saddr:100932208: daddr:16783984
[  354.477331] AAAAA-TCP_FORW: name:enp0s3: saddr:16783984: daddr:100932208
[  354.655585] AAAAA-TCP_FORW: name:enp0s8: saddr:100932208: daddr:16783984
[  354.656741] AAAAA-TCP_FORW: name:enp0s3: saddr:16783984: daddr:100932208
[  354.928802] AAAAA-TCP_FORW: name:enp0s8: saddr:100932208: daddr:33561200
[  354.929962] AAAAA-TCP_FORW: name:enp0s3: saddr:33561200: daddr:100932208
[  355.059365] AAAAA-TCP_FORW: name:enp0s8: saddr:100932208: daddr:33561200
[  355.060106] AAAAA-TCP_FORW: name:enp0s3: saddr:33561200: daddr:100932208
[  355.234244] AAAAA-TCP_FORW: name:enp0s8: saddr:100932208: daddr:16783984
[  355.235394] AAAAA-TCP_FORW: name:enp0s3: saddr:16783984: daddr:100932208
[  355.390929] AAAAA-TCP_FORW: name:enp0s8: saddr:100932208: daddr:16783984
[  355.391725] AAAAA-TCP_FORW: name:enp0s3: saddr:16783984: daddr:100932208
[  355.528421] AAAAA-TCP_FORW: name:enp0s8: saddr:100932208: daddr:16783984
[  355.529175] AAAAA-TCP_FORW: name:enp0s3: saddr:16783984: daddr:100932208
[  355.690167] AAAAA-TCP_FORW: name:enp0s8: saddr:100932208: daddr:16783984
[  355.691240] AAAAA-TCP_FORW: name:enp0s3: saddr:16783984: daddr:100932208
[  355.845250] AAAAA-TCP_FORW: name:enp0s8: saddr:100932208: daddr:16783984
[  355.845995] AAAAA-TCP_FORW: name:enp0s3: saddr:16783984: daddr:100932208
[  355.930741] AAAAA-TCP_FORW: name:enp0s8: saddr:100932208: daddr:16783984
[  355.931709] AAAAA-TCP_FORW: name:enp0s3: saddr:16783984: daddr:100932208
[  356.036874] AAAAA-TCP_FORW: name:enp0s8: saddr:100932208: daddr:33561200
[  356.037991] AAAAA-TCP_FORW: name:enp0s3: saddr:33561200: daddr:100932208
[  356.130437] AAAAA-TCP_FORW: name:enp0s8: saddr:100932208: daddr:33561200
[  356.131146] AAAAA-TCP_FORW: name:enp0s3: saddr:33561200: daddr:100932208
[  356.182537] AAAAA-TCP_FORW: name:enp0s8: saddr:100932208: daddr:16783984
[  356.183244] AAAAA-TCP_FORW: name:enp0s3: saddr:16783984: daddr:100932208
[  356.267237] AAAAA-TCP_FORW: name:enp0s8: saddr:100932208: daddr:16783984
[  356.267942] AAAAA-TCP_FORW: name:enp0s3: saddr:16783984: daddr:100932208
[  370.510275] AAAAA-TCP_FORW: name:enp0s8: saddr:100932208: daddr:16783984
[  370.511217] AAAAA-TCP_FORW: name:enp0s3: saddr:16783984: daddr:100932208
[  370.585730] AAAAA-TCP_FORW: name:enp0s8: saddr:100932208: daddr:16783984
[  370.586563] AAAAA-TCP_FORW: name:enp0s3: saddr:16783984: daddr:100932208
[  370.877802] AAAAA-TCP_FORW: name:enp0s8: saddr:100932208: daddr:16783984
[  370.878790] AAAAA-TCP_FORW: name:enp0s3: saddr:16783984: daddr:100932208
[  371.108846] AAAAA-TCP_FORW: name:enp0s8: saddr:100932208: daddr:16783984
[  371.109847] AAAAA-TCP_FORW: name:enp0s3: saddr:16783984: daddr:100932208
[  371.147392] AAAAA-TCP_FORW: name:enp0s8: saddr:100932208: daddr:16783984
[  371.148187] AAAAA-TCP_FORW: name:enp0s3: saddr:16783984: daddr:100932208
[  371.203237] AAAAA-TCP_FORW: name:enp0s8: saddr:100932208: daddr:16783984
[  371.204037] AAAAA-TCP_FORW: name:enp0s3: saddr:16783984: daddr:100932208
[  371.274766] AAAAA-TCP_FORW: name:enp0s8: saddr:100932208: daddr:16783984
[  371.275574] AAAAA-TCP_FORW: name:enp0s3: saddr:16783984: daddr:100932208
[  371.398486] AAAAA-TCP_FORW: name:enp0s8: saddr:100932208: daddr:33561200
[  371.399232] AAAAA-TCP_FORW: name:enp0s3: saddr:33561200: daddr:100932208
[  371.458272] AAAAA-TCP_FORW: name:enp0s8: saddr:100932208: daddr:33561200
[  371.459073] AAAAA-TCP_FORW: name:enp0s3: saddr:33561200: daddr:100932208
[  371.485329] AAAAA-TCP_FORW: name:enp0s8: saddr:100932208: daddr:16783984
[  371.486122] AAAAA-TCP_FORW: name:enp0s3: saddr:16783984: daddr:100932208
[  371.531400] AAAAA-TCP_FORW: name:enp0s8: saddr:100932208: daddr:16783984
[  371.532236] AAAAA-TCP_FORW: name:enp0s3: saddr:16783984: daddr:100932208
[  371.750543] AAAAA-TCP_FORW: name:enp0s8: saddr:100932208: daddr:16783984
[  371.751466] AAAAA-TCP_FORW: name:enp0s3: saddr:16783984: daddr:100932208
[  371.850792] AAAAA-TCP_FORW: name:enp0s8: saddr:100932208: daddr:16783984
[  371.851517] AAAAA-TCP_FORW: name:enp0s3: saddr:16783984: daddr:100932208
[  371.943024] AAAAA-TCP_FORW: name:enp0s8: saddr:100932208: daddr:16783984
[  371.943744] AAAAA-TCP_FORW: name:enp0s3: saddr:16783984: daddr:100932208
[  372.073848] AAAAA-TCP_FORW: name:enp0s8: saddr:100932208: daddr:33561200
[  372.075059] AAAAA-TCP_FORW: name:enp0s3: saddr:33561200: daddr:100932208
[  372.147917] AAAAA-TCP_FORW: name:enp0s8: saddr:100932208: daddr:16783984
[  372.148702] AAAAA-TCP_FORW: name:enp0s3: saddr:16783984: daddr:100932208
[  372.229660] AAAAA-TCP_FORW: name:enp0s8: saddr:100932208: daddr:33561200
[  372.230300] AAAAA-TCP_FORW: name:enp0s3: saddr:33561200: daddr:100932208
[  372.486998] AAAAA-TCP_FORW: name:enp0s8: saddr:100932208: daddr:16783984
[  372.487792] AAAAA-TCP_FORW: name:enp0s3: saddr:16783984: daddr:100932208
[  372.575071] AAAAA-TCP_FORW: name:enp0s8: saddr:100932208: daddr:16783984
[  372.575945] AAAAA-TCP_FORW: name:enp0s3: saddr:16783984: daddr:100932208
[  372.613036] AAAAA-TCP_FORW: name:enp0s8: saddr:100932208: daddr:16783984
[  372.613883] AAAAA-TCP_FORW: name:enp0s3: saddr:16783984: daddr:100932208
[  372.664088] AAAAA-TCP_FORW: name:enp0s8: saddr:100932208: daddr:16783984
[  372.664986] AAAAA-TCP_FORW: name:enp0s3: saddr:16783984: daddr:100932208
[  372.705642] AAAAA-TCP_FORW: name:enp0s8: saddr:100932208: daddr:16783984
[  372.706476] AAAAA-TCP_FORW: name:enp0s3: saddr:16783984: daddr:100932208
[  373.066559] AAAAA-TCP_FORW: name:enp0s8: saddr:100932208: daddr:16783984
[  373.067708] AAAAA-TCP_FORW: name:enp0s3: saddr:16783984: daddr:100932208
[  373.474793] AAAAA-TCP_FORW: name:enp0s8: saddr:100932208: daddr:16783984
[  373.475716] AAAAA-TCP_FORW: name:enp0s3: saddr:16783984: daddr:100932208
[  375.766649] AAAAA-TCP_FORW: name:enp0s8: saddr:100932208: daddr:33561200
[  375.767395] AAAAA-TCP_FORW: name:enp0s3: saddr:33561200: daddr:100932208
[  376.987902] AAAAA-TCP_FORW: name:enp0s8: saddr:100932208: daddr:33561200
[  376.988715] AAAAA-TCP_FORW: name:enp0s3: saddr:33561200: daddr:100932208
[  377.570393] AAAAA-TCP_FORW: name:enp0s8: saddr:100932208: daddr:16783984
[  377.571393] AAAAA-TCP_FORW: name:enp0s3: saddr:16783984: daddr:100932208
[  378.524813] AAAAA-TCP_FORW: name:enp0s8: saddr:100932208: daddr:16783984
[  378.525971] AAAAA-TCP_FORW: name:enp0s3: saddr:16783984: daddr:100932208
[  378.814641] AAAAA-TCP_FORW: name:enp0s8: saddr:100932208: daddr:16783984
[  378.815640] AAAAA-TCP_FORW: name:enp0s3: saddr:16783984: daddr:100932208
[  379.245728] AAAAA-TCP_FORW: name:enp0s8: saddr:100932208: daddr:16783984
[  379.246744] AAAAA-TCP_FORW: name:enp0s3: saddr:16783984: daddr:100932208
[  379.330390] AAAAA-TCP_FORW: name:enp0s8: saddr:100932208: daddr:16783984
[  379.331115] AAAAA-TCP_FORW: name:enp0s3: saddr:16783984: daddr:100932208
[  379.473540] AAAAA-TCP_FORW: name:enp0s8: saddr:100932208: daddr:16783984
[  379.474293] AAAAA-TCP_FORW: name:enp0s3: saddr:16783984: daddr:100932208
[  379.677886] AAAAA-TCP_FORW: name:enp0s8: saddr:100932208: daddr:16783984
[  379.678685] AAAAA-TCP_FORW: name:enp0s3: saddr:16783984: daddr:100932208
[  379.924426] AAAAA-TCP_FORW: name:enp0s8: saddr:100932208: daddr:16783984
[  379.925025] AAAAA-TCP_FORW: name:enp0s3: saddr:16783984: daddr:100932208
[  382.109285] AAAAA-TCP_FORW: name:enp0s8: saddr:100932208: daddr:33561200
[  382.110279] AAAAA-TCP_FORW: name:enp0s3: saddr:33561200: daddr:100932208
[  382.826892] AAAAA-TCP_FORW: name:enp0s8: saddr:100932208: daddr:16783984
[  382.827673] AAAAA-TCP_FORW: name:enp0s3: saddr:16783984: daddr:100932208
[  383.841215] AAAAA-TCP_FORW: name:enp0s8: saddr:100932208: daddr:33561200
[  383.842265] AAAAA-TCP_FORW: name:enp0s3: saddr:33561200: daddr:100932208
[  384.637946] AAAAA-TCP_FORW: name:enp0s8: saddr:100932208: daddr:33561200
[  384.638948] AAAAA-TCP_FORW: name:enp0s3: saddr:33561200: daddr:100932208
[  384.893471] AAAAA-TCP_FORW: name:enp0s8: saddr:100932208: daddr:16783984
[  384.894292] AAAAA-TCP_FORW: name:enp0s3: saddr:16783984: daddr:100932208
[  384.941696] AAAAA-TCP_FORW: name:enp0s8: saddr:100932208: daddr:16783984
[  384.942892] AAAAA-TCP_FORW: name:enp0s3: saddr:16783984: daddr:100932208
[  385.342775] AAAAA-TCP_FORW: name:enp0s8: saddr:100932208: daddr:16783984
[  385.343768] AAAAA-TCP_FORW: name:enp0s3: saddr:16783984: daddr:100932208
[  385.523511] AAAAA-TCP_FORW: name:enp0s8: saddr:100932208: daddr:16783984
[  385.524458] AAAAA-TCP_FORW: name:enp0s3: saddr:16783984: daddr:100932208
[  385.690411] AAAAA-TCP_FORW: name:enp0s8: saddr:100932208: daddr:16783984
[  385.691638] AAAAA-TCP_FORW: name:enp0s3: saddr:16783984: daddr:100932208
[  385.912241] AAAAA-TCP_FORW: name:enp0s8: saddr:100932208: daddr:16783984
[  385.913001] AAAAA-TCP_FORW: name:enp0s3: saddr:16783984: daddr:100932208
[  386.044527] AAAAA-TCP_FORW: name:enp0s8: saddr:100932208: daddr:16783984
[  386.045429] AAAAA-TCP_FORW: name:enp0s3: saddr:16783984: daddr:100932208
[  386.143935] AAAAA-TCP_FORW: name:enp0s8: saddr:100932208: daddr:16783984
[  386.144847] AAAAA-TCP_FORW: name:enp0s3: saddr:16783984: daddr:100932208
[  386.936926] AAAAA-TCP_FORW: name:enp0s8: saddr:100932208: daddr:33561200
[  386.937749] AAAAA-TCP_FORW: name:enp0s3: saddr:33561200: daddr:100932208
[  387.144176] AAAAA-TCP_FORW: name:enp0s8: saddr:100932208: daddr:33561200
[  387.145158] AAAAA-TCP_FORW: name:enp0s3: saddr:33561200: daddr:100932208
[  387.382729] AAAAA-TCP_FORW: name:enp0s8: saddr:100932208: daddr:16783984
[  387.384007] AAAAA-TCP_FORW: name:enp0s3: saddr:16783984: daddr:100932208
[  387.576219] AAAAA-TCP_FORW: name:enp0s8: saddr:100932208: daddr:16783984
[  387.577315] AAAAA-TCP_FORW: name:enp0s3: saddr:16783984: daddr:100932208
[  387.891792] AAAAA-TCP_FORW: name:enp0s8: saddr:100932208: daddr:16783984
[  387.892654] AAAAA-TCP_FORW: name:enp0s3: saddr:16783984: daddr:100932208
[  388.069625] AAAAA-TCP_FORW: name:enp0s8: saddr:100932208: daddr:16783984
[  388.070436] AAAAA-TCP_FORW: name:enp0s3: saddr:16783984: daddr:100932208
[  388.228001] AAAAA-TCP_FORW: name:enp0s8: saddr:100932208: daddr:16783984
[  388.228766] AAAAA-TCP_FORW: name:enp0s3: saddr:16783984: daddr:100932208
[  388.584624] AAAAA-TCP_FORW: name:enp0s8: saddr:100932208: daddr:16783984
[  388.585532] AAAAA-TCP_FORW: name:enp0s3: saddr:16783984: daddr:100932208
[  388.793498] AAAAA-TCP_FORW: name:enp0s8: saddr:100932208: daddr:16783984
[  388.794485] AAAAA-TCP_FORW: name:enp0s3: saddr:16783984: daddr:100932208
[  388.902274] AAAAA-TCP_FORW: name:enp0s8: saddr:100932208: daddr:16783984
[  388.903123] AAAAA-TCP_FORW: name:enp0s3: saddr:16783984: daddr:100932208
[  389.358472] AAAAA-TCP_FORW: name:enp0s8: saddr:100932208: daddr:33561200
[  389.359303] AAAAA-TCP_FORW: name:enp0s3: saddr:33561200: daddr:100932208
[  389.648441] AAAAA-TCP_FORW: name:enp0s8: saddr:100932208: daddr:33561200
[  389.649244] AAAAA-TCP_FORW: name:enp0s3: saddr:33561200: daddr:100932208
[  389.774295] AAAAA-TCP_FORW: name:enp0s8: saddr:100932208: daddr:16783984
[  389.775210] AAAAA-TCP_FORW: name:enp0s3: saddr:16783984: daddr:100932208
[  389.921037] AAAAA-TCP_FORW: name:enp0s8: saddr:100932208: daddr:16783984
[  389.921870] AAAAA-TCP_FORW: name:enp0s3: saddr:16783984: daddr:100932208
[  390.096316] AAAAA-TCP_FORW: name:enp0s8: saddr:100932208: daddr:16783984
[  390.097602] AAAAA-TCP_FORW: name:enp0s3: saddr:16783984: daddr:100932208
[  390.260526] AAAAA-TCP_FORW: name:enp0s8: saddr:100932208: daddr:16783984
[  390.261585] AAAAA-TCP_FORW: name:enp0s3: saddr:16783984: daddr:100932208
[  390.466061] AAAAA-TCP_FORW: name:enp0s8: saddr:100932208: daddr:16783984
[  390.466870] AAAAA-TCP_FORW: name:enp0s3: saddr:16783984: daddr:100932208
[  390.698424] AAAAA-TCP_FORW: name:enp0s8: saddr:100932208: daddr:16783984
[  390.699483] AAAAA-TCP_FORW: name:enp0s3: saddr:16783984: daddr:100932208
[  390.909041] AAAAA-TCP_FORW: name:enp0s8: saddr:100932208: daddr:16783984
[  390.909933] AAAAA-TCP_FORW: name:enp0s3: saddr:16783984: daddr:100932208
[  391.018725] AAAAA-TCP_FORW: name:enp0s8: saddr:100932208: daddr:16783984
[  391.019727] AAAAA-TCP_FORW: name:enp0s3: saddr:16783984: daddr:100932208
[  391.371053] AAAAA-TCP_FORW: name:enp0s8: saddr:100932208: daddr:33561200
[  391.372099] AAAAA-TCP_FORW: name:enp0s3: saddr:33561200: daddr:100932208
[  391.580971] AAAAA-TCP_FORW: name:enp0s8: saddr:100932208: daddr:33561200
[  391.582321] AAAAA-TCP_FORW: name:enp0s3: saddr:33561200: daddr:100932208
[  391.735937] AAAAA-TCP_FORW: name:enp0s8: saddr:100932208: daddr:16783984
[  391.737021] AAAAA-TCP_FORW: name:enp0s3: saddr:16783984: daddr:100932208
[  392.004883] AAAAA-TCP_FORW: name:enp0s8: saddr:100932208: daddr:16783984
[  392.005558] AAAAA-TCP_FORW: name:enp0s3: saddr:16783984: daddr:100932208
[  392.222300] AAAAA-TCP_FORW: name:enp0s8: saddr:100932208: daddr:16783984
[  392.223603] AAAAA-TCP_FORW: name:enp0s3: saddr:16783984: daddr:100932208
[  392.440535] AAAAA-TCP_FORW: name:enp0s8: saddr:100932208: daddr:16783984
[  392.441483] AAAAA-TCP_FORW: name:enp0s3: saddr:16783984: daddr:100932208
[  392.641269] AAAAA-TCP_FORW: name:enp0s8: saddr:100932208: daddr:16783984
[  392.642344] AAAAA-TCP_FORW: name:enp0s3: saddr:16783984: daddr:100932208
[  392.791747] AAAAA-TCP_FORW: name:enp0s8: saddr:100932208: daddr:33561200
[  392.792580] AAAAA-TCP_FORW: name:enp0s3: saddr:33561200: daddr:100932208
[  392.850571] AAAAA-TCP_FORW: name:enp0s8: saddr:100932208: daddr:33561200
[  392.851342] AAAAA-TCP_FORW: name:enp0s3: saddr:33561200: daddr:100932208
[  393.132925] AAAAA-TCP_FORW: name:enp0s8: saddr:100932208: daddr:16783984
[  393.133870] AAAAA-TCP_FORW: name:enp0s3: saddr:16783984: daddr:100932208
[  393.386414] AAAAA-TCP_FORW: name:enp0s8: saddr:100932208: daddr:16783984
[  393.387208] AAAAA-TCP_FORW: name:enp0s3: saddr:16783984: daddr:100932208
[  393.453638] AAAAA-TCP_FORW: name:enp0s8: saddr:100932208: daddr:16783984
[  393.454513] AAAAA-TCP_FORW: name:enp0s3: saddr:16783984: daddr:100932208
[  393.505867] AAAAA-TCP_FORW: name:enp0s8: saddr:100932208: daddr:16783984
[  393.506579] AAAAA-TCP_FORW: name:enp0s3: saddr:16783984: daddr:100932208
[  393.747393] AAAAA-TCP_FORW: name:enp0s8: saddr:100932208: daddr:16783984
[  393.748285] AAAAA-TCP_FORW: name:enp0s3: saddr:16783984: daddr:100932208
[  393.827827] AAAAA-TCP_FORW: name:enp0s8: saddr:100932208: daddr:33561200
[  393.828540] AAAAA-TCP_FORW: name:enp0s3: saddr:33561200: daddr:100932208
[  393.866791] AAAAA-TCP_FORW: name:enp0s8: saddr:100932208: daddr:33561200
[  393.867525] AAAAA-TCP_FORW: name:enp0s3: saddr:33561200: daddr:100932208
[  393.896330] AAAAA-TCP_FORW: name:enp0s8: saddr:100932208: daddr:16783984
[  393.897121] AAAAA-TCP_FORW: name:enp0s3: saddr:16783984: daddr:100932208
[  393.996560] AAAAA-TCP_FORW: name:enp0s8: saddr:100932208: daddr:16783984
[  393.997275] AAAAA-TCP_FORW: name:enp0s3: saddr:16783984: daddr:100932208
[  394.148090] AAAAA-TCP_FORW: name:enp0s8: saddr:100932208: daddr:16783984
[  394.149389] AAAAA-TCP_FORW: name:enp0s3: saddr:16783984: daddr:100932208
[  394.246926] AAAAA-TCP_FORW: name:enp0s8: saddr:100932208: daddr:16783984
[  394.247850] AAAAA-TCP_FORW: name:enp0s3: saddr:16783984: daddr:100932208
[  394.386378] AAAAA-TCP_FORW: name:enp0s8: saddr:100932208: daddr:16783984
[  394.387171] AAAAA-TCP_FORW: name:enp0s3: saddr:16783984: daddr:100932208
[  394.434941] AAAAA-TCP_FORW: name:enp0s8: saddr:100932208: daddr:16783984
[  394.435695] AAAAA-TCP_FORW: name:enp0s3: saddr:16783984: daddr:100932208
[  394.518928] AAAAA-TCP_FORW: name:enp0s8: saddr:100932208: daddr:33561200
[  394.519859] AAAAA-TCP_FORW: name:enp0s3: saddr:33561200: daddr:100932208
[  394.590862] AAAAA-TCP_FORW: name:enp0s8: saddr:100932208: daddr:33561200
[  394.591761] AAAAA-TCP_FORW: name:enp0s3: saddr:33561200: daddr:100932208
[  394.655947] AAAAA-TCP_FORW: name:enp0s8: saddr:100932208: daddr:16783984
[  394.656883] AAAAA-TCP_FORW: name:enp0s3: saddr:16783984: daddr:100932208
[  394.757218] AAAAA-TCP_FORW: name:enp0s8: saddr:100932208: daddr:16783984
[  394.758098] AAAAA-TCP_FORW: name:enp0s3: saddr:16783984: daddr:100932208
[  394.826361] AAAAA-TCP_FORW: name:enp0s8: saddr:100932208: daddr:16783984
[  394.827279] AAAAA-TCP_FORW: name:enp0s3: saddr:16783984: daddr:100932208
[  394.926209] AAAAA-TCP_FORW: name:enp0s8: saddr:100932208: daddr:16783984
[  394.927132] AAAAA-TCP_FORW: name:enp0s3: saddr:16783984: daddr:100932208
[  394.983836] AAAAA-TCP_FORW: name:enp0s8: saddr:100932208: daddr:16783984
[  394.984894] AAAAA-TCP_FORW: name:enp0s3: saddr:16783984: daddr:100932208
[  395.088494] AAAAA-TCP_FORW: name:enp0s8: saddr:100932208: daddr:16783984
[  395.089203] AAAAA-TCP_FORW: name:enp0s3: saddr:16783984: daddr:100932208
[  395.174532] AAAAA-TCP_FORW: name:enp0s8: saddr:100932208: daddr:33561200
[  395.175280] AAAAA-TCP_FORW: name:enp0s3: saddr:33561200: daddr:100932208
[  395.259180] AAAAA-TCP_FORW: name:enp0s8: saddr:100932208: daddr:33561200
[  395.259796] AAAAA-TCP_FORW: name:enp0s3: saddr:33561200: daddr:100932208
[  395.344316] AAAAA-TCP_FORW: name:enp0s8: saddr:100932208: daddr:16783984
[  395.345040] AAAAA-TCP_FORW: name:enp0s3: saddr:16783984: daddr:100932208
[  395.423431] AAAAA-TCP_FORW: name:enp0s8: saddr:100932208: daddr:16783984
[  395.424138] AAAAA-TCP_FORW: name:enp0s3: saddr:16783984: daddr:100932208
[  395.522899] AAAAA-TCP_FORW: name:enp0s8: saddr:100932208: daddr:16783984
[  395.523898] AAAAA-TCP_FORW: name:enp0s3: saddr:16783984: daddr:100932208
[  395.641676] AAAAA-TCP_FORW: name:enp0s8: saddr:100932208: daddr:16783984
[  395.642890] AAAAA-TCP_FORW: name:enp0s3: saddr:16783984: daddr:100932208
[  395.718529] AAAAA-TCP_FORW: name:enp0s8: saddr:100932208: daddr:16783984
[  395.719420] AAAAA-TCP_FORW: name:enp0s3: saddr:16783984: daddr:100932208
[  395.775339] AAAAA-TCP_FORW: name:enp0s8: saddr:100932208: daddr:16783984
[  395.776509] AAAAA-TCP_FORW: name:enp0s3: saddr:16783984: daddr:100932208
[  395.822188] AAAAA-TCP_FORW: name:enp0s8: saddr:100932208: daddr:16783984
[  395.823089] AAAAA-TCP_FORW: name:enp0s3: saddr:16783984: daddr:100932208
[  395.902182] AAAAA-TCP_FORW: name:enp0s8: saddr:100932208: daddr:33561200
[  395.903079] AAAAA-TCP_FORW: name:enp0s3: saddr:33561200: daddr:100932208
[  395.978698] AAAAA-TCP_FORW: name:enp0s8: saddr:100932208: daddr:33561200
[  395.979667] AAAAA-TCP_FORW: name:enp0s3: saddr:33561200: daddr:100932208
