[    0.000000] Linux version 5.4.243-mptcp (root@ztg) (gcc version 12.2.0 (Debian 12.2.0-14+deb12u1)) #53 SMP Wed Dec 24 23:28:15 CST 2025
[    0.000000] Command line: BOOT_IMAGE=/boot/vmlinuz-5.4.243-mptcp root=UUID=98415a12-53b7-4144-8265-0f7ece09e445 ro quiet splash
[    0.000000] KERNEL supported cpus:
[    0.000000]   Intel GenuineIntel
[    0.000000]   AMD AuthenticAMD
[    0.000000]   Hygon HygonGenuine
[    0.000000]   Centaur CentaurHauls
[    0.000000]   zhaoxin   Shanghai  
[    0.000000] x86/fpu: Supporting XSAVE feature 0x001: 'x87 floating point registers'
[    0.000000] x86/fpu: Supporting XSAVE feature 0x002: 'SSE registers'
[    0.000000] x86/fpu: Supporting XSAVE feature 0x004: 'AVX registers'
[    0.000000] x86/fpu: xstate_offset[2]:  576, xstate_sizes[2]:  256
[    0.000000] x86/fpu: Enabled xstate features 0x7, context size is 832 bytes, using 'standard' format.
[    0.000000] BIOS-provided physical RAM map:
[    0.000000] BIOS-e820: [mem 0x0000000000000000-0x000000000009fbff] usable
[    0.000000] BIOS-e820: [mem 0x000000000009fc00-0x000000000009ffff] reserved
[    0.000000] BIOS-e820: [mem 0x00000000000f0000-0x00000000000fffff] reserved
[    0.000000] BIOS-e820: [mem 0x0000000000100000-0x000000007ffeffff] usable
[    0.000000] BIOS-e820: [mem 0x000000007fff0000-0x000000007fffffff] ACPI data
[    0.000000] BIOS-e820: [mem 0x00000000fec00000-0x00000000fec00fff] reserved
[    0.000000] BIOS-e820: [mem 0x00000000fee00000-0x00000000fee00fff] reserved
[    0.000000] BIOS-e820: [mem 0x00000000fffc0000-0x00000000ffffffff] reserved
[    0.000000] NX (Execute Disable) protection: active
[    0.000000] SMBIOS 2.5 present.
[    0.000000] DMI: innotek GmbH VirtualBox/VirtualBox, BIOS VirtualBox 12/01/2006
[    0.000000] Hypervisor detected: KVM
[    0.000000] kvm-clock: Using msrs 4b564d01 and 4b564d00
[    0.000000] kvm-clock: cpu 0, msr 3a801001, primary cpu clock
[    0.000000] kvm-clock: using sched offset of 4435772105 cycles
[    0.000003] clocksource: kvm-clock: mask: 0xffffffffffffffff max_cycles: 0x1cd42e4dffb, max_idle_ns: 881590591483 ns
[    0.000005] tsc: Detected 2100.000 MHz processor
[    0.001948] e820: update [mem 0x00000000-0x00000fff] usable ==> reserved
[    0.001951] e820: remove [mem 0x000a0000-0x000fffff] usable
[    0.001955] last_pfn = 0x7fff0 max_arch_pfn = 0x400000000
[    0.002026] MTRR default type: uncachable
[    0.002027] MTRR fixed ranges enabled:
[    0.002028]   00000-9FFFF write-back
[    0.002029]   A0000-BFFFF uncachable
[    0.002029]   C0000-FFFFF write-protect
[    0.002030] MTRR variable ranges enabled:
[    0.002032]   0 base 000000000000 mask 3FFF80000000 write-back
[    0.002032]   1 disabled
[    0.002033]   2 disabled
[    0.002033]   3 disabled
[    0.002033]   4 disabled
[    0.002034]   5 disabled
[    0.002034]   6 disabled
[    0.002035]   7 disabled
[    0.002035]   8 disabled
[    0.002035]   9 disabled
[    0.002036]   10 disabled
[    0.002036]   11 disabled
[    0.002037]   12 disabled
[    0.002037]   13 disabled
[    0.002038]   14 disabled
[    0.002038]   15 disabled
[    0.002055] x86/PAT: Configuration [0-7]: WB  WC  UC- UC  WB  WP  UC- WT  
[    0.002190] found SMP MP-table at [mem 0x0009fff0-0x0009ffff]
[    0.094441] check: Scanning 1 areas for low memory corruption
[    0.094608] RAMDISK: [mem 0x32271000-0x3512ffff]
[    0.094617] ACPI: Early table checksum verification disabled
[    0.094622] ACPI: RSDP 0x00000000000E0000 000024 (v02 VBOX  )
[    0.094627] ACPI: XSDT 0x000000007FFF0030 00003C (v01 VBOX   VBOXXSDT 00000001 ASL  00000061)
[    0.094633] ACPI: FACP 0x000000007FFF00F0 0000F4 (v04 VBOX   VBOXFACP 00000001 ASL  00000061)
[    0.094640] ACPI: DSDT 0x000000007FFF02E0 002353 (v02 VBOX   VBOXBIOS 00000002 VBOX 00029BF3)
[    0.094644] ACPI: FACS 0x000000007FFF0200 000040
[    0.094647] ACPI: FACS 0x000000007FFF0200 000040
[    0.094650] ACPI: APIC 0x000000007FFF0240 000054 (v02 VBOX   VBOXAPIC 00000001 ASL  00000061)
[    0.094654] ACPI: SSDT 0x000000007FFF02A0 000038 (v01 VBOX   VBOXCPUT 00000002 VBOX 00029BF3)
[    0.094657] ACPI: Reserving FACP table memory at [mem 0x7fff00f0-0x7fff01e3]
[    0.094658] ACPI: Reserving DSDT table memory at [mem 0x7fff02e0-0x7fff2632]
[    0.094659] ACPI: Reserving FACS table memory at [mem 0x7fff0200-0x7fff023f]
[    0.094659] ACPI: Reserving FACS table memory at [mem 0x7fff0200-0x7fff023f]
[    0.094660] ACPI: Reserving APIC table memory at [mem 0x7fff0240-0x7fff0293]
[    0.094661] ACPI: Reserving SSDT table memory at [mem 0x7fff02a0-0x7fff02d7]
[    0.094676] ACPI: Local APIC address 0xfee00000
[    0.094865] No NUMA configuration found
[    0.094866] Faking a node at [mem 0x0000000000000000-0x000000007ffeffff]
[    0.094877] NODE_DATA(0) allocated [mem 0x7ffc5000-0x7ffeffff]
[    0.095161] Zone ranges:
[    0.095162]   DMA      [mem 0x0000000000001000-0x0000000000ffffff]
[    0.095163]   DMA32    [mem 0x0000000001000000-0x000000007ffeffff]
[    0.095164]   Normal   empty
[    0.095165]   Device   empty
[    0.095165] Movable zone start for each node
[    0.095167] Early memory node ranges
[    0.095168]   node   0: [mem 0x0000000000001000-0x000000000009efff]
[    0.095169]   node   0: [mem 0x0000000000100000-0x000000007ffeffff]
[    0.095172] Zeroed struct page in unavailable ranges: 114 pages
[    0.095173] Initmem setup node 0 [mem 0x0000000000001000-0x000000007ffeffff]
[    0.095174] On node 0 totalpages: 524174
[    0.095175]   DMA zone: 64 pages used for memmap
[    0.095176]   DMA zone: 21 pages reserved
[    0.095177]   DMA zone: 3998 pages, LIFO batch:0
[    0.095250]   DMA32 zone: 8128 pages used for memmap
[    0.095250]   DMA32 zone: 520176 pages, LIFO batch:63
[    0.104324] ACPI: PM-Timer IO Port: 0x4008
[    0.104328] ACPI: Local APIC address 0xfee00000
[    0.104398] IOAPIC[0]: apic_id 1, version 32, address 0xfec00000, GSI 0-23
[    0.104402] ACPI: INT_SRC_OVR (bus 0 bus_irq 0 global_irq 2 dfl dfl)
[    0.104404] ACPI: INT_SRC_OVR (bus 0 bus_irq 9 global_irq 9 low level)
[    0.104405] ACPI: IRQ0 used by override.
[    0.104407] ACPI: IRQ9 used by override.
[    0.104409] Using ACPI (MADT) for SMP configuration information
[    0.104416] smpboot: Allowing 1 CPUs, 0 hotplug CPUs
[    0.104439] PM: Registered nosave memory: [mem 0x00000000-0x00000fff]
[    0.104441] PM: Registered nosave memory: [mem 0x0009f000-0x0009ffff]
[    0.104441] PM: Registered nosave memory: [mem 0x000a0000-0x000effff]
[    0.104442] PM: Registered nosave memory: [mem 0x000f0000-0x000fffff]
[    0.104444] [mem 0x80000000-0xfebfffff] available for PCI devices
[    0.104444] Booting paravirtualized kernel on KVM
[    0.104447] clocksource: refined-jiffies: mask: 0xffffffff max_cycles: 0xffffffff, max_idle_ns: 7645519600211568 ns
[    0.104452] setup_percpu: NR_CPUS:8192 nr_cpumask_bits:1 nr_cpu_ids:1 nr_node_ids:1
[    0.105470] percpu: Embedded 60 pages/cpu s208896 r8192 d28672 u2097152
[    0.105475] pcpu-alloc: s208896 r8192 d28672 u2097152 alloc=1*2097152
[    0.105476] pcpu-alloc: [0] 0 
[    0.105504] Built 1 zonelists, mobility grouping on.  Total pages: 515961
[    0.105505] Policy zone: DMA32
[    0.105506] Kernel command line: BOOT_IMAGE=/boot/vmlinuz-5.4.243-mptcp root=UUID=98415a12-53b7-4144-8265-0f7ece09e445 ro quiet splash
[    0.106345] Dentry cache hash table entries: 262144 (order: 9, 2097152 bytes, linear)
[    0.106623] Inode-cache hash table entries: 131072 (order: 8, 1048576 bytes, linear)
[    0.106675] mem auto-init: stack:off, heap alloc:on, heap free:off
[    0.106678] Calgary: detecting Calgary via BIOS EBDA area
[    0.106680] Calgary: Unable to locate Rio Grande table in EBDA - bailing!
[    0.110835] Memory: 1967332K/2096696K available (14339K kernel code, 2398K rwdata, 4712K rodata, 2728K init, 17260K bss, 129364K reserved, 0K cma-reserved)
[    0.111772] SLUB: HWalign=64, Order=0-3, MinObjects=0, CPUs=1, Nodes=1
[    0.111788] ftrace: allocating 43186 entries in 169 pages
[    0.129904] rcu: Hierarchical RCU implementation.
[    0.129906] rcu: 	RCU restricting CPUs from NR_CPUS=8192 to nr_cpu_ids=1.
[    0.129907] 	Tasks RCU enabled.
[    0.129908] rcu: RCU calculated value of scheduler-enlistment delay is 25 jiffies.
[    0.129909] rcu: Adjusting geometry for rcu_fanout_leaf=16, nr_cpu_ids=1
[    0.132870] NR_IRQS: 524544, nr_irqs: 256, preallocated irqs: 16
[    0.133094] random: crng init done
[    0.142481] Console: colour VGA+ 80x25
[    0.142485] printk: console [tty0] enabled
[    0.142506] ACPI: Core revision 20190816
[    0.142613] APIC: Switch to symmetric I/O mode setup
[    0.142866] x2apic enabled
[    0.143109] Switched APIC routing to physical x2apic.
[    0.144244] ..TIMER: vector=0x30 apic1=0 pin1=2 apic2=-1 pin2=-1
[    0.144270] clocksource: tsc-early: mask: 0xffffffffffffffff max_cycles: 0x1e4530a99b6, max_idle_ns: 440795257976 ns
[    0.144275] Calibrating delay loop (skipped) preset value.. 4200.00 BogoMIPS (lpj=8400000)
[    0.144277] pid_max: default: 32768 minimum: 301
[    0.144305] LSM: Security Framework initializing
[    0.144314] Yama: becoming mindful.
[    0.144339] AppArmor: AppArmor initialized
[    0.144372] Mount-cache hash table entries: 4096 (order: 3, 32768 bytes, linear)
[    0.144376] Mountpoint-cache hash table entries: 4096 (order: 3, 32768 bytes, linear)
[    0.144386] *** VALIDATE tmpfs ***
[    0.144517] *** VALIDATE proc ***
[    0.144556] *** VALIDATE cgroup1 ***
[    0.144558] *** VALIDATE cgroup2 ***
[    0.144699] process: using mwait in idle threads
[    0.144704] Last level iTLB entries: 4KB 64, 2MB 8, 4MB 8
[    0.144704] Last level dTLB entries: 4KB 64, 2MB 0, 4MB 0, 1GB 4
[    0.144724] Spectre V1 : Mitigation: usercopy/swapgs barriers and __user pointer sanitization
[    0.144729] Spectre V2 : Mitigation: Retpolines
[    0.144730] Spectre V2 : Spectre v2 / SpectreRSB mitigation: Filling RSB on context switch
[    0.144730] Spectre V2 : Spectre v2 / SpectreRSB : Filling RSB on VMEXIT
[    0.144731] RETBleed: WARNING: Spectre v2 mitigation leaves CPU vulnerable to RETBleed attacks, data leaks possible!
[    0.145084] RETBleed: Vulnerable
[    0.145085] Speculative Store Bypass: Vulnerable
[    0.145089] TAA: Mitigation: TSX disabled
[    0.145090] MMIO Stale Data: Mitigation: Clear CPU buffers
[    0.149308] Freeing SMP alternatives memory: 40K
[    0.261865] smpboot: CPU0: Intel(R) Xeon(R) Silver 4216 CPU @ 2.10GHz (family: 0x6, model: 0x55, stepping: 0x7)
[    0.262015] Performance Events: unsupported p6 CPU model 85 no PMU driver, software events only.
[    0.262055] rcu: Hierarchical SRCU implementation.
[    0.262535] NMI watchdog: Perf NMI watchdog permanently disabled
[    0.262574] smp: Bringing up secondary CPUs ...
[    0.262576] smp: Brought up 1 node, 1 CPU
[    0.262576] smpboot: Max logical packages: 1
[    0.262578] smpboot: Total of 1 processors activated (4200.00 BogoMIPS)
[    0.263570] devtmpfs: initialized
[    0.263617] x86/mm: Memory block size: 128MB
[    0.263970] clocksource: jiffies: mask: 0xffffffff max_cycles: 0xffffffff, max_idle_ns: 7645041785100000 ns
[    0.263977] futex hash table entries: 256 (order: 2, 16384 bytes, linear)
[    0.264020] pinctrl core: initialized pinctrl subsystem
[    0.264121] PM: RTC time: 16:25:59, date: 2026-01-11
[    0.264242] NET: Registered protocol family 16
[    0.264272] audit: initializing netlink subsys (disabled)
[    0.264272] EISA bus registered
[    0.264272] cpuidle: using governor ladder
[    0.264272] cpuidle: using governor menu
[    0.264272] ACPI: bus type PCI registered
[    0.264272] acpiphp: ACPI Hot Plug PCI Controller Driver version: 0.5
[    0.264272] PCI: Using configuration type 1 for base access
[    0.264708] audit: type=2000 audit(1768119965.923:1): state=initialized audit_enabled=0 res=1
[    0.264827] HugeTLB registered 2.00 MiB page size, pre-allocated 0 pages
[    0.265682] ACPI: Added _OSI(Module Device)
[    0.265683] ACPI: Added _OSI(Processor Device)
[    0.265683] ACPI: Added _OSI(3.0 _SCP Extensions)
[    0.265684] ACPI: Added _OSI(Processor Aggregator Device)
[    0.265685] ACPI: Added _OSI(Linux-Dell-Video)
[    0.265686] ACPI: Added _OSI(Linux-Lenovo-NV-HDMI-Audio)
[    0.265687] ACPI: Added _OSI(Linux-HPI-Hybrid-Graphics)
[    0.267738] ACPI: 2 ACPI AML tables successfully acquired and loaded
[    0.269416] ACPI: Interpreter enabled
[    0.269425] ACPI: (supports S0 S5)
[    0.269426] ACPI: Using IOAPIC for interrupt routing
[    0.269630] PCI: Using host bridge windows from ACPI; if necessary, use "pci=nocrs" and report a bug
[    0.269739] ACPI: Enabled 2 GPEs in block 00 to 07
[    0.274729] ACPI: PCI Root Bridge [PCI0] (domain 0000 [bus 00-ff])
[    0.274735] acpi PNP0A03:00: _OSC: OS supports [ASPM ClockPM Segments MSI HPX-Type3]
[    0.275178] acpi PNP0A03:00: _OSC: not requesting OS control; OS requires [ExtendedConfig ASPM ClockPM MSI]
[    0.275186] acpi PNP0A03:00: fail to add MMCONFIG information, can't access extended PCI configuration space under this bridge.
[    0.275562] PCI host bridge to bus 0000:00
[    0.275564] pci_bus 0000:00: root bus resource [io  0x0000-0x0cf7 window]
[    0.275565] pci_bus 0000:00: root bus resource [io  0x0d00-0xffff window]
[    0.275566] pci_bus 0000:00: root bus resource [mem 0x000a0000-0x000bffff window]
[    0.275567] pci_bus 0000:00: root bus resource [mem 0x80000000-0xfdffffff window]
[    0.275569] pci_bus 0000:00: root bus resource [bus 00-ff]
[    0.275614] pci 0000:00:00.0: [8086:1237] type 00 class 0x060000
[    0.276419] pci 0000:00:01.0: [8086:7000] type 00 class 0x060100
[    0.277190] pci 0000:00:01.1: [8086:7111] type 00 class 0x01018a
[    0.277570] pci 0000:00:01.1: reg 0x20: [io  0xd000-0xd00f]
[    0.277727] pci 0000:00:01.1: legacy IDE quirk: reg 0x10: [io  0x01f0-0x01f7]
[    0.277728] pci 0000:00:01.1: legacy IDE quirk: reg 0x14: [io  0x03f6]
[    0.277729] pci 0000:00:01.1: legacy IDE quirk: reg 0x18: [io  0x0170-0x0177]
[    0.277730] pci 0000:00:01.1: legacy IDE quirk: reg 0x1c: [io  0x0376]
[    0.278269] pci 0000:00:02.0: [15ad:0405] type 00 class 0x030000
[    0.280366] pci 0000:00:02.0: reg 0x10: [io  0xd010-0xd01f]
[    0.284319] pci 0000:00:02.0: reg 0x14: [mem 0xe0000000-0xe7ffffff pref]
[    0.288317] pci 0000:00:02.0: reg 0x18: [mem 0xf0000000-0xf01fffff]
[    0.298868] pci 0000:00:03.0: [1022:2000] type 00 class 0x020000
[    0.299562] pci 0000:00:03.0: reg 0x10: [io  0xd020-0xd03f]
[    0.300427] pci 0000:00:03.0: reg 0x14: [mem 0xf0200000-0xf0200fff]
[    0.304063] pci 0000:00:04.0: [80ee:cafe] type 00 class 0x088000
[    0.304403] pci 0000:00:04.0: reg 0x10: [io  0xd040-0xd05f]
[    0.305062] pci 0000:00:04.0: reg 0x14: [mem 0xf0400000-0xf07fffff]
[    0.305695] pci 0000:00:04.0: reg 0x18: [mem 0xf0800000-0xf0803fff pref]
[    0.310266] pci 0000:00:07.0: [8086:7113] type 00 class 0x068000
[    0.310823] pci 0000:00:07.0: quirk: [io  0x4000-0x403f] claimed by PIIX4 ACPI
[    0.310834] pci 0000:00:07.0: quirk: [io  0x4100-0x410f] claimed by PIIX4 SMB
[    0.311458] pci 0000:00:08.0: [8086:100e] type 00 class 0x020000
[    0.312168] pci 0000:00:08.0: reg 0x10: [mem 0xf0820000-0xf083ffff]
[    0.312955] pci 0000:00:08.0: reg 0x18: [io  0xd060-0xd067]
[    0.316337] pci 0000:00:09.0: [8086:100e] type 00 class 0x020000
[    0.317039] pci 0000:00:09.0: reg 0x10: [mem 0xf0840000-0xf085ffff]
[    0.318198] pci 0000:00:09.0: reg 0x18: [io  0xd068-0xd06f]
[    0.329143] ACPI: PCI Interrupt Link [LNKA] (IRQs 5 9 10 *11)
[    0.329424] ACPI: PCI Interrupt Link [LNKB] (IRQs 5 9 *10 11)
[    0.329529] ACPI: PCI Interrupt Link [LNKC] (IRQs 5 *9 10 11)
[    0.329630] ACPI: PCI Interrupt Link [LNKD] (IRQs 5 9 10 *11)
[    0.329891] iommu: Default domain type: Translated 
[    0.329950] pci 0000:00:02.0: vgaarb: setting as boot VGA device
[    0.329952] pci 0000:00:02.0: vgaarb: VGA device added: decodes=io+mem,owns=io+mem,locks=none
[    0.329954] pci 0000:00:02.0: vgaarb: bridge control possible
[    0.329955] vgaarb: loaded
[    0.330167] SCSI subsystem initialized
[    0.330198] libata version 3.00 loaded.
[    0.330222] ACPI: bus type USB registered
[    0.330238] usbcore: registered new interface driver usbfs
[    0.330244] usbcore: registered new interface driver hub
[    0.330249] usbcore: registered new device driver usb
[    0.330277] pps_core: LinuxPPS API ver. 1 registered
[    0.330277] pps_core: Software ver. 5.3.6 - Copyright 2005-2007 Rodolfo Giometti <giometti@linux.it>
[    0.330279] PTP clock support registered
[    0.330313] EDAC MC: Ver: 3.0.0
[    0.330601] PCI: Using ACPI for IRQ routing
[    0.330602] PCI: pci_cache_line_size set to 64 bytes
[    0.330778] e820: reserve RAM buffer [mem 0x0009fc00-0x0009ffff]
[    0.330781] e820: reserve RAM buffer [mem 0x7fff0000-0x7fffffff]
[    0.331607] NetLabel: Initializing
[    0.331607] NetLabel:  domain hash size = 128
[    0.331608] NetLabel:  protocols = UNLABELED CIPSOv4 CALIPSO
[    0.331627] NetLabel:  unlabeled traffic allowed by default
[    0.332564] clocksource: Switched to clocksource kvm-clock
[    0.346878] *** VALIDATE bpf ***
[    0.346937] VFS: Disk quotas dquot_6.6.0
[    0.346950] VFS: Dquot-cache hash table entries: 512 (order 0, 4096 bytes)
[    0.346971] *** VALIDATE ramfs ***
[    0.346974] *** VALIDATE hugetlbfs ***
[    0.347053] AppArmor: AppArmor Filesystem Enabled
[    0.347077] pnp: PnP ACPI init
[    0.347140] pnp 00:00: Plug and Play ACPI device, IDs PNP0303 (active)
[    0.347242] pnp 00:01: Plug and Play ACPI device, IDs PNP0f03 (active)
[    0.347979] pnp: PnP ACPI: found 2 devices
[    0.348933] thermal_sys: Registered thermal governor 'fair_share'
[    0.348934] thermal_sys: Registered thermal governor 'bang_bang'
[    0.348934] thermal_sys: Registered thermal governor 'step_wise'
[    0.348935] thermal_sys: Registered thermal governor 'user_space'
[    0.348936] thermal_sys: Registered thermal governor 'power_allocator'
[    0.353446] clocksource: acpi_pm: mask: 0xffffff max_cycles: 0xffffff, max_idle_ns: 2085701024 ns
[    0.353485] pci_bus 0000:00: resource 4 [io  0x0000-0x0cf7 window]
[    0.353486] pci_bus 0000:00: resource 5 [io  0x0d00-0xffff window]
[    0.353488] pci_bus 0000:00: resource 6 [mem 0x000a0000-0x000bffff window]
[    0.353489] pci_bus 0000:00: resource 7 [mem 0x80000000-0xfdffffff window]
[    0.353545] NET: Registered protocol family 2
[    0.353618] IP idents hash table entries: 32768 (order: 6, 262144 bytes, linear)
[    0.354022] MPTCP tokens hash table entries: 8192 (order: 4, 65536 bytes, linear)
[    0.354042] MPTCP request tokens hash table entries: 8192 (order: 4, 65536 bytes, linear)
[    0.354067] default registered
[    0.354068] default registered
[    0.354068] MPTCP: Stable release v0.96
[    0.354073] tcp_listen_portaddr_hash hash table entries: 1024 (order: 2, 16384 bytes, linear)
[    0.354154] TCP established hash table entries: 16384 (order: 5, 131072 bytes, linear)
[    0.354216] TCP bind hash table entries: 16384 (order: 6, 262144 bytes, linear)
[    0.354242] TCP: Hash tables configured (established 16384 bind 16384)
[    0.354963] UDP hash table entries: 1024 (order: 3, 32768 bytes, linear)
[    0.354974] UDP-Lite hash table entries: 1024 (order: 3, 32768 bytes, linear)
[    0.355009] NET: Registered protocol family 1
[    0.355018] NET: Registered protocol family 44
[    0.355037] pci 0000:00:00.0: Limiting direct PCI/PCI transfers
[    0.355049] pci 0000:00:01.0: Activating ISA DMA hang workarounds
[    0.355107] pci 0000:00:02.0: Video device with shadowed ROM at [mem 0x000c0000-0x000dffff]
[    0.355172] PCI: CLS 0 bytes, default 64
[    0.355250] Trying to unpack rootfs image as initramfs...
[    0.527537] Freeing initrd memory: 47868K
[    0.527537] clocksource: tsc: mask: 0xffffffffffffffff max_cycles: 0x1e4530a99b6, max_idle_ns: 440795257976 ns
[    0.527537] clocksource: Switched to clocksource tsc
[    0.527537] platform rtc_cmos: registered platform RTC device (no PNP device found)
[    0.527537] check: Scanning for low memory corruption every 60 seconds
[    0.527537] Initialise system trusted keyrings
[    0.527537] Key type blacklist registered
[    0.527537] workingset: timestamp_bits=36 max_order=19 bucket_order=0
[    0.527537] zbud: loaded
[    0.527537] squashfs: version 4.0 (2009/01/31) Phillip Lougher
[    0.527537] fuse: init (API version 7.31)
[    0.527537] *** VALIDATE fuse ***
[    0.527537] *** VALIDATE fuse ***
[    0.527537] Platform Keyring initialized
[    0.542680] Key type asymmetric registered
[    0.542681] Asymmetric key parser 'x509' registered
[    0.542690] Block layer SCSI generic (bsg) driver version 0.4 loaded (major 244)
[    0.542725] io scheduler mq-deadline registered
[    0.542845] shpchp: Standard Hot Plug PCI Controller Driver version: 0.4
[    0.543057] ACPI: AC Adapter [AC] (on-line)
[    0.543102] input: Power Button as /devices/LNXSYSTM:00/LNXPWRBN:00/input/input0
[    0.543129] ACPI: Power Button [PWRF]
[    0.543221] input: Sleep Button as /devices/LNXSYSTM:00/LNXSLPBN:00/input/input1
[    0.543236] ACPI: Sleep Button [SLPF]
[    0.543472] Serial: 8250/16550 driver, 32 ports, IRQ sharing enabled
[    0.544622] Linux agpgart interface v0.103
[    0.635243] loop: module loaded
[    0.635418] ata_piix 0000:00:01.1: version 2.13
[    0.635883] scsi host0: ata_piix
[    0.635987] scsi host1: ata_piix
[    0.636018] ata1: PATA max UDMA/33 cmd 0x1f0 ctl 0x3f6 bmdma 0xd000 irq 14
[    0.636019] ata2: PATA max UDMA/33 cmd 0x170 ctl 0x376 bmdma 0xd008 irq 15
[    0.636108] tun: Universal TUN/TAP device driver, 1.6
[    0.636463] PPP generic driver version 2.4.2
[    0.636514] VFIO - User Level meta-driver version: 0.3
[    0.636786] ehci_hcd: USB 2.0 'Enhanced' Host Controller (EHCI) Driver
[    0.636792] ehci-pci: EHCI PCI platform driver
[    0.636809] ehci-platform: EHCI generic platform driver
[    0.636817] ohci_hcd: USB 1.1 'Open' Host Controller (OHCI) Driver
[    0.636819] ohci-pci: OHCI PCI platform driver
[    0.636827] ohci-platform: OHCI generic platform driver
[    0.636832] uhci_hcd: USB Universal Host Controller Interface driver
[    0.636904] i8042: PNP: PS/2 Controller [PNP0303:PS2K,PNP0f03:PS2M] at 0x60,0x64 irq 1,12
[    0.637391] serio: i8042 KBD port at 0x60,0x64 irq 1
[    0.637396] serio: i8042 AUX port at 0x60,0x64 irq 12
[    0.637497] mousedev: PS/2 mouse device common for all mice
[    0.637797] input: AT Translated Set 2 keyboard as /devices/platform/i8042/serio0/input/input2
[    0.638245] rtc_cmos rtc_cmos: registered as rtc0
[    0.638260] rtc_cmos rtc_cmos: alarms up to one day, 114 bytes nvram
[    0.638265] i2c /dev entries driver
[    0.638315] device-mapper: uevent: version 1.0.3
[    0.638364] device-mapper: ioctl: 4.41.0-ioctl (2019-09-16) initialised: dm-devel@redhat.com
[    0.638382] platform eisa.0: Probing EISA bus 0
[    0.638383] platform eisa.0: EISA: Cannot allocate resource for mainboard
[    0.638385] platform eisa.0: Cannot allocate resource for EISA slot 1
[    0.638386] platform eisa.0: Cannot allocate resource for EISA slot 2
[    0.638387] platform eisa.0: Cannot allocate resource for EISA slot 3
[    0.638388] platform eisa.0: Cannot allocate resource for EISA slot 4
[    0.638390] platform eisa.0: Cannot allocate resource for EISA slot 5
[    0.638391] platform eisa.0: Cannot allocate resource for EISA slot 6
[    0.638392] platform eisa.0: Cannot allocate resource for EISA slot 7
[    0.638393] platform eisa.0: Cannot allocate resource for EISA slot 8
[    0.638394] platform eisa.0: EISA: Detected 0 cards
[    0.638397] intel_pstate: CPU model not supported
[    0.638407] ledtrig-cpu: registered to indicate activity on CPUs
[    0.638468] drop_monitor: Initializing network drop monitor service
[    0.638669] NET: Registered protocol family 10
[    0.643439] Segment Routing with IPv6
[    0.643439] fullmesh registered
[    0.643439] ndiffports registered
[    0.643439] binder registered
[    0.643439] roundrobin registered
[    0.643439] redundant registered
[    0.643439] blest registered
[    0.643439] ecf registered
[    0.643439] NET: Registered protocol family 17
[    0.643439] Key type dns_resolver registered
[    0.643439] RAS: Correctable Errors collector initialized.
[    0.643439] IPI shorthand broadcast: enabled
[    0.643439] sched_clock: Marking stable (628249598, 11189537)->(639275123, 164012)
[    0.644859] registered taskstats version 1
[    0.644868] Loading compiled-in X.509 certificates
[    0.645557] Loaded X.509 cert 'Build time autogenerated kernel key: 6909f3744cebb3d0de528d5887b96a727de79b1e'
[    0.645576] zswap: loaded using pool lzo/zbud
[    0.645641] Key type ._fscrypt registered
[    0.645642] Key type .fscrypt registered
[    0.650883] Key type big_key registered
[    0.653418] Key type encrypted registered
[    0.653420] AppArmor: AppArmor sha1 policy hashing enabled
[    0.653429] ima: No TPM chip found, activating TPM-bypass!
[    0.653433] ima: Allocated hash algorithm: sha1
[    0.653438] ima: No architecture policies found
[    0.653448] evm: Initialising EVM extended attributes:
[    0.653449] evm: security.selinux
[    0.653449] evm: security.SMACK64
[    0.653450] evm: security.SMACK64EXEC
[    0.653450] evm: security.SMACK64TRANSMUTE
[    0.653451] evm: security.SMACK64MMAP
[    0.653451] evm: security.apparmor
[    0.653452] evm: security.ima
[    0.653453] evm: security.capability
[    0.653453] evm: HMAC attrs: 0x1
[    0.653791] PM:   Magic number: 10:865:438
[    0.653936] rtc_cmos rtc_cmos: setting system clock to 2026-01-11T16:26:00 UTC (1768148760)
[    0.808357] ata1.00: ATA-6: VBOX HARDDISK, 1.0, max UDMA/133
[    0.808360] ata1.00: 209715200 sectors, multi 128: LBA 
[    0.809036] scsi 0:0:0:0: Direct-Access     ATA      VBOX HARDDISK    1.0  PQ: 0 ANSI: 5
[    0.809378] sd 0:0:0:0: [sda] 209715200 512-byte logical blocks: (107 GB/100 GiB)
[    0.809391] sd 0:0:0:0: [sda] Write Protect is off
[    0.809394] sd 0:0:0:0: [sda] Mode Sense: 00 3a 00 00
[    0.809414] sd 0:0:0:0: [sda] Write cache: enabled, read cache: enabled, doesn't support DPO or FUA
[    0.809731] sd 0:0:0:0: Attached scsi generic sg0 type 0
[    0.810725]  sda: sda1 sda2
[    0.819397] sd 0:0:0:0: [sda] Attached SCSI disk
[    0.822755] Freeing unused decrypted memory: 2040K
[    0.823729] Freeing unused kernel image memory: 2728K
[    0.823733] Write protecting the kernel read-only data: 22528k
[    0.824761] Freeing unused kernel image memory: 2036K
[    0.825323] Freeing unused kernel image memory: 1432K
[    0.852692] x86/mm: Checked W+X mappings: passed, no W+X pages found.
[    0.852698] Run /init as init process
[    0.956395] ACPI: Video Device [GFX0] (multi-head: yes  rom: no  post: no)
[    0.956468] input: Video Bus as /devices/LNXSYSTM:00/LNXSYBUS:00/PNP0A03:00/LNXVIDEO:00/input/input4
[    0.968321] pcnet32: pcnet32.c:v1.35 21.Apr.2008 tsbogend@alpha.franken.de
[    0.969841] piix4_smbus 0000:00:07.0: SMBus Host Controller at 0x4100, revision 0
[    0.972354] e1000: Intel(R) PRO/1000 Network Driver - version 7.3.21-k8-NAPI
[    0.972355] e1000: Copyright (c) 1999-2006 Intel Corporation.
[    0.976135] pcnet32: PCnet/FAST III 79C973 at 0xd020, 08:00:27:db:c7:1a assigned IRQ 19
[    0.976182] pcnet32: Found PHY 0022:561b at address 0
[    0.976483] pcnet32: eth0: registered as PCnet/FAST III 79C973
[    0.988134] pcnet32: 1 cards_found
[    1.045814] pcnet32 0000:00:03.0 enp0s3: renamed from eth0
[    1.197329] input: ImExPS/2 Generic Explorer Mouse as /devices/platform/i8042/serio1/input/input5
[    1.387506] e1000 0000:00:08.0 eth0: (PCI:33MHz:32-bit) 08:00:27:31:b4:87
[    1.387510] e1000 0000:00:08.0 eth0: Intel(R) PRO/1000 Network Connection
[    1.759606] e1000 0000:00:09.0 eth1: (PCI:33MHz:32-bit) 08:00:27:68:69:fa
[    1.759609] e1000 0000:00:09.0 eth1: Intel(R) PRO/1000 Network Connection
[    1.760767] e1000 0000:00:09.0 enp0s9: renamed from eth1
[    1.762598] e1000 0000:00:08.0 enp0s8: renamed from eth0
[    1.911208] EXT4-fs (sda2): mounted filesystem with ordered data mode. Opts: (null)
[    2.002342] systemd[1]: Inserted module 'autofs4'
[    2.012000] systemd[1]: systemd 245.4-4ubuntu3 running in system mode. (+PAM +AUDIT +SELINUX +IMA +APPARMOR +SMACK +SYSVINIT +UTMP +LIBCRYPTSETUP +GCRYPT +GNUTLS +ACL +XZ +LZ4 +SECCOMP +BLKID +ELFUTILS +KMOD +IDN2 -IDN +PCRE2 default-hierarchy=hybrid)
[    2.012031] systemd[1]: Detected virtualization oracle.
[    2.012035] systemd[1]: Detected architecture x86-64.
[    2.013309] systemd[1]: Set hostname to <ztg>.
[    2.138397] systemd[1]: /lib/systemd/system/dbus.socket:5: ListenStream= references a path below legacy directory /var/run/, updating /var/run/dbus/system_bus_socket â†’ /run/dbus/system_bus_socket; please update the unit file accordingly.
[    2.192901] systemd[1]: Created slice system-modprobe.slice.
[    2.193087] systemd[1]: Created slice User and Session Slice.
[    2.193132] systemd[1]: Started Forward Password Requests to Wall Directory Watch.
[    2.193287] systemd[1]: Set up automount Arbitrary Executable File Formats File System Automount Point.
[    2.193319] systemd[1]: Reached target User and Group Name Lookups.
[    2.193328] systemd[1]: Reached target Remote File Systems.
[    2.193337] systemd[1]: Reached target Slices.
[    2.193887] systemd[1]: Listening on Syslog Socket.
[    2.193953] systemd[1]: Listening on fsck to fsckd communication Socket.
[    2.193989] systemd[1]: Listening on initctl Compatibility Named Pipe.
[    2.194125] systemd[1]: Listening on Journal Audit Socket.
[    2.194177] systemd[1]: Listening on Journal Socket (/dev/log).
[    2.194244] systemd[1]: Listening on Journal Socket.
[    2.194308] systemd[1]: Listening on udev Control Socket.
[    2.194347] systemd[1]: Listening on udev Kernel Socket.
[    2.195110] systemd[1]: Mounting Huge Pages File System...
[    2.196061] systemd[1]: Mounting POSIX Message Queue File System...
[    2.196937] systemd[1]: Mounting Kernel Debug File System...
[    2.197767] systemd[1]: Mounting Kernel Trace File System...
[    2.199699] systemd[1]: Starting Journal Service...
[    2.221812] systemd[1]: Starting Set the console keyboard layout...
[    2.229698] systemd[1]: Starting Create list of static device nodes for the current kernel...
[    2.231795] systemd[1]: Starting Load Kernel Module drm...
[    2.232897] systemd[1]: Condition check resulted in Set Up Additional Binary Formats being skipped.
[    2.232945] systemd[1]: Condition check resulted in File System Check on Root Device being skipped.
[    2.245040] systemd[1]: Starting Load Kernel Modules...
[    2.251457] systemd[1]: Starting Remount Root and Kernel File Systems...
[    2.264958] systemd[1]: Starting udev Coldplug all Devices...
[    2.273267] systemd[1]: Starting Uncomplicated firewall...
[    2.292667] EXT4-fs (sda2): re-mounted. Opts: errors=remount-ro
[    2.297194] systemd[1]: Mounted Huge Pages File System.
[    2.297285] systemd[1]: Mounted POSIX Message Queue File System.
[    2.297363] systemd[1]: Mounted Kernel Debug File System.
[    2.297437] systemd[1]: Mounted Kernel Trace File System.
[    2.322037] systemd[1]: Finished Create list of static device nodes for the current kernel.
[    2.322366] systemd[1]: modprobe@drm.service: Succeeded.
[    2.322857] systemd[1]: Finished Load Kernel Module drm.
[    2.323266] systemd[1]: Finished Remount Root and Kernel File Systems.
[    2.325420] lp: driver loaded but no devices found
[    2.327148] systemd[1]: Finished Uncomplicated firewall.
[    2.343714] systemd[1]: Condition check resulted in Rebuild Hardware Database being skipped.
[    2.343749] systemd[1]: Condition check resulted in Platform Persistent Storage Archival being skipped.
[    2.344520] systemd[1]: Starting Load/Save Random Seed...
[    2.346545] ppdev: user-space parallel port driver
[    2.355859] systemd[1]: Starting Create System Users...
[    2.365913] systemd[1]: Finished Load/Save Random Seed.
[    2.372273] systemd[1]: Finished Create System Users.
[    2.373037] systemd[1]: Starting Create Static Device Nodes in /dev...
[    2.413146] systemd[1]: Finished Create Static Device Nodes in /dev.
[    2.414013] systemd[1]: Starting udev Kernel Device Manager...
[    2.423336] systemd[1]: Finished udev Coldplug all Devices.
[    2.438633] [drm] DMA map mode: Caching DMA mappings.
[    2.438697] [drm] Capabilities:
[    2.438697] [drm]   Rect copy.
[    2.438697] [drm]   Cursor.
[    2.438698] [drm]   Cursor bypass.
[    2.438698] [drm]   Cursor bypass 2.
[    2.438698] [drm]   Alpha cursor.
[    2.438699] [drm]   Extended Fifo.
[    2.438699] [drm]   Pitchlock.
[    2.438700] [drm]   Irq mask.
[    2.438700] [drm]   GMR.
[    2.438700] [drm]   Traces.
[    2.438701] [drm]   GMR2.
[    2.438701] [drm]   Screen Object 2.
[    2.438701] [drm]   Command Buffers.
[    2.438702] [drm]   Command Buffers 2.
[    2.438702] [drm]   Guest Backed Resources.
[    2.438703] [drm] Max GMR ids is 8192
[    2.438704] [drm] Max number of GMR pages is 1048576
[    2.438704] [drm] Max dedicated hypervisor surface memory is 393216 kiB
[    2.438705] [drm] Maximum display memory size is 131072 kiB
[    2.438705] [drm] VRAM at 0xe0000000 size is 131072 kiB
[    2.438706] [drm] MMIO at 0xf0000000 size is 2048 kiB
[    2.440505] [TTM] Zone  kernel: Available graphics memory: 1011738 KiB
[    2.440506] [TTM] Initializing pool allocator
[    2.440537] [TTM] Initializing DMA pool allocator
[    2.440571] [drm] Supports vblank timestamp caching Rev 2 (21.10.2013).
[    2.440572] [drm] No driver support for vblank timestamp query.
[    2.440795] [drm] Screen Target Display device initialized
[    2.441018] [drm] width 720
[    2.441028] [drm] height 400
[    2.441031] [drm] bpp 32
[    2.441588] [drm] Fifo max 0x00200000 min 0x00001000 cap 0x00000355
[    2.442693] [drm] Using command buffers with DMA pool.
[    2.442698] [drm] DX: no.
[    2.442698] [drm] Atomic: yes.
[    2.442699] [drm] SM4_1: no.
[    2.442718] [drm:vmw_host_log [vmwgfx]] *ERROR* Failed to send host log message.
[    2.443920] [drm:vmw_host_log [vmwgfx]] *ERROR* Failed to send host log message.
[    2.463272] fbcon: svgadrmfb (fb0) is primary device
[    2.465473] Console: switching to colour frame buffer device 100x37
[    2.476095] [drm] Initialized vmwgfx 2.15.0 20180704 for 0000:00:02.0 on minor 0
[    2.477512] systemd[1]: Finished Load Kernel Modules.
[    2.478446] systemd[1]: Mounting FUSE Control File System...
[    2.480390] systemd[1]: Mounting Kernel Configuration File System...
[    2.493456] systemd[1]: Starting Apply Kernel Variables...
[    2.521922] systemd[1]: Mounted FUSE Control File System.
[    2.521993] systemd[1]: Condition check resulted in VMware vmblock fuse mount being skipped.
[    2.524893] systemd[1]: Mounted Kernel Configuration File System.
[    2.532673] systemd[1]: Finished Set the console keyboard layout.
[    2.532769] systemd[1]: Reached target Local File Systems (Pre).
[    2.534944] systemd[1]: Mounting Mount unit for bare, revision 5...
[    2.538073] systemd[1]: Mounting Mount unit for core18, revision 1705...
[    2.545161] systemd[1]: Mounting Mount unit for gnome-3-34-1804, revision 24...
[    2.554331] systemd[1]: Mounting Mount unit for gtk-common-themes, revision 1506...
[    2.561672] systemd[1]: Mounting Mount unit for gtk-common-themes, revision 1535...
[    2.580030] systemd[1]: Mounting Mount unit for snap-store, revision 433...
[    2.589799] systemd[1]: Mounting Mount unit for snapd, revision 7264...
[    2.594512] systemd[1]: Finished Apply Kernel Variables.
[    2.607144] systemd[1]: Mounted Mount unit for bare, revision 5.
[    2.612275] systemd[1]: Mounted Mount unit for core18, revision 1705.
[    2.612369] systemd[1]: Mounted Mount unit for gnome-3-34-1804, revision 24.
[    2.625456] systemd[1]: Mounted Mount unit for gtk-common-themes, revision 1506.
[    2.627739] systemd[1]: Started udev Kernel Device Manager.
[    2.628498] systemd[1]: Starting Show Plymouth Boot Screen...
[    2.632358] systemd[1]: Received SIGRTMIN+20 from PID 271 (plymouthd).
[    2.652664] systemd[1]: Started Show Plymouth Boot Screen.
[    2.652827] systemd[1]: Condition check resulted in Dispatch Password Requests to Console Directory Watch being skipped.
[    2.652928] systemd[1]: Started Forward Password Requests to Plymouth Directory Watch.
[    2.652975] systemd[1]: Reached target Local Encrypted Volumes.
[    2.717276] systemd[1]: Mounted Mount unit for snap-store, revision 433.
[    2.749833] systemd[1]: Mounted Mount unit for gtk-common-themes, revision 1535.
[    2.750082] systemd[1]: Mounted Mount unit for snapd, revision 7264.
[    2.750236] systemd[1]: Reached target Local File Systems.
[    2.752530] systemd[1]: Starting Load AppArmor profiles...
[    2.753434] systemd[1]: Starting Set console font and keymap...
[    2.763999] systemd[1]: Starting Tell Plymouth To Write Out Runtime Data...
[    2.768133] systemd[1]: Condition check resulted in Store a System Token in an EFI Variable being skipped.
[    2.768197] systemd[1]: Condition check resulted in Commit a transient machine-id on disk being skipped.
[    2.772345] systemd[1]: Finished Set console font and keymap.
[    2.780869] systemd[1]: Received SIGRTMIN+20 from PID 271 (plymouthd).
[    2.781880] systemd[1]: plymouth-read-write.service: Succeeded.
[    2.782125] systemd[1]: Finished Tell Plymouth To Write Out Runtime Data.
[    2.801673] audit: type=1400 audit(1768148762.644:2): apparmor="STATUS" operation="profile_load" profile="unconfined" name="nvidia_modprobe" pid=300 comm="apparmor_parser"
[    2.801675] audit: type=1400 audit(1768148762.644:3): apparmor="STATUS" operation="profile_load" profile="unconfined" name="nvidia_modprobe//kmod" pid=300 comm="apparmor_parser"
[    2.813424] audit: type=1400 audit(1768148762.656:4): apparmor="STATUS" operation="profile_load" profile="unconfined" name="/usr/sbin/tcpdump" pid=301 comm="apparmor_parser"
[    2.858451] audit: type=1400 audit(1768148762.696:5): apparmor="STATUS" operation="profile_load" profile="unconfined" name="/usr/bin/evince" pid=303 comm="apparmor_parser"
[    2.858453] audit: type=1400 audit(1768148762.696:6): apparmor="STATUS" operation="profile_load" profile="unconfined" name="/usr/bin/evince//sanitized_helper" pid=303 comm="apparmor_parser"
[    2.858455] audit: type=1400 audit(1768148762.696:7): apparmor="STATUS" operation="profile_load" profile="unconfined" name="/usr/bin/evince-previewer" pid=303 comm="apparmor_parser"
[    2.858457] audit: type=1400 audit(1768148762.696:8): apparmor="STATUS" operation="profile_load" profile="unconfined" name="/usr/bin/evince-previewer//sanitized_helper" pid=303 comm="apparmor_parser"
[    2.858459] audit: type=1400 audit(1768148762.696:9): apparmor="STATUS" operation="profile_load" profile="unconfined" name="/usr/bin/evince-thumbnailer" pid=303 comm="apparmor_parser"
[    2.872673] audit: type=1400 audit(1768148762.716:10): apparmor="STATUS" operation="profile_load" profile="unconfined" name="/usr/lib/cups/backend/cups-pdf" pid=304 comm="apparmor_parser"
[    2.940738] systemd[1]: Finished Load AppArmor profiles.
[    2.941667] systemd[1]: Starting Load AppArmor profiles managed internally by snapd...
[    3.015553] systemd[1]: Finished Load AppArmor profiles managed internally by snapd.
[    3.191206] systemd[1]: Started Journal Service.
[    3.199730] systemd-journald[229]: Received client request to flush runtime journal.
[    3.203752] systemd-journald[229]: File /var/log/journal/c455b248004a419c87ce85eea238d727/system.journal corrupted or uncleanly shut down, renaming and replacing.
[    4.463690] RAPL PMU: API unit is 2^-32 Joules, 0 fixed counters, 10737418240 ms ovfl timer
[    4.512685] cryptd: max_cpu_qlen set to 1000
[    4.563084] AVX2 version of gcm_enc/dec engaged.
[    4.563085] AES CTR mode by8 optimization enabled
[    5.362166] Adding 1998844k swap on /dev/sda1.  Priority:-2 extents:1 across:1998844k FS
[    6.130391] kauditd_printk_skb: 30 callbacks suppressed
[    6.130392] audit: type=1400 audit(1768148765.972:41): apparmor="DENIED" operation="capable" profile="/usr/sbin/cups-browsed" pid=497 comm="cups-browsed" capability=23  capname="sys_nice"
[    7.395289] pcnet32 0000:00:03.0 enp0s3: link up, 100Mbps, full-duplex
[    7.431806] e1000: enp0s8 NIC Link is Up 1000 Mbps Full Duplex, Flow Control: RX
[    7.432078] IPv6: ADDRCONF(NETDEV_CHANGE): enp0s8: link becomes ready
[    7.444181] e1000: enp0s9 NIC Link is Up 1000 Mbps Full Duplex, Flow Control: RX
[    7.444472] IPv6: ADDRCONF(NETDEV_CHANGE): enp0s9: link becomes ready
[    7.975917] device enp0s3 entered promiscuous mode
[    7.998844] audit: type=1400 audit(1768148767.840:42): apparmor="DENIED" operation="open" profile="/usr/sbin/tcpdump" name="/proc/sys/kernel/random/boot_id" pid=664 comm="tcpdump" requested_mask="r" denied_mask="r" fsuid=0 ouid=0
[    7.998992] audit: type=1400 audit(1768148767.840:43): apparmor="DENIED" operation="open" profile="/usr/sbin/tcpdump" name="/proc/sys/kernel/random/boot_id" pid=665 comm="tcpdump" requested_mask="r" denied_mask="r" fsuid=0 ouid=0
[    7.999185] audit: type=1400 audit(1768148767.840:44): apparmor="DENIED" operation="open" profile="/usr/sbin/tcpdump" name="/proc/sys/kernel/random/boot_id" pid=664 comm="tcpdump" requested_mask="r" denied_mask="r" fsuid=0 ouid=0
[    7.999308] audit: type=1400 audit(1768148767.840:45): apparmor="DENIED" operation="open" profile="/usr/sbin/tcpdump" name="/proc/sys/kernel/random/boot_id" pid=664 comm="tcpdump" requested_mask="r" denied_mask="r" fsuid=0 ouid=0
[    7.999397] audit: type=1400 audit(1768148767.840:46): apparmor="DENIED" operation="open" profile="/usr/sbin/tcpdump" name="/proc/sys/kernel/random/boot_id" pid=665 comm="tcpdump" requested_mask="r" denied_mask="r" fsuid=0 ouid=0
[    7.999433] audit: type=1400 audit(1768148767.840:47): apparmor="DENIED" operation="open" profile="/usr/sbin/tcpdump" name="/proc/sys/kernel/random/boot_id" pid=665 comm="tcpdump" requested_mask="r" denied_mask="r" fsuid=0 ouid=0
[    7.999487] audit: type=1400 audit(1768148767.840:48): apparmor="DENIED" operation="open" profile="/usr/sbin/tcpdump" name="/proc/sys/kernel/random/boot_id" pid=664 comm="tcpdump" requested_mask="r" denied_mask="r" fsuid=0 ouid=0
[    7.999569] audit: type=1400 audit(1768148767.840:49): apparmor="DENIED" operation="open" profile="/usr/sbin/tcpdump" name="/proc/sys/kernel/random/boot_id" pid=665 comm="tcpdump" requested_mask="r" denied_mask="r" fsuid=0 ouid=0
[   12.516943] rfkill: input handler disabled
[  543.625456] rfkill: input handler enabled
[  553.314781] rfkill: input handler disabled
[  938.180753] device enp0s3 left promiscuous mode
