[    0.000000] Linux version 5.4.243-mptcp (root@ztg) (gcc version 12.2.0 (Debian 12.2.0-14+deb12u1)) #53 SMP Wed Dec 24 23:28:15 CST 2025
[    0.000000] Command line: BOOT_IMAGE=/boot/vmlinuz-5.4.243-mptcp root=UUID=98415a12-53b7-4144-8265-0f7ece09e445 ro quiet splash
[    0.000000] KERNEL supported cpus:
[    0.000000]   Intel GenuineIntel
[    0.000000]   AMD AuthenticAMD
[    0.000000]   Hygon HygonGenuine
[    0.000000]   Centaur CentaurHauls
[    0.000000]   zhaoxin   Shanghai  
[    0.000000] x86/fpu: Supporting XSAVE feature 0x001: 'x87 floating point registers'
[    0.000000] x86/fpu: Supporting XSAVE feature 0x002: 'SSE registers'
[    0.000000] x86/fpu: Supporting XSAVE feature 0x004: 'AVX registers'
[    0.000000] x86/fpu: xstate_offset[2]:  576, xstate_sizes[2]:  256
[    0.000000] x86/fpu: Enabled xstate features 0x7, context size is 832 bytes, using 'standard' format.
[    0.000000] BIOS-provided physical RAM map:
[    0.000000] BIOS-e820: [mem 0x0000000000000000-0x000000000009fbff] usable
[    0.000000] BIOS-e820: [mem 0x000000000009fc00-0x000000000009ffff] reserved
[    0.000000] BIOS-e820: [mem 0x00000000000f0000-0x00000000000fffff] reserved
[    0.000000] BIOS-e820: [mem 0x0000000000100000-0x000000007ffeffff] usable
[    0.000000] BIOS-e820: [mem 0x000000007fff0000-0x000000007fffffff] ACPI data
[    0.000000] BIOS-e820: [mem 0x00000000fec00000-0x00000000fec00fff] reserved
[    0.000000] BIOS-e820: [mem 0x00000000fee00000-0x00000000fee00fff] reserved
[    0.000000] BIOS-e820: [mem 0x00000000fffc0000-0x00000000ffffffff] reserved
[    0.000000] NX (Execute Disable) protection: active
[    0.000000] SMBIOS 2.5 present.
[    0.000000] DMI: innotek GmbH VirtualBox/VirtualBox, BIOS VirtualBox 12/01/2006
[    0.000000] Hypervisor detected: KVM
[    0.000000] kvm-clock: Using msrs 4b564d01 and 4b564d00
[    0.000000] kvm-clock: cpu 0, msr 5ca01001, primary cpu clock
[    0.000000] kvm-clock: using sched offset of 4454535033 cycles
[    0.000002] clocksource: kvm-clock: mask: 0xffffffffffffffff max_cycles: 0x1cd42e4dffb, max_idle_ns: 881590591483 ns
[    0.000005] tsc: Detected 2100.000 MHz processor
[    0.001902] e820: update [mem 0x00000000-0x00000fff] usable ==> reserved
[    0.001904] e820: remove [mem 0x000a0000-0x000fffff] usable
[    0.001908] last_pfn = 0x7fff0 max_arch_pfn = 0x400000000
[    0.001975] MTRR default type: uncachable
[    0.001976] MTRR fixed ranges enabled:
[    0.001977]   00000-9FFFF write-back
[    0.001978]   A0000-BFFFF uncachable
[    0.001979]   C0000-FFFFF write-protect
[    0.001979] MTRR variable ranges enabled:
[    0.001981]   0 base 000000000000 mask 3FFF80000000 write-back
[    0.001982]   1 disabled
[    0.001982]   2 disabled
[    0.001983]   3 disabled
[    0.001983]   4 disabled
[    0.001983]   5 disabled
[    0.001984]   6 disabled
[    0.001984]   7 disabled
[    0.001985]   8 disabled
[    0.001985]   9 disabled
[    0.001986]   10 disabled
[    0.001986]   11 disabled
[    0.001986]   12 disabled
[    0.001987]   13 disabled
[    0.001987]   14 disabled
[    0.001988]   15 disabled
[    0.002004] x86/PAT: Configuration [0-7]: WB  WC  UC- UC  WB  WP  UC- WT  
[    0.002138] found SMP MP-table at [mem 0x0009fff0-0x0009ffff]
[    0.096574] check: Scanning 1 areas for low memory corruption
[    0.096776] RAMDISK: [mem 0x32271000-0x3512ffff]
[    0.096785] ACPI: Early table checksum verification disabled
[    0.096789] ACPI: RSDP 0x00000000000E0000 000024 (v02 VBOX  )
[    0.096794] ACPI: XSDT 0x000000007FFF0030 00003C (v01 VBOX   VBOXXSDT 00000001 ASL  00000061)
[    0.096801] ACPI: FACP 0x000000007FFF00F0 0000F4 (v04 VBOX   VBOXFACP 00000001 ASL  00000061)
[    0.096808] ACPI: DSDT 0x000000007FFF02E0 002353 (v02 VBOX   VBOXBIOS 00000002 VBOX 00029BF3)
[    0.096812] ACPI: FACS 0x000000007FFF0200 000040
[    0.096815] ACPI: FACS 0x000000007FFF0200 000040
[    0.096818] ACPI: APIC 0x000000007FFF0240 000054 (v02 VBOX   VBOXAPIC 00000001 ASL  00000061)
[    0.096822] ACPI: SSDT 0x000000007FFF02A0 000038 (v01 VBOX   VBOXCPUT 00000002 VBOX 00029BF3)
[    0.096825] ACPI: Reserving FACP table memory at [mem 0x7fff00f0-0x7fff01e3]
[    0.096826] ACPI: Reserving DSDT table memory at [mem 0x7fff02e0-0x7fff2632]
[    0.096827] ACPI: Reserving FACS table memory at [mem 0x7fff0200-0x7fff023f]
[    0.096827] ACPI: Reserving FACS table memory at [mem 0x7fff0200-0x7fff023f]
[    0.096828] ACPI: Reserving APIC table memory at [mem 0x7fff0240-0x7fff0293]
[    0.096829] ACPI: Reserving SSDT table memory at [mem 0x7fff02a0-0x7fff02d7]
[    0.096843] ACPI: Local APIC address 0xfee00000
[    0.097032] No NUMA configuration found
[    0.097033] Faking a node at [mem 0x0000000000000000-0x000000007ffeffff]
[    0.097043] NODE_DATA(0) allocated [mem 0x7ffc5000-0x7ffeffff]
[    0.097337] Zone ranges:
[    0.097338]   DMA      [mem 0x0000000000001000-0x0000000000ffffff]
[    0.097339]   DMA32    [mem 0x0000000001000000-0x000000007ffeffff]
[    0.097340]   Normal   empty
[    0.097341]   Device   empty
[    0.097342] Movable zone start for each node
[    0.097344] Early memory node ranges
[    0.097345]   node   0: [mem 0x0000000000001000-0x000000000009efff]
[    0.097345]   node   0: [mem 0x0000000000100000-0x000000007ffeffff]
[    0.097349] Zeroed struct page in unavailable ranges: 114 pages
[    0.097350] Initmem setup node 0 [mem 0x0000000000001000-0x000000007ffeffff]
[    0.097351] On node 0 totalpages: 524174
[    0.097352]   DMA zone: 64 pages used for memmap
[    0.097353]   DMA zone: 21 pages reserved
[    0.097354]   DMA zone: 3998 pages, LIFO batch:0
[    0.097425]   DMA32 zone: 8128 pages used for memmap
[    0.097426]   DMA32 zone: 520176 pages, LIFO batch:63
[    0.106560] ACPI: PM-Timer IO Port: 0x4008
[    0.106563] ACPI: Local APIC address 0xfee00000
[    0.106628] IOAPIC[0]: apic_id 1, version 32, address 0xfec00000, GSI 0-23
[    0.106631] ACPI: INT_SRC_OVR (bus 0 bus_irq 0 global_irq 2 dfl dfl)
[    0.106633] ACPI: INT_SRC_OVR (bus 0 bus_irq 9 global_irq 9 low level)
[    0.106635] ACPI: IRQ0 used by override.
[    0.106636] ACPI: IRQ9 used by override.
[    0.106639] Using ACPI (MADT) for SMP configuration information
[    0.106644] smpboot: Allowing 1 CPUs, 0 hotplug CPUs
[    0.106666] PM: Registered nosave memory: [mem 0x00000000-0x00000fff]
[    0.106667] PM: Registered nosave memory: [mem 0x0009f000-0x0009ffff]
[    0.106668] PM: Registered nosave memory: [mem 0x000a0000-0x000effff]
[    0.106668] PM: Registered nosave memory: [mem 0x000f0000-0x000fffff]
[    0.106670] [mem 0x80000000-0xfebfffff] available for PCI devices
[    0.106671] Booting paravirtualized kernel on KVM
[    0.106674] clocksource: refined-jiffies: mask: 0xffffffff max_cycles: 0xffffffff, max_idle_ns: 7645519600211568 ns
[    0.106678] setup_percpu: NR_CPUS:8192 nr_cpumask_bits:1 nr_cpu_ids:1 nr_node_ids:1
[    0.107684] percpu: Embedded 60 pages/cpu s208896 r8192 d28672 u2097152
[    0.107688] pcpu-alloc: s208896 r8192 d28672 u2097152 alloc=1*2097152
[    0.107689] pcpu-alloc: [0] 0 
[    0.107717] Built 1 zonelists, mobility grouping on.  Total pages: 515961
[    0.107718] Policy zone: DMA32
[    0.107719] Kernel command line: BOOT_IMAGE=/boot/vmlinuz-5.4.243-mptcp root=UUID=98415a12-53b7-4144-8265-0f7ece09e445 ro quiet splash
[    0.108556] Dentry cache hash table entries: 262144 (order: 9, 2097152 bytes, linear)
[    0.108824] Inode-cache hash table entries: 131072 (order: 8, 1048576 bytes, linear)
[    0.108874] mem auto-init: stack:off, heap alloc:on, heap free:off
[    0.108876] Calgary: detecting Calgary via BIOS EBDA area
[    0.108877] Calgary: Unable to locate Rio Grande table in EBDA - bailing!
[    0.113525] Memory: 1967332K/2096696K available (14339K kernel code, 2398K rwdata, 4712K rodata, 2728K init, 17260K bss, 129364K reserved, 0K cma-reserved)
[    0.114449] SLUB: HWalign=64, Order=0-3, MinObjects=0, CPUs=1, Nodes=1
[    0.114467] ftrace: allocating 43186 entries in 169 pages
[    0.134910] rcu: Hierarchical RCU implementation.
[    0.134912] rcu: 	RCU restricting CPUs from NR_CPUS=8192 to nr_cpu_ids=1.
[    0.134913] 	Tasks RCU enabled.
[    0.134914] rcu: RCU calculated value of scheduler-enlistment delay is 25 jiffies.
[    0.134915] rcu: Adjusting geometry for rcu_fanout_leaf=16, nr_cpu_ids=1
[    0.137879] NR_IRQS: 524544, nr_irqs: 256, preallocated irqs: 16
[    0.138092] random: crng init done
[    0.147765] Console: colour VGA+ 80x25
[    0.147770] printk: console [tty0] enabled
[    0.147793] ACPI: Core revision 20190816
[    0.147895] APIC: Switch to symmetric I/O mode setup
[    0.148198] x2apic enabled
[    0.148557] Switched APIC routing to physical x2apic.
[    0.150284] ..TIMER: vector=0x30 apic1=0 pin1=2 apic2=-1 pin2=-1
[    0.150320] clocksource: tsc-early: mask: 0xffffffffffffffff max_cycles: 0x1e4530a99b6, max_idle_ns: 440795257976 ns
[    0.150326] Calibrating delay loop (skipped) preset value.. 4200.00 BogoMIPS (lpj=8400000)
[    0.150329] pid_max: default: 32768 minimum: 301
[    0.150369] LSM: Security Framework initializing
[    0.150382] Yama: becoming mindful.
[    0.150415] AppArmor: AppArmor initialized
[    0.150456] Mount-cache hash table entries: 4096 (order: 3, 32768 bytes, linear)
[    0.150461] Mountpoint-cache hash table entries: 4096 (order: 3, 32768 bytes, linear)
[    0.150474] *** VALIDATE tmpfs ***
[    0.150633] *** VALIDATE proc ***
[    0.150684] *** VALIDATE cgroup1 ***
[    0.150685] *** VALIDATE cgroup2 ***
[    0.150841] process: using mwait in idle threads
[    0.150847] Last level iTLB entries: 4KB 64, 2MB 8, 4MB 8
[    0.150847] Last level dTLB entries: 4KB 64, 2MB 0, 4MB 0, 1GB 4
[    0.150872] Spectre V1 : Mitigation: usercopy/swapgs barriers and __user pointer sanitization
[    0.150877] Spectre V2 : Mitigation: Retpolines
[    0.150878] Spectre V2 : Spectre v2 / SpectreRSB mitigation: Filling RSB on context switch
[    0.150878] Spectre V2 : Spectre v2 / SpectreRSB : Filling RSB on VMEXIT
[    0.150879] RETBleed: WARNING: Spectre v2 mitigation leaves CPU vulnerable to RETBleed attacks, data leaks possible!
[    0.151232] RETBleed: Vulnerable
[    0.151233] Speculative Store Bypass: Vulnerable
[    0.151238] TAA: Mitigation: TSX disabled
[    0.151238] MMIO Stale Data: Mitigation: Clear CPU buffers
[    0.158499] Freeing SMP alternatives memory: 40K
[    0.268578] smpboot: CPU0: Intel(R) Xeon(R) Silver 4216 CPU @ 2.10GHz (family: 0x6, model: 0x55, stepping: 0x7)
[    0.268714] Performance Events: unsupported p6 CPU model 85 no PMU driver, software events only.
[    0.268750] rcu: Hierarchical SRCU implementation.
[    0.269247] NMI watchdog: Perf NMI watchdog permanently disabled
[    0.269285] smp: Bringing up secondary CPUs ...
[    0.269286] smp: Brought up 1 node, 1 CPU
[    0.269287] smpboot: Max logical packages: 1
[    0.269288] smpboot: Total of 1 processors activated (4200.00 BogoMIPS)
[    0.270282] devtmpfs: initialized
[    0.270322] x86/mm: Memory block size: 128MB
[    0.270322] clocksource: jiffies: mask: 0xffffffff max_cycles: 0xffffffff, max_idle_ns: 7645041785100000 ns
[    0.270322] futex hash table entries: 256 (order: 2, 16384 bytes, linear)
[    0.270322] pinctrl core: initialized pinctrl subsystem
[    0.270322] PM: RTC time: 08:22:51, date: 2026-01-13
[    0.270322] NET: Registered protocol family 16
[    0.270322] audit: initializing netlink subsys (disabled)
[    0.270322] EISA bus registered
[    0.270322] cpuidle: using governor ladder
[    0.270322] cpuidle: using governor menu
[    0.270322] ACPI: bus type PCI registered
[    0.270322] acpiphp: ACPI Hot Plug PCI Controller Driver version: 0.5
[    0.270322] PCI: Using configuration type 1 for base access
[    0.270322] audit: type=2000 audit(1768263778.316:1): state=initialized audit_enabled=0 res=1
[    0.270322] HugeTLB registered 2.00 MiB page size, pre-allocated 0 pages
[    0.270322] ACPI: Added _OSI(Module Device)
[    0.270322] ACPI: Added _OSI(Processor Device)
[    0.270322] ACPI: Added _OSI(3.0 _SCP Extensions)
[    0.270322] ACPI: Added _OSI(Processor Aggregator Device)
[    0.270322] ACPI: Added _OSI(Linux-Dell-Video)
[    0.270322] ACPI: Added _OSI(Linux-Lenovo-NV-HDMI-Audio)
[    0.270322] ACPI: Added _OSI(Linux-HPI-Hybrid-Graphics)
[    0.274571] ACPI: 2 ACPI AML tables successfully acquired and loaded
[    0.276309] ACPI: Interpreter enabled
[    0.276319] ACPI: (supports S0 S5)
[    0.276320] ACPI: Using IOAPIC for interrupt routing
[    0.276526] PCI: Using host bridge windows from ACPI; if necessary, use "pci=nocrs" and report a bug
[    0.276631] ACPI: Enabled 2 GPEs in block 00 to 07
[    0.281673] ACPI: PCI Root Bridge [PCI0] (domain 0000 [bus 00-ff])
[    0.281680] acpi PNP0A03:00: _OSC: OS supports [ASPM ClockPM Segments MSI HPX-Type3]
[    0.282206] acpi PNP0A03:00: _OSC: not requesting OS control; OS requires [ExtendedConfig ASPM ClockPM MSI]
[    0.282214] acpi PNP0A03:00: fail to add MMCONFIG information, can't access extended PCI configuration space under this bridge.
[    0.282720] PCI host bridge to bus 0000:00
[    0.282723] pci_bus 0000:00: root bus resource [io  0x0000-0x0cf7 window]
[    0.282725] pci_bus 0000:00: root bus resource [io  0x0d00-0xffff window]
[    0.282726] pci_bus 0000:00: root bus resource [mem 0x000a0000-0x000bffff window]
[    0.282728] pci_bus 0000:00: root bus resource [mem 0x80000000-0xfdffffff window]
[    0.282730] pci_bus 0000:00: root bus resource [bus 00-ff]
[    0.282788] pci 0000:00:00.0: [8086:1237] type 00 class 0x060000
[    0.283853] pci 0000:00:01.0: [8086:7000] type 00 class 0x060100
[    0.284723] pci 0000:00:01.1: [8086:7111] type 00 class 0x01018a
[    0.285156] pci 0000:00:01.1: reg 0x20: [io  0xd000-0xd00f]
[    0.285336] pci 0000:00:01.1: legacy IDE quirk: reg 0x10: [io  0x01f0-0x01f7]
[    0.285337] pci 0000:00:01.1: legacy IDE quirk: reg 0x14: [io  0x03f6]
[    0.285338] pci 0000:00:01.1: legacy IDE quirk: reg 0x18: [io  0x0170-0x0177]
[    0.285339] pci 0000:00:01.1: legacy IDE quirk: reg 0x1c: [io  0x0376]
[    0.285928] pci 0000:00:02.0: [15ad:0405] type 00 class 0x030000
[    0.288433] pci 0000:00:02.0: reg 0x10: [io  0xd010-0xd01f]
[    0.292386] pci 0000:00:02.0: reg 0x14: [mem 0xe0000000-0xe7ffffff pref]
[    0.294371] pci 0000:00:02.0: reg 0x18: [mem 0xf0000000-0xf01fffff]
[    0.307039] pci 0000:00:03.0: [1022:2000] type 00 class 0x020000
[    0.307737] pci 0000:00:03.0: reg 0x10: [io  0xd020-0xd03f]
[    0.308358] pci 0000:00:03.0: reg 0x14: [mem 0xf0200000-0xf0200fff]
[    0.312367] pci 0000:00:04.0: [80ee:cafe] type 00 class 0x088000
[    0.313034] pci 0000:00:04.0: reg 0x10: [io  0xd040-0xd05f]
[    0.313641] pci 0000:00:04.0: reg 0x14: [mem 0xf0400000-0xf07fffff]
[    0.314256] pci 0000:00:04.0: reg 0x18: [mem 0xf0800000-0xf0803fff pref]
[    0.317829] pci 0000:00:07.0: [8086:7113] type 00 class 0x068000
[    0.318498] pci 0000:00:07.0: quirk: [io  0x4000-0x403f] claimed by PIIX4 ACPI
[    0.318508] pci 0000:00:07.0: quirk: [io  0x4100-0x410f] claimed by PIIX4 SMB
[    0.319122] pci 0000:00:08.0: [8086:100e] type 00 class 0x020000
[    0.319817] pci 0000:00:08.0: reg 0x10: [mem 0xf0820000-0xf083ffff]
[    0.320964] pci 0000:00:08.0: reg 0x18: [io  0xd060-0xd067]
[    0.323951] pci 0000:00:09.0: [8086:100e] type 00 class 0x020000
[    0.324656] pci 0000:00:09.0: reg 0x10: [mem 0xf0840000-0xf085ffff]
[    0.325814] pci 0000:00:09.0: reg 0x18: [io  0xd068-0xd06f]
[    0.335391] ACPI: PCI Interrupt Link [LNKA] (IRQs 5 9 10 *11)
[    0.335673] ACPI: PCI Interrupt Link [LNKB] (IRQs 5 9 *10 11)
[    0.335777] ACPI: PCI Interrupt Link [LNKC] (IRQs 5 *9 10 11)
[    0.335878] ACPI: PCI Interrupt Link [LNKD] (IRQs 5 9 10 *11)
[    0.336142] iommu: Default domain type: Translated 
[    0.336217] pci 0000:00:02.0: vgaarb: setting as boot VGA device
[    0.336220] pci 0000:00:02.0: vgaarb: VGA device added: decodes=io+mem,owns=io+mem,locks=none
[    0.336222] pci 0000:00:02.0: vgaarb: bridge control possible
[    0.336222] vgaarb: loaded
[    0.338410] SCSI subsystem initialized
[    0.338443] libata version 3.00 loaded.
[    0.338469] ACPI: bus type USB registered
[    0.338485] usbcore: registered new interface driver usbfs
[    0.338490] usbcore: registered new interface driver hub
[    0.338496] usbcore: registered new device driver usb
[    0.338527] pps_core: LinuxPPS API ver. 1 registered
[    0.338527] pps_core: Software ver. 5.3.6 - Copyright 2005-2007 Rodolfo Giometti <giometti@linux.it>
[    0.338529] PTP clock support registered
[    0.338564] EDAC MC: Ver: 3.0.0
[    0.338849] PCI: Using ACPI for IRQ routing
[    0.338850] PCI: pci_cache_line_size set to 64 bytes
[    0.339021] e820: reserve RAM buffer [mem 0x0009fc00-0x0009ffff]
[    0.339024] e820: reserve RAM buffer [mem 0x7fff0000-0x7fffffff]
[    0.339796] NetLabel: Initializing
[    0.339797] NetLabel:  domain hash size = 128
[    0.339797] NetLabel:  protocols = UNLABELED CIPSOv4 CALIPSO
[    0.339817] NetLabel:  unlabeled traffic allowed by default
[    0.340721] clocksource: Switched to clocksource kvm-clock
[    0.352635] *** VALIDATE bpf ***
[    0.352695] VFS: Disk quotas dquot_6.6.0
[    0.352707] VFS: Dquot-cache hash table entries: 512 (order 0, 4096 bytes)
[    0.352730] *** VALIDATE ramfs ***
[    0.352733] *** VALIDATE hugetlbfs ***
[    0.352814] AppArmor: AppArmor Filesystem Enabled
[    0.352840] pnp: PnP ACPI init
[    0.352906] pnp 00:00: Plug and Play ACPI device, IDs PNP0303 (active)
[    0.352990] pnp 00:01: Plug and Play ACPI device, IDs PNP0f03 (active)
[    0.353740] pnp: PnP ACPI: found 2 devices
[    0.354738] thermal_sys: Registered thermal governor 'fair_share'
[    0.354738] thermal_sys: Registered thermal governor 'bang_bang'
[    0.354739] thermal_sys: Registered thermal governor 'step_wise'
[    0.354740] thermal_sys: Registered thermal governor 'user_space'
[    0.354740] thermal_sys: Registered thermal governor 'power_allocator'
[    0.359271] clocksource: acpi_pm: mask: 0xffffff max_cycles: 0xffffff, max_idle_ns: 2085701024 ns
[    0.359312] pci_bus 0000:00: resource 4 [io  0x0000-0x0cf7 window]
[    0.359313] pci_bus 0000:00: resource 5 [io  0x0d00-0xffff window]
[    0.359315] pci_bus 0000:00: resource 6 [mem 0x000a0000-0x000bffff window]
[    0.359316] pci_bus 0000:00: resource 7 [mem 0x80000000-0xfdffffff window]
[    0.359373] NET: Registered protocol family 2
[    0.359447] IP idents hash table entries: 32768 (order: 6, 262144 bytes, linear)
[    0.359858] MPTCP tokens hash table entries: 8192 (order: 4, 65536 bytes, linear)
[    0.359878] MPTCP request tokens hash table entries: 8192 (order: 4, 65536 bytes, linear)
[    0.359903] default registered
[    0.359903] default registered
[    0.359904] MPTCP: Stable release v0.96
[    0.359909] tcp_listen_portaddr_hash hash table entries: 1024 (order: 2, 16384 bytes, linear)
[    0.359988] TCP established hash table entries: 16384 (order: 5, 131072 bytes, linear)
[    0.360054] TCP bind hash table entries: 16384 (order: 6, 262144 bytes, linear)
[    0.360079] TCP: Hash tables configured (established 16384 bind 16384)
[    0.360840] UDP hash table entries: 1024 (order: 3, 32768 bytes, linear)
[    0.360851] UDP-Lite hash table entries: 1024 (order: 3, 32768 bytes, linear)
[    0.360887] NET: Registered protocol family 1
[    0.360896] NET: Registered protocol family 44
[    0.360917] pci 0000:00:00.0: Limiting direct PCI/PCI transfers
[    0.360929] pci 0000:00:01.0: Activating ISA DMA hang workarounds
[    0.360988] pci 0000:00:02.0: Video device with shadowed ROM at [mem 0x000c0000-0x000dffff]
[    0.361054] PCI: CLS 0 bytes, default 64
[    0.361100] Trying to unpack rootfs image as initramfs...
[    0.538321] Freeing initrd memory: 47868K
[    0.538321] clocksource: tsc: mask: 0xffffffffffffffff max_cycles: 0x1e4530a99b6, max_idle_ns: 440795257976 ns
[    0.538321] clocksource: Switched to clocksource tsc
[    0.538321] platform rtc_cmos: registered platform RTC device (no PNP device found)
[    0.538321] check: Scanning for low memory corruption every 60 seconds
[    0.538321] Initialise system trusted keyrings
[    0.538321] Key type blacklist registered
[    0.538321] workingset: timestamp_bits=36 max_order=19 bucket_order=0
[    0.540492] zbud: loaded
[    0.540850] squashfs: version 4.0 (2009/01/31) Phillip Lougher
[    0.540986] fuse: init (API version 7.31)
[    0.541003] *** VALIDATE fuse ***
[    0.541005] *** VALIDATE fuse ***
[    0.541105] Platform Keyring initialized
[    0.544269] Key type asymmetric registered
[    0.544271] Asymmetric key parser 'x509' registered
[    0.544280] Block layer SCSI generic (bsg) driver version 0.4 loaded (major 244)
[    0.544316] io scheduler mq-deadline registered
[    0.544440] shpchp: Standard Hot Plug PCI Controller Driver version: 0.4
[    0.544641] ACPI: AC Adapter [AC] (on-line)
[    0.544685] input: Power Button as /devices/LNXSYSTM:00/LNXPWRBN:00/input/input0
[    0.544715] ACPI: Power Button [PWRF]
[    0.544830] input: Sleep Button as /devices/LNXSYSTM:00/LNXSLPBN:00/input/input1
[    0.544845] ACPI: Sleep Button [SLPF]
[    0.545066] Serial: 8250/16550 driver, 32 ports, IRQ sharing enabled
[    0.546218] Linux agpgart interface v0.103
[    0.640288] loop: module loaded
[    0.640475] ata_piix 0000:00:01.1: version 2.13
[    0.640995] scsi host0: ata_piix
[    0.641112] scsi host1: ata_piix
[    0.641148] ata1: PATA max UDMA/33 cmd 0x1f0 ctl 0x3f6 bmdma 0xd000 irq 14
[    0.641149] ata2: PATA max UDMA/33 cmd 0x170 ctl 0x376 bmdma 0xd008 irq 15
[    0.641250] tun: Universal TUN/TAP device driver, 1.6
[    0.641607] PPP generic driver version 2.4.2
[    0.641661] VFIO - User Level meta-driver version: 0.3
[    0.641949] ehci_hcd: USB 2.0 'Enhanced' Host Controller (EHCI) Driver
[    0.641954] ehci-pci: EHCI PCI platform driver
[    0.641972] ehci-platform: EHCI generic platform driver
[    0.641980] ohci_hcd: USB 1.1 'Open' Host Controller (OHCI) Driver
[    0.641982] ohci-pci: OHCI PCI platform driver
[    0.641992] ohci-platform: OHCI generic platform driver
[    0.641997] uhci_hcd: USB Universal Host Controller Interface driver
[    0.642078] i8042: PNP: PS/2 Controller [PNP0303:PS2K,PNP0f03:PS2M] at 0x60,0x64 irq 1,12
[    0.642608] serio: i8042 KBD port at 0x60,0x64 irq 1
[    0.642613] serio: i8042 AUX port at 0x60,0x64 irq 12
[    0.642729] mousedev: PS/2 mouse device common for all mice
[    0.643047] input: AT Translated Set 2 keyboard as /devices/platform/i8042/serio0/input/input2
[    0.643530] rtc_cmos rtc_cmos: registered as rtc0
[    0.643548] rtc_cmos rtc_cmos: alarms up to one day, 114 bytes nvram
[    0.643554] i2c /dev entries driver
[    0.643606] device-mapper: uevent: version 1.0.3
[    0.643678] device-mapper: ioctl: 4.41.0-ioctl (2019-09-16) initialised: dm-devel@redhat.com
[    0.643699] platform eisa.0: Probing EISA bus 0
[    0.643701] platform eisa.0: EISA: Cannot allocate resource for mainboard
[    0.643702] platform eisa.0: Cannot allocate resource for EISA slot 1
[    0.643704] platform eisa.0: Cannot allocate resource for EISA slot 2
[    0.643705] platform eisa.0: Cannot allocate resource for EISA slot 3
[    0.643706] platform eisa.0: Cannot allocate resource for EISA slot 4
[    0.643708] platform eisa.0: Cannot allocate resource for EISA slot 5
[    0.643709] platform eisa.0: Cannot allocate resource for EISA slot 6
[    0.643710] platform eisa.0: Cannot allocate resource for EISA slot 7
[    0.643712] platform eisa.0: Cannot allocate resource for EISA slot 8
[    0.643713] platform eisa.0: EISA: Detected 0 cards
[    0.643716] intel_pstate: CPU model not supported
[    0.643727] ledtrig-cpu: registered to indicate activity on CPUs
[    0.643794] drop_monitor: Initializing network drop monitor service
[    0.644006] NET: Registered protocol family 10
[    0.648638] Segment Routing with IPv6
[    0.648638] fullmesh registered
[    0.648638] ndiffports registered
[    0.648638] binder registered
[    0.648638] roundrobin registered
[    0.648638] redundant registered
[    0.648638] blest registered
[    0.648638] ecf registered
[    0.648638] NET: Registered protocol family 17
[    0.648638] Key type dns_resolver registered
[    0.648638] RAS: Correctable Errors collector initialized.
[    0.648638] IPI shorthand broadcast: enabled
[    0.648638] sched_clock: Marking stable (632398235, 12239847)->(646160446, -1522364)
[    0.651221] registered taskstats version 1
[    0.651232] Loading compiled-in X.509 certificates
[    0.652183] Loaded X.509 cert 'Build time autogenerated kernel key: 6909f3744cebb3d0de528d5887b96a727de79b1e'
[    0.652205] zswap: loaded using pool lzo/zbud
[    0.652271] Key type ._fscrypt registered
[    0.652272] Key type .fscrypt registered
[    0.658226] Key type big_key registered
[    0.661269] Key type encrypted registered
[    0.661272] AppArmor: AppArmor sha1 policy hashing enabled
[    0.661281] ima: No TPM chip found, activating TPM-bypass!
[    0.661286] ima: Allocated hash algorithm: sha1
[    0.661292] ima: No architecture policies found
[    0.661303] evm: Initialising EVM extended attributes:
[    0.661304] evm: security.selinux
[    0.661305] evm: security.SMACK64
[    0.661305] evm: security.SMACK64EXEC
[    0.661306] evm: security.SMACK64TRANSMUTE
[    0.661307] evm: security.SMACK64MMAP
[    0.661307] evm: security.apparmor
[    0.661308] evm: security.ima
[    0.661308] evm: security.capability
[    0.661309] evm: HMAC attrs: 0x1
[    0.661659] PM:   Magic number: 10:614:371
[    0.661756] rtc_cmos rtc_cmos: setting system clock to 2026-01-13T08:22:52 UTC (1768292572)
[    0.812213] ata1.00: ATA-6: VBOX HARDDISK, 1.0, max UDMA/133
[    0.812216] ata1.00: 209715200 sectors, multi 128: LBA 
[    0.812715] scsi 0:0:0:0: Direct-Access     ATA      VBOX HARDDISK    1.0  PQ: 0 ANSI: 5
[    0.812937] sd 0:0:0:0: [sda] 209715200 512-byte logical blocks: (107 GB/100 GiB)
[    0.812947] sd 0:0:0:0: [sda] Write Protect is off
[    0.812949] sd 0:0:0:0: [sda] Mode Sense: 00 3a 00 00
[    0.812964] sd 0:0:0:0: [sda] Write cache: enabled, read cache: enabled, doesn't support DPO or FUA
[    0.813201] sd 0:0:0:0: Attached scsi generic sg0 type 0
[    0.813852]  sda: sda1 sda2
[    0.824404] sd 0:0:0:0: [sda] Attached SCSI disk
[    0.826838] Freeing unused decrypted memory: 2040K
[    0.827612] Freeing unused kernel image memory: 2728K
[    0.827615] Write protecting the kernel read-only data: 22528k
[    0.828393] Freeing unused kernel image memory: 2036K
[    0.828832] Freeing unused kernel image memory: 1432K
[    0.847534] x86/mm: Checked W+X mappings: passed, no W+X pages found.
[    0.847538] Run /init as init process
[    0.967729] ACPI: Video Device [GFX0] (multi-head: yes  rom: no  post: no)
[    0.967822] input: Video Bus as /devices/LNXSYSTM:00/LNXSYBUS:00/PNP0A03:00/LNXVIDEO:00/input/input4
[    0.984014] pcnet32: pcnet32.c:v1.35 21.Apr.2008 tsbogend@alpha.franken.de
[    0.986386] piix4_smbus 0000:00:07.0: SMBus Host Controller at 0x4100, revision 0
[    0.990081] e1000: Intel(R) PRO/1000 Network Driver - version 7.3.21-k8-NAPI
[    0.990082] e1000: Copyright (c) 1999-2006 Intel Corporation.
[    1.010676] pcnet32: PCnet/FAST III 79C973 at 0xd020, 08:00:27:5e:63:b0 assigned IRQ 19
[    1.010732] pcnet32: Found PHY 0022:561b at address 0
[    1.011117] pcnet32: eth0: registered as PCnet/FAST III 79C973
[    1.018643] pcnet32: 1 cards_found
[    1.102731] pcnet32 0000:00:03.0 enp0s3: renamed from eth0
[    1.224341] input: ImExPS/2 Generic Explorer Mouse as /devices/platform/i8042/serio1/input/input5
[    1.450038] e1000 0000:00:08.0 eth0: (PCI:33MHz:32-bit) 08:00:27:8c:73:05
[    1.450042] e1000 0000:00:08.0 eth0: Intel(R) PRO/1000 Network Connection
[    1.842109] e1000 0000:00:09.0 eth1: (PCI:33MHz:32-bit) 08:00:27:c6:41:ae
[    1.842112] e1000 0000:00:09.0 eth1: Intel(R) PRO/1000 Network Connection
[    1.843591] e1000 0000:00:09.0 enp0s9: renamed from eth1
[    1.845998] e1000 0000:00:08.0 enp0s8: renamed from eth0
[    2.011697] EXT4-fs (sda2): mounted filesystem with ordered data mode. Opts: (null)
[    2.109437] systemd[1]: Inserted module 'autofs4'
[    2.120884] systemd[1]: systemd 245.4-4ubuntu3 running in system mode. (+PAM +AUDIT +SELINUX +IMA +APPARMOR +SMACK +SYSVINIT +UTMP +LIBCRYPTSETUP +GCRYPT +GNUTLS +ACL +XZ +LZ4 +SECCOMP +BLKID +ELFUTILS +KMOD +IDN2 -IDN +PCRE2 default-hierarchy=hybrid)
[    2.120921] systemd[1]: Detected virtualization oracle.
[    2.120925] systemd[1]: Detected architecture x86-64.
[    2.122438] systemd[1]: Set hostname to <ztg>.
[    2.253773] systemd[1]: /lib/systemd/system/dbus.socket:5: ListenStream= references a path below legacy directory /var/run/, updating /var/run/dbus/system_bus_socket â†’ /run/dbus/system_bus_socket; please update the unit file accordingly.
[    2.304487] systemd[1]: Created slice system-modprobe.slice.
[    2.304669] systemd[1]: Created slice User and Session Slice.
[    2.304711] systemd[1]: Started Forward Password Requests to Wall Directory Watch.
[    2.304865] systemd[1]: Set up automount Arbitrary Executable File Formats File System Automount Point.
[    2.304897] systemd[1]: Reached target User and Group Name Lookups.
[    2.304905] systemd[1]: Reached target Remote File Systems.
[    2.304913] systemd[1]: Reached target Slices.
[    2.305418] systemd[1]: Listening on Syslog Socket.
[    2.305493] systemd[1]: Listening on fsck to fsckd communication Socket.
[    2.305532] systemd[1]: Listening on initctl Compatibility Named Pipe.
[    2.305663] systemd[1]: Listening on Journal Audit Socket.
[    2.305717] systemd[1]: Listening on Journal Socket (/dev/log).
[    2.305783] systemd[1]: Listening on Journal Socket.
[    2.305844] systemd[1]: Listening on udev Control Socket.
[    2.305884] systemd[1]: Listening on udev Kernel Socket.
[    2.306591] systemd[1]: Mounting Huge Pages File System...
[    2.307492] systemd[1]: Mounting POSIX Message Queue File System...
[    2.308364] systemd[1]: Mounting Kernel Debug File System...
[    2.309156] systemd[1]: Mounting Kernel Trace File System...
[    2.311382] systemd[1]: Starting Journal Service...
[    2.334020] systemd[1]: Starting Set the console keyboard layout...
[    2.342213] systemd[1]: Starting Create list of static device nodes for the current kernel...
[    2.343573] systemd[1]: Starting Load Kernel Module drm...
[    2.344575] systemd[1]: Condition check resulted in Set Up Additional Binary Formats being skipped.
[    2.344652] systemd[1]: Condition check resulted in File System Check on Root Device being skipped.
[    2.355140] systemd[1]: Starting Load Kernel Modules...
[    2.363176] systemd[1]: Starting Remount Root and Kernel File Systems...
[    2.376752] systemd[1]: Starting udev Coldplug all Devices...
[    2.383349] systemd[1]: Starting Uncomplicated firewall...
[    2.384770] systemd[1]: Mounted Huge Pages File System.
[    2.384854] systemd[1]: Mounted POSIX Message Queue File System.
[    2.384928] systemd[1]: Mounted Kernel Debug File System.
[    2.384995] systemd[1]: Mounted Kernel Trace File System.
[    2.403870] EXT4-fs (sda2): re-mounted. Opts: errors=remount-ro
[    2.408348] systemd[1]: Finished Create list of static device nodes for the current kernel.
[    2.409368] systemd[1]: modprobe@drm.service: Succeeded.
[    2.418055] systemd[1]: Finished Load Kernel Module drm.
[    2.434308] systemd[1]: Finished Remount Root and Kernel File Systems.
[    2.435136] systemd[1]: Finished Uncomplicated firewall.
[    2.451279] lp: driver loaded but no devices found
[    2.453312] systemd[1]: Condition check resulted in Rebuild Hardware Database being skipped.
[    2.453347] systemd[1]: Condition check resulted in Platform Persistent Storage Archival being skipped.
[    2.453983] systemd[1]: Starting Load/Save Random Seed...
[    2.459706] systemd[1]: Starting Create System Users...
[    2.465222] ppdev: user-space parallel port driver
[    2.475307] systemd[1]: Finished Load/Save Random Seed.
[    2.477794] systemd[1]: Finished Create System Users.
[    2.478656] systemd[1]: Starting Create Static Device Nodes in /dev...
[    2.507667] systemd[1]: Finished udev Coldplug all Devices.
[    2.509984] systemd[1]: Finished Create Static Device Nodes in /dev.
[    2.510772] systemd[1]: Starting udev Kernel Device Manager...
[    2.539900] [drm] DMA map mode: Caching DMA mappings.
[    2.539964] [drm] Capabilities:
[    2.539964] [drm]   Rect copy.
[    2.539964] [drm]   Cursor.
[    2.539965] [drm]   Cursor bypass.
[    2.539965] [drm]   Cursor bypass 2.
[    2.539966] [drm]   Alpha cursor.
[    2.539966] [drm]   Extended Fifo.
[    2.539966] [drm]   Pitchlock.
[    2.539967] [drm]   Irq mask.
[    2.539967] [drm]   GMR.
[    2.539967] [drm]   Traces.
[    2.539968] [drm]   GMR2.
[    2.539968] [drm]   Screen Object 2.
[    2.539968] [drm]   Command Buffers.
[    2.539969] [drm]   Command Buffers 2.
[    2.539969] [drm]   Guest Backed Resources.
[    2.539970] [drm] Max GMR ids is 8192
[    2.539970] [drm] Max number of GMR pages is 1048576
[    2.539971] [drm] Max dedicated hypervisor surface memory is 393216 kiB
[    2.539971] [drm] Maximum display memory size is 131072 kiB
[    2.539972] [drm] VRAM at 0xe0000000 size is 131072 kiB
[    2.539973] [drm] MMIO at 0xf0000000 size is 2048 kiB
[    2.544447] [TTM] Zone  kernel: Available graphics memory: 1011738 KiB
[    2.544448] [TTM] Initializing pool allocator
[    2.544451] [TTM] Initializing DMA pool allocator
[    2.544502] [drm] Supports vblank timestamp caching Rev 2 (21.10.2013).
[    2.544502] [drm] No driver support for vblank timestamp query.
[    2.544717] [drm] Screen Target Display device initialized
[    2.544908] [drm] width 720
[    2.544919] [drm] height 400
[    2.544923] [drm] bpp 32
[    2.545430] [drm] Fifo max 0x00200000 min 0x00001000 cap 0x00000355
[    2.546614] [drm] Using command buffers with DMA pool.
[    2.546617] [drm] DX: no.
[    2.546618] [drm] Atomic: yes.
[    2.546618] [drm] SM4_1: no.
[    2.546636] [drm:vmw_host_log [vmwgfx]] *ERROR* Failed to send host log message.
[    2.547539] [drm:vmw_host_log [vmwgfx]] *ERROR* Failed to send host log message.
[    2.591103] fbcon: svgadrmfb (fb0) is primary device
[    2.593247] Console: switching to colour frame buffer device 100x37
[    2.597817] [drm] Initialized vmwgfx 2.15.0 20180704 for 0000:00:02.0 on minor 0
[    2.598854] systemd[1]: Finished Load Kernel Modules.
[    2.599793] systemd[1]: Mounting FUSE Control File System...
[    2.601116] systemd[1]: Mounting Kernel Configuration File System...
[    2.610868] systemd[1]: Starting Apply Kernel Variables...
[    2.617800] systemd[1]: Finished Set the console keyboard layout.
[    2.618450] systemd[1]: Mounted FUSE Control File System.
[    2.618513] systemd[1]: Reached target Local File Systems (Pre).
[    2.618530] systemd[1]: Condition check resulted in VMware vmblock fuse mount being skipped.
[    2.642994] systemd[1]: Mounting Mount unit for bare, revision 5...
[    2.645606] systemd[1]: Mounting Mount unit for core18, revision 1705...
[    2.652707] systemd[1]: Mounting Mount unit for gnome-3-34-1804, revision 24...
[    2.659978] systemd[1]: Mounting Mount unit for gtk-common-themes, revision 1506...
[    2.667646] systemd[1]: Mounting Mount unit for gtk-common-themes, revision 1535...
[    2.677494] systemd[1]: Mounting Mount unit for snap-store, revision 433...
[    2.680712] systemd[1]: Mounting Mount unit for snapd, revision 25935...
[    2.710444] systemd[1]: Mounted Kernel Configuration File System.
[    2.712068] systemd[1]: Finished Apply Kernel Variables.
[    2.712210] systemd[1]: Mounted Mount unit for bare, revision 5.
[    2.719810] systemd[1]: Mounted Mount unit for core18, revision 1705.
[    2.719914] systemd[1]: Mounted Mount unit for gnome-3-34-1804, revision 24.
[    2.728795] systemd[1]: Mounted Mount unit for gtk-common-themes, revision 1506.
[    2.729331] systemd[1]: Started udev Kernel Device Manager.
[    2.730082] systemd[1]: Starting Show Plymouth Boot Screen...
[    2.733887] systemd[1]: Received SIGRTMIN+20 from PID 271 (plymouthd).
[    2.752493] systemd[1]: Started Show Plymouth Boot Screen.
[    2.752642] systemd[1]: Condition check resulted in Dispatch Password Requests to Console Directory Watch being skipped.
[    2.752740] systemd[1]: Started Forward Password Requests to Plymouth Directory Watch.
[    2.752773] systemd[1]: Reached target Local Encrypted Volumes.
[    2.836532] systemd[1]: Mounted Mount unit for gtk-common-themes, revision 1535.
[    2.836785] systemd[1]: Mounted Mount unit for snap-store, revision 433.
[    2.836960] systemd[1]: Mounted Mount unit for snapd, revision 25935.
[    2.837107] systemd[1]: Reached target Local File Systems.
[    2.850913] systemd[1]: Starting Load AppArmor profiles...
[    2.856266] systemd[1]: Starting Set console font and keymap...
[    2.865039] systemd[1]: Starting Tell Plymouth To Write Out Runtime Data...
[    2.866385] systemd[1]: Condition check resulted in Store a System Token in an EFI Variable being skipped.
[    2.866441] systemd[1]: Condition check resulted in Commit a transient machine-id on disk being skipped.
[    2.868888] systemd[1]: Finished Set console font and keymap.
[    2.879473] systemd[1]: Received SIGRTMIN+20 from PID 271 (plymouthd).
[    2.884373] systemd[1]: plymouth-read-write.service: Succeeded.
[    2.884612] systemd[1]: Finished Tell Plymouth To Write Out Runtime Data.
[    2.914522] audit: type=1400 audit(1768292574.748:2): apparmor="STATUS" operation="profile_load" profile="unconfined" name="nvidia_modprobe" pid=299 comm="apparmor_parser"
[    2.914524] audit: type=1400 audit(1768292574.748:3): apparmor="STATUS" operation="profile_load" profile="unconfined" name="nvidia_modprobe//kmod" pid=299 comm="apparmor_parser"
[    2.921331] audit: type=1400 audit(1768292574.756:4): apparmor="STATUS" operation="profile_load" profile="unconfined" name="/usr/sbin/tcpdump" pid=300 comm="apparmor_parser"
[    2.964689] audit: type=1400 audit(1768292574.792:5): apparmor="STATUS" operation="profile_load" profile="unconfined" name="/usr/bin/evince" pid=302 comm="apparmor_parser"
[    2.964691] audit: type=1400 audit(1768292574.792:6): apparmor="STATUS" operation="profile_load" profile="unconfined" name="/usr/bin/evince//sanitized_helper" pid=302 comm="apparmor_parser"
[    2.964693] audit: type=1400 audit(1768292574.792:7): apparmor="STATUS" operation="profile_load" profile="unconfined" name="/usr/bin/evince-previewer" pid=302 comm="apparmor_parser"
[    2.964694] audit: type=1400 audit(1768292574.792:8): apparmor="STATUS" operation="profile_load" profile="unconfined" name="/usr/bin/evince-previewer//sanitized_helper" pid=302 comm="apparmor_parser"
[    2.964695] audit: type=1400 audit(1768292574.792:9): apparmor="STATUS" operation="profile_load" profile="unconfined" name="/usr/bin/evince-thumbnailer" pid=302 comm="apparmor_parser"
[    2.981073] audit: type=1400 audit(1768292574.816:10): apparmor="STATUS" operation="profile_load" profile="unconfined" name="/usr/lib/cups/backend/cups-pdf" pid=303 comm="apparmor_parser"
[    3.061256] systemd[1]: Finished Load AppArmor profiles.
[    3.062196] systemd[1]: Starting Load AppArmor profiles managed internally by snapd...
[    3.161207] systemd[1]: Finished Load AppArmor profiles managed internally by snapd.
[    3.293003] systemd[1]: Started Journal Service.
[    3.301408] systemd-journald[229]: Received client request to flush runtime journal.
[    3.308545] systemd-journald[229]: File /var/log/journal/c455b248004a419c87ce85eea238d727/system.journal corrupted or uncleanly shut down, renaming and replacing.
[    4.564202] RAPL PMU: API unit is 2^-32 Joules, 0 fixed counters, 10737418240 ms ovfl timer
[    4.591709] cryptd: max_cpu_qlen set to 1000
[    4.684561] AVX2 version of gcm_enc/dec engaged.
[    4.684562] AES CTR mode by8 optimization enabled
[    6.774398] Adding 1998844k swap on /dev/sda1.  Priority:-2 extents:1 across:1998844k FS
[    7.829337] kauditd_printk_skb: 30 callbacks suppressed
[    7.829339] audit: type=1400 audit(1768292579.660:41): apparmor="DENIED" operation="capable" profile="/usr/sbin/cups-browsed" pid=508 comm="cups-browsed" capability=23  capname="sys_nice"
[   10.033454] pcnet32 0000:00:03.0 enp0s3: link up, 100Mbps, full-duplex
[   10.090800] e1000: enp0s8 NIC Link is Up 1000 Mbps Full Duplex, Flow Control: RX
[   10.091218] IPv6: ADDRCONF(NETDEV_CHANGE): enp0s8: link becomes ready
[   10.120894] e1000: enp0s9 NIC Link is Up 1000 Mbps Full Duplex, Flow Control: RX
[   10.121271] IPv6: ADDRCONF(NETDEV_CHANGE): enp0s9: link becomes ready
[   10.915242] device enp0s3 entered promiscuous mode
[   10.955514] audit: type=1400 audit(1768292582.792:42): apparmor="DENIED" operation="open" profile="/usr/sbin/tcpdump" name="/proc/sys/kernel/random/boot_id" pid=623 comm="tcpdump" requested_mask="r" denied_mask="r" fsuid=0 ouid=0
[   10.955749] audit: type=1400 audit(1768292582.792:43): apparmor="DENIED" operation="open" profile="/usr/sbin/tcpdump" name="/proc/sys/kernel/random/boot_id" pid=623 comm="tcpdump" requested_mask="r" denied_mask="r" fsuid=0 ouid=0
[   10.955848] audit: type=1400 audit(1768292582.792:44): apparmor="DENIED" operation="open" profile="/usr/sbin/tcpdump" name="/proc/sys/kernel/random/boot_id" pid=623 comm="tcpdump" requested_mask="r" denied_mask="r" fsuid=0 ouid=0
[   10.955959] audit: type=1400 audit(1768292582.792:45): apparmor="DENIED" operation="open" profile="/usr/sbin/tcpdump" name="/proc/sys/kernel/random/boot_id" pid=623 comm="tcpdump" requested_mask="r" denied_mask="r" fsuid=0 ouid=0
[   10.964862] audit: type=1400 audit(1768292582.796:46): apparmor="DENIED" operation="open" profile="/usr/sbin/tcpdump" name="/proc/sys/kernel/random/boot_id" pid=624 comm="tcpdump" requested_mask="r" denied_mask="r" fsuid=0 ouid=0
[   10.965536] audit: type=1400 audit(1768292582.800:47): apparmor="DENIED" operation="open" profile="/usr/sbin/tcpdump" name="/proc/sys/kernel/random/boot_id" pid=624 comm="tcpdump" requested_mask="r" denied_mask="r" fsuid=0 ouid=0
[   10.965584] audit: type=1400 audit(1768292582.800:48): apparmor="DENIED" operation="open" profile="/usr/sbin/tcpdump" name="/proc/sys/kernel/random/boot_id" pid=624 comm="tcpdump" requested_mask="r" denied_mask="r" fsuid=0 ouid=0
[   10.965684] audit: type=1400 audit(1768292582.800:49): apparmor="DENIED" operation="open" profile="/usr/sbin/tcpdump" name="/proc/sys/kernel/random/boot_id" pid=624 comm="tcpdump" requested_mask="r" denied_mask="r" fsuid=0 ouid=0
[   17.169615] rfkill: input handler disabled
[  277.375065] AAAAA-TCP_FORW: name:enp0s3: saddr:16783984: daddr:100932208
[  277.456560] AAAAA-TCP_FORW: name:enp0s3: saddr:33561200: daddr:100932208
[  277.531899] AAAAA-TCP_FORW: name:enp0s3: saddr:16783984: daddr:100932208
[  283.659519] AAAAA-TCP_FORW: name:enp0s3: saddr:33561200: daddr:100932208
[  283.847383] AAAAA-TCP_FORW: name:enp0s3: saddr:33561200: daddr:100932208
[  283.979711] AAAAA-TCP_FORW: name:enp0s3: saddr:16783984: daddr:100932208
[  284.138397] AAAAA-TCP_FORW: name:enp0s3: saddr:33561200: daddr:100932208
[  284.327023] AAAAA-TCP_FORW: name:enp0s3: saddr:16783984: daddr:100932208
[  284.596019] AAAAA-TCP_FORW: name:enp0s3: saddr:16783984: daddr:100932208
[  284.694793] AAAAA-TCP_FORW: name:enp0s3: saddr:33561200: daddr:100932208
[  284.744571] AAAAA-TCP_FORW: name:enp0s3: saddr:16783984: daddr:100932208
[  284.837868] AAAAA-TCP_FORW: name:enp0s3: saddr:16783984: daddr:100932208
[  284.987661] AAAAA-TCP_FORW: name:enp0s3: saddr:16783984: daddr:100932208
[  285.308758] AAAAA-TCP_FORW: name:enp0s3: saddr:33561200: daddr:100932208
[  285.465702] AAAAA-TCP_FORW: name:enp0s3: saddr:33561200: daddr:100932208
[  285.602332] AAAAA-TCP_FORW: name:enp0s3: saddr:16783984: daddr:100932208
[  285.734545] AAAAA-TCP_FORW: name:enp0s3: saddr:33561200: daddr:100932208
[  286.141360] AAAAA-TCP_FORW: name:enp0s3: saddr:33561200: daddr:100932208
[  311.446599] AAAAA-TCP_FORW: name:enp0s3: saddr:33561200: daddr:100932208
[  311.638845] AAAAA-TCP_FORW: name:enp0s3: saddr:16783984: daddr:100932208
[  311.727754] AAAAA-TCP_FORW: name:enp0s3: saddr:16783984: daddr:100932208
[  311.808361] AAAAA-TCP_FORW: name:enp0s3: saddr:33561200: daddr:100932208
[  311.911556] AAAAA-TCP_FORW: name:enp0s3: saddr:33561200: daddr:100932208
[  312.001772] AAAAA-TCP_FORW: name:enp0s3: saddr:33561200: daddr:100932208
[  312.065603] AAAAA-TCP_FORW: name:enp0s3: saddr:16783984: daddr:100932208
[  312.099822] AAAAA-TCP_FORW: name:enp0s3: saddr:16783984: daddr:100932208
[  312.164392] AAAAA-TCP_FORW: name:enp0s3: saddr:33561200: daddr:100932208
[  312.250439] AAAAA-TCP_FORW: name:enp0s3: saddr:16783984: daddr:100932208
[  312.313531] AAAAA-TCP_FORW: name:enp0s3: saddr:16783984: daddr:100932208
[  312.358080] AAAAA-TCP_FORW: name:enp0s3: saddr:33561200: daddr:100932208
[  312.485744] AAAAA-TCP_FORW: name:enp0s3: saddr:33561200: daddr:100932208
[  312.550790] AAAAA-TCP_FORW: name:enp0s3: saddr:16783984: daddr:100932208
[  312.649312] AAAAA-TCP_FORW: name:enp0s3: saddr:16783984: daddr:100932208
[  312.712992] AAAAA-TCP_FORW: name:enp0s3: saddr:33561200: daddr:100932208
[  312.816700] AAAAA-TCP_FORW: name:enp0s3: saddr:33561200: daddr:100932208
[  312.869812] AAAAA-TCP_FORW: name:enp0s3: saddr:33561200: daddr:100932208
[  313.026979] AAAAA-TCP_FORW: name:enp0s3: saddr:16783984: daddr:100932208
[  313.193971] AAAAA-TCP_FORW: name:enp0s3: saddr:16783984: daddr:100932208
[  313.222105] AAAAA-TCP_FORW: name:enp0s3: saddr:100932208: daddr:16783984
[  313.304708] AAAAA-TCP_FORW: name:enp0s3: saddr:33561200: daddr:100932208
[  313.353518] AAAAA-TCP_FORW: name:enp0s3: saddr:16783984: daddr:100932208
[  313.441077] AAAAA-TCP_FORW: name:enp0s3: saddr:100932208: daddr:33561200
[  313.466270] AAAAA-TCP_FORW: name:enp0s3: saddr:16783984: daddr:100932208
[  313.524785] AAAAA-TCP_FORW: name:enp0s3: saddr:33561200: daddr:100932208
[  313.595333] AAAAA-TCP_FORW: name:enp0s3: saddr:100932208: daddr:33561200
[  313.899554] AAAAA-TCP_FORW: name:enp0s3: saddr:16783984: daddr:100932208
[  314.047005] AAAAA-TCP_FORW: name:enp0s3: saddr:100932208: daddr:33561200
[  314.083174] AAAAA-TCP_FORW: name:enp0s3: saddr:16783984: daddr:100932208
[  314.167538] AAAAA-TCP_FORW: name:enp0s3: saddr:16783984: daddr:100932208
[  314.198523] AAAAA-TCP_FORW: name:enp0s3: saddr:100932208: daddr:33561200
[  314.260870] AAAAA-TCP_FORW: name:enp0s3: saddr:100932208: daddr:33561200
[  314.307794] AAAAA-TCP_FORW: name:enp0s3: saddr:33561200: daddr:100932208
[  314.417122] AAAAA-TCP_FORW: name:enp0s3: saddr:100932208: daddr:16783984
[  314.425265] AAAAA-TCP_FORW: name:enp0s3: saddr:16783984: daddr:100932208
[  314.561032] AAAAA-TCP_FORW: name:enp0s3: saddr:16783984: daddr:100932208
[  314.703139] AAAAA-TCP_FORW: name:enp0s3: saddr:100932208: daddr:16783984
[  314.892484] AAAAA-TCP_FORW: name:enp0s3: saddr:16783984: daddr:100932208
[  315.051495] AAAAA-TCP_FORW: name:enp0s3: saddr:16783984: daddr:100932208
[  315.176730] AAAAA-TCP_FORW: name:enp0s3: saddr:100932208: daddr:33561200
[  315.191004] AAAAA-TCP_FORW: name:enp0s3: saddr:16783984: daddr:100932208
[  315.351547] AAAAA-TCP_FORW: name:enp0s3: saddr:100932208: daddr:16783984
[  315.471288] AAAAA-TCP_FORW: name:enp0s3: saddr:100932208: daddr:16783984
[  315.561693] AAAAA-TCP_FORW: name:enp0s3: saddr:100932208: daddr:16783984
[  315.596426] AAAAA-TCP_FORW: name:enp0s3: saddr:16783984: daddr:100932208
[  315.775824] AAAAA-TCP_FORW: name:enp0s3: saddr:100932208: daddr:16783984
[  315.893794] AAAAA-TCP_FORW: name:enp0s3: saddr:16783984: daddr:100932208
[  316.116113] AAAAA-TCP_FORW: name:enp0s3: saddr:100932208: daddr:16783984
[  316.188093] AAAAA-TCP_FORW: name:enp0s3: saddr:100932208: daddr:16783984
[  316.272517] AAAAA-TCP_FORW: name:enp0s3: saddr:33561200: daddr:100932208
[  316.416109] AAAAA-TCP_FORW: name:enp0s3: saddr:16783984: daddr:100932208
[  316.458016] AAAAA-TCP_FORW: name:enp0s3: saddr:100932208: daddr:16783984
[  316.560706] AAAAA-TCP_FORW: name:enp0s3: saddr:100932208: daddr:33561200
[  316.762610] AAAAA-TCP_FORW: name:enp0s3: saddr:100932208: daddr:16783984
[  316.834463] AAAAA-TCP_FORW: name:enp0s3: saddr:100932208: daddr:33561200
[  317.162567] AAAAA-TCP_FORW: name:enp0s3: saddr:100932208: daddr:33561200
[  546.866016] rfkill: input handler enabled
[  555.513389] rfkill: input handler disabled
[  884.190109] device enp0s3 left promiscuous mode
