[    0.000000] Linux version 5.4.243-mptcp (root@ztg) (gcc version 12.2.0 (Debian 12.2.0-14+deb12u1)) #53 SMP Wed Dec 24 23:28:15 CST 2025
[    0.000000] Command line: BOOT_IMAGE=/boot/vmlinuz-5.4.243-mptcp root=UUID=98415a12-53b7-4144-8265-0f7ece09e445 ro quiet splash
[    0.000000] KERNEL supported cpus:
[    0.000000]   Intel GenuineIntel
[    0.000000]   AMD AuthenticAMD
[    0.000000]   Hygon HygonGenuine
[    0.000000]   Centaur CentaurHauls
[    0.000000]   zhaoxin   Shanghai  
[    0.000000] x86/fpu: Supporting XSAVE feature 0x001: 'x87 floating point registers'
[    0.000000] x86/fpu: Supporting XSAVE feature 0x002: 'SSE registers'
[    0.000000] x86/fpu: Supporting XSAVE feature 0x004: 'AVX registers'
[    0.000000] x86/fpu: xstate_offset[2]:  576, xstate_sizes[2]:  256
[    0.000000] x86/fpu: Enabled xstate features 0x7, context size is 832 bytes, using 'standard' format.
[    0.000000] BIOS-provided physical RAM map:
[    0.000000] BIOS-e820: [mem 0x0000000000000000-0x000000000009fbff] usable
[    0.000000] BIOS-e820: [mem 0x000000000009fc00-0x000000000009ffff] reserved
[    0.000000] BIOS-e820: [mem 0x00000000000f0000-0x00000000000fffff] reserved
[    0.000000] BIOS-e820: [mem 0x0000000000100000-0x000000007ffeffff] usable
[    0.000000] BIOS-e820: [mem 0x000000007fff0000-0x000000007fffffff] ACPI data
[    0.000000] BIOS-e820: [mem 0x00000000fec00000-0x00000000fec00fff] reserved
[    0.000000] BIOS-e820: [mem 0x00000000fee00000-0x00000000fee00fff] reserved
[    0.000000] BIOS-e820: [mem 0x00000000fffc0000-0x00000000ffffffff] reserved
[    0.000000] NX (Execute Disable) protection: active
[    0.000000] SMBIOS 2.5 present.
[    0.000000] DMI: innotek GmbH VirtualBox/VirtualBox, BIOS VirtualBox 12/01/2006
[    0.000000] Hypervisor detected: KVM
[    0.000000] kvm-clock: Using msrs 4b564d01 and 4b564d00
[    0.000000] kvm-clock: cpu 0, msr 4a201001, primary cpu clock
[    0.000000] kvm-clock: using sched offset of 4459261628 cycles
[    0.000003] clocksource: kvm-clock: mask: 0xffffffffffffffff max_cycles: 0x1cd42e4dffb, max_idle_ns: 881590591483 ns
[    0.000005] tsc: Detected 2100.000 MHz processor
[    0.001867] e820: update [mem 0x00000000-0x00000fff] usable ==> reserved
[    0.001869] e820: remove [mem 0x000a0000-0x000fffff] usable
[    0.001873] last_pfn = 0x7fff0 max_arch_pfn = 0x400000000
[    0.001940] MTRR default type: uncachable
[    0.001941] MTRR fixed ranges enabled:
[    0.001942]   00000-9FFFF write-back
[    0.001943]   A0000-BFFFF uncachable
[    0.001944]   C0000-FFFFF write-protect
[    0.001944] MTRR variable ranges enabled:
[    0.001946]   0 base 000000000000 mask 3FFF80000000 write-back
[    0.001947]   1 disabled
[    0.001947]   2 disabled
[    0.001947]   3 disabled
[    0.001948]   4 disabled
[    0.001948]   5 disabled
[    0.001949]   6 disabled
[    0.001949]   7 disabled
[    0.001949]   8 disabled
[    0.001950]   9 disabled
[    0.001950]   10 disabled
[    0.001951]   11 disabled
[    0.001951]   12 disabled
[    0.001952]   13 disabled
[    0.001952]   14 disabled
[    0.001952]   15 disabled
[    0.001969] x86/PAT: Configuration [0-7]: WB  WC  UC- UC  WB  WP  UC- WT  
[    0.002103] found SMP MP-table at [mem 0x0009fff0-0x0009ffff]
[    0.093600] check: Scanning 1 areas for low memory corruption
[    0.093757] RAMDISK: [mem 0x32271000-0x3512ffff]
[    0.093765] ACPI: Early table checksum verification disabled
[    0.093771] ACPI: RSDP 0x00000000000E0000 000024 (v02 VBOX  )
[    0.093775] ACPI: XSDT 0x000000007FFF0030 00003C (v01 VBOX   VBOXXSDT 00000001 ASL  00000061)
[    0.093781] ACPI: FACP 0x000000007FFF00F0 0000F4 (v04 VBOX   VBOXFACP 00000001 ASL  00000061)
[    0.093788] ACPI: DSDT 0x000000007FFF02E0 002353 (v02 VBOX   VBOXBIOS 00000002 VBOX 00029BF3)
[    0.093792] ACPI: FACS 0x000000007FFF0200 000040
[    0.093796] ACPI: FACS 0x000000007FFF0200 000040
[    0.093799] ACPI: APIC 0x000000007FFF0240 000054 (v02 VBOX   VBOXAPIC 00000001 ASL  00000061)
[    0.093803] ACPI: SSDT 0x000000007FFF02A0 000038 (v01 VBOX   VBOXCPUT 00000002 VBOX 00029BF3)
[    0.093806] ACPI: Reserving FACP table memory at [mem 0x7fff00f0-0x7fff01e3]
[    0.093807] ACPI: Reserving DSDT table memory at [mem 0x7fff02e0-0x7fff2632]
[    0.093807] ACPI: Reserving FACS table memory at [mem 0x7fff0200-0x7fff023f]
[    0.093808] ACPI: Reserving FACS table memory at [mem 0x7fff0200-0x7fff023f]
[    0.093809] ACPI: Reserving APIC table memory at [mem 0x7fff0240-0x7fff0293]
[    0.093809] ACPI: Reserving SSDT table memory at [mem 0x7fff02a0-0x7fff02d7]
[    0.093824] ACPI: Local APIC address 0xfee00000
[    0.094013] No NUMA configuration found
[    0.094015] Faking a node at [mem 0x0000000000000000-0x000000007ffeffff]
[    0.094025] NODE_DATA(0) allocated [mem 0x7ffc5000-0x7ffeffff]
[    0.094285] Zone ranges:
[    0.094286]   DMA      [mem 0x0000000000001000-0x0000000000ffffff]
[    0.094287]   DMA32    [mem 0x0000000001000000-0x000000007ffeffff]
[    0.094288]   Normal   empty
[    0.094289]   Device   empty
[    0.094289] Movable zone start for each node
[    0.094291] Early memory node ranges
[    0.094292]   node   0: [mem 0x0000000000001000-0x000000000009efff]
[    0.094293]   node   0: [mem 0x0000000000100000-0x000000007ffeffff]
[    0.094296] Zeroed struct page in unavailable ranges: 114 pages
[    0.094297] Initmem setup node 0 [mem 0x0000000000001000-0x000000007ffeffff]
[    0.094298] On node 0 totalpages: 524174
[    0.094299]   DMA zone: 64 pages used for memmap
[    0.094299]   DMA zone: 21 pages reserved
[    0.094300]   DMA zone: 3998 pages, LIFO batch:0
[    0.094372]   DMA32 zone: 8128 pages used for memmap
[    0.094373]   DMA32 zone: 520176 pages, LIFO batch:63
[    0.103317] ACPI: PM-Timer IO Port: 0x4008
[    0.103320] ACPI: Local APIC address 0xfee00000
[    0.103386] IOAPIC[0]: apic_id 1, version 32, address 0xfec00000, GSI 0-23
[    0.103389] ACPI: INT_SRC_OVR (bus 0 bus_irq 0 global_irq 2 dfl dfl)
[    0.103391] ACPI: INT_SRC_OVR (bus 0 bus_irq 9 global_irq 9 low level)
[    0.103393] ACPI: IRQ0 used by override.
[    0.103394] ACPI: IRQ9 used by override.
[    0.103396] Using ACPI (MADT) for SMP configuration information
[    0.103403] smpboot: Allowing 1 CPUs, 0 hotplug CPUs
[    0.103425] PM: Registered nosave memory: [mem 0x00000000-0x00000fff]
[    0.103426] PM: Registered nosave memory: [mem 0x0009f000-0x0009ffff]
[    0.103427] PM: Registered nosave memory: [mem 0x000a0000-0x000effff]
[    0.103427] PM: Registered nosave memory: [mem 0x000f0000-0x000fffff]
[    0.103429] [mem 0x80000000-0xfebfffff] available for PCI devices
[    0.103430] Booting paravirtualized kernel on KVM
[    0.103433] clocksource: refined-jiffies: mask: 0xffffffff max_cycles: 0xffffffff, max_idle_ns: 7645519600211568 ns
[    0.103438] setup_percpu: NR_CPUS:8192 nr_cpumask_bits:1 nr_cpu_ids:1 nr_node_ids:1
[    0.104441] percpu: Embedded 60 pages/cpu s208896 r8192 d28672 u2097152
[    0.104446] pcpu-alloc: s208896 r8192 d28672 u2097152 alloc=1*2097152
[    0.104447] pcpu-alloc: [0] 0 
[    0.104473] Built 1 zonelists, mobility grouping on.  Total pages: 515961
[    0.104474] Policy zone: DMA32
[    0.104475] Kernel command line: BOOT_IMAGE=/boot/vmlinuz-5.4.243-mptcp root=UUID=98415a12-53b7-4144-8265-0f7ece09e445 ro quiet splash
[    0.105577] Dentry cache hash table entries: 262144 (order: 9, 2097152 bytes, linear)
[    0.105747] Inode-cache hash table entries: 131072 (order: 8, 1048576 bytes, linear)
[    0.105816] mem auto-init: stack:off, heap alloc:on, heap free:off
[    0.105820] Calgary: detecting Calgary via BIOS EBDA area
[    0.105821] Calgary: Unable to locate Rio Grande table in EBDA - bailing!
[    0.110396] Memory: 1967332K/2096696K available (14339K kernel code, 2398K rwdata, 4712K rodata, 2728K init, 17260K bss, 129364K reserved, 0K cma-reserved)
[    0.111322] SLUB: HWalign=64, Order=0-3, MinObjects=0, CPUs=1, Nodes=1
[    0.111338] ftrace: allocating 43186 entries in 169 pages
[    0.129377] rcu: Hierarchical RCU implementation.
[    0.129378] rcu: 	RCU restricting CPUs from NR_CPUS=8192 to nr_cpu_ids=1.
[    0.129379] 	Tasks RCU enabled.
[    0.129380] rcu: RCU calculated value of scheduler-enlistment delay is 25 jiffies.
[    0.129381] rcu: Adjusting geometry for rcu_fanout_leaf=16, nr_cpu_ids=1
[    0.132332] NR_IRQS: 524544, nr_irqs: 256, preallocated irqs: 16
[    0.132547] random: crng init done
[    0.141815] Console: colour VGA+ 80x25
[    0.141819] printk: console [tty0] enabled
[    0.141837] ACPI: Core revision 20190816
[    0.141932] APIC: Switch to symmetric I/O mode setup
[    0.142186] x2apic enabled
[    0.142427] Switched APIC routing to physical x2apic.
[    0.143564] ..TIMER: vector=0x30 apic1=0 pin1=2 apic2=-1 pin2=-1
[    0.143592] clocksource: tsc-early: mask: 0xffffffffffffffff max_cycles: 0x1e4530a99b6, max_idle_ns: 440795257976 ns
[    0.143598] Calibrating delay loop (skipped) preset value.. 4200.00 BogoMIPS (lpj=8400000)
[    0.143600] pid_max: default: 32768 minimum: 301
[    0.143627] LSM: Security Framework initializing
[    0.143636] Yama: becoming mindful.
[    0.143663] AppArmor: AppArmor initialized
[    0.143697] Mount-cache hash table entries: 4096 (order: 3, 32768 bytes, linear)
[    0.143701] Mountpoint-cache hash table entries: 4096 (order: 3, 32768 bytes, linear)
[    0.143711] *** VALIDATE tmpfs ***
[    0.143839] *** VALIDATE proc ***
[    0.143879] *** VALIDATE cgroup1 ***
[    0.143880] *** VALIDATE cgroup2 ***
[    0.144019] process: using mwait in idle threads
[    0.144024] Last level iTLB entries: 4KB 64, 2MB 8, 4MB 8
[    0.144025] Last level dTLB entries: 4KB 64, 2MB 0, 4MB 0, 1GB 4
[    0.144044] Spectre V1 : Mitigation: usercopy/swapgs barriers and __user pointer sanitization
[    0.144049] Spectre V2 : Mitigation: Retpolines
[    0.144050] Spectre V2 : Spectre v2 / SpectreRSB mitigation: Filling RSB on context switch
[    0.144050] Spectre V2 : Spectre v2 / SpectreRSB : Filling RSB on VMEXIT
[    0.144051] RETBleed: WARNING: Spectre v2 mitigation leaves CPU vulnerable to RETBleed attacks, data leaks possible!
[    0.144403] RETBleed: Vulnerable
[    0.144404] Speculative Store Bypass: Vulnerable
[    0.144409] TAA: Mitigation: TSX disabled
[    0.144409] MMIO Stale Data: Mitigation: Clear CPU buffers
[    0.148599] Freeing SMP alternatives memory: 40K
[    0.261722] smpboot: CPU0: Intel(R) Xeon(R) Silver 4216 CPU @ 2.10GHz (family: 0x6, model: 0x55, stepping: 0x7)
[    0.261865] Performance Events: unsupported p6 CPU model 85 no PMU driver, software events only.
[    0.261902] rcu: Hierarchical SRCU implementation.
[    0.262378] NMI watchdog: Perf NMI watchdog permanently disabled
[    0.262416] smp: Bringing up secondary CPUs ...
[    0.262417] smp: Brought up 1 node, 1 CPU
[    0.262418] smpboot: Max logical packages: 1
[    0.262420] smpboot: Total of 1 processors activated (4200.00 BogoMIPS)
[    0.263386] devtmpfs: initialized
[    0.263433] x86/mm: Memory block size: 128MB
[    0.263595] clocksource: jiffies: mask: 0xffffffff max_cycles: 0xffffffff, max_idle_ns: 7645041785100000 ns
[    0.263595] futex hash table entries: 256 (order: 2, 16384 bytes, linear)
[    0.263595] pinctrl core: initialized pinctrl subsystem
[    0.263595] PM: RTC time: 16:25:08, date: 2026-01-11
[    0.263595] NET: Registered protocol family 16
[    0.263595] audit: initializing netlink subsys (disabled)
[    0.263595] EISA bus registered
[    0.263595] cpuidle: using governor ladder
[    0.263595] cpuidle: using governor menu
[    0.263595] ACPI: bus type PCI registered
[    0.263595] acpiphp: ACPI Hot Plug PCI Controller Driver version: 0.5
[    0.263595] PCI: Using configuration type 1 for base access
[    0.263888] audit: type=2000 audit(1768119914.927:1): state=initialized audit_enabled=0 res=1
[    0.263966] HugeTLB registered 2.00 MiB page size, pre-allocated 0 pages
[    0.264784] ACPI: Added _OSI(Module Device)
[    0.264785] ACPI: Added _OSI(Processor Device)
[    0.264786] ACPI: Added _OSI(3.0 _SCP Extensions)
[    0.264786] ACPI: Added _OSI(Processor Aggregator Device)
[    0.264788] ACPI: Added _OSI(Linux-Dell-Video)
[    0.264788] ACPI: Added _OSI(Linux-Lenovo-NV-HDMI-Audio)
[    0.264789] ACPI: Added _OSI(Linux-HPI-Hybrid-Graphics)
[    0.266744] ACPI: 2 ACPI AML tables successfully acquired and loaded
[    0.268251] ACPI: Interpreter enabled
[    0.268260] ACPI: (supports S0 S5)
[    0.268261] ACPI: Using IOAPIC for interrupt routing
[    0.268466] PCI: Using host bridge windows from ACPI; if necessary, use "pci=nocrs" and report a bug
[    0.268573] ACPI: Enabled 2 GPEs in block 00 to 07
[    0.273420] ACPI: PCI Root Bridge [PCI0] (domain 0000 [bus 00-ff])
[    0.273425] acpi PNP0A03:00: _OSC: OS supports [ASPM ClockPM Segments MSI HPX-Type3]
[    0.273869] acpi PNP0A03:00: _OSC: not requesting OS control; OS requires [ExtendedConfig ASPM ClockPM MSI]
[    0.273877] acpi PNP0A03:00: fail to add MMCONFIG information, can't access extended PCI configuration space under this bridge.
[    0.274251] PCI host bridge to bus 0000:00
[    0.274253] pci_bus 0000:00: root bus resource [io  0x0000-0x0cf7 window]
[    0.274254] pci_bus 0000:00: root bus resource [io  0x0d00-0xffff window]
[    0.274255] pci_bus 0000:00: root bus resource [mem 0x000a0000-0x000bffff window]
[    0.274256] pci_bus 0000:00: root bus resource [mem 0x80000000-0xfdffffff window]
[    0.274258] pci_bus 0000:00: root bus resource [bus 00-ff]
[    0.274297] pci 0000:00:00.0: [8086:1237] type 00 class 0x060000
[    0.275236] pci 0000:00:01.0: [8086:7000] type 00 class 0x060100
[    0.276202] pci 0000:00:01.1: [8086:7111] type 00 class 0x01018a
[    0.276590] pci 0000:00:01.1: reg 0x20: [io  0xd000-0xd00f]
[    0.276745] pci 0000:00:01.1: legacy IDE quirk: reg 0x10: [io  0x01f0-0x01f7]
[    0.276746] pci 0000:00:01.1: legacy IDE quirk: reg 0x14: [io  0x03f6]
[    0.276747] pci 0000:00:01.1: legacy IDE quirk: reg 0x18: [io  0x0170-0x0177]
[    0.276748] pci 0000:00:01.1: legacy IDE quirk: reg 0x1c: [io  0x0376]
[    0.277306] pci 0000:00:02.0: [15ad:0405] type 00 class 0x030000
[    0.279674] pci 0000:00:02.0: reg 0x10: [io  0xd010-0xd01f]
[    0.283641] pci 0000:00:02.0: reg 0x14: [mem 0xe0000000-0xe7ffffff pref]
[    0.286397] pci 0000:00:02.0: reg 0x18: [mem 0xf0000000-0xf01fffff]
[    0.298229] pci 0000:00:03.0: [1022:2000] type 00 class 0x020000
[    0.298909] pci 0000:00:03.0: reg 0x10: [io  0xd020-0xd03f]
[    0.299513] pci 0000:00:03.0: reg 0x14: [mem 0xf0200000-0xf0200fff]
[    0.302676] pci 0000:00:04.0: [80ee:cafe] type 00 class 0x088000
[    0.303715] pci 0000:00:04.0: reg 0x10: [io  0xd040-0xd05f]
[    0.304320] pci 0000:00:04.0: reg 0x14: [mem 0xf0400000-0xf07fffff]
[    0.304929] pci 0000:00:04.0: reg 0x18: [mem 0xf0800000-0xf0803fff pref]
[    0.308618] pci 0000:00:07.0: [8086:7113] type 00 class 0x068000
[    0.309164] pci 0000:00:07.0: quirk: [io  0x4000-0x403f] claimed by PIIX4 ACPI
[    0.309176] pci 0000:00:07.0: quirk: [io  0x4100-0x410f] claimed by PIIX4 SMB
[    0.309779] pci 0000:00:08.0: [1022:2000] type 00 class 0x020000
[    0.310444] pci 0000:00:08.0: reg 0x10: [io  0xd060-0xd07f]
[    0.311050] pci 0000:00:08.0: reg 0x14: [mem 0xf0804000-0xf0804fff]
[    0.314618] pci 0000:00:09.0: [8086:100e] type 00 class 0x020000
[    0.315323] pci 0000:00:09.0: reg 0x10: [mem 0xf0820000-0xf083ffff]
[    0.316280] pci 0000:00:09.0: reg 0x18: [io  0xd080-0xd087]
[    0.327849] ACPI: PCI Interrupt Link [LNKA] (IRQs 5 9 10 *11)
[    0.328134] ACPI: PCI Interrupt Link [LNKB] (IRQs 5 9 *10 11)
[    0.328237] ACPI: PCI Interrupt Link [LNKC] (IRQs 5 *9 10 11)
[    0.328340] ACPI: PCI Interrupt Link [LNKD] (IRQs 5 9 10 *11)
[    0.328600] iommu: Default domain type: Translated 
[    0.328662] pci 0000:00:02.0: vgaarb: setting as boot VGA device
[    0.328664] pci 0000:00:02.0: vgaarb: VGA device added: decodes=io+mem,owns=io+mem,locks=none
[    0.328666] pci 0000:00:02.0: vgaarb: bridge control possible
[    0.328667] vgaarb: loaded
[    0.328875] SCSI subsystem initialized
[    0.328910] libata version 3.00 loaded.
[    0.328934] ACPI: bus type USB registered
[    0.328950] usbcore: registered new interface driver usbfs
[    0.328956] usbcore: registered new interface driver hub
[    0.328962] usbcore: registered new device driver usb
[    0.328987] pps_core: LinuxPPS API ver. 1 registered
[    0.328988] pps_core: Software ver. 5.3.6 - Copyright 2005-2007 Rodolfo Giometti <giometti@linux.it>
[    0.328990] PTP clock support registered
[    0.329024] EDAC MC: Ver: 3.0.0
[    0.329315] PCI: Using ACPI for IRQ routing
[    0.329317] PCI: pci_cache_line_size set to 64 bytes
[    0.329501] e820: reserve RAM buffer [mem 0x0009fc00-0x0009ffff]
[    0.329504] e820: reserve RAM buffer [mem 0x7fff0000-0x7fffffff]
[    0.330297] NetLabel: Initializing
[    0.330298] NetLabel:  domain hash size = 128
[    0.330298] NetLabel:  protocols = UNLABELED CIPSOv4 CALIPSO
[    0.330318] NetLabel:  unlabeled traffic allowed by default
[    0.331209] clocksource: Switched to clocksource kvm-clock
[    0.345267] *** VALIDATE bpf ***
[    0.345353] VFS: Disk quotas dquot_6.6.0
[    0.345369] VFS: Dquot-cache hash table entries: 512 (order 0, 4096 bytes)
[    0.345398] *** VALIDATE ramfs ***
[    0.345401] *** VALIDATE hugetlbfs ***
[    0.345507] AppArmor: AppArmor Filesystem Enabled
[    0.345544] pnp: PnP ACPI init
[    0.345633] pnp 00:00: Plug and Play ACPI device, IDs PNP0303 (active)
[    0.345714] pnp 00:01: Plug and Play ACPI device, IDs PNP0f03 (active)
[    0.346527] pnp: PnP ACPI: found 2 devices
[    0.347707] thermal_sys: Registered thermal governor 'fair_share'
[    0.347707] thermal_sys: Registered thermal governor 'bang_bang'
[    0.347708] thermal_sys: Registered thermal governor 'step_wise'
[    0.347709] thermal_sys: Registered thermal governor 'user_space'
[    0.347709] thermal_sys: Registered thermal governor 'power_allocator'
[    0.352297] clocksource: acpi_pm: mask: 0xffffff max_cycles: 0xffffff, max_idle_ns: 2085701024 ns
[    0.352343] pci_bus 0000:00: resource 4 [io  0x0000-0x0cf7 window]
[    0.352345] pci_bus 0000:00: resource 5 [io  0x0d00-0xffff window]
[    0.352346] pci_bus 0000:00: resource 6 [mem 0x000a0000-0x000bffff window]
[    0.352347] pci_bus 0000:00: resource 7 [mem 0x80000000-0xfdffffff window]
[    0.352418] NET: Registered protocol family 2
[    0.352534] IP idents hash table entries: 32768 (order: 6, 262144 bytes, linear)
[    0.353040] MPTCP tokens hash table entries: 8192 (order: 4, 65536 bytes, linear)
[    0.353071] MPTCP request tokens hash table entries: 8192 (order: 4, 65536 bytes, linear)
[    0.353099] default registered
[    0.353100] default registered
[    0.353100] MPTCP: Stable release v0.96
[    0.353107] tcp_listen_portaddr_hash hash table entries: 1024 (order: 2, 16384 bytes, linear)
[    0.353248] TCP established hash table entries: 16384 (order: 5, 131072 bytes, linear)
[    0.353346] TCP bind hash table entries: 16384 (order: 6, 262144 bytes, linear)
[    0.353371] TCP: Hash tables configured (established 16384 bind 16384)
[    0.354120] UDP hash table entries: 1024 (order: 3, 32768 bytes, linear)
[    0.354136] UDP-Lite hash table entries: 1024 (order: 3, 32768 bytes, linear)
[    0.354181] NET: Registered protocol family 1
[    0.354192] NET: Registered protocol family 44
[    0.354218] pci 0000:00:00.0: Limiting direct PCI/PCI transfers
[    0.354232] pci 0000:00:01.0: Activating ISA DMA hang workarounds
[    0.354294] pci 0000:00:02.0: Video device with shadowed ROM at [mem 0x000c0000-0x000dffff]
[    0.354368] PCI: CLS 0 bytes, default 64
[    0.354431] Trying to unpack rootfs image as initramfs...
[    0.531631] Freeing initrd memory: 47868K
[    0.531631] clocksource: tsc: mask: 0xffffffffffffffff max_cycles: 0x1e4530a99b6, max_idle_ns: 440795257976 ns
[    0.531631] clocksource: Switched to clocksource tsc
[    0.531631] platform rtc_cmos: registered platform RTC device (no PNP device found)
[    0.531631] check: Scanning for low memory corruption every 60 seconds
[    0.531631] Initialise system trusted keyrings
[    0.531631] Key type blacklist registered
[    0.531631] workingset: timestamp_bits=36 max_order=19 bucket_order=0
[    0.531631] zbud: loaded
[    0.531631] squashfs: version 4.0 (2009/01/31) Phillip Lougher
[    0.531631] fuse: init (API version 7.31)
[    0.531631] *** VALIDATE fuse ***
[    0.531631] *** VALIDATE fuse ***
[    0.531631] Platform Keyring initialized
[    0.547900] Key type asymmetric registered
[    0.547901] Asymmetric key parser 'x509' registered
[    0.547913] Block layer SCSI generic (bsg) driver version 0.4 loaded (major 244)
[    0.547961] io scheduler mq-deadline registered
[    0.548112] shpchp: Standard Hot Plug PCI Controller Driver version: 0.4
[    0.548368] ACPI: AC Adapter [AC] (on-line)
[    0.548419] input: Power Button as /devices/LNXSYSTM:00/LNXPWRBN:00/input/input0
[    0.548454] ACPI: Power Button [PWRF]
[    0.548546] input: Sleep Button as /devices/LNXSYSTM:00/LNXSLPBN:00/input/input1
[    0.548561] ACPI: Sleep Button [SLPF]
[    0.548812] Serial: 8250/16550 driver, 32 ports, IRQ sharing enabled
[    0.550118] Linux agpgart interface v0.103
[    0.643106] loop: module loaded
[    0.643295] ata_piix 0000:00:01.1: version 2.13
[    0.643768] scsi host0: ata_piix
[    0.643872] scsi host1: ata_piix
[    0.643900] ata1: PATA max UDMA/33 cmd 0x1f0 ctl 0x3f6 bmdma 0xd000 irq 14
[    0.643901] ata2: PATA max UDMA/33 cmd 0x170 ctl 0x376 bmdma 0xd008 irq 15
[    0.643998] tun: Universal TUN/TAP device driver, 1.6
[    0.644349] PPP generic driver version 2.4.2
[    0.644398] VFIO - User Level meta-driver version: 0.3
[    0.644654] ehci_hcd: USB 2.0 'Enhanced' Host Controller (EHCI) Driver
[    0.644660] ehci-pci: EHCI PCI platform driver
[    0.644681] ehci-platform: EHCI generic platform driver
[    0.644687] ohci_hcd: USB 1.1 'Open' Host Controller (OHCI) Driver
[    0.644689] ohci-pci: OHCI PCI platform driver
[    0.644696] ohci-platform: OHCI generic platform driver
[    0.644701] uhci_hcd: USB Universal Host Controller Interface driver
[    0.644779] i8042: PNP: PS/2 Controller [PNP0303:PS2K,PNP0f03:PS2M] at 0x60,0x64 irq 1,12
[    0.645232] serio: i8042 KBD port at 0x60,0x64 irq 1
[    0.645237] serio: i8042 AUX port at 0x60,0x64 irq 12
[    0.645333] mousedev: PS/2 mouse device common for all mice
[    0.645623] input: AT Translated Set 2 keyboard as /devices/platform/i8042/serio0/input/input2
[    0.646062] rtc_cmos rtc_cmos: registered as rtc0
[    0.646077] rtc_cmos rtc_cmos: alarms up to one day, 114 bytes nvram
[    0.646083] i2c /dev entries driver
[    0.646135] device-mapper: uevent: version 1.0.3
[    0.646182] device-mapper: ioctl: 4.41.0-ioctl (2019-09-16) initialised: dm-devel@redhat.com
[    0.646200] platform eisa.0: Probing EISA bus 0
[    0.646201] platform eisa.0: EISA: Cannot allocate resource for mainboard
[    0.646202] platform eisa.0: Cannot allocate resource for EISA slot 1
[    0.646204] platform eisa.0: Cannot allocate resource for EISA slot 2
[    0.646205] platform eisa.0: Cannot allocate resource for EISA slot 3
[    0.646206] platform eisa.0: Cannot allocate resource for EISA slot 4
[    0.646207] platform eisa.0: Cannot allocate resource for EISA slot 5
[    0.646208] platform eisa.0: Cannot allocate resource for EISA slot 6
[    0.646209] platform eisa.0: Cannot allocate resource for EISA slot 7
[    0.646210] platform eisa.0: Cannot allocate resource for EISA slot 8
[    0.646211] platform eisa.0: EISA: Detected 0 cards
[    0.646215] intel_pstate: CPU model not supported
[    0.646227] ledtrig-cpu: registered to indicate activity on CPUs
[    0.646301] drop_monitor: Initializing network drop monitor service
[    0.646471] NET: Registered protocol family 10
[    0.651287] Segment Routing with IPv6
[    0.651287] fullmesh registered
[    0.651287] ndiffports registered
[    0.651287] binder registered
[    0.651287] roundrobin registered
[    0.651287] redundant registered
[    0.651287] blest registered
[    0.651287] ecf registered
[    0.651287] NET: Registered protocol family 17
[    0.651287] Key type dns_resolver registered
[    0.651287] RAS: Correctable Errors collector initialized.
[    0.651287] IPI shorthand broadcast: enabled
[    0.651287] sched_clock: Marking stable (636230142, 11057104)->(650581992, -3294746)
[    0.652403] registered taskstats version 1
[    0.652417] Loading compiled-in X.509 certificates
[    0.653020] Loaded X.509 cert 'Build time autogenerated kernel key: 6909f3744cebb3d0de528d5887b96a727de79b1e'
[    0.653042] zswap: loaded using pool lzo/zbud
[    0.653105] Key type ._fscrypt registered
[    0.653105] Key type .fscrypt registered
[    0.657944] Key type big_key registered
[    0.660307] Key type encrypted registered
[    0.660311] AppArmor: AppArmor sha1 policy hashing enabled
[    0.660321] ima: No TPM chip found, activating TPM-bypass!
[    0.660325] ima: Allocated hash algorithm: sha1
[    0.660331] ima: No architecture policies found
[    0.660343] evm: Initialising EVM extended attributes:
[    0.660344] evm: security.selinux
[    0.660344] evm: security.SMACK64
[    0.660345] evm: security.SMACK64EXEC
[    0.660345] evm: security.SMACK64TRANSMUTE
[    0.660346] evm: security.SMACK64MMAP
[    0.660346] evm: security.apparmor
[    0.660347] evm: security.ima
[    0.660347] evm: security.capability
[    0.660348] evm: HMAC attrs: 0x1
[    0.660684] PM:   Magic number: 10:865:438
[    0.660801] rtc_cmos rtc_cmos: setting system clock to 2026-01-11T16:25:09 UTC (1768148709)
[    0.816044] ata1.00: ATA-6: VBOX HARDDISK, 1.0, max UDMA/133
[    0.816047] ata1.00: 209715200 sectors, multi 128: LBA 
[    0.816740] scsi 0:0:0:0: Direct-Access     ATA      VBOX HARDDISK    1.0  PQ: 0 ANSI: 5
[    0.817058] sd 0:0:0:0: [sda] 209715200 512-byte logical blocks: (107 GB/100 GiB)
[    0.817072] sd 0:0:0:0: [sda] Write Protect is off
[    0.817075] sd 0:0:0:0: [sda] Mode Sense: 00 3a 00 00
[    0.817096] sd 0:0:0:0: [sda] Write cache: enabled, read cache: enabled, doesn't support DPO or FUA
[    0.817443] sd 0:0:0:0: Attached scsi generic sg0 type 0
[    0.818168]  sda: sda1 sda2
[    0.827406] sd 0:0:0:0: [sda] Attached SCSI disk
[    0.832914] Freeing unused decrypted memory: 2040K
[    0.834629] Freeing unused kernel image memory: 2728K
[    0.834634] Write protecting the kernel read-only data: 22528k
[    0.836385] Freeing unused kernel image memory: 2036K
[    0.837369] Freeing unused kernel image memory: 1432K
[    0.872091] x86/mm: Checked W+X mappings: passed, no W+X pages found.
[    0.872096] Run /init as init process
[    0.986691] ACPI: Video Device [GFX0] (multi-head: yes  rom: no  post: no)
[    0.986770] input: Video Bus as /devices/LNXSYSTM:00/LNXSYBUS:00/PNP0A03:00/LNXVIDEO:00/input/input4
[    0.998598] pcnet32: pcnet32.c:v1.35 21.Apr.2008 tsbogend@alpha.franken.de
[    1.000304] piix4_smbus 0000:00:07.0: SMBus Host Controller at 0x4100, revision 0
[    1.004068] e1000: Intel(R) PRO/1000 Network Driver - version 7.3.21-k8-NAPI
[    1.004068] e1000: Copyright (c) 1999-2006 Intel Corporation.
[    1.009165] pcnet32: PCnet/FAST III 79C973 at 0xd020, 08:00:27:b0:7e:c2 assigned IRQ 19
[    1.009212] pcnet32: Found PHY 0022:561b at address 0
[    1.009527] pcnet32: eth0: registered as PCnet/FAST III 79C973
[    1.018802] pcnet32: PCnet/FAST III 79C973 at 0xd060, 08:00:27:7b:3c:2e assigned IRQ 16
[    1.018845] pcnet32: Found PHY 0022:561b at address 0
[    1.019173] pcnet32: eth1: registered as PCnet/FAST III 79C973
[    1.026091] pcnet32: 2 cards_found
[    1.087557] pcnet32 0000:00:03.0 enp0s3: renamed from eth0
[    1.088555] pcnet32 0000:00:08.0 enp0s8: renamed from eth1
[    1.228785] input: ImExPS/2 Generic Explorer Mouse as /devices/platform/i8042/serio1/input/input5
[    1.431761] e1000 0000:00:09.0 eth0: (PCI:33MHz:32-bit) 08:00:27:1e:da:d1
[    1.431767] e1000 0000:00:09.0 eth0: Intel(R) PRO/1000 Network Connection
[    1.433077] e1000 0000:00:09.0 enp0s9: renamed from eth0
[    1.595053] EXT4-fs (sda2): mounted filesystem with ordered data mode. Opts: (null)
[    1.697772] systemd[1]: Inserted module 'autofs4'
[    1.711812] systemd[1]: systemd 245.4-4ubuntu3 running in system mode. (+PAM +AUDIT +SELINUX +IMA +APPARMOR +SMACK +SYSVINIT +UTMP +LIBCRYPTSETUP +GCRYPT +GNUTLS +ACL +XZ +LZ4 +SECCOMP +BLKID +ELFUTILS +KMOD +IDN2 -IDN +PCRE2 default-hierarchy=hybrid)
[    1.711855] systemd[1]: Detected virtualization oracle.
[    1.711862] systemd[1]: Detected architecture x86-64.
[    1.713255] systemd[1]: Set hostname to <ztg>.
[    1.852473] systemd[1]: /lib/systemd/system/dbus.socket:5: ListenStream= references a path below legacy directory /var/run/, updating /var/run/dbus/system_bus_socket â†’ /run/dbus/system_bus_socket; please update the unit file accordingly.
[    1.908536] systemd[1]: Created slice system-modprobe.slice.
[    1.908736] systemd[1]: Created slice User and Session Slice.
[    1.908785] systemd[1]: Started Forward Password Requests to Wall Directory Watch.
[    1.908970] systemd[1]: Set up automount Arbitrary Executable File Formats File System Automount Point.
[    1.909008] systemd[1]: Reached target User and Group Name Lookups.
[    1.909017] systemd[1]: Reached target Remote File Systems.
[    1.909027] systemd[1]: Reached target Slices.
[    1.910186] systemd[1]: Listening on Syslog Socket.
[    1.910267] systemd[1]: Listening on fsck to fsckd communication Socket.
[    1.910311] systemd[1]: Listening on initctl Compatibility Named Pipe.
[    1.910474] systemd[1]: Listening on Journal Audit Socket.
[    1.910536] systemd[1]: Listening on Journal Socket (/dev/log).
[    1.910617] systemd[1]: Listening on Journal Socket.
[    1.910691] systemd[1]: Listening on udev Control Socket.
[    1.910734] systemd[1]: Listening on udev Kernel Socket.
[    1.911670] systemd[1]: Mounting Huge Pages File System...
[    1.912783] systemd[1]: Mounting POSIX Message Queue File System...
[    1.913833] systemd[1]: Mounting Kernel Debug File System...
[    1.915370] systemd[1]: Mounting Kernel Trace File System...
[    1.923141] systemd[1]: Starting Journal Service...
[    1.951902] systemd[1]: Starting Set the console keyboard layout...
[    1.958351] systemd[1]: Starting Create list of static device nodes for the current kernel...
[    1.959705] systemd[1]: Starting Load Kernel Module drm...
[    1.963702] systemd[1]: Condition check resulted in Set Up Additional Binary Formats being skipped.
[    1.964359] systemd[1]: Condition check resulted in File System Check on Root Device being skipped.
[    1.977169] systemd[1]: Starting Load Kernel Modules...
[    1.983383] systemd[1]: Starting Remount Root and Kernel File Systems...
[    1.988569] systemd[1]: Starting udev Coldplug all Devices...
[    2.015095] systemd[1]: Starting Uncomplicated firewall...
[    2.016588] systemd[1]: Mounted Huge Pages File System.
[    2.016696] systemd[1]: Mounted POSIX Message Queue File System.
[    2.016783] systemd[1]: Mounted Kernel Debug File System.
[    2.016873] systemd[1]: Mounted Kernel Trace File System.
[    2.022685] EXT4-fs (sda2): re-mounted. Opts: errors=remount-ro
[    2.025073] systemd[1]: Finished Create list of static device nodes for the current kernel.
[    2.026449] systemd[1]: modprobe@drm.service: Succeeded.
[    2.028155] systemd[1]: Finished Load Kernel Module drm.
[    2.034969] systemd[1]: Finished Remount Root and Kernel File Systems.
[    2.036497] systemd[1]: Finished Uncomplicated firewall.
[    2.069740] systemd[1]: Condition check resulted in Rebuild Hardware Database being skipped.
[    2.069790] systemd[1]: Condition check resulted in Platform Persistent Storage Archival being skipped.
[    2.070618] systemd[1]: Starting Load/Save Random Seed...
[    2.072239] lp: driver loaded but no devices found
[    2.084498] systemd[1]: Starting Create System Users...
[    2.088712] ppdev: user-space parallel port driver
[    2.093229] systemd[1]: Finished Load/Save Random Seed.
[    2.100322] systemd[1]: Finished Create System Users.
[    2.101187] systemd[1]: Starting Create Static Device Nodes in /dev...
[    2.134554] systemd[1]: Finished Create Static Device Nodes in /dev.
[    2.135761] systemd[1]: Starting udev Kernel Device Manager...
[    2.169836] systemd[1]: Finished udev Coldplug all Devices.
[    2.171470] [drm] DMA map mode: Caching DMA mappings.
[    2.171537] [drm] Capabilities:
[    2.171537] [drm]   Rect copy.
[    2.171537] [drm]   Cursor.
[    2.171538] [drm]   Cursor bypass.
[    2.171538] [drm]   Cursor bypass 2.
[    2.171539] [drm]   Alpha cursor.
[    2.171539] [drm]   Extended Fifo.
[    2.171539] [drm]   Pitchlock.
[    2.171540] [drm]   Irq mask.
[    2.171540] [drm]   GMR.
[    2.171540] [drm]   Traces.
[    2.171541] [drm]   GMR2.
[    2.171541] [drm]   Screen Object 2.
[    2.171541] [drm]   Command Buffers.
[    2.171542] [drm]   Command Buffers 2.
[    2.171542] [drm]   Guest Backed Resources.
[    2.171543] [drm] Max GMR ids is 8192
[    2.171544] [drm] Max number of GMR pages is 1048576
[    2.171545] [drm] Max dedicated hypervisor surface memory is 393216 kiB
[    2.171545] [drm] Maximum display memory size is 131072 kiB
[    2.171546] [drm] VRAM at 0xe0000000 size is 131072 kiB
[    2.171546] [drm] MMIO at 0xf0000000 size is 2048 kiB
[    2.190277] [TTM] Zone  kernel: Available graphics memory: 1011738 KiB
[    2.190278] [TTM] Initializing pool allocator
[    2.190281] [TTM] Initializing DMA pool allocator
[    2.190317] [drm] Supports vblank timestamp caching Rev 2 (21.10.2013).
[    2.190318] [drm] No driver support for vblank timestamp query.
[    2.190589] [drm] Screen Target Display device initialized
[    2.190825] [drm] width 720
[    2.190843] [drm] height 400
[    2.190846] [drm] bpp 32
[    2.191413] [drm] Fifo max 0x00200000 min 0x00001000 cap 0x00000355
[    2.192477] [drm] Using command buffers with DMA pool.
[    2.192484] [drm] DX: no.
[    2.192484] [drm] Atomic: yes.
[    2.192485] [drm] SM4_1: no.
[    2.192505] [drm:vmw_host_log [vmwgfx]] *ERROR* Failed to send host log message.
[    2.193558] [drm:vmw_host_log [vmwgfx]] *ERROR* Failed to send host log message.
[    2.205642] fbcon: svgadrmfb (fb0) is primary device
[    2.207977] Console: switching to colour frame buffer device 100x37
[    2.212946] [drm] Initialized vmwgfx 2.15.0 20180704 for 0000:00:02.0 on minor 0
[    2.214051] systemd[1]: Finished Load Kernel Modules.
[    2.215158] systemd[1]: Mounting FUSE Control File System...
[    2.218486] systemd[1]: Mounting Kernel Configuration File System...
[    2.252266] systemd[1]: Starting Apply Kernel Variables...
[    2.258303] systemd[1]: Finished Set the console keyboard layout.
[    2.258485] systemd[1]: Mounted FUSE Control File System.
[    2.258556] systemd[1]: Reached target Local File Systems (Pre).
[    2.258591] systemd[1]: Condition check resulted in VMware vmblock fuse mount being skipped.
[    2.263951] systemd[1]: Mounting Mount unit for bare, revision 5...
[    2.270113] systemd[1]: Mounting Mount unit for core18, revision 1705...
[    2.281468] systemd[1]: Mounting Mount unit for gnome-3-34-1804, revision 24...
[    2.288767] systemd[1]: Mounting Mount unit for gtk-common-themes, revision 1506...
[    2.312110] systemd[1]: Mounting Mount unit for gtk-common-themes, revision 1535...
[    2.323304] systemd[1]: Mounting Mount unit for snap-store, revision 433...
[    2.333218] systemd[1]: Mounting Mount unit for snapd, revision 7264...
[    2.337120] systemd[1]: Mounted Kernel Configuration File System.
[    2.352911] systemd[1]: Finished Apply Kernel Variables.
[    2.354081] systemd[1]: Mounted Mount unit for bare, revision 5.
[    2.354184] systemd[1]: Mounted Mount unit for core18, revision 1705.
[    2.354274] systemd[1]: Mounted Mount unit for gnome-3-34-1804, revision 24.
[    2.354359] systemd[1]: Mounted Mount unit for gtk-common-themes, revision 1506.
[    2.368662] systemd[1]: Started udev Kernel Device Manager.
[    2.369490] systemd[1]: Starting Show Plymouth Boot Screen...
[    2.383308] systemd[1]: Received SIGRTMIN+20 from PID 278 (plymouthd).
[    2.403170] systemd[1]: Started Show Plymouth Boot Screen.
[    2.403348] systemd[1]: Condition check resulted in Dispatch Password Requests to Console Directory Watch being skipped.
[    2.403448] systemd[1]: Started Forward Password Requests to Plymouth Directory Watch.
[    2.403486] systemd[1]: Reached target Local Encrypted Volumes.
[    2.423088] systemd[1]: Mounted Mount unit for gtk-common-themes, revision 1535.
[    2.437334] systemd[1]: Mounted Mount unit for snap-store, revision 433.
[    2.437551] systemd[1]: Mounted Mount unit for snapd, revision 7264.
[    2.437738] systemd[1]: Reached target Local File Systems.
[    2.438668] systemd[1]: Starting Load AppArmor profiles...
[    2.444138] systemd[1]: Starting Set console font and keymap...
[    2.454260] systemd[1]: Starting Tell Plymouth To Write Out Runtime Data...
[    2.456482] systemd[1]: Condition check resulted in Store a System Token in an EFI Variable being skipped.
[    2.456543] systemd[1]: Condition check resulted in Commit a transient machine-id on disk being skipped.
[    2.461789] systemd[1]: Finished Set console font and keymap.
[    2.467937] systemd[1]: Received SIGRTMIN+20 from PID 278 (plymouthd).
[    2.469190] systemd[1]: plymouth-read-write.service: Succeeded.
[    2.469446] systemd[1]: Finished Tell Plymouth To Write Out Runtime Data.
[    2.505835] audit: type=1400 audit(1768148711.340:2): apparmor="STATUS" operation="profile_load" profile="unconfined" name="nvidia_modprobe" pid=302 comm="apparmor_parser"
[    2.505837] audit: type=1400 audit(1768148711.340:3): apparmor="STATUS" operation="profile_load" profile="unconfined" name="nvidia_modprobe//kmod" pid=302 comm="apparmor_parser"
[    2.512837] audit: type=1400 audit(1768148711.348:4): apparmor="STATUS" operation="profile_load" profile="unconfined" name="/usr/sbin/tcpdump" pid=303 comm="apparmor_parser"
[    2.560662] audit: type=1400 audit(1768148711.392:5): apparmor="STATUS" operation="profile_load" profile="unconfined" name="/usr/bin/evince" pid=305 comm="apparmor_parser"
[    2.560665] audit: type=1400 audit(1768148711.392:6): apparmor="STATUS" operation="profile_load" profile="unconfined" name="/usr/bin/evince//sanitized_helper" pid=305 comm="apparmor_parser"
[    2.560666] audit: type=1400 audit(1768148711.392:7): apparmor="STATUS" operation="profile_load" profile="unconfined" name="/usr/bin/evince-previewer" pid=305 comm="apparmor_parser"
[    2.560668] audit: type=1400 audit(1768148711.392:8): apparmor="STATUS" operation="profile_load" profile="unconfined" name="/usr/bin/evince-previewer//sanitized_helper" pid=305 comm="apparmor_parser"
[    2.560669] audit: type=1400 audit(1768148711.392:9): apparmor="STATUS" operation="profile_load" profile="unconfined" name="/usr/bin/evince-thumbnailer" pid=305 comm="apparmor_parser"
[    2.572993] audit: type=1400 audit(1768148711.408:10): apparmor="STATUS" operation="profile_load" profile="unconfined" name="/usr/lib/cups/backend/cups-pdf" pid=306 comm="apparmor_parser"
[    2.653404] systemd[1]: Finished Load AppArmor profiles.
[    2.654532] systemd[1]: Starting Load AppArmor profiles managed internally by snapd...
[    2.724568] systemd[1]: Finished Load AppArmor profiles managed internally by snapd.
[    2.953164] systemd[1]: Started Journal Service.
[    2.965060] systemd-journald[229]: Received client request to flush runtime journal.
[    2.968831] systemd-journald[229]: File /var/log/journal/c455b248004a419c87ce85eea238d727/system.journal corrupted or uncleanly shut down, renaming and replacing.
[    4.295086] RAPL PMU: API unit is 2^-32 Joules, 0 fixed counters, 10737418240 ms ovfl timer
[    4.365812] cryptd: max_cpu_qlen set to 1000
[    4.421840] AVX2 version of gcm_enc/dec engaged.
[    4.421841] AES CTR mode by8 optimization enabled
[    5.288097] Adding 1998844k swap on /dev/sda1.  Priority:-2 extents:1 across:1998844k FS
[    6.194877] kauditd_printk_skb: 30 callbacks suppressed
[    6.194879] audit: type=1400 audit(1768148715.024:41): apparmor="DENIED" operation="capable" profile="/usr/sbin/cups-browsed" pid=498 comm="cups-browsed" capability=23  capname="sys_nice"
[    7.450804] pcnet32 0000:00:03.0 enp0s3: link up, 100Mbps, full-duplex
[    7.467217] pcnet32 0000:00:08.0 enp0s8: link up, 100Mbps, full-duplex
[    7.497310] e1000: enp0s9 NIC Link is Up 1000 Mbps Full Duplex, Flow Control: RX
[    7.497609] IPv6: ADDRCONF(NETDEV_CHANGE): enp0s9: link becomes ready
[    7.972602] device enp0s8 entered promiscuous mode
[    7.980967] device enp0s3 entered promiscuous mode
[    8.017990] audit: type=1400 audit(1768148716.852:42): apparmor="DENIED" operation="open" profile="/usr/sbin/tcpdump" name="/proc/sys/kernel/random/boot_id" pid=632 comm="tcpdump" requested_mask="r" denied_mask="r" fsuid=0 ouid=0
[    8.018197] audit: type=1400 audit(1768148716.852:43): apparmor="DENIED" operation="open" profile="/usr/sbin/tcpdump" name="/proc/sys/kernel/random/boot_id" pid=631 comm="tcpdump" requested_mask="r" denied_mask="r" fsuid=0 ouid=0
[    8.018823] audit: type=1400 audit(1768148716.852:44): apparmor="DENIED" operation="open" profile="/usr/sbin/tcpdump" name="/proc/sys/kernel/random/boot_id" pid=632 comm="tcpdump" requested_mask="r" denied_mask="r" fsuid=0 ouid=0
[    8.018873] audit: type=1400 audit(1768148716.852:45): apparmor="DENIED" operation="open" profile="/usr/sbin/tcpdump" name="/proc/sys/kernel/random/boot_id" pid=632 comm="tcpdump" requested_mask="r" denied_mask="r" fsuid=0 ouid=0
[    8.019054] audit: type=1400 audit(1768148716.852:46): apparmor="DENIED" operation="open" profile="/usr/sbin/tcpdump" name="/proc/sys/kernel/random/boot_id" pid=631 comm="tcpdump" requested_mask="r" denied_mask="r" fsuid=0 ouid=0
[    8.019096] audit: type=1400 audit(1768148716.852:47): apparmor="DENIED" operation="open" profile="/usr/sbin/tcpdump" name="/proc/sys/kernel/random/boot_id" pid=631 comm="tcpdump" requested_mask="r" denied_mask="r" fsuid=0 ouid=0
[    8.019165] audit: type=1400 audit(1768148716.852:48): apparmor="DENIED" operation="open" profile="/usr/sbin/tcpdump" name="/proc/sys/kernel/random/boot_id" pid=632 comm="tcpdump" requested_mask="r" denied_mask="r" fsuid=0 ouid=0
[    8.019312] audit: type=1400 audit(1768148716.852:49): apparmor="DENIED" operation="open" profile="/usr/sbin/tcpdump" name="/proc/sys/kernel/random/boot_id" pid=631 comm="tcpdump" requested_mask="r" denied_mask="r" fsuid=0 ouid=0
[    8.028819] audit: type=1400 audit(1768148716.864:50): apparmor="DENIED" operation="open" profile="/usr/sbin/tcpdump" name="/proc/sys/kernel/random/boot_id" pid=633 comm="tcpdump" requested_mask="r" denied_mask="r" fsuid=0 ouid=0
[   12.731985] rfkill: input handler disabled
[  272.796179] AAAAA-TCP_FORW: name:enp0s3: saddr:16783984: daddr:100932208
[  273.140964] AAAAA-TCP_FORW: name:enp0s8: saddr:100932208: daddr:16783984
[  273.141762] AAAAA-TCP_FORW: name:enp0s3: saddr:16783984: daddr:100932208
[  273.190914] AAAAA-TCP_FORW: name:enp0s8: saddr:100932208: daddr:16783984
[  273.191754] AAAAA-TCP_FORW: name:enp0s3: saddr:16783984: daddr:100932208
[  273.191846] AAAAA-TCP_FORW: name:enp0s3: saddr:16783984: daddr:100932208
[  273.500444] AAAAA-TCP_FORW: name:enp0s8: saddr:100932208: daddr:33561200
[  273.501298] AAAAA-TCP_FORW: name:enp0s3: saddr:33561200: daddr:100932208
[  273.525466] AAAAA-TCP_FORW: name:enp0s8: saddr:100932208: daddr:16783984
[  273.539740] AAAAA-TCP_FORW: name:enp0s8: saddr:100932208: daddr:16783984
[  273.540563] AAAAA-TCP_FORW: name:enp0s3: saddr:16783984: daddr:100932208
[  273.844942] AAAAA-TCP_FORW: name:enp0s8: saddr:100932208: daddr:33561200
[  273.845733] AAAAA-TCP_FORW: name:enp0s3: saddr:33561200: daddr:100932208
[  273.963235] AAAAA-TCP_FORW: name:enp0s8: saddr:100932208: daddr:16783984
[  273.963996] AAAAA-TCP_FORW: name:enp0s3: saddr:16783984: daddr:100932208
[  273.964315] AAAAA-TCP_FORW: name:enp0s3: saddr:33561200: daddr:100932208
[  274.453194] AAAAA-TCP_FORW: name:enp0s8: saddr:100932208: daddr:33561200
[  274.468053] AAAAA-TCP_FORW: name:enp0s8: saddr:100932208: daddr:16783984
[  274.468921] AAAAA-TCP_FORW: name:enp0s3: saddr:16783984: daddr:100932208
[  274.572026] AAAAA-TCP_FORW: name:enp0s8: saddr:100932208: daddr:16783984
[  274.572870] AAAAA-TCP_FORW: name:enp0s3: saddr:16783984: daddr:100932208
[  274.610711] AAAAA-TCP_FORW: name:enp0s8: saddr:100932208: daddr:16783984
[  274.618797] AAAAA-TCP_FORW: name:enp0s3: saddr:16783984: daddr:100932208
[  274.619718] AAAAA-TCP_FORW: name:enp0s3: saddr:16783984: daddr:100932208
[  274.817582] AAAAA-TCP_FORW: name:enp0s8: saddr:100932208: daddr:33561200
[  274.818393] AAAAA-TCP_FORW: name:enp0s3: saddr:33561200: daddr:100932208
[  274.846294] AAAAA-TCP_FORW: name:enp0s8: saddr:100932208: daddr:16783984
[  274.846990] AAAAA-TCP_FORW: name:enp0s3: saddr:16783984: daddr:100932208
[  275.055982] AAAAA-TCP_FORW: name:enp0s8: saddr:100932208: daddr:33561200
[  275.056945] AAAAA-TCP_FORW: name:enp0s3: saddr:33561200: daddr:100932208
[  275.194106] AAAAA-TCP_FORW: name:enp0s8: saddr:100932208: daddr:16783984
[  275.243255] AAAAA-TCP_FORW: name:enp0s8: saddr:100932208: daddr:16783984
[  275.244346] AAAAA-TCP_FORW: name:enp0s3: saddr:16783984: daddr:100932208
[  275.326226] AAAAA-TCP_FORW: name:enp0s8: saddr:100932208: daddr:16783984
[  275.327310] AAAAA-TCP_FORW: name:enp0s3: saddr:16783984: daddr:100932208
[  275.446034] AAAAA-TCP_FORW: name:enp0s8: saddr:100932208: daddr:16783984
[  275.447605] AAAAA-TCP_FORW: name:enp0s3: saddr:16783984: daddr:100932208
[  275.558487] AAAAA-TCP_FORW: name:enp0s8: saddr:100932208: daddr:16783984
[  275.559587] AAAAA-TCP_FORW: name:enp0s3: saddr:16783984: daddr:100932208
[  275.605634] AAAAA-TCP_FORW: name:enp0s8: saddr:100932208: daddr:16783984
[  275.606558] AAAAA-TCP_FORW: name:enp0s3: saddr:16783984: daddr:100932208
[  275.709963] AAAAA-TCP_FORW: name:enp0s8: saddr:100932208: daddr:16783984
[  275.711043] AAAAA-TCP_FORW: name:enp0s3: saddr:16783984: daddr:100932208
[  275.814800] AAAAA-TCP_FORW: name:enp0s8: saddr:100932208: daddr:16783984
[  275.815960] AAAAA-TCP_FORW: name:enp0s3: saddr:16783984: daddr:100932208
[  275.964026] AAAAA-TCP_FORW: name:enp0s8: saddr:100932208: daddr:16783984
[  275.965211] AAAAA-TCP_FORW: name:enp0s3: saddr:16783984: daddr:100932208
[  276.082031] AAAAA-TCP_FORW: name:enp0s8: saddr:100932208: daddr:16783984
[  276.083150] AAAAA-TCP_FORW: name:enp0s3: saddr:16783984: daddr:100932208
[  276.213834] AAAAA-TCP_FORW: name:enp0s8: saddr:100932208: daddr:16783984
[  276.214933] AAAAA-TCP_FORW: name:enp0s3: saddr:16783984: daddr:100932208
[  276.316509] AAAAA-TCP_FORW: name:enp0s8: saddr:100932208: daddr:33561200
[  276.317583] AAAAA-TCP_FORW: name:enp0s3: saddr:33561200: daddr:100932208
[  276.529121] AAAAA-TCP_FORW: name:enp0s8: saddr:100932208: daddr:33561200
[  276.530084] AAAAA-TCP_FORW: name:enp0s3: saddr:33561200: daddr:100932208
[  276.914766] AAAAA-TCP_FORW: name:enp0s8: saddr:100932208: daddr:33561200
[  276.915756] AAAAA-TCP_FORW: name:enp0s3: saddr:33561200: daddr:100932208
[  277.142693] AAAAA-TCP_FORW: name:enp0s8: saddr:100932208: daddr:33561200
[  277.143799] AAAAA-TCP_FORW: name:enp0s3: saddr:33561200: daddr:100932208
[  277.221591] AAAAA-TCP_FORW: name:enp0s8: saddr:100932208: daddr:33561200
[  277.222585] AAAAA-TCP_FORW: name:enp0s3: saddr:33561200: daddr:100932208
[  277.331229] AAAAA-TCP_FORW: name:enp0s8: saddr:100932208: daddr:16783984
[  277.332177] AAAAA-TCP_FORW: name:enp0s3: saddr:16783984: daddr:100932208
[  277.419709] AAAAA-TCP_FORW: name:enp0s8: saddr:100932208: daddr:16783984
[  277.420930] AAAAA-TCP_FORW: name:enp0s3: saddr:16783984: daddr:100932208
[  277.517763] AAAAA-TCP_FORW: name:enp0s8: saddr:100932208: daddr:33561200
[  277.518784] AAAAA-TCP_FORW: name:enp0s3: saddr:33561200: daddr:100932208
[  277.568659] AAAAA-TCP_FORW: name:enp0s8: saddr:100932208: daddr:16783984
[  277.569857] AAAAA-TCP_FORW: name:enp0s3: saddr:16783984: daddr:100932208
[  277.672782] AAAAA-TCP_FORW: name:enp0s8: saddr:100932208: daddr:16783984
[  277.674003] AAAAA-TCP_FORW: name:enp0s3: saddr:16783984: daddr:100932208
[  277.689218] AAAAA-TCP_FORW: name:enp0s8: saddr:100932208: daddr:33561200
[  277.690139] AAAAA-TCP_FORW: name:enp0s3: saddr:33561200: daddr:100932208
[  277.747756] AAAAA-TCP_FORW: name:enp0s8: saddr:100932208: daddr:16783984
[  277.748523] AAAAA-TCP_FORW: name:enp0s3: saddr:16783984: daddr:100932208
[  277.789213] AAAAA-TCP_FORW: name:enp0s8: saddr:100932208: daddr:33561200
[  277.790293] AAAAA-TCP_FORW: name:enp0s3: saddr:33561200: daddr:100932208
[  277.817837] AAAAA-TCP_FORW: name:enp0s8: saddr:100932208: daddr:33561200
[  277.818901] AAAAA-TCP_FORW: name:enp0s3: saddr:33561200: daddr:100932208
[  277.839508] AAAAA-TCP_FORW: name:enp0s8: saddr:100932208: daddr:33561200
[  277.840467] AAAAA-TCP_FORW: name:enp0s3: saddr:33561200: daddr:100932208
[  277.905611] AAAAA-TCP_FORW: name:enp0s8: saddr:100932208: daddr:16783984
[  277.906827] AAAAA-TCP_FORW: name:enp0s3: saddr:16783984: daddr:100932208
[  278.008455] AAAAA-TCP_FORW: name:enp0s8: saddr:100932208: daddr:33561200
[  278.009617] AAAAA-TCP_FORW: name:enp0s3: saddr:33561200: daddr:100932208
[  278.024566] AAAAA-TCP_FORW: name:enp0s8: saddr:100932208: daddr:16783984
[  278.025784] AAAAA-TCP_FORW: name:enp0s3: saddr:16783984: daddr:100932208
[  278.164354] AAAAA-TCP_FORW: name:enp0s8: saddr:100932208: daddr:16783984
[  278.165606] AAAAA-TCP_FORW: name:enp0s3: saddr:16783984: daddr:100932208
[  278.273218] AAAAA-TCP_FORW: name:enp0s8: saddr:100932208: daddr:16783984
[  278.274480] AAAAA-TCP_FORW: name:enp0s3: saddr:16783984: daddr:100932208
[  278.365940] AAAAA-TCP_FORW: name:enp0s8: saddr:100932208: daddr:16783984
[  278.367135] AAAAA-TCP_FORW: name:enp0s3: saddr:16783984: daddr:100932208
[  278.466747] AAAAA-TCP_FORW: name:enp0s8: saddr:100932208: daddr:16783984
[  278.468001] AAAAA-TCP_FORW: name:enp0s3: saddr:16783984: daddr:100932208
[  278.539513] AAAAA-TCP_FORW: name:enp0s8: saddr:100932208: daddr:16783984
[  278.540267] AAAAA-TCP_FORW: name:enp0s3: saddr:16783984: daddr:100932208
[  278.657430] AAAAA-TCP_FORW: name:enp0s8: saddr:100932208: daddr:16783984
[  278.658629] AAAAA-TCP_FORW: name:enp0s3: saddr:16783984: daddr:100932208
[  278.810484] AAAAA-TCP_FORW: name:enp0s8: saddr:100932208: daddr:33561200
[  278.811264] AAAAA-TCP_FORW: name:enp0s3: saddr:33561200: daddr:100932208
[  278.900974] AAAAA-TCP_FORW: name:enp0s8: saddr:100932208: daddr:16783984
[  278.901695] AAAAA-TCP_FORW: name:enp0s3: saddr:16783984: daddr:100932208
[  278.985435] AAAAA-TCP_FORW: name:enp0s8: saddr:100932208: daddr:16783984
[  278.986605] AAAAA-TCP_FORW: name:enp0s3: saddr:16783984: daddr:100932208
[  279.181050] AAAAA-TCP_FORW: name:enp0s8: saddr:100932208: daddr:16783984
[  279.182279] AAAAA-TCP_FORW: name:enp0s3: saddr:16783984: daddr:100932208
[  279.242952] AAAAA-TCP_FORW: name:enp0s8: saddr:100932208: daddr:16783984
[  279.244135] AAAAA-TCP_FORW: name:enp0s3: saddr:16783984: daddr:100932208
[  279.329037] AAAAA-TCP_FORW: name:enp0s8: saddr:100932208: daddr:16783984
[  279.373714] AAAAA-TCP_FORW: name:enp0s3: saddr:16783984: daddr:100932208
[  279.406914] AAAAA-TCP_FORW: name:enp0s8: saddr:100932208: daddr:16783984
[  279.505166] AAAAA-TCP_FORW: name:enp0s8: saddr:100932208: daddr:16783984
[  279.506393] AAAAA-TCP_FORW: name:enp0s3: saddr:16783984: daddr:100932208
[  279.592720] AAAAA-TCP_FORW: name:enp0s8: saddr:100932208: daddr:16783984
[  279.668229] AAAAA-TCP_FORW: name:enp0s8: saddr:100932208: daddr:33561200
[  279.669760] AAAAA-TCP_FORW: name:enp0s3: saddr:33561200: daddr:100932208
[  279.705391] AAAAA-TCP_FORW: name:enp0s3: saddr:16783984: daddr:100932208
[  279.752922] AAAAA-TCP_FORW: name:enp0s8: saddr:100932208: daddr:33561200
[  279.753720] AAAAA-TCP_FORW: name:enp0s3: saddr:33561200: daddr:100932208
[  279.850391] AAAAA-TCP_FORW: name:enp0s8: saddr:100932208: daddr:33561200
[  279.851585] AAAAA-TCP_FORW: name:enp0s3: saddr:33561200: daddr:100932208
[  279.928158] AAAAA-TCP_FORW: name:enp0s8: saddr:100932208: daddr:33561200
[  279.929325] AAAAA-TCP_FORW: name:enp0s3: saddr:33561200: daddr:100932208
[  280.139711] AAAAA-TCP_FORW: name:enp0s8: saddr:100932208: daddr:33561200
[  280.140951] AAAAA-TCP_FORW: name:enp0s3: saddr:33561200: daddr:100932208
[  280.488871] AAAAA-TCP_FORW: name:enp0s8: saddr:100932208: daddr:33561200
[  280.489986] AAAAA-TCP_FORW: name:enp0s3: saddr:33561200: daddr:100932208
[  280.607050] AAAAA-TCP_FORW: name:enp0s8: saddr:100932208: daddr:33561200
[  280.608159] AAAAA-TCP_FORW: name:enp0s3: saddr:33561200: daddr:100932208
[  280.665634] AAAAA-TCP_FORW: name:enp0s8: saddr:100932208: daddr:33561200
[  280.666790] AAAAA-TCP_FORW: name:enp0s3: saddr:33561200: daddr:100932208
[  280.752719] AAAAA-TCP_FORW: name:enp0s8: saddr:100932208: daddr:33561200
[  280.753813] AAAAA-TCP_FORW: name:enp0s3: saddr:33561200: daddr:100932208
[  280.843146] AAAAA-TCP_FORW: name:enp0s8: saddr:100932208: daddr:16783984
[  280.844392] AAAAA-TCP_FORW: name:enp0s3: saddr:16783984: daddr:100932208
[  280.996250] AAAAA-TCP_FORW: name:enp0s8: saddr:100932208: daddr:16783984
[  280.997690] AAAAA-TCP_FORW: name:enp0s3: saddr:16783984: daddr:100932208
[  281.073740] AAAAA-TCP_FORW: name:enp0s8: saddr:100932208: daddr:33561200
[  281.075136] AAAAA-TCP_FORW: name:enp0s3: saddr:33561200: daddr:100932208
[  281.141634] AAAAA-TCP_FORW: name:enp0s8: saddr:100932208: daddr:33561200
[  281.142732] AAAAA-TCP_FORW: name:enp0s3: saddr:33561200: daddr:100932208
[  281.186686] AAAAA-TCP_FORW: name:enp0s8: saddr:100932208: daddr:33561200
[  281.187870] AAAAA-TCP_FORW: name:enp0s3: saddr:33561200: daddr:100932208
[  281.255524] AAAAA-TCP_FORW: name:enp0s8: saddr:100932208: daddr:16783984
[  281.256271] AAAAA-TCP_FORW: name:enp0s3: saddr:16783984: daddr:100932208
[  281.315980] AAAAA-TCP_FORW: name:enp0s8: saddr:100932208: daddr:16783984
[  281.317106] AAAAA-TCP_FORW: name:enp0s3: saddr:16783984: daddr:100932208
[  281.374799] AAAAA-TCP_FORW: name:enp0s8: saddr:100932208: daddr:16783984
[  281.375923] AAAAA-TCP_FORW: name:enp0s3: saddr:16783984: daddr:100932208
[  281.465283] AAAAA-TCP_FORW: name:enp0s8: saddr:100932208: daddr:16783984
[  281.466460] AAAAA-TCP_FORW: name:enp0s3: saddr:16783984: daddr:100932208
[  281.529188] AAAAA-TCP_FORW: name:enp0s8: saddr:100932208: daddr:33561200
[  281.530315] AAAAA-TCP_FORW: name:enp0s3: saddr:33561200: daddr:100932208
[  281.620104] AAAAA-TCP_FORW: name:enp0s8: saddr:100932208: daddr:33561200
[  281.621235] AAAAA-TCP_FORW: name:enp0s3: saddr:33561200: daddr:100932208
[  281.675989] AAAAA-TCP_FORW: name:enp0s8: saddr:100932208: daddr:16783984
[  281.676830] AAAAA-TCP_FORW: name:enp0s3: saddr:16783984: daddr:100932208
[  281.744454] AAAAA-TCP_FORW: name:enp0s8: saddr:100932208: daddr:16783984
[  281.745155] AAAAA-TCP_FORW: name:enp0s3: saddr:16783984: daddr:100932208
[  281.846289] AAAAA-TCP_FORW: name:enp0s8: saddr:100932208: daddr:33561200
[  281.847533] AAAAA-TCP_FORW: name:enp0s3: saddr:33561200: daddr:100932208
[  281.943137] AAAAA-TCP_FORW: name:enp0s8: saddr:100932208: daddr:33561200
[  281.943929] AAAAA-TCP_FORW: name:enp0s3: saddr:33561200: daddr:100932208
[  282.067148] AAAAA-TCP_FORW: name:enp0s8: saddr:100932208: daddr:33561200
[  282.067888] AAAAA-TCP_FORW: name:enp0s3: saddr:33561200: daddr:100932208
[  282.204616] AAAAA-TCP_FORW: name:enp0s8: saddr:100932208: daddr:33561200
[  282.205777] AAAAA-TCP_FORW: name:enp0s3: saddr:33561200: daddr:100932208
[  282.317900] AAAAA-TCP_FORW: name:enp0s8: saddr:100932208: daddr:16783984
[  282.318988] AAAAA-TCP_FORW: name:enp0s3: saddr:16783984: daddr:100932208
[  282.411467] AAAAA-TCP_FORW: name:enp0s8: saddr:100932208: daddr:33561200
[  282.412561] AAAAA-TCP_FORW: name:enp0s3: saddr:33561200: daddr:100932208
[  282.508536] AAAAA-TCP_FORW: name:enp0s8: saddr:100932208: daddr:33561200
[  282.509783] AAAAA-TCP_FORW: name:enp0s3: saddr:33561200: daddr:100932208
[  282.643036] AAAAA-TCP_FORW: name:enp0s8: saddr:100932208: daddr:16783984
[  282.644199] AAAAA-TCP_FORW: name:enp0s3: saddr:16783984: daddr:100932208
[  282.785684] AAAAA-TCP_FORW: name:enp0s8: saddr:100932208: daddr:16783984
[  282.786875] AAAAA-TCP_FORW: name:enp0s3: saddr:16783984: daddr:100932208
[  282.898818] AAAAA-TCP_FORW: name:enp0s8: saddr:100932208: daddr:16783984
[  282.899561] AAAAA-TCP_FORW: name:enp0s3: saddr:16783984: daddr:100932208
[  283.000204] AAAAA-TCP_FORW: name:enp0s8: saddr:100932208: daddr:16783984
[  283.001384] AAAAA-TCP_FORW: name:enp0s3: saddr:16783984: daddr:100932208
[  283.071258] AAAAA-TCP_FORW: name:enp0s8: saddr:100932208: daddr:16783984
[  283.072414] AAAAA-TCP_FORW: name:enp0s3: saddr:16783984: daddr:100932208
[  283.157577] AAAAA-TCP_FORW: name:enp0s8: saddr:100932208: daddr:16783984
[  283.158740] AAAAA-TCP_FORW: name:enp0s3: saddr:16783984: daddr:100932208
[  283.225378] AAAAA-TCP_FORW: name:enp0s8: saddr:100932208: daddr:16783984
[  283.226529] AAAAA-TCP_FORW: name:enp0s3: saddr:16783984: daddr:100932208
[  298.372232] AAAAA-TCP_FORW: name:enp0s8: saddr:100932208: daddr:16783984
[  298.373358] AAAAA-TCP_FORW: name:enp0s3: saddr:16783984: daddr:100932208
[  298.574553] AAAAA-TCP_FORW: name:enp0s8: saddr:100932208: daddr:16783984
[  298.575524] AAAAA-TCP_FORW: name:enp0s3: saddr:16783984: daddr:100932208
[  298.791731] AAAAA-TCP_FORW: name:enp0s8: saddr:100932208: daddr:16783984
[  298.792829] AAAAA-TCP_FORW: name:enp0s3: saddr:16783984: daddr:100932208
[  298.889240] AAAAA-TCP_FORW: name:enp0s8: saddr:100932208: daddr:16783984
[  298.890150] AAAAA-TCP_FORW: name:enp0s3: saddr:16783984: daddr:100932208
[  299.234766] AAAAA-TCP_FORW: name:enp0s8: saddr:100932208: daddr:16783984
[  299.235608] AAAAA-TCP_FORW: name:enp0s3: saddr:16783984: daddr:100932208
[  299.460704] AAAAA-TCP_FORW: name:enp0s8: saddr:100932208: daddr:16783984
[  299.461831] AAAAA-TCP_FORW: name:enp0s3: saddr:16783984: daddr:100932208
[  299.590800] AAAAA-TCP_FORW: name:enp0s8: saddr:100932208: daddr:16783984
[  299.591926] AAAAA-TCP_FORW: name:enp0s3: saddr:16783984: daddr:100932208
[  299.654944] AAAAA-TCP_FORW: name:enp0s8: saddr:100932208: daddr:16783984
[  299.655669] AAAAA-TCP_FORW: name:enp0s3: saddr:16783984: daddr:100932208
[  299.704988] AAAAA-TCP_FORW: name:enp0s8: saddr:100932208: daddr:16783984
[  299.706073] AAAAA-TCP_FORW: name:enp0s3: saddr:16783984: daddr:100932208
[  299.860277] AAAAA-TCP_FORW: name:enp0s8: saddr:100932208: daddr:16783984
[  299.861428] AAAAA-TCP_FORW: name:enp0s3: saddr:16783984: daddr:100932208
[  299.962651] AAAAA-TCP_FORW: name:enp0s8: saddr:100932208: daddr:16783984
[  299.963385] AAAAA-TCP_FORW: name:enp0s3: saddr:16783984: daddr:100932208
[  300.057320] AAAAA-TCP_FORW: name:enp0s8: saddr:100932208: daddr:16783984
[  300.058458] AAAAA-TCP_FORW: name:enp0s3: saddr:16783984: daddr:100932208
[  300.121988] AAAAA-TCP_FORW: name:enp0s8: saddr:100932208: daddr:16783984
[  300.122743] AAAAA-TCP_FORW: name:enp0s3: saddr:16783984: daddr:100932208
[  300.288137] AAAAA-TCP_FORW: name:enp0s8: saddr:100932208: daddr:16783984
[  300.289297] AAAAA-TCP_FORW: name:enp0s3: saddr:16783984: daddr:100932208
[  300.373585] AAAAA-TCP_FORW: name:enp0s8: saddr:100932208: daddr:16783984
[  300.374307] AAAAA-TCP_FORW: name:enp0s3: saddr:16783984: daddr:100932208
[  300.458445] AAAAA-TCP_FORW: name:enp0s8: saddr:100932208: daddr:16783984
[  300.459184] AAAAA-TCP_FORW: name:enp0s3: saddr:16783984: daddr:100932208
[  300.501185] AAAAA-TCP_FORW: name:enp0s8: saddr:100932208: daddr:16783984
[  300.501821] AAAAA-TCP_FORW: name:enp0s3: saddr:16783984: daddr:100932208
[  300.606085] AAAAA-TCP_FORW: name:enp0s8: saddr:100932208: daddr:16783984
[  300.607250] AAAAA-TCP_FORW: name:enp0s3: saddr:16783984: daddr:100932208
[  300.689330] AAAAA-TCP_FORW: name:enp0s8: saddr:100932208: daddr:16783984
[  300.689984] AAAAA-TCP_FORW: name:enp0s3: saddr:16783984: daddr:100932208
[  300.978376] AAAAA-TCP_FORW: name:enp0s8: saddr:100932208: daddr:16783984
[  300.979533] AAAAA-TCP_FORW: name:enp0s3: saddr:16783984: daddr:100932208
[  301.039606] AAAAA-TCP_FORW: name:enp0s8: saddr:100932208: daddr:16783984
[  301.083138] AAAAA-TCP_FORW: name:enp0s3: saddr:16783984: daddr:100932208
[  301.150035] AAAAA-TCP_FORW: name:enp0s8: saddr:100932208: daddr:33561200
[  301.151163] AAAAA-TCP_FORW: name:enp0s3: saddr:33561200: daddr:100932208
[  301.212549] AAAAA-TCP_FORW: name:enp0s8: saddr:100932208: daddr:33561200
[  301.213301] AAAAA-TCP_FORW: name:enp0s3: saddr:33561200: daddr:100932208
[  301.246743] AAAAA-TCP_FORW: name:enp0s8: saddr:100932208: daddr:33561200
[  301.247462] AAAAA-TCP_FORW: name:enp0s3: saddr:33561200: daddr:100932208
[  301.334512] AAAAA-TCP_FORW: name:enp0s8: saddr:100932208: daddr:33561200
[  301.335230] AAAAA-TCP_FORW: name:enp0s3: saddr:33561200: daddr:100932208
[  301.479521] AAAAA-TCP_FORW: name:enp0s8: saddr:100932208: daddr:33561200
[  301.480200] AAAAA-TCP_FORW: name:enp0s3: saddr:33561200: daddr:100932208
[  301.576764] AAAAA-TCP_FORW: name:enp0s8: saddr:100932208: daddr:33561200
[  301.577486] AAAAA-TCP_FORW: name:enp0s3: saddr:33561200: daddr:100932208
[  301.779199] AAAAA-TCP_FORW: name:enp0s8: saddr:100932208: daddr:33561200
[  301.779947] AAAAA-TCP_FORW: name:enp0s3: saddr:33561200: daddr:100932208
[  301.920116] AAAAA-TCP_FORW: name:enp0s8: saddr:100932208: daddr:33561200
[  301.921377] AAAAA-TCP_FORW: name:enp0s3: saddr:33561200: daddr:100932208
[  301.995599] AAAAA-TCP_FORW: name:enp0s8: saddr:100932208: daddr:33561200
[  301.996306] AAAAA-TCP_FORW: name:enp0s3: saddr:33561200: daddr:100932208
[  302.191746] AAAAA-TCP_FORW: name:enp0s8: saddr:100932208: daddr:33561200
[  302.192480] AAAAA-TCP_FORW: name:enp0s3: saddr:33561200: daddr:100932208
[  302.306911] AAAAA-TCP_FORW: name:enp0s8: saddr:100932208: daddr:33561200
[  302.307673] AAAAA-TCP_FORW: name:enp0s3: saddr:33561200: daddr:100932208
[  302.427805] AAAAA-TCP_FORW: name:enp0s8: saddr:100932208: daddr:33561200
[  302.428525] AAAAA-TCP_FORW: name:enp0s3: saddr:33561200: daddr:100932208
[  302.580363] AAAAA-TCP_FORW: name:enp0s8: saddr:100932208: daddr:33561200
[  302.581094] AAAAA-TCP_FORW: name:enp0s3: saddr:33561200: daddr:100932208
[  303.154575] AAAAA-TCP_FORW: name:enp0s8: saddr:100932208: daddr:16783984
[  303.155685] AAAAA-TCP_FORW: name:enp0s3: saddr:16783984: daddr:100932208
[  303.294853] AAAAA-TCP_FORW: name:enp0s8: saddr:100932208: daddr:16783984
[  303.295636] AAAAA-TCP_FORW: name:enp0s3: saddr:16783984: daddr:100932208
[  303.471821] AAAAA-TCP_FORW: name:enp0s8: saddr:100932208: daddr:16783984
[  303.472945] AAAAA-TCP_FORW: name:enp0s3: saddr:16783984: daddr:100932208
[  303.723873] AAAAA-TCP_FORW: name:enp0s8: saddr:100932208: daddr:16783984
[  303.724626] AAAAA-TCP_FORW: name:enp0s3: saddr:16783984: daddr:100932208
[  303.847510] AAAAA-TCP_FORW: name:enp0s8: saddr:100932208: daddr:16783984
[  303.848604] AAAAA-TCP_FORW: name:enp0s3: saddr:16783984: daddr:100932208
[  304.192801] AAAAA-TCP_FORW: name:enp0s8: saddr:100932208: daddr:16783984
[  304.193969] AAAAA-TCP_FORW: name:enp0s3: saddr:16783984: daddr:100932208
[  304.329672] AAAAA-TCP_FORW: name:enp0s8: saddr:100932208: daddr:16783984
[  304.330736] AAAAA-TCP_FORW: name:enp0s3: saddr:16783984: daddr:100932208
[  304.544781] AAAAA-TCP_FORW: name:enp0s8: saddr:100932208: daddr:16783984
[  304.546202] AAAAA-TCP_FORW: name:enp0s3: saddr:16783984: daddr:100932208
[  305.235102] AAAAA-TCP_FORW: name:enp0s8: saddr:100932208: daddr:16783984
[  305.236329] AAAAA-TCP_FORW: name:enp0s3: saddr:16783984: daddr:100932208
[  305.955371] AAAAA-TCP_FORW: name:enp0s8: saddr:100932208: daddr:16783984
[  305.956499] AAAAA-TCP_FORW: name:enp0s3: saddr:16783984: daddr:100932208
[  306.027271] AAAAA-TCP_FORW: name:enp0s8: saddr:100932208: daddr:16783984
[  306.028014] AAAAA-TCP_FORW: name:enp0s3: saddr:16783984: daddr:100932208
[  306.523186] AAAAA-TCP_FORW: name:enp0s8: saddr:100932208: daddr:16783984
[  306.524332] AAAAA-TCP_FORW: name:enp0s3: saddr:16783984: daddr:100932208
[  306.998526] AAAAA-TCP_FORW: name:enp0s8: saddr:100932208: daddr:33561200
[  306.999780] AAAAA-TCP_FORW: name:enp0s3: saddr:33561200: daddr:100932208
[  307.240580] AAAAA-TCP_FORW: name:enp0s8: saddr:100932208: daddr:33561200
[  307.241710] AAAAA-TCP_FORW: name:enp0s3: saddr:33561200: daddr:100932208
[  307.305244] AAAAA-TCP_FORW: name:enp0s8: saddr:100932208: daddr:33561200
[  307.305947] AAAAA-TCP_FORW: name:enp0s3: saddr:33561200: daddr:100932208
[  307.578669] AAAAA-TCP_FORW: name:enp0s8: saddr:100932208: daddr:33561200
[  307.579750] AAAAA-TCP_FORW: name:enp0s3: saddr:33561200: daddr:100932208
[  307.759476] AAAAA-TCP_FORW: name:enp0s8: saddr:100932208: daddr:33561200
[  307.760160] AAAAA-TCP_FORW: name:enp0s3: saddr:33561200: daddr:100932208
[  307.896309] AAAAA-TCP_FORW: name:enp0s8: saddr:100932208: daddr:33561200
[  307.897374] AAAAA-TCP_FORW: name:enp0s3: saddr:33561200: daddr:100932208
[  308.142686] AAAAA-TCP_FORW: name:enp0s8: saddr:100932208: daddr:33561200
[  308.144801] AAAAA-TCP_FORW: name:enp0s3: saddr:33561200: daddr:100932208
[  308.223657] AAAAA-TCP_FORW: name:enp0s8: saddr:100932208: daddr:33561200
[  308.225372] AAAAA-TCP_FORW: name:enp0s3: saddr:33561200: daddr:100932208
[  308.285202] AAAAA-TCP_FORW: name:enp0s8: saddr:100932208: daddr:33561200
[  308.287409] AAAAA-TCP_FORW: name:enp0s3: saddr:33561200: daddr:100932208
[  308.371629] AAAAA-TCP_FORW: name:enp0s8: saddr:100932208: daddr:33561200
[  308.374499] AAAAA-TCP_FORW: name:enp0s3: saddr:33561200: daddr:100932208
[  308.505231] AAAAA-TCP_FORW: name:enp0s8: saddr:100932208: daddr:16783984
[  308.506425] AAAAA-TCP_FORW: name:enp0s3: saddr:16783984: daddr:100932208
[  308.605741] AAAAA-TCP_FORW: name:enp0s8: saddr:100932208: daddr:33561200
[  308.608045] AAAAA-TCP_FORW: name:enp0s3: saddr:33561200: daddr:100932208
[  308.819921] AAAAA-TCP_FORW: name:enp0s8: saddr:100932208: daddr:33561200
[  308.822447] AAAAA-TCP_FORW: name:enp0s3: saddr:33561200: daddr:100932208
[  308.915555] AAAAA-TCP_FORW: name:enp0s8: saddr:100932208: daddr:33561200
[  308.917762] AAAAA-TCP_FORW: name:enp0s3: saddr:33561200: daddr:100932208
[  308.998789] AAAAA-TCP_FORW: name:enp0s8: saddr:100932208: daddr:33561200
[  309.001241] AAAAA-TCP_FORW: name:enp0s3: saddr:33561200: daddr:100932208
[  309.070725] AAAAA-TCP_FORW: name:enp0s8: saddr:100932208: daddr:33561200
[  309.073134] AAAAA-TCP_FORW: name:enp0s3: saddr:33561200: daddr:100932208
[  309.255062] AAAAA-TCP_FORW: name:enp0s8: saddr:100932208: daddr:16783984
[  309.256275] AAAAA-TCP_FORW: name:enp0s3: saddr:16783984: daddr:100932208
[  309.500922] AAAAA-TCP_FORW: name:enp0s8: saddr:100932208: daddr:16783984
[  309.502121] AAAAA-TCP_FORW: name:enp0s3: saddr:16783984: daddr:100932208
[  309.620363] AAAAA-TCP_FORW: name:enp0s8: saddr:100932208: daddr:16783984
[  309.621547] AAAAA-TCP_FORW: name:enp0s3: saddr:16783984: daddr:100932208
[  309.733786] AAAAA-TCP_FORW: name:enp0s8: saddr:100932208: daddr:33561200
[  309.735875] AAAAA-TCP_FORW: name:enp0s3: saddr:33561200: daddr:100932208
[  309.778099] AAAAA-TCP_FORW: name:enp0s8: saddr:100932208: daddr:16783984
[  309.779280] AAAAA-TCP_FORW: name:enp0s3: saddr:16783984: daddr:100932208
[  309.866703] AAAAA-TCP_FORW: name:enp0s8: saddr:100932208: daddr:16783984
[  309.867884] AAAAA-TCP_FORW: name:enp0s3: saddr:16783984: daddr:100932208
[  310.088809] AAAAA-TCP_FORW: name:enp0s8: saddr:100932208: daddr:33561200
[  310.256306] AAAAA-TCP_FORW: name:enp0s8: saddr:100932208: daddr:33561200
[  312.852946] AAAAA-TCP_FORW: name:enp0s8: saddr:100932208: daddr:33561200
[  312.854101] AAAAA-TCP_FORW: name:enp0s3: saddr:33561200: daddr:100932208
[  313.366641] AAAAA-TCP_FORW: name:enp0s8: saddr:100932208: daddr:33561200
[  313.367951] AAAAA-TCP_FORW: name:enp0s3: saddr:33561200: daddr:100932208
[  313.491441] AAAAA-TCP_FORW: name:enp0s8: saddr:100932208: daddr:33561200
[  313.492236] AAAAA-TCP_FORW: name:enp0s3: saddr:33561200: daddr:100932208
[  313.884809] AAAAA-TCP_FORW: name:enp0s8: saddr:100932208: daddr:33561200
[  313.886171] AAAAA-TCP_FORW: name:enp0s3: saddr:33561200: daddr:100932208
[  314.183779] AAAAA-TCP_FORW: name:enp0s8: saddr:100932208: daddr:33561200
[  314.184976] AAAAA-TCP_FORW: name:enp0s3: saddr:33561200: daddr:100932208
[  314.910000] AAAAA-TCP_FORW: name:enp0s8: saddr:100932208: daddr:33561200
[  314.911198] AAAAA-TCP_FORW: name:enp0s3: saddr:33561200: daddr:100932208
[  315.130617] AAAAA-TCP_FORW: name:enp0s8: saddr:100932208: daddr:33561200
[  315.132272] AAAAA-TCP_FORW: name:enp0s3: saddr:33561200: daddr:100932208
[  315.240051] AAAAA-TCP_FORW: name:enp0s8: saddr:100932208: daddr:33561200
[  315.241269] AAAAA-TCP_FORW: name:enp0s3: saddr:33561200: daddr:100932208
[  315.350018] AAAAA-TCP_FORW: name:enp0s8: saddr:100932208: daddr:16783984
[  315.350736] AAAAA-TCP_FORW: name:enp0s3: saddr:16783984: daddr:100932208
[  315.416755] AAAAA-TCP_FORW: name:enp0s8: saddr:100932208: daddr:33561200
[  315.417486] AAAAA-TCP_FORW: name:enp0s3: saddr:33561200: daddr:100932208
[  315.507717] AAAAA-TCP_FORW: name:enp0s8: saddr:100932208: daddr:33561200
[  315.508801] AAAAA-TCP_FORW: name:enp0s3: saddr:33561200: daddr:100932208
[  315.572232] AAAAA-TCP_FORW: name:enp0s8: saddr:100932208: daddr:16783984
[  315.573314] AAAAA-TCP_FORW: name:enp0s3: saddr:16783984: daddr:100932208
[  315.627278] AAAAA-TCP_FORW: name:enp0s8: saddr:100932208: daddr:16783984
[  315.628414] AAAAA-TCP_FORW: name:enp0s3: saddr:16783984: daddr:100932208
[  315.799449] AAAAA-TCP_FORW: name:enp0s8: saddr:100932208: daddr:16783984
[  315.800765] AAAAA-TCP_FORW: name:enp0s3: saddr:16783984: daddr:100932208
[  316.003651] AAAAA-TCP_FORW: name:enp0s8: saddr:100932208: daddr:33561200
[  316.004814] AAAAA-TCP_FORW: name:enp0s3: saddr:33561200: daddr:100932208
[  316.092252] AAAAA-TCP_FORW: name:enp0s8: saddr:100932208: daddr:16783984
[  316.093310] AAAAA-TCP_FORW: name:enp0s3: saddr:16783984: daddr:100932208
[  318.154334] AAAAA-TCP_FORW: name:enp0s8: saddr:100932208: daddr:33561200
[  318.155481] AAAAA-TCP_FORW: name:enp0s3: saddr:33561200: daddr:100932208
[  318.337054] AAAAA-TCP_FORW: name:enp0s8: saddr:100932208: daddr:33561200
[  318.338218] AAAAA-TCP_FORW: name:enp0s3: saddr:33561200: daddr:100932208
[  318.457405] AAAAA-TCP_FORW: name:enp0s8: saddr:100932208: daddr:33561200
[  318.458831] AAAAA-TCP_FORW: name:enp0s3: saddr:33561200: daddr:100932208
[  329.132693] AAAAA-TCP_FORW: name:enp0s8: saddr:100932208: daddr:33561200
[  329.133860] AAAAA-TCP_FORW: name:enp0s3: saddr:33561200: daddr:100932208
[  329.239915] AAAAA-TCP_FORW: name:enp0s8: saddr:100932208: daddr:33561200
[  329.241166] AAAAA-TCP_FORW: name:enp0s3: saddr:33561200: daddr:100932208
[  329.310235] AAAAA-TCP_FORW: name:enp0s8: saddr:100932208: daddr:33561200
[  329.311484] AAAAA-TCP_FORW: name:enp0s3: saddr:33561200: daddr:100932208
[  329.391131] AAAAA-TCP_FORW: name:enp0s8: saddr:100932208: daddr:33561200
[  329.392362] AAAAA-TCP_FORW: name:enp0s3: saddr:33561200: daddr:100932208
[  329.462365] AAAAA-TCP_FORW: name:enp0s8: saddr:100932208: daddr:33561200
[  329.463625] AAAAA-TCP_FORW: name:enp0s3: saddr:33561200: daddr:100932208
[  329.554085] AAAAA-TCP_FORW: name:enp0s8: saddr:100932208: daddr:33561200
[  329.555323] AAAAA-TCP_FORW: name:enp0s3: saddr:33561200: daddr:100932208
[  329.659088] AAAAA-TCP_FORW: name:enp0s8: saddr:100932208: daddr:33561200
[  329.661005] AAAAA-TCP_FORW: name:enp0s3: saddr:33561200: daddr:100932208
[  329.752911] AAAAA-TCP_FORW: name:enp0s8: saddr:100932208: daddr:33561200
[  329.753667] AAAAA-TCP_FORW: name:enp0s3: saddr:33561200: daddr:100932208
[  329.816259] AAAAA-TCP_FORW: name:enp0s8: saddr:100932208: daddr:33561200
[  329.817194] AAAAA-TCP_FORW: name:enp0s3: saddr:33561200: daddr:100932208
[  329.928114] AAAAA-TCP_FORW: name:enp0s8: saddr:100932208: daddr:33561200
[  329.929094] AAAAA-TCP_FORW: name:enp0s3: saddr:33561200: daddr:100932208
[  330.003289] AAAAA-TCP_FORW: name:enp0s8: saddr:100932208: daddr:33561200
[  330.004405] AAAAA-TCP_FORW: name:enp0s3: saddr:33561200: daddr:100932208
[  330.076193] AAAAA-TCP_FORW: name:enp0s8: saddr:100932208: daddr:33561200
[  330.077406] AAAAA-TCP_FORW: name:enp0s3: saddr:33561200: daddr:100932208
[  330.170103] AAAAA-TCP_FORW: name:enp0s8: saddr:100932208: daddr:33561200
[  330.171388] AAAAA-TCP_FORW: name:enp0s3: saddr:33561200: daddr:100932208
[  330.286036] AAAAA-TCP_FORW: name:enp0s8: saddr:100932208: daddr:33561200
[  330.287471] AAAAA-TCP_FORW: name:enp0s3: saddr:33561200: daddr:100932208
[  330.389497] AAAAA-TCP_FORW: name:enp0s8: saddr:100932208: daddr:33561200
[  330.391116] AAAAA-TCP_FORW: name:enp0s3: saddr:33561200: daddr:100932208
[  330.475452] AAAAA-TCP_FORW: name:enp0s8: saddr:100932208: daddr:33561200
[  330.477133] AAAAA-TCP_FORW: name:enp0s3: saddr:33561200: daddr:100932208
[  330.541030] AAAAA-TCP_FORW: name:enp0s8: saddr:100932208: daddr:33561200
[  330.542072] AAAAA-TCP_FORW: name:enp0s3: saddr:33561200: daddr:100932208
[  330.624456] AAAAA-TCP_FORW: name:enp0s8: saddr:100932208: daddr:33561200
[  330.626632] AAAAA-TCP_FORW: name:enp0s3: saddr:33561200: daddr:100932208
[  330.729036] AAAAA-TCP_FORW: name:enp0s8: saddr:100932208: daddr:33561200
[  330.730285] AAAAA-TCP_FORW: name:enp0s3: saddr:33561200: daddr:100932208
[  330.822882] AAAAA-TCP_FORW: name:enp0s8: saddr:100932208: daddr:33561200
[  330.824078] AAAAA-TCP_FORW: name:enp0s3: saddr:33561200: daddr:100932208
[  330.890809] AAAAA-TCP_FORW: name:enp0s8: saddr:100932208: daddr:33561200
[  330.891618] AAAAA-TCP_FORW: name:enp0s3: saddr:33561200: daddr:100932208
[  330.988212] AAAAA-TCP_FORW: name:enp0s8: saddr:100932208: daddr:16783984
[  330.989359] AAAAA-TCP_FORW: name:enp0s3: saddr:16783984: daddr:100932208
[  331.088782] AAAAA-TCP_FORW: name:enp0s8: saddr:100932208: daddr:16783984
[  331.090252] AAAAA-TCP_FORW: name:enp0s3: saddr:16783984: daddr:100932208
[  331.147626] AAAAA-TCP_FORW: name:enp0s8: saddr:100932208: daddr:16783984
[  331.148357] AAAAA-TCP_FORW: name:enp0s3: saddr:16783984: daddr:100932208
[  331.230661] AAAAA-TCP_FORW: name:enp0s8: saddr:100932208: daddr:16783984
[  331.231415] AAAAA-TCP_FORW: name:enp0s3: saddr:16783984: daddr:100932208
[  331.330074] AAAAA-TCP_FORW: name:enp0s8: saddr:100932208: daddr:16783984
[  331.331832] AAAAA-TCP_FORW: name:enp0s3: saddr:16783984: daddr:100932208
[  331.404400] AAAAA-TCP_FORW: name:enp0s8: saddr:100932208: daddr:16783984
[  331.405889] AAAAA-TCP_FORW: name:enp0s3: saddr:16783984: daddr:100932208
[  331.505134] AAAAA-TCP_FORW: name:enp0s8: saddr:100932208: daddr:16783984
[  331.506007] AAAAA-TCP_FORW: name:enp0s3: saddr:16783984: daddr:100932208
[  331.594995] AAAAA-TCP_FORW: name:enp0s8: saddr:100932208: daddr:16783984
[  331.596517] AAAAA-TCP_FORW: name:enp0s3: saddr:16783984: daddr:100932208
[  331.660647] AAAAA-TCP_FORW: name:enp0s8: saddr:100932208: daddr:16783984
[  331.662104] AAAAA-TCP_FORW: name:enp0s3: saddr:16783984: daddr:100932208
[  331.760610] AAAAA-TCP_FORW: name:enp0s8: saddr:100932208: daddr:16783984
[  331.761905] AAAAA-TCP_FORW: name:enp0s3: saddr:16783984: daddr:100932208
[  331.888886] AAAAA-TCP_FORW: name:enp0s8: saddr:100932208: daddr:16783984
[  331.890200] AAAAA-TCP_FORW: name:enp0s3: saddr:16783984: daddr:100932208
[  331.958764] AAAAA-TCP_FORW: name:enp0s8: saddr:100932208: daddr:16783984
[  331.960006] AAAAA-TCP_FORW: name:enp0s3: saddr:16783984: daddr:100932208
[  332.043270] AAAAA-TCP_FORW: name:enp0s8: saddr:100932208: daddr:16783984
[  332.044492] AAAAA-TCP_FORW: name:enp0s3: saddr:16783984: daddr:100932208
[  332.102671] AAAAA-TCP_FORW: name:enp0s8: saddr:100932208: daddr:16783984
[  332.103800] AAAAA-TCP_FORW: name:enp0s3: saddr:16783984: daddr:100932208
[  332.226820] AAAAA-TCP_FORW: name:enp0s8: saddr:100932208: daddr:16783984
[  332.228052] AAAAA-TCP_FORW: name:enp0s3: saddr:16783984: daddr:100932208
[  332.318592] AAAAA-TCP_FORW: name:enp0s8: saddr:100932208: daddr:16783984
[  332.320399] AAAAA-TCP_FORW: name:enp0s3: saddr:16783984: daddr:100932208
[  332.365425] AAAAA-TCP_FORW: name:enp0s8: saddr:100932208: daddr:16783984
[  332.366575] AAAAA-TCP_FORW: name:enp0s3: saddr:16783984: daddr:100932208
[  332.479631] AAAAA-TCP_FORW: name:enp0s8: saddr:100932208: daddr:33561200
[  332.480910] AAAAA-TCP_FORW: name:enp0s3: saddr:33561200: daddr:100932208
[  332.541594] AAAAA-TCP_FORW: name:enp0s8: saddr:100932208: daddr:33561200
[  332.542812] AAAAA-TCP_FORW: name:enp0s3: saddr:33561200: daddr:100932208
[  332.649266] AAAAA-TCP_FORW: name:enp0s8: saddr:100932208: daddr:33561200
[  332.650472] AAAAA-TCP_FORW: name:enp0s3: saddr:33561200: daddr:100932208
[  332.771029] AAAAA-TCP_FORW: name:enp0s8: saddr:100932208: daddr:33561200
[  332.772083] AAAAA-TCP_FORW: name:enp0s3: saddr:33561200: daddr:100932208
[  332.892638] AAAAA-TCP_FORW: name:enp0s8: saddr:100932208: daddr:33561200
[  332.893864] AAAAA-TCP_FORW: name:enp0s3: saddr:33561200: daddr:100932208
[  333.046287] AAAAA-TCP_FORW: name:enp0s8: saddr:100932208: daddr:33561200
[  333.047692] AAAAA-TCP_FORW: name:enp0s3: saddr:33561200: daddr:100932208
[  333.154134] AAAAA-TCP_FORW: name:enp0s8: saddr:100932208: daddr:33561200
[  333.155388] AAAAA-TCP_FORW: name:enp0s3: saddr:33561200: daddr:100932208
[  333.238067] AAAAA-TCP_FORW: name:enp0s8: saddr:100932208: daddr:33561200
[  333.239239] AAAAA-TCP_FORW: name:enp0s3: saddr:33561200: daddr:100932208
[  333.286575] AAAAA-TCP_FORW: name:enp0s8: saddr:100932208: daddr:33561200
[  333.287295] AAAAA-TCP_FORW: name:enp0s3: saddr:33561200: daddr:100932208
[  333.368561] AAAAA-TCP_FORW: name:enp0s8: saddr:100932208: daddr:33561200
[  333.369860] AAAAA-TCP_FORW: name:enp0s3: saddr:33561200: daddr:100932208
[  333.470748] AAAAA-TCP_FORW: name:enp0s8: saddr:100932208: daddr:33561200
[  333.472180] AAAAA-TCP_FORW: name:enp0s3: saddr:33561200: daddr:100932208
[  333.550590] AAAAA-TCP_FORW: name:enp0s8: saddr:100932208: daddr:33561200
[  333.551721] AAAAA-TCP_FORW: name:enp0s3: saddr:33561200: daddr:100932208
[  333.624797] AAAAA-TCP_FORW: name:enp0s8: saddr:100932208: daddr:33561200
[  333.625532] AAAAA-TCP_FORW: name:enp0s3: saddr:33561200: daddr:100932208
[  333.678672] AAAAA-TCP_FORW: name:enp0s8: saddr:100932208: daddr:33561200
[  333.679862] AAAAA-TCP_FORW: name:enp0s3: saddr:33561200: daddr:100932208
[  333.731670] AAAAA-TCP_FORW: name:enp0s8: saddr:100932208: daddr:33561200
[  333.732817] AAAAA-TCP_FORW: name:enp0s3: saddr:33561200: daddr:100932208
[  333.779198] AAAAA-TCP_FORW: name:enp0s8: saddr:100932208: daddr:33561200
[  333.780359] AAAAA-TCP_FORW: name:enp0s3: saddr:33561200: daddr:100932208
[  333.808695] AAAAA-TCP_FORW: name:enp0s8: saddr:100932208: daddr:33561200
[  333.809425] AAAAA-TCP_FORW: name:enp0s3: saddr:33561200: daddr:100932208
[  333.876278] AAAAA-TCP_FORW: name:enp0s8: saddr:100932208: daddr:33561200
[  333.877144] AAAAA-TCP_FORW: name:enp0s3: saddr:33561200: daddr:100932208
[  333.954470] AAAAA-TCP_FORW: name:enp0s8: saddr:100932208: daddr:33561200
[  333.955225] AAAAA-TCP_FORW: name:enp0s3: saddr:33561200: daddr:100932208
[  333.997557] AAAAA-TCP_FORW: name:enp0s8: saddr:100932208: daddr:33561200
[  333.998289] AAAAA-TCP_FORW: name:enp0s3: saddr:33561200: daddr:100932208
[  334.106399] AAAAA-TCP_FORW: name:enp0s8: saddr:100932208: daddr:33561200
[  334.107671] AAAAA-TCP_FORW: name:enp0s3: saddr:33561200: daddr:100932208
[  334.258296] AAAAA-TCP_FORW: name:enp0s8: saddr:100932208: daddr:33561200
[  334.261293] AAAAA-TCP_FORW: name:enp0s3: saddr:33561200: daddr:100932208
[  334.405620] AAAAA-TCP_FORW: name:enp0s8: saddr:100932208: daddr:33561200
[  334.407941] AAAAA-TCP_FORW: name:enp0s3: saddr:33561200: daddr:100932208
[  334.442118] AAAAA-TCP_FORW: name:enp0s8: saddr:100932208: daddr:33561200
[  334.443807] AAAAA-TCP_FORW: name:enp0s3: saddr:33561200: daddr:100932208
[  334.528933] AAAAA-TCP_FORW: name:enp0s8: saddr:100932208: daddr:16783984
[  334.529737] AAAAA-TCP_FORW: name:enp0s3: saddr:16783984: daddr:100932208
[  334.567787] AAAAA-TCP_FORW: name:enp0s8: saddr:100932208: daddr:16783984
[  334.568534] AAAAA-TCP_FORW: name:enp0s3: saddr:16783984: daddr:100932208
[  334.707277] AAAAA-TCP_FORW: name:enp0s8: saddr:100932208: daddr:16783984
[  334.708350] AAAAA-TCP_FORW: name:enp0s3: saddr:16783984: daddr:100932208
[  334.798341] AAAAA-TCP_FORW: name:enp0s8: saddr:100932208: daddr:16783984
[  334.799591] AAAAA-TCP_FORW: name:enp0s3: saddr:16783984: daddr:100932208
[  334.871242] AAAAA-TCP_FORW: name:enp0s8: saddr:100932208: daddr:16783984
[  334.872466] AAAAA-TCP_FORW: name:enp0s3: saddr:16783984: daddr:100932208
[  334.921621] AAAAA-TCP_FORW: name:enp0s8: saddr:100932208: daddr:16783984
[  334.922771] AAAAA-TCP_FORW: name:enp0s3: saddr:16783984: daddr:100932208
[  335.045927] AAAAA-TCP_FORW: name:enp0s8: saddr:100932208: daddr:16783984
[  335.047255] AAAAA-TCP_FORW: name:enp0s3: saddr:16783984: daddr:100932208
[  335.124270] AAAAA-TCP_FORW: name:enp0s8: saddr:100932208: daddr:16783984
[  335.125322] AAAAA-TCP_FORW: name:enp0s3: saddr:16783984: daddr:100932208
[  335.188378] AAAAA-TCP_FORW: name:enp0s8: saddr:100932208: daddr:16783984
[  335.189843] AAAAA-TCP_FORW: name:enp0s3: saddr:16783984: daddr:100932208
[  335.270226] AAAAA-TCP_FORW: name:enp0s8: saddr:100932208: daddr:16783984
[  335.271790] AAAAA-TCP_FORW: name:enp0s3: saddr:16783984: daddr:100932208
[  335.364282] AAAAA-TCP_FORW: name:enp0s8: saddr:100932208: daddr:16783984
[  335.365483] AAAAA-TCP_FORW: name:enp0s3: saddr:16783984: daddr:100932208
[  335.433702] AAAAA-TCP_FORW: name:enp0s8: saddr:100932208: daddr:16783984
[  335.434554] AAAAA-TCP_FORW: name:enp0s3: saddr:16783984: daddr:100932208
[  335.507125] AAAAA-TCP_FORW: name:enp0s8: saddr:100932208: daddr:16783984
[  335.507863] AAAAA-TCP_FORW: name:enp0s3: saddr:16783984: daddr:100932208
[  335.669287] AAAAA-TCP_FORW: name:enp0s8: saddr:100932208: daddr:16783984
[  335.670454] AAAAA-TCP_FORW: name:enp0s3: saddr:16783984: daddr:100932208
[  335.757932] AAAAA-TCP_FORW: name:enp0s8: saddr:100932208: daddr:16783984
[  335.759817] AAAAA-TCP_FORW: name:enp0s3: saddr:16783984: daddr:100932208
[  336.475377] AAAAA-TCP_FORW: name:enp0s8: saddr:100932208: daddr:33561200
[  336.476702] AAAAA-TCP_FORW: name:enp0s3: saddr:33561200: daddr:100932208
[  336.643466] AAAAA-TCP_FORW: name:enp0s8: saddr:100932208: daddr:33561200
[  336.644682] AAAAA-TCP_FORW: name:enp0s3: saddr:33561200: daddr:100932208
[  336.807753] AAAAA-TCP_FORW: name:enp0s8: saddr:100932208: daddr:33561200
[  336.809171] AAAAA-TCP_FORW: name:enp0s3: saddr:33561200: daddr:100932208
[  336.945784] AAAAA-TCP_FORW: name:enp0s8: saddr:100932208: daddr:16783984
[  336.946987] AAAAA-TCP_FORW: name:enp0s3: saddr:16783984: daddr:100932208
[  336.998276] AAAAA-TCP_FORW: name:enp0s8: saddr:100932208: daddr:16783984
[  336.999388] AAAAA-TCP_FORW: name:enp0s3: saddr:16783984: daddr:100932208
[  337.085670] AAAAA-TCP_FORW: name:enp0s8: saddr:100932208: daddr:16783984
[  337.086796] AAAAA-TCP_FORW: name:enp0s3: saddr:16783984: daddr:100932208
[  337.188370] AAAAA-TCP_FORW: name:enp0s8: saddr:100932208: daddr:16783984
[  337.189540] AAAAA-TCP_FORW: name:enp0s3: saddr:16783984: daddr:100932208
[  337.285612] AAAAA-TCP_FORW: name:enp0s8: saddr:100932208: daddr:16783984
[  337.286366] AAAAA-TCP_FORW: name:enp0s3: saddr:16783984: daddr:100932208
[  337.308527] AAAAA-TCP_FORW: name:enp0s8: saddr:100932208: daddr:16783984
[  337.309715] AAAAA-TCP_FORW: name:enp0s3: saddr:16783984: daddr:100932208
[  337.394134] AAAAA-TCP_FORW: name:enp0s8: saddr:100932208: daddr:16783984
[  337.394941] AAAAA-TCP_FORW: name:enp0s3: saddr:16783984: daddr:100932208
[  337.443628] AAAAA-TCP_FORW: name:enp0s8: saddr:100932208: daddr:16783984
[  337.444383] AAAAA-TCP_FORW: name:enp0s3: saddr:16783984: daddr:100932208
[  337.480650] AAAAA-TCP_FORW: name:enp0s8: saddr:100932208: daddr:16783984
[  337.481371] AAAAA-TCP_FORW: name:enp0s3: saddr:16783984: daddr:100932208
[  337.595739] AAAAA-TCP_FORW: name:enp0s8: saddr:100932208: daddr:16783984
[  337.596454] AAAAA-TCP_FORW: name:enp0s3: saddr:16783984: daddr:100932208
[  337.634347] AAAAA-TCP_FORW: name:enp0s8: saddr:100932208: daddr:16783984
[  337.635065] AAAAA-TCP_FORW: name:enp0s3: saddr:16783984: daddr:100932208
[  337.890743] AAAAA-TCP_FORW: name:enp0s8: saddr:100932208: daddr:16783984
[  337.891457] AAAAA-TCP_FORW: name:enp0s3: saddr:16783984: daddr:100932208
[  362.943736] AAAAA-TCP_FORW: name:enp0s8: saddr:100932208: daddr:16783984
[  362.944857] AAAAA-TCP_FORW: name:enp0s3: saddr:16783984: daddr:100932208
[  363.136013] AAAAA-TCP_FORW: name:enp0s8: saddr:100932208: daddr:16783984
[  363.137045] AAAAA-TCP_FORW: name:enp0s3: saddr:16783984: daddr:100932208
[  363.281603] AAAAA-TCP_FORW: name:enp0s8: saddr:100932208: daddr:16783984
[  363.282776] AAAAA-TCP_FORW: name:enp0s3: saddr:16783984: daddr:100932208
[  363.519340] AAAAA-TCP_FORW: name:enp0s8: saddr:100932208: daddr:16783984
[  363.520134] AAAAA-TCP_FORW: name:enp0s3: saddr:16783984: daddr:100932208
[  363.826595] AAAAA-TCP_FORW: name:enp0s8: saddr:100932208: daddr:16783984
[  363.827566] AAAAA-TCP_FORW: name:enp0s3: saddr:16783984: daddr:100932208
[  363.903507] AAAAA-TCP_FORW: name:enp0s8: saddr:100932208: daddr:16783984
[  363.904269] AAAAA-TCP_FORW: name:enp0s3: saddr:16783984: daddr:100932208
[  364.087445] AAAAA-TCP_FORW: name:enp0s8: saddr:100932208: daddr:16783984
[  364.088183] AAAAA-TCP_FORW: name:enp0s3: saddr:16783984: daddr:100932208
[  364.198442] AAAAA-TCP_FORW: name:enp0s8: saddr:100932208: daddr:16783984
[  364.199166] AAAAA-TCP_FORW: name:enp0s3: saddr:16783984: daddr:100932208
[  364.320130] AAAAA-TCP_FORW: name:enp0s8: saddr:100932208: daddr:16783984
[  364.321079] AAAAA-TCP_FORW: name:enp0s3: saddr:16783984: daddr:100932208
[  364.647141] AAAAA-TCP_FORW: name:enp0s8: saddr:100932208: daddr:16783984
[  364.648146] AAAAA-TCP_FORW: name:enp0s3: saddr:16783984: daddr:100932208
[  364.827510] AAAAA-TCP_FORW: name:enp0s8: saddr:100932208: daddr:16783984
[  364.828497] AAAAA-TCP_FORW: name:enp0s3: saddr:16783984: daddr:100932208
[  364.961884] AAAAA-TCP_FORW: name:enp0s8: saddr:100932208: daddr:16783984
[  364.962965] AAAAA-TCP_FORW: name:enp0s3: saddr:16783984: daddr:100932208
[  365.057269] AAAAA-TCP_FORW: name:enp0s8: saddr:100932208: daddr:16783984
[  365.058102] AAAAA-TCP_FORW: name:enp0s3: saddr:16783984: daddr:100932208
[  365.187011] AAAAA-TCP_FORW: name:enp0s8: saddr:100932208: daddr:16783984
[  365.187929] AAAAA-TCP_FORW: name:enp0s3: saddr:16783984: daddr:100932208
[  365.505367] AAAAA-TCP_FORW: name:enp0s8: saddr:100932208: daddr:16783984
[  365.506575] AAAAA-TCP_FORW: name:enp0s3: saddr:16783984: daddr:100932208
[  365.535156] AAAAA-TCP_FORW: name:enp0s8: saddr:100932208: daddr:16783984
[  365.535935] AAAAA-TCP_FORW: name:enp0s3: saddr:16783984: daddr:100932208
[  366.123579] AAAAA-TCP_FORW: name:enp0s8: saddr:100932208: daddr:16783984
[  366.124687] AAAAA-TCP_FORW: name:enp0s3: saddr:16783984: daddr:100932208
[  366.179481] AAAAA-TCP_FORW: name:enp0s8: saddr:100932208: daddr:16783984
[  366.180244] AAAAA-TCP_FORW: name:enp0s3: saddr:16783984: daddr:100932208
[  366.519262] AAAAA-TCP_FORW: name:enp0s8: saddr:100932208: daddr:16783984
[  366.520394] AAAAA-TCP_FORW: name:enp0s3: saddr:16783984: daddr:100932208
[  366.647486] AAAAA-TCP_FORW: name:enp0s8: saddr:100932208: daddr:16783984
[  366.648790] AAAAA-TCP_FORW: name:enp0s3: saddr:16783984: daddr:100932208
[  366.957274] AAAAA-TCP_FORW: name:enp0s8: saddr:100932208: daddr:16783984
[  366.958112] AAAAA-TCP_FORW: name:enp0s3: saddr:16783984: daddr:100932208
[  367.119264] AAAAA-TCP_FORW: name:enp0s8: saddr:100932208: daddr:16783984
[  367.120273] AAAAA-TCP_FORW: name:enp0s3: saddr:16783984: daddr:100932208
[  367.362137] AAAAA-TCP_FORW: name:enp0s8: saddr:100932208: daddr:16783984
[  367.363160] AAAAA-TCP_FORW: name:enp0s3: saddr:16783984: daddr:100932208
[  367.501665] AAAAA-TCP_FORW: name:enp0s8: saddr:100932208: daddr:16783984
[  367.502852] AAAAA-TCP_FORW: name:enp0s3: saddr:16783984: daddr:100932208
[  367.629167] AAAAA-TCP_FORW: name:enp0s8: saddr:100932208: daddr:16783984
[  367.630303] AAAAA-TCP_FORW: name:enp0s3: saddr:16783984: daddr:100932208
[  367.747022] AAAAA-TCP_FORW: name:enp0s8: saddr:100932208: daddr:16783984
[  367.748210] AAAAA-TCP_FORW: name:enp0s3: saddr:16783984: daddr:100932208
[  367.830274] AAAAA-TCP_FORW: name:enp0s8: saddr:100932208: daddr:16783984
[  367.831589] AAAAA-TCP_FORW: name:enp0s3: saddr:16783984: daddr:100932208
[  367.910787] AAAAA-TCP_FORW: name:enp0s8: saddr:100932208: daddr:16783984
[  367.912084] AAAAA-TCP_FORW: name:enp0s3: saddr:16783984: daddr:100932208
[  368.177385] AAAAA-TCP_FORW: name:enp0s8: saddr:100932208: daddr:16783984
[  368.178506] AAAAA-TCP_FORW: name:enp0s3: saddr:16783984: daddr:100932208
[  368.224459] AAAAA-TCP_FORW: name:enp0s8: saddr:100932208: daddr:16783984
[  368.225214] AAAAA-TCP_FORW: name:enp0s3: saddr:16783984: daddr:100932208
[  368.357543] AAAAA-TCP_FORW: name:enp0s8: saddr:100932208: daddr:16783984
[  368.358667] AAAAA-TCP_FORW: name:enp0s3: saddr:16783984: daddr:100932208
[  368.470138] AAAAA-TCP_FORW: name:enp0s8: saddr:100932208: daddr:16783984
[  368.470839] AAAAA-TCP_FORW: name:enp0s3: saddr:16783984: daddr:100932208
[  368.571021] AAAAA-TCP_FORW: name:enp0s8: saddr:100932208: daddr:16783984
[  368.572672] AAAAA-TCP_FORW: name:enp0s3: saddr:16783984: daddr:100932208
[  368.638917] AAAAA-TCP_FORW: name:enp0s8: saddr:100932208: daddr:16783984
[  368.641607] AAAAA-TCP_FORW: name:enp0s3: saddr:16783984: daddr:100932208
[  368.739113] AAAAA-TCP_FORW: name:enp0s8: saddr:100932208: daddr:16783984
[  368.741556] AAAAA-TCP_FORW: name:enp0s3: saddr:16783984: daddr:100932208
[  368.914876] AAAAA-TCP_FORW: name:enp0s8: saddr:100932208: daddr:16783984
[  368.915846] AAAAA-TCP_FORW: name:enp0s3: saddr:16783984: daddr:100932208
[  368.973521] AAAAA-TCP_FORW: name:enp0s8: saddr:100932208: daddr:16783984
[  368.974233] AAAAA-TCP_FORW: name:enp0s3: saddr:16783984: daddr:100932208
[  369.064194] AAAAA-TCP_FORW: name:enp0s8: saddr:100932208: daddr:16783984
[  369.065116] AAAAA-TCP_FORW: name:enp0s3: saddr:16783984: daddr:100932208
[  369.138437] AAAAA-TCP_FORW: name:enp0s8: saddr:100932208: daddr:16783984
[  369.139376] AAAAA-TCP_FORW: name:enp0s3: saddr:16783984: daddr:100932208
[  369.277567] AAAAA-TCP_FORW: name:enp0s8: saddr:100932208: daddr:16783984
[  369.278750] AAAAA-TCP_FORW: name:enp0s3: saddr:16783984: daddr:100932208
[  369.455482] AAAAA-TCP_FORW: name:enp0s8: saddr:100932208: daddr:16783984
[  369.456672] AAAAA-TCP_FORW: name:enp0s3: saddr:16783984: daddr:100932208
[  369.539846] AAAAA-TCP_FORW: name:enp0s8: saddr:100932208: daddr:16783984
[  369.540549] AAAAA-TCP_FORW: name:enp0s3: saddr:16783984: daddr:100932208
[  369.579404] AAAAA-TCP_FORW: name:enp0s8: saddr:100932208: daddr:16783984
[  369.580442] AAAAA-TCP_FORW: name:enp0s3: saddr:16783984: daddr:100932208
[  369.614763] AAAAA-TCP_FORW: name:enp0s8: saddr:100932208: daddr:16783984
[  369.615485] AAAAA-TCP_FORW: name:enp0s3: saddr:16783984: daddr:100932208
[  369.707346] AAAAA-TCP_FORW: name:enp0s8: saddr:100932208: daddr:16783984
[  369.708467] AAAAA-TCP_FORW: name:enp0s3: saddr:16783984: daddr:100932208
[  369.780992] AAAAA-TCP_FORW: name:enp0s8: saddr:100932208: daddr:16783984
[  369.782190] AAAAA-TCP_FORW: name:enp0s3: saddr:16783984: daddr:100932208
[  369.887287] AAAAA-TCP_FORW: name:enp0s8: saddr:100932208: daddr:33561200
[  369.888387] AAAAA-TCP_FORW: name:enp0s3: saddr:33561200: daddr:100932208
[  370.039023] AAAAA-TCP_FORW: name:enp0s8: saddr:100932208: daddr:16783984
[  370.040376] AAAAA-TCP_FORW: name:enp0s3: saddr:16783984: daddr:100932208
[  370.074077] AAAAA-TCP_FORW: name:enp0s8: saddr:100932208: daddr:16783984
[  370.074912] AAAAA-TCP_FORW: name:enp0s3: saddr:16783984: daddr:100932208
[  370.186976] AAAAA-TCP_FORW: name:enp0s8: saddr:100932208: daddr:16783984
[  370.187882] AAAAA-TCP_FORW: name:enp0s3: saddr:16783984: daddr:100932208
[  370.234512] AAAAA-TCP_FORW: name:enp0s8: saddr:100932208: daddr:16783984
[  370.235707] AAAAA-TCP_FORW: name:enp0s3: saddr:16783984: daddr:100932208
[  370.268290] AAAAA-TCP_FORW: name:enp0s8: saddr:100932208: daddr:16783984
[  370.269591] AAAAA-TCP_FORW: name:enp0s3: saddr:16783984: daddr:100932208
[  370.358730] AAAAA-TCP_FORW: name:enp0s8: saddr:100932208: daddr:16783984
[  370.401552] AAAAA-TCP_FORW: name:enp0s3: saddr:16783984: daddr:100932208
[  370.475248] AAAAA-TCP_FORW: name:enp0s8: saddr:100932208: daddr:16783984
[  370.517609] AAAAA-TCP_FORW: name:enp0s8: saddr:100932208: daddr:16783984
[  370.519042] AAAAA-TCP_FORW: name:enp0s3: saddr:16783984: daddr:100932208
[  370.582371] AAAAA-TCP_FORW: name:enp0s8: saddr:100932208: daddr:16783984
[  370.689323] AAAAA-TCP_FORW: name:enp0s3: saddr:16783984: daddr:100932208
[  370.719224] AAAAA-TCP_FORW: name:enp0s8: saddr:100932208: daddr:16783984
[  370.810359] AAAAA-TCP_FORW: name:enp0s8: saddr:100932208: daddr:16783984
[  370.811517] AAAAA-TCP_FORW: name:enp0s3: saddr:16783984: daddr:100932208
[  370.863903] AAAAA-TCP_FORW: name:enp0s8: saddr:100932208: daddr:16783984
[  370.972813] AAAAA-TCP_FORW: name:enp0s8: saddr:100932208: daddr:16783984
[  370.973822] AAAAA-TCP_FORW: name:enp0s3: saddr:16783984: daddr:100932208
[  371.056840] AAAAA-TCP_FORW: name:enp0s8: saddr:100932208: daddr:16783984
[  371.057599] AAAAA-TCP_FORW: name:enp0s3: saddr:16783984: daddr:100932208
[  371.106125] AAAAA-TCP_FORW: name:enp0s8: saddr:100932208: daddr:16783984
[  371.135669] AAAAA-TCP_FORW: name:enp0s8: saddr:100932208: daddr:16783984
[  371.136350] AAAAA-TCP_FORW: name:enp0s3: saddr:16783984: daddr:100932208
[  371.207272] AAAAA-TCP_FORW: name:enp0s8: saddr:100932208: daddr:16783984
[  371.243441] AAAAA-TCP_FORW: name:enp0s8: saddr:100932208: daddr:16783984
[  371.244611] AAAAA-TCP_FORW: name:enp0s3: saddr:16783984: daddr:100932208
[  371.324157] AAAAA-TCP_FORW: name:enp0s8: saddr:100932208: daddr:16783984
[  371.426199] AAAAA-TCP_FORW: name:enp0s8: saddr:100932208: daddr:33561200
[  371.426906] AAAAA-TCP_FORW: name:enp0s3: saddr:33561200: daddr:100932208
[  371.433330] AAAAA-TCP_FORW: name:enp0s3: saddr:16783984: daddr:100932208
[  371.469500] AAAAA-TCP_FORW: name:enp0s8: saddr:100932208: daddr:16783984
[  371.581457] AAAAA-TCP_FORW: name:enp0s3: saddr:16783984: daddr:100932208
[  371.628247] AAAAA-TCP_FORW: name:enp0s8: saddr:100932208: daddr:16783984
[  371.707041] AAAAA-TCP_FORW: name:enp0s8: saddr:100932208: daddr:16783984
[  371.708210] AAAAA-TCP_FORW: name:enp0s3: saddr:16783984: daddr:100932208
[  371.768663] AAAAA-TCP_FORW: name:enp0s8: saddr:100932208: daddr:16783984
[  371.810565] AAAAA-TCP_FORW: name:enp0s8: saddr:100932208: daddr:16783984
[  371.811689] AAAAA-TCP_FORW: name:enp0s3: saddr:16783984: daddr:100932208
[  371.929583] AAAAA-TCP_FORW: name:enp0s8: saddr:100932208: daddr:16783984
[  372.001846] AAAAA-TCP_FORW: name:enp0s8: saddr:100932208: daddr:16783984
[  372.003044] AAAAA-TCP_FORW: name:enp0s3: saddr:16783984: daddr:100932208
[  372.067861] AAAAA-TCP_FORW: name:enp0s8: saddr:100932208: daddr:16783984
[  372.103527] AAAAA-TCP_FORW: name:enp0s8: saddr:100932208: daddr:16783984
[  372.104662] AAAAA-TCP_FORW: name:enp0s3: saddr:16783984: daddr:100932208
[  372.164518] AAAAA-TCP_FORW: name:enp0s8: saddr:100932208: daddr:16783984
[  372.274885] AAAAA-TCP_FORW: name:enp0s8: saddr:100932208: daddr:16783984
[  372.275965] AAAAA-TCP_FORW: name:enp0s3: saddr:16783984: daddr:100932208
[  372.352882] AAAAA-TCP_FORW: name:enp0s8: saddr:100932208: daddr:16783984
[  372.415629] AAAAA-TCP_FORW: name:enp0s8: saddr:100932208: daddr:16783984
[  372.416713] AAAAA-TCP_FORW: name:enp0s3: saddr:16783984: daddr:100932208
[  372.486973] AAAAA-TCP_FORW: name:enp0s8: saddr:100932208: daddr:16783984
[  372.517751] AAAAA-TCP_FORW: name:enp0s8: saddr:100932208: daddr:16783984
[  372.518932] AAAAA-TCP_FORW: name:enp0s3: saddr:16783984: daddr:100932208
[  372.595386] AAAAA-TCP_FORW: name:enp0s8: saddr:100932208: daddr:16783984
[  372.636077] AAAAA-TCP_FORW: name:enp0s8: saddr:100932208: daddr:16783984
[  372.637267] AAAAA-TCP_FORW: name:enp0s3: saddr:16783984: daddr:100932208
[  372.724585] AAAAA-TCP_FORW: name:enp0s8: saddr:100932208: daddr:16783984
[  372.767714] AAAAA-TCP_FORW: name:enp0s8: saddr:100932208: daddr:16783984
[  372.768438] AAAAA-TCP_FORW: name:enp0s3: saddr:16783984: daddr:100932208
[  372.876947] AAAAA-TCP_FORW: name:enp0s8: saddr:100932208: daddr:16783984
[  372.946425] AAAAA-TCP_FORW: name:enp0s8: saddr:100932208: daddr:33561200
[  372.947720] AAAAA-TCP_FORW: name:enp0s3: saddr:33561200: daddr:100932208
[  372.989840] AAAAA-TCP_FORW: name:enp0s3: saddr:16783984: daddr:100932208
[  373.065570] AAAAA-TCP_FORW: name:enp0s8: saddr:100932208: daddr:33561200
[  373.066769] AAAAA-TCP_FORW: name:enp0s3: saddr:33561200: daddr:100932208
[  373.146418] AAAAA-TCP_FORW: name:enp0s8: saddr:100932208: daddr:16783984
[  373.208664] AAAAA-TCP_FORW: name:enp0s8: saddr:100932208: daddr:16783984
[  373.209884] AAAAA-TCP_FORW: name:enp0s3: saddr:16783984: daddr:100932208
[  373.297047] AAAAA-TCP_FORW: name:enp0s8: saddr:100932208: daddr:16783984
[  373.361626] AAAAA-TCP_FORW: name:enp0s8: saddr:100932208: daddr:16783984
[  373.362979] AAAAA-TCP_FORW: name:enp0s3: saddr:16783984: daddr:100932208
[  373.404827] AAAAA-TCP_FORW: name:enp0s8: saddr:100932208: daddr:16783984
[  373.464689] AAAAA-TCP_FORW: name:enp0s8: saddr:100932208: daddr:16783984
[  373.465856] AAAAA-TCP_FORW: name:enp0s3: saddr:16783984: daddr:100932208
[  373.521144] AAAAA-TCP_FORW: name:enp0s8: saddr:100932208: daddr:16783984
[  373.581408] AAAAA-TCP_FORW: name:enp0s8: saddr:100932208: daddr:16783984
[  373.582581] AAAAA-TCP_FORW: name:enp0s3: saddr:16783984: daddr:100932208
[  373.647765] AAAAA-TCP_FORW: name:enp0s8: saddr:100932208: daddr:16783984
[  373.678809] AAAAA-TCP_FORW: name:enp0s8: saddr:100932208: daddr:16783984
[  373.679982] AAAAA-TCP_FORW: name:enp0s3: saddr:16783984: daddr:100932208
[  373.798451] AAAAA-TCP_FORW: name:enp0s8: saddr:100932208: daddr:16783984
[  373.869180] AAAAA-TCP_FORW: name:enp0s8: saddr:100932208: daddr:33561200
[  373.870979] AAAAA-TCP_FORW: name:enp0s3: saddr:33561200: daddr:100932208
[  373.893371] AAAAA-TCP_FORW: name:enp0s3: saddr:16783984: daddr:100932208
[  374.015835] AAAAA-TCP_FORW: name:enp0s8: saddr:100932208: daddr:33561200
[  374.016994] AAAAA-TCP_FORW: name:enp0s3: saddr:33561200: daddr:100932208
[  374.105133] AAAAA-TCP_FORW: name:enp0s8: saddr:100932208: daddr:33561200
[  374.105960] AAAAA-TCP_FORW: name:enp0s3: saddr:33561200: daddr:100932208
[  374.174580] AAAAA-TCP_FORW: name:enp0s8: saddr:100932208: daddr:33561200
[  374.175314] AAAAA-TCP_FORW: name:enp0s3: saddr:33561200: daddr:100932208
[  374.357989] AAAAA-TCP_FORW: name:enp0s8: saddr:100932208: daddr:33561200
[  374.358767] AAAAA-TCP_FORW: name:enp0s3: saddr:33561200: daddr:100932208
[  374.457196] AAAAA-TCP_FORW: name:enp0s8: saddr:100932208: daddr:33561200
[  374.457853] AAAAA-TCP_FORW: name:enp0s3: saddr:33561200: daddr:100932208
[  374.649066] AAAAA-TCP_FORW: name:enp0s8: saddr:100932208: daddr:33561200
[  374.649872] AAAAA-TCP_FORW: name:enp0s3: saddr:33561200: daddr:100932208
[  374.690548] AAAAA-TCP_FORW: name:enp0s8: saddr:100932208: daddr:33561200
[  374.691281] AAAAA-TCP_FORW: name:enp0s3: saddr:33561200: daddr:100932208
[  374.732156] AAAAA-TCP_FORW: name:enp0s8: saddr:100932208: daddr:33561200
[  374.732871] AAAAA-TCP_FORW: name:enp0s3: saddr:33561200: daddr:100932208
[  374.770737] AAAAA-TCP_FORW: name:enp0s8: saddr:100932208: daddr:33561200
[  374.771454] AAAAA-TCP_FORW: name:enp0s3: saddr:33561200: daddr:100932208
[  374.822837] AAAAA-TCP_FORW: name:enp0s8: saddr:100932208: daddr:33561200
[  374.823541] AAAAA-TCP_FORW: name:enp0s3: saddr:33561200: daddr:100932208
