[    0.000000] Linux version 5.4.243-mptcp (root@ztg) (gcc version 12.2.0 (Debian 12.2.0-14+deb12u1)) #53 SMP Wed Dec 24 23:28:15 CST 2025
[    0.000000] Command line: BOOT_IMAGE=/boot/vmlinuz-5.4.243-mptcp root=UUID=98415a12-53b7-4144-8265-0f7ece09e445 ro quiet splash
[    0.000000] KERNEL supported cpus:
[    0.000000]   Intel GenuineIntel
[    0.000000]   AMD AuthenticAMD
[    0.000000]   Hygon HygonGenuine
[    0.000000]   Centaur CentaurHauls
[    0.000000]   zhaoxin   Shanghai  
[    0.000000] x86/fpu: Supporting XSAVE feature 0x001: 'x87 floating point registers'
[    0.000000] x86/fpu: Supporting XSAVE feature 0x002: 'SSE registers'
[    0.000000] x86/fpu: Supporting XSAVE feature 0x004: 'AVX registers'
[    0.000000] x86/fpu: xstate_offset[2]:  576, xstate_sizes[2]:  256
[    0.000000] x86/fpu: Enabled xstate features 0x7, context size is 832 bytes, using 'standard' format.
[    0.000000] BIOS-provided physical RAM map:
[    0.000000] BIOS-e820: [mem 0x0000000000000000-0x000000000009fbff] usable
[    0.000000] BIOS-e820: [mem 0x000000000009fc00-0x000000000009ffff] reserved
[    0.000000] BIOS-e820: [mem 0x00000000000f0000-0x00000000000fffff] reserved
[    0.000000] BIOS-e820: [mem 0x0000000000100000-0x000000007ffeffff] usable
[    0.000000] BIOS-e820: [mem 0x000000007fff0000-0x000000007fffffff] ACPI data
[    0.000000] BIOS-e820: [mem 0x00000000fec00000-0x00000000fec00fff] reserved
[    0.000000] BIOS-e820: [mem 0x00000000fee00000-0x00000000fee00fff] reserved
[    0.000000] BIOS-e820: [mem 0x00000000fffc0000-0x00000000ffffffff] reserved
[    0.000000] NX (Execute Disable) protection: active
[    0.000000] SMBIOS 2.5 present.
[    0.000000] DMI: innotek GmbH VirtualBox/VirtualBox, BIOS VirtualBox 12/01/2006
[    0.000000] Hypervisor detected: KVM
[    0.000000] kvm-clock: Using msrs 4b564d01 and 4b564d00
[    0.000000] kvm-clock: cpu 0, msr 26c01001, primary cpu clock
[    0.000000] kvm-clock: using sched offset of 4476984809 cycles
[    0.000003] clocksource: kvm-clock: mask: 0xffffffffffffffff max_cycles: 0x1cd42e4dffb, max_idle_ns: 881590591483 ns
[    0.000005] tsc: Detected 2100.000 MHz processor
[    0.001896] e820: update [mem 0x00000000-0x00000fff] usable ==> reserved
[    0.001898] e820: remove [mem 0x000a0000-0x000fffff] usable
[    0.001902] last_pfn = 0x7fff0 max_arch_pfn = 0x400000000
[    0.001971] MTRR default type: uncachable
[    0.001971] MTRR fixed ranges enabled:
[    0.001973]   00000-9FFFF write-back
[    0.001973]   A0000-BFFFF uncachable
[    0.001974]   C0000-FFFFF write-protect
[    0.001975] MTRR variable ranges enabled:
[    0.001976]   0 base 000000000000 mask 3FFF80000000 write-back
[    0.001977]   1 disabled
[    0.001977]   2 disabled
[    0.001978]   3 disabled
[    0.001978]   4 disabled
[    0.001979]   5 disabled
[    0.001979]   6 disabled
[    0.001979]   7 disabled
[    0.001980]   8 disabled
[    0.001980]   9 disabled
[    0.001981]   10 disabled
[    0.001981]   11 disabled
[    0.001982]   12 disabled
[    0.001982]   13 disabled
[    0.001982]   14 disabled
[    0.001983]   15 disabled
[    0.002000] x86/PAT: Configuration [0-7]: WB  WC  UC- UC  WB  WP  UC- WT  
[    0.002134] found SMP MP-table at [mem 0x0009fff0-0x0009ffff]
[    0.092700] check: Scanning 1 areas for low memory corruption
[    0.092838] RAMDISK: [mem 0x32271000-0x3512ffff]
[    0.092847] ACPI: Early table checksum verification disabled
[    0.092852] ACPI: RSDP 0x00000000000E0000 000024 (v02 VBOX  )
[    0.092857] ACPI: XSDT 0x000000007FFF0030 00003C (v01 VBOX   VBOXXSDT 00000001 ASL  00000061)
[    0.092863] ACPI: FACP 0x000000007FFF00F0 0000F4 (v04 VBOX   VBOXFACP 00000001 ASL  00000061)
[    0.092869] ACPI: DSDT 0x000000007FFF02E0 002353 (v02 VBOX   VBOXBIOS 00000002 VBOX 00029BF3)
[    0.092874] ACPI: FACS 0x000000007FFF0200 000040
[    0.092877] ACPI: FACS 0x000000007FFF0200 000040
[    0.092880] ACPI: APIC 0x000000007FFF0240 000054 (v02 VBOX   VBOXAPIC 00000001 ASL  00000061)
[    0.092884] ACPI: SSDT 0x000000007FFF02A0 000038 (v01 VBOX   VBOXCPUT 00000002 VBOX 00029BF3)
[    0.092887] ACPI: Reserving FACP table memory at [mem 0x7fff00f0-0x7fff01e3]
[    0.092888] ACPI: Reserving DSDT table memory at [mem 0x7fff02e0-0x7fff2632]
[    0.092889] ACPI: Reserving FACS table memory at [mem 0x7fff0200-0x7fff023f]
[    0.092889] ACPI: Reserving FACS table memory at [mem 0x7fff0200-0x7fff023f]
[    0.092890] ACPI: Reserving APIC table memory at [mem 0x7fff0240-0x7fff0293]
[    0.092891] ACPI: Reserving SSDT table memory at [mem 0x7fff02a0-0x7fff02d7]
[    0.092904] ACPI: Local APIC address 0xfee00000
[    0.093092] No NUMA configuration found
[    0.093094] Faking a node at [mem 0x0000000000000000-0x000000007ffeffff]
[    0.093104] NODE_DATA(0) allocated [mem 0x7ffc5000-0x7ffeffff]
[    0.093392] Zone ranges:
[    0.093392]   DMA      [mem 0x0000000000001000-0x0000000000ffffff]
[    0.093394]   DMA32    [mem 0x0000000001000000-0x000000007ffeffff]
[    0.093394]   Normal   empty
[    0.093395]   Device   empty
[    0.093396] Movable zone start for each node
[    0.093398] Early memory node ranges
[    0.093399]   node   0: [mem 0x0000000000001000-0x000000000009efff]
[    0.093399]   node   0: [mem 0x0000000000100000-0x000000007ffeffff]
[    0.093402] Zeroed struct page in unavailable ranges: 114 pages
[    0.093403] Initmem setup node 0 [mem 0x0000000000001000-0x000000007ffeffff]
[    0.093404] On node 0 totalpages: 524174
[    0.093406]   DMA zone: 64 pages used for memmap
[    0.093407]   DMA zone: 21 pages reserved
[    0.093408]   DMA zone: 3998 pages, LIFO batch:0
[    0.093479]   DMA32 zone: 8128 pages used for memmap
[    0.093479]   DMA32 zone: 520176 pages, LIFO batch:63
[    0.102391] ACPI: PM-Timer IO Port: 0x4008
[    0.102394] ACPI: Local APIC address 0xfee00000
[    0.102466] IOAPIC[0]: apic_id 1, version 32, address 0xfec00000, GSI 0-23
[    0.102469] ACPI: INT_SRC_OVR (bus 0 bus_irq 0 global_irq 2 dfl dfl)
[    0.102470] ACPI: INT_SRC_OVR (bus 0 bus_irq 9 global_irq 9 low level)
[    0.102472] ACPI: IRQ0 used by override.
[    0.102473] ACPI: IRQ9 used by override.
[    0.102476] Using ACPI (MADT) for SMP configuration information
[    0.102483] smpboot: Allowing 1 CPUs, 0 hotplug CPUs
[    0.102507] PM: Registered nosave memory: [mem 0x00000000-0x00000fff]
[    0.102508] PM: Registered nosave memory: [mem 0x0009f000-0x0009ffff]
[    0.102509] PM: Registered nosave memory: [mem 0x000a0000-0x000effff]
[    0.102509] PM: Registered nosave memory: [mem 0x000f0000-0x000fffff]
[    0.102511] [mem 0x80000000-0xfebfffff] available for PCI devices
[    0.102512] Booting paravirtualized kernel on KVM
[    0.102515] clocksource: refined-jiffies: mask: 0xffffffff max_cycles: 0xffffffff, max_idle_ns: 7645519600211568 ns
[    0.102520] setup_percpu: NR_CPUS:8192 nr_cpumask_bits:1 nr_cpu_ids:1 nr_node_ids:1
[    0.103532] percpu: Embedded 60 pages/cpu s208896 r8192 d28672 u2097152
[    0.103537] pcpu-alloc: s208896 r8192 d28672 u2097152 alloc=1*2097152
[    0.103538] pcpu-alloc: [0] 0 
[    0.103564] Built 1 zonelists, mobility grouping on.  Total pages: 515961
[    0.103565] Policy zone: DMA32
[    0.103566] Kernel command line: BOOT_IMAGE=/boot/vmlinuz-5.4.243-mptcp root=UUID=98415a12-53b7-4144-8265-0f7ece09e445 ro quiet splash
[    0.104402] Dentry cache hash table entries: 262144 (order: 9, 2097152 bytes, linear)
[    0.104663] Inode-cache hash table entries: 131072 (order: 8, 1048576 bytes, linear)
[    0.104715] mem auto-init: stack:off, heap alloc:on, heap free:off
[    0.104718] Calgary: detecting Calgary via BIOS EBDA area
[    0.104719] Calgary: Unable to locate Rio Grande table in EBDA - bailing!
[    0.108838] Memory: 1967332K/2096696K available (14339K kernel code, 2398K rwdata, 4712K rodata, 2728K init, 17260K bss, 129364K reserved, 0K cma-reserved)
[    0.109764] SLUB: HWalign=64, Order=0-3, MinObjects=0, CPUs=1, Nodes=1
[    0.109780] ftrace: allocating 43186 entries in 169 pages
[    0.127829] rcu: Hierarchical RCU implementation.
[    0.127830] rcu: 	RCU restricting CPUs from NR_CPUS=8192 to nr_cpu_ids=1.
[    0.127831] 	Tasks RCU enabled.
[    0.127832] rcu: RCU calculated value of scheduler-enlistment delay is 25 jiffies.
[    0.127833] rcu: Adjusting geometry for rcu_fanout_leaf=16, nr_cpu_ids=1
[    0.130793] NR_IRQS: 524544, nr_irqs: 256, preallocated irqs: 16
[    0.131009] random: crng init done
[    0.140349] Console: colour VGA+ 80x25
[    0.140354] printk: console [tty0] enabled
[    0.140374] ACPI: Core revision 20190816
[    0.140518] APIC: Switch to symmetric I/O mode setup
[    0.140768] x2apic enabled
[    0.141006] Switched APIC routing to physical x2apic.
[    0.142137] ..TIMER: vector=0x30 apic1=0 pin1=2 apic2=-1 pin2=-1
[    0.142162] clocksource: tsc-early: mask: 0xffffffffffffffff max_cycles: 0x1e4530a99b6, max_idle_ns: 440795257976 ns
[    0.142168] Calibrating delay loop (skipped) preset value.. 4200.00 BogoMIPS (lpj=8400000)
[    0.142171] pid_max: default: 32768 minimum: 301
[    0.142199] LSM: Security Framework initializing
[    0.142209] Yama: becoming mindful.
[    0.142235] AppArmor: AppArmor initialized
[    0.142268] Mount-cache hash table entries: 4096 (order: 3, 32768 bytes, linear)
[    0.142273] Mountpoint-cache hash table entries: 4096 (order: 3, 32768 bytes, linear)
[    0.142283] *** VALIDATE tmpfs ***
[    0.142417] *** VALIDATE proc ***
[    0.142460] *** VALIDATE cgroup1 ***
[    0.142461] *** VALIDATE cgroup2 ***
[    0.142602] process: using mwait in idle threads
[    0.142607] Last level iTLB entries: 4KB 64, 2MB 8, 4MB 8
[    0.142608] Last level dTLB entries: 4KB 64, 2MB 0, 4MB 0, 1GB 4
[    0.142627] Spectre V1 : Mitigation: usercopy/swapgs barriers and __user pointer sanitization
[    0.142632] Spectre V2 : Mitigation: Retpolines
[    0.142633] Spectre V2 : Spectre v2 / SpectreRSB mitigation: Filling RSB on context switch
[    0.142633] Spectre V2 : Spectre v2 / SpectreRSB : Filling RSB on VMEXIT
[    0.142634] RETBleed: WARNING: Spectre v2 mitigation leaves CPU vulnerable to RETBleed attacks, data leaks possible!
[    0.142983] RETBleed: Vulnerable
[    0.142984] Speculative Store Bypass: Vulnerable
[    0.142988] TAA: Mitigation: TSX disabled
[    0.142989] MMIO Stale Data: Mitigation: Clear CPU buffers
[    0.147202] Freeing SMP alternatives memory: 40K
[    0.259072] smpboot: CPU0: Intel(R) Xeon(R) Silver 4216 CPU @ 2.10GHz (family: 0x6, model: 0x55, stepping: 0x7)
[    0.259200] Performance Events: unsupported p6 CPU model 85 no PMU driver, software events only.
[    0.259238] rcu: Hierarchical SRCU implementation.
[    0.259713] NMI watchdog: Perf NMI watchdog permanently disabled
[    0.259751] smp: Bringing up secondary CPUs ...
[    0.259752] smp: Brought up 1 node, 1 CPU
[    0.259753] smpboot: Max logical packages: 1
[    0.259754] smpboot: Total of 1 processors activated (4200.00 BogoMIPS)
[    0.260713] devtmpfs: initialized
[    0.260760] x86/mm: Memory block size: 128MB
[    0.261106] clocksource: jiffies: mask: 0xffffffff max_cycles: 0xffffffff, max_idle_ns: 7645041785100000 ns
[    0.261112] futex hash table entries: 256 (order: 2, 16384 bytes, linear)
[    0.261155] pinctrl core: initialized pinctrl subsystem
[    0.261256] PM: RTC time: 20:06:17, date: 2026-01-12
[    0.261362] NET: Registered protocol family 16
[    0.261436] audit: initializing netlink subsys (disabled)
[    0.261562] EISA bus registered
[    0.261563] cpuidle: using governor ladder
[    0.261564] cpuidle: using governor menu
[    0.261600] ACPI: bus type PCI registered
[    0.261601] acpiphp: ACPI Hot Plug PCI Controller Driver version: 0.5
[    0.261706] PCI: Using configuration type 1 for base access
[    0.262430] audit: type=2000 audit(1768219583.616:1): state=initialized audit_enabled=0 res=1
[    0.262510] HugeTLB registered 2.00 MiB page size, pre-allocated 0 pages
[    0.263318] ACPI: Added _OSI(Module Device)
[    0.263319] ACPI: Added _OSI(Processor Device)
[    0.263319] ACPI: Added _OSI(3.0 _SCP Extensions)
[    0.263320] ACPI: Added _OSI(Processor Aggregator Device)
[    0.263321] ACPI: Added _OSI(Linux-Dell-Video)
[    0.263322] ACPI: Added _OSI(Linux-Lenovo-NV-HDMI-Audio)
[    0.263323] ACPI: Added _OSI(Linux-HPI-Hybrid-Graphics)
[    0.265264] ACPI: 2 ACPI AML tables successfully acquired and loaded
[    0.266799] ACPI: Interpreter enabled
[    0.266808] ACPI: (supports S0 S5)
[    0.266809] ACPI: Using IOAPIC for interrupt routing
[    0.267012] PCI: Using host bridge windows from ACPI; if necessary, use "pci=nocrs" and report a bug
[    0.267118] ACPI: Enabled 2 GPEs in block 00 to 07
[    0.271918] ACPI: PCI Root Bridge [PCI0] (domain 0000 [bus 00-ff])
[    0.271923] acpi PNP0A03:00: _OSC: OS supports [ASPM ClockPM Segments MSI HPX-Type3]
[    0.272366] acpi PNP0A03:00: _OSC: not requesting OS control; OS requires [ExtendedConfig ASPM ClockPM MSI]
[    0.272374] acpi PNP0A03:00: fail to add MMCONFIG information, can't access extended PCI configuration space under this bridge.
[    0.272743] PCI host bridge to bus 0000:00
[    0.272745] pci_bus 0000:00: root bus resource [io  0x0000-0x0cf7 window]
[    0.272747] pci_bus 0000:00: root bus resource [io  0x0d00-0xffff window]
[    0.272748] pci_bus 0000:00: root bus resource [mem 0x000a0000-0x000bffff window]
[    0.272749] pci_bus 0000:00: root bus resource [mem 0x80000000-0xfdffffff window]
[    0.272750] pci_bus 0000:00: root bus resource [bus 00-ff]
[    0.272797] pci 0000:00:00.0: [8086:1237] type 00 class 0x060000
[    0.274711] pci 0000:00:01.0: [8086:7000] type 00 class 0x060100
[    0.275466] pci 0000:00:01.1: [8086:7111] type 00 class 0x01018a
[    0.275840] pci 0000:00:01.1: reg 0x20: [io  0xd000-0xd00f]
[    0.275994] pci 0000:00:01.1: legacy IDE quirk: reg 0x10: [io  0x01f0-0x01f7]
[    0.275995] pci 0000:00:01.1: legacy IDE quirk: reg 0x14: [io  0x03f6]
[    0.275996] pci 0000:00:01.1: legacy IDE quirk: reg 0x18: [io  0x0170-0x0177]
[    0.275997] pci 0000:00:01.1: legacy IDE quirk: reg 0x1c: [io  0x0376]
[    0.276530] pci 0000:00:02.0: [15ad:0405] type 00 class 0x030000
[    0.278246] pci 0000:00:02.0: reg 0x10: [io  0xd010-0xd01f]
[    0.282211] pci 0000:00:02.0: reg 0x14: [mem 0xe0000000-0xe7ffffff pref]
[    0.285132] pci 0000:00:02.0: reg 0x18: [mem 0xf0000000-0xf01fffff]
[    0.296764] pci 0000:00:03.0: [1022:2000] type 00 class 0x020000
[    0.297475] pci 0000:00:03.0: reg 0x10: [io  0xd020-0xd03f]
[    0.298117] pci 0000:00:03.0: reg 0x14: [mem 0xf0200000-0xf0200fff]
[    0.301706] pci 0000:00:04.0: [80ee:cafe] type 00 class 0x088000
[    0.302278] pci 0000:00:04.0: reg 0x10: [io  0xd040-0xd05f]
[    0.302880] pci 0000:00:04.0: reg 0x14: [mem 0xf0400000-0xf07fffff]
[    0.303489] pci 0000:00:04.0: reg 0x18: [mem 0xf0800000-0xf0803fff pref]
[    0.306924] pci 0000:00:07.0: [8086:7113] type 00 class 0x068000
[    0.307467] pci 0000:00:07.0: quirk: [io  0x4000-0x403f] claimed by PIIX4 ACPI
[    0.307477] pci 0000:00:07.0: quirk: [io  0x4100-0x410f] claimed by PIIX4 SMB
[    0.308064] pci 0000:00:08.0: [1022:2000] type 00 class 0x020000
[    0.308727] pci 0000:00:08.0: reg 0x10: [io  0xd060-0xd07f]
[    0.309330] pci 0000:00:08.0: reg 0x14: [mem 0xf0804000-0xf0804fff]
[    0.313208] pci 0000:00:09.0: [8086:100e] type 00 class 0x020000
[    0.314283] pci 0000:00:09.0: reg 0x10: [mem 0xf0820000-0xf083ffff]
[    0.315431] pci 0000:00:09.0: reg 0x18: [io  0xd080-0xd087]
[    0.326371] ACPI: PCI Interrupt Link [LNKA] (IRQs 5 9 10 *11)
[    0.326656] ACPI: PCI Interrupt Link [LNKB] (IRQs 5 9 *10 11)
[    0.326759] ACPI: PCI Interrupt Link [LNKC] (IRQs 5 *9 10 11)
[    0.326863] ACPI: PCI Interrupt Link [LNKD] (IRQs 5 9 10 *11)
[    0.327126] iommu: Default domain type: Translated 
[    0.327187] pci 0000:00:02.0: vgaarb: setting as boot VGA device
[    0.327189] pci 0000:00:02.0: vgaarb: VGA device added: decodes=io+mem,owns=io+mem,locks=none
[    0.327191] pci 0000:00:02.0: vgaarb: bridge control possible
[    0.327192] vgaarb: loaded
[    0.327400] SCSI subsystem initialized
[    0.327430] libata version 3.00 loaded.
[    0.327455] ACPI: bus type USB registered
[    0.327471] usbcore: registered new interface driver usbfs
[    0.327477] usbcore: registered new interface driver hub
[    0.327485] usbcore: registered new device driver usb
[    0.327510] pps_core: LinuxPPS API ver. 1 registered
[    0.327511] pps_core: Software ver. 5.3.6 - Copyright 2005-2007 Rodolfo Giometti <giometti@linux.it>
[    0.327513] PTP clock support registered
[    0.327546] EDAC MC: Ver: 3.0.0
[    0.327832] PCI: Using ACPI for IRQ routing
[    0.327834] PCI: pci_cache_line_size set to 64 bytes
[    0.328004] e820: reserve RAM buffer [mem 0x0009fc00-0x0009ffff]
[    0.328008] e820: reserve RAM buffer [mem 0x7fff0000-0x7fffffff]
[    0.328817] NetLabel: Initializing
[    0.328818] NetLabel:  domain hash size = 128
[    0.328818] NetLabel:  protocols = UNLABELED CIPSOv4 CALIPSO
[    0.328838] NetLabel:  unlabeled traffic allowed by default
[    0.329742] clocksource: Switched to clocksource kvm-clock
[    0.340537] *** VALIDATE bpf ***
[    0.340600] VFS: Disk quotas dquot_6.6.0
[    0.340612] VFS: Dquot-cache hash table entries: 512 (order 0, 4096 bytes)
[    0.340635] *** VALIDATE ramfs ***
[    0.340638] *** VALIDATE hugetlbfs ***
[    0.340719] AppArmor: AppArmor Filesystem Enabled
[    0.340745] pnp: PnP ACPI init
[    0.340810] pnp 00:00: Plug and Play ACPI device, IDs PNP0303 (active)
[    0.340876] pnp 00:01: Plug and Play ACPI device, IDs PNP0f03 (active)
[    0.341611] pnp: PnP ACPI: found 2 devices
[    0.342550] thermal_sys: Registered thermal governor 'fair_share'
[    0.342551] thermal_sys: Registered thermal governor 'bang_bang'
[    0.342552] thermal_sys: Registered thermal governor 'step_wise'
[    0.342552] thermal_sys: Registered thermal governor 'user_space'
[    0.342553] thermal_sys: Registered thermal governor 'power_allocator'
[    0.347082] clocksource: acpi_pm: mask: 0xffffff max_cycles: 0xffffff, max_idle_ns: 2085701024 ns
[    0.347122] pci_bus 0000:00: resource 4 [io  0x0000-0x0cf7 window]
[    0.347124] pci_bus 0000:00: resource 5 [io  0x0d00-0xffff window]
[    0.347125] pci_bus 0000:00: resource 6 [mem 0x000a0000-0x000bffff window]
[    0.347126] pci_bus 0000:00: resource 7 [mem 0x80000000-0xfdffffff window]
[    0.347184] NET: Registered protocol family 2
[    0.347232] IP idents hash table entries: 32768 (order: 6, 262144 bytes, linear)
[    0.347232] MPTCP tokens hash table entries: 8192 (order: 4, 65536 bytes, linear)
[    0.347232] MPTCP request tokens hash table entries: 8192 (order: 4, 65536 bytes, linear)
[    0.347232] default registered
[    0.347232] default registered
[    0.347232] MPTCP: Stable release v0.96
[    0.347232] tcp_listen_portaddr_hash hash table entries: 1024 (order: 2, 16384 bytes, linear)
[    0.347232] TCP established hash table entries: 16384 (order: 5, 131072 bytes, linear)
[    0.347232] TCP bind hash table entries: 16384 (order: 6, 262144 bytes, linear)
[    0.347232] TCP: Hash tables configured (established 16384 bind 16384)
[    0.348620] UDP hash table entries: 1024 (order: 3, 32768 bytes, linear)
[    0.348631] UDP-Lite hash table entries: 1024 (order: 3, 32768 bytes, linear)
[    0.348666] NET: Registered protocol family 1
[    0.348674] NET: Registered protocol family 44
[    0.348694] pci 0000:00:00.0: Limiting direct PCI/PCI transfers
[    0.348708] pci 0000:00:01.0: Activating ISA DMA hang workarounds
[    0.348764] pci 0000:00:02.0: Video device with shadowed ROM at [mem 0x000c0000-0x000dffff]
[    0.348830] PCI: CLS 0 bytes, default 64
[    0.348877] Trying to unpack rootfs image as initramfs...
[    0.519924] Freeing initrd memory: 47868K
[    0.519924] clocksource: tsc: mask: 0xffffffffffffffff max_cycles: 0x1e4530a99b6, max_idle_ns: 440795257976 ns
[    0.519924] clocksource: Switched to clocksource tsc
[    0.519924] platform rtc_cmos: registered platform RTC device (no PNP device found)
[    0.519924] check: Scanning for low memory corruption every 60 seconds
[    0.519924] Initialise system trusted keyrings
[    0.519924] Key type blacklist registered
[    0.519924] workingset: timestamp_bits=36 max_order=19 bucket_order=0
[    0.519924] zbud: loaded
[    0.519924] squashfs: version 4.0 (2009/01/31) Phillip Lougher
[    0.519924] fuse: init (API version 7.31)
[    0.519924] *** VALIDATE fuse ***
[    0.519924] *** VALIDATE fuse ***
[    0.519924] Platform Keyring initialized
[    0.519924] Key type asymmetric registered
[    0.519924] Asymmetric key parser 'x509' registered
[    0.519924] Block layer SCSI generic (bsg) driver version 0.4 loaded (major 244)
[    0.519924] io scheduler mq-deadline registered
[    0.519924] shpchp: Standard Hot Plug PCI Controller Driver version: 0.4
[    0.533913] ACPI: AC Adapter [AC] (on-line)
[    0.533958] input: Power Button as /devices/LNXSYSTM:00/LNXPWRBN:00/input/input0
[    0.533984] ACPI: Power Button [PWRF]
[    0.534115] input: Sleep Button as /devices/LNXSYSTM:00/LNXSLPBN:00/input/input1
[    0.534130] ACPI: Sleep Button [SLPF]
[    0.534375] Serial: 8250/16550 driver, 32 ports, IRQ sharing enabled
[    0.535519] Linux agpgart interface v0.103
[    0.631193] loop: module loaded
[    0.631341] ata_piix 0000:00:01.1: version 2.13
[    0.631741] scsi host0: ata_piix
[    0.631830] scsi host1: ata_piix
[    0.631856] ata1: PATA max UDMA/33 cmd 0x1f0 ctl 0x3f6 bmdma 0xd000 irq 14
[    0.631857] ata2: PATA max UDMA/33 cmd 0x170 ctl 0x376 bmdma 0xd008 irq 15
[    0.631938] tun: Universal TUN/TAP device driver, 1.6
[    0.632238] PPP generic driver version 2.4.2
[    0.632280] VFIO - User Level meta-driver version: 0.3
[    0.632520] ehci_hcd: USB 2.0 'Enhanced' Host Controller (EHCI) Driver
[    0.632525] ehci-pci: EHCI PCI platform driver
[    0.632539] ehci-platform: EHCI generic platform driver
[    0.632545] ohci_hcd: USB 1.1 'Open' Host Controller (OHCI) Driver
[    0.632546] ohci-pci: OHCI PCI platform driver
[    0.632553] ohci-platform: OHCI generic platform driver
[    0.632557] uhci_hcd: USB Universal Host Controller Interface driver
[    0.632621] i8042: PNP: PS/2 Controller [PNP0303:PS2K,PNP0f03:PS2M] at 0x60,0x64 irq 1,12
[    0.633052] serio: i8042 KBD port at 0x60,0x64 irq 1
[    0.633056] serio: i8042 AUX port at 0x60,0x64 irq 12
[    0.633141] mousedev: PS/2 mouse device common for all mice
[    0.633395] input: AT Translated Set 2 keyboard as /devices/platform/i8042/serio0/input/input2
[    0.633797] rtc_cmos rtc_cmos: registered as rtc0
[    0.633810] rtc_cmos rtc_cmos: alarms up to one day, 114 bytes nvram
[    0.633815] i2c /dev entries driver
[    0.633859] device-mapper: uevent: version 1.0.3
[    0.633903] device-mapper: ioctl: 4.41.0-ioctl (2019-09-16) initialised: dm-devel@redhat.com
[    0.633919] platform eisa.0: Probing EISA bus 0
[    0.633920] platform eisa.0: EISA: Cannot allocate resource for mainboard
[    0.633921] platform eisa.0: Cannot allocate resource for EISA slot 1
[    0.633922] platform eisa.0: Cannot allocate resource for EISA slot 2
[    0.633923] platform eisa.0: Cannot allocate resource for EISA slot 3
[    0.633924] platform eisa.0: Cannot allocate resource for EISA slot 4
[    0.633925] platform eisa.0: Cannot allocate resource for EISA slot 5
[    0.633926] platform eisa.0: Cannot allocate resource for EISA slot 6
[    0.633927] platform eisa.0: Cannot allocate resource for EISA slot 7
[    0.633928] platform eisa.0: Cannot allocate resource for EISA slot 8
[    0.633929] platform eisa.0: EISA: Detected 0 cards
[    0.633931] intel_pstate: CPU model not supported
[    0.633940] ledtrig-cpu: registered to indicate activity on CPUs
[    0.633995] drop_monitor: Initializing network drop monitor service
[    0.634167] NET: Registered protocol family 10
[    0.639256] Segment Routing with IPv6
[    0.639286] fullmesh registered
[    0.639287] ndiffports registered
[    0.639289] binder registered
[    0.639290] roundrobin registered
[    0.639290] redundant registered
[    0.639291] blest registered
[    0.639291] ecf registered
[    0.639293] NET: Registered protocol family 17
[    0.639323] Key type dns_resolver registered
[    0.639337] RAS: Correctable Errors collector initialized.
[    0.639337] IPI shorthand broadcast: enabled
[    0.639337] sched_clock: Marking stable (624171409, 11165967)->(637927788, -2590412)
[    0.639498] registered taskstats version 1
[    0.639506] Loading compiled-in X.509 certificates
[    0.640093] Loaded X.509 cert 'Build time autogenerated kernel key: 6909f3744cebb3d0de528d5887b96a727de79b1e'
[    0.640112] zswap: loaded using pool lzo/zbud
[    0.640165] Key type ._fscrypt registered
[    0.640166] Key type .fscrypt registered
[    0.644570] Key type big_key registered
[    0.646757] Key type encrypted registered
[    0.646759] AppArmor: AppArmor sha1 policy hashing enabled
[    0.646797] ima: No TPM chip found, activating TPM-bypass!
[    0.646801] ima: Allocated hash algorithm: sha1
[    0.646807] ima: No architecture policies found
[    0.646816] evm: Initialising EVM extended attributes:
[    0.646817] evm: security.selinux
[    0.646817] evm: security.SMACK64
[    0.646817] evm: security.SMACK64EXEC
[    0.646818] evm: security.SMACK64TRANSMUTE
[    0.646818] evm: security.SMACK64MMAP
[    0.646819] evm: security.apparmor
[    0.646819] evm: security.ima
[    0.646820] evm: security.capability
[    0.646820] evm: HMAC attrs: 0x1
[    0.647116] PM:   Magic number: 10:58:144
[    0.647117] PM:   hash matches drivers/base/power/main.c:1831
[    0.647122] ata_port ata1: hash matches
[    0.647123]  ata1: hash matches
[    0.647221] rtc_cmos rtc_cmos: setting system clock to 2026-01-12T20:06:18 UTC (1768248378)
[    0.805489] ata1.00: ATA-6: VBOX HARDDISK, 1.0, max UDMA/133
[    0.805493] ata1.00: 209715200 sectors, multi 128: LBA 
[    0.806293] scsi 0:0:0:0: Direct-Access     ATA      VBOX HARDDISK    1.0  PQ: 0 ANSI: 5
[    0.806654] sd 0:0:0:0: [sda] 209715200 512-byte logical blocks: (107 GB/100 GiB)
[    0.806671] sd 0:0:0:0: [sda] Write Protect is off
[    0.806675] sd 0:0:0:0: [sda] Mode Sense: 00 3a 00 00
[    0.806701] sd 0:0:0:0: [sda] Write cache: enabled, read cache: enabled, doesn't support DPO or FUA
[    0.806982] sd 0:0:0:0: Attached scsi generic sg0 type 0
[    0.808131]  sda: sda1 sda2
[    0.819505] sd 0:0:0:0: [sda] Attached SCSI disk
[    0.824755] Freeing unused decrypted memory: 2040K
[    0.826101] Freeing unused kernel image memory: 2728K
[    0.826105] Write protecting the kernel read-only data: 22528k
[    0.827602] Freeing unused kernel image memory: 2036K
[    0.828388] Freeing unused kernel image memory: 1432K
[    0.866491] x86/mm: Checked W+X mappings: passed, no W+X pages found.
[    0.866496] Run /init as init process
[    0.980871] ACPI: Video Device [GFX0] (multi-head: yes  rom: no  post: no)
[    0.980943] input: Video Bus as /devices/LNXSYSTM:00/LNXSYBUS:00/PNP0A03:00/LNXVIDEO:00/input/input4
[    0.993588] pcnet32: pcnet32.c:v1.35 21.Apr.2008 tsbogend@alpha.franken.de
[    0.994410] pcnet32: PCnet/FAST III 79C973 at 0xd020, 08:00:27:2f:7b:6c assigned IRQ 19
[    0.994454] pcnet32: Found PHY 0022:561b at address 0
[    0.994750] pcnet32: eth0: registered as PCnet/FAST III 79C973
[    0.996071] pcnet32: PCnet/FAST III 79C973 at 0xd060, 08:00:27:12:51:a0 assigned IRQ 16
[    0.996114] pcnet32: Found PHY 0022:561b at address 0
[    0.996397] pcnet32: eth1: registered as PCnet/FAST III 79C973
[    0.997762] piix4_smbus 0000:00:07.0: SMBus Host Controller at 0x4100, revision 0
[    1.003252] e1000: Intel(R) PRO/1000 Network Driver - version 7.3.21-k8-NAPI
[    1.003252] e1000: Copyright (c) 1999-2006 Intel Corporation.
[    1.008493] pcnet32: 2 cards_found
[    1.069604] pcnet32 0000:00:08.0 enp0s8: renamed from eth1
[    1.070352] pcnet32 0000:00:03.0 enp0s3: renamed from eth0
[    1.220292] input: ImExPS/2 Generic Explorer Mouse as /devices/platform/i8042/serio1/input/input5
[    1.407412] e1000 0000:00:09.0 eth0: (PCI:33MHz:32-bit) 08:00:27:d1:93:15
[    1.407416] e1000 0000:00:09.0 eth0: Intel(R) PRO/1000 Network Connection
[    1.408522] e1000 0000:00:09.0 enp0s9: renamed from eth0
[    1.970795] EXT4-fs (sda2): mounted filesystem with ordered data mode. Opts: (null)
[    2.124701] systemd[1]: Inserted module 'autofs4'
[    2.138365] systemd[1]: systemd 245.4-4ubuntu3 running in system mode. (+PAM +AUDIT +SELINUX +IMA +APPARMOR +SMACK +SYSVINIT +UTMP +LIBCRYPTSETUP +GCRYPT +GNUTLS +ACL +XZ +LZ4 +SECCOMP +BLKID +ELFUTILS +KMOD +IDN2 -IDN +PCRE2 default-hierarchy=hybrid)
[    2.138396] systemd[1]: Detected virtualization oracle.
[    2.138399] systemd[1]: Detected architecture x86-64.
[    2.140142] systemd[1]: Set hostname to <ztg>.
[    2.300832] systemd[1]: /lib/systemd/system/dbus.socket:5: ListenStream= references a path below legacy directory /var/run/, updating /var/run/dbus/system_bus_socket â†’ /run/dbus/system_bus_socket; please update the unit file accordingly.
[    2.376809] systemd[1]: Created slice system-modprobe.slice.
[    2.376996] systemd[1]: Created slice User and Session Slice.
[    2.377043] systemd[1]: Started Forward Password Requests to Wall Directory Watch.
[    2.377214] systemd[1]: Set up automount Arbitrary Executable File Formats File System Automount Point.
[    2.377250] systemd[1]: Reached target User and Group Name Lookups.
[    2.377259] systemd[1]: Reached target Remote File Systems.
[    2.377267] systemd[1]: Reached target Slices.
[    2.377830] systemd[1]: Listening on Syslog Socket.
[    2.377901] systemd[1]: Listening on fsck to fsckd communication Socket.
[    2.377940] systemd[1]: Listening on initctl Compatibility Named Pipe.
[    2.378079] systemd[1]: Listening on Journal Audit Socket.
[    2.378133] systemd[1]: Listening on Journal Socket (/dev/log).
[    2.378204] systemd[1]: Listening on Journal Socket.
[    2.378288] systemd[1]: Listening on udev Control Socket.
[    2.378331] systemd[1]: Listening on udev Kernel Socket.
[    2.379111] systemd[1]: Mounting Huge Pages File System...
[    2.380116] systemd[1]: Mounting POSIX Message Queue File System...
[    2.380993] systemd[1]: Mounting Kernel Debug File System...
[    2.381861] systemd[1]: Mounting Kernel Trace File System...
[    2.383846] systemd[1]: Starting Journal Service...
[    2.410530] systemd[1]: Starting Set the console keyboard layout...
[    2.414932] systemd[1]: Starting Create list of static device nodes for the current kernel...
[    2.418345] systemd[1]: Starting Load Kernel Module drm...
[    2.423698] systemd[1]: Condition check resulted in Set Up Additional Binary Formats being skipped.
[    2.423731] systemd[1]: Condition check resulted in File System Check on Root Device being skipped.
[    2.437151] systemd[1]: Starting Load Kernel Modules...
[    2.437961] systemd[1]: Starting Remount Root and Kernel File Systems...
[    2.438722] systemd[1]: Starting udev Coldplug all Devices...
[    2.439489] systemd[1]: Starting Uncomplicated firewall...
[    2.440974] systemd[1]: Mounted Huge Pages File System.
[    2.441082] systemd[1]: Mounted POSIX Message Queue File System.
[    2.441156] systemd[1]: Mounted Kernel Debug File System.
[    2.441225] systemd[1]: Mounted Kernel Trace File System.
[    2.481899] systemd[1]: Finished Create list of static device nodes for the current kernel.
[    2.485181] systemd[1]: modprobe@drm.service: Succeeded.
[    2.487922] systemd[1]: Finished Load Kernel Module drm.
[    2.491502] systemd[1]: Finished Uncomplicated firewall.
[    2.493062] EXT4-fs (sda2): re-mounted. Opts: errors=remount-ro
[    2.496867] systemd[1]: Finished Remount Root and Kernel File Systems.
[    2.497654] systemd[1]: Condition check resulted in Rebuild Hardware Database being skipped.
[    2.497687] systemd[1]: Condition check resulted in Platform Persistent Storage Archival being skipped.
[    2.500754] systemd[1]: Starting Load/Save Random Seed...
[    2.518211] systemd[1]: Starting Create System Users...
[    2.529964] systemd[1]: Finished Load/Save Random Seed.
[    2.533178] systemd[1]: Finished Create System Users.
[    2.533962] systemd[1]: Starting Create Static Device Nodes in /dev...
[    2.568325] lp: driver loaded but no devices found
[    2.577614] systemd[1]: Finished Create Static Device Nodes in /dev.
[    2.578454] systemd[1]: Starting udev Kernel Device Manager...
[    2.601833] ppdev: user-space parallel port driver
[    2.622451] systemd[1]: Finished udev Coldplug all Devices.
[    2.643974] [drm] DMA map mode: Caching DMA mappings.
[    2.644061] [drm] Capabilities:
[    2.644061] [drm]   Rect copy.
[    2.644062] [drm]   Cursor.
[    2.644062] [drm]   Cursor bypass.
[    2.644062] [drm]   Cursor bypass 2.
[    2.644063] [drm]   Alpha cursor.
[    2.644063] [drm]   Extended Fifo.
[    2.644063] [drm]   Pitchlock.
[    2.644064] [drm]   Irq mask.
[    2.644064] [drm]   GMR.
[    2.644065] [drm]   Traces.
[    2.644065] [drm]   GMR2.
[    2.644065] [drm]   Screen Object 2.
[    2.644066] [drm]   Command Buffers.
[    2.644066] [drm]   Command Buffers 2.
[    2.644066] [drm]   Guest Backed Resources.
[    2.644067] [drm] Max GMR ids is 8192
[    2.644068] [drm] Max number of GMR pages is 1048576
[    2.644068] [drm] Max dedicated hypervisor surface memory is 393216 kiB
[    2.644069] [drm] Maximum display memory size is 131072 kiB
[    2.644069] [drm] VRAM at 0xe0000000 size is 131072 kiB
[    2.644070] [drm] MMIO at 0xf0000000 size is 2048 kiB
[    2.647470] [TTM] Zone  kernel: Available graphics memory: 1011738 KiB
[    2.647471] [TTM] Initializing pool allocator
[    2.647474] [TTM] Initializing DMA pool allocator
[    2.647526] [drm] Supports vblank timestamp caching Rev 2 (21.10.2013).
[    2.647526] [drm] No driver support for vblank timestamp query.
[    2.647747] [drm] Screen Target Display device initialized
[    2.647944] [drm] width 720
[    2.647955] [drm] height 400
[    2.647959] [drm] bpp 32
[    2.648530] [drm] Fifo max 0x00200000 min 0x00001000 cap 0x00000355
[    2.649596] [drm] Using command buffers with DMA pool.
[    2.649599] [drm] DX: no.
[    2.649599] [drm] Atomic: yes.
[    2.649600] [drm] SM4_1: no.
[    2.649619] [drm:vmw_host_log [vmwgfx]] *ERROR* Failed to send host log message.
[    2.650516] [drm:vmw_host_log [vmwgfx]] *ERROR* Failed to send host log message.
[    2.675440] fbcon: svgadrmfb (fb0) is primary device
[    2.680236] Console: switching to colour frame buffer device 100x37
[    2.684254] systemd[1]: Finished Set the console keyboard layout.
[    2.684394] systemd[1]: Reached target Local File Systems (Pre).
[    2.685689] [drm] Initialized vmwgfx 2.15.0 20180704 for 0000:00:02.0 on minor 0
[    2.688373] systemd[1]: Mounting Mount unit for bare, revision 5...
[    2.695430] systemd[1]: Mounting Mount unit for core18, revision 1705...
[    2.699746] systemd[1]: Mounting Mount unit for gnome-3-34-1804, revision 24...
[    2.729541] systemd[1]: Mounting Mount unit for gtk-common-themes, revision 1506...
[    2.734353] systemd[1]: Mounting Mount unit for gtk-common-themes, revision 1535...
[    2.738151] systemd[1]: Mounting Mount unit for snap-store, revision 433...
[    2.745832] systemd[1]: Mounting Mount unit for snapd, revision 7264...
[    2.750314] systemd[1]: Finished Load Kernel Modules.
[    2.761097] systemd[1]: Mounting FUSE Control File System...
[    2.769708] systemd[1]: Mounting Kernel Configuration File System...
[    2.783857] systemd[1]: Starting Apply Kernel Variables...
[    2.790757] systemd[1]: Mounted FUSE Control File System.
[    2.790846] systemd[1]: Condition check resulted in VMware vmblock fuse mount being skipped.
[    2.803034] systemd[1]: Started udev Kernel Device Manager.
[    2.803145] systemd[1]: Mounted Mount unit for bare, revision 5.
[    2.805408] systemd[1]: Mounted Mount unit for core18, revision 1705.
[    2.805508] systemd[1]: Mounted Mount unit for gnome-3-34-1804, revision 24.
[    2.805586] systemd[1]: Mounted Kernel Configuration File System.
[    2.807348] systemd[1]: Starting Show Plymouth Boot Screen...
[    2.838819] systemd[1]: Finished Apply Kernel Variables.
[    2.839054] systemd[1]: Received SIGRTMIN+20 from PID 280 (plymouthd).
[    2.847732] systemd[1]: Mounted Mount unit for gtk-common-themes, revision 1506.
[    2.853451] systemd[1]: Started Show Plymouth Boot Screen.
[    2.853582] systemd[1]: Condition check resulted in Dispatch Password Requests to Console Directory Watch being skipped.
[    2.853682] systemd[1]: Started Forward Password Requests to Plymouth Directory Watch.
[    2.853712] systemd[1]: Reached target Local Encrypted Volumes.
[    2.869982] systemd[1]: Mounted Mount unit for gtk-common-themes, revision 1535.
[    2.871910] systemd[1]: Mounted Mount unit for snap-store, revision 433.
[    2.872122] systemd[1]: Mounted Mount unit for snapd, revision 7264.
[    2.872282] systemd[1]: Reached target Local File Systems.
[    2.886091] systemd[1]: Starting Load AppArmor profiles...
[    2.886940] systemd[1]: Starting Set console font and keymap...
[    2.898494] systemd[1]: Starting Tell Plymouth To Write Out Runtime Data...
[    2.902483] systemd[1]: Condition check resulted in Store a System Token in an EFI Variable being skipped.
[    2.902512] systemd[1]: Condition check resulted in Commit a transient machine-id on disk being skipped.
[    2.902910] systemd[1]: Finished Set console font and keymap.
[    2.926998] systemd[1]: Received SIGRTMIN+20 from PID 280 (plymouthd).
[    2.928949] systemd[1]: plymouth-read-write.service: Succeeded.
[    2.929190] systemd[1]: Finished Tell Plymouth To Write Out Runtime Data.
[    2.944752] audit: type=1400 audit(1768248380.796:2): apparmor="STATUS" operation="profile_load" profile="unconfined" name="nvidia_modprobe" pid=302 comm="apparmor_parser"
[    2.944777] audit: type=1400 audit(1768248380.796:3): apparmor="STATUS" operation="profile_load" profile="unconfined" name="nvidia_modprobe//kmod" pid=302 comm="apparmor_parser"
[    2.949808] audit: type=1400 audit(1768248380.800:4): apparmor="STATUS" operation="profile_load" profile="unconfined" name="/usr/sbin/tcpdump" pid=303 comm="apparmor_parser"
[    2.995375] audit: type=1400 audit(1768248380.836:5): apparmor="STATUS" operation="profile_load" profile="unconfined" name="/usr/bin/evince" pid=305 comm="apparmor_parser"
[    2.995377] audit: type=1400 audit(1768248380.836:6): apparmor="STATUS" operation="profile_load" profile="unconfined" name="/usr/bin/evince//sanitized_helper" pid=305 comm="apparmor_parser"
[    2.995378] audit: type=1400 audit(1768248380.836:7): apparmor="STATUS" operation="profile_load" profile="unconfined" name="/usr/bin/evince-previewer" pid=305 comm="apparmor_parser"
[    2.995380] audit: type=1400 audit(1768248380.836:8): apparmor="STATUS" operation="profile_load" profile="unconfined" name="/usr/bin/evince-previewer//sanitized_helper" pid=305 comm="apparmor_parser"
[    2.995381] audit: type=1400 audit(1768248380.836:9): apparmor="STATUS" operation="profile_load" profile="unconfined" name="/usr/bin/evince-thumbnailer" pid=305 comm="apparmor_parser"
[    3.009586] audit: type=1400 audit(1768248380.860:10): apparmor="STATUS" operation="profile_load" profile="unconfined" name="/usr/lib/cups/backend/cups-pdf" pid=306 comm="apparmor_parser"
[    3.087692] systemd[1]: Finished Load AppArmor profiles.
[    3.088601] systemd[1]: Starting Load AppArmor profiles managed internally by snapd...
[    3.154649] systemd[1]: Finished Load AppArmor profiles managed internally by snapd.
[    3.400200] systemd[1]: Started Journal Service.
[    3.408289] systemd-journald[229]: Received client request to flush runtime journal.
[    3.410276] systemd-journald[229]: File /var/log/journal/c455b248004a419c87ce85eea238d727/system.journal corrupted or uncleanly shut down, renaming and replacing.
[    4.699808] RAPL PMU: API unit is 2^-32 Joules, 0 fixed counters, 10737418240 ms ovfl timer
[    4.743653] cryptd: max_cpu_qlen set to 1000
[    4.818426] AVX2 version of gcm_enc/dec engaged.
[    4.818427] AES CTR mode by8 optimization enabled
[    5.617293] Adding 1998844k swap on /dev/sda1.  Priority:-2 extents:1 across:1998844k FS
[    6.788692] kauditd_printk_skb: 30 callbacks suppressed
[    6.788694] audit: type=1400 audit(1768248384.636:41): apparmor="DENIED" operation="capable" profile="/usr/sbin/cups-browsed" pid=511 comm="cups-browsed" capability=23  capname="sys_nice"
[    8.213321] pcnet32 0000:00:03.0 enp0s3: link up, 100Mbps, full-duplex
[    8.228061] pcnet32 0000:00:08.0 enp0s8: link up, 100Mbps, full-duplex
[    8.259503] e1000: enp0s9 NIC Link is Up 1000 Mbps Full Duplex, Flow Control: RX
[    8.259790] IPv6: ADDRCONF(NETDEV_CHANGE): enp0s9: link becomes ready
[    8.730424] device enp0s8 entered promiscuous mode
[    8.742649] device enp0s3 entered promiscuous mode
[    8.775391] audit: type=1400 audit(1768248386.620:42): apparmor="DENIED" operation="open" profile="/usr/sbin/tcpdump" name="/proc/sys/kernel/random/boot_id" pid=650 comm="tcpdump" requested_mask="r" denied_mask="r" fsuid=0 ouid=0
[    8.776878] audit: type=1400 audit(1768248386.628:43): apparmor="DENIED" operation="open" profile="/usr/sbin/tcpdump" name="/proc/sys/kernel/random/boot_id" pid=650 comm="tcpdump" requested_mask="r" denied_mask="r" fsuid=0 ouid=0
[    8.776966] audit: type=1400 audit(1768248386.628:44): apparmor="DENIED" operation="open" profile="/usr/sbin/tcpdump" name="/proc/sys/kernel/random/boot_id" pid=650 comm="tcpdump" requested_mask="r" denied_mask="r" fsuid=0 ouid=0
[    8.777071] audit: type=1400 audit(1768248386.628:45): apparmor="DENIED" operation="open" profile="/usr/sbin/tcpdump" name="/proc/sys/kernel/random/boot_id" pid=650 comm="tcpdump" requested_mask="r" denied_mask="r" fsuid=0 ouid=0
[    8.777354] audit: type=1400 audit(1768248386.628:46): apparmor="DENIED" operation="open" profile="/usr/sbin/tcpdump" name="/proc/sys/kernel/random/boot_id" pid=649 comm="tcpdump" requested_mask="r" denied_mask="r" fsuid=0 ouid=0
[    8.777678] audit: type=1400 audit(1768248386.628:47): apparmor="DENIED" operation="open" profile="/usr/sbin/tcpdump" name="/proc/sys/kernel/random/boot_id" pid=649 comm="tcpdump" requested_mask="r" denied_mask="r" fsuid=0 ouid=0
[    8.777719] audit: type=1400 audit(1768248386.628:48): apparmor="DENIED" operation="open" profile="/usr/sbin/tcpdump" name="/proc/sys/kernel/random/boot_id" pid=649 comm="tcpdump" requested_mask="r" denied_mask="r" fsuid=0 ouid=0
[    8.777773] audit: type=1400 audit(1768248386.628:49): apparmor="DENIED" operation="open" profile="/usr/sbin/tcpdump" name="/proc/sys/kernel/random/boot_id" pid=649 comm="tcpdump" requested_mask="r" denied_mask="r" fsuid=0 ouid=0
[    8.780343] audit: type=1400 audit(1768248386.628:50): apparmor="DENIED" operation="open" profile="/usr/sbin/tcpdump" name="/proc/sys/kernel/random/boot_id" pid=651 comm="tcpdump" requested_mask="r" denied_mask="r" fsuid=0 ouid=0
[   13.558955] rfkill: input handler disabled
[  682.776939] AAAAA-TCP_FORW: name:enp0s3: saddr:16783984: daddr:100932208
[  683.484408] AAAAA-TCP_FORW: name:enp0s3: saddr:16783984: daddr:100932208
[  683.660862] AAAAA-TCP_FORW: name:enp0s3: saddr:16783984: daddr:100932208
[  683.661166] AAAAA-TCP_FORW: name:enp0s3: saddr:16783984: daddr:100932208
[  684.040527] AAAAA-TCP_FORW: name:enp0s3: saddr:33561200: daddr:100932208
[  684.313106] AAAAA-TCP_FORW: name:enp0s3: saddr:16783984: daddr:100932208
[  684.411864] AAAAA-TCP_FORW: name:enp0s3: saddr:33561200: daddr:100932208
[  684.585719] AAAAA-TCP_FORW: name:enp0s3: saddr:16783984: daddr:100932208
[  684.585751] AAAAA-TCP_FORW: name:enp0s3: saddr:33561200: daddr:100932208
[  684.995233] AAAAA-TCP_FORW: name:enp0s3: saddr:16783984: daddr:100932208
[  685.218912] AAAAA-TCP_FORW: name:enp0s3: saddr:16783984: daddr:100932208
[  685.385136] AAAAA-TCP_FORW: name:enp0s3: saddr:16783984: daddr:100932208
[  685.386412] AAAAA-TCP_FORW: name:enp0s3: saddr:33561200: daddr:100932208
[  685.510237] AAAAA-TCP_FORW: name:enp0s3: saddr:33561200: daddr:100932208
[  685.614396] AAAAA-TCP_FORW: name:enp0s3: saddr:33561200: daddr:100932208
[  685.731136] AAAAA-TCP_FORW: name:enp0s3: saddr:33561200: daddr:100932208
[  685.886205] AAAAA-TCP_FORW: name:enp0s3: saddr:16783984: daddr:100932208
[  685.979374] AAAAA-TCP_FORW: name:enp0s3: saddr:16783984: daddr:100932208
[  686.080493] AAAAA-TCP_FORW: name:enp0s3: saddr:16783984: daddr:100932208
[  686.290467] AAAAA-TCP_FORW: name:enp0s3: saddr:16783984: daddr:100932208
[  686.383497] AAAAA-TCP_FORW: name:enp0s3: saddr:16783984: daddr:100932208
[  686.596483] AAAAA-TCP_FORW: name:enp0s3: saddr:16783984: daddr:100932208
[  730.020044] AAAAA-TCP_FORW: name:enp0s3: saddr:16783984: daddr:100932208
[  730.484819] AAAAA-TCP_FORW: name:enp0s3: saddr:16783984: daddr:100932208
[  730.779193] AAAAA-TCP_FORW: name:enp0s3: saddr:16783984: daddr:100932208
[  730.995718] AAAAA-TCP_FORW: name:enp0s3: saddr:16783984: daddr:100932208
[  731.198486] AAAAA-TCP_FORW: name:enp0s3: saddr:16783984: daddr:100932208
[  731.285020] AAAAA-TCP_FORW: name:enp0s3: saddr:16783984: daddr:100932208
[  731.509185] AAAAA-TCP_FORW: name:enp0s3: saddr:16783984: daddr:100932208
[  731.626172] AAAAA-TCP_FORW: name:enp0s3: saddr:16783984: daddr:100932208
[  731.739754] AAAAA-TCP_FORW: name:enp0s3: saddr:16783984: daddr:100932208
[  731.908241] AAAAA-TCP_FORW: name:enp0s3: saddr:16783984: daddr:100932208
[  731.967674] AAAAA-TCP_FORW: name:enp0s3: saddr:16783984: daddr:100932208
[  732.032716] AAAAA-TCP_FORW: name:enp0s3: saddr:16783984: daddr:100932208
[  732.228377] AAAAA-TCP_FORW: name:enp0s3: saddr:16783984: daddr:100932208
[  733.379778] AAAAA-TCP_FORW: name:enp0s3: saddr:16783984: daddr:100932208
[  733.540936] AAAAA-TCP_FORW: name:enp0s3: saddr:16783984: daddr:100932208
[  733.696606] AAAAA-TCP_FORW: name:enp0s3: saddr:16783984: daddr:100932208
[  734.012824] AAAAA-TCP_FORW: name:enp0s3: saddr:16783984: daddr:100932208
[  734.357928] AAAAA-TCP_FORW: name:enp0s3: saddr:16783984: daddr:100932208
[  734.564611] AAAAA-TCP_FORW: name:enp0s3: saddr:16783984: daddr:100932208
[  734.736588] AAAAA-TCP_FORW: name:enp0s3: saddr:16783984: daddr:100932208
[  735.024293] AAAAA-TCP_FORW: name:enp0s3: saddr:16783984: daddr:100932208
[  735.207230] AAAAA-TCP_FORW: name:enp0s3: saddr:16783984: daddr:100932208
[  735.274020] AAAAA-TCP_FORW: name:enp0s3: saddr:16783984: daddr:100932208
[  735.400738] AAAAA-TCP_FORW: name:enp0s3: saddr:16783984: daddr:100932208
[  735.566526] AAAAA-TCP_FORW: name:enp0s3: saddr:16783984: daddr:100932208
[  735.749607] AAAAA-TCP_FORW: name:enp0s3: saddr:16783984: daddr:100932208
[  735.811297] AAAAA-TCP_FORW: name:enp0s3: saddr:16783984: daddr:100932208
[  736.007034] AAAAA-TCP_FORW: name:enp0s3: saddr:16783984: daddr:100932208
[  736.099434] AAAAA-TCP_FORW: name:enp0s3: saddr:16783984: daddr:100932208
[  736.253911] AAAAA-TCP_FORW: name:enp0s3: saddr:16783984: daddr:100932208
[  736.421794] AAAAA-TCP_FORW: name:enp0s3: saddr:16783984: daddr:100932208
[  736.562755] AAAAA-TCP_FORW: name:enp0s3: saddr:16783984: daddr:100932208
[  736.819460] AAAAA-TCP_FORW: name:enp0s3: saddr:16783984: daddr:100932208
[  737.114384] AAAAA-TCP_FORW: name:enp0s3: saddr:16783984: daddr:100932208
[  737.301787] AAAAA-TCP_FORW: name:enp0s3: saddr:16783984: daddr:100932208
[  930.092968] rfkill: input handler enabled
[  938.438562] rfkill: input handler disabled
[ 1130.502799] device enp0s3 left promiscuous mode
[ 1130.504763] device enp0s8 left promiscuous mode
