[    0.000000] Linux version 5.4.243-mptcp (root@ztg) (gcc version 12.2.0 (Debian 12.2.0-14+deb12u1)) #53 SMP Wed Dec 24 23:28:15 CST 2025
[    0.000000] Command line: BOOT_IMAGE=/boot/vmlinuz-5.4.243-mptcp root=UUID=98415a12-53b7-4144-8265-0f7ece09e445 ro quiet splash
[    0.000000] KERNEL supported cpus:
[    0.000000]   Intel GenuineIntel
[    0.000000]   AMD AuthenticAMD
[    0.000000]   Hygon HygonGenuine
[    0.000000]   Centaur CentaurHauls
[    0.000000]   zhaoxin   Shanghai  
[    0.000000] x86/fpu: Supporting XSAVE feature 0x001: 'x87 floating point registers'
[    0.000000] x86/fpu: Supporting XSAVE feature 0x002: 'SSE registers'
[    0.000000] x86/fpu: Supporting XSAVE feature 0x004: 'AVX registers'
[    0.000000] x86/fpu: xstate_offset[2]:  576, xstate_sizes[2]:  256
[    0.000000] x86/fpu: Enabled xstate features 0x7, context size is 832 bytes, using 'standard' format.
[    0.000000] BIOS-provided physical RAM map:
[    0.000000] BIOS-e820: [mem 0x0000000000000000-0x000000000009fbff] usable
[    0.000000] BIOS-e820: [mem 0x000000000009fc00-0x000000000009ffff] reserved
[    0.000000] BIOS-e820: [mem 0x00000000000f0000-0x00000000000fffff] reserved
[    0.000000] BIOS-e820: [mem 0x0000000000100000-0x000000007ffeffff] usable
[    0.000000] BIOS-e820: [mem 0x000000007fff0000-0x000000007fffffff] ACPI data
[    0.000000] BIOS-e820: [mem 0x00000000fec00000-0x00000000fec00fff] reserved
[    0.000000] BIOS-e820: [mem 0x00000000fee00000-0x00000000fee00fff] reserved
[    0.000000] BIOS-e820: [mem 0x00000000fffc0000-0x00000000ffffffff] reserved
[    0.000000] NX (Execute Disable) protection: active
[    0.000000] SMBIOS 2.5 present.
[    0.000000] DMI: innotek GmbH VirtualBox/VirtualBox, BIOS VirtualBox 12/01/2006
[    0.000000] Hypervisor detected: KVM
[    0.000000] kvm-clock: Using msrs 4b564d01 and 4b564d00
[    0.000000] kvm-clock: cpu 0, msr 3e201001, primary cpu clock
[    0.000000] kvm-clock: using sched offset of 4481347305 cycles
[    0.000003] clocksource: kvm-clock: mask: 0xffffffffffffffff max_cycles: 0x1cd42e4dffb, max_idle_ns: 881590591483 ns
[    0.000006] tsc: Detected 2100.000 MHz processor
[    0.002034] e820: update [mem 0x00000000-0x00000fff] usable ==> reserved
[    0.002036] e820: remove [mem 0x000a0000-0x000fffff] usable
[    0.002040] last_pfn = 0x7fff0 max_arch_pfn = 0x400000000
[    0.002109] MTRR default type: uncachable
[    0.002110] MTRR fixed ranges enabled:
[    0.002111]   00000-9FFFF write-back
[    0.002111]   A0000-BFFFF uncachable
[    0.002112]   C0000-FFFFF write-protect
[    0.002113] MTRR variable ranges enabled:
[    0.002114]   0 base 000000000000 mask 3FFF80000000 write-back
[    0.002115]   1 disabled
[    0.002115]   2 disabled
[    0.002116]   3 disabled
[    0.002116]   4 disabled
[    0.002116]   5 disabled
[    0.002117]   6 disabled
[    0.002117]   7 disabled
[    0.002118]   8 disabled
[    0.002118]   9 disabled
[    0.002119]   10 disabled
[    0.002119]   11 disabled
[    0.002119]   12 disabled
[    0.002120]   13 disabled
[    0.002120]   14 disabled
[    0.002121]   15 disabled
[    0.002139] x86/PAT: Configuration [0-7]: WB  WC  UC- UC  WB  WP  UC- WT  
[    0.002297] found SMP MP-table at [mem 0x0009fff0-0x0009ffff]
[    0.114472] check: Scanning 1 areas for low memory corruption
[    0.114727] RAMDISK: [mem 0x32271000-0x3512ffff]
[    0.114736] ACPI: Early table checksum verification disabled
[    0.114742] ACPI: RSDP 0x00000000000E0000 000024 (v02 VBOX  )
[    0.114748] ACPI: XSDT 0x000000007FFF0030 00003C (v01 VBOX   VBOXXSDT 00000001 ASL  00000061)
[    0.114755] ACPI: FACP 0x000000007FFF00F0 0000F4 (v04 VBOX   VBOXFACP 00000001 ASL  00000061)
[    0.114763] ACPI: DSDT 0x000000007FFF02E0 002353 (v02 VBOX   VBOXBIOS 00000002 VBOX 00029BF3)
[    0.114767] ACPI: FACS 0x000000007FFF0200 000040
[    0.114771] ACPI: FACS 0x000000007FFF0200 000040
[    0.114775] ACPI: APIC 0x000000007FFF0240 000054 (v02 VBOX   VBOXAPIC 00000001 ASL  00000061)
[    0.114779] ACPI: SSDT 0x000000007FFF02A0 000038 (v01 VBOX   VBOXCPUT 00000002 VBOX 00029BF3)
[    0.114783] ACPI: Reserving FACP table memory at [mem 0x7fff00f0-0x7fff01e3]
[    0.114784] ACPI: Reserving DSDT table memory at [mem 0x7fff02e0-0x7fff2632]
[    0.114784] ACPI: Reserving FACS table memory at [mem 0x7fff0200-0x7fff023f]
[    0.114785] ACPI: Reserving FACS table memory at [mem 0x7fff0200-0x7fff023f]
[    0.114786] ACPI: Reserving APIC table memory at [mem 0x7fff0240-0x7fff0293]
[    0.114786] ACPI: Reserving SSDT table memory at [mem 0x7fff02a0-0x7fff02d7]
[    0.114803] ACPI: Local APIC address 0xfee00000
[    0.115006] No NUMA configuration found
[    0.115007] Faking a node at [mem 0x0000000000000000-0x000000007ffeffff]
[    0.115017] NODE_DATA(0) allocated [mem 0x7ffc5000-0x7ffeffff]
[    0.115292] Zone ranges:
[    0.115293]   DMA      [mem 0x0000000000001000-0x0000000000ffffff]
[    0.115294]   DMA32    [mem 0x0000000001000000-0x000000007ffeffff]
[    0.115295]   Normal   empty
[    0.115295]   Device   empty
[    0.115297] Movable zone start for each node
[    0.115299] Early memory node ranges
[    0.115300]   node   0: [mem 0x0000000000001000-0x000000000009efff]
[    0.115301]   node   0: [mem 0x0000000000100000-0x000000007ffeffff]
[    0.115304] Zeroed struct page in unavailable ranges: 114 pages
[    0.115305] Initmem setup node 0 [mem 0x0000000000001000-0x000000007ffeffff]
[    0.115306] On node 0 totalpages: 524174
[    0.115307]   DMA zone: 64 pages used for memmap
[    0.115308]   DMA zone: 21 pages reserved
[    0.115309]   DMA zone: 3998 pages, LIFO batch:0
[    0.115381]   DMA32 zone: 8128 pages used for memmap
[    0.115381]   DMA32 zone: 520176 pages, LIFO batch:63
[    0.124401] ACPI: PM-Timer IO Port: 0x4008
[    0.124406] ACPI: Local APIC address 0xfee00000
[    0.124481] IOAPIC[0]: apic_id 1, version 32, address 0xfec00000, GSI 0-23
[    0.124485] ACPI: INT_SRC_OVR (bus 0 bus_irq 0 global_irq 2 dfl dfl)
[    0.124487] ACPI: INT_SRC_OVR (bus 0 bus_irq 9 global_irq 9 low level)
[    0.124489] ACPI: IRQ0 used by override.
[    0.124490] ACPI: IRQ9 used by override.
[    0.124493] Using ACPI (MADT) for SMP configuration information
[    0.124502] smpboot: Allowing 1 CPUs, 0 hotplug CPUs
[    0.124528] PM: Registered nosave memory: [mem 0x00000000-0x00000fff]
[    0.124530] PM: Registered nosave memory: [mem 0x0009f000-0x0009ffff]
[    0.124530] PM: Registered nosave memory: [mem 0x000a0000-0x000effff]
[    0.124531] PM: Registered nosave memory: [mem 0x000f0000-0x000fffff]
[    0.124533] [mem 0x80000000-0xfebfffff] available for PCI devices
[    0.124534] Booting paravirtualized kernel on KVM
[    0.124537] clocksource: refined-jiffies: mask: 0xffffffff max_cycles: 0xffffffff, max_idle_ns: 7645519600211568 ns
[    0.124543] setup_percpu: NR_CPUS:8192 nr_cpumask_bits:1 nr_cpu_ids:1 nr_node_ids:1
[    0.125572] percpu: Embedded 60 pages/cpu s208896 r8192 d28672 u2097152
[    0.125577] pcpu-alloc: s208896 r8192 d28672 u2097152 alloc=1*2097152
[    0.125578] pcpu-alloc: [0] 0 
[    0.125606] Built 1 zonelists, mobility grouping on.  Total pages: 515961
[    0.125607] Policy zone: DMA32
[    0.125609] Kernel command line: BOOT_IMAGE=/boot/vmlinuz-5.4.243-mptcp root=UUID=98415a12-53b7-4144-8265-0f7ece09e445 ro quiet splash
[    0.126457] Dentry cache hash table entries: 262144 (order: 9, 2097152 bytes, linear)
[    0.126606] Inode-cache hash table entries: 131072 (order: 8, 1048576 bytes, linear)
[    0.126660] mem auto-init: stack:off, heap alloc:on, heap free:off
[    0.126663] Calgary: detecting Calgary via BIOS EBDA area
[    0.126664] Calgary: Unable to locate Rio Grande table in EBDA - bailing!
[    0.130688] Memory: 1967332K/2096696K available (14339K kernel code, 2398K rwdata, 4712K rodata, 2728K init, 17260K bss, 129364K reserved, 0K cma-reserved)
[    0.131631] SLUB: HWalign=64, Order=0-3, MinObjects=0, CPUs=1, Nodes=1
[    0.131648] ftrace: allocating 43186 entries in 169 pages
[    0.149704] rcu: Hierarchical RCU implementation.
[    0.149706] rcu: 	RCU restricting CPUs from NR_CPUS=8192 to nr_cpu_ids=1.
[    0.149707] 	Tasks RCU enabled.
[    0.149708] rcu: RCU calculated value of scheduler-enlistment delay is 25 jiffies.
[    0.149709] rcu: Adjusting geometry for rcu_fanout_leaf=16, nr_cpu_ids=1
[    0.152669] NR_IRQS: 524544, nr_irqs: 256, preallocated irqs: 16
[    0.152896] random: crng init done
[    0.162209] Console: colour VGA+ 80x25
[    0.162213] printk: console [tty0] enabled
[    0.162234] ACPI: Core revision 20190816
[    0.162332] APIC: Switch to symmetric I/O mode setup
[    0.162583] x2apic enabled
[    0.162822] Switched APIC routing to physical x2apic.
[    0.163968] ..TIMER: vector=0x30 apic1=0 pin1=2 apic2=-1 pin2=-1
[    0.163993] clocksource: tsc-early: mask: 0xffffffffffffffff max_cycles: 0x1e4530a99b6, max_idle_ns: 440795257976 ns
[    0.163998] Calibrating delay loop (skipped) preset value.. 4200.00 BogoMIPS (lpj=8400000)
[    0.164000] pid_max: default: 32768 minimum: 301
[    0.164028] LSM: Security Framework initializing
[    0.164037] Yama: becoming mindful.
[    0.164061] AppArmor: AppArmor initialized
[    0.164094] Mount-cache hash table entries: 4096 (order: 3, 32768 bytes, linear)
[    0.164098] Mountpoint-cache hash table entries: 4096 (order: 3, 32768 bytes, linear)
[    0.164108] *** VALIDATE tmpfs ***
[    0.164237] *** VALIDATE proc ***
[    0.164278] *** VALIDATE cgroup1 ***
[    0.164279] *** VALIDATE cgroup2 ***
[    0.164422] process: using mwait in idle threads
[    0.164427] Last level iTLB entries: 4KB 64, 2MB 8, 4MB 8
[    0.164428] Last level dTLB entries: 4KB 64, 2MB 0, 4MB 0, 1GB 4
[    0.164449] Spectre V1 : Mitigation: usercopy/swapgs barriers and __user pointer sanitization
[    0.164455] Spectre V2 : Mitigation: Retpolines
[    0.164455] Spectre V2 : Spectre v2 / SpectreRSB mitigation: Filling RSB on context switch
[    0.164456] Spectre V2 : Spectre v2 / SpectreRSB : Filling RSB on VMEXIT
[    0.164456] RETBleed: WARNING: Spectre v2 mitigation leaves CPU vulnerable to RETBleed attacks, data leaks possible!
[    0.164811] RETBleed: Vulnerable
[    0.164812] Speculative Store Bypass: Vulnerable
[    0.164817] TAA: Mitigation: TSX disabled
[    0.164817] MMIO Stale Data: Mitigation: Clear CPU buffers
[    0.168983] Freeing SMP alternatives memory: 40K
[    0.281588] smpboot: CPU0: Intel(R) Xeon(R) Silver 4216 CPU @ 2.10GHz (family: 0x6, model: 0x55, stepping: 0x7)
[    0.281731] Performance Events: unsupported p6 CPU model 85 no PMU driver, software events only.
[    0.281769] rcu: Hierarchical SRCU implementation.
[    0.282265] NMI watchdog: Perf NMI watchdog permanently disabled
[    0.282306] smp: Bringing up secondary CPUs ...
[    0.282307] smp: Brought up 1 node, 1 CPU
[    0.282308] smpboot: Max logical packages: 1
[    0.282309] smpboot: Total of 1 processors activated (4200.00 BogoMIPS)
[    0.283294] devtmpfs: initialized
[    0.283342] x86/mm: Memory block size: 128MB
[    0.283693] clocksource: jiffies: mask: 0xffffffff max_cycles: 0xffffffff, max_idle_ns: 7645041785100000 ns
[    0.283698] futex hash table entries: 256 (order: 2, 16384 bytes, linear)
[    0.283744] pinctrl core: initialized pinctrl subsystem
[    0.283848] PM: RTC time: 09:19:41, date: 2026-01-13
[    0.283964] NET: Registered protocol family 16
[    0.283995] audit: initializing netlink subsys (disabled)
[    0.283995] EISA bus registered
[    0.283995] cpuidle: using governor ladder
[    0.283995] cpuidle: using governor menu
[    0.283995] ACPI: bus type PCI registered
[    0.283995] acpiphp: ACPI Hot Plug PCI Controller Driver version: 0.5
[    0.283995] PCI: Using configuration type 1 for base access
[    0.284407] audit: type=2000 audit(1768267188.254:1): state=initialized audit_enabled=0 res=1
[    0.284492] HugeTLB registered 2.00 MiB page size, pre-allocated 0 pages
[    0.285392] ACPI: Added _OSI(Module Device)
[    0.285392] ACPI: Added _OSI(Processor Device)
[    0.285393] ACPI: Added _OSI(3.0 _SCP Extensions)
[    0.285394] ACPI: Added _OSI(Processor Aggregator Device)
[    0.285395] ACPI: Added _OSI(Linux-Dell-Video)
[    0.285396] ACPI: Added _OSI(Linux-Lenovo-NV-HDMI-Audio)
[    0.285396] ACPI: Added _OSI(Linux-HPI-Hybrid-Graphics)
[    0.287370] ACPI: 2 ACPI AML tables successfully acquired and loaded
[    0.288964] ACPI: Interpreter enabled
[    0.288974] ACPI: (supports S0 S5)
[    0.288975] ACPI: Using IOAPIC for interrupt routing
[    0.289182] PCI: Using host bridge windows from ACPI; if necessary, use "pci=nocrs" and report a bug
[    0.289292] ACPI: Enabled 2 GPEs in block 00 to 07
[    0.294391] ACPI: PCI Root Bridge [PCI0] (domain 0000 [bus 00-ff])
[    0.294396] acpi PNP0A03:00: _OSC: OS supports [ASPM ClockPM Segments MSI HPX-Type3]
[    0.294842] acpi PNP0A03:00: _OSC: not requesting OS control; OS requires [ExtendedConfig ASPM ClockPM MSI]
[    0.294851] acpi PNP0A03:00: fail to add MMCONFIG information, can't access extended PCI configuration space under this bridge.
[    0.295265] PCI host bridge to bus 0000:00
[    0.295267] pci_bus 0000:00: root bus resource [io  0x0000-0x0cf7 window]
[    0.295268] pci_bus 0000:00: root bus resource [io  0x0d00-0xffff window]
[    0.295269] pci_bus 0000:00: root bus resource [mem 0x000a0000-0x000bffff window]
[    0.295270] pci_bus 0000:00: root bus resource [mem 0x80000000-0xfdffffff window]
[    0.295271] pci_bus 0000:00: root bus resource [bus 00-ff]
[    0.295321] pci 0000:00:00.0: [8086:1237] type 00 class 0x060000
[    0.296259] pci 0000:00:01.0: [8086:7000] type 00 class 0x060100
[    0.297120] pci 0000:00:01.1: [8086:7111] type 00 class 0x01018a
[    0.297550] pci 0000:00:01.1: reg 0x20: [io  0xd000-0xd00f]
[    0.297727] pci 0000:00:01.1: legacy IDE quirk: reg 0x10: [io  0x01f0-0x01f7]
[    0.297728] pci 0000:00:01.1: legacy IDE quirk: reg 0x14: [io  0x03f6]
[    0.297729] pci 0000:00:01.1: legacy IDE quirk: reg 0x18: [io  0x0170-0x0177]
[    0.297730] pci 0000:00:01.1: legacy IDE quirk: reg 0x1c: [io  0x0376]
[    0.298305] pci 0000:00:02.0: [15ad:0405] type 00 class 0x030000
[    0.300077] pci 0000:00:02.0: reg 0x10: [io  0xd010-0xd01f]
[    0.304044] pci 0000:00:02.0: reg 0x14: [mem 0xe0000000-0xe7ffffff pref]
[    0.306622] pci 0000:00:02.0: reg 0x18: [mem 0xf0000000-0xf01fffff]
[    0.316825] pci 0000:00:03.0: [1022:2000] type 00 class 0x020000
[    0.317541] pci 0000:00:03.0: reg 0x10: [io  0xd020-0xd03f]
[    0.318168] pci 0000:00:03.0: reg 0x14: [mem 0xf0200000-0xf0200fff]
[    0.323191] pci 0000:00:04.0: [80ee:cafe] type 00 class 0x088000
[    0.323897] pci 0000:00:04.0: reg 0x10: [io  0xd040-0xd05f]
[    0.324123] pci 0000:00:04.0: reg 0x14: [mem 0xf0400000-0xf07fffff]
[    0.324753] pci 0000:00:04.0: reg 0x18: [mem 0xf0800000-0xf0803fff pref]
[    0.328044] pci 0000:00:07.0: [8086:7113] type 00 class 0x068000
[    0.328686] pci 0000:00:07.0: quirk: [io  0x4000-0x403f] claimed by PIIX4 ACPI
[    0.328699] pci 0000:00:07.0: quirk: [io  0x4100-0x410f] claimed by PIIX4 SMB
[    0.329355] pci 0000:00:08.0: [8086:100e] type 00 class 0x020000
[    0.330088] pci 0000:00:08.0: reg 0x10: [mem 0xf0820000-0xf083ffff]
[    0.332122] pci 0000:00:08.0: reg 0x18: [io  0xd060-0xd067]
[    0.335487] pci 0000:00:09.0: [8086:100e] type 00 class 0x020000
[    0.336117] pci 0000:00:09.0: reg 0x10: [mem 0xf0840000-0xf085ffff]
[    0.337300] pci 0000:00:09.0: reg 0x18: [io  0xd068-0xd06f]
[    0.348741] ACPI: PCI Interrupt Link [LNKA] (IRQs 5 9 10 *11)
[    0.349030] ACPI: PCI Interrupt Link [LNKB] (IRQs 5 9 *10 11)
[    0.349149] ACPI: PCI Interrupt Link [LNKC] (IRQs 5 *9 10 11)
[    0.349262] ACPI: PCI Interrupt Link [LNKD] (IRQs 5 9 10 *11)
[    0.349538] iommu: Default domain type: Translated 
[    0.349605] pci 0000:00:02.0: vgaarb: setting as boot VGA device
[    0.349607] pci 0000:00:02.0: vgaarb: VGA device added: decodes=io+mem,owns=io+mem,locks=none
[    0.349609] pci 0000:00:02.0: vgaarb: bridge control possible
[    0.349610] vgaarb: loaded
[    0.349831] SCSI subsystem initialized
[    0.349864] libata version 3.00 loaded.
[    0.349890] ACPI: bus type USB registered
[    0.349907] usbcore: registered new interface driver usbfs
[    0.349912] usbcore: registered new interface driver hub
[    0.349918] usbcore: registered new device driver usb
[    0.349947] pps_core: LinuxPPS API ver. 1 registered
[    0.349948] pps_core: Software ver. 5.3.6 - Copyright 2005-2007 Rodolfo Giometti <giometti@linux.it>
[    0.349950] PTP clock support registered
[    0.349988] EDAC MC: Ver: 3.0.0
[    0.350308] PCI: Using ACPI for IRQ routing
[    0.350310] PCI: pci_cache_line_size set to 64 bytes
[    0.350505] e820: reserve RAM buffer [mem 0x0009fc00-0x0009ffff]
[    0.350509] e820: reserve RAM buffer [mem 0x7fff0000-0x7fffffff]
[    0.351340] NetLabel: Initializing
[    0.351341] NetLabel:  domain hash size = 128
[    0.351341] NetLabel:  protocols = UNLABELED CIPSOv4 CALIPSO
[    0.351362] NetLabel:  unlabeled traffic allowed by default
[    0.352194] clocksource: Switched to clocksource kvm-clock
[    0.363182] *** VALIDATE bpf ***
[    0.363182] VFS: Disk quotas dquot_6.6.0
[    0.363182] VFS: Dquot-cache hash table entries: 512 (order 0, 4096 bytes)
[    0.363182] *** VALIDATE ramfs ***
[    0.363182] *** VALIDATE hugetlbfs ***
[    0.363182] AppArmor: AppArmor Filesystem Enabled
[    0.363182] pnp: PnP ACPI init
[    0.363182] pnp 00:00: Plug and Play ACPI device, IDs PNP0303 (active)
[    0.366794] pnp 00:01: Plug and Play ACPI device, IDs PNP0f03 (active)
[    0.367656] pnp: PnP ACPI: found 2 devices
[    0.368706] thermal_sys: Registered thermal governor 'fair_share'
[    0.368706] thermal_sys: Registered thermal governor 'bang_bang'
[    0.368707] thermal_sys: Registered thermal governor 'step_wise'
[    0.368708] thermal_sys: Registered thermal governor 'user_space'
[    0.368708] thermal_sys: Registered thermal governor 'power_allocator'
[    0.373227] clocksource: acpi_pm: mask: 0xffffff max_cycles: 0xffffff, max_idle_ns: 2085701024 ns
[    0.373268] pci_bus 0000:00: resource 4 [io  0x0000-0x0cf7 window]
[    0.373269] pci_bus 0000:00: resource 5 [io  0x0d00-0xffff window]
[    0.373270] pci_bus 0000:00: resource 6 [mem 0x000a0000-0x000bffff window]
[    0.373271] pci_bus 0000:00: resource 7 [mem 0x80000000-0xfdffffff window]
[    0.373331] NET: Registered protocol family 2
[    0.373407] IP idents hash table entries: 32768 (order: 6, 262144 bytes, linear)
[    0.373817] MPTCP tokens hash table entries: 8192 (order: 4, 65536 bytes, linear)
[    0.373837] MPTCP request tokens hash table entries: 8192 (order: 4, 65536 bytes, linear)
[    0.373863] default registered
[    0.373864] default registered
[    0.373864] MPTCP: Stable release v0.96
[    0.373869] tcp_listen_portaddr_hash hash table entries: 1024 (order: 2, 16384 bytes, linear)
[    0.373948] TCP established hash table entries: 16384 (order: 5, 131072 bytes, linear)
[    0.374010] TCP bind hash table entries: 16384 (order: 6, 262144 bytes, linear)
[    0.374035] TCP: Hash tables configured (established 16384 bind 16384)
[    0.374742] UDP hash table entries: 1024 (order: 3, 32768 bytes, linear)
[    0.374753] UDP-Lite hash table entries: 1024 (order: 3, 32768 bytes, linear)
[    0.374787] NET: Registered protocol family 1
[    0.374796] NET: Registered protocol family 44
[    0.374818] pci 0000:00:00.0: Limiting direct PCI/PCI transfers
[    0.374835] pci 0000:00:01.0: Activating ISA DMA hang workarounds
[    0.374897] pci 0000:00:02.0: Video device with shadowed ROM at [mem 0x000c0000-0x000dffff]
[    0.374970] PCI: CLS 0 bytes, default 64
[    0.375019] Trying to unpack rootfs image as initramfs...
[    0.548223] Freeing initrd memory: 47868K
[    0.548223] clocksource: tsc: mask: 0xffffffffffffffff max_cycles: 0x1e4530a99b6, max_idle_ns: 440795257976 ns
[    0.548223] clocksource: Switched to clocksource tsc
[    0.548223] platform rtc_cmos: registered platform RTC device (no PNP device found)
[    0.548223] check: Scanning for low memory corruption every 60 seconds
[    0.548223] Initialise system trusted keyrings
[    0.548223] Key type blacklist registered
[    0.548223] workingset: timestamp_bits=36 max_order=19 bucket_order=0
[    0.548223] zbud: loaded
[    0.548223] squashfs: version 4.0 (2009/01/31) Phillip Lougher
[    0.548223] fuse: init (API version 7.31)
[    0.548223] *** VALIDATE fuse ***
[    0.548223] *** VALIDATE fuse ***
[    0.548223] Platform Keyring initialized
[    0.560777] Key type asymmetric registered
[    0.560778] Asymmetric key parser 'x509' registered
[    0.560791] Block layer SCSI generic (bsg) driver version 0.4 loaded (major 244)
[    0.560862] io scheduler mq-deadline registered
[    0.561011] shpchp: Standard Hot Plug PCI Controller Driver version: 0.4
[    0.561257] ACPI: AC Adapter [AC] (on-line)
[    0.561304] input: Power Button as /devices/LNXSYSTM:00/LNXPWRBN:00/input/input0
[    0.561335] ACPI: Power Button [PWRF]
[    0.561433] input: Sleep Button as /devices/LNXSYSTM:00/LNXSLPBN:00/input/input1
[    0.561449] ACPI: Sleep Button [SLPF]
[    0.561687] Serial: 8250/16550 driver, 32 ports, IRQ sharing enabled
[    0.562952] Linux agpgart interface v0.103
[    0.659157] loop: module loaded
[    0.659294] ata_piix 0000:00:01.1: version 2.13
[    0.659721] scsi host0: ata_piix
[    0.659812] scsi host1: ata_piix
[    0.659840] ata1: PATA max UDMA/33 cmd 0x1f0 ctl 0x3f6 bmdma 0xd000 irq 14
[    0.659840] ata2: PATA max UDMA/33 cmd 0x170 ctl 0x376 bmdma 0xd008 irq 15
[    0.659928] tun: Universal TUN/TAP device driver, 1.6
[    0.660262] PPP generic driver version 2.4.2
[    0.660308] VFIO - User Level meta-driver version: 0.3
[    0.660566] ehci_hcd: USB 2.0 'Enhanced' Host Controller (EHCI) Driver
[    0.660571] ehci-pci: EHCI PCI platform driver
[    0.660587] ehci-platform: EHCI generic platform driver
[    0.660593] ohci_hcd: USB 1.1 'Open' Host Controller (OHCI) Driver
[    0.660595] ohci-pci: OHCI PCI platform driver
[    0.660602] ohci-platform: OHCI generic platform driver
[    0.660607] uhci_hcd: USB Universal Host Controller Interface driver
[    0.660673] i8042: PNP: PS/2 Controller [PNP0303:PS2K,PNP0f03:PS2M] at 0x60,0x64 irq 1,12
[    0.661113] serio: i8042 KBD port at 0x60,0x64 irq 1
[    0.661117] serio: i8042 AUX port at 0x60,0x64 irq 12
[    0.661204] mousedev: PS/2 mouse device common for all mice
[    0.661465] input: AT Translated Set 2 keyboard as /devices/platform/i8042/serio0/input/input2
[    0.661885] rtc_cmos rtc_cmos: registered as rtc0
[    0.661903] rtc_cmos rtc_cmos: alarms up to one day, 114 bytes nvram
[    0.661911] i2c /dev entries driver
[    0.661952] device-mapper: uevent: version 1.0.3
[    0.661997] device-mapper: ioctl: 4.41.0-ioctl (2019-09-16) initialised: dm-devel@redhat.com
[    0.662012] platform eisa.0: Probing EISA bus 0
[    0.662014] platform eisa.0: EISA: Cannot allocate resource for mainboard
[    0.662015] platform eisa.0: Cannot allocate resource for EISA slot 1
[    0.662016] platform eisa.0: Cannot allocate resource for EISA slot 2
[    0.662017] platform eisa.0: Cannot allocate resource for EISA slot 3
[    0.662018] platform eisa.0: Cannot allocate resource for EISA slot 4
[    0.662019] platform eisa.0: Cannot allocate resource for EISA slot 5
[    0.662020] platform eisa.0: Cannot allocate resource for EISA slot 6
[    0.662021] platform eisa.0: Cannot allocate resource for EISA slot 7
[    0.662022] platform eisa.0: Cannot allocate resource for EISA slot 8
[    0.662023] platform eisa.0: EISA: Detected 0 cards
[    0.662026] intel_pstate: CPU model not supported
[    0.662035] ledtrig-cpu: registered to indicate activity on CPUs
[    0.662087] drop_monitor: Initializing network drop monitor service
[    0.662246] NET: Registered protocol family 10
[    0.667279] Segment Routing with IPv6
[    0.667279] fullmesh registered
[    0.667279] ndiffports registered
[    0.667279] binder registered
[    0.667279] roundrobin registered
[    0.667279] redundant registered
[    0.667279] blest registered
[    0.667279] ecf registered
[    0.667279] NET: Registered protocol family 17
[    0.667279] Key type dns_resolver registered
[    0.667279] RAS: Correctable Errors collector initialized.
[    0.667279] IPI shorthand broadcast: enabled
[    0.667279] sched_clock: Marking stable (652169607, 11110243)->(663193844, 86006)
[    0.667969] registered taskstats version 1
[    0.667978] Loading compiled-in X.509 certificates
[    0.668573] Loaded X.509 cert 'Build time autogenerated kernel key: 6909f3744cebb3d0de528d5887b96a727de79b1e'
[    0.668592] zswap: loaded using pool lzo/zbud
[    0.668649] Key type ._fscrypt registered
[    0.668649] Key type .fscrypt registered
[    0.673533] Key type big_key registered
[    0.675909] Key type encrypted registered
[    0.675911] AppArmor: AppArmor sha1 policy hashing enabled
[    0.675919] ima: No TPM chip found, activating TPM-bypass!
[    0.675923] ima: Allocated hash algorithm: sha1
[    0.675929] ima: No architecture policies found
[    0.675938] evm: Initialising EVM extended attributes:
[    0.675939] evm: security.selinux
[    0.675939] evm: security.SMACK64
[    0.675940] evm: security.SMACK64EXEC
[    0.675940] evm: security.SMACK64TRANSMUTE
[    0.675941] evm: security.SMACK64MMAP
[    0.675941] evm: security.apparmor
[    0.675942] evm: security.ima
[    0.675942] evm: security.capability
[    0.675943] evm: HMAC attrs: 0x1
[    0.676234] PM:   Magic number: 10:170:323
[    0.676250] tty tty48: hash matches
[    0.676353] rtc_cmos rtc_cmos: setting system clock to 2026-01-13T09:19:42 UTC (1768295982)
[    0.832162] ata1.00: ATA-6: VBOX HARDDISK, 1.0, max UDMA/133
[    0.832165] ata1.00: 209715200 sectors, multi 128: LBA 
[    0.832775] scsi 0:0:0:0: Direct-Access     ATA      VBOX HARDDISK    1.0  PQ: 0 ANSI: 5
[    0.833038] sd 0:0:0:0: [sda] 209715200 512-byte logical blocks: (107 GB/100 GiB)
[    0.833050] sd 0:0:0:0: [sda] Write Protect is off
[    0.833052] sd 0:0:0:0: [sda] Mode Sense: 00 3a 00 00
[    0.833070] sd 0:0:0:0: [sda] Write cache: enabled, read cache: enabled, doesn't support DPO or FUA
[    0.833356] sd 0:0:0:0: Attached scsi generic sg0 type 0
[    0.834268]  sda: sda1 sda2
[    0.843290] sd 0:0:0:0: [sda] Attached SCSI disk
[    0.846225] Freeing unused decrypted memory: 2040K
[    0.847118] Freeing unused kernel image memory: 2728K
[    0.847121] Write protecting the kernel read-only data: 22528k
[    0.848062] Freeing unused kernel image memory: 2036K
[    0.848579] Freeing unused kernel image memory: 1432K
[    0.871887] x86/mm: Checked W+X mappings: passed, no W+X pages found.
[    0.871891] Run /init as init process
[    0.982051] ACPI: Video Device [GFX0] (multi-head: yes  rom: no  post: no)
[    0.982117] input: Video Bus as /devices/LNXSYSTM:00/LNXSYBUS:00/PNP0A03:00/LNXVIDEO:00/input/input4
[    0.994766] pcnet32: pcnet32.c:v1.35 21.Apr.2008 tsbogend@alpha.franken.de
[    0.995824] pcnet32: PCnet/FAST III 79C973 at 0xd020, 08:00:27:a7:e6:d5 assigned IRQ 19
[    0.996014] pcnet32: Found PHY 0022:561b at address 0
[    0.996977] pcnet32: eth0: registered as PCnet/FAST III 79C973
[    1.000307] e1000: Intel(R) PRO/1000 Network Driver - version 7.3.21-k8-NAPI
[    1.000308] e1000: Copyright (c) 1999-2006 Intel Corporation.
[    1.003121] piix4_smbus 0000:00:07.0: SMBus Host Controller at 0x4100, revision 0
[    1.012464] pcnet32: 1 cards_found
[    1.090161] pcnet32 0000:00:03.0 enp0s3: renamed from eth0
[    1.197946] input: ImExPS/2 Generic Explorer Mouse as /devices/platform/i8042/serio1/input/input5
[    1.441006] e1000 0000:00:08.0 eth0: (PCI:33MHz:32-bit) 08:00:27:51:ae:0e
[    1.441012] e1000 0000:00:08.0 eth0: Intel(R) PRO/1000 Network Connection
[    1.833062] e1000 0000:00:09.0 eth1: (PCI:33MHz:32-bit) 08:00:27:5b:fd:c8
[    1.833066] e1000 0000:00:09.0 eth1: Intel(R) PRO/1000 Network Connection
[    1.834698] e1000 0000:00:09.0 enp0s9: renamed from eth1
[    1.837276] e1000 0000:00:08.0 enp0s8: renamed from eth0
[    2.136309] EXT4-fs (sda2): mounted filesystem with ordered data mode. Opts: (null)
[    2.282736] systemd[1]: Inserted module 'autofs4'
[    2.294822] systemd[1]: systemd 245.4-4ubuntu3 running in system mode. (+PAM +AUDIT +SELINUX +IMA +APPARMOR +SMACK +SYSVINIT +UTMP +LIBCRYPTSETUP +GCRYPT +GNUTLS +ACL +XZ +LZ4 +SECCOMP +BLKID +ELFUTILS +KMOD +IDN2 -IDN +PCRE2 default-hierarchy=hybrid)
[    2.294869] systemd[1]: Detected virtualization oracle.
[    2.294875] systemd[1]: Detected architecture x86-64.
[    2.296692] systemd[1]: Set hostname to <ztg>.
[    2.460249] systemd[1]: /lib/systemd/system/dbus.socket:5: ListenStream= references a path below legacy directory /var/run/, updating /var/run/dbus/system_bus_socket â†’ /run/dbus/system_bus_socket; please update the unit file accordingly.
[    2.532426] systemd[1]: Created slice system-modprobe.slice.
[    2.532695] systemd[1]: Created slice User and Session Slice.
[    2.532759] systemd[1]: Started Forward Password Requests to Wall Directory Watch.
[    2.532985] systemd[1]: Set up automount Arbitrary Executable File Formats File System Automount Point.
[    2.533035] systemd[1]: Reached target User and Group Name Lookups.
[    2.533048] systemd[1]: Reached target Remote File Systems.
[    2.533060] systemd[1]: Reached target Slices.
[    2.533657] systemd[1]: Listening on Syslog Socket.
[    2.533748] systemd[1]: Listening on fsck to fsckd communication Socket.
[    2.533802] systemd[1]: Listening on initctl Compatibility Named Pipe.
[    2.534000] systemd[1]: Listening on Journal Audit Socket.
[    2.534076] systemd[1]: Listening on Journal Socket (/dev/log).
[    2.534177] systemd[1]: Listening on Journal Socket.
[    2.534271] systemd[1]: Listening on udev Control Socket.
[    2.534328] systemd[1]: Listening on udev Kernel Socket.
[    2.535499] systemd[1]: Mounting Huge Pages File System...
[    2.536779] systemd[1]: Mounting POSIX Message Queue File System...
[    2.537971] systemd[1]: Mounting Kernel Debug File System...
[    2.539789] systemd[1]: Mounting Kernel Trace File System...
[    2.566853] systemd[1]: Starting Journal Service...
[    2.574606] systemd[1]: Starting Set the console keyboard layout...
[    2.575590] systemd[1]: Starting Create list of static device nodes for the current kernel...
[    2.582352] systemd[1]: Starting Load Kernel Module drm...
[    2.589229] systemd[1]: Condition check resulted in Set Up Additional Binary Formats being skipped.
[    2.589413] systemd[1]: Condition check resulted in File System Check on Root Device being skipped.
[    2.591724] systemd[1]: Starting Load Kernel Modules...
[    2.615780] systemd[1]: Starting Remount Root and Kernel File Systems...
[    2.637300] systemd[1]: Starting udev Coldplug all Devices...
[    2.650615] systemd[1]: Starting Uncomplicated firewall...
[    2.652444] systemd[1]: Mounted Huge Pages File System.
[    2.652590] systemd[1]: Mounted POSIX Message Queue File System.
[    2.652710] systemd[1]: Mounted Kernel Debug File System.
[    2.652830] systemd[1]: Mounted Kernel Trace File System.
[    2.666384] EXT4-fs (sda2): re-mounted. Opts: errors=remount-ro
[    2.668637] systemd[1]: Finished Create list of static device nodes for the current kernel.
[    2.674427] systemd[1]: Finished Remount Root and Kernel File Systems.
[    2.674767] systemd[1]: modprobe@drm.service: Succeeded.
[    2.675701] systemd[1]: Finished Load Kernel Module drm.
[    2.676789] systemd[1]: Finished Uncomplicated firewall.
[    2.693468] systemd[1]: Condition check resulted in Rebuild Hardware Database being skipped.
[    2.693515] systemd[1]: Condition check resulted in Platform Persistent Storage Archival being skipped.
[    2.705023] lp: driver loaded but no devices found
[    2.707705] systemd[1]: Starting Load/Save Random Seed...
[    2.723029] systemd[1]: Starting Create System Users...
[    2.725251] ppdev: user-space parallel port driver
[    2.754664] systemd[1]: Finished Load/Save Random Seed.
[    2.764830] systemd[1]: Finished Create System Users.
[    2.766006] systemd[1]: Starting Create Static Device Nodes in /dev...
[    2.801537] systemd[1]: Finished Create Static Device Nodes in /dev.
[    2.802739] systemd[1]: Starting udev Kernel Device Manager...
[    2.869993] systemd[1]: Finished udev Coldplug all Devices.
[    2.871675] [drm] DMA map mode: Caching DMA mappings.
[    2.871754] [drm] Capabilities:
[    2.871754] [drm]   Rect copy.
[    2.871755] [drm]   Cursor.
[    2.871755] [drm]   Cursor bypass.
[    2.871756] [drm]   Cursor bypass 2.
[    2.871756] [drm]   Alpha cursor.
[    2.871757] [drm]   Extended Fifo.
[    2.871757] [drm]   Pitchlock.
[    2.871757] [drm]   Irq mask.
[    2.871758] [drm]   GMR.
[    2.871758] [drm]   Traces.
[    2.871759] [drm]   GMR2.
[    2.871759] [drm]   Screen Object 2.
[    2.871760] [drm]   Command Buffers.
[    2.871760] [drm]   Command Buffers 2.
[    2.871761] [drm]   Guest Backed Resources.
[    2.871763] [drm] Max GMR ids is 8192
[    2.871763] [drm] Max number of GMR pages is 1048576
[    2.871764] [drm] Max dedicated hypervisor surface memory is 393216 kiB
[    2.871765] [drm] Maximum display memory size is 131072 kiB
[    2.871766] [drm] VRAM at 0xe0000000 size is 131072 kiB
[    2.871767] [drm] MMIO at 0xf0000000 size is 2048 kiB
[    2.873188] [TTM] Zone  kernel: Available graphics memory: 1011738 KiB
[    2.873190] [TTM] Initializing pool allocator
[    2.873195] [TTM] Initializing DMA pool allocator
[    2.873265] [drm] Supports vblank timestamp caching Rev 2 (21.10.2013).
[    2.873266] [drm] No driver support for vblank timestamp query.
[    2.873600] [drm] Screen Target Display device initialized
[    2.874005] [drm] width 720
[    2.874017] [drm] height 400
[    2.874022] [drm] bpp 32
[    2.874699] [drm] Fifo max 0x00200000 min 0x00001000 cap 0x00000355
[    2.876547] [drm] Using command buffers with DMA pool.
[    2.876553] [drm] DX: no.
[    2.876554] [drm] Atomic: yes.
[    2.876554] [drm] SM4_1: no.
[    2.876584] [drm:vmw_host_log [vmwgfx]] *ERROR* Failed to send host log message.
[    2.878092] [drm:vmw_host_log [vmwgfx]] *ERROR* Failed to send host log message.
[    2.924298] fbcon: svgadrmfb (fb0) is primary device
[    2.927797] Console: switching to colour frame buffer device 100x37
[    2.934245] [drm] Initialized vmwgfx 2.15.0 20180704 for 0000:00:02.0 on minor 0
[    2.938835] systemd[1]: Finished Load Kernel Modules.
[    2.940288] systemd[1]: Mounting FUSE Control File System...
[    2.942958] systemd[1]: Mounting Kernel Configuration File System...
[    2.998799] systemd[1]: Starting Apply Kernel Variables...
[    2.999815] systemd[1]: Mounted FUSE Control File System.
[    2.999935] systemd[1]: Condition check resulted in VMware vmblock fuse mount being skipped.
[    3.001260] systemd[1]: Mounted Kernel Configuration File System.
[    3.016362] systemd[1]: Finished Set the console keyboard layout.
[    3.016530] systemd[1]: Reached target Local File Systems (Pre).
[    3.019454] systemd[1]: Mounting Mount unit for bare, revision 5...
[    3.033713] systemd[1]: Mounting Mount unit for core18, revision 1705...
[    3.054615] systemd[1]: Mounting Mount unit for gnome-3-34-1804, revision 24...
[    3.065361] systemd[1]: Mounting Mount unit for gtk-common-themes, revision 1506...
[    3.070458] systemd[1]: Mounting Mount unit for gtk-common-themes, revision 1535...
[    3.088923] systemd[1]: Mounting Mount unit for snap-store, revision 433...
[    3.125684] systemd[1]: Mounting Mount unit for snapd, revision 25935...
[    3.151083] systemd[1]: Finished Apply Kernel Variables.
[    3.151320] systemd[1]: Started udev Kernel Device Manager.
[    3.151442] systemd[1]: Mounted Mount unit for bare, revision 5.
[    3.151580] systemd[1]: Mounted Mount unit for core18, revision 1705.
[    3.151710] systemd[1]: Mounted Mount unit for gnome-3-34-1804, revision 24.
[    3.151840] systemd[1]: Mounted Mount unit for gtk-common-themes, revision 1506.
[    3.155012] systemd[1]: Starting Show Plymouth Boot Screen...
[    3.186911] systemd[1]: Received SIGRTMIN+20 from PID 283 (plymouthd).
[    3.207987] systemd[1]: Mounted Mount unit for gtk-common-themes, revision 1535.
[    3.208259] systemd[1]: Started Show Plymouth Boot Screen.
[    3.208444] systemd[1]: Condition check resulted in Dispatch Password Requests to Console Directory Watch being skipped.
[    3.211033] systemd[1]: Started Forward Password Requests to Plymouth Directory Watch.
[    3.211164] systemd[1]: Reached target Local Encrypted Volumes.
[    3.213770] systemd[1]: Mounted Mount unit for snap-store, revision 433.
[    3.242321] systemd[1]: Mounted Mount unit for snapd, revision 25935.
[    3.242577] systemd[1]: Reached target Local File Systems.
[    3.243981] systemd[1]: Starting Load AppArmor profiles...
[    3.251867] systemd[1]: Starting Set console font and keymap...
[    3.259735] systemd[1]: Starting Tell Plymouth To Write Out Runtime Data...
[    3.260123] systemd[1]: Condition check resulted in Store a System Token in an EFI Variable being skipped.
[    3.260166] systemd[1]: Condition check resulted in Commit a transient machine-id on disk being skipped.
[    3.267683] systemd[1]: Finished Set console font and keymap.
[    3.270767] systemd[1]: Received SIGRTMIN+20 from PID 283 (plymouthd).
[    3.272283] systemd[1]: plymouth-read-write.service: Succeeded.
[    3.272669] systemd[1]: Finished Tell Plymouth To Write Out Runtime Data.
[    3.309128] audit: type=1400 audit(1768295985.128:2): apparmor="STATUS" operation="profile_load" profile="unconfined" name="nvidia_modprobe" pid=302 comm="apparmor_parser"
[    3.309131] audit: type=1400 audit(1768295985.128:3): apparmor="STATUS" operation="profile_load" profile="unconfined" name="nvidia_modprobe//kmod" pid=302 comm="apparmor_parser"
[    3.334155] audit: type=1400 audit(1768295985.152:4): apparmor="STATUS" operation="profile_load" profile="unconfined" name="/usr/sbin/tcpdump" pid=303 comm="apparmor_parser"
[    3.370346] audit: type=1400 audit(1768295985.180:5): apparmor="STATUS" operation="profile_load" profile="unconfined" name="/usr/bin/evince" pid=305 comm="apparmor_parser"
[    3.370349] audit: type=1400 audit(1768295985.180:6): apparmor="STATUS" operation="profile_load" profile="unconfined" name="/usr/bin/evince//sanitized_helper" pid=305 comm="apparmor_parser"
[    3.370352] audit: type=1400 audit(1768295985.180:7): apparmor="STATUS" operation="profile_load" profile="unconfined" name="/usr/bin/evince-previewer" pid=305 comm="apparmor_parser"
[    3.370354] audit: type=1400 audit(1768295985.180:8): apparmor="STATUS" operation="profile_load" profile="unconfined" name="/usr/bin/evince-previewer//sanitized_helper" pid=305 comm="apparmor_parser"
[    3.370357] audit: type=1400 audit(1768295985.180:9): apparmor="STATUS" operation="profile_load" profile="unconfined" name="/usr/bin/evince-thumbnailer" pid=305 comm="apparmor_parser"
[    3.403043] audit: type=1400 audit(1768295985.220:10): apparmor="STATUS" operation="profile_load" profile="unconfined" name="/usr/lib/cups/backend/cups-pdf" pid=306 comm="apparmor_parser"
[    3.477894] systemd[1]: Finished Load AppArmor profiles.
[    3.479008] systemd[1]: Starting Load AppArmor profiles managed internally by snapd...
[    3.604356] systemd[1]: Finished Load AppArmor profiles managed internally by snapd.
[    3.804841] systemd[1]: Started Journal Service.
[    3.813184] systemd-journald[229]: Received client request to flush runtime journal.
[    5.231719] RAPL PMU: API unit is 2^-32 Joules, 0 fixed counters, 10737418240 ms ovfl timer
[    5.316774] cryptd: max_cpu_qlen set to 1000
[    5.361860] AVX2 version of gcm_enc/dec engaged.
[    5.361861] AES CTR mode by8 optimization enabled
[    7.112005] Adding 1998844k swap on /dev/sda1.  Priority:-2 extents:1 across:1998844k FS
[    8.004098] kauditd_printk_skb: 30 callbacks suppressed
[    8.004100] audit: type=1400 audit(1768295989.824:41): apparmor="DENIED" operation="capable" profile="/usr/sbin/cups-browsed" pid=511 comm="cups-browsed" capability=23  capname="sys_nice"
[    9.508571] pcnet32 0000:00:03.0 enp0s3: link up, 100Mbps, full-duplex
[    9.559607] e1000: enp0s8 NIC Link is Up 1000 Mbps Full Duplex, Flow Control: RX
[    9.559896] IPv6: ADDRCONF(NETDEV_CHANGE): enp0s8: link becomes ready
[    9.582481] e1000: enp0s9 NIC Link is Up 1000 Mbps Full Duplex, Flow Control: RX
[    9.582768] IPv6: ADDRCONF(NETDEV_CHANGE): enp0s9: link becomes ready
[   10.265934] device enp0s3 entered promiscuous mode
[   10.310966] audit: type=1400 audit(1768295992.132:42): apparmor="DENIED" operation="open" profile="/usr/sbin/tcpdump" name="/proc/sys/kernel/random/boot_id" pid=628 comm="tcpdump" requested_mask="r" denied_mask="r" fsuid=0 ouid=0
[   10.311357] audit: type=1400 audit(1768295992.132:43): apparmor="DENIED" operation="open" profile="/usr/sbin/tcpdump" name="/proc/sys/kernel/random/boot_id" pid=628 comm="tcpdump" requested_mask="r" denied_mask="r" fsuid=0 ouid=0
[   10.311412] audit: type=1400 audit(1768295992.132:44): apparmor="DENIED" operation="open" profile="/usr/sbin/tcpdump" name="/proc/sys/kernel/random/boot_id" pid=628 comm="tcpdump" requested_mask="r" denied_mask="r" fsuid=0 ouid=0
[   10.315935] audit: type=1400 audit(1768295992.132:45): apparmor="DENIED" operation="open" profile="/usr/sbin/tcpdump" name="/proc/sys/kernel/random/boot_id" pid=628 comm="tcpdump" requested_mask="r" denied_mask="r" fsuid=0 ouid=0
[   10.318334] audit: type=1400 audit(1768295992.140:46): apparmor="DENIED" operation="open" profile="/usr/sbin/tcpdump" name="/proc/sys/kernel/random/boot_id" pid=629 comm="tcpdump" requested_mask="r" denied_mask="r" fsuid=0 ouid=0
[   10.318524] audit: type=1400 audit(1768295992.140:47): apparmor="DENIED" operation="open" profile="/usr/sbin/tcpdump" name="/proc/sys/kernel/random/boot_id" pid=629 comm="tcpdump" requested_mask="r" denied_mask="r" fsuid=0 ouid=0
[   10.318652] audit: type=1400 audit(1768295992.140:48): apparmor="DENIED" operation="open" profile="/usr/sbin/tcpdump" name="/proc/sys/kernel/random/boot_id" pid=629 comm="tcpdump" requested_mask="r" denied_mask="r" fsuid=0 ouid=0
[   10.318673] audit: type=1400 audit(1768295992.140:49): apparmor="DENIED" operation="open" profile="/usr/sbin/tcpdump" name="/proc/sys/kernel/random/boot_id" pid=629 comm="tcpdump" requested_mask="r" denied_mask="r" fsuid=0 ouid=0
[   16.135100] rfkill: input handler disabled
[  203.205403] AAAAA-TCP_FORW: name:enp0s3: saddr:100932208: daddr:16783984
[  204.712391] AAAAA-TCP_FORW: name:enp0s3: saddr:16783984: daddr:100932208
[  205.303969] AAAAA-TCP_FORW: name:enp0s3: saddr:16783984: daddr:100932208
[  205.376294] AAAAA-TCP_FORW: name:enp0s3: saddr:16783984: daddr:100932208
[  205.548762] AAAAA-TCP_FORW: name:enp0s3: saddr:16783984: daddr:100932208
[  205.729992] AAAAA-TCP_FORW: name:enp0s3: saddr:33561200: daddr:100932208
[  205.904305] AAAAA-TCP_FORW: name:enp0s3: saddr:16783984: daddr:100932208
[  206.186018] AAAAA-TCP_FORW: name:enp0s3: saddr:16783984: daddr:100932208
[  206.301776] AAAAA-TCP_FORW: name:enp0s3: saddr:33561200: daddr:100932208
[  206.472743] AAAAA-TCP_FORW: name:enp0s3: saddr:16783984: daddr:100932208
[  206.488868] AAAAA-TCP_FORW: name:enp0s3: saddr:16783984: daddr:100932208
[  206.561468] AAAAA-TCP_FORW: name:enp0s3: saddr:33561200: daddr:100932208
[  206.740483] AAAAA-TCP_FORW: name:enp0s3: saddr:33561200: daddr:100932208
[  206.970986] AAAAA-TCP_FORW: name:enp0s3: saddr:16783984: daddr:100932208
[  207.082690] AAAAA-TCP_FORW: name:enp0s3: saddr:16783984: daddr:100932208
[  207.156191] AAAAA-TCP_FORW: name:enp0s3: saddr:16783984: daddr:100932208
[  207.237292] AAAAA-TCP_FORW: name:enp0s3: saddr:33561200: daddr:100932208
[  207.328310] AAAAA-TCP_FORW: name:enp0s3: saddr:33561200: daddr:100932208
[  207.480097] AAAAA-TCP_FORW: name:enp0s3: saddr:33561200: daddr:100932208
[  207.554907] AAAAA-TCP_FORW: name:enp0s3: saddr:33561200: daddr:100932208
[  207.639315] AAAAA-TCP_FORW: name:enp0s3: saddr:16783984: daddr:100932208
[  207.752240] AAAAA-TCP_FORW: name:enp0s3: saddr:16783984: daddr:100932208
[  279.997218] AAAAA-TCP_FORW: name:enp0s3: saddr:16783984: daddr:100932208
[  280.235991] AAAAA-TCP_FORW: name:enp0s3: saddr:16783984: daddr:100932208
[  280.347318] AAAAA-TCP_FORW: name:enp0s3: saddr:16783984: daddr:100932208
[  280.733334] AAAAA-TCP_FORW: name:enp0s3: saddr:16783984: daddr:100932208
[  280.822381] AAAAA-TCP_FORW: name:enp0s3: saddr:16783984: daddr:100932208
[  280.921493] AAAAA-TCP_FORW: name:enp0s3: saddr:16783984: daddr:100932208
[  281.304067] AAAAA-TCP_FORW: name:enp0s3: saddr:16783984: daddr:100932208
[  281.507942] AAAAA-TCP_FORW: name:enp0s3: saddr:33561200: daddr:100932208
[  281.688738] AAAAA-TCP_FORW: name:enp0s3: saddr:33561200: daddr:100932208
[  281.859914] AAAAA-TCP_FORW: name:enp0s3: saddr:33561200: daddr:100932208
[  282.049634] AAAAA-TCP_FORW: name:enp0s3: saddr:33561200: daddr:100932208
[  282.202868] AAAAA-TCP_FORW: name:enp0s3: saddr:33561200: daddr:100932208
[  282.337947] AAAAA-TCP_FORW: name:enp0s3: saddr:33561200: daddr:100932208
[  282.500086] AAAAA-TCP_FORW: name:enp0s3: saddr:33561200: daddr:100932208
[  282.562480] AAAAA-TCP_FORW: name:enp0s3: saddr:33561200: daddr:100932208
[  282.755996] AAAAA-TCP_FORW: name:enp0s3: saddr:33561200: daddr:100932208
[  282.849588] AAAAA-TCP_FORW: name:enp0s3: saddr:33561200: daddr:100932208
[  282.976990] AAAAA-TCP_FORW: name:enp0s3: saddr:33561200: daddr:100932208
[  283.044824] AAAAA-TCP_FORW: name:enp0s3: saddr:33561200: daddr:100932208
[  283.161590] AAAAA-TCP_FORW: name:enp0s3: saddr:33561200: daddr:100932208
[  283.337309] AAAAA-TCP_FORW: name:enp0s3: saddr:33561200: daddr:100932208
[  283.391021] AAAAA-TCP_FORW: name:enp0s3: saddr:33561200: daddr:100932208
[  283.550142] AAAAA-TCP_FORW: name:enp0s3: saddr:33561200: daddr:100932208
[  283.732364] AAAAA-TCP_FORW: name:enp0s3: saddr:33561200: daddr:100932208
[  283.882009] AAAAA-TCP_FORW: name:enp0s3: saddr:16783984: daddr:100932208
[  283.958896] AAAAA-TCP_FORW: name:enp0s3: saddr:33561200: daddr:100932208
[  284.003619] AAAAA-TCP_FORW: name:enp0s3: saddr:16783984: daddr:100932208
[  284.099677] AAAAA-TCP_FORW: name:enp0s3: saddr:16783984: daddr:100932208
[  284.286704] AAAAA-TCP_FORW: name:enp0s3: saddr:16783984: daddr:100932208
[  284.359478] AAAAA-TCP_FORW: name:enp0s3: saddr:16783984: daddr:100932208
[  284.409523] AAAAA-TCP_FORW: name:enp0s3: saddr:16783984: daddr:100932208
[  284.485578] AAAAA-TCP_FORW: name:enp0s3: saddr:16783984: daddr:100932208
[  284.580765] AAAAA-TCP_FORW: name:enp0s3: saddr:16783984: daddr:100932208
[  284.668221] AAAAA-TCP_FORW: name:enp0s3: saddr:16783984: daddr:100932208
[  284.789714] AAAAA-TCP_FORW: name:enp0s3: saddr:16783984: daddr:100932208
[  284.896210] AAAAA-TCP_FORW: name:enp0s3: saddr:33561200: daddr:100932208
[  285.151214] AAAAA-TCP_FORW: name:enp0s3: saddr:33561200: daddr:100932208
[  285.222610] AAAAA-TCP_FORW: name:enp0s3: saddr:33561200: daddr:100932208
[  285.310982] AAAAA-TCP_FORW: name:enp0s3: saddr:33561200: daddr:100932208
[  285.382374] AAAAA-TCP_FORW: name:enp0s3: saddr:33561200: daddr:100932208
[  285.484315] AAAAA-TCP_FORW: name:enp0s3: saddr:33561200: daddr:100932208
[  285.652246] AAAAA-TCP_FORW: name:enp0s3: saddr:33561200: daddr:100932208
[  285.749343] AAAAA-TCP_FORW: name:enp0s3: saddr:33561200: daddr:100932208
[  285.797216] AAAAA-TCP_FORW: name:enp0s3: saddr:16783984: daddr:100932208
[  285.839178] AAAAA-TCP_FORW: name:enp0s3: saddr:16783984: daddr:100932208
[  285.906003] AAAAA-TCP_FORW: name:enp0s3: saddr:16783984: daddr:100932208
[  285.967062] AAAAA-TCP_FORW: name:enp0s3: saddr:33561200: daddr:100932208
[  286.042317] AAAAA-TCP_FORW: name:enp0s3: saddr:33561200: daddr:100932208
[  286.072270] AAAAA-TCP_FORW: name:enp0s3: saddr:33561200: daddr:100932208
[  286.126703] AAAAA-TCP_FORW: name:enp0s3: saddr:33561200: daddr:100932208
[  286.155320] AAAAA-TCP_FORW: name:enp0s3: saddr:33561200: daddr:100932208
[  286.187784] AAAAA-TCP_FORW: name:enp0s3: saddr:33561200: daddr:100932208
[  286.218658] AAAAA-TCP_FORW: name:enp0s3: saddr:16783984: daddr:100932208
[  286.271637] AAAAA-TCP_FORW: name:enp0s3: saddr:16783984: daddr:100932208
[  286.314821] AAAAA-TCP_FORW: name:enp0s3: saddr:16783984: daddr:100932208
[  286.441792] AAAAA-TCP_FORW: name:enp0s3: saddr:16783984: daddr:100932208
[  286.543387] AAAAA-TCP_FORW: name:enp0s3: saddr:16783984: daddr:100932208
[  286.638606] AAAAA-TCP_FORW: name:enp0s3: saddr:16783984: daddr:100932208
[  286.686255] AAAAA-TCP_FORW: name:enp0s3: saddr:16783984: daddr:100932208
[  286.775664] AAAAA-TCP_FORW: name:enp0s3: saddr:16783984: daddr:100932208
[  287.274497] AAAAA-TCP_FORW: name:enp0s3: saddr:16783984: daddr:100932208
[  287.472412] AAAAA-TCP_FORW: name:enp0s3: saddr:16783984: daddr:100932208
[  287.768383] AAAAA-TCP_FORW: name:enp0s3: saddr:16783984: daddr:100932208
[  287.873016] AAAAA-TCP_FORW: name:enp0s3: saddr:16783984: daddr:100932208
[  288.033400] AAAAA-TCP_FORW: name:enp0s3: saddr:16783984: daddr:100932208
[  288.130559] AAAAA-TCP_FORW: name:enp0s3: saddr:33561200: daddr:100932208
[  288.208106] AAAAA-TCP_FORW: name:enp0s3: saddr:33561200: daddr:100932208
[  288.410987] AAAAA-TCP_FORW: name:enp0s3: saddr:33561200: daddr:100932208
[  288.582073] AAAAA-TCP_FORW: name:enp0s3: saddr:16783984: daddr:100932208
[  288.697742] AAAAA-TCP_FORW: name:enp0s3: saddr:16783984: daddr:100932208
[  288.888786] AAAAA-TCP_FORW: name:enp0s3: saddr:16783984: daddr:100932208
[  289.076714] AAAAA-TCP_FORW: name:enp0s3: saddr:16783984: daddr:100932208
[  289.123042] AAAAA-TCP_FORW: name:enp0s3: saddr:33561200: daddr:100932208
[  336.530186] AAAAA-TCP_FORW: name:enp0s3: saddr:33561200: daddr:100932208
[  336.771004] AAAAA-TCP_FORW: name:enp0s3: saddr:33561200: daddr:100932208
[  337.114922] AAAAA-TCP_FORW: name:enp0s3: saddr:33561200: daddr:100932208
[  337.222149] AAAAA-TCP_FORW: name:enp0s3: saddr:33561200: daddr:100932208
[  337.362655] AAAAA-TCP_FORW: name:enp0s3: saddr:33561200: daddr:100932208
[  337.450987] AAAAA-TCP_FORW: name:enp0s3: saddr:33561200: daddr:100932208
[  337.681400] AAAAA-TCP_FORW: name:enp0s3: saddr:16783984: daddr:100932208
[  337.799811] AAAAA-TCP_FORW: name:enp0s3: saddr:16783984: daddr:100932208
[  337.977500] AAAAA-TCP_FORW: name:enp0s3: saddr:16783984: daddr:100932208
[  338.045778] AAAAA-TCP_FORW: name:enp0s3: saddr:16783984: daddr:100932208
[  338.141237] AAAAA-TCP_FORW: name:enp0s3: saddr:16783984: daddr:100932208
[  338.230310] AAAAA-TCP_FORW: name:enp0s3: saddr:16783984: daddr:100932208
[  338.372040] AAAAA-TCP_FORW: name:enp0s3: saddr:16783984: daddr:100932208
[  338.550885] AAAAA-TCP_FORW: name:enp0s3: saddr:33561200: daddr:100932208
[  338.633915] AAAAA-TCP_FORW: name:enp0s3: saddr:33561200: daddr:100932208
[  338.784163] AAAAA-TCP_FORW: name:enp0s3: saddr:33561200: daddr:100932208
[  338.866858] AAAAA-TCP_FORW: name:enp0s3: saddr:33561200: daddr:100932208
[  338.940188] AAAAA-TCP_FORW: name:enp0s3: saddr:33561200: daddr:100932208
[  339.154132] AAAAA-TCP_FORW: name:enp0s3: saddr:16783984: daddr:100932208
[  339.279398] AAAAA-TCP_FORW: name:enp0s3: saddr:16783984: daddr:100932208
[  339.328323] AAAAA-TCP_FORW: name:enp0s3: saddr:16783984: daddr:100932208
[  339.496201] AAAAA-TCP_FORW: name:enp0s3: saddr:16783984: daddr:100932208
[  339.610352] AAAAA-TCP_FORW: name:enp0s3: saddr:33561200: daddr:100932208
[  339.692079] AAAAA-TCP_FORW: name:enp0s3: saddr:33561200: daddr:100932208
[  339.717182] AAAAA-TCP_FORW: name:enp0s3: saddr:33561200: daddr:100932208
[  339.792353] AAAAA-TCP_FORW: name:enp0s3: saddr:16783984: daddr:100932208
[  339.958099] AAAAA-TCP_FORW: name:enp0s3: saddr:16783984: daddr:100932208
[  339.995341] AAAAA-TCP_FORW: name:enp0s3: saddr:33561200: daddr:100932208
[  340.265498] AAAAA-TCP_FORW: name:enp0s3: saddr:33561200: daddr:100932208
[  340.416913] AAAAA-TCP_FORW: name:enp0s3: saddr:33561200: daddr:100932208
[  340.514337] AAAAA-TCP_FORW: name:enp0s3: saddr:16783984: daddr:100932208
[  340.581317] AAAAA-TCP_FORW: name:enp0s3: saddr:16783984: daddr:100932208
[  340.724541] AAAAA-TCP_FORW: name:enp0s3: saddr:33561200: daddr:100932208
[  340.854434] AAAAA-TCP_FORW: name:enp0s3: saddr:16783984: daddr:100932208
[  341.038530] AAAAA-TCP_FORW: name:enp0s3: saddr:16783984: daddr:100932208
[  341.129542] AAAAA-TCP_FORW: name:enp0s3: saddr:33561200: daddr:100932208
[  341.231224] AAAAA-TCP_FORW: name:enp0s3: saddr:16783984: daddr:100932208
[  341.485758] AAAAA-TCP_FORW: name:enp0s3: saddr:33561200: daddr:100932208
[  341.947468] AAAAA-TCP_FORW: name:enp0s3: saddr:33561200: daddr:100932208
[  342.035808] AAAAA-TCP_FORW: name:enp0s3: saddr:33561200: daddr:100932208
[  342.221041] AAAAA-TCP_FORW: name:enp0s3: saddr:16783984: daddr:100932208
[  342.601486] AAAAA-TCP_FORW: name:enp0s3: saddr:33561200: daddr:100932208
[  728.668596] rfkill: input handler enabled
[  737.984176] rfkill: input handler disabled
[  948.951901] device enp0s3 left promiscuous mode
