[    0.000000] Linux version 5.4.243-mptcp (root@ztg) (gcc version 12.2.0 (Debian 12.2.0-14+deb12u1)) #53 SMP Wed Dec 24 23:28:15 CST 2025
[    0.000000] Command line: BOOT_IMAGE=/boot/vmlinuz-5.4.243-mptcp root=UUID=98415a12-53b7-4144-8265-0f7ece09e445 ro quiet splash
[    0.000000] KERNEL supported cpus:
[    0.000000]   Intel GenuineIntel
[    0.000000]   AMD AuthenticAMD
[    0.000000]   Hygon HygonGenuine
[    0.000000]   Centaur CentaurHauls
[    0.000000]   zhaoxin   Shanghai  
[    0.000000] x86/fpu: Supporting XSAVE feature 0x001: 'x87 floating point registers'
[    0.000000] x86/fpu: Supporting XSAVE feature 0x002: 'SSE registers'
[    0.000000] x86/fpu: Supporting XSAVE feature 0x004: 'AVX registers'
[    0.000000] x86/fpu: xstate_offset[2]:  576, xstate_sizes[2]:  256
[    0.000000] x86/fpu: Enabled xstate features 0x7, context size is 832 bytes, using 'standard' format.
[    0.000000] BIOS-provided physical RAM map:
[    0.000000] BIOS-e820: [mem 0x0000000000000000-0x000000000009fbff] usable
[    0.000000] BIOS-e820: [mem 0x000000000009fc00-0x000000000009ffff] reserved
[    0.000000] BIOS-e820: [mem 0x00000000000f0000-0x00000000000fffff] reserved
[    0.000000] BIOS-e820: [mem 0x0000000000100000-0x000000007ffeffff] usable
[    0.000000] BIOS-e820: [mem 0x000000007fff0000-0x000000007fffffff] ACPI data
[    0.000000] BIOS-e820: [mem 0x00000000fec00000-0x00000000fec00fff] reserved
[    0.000000] BIOS-e820: [mem 0x00000000fee00000-0x00000000fee00fff] reserved
[    0.000000] BIOS-e820: [mem 0x00000000fffc0000-0x00000000ffffffff] reserved
[    0.000000] NX (Execute Disable) protection: active
[    0.000000] SMBIOS 2.5 present.
[    0.000000] DMI: innotek GmbH VirtualBox/VirtualBox, BIOS VirtualBox 12/01/2006
[    0.000000] Hypervisor detected: KVM
[    0.000000] kvm-clock: Using msrs 4b564d01 and 4b564d00
[    0.000000] kvm-clock: cpu 0, msr 44e01001, primary cpu clock
[    0.000000] kvm-clock: using sched offset of 4462155048 cycles
[    0.000003] clocksource: kvm-clock: mask: 0xffffffffffffffff max_cycles: 0x1cd42e4dffb, max_idle_ns: 881590591483 ns
[    0.000005] tsc: Detected 2100.000 MHz processor
[    0.001880] e820: update [mem 0x00000000-0x00000fff] usable ==> reserved
[    0.001882] e820: remove [mem 0x000a0000-0x000fffff] usable
[    0.001886] last_pfn = 0x7fff0 max_arch_pfn = 0x400000000
[    0.001954] MTRR default type: uncachable
[    0.001955] MTRR fixed ranges enabled:
[    0.001956]   00000-9FFFF write-back
[    0.001956]   A0000-BFFFF uncachable
[    0.001957]   C0000-FFFFF write-protect
[    0.001958] MTRR variable ranges enabled:
[    0.001960]   0 base 000000000000 mask 3FFF80000000 write-back
[    0.001960]   1 disabled
[    0.001961]   2 disabled
[    0.001961]   3 disabled
[    0.001962]   4 disabled
[    0.001962]   5 disabled
[    0.001962]   6 disabled
[    0.001963]   7 disabled
[    0.001963]   8 disabled
[    0.001964]   9 disabled
[    0.001964]   10 disabled
[    0.001965]   11 disabled
[    0.001965]   12 disabled
[    0.001965]   13 disabled
[    0.001966]   14 disabled
[    0.001966]   15 disabled
[    0.001984] x86/PAT: Configuration [0-7]: WB  WC  UC- UC  WB  WP  UC- WT  
[    0.002116] found SMP MP-table at [mem 0x0009fff0-0x0009ffff]
[    0.093430] check: Scanning 1 areas for low memory corruption
[    0.093570] RAMDISK: [mem 0x32271000-0x3512ffff]
[    0.093579] ACPI: Early table checksum verification disabled
[    0.093585] ACPI: RSDP 0x00000000000E0000 000024 (v02 VBOX  )
[    0.093589] ACPI: XSDT 0x000000007FFF0030 00003C (v01 VBOX   VBOXXSDT 00000001 ASL  00000061)
[    0.093595] ACPI: FACP 0x000000007FFF00F0 0000F4 (v04 VBOX   VBOXFACP 00000001 ASL  00000061)
[    0.093602] ACPI: DSDT 0x000000007FFF02E0 002353 (v02 VBOX   VBOXBIOS 00000002 VBOX 00029BF3)
[    0.093606] ACPI: FACS 0x000000007FFF0200 000040
[    0.093610] ACPI: FACS 0x000000007FFF0200 000040
[    0.093613] ACPI: APIC 0x000000007FFF0240 000054 (v02 VBOX   VBOXAPIC 00000001 ASL  00000061)
[    0.093616] ACPI: SSDT 0x000000007FFF02A0 000038 (v01 VBOX   VBOXCPUT 00000002 VBOX 00029BF3)
[    0.093620] ACPI: Reserving FACP table memory at [mem 0x7fff00f0-0x7fff01e3]
[    0.093621] ACPI: Reserving DSDT table memory at [mem 0x7fff02e0-0x7fff2632]
[    0.093621] ACPI: Reserving FACS table memory at [mem 0x7fff0200-0x7fff023f]
[    0.093622] ACPI: Reserving FACS table memory at [mem 0x7fff0200-0x7fff023f]
[    0.093623] ACPI: Reserving APIC table memory at [mem 0x7fff0240-0x7fff0293]
[    0.093624] ACPI: Reserving SSDT table memory at [mem 0x7fff02a0-0x7fff02d7]
[    0.093639] ACPI: Local APIC address 0xfee00000
[    0.093839] No NUMA configuration found
[    0.093840] Faking a node at [mem 0x0000000000000000-0x000000007ffeffff]
[    0.093851] NODE_DATA(0) allocated [mem 0x7ffc5000-0x7ffeffff]
[    0.094123] Zone ranges:
[    0.094124]   DMA      [mem 0x0000000000001000-0x0000000000ffffff]
[    0.094125]   DMA32    [mem 0x0000000001000000-0x000000007ffeffff]
[    0.094126]   Normal   empty
[    0.094127]   Device   empty
[    0.094127] Movable zone start for each node
[    0.094129] Early memory node ranges
[    0.094130]   node   0: [mem 0x0000000000001000-0x000000000009efff]
[    0.094131]   node   0: [mem 0x0000000000100000-0x000000007ffeffff]
[    0.094134] Zeroed struct page in unavailable ranges: 114 pages
[    0.094135] Initmem setup node 0 [mem 0x0000000000001000-0x000000007ffeffff]
[    0.094136] On node 0 totalpages: 524174
[    0.094138]   DMA zone: 64 pages used for memmap
[    0.094138]   DMA zone: 21 pages reserved
[    0.094139]   DMA zone: 3998 pages, LIFO batch:0
[    0.094210]   DMA32 zone: 8128 pages used for memmap
[    0.094211]   DMA32 zone: 520176 pages, LIFO batch:63
[    0.103260] ACPI: PM-Timer IO Port: 0x4008
[    0.103264] ACPI: Local APIC address 0xfee00000
[    0.103334] IOAPIC[0]: apic_id 1, version 32, address 0xfec00000, GSI 0-23
[    0.103338] ACPI: INT_SRC_OVR (bus 0 bus_irq 0 global_irq 2 dfl dfl)
[    0.103340] ACPI: INT_SRC_OVR (bus 0 bus_irq 9 global_irq 9 low level)
[    0.103342] ACPI: IRQ0 used by override.
[    0.103343] ACPI: IRQ9 used by override.
[    0.103346] Using ACPI (MADT) for SMP configuration information
[    0.103352] smpboot: Allowing 1 CPUs, 0 hotplug CPUs
[    0.103375] PM: Registered nosave memory: [mem 0x00000000-0x00000fff]
[    0.103377] PM: Registered nosave memory: [mem 0x0009f000-0x0009ffff]
[    0.103377] PM: Registered nosave memory: [mem 0x000a0000-0x000effff]
[    0.103378] PM: Registered nosave memory: [mem 0x000f0000-0x000fffff]
[    0.103379] [mem 0x80000000-0xfebfffff] available for PCI devices
[    0.103380] Booting paravirtualized kernel on KVM
[    0.103384] clocksource: refined-jiffies: mask: 0xffffffff max_cycles: 0xffffffff, max_idle_ns: 7645519600211568 ns
[    0.103388] setup_percpu: NR_CPUS:8192 nr_cpumask_bits:1 nr_cpu_ids:1 nr_node_ids:1
[    0.104399] percpu: Embedded 60 pages/cpu s208896 r8192 d28672 u2097152
[    0.104404] pcpu-alloc: s208896 r8192 d28672 u2097152 alloc=1*2097152
[    0.104405] pcpu-alloc: [0] 0 
[    0.104432] Built 1 zonelists, mobility grouping on.  Total pages: 515961
[    0.104433] Policy zone: DMA32
[    0.104434] Kernel command line: BOOT_IMAGE=/boot/vmlinuz-5.4.243-mptcp root=UUID=98415a12-53b7-4144-8265-0f7ece09e445 ro quiet splash
[    0.105281] Dentry cache hash table entries: 262144 (order: 9, 2097152 bytes, linear)
[    0.105428] Inode-cache hash table entries: 131072 (order: 8, 1048576 bytes, linear)
[    0.105478] mem auto-init: stack:off, heap alloc:on, heap free:off
[    0.105481] Calgary: detecting Calgary via BIOS EBDA area
[    0.105482] Calgary: Unable to locate Rio Grande table in EBDA - bailing!
[    0.109541] Memory: 1967332K/2096696K available (14339K kernel code, 2398K rwdata, 4712K rodata, 2728K init, 17260K bss, 129364K reserved, 0K cma-reserved)
[    0.110453] SLUB: HWalign=64, Order=0-3, MinObjects=0, CPUs=1, Nodes=1
[    0.110469] ftrace: allocating 43186 entries in 169 pages
[    0.128625] rcu: Hierarchical RCU implementation.
[    0.128626] rcu: 	RCU restricting CPUs from NR_CPUS=8192 to nr_cpu_ids=1.
[    0.128627] 	Tasks RCU enabled.
[    0.128628] rcu: RCU calculated value of scheduler-enlistment delay is 25 jiffies.
[    0.128629] rcu: Adjusting geometry for rcu_fanout_leaf=16, nr_cpu_ids=1
[    0.131680] NR_IRQS: 524544, nr_irqs: 256, preallocated irqs: 16
[    0.131914] random: crng init done
[    0.141193] Console: colour VGA+ 80x25
[    0.141198] printk: console [tty0] enabled
[    0.141219] ACPI: Core revision 20190816
[    0.141314] APIC: Switch to symmetric I/O mode setup
[    0.141564] x2apic enabled
[    0.141803] Switched APIC routing to physical x2apic.
[    0.142929] ..TIMER: vector=0x30 apic1=0 pin1=2 apic2=-1 pin2=-1
[    0.142954] clocksource: tsc-early: mask: 0xffffffffffffffff max_cycles: 0x1e4530a99b6, max_idle_ns: 440795257976 ns
[    0.142960] Calibrating delay loop (skipped) preset value.. 4200.00 BogoMIPS (lpj=8400000)
[    0.142962] pid_max: default: 32768 minimum: 301
[    0.142991] LSM: Security Framework initializing
[    0.143000] Yama: becoming mindful.
[    0.143028] AppArmor: AppArmor initialized
[    0.143062] Mount-cache hash table entries: 4096 (order: 3, 32768 bytes, linear)
[    0.143066] Mountpoint-cache hash table entries: 4096 (order: 3, 32768 bytes, linear)
[    0.143076] *** VALIDATE tmpfs ***
[    0.143206] *** VALIDATE proc ***
[    0.143247] *** VALIDATE cgroup1 ***
[    0.143248] *** VALIDATE cgroup2 ***
[    0.143387] process: using mwait in idle threads
[    0.143392] Last level iTLB entries: 4KB 64, 2MB 8, 4MB 8
[    0.143393] Last level dTLB entries: 4KB 64, 2MB 0, 4MB 0, 1GB 4
[    0.143413] Spectre V1 : Mitigation: usercopy/swapgs barriers and __user pointer sanitization
[    0.143419] Spectre V2 : Mitigation: Retpolines
[    0.143419] Spectre V2 : Spectre v2 / SpectreRSB mitigation: Filling RSB on context switch
[    0.143420] Spectre V2 : Spectre v2 / SpectreRSB : Filling RSB on VMEXIT
[    0.143420] RETBleed: WARNING: Spectre v2 mitigation leaves CPU vulnerable to RETBleed attacks, data leaks possible!
[    0.143786] RETBleed: Vulnerable
[    0.143787] Speculative Store Bypass: Vulnerable
[    0.143792] TAA: Mitigation: TSX disabled
[    0.143793] MMIO Stale Data: Mitigation: Clear CPU buffers
[    0.148036] Freeing SMP alternatives memory: 40K
[    0.260382] smpboot: CPU0: Intel(R) Xeon(R) Silver 4216 CPU @ 2.10GHz (family: 0x6, model: 0x55, stepping: 0x7)
[    0.260528] Performance Events: unsupported p6 CPU model 85 no PMU driver, software events only.
[    0.260566] rcu: Hierarchical SRCU implementation.
[    0.261049] NMI watchdog: Perf NMI watchdog permanently disabled
[    0.261089] smp: Bringing up secondary CPUs ...
[    0.261090] smp: Brought up 1 node, 1 CPU
[    0.261092] smpboot: Max logical packages: 1
[    0.261093] smpboot: Total of 1 processors activated (4200.00 BogoMIPS)
[    0.262136] devtmpfs: initialized
[    0.262186] x86/mm: Memory block size: 128MB
[    0.262556] clocksource: jiffies: mask: 0xffffffff max_cycles: 0xffffffff, max_idle_ns: 7645041785100000 ns
[    0.262562] futex hash table entries: 256 (order: 2, 16384 bytes, linear)
[    0.262609] pinctrl core: initialized pinctrl subsystem
[    0.262712] PM: RTC time: 08:22:05, date: 2026-01-13
[    0.262821] NET: Registered protocol family 16
[    0.262895] audit: initializing netlink subsys (disabled)
[    0.262956] EISA bus registered
[    0.262956] cpuidle: using governor ladder
[    0.262956] cpuidle: using governor menu
[    0.262956] ACPI: bus type PCI registered
[    0.262956] acpiphp: ACPI Hot Plug PCI Controller Driver version: 0.5
[    0.262956] PCI: Using configuration type 1 for base access
[    0.263516] audit: type=2000 audit(1768263732.209:1): state=initialized audit_enabled=0 res=1
[    0.263594] HugeTLB registered 2.00 MiB page size, pre-allocated 0 pages
[    0.264429] ACPI: Added _OSI(Module Device)
[    0.264430] ACPI: Added _OSI(Processor Device)
[    0.264431] ACPI: Added _OSI(3.0 _SCP Extensions)
[    0.264431] ACPI: Added _OSI(Processor Aggregator Device)
[    0.264433] ACPI: Added _OSI(Linux-Dell-Video)
[    0.264434] ACPI: Added _OSI(Linux-Lenovo-NV-HDMI-Audio)
[    0.264435] ACPI: Added _OSI(Linux-HPI-Hybrid-Graphics)
[    0.266446] ACPI: 2 ACPI AML tables successfully acquired and loaded
[    0.267973] ACPI: Interpreter enabled
[    0.267984] ACPI: (supports S0 S5)
[    0.267985] ACPI: Using IOAPIC for interrupt routing
[    0.268191] PCI: Using host bridge windows from ACPI; if necessary, use "pci=nocrs" and report a bug
[    0.268298] ACPI: Enabled 2 GPEs in block 00 to 07
[    0.273231] ACPI: PCI Root Bridge [PCI0] (domain 0000 [bus 00-ff])
[    0.273237] acpi PNP0A03:00: _OSC: OS supports [ASPM ClockPM Segments MSI HPX-Type3]
[    0.273682] acpi PNP0A03:00: _OSC: not requesting OS control; OS requires [ExtendedConfig ASPM ClockPM MSI]
[    0.273690] acpi PNP0A03:00: fail to add MMCONFIG information, can't access extended PCI configuration space under this bridge.
[    0.274075] PCI host bridge to bus 0000:00
[    0.274078] pci_bus 0000:00: root bus resource [io  0x0000-0x0cf7 window]
[    0.274079] pci_bus 0000:00: root bus resource [io  0x0d00-0xffff window]
[    0.274080] pci_bus 0000:00: root bus resource [mem 0x000a0000-0x000bffff window]
[    0.274081] pci_bus 0000:00: root bus resource [mem 0x80000000-0xfdffffff window]
[    0.274082] pci_bus 0000:00: root bus resource [bus 00-ff]
[    0.274125] pci 0000:00:00.0: [8086:1237] type 00 class 0x060000
[    0.275042] pci 0000:00:01.0: [8086:7000] type 00 class 0x060100
[    0.275832] pci 0000:00:01.1: [8086:7111] type 00 class 0x01018a
[    0.276207] pci 0000:00:01.1: reg 0x20: [io  0xd000-0xd00f]
[    0.276361] pci 0000:00:01.1: legacy IDE quirk: reg 0x10: [io  0x01f0-0x01f7]
[    0.276362] pci 0000:00:01.1: legacy IDE quirk: reg 0x14: [io  0x03f6]
[    0.276363] pci 0000:00:01.1: legacy IDE quirk: reg 0x18: [io  0x0170-0x0177]
[    0.276364] pci 0000:00:01.1: legacy IDE quirk: reg 0x1c: [io  0x0376]
[    0.276899] pci 0000:00:02.0: [15ad:0405] type 00 class 0x030000
[    0.279033] pci 0000:00:02.0: reg 0x10: [io  0xd010-0xd01f]
[    0.283007] pci 0000:00:02.0: reg 0x14: [mem 0xe0000000-0xe7ffffff pref]
[    0.285736] pci 0000:00:02.0: reg 0x18: [mem 0xf0000000-0xf01fffff]
[    0.297577] pci 0000:00:03.0: [1022:2000] type 00 class 0x020000
[    0.298397] pci 0000:00:03.0: reg 0x10: [io  0xd020-0xd03f]
[    0.299105] pci 0000:00:03.0: reg 0x14: [mem 0xf0200000-0xf0200fff]
[    0.302699] pci 0000:00:04.0: [80ee:cafe] type 00 class 0x088000
[    0.303075] pci 0000:00:04.0: reg 0x10: [io  0xd040-0xd05f]
[    0.303685] pci 0000:00:04.0: reg 0x14: [mem 0xf0400000-0xf07fffff]
[    0.304309] pci 0000:00:04.0: reg 0x18: [mem 0xf0800000-0xf0803fff pref]
[    0.307853] pci 0000:00:07.0: [8086:7113] type 00 class 0x068000
[    0.308398] pci 0000:00:07.0: quirk: [io  0x4000-0x403f] claimed by PIIX4 ACPI
[    0.308409] pci 0000:00:07.0: quirk: [io  0x4100-0x410f] claimed by PIIX4 SMB
[    0.309018] pci 0000:00:08.0: [8086:100e] type 00 class 0x020000
[    0.309719] pci 0000:00:08.0: reg 0x10: [mem 0xf0820000-0xf083ffff]
[    0.311017] pci 0000:00:08.0: reg 0x18: [io  0xd060-0xd067]
[    0.314242] pci 0000:00:09.0: [8086:100e] type 00 class 0x020000
[    0.314949] pci 0000:00:09.0: reg 0x10: [mem 0xf0840000-0xf085ffff]
[    0.315643] pci 0000:00:09.0: reg 0x18: [io  0xd068-0xd06f]
[    0.327331] ACPI: PCI Interrupt Link [LNKA] (IRQs 5 9 10 *11)
[    0.327617] ACPI: PCI Interrupt Link [LNKB] (IRQs 5 9 *10 11)
[    0.327754] ACPI: PCI Interrupt Link [LNKC] (IRQs 5 *9 10 11)
[    0.327872] ACPI: PCI Interrupt Link [LNKD] (IRQs 5 9 10 *11)
[    0.328166] iommu: Default domain type: Translated 
[    0.328234] pci 0000:00:02.0: vgaarb: setting as boot VGA device
[    0.328235] pci 0000:00:02.0: vgaarb: VGA device added: decodes=io+mem,owns=io+mem,locks=none
[    0.328238] pci 0000:00:02.0: vgaarb: bridge control possible
[    0.328238] vgaarb: loaded
[    0.328475] SCSI subsystem initialized
[    0.328511] libata version 3.00 loaded.
[    0.328533] ACPI: bus type USB registered
[    0.328550] usbcore: registered new interface driver usbfs
[    0.328555] usbcore: registered new interface driver hub
[    0.328561] usbcore: registered new device driver usb
[    0.328586] pps_core: LinuxPPS API ver. 1 registered
[    0.328587] pps_core: Software ver. 5.3.6 - Copyright 2005-2007 Rodolfo Giometti <giometti@linux.it>
[    0.328590] PTP clock support registered
[    0.328625] EDAC MC: Ver: 3.0.0
[    0.328913] PCI: Using ACPI for IRQ routing
[    0.328914] PCI: pci_cache_line_size set to 64 bytes
[    0.329086] e820: reserve RAM buffer [mem 0x0009fc00-0x0009ffff]
[    0.329090] e820: reserve RAM buffer [mem 0x7fff0000-0x7fffffff]
[    0.329889] NetLabel: Initializing
[    0.329889] NetLabel:  domain hash size = 128
[    0.329890] NetLabel:  protocols = UNLABELED CIPSOv4 CALIPSO
[    0.329909] NetLabel:  unlabeled traffic allowed by default
[    0.330842] clocksource: Switched to clocksource kvm-clock
[    0.339124] *** VALIDATE bpf ***
[    0.339124] VFS: Disk quotas dquot_6.6.0
[    0.339124] VFS: Dquot-cache hash table entries: 512 (order 0, 4096 bytes)
[    0.339124] *** VALIDATE ramfs ***
[    0.339124] *** VALIDATE hugetlbfs ***
[    0.339124] AppArmor: AppArmor Filesystem Enabled
[    0.339124] pnp: PnP ACPI init
[    0.339124] pnp 00:00: Plug and Play ACPI device, IDs PNP0303 (active)
[    0.341821] pnp 00:01: Plug and Play ACPI device, IDs PNP0f03 (active)
[    0.342580] pnp: PnP ACPI: found 2 devices
[    0.343568] thermal_sys: Registered thermal governor 'fair_share'
[    0.343569] thermal_sys: Registered thermal governor 'bang_bang'
[    0.343570] thermal_sys: Registered thermal governor 'step_wise'
[    0.343570] thermal_sys: Registered thermal governor 'user_space'
[    0.343571] thermal_sys: Registered thermal governor 'power_allocator'
[    0.348100] clocksource: acpi_pm: mask: 0xffffff max_cycles: 0xffffff, max_idle_ns: 2085701024 ns
[    0.348141] pci_bus 0000:00: resource 4 [io  0x0000-0x0cf7 window]
[    0.348142] pci_bus 0000:00: resource 5 [io  0x0d00-0xffff window]
[    0.348143] pci_bus 0000:00: resource 6 [mem 0x000a0000-0x000bffff window]
[    0.348144] pci_bus 0000:00: resource 7 [mem 0x80000000-0xfdffffff window]
[    0.348203] NET: Registered protocol family 2
[    0.348280] IP idents hash table entries: 32768 (order: 6, 262144 bytes, linear)
[    0.348703] MPTCP tokens hash table entries: 8192 (order: 4, 65536 bytes, linear)
[    0.348723] MPTCP request tokens hash table entries: 8192 (order: 4, 65536 bytes, linear)
[    0.348749] default registered
[    0.348749] default registered
[    0.348749] MPTCP: Stable release v0.96
[    0.348755] tcp_listen_portaddr_hash hash table entries: 1024 (order: 2, 16384 bytes, linear)
[    0.348834] TCP established hash table entries: 16384 (order: 5, 131072 bytes, linear)
[    0.348900] TCP bind hash table entries: 16384 (order: 6, 262144 bytes, linear)
[    0.348926] TCP: Hash tables configured (established 16384 bind 16384)
[    0.349626] UDP hash table entries: 1024 (order: 3, 32768 bytes, linear)
[    0.349637] UDP-Lite hash table entries: 1024 (order: 3, 32768 bytes, linear)
[    0.349670] NET: Registered protocol family 1
[    0.349679] NET: Registered protocol family 44
[    0.349700] pci 0000:00:00.0: Limiting direct PCI/PCI transfers
[    0.349713] pci 0000:00:01.0: Activating ISA DMA hang workarounds
[    0.349769] pci 0000:00:02.0: Video device with shadowed ROM at [mem 0x000c0000-0x000dffff]
[    0.349832] PCI: CLS 0 bytes, default 64
[    0.349880] Trying to unpack rootfs image as initramfs...
[    0.532481] Freeing initrd memory: 47868K
[    0.532481] clocksource: tsc: mask: 0xffffffffffffffff max_cycles: 0x1e4530a99b6, max_idle_ns: 440795257976 ns
[    0.532481] clocksource: Switched to clocksource tsc
[    0.532481] platform rtc_cmos: registered platform RTC device (no PNP device found)
[    0.532481] check: Scanning for low memory corruption every 60 seconds
[    0.532481] Initialise system trusted keyrings
[    0.532481] Key type blacklist registered
[    0.532481] workingset: timestamp_bits=36 max_order=19 bucket_order=0
[    0.532481] zbud: loaded
[    0.532481] squashfs: version 4.0 (2009/01/31) Phillip Lougher
[    0.532481] fuse: init (API version 7.31)
[    0.532481] *** VALIDATE fuse ***
[    0.532481] *** VALIDATE fuse ***
[    0.532481] Platform Keyring initialized
[    0.532481] Key type asymmetric registered
[    0.532481] Asymmetric key parser 'x509' registered
[    0.532481] Block layer SCSI generic (bsg) driver version 0.4 loaded (major 244)
[    0.532481] io scheduler mq-deadline registered
[    0.532481] shpchp: Standard Hot Plug PCI Controller Driver version: 0.4
[    0.538524] ACPI: AC Adapter [AC] (on-line)
[    0.538572] input: Power Button as /devices/LNXSYSTM:00/LNXPWRBN:00/input/input0
[    0.538600] ACPI: Power Button [PWRF]
[    0.538691] input: Sleep Button as /devices/LNXSYSTM:00/LNXSLPBN:00/input/input1
[    0.538706] ACPI: Sleep Button [SLPF]
[    0.538960] Serial: 8250/16550 driver, 32 ports, IRQ sharing enabled
[    0.540104] Linux agpgart interface v0.103
[    0.635087] loop: module loaded
[    0.635239] ata_piix 0000:00:01.1: version 2.13
[    0.635646] scsi host0: ata_piix
[    0.635735] scsi host1: ata_piix
[    0.635761] ata1: PATA max UDMA/33 cmd 0x1f0 ctl 0x3f6 bmdma 0xd000 irq 14
[    0.635762] ata2: PATA max UDMA/33 cmd 0x170 ctl 0x376 bmdma 0xd008 irq 15
[    0.635844] tun: Universal TUN/TAP device driver, 1.6
[    0.636148] PPP generic driver version 2.4.2
[    0.636190] VFIO - User Level meta-driver version: 0.3
[    0.636442] ehci_hcd: USB 2.0 'Enhanced' Host Controller (EHCI) Driver
[    0.636448] ehci-pci: EHCI PCI platform driver
[    0.636465] ehci-platform: EHCI generic platform driver
[    0.636471] ohci_hcd: USB 1.1 'Open' Host Controller (OHCI) Driver
[    0.636472] ohci-pci: OHCI PCI platform driver
[    0.636479] ohci-platform: OHCI generic platform driver
[    0.636484] uhci_hcd: USB Universal Host Controller Interface driver
[    0.636551] i8042: PNP: PS/2 Controller [PNP0303:PS2K,PNP0f03:PS2M] at 0x60,0x64 irq 1,12
[    0.636988] serio: i8042 KBD port at 0x60,0x64 irq 1
[    0.636992] serio: i8042 AUX port at 0x60,0x64 irq 12
[    0.637080] mousedev: PS/2 mouse device common for all mice
[    0.637332] input: AT Translated Set 2 keyboard as /devices/platform/i8042/serio0/input/input2
[    0.637733] rtc_cmos rtc_cmos: registered as rtc0
[    0.637746] rtc_cmos rtc_cmos: alarms up to one day, 114 bytes nvram
[    0.637751] i2c /dev entries driver
[    0.637796] device-mapper: uevent: version 1.0.3
[    0.637838] device-mapper: ioctl: 4.41.0-ioctl (2019-09-16) initialised: dm-devel@redhat.com
[    0.637854] platform eisa.0: Probing EISA bus 0
[    0.637856] platform eisa.0: EISA: Cannot allocate resource for mainboard
[    0.637857] platform eisa.0: Cannot allocate resource for EISA slot 1
[    0.637858] platform eisa.0: Cannot allocate resource for EISA slot 2
[    0.637859] platform eisa.0: Cannot allocate resource for EISA slot 3
[    0.637860] platform eisa.0: Cannot allocate resource for EISA slot 4
[    0.637861] platform eisa.0: Cannot allocate resource for EISA slot 5
[    0.637862] platform eisa.0: Cannot allocate resource for EISA slot 6
[    0.637863] platform eisa.0: Cannot allocate resource for EISA slot 7
[    0.637864] platform eisa.0: Cannot allocate resource for EISA slot 8
[    0.637865] platform eisa.0: EISA: Detected 0 cards
[    0.637867] intel_pstate: CPU model not supported
[    0.637877] ledtrig-cpu: registered to indicate activity on CPUs
[    0.637932] drop_monitor: Initializing network drop monitor service
[    0.638093] NET: Registered protocol family 10
[    0.643224] Segment Routing with IPv6
[    0.643240] fullmesh registered
[    0.643240] ndiffports registered
[    0.643240] binder registered
[    0.643240] roundrobin registered
[    0.643240] redundant registered
[    0.643240] blest registered
[    0.643240] ecf registered
[    0.643240] NET: Registered protocol family 17
[    0.643240] Key type dns_resolver registered
[    0.643240] RAS: Correctable Errors collector initialized.
[    0.643240] IPI shorthand broadcast: enabled
[    0.643240] sched_clock: Marking stable (628187372, 11053269)->(642297543, -3056902)
[    0.643470] registered taskstats version 1
[    0.643479] Loading compiled-in X.509 certificates
[    0.644070] Loaded X.509 cert 'Build time autogenerated kernel key: 6909f3744cebb3d0de528d5887b96a727de79b1e'
[    0.644087] zswap: loaded using pool lzo/zbud
[    0.644141] Key type ._fscrypt registered
[    0.644141] Key type .fscrypt registered
[    0.648634] Key type big_key registered
[    0.650852] Key type encrypted registered
[    0.650855] AppArmor: AppArmor sha1 policy hashing enabled
[    0.650865] ima: No TPM chip found, activating TPM-bypass!
[    0.650870] ima: Allocated hash algorithm: sha1
[    0.650877] ima: No architecture policies found
[    0.650888] evm: Initialising EVM extended attributes:
[    0.650889] evm: security.selinux
[    0.650889] evm: security.SMACK64
[    0.650890] evm: security.SMACK64EXEC
[    0.650890] evm: security.SMACK64TRANSMUTE
[    0.650891] evm: security.SMACK64MMAP
[    0.650892] evm: security.apparmor
[    0.650892] evm: security.ima
[    0.650893] evm: security.capability
[    0.650893] evm: HMAC attrs: 0x1
[    0.651201] PM:   Magic number: 10:614:371
[    0.651307] rtc_cmos rtc_cmos: setting system clock to 2026-01-13T08:22:06 UTC (1768292526)
[    0.807694] ata1.00: ATA-6: VBOX HARDDISK, 1.0, max UDMA/133
[    0.807697] ata1.00: 209715200 sectors, multi 128: LBA 
[    0.808282] scsi 0:0:0:0: Direct-Access     ATA      VBOX HARDDISK    1.0  PQ: 0 ANSI: 5
[    0.808561] sd 0:0:0:0: [sda] 209715200 512-byte logical blocks: (107 GB/100 GiB)
[    0.808572] sd 0:0:0:0: [sda] Write Protect is off
[    0.808575] sd 0:0:0:0: [sda] Mode Sense: 00 3a 00 00
[    0.808592] sd 0:0:0:0: [sda] Write cache: enabled, read cache: enabled, doesn't support DPO or FUA
[    0.808872] sd 0:0:0:0: Attached scsi generic sg0 type 0
[    0.809840]  sda: sda1 sda2
[    0.819227] sd 0:0:0:0: [sda] Attached SCSI disk
[    0.822068] Freeing unused decrypted memory: 2040K
[    0.822925] Freeing unused kernel image memory: 2728K
[    0.822927] Write protecting the kernel read-only data: 22528k
[    0.823815] Freeing unused kernel image memory: 2036K
[    0.824310] Freeing unused kernel image memory: 1432K
[    0.846254] x86/mm: Checked W+X mappings: passed, no W+X pages found.
[    0.846259] Run /init as init process
[    0.957954] ACPI: Video Device [GFX0] (multi-head: yes  rom: no  post: no)
[    0.958027] input: Video Bus as /devices/LNXSYSTM:00/LNXSYBUS:00/PNP0A03:00/LNXVIDEO:00/input/input4
[    0.970744] pcnet32: pcnet32.c:v1.35 21.Apr.2008 tsbogend@alpha.franken.de
[    0.971730] pcnet32: PCnet/FAST III 79C973 at 0xd020, 08:00:27:78:b0:e0 assigned IRQ 19
[    0.971773] pcnet32: Found PHY 0022:561b at address 0
[    0.972069] pcnet32: eth0: registered as PCnet/FAST III 79C973
[    0.972479] pcnet32: 1 cards_found
[    0.974012] piix4_smbus 0000:00:07.0: SMBus Host Controller at 0x4100, revision 0
[    0.978034] e1000: Intel(R) PRO/1000 Network Driver - version 7.3.21-k8-NAPI
[    0.978034] e1000: Copyright (c) 1999-2006 Intel Corporation.
[    1.053717] pcnet32 0000:00:03.0 enp0s3: renamed from eth0
[    1.196575] input: ImExPS/2 Generic Explorer Mouse as /devices/platform/i8042/serio1/input/input5
[    1.387361] e1000 0000:00:08.0 eth0: (PCI:33MHz:32-bit) 08:00:27:22:f3:b9
[    1.387365] e1000 0000:00:08.0 eth0: Intel(R) PRO/1000 Network Connection
[    1.759501] e1000 0000:00:09.0 eth1: (PCI:33MHz:32-bit) 08:00:27:2c:37:f3
[    1.759503] e1000 0000:00:09.0 eth1: Intel(R) PRO/1000 Network Connection
[    1.760673] e1000 0000:00:09.0 enp0s9: renamed from eth1
[    1.762472] e1000 0000:00:08.0 enp0s8: renamed from eth0
[    1.910033] EXT4-fs (sda2): mounted filesystem with ordered data mode. Opts: (null)
[    2.001639] systemd[1]: Inserted module 'autofs4'
[    2.013772] systemd[1]: systemd 245.4-4ubuntu3 running in system mode. (+PAM +AUDIT +SELINUX +IMA +APPARMOR +SMACK +SYSVINIT +UTMP +LIBCRYPTSETUP +GCRYPT +GNUTLS +ACL +XZ +LZ4 +SECCOMP +BLKID +ELFUTILS +KMOD +IDN2 -IDN +PCRE2 default-hierarchy=hybrid)
[    2.013802] systemd[1]: Detected virtualization oracle.
[    2.013806] systemd[1]: Detected architecture x86-64.
[    2.015081] systemd[1]: Set hostname to <ztg>.
[    2.140671] systemd[1]: /lib/systemd/system/dbus.socket:5: ListenStream= references a path below legacy directory /var/run/, updating /var/run/dbus/system_bus_socket â†’ /run/dbus/system_bus_socket; please update the unit file accordingly.
[    2.193580] systemd[1]: Created slice system-modprobe.slice.
[    2.193762] systemd[1]: Created slice User and Session Slice.
[    2.193806] systemd[1]: Started Forward Password Requests to Wall Directory Watch.
[    2.193968] systemd[1]: Set up automount Arbitrary Executable File Formats File System Automount Point.
[    2.194003] systemd[1]: Reached target User and Group Name Lookups.
[    2.194011] systemd[1]: Reached target Remote File Systems.
[    2.194020] systemd[1]: Reached target Slices.
[    2.194567] systemd[1]: Listening on Syslog Socket.
[    2.194636] systemd[1]: Listening on fsck to fsckd communication Socket.
[    2.194674] systemd[1]: Listening on initctl Compatibility Named Pipe.
[    2.194810] systemd[1]: Listening on Journal Audit Socket.
[    2.194864] systemd[1]: Listening on Journal Socket (/dev/log).
[    2.194943] systemd[1]: Listening on Journal Socket.
[    2.195047] systemd[1]: Listening on udev Control Socket.
[    2.195089] systemd[1]: Listening on udev Kernel Socket.
[    2.195831] systemd[1]: Mounting Huge Pages File System...
[    2.196749] systemd[1]: Mounting POSIX Message Queue File System...
[    2.197692] systemd[1]: Mounting Kernel Debug File System...
[    2.198557] systemd[1]: Mounting Kernel Trace File System...
[    2.200463] systemd[1]: Starting Journal Service...
[    2.222012] systemd[1]: Starting Set the console keyboard layout...
[    2.229942] systemd[1]: Starting Create list of static device nodes for the current kernel...
[    2.232016] systemd[1]: Starting Load Kernel Module drm...
[    2.233170] systemd[1]: Condition check resulted in Set Up Additional Binary Formats being skipped.
[    2.233213] systemd[1]: Condition check resulted in File System Check on Root Device being skipped.
[    2.244671] systemd[1]: Starting Load Kernel Modules...
[    2.250845] systemd[1]: Starting Remount Root and Kernel File Systems...
[    2.259323] systemd[1]: Starting udev Coldplug all Devices...
[    2.285638] systemd[1]: Starting Uncomplicated firewall...
[    2.286931] systemd[1]: Mounted Huge Pages File System.
[    2.287026] systemd[1]: Mounted POSIX Message Queue File System.
[    2.287099] systemd[1]: Mounted Kernel Debug File System.
[    2.287168] systemd[1]: Mounted Kernel Trace File System.
[    2.294510] EXT4-fs (sda2): re-mounted. Opts: errors=remount-ro
[    2.312353] systemd[1]: Finished Create list of static device nodes for the current kernel.
[    2.313465] systemd[1]: modprobe@drm.service: Succeeded.
[    2.313861] systemd[1]: Finished Load Kernel Module drm.
[    2.320405] systemd[1]: Finished Remount Root and Kernel File Systems.
[    2.321276] systemd[1]: Finished Uncomplicated firewall.
[    2.337768] lp: driver loaded but no devices found
[    2.341006] systemd[1]: Condition check resulted in Rebuild Hardware Database being skipped.
[    2.341053] systemd[1]: Condition check resulted in Platform Persistent Storage Archival being skipped.
[    2.341774] systemd[1]: Starting Load/Save Random Seed...
[    2.347694] systemd[1]: Starting Create System Users...
[    2.354898] ppdev: user-space parallel port driver
[    2.360615] systemd[1]: Finished Load/Save Random Seed.
[    2.363859] systemd[1]: Finished Create System Users.
[    2.364607] systemd[1]: Starting Create Static Device Nodes in /dev...
[    2.421569] systemd[1]: Finished Create Static Device Nodes in /dev.
[    2.422466] systemd[1]: Starting udev Kernel Device Manager...
[    2.432337] systemd[1]: Finished udev Coldplug all Devices.
[    2.464455] [drm] DMA map mode: Caching DMA mappings.
[    2.464516] [drm] Capabilities:
[    2.464517] [drm]   Rect copy.
[    2.464517] [drm]   Cursor.
[    2.464517] [drm]   Cursor bypass.
[    2.464518] [drm]   Cursor bypass 2.
[    2.464518] [drm]   Alpha cursor.
[    2.464519] [drm]   Extended Fifo.
[    2.464519] [drm]   Pitchlock.
[    2.464519] [drm]   Irq mask.
[    2.464520] [drm]   GMR.
[    2.464520] [drm]   Traces.
[    2.464520] [drm]   GMR2.
[    2.464521] [drm]   Screen Object 2.
[    2.464521] [drm]   Command Buffers.
[    2.464521] [drm]   Command Buffers 2.
[    2.464522] [drm]   Guest Backed Resources.
[    2.464523] [drm] Max GMR ids is 8192
[    2.464523] [drm] Max number of GMR pages is 1048576
[    2.464524] [drm] Max dedicated hypervisor surface memory is 393216 kiB
[    2.464524] [drm] Maximum display memory size is 131072 kiB
[    2.464525] [drm] VRAM at 0xe0000000 size is 131072 kiB
[    2.464526] [drm] MMIO at 0xf0000000 size is 2048 kiB
[    2.465402] [TTM] Zone  kernel: Available graphics memory: 1011738 KiB
[    2.465403] [TTM] Initializing pool allocator
[    2.465430] [TTM] Initializing DMA pool allocator
[    2.465457] [drm] Supports vblank timestamp caching Rev 2 (21.10.2013).
[    2.465457] [drm] No driver support for vblank timestamp query.
[    2.465693] [drm] Screen Target Display device initialized
[    2.465892] [drm] width 720
[    2.465901] [drm] height 400
[    2.465904] [drm] bpp 32
[    2.466415] [drm] Fifo max 0x00200000 min 0x00001000 cap 0x00000355
[    2.468740] [drm] Using command buffers with DMA pool.
[    2.471234] [drm] DX: no.
[    2.471235] [drm] Atomic: yes.
[    2.471235] [drm] SM4_1: no.
[    2.471258] [drm:vmw_host_log [vmwgfx]] *ERROR* Failed to send host log message.
[    2.472161] [drm:vmw_host_log [vmwgfx]] *ERROR* Failed to send host log message.
[    2.488929] fbcon: svgadrmfb (fb0) is primary device
[    2.494213] Console: switching to colour frame buffer device 100x37
[    2.499578] systemd[1]: Finished Set the console keyboard layout.
[    2.499678] systemd[1]: Reached target Local File Systems (Pre).
[    2.500615] [drm] Initialized vmwgfx 2.15.0 20180704 for 0000:00:02.0 on minor 0
[    2.502985] systemd[1]: Mounting Mount unit for bare, revision 5...
[    2.506316] systemd[1]: Mounting Mount unit for core18, revision 1705...
[    2.513491] systemd[1]: Mounting Mount unit for gnome-3-34-1804, revision 24...
[    2.527892] systemd[1]: Mounting Mount unit for gtk-common-themes, revision 1506...
[    2.555424] systemd[1]: Mounting Mount unit for gtk-common-themes, revision 1535...
[    2.557572] systemd[1]: Mounting Mount unit for snap-store, revision 433...
[    2.562841] systemd[1]: Mounting Mount unit for snapd, revision 7264...
[    2.570030] systemd[1]: Finished Load Kernel Modules.
[    2.571526] systemd[1]: Mounting FUSE Control File System...
[    2.576541] systemd[1]: Mounting Kernel Configuration File System...
[    2.581217] systemd[1]: Starting Apply Kernel Variables...
[    2.594146] systemd[1]: Mounted FUSE Control File System.
[    2.594216] systemd[1]: Condition check resulted in VMware vmblock fuse mount being skipped.
[    2.614549] systemd[1]: Mounted Kernel Configuration File System.
[    2.620628] systemd[1]: Finished Apply Kernel Variables.
[    2.629191] systemd[1]: Mounted Mount unit for bare, revision 5.
[    2.629280] systemd[1]: Mounted Mount unit for gtk-common-themes, revision 1506.
[    2.636810] systemd[1]: Started udev Kernel Device Manager.
[    2.636906] systemd[1]: Mounted Mount unit for core18, revision 1705.
[    2.636986] systemd[1]: Mounted Mount unit for gnome-3-34-1804, revision 24.
[    2.661648] systemd[1]: Starting Show Plymouth Boot Screen...
[    2.666000] systemd[1]: Mounted Mount unit for gtk-common-themes, revision 1535.
[    2.666159] systemd[1]: Mounted Mount unit for snap-store, revision 433.
[    2.666280] systemd[1]: Mounted Mount unit for snapd, revision 7264.
[    2.666802] systemd[1]: Received SIGRTMIN+20 from PID 275 (plymouthd).
[    2.666876] systemd[1]: Reached target Local File Systems.
[    2.667742] systemd[1]: Starting Load AppArmor profiles...
[    2.675663] systemd[1]: Starting Set console font and keymap...
[    2.684383] systemd[1]: Starting Tell Plymouth To Write Out Runtime Data...
[    2.687421] systemd[1]: Condition check resulted in Store a System Token in an EFI Variable being skipped.
[    2.687452] systemd[1]: Condition check resulted in Commit a transient machine-id on disk being skipped.
[    2.687572] systemd[1]: Started Show Plymouth Boot Screen.
[    2.688411] systemd[1]: Finished Set console font and keymap.
[    2.689934] systemd[1]: Condition check resulted in Dispatch Password Requests to Console Directory Watch being skipped.
[    2.690014] systemd[1]: Started Forward Password Requests to Plymouth Directory Watch.
[    2.690091] systemd[1]: Reached target Local Encrypted Volumes.
[    2.710526] systemd[1]: Received SIGRTMIN+20 from PID 275 (plymouthd).
[    2.711717] systemd[1]: plymouth-read-write.service: Succeeded.
[    2.711940] systemd[1]: Finished Tell Plymouth To Write Out Runtime Data.
[    2.761198] audit: type=1400 audit(1768292528.604:2): apparmor="STATUS" operation="profile_load" profile="unconfined" name="nvidia_modprobe" pid=299 comm="apparmor_parser"
[    2.761200] audit: type=1400 audit(1768292528.604:3): apparmor="STATUS" operation="profile_load" profile="unconfined" name="nvidia_modprobe//kmod" pid=299 comm="apparmor_parser"
[    2.767934] audit: type=1400 audit(1768292528.612:4): apparmor="STATUS" operation="profile_load" profile="unconfined" name="/usr/sbin/tcpdump" pid=300 comm="apparmor_parser"
[    2.793815] audit: type=1400 audit(1768292528.628:5): apparmor="STATUS" operation="profile_load" profile="unconfined" name="/usr/bin/evince" pid=302 comm="apparmor_parser"
[    2.793817] audit: type=1400 audit(1768292528.628:6): apparmor="STATUS" operation="profile_load" profile="unconfined" name="/usr/bin/evince//sanitized_helper" pid=302 comm="apparmor_parser"
[    2.793819] audit: type=1400 audit(1768292528.628:7): apparmor="STATUS" operation="profile_load" profile="unconfined" name="/usr/bin/evince-previewer" pid=302 comm="apparmor_parser"
[    2.793821] audit: type=1400 audit(1768292528.628:8): apparmor="STATUS" operation="profile_load" profile="unconfined" name="/usr/bin/evince-previewer//sanitized_helper" pid=302 comm="apparmor_parser"
[    2.793822] audit: type=1400 audit(1768292528.628:9): apparmor="STATUS" operation="profile_load" profile="unconfined" name="/usr/bin/evince-thumbnailer" pid=302 comm="apparmor_parser"
[    2.823223] audit: type=1400 audit(1768292528.668:10): apparmor="STATUS" operation="profile_load" profile="unconfined" name="/usr/lib/cups/backend/cups-pdf" pid=303 comm="apparmor_parser"
[    2.900091] systemd[1]: Finished Load AppArmor profiles.
[    2.900996] systemd[1]: Starting Load AppArmor profiles managed internally by snapd...
[    2.964945] systemd[1]: Finished Load AppArmor profiles managed internally by snapd.
[    3.173894] systemd[1]: Started Journal Service.
[    3.181359] systemd-journald[229]: Received client request to flush runtime journal.
[    3.186020] systemd-journald[229]: File /var/log/journal/c455b248004a419c87ce85eea238d727/system.journal corrupted or uncleanly shut down, renaming and replacing.
[    4.480452] RAPL PMU: API unit is 2^-32 Joules, 0 fixed counters, 10737418240 ms ovfl timer
[    4.491172] cryptd: max_cpu_qlen set to 1000
[    4.497374] AVX2 version of gcm_enc/dec engaged.
[    4.497375] AES CTR mode by8 optimization enabled
[    5.260222] Adding 1998844k swap on /dev/sda1.  Priority:-2 extents:1 across:1998844k FS
[    6.062579] kauditd_printk_skb: 30 callbacks suppressed
[    6.062580] audit: type=1400 audit(1768292531.904:41): apparmor="DENIED" operation="capable" profile="/usr/sbin/cups-browsed" pid=496 comm="cups-browsed" capability=23  capname="sys_nice"
[    7.325129] pcnet32 0000:00:03.0 enp0s3: link up, 100Mbps, full-duplex
[    7.352446] e1000: enp0s8 NIC Link is Up 1000 Mbps Full Duplex, Flow Control: RX
[    7.352723] IPv6: ADDRCONF(NETDEV_CHANGE): enp0s8: link becomes ready
[    7.373191] e1000: enp0s9 NIC Link is Up 1000 Mbps Full Duplex, Flow Control: RX
[    7.373479] IPv6: ADDRCONF(NETDEV_CHANGE): enp0s9: link becomes ready
[    7.925889] device enp0s3 entered promiscuous mode
[    7.946528] audit: type=1400 audit(1768292533.792:42): apparmor="DENIED" operation="open" profile="/usr/sbin/tcpdump" name="/proc/sys/kernel/random/boot_id" pid=674 comm="tcpdump" requested_mask="r" denied_mask="r" fsuid=0 ouid=0
[    7.947463] audit: type=1400 audit(1768292533.792:43): apparmor="DENIED" operation="open" profile="/usr/sbin/tcpdump" name="/proc/sys/kernel/random/boot_id" pid=674 comm="tcpdump" requested_mask="r" denied_mask="r" fsuid=0 ouid=0
[    7.947514] audit: type=1400 audit(1768292533.792:44): apparmor="DENIED" operation="open" profile="/usr/sbin/tcpdump" name="/proc/sys/kernel/random/boot_id" pid=674 comm="tcpdump" requested_mask="r" denied_mask="r" fsuid=0 ouid=0
[    7.949903] audit: type=1400 audit(1768292533.792:45): apparmor="DENIED" operation="open" profile="/usr/sbin/tcpdump" name="/proc/sys/kernel/random/boot_id" pid=674 comm="tcpdump" requested_mask="r" denied_mask="r" fsuid=0 ouid=0
[    7.950226] audit: type=1400 audit(1768292533.792:46): apparmor="DENIED" operation="open" profile="/usr/sbin/tcpdump" name="/proc/sys/kernel/random/boot_id" pid=675 comm="tcpdump" requested_mask="r" denied_mask="r" fsuid=0 ouid=0
[    7.951978] audit: type=1400 audit(1768292533.792:47): apparmor="DENIED" operation="open" profile="/usr/sbin/tcpdump" name="/proc/sys/kernel/random/boot_id" pid=675 comm="tcpdump" requested_mask="r" denied_mask="r" fsuid=0 ouid=0
[    7.952063] audit: type=1400 audit(1768292533.792:48): apparmor="DENIED" operation="open" profile="/usr/sbin/tcpdump" name="/proc/sys/kernel/random/boot_id" pid=675 comm="tcpdump" requested_mask="r" denied_mask="r" fsuid=0 ouid=0
[    7.952285] audit: type=1400 audit(1768292533.792:49): apparmor="DENIED" operation="open" profile="/usr/sbin/tcpdump" name="/proc/sys/kernel/random/boot_id" pid=675 comm="tcpdump" requested_mask="r" denied_mask="r" fsuid=0 ouid=0
[   12.498061] rfkill: input handler disabled
[  221.277071] AAAAA-TCP_FORW: name:enp0s3: saddr:100932208: daddr:16783984
[  221.907901] AAAAA-TCP_FORW: name:enp0s3: saddr:100932208: daddr:16783984
[  221.960005] AAAAA-TCP_FORW: name:enp0s3: saddr:100932208: daddr:16783984
[  223.094167] AAAAA-TCP_FORW: name:enp0s3: saddr:100932208: daddr:16783984
[  223.163522] AAAAA-TCP_FORW: name:enp0s3: saddr:16783984: daddr:100932208
[  223.420450] AAAAA-TCP_FORW: name:enp0s3: saddr:16783984: daddr:100932208
[  223.790715] AAAAA-TCP_FORW: name:enp0s3: saddr:100932208: daddr:16783984
[  223.856401] AAAAA-TCP_FORW: name:enp0s3: saddr:100932208: daddr:16783984
[  223.936869] AAAAA-TCP_FORW: name:enp0s3: saddr:16783984: daddr:100932208
[  224.205990] AAAAA-TCP_FORW: name:enp0s3: saddr:100932208: daddr:16783984
[  224.267987] AAAAA-TCP_FORW: name:enp0s3: saddr:16783984: daddr:100932208
[  224.300770] AAAAA-TCP_FORW: name:enp0s3: saddr:16783984: daddr:100932208
[  224.451685] AAAAA-TCP_FORW: name:enp0s3: saddr:100932208: daddr:16783984
[  224.539172] AAAAA-TCP_FORW: name:enp0s3: saddr:100932208: daddr:16783984
[  224.598269] AAAAA-TCP_FORW: name:enp0s3: saddr:100932208: daddr:16783984
[  224.636435] AAAAA-TCP_FORW: name:enp0s3: saddr:100932208: daddr:16783984
[  224.647536] AAAAA-TCP_FORW: name:enp0s3: saddr:16783984: daddr:100932208
[  225.223795] AAAAA-TCP_FORW: name:enp0s3: saddr:100932208: daddr:16783984
[  225.255570] AAAAA-TCP_FORW: name:enp0s3: saddr:100932208: daddr:16783984
[  225.277736] AAAAA-TCP_FORW: name:enp0s3: saddr:16783984: daddr:100932208
[  225.339969] AAAAA-TCP_FORW: name:enp0s3: saddr:16783984: daddr:100932208
[  225.358483] AAAAA-TCP_FORW: name:enp0s3: saddr:16783984: daddr:100932208
[  225.496523] AAAAA-TCP_FORW: name:enp0s3: saddr:100932208: daddr:33561200
[  225.519622] AAAAA-TCP_FORW: name:enp0s3: saddr:33561200: daddr:100932208
[  225.606118] AAAAA-TCP_FORW: name:enp0s3: saddr:100932208: daddr:16783984
[  225.701499] AAAAA-TCP_FORW: name:enp0s3: saddr:16783984: daddr:100932208
[  225.748128] AAAAA-TCP_FORW: name:enp0s3: saddr:100932208: daddr:33561200
[  225.851212] AAAAA-TCP_FORW: name:enp0s3: saddr:33561200: daddr:100932208
[  225.859850] AAAAA-TCP_FORW: name:enp0s3: saddr:100932208: daddr:16783984
[  225.959758] AAAAA-TCP_FORW: name:enp0s3: saddr:100932208: daddr:16783984
[  226.032201] AAAAA-TCP_FORW: name:enp0s3: saddr:100932208: daddr:16783984
[  226.105089] AAAAA-TCP_FORW: name:enp0s3: saddr:16783984: daddr:100932208
[  226.143369] AAAAA-TCP_FORW: name:enp0s3: saddr:100932208: daddr:16783984
[  226.170329] AAAAA-TCP_FORW: name:enp0s3: saddr:16783984: daddr:100932208
[  226.230543] AAAAA-TCP_FORW: name:enp0s3: saddr:16783984: daddr:100932208
[  226.302006] AAAAA-TCP_FORW: name:enp0s3: saddr:100932208: daddr:16783984
[  226.375832] AAAAA-TCP_FORW: name:enp0s3: saddr:16783984: daddr:100932208
[  226.445440] AAAAA-TCP_FORW: name:enp0s3: saddr:100932208: daddr:16783984
[  226.512106] AAAAA-TCP_FORW: name:enp0s3: saddr:100932208: daddr:16783984
[  226.599548] AAAAA-TCP_FORW: name:enp0s3: saddr:100932208: daddr:16783984
[  226.612237] AAAAA-TCP_FORW: name:enp0s3: saddr:16783984: daddr:100932208
[  226.795596] AAAAA-TCP_FORW: name:enp0s3: saddr:100932208: daddr:16783984
[  226.899954] AAAAA-TCP_FORW: name:enp0s3: saddr:16783984: daddr:100932208
[  227.012819] AAAAA-TCP_FORW: name:enp0s3: saddr:16783984: daddr:100932208
[  227.053080] AAAAA-TCP_FORW: name:enp0s3: saddr:100932208: daddr:16783984
[  227.177015] AAAAA-TCP_FORW: name:enp0s3: saddr:16783984: daddr:100932208
[  227.409077] AAAAA-TCP_FORW: name:enp0s3: saddr:100932208: daddr:16783984
[  227.531541] AAAAA-TCP_FORW: name:enp0s3: saddr:16783984: daddr:100932208
[  227.607559] AAAAA-TCP_FORW: name:enp0s3: saddr:16783984: daddr:100932208
[  227.726314] AAAAA-TCP_FORW: name:enp0s3: saddr:100932208: daddr:33561200
[  227.832023] AAAAA-TCP_FORW: name:enp0s3: saddr:100932208: daddr:33561200
[  227.860695] AAAAA-TCP_FORW: name:enp0s3: saddr:33561200: daddr:100932208
[  227.912228] AAAAA-TCP_FORW: name:enp0s3: saddr:33561200: daddr:100932208
[  227.935125] AAAAA-TCP_FORW: name:enp0s3: saddr:100932208: daddr:33561200
[  227.998978] AAAAA-TCP_FORW: name:enp0s3: saddr:100932208: daddr:33561200
[  228.074825] AAAAA-TCP_FORW: name:enp0s3: saddr:100932208: daddr:33561200
[  228.097967] AAAAA-TCP_FORW: name:enp0s3: saddr:33561200: daddr:100932208
[  228.145512] AAAAA-TCP_FORW: name:enp0s3: saddr:33561200: daddr:100932208
[  228.159322] AAAAA-TCP_FORW: name:enp0s3: saddr:100932208: daddr:33561200
[  228.190436] AAAAA-TCP_FORW: name:enp0s3: saddr:33561200: daddr:100932208
[  228.204816] AAAAA-TCP_FORW: name:enp0s3: saddr:100932208: daddr:33561200
[  228.238109] AAAAA-TCP_FORW: name:enp0s3: saddr:100932208: daddr:33561200
[  228.273582] AAAAA-TCP_FORW: name:enp0s3: saddr:100932208: daddr:33561200
[  228.306985] AAAAA-TCP_FORW: name:enp0s3: saddr:33561200: daddr:100932208
[  228.401682] AAAAA-TCP_FORW: name:enp0s3: saddr:100932208: daddr:33561200
[  228.448386] AAAAA-TCP_FORW: name:enp0s3: saddr:33561200: daddr:100932208
[  228.467446] AAAAA-TCP_FORW: name:enp0s3: saddr:100932208: daddr:16783984
[  228.496795] AAAAA-TCP_FORW: name:enp0s3: saddr:33561200: daddr:100932208
[  228.559481] AAAAA-TCP_FORW: name:enp0s3: saddr:33561200: daddr:100932208
[  228.593499] AAAAA-TCP_FORW: name:enp0s3: saddr:100932208: daddr:33561200
[  228.647990] AAAAA-TCP_FORW: name:enp0s3: saddr:100932208: daddr:16783984
[  228.790802] AAAAA-TCP_FORW: name:enp0s3: saddr:33561200: daddr:100932208
[  228.815135] AAAAA-TCP_FORW: name:enp0s3: saddr:100932208: daddr:16783984
[  228.885984] AAAAA-TCP_FORW: name:enp0s3: saddr:100932208: daddr:16783984
[  228.932098] AAAAA-TCP_FORW: name:enp0s3: saddr:16783984: daddr:100932208
[  229.031270] AAAAA-TCP_FORW: name:enp0s3: saddr:100932208: daddr:16783984
[  229.055745] AAAAA-TCP_FORW: name:enp0s3: saddr:33561200: daddr:100932208
[  229.111875] AAAAA-TCP_FORW: name:enp0s3: saddr:100932208: daddr:16783984
[  229.193693] AAAAA-TCP_FORW: name:enp0s3: saddr:100932208: daddr:16783984
[  229.218782] AAAAA-TCP_FORW: name:enp0s3: saddr:16783984: daddr:100932208
[  229.325703] AAAAA-TCP_FORW: name:enp0s3: saddr:16783984: daddr:100932208
[  229.399278] AAAAA-TCP_FORW: name:enp0s3: saddr:16783984: daddr:100932208
[  229.405082] AAAAA-TCP_FORW: name:enp0s3: saddr:100932208: daddr:33561200
[  229.450775] AAAAA-TCP_FORW: name:enp0s3: saddr:16783984: daddr:100932208
[  229.459154] AAAAA-TCP_FORW: name:enp0s3: saddr:100932208: daddr:16783984
[  229.553026] AAAAA-TCP_FORW: name:enp0s3: saddr:16783984: daddr:100932208
[  229.637447] AAAAA-TCP_FORW: name:enp0s3: saddr:16783984: daddr:100932208
[  229.640008] AAAAA-TCP_FORW: name:enp0s3: saddr:100932208: daddr:16783984
[  229.967390] AAAAA-TCP_FORW: name:enp0s3: saddr:33561200: daddr:100932208
[  230.072955] AAAAA-TCP_FORW: name:enp0s3: saddr:16783984: daddr:100932208
[  230.182380] AAAAA-TCP_FORW: name:enp0s3: saddr:100932208: daddr:16783984
[  230.285567] AAAAA-TCP_FORW: name:enp0s3: saddr:100932208: daddr:16783984
[  230.352524] AAAAA-TCP_FORW: name:enp0s3: saddr:16783984: daddr:100932208
[  230.519865] AAAAA-TCP_FORW: name:enp0s3: saddr:100932208: daddr:16783984
[  230.544278] AAAAA-TCP_FORW: name:enp0s3: saddr:100932208: daddr:16783984
[  230.609636] AAAAA-TCP_FORW: name:enp0s3: saddr:100932208: daddr:16783984
[  230.758211] AAAAA-TCP_FORW: name:enp0s3: saddr:16783984: daddr:100932208
[  230.816423] AAAAA-TCP_FORW: name:enp0s3: saddr:16783984: daddr:100932208
[  230.836573] AAAAA-TCP_FORW: name:enp0s3: saddr:100932208: daddr:16783984
[  230.869448] AAAAA-TCP_FORW: name:enp0s3: saddr:100932208: daddr:16783984
[  230.947617] AAAAA-TCP_FORW: name:enp0s3: saddr:16783984: daddr:100932208
[  231.007519] AAAAA-TCP_FORW: name:enp0s3: saddr:16783984: daddr:100932208
[  231.017471] AAAAA-TCP_FORW: name:enp0s3: saddr:100932208: daddr:16783984
[  231.046800] AAAAA-TCP_FORW: name:enp0s3: saddr:16783984: daddr:100932208
[  231.071183] AAAAA-TCP_FORW: name:enp0s3: saddr:100932208: daddr:16783984
[  231.172446] AAAAA-TCP_FORW: name:enp0s3: saddr:16783984: daddr:100932208
[  231.212187] AAAAA-TCP_FORW: name:enp0s3: saddr:100932208: daddr:16783984
[  231.242484] AAAAA-TCP_FORW: name:enp0s3: saddr:16783984: daddr:100932208
[  231.248373] AAAAA-TCP_FORW: name:enp0s3: saddr:100932208: daddr:33561200
[  231.346623] AAAAA-TCP_FORW: name:enp0s3: saddr:100932208: daddr:16783984
[  231.356377] AAAAA-TCP_FORW: name:enp0s3: saddr:16783984: daddr:100932208
[  231.402883] AAAAA-TCP_FORW: name:enp0s3: saddr:100932208: daddr:16783984
[  231.509880] AAAAA-TCP_FORW: name:enp0s3: saddr:16783984: daddr:100932208
[  231.613610] AAAAA-TCP_FORW: name:enp0s3: saddr:33561200: daddr:100932208
[  231.624450] AAAAA-TCP_FORW: name:enp0s3: saddr:100932208: daddr:33561200
[  231.678383] AAAAA-TCP_FORW: name:enp0s3: saddr:16783984: daddr:100932208
[  231.729986] AAAAA-TCP_FORW: name:enp0s3: saddr:100932208: daddr:33561200
[  231.827827] AAAAA-TCP_FORW: name:enp0s3: saddr:100932208: daddr:33561200
[  231.868273] AAAAA-TCP_FORW: name:enp0s3: saddr:100932208: daddr:33561200
[  231.932704] AAAAA-TCP_FORW: name:enp0s3: saddr:100932208: daddr:33561200
[  231.959963] AAAAA-TCP_FORW: name:enp0s3: saddr:16783984: daddr:100932208
[  231.986160] AAAAA-TCP_FORW: name:enp0s3: saddr:100932208: daddr:33561200
[  232.010599] AAAAA-TCP_FORW: name:enp0s3: saddr:33561200: daddr:100932208
[  232.033577] AAAAA-TCP_FORW: name:enp0s3: saddr:100932208: daddr:33561200
[  232.057374] AAAAA-TCP_FORW: name:enp0s3: saddr:100932208: daddr:33561200
[  232.071251] AAAAA-TCP_FORW: name:enp0s3: saddr:33561200: daddr:100932208
[  232.125398] AAAAA-TCP_FORW: name:enp0s3: saddr:33561200: daddr:100932208
[  232.151533] AAAAA-TCP_FORW: name:enp0s3: saddr:100932208: daddr:33561200
[  232.183866] AAAAA-TCP_FORW: name:enp0s3: saddr:33561200: daddr:100932208
[  232.202844] AAAAA-TCP_FORW: name:enp0s3: saddr:100932208: daddr:33561200
[  232.210655] AAAAA-TCP_FORW: name:enp0s3: saddr:100932208: daddr:33561200
[  232.229033] AAAAA-TCP_FORW: name:enp0s3: saddr:33561200: daddr:100932208
[  232.287824] AAAAA-TCP_FORW: name:enp0s3: saddr:33561200: daddr:100932208
[  232.355843] AAAAA-TCP_FORW: name:enp0s3: saddr:100932208: daddr:33561200
[  232.380919] AAAAA-TCP_FORW: name:enp0s3: saddr:33561200: daddr:100932208
[  232.414110] AAAAA-TCP_FORW: name:enp0s3: saddr:33561200: daddr:100932208
[  232.423068] AAAAA-TCP_FORW: name:enp0s3: saddr:100932208: daddr:33561200
[  232.514466] AAAAA-TCP_FORW: name:enp0s3: saddr:100932208: daddr:33561200
[  232.542182] AAAAA-TCP_FORW: name:enp0s3: saddr:33561200: daddr:100932208
[  232.560700] AAAAA-TCP_FORW: name:enp0s3: saddr:100932208: daddr:33561200
[  232.596676] AAAAA-TCP_FORW: name:enp0s3: saddr:100932208: daddr:33561200
[  232.616171] AAAAA-TCP_FORW: name:enp0s3: saddr:33561200: daddr:100932208
[  232.644536] AAAAA-TCP_FORW: name:enp0s3: saddr:100932208: daddr:33561200
[  232.681533] AAAAA-TCP_FORW: name:enp0s3: saddr:33561200: daddr:100932208
[  232.712096] AAAAA-TCP_FORW: name:enp0s3: saddr:100932208: daddr:33561200
[  232.815237] AAAAA-TCP_FORW: name:enp0s3: saddr:100932208: daddr:33561200
[  232.874373] AAAAA-TCP_FORW: name:enp0s3: saddr:33561200: daddr:100932208
[  232.991771] AAAAA-TCP_FORW: name:enp0s3: saddr:33561200: daddr:100932208
[  233.024569] AAAAA-TCP_FORW: name:enp0s3: saddr:100932208: daddr:33561200
[  233.060921] AAAAA-TCP_FORW: name:enp0s3: saddr:33561200: daddr:100932208
[  233.073412] AAAAA-TCP_FORW: name:enp0s3: saddr:100932208: daddr:33561200
[  233.126842] AAAAA-TCP_FORW: name:enp0s3: saddr:33561200: daddr:100932208
[  233.173158] AAAAA-TCP_FORW: name:enp0s3: saddr:33561200: daddr:100932208
[  233.208103] AAAAA-TCP_FORW: name:enp0s3: saddr:100932208: daddr:16783984
[  233.251128] AAAAA-TCP_FORW: name:enp0s3: saddr:100932208: daddr:16783984
[  233.288620] AAAAA-TCP_FORW: name:enp0s3: saddr:100932208: daddr:16783984
[  233.356867] AAAAA-TCP_FORW: name:enp0s3: saddr:33561200: daddr:100932208
[  233.373590] AAAAA-TCP_FORW: name:enp0s3: saddr:100932208: daddr:16783984
[  233.441609] AAAAA-TCP_FORW: name:enp0s3: saddr:100932208: daddr:16783984
[  233.481452] AAAAA-TCP_FORW: name:enp0s3: saddr:33561200: daddr:100932208
[  233.486274] AAAAA-TCP_FORW: name:enp0s3: saddr:100932208: daddr:16783984
[  233.533401] AAAAA-TCP_FORW: name:enp0s3: saddr:100932208: daddr:16783984
[  233.601025] AAAAA-TCP_FORW: name:enp0s3: saddr:100932208: daddr:16783984
[  233.603587] AAAAA-TCP_FORW: name:enp0s3: saddr:100932208: daddr:16783984
[  233.668497] AAAAA-TCP_FORW: name:enp0s3: saddr:33561200: daddr:100932208
[  233.699004] AAAAA-TCP_FORW: name:enp0s3: saddr:100932208: daddr:16783984
[  233.852483] AAAAA-TCP_FORW: name:enp0s3: saddr:16783984: daddr:100932208
[  233.885095] AAAAA-TCP_FORW: name:enp0s3: saddr:100932208: daddr:16783984
[  233.896859] AAAAA-TCP_FORW: name:enp0s3: saddr:33561200: daddr:100932208
[  233.939295] AAAAA-TCP_FORW: name:enp0s3: saddr:100932208: daddr:16783984
[  233.983020] AAAAA-TCP_FORW: name:enp0s3: saddr:16783984: daddr:100932208
[  234.047286] AAAAA-TCP_FORW: name:enp0s3: saddr:16783984: daddr:100932208
[  234.124949] AAAAA-TCP_FORW: name:enp0s3: saddr:16783984: daddr:100932208
[  234.182055] AAAAA-TCP_FORW: name:enp0s3: saddr:16783984: daddr:100932208
[  234.217107] AAAAA-TCP_FORW: name:enp0s3: saddr:100932208: daddr:16783984
[  234.277407] AAAAA-TCP_FORW: name:enp0s3: saddr:16783984: daddr:100932208
[  234.318677] AAAAA-TCP_FORW: name:enp0s3: saddr:16783984: daddr:100932208
[  234.366085] AAAAA-TCP_FORW: name:enp0s3: saddr:16783984: daddr:100932208
[  234.384544] AAAAA-TCP_FORW: name:enp0s3: saddr:100932208: daddr:16783984
[  234.447726] AAAAA-TCP_FORW: name:enp0s3: saddr:16783984: daddr:100932208
[  234.450208] AAAAA-TCP_FORW: name:enp0s3: saddr:100932208: daddr:16783984
[  234.502899] AAAAA-TCP_FORW: name:enp0s3: saddr:16783984: daddr:100932208
[  234.519510] AAAAA-TCP_FORW: name:enp0s3: saddr:100932208: daddr:16783984
[  234.581448] AAAAA-TCP_FORW: name:enp0s3: saddr:16783984: daddr:100932208
[  234.604436] AAAAA-TCP_FORW: name:enp0s3: saddr:100932208: daddr:16783984
[  234.653523] AAAAA-TCP_FORW: name:enp0s3: saddr:16783984: daddr:100932208
[  234.916238] AAAAA-TCP_FORW: name:enp0s3: saddr:16783984: daddr:100932208
[  234.940700] AAAAA-TCP_FORW: name:enp0s3: saddr:100932208: daddr:16783984
[  234.972526] AAAAA-TCP_FORW: name:enp0s3: saddr:100932208: daddr:16783984
[  235.144293] AAAAA-TCP_FORW: name:enp0s3: saddr:16783984: daddr:100932208
[  235.170697] AAAAA-TCP_FORW: name:enp0s3: saddr:100932208: daddr:16783984
[  235.223448] AAAAA-TCP_FORW: name:enp0s3: saddr:16783984: daddr:100932208
[  235.307194] AAAAA-TCP_FORW: name:enp0s3: saddr:100932208: daddr:16783984
[  235.356578] AAAAA-TCP_FORW: name:enp0s3: saddr:16783984: daddr:100932208
[  235.366321] AAAAA-TCP_FORW: name:enp0s3: saddr:100932208: daddr:16783984
[  235.472406] AAAAA-TCP_FORW: name:enp0s3: saddr:16783984: daddr:100932208
[  235.616175] AAAAA-TCP_FORW: name:enp0s3: saddr:100932208: daddr:16783984
[  235.637446] AAAAA-TCP_FORW: name:enp0s3: saddr:100932208: daddr:16783984
[  235.652414] AAAAA-TCP_FORW: name:enp0s3: saddr:16783984: daddr:100932208
[  235.701215] AAAAA-TCP_FORW: name:enp0s3: saddr:100932208: daddr:16783984
[  235.753229] AAAAA-TCP_FORW: name:enp0s3: saddr:100932208: daddr:33561200
[  235.816751] AAAAA-TCP_FORW: name:enp0s3: saddr:100932208: daddr:33561200
[  235.871150] AAAAA-TCP_FORW: name:enp0s3: saddr:16783984: daddr:100932208
[  235.894198] AAAAA-TCP_FORW: name:enp0s3: saddr:100932208: daddr:33561200
[  235.935083] AAAAA-TCP_FORW: name:enp0s3: saddr:100932208: daddr:33561200
[  235.968867] AAAAA-TCP_FORW: name:enp0s3: saddr:100932208: daddr:33561200
[  236.005476] AAAAA-TCP_FORW: name:enp0s3: saddr:100932208: daddr:33561200
[  236.027052] AAAAA-TCP_FORW: name:enp0s3: saddr:16783984: daddr:100932208
[  236.056628] AAAAA-TCP_FORW: name:enp0s3: saddr:100932208: daddr:33561200
[  236.059188] AAAAA-TCP_FORW: name:enp0s3: saddr:100932208: daddr:33561200
[  236.091197] AAAAA-TCP_FORW: name:enp0s3: saddr:100932208: daddr:33561200
[  236.093817] AAAAA-TCP_FORW: name:enp0s3: saddr:100932208: daddr:33561200
[  236.145554] AAAAA-TCP_FORW: name:enp0s3: saddr:16783984: daddr:100932208
[  236.157650] AAAAA-TCP_FORW: name:enp0s3: saddr:100932208: daddr:33561200
[  236.198423] AAAAA-TCP_FORW: name:enp0s3: saddr:33561200: daddr:100932208
[  236.235383] AAAAA-TCP_FORW: name:enp0s3: saddr:33561200: daddr:100932208
[  236.364287] AAAAA-TCP_FORW: name:enp0s3: saddr:33561200: daddr:100932208
[  236.424625] AAAAA-TCP_FORW: name:enp0s3: saddr:33561200: daddr:100932208
[  236.472142] AAAAA-TCP_FORW: name:enp0s3: saddr:33561200: daddr:100932208
[  236.516210] AAAAA-TCP_FORW: name:enp0s3: saddr:33561200: daddr:100932208
[  236.592059] AAAAA-TCP_FORW: name:enp0s3: saddr:33561200: daddr:100932208
[  236.619395] AAAAA-TCP_FORW: name:enp0s3: saddr:33561200: daddr:100932208
[  236.661151] AAAAA-TCP_FORW: name:enp0s3: saddr:33561200: daddr:100932208
[  236.705244] AAAAA-TCP_FORW: name:enp0s3: saddr:33561200: daddr:100932208
[  236.771326] AAAAA-TCP_FORW: name:enp0s3: saddr:33561200: daddr:100932208
[  261.932647] AAAAA-TCP_FORW: name:enp0s3: saddr:100932208: daddr:33561200
[  262.096786] AAAAA-TCP_FORW: name:enp0s3: saddr:100932208: daddr:33561200
[  262.261392] AAAAA-TCP_FORW: name:enp0s3: saddr:100932208: daddr:16783984
[  262.349710] AAAAA-TCP_FORW: name:enp0s3: saddr:100932208: daddr:16783984
[  262.473461] AAAAA-TCP_FORW: name:enp0s3: saddr:100932208: daddr:16783984
[  262.540369] AAAAA-TCP_FORW: name:enp0s3: saddr:100932208: daddr:33561200
[  262.768752] AAAAA-TCP_FORW: name:enp0s3: saddr:100932208: daddr:33561200
[  262.864309] AAAAA-TCP_FORW: name:enp0s3: saddr:100932208: daddr:33561200
[  263.033240] AAAAA-TCP_FORW: name:enp0s3: saddr:100932208: daddr:16783984
[  263.129523] AAAAA-TCP_FORW: name:enp0s3: saddr:100932208: daddr:16783984
[  263.260714] AAAAA-TCP_FORW: name:enp0s3: saddr:100932208: daddr:33561200
[  263.318166] AAAAA-TCP_FORW: name:enp0s3: saddr:100932208: daddr:33561200
[  263.813598] AAAAA-TCP_FORW: name:enp0s3: saddr:100932208: daddr:16783984
[  264.183614] AAAAA-TCP_FORW: name:enp0s3: saddr:100932208: daddr:33561200
[  264.192238] AAAAA-TCP_FORW: name:enp0s3: saddr:33561200: daddr:100932208
[  264.464508] AAAAA-TCP_FORW: name:enp0s3: saddr:100932208: daddr:16783984
[  264.472821] AAAAA-TCP_FORW: name:enp0s3: saddr:16783984: daddr:100932208
[  264.637741] AAAAA-TCP_FORW: name:enp0s3: saddr:100932208: daddr:33561200
[  264.679130] AAAAA-TCP_FORW: name:enp0s3: saddr:33561200: daddr:100932208
[  264.704222] AAAAA-TCP_FORW: name:enp0s3: saddr:100932208: daddr:33561200
[  264.801757] AAAAA-TCP_FORW: name:enp0s3: saddr:33561200: daddr:100932208
[  265.014354] AAAAA-TCP_FORW: name:enp0s3: saddr:100932208: daddr:16783984
[  265.084559] AAAAA-TCP_FORW: name:enp0s3: saddr:16783984: daddr:100932208
[  265.127085] AAAAA-TCP_FORW: name:enp0s3: saddr:100932208: daddr:33561200
[  265.223204] AAAAA-TCP_FORW: name:enp0s3: saddr:33561200: daddr:100932208
[  265.235506] AAAAA-TCP_FORW: name:enp0s3: saddr:100932208: daddr:16783984
[  265.290715] AAAAA-TCP_FORW: name:enp0s3: saddr:100932208: daddr:16783984
[  265.410359] AAAAA-TCP_FORW: name:enp0s3: saddr:100932208: daddr:33561200
[  265.427449] AAAAA-TCP_FORW: name:enp0s3: saddr:16783984: daddr:100932208
[  265.453091] AAAAA-TCP_FORW: name:enp0s3: saddr:100932208: daddr:33561200
[  265.495690] AAAAA-TCP_FORW: name:enp0s3: saddr:16783984: daddr:100932208
[  265.560973] AAAAA-TCP_FORW: name:enp0s3: saddr:33561200: daddr:100932208
[  265.628362] AAAAA-TCP_FORW: name:enp0s3: saddr:100932208: daddr:16783984
[  265.687243] AAAAA-TCP_FORW: name:enp0s3: saddr:100932208: daddr:33561200
[  265.720620] AAAAA-TCP_FORW: name:enp0s3: saddr:33561200: daddr:100932208
[  265.935375] AAAAA-TCP_FORW: name:enp0s3: saddr:100932208: daddr:16783984
[  266.019105] AAAAA-TCP_FORW: name:enp0s3: saddr:16783984: daddr:100932208
[  266.049319] AAAAA-TCP_FORW: name:enp0s3: saddr:100932208: daddr:16783984
[  266.072669] AAAAA-TCP_FORW: name:enp0s3: saddr:33561200: daddr:100932208
[  266.166294] AAAAA-TCP_FORW: name:enp0s3: saddr:16783984: daddr:100932208
[  266.339511] AAAAA-TCP_FORW: name:enp0s3: saddr:16783984: daddr:100932208
[  266.640844] AAAAA-TCP_FORW: name:enp0s3: saddr:100932208: daddr:16783984
[  266.699738] AAAAA-TCP_FORW: name:enp0s3: saddr:16783984: daddr:100932208
[  267.409778] AAAAA-TCP_FORW: name:enp0s3: saddr:100932208: daddr:16783984
[  267.444667] AAAAA-TCP_FORW: name:enp0s3: saddr:16783984: daddr:100932208
[  267.557393] AAAAA-TCP_FORW: name:enp0s3: saddr:100932208: daddr:33561200
[  267.565248] AAAAA-TCP_FORW: name:enp0s3: saddr:33561200: daddr:100932208
[  267.603757] AAAAA-TCP_FORW: name:enp0s3: saddr:100932208: daddr:33561200
[  267.638608] AAAAA-TCP_FORW: name:enp0s3: saddr:100932208: daddr:33561200
[  267.659856] AAAAA-TCP_FORW: name:enp0s3: saddr:33561200: daddr:100932208
[  267.718691] AAAAA-TCP_FORW: name:enp0s3: saddr:33561200: daddr:100932208
[  267.804848] AAAAA-TCP_FORW: name:enp0s3: saddr:100932208: daddr:33561200
[  267.921134] AAAAA-TCP_FORW: name:enp0s3: saddr:100932208: daddr:33561200
[  268.010494] AAAAA-TCP_FORW: name:enp0s3: saddr:33561200: daddr:100932208
[  268.076347] AAAAA-TCP_FORW: name:enp0s3: saddr:33561200: daddr:100932208
[  268.091099] AAAAA-TCP_FORW: name:enp0s3: saddr:100932208: daddr:33561200
[  268.228855] AAAAA-TCP_FORW: name:enp0s3: saddr:100932208: daddr:33561200
[  268.248121] AAAAA-TCP_FORW: name:enp0s3: saddr:33561200: daddr:100932208
[  268.283650] AAAAA-TCP_FORW: name:enp0s3: saddr:100932208: daddr:16783984
[  268.344920] AAAAA-TCP_FORW: name:enp0s3: saddr:33561200: daddr:100932208
[  268.378398] AAAAA-TCP_FORW: name:enp0s3: saddr:100932208: daddr:16783984
[  268.414046] AAAAA-TCP_FORW: name:enp0s3: saddr:16783984: daddr:100932208
[  268.434267] AAAAA-TCP_FORW: name:enp0s3: saddr:100932208: daddr:16783984
[  268.460665] AAAAA-TCP_FORW: name:enp0s3: saddr:100932208: daddr:16783984
[  268.467910] AAAAA-TCP_FORW: name:enp0s3: saddr:100932208: daddr:16783984
[  268.525510] AAAAA-TCP_FORW: name:enp0s3: saddr:16783984: daddr:100932208
[  268.545216] AAAAA-TCP_FORW: name:enp0s3: saddr:100932208: daddr:16783984
[  268.619074] AAAAA-TCP_FORW: name:enp0s3: saddr:16783984: daddr:100932208
[  268.711513] AAAAA-TCP_FORW: name:enp0s3: saddr:16783984: daddr:100932208
[  268.885633] AAAAA-TCP_FORW: name:enp0s3: saddr:16783984: daddr:100932208
[  269.020587] AAAAA-TCP_FORW: name:enp0s3: saddr:16783984: daddr:100932208
[  283.663256] AAAAA-TCP_FORW: name:enp0s3: saddr:100932208: daddr:16783984
[  283.763926] AAAAA-TCP_FORW: name:enp0s3: saddr:16783984: daddr:100932208
[  283.792559] AAAAA-TCP_FORW: name:enp0s3: saddr:100932208: daddr:33561200
[  283.846909] AAAAA-TCP_FORW: name:enp0s3: saddr:100932208: daddr:33561200
[  283.909076] AAAAA-TCP_FORW: name:enp0s3: saddr:33561200: daddr:100932208
[  283.927888] AAAAA-TCP_FORW: name:enp0s3: saddr:100932208: daddr:33561200
[  283.956924] AAAAA-TCP_FORW: name:enp0s3: saddr:100932208: daddr:33561200
[  283.968262] AAAAA-TCP_FORW: name:enp0s3: saddr:33561200: daddr:100932208
[  284.029039] AAAAA-TCP_FORW: name:enp0s3: saddr:100932208: daddr:33561200
[  284.086450] AAAAA-TCP_FORW: name:enp0s3: saddr:33561200: daddr:100932208
[  284.097156] AAAAA-TCP_FORW: name:enp0s3: saddr:100932208: daddr:33561200
[  284.139118] AAAAA-TCP_FORW: name:enp0s3: saddr:33561200: daddr:100932208
[  284.213884] AAAAA-TCP_FORW: name:enp0s3: saddr:33561200: daddr:100932208
[  284.226121] AAAAA-TCP_FORW: name:enp0s3: saddr:100932208: daddr:33561200
[  284.246371] AAAAA-TCP_FORW: name:enp0s3: saddr:100932208: daddr:33561200
[  284.315188] AAAAA-TCP_FORW: name:enp0s3: saddr:33561200: daddr:100932208
[  284.446518] AAAAA-TCP_FORW: name:enp0s3: saddr:33561200: daddr:100932208
[  284.471441] AAAAA-TCP_FORW: name:enp0s3: saddr:33561200: daddr:100932208
[  289.408888] AAAAA-TCP_FORW: name:enp0s3: saddr:100932208: daddr:16783984
[  289.419314] AAAAA-TCP_FORW: name:enp0s3: saddr:16783984: daddr:100932208
[  289.508726] AAAAA-TCP_FORW: name:enp0s3: saddr:100932208: daddr:33561200
[  289.538001] AAAAA-TCP_FORW: name:enp0s3: saddr:33561200: daddr:100932208
[  289.609656] AAAAA-TCP_FORW: name:enp0s3: saddr:100932208: daddr:16783984
[  289.683886] AAAAA-TCP_FORW: name:enp0s3: saddr:100932208: daddr:33561200
[  289.701836] AAAAA-TCP_FORW: name:enp0s3: saddr:16783984: daddr:100932208
[  289.774532] AAAAA-TCP_FORW: name:enp0s3: saddr:100932208: daddr:33561200
[  289.793217] AAAAA-TCP_FORW: name:enp0s3: saddr:33561200: daddr:100932208
[  289.843749] AAAAA-TCP_FORW: name:enp0s3: saddr:100932208: daddr:33561200
[  289.911455] AAAAA-TCP_FORW: name:enp0s3: saddr:100932208: daddr:33561200
[  289.945068] AAAAA-TCP_FORW: name:enp0s3: saddr:33561200: daddr:100932208
[  289.963516] AAAAA-TCP_FORW: name:enp0s3: saddr:100932208: daddr:33561200
[  289.988413] AAAAA-TCP_FORW: name:enp0s3: saddr:100932208: daddr:33561200
[  290.017962] AAAAA-TCP_FORW: name:enp0s3: saddr:100932208: daddr:33561200
[  290.075697] AAAAA-TCP_FORW: name:enp0s3: saddr:33561200: daddr:100932208
[  290.134896] AAAAA-TCP_FORW: name:enp0s3: saddr:33561200: daddr:100932208
[  290.206645] AAAAA-TCP_FORW: name:enp0s3: saddr:100932208: daddr:33561200
[  290.348705] AAAAA-TCP_FORW: name:enp0s3: saddr:100932208: daddr:33561200
[  290.376215] AAAAA-TCP_FORW: name:enp0s3: saddr:33561200: daddr:100932208
[  290.407097] AAAAA-TCP_FORW: name:enp0s3: saddr:100932208: daddr:33561200
[  290.500272] AAAAA-TCP_FORW: name:enp0s3: saddr:33561200: daddr:100932208
[  290.530310] AAAAA-TCP_FORW: name:enp0s3: saddr:100932208: daddr:33561200
[  290.558742] AAAAA-TCP_FORW: name:enp0s3: saddr:33561200: daddr:100932208
[  290.719925] AAAAA-TCP_FORW: name:enp0s3: saddr:100932208: daddr:33561200
[  290.879934] AAAAA-TCP_FORW: name:enp0s3: saddr:33561200: daddr:100932208
[  290.995400] AAAAA-TCP_FORW: name:enp0s3: saddr:33561200: daddr:100932208
[  291.072772] AAAAA-TCP_FORW: name:enp0s3: saddr:100932208: daddr:33561200
[  291.095952] AAAAA-TCP_FORW: name:enp0s3: saddr:33561200: daddr:100932208
[  291.261151] AAAAA-TCP_FORW: name:enp0s3: saddr:100932208: daddr:33561200
[  291.314183] AAAAA-TCP_FORW: name:enp0s3: saddr:100932208: daddr:33561200
[  291.381822] AAAAA-TCP_FORW: name:enp0s3: saddr:100932208: daddr:16783984
[  291.456066] AAAAA-TCP_FORW: name:enp0s3: saddr:100932208: daddr:16783984
[  291.506947] AAAAA-TCP_FORW: name:enp0s3: saddr:100932208: daddr:33561200
[  291.570960] AAAAA-TCP_FORW: name:enp0s3: saddr:100932208: daddr:33561200
[  291.720569] AAAAA-TCP_FORW: name:enp0s3: saddr:100932208: daddr:16783984
[  291.844878] AAAAA-TCP_FORW: name:enp0s3: saddr:100932208: daddr:16783984
[  291.964621] AAAAA-TCP_FORW: name:enp0s3: saddr:100932208: daddr:33561200
[  292.079317] AAAAA-TCP_FORW: name:enp0s3: saddr:100932208: daddr:33561200
[  292.133505] AAAAA-TCP_FORW: name:enp0s3: saddr:100932208: daddr:33561200
[  292.273166] AAAAA-TCP_FORW: name:enp0s3: saddr:100932208: daddr:33561200
[  292.722699] AAAAA-TCP_FORW: name:enp0s3: saddr:100932208: daddr:33561200
[  292.924727] AAAAA-TCP_FORW: name:enp0s3: saddr:100932208: daddr:33561200
[  293.076083] AAAAA-TCP_FORW: name:enp0s3: saddr:100932208: daddr:33561200
[  293.202752] AAAAA-TCP_FORW: name:enp0s3: saddr:100932208: daddr:33561200
[  293.291870] AAAAA-TCP_FORW: name:enp0s3: saddr:100932208: daddr:33561200
[  293.412862] AAAAA-TCP_FORW: name:enp0s3: saddr:100932208: daddr:33561200
[  293.478093] AAAAA-TCP_FORW: name:enp0s3: saddr:100932208: daddr:33561200
[  293.590083] AAAAA-TCP_FORW: name:enp0s3: saddr:100932208: daddr:33561200
[  293.696703] AAAAA-TCP_FORW: name:enp0s3: saddr:100932208: daddr:33561200
[  293.748519] AAAAA-TCP_FORW: name:enp0s3: saddr:100932208: daddr:33561200
[  293.805496] AAAAA-TCP_FORW: name:enp0s3: saddr:100932208: daddr:33561200
[  293.857588] AAAAA-TCP_FORW: name:enp0s3: saddr:100932208: daddr:33561200
[  293.976100] AAAAA-TCP_FORW: name:enp0s3: saddr:100932208: daddr:33561200
[  294.031658] AAAAA-TCP_FORW: name:enp0s3: saddr:100932208: daddr:33561200
[  294.236085] AAAAA-TCP_FORW: name:enp0s3: saddr:100932208: daddr:33561200
[  294.394291] AAAAA-TCP_FORW: name:enp0s3: saddr:100932208: daddr:33561200
[  294.468305] AAAAA-TCP_FORW: name:enp0s3: saddr:100932208: daddr:33561200
[  294.543179] AAAAA-TCP_FORW: name:enp0s3: saddr:100932208: daddr:33561200
[  294.614823] AAAAA-TCP_FORW: name:enp0s3: saddr:100932208: daddr:33561200
[  294.684513] AAAAA-TCP_FORW: name:enp0s3: saddr:100932208: daddr:33561200
[  294.986963] AAAAA-TCP_FORW: name:enp0s3: saddr:100932208: daddr:33561200
[  295.058099] AAAAA-TCP_FORW: name:enp0s3: saddr:100932208: daddr:33561200
[  295.118544] AAAAA-TCP_FORW: name:enp0s3: saddr:100932208: daddr:33561200
[  295.264158] AAAAA-TCP_FORW: name:enp0s3: saddr:100932208: daddr:16783984
[  295.339091] AAAAA-TCP_FORW: name:enp0s3: saddr:100932208: daddr:16783984
[  295.357059] AAAAA-TCP_FORW: name:enp0s3: saddr:16783984: daddr:100932208
[  295.440177] AAAAA-TCP_FORW: name:enp0s3: saddr:100932208: daddr:33561200
[  295.449346] AAAAA-TCP_FORW: name:enp0s3: saddr:33561200: daddr:100932208
[  295.487807] AAAAA-TCP_FORW: name:enp0s3: saddr:100932208: daddr:16783984
[  295.569903] AAAAA-TCP_FORW: name:enp0s3: saddr:100932208: daddr:16783984
[  295.593031] AAAAA-TCP_FORW: name:enp0s3: saddr:16783984: daddr:100932208
[  295.630874] AAAAA-TCP_FORW: name:enp0s3: saddr:16783984: daddr:100932208
[  295.643367] AAAAA-TCP_FORW: name:enp0s3: saddr:100932208: daddr:33561200
[  295.707229] AAAAA-TCP_FORW: name:enp0s3: saddr:100932208: daddr:33561200
[  295.770082] AAAAA-TCP_FORW: name:enp0s3: saddr:33561200: daddr:100932208
[  295.841791] AAAAA-TCP_FORW: name:enp0s3: saddr:33561200: daddr:100932208
[  295.883520] AAAAA-TCP_FORW: name:enp0s3: saddr:100932208: daddr:16783984
[  295.965771] AAAAA-TCP_FORW: name:enp0s3: saddr:100932208: daddr:16783984
[  296.006646] AAAAA-TCP_FORW: name:enp0s3: saddr:100932208: daddr:16783984
[  296.048605] AAAAA-TCP_FORW: name:enp0s3: saddr:16783984: daddr:100932208
[  296.063501] AAAAA-TCP_FORW: name:enp0s3: saddr:100932208: daddr:16783984
[  296.179468] AAAAA-TCP_FORW: name:enp0s3: saddr:16783984: daddr:100932208
[  296.261509] AAAAA-TCP_FORW: name:enp0s3: saddr:100932208: daddr:33561200
[  296.266894] AAAAA-TCP_FORW: name:enp0s3: saddr:16783984: daddr:100932208
[  296.330029] AAAAA-TCP_FORW: name:enp0s3: saddr:100932208: daddr:33561200
[  296.352744] AAAAA-TCP_FORW: name:enp0s3: saddr:16783984: daddr:100932208
[  296.401920] AAAAA-TCP_FORW: name:enp0s3: saddr:100932208: daddr:33561200
[  296.415756] AAAAA-TCP_FORW: name:enp0s3: saddr:33561200: daddr:100932208
[  296.474398] AAAAA-TCP_FORW: name:enp0s3: saddr:33561200: daddr:100932208
[  296.491674] AAAAA-TCP_FORW: name:enp0s3: saddr:100932208: daddr:33561200
[  296.569390] AAAAA-TCP_FORW: name:enp0s3: saddr:33561200: daddr:100932208
[  296.696042] AAAAA-TCP_FORW: name:enp0s3: saddr:33561200: daddr:100932208
[  296.806380] AAAAA-TCP_FORW: name:enp0s3: saddr:100932208: daddr:33561200
[  296.816411] AAAAA-TCP_FORW: name:enp0s3: saddr:33561200: daddr:100932208
[  296.876103] AAAAA-TCP_FORW: name:enp0s3: saddr:100932208: daddr:33561200
[  296.885316] AAAAA-TCP_FORW: name:enp0s3: saddr:33561200: daddr:100932208
[  296.996857] AAAAA-TCP_FORW: name:enp0s3: saddr:100932208: daddr:33561200
[  297.005361] AAAAA-TCP_FORW: name:enp0s3: saddr:33561200: daddr:100932208
[  297.105517] AAAAA-TCP_FORW: name:enp0s3: saddr:100932208: daddr:33561200
[  297.139361] AAAAA-TCP_FORW: name:enp0s3: saddr:33561200: daddr:100932208
[  297.168696] AAAAA-TCP_FORW: name:enp0s3: saddr:100932208: daddr:33561200
[  297.213876] AAAAA-TCP_FORW: name:enp0s3: saddr:33561200: daddr:100932208
[  297.348248] AAAAA-TCP_FORW: name:enp0s3: saddr:100932208: daddr:33561200
[  297.358960] AAAAA-TCP_FORW: name:enp0s3: saddr:33561200: daddr:100932208
[  297.410412] AAAAA-TCP_FORW: name:enp0s3: saddr:100932208: daddr:33561200
[  297.444238] AAAAA-TCP_FORW: name:enp0s3: saddr:33561200: daddr:100932208
[  297.466488] AAAAA-TCP_FORW: name:enp0s3: saddr:100932208: daddr:33561200
[  297.581010] AAAAA-TCP_FORW: name:enp0s3: saddr:33561200: daddr:100932208
[  297.719775] AAAAA-TCP_FORW: name:enp0s3: saddr:100932208: daddr:33561200
[  297.733855] AAAAA-TCP_FORW: name:enp0s3: saddr:33561200: daddr:100932208
[  297.824781] AAAAA-TCP_FORW: name:enp0s3: saddr:100932208: daddr:33561200
[  297.908491] AAAAA-TCP_FORW: name:enp0s3: saddr:33561200: daddr:100932208
[  297.973991] AAAAA-TCP_FORW: name:enp0s3: saddr:100932208: daddr:33561200
[  298.064015] AAAAA-TCP_FORW: name:enp0s3: saddr:33561200: daddr:100932208
[  298.086585] AAAAA-TCP_FORW: name:enp0s3: saddr:100932208: daddr:33561200
[  298.203694] AAAAA-TCP_FORW: name:enp0s3: saddr:100932208: daddr:33561200
[  298.264230] AAAAA-TCP_FORW: name:enp0s3: saddr:100932208: daddr:16783984
[  298.317505] AAAAA-TCP_FORW: name:enp0s3: saddr:100932208: daddr:16783984
[  298.407887] AAAAA-TCP_FORW: name:enp0s3: saddr:100932208: daddr:16783984
[  298.474704] AAAAA-TCP_FORW: name:enp0s3: saddr:100932208: daddr:16783984
[  298.551728] AAAAA-TCP_FORW: name:enp0s3: saddr:100932208: daddr:33561200
[  298.603630] AAAAA-TCP_FORW: name:enp0s3: saddr:100932208: daddr:16783984
[  298.672496] AAAAA-TCP_FORW: name:enp0s3: saddr:100932208: daddr:16783984
[  298.717920] AAAAA-TCP_FORW: name:enp0s3: saddr:100932208: daddr:16783984
[  298.814936] AAAAA-TCP_FORW: name:enp0s3: saddr:100932208: daddr:16783984
[  298.856679] AAAAA-TCP_FORW: name:enp0s3: saddr:100932208: daddr:33561200
[  298.984368] AAAAA-TCP_FORW: name:enp0s3: saddr:100932208: daddr:33561200
[  299.062328] AAAAA-TCP_FORW: name:enp0s3: saddr:100932208: daddr:16783984
[  299.125636] AAAAA-TCP_FORW: name:enp0s3: saddr:100932208: daddr:16783984
[  299.236459] AAAAA-TCP_FORW: name:enp0s3: saddr:100932208: daddr:16783984
[  324.153235] AAAAA-TCP_FORW: name:enp0s3: saddr:16783984: daddr:100932208
[  324.245724] AAAAA-TCP_FORW: name:enp0s3: saddr:33561200: daddr:100932208
[  324.326677] AAAAA-TCP_FORW: name:enp0s3: saddr:16783984: daddr:100932208
[  324.406785] AAAAA-TCP_FORW: name:enp0s3: saddr:33561200: daddr:100932208
[  324.478476] AAAAA-TCP_FORW: name:enp0s3: saddr:16783984: daddr:100932208
[  324.612407] AAAAA-TCP_FORW: name:enp0s3: saddr:33561200: daddr:100932208
[  324.711352] AAAAA-TCP_FORW: name:enp0s3: saddr:16783984: daddr:100932208
[  324.837249] AAAAA-TCP_FORW: name:enp0s3: saddr:33561200: daddr:100932208
[  324.966790] AAAAA-TCP_FORW: name:enp0s3: saddr:16783984: daddr:100932208
[  325.074993] AAAAA-TCP_FORW: name:enp0s3: saddr:33561200: daddr:100932208
[  325.323086] AAAAA-TCP_FORW: name:enp0s3: saddr:16783984: daddr:100932208
[  325.436379] AAAAA-TCP_FORW: name:enp0s3: saddr:33561200: daddr:100932208
[  325.487227] AAAAA-TCP_FORW: name:enp0s3: saddr:33561200: daddr:100932208
[  325.627623] AAAAA-TCP_FORW: name:enp0s3: saddr:16783984: daddr:100932208
[  325.708674] AAAAA-TCP_FORW: name:enp0s3: saddr:33561200: daddr:100932208
[  325.793609] AAAAA-TCP_FORW: name:enp0s3: saddr:16783984: daddr:100932208
[  325.855905] AAAAA-TCP_FORW: name:enp0s3: saddr:33561200: daddr:100932208
[  326.003765] AAAAA-TCP_FORW: name:enp0s3: saddr:16783984: daddr:100932208
[  326.615409] AAAAA-TCP_FORW: name:enp0s3: saddr:100932208: daddr:33561200
[  326.818588] AAAAA-TCP_FORW: name:enp0s3: saddr:100932208: daddr:16783984
[  326.970178] AAAAA-TCP_FORW: name:enp0s3: saddr:100932208: daddr:16783984
[  327.089504] AAAAA-TCP_FORW: name:enp0s3: saddr:100932208: daddr:16783984
[  327.402683] AAAAA-TCP_FORW: name:enp0s3: saddr:100932208: daddr:33561200
[  328.440816] AAAAA-TCP_FORW: name:enp0s3: saddr:100932208: daddr:16783984
[  328.692399] AAAAA-TCP_FORW: name:enp0s3: saddr:100932208: daddr:16783984
[  329.072197] AAAAA-TCP_FORW: name:enp0s3: saddr:100932208: daddr:33561200
[  329.616643] AAAAA-TCP_FORW: name:enp0s3: saddr:100932208: daddr:33561200
[  329.812261] AAAAA-TCP_FORW: name:enp0s3: saddr:100932208: daddr:33561200
[  329.954293] AAAAA-TCP_FORW: name:enp0s3: saddr:100932208: daddr:33561200
[  330.346564] AAAAA-TCP_FORW: name:enp0s3: saddr:100932208: daddr:33561200
[  330.693485] AAAAA-TCP_FORW: name:enp0s3: saddr:100932208: daddr:16783984
[  330.824397] AAAAA-TCP_FORW: name:enp0s3: saddr:100932208: daddr:16783984
[  331.307404] AAAAA-TCP_FORW: name:enp0s3: saddr:100932208: daddr:33561200
[  331.420459] AAAAA-TCP_FORW: name:enp0s3: saddr:100932208: daddr:33561200
[  331.588274] AAAAA-TCP_FORW: name:enp0s3: saddr:100932208: daddr:16783984
[  331.810982] AAAAA-TCP_FORW: name:enp0s3: saddr:100932208: daddr:33561200
[  332.219870] AAAAA-TCP_FORW: name:enp0s3: saddr:100932208: daddr:33561200
[  332.412871] AAAAA-TCP_FORW: name:enp0s3: saddr:100932208: daddr:33561200
[  332.664174] AAAAA-TCP_FORW: name:enp0s3: saddr:100932208: daddr:33561200
[  332.882265] AAAAA-TCP_FORW: name:enp0s3: saddr:100932208: daddr:33561200
[  333.128714] AAAAA-TCP_FORW: name:enp0s3: saddr:100932208: daddr:33561200
[  333.181612] AAAAA-TCP_FORW: name:enp0s3: saddr:100932208: daddr:33561200
[  333.408349] AAAAA-TCP_FORW: name:enp0s3: saddr:100932208: daddr:33561200
[  333.599782] AAAAA-TCP_FORW: name:enp0s3: saddr:100932208: daddr:16783984
[  333.602945] AAAAA-TCP_FORW: name:enp0s3: saddr:100932208: daddr:16783984
[  333.759485] AAAAA-TCP_FORW: name:enp0s3: saddr:100932208: daddr:16783984
[  333.880561] AAAAA-TCP_FORW: name:enp0s3: saddr:100932208: daddr:16783984
[  334.058446] AAAAA-TCP_FORW: name:enp0s3: saddr:100932208: daddr:16783984
[  334.189658] AAAAA-TCP_FORW: name:enp0s3: saddr:100932208: daddr:16783984
[  334.369414] AAAAA-TCP_FORW: name:enp0s3: saddr:100932208: daddr:16783984
[  334.378774] AAAAA-TCP_FORW: name:enp0s3: saddr:100932208: daddr:16783984
[  334.466073] AAAAA-TCP_FORW: name:enp0s3: saddr:100932208: daddr:16783984
[  334.556911] AAAAA-TCP_FORW: name:enp0s3: saddr:100932208: daddr:16783984
[  334.695257] AAAAA-TCP_FORW: name:enp0s3: saddr:100932208: daddr:33561200
[  334.996814] AAAAA-TCP_FORW: name:enp0s3: saddr:100932208: daddr:33561200
[  335.072015] AAAAA-TCP_FORW: name:enp0s3: saddr:100932208: daddr:33561200
[  335.160659] AAAAA-TCP_FORW: name:enp0s3: saddr:100932208: daddr:16783984
[  335.237812] AAAAA-TCP_FORW: name:enp0s3: saddr:100932208: daddr:16783984
[  335.322865] AAAAA-TCP_FORW: name:enp0s3: saddr:100932208: daddr:16783984
[  335.430311] AAAAA-TCP_FORW: name:enp0s3: saddr:100932208: daddr:33561200
[  335.556868] AAAAA-TCP_FORW: name:enp0s3: saddr:100932208: daddr:33561200
[  335.612054] AAAAA-TCP_FORW: name:enp0s3: saddr:100932208: daddr:33561200
[  335.834454] AAAAA-TCP_FORW: name:enp0s3: saddr:100932208: daddr:33561200
[  335.991840] AAAAA-TCP_FORW: name:enp0s3: saddr:100932208: daddr:33561200
[  336.058858] AAAAA-TCP_FORW: name:enp0s3: saddr:100932208: daddr:33561200
[  336.164005] AAAAA-TCP_FORW: name:enp0s3: saddr:100932208: daddr:33561200
[  336.214257] AAAAA-TCP_FORW: name:enp0s3: saddr:100932208: daddr:33561200
[  336.320306] AAAAA-TCP_FORW: name:enp0s3: saddr:100932208: daddr:33561200
[  336.363757] AAAAA-TCP_FORW: name:enp0s3: saddr:100932208: daddr:33561200
[  336.456618] AAAAA-TCP_FORW: name:enp0s3: saddr:100932208: daddr:33561200
[  336.636414] AAAAA-TCP_FORW: name:enp0s3: saddr:100932208: daddr:16783984
[  337.545517] AAAAA-TCP_FORW: name:enp0s3: saddr:100932208: daddr:33561200
[  337.719481] AAAAA-TCP_FORW: name:enp0s3: saddr:100932208: daddr:16783984
[  337.729852] AAAAA-TCP_FORW: name:enp0s3: saddr:100932208: daddr:33561200
[  337.918265] AAAAA-TCP_FORW: name:enp0s3: saddr:100932208: daddr:16783984
[  339.507537] AAAAA-TCP_FORW: name:enp0s3: saddr:33561200: daddr:100932208
[  339.952276] AAAAA-TCP_FORW: name:enp0s3: saddr:33561200: daddr:100932208
[  341.284631] AAAAA-TCP_FORW: name:enp0s3: saddr:100932208: daddr:33561200
[  341.355973] AAAAA-TCP_FORW: name:enp0s3: saddr:33561200: daddr:100932208
[  342.460280] AAAAA-TCP_FORW: name:enp0s3: saddr:16783984: daddr:100932208
[  342.593364] AAAAA-TCP_FORW: name:enp0s3: saddr:16783984: daddr:100932208
[  342.660409] AAAAA-TCP_FORW: name:enp0s3: saddr:100932208: daddr:33561200
[  342.959955] AAAAA-TCP_FORW: name:enp0s3: saddr:100932208: daddr:33561200
[  343.320928] AAAAA-TCP_FORW: name:enp0s3: saddr:100932208: daddr:16783984
[  343.328573] AAAAA-TCP_FORW: name:enp0s3: saddr:16783984: daddr:100932208
[  343.904239] AAAAA-TCP_FORW: name:enp0s3: saddr:100932208: daddr:33561200
[  354.963804] AAAAA-TCP_FORW: name:enp0s3: saddr:100932208: daddr:16783984
[  357.804656] AAAAA-TCP_FORW: name:enp0s3: saddr:100932208: daddr:16783984
[  357.859536] AAAAA-TCP_FORW: name:enp0s3: saddr:100932208: daddr:33561200
[  357.956247] AAAAA-TCP_FORW: name:enp0s3: saddr:100932208: daddr:33561200
[  358.117232] AAAAA-TCP_FORW: name:enp0s3: saddr:100932208: daddr:16783984
[  358.263835] AAAAA-TCP_FORW: name:enp0s3: saddr:100932208: daddr:16783984
[  358.437853] AAAAA-TCP_FORW: name:enp0s3: saddr:100932208: daddr:33561200
[  358.518392] AAAAA-TCP_FORW: name:enp0s3: saddr:100932208: daddr:16783984
[  358.706569] AAAAA-TCP_FORW: name:enp0s3: saddr:100932208: daddr:33561200
[  358.824456] AAAAA-TCP_FORW: name:enp0s3: saddr:100932208: daddr:33561200
[  359.109264] AAAAA-TCP_FORW: name:enp0s3: saddr:100932208: daddr:16783984
[  359.267911] AAAAA-TCP_FORW: name:enp0s3: saddr:100932208: daddr:16783984
[  359.619931] AAAAA-TCP_FORW: name:enp0s3: saddr:100932208: daddr:33561200
[  359.703989] AAAAA-TCP_FORW: name:enp0s3: saddr:100932208: daddr:16783984
[  359.779118] AAAAA-TCP_FORW: name:enp0s3: saddr:100932208: daddr:16783984
[  359.871721] AAAAA-TCP_FORW: name:enp0s3: saddr:100932208: daddr:33561200
[  359.991899] AAAAA-TCP_FORW: name:enp0s3: saddr:100932208: daddr:33561200
[  360.128842] AAAAA-TCP_FORW: name:enp0s3: saddr:100932208: daddr:16783984
[  360.371929] AAAAA-TCP_FORW: name:enp0s3: saddr:100932208: daddr:33561200
[  360.471959] AAAAA-TCP_FORW: name:enp0s3: saddr:100932208: daddr:16783984
[  360.576049] AAAAA-TCP_FORW: name:enp0s3: saddr:100932208: daddr:16783984
[  360.723511] AAAAA-TCP_FORW: name:enp0s3: saddr:100932208: daddr:33561200
[  360.813937] AAAAA-TCP_FORW: name:enp0s3: saddr:100932208: daddr:16783984
[  361.718472] AAAAA-TCP_FORW: name:enp0s3: saddr:100932208: daddr:33561200
[  362.062270] AAAAA-TCP_FORW: name:enp0s3: saddr:100932208: daddr:33561200
[  362.499479] AAAAA-TCP_FORW: name:enp0s3: saddr:100932208: daddr:16783984
[  363.027047] AAAAA-TCP_FORW: name:enp0s3: saddr:100932208: daddr:16783984
[  363.217658] AAAAA-TCP_FORW: name:enp0s3: saddr:100932208: daddr:16783984
[  363.593101] AAAAA-TCP_FORW: name:enp0s3: saddr:100932208: daddr:16783984
[  363.883929] AAAAA-TCP_FORW: name:enp0s3: saddr:100932208: daddr:16783984
[  364.221083] AAAAA-TCP_FORW: name:enp0s3: saddr:100932208: daddr:33561200
[  364.367006] AAAAA-TCP_FORW: name:enp0s3: saddr:100932208: daddr:33561200
[  364.737316] AAAAA-TCP_FORW: name:enp0s3: saddr:100932208: daddr:16783984
[  364.827994] AAAAA-TCP_FORW: name:enp0s3: saddr:100932208: daddr:16783984
[  364.892485] AAAAA-TCP_FORW: name:enp0s3: saddr:100932208: daddr:33561200
[  364.999567] AAAAA-TCP_FORW: name:enp0s3: saddr:16783984: daddr:100932208
[  365.077360] AAAAA-TCP_FORW: name:enp0s3: saddr:16783984: daddr:100932208
[  365.134042] AAAAA-TCP_FORW: name:enp0s3: saddr:100932208: daddr:33561200
[  365.292080] AAAAA-TCP_FORW: name:enp0s3: saddr:16783984: daddr:100932208
[  365.325158] AAAAA-TCP_FORW: name:enp0s3: saddr:100932208: daddr:33561200
[  365.374354] AAAAA-TCP_FORW: name:enp0s3: saddr:16783984: daddr:100932208
[  365.390741] AAAAA-TCP_FORW: name:enp0s3: saddr:100932208: daddr:33561200
[  365.432903] AAAAA-TCP_FORW: name:enp0s3: saddr:100932208: daddr:33561200
[  365.499229] AAAAA-TCP_FORW: name:enp0s3: saddr:16783984: daddr:100932208
[  365.588430] AAAAA-TCP_FORW: name:enp0s3: saddr:33561200: daddr:100932208
[  365.683507] AAAAA-TCP_FORW: name:enp0s3: saddr:16783984: daddr:100932208
[  365.890267] AAAAA-TCP_FORW: name:enp0s3: saddr:100932208: daddr:33561200
[  366.020903] AAAAA-TCP_FORW: name:enp0s3: saddr:100932208: daddr:33561200
[  366.092905] AAAAA-TCP_FORW: name:enp0s3: saddr:100932208: daddr:33561200
[  366.177326] AAAAA-TCP_FORW: name:enp0s3: saddr:100932208: daddr:16783984
[  366.329442] AAAAA-TCP_FORW: name:enp0s3: saddr:100932208: daddr:16783984
[  366.406132] AAAAA-TCP_FORW: name:enp0s3: saddr:100932208: daddr:16783984
[  366.538342] AAAAA-TCP_FORW: name:enp0s3: saddr:100932208: daddr:16783984
[  366.541083] AAAAA-TCP_FORW: name:enp0s3: saddr:100932208: daddr:16783984
[  366.677624] AAAAA-TCP_FORW: name:enp0s3: saddr:100932208: daddr:16783984
[  366.778003] AAAAA-TCP_FORW: name:enp0s3: saddr:100932208: daddr:33561200
[  366.847762] AAAAA-TCP_FORW: name:enp0s3: saddr:16783984: daddr:100932208
[  366.921754] AAAAA-TCP_FORW: name:enp0s3: saddr:16783984: daddr:100932208
[  367.014681] AAAAA-TCP_FORW: name:enp0s3: saddr:16783984: daddr:100932208
[  367.020422] AAAAA-TCP_FORW: name:enp0s3: saddr:100932208: daddr:16783984
[  367.203171] AAAAA-TCP_FORW: name:enp0s3: saddr:100932208: daddr:16783984
[  367.539816] AAAAA-TCP_FORW: name:enp0s3: saddr:16783984: daddr:100932208
[  367.681808] AAAAA-TCP_FORW: name:enp0s3: saddr:100932208: daddr:33561200
[  367.735063] AAAAA-TCP_FORW: name:enp0s3: saddr:33561200: daddr:100932208
[  368.520502] AAAAA-TCP_FORW: name:enp0s3: saddr:100932208: daddr:33561200
[  368.654932] AAAAA-TCP_FORW: name:enp0s3: saddr:100932208: daddr:16783984
[  368.859750] AAAAA-TCP_FORW: name:enp0s3: saddr:100932208: daddr:16783984
[  368.870651] AAAAA-TCP_FORW: name:enp0s3: saddr:16783984: daddr:100932208
[  369.066725] AAAAA-TCP_FORW: name:enp0s3: saddr:100932208: daddr:16783984
[  369.213295] AAAAA-TCP_FORW: name:enp0s3: saddr:100932208: daddr:16783984
[  369.300604] AAAAA-TCP_FORW: name:enp0s3: saddr:100932208: daddr:33561200
[  369.390972] AAAAA-TCP_FORW: name:enp0s3: saddr:100932208: daddr:33561200
[  369.662781] AAAAA-TCP_FORW: name:enp0s3: saddr:100932208: daddr:33561200
[  369.836403] AAAAA-TCP_FORW: name:enp0s3: saddr:100932208: daddr:16783984
[  369.842470] AAAAA-TCP_FORW: name:enp0s3: saddr:16783984: daddr:100932208
[  369.927388] AAAAA-TCP_FORW: name:enp0s3: saddr:100932208: daddr:33561200
[  370.288046] AAAAA-TCP_FORW: name:enp0s3: saddr:100932208: daddr:16783984
[  370.305182] AAAAA-TCP_FORW: name:enp0s3: saddr:16783984: daddr:100932208
[  370.383020] AAAAA-TCP_FORW: name:enp0s3: saddr:16783984: daddr:100932208
[  370.654931] AAAAA-TCP_FORW: name:enp0s3: saddr:100932208: daddr:16783984
[  370.663272] AAAAA-TCP_FORW: name:enp0s3: saddr:16783984: daddr:100932208
[  371.008022] AAAAA-TCP_FORW: name:enp0s3: saddr:100932208: daddr:16783984
[  371.069831] AAAAA-TCP_FORW: name:enp0s3: saddr:100932208: daddr:16783984
[  371.088693] AAAAA-TCP_FORW: name:enp0s3: saddr:16783984: daddr:100932208
[  371.121726] AAAAA-TCP_FORW: name:enp0s3: saddr:16783984: daddr:100932208
[  371.255703] AAAAA-TCP_FORW: name:enp0s3: saddr:100932208: daddr:16783984
[  371.401388] AAAAA-TCP_FORW: name:enp0s3: saddr:16783984: daddr:100932208
[  371.695384] AAAAA-TCP_FORW: name:enp0s3: saddr:100932208: daddr:16783984
[  371.876693] AAAAA-TCP_FORW: name:enp0s3: saddr:100932208: daddr:16783984
[  371.892934] AAAAA-TCP_FORW: name:enp0s3: saddr:16783984: daddr:100932208
[  504.201044] rfkill: input handler enabled
[  512.221787] rfkill: input handler disabled
[  752.083881] device enp0s3 left promiscuous mode
