[    0.000000] Linux version 5.4.243-mptcp (root@ztg) (gcc version 12.2.0 (Debian 12.2.0-14+deb12u1)) #53 SMP Wed Dec 24 23:28:15 CST 2025
[    0.000000] Command line: BOOT_IMAGE=/boot/vmlinuz-5.4.243-mptcp root=UUID=98415a12-53b7-4144-8265-0f7ece09e445 ro quiet splash
[    0.000000] KERNEL supported cpus:
[    0.000000]   Intel GenuineIntel
[    0.000000]   AMD AuthenticAMD
[    0.000000]   Hygon HygonGenuine
[    0.000000]   Centaur CentaurHauls
[    0.000000]   zhaoxin   Shanghai  
[    0.000000] x86/fpu: Supporting XSAVE feature 0x001: 'x87 floating point registers'
[    0.000000] x86/fpu: Supporting XSAVE feature 0x002: 'SSE registers'
[    0.000000] x86/fpu: Supporting XSAVE feature 0x004: 'AVX registers'
[    0.000000] x86/fpu: xstate_offset[2]:  576, xstate_sizes[2]:  256
[    0.000000] x86/fpu: Enabled xstate features 0x7, context size is 832 bytes, using 'standard' format.
[    0.000000] BIOS-provided physical RAM map:
[    0.000000] BIOS-e820: [mem 0x0000000000000000-0x000000000009fbff] usable
[    0.000000] BIOS-e820: [mem 0x000000000009fc00-0x000000000009ffff] reserved
[    0.000000] BIOS-e820: [mem 0x00000000000f0000-0x00000000000fffff] reserved
[    0.000000] BIOS-e820: [mem 0x0000000000100000-0x000000007ffeffff] usable
[    0.000000] BIOS-e820: [mem 0x000000007fff0000-0x000000007fffffff] ACPI data
[    0.000000] BIOS-e820: [mem 0x00000000fec00000-0x00000000fec00fff] reserved
[    0.000000] BIOS-e820: [mem 0x00000000fee00000-0x00000000fee00fff] reserved
[    0.000000] BIOS-e820: [mem 0x00000000fffc0000-0x00000000ffffffff] reserved
[    0.000000] NX (Execute Disable) protection: active
[    0.000000] SMBIOS 2.5 present.
[    0.000000] DMI: innotek GmbH VirtualBox/VirtualBox, BIOS VirtualBox 12/01/2006
[    0.000000] Hypervisor detected: KVM
[    0.000000] kvm-clock: Using msrs 4b564d01 and 4b564d00
[    0.000000] kvm-clock: cpu 0, msr 4d601001, primary cpu clock
[    0.000000] kvm-clock: using sched offset of 4401668776 cycles
[    0.000003] clocksource: kvm-clock: mask: 0xffffffffffffffff max_cycles: 0x1cd42e4dffb, max_idle_ns: 881590591483 ns
[    0.000006] tsc: Detected 2100.000 MHz processor
[    0.001905] e820: update [mem 0x00000000-0x00000fff] usable ==> reserved
[    0.001907] e820: remove [mem 0x000a0000-0x000fffff] usable
[    0.001911] last_pfn = 0x7fff0 max_arch_pfn = 0x400000000
[    0.001978] MTRR default type: uncachable
[    0.001979] MTRR fixed ranges enabled:
[    0.001980]   00000-9FFFF write-back
[    0.001981]   A0000-BFFFF uncachable
[    0.001982]   C0000-FFFFF write-protect
[    0.001982] MTRR variable ranges enabled:
[    0.001984]   0 base 000000000000 mask 3FFF80000000 write-back
[    0.001984]   1 disabled
[    0.001985]   2 disabled
[    0.001985]   3 disabled
[    0.001986]   4 disabled
[    0.001986]   5 disabled
[    0.001986]   6 disabled
[    0.001987]   7 disabled
[    0.001987]   8 disabled
[    0.001988]   9 disabled
[    0.001988]   10 disabled
[    0.001989]   11 disabled
[    0.001989]   12 disabled
[    0.001989]   13 disabled
[    0.001990]   14 disabled
[    0.001990]   15 disabled
[    0.002007] x86/PAT: Configuration [0-7]: WB  WC  UC- UC  WB  WP  UC- WT  
[    0.002140] found SMP MP-table at [mem 0x0009fff0-0x0009ffff]
[    0.093321] check: Scanning 1 areas for low memory corruption
[    0.093551] RAMDISK: [mem 0x32271000-0x3512ffff]
[    0.093560] ACPI: Early table checksum verification disabled
[    0.093565] ACPI: RSDP 0x00000000000E0000 000024 (v02 VBOX  )
[    0.093570] ACPI: XSDT 0x000000007FFF0030 00003C (v01 VBOX   VBOXXSDT 00000001 ASL  00000061)
[    0.093576] ACPI: FACP 0x000000007FFF00F0 0000F4 (v04 VBOX   VBOXFACP 00000001 ASL  00000061)
[    0.093582] ACPI: DSDT 0x000000007FFF02E0 002353 (v02 VBOX   VBOXBIOS 00000002 VBOX 00029BF3)
[    0.093586] ACPI: FACS 0x000000007FFF0200 000040
[    0.093590] ACPI: FACS 0x000000007FFF0200 000040
[    0.093593] ACPI: APIC 0x000000007FFF0240 000054 (v02 VBOX   VBOXAPIC 00000001 ASL  00000061)
[    0.093597] ACPI: SSDT 0x000000007FFF02A0 000038 (v01 VBOX   VBOXCPUT 00000002 VBOX 00029BF3)
[    0.093600] ACPI: Reserving FACP table memory at [mem 0x7fff00f0-0x7fff01e3]
[    0.093601] ACPI: Reserving DSDT table memory at [mem 0x7fff02e0-0x7fff2632]
[    0.093601] ACPI: Reserving FACS table memory at [mem 0x7fff0200-0x7fff023f]
[    0.093602] ACPI: Reserving FACS table memory at [mem 0x7fff0200-0x7fff023f]
[    0.093603] ACPI: Reserving APIC table memory at [mem 0x7fff0240-0x7fff0293]
[    0.093604] ACPI: Reserving SSDT table memory at [mem 0x7fff02a0-0x7fff02d7]
[    0.093618] ACPI: Local APIC address 0xfee00000
[    0.093807] No NUMA configuration found
[    0.093808] Faking a node at [mem 0x0000000000000000-0x000000007ffeffff]
[    0.093818] NODE_DATA(0) allocated [mem 0x7ffc5000-0x7ffeffff]
[    0.094079] Zone ranges:
[    0.094080]   DMA      [mem 0x0000000000001000-0x0000000000ffffff]
[    0.094081]   DMA32    [mem 0x0000000001000000-0x000000007ffeffff]
[    0.094082]   Normal   empty
[    0.094083]   Device   empty
[    0.094083] Movable zone start for each node
[    0.094085] Early memory node ranges
[    0.094086]   node   0: [mem 0x0000000000001000-0x000000000009efff]
[    0.094087]   node   0: [mem 0x0000000000100000-0x000000007ffeffff]
[    0.094090] Zeroed struct page in unavailable ranges: 114 pages
[    0.094092] Initmem setup node 0 [mem 0x0000000000001000-0x000000007ffeffff]
[    0.094093] On node 0 totalpages: 524174
[    0.094094]   DMA zone: 64 pages used for memmap
[    0.094095]   DMA zone: 21 pages reserved
[    0.094095]   DMA zone: 3998 pages, LIFO batch:0
[    0.094166]   DMA32 zone: 8128 pages used for memmap
[    0.094167]   DMA32 zone: 520176 pages, LIFO batch:63
[    0.103081] ACPI: PM-Timer IO Port: 0x4008
[    0.103084] ACPI: Local APIC address 0xfee00000
[    0.103152] IOAPIC[0]: apic_id 1, version 32, address 0xfec00000, GSI 0-23
[    0.103156] ACPI: INT_SRC_OVR (bus 0 bus_irq 0 global_irq 2 dfl dfl)
[    0.103157] ACPI: INT_SRC_OVR (bus 0 bus_irq 9 global_irq 9 low level)
[    0.103159] ACPI: IRQ0 used by override.
[    0.103160] ACPI: IRQ9 used by override.
[    0.103163] Using ACPI (MADT) for SMP configuration information
[    0.103169] smpboot: Allowing 1 CPUs, 0 hotplug CPUs
[    0.103192] PM: Registered nosave memory: [mem 0x00000000-0x00000fff]
[    0.103193] PM: Registered nosave memory: [mem 0x0009f000-0x0009ffff]
[    0.103193] PM: Registered nosave memory: [mem 0x000a0000-0x000effff]
[    0.103194] PM: Registered nosave memory: [mem 0x000f0000-0x000fffff]
[    0.103196] [mem 0x80000000-0xfebfffff] available for PCI devices
[    0.103197] Booting paravirtualized kernel on KVM
[    0.103200] clocksource: refined-jiffies: mask: 0xffffffff max_cycles: 0xffffffff, max_idle_ns: 7645519600211568 ns
[    0.103204] setup_percpu: NR_CPUS:8192 nr_cpumask_bits:1 nr_cpu_ids:1 nr_node_ids:1
[    0.104219] percpu: Embedded 60 pages/cpu s208896 r8192 d28672 u2097152
[    0.104224] pcpu-alloc: s208896 r8192 d28672 u2097152 alloc=1*2097152
[    0.104225] pcpu-alloc: [0] 0 
[    0.104252] Built 1 zonelists, mobility grouping on.  Total pages: 515961
[    0.104253] Policy zone: DMA32
[    0.104254] Kernel command line: BOOT_IMAGE=/boot/vmlinuz-5.4.243-mptcp root=UUID=98415a12-53b7-4144-8265-0f7ece09e445 ro quiet splash
[    0.105088] Dentry cache hash table entries: 262144 (order: 9, 2097152 bytes, linear)
[    0.105235] Inode-cache hash table entries: 131072 (order: 8, 1048576 bytes, linear)
[    0.105286] mem auto-init: stack:off, heap alloc:on, heap free:off
[    0.105289] Calgary: detecting Calgary via BIOS EBDA area
[    0.105291] Calgary: Unable to locate Rio Grande table in EBDA - bailing!
[    0.109432] Memory: 1967332K/2096696K available (14339K kernel code, 2398K rwdata, 4712K rodata, 2728K init, 17260K bss, 129364K reserved, 0K cma-reserved)
[    0.110373] SLUB: HWalign=64, Order=0-3, MinObjects=0, CPUs=1, Nodes=1
[    0.110394] ftrace: allocating 43186 entries in 169 pages
[    0.128526] rcu: Hierarchical RCU implementation.
[    0.128528] rcu: 	RCU restricting CPUs from NR_CPUS=8192 to nr_cpu_ids=1.
[    0.128529] 	Tasks RCU enabled.
[    0.128530] rcu: RCU calculated value of scheduler-enlistment delay is 25 jiffies.
[    0.128531] rcu: Adjusting geometry for rcu_fanout_leaf=16, nr_cpu_ids=1
[    0.131516] NR_IRQS: 524544, nr_irqs: 256, preallocated irqs: 16
[    0.131734] random: crng init done
[    0.141092] Console: colour VGA+ 80x25
[    0.141096] printk: console [tty0] enabled
[    0.141116] ACPI: Core revision 20190816
[    0.141230] APIC: Switch to symmetric I/O mode setup
[    0.141496] x2apic enabled
[    0.141738] Switched APIC routing to physical x2apic.
[    0.142897] ..TIMER: vector=0x30 apic1=0 pin1=2 apic2=-1 pin2=-1
[    0.142925] clocksource: tsc-early: mask: 0xffffffffffffffff max_cycles: 0x1e4530a99b6, max_idle_ns: 440795257976 ns
[    0.142930] Calibrating delay loop (skipped) preset value.. 4200.00 BogoMIPS (lpj=8400000)
[    0.142932] pid_max: default: 32768 minimum: 301
[    0.142962] LSM: Security Framework initializing
[    0.142971] Yama: becoming mindful.
[    0.142996] AppArmor: AppArmor initialized
[    0.143030] Mount-cache hash table entries: 4096 (order: 3, 32768 bytes, linear)
[    0.143034] Mountpoint-cache hash table entries: 4096 (order: 3, 32768 bytes, linear)
[    0.143045] *** VALIDATE tmpfs ***
[    0.143174] *** VALIDATE proc ***
[    0.143215] *** VALIDATE cgroup1 ***
[    0.143216] *** VALIDATE cgroup2 ***
[    0.143357] process: using mwait in idle threads
[    0.143361] Last level iTLB entries: 4KB 64, 2MB 8, 4MB 8
[    0.143362] Last level dTLB entries: 4KB 64, 2MB 0, 4MB 0, 1GB 4
[    0.143382] Spectre V1 : Mitigation: usercopy/swapgs barriers and __user pointer sanitization
[    0.143387] Spectre V2 : Mitigation: Retpolines
[    0.143388] Spectre V2 : Spectre v2 / SpectreRSB mitigation: Filling RSB on context switch
[    0.143388] Spectre V2 : Spectre v2 / SpectreRSB : Filling RSB on VMEXIT
[    0.143389] RETBleed: WARNING: Spectre v2 mitigation leaves CPU vulnerable to RETBleed attacks, data leaks possible!
[    0.143746] RETBleed: Vulnerable
[    0.143747] Speculative Store Bypass: Vulnerable
[    0.143752] TAA: Mitigation: TSX disabled
[    0.143753] MMIO Stale Data: Mitigation: Clear CPU buffers
[    0.147943] Freeing SMP alternatives memory: 40K
[    0.259988] smpboot: CPU0: Intel(R) Xeon(R) Silver 4216 CPU @ 2.10GHz (family: 0x6, model: 0x55, stepping: 0x7)
[    0.260132] Performance Events: unsupported p6 CPU model 85 no PMU driver, software events only.
[    0.260169] rcu: Hierarchical SRCU implementation.
[    0.260652] NMI watchdog: Perf NMI watchdog permanently disabled
[    0.260689] smp: Bringing up secondary CPUs ...
[    0.260691] smp: Brought up 1 node, 1 CPU
[    0.260692] smpboot: Max logical packages: 1
[    0.260693] smpboot: Total of 1 processors activated (4200.00 BogoMIPS)
[    0.261668] devtmpfs: initialized
[    0.261717] x86/mm: Memory block size: 128MB
[    0.262064] clocksource: jiffies: mask: 0xffffffff max_cycles: 0xffffffff, max_idle_ns: 7645041785100000 ns
[    0.262071] futex hash table entries: 256 (order: 2, 16384 bytes, linear)
[    0.262115] pinctrl core: initialized pinctrl subsystem
[    0.262218] PM: RTC time: 21:27:01, date: 2026-01-11
[    0.262326] NET: Registered protocol family 16
[    0.262399] audit: initializing netlink subsys (disabled)
[    0.262527] EISA bus registered
[    0.262529] cpuidle: using governor ladder
[    0.262530] cpuidle: using governor menu
[    0.262566] ACPI: bus type PCI registered
[    0.262568] acpiphp: ACPI Hot Plug PCI Controller Driver version: 0.5
[    0.262674] PCI: Using configuration type 1 for base access
[    0.263262] audit: type=2000 audit(1768138027.284:1): state=initialized audit_enabled=0 res=1
[    0.263341] HugeTLB registered 2.00 MiB page size, pre-allocated 0 pages
[    0.264159] ACPI: Added _OSI(Module Device)
[    0.264160] ACPI: Added _OSI(Processor Device)
[    0.264160] ACPI: Added _OSI(3.0 _SCP Extensions)
[    0.264161] ACPI: Added _OSI(Processor Aggregator Device)
[    0.264162] ACPI: Added _OSI(Linux-Dell-Video)
[    0.264163] ACPI: Added _OSI(Linux-Lenovo-NV-HDMI-Audio)
[    0.264164] ACPI: Added _OSI(Linux-HPI-Hybrid-Graphics)
[    0.266122] ACPI: 2 ACPI AML tables successfully acquired and loaded
[    0.267645] ACPI: Interpreter enabled
[    0.267654] ACPI: (supports S0 S5)
[    0.267655] ACPI: Using IOAPIC for interrupt routing
[    0.267860] PCI: Using host bridge windows from ACPI; if necessary, use "pci=nocrs" and report a bug
[    0.267966] ACPI: Enabled 2 GPEs in block 00 to 07
[    0.272825] ACPI: PCI Root Bridge [PCI0] (domain 0000 [bus 00-ff])
[    0.272830] acpi PNP0A03:00: _OSC: OS supports [ASPM ClockPM Segments MSI HPX-Type3]
[    0.273277] acpi PNP0A03:00: _OSC: not requesting OS control; OS requires [ExtendedConfig ASPM ClockPM MSI]
[    0.273286] acpi PNP0A03:00: fail to add MMCONFIG information, can't access extended PCI configuration space under this bridge.
[    0.273680] PCI host bridge to bus 0000:00
[    0.273683] pci_bus 0000:00: root bus resource [io  0x0000-0x0cf7 window]
[    0.273684] pci_bus 0000:00: root bus resource [io  0x0d00-0xffff window]
[    0.273685] pci_bus 0000:00: root bus resource [mem 0x000a0000-0x000bffff window]
[    0.273686] pci_bus 0000:00: root bus resource [mem 0x80000000-0xfdffffff window]
[    0.273687] pci_bus 0000:00: root bus resource [bus 00-ff]
[    0.273733] pci 0000:00:00.0: [8086:1237] type 00 class 0x060000
[    0.274688] pci 0000:00:01.0: [8086:7000] type 00 class 0x060100
[    0.275537] pci 0000:00:01.1: [8086:7111] type 00 class 0x01018a
[    0.275924] pci 0000:00:01.1: reg 0x20: [io  0xd000-0xd00f]
[    0.276083] pci 0000:00:01.1: legacy IDE quirk: reg 0x10: [io  0x01f0-0x01f7]
[    0.276084] pci 0000:00:01.1: legacy IDE quirk: reg 0x14: [io  0x03f6]
[    0.276085] pci 0000:00:01.1: legacy IDE quirk: reg 0x18: [io  0x0170-0x0177]
[    0.276086] pci 0000:00:01.1: legacy IDE quirk: reg 0x1c: [io  0x0376]
[    0.276653] pci 0000:00:02.0: [15ad:0405] type 00 class 0x030000
[    0.278927] pci 0000:00:02.0: reg 0x10: [io  0xd010-0xd01f]
[    0.279002] pci 0000:00:02.0: reg 0x14: [mem 0xe0000000-0xe7ffffff pref]
[    0.281618] pci 0000:00:02.0: reg 0x18: [mem 0xf0000000-0xf01fffff]
[    0.291734] pci 0000:00:03.0: [1022:2000] type 00 class 0x020000
[    0.292425] pci 0000:00:03.0: reg 0x10: [io  0xd020-0xd03f]
[    0.293062] pci 0000:00:03.0: reg 0x14: [mem 0xf0200000-0xf0200fff]
[    0.297473] pci 0000:00:04.0: [80ee:cafe] type 00 class 0x088000
[    0.298156] pci 0000:00:04.0: reg 0x10: [io  0xd040-0xd05f]
[    0.298763] pci 0000:00:04.0: reg 0x14: [mem 0xf0400000-0xf07fffff]
[    0.299040] pci 0000:00:04.0: reg 0x18: [mem 0xf0800000-0xf0803fff pref]
[    0.302563] pci 0000:00:07.0: [8086:7113] type 00 class 0x068000
[    0.303154] pci 0000:00:07.0: quirk: [io  0x4000-0x403f] claimed by PIIX4 ACPI
[    0.303165] pci 0000:00:07.0: quirk: [io  0x4100-0x410f] claimed by PIIX4 SMB
[    0.303791] pci 0000:00:08.0: [8086:100e] type 00 class 0x020000
[    0.304486] pci 0000:00:08.0: reg 0x10: [mem 0xf0820000-0xf083ffff]
[    0.305650] pci 0000:00:08.0: reg 0x18: [io  0xd060-0xd067]
[    0.308569] pci 0000:00:09.0: [8086:100e] type 00 class 0x020000
[    0.309328] pci 0000:00:09.0: reg 0x10: [mem 0xf0840000-0xf085ffff]
[    0.311561] pci 0000:00:09.0: reg 0x18: [io  0xd068-0xd06f]
[    0.320094] ACPI: PCI Interrupt Link [LNKA] (IRQs 5 9 10 *11)
[    0.320388] ACPI: PCI Interrupt Link [LNKB] (IRQs 5 9 *10 11)
[    0.320496] ACPI: PCI Interrupt Link [LNKC] (IRQs 5 *9 10 11)
[    0.320599] ACPI: PCI Interrupt Link [LNKD] (IRQs 5 9 10 *11)
[    0.323154] iommu: Default domain type: Translated 
[    0.323211] pci 0000:00:02.0: vgaarb: setting as boot VGA device
[    0.323213] pci 0000:00:02.0: vgaarb: VGA device added: decodes=io+mem,owns=io+mem,locks=none
[    0.323215] pci 0000:00:02.0: vgaarb: bridge control possible
[    0.323215] vgaarb: loaded
[    0.323429] SCSI subsystem initialized
[    0.323459] libata version 3.00 loaded.
[    0.323483] ACPI: bus type USB registered
[    0.323499] usbcore: registered new interface driver usbfs
[    0.323505] usbcore: registered new interface driver hub
[    0.323510] usbcore: registered new device driver usb
[    0.323535] pps_core: LinuxPPS API ver. 1 registered
[    0.323536] pps_core: Software ver. 5.3.6 - Copyright 2005-2007 Rodolfo Giometti <giometti@linux.it>
[    0.323538] PTP clock support registered
[    0.323572] EDAC MC: Ver: 3.0.0
[    0.323860] PCI: Using ACPI for IRQ routing
[    0.323861] PCI: pci_cache_line_size set to 64 bytes
[    0.324033] e820: reserve RAM buffer [mem 0x0009fc00-0x0009ffff]
[    0.324036] e820: reserve RAM buffer [mem 0x7fff0000-0x7fffffff]
[    0.324867] NetLabel: Initializing
[    0.324867] NetLabel:  domain hash size = 128
[    0.324868] NetLabel:  protocols = UNLABELED CIPSOv4 CALIPSO
[    0.324888] NetLabel:  unlabeled traffic allowed by default
[    0.325789] clocksource: Switched to clocksource kvm-clock
[    0.335288] *** VALIDATE bpf ***
[    0.335288] VFS: Disk quotas dquot_6.6.0
[    0.335288] VFS: Dquot-cache hash table entries: 512 (order 0, 4096 bytes)
[    0.335288] *** VALIDATE ramfs ***
[    0.335288] *** VALIDATE hugetlbfs ***
[    0.335288] AppArmor: AppArmor Filesystem Enabled
[    0.335288] pnp: PnP ACPI init
[    0.335288] pnp 00:00: Plug and Play ACPI device, IDs PNP0303 (active)
[    0.335288] pnp 00:01: Plug and Play ACPI device, IDs PNP0f03 (active)
[    0.339451] pnp: PnP ACPI: found 2 devices
[    0.340421] thermal_sys: Registered thermal governor 'fair_share'
[    0.340422] thermal_sys: Registered thermal governor 'bang_bang'
[    0.340422] thermal_sys: Registered thermal governor 'step_wise'
[    0.340423] thermal_sys: Registered thermal governor 'user_space'
[    0.340424] thermal_sys: Registered thermal governor 'power_allocator'
[    0.344975] clocksource: acpi_pm: mask: 0xffffff max_cycles: 0xffffff, max_idle_ns: 2085701024 ns
[    0.345017] pci_bus 0000:00: resource 4 [io  0x0000-0x0cf7 window]
[    0.345018] pci_bus 0000:00: resource 5 [io  0x0d00-0xffff window]
[    0.345020] pci_bus 0000:00: resource 6 [mem 0x000a0000-0x000bffff window]
[    0.345021] pci_bus 0000:00: resource 7 [mem 0x80000000-0xfdffffff window]
[    0.345083] NET: Registered protocol family 2
[    0.345157] IP idents hash table entries: 32768 (order: 6, 262144 bytes, linear)
[    0.345562] MPTCP tokens hash table entries: 8192 (order: 4, 65536 bytes, linear)
[    0.345582] MPTCP request tokens hash table entries: 8192 (order: 4, 65536 bytes, linear)
[    0.345607] default registered
[    0.345608] default registered
[    0.345608] MPTCP: Stable release v0.96
[    0.345613] tcp_listen_portaddr_hash hash table entries: 1024 (order: 2, 16384 bytes, linear)
[    0.345696] TCP established hash table entries: 16384 (order: 5, 131072 bytes, linear)
[    0.345760] TCP bind hash table entries: 16384 (order: 6, 262144 bytes, linear)
[    0.345786] TCP: Hash tables configured (established 16384 bind 16384)
[    0.346492] UDP hash table entries: 1024 (order: 3, 32768 bytes, linear)
[    0.346503] UDP-Lite hash table entries: 1024 (order: 3, 32768 bytes, linear)
[    0.346536] NET: Registered protocol family 1
[    0.346545] NET: Registered protocol family 44
[    0.346566] pci 0000:00:00.0: Limiting direct PCI/PCI transfers
[    0.346579] pci 0000:00:01.0: Activating ISA DMA hang workarounds
[    0.346635] pci 0000:00:02.0: Video device with shadowed ROM at [mem 0x000c0000-0x000dffff]
[    0.346697] PCI: CLS 0 bytes, default 64
[    0.346745] Trying to unpack rootfs image as initramfs...
[    0.520453] Freeing initrd memory: 47868K
[    0.520453] clocksource: tsc: mask: 0xffffffffffffffff max_cycles: 0x1e4530a99b6, max_idle_ns: 440795257976 ns
[    0.520453] clocksource: Switched to clocksource tsc
[    0.520453] platform rtc_cmos: registered platform RTC device (no PNP device found)
[    0.520453] check: Scanning for low memory corruption every 60 seconds
[    0.520453] Initialise system trusted keyrings
[    0.520453] Key type blacklist registered
[    0.520453] workingset: timestamp_bits=36 max_order=19 bucket_order=0
[    0.520453] zbud: loaded
[    0.520453] squashfs: version 4.0 (2009/01/31) Phillip Lougher
[    0.520453] fuse: init (API version 7.31)
[    0.520453] *** VALIDATE fuse ***
[    0.520453] *** VALIDATE fuse ***
[    0.520453] Platform Keyring initialized
[    0.532834] Key type asymmetric registered
[    0.532835] Asymmetric key parser 'x509' registered
[    0.532847] Block layer SCSI generic (bsg) driver version 0.4 loaded (major 244)
[    0.532886] io scheduler mq-deadline registered
[    0.533016] shpchp: Standard Hot Plug PCI Controller Driver version: 0.4
[    0.533225] ACPI: AC Adapter [AC] (on-line)
[    0.533269] input: Power Button as /devices/LNXSYSTM:00/LNXPWRBN:00/input/input0
[    0.533298] ACPI: Power Button [PWRF]
[    0.533380] input: Sleep Button as /devices/LNXSYSTM:00/LNXSLPBN:00/input/input1
[    0.533394] ACPI: Sleep Button [SLPF]
[    0.533615] Serial: 8250/16550 driver, 32 ports, IRQ sharing enabled
[    0.534827] Linux agpgart interface v0.103
[    0.623279] loop: module loaded
[    0.623445] ata_piix 0000:00:01.1: version 2.13
[    0.623860] scsi host0: ata_piix
[    0.623952] scsi host1: ata_piix
[    0.623978] ata1: PATA max UDMA/33 cmd 0x1f0 ctl 0x3f6 bmdma 0xd000 irq 14
[    0.623979] ata2: PATA max UDMA/33 cmd 0x170 ctl 0x376 bmdma 0xd008 irq 15
[    0.624062] tun: Universal TUN/TAP device driver, 1.6
[    0.624371] PPP generic driver version 2.4.2
[    0.624414] VFIO - User Level meta-driver version: 0.3
[    0.624652] ehci_hcd: USB 2.0 'Enhanced' Host Controller (EHCI) Driver
[    0.624657] ehci-pci: EHCI PCI platform driver
[    0.624672] ehci-platform: EHCI generic platform driver
[    0.624678] ohci_hcd: USB 1.1 'Open' Host Controller (OHCI) Driver
[    0.624680] ohci-pci: OHCI PCI platform driver
[    0.624687] ohci-platform: OHCI generic platform driver
[    0.624691] uhci_hcd: USB Universal Host Controller Interface driver
[    0.624754] i8042: PNP: PS/2 Controller [PNP0303:PS2K,PNP0f03:PS2M] at 0x60,0x64 irq 1,12
[    0.625198] serio: i8042 KBD port at 0x60,0x64 irq 1
[    0.625202] serio: i8042 AUX port at 0x60,0x64 irq 12
[    0.625288] mousedev: PS/2 mouse device common for all mice
[    0.625540] input: AT Translated Set 2 keyboard as /devices/platform/i8042/serio0/input/input2
[    0.625941] rtc_cmos rtc_cmos: registered as rtc0
[    0.625956] rtc_cmos rtc_cmos: alarms up to one day, 114 bytes nvram
[    0.625961] i2c /dev entries driver
[    0.626004] device-mapper: uevent: version 1.0.3
[    0.626047] device-mapper: ioctl: 4.41.0-ioctl (2019-09-16) initialised: dm-devel@redhat.com
[    0.626063] platform eisa.0: Probing EISA bus 0
[    0.626064] platform eisa.0: EISA: Cannot allocate resource for mainboard
[    0.626065] platform eisa.0: Cannot allocate resource for EISA slot 1
[    0.626066] platform eisa.0: Cannot allocate resource for EISA slot 2
[    0.626067] platform eisa.0: Cannot allocate resource for EISA slot 3
[    0.626068] platform eisa.0: Cannot allocate resource for EISA slot 4
[    0.626069] platform eisa.0: Cannot allocate resource for EISA slot 5
[    0.626070] platform eisa.0: Cannot allocate resource for EISA slot 6
[    0.626071] platform eisa.0: Cannot allocate resource for EISA slot 7
[    0.626072] platform eisa.0: Cannot allocate resource for EISA slot 8
[    0.626073] platform eisa.0: EISA: Detected 0 cards
[    0.626076] intel_pstate: CPU model not supported
[    0.626085] ledtrig-cpu: registered to indicate activity on CPUs
[    0.626140] drop_monitor: Initializing network drop monitor service
[    0.626301] NET: Registered protocol family 10
[    0.631391] Segment Routing with IPv6
[    0.631391] fullmesh registered
[    0.631391] ndiffports registered
[    0.631391] binder registered
[    0.631391] roundrobin registered
[    0.631391] redundant registered
[    0.631391] blest registered
[    0.631391] ecf registered
[    0.631391] NET: Registered protocol family 17
[    0.631391] Key type dns_resolver registered
[    0.631391] RAS: Correctable Errors collector initialized.
[    0.631391] IPI shorthand broadcast: enabled
[    0.631391] sched_clock: Marking stable (616185581, 11206249)->(633696354, -6304524)
[    0.631729] registered taskstats version 1
[    0.631737] Loading compiled-in X.509 certificates
[    0.632332] Loaded X.509 cert 'Build time autogenerated kernel key: 6909f3744cebb3d0de528d5887b96a727de79b1e'
[    0.632349] zswap: loaded using pool lzo/zbud
[    0.632404] Key type ._fscrypt registered
[    0.632405] Key type .fscrypt registered
[    0.637350] Key type big_key registered
[    0.639591] Key type encrypted registered
[    0.639594] AppArmor: AppArmor sha1 policy hashing enabled
[    0.639601] ima: No TPM chip found, activating TPM-bypass!
[    0.639606] ima: Allocated hash algorithm: sha1
[    0.639611] ima: No architecture policies found
[    0.639621] evm: Initialising EVM extended attributes:
[    0.639622] evm: security.selinux
[    0.639622] evm: security.SMACK64
[    0.639622] evm: security.SMACK64EXEC
[    0.639623] evm: security.SMACK64TRANSMUTE
[    0.639623] evm: security.SMACK64MMAP
[    0.639624] evm: security.apparmor
[    0.639624] evm: security.ima
[    0.639625] evm: security.capability
[    0.639625] evm: HMAC attrs: 0x1
[    0.639930] PM:   Magic number: 10:948:499
[    0.640063] rtc_cmos rtc_cmos: setting system clock to 2026-01-11T21:27:02 UTC (1768166822)
[    0.799262] ata1.00: ATA-6: VBOX HARDDISK, 1.0, max UDMA/133
[    0.799264] ata1.00: 209715200 sectors, multi 128: LBA 
[    0.799790] scsi 0:0:0:0: Direct-Access     ATA      VBOX HARDDISK    1.0  PQ: 0 ANSI: 5
[    0.800005] sd 0:0:0:0: [sda] 209715200 512-byte logical blocks: (107 GB/100 GiB)
[    0.800013] sd 0:0:0:0: [sda] Write Protect is off
[    0.800015] sd 0:0:0:0: [sda] Mode Sense: 00 3a 00 00
[    0.800026] sd 0:0:0:0: [sda] Write cache: enabled, read cache: enabled, doesn't support DPO or FUA
[    0.800269] sd 0:0:0:0: Attached scsi generic sg0 type 0
[    0.800974]  sda: sda1 sda2
[    0.811405] sd 0:0:0:0: [sda] Attached SCSI disk
[    0.813381] Freeing unused decrypted memory: 2040K
[    0.814085] Freeing unused kernel image memory: 2728K
[    0.814087] Write protecting the kernel read-only data: 22528k
[    0.814780] Freeing unused kernel image memory: 2036K
[    0.815182] Freeing unused kernel image memory: 1432K
[    0.829917] x86/mm: Checked W+X mappings: passed, no W+X pages found.
[    0.829922] Run /init as init process
[    0.934099] ACPI: Video Device [GFX0] (multi-head: yes  rom: no  post: no)
[    0.934180] input: Video Bus as /devices/LNXSYSTM:00/LNXSYBUS:00/PNP0A03:00/LNXVIDEO:00/input/input4
[    0.947783] pcnet32: pcnet32.c:v1.35 21.Apr.2008 tsbogend@alpha.franken.de
[    0.948739] pcnet32: PCnet/FAST III 79C973 at 0xd020, 08:00:27:38:0d:45 assigned IRQ 19
[    0.948797] pcnet32: Found PHY 0022:561b at address 0
[    0.949117] pcnet32: eth0: registered as PCnet/FAST III 79C973
[    0.952313] e1000: Intel(R) PRO/1000 Network Driver - version 7.3.21-k8-NAPI
[    0.952314] e1000: Copyright (c) 1999-2006 Intel Corporation.
[    0.955096] piix4_smbus 0000:00:07.0: SMBus Host Controller at 0x4100, revision 0
[    0.955154] pcnet32: 1 cards_found
[    1.036028] pcnet32 0000:00:03.0 enp0s3: renamed from eth0
[    1.176916] input: ImExPS/2 Generic Explorer Mouse as /devices/platform/i8042/serio1/input/input5
[    1.367546] e1000 0000:00:08.0 eth0: (PCI:33MHz:32-bit) 08:00:27:cc:03:6e
[    1.367551] e1000 0000:00:08.0 eth0: Intel(R) PRO/1000 Network Connection
[    1.739642] e1000 0000:00:09.0 eth1: (PCI:33MHz:32-bit) 08:00:27:be:b3:ca
[    1.739645] e1000 0000:00:09.0 eth1: Intel(R) PRO/1000 Network Connection
[    1.740792] e1000 0000:00:09.0 enp0s9: renamed from eth1
[    1.742560] e1000 0000:00:08.0 enp0s8: renamed from eth0
[    1.881937] EXT4-fs (sda2): mounted filesystem with ordered data mode. Opts: (null)
[    1.974776] systemd[1]: Inserted module 'autofs4'
[    1.986156] systemd[1]: systemd 245.4-4ubuntu3 running in system mode. (+PAM +AUDIT +SELINUX +IMA +APPARMOR +SMACK +SYSVINIT +UTMP +LIBCRYPTSETUP +GCRYPT +GNUTLS +ACL +XZ +LZ4 +SECCOMP +BLKID +ELFUTILS +KMOD +IDN2 -IDN +PCRE2 default-hierarchy=hybrid)
[    1.986187] systemd[1]: Detected virtualization oracle.
[    1.986190] systemd[1]: Detected architecture x86-64.
[    1.987543] systemd[1]: Set hostname to <ztg>.
[    2.115101] systemd[1]: /lib/systemd/system/dbus.socket:5: ListenStream= references a path below legacy directory /var/run/, updating /var/run/dbus/system_bus_socket â†’ /run/dbus/system_bus_socket; please update the unit file accordingly.
[    2.166945] systemd[1]: Created slice system-modprobe.slice.
[    2.167128] systemd[1]: Created slice User and Session Slice.
[    2.167174] systemd[1]: Started Forward Password Requests to Wall Directory Watch.
[    2.167403] systemd[1]: Set up automount Arbitrary Executable File Formats File System Automount Point.
[    2.167442] systemd[1]: Reached target User and Group Name Lookups.
[    2.167451] systemd[1]: Reached target Remote File Systems.
[    2.167459] systemd[1]: Reached target Slices.
[    2.167972] systemd[1]: Listening on Syslog Socket.
[    2.168050] systemd[1]: Listening on fsck to fsckd communication Socket.
[    2.168088] systemd[1]: Listening on initctl Compatibility Named Pipe.
[    2.168223] systemd[1]: Listening on Journal Audit Socket.
[    2.168277] systemd[1]: Listening on Journal Socket (/dev/log).
[    2.168345] systemd[1]: Listening on Journal Socket.
[    2.168409] systemd[1]: Listening on udev Control Socket.
[    2.168449] systemd[1]: Listening on udev Kernel Socket.
[    2.169195] systemd[1]: Mounting Huge Pages File System...
[    2.170131] systemd[1]: Mounting POSIX Message Queue File System...
[    2.170995] systemd[1]: Mounting Kernel Debug File System...
[    2.171890] systemd[1]: Mounting Kernel Trace File System...
[    2.173836] systemd[1]: Starting Journal Service...
[    2.198090] systemd[1]: Starting Set the console keyboard layout...
[    2.205921] systemd[1]: Starting Create list of static device nodes for the current kernel...
[    2.207779] systemd[1]: Starting Load Kernel Module drm...
[    2.208749] systemd[1]: Condition check resulted in Set Up Additional Binary Formats being skipped.
[    2.208817] systemd[1]: Condition check resulted in File System Check on Root Device being skipped.
[    2.222175] systemd[1]: Starting Load Kernel Modules...
[    2.227519] systemd[1]: Starting Remount Root and Kernel File Systems...
[    2.238400] systemd[1]: Starting udev Coldplug all Devices...
[    2.249221] systemd[1]: Starting Uncomplicated firewall...
[    2.250843] systemd[1]: Mounted Huge Pages File System.
[    2.250933] systemd[1]: Mounted POSIX Message Queue File System.
[    2.251004] systemd[1]: Mounted Kernel Debug File System.
[    2.251072] systemd[1]: Mounted Kernel Trace File System.
[    2.254704] EXT4-fs (sda2): re-mounted. Opts: errors=remount-ro
[    2.274367] systemd[1]: Finished Create list of static device nodes for the current kernel.
[    2.275233] systemd[1]: modprobe@drm.service: Succeeded.
[    2.298364] systemd[1]: Finished Load Kernel Module drm.
[    2.298757] systemd[1]: Finished Remount Root and Kernel File Systems.
[    2.299811] systemd[1]: Finished Uncomplicated firewall.
[    2.316357] systemd[1]: Condition check resulted in Rebuild Hardware Database being skipped.
[    2.316398] systemd[1]: Condition check resulted in Platform Persistent Storage Archival being skipped.
[    2.317074] systemd[1]: Starting Load/Save Random Seed...
[    2.318919] lp: driver loaded but no devices found
[    2.324352] systemd[1]: Starting Create System Users...
[    2.334604] systemd[1]: Finished Load/Save Random Seed.
[    2.336329] ppdev: user-space parallel port driver
[    2.343288] systemd[1]: Finished Create System Users.
[    2.344762] systemd[1]: Starting Create Static Device Nodes in /dev...
[    2.399596] systemd[1]: Finished udev Coldplug all Devices.
[    2.404831] systemd[1]: Finished Create Static Device Nodes in /dev.
[    2.405694] systemd[1]: Starting udev Kernel Device Manager...
[    2.441912] [drm] DMA map mode: Caching DMA mappings.
[    2.441975] [drm] Capabilities:
[    2.441975] [drm]   Rect copy.
[    2.441976] [drm]   Cursor.
[    2.441976] [drm]   Cursor bypass.
[    2.441976] [drm]   Cursor bypass 2.
[    2.441977] [drm]   Alpha cursor.
[    2.441977] [drm]   Extended Fifo.
[    2.441977] [drm]   Pitchlock.
[    2.441978] [drm]   Irq mask.
[    2.441978] [drm]   GMR.
[    2.441978] [drm]   Traces.
[    2.441979] [drm]   GMR2.
[    2.441979] [drm]   Screen Object 2.
[    2.441979] [drm]   Command Buffers.
[    2.441980] [drm]   Command Buffers 2.
[    2.441980] [drm]   Guest Backed Resources.
[    2.441981] [drm] Max GMR ids is 8192
[    2.441982] [drm] Max number of GMR pages is 1048576
[    2.441982] [drm] Max dedicated hypervisor surface memory is 393216 kiB
[    2.441983] [drm] Maximum display memory size is 131072 kiB
[    2.441983] [drm] VRAM at 0xe0000000 size is 131072 kiB
[    2.441984] [drm] MMIO at 0xf0000000 size is 2048 kiB
[    2.443738] [TTM] Zone  kernel: Available graphics memory: 1011738 KiB
[    2.443739] [TTM] Initializing pool allocator
[    2.443742] [TTM] Initializing DMA pool allocator
[    2.443773] [drm] Supports vblank timestamp caching Rev 2 (21.10.2013).
[    2.443774] [drm] No driver support for vblank timestamp query.
[    2.444130] [drm] Screen Target Display device initialized
[    2.444314] [drm] width 720
[    2.444326] [drm] height 400
[    2.444330] [drm] bpp 32
[    2.444838] [drm] Fifo max 0x00200000 min 0x00001000 cap 0x00000355
[    2.445887] [drm] Using command buffers with DMA pool.
[    2.445890] [drm] DX: no.
[    2.445891] [drm] Atomic: yes.
[    2.445891] [drm] SM4_1: no.
[    2.445909] [drm:vmw_host_log [vmwgfx]] *ERROR* Failed to send host log message.
[    2.446822] [drm:vmw_host_log [vmwgfx]] *ERROR* Failed to send host log message.
[    2.455589] systemd[1]: Finished Set the console keyboard layout.
[    2.455688] systemd[1]: Reached target Local File Systems (Pre).
[    2.455979] fbcon: svgadrmfb (fb0) is primary device
[    2.461919] systemd[1]: Mounting Mount unit for bare, revision 5...
[    2.463932] systemd[1]: Mounting Mount unit for core18, revision 1705...
[    2.466487] Console: switching to colour frame buffer device 100x37
[    2.472917] [drm] Initialized vmwgfx 2.15.0 20180704 for 0000:00:02.0 on minor 0
[    2.473590] systemd[1]: Mounting Mount unit for gnome-3-34-1804, revision 24...
[    2.503573] systemd[1]: Mounting Mount unit for gtk-common-themes, revision 1506...
[    2.508822] systemd[1]: Mounting Mount unit for gtk-common-themes, revision 1535...
[    2.520186] systemd[1]: Mounting Mount unit for snap-store, revision 433...
[    2.533197] systemd[1]: Mounting Mount unit for snapd, revision 7264...
[    2.551951] systemd[1]: Finished Load Kernel Modules.
[    2.552097] systemd[1]: Mounted Mount unit for bare, revision 5.
[    2.552216] systemd[1]: Mounted Mount unit for core18, revision 1705.
[    2.552297] systemd[1]: Mounted Mount unit for gnome-3-34-1804, revision 24.
[    2.556221] systemd[1]: Mounting FUSE Control File System...
[    2.559133] systemd[1]: Mounting Kernel Configuration File System...
[    2.564935] systemd[1]: Starting Apply Kernel Variables...
[    2.566563] systemd[1]: Mounted Mount unit for gtk-common-themes, revision 1506.
[    2.584481] systemd[1]: Mounted FUSE Control File System.
[    2.584569] systemd[1]: Mounted Kernel Configuration File System.
[    2.584618] systemd[1]: Condition check resulted in VMware vmblock fuse mount being skipped.
[    2.595004] systemd[1]: Mounted Mount unit for gtk-common-themes, revision 1535.
[    2.595097] systemd[1]: Mounted Mount unit for snap-store, revision 433.
[    2.595213] systemd[1]: Mounted Mount unit for snapd, revision 7264.
[    2.595270] systemd[1]: Reached target Local File Systems.
[    2.616380] systemd[1]: Starting Load AppArmor profiles...
[    2.622546] systemd[1]: Starting Set console font and keymap...
[    2.631180] systemd[1]: Starting Tell Plymouth To Write Out Runtime Data...
[    2.631242] systemd[1]: Condition check resulted in Store a System Token in an EFI Variable being skipped.
[    2.631300] systemd[1]: Condition check resulted in Commit a transient machine-id on disk being skipped.
[    2.636693] systemd[1]: Finished Apply Kernel Variables.
[    2.637258] systemd[1]: Finished Set console font and keymap.
[    2.646716] systemd[1]: plymouth-read-write.service: Succeeded.
[    2.646945] systemd[1]: Finished Tell Plymouth To Write Out Runtime Data.
[    2.647509] systemd[1]: Started udev Kernel Device Manager.
[    2.648185] systemd[1]: Starting Show Plymouth Boot Screen...
[    2.651295] systemd[1]: Received SIGRTMIN+20 from PID 283 (plymouthd).
[    2.663689] systemd[1]: Started Show Plymouth Boot Screen.
[    2.663839] systemd[1]: Condition check resulted in Dispatch Password Requests to Console Directory Watch being skipped.
[    2.663919] systemd[1]: Started Forward Password Requests to Plymouth Directory Watch.
[    2.663953] systemd[1]: Reached target Local Encrypted Volumes.
[    2.673066] audit: type=1400 audit(1768166824.528:2): apparmor="STATUS" operation="profile_load" profile="unconfined" name="nvidia_modprobe" pid=294 comm="apparmor_parser"
[    2.673069] audit: type=1400 audit(1768166824.528:3): apparmor="STATUS" operation="profile_load" profile="unconfined" name="nvidia_modprobe//kmod" pid=294 comm="apparmor_parser"
[    2.696600] audit: type=1400 audit(1768166824.552:4): apparmor="STATUS" operation="profile_load" profile="unconfined" name="/usr/sbin/tcpdump" pid=295 comm="apparmor_parser"
[    2.724257] audit: type=1400 audit(1768166824.576:5): apparmor="STATUS" operation="profile_load" profile="unconfined" name="/usr/bin/evince" pid=297 comm="apparmor_parser"
[    2.724260] audit: type=1400 audit(1768166824.576:6): apparmor="STATUS" operation="profile_load" profile="unconfined" name="/usr/bin/evince//sanitized_helper" pid=297 comm="apparmor_parser"
[    2.724262] audit: type=1400 audit(1768166824.576:7): apparmor="STATUS" operation="profile_load" profile="unconfined" name="/usr/bin/evince-previewer" pid=297 comm="apparmor_parser"
[    2.724264] audit: type=1400 audit(1768166824.576:8): apparmor="STATUS" operation="profile_load" profile="unconfined" name="/usr/bin/evince-previewer//sanitized_helper" pid=297 comm="apparmor_parser"
[    2.724266] audit: type=1400 audit(1768166824.576:9): apparmor="STATUS" operation="profile_load" profile="unconfined" name="/usr/bin/evince-thumbnailer" pid=297 comm="apparmor_parser"
[    2.743216] audit: type=1400 audit(1768166824.596:10): apparmor="STATUS" operation="profile_load" profile="unconfined" name="/usr/lib/cups/backend/cups-pdf" pid=305 comm="apparmor_parser"
[    2.820853] systemd[1]: Finished Load AppArmor profiles.
[    2.821857] systemd[1]: Starting Load AppArmor profiles managed internally by snapd...
[    2.889368] systemd[1]: Finished Load AppArmor profiles managed internally by snapd.
[    3.140846] systemd[1]: Started Journal Service.
[    3.149328] systemd-journald[229]: Received client request to flush runtime journal.
[    3.153792] systemd-journald[229]: File /var/log/journal/c455b248004a419c87ce85eea238d727/system.journal corrupted or uncleanly shut down, renaming and replacing.
[    4.411157] RAPL PMU: API unit is 2^-32 Joules, 0 fixed counters, 10737418240 ms ovfl timer
[    4.472604] cryptd: max_cpu_qlen set to 1000
[    4.529514] AVX2 version of gcm_enc/dec engaged.
[    4.529515] AES CTR mode by8 optimization enabled
[    5.509523] Adding 1998844k swap on /dev/sda1.  Priority:-2 extents:1 across:1998844k FS
[    6.394542] kauditd_printk_skb: 30 callbacks suppressed
[    6.394543] audit: type=1400 audit(1768166828.248:41): apparmor="DENIED" operation="capable" profile="/usr/sbin/cups-browsed" pid=497 comm="cups-browsed" capability=23  capname="sys_nice"
[    7.604407] pcnet32 0000:00:03.0 enp0s3: link up, 100Mbps, full-duplex
[    7.640349] e1000: enp0s8 NIC Link is Up 1000 Mbps Full Duplex, Flow Control: RX
[    7.643828] IPv6: ADDRCONF(NETDEV_CHANGE): enp0s8: link becomes ready
[    7.650610] e1000: enp0s9 NIC Link is Up 1000 Mbps Full Duplex, Flow Control: RX
[    7.650902] IPv6: ADDRCONF(NETDEV_CHANGE): enp0s9: link becomes ready
[    8.202238] device enp0s3 entered promiscuous mode
[    8.214907] audit: type=1400 audit(1768166830.068:42): apparmor="DENIED" operation="open" profile="/usr/sbin/tcpdump" name="/proc/sys/kernel/random/boot_id" pid=669 comm="tcpdump" requested_mask="r" denied_mask="r" fsuid=0 ouid=0
[    8.223488] audit: type=1400 audit(1768166830.076:43): apparmor="DENIED" operation="open" profile="/usr/sbin/tcpdump" name="/proc/sys/kernel/random/boot_id" pid=669 comm="tcpdump" requested_mask="r" denied_mask="r" fsuid=0 ouid=0
[    8.223579] audit: type=1400 audit(1768166830.076:44): apparmor="DENIED" operation="open" profile="/usr/sbin/tcpdump" name="/proc/sys/kernel/random/boot_id" pid=669 comm="tcpdump" requested_mask="r" denied_mask="r" fsuid=0 ouid=0
[    8.223664] audit: type=1400 audit(1768166830.076:45): apparmor="DENIED" operation="open" profile="/usr/sbin/tcpdump" name="/proc/sys/kernel/random/boot_id" pid=669 comm="tcpdump" requested_mask="r" denied_mask="r" fsuid=0 ouid=0
[    8.227493] audit: type=1400 audit(1768166830.084:46): apparmor="DENIED" operation="open" profile="/usr/sbin/tcpdump" name="/proc/sys/kernel/random/boot_id" pid=670 comm="tcpdump" requested_mask="r" denied_mask="r" fsuid=0 ouid=0
[    8.227776] audit: type=1400 audit(1768166830.084:47): apparmor="DENIED" operation="open" profile="/usr/sbin/tcpdump" name="/proc/sys/kernel/random/boot_id" pid=670 comm="tcpdump" requested_mask="r" denied_mask="r" fsuid=0 ouid=0
[    8.227877] audit: type=1400 audit(1768166830.084:48): apparmor="DENIED" operation="open" profile="/usr/sbin/tcpdump" name="/proc/sys/kernel/random/boot_id" pid=670 comm="tcpdump" requested_mask="r" denied_mask="r" fsuid=0 ouid=0
[    8.228018] audit: type=1400 audit(1768166830.084:49): apparmor="DENIED" operation="open" profile="/usr/sbin/tcpdump" name="/proc/sys/kernel/random/boot_id" pid=670 comm="tcpdump" requested_mask="r" denied_mask="r" fsuid=0 ouid=0
[   12.690650] rfkill: input handler disabled
[  538.254703] rfkill: input handler enabled
[  547.209052] rfkill: input handler disabled
[  965.057312] device enp0s3 left promiscuous mode
