[    0.000000] Linux version 5.4.243-mptcp (root@ztg) (gcc version 12.2.0 (Debian 12.2.0-14+deb12u1)) #53 SMP Wed Dec 24 23:28:15 CST 2025
[    0.000000] Command line: BOOT_IMAGE=/boot/vmlinuz-5.4.243-mptcp root=UUID=98415a12-53b7-4144-8265-0f7ece09e445 ro quiet splash
[    0.000000] KERNEL supported cpus:
[    0.000000]   Intel GenuineIntel
[    0.000000]   AMD AuthenticAMD
[    0.000000]   Hygon HygonGenuine
[    0.000000]   Centaur CentaurHauls
[    0.000000]   zhaoxin   Shanghai  
[    0.000000] x86/fpu: Supporting XSAVE feature 0x001: 'x87 floating point registers'
[    0.000000] x86/fpu: Supporting XSAVE feature 0x002: 'SSE registers'
[    0.000000] x86/fpu: Supporting XSAVE feature 0x004: 'AVX registers'
[    0.000000] x86/fpu: xstate_offset[2]:  576, xstate_sizes[2]:  256
[    0.000000] x86/fpu: Enabled xstate features 0x7, context size is 832 bytes, using 'standard' format.
[    0.000000] BIOS-provided physical RAM map:
[    0.000000] BIOS-e820: [mem 0x0000000000000000-0x000000000009fbff] usable
[    0.000000] BIOS-e820: [mem 0x000000000009fc00-0x000000000009ffff] reserved
[    0.000000] BIOS-e820: [mem 0x00000000000f0000-0x00000000000fffff] reserved
[    0.000000] BIOS-e820: [mem 0x0000000000100000-0x000000007ffeffff] usable
[    0.000000] BIOS-e820: [mem 0x000000007fff0000-0x000000007fffffff] ACPI data
[    0.000000] BIOS-e820: [mem 0x00000000fec00000-0x00000000fec00fff] reserved
[    0.000000] BIOS-e820: [mem 0x00000000fee00000-0x00000000fee00fff] reserved
[    0.000000] BIOS-e820: [mem 0x00000000fffc0000-0x00000000ffffffff] reserved
[    0.000000] NX (Execute Disable) protection: active
[    0.000000] SMBIOS 2.5 present.
[    0.000000] DMI: innotek GmbH VirtualBox/VirtualBox, BIOS VirtualBox 12/01/2006
[    0.000000] Hypervisor detected: KVM
[    0.000000] kvm-clock: Using msrs 4b564d01 and 4b564d00
[    0.000000] kvm-clock: cpu 0, msr 74a01001, primary cpu clock
[    0.000000] kvm-clock: using sched offset of 4430657909 cycles
[    0.000002] clocksource: kvm-clock: mask: 0xffffffffffffffff max_cycles: 0x1cd42e4dffb, max_idle_ns: 881590591483 ns
[    0.000005] tsc: Detected 2100.000 MHz processor
[    0.001891] e820: update [mem 0x00000000-0x00000fff] usable ==> reserved
[    0.001893] e820: remove [mem 0x000a0000-0x000fffff] usable
[    0.001897] last_pfn = 0x7fff0 max_arch_pfn = 0x400000000
[    0.001965] MTRR default type: uncachable
[    0.001966] MTRR fixed ranges enabled:
[    0.001967]   00000-9FFFF write-back
[    0.001968]   A0000-BFFFF uncachable
[    0.001969]   C0000-FFFFF write-protect
[    0.001969] MTRR variable ranges enabled:
[    0.001971]   0 base 000000000000 mask 3FFF80000000 write-back
[    0.001971]   1 disabled
[    0.001972]   2 disabled
[    0.001972]   3 disabled
[    0.001973]   4 disabled
[    0.001973]   5 disabled
[    0.001973]   6 disabled
[    0.001974]   7 disabled
[    0.001974]   8 disabled
[    0.001975]   9 disabled
[    0.001975]   10 disabled
[    0.001976]   11 disabled
[    0.001976]   12 disabled
[    0.001977]   13 disabled
[    0.001977]   14 disabled
[    0.001977]   15 disabled
[    0.001993] x86/PAT: Configuration [0-7]: WB  WC  UC- UC  WB  WP  UC- WT  
[    0.002127] found SMP MP-table at [mem 0x0009fff0-0x0009ffff]
[    0.093726] check: Scanning 1 areas for low memory corruption
[    0.093889] RAMDISK: [mem 0x32271000-0x3512ffff]
[    0.093897] ACPI: Early table checksum verification disabled
[    0.093902] ACPI: RSDP 0x00000000000E0000 000024 (v02 VBOX  )
[    0.093907] ACPI: XSDT 0x000000007FFF0030 00003C (v01 VBOX   VBOXXSDT 00000001 ASL  00000061)
[    0.093913] ACPI: FACP 0x000000007FFF00F0 0000F4 (v04 VBOX   VBOXFACP 00000001 ASL  00000061)
[    0.093919] ACPI: DSDT 0x000000007FFF02E0 002353 (v02 VBOX   VBOXBIOS 00000002 VBOX 00029BF3)
[    0.093923] ACPI: FACS 0x000000007FFF0200 000040
[    0.093927] ACPI: FACS 0x000000007FFF0200 000040
[    0.093930] ACPI: APIC 0x000000007FFF0240 000054 (v02 VBOX   VBOXAPIC 00000001 ASL  00000061)
[    0.093934] ACPI: SSDT 0x000000007FFF02A0 000038 (v01 VBOX   VBOXCPUT 00000002 VBOX 00029BF3)
[    0.093937] ACPI: Reserving FACP table memory at [mem 0x7fff00f0-0x7fff01e3]
[    0.093938] ACPI: Reserving DSDT table memory at [mem 0x7fff02e0-0x7fff2632]
[    0.093938] ACPI: Reserving FACS table memory at [mem 0x7fff0200-0x7fff023f]
[    0.093939] ACPI: Reserving FACS table memory at [mem 0x7fff0200-0x7fff023f]
[    0.093940] ACPI: Reserving APIC table memory at [mem 0x7fff0240-0x7fff0293]
[    0.093941] ACPI: Reserving SSDT table memory at [mem 0x7fff02a0-0x7fff02d7]
[    0.093955] ACPI: Local APIC address 0xfee00000
[    0.094144] No NUMA configuration found
[    0.094145] Faking a node at [mem 0x0000000000000000-0x000000007ffeffff]
[    0.094155] NODE_DATA(0) allocated [mem 0x7ffc5000-0x7ffeffff]
[    0.094416] Zone ranges:
[    0.094416]   DMA      [mem 0x0000000000001000-0x0000000000ffffff]
[    0.094418]   DMA32    [mem 0x0000000001000000-0x000000007ffeffff]
[    0.094419]   Normal   empty
[    0.094419]   Device   empty
[    0.094420] Movable zone start for each node
[    0.094422] Early memory node ranges
[    0.094423]   node   0: [mem 0x0000000000001000-0x000000000009efff]
[    0.094423]   node   0: [mem 0x0000000000100000-0x000000007ffeffff]
[    0.094427] Zeroed struct page in unavailable ranges: 114 pages
[    0.094428] Initmem setup node 0 [mem 0x0000000000001000-0x000000007ffeffff]
[    0.094429] On node 0 totalpages: 524174
[    0.094430]   DMA zone: 64 pages used for memmap
[    0.094430]   DMA zone: 21 pages reserved
[    0.094431]   DMA zone: 3998 pages, LIFO batch:0
[    0.094502]   DMA32 zone: 8128 pages used for memmap
[    0.094502]   DMA32 zone: 520176 pages, LIFO batch:63
[    0.103442] ACPI: PM-Timer IO Port: 0x4008
[    0.103446] ACPI: Local APIC address 0xfee00000
[    0.103514] IOAPIC[0]: apic_id 1, version 32, address 0xfec00000, GSI 0-23
[    0.103517] ACPI: INT_SRC_OVR (bus 0 bus_irq 0 global_irq 2 dfl dfl)
[    0.103519] ACPI: INT_SRC_OVR (bus 0 bus_irq 9 global_irq 9 low level)
[    0.103521] ACPI: IRQ0 used by override.
[    0.103522] ACPI: IRQ9 used by override.
[    0.103525] Using ACPI (MADT) for SMP configuration information
[    0.103532] smpboot: Allowing 1 CPUs, 0 hotplug CPUs
[    0.103554] PM: Registered nosave memory: [mem 0x00000000-0x00000fff]
[    0.103555] PM: Registered nosave memory: [mem 0x0009f000-0x0009ffff]
[    0.103555] PM: Registered nosave memory: [mem 0x000a0000-0x000effff]
[    0.103556] PM: Registered nosave memory: [mem 0x000f0000-0x000fffff]
[    0.103558] [mem 0x80000000-0xfebfffff] available for PCI devices
[    0.103559] Booting paravirtualized kernel on KVM
[    0.103562] clocksource: refined-jiffies: mask: 0xffffffff max_cycles: 0xffffffff, max_idle_ns: 7645519600211568 ns
[    0.103567] setup_percpu: NR_CPUS:8192 nr_cpumask_bits:1 nr_cpu_ids:1 nr_node_ids:1
[    0.104586] percpu: Embedded 60 pages/cpu s208896 r8192 d28672 u2097152
[    0.104591] pcpu-alloc: s208896 r8192 d28672 u2097152 alloc=1*2097152
[    0.104592] pcpu-alloc: [0] 0 
[    0.104619] Built 1 zonelists, mobility grouping on.  Total pages: 515961
[    0.104620] Policy zone: DMA32
[    0.104621] Kernel command line: BOOT_IMAGE=/boot/vmlinuz-5.4.243-mptcp root=UUID=98415a12-53b7-4144-8265-0f7ece09e445 ro quiet splash
[    0.105473] Dentry cache hash table entries: 262144 (order: 9, 2097152 bytes, linear)
[    0.105620] Inode-cache hash table entries: 131072 (order: 8, 1048576 bytes, linear)
[    0.105671] mem auto-init: stack:off, heap alloc:on, heap free:off
[    0.105674] Calgary: detecting Calgary via BIOS EBDA area
[    0.105675] Calgary: Unable to locate Rio Grande table in EBDA - bailing!
[    0.109718] Memory: 1967332K/2096696K available (14339K kernel code, 2398K rwdata, 4712K rodata, 2728K init, 17260K bss, 129364K reserved, 0K cma-reserved)
[    0.110642] SLUB: HWalign=64, Order=0-3, MinObjects=0, CPUs=1, Nodes=1
[    0.110659] ftrace: allocating 43186 entries in 169 pages
[    0.128700] rcu: Hierarchical RCU implementation.
[    0.128702] rcu: 	RCU restricting CPUs from NR_CPUS=8192 to nr_cpu_ids=1.
[    0.128703] 	Tasks RCU enabled.
[    0.128704] rcu: RCU calculated value of scheduler-enlistment delay is 25 jiffies.
[    0.128705] rcu: Adjusting geometry for rcu_fanout_leaf=16, nr_cpu_ids=1
[    0.131681] NR_IRQS: 524544, nr_irqs: 256, preallocated irqs: 16
[    0.131893] random: crng init done
[    0.141265] Console: colour VGA+ 80x25
[    0.141269] printk: console [tty0] enabled
[    0.141288] ACPI: Core revision 20190816
[    0.141385] APIC: Switch to symmetric I/O mode setup
[    0.141636] x2apic enabled
[    0.141873] Switched APIC routing to physical x2apic.
[    0.143009] ..TIMER: vector=0x30 apic1=0 pin1=2 apic2=-1 pin2=-1
[    0.143035] clocksource: tsc-early: mask: 0xffffffffffffffff max_cycles: 0x1e4530a99b6, max_idle_ns: 440795257976 ns
[    0.143040] Calibrating delay loop (skipped) preset value.. 4200.00 BogoMIPS (lpj=8400000)
[    0.143042] pid_max: default: 32768 minimum: 301
[    0.143070] LSM: Security Framework initializing
[    0.143079] Yama: becoming mindful.
[    0.143105] AppArmor: AppArmor initialized
[    0.143139] Mount-cache hash table entries: 4096 (order: 3, 32768 bytes, linear)
[    0.143143] Mountpoint-cache hash table entries: 4096 (order: 3, 32768 bytes, linear)
[    0.143152] *** VALIDATE tmpfs ***
[    0.143280] *** VALIDATE proc ***
[    0.143321] *** VALIDATE cgroup1 ***
[    0.143323] *** VALIDATE cgroup2 ***
[    0.143462] process: using mwait in idle threads
[    0.143467] Last level iTLB entries: 4KB 64, 2MB 8, 4MB 8
[    0.143468] Last level dTLB entries: 4KB 64, 2MB 0, 4MB 0, 1GB 4
[    0.143488] Spectre V1 : Mitigation: usercopy/swapgs barriers and __user pointer sanitization
[    0.143493] Spectre V2 : Mitigation: Retpolines
[    0.143494] Spectre V2 : Spectre v2 / SpectreRSB mitigation: Filling RSB on context switch
[    0.143495] Spectre V2 : Spectre v2 / SpectreRSB : Filling RSB on VMEXIT
[    0.143495] RETBleed: WARNING: Spectre v2 mitigation leaves CPU vulnerable to RETBleed attacks, data leaks possible!
[    0.143851] RETBleed: Vulnerable
[    0.143852] Speculative Store Bypass: Vulnerable
[    0.143857] TAA: Mitigation: TSX disabled
[    0.143857] MMIO Stale Data: Mitigation: Clear CPU buffers
[    0.148091] Freeing SMP alternatives memory: 40K
[    0.260559] smpboot: CPU0: Intel(R) Xeon(R) Silver 4216 CPU @ 2.10GHz (family: 0x6, model: 0x55, stepping: 0x7)
[    0.260692] Performance Events: unsupported p6 CPU model 85 no PMU driver, software events only.
[    0.260730] rcu: Hierarchical SRCU implementation.
[    0.261205] NMI watchdog: Perf NMI watchdog permanently disabled
[    0.261243] smp: Bringing up secondary CPUs ...
[    0.261244] smp: Brought up 1 node, 1 CPU
[    0.261245] smpboot: Max logical packages: 1
[    0.261246] smpboot: Total of 1 processors activated (4200.00 BogoMIPS)
[    0.262228] devtmpfs: initialized
[    0.262275] x86/mm: Memory block size: 128MB
[    0.262625] clocksource: jiffies: mask: 0xffffffff max_cycles: 0xffffffff, max_idle_ns: 7645041785100000 ns
[    0.262631] futex hash table entries: 256 (order: 2, 16384 bytes, linear)
[    0.262673] pinctrl core: initialized pinctrl subsystem
[    0.262775] PM: RTC time: 16:25:19, date: 2026-01-11
[    0.262883] NET: Registered protocol family 16
[    0.262957] audit: initializing netlink subsys (disabled)
[    0.263036] EISA bus registered
[    0.263036] cpuidle: using governor ladder
[    0.263036] cpuidle: using governor menu
[    0.263036] ACPI: bus type PCI registered
[    0.263036] acpiphp: ACPI Hot Plug PCI Controller Driver version: 0.5
[    0.263036] PCI: Using configuration type 1 for base access
[    0.263347] audit: type=2000 audit(1768119926.014:1): state=initialized audit_enabled=0 res=1
[    0.263427] HugeTLB registered 2.00 MiB page size, pre-allocated 0 pages
[    0.264267] ACPI: Added _OSI(Module Device)
[    0.264268] ACPI: Added _OSI(Processor Device)
[    0.264268] ACPI: Added _OSI(3.0 _SCP Extensions)
[    0.264269] ACPI: Added _OSI(Processor Aggregator Device)
[    0.264270] ACPI: Added _OSI(Linux-Dell-Video)
[    0.264271] ACPI: Added _OSI(Linux-Lenovo-NV-HDMI-Audio)
[    0.264272] ACPI: Added _OSI(Linux-HPI-Hybrid-Graphics)
[    0.266235] ACPI: 2 ACPI AML tables successfully acquired and loaded
[    0.267884] ACPI: Interpreter enabled
[    0.267894] ACPI: (supports S0 S5)
[    0.267895] ACPI: Using IOAPIC for interrupt routing
[    0.268123] PCI: Using host bridge windows from ACPI; if necessary, use "pci=nocrs" and report a bug
[    0.268232] ACPI: Enabled 2 GPEs in block 00 to 07
[    0.273274] ACPI: PCI Root Bridge [PCI0] (domain 0000 [bus 00-ff])
[    0.273279] acpi PNP0A03:00: _OSC: OS supports [ASPM ClockPM Segments MSI HPX-Type3]
[    0.273722] acpi PNP0A03:00: _OSC: not requesting OS control; OS requires [ExtendedConfig ASPM ClockPM MSI]
[    0.273730] acpi PNP0A03:00: fail to add MMCONFIG information, can't access extended PCI configuration space under this bridge.
[    0.274105] PCI host bridge to bus 0000:00
[    0.274107] pci_bus 0000:00: root bus resource [io  0x0000-0x0cf7 window]
[    0.274108] pci_bus 0000:00: root bus resource [io  0x0d00-0xffff window]
[    0.274109] pci_bus 0000:00: root bus resource [mem 0x000a0000-0x000bffff window]
[    0.274110] pci_bus 0000:00: root bus resource [mem 0x80000000-0xfdffffff window]
[    0.274112] pci_bus 0000:00: root bus resource [bus 00-ff]
[    0.274152] pci 0000:00:00.0: [8086:1237] type 00 class 0x060000
[    0.275118] pci 0000:00:01.0: [8086:7000] type 00 class 0x060100
[    0.275883] pci 0000:00:01.1: [8086:7111] type 00 class 0x01018a
[    0.276281] pci 0000:00:01.1: reg 0x20: [io  0xd000-0xd00f]
[    0.276442] pci 0000:00:01.1: legacy IDE quirk: reg 0x10: [io  0x01f0-0x01f7]
[    0.276443] pci 0000:00:01.1: legacy IDE quirk: reg 0x14: [io  0x03f6]
[    0.276444] pci 0000:00:01.1: legacy IDE quirk: reg 0x18: [io  0x0170-0x0177]
[    0.276445] pci 0000:00:01.1: legacy IDE quirk: reg 0x1c: [io  0x0376]
[    0.276985] pci 0000:00:02.0: [15ad:0405] type 00 class 0x030000
[    0.279114] pci 0000:00:02.0: reg 0x10: [io  0xd010-0xd01f]
[    0.283081] pci 0000:00:02.0: reg 0x14: [mem 0xe0000000-0xe7ffffff pref]
[    0.285849] pci 0000:00:02.0: reg 0x18: [mem 0xf0000000-0xf01fffff]
[    0.295857] pci 0000:00:03.0: [1022:2000] type 00 class 0x020000
[    0.296561] pci 0000:00:03.0: reg 0x10: [io  0xd020-0xd03f]
[    0.297185] pci 0000:00:03.0: reg 0x14: [mem 0xf0200000-0xf0200fff]
[    0.302099] pci 0000:00:04.0: [80ee:cafe] type 00 class 0x088000
[    0.302771] pci 0000:00:04.0: reg 0x10: [io  0xd040-0xd05f]
[    0.303150] pci 0000:00:04.0: reg 0x14: [mem 0xf0400000-0xf07fffff]
[    0.303757] pci 0000:00:04.0: reg 0x18: [mem 0xf0800000-0xf0803fff pref]
[    0.307080] pci 0000:00:07.0: [8086:7113] type 00 class 0x068000
[    0.307637] pci 0000:00:07.0: quirk: [io  0x4000-0x403f] claimed by PIIX4 ACPI
[    0.307648] pci 0000:00:07.0: quirk: [io  0x4100-0x410f] claimed by PIIX4 SMB
[    0.308272] pci 0000:00:08.0: [8086:100e] type 00 class 0x020000
[    0.308989] pci 0000:00:08.0: reg 0x10: [mem 0xf0820000-0xf083ffff]
[    0.310155] pci 0000:00:08.0: reg 0x18: [io  0xd060-0xd067]
[    0.313237] pci 0000:00:09.0: [8086:100e] type 00 class 0x020000
[    0.313990] pci 0000:00:09.0: reg 0x10: [mem 0xf0840000-0xf085ffff]
[    0.315150] pci 0000:00:09.0: reg 0x18: [io  0xd068-0xd06f]
[    0.324172] ACPI: PCI Interrupt Link [LNKA] (IRQs 5 9 10 *11)
[    0.324453] ACPI: PCI Interrupt Link [LNKB] (IRQs 5 9 *10 11)
[    0.327055] ACPI: PCI Interrupt Link [LNKC] (IRQs 5 *9 10 11)
[    0.327160] ACPI: PCI Interrupt Link [LNKD] (IRQs 5 9 10 *11)
[    0.327422] iommu: Default domain type: Translated 
[    0.327485] pci 0000:00:02.0: vgaarb: setting as boot VGA device
[    0.327487] pci 0000:00:02.0: vgaarb: VGA device added: decodes=io+mem,owns=io+mem,locks=none
[    0.327489] pci 0000:00:02.0: vgaarb: bridge control possible
[    0.327489] vgaarb: loaded
[    0.327701] SCSI subsystem initialized
[    0.327732] libata version 3.00 loaded.
[    0.327757] ACPI: bus type USB registered
[    0.327773] usbcore: registered new interface driver usbfs
[    0.327779] usbcore: registered new interface driver hub
[    0.327785] usbcore: registered new device driver usb
[    0.327812] pps_core: LinuxPPS API ver. 1 registered
[    0.327813] pps_core: Software ver. 5.3.6 - Copyright 2005-2007 Rodolfo Giometti <giometti@linux.it>
[    0.327815] PTP clock support registered
[    0.327850] EDAC MC: Ver: 3.0.0
[    0.328138] PCI: Using ACPI for IRQ routing
[    0.328139] PCI: pci_cache_line_size set to 64 bytes
[    0.328317] e820: reserve RAM buffer [mem 0x0009fc00-0x0009ffff]
[    0.328320] e820: reserve RAM buffer [mem 0x7fff0000-0x7fffffff]
[    0.329155] NetLabel: Initializing
[    0.329156] NetLabel:  domain hash size = 128
[    0.329156] NetLabel:  protocols = UNLABELED CIPSOv4 CALIPSO
[    0.329176] NetLabel:  unlabeled traffic allowed by default
[    0.330067] clocksource: Switched to clocksource kvm-clock
[    0.341459] *** VALIDATE bpf ***
[    0.341522] VFS: Disk quotas dquot_6.6.0
[    0.341534] VFS: Dquot-cache hash table entries: 512 (order 0, 4096 bytes)
[    0.341556] *** VALIDATE ramfs ***
[    0.341559] *** VALIDATE hugetlbfs ***
[    0.341640] AppArmor: AppArmor Filesystem Enabled
[    0.341676] pnp: PnP ACPI init
[    0.341743] pnp 00:00: Plug and Play ACPI device, IDs PNP0303 (active)
[    0.341810] pnp 00:01: Plug and Play ACPI device, IDs PNP0f03 (active)
[    0.342549] pnp: PnP ACPI: found 2 devices
[    0.343223] thermal_sys: Registered thermal governor 'fair_share'
[    0.343223] thermal_sys: Registered thermal governor 'bang_bang'
[    0.343223] thermal_sys: Registered thermal governor 'step_wise'
[    0.343223] thermal_sys: Registered thermal governor 'user_space'
[    0.343223] thermal_sys: Registered thermal governor 'power_allocator'
[    0.348082] clocksource: acpi_pm: mask: 0xffffff max_cycles: 0xffffff, max_idle_ns: 2085701024 ns
[    0.348123] pci_bus 0000:00: resource 4 [io  0x0000-0x0cf7 window]
[    0.348124] pci_bus 0000:00: resource 5 [io  0x0d00-0xffff window]
[    0.348126] pci_bus 0000:00: resource 6 [mem 0x000a0000-0x000bffff window]
[    0.348127] pci_bus 0000:00: resource 7 [mem 0x80000000-0xfdffffff window]
[    0.348183] NET: Registered protocol family 2
[    0.348258] IP idents hash table entries: 32768 (order: 6, 262144 bytes, linear)
[    0.348665] MPTCP tokens hash table entries: 8192 (order: 4, 65536 bytes, linear)
[    0.348685] MPTCP request tokens hash table entries: 8192 (order: 4, 65536 bytes, linear)
[    0.348709] default registered
[    0.348710] default registered
[    0.348710] MPTCP: Stable release v0.96
[    0.348715] tcp_listen_portaddr_hash hash table entries: 1024 (order: 2, 16384 bytes, linear)
[    0.348792] TCP established hash table entries: 16384 (order: 5, 131072 bytes, linear)
[    0.348857] TCP bind hash table entries: 16384 (order: 6, 262144 bytes, linear)
[    0.348882] TCP: Hash tables configured (established 16384 bind 16384)
[    0.349592] UDP hash table entries: 1024 (order: 3, 32768 bytes, linear)
[    0.349603] UDP-Lite hash table entries: 1024 (order: 3, 32768 bytes, linear)
[    0.349637] NET: Registered protocol family 1
[    0.349645] NET: Registered protocol family 44
[    0.349677] pci 0000:00:00.0: Limiting direct PCI/PCI transfers
[    0.349695] pci 0000:00:01.0: Activating ISA DMA hang workarounds
[    0.349751] pci 0000:00:02.0: Video device with shadowed ROM at [mem 0x000c0000-0x000dffff]
[    0.349817] PCI: CLS 0 bytes, default 64
[    0.349866] Trying to unpack rootfs image as initramfs...
[    0.519304] Freeing initrd memory: 47868K
[    0.519304] clocksource: tsc: mask: 0xffffffffffffffff max_cycles: 0x1e4530a99b6, max_idle_ns: 440795257976 ns
[    0.519304] clocksource: Switched to clocksource tsc
[    0.519304] platform rtc_cmos: registered platform RTC device (no PNP device found)
[    0.519304] check: Scanning for low memory corruption every 60 seconds
[    0.519304] Initialise system trusted keyrings
[    0.519304] Key type blacklist registered
[    0.519304] workingset: timestamp_bits=36 max_order=19 bucket_order=0
[    0.519304] zbud: loaded
[    0.519304] squashfs: version 4.0 (2009/01/31) Phillip Lougher
[    0.519304] fuse: init (API version 7.31)
[    0.519304] *** VALIDATE fuse ***
[    0.519304] *** VALIDATE fuse ***
[    0.519304] Platform Keyring initialized
[    0.519304] Key type asymmetric registered
[    0.519304] Asymmetric key parser 'x509' registered
[    0.519304] Block layer SCSI generic (bsg) driver version 0.4 loaded (major 244)
[    0.519304] io scheduler mq-deadline registered
[    0.519304] shpchp: Standard Hot Plug PCI Controller Driver version: 0.4
[    0.533098] ACPI: AC Adapter [AC] (on-line)
[    0.533144] input: Power Button as /devices/LNXSYSTM:00/LNXPWRBN:00/input/input0
[    0.533170] ACPI: Power Button [PWRF]
[    0.533247] input: Sleep Button as /devices/LNXSYSTM:00/LNXSLPBN:00/input/input1
[    0.533262] ACPI: Sleep Button [SLPF]
[    0.533488] Serial: 8250/16550 driver, 32 ports, IRQ sharing enabled
[    0.534630] Linux agpgart interface v0.103
[    0.623187] loop: module loaded
[    0.623333] ata_piix 0000:00:01.1: version 2.13
[    0.623739] scsi host0: ata_piix
[    0.623824] scsi host1: ata_piix
[    0.623851] ata1: PATA max UDMA/33 cmd 0x1f0 ctl 0x3f6 bmdma 0xd000 irq 14
[    0.623852] ata2: PATA max UDMA/33 cmd 0x170 ctl 0x376 bmdma 0xd008 irq 15
[    0.623931] tun: Universal TUN/TAP device driver, 1.6
[    0.624234] PPP generic driver version 2.4.2
[    0.624277] VFIO - User Level meta-driver version: 0.3
[    0.624514] ehci_hcd: USB 2.0 'Enhanced' Host Controller (EHCI) Driver
[    0.624518] ehci-pci: EHCI PCI platform driver
[    0.624534] ehci-platform: EHCI generic platform driver
[    0.624539] ohci_hcd: USB 1.1 'Open' Host Controller (OHCI) Driver
[    0.624541] ohci-pci: OHCI PCI platform driver
[    0.624548] ohci-platform: OHCI generic platform driver
[    0.624552] uhci_hcd: USB Universal Host Controller Interface driver
[    0.624614] i8042: PNP: PS/2 Controller [PNP0303:PS2K,PNP0f03:PS2M] at 0x60,0x64 irq 1,12
[    0.625061] serio: i8042 KBD port at 0x60,0x64 irq 1
[    0.625065] serio: i8042 AUX port at 0x60,0x64 irq 12
[    0.625154] mousedev: PS/2 mouse device common for all mice
[    0.625404] input: AT Translated Set 2 keyboard as /devices/platform/i8042/serio0/input/input2
[    0.625813] rtc_cmos rtc_cmos: registered as rtc0
[    0.625826] rtc_cmos rtc_cmos: alarms up to one day, 114 bytes nvram
[    0.625831] i2c /dev entries driver
[    0.625872] device-mapper: uevent: version 1.0.3
[    0.625914] device-mapper: ioctl: 4.41.0-ioctl (2019-09-16) initialised: dm-devel@redhat.com
[    0.625930] platform eisa.0: Probing EISA bus 0
[    0.625931] platform eisa.0: EISA: Cannot allocate resource for mainboard
[    0.625932] platform eisa.0: Cannot allocate resource for EISA slot 1
[    0.625934] platform eisa.0: Cannot allocate resource for EISA slot 2
[    0.625935] platform eisa.0: Cannot allocate resource for EISA slot 3
[    0.625936] platform eisa.0: Cannot allocate resource for EISA slot 4
[    0.625937] platform eisa.0: Cannot allocate resource for EISA slot 5
[    0.625937] platform eisa.0: Cannot allocate resource for EISA slot 6
[    0.625938] platform eisa.0: Cannot allocate resource for EISA slot 7
[    0.625939] platform eisa.0: Cannot allocate resource for EISA slot 8
[    0.625940] platform eisa.0: EISA: Detected 0 cards
[    0.625943] intel_pstate: CPU model not supported
[    0.625952] ledtrig-cpu: registered to indicate activity on CPUs
[    0.626006] drop_monitor: Initializing network drop monitor service
[    0.626166] NET: Registered protocol family 10
[    0.631203] Segment Routing with IPv6
[    0.631232] fullmesh registered
[    0.631233] ndiffports registered
[    0.631235] binder registered
[    0.631236] roundrobin registered
[    0.631236] redundant registered
[    0.631237] blest registered
[    0.631237] ecf registered
[    0.631239] NET: Registered protocol family 17
[    0.631269] Key type dns_resolver registered
[    0.631330] RAS: Correctable Errors collector initialized.
[    0.631330] IPI shorthand broadcast: enabled
[    0.631330] sched_clock: Marking stable (616177320, 11153253)->(629783779, -2453206)
[    0.631439] registered taskstats version 1
[    0.631447] Loading compiled-in X.509 certificates
[    0.632033] Loaded X.509 cert 'Build time autogenerated kernel key: 6909f3744cebb3d0de528d5887b96a727de79b1e'
[    0.632051] zswap: loaded using pool lzo/zbud
[    0.632102] Key type ._fscrypt registered
[    0.632102] Key type .fscrypt registered
[    0.636516] Key type big_key registered
[    0.638735] Key type encrypted registered
[    0.638737] AppArmor: AppArmor sha1 policy hashing enabled
[    0.638745] ima: No TPM chip found, activating TPM-bypass!
[    0.638748] ima: Allocated hash algorithm: sha1
[    0.638754] ima: No architecture policies found
[    0.638763] evm: Initialising EVM extended attributes:
[    0.638764] evm: security.selinux
[    0.638764] evm: security.SMACK64
[    0.638765] evm: security.SMACK64EXEC
[    0.638765] evm: security.SMACK64TRANSMUTE
[    0.638766] evm: security.SMACK64MMAP
[    0.638766] evm: security.apparmor
[    0.638766] evm: security.ima
[    0.638767] evm: security.capability
[    0.638768] evm: HMAC attrs: 0x1
[    0.639060] PM:   Magic number: 10:865:438
[    0.639187] rtc_cmos rtc_cmos: setting system clock to 2026-01-11T16:25:20 UTC (1768148720)
[    0.795107] ata1.00: ATA-6: VBOX HARDDISK, 1.0, max UDMA/133
[    0.795109] ata1.00: 209715200 sectors, multi 128: LBA 
[    0.795581] scsi 0:0:0:0: Direct-Access     ATA      VBOX HARDDISK    1.0  PQ: 0 ANSI: 5
[    0.795770] sd 0:0:0:0: [sda] 209715200 512-byte logical blocks: (107 GB/100 GiB)
[    0.795778] sd 0:0:0:0: [sda] Write Protect is off
[    0.795780] sd 0:0:0:0: [sda] Mode Sense: 00 3a 00 00
[    0.795792] sd 0:0:0:0: [sda] Write cache: enabled, read cache: enabled, doesn't support DPO or FUA
[    0.795999] sd 0:0:0:0: Attached scsi generic sg0 type 0
[    0.796640]  sda: sda1 sda2
[    0.807274] sd 0:0:0:0: [sda] Attached SCSI disk
[    0.809307] Freeing unused decrypted memory: 2040K
[    0.810048] Freeing unused kernel image memory: 2728K
[    0.810050] Write protecting the kernel read-only data: 22528k
[    0.810765] Freeing unused kernel image memory: 2036K
[    0.811169] Freeing unused kernel image memory: 1432K
[    0.826367] x86/mm: Checked W+X mappings: passed, no W+X pages found.
[    0.826370] Run /init as init process
[    0.920148] ACPI: Video Device [GFX0] (multi-head: yes  rom: no  post: no)
[    0.920221] input: Video Bus as /devices/LNXSYSTM:00/LNXSYBUS:00/PNP0A03:00/LNXVIDEO:00/input/input4
[    0.933605] pcnet32: pcnet32.c:v1.35 21.Apr.2008 tsbogend@alpha.franken.de
[    0.935533] piix4_smbus 0000:00:07.0: SMBus Host Controller at 0x4100, revision 0
[    0.938026] e1000: Intel(R) PRO/1000 Network Driver - version 7.3.21-k8-NAPI
[    0.938027] e1000: Copyright (c) 1999-2006 Intel Corporation.
[    0.948531] pcnet32: PCnet/FAST III 79C973 at 0xd020, 08:00:27:df:d0:53 assigned IRQ 19
[    0.948576] pcnet32: Found PHY 0022:561b at address 0
[    0.948874] pcnet32: eth0: registered as PCnet/FAST III 79C973
[    0.954587] pcnet32: 1 cards_found
[    1.011253] pcnet32 0000:00:03.0 enp0s3: renamed from eth0
[    1.156649] input: ImExPS/2 Generic Explorer Mouse as /devices/platform/i8042/serio1/input/input5
[    1.347434] e1000 0000:00:08.0 eth0: (PCI:33MHz:32-bit) 08:00:27:64:00:88
[    1.347439] e1000 0000:00:08.0 eth0: Intel(R) PRO/1000 Network Connection
[    1.719531] e1000 0000:00:09.0 eth1: (PCI:33MHz:32-bit) 08:00:27:45:6d:70
[    1.719534] e1000 0000:00:09.0 eth1: Intel(R) PRO/1000 Network Connection
[    1.720617] e1000 0000:00:09.0 enp0s9: renamed from eth1
[    1.722414] e1000 0000:00:08.0 enp0s8: renamed from eth0
[    1.889768] EXT4-fs (sda2): mounted filesystem with ordered data mode. Opts: (null)
[    1.982574] systemd[1]: Inserted module 'autofs4'
[    1.995061] systemd[1]: systemd 245.4-4ubuntu3 running in system mode. (+PAM +AUDIT +SELINUX +IMA +APPARMOR +SMACK +SYSVINIT +UTMP +LIBCRYPTSETUP +GCRYPT +GNUTLS +ACL +XZ +LZ4 +SECCOMP +BLKID +ELFUTILS +KMOD +IDN2 -IDN +PCRE2 default-hierarchy=hybrid)
[    1.995092] systemd[1]: Detected virtualization oracle.
[    1.995095] systemd[1]: Detected architecture x86-64.
[    1.996425] systemd[1]: Set hostname to <ztg>.
[    2.121957] systemd[1]: /lib/systemd/system/dbus.socket:5: ListenStream= references a path below legacy directory /var/run/, updating /var/run/dbus/system_bus_socket â†’ /run/dbus/system_bus_socket; please update the unit file accordingly.
[    2.174817] systemd[1]: Created slice system-modprobe.slice.
[    2.175000] systemd[1]: Created slice User and Session Slice.
[    2.175042] systemd[1]: Started Forward Password Requests to Wall Directory Watch.
[    2.175266] systemd[1]: Set up automount Arbitrary Executable File Formats File System Automount Point.
[    2.175303] systemd[1]: Reached target User and Group Name Lookups.
[    2.175312] systemd[1]: Reached target Remote File Systems.
[    2.175321] systemd[1]: Reached target Slices.
[    2.175881] systemd[1]: Listening on Syslog Socket.
[    2.175948] systemd[1]: Listening on fsck to fsckd communication Socket.
[    2.175987] systemd[1]: Listening on initctl Compatibility Named Pipe.
[    2.176122] systemd[1]: Listening on Journal Audit Socket.
[    2.176176] systemd[1]: Listening on Journal Socket (/dev/log).
[    2.176243] systemd[1]: Listening on Journal Socket.
[    2.176306] systemd[1]: Listening on udev Control Socket.
[    2.176346] systemd[1]: Listening on udev Kernel Socket.
[    2.177086] systemd[1]: Mounting Huge Pages File System...
[    2.178011] systemd[1]: Mounting POSIX Message Queue File System...
[    2.178885] systemd[1]: Mounting Kernel Debug File System...
[    2.179803] systemd[1]: Mounting Kernel Trace File System...
[    2.181726] systemd[1]: Starting Journal Service...
[    2.206123] systemd[1]: Starting Set the console keyboard layout...
[    2.214138] systemd[1]: Starting Create list of static device nodes for the current kernel...
[    2.216158] systemd[1]: Starting Load Kernel Module drm...
[    2.221652] systemd[1]: Condition check resulted in Set Up Additional Binary Formats being skipped.
[    2.224866] systemd[1]: Condition check resulted in File System Check on Root Device being skipped.
[    2.228128] systemd[1]: Starting Load Kernel Modules...
[    2.235655] systemd[1]: Starting Remount Root and Kernel File Systems...
[    2.244929] systemd[1]: Starting udev Coldplug all Devices...
[    2.255601] systemd[1]: Starting Uncomplicated firewall...
[    2.256850] systemd[1]: Mounted Huge Pages File System.
[    2.256938] systemd[1]: Mounted POSIX Message Queue File System.
[    2.257010] systemd[1]: Mounted Kernel Debug File System.
[    2.257076] systemd[1]: Mounted Kernel Trace File System.
[    2.263123] EXT4-fs (sda2): re-mounted. Opts: errors=remount-ro
[    2.278897] systemd[1]: Finished Create list of static device nodes for the current kernel.
[    2.279901] systemd[1]: modprobe@drm.service: Succeeded.
[    2.297332] systemd[1]: Finished Load Kernel Module drm.
[    2.303727] systemd[1]: Finished Remount Root and Kernel File Systems.
[    2.304836] systemd[1]: Finished Uncomplicated firewall.
[    2.321158] lp: driver loaded but no devices found
[    2.322431] systemd[1]: Condition check resulted in Rebuild Hardware Database being skipped.
[    2.322473] systemd[1]: Condition check resulted in Platform Persistent Storage Archival being skipped.
[    2.323181] systemd[1]: Starting Load/Save Random Seed...
[    2.330257] systemd[1]: Starting Create System Users...
[    2.337167] ppdev: user-space parallel port driver
[    2.348425] systemd[1]: Finished Load/Save Random Seed.
[    2.349894] systemd[1]: Finished Create System Users.
[    2.350804] systemd[1]: Starting Create Static Device Nodes in /dev...
[    2.381607] systemd[1]: Finished udev Coldplug all Devices.
[    2.383345] systemd[1]: Finished Create Static Device Nodes in /dev.
[    2.384166] systemd[1]: Starting udev Kernel Device Manager...
[    2.429698] [drm] DMA map mode: Caching DMA mappings.
[    2.429791] [drm] Capabilities:
[    2.429791] [drm]   Rect copy.
[    2.429792] [drm]   Cursor.
[    2.429792] [drm]   Cursor bypass.
[    2.429792] [drm]   Cursor bypass 2.
[    2.429793] [drm]   Alpha cursor.
[    2.429793] [drm]   Extended Fifo.
[    2.429794] [drm]   Pitchlock.
[    2.429794] [drm]   Irq mask.
[    2.429794] [drm]   GMR.
[    2.429795] [drm]   Traces.
[    2.429795] [drm]   GMR2.
[    2.429795] [drm]   Screen Object 2.
[    2.429796] [drm]   Command Buffers.
[    2.429796] [drm]   Command Buffers 2.
[    2.429796] [drm]   Guest Backed Resources.
[    2.429797] [drm] Max GMR ids is 8192
[    2.429798] [drm] Max number of GMR pages is 1048576
[    2.429799] [drm] Max dedicated hypervisor surface memory is 393216 kiB
[    2.429799] [drm] Maximum display memory size is 131072 kiB
[    2.429800] [drm] VRAM at 0xe0000000 size is 131072 kiB
[    2.429801] [drm] MMIO at 0xf0000000 size is 2048 kiB
[    2.430667] [TTM] Zone  kernel: Available graphics memory: 1011738 KiB
[    2.430668] [TTM] Initializing pool allocator
[    2.430672] [TTM] Initializing DMA pool allocator
[    2.430727] [drm] Supports vblank timestamp caching Rev 2 (21.10.2013).
[    2.430728] [drm] No driver support for vblank timestamp query.
[    2.430952] [drm] Screen Target Display device initialized
[    2.431178] [drm] width 720
[    2.431187] [drm] height 400
[    2.431191] [drm] bpp 32
[    2.431691] [drm] Fifo max 0x00200000 min 0x00001000 cap 0x00000355
[    2.432981] [drm] Using command buffers with DMA pool.
[    2.432987] [drm] DX: no.
[    2.432987] [drm] Atomic: yes.
[    2.432987] [drm] SM4_1: no.
[    2.433007] [drm:vmw_host_log [vmwgfx]] *ERROR* Failed to send host log message.
[    2.433948] [drm:vmw_host_log [vmwgfx]] *ERROR* Failed to send host log message.
[    2.445191] fbcon: svgadrmfb (fb0) is primary device
[    2.449139] Console: switching to colour frame buffer device 100x37
[    2.454402] [drm] Initialized vmwgfx 2.15.0 20180704 for 0000:00:02.0 on minor 0
[    2.466943] systemd[1]: Finished Load Kernel Modules.
[    2.467850] systemd[1]: Mounting FUSE Control File System...
[    2.468971] systemd[1]: Mounting Kernel Configuration File System...
[    2.478969] systemd[1]: Starting Apply Kernel Variables...
[    2.502428] systemd[1]: Mounted FUSE Control File System.
[    2.502495] systemd[1]: Condition check resulted in VMware vmblock fuse mount being skipped.
[    2.504205] systemd[1]: Mounted Kernel Configuration File System.
[    2.512135] systemd[1]: Finished Set the console keyboard layout.
[    2.512228] systemd[1]: Reached target Local File Systems (Pre).
[    2.515074] systemd[1]: Mounting Mount unit for bare, revision 5...
[    2.525683] systemd[1]: Mounting Mount unit for core18, revision 1705...
[    2.526826] systemd[1]: Mounting Mount unit for gnome-3-34-1804, revision 24...
[    2.528416] systemd[1]: Mounting Mount unit for gtk-common-themes, revision 1506...
[    2.531692] systemd[1]: Mounting Mount unit for gtk-common-themes, revision 1535...
[    2.564158] systemd[1]: Mounting Mount unit for snap-store, revision 433...
[    2.570946] systemd[1]: Mounting Mount unit for snapd, revision 7264...
[    2.581523] systemd[1]: Finished Apply Kernel Variables.
[    2.581680] systemd[1]: Mounted Mount unit for bare, revision 5.
[    2.610559] systemd[1]: Mounted Mount unit for gtk-common-themes, revision 1506.
[    2.615998] systemd[1]: Started udev Kernel Device Manager.
[    2.616103] systemd[1]: Mounted Mount unit for core18, revision 1705.
[    2.616183] systemd[1]: Mounted Mount unit for gnome-3-34-1804, revision 24.
[    2.617671] systemd[1]: Starting Show Plymouth Boot Screen...
[    2.639073] systemd[1]: Received SIGRTMIN+20 from PID 286 (plymouthd).
[    2.645369] systemd[1]: Mounted Mount unit for gtk-common-themes, revision 1535.
[    2.659248] systemd[1]: Started Show Plymouth Boot Screen.
[    2.659390] systemd[1]: Condition check resulted in Dispatch Password Requests to Console Directory Watch being skipped.
[    2.659477] systemd[1]: Started Forward Password Requests to Plymouth Directory Watch.
[    2.659507] systemd[1]: Reached target Local Encrypted Volumes.
[    2.678581] systemd[1]: Mounted Mount unit for snap-store, revision 433.
[    2.678807] systemd[1]: Mounted Mount unit for snapd, revision 7264.
[    2.678955] systemd[1]: Reached target Local File Systems.
[    2.681429] systemd[1]: Starting Load AppArmor profiles...
[    2.682269] systemd[1]: Starting Set console font and keymap...
[    2.694536] systemd[1]: Starting Tell Plymouth To Write Out Runtime Data...
[    2.694653] systemd[1]: Condition check resulted in Store a System Token in an EFI Variable being skipped.
[    2.694704] systemd[1]: Condition check resulted in Commit a transient machine-id on disk being skipped.
[    2.701057] systemd[1]: Finished Set console font and keymap.
[    2.706113] systemd[1]: Received SIGRTMIN+20 from PID 286 (plymouthd).
[    2.708426] systemd[1]: plymouth-read-write.service: Succeeded.
[    2.708677] systemd[1]: Finished Tell Plymouth To Write Out Runtime Data.
[    2.730678] audit: type=1400 audit(1768148722.588:2): apparmor="STATUS" operation="profile_load" profile="unconfined" name="nvidia_modprobe" pid=299 comm="apparmor_parser"
[    2.730681] audit: type=1400 audit(1768148722.588:3): apparmor="STATUS" operation="profile_load" profile="unconfined" name="nvidia_modprobe//kmod" pid=299 comm="apparmor_parser"
[    2.737629] audit: type=1400 audit(1768148722.596:4): apparmor="STATUS" operation="profile_load" profile="unconfined" name="/usr/sbin/tcpdump" pid=300 comm="apparmor_parser"
[    2.811201] audit: type=1400 audit(1768148722.664:5): apparmor="STATUS" operation="profile_load" profile="unconfined" name="/usr/bin/evince" pid=302 comm="apparmor_parser"
[    2.811203] audit: type=1400 audit(1768148722.664:6): apparmor="STATUS" operation="profile_load" profile="unconfined" name="/usr/bin/evince//sanitized_helper" pid=302 comm="apparmor_parser"
[    2.811205] audit: type=1400 audit(1768148722.664:7): apparmor="STATUS" operation="profile_load" profile="unconfined" name="/usr/bin/evince-previewer" pid=302 comm="apparmor_parser"
[    2.811206] audit: type=1400 audit(1768148722.664:8): apparmor="STATUS" operation="profile_load" profile="unconfined" name="/usr/bin/evince-previewer//sanitized_helper" pid=302 comm="apparmor_parser"
[    2.811208] audit: type=1400 audit(1768148722.664:9): apparmor="STATUS" operation="profile_load" profile="unconfined" name="/usr/bin/evince-thumbnailer" pid=302 comm="apparmor_parser"
[    2.822690] audit: type=1400 audit(1768148722.676:10): apparmor="STATUS" operation="profile_load" profile="unconfined" name="/usr/lib/cups/backend/cups-pdf" pid=303 comm="apparmor_parser"
[    2.890825] systemd[1]: Finished Load AppArmor profiles.
[    2.891785] systemd[1]: Starting Load AppArmor profiles managed internally by snapd...
[    2.969836] systemd[1]: Finished Load AppArmor profiles managed internally by snapd.
[    3.158361] systemd[1]: Started Journal Service.
[    3.165424] systemd-journald[229]: Received client request to flush runtime journal.
[    3.170860] systemd-journald[229]: File /var/log/journal/c455b248004a419c87ce85eea238d727/system.journal corrupted or uncleanly shut down, renaming and replacing.
[    4.530328] RAPL PMU: API unit is 2^-32 Joules, 0 fixed counters, 10737418240 ms ovfl timer
[    4.543039] cryptd: max_cpu_qlen set to 1000
[    4.550351] AVX2 version of gcm_enc/dec engaged.
[    4.550352] AES CTR mode by8 optimization enabled
[    5.406605] Adding 1998844k swap on /dev/sda1.  Priority:-2 extents:1 across:1998844k FS
[    6.277660] kauditd_printk_skb: 30 callbacks suppressed
[    6.277661] audit: type=1400 audit(1768148726.136:41): apparmor="DENIED" operation="capable" profile="/usr/sbin/cups-browsed" pid=497 comm="cups-browsed" capability=23  capname="sys_nice"
[    7.538184] pcnet32 0000:00:03.0 enp0s3: link up, 100Mbps, full-duplex
[    7.576695] e1000: enp0s8 NIC Link is Up 1000 Mbps Full Duplex, Flow Control: RX
[    7.579215] IPv6: ADDRCONF(NETDEV_CHANGE): enp0s8: link becomes ready
[    7.586102] e1000: enp0s9 NIC Link is Up 1000 Mbps Full Duplex, Flow Control: RX
[    7.586394] IPv6: ADDRCONF(NETDEV_CHANGE): enp0s9: link becomes ready
[    8.117078] device enp0s3 entered promiscuous mode
[    8.149791] audit: type=1400 audit(1768148728.008:42): apparmor="DENIED" operation="open" profile="/usr/sbin/tcpdump" name="/proc/sys/kernel/random/boot_id" pid=669 comm="tcpdump" requested_mask="r" denied_mask="r" fsuid=0 ouid=0
[    8.150045] audit: type=1400 audit(1768148728.008:43): apparmor="DENIED" operation="open" profile="/usr/sbin/tcpdump" name="/proc/sys/kernel/random/boot_id" pid=669 comm="tcpdump" requested_mask="r" denied_mask="r" fsuid=0 ouid=0
[    8.150132] audit: type=1400 audit(1768148728.008:44): apparmor="DENIED" operation="open" profile="/usr/sbin/tcpdump" name="/proc/sys/kernel/random/boot_id" pid=669 comm="tcpdump" requested_mask="r" denied_mask="r" fsuid=0 ouid=0
[    8.150350] audit: type=1400 audit(1768148728.008:45): apparmor="DENIED" operation="open" profile="/usr/sbin/tcpdump" name="/proc/sys/kernel/random/boot_id" pid=669 comm="tcpdump" requested_mask="r" denied_mask="r" fsuid=0 ouid=0
[    8.156607] audit: type=1400 audit(1768148728.012:46): apparmor="DENIED" operation="open" profile="/usr/sbin/tcpdump" name="/proc/sys/kernel/random/boot_id" pid=670 comm="tcpdump" requested_mask="r" denied_mask="r" fsuid=0 ouid=0
[    8.156779] audit: type=1400 audit(1768148728.012:47): apparmor="DENIED" operation="open" profile="/usr/sbin/tcpdump" name="/proc/sys/kernel/random/boot_id" pid=670 comm="tcpdump" requested_mask="r" denied_mask="r" fsuid=0 ouid=0
[    8.156853] audit: type=1400 audit(1768148728.012:48): apparmor="DENIED" operation="open" profile="/usr/sbin/tcpdump" name="/proc/sys/kernel/random/boot_id" pid=670 comm="tcpdump" requested_mask="r" denied_mask="r" fsuid=0 ouid=0
[    8.157117] audit: type=1400 audit(1768148728.012:49): apparmor="DENIED" operation="open" profile="/usr/sbin/tcpdump" name="/proc/sys/kernel/random/boot_id" pid=670 comm="tcpdump" requested_mask="r" denied_mask="r" fsuid=0 ouid=0
[   12.821294] rfkill: input handler disabled
[  126.518190] rfkill: input handler enabled
[  135.016468] rfkill: input handler disabled
[  287.764207] AAAAA-TCP_FORW: name:enp0s3: saddr:16783984: daddr:100932208
[  287.897613] AAAAA-TCP_FORW: name:enp0s3: saddr:16783984: daddr:100932208
[  288.033379] AAAAA-TCP_FORW: name:enp0s3: saddr:16783984: daddr:100932208
[  288.099816] AAAAA-TCP_FORW: name:enp0s3: saddr:16783984: daddr:100932208
[  288.216938] AAAAA-TCP_FORW: name:enp0s3: saddr:16783984: daddr:100932208
[  288.350751] AAAAA-TCP_FORW: name:enp0s3: saddr:16783984: daddr:100932208
[  288.480100] AAAAA-TCP_FORW: name:enp0s3: saddr:16783984: daddr:100932208
[  288.542286] AAAAA-TCP_FORW: name:enp0s3: saddr:16783984: daddr:100932208
[  288.606785] AAAAA-TCP_FORW: name:enp0s3: saddr:16783984: daddr:100932208
[  288.749654] AAAAA-TCP_FORW: name:enp0s3: saddr:16783984: daddr:100932208
[  288.851517] AAAAA-TCP_FORW: name:enp0s3: saddr:16783984: daddr:100932208
[  288.948432] AAAAA-TCP_FORW: name:enp0s3: saddr:16783984: daddr:100932208
[  289.015403] AAAAA-TCP_FORW: name:enp0s3: saddr:16783984: daddr:100932208
[  289.175447] AAAAA-TCP_FORW: name:enp0s3: saddr:16783984: daddr:100932208
[  289.260611] AAAAA-TCP_FORW: name:enp0s3: saddr:16783984: daddr:100932208
[  289.345812] AAAAA-TCP_FORW: name:enp0s3: saddr:16783984: daddr:100932208
[  289.425889] AAAAA-TCP_FORW: name:enp0s3: saddr:16783984: daddr:100932208
[  289.515174] AAAAA-TCP_FORW: name:enp0s3: saddr:16783984: daddr:100932208
[  289.598480] AAAAA-TCP_FORW: name:enp0s3: saddr:16783984: daddr:100932208
[  289.867465] AAAAA-TCP_FORW: name:enp0s3: saddr:16783984: daddr:100932208
[  289.987945] AAAAA-TCP_FORW: name:enp0s3: saddr:16783984: daddr:100932208
[  290.064684] AAAAA-TCP_FORW: name:enp0s3: saddr:33561200: daddr:100932208
[  290.163693] AAAAA-TCP_FORW: name:enp0s3: saddr:33561200: daddr:100932208
[  290.211158] AAAAA-TCP_FORW: name:enp0s3: saddr:33561200: daddr:100932208
[  290.263798] AAAAA-TCP_FORW: name:enp0s3: saddr:33561200: daddr:100932208
[  443.028020] device enp0s3 left promiscuous mode
