[    0.000000] Linux version 5.4.243-mptcp (root@ztg) (gcc version 12.2.0 (Debian 12.2.0-14+deb12u1)) #53 SMP Wed Dec 24 23:28:15 CST 2025
[    0.000000] Command line: BOOT_IMAGE=/boot/vmlinuz-5.4.243-mptcp root=UUID=98415a12-53b7-4144-8265-0f7ece09e445 ro quiet splash
[    0.000000] KERNEL supported cpus:
[    0.000000]   Intel GenuineIntel
[    0.000000]   AMD AuthenticAMD
[    0.000000]   Hygon HygonGenuine
[    0.000000]   Centaur CentaurHauls
[    0.000000]   zhaoxin   Shanghai  
[    0.000000] x86/fpu: Supporting XSAVE feature 0x001: 'x87 floating point registers'
[    0.000000] x86/fpu: Supporting XSAVE feature 0x002: 'SSE registers'
[    0.000000] x86/fpu: Supporting XSAVE feature 0x004: 'AVX registers'
[    0.000000] x86/fpu: xstate_offset[2]:  576, xstate_sizes[2]:  256
[    0.000000] x86/fpu: Enabled xstate features 0x7, context size is 832 bytes, using 'standard' format.
[    0.000000] BIOS-provided physical RAM map:
[    0.000000] BIOS-e820: [mem 0x0000000000000000-0x000000000009fbff] usable
[    0.000000] BIOS-e820: [mem 0x000000000009fc00-0x000000000009ffff] reserved
[    0.000000] BIOS-e820: [mem 0x00000000000f0000-0x00000000000fffff] reserved
[    0.000000] BIOS-e820: [mem 0x0000000000100000-0x000000007ffeffff] usable
[    0.000000] BIOS-e820: [mem 0x000000007fff0000-0x000000007fffffff] ACPI data
[    0.000000] BIOS-e820: [mem 0x00000000fec00000-0x00000000fec00fff] reserved
[    0.000000] BIOS-e820: [mem 0x00000000fee00000-0x00000000fee00fff] reserved
[    0.000000] BIOS-e820: [mem 0x00000000fffc0000-0x00000000ffffffff] reserved
[    0.000000] NX (Execute Disable) protection: active
[    0.000000] SMBIOS 2.5 present.
[    0.000000] DMI: innotek GmbH VirtualBox/VirtualBox, BIOS VirtualBox 12/01/2006
[    0.000000] Hypervisor detected: KVM
[    0.000000] kvm-clock: Using msrs 4b564d01 and 4b564d00
[    0.000000] kvm-clock: cpu 0, msr 71c01001, primary cpu clock
[    0.000000] kvm-clock: using sched offset of 4423013234 cycles
[    0.000003] clocksource: kvm-clock: mask: 0xffffffffffffffff max_cycles: 0x1cd42e4dffb, max_idle_ns: 881590591483 ns
[    0.000005] tsc: Detected 2100.000 MHz processor
[    0.001963] e820: update [mem 0x00000000-0x00000fff] usable ==> reserved
[    0.001965] e820: remove [mem 0x000a0000-0x000fffff] usable
[    0.001969] last_pfn = 0x7fff0 max_arch_pfn = 0x400000000
[    0.002037] MTRR default type: uncachable
[    0.002038] MTRR fixed ranges enabled:
[    0.002039]   00000-9FFFF write-back
[    0.002040]   A0000-BFFFF uncachable
[    0.002041]   C0000-FFFFF write-protect
[    0.002042] MTRR variable ranges enabled:
[    0.002043]   0 base 000000000000 mask 3FFF80000000 write-back
[    0.002044]   1 disabled
[    0.002044]   2 disabled
[    0.002045]   3 disabled
[    0.002045]   4 disabled
[    0.002045]   5 disabled
[    0.002046]   6 disabled
[    0.002046]   7 disabled
[    0.002047]   8 disabled
[    0.002047]   9 disabled
[    0.002048]   10 disabled
[    0.002048]   11 disabled
[    0.002049]   12 disabled
[    0.002049]   13 disabled
[    0.002049]   14 disabled
[    0.002050]   15 disabled
[    0.002066] x86/PAT: Configuration [0-7]: WB  WC  UC- UC  WB  WP  UC- WT  
[    0.002199] found SMP MP-table at [mem 0x0009fff0-0x0009ffff]
[    0.091641] check: Scanning 1 areas for low memory corruption
[    0.091793] RAMDISK: [mem 0x32271000-0x3512ffff]
[    0.091801] ACPI: Early table checksum verification disabled
[    0.091806] ACPI: RSDP 0x00000000000E0000 000024 (v02 VBOX  )
[    0.091811] ACPI: XSDT 0x000000007FFF0030 00003C (v01 VBOX   VBOXXSDT 00000001 ASL  00000061)
[    0.091817] ACPI: FACP 0x000000007FFF00F0 0000F4 (v04 VBOX   VBOXFACP 00000001 ASL  00000061)
[    0.091823] ACPI: DSDT 0x000000007FFF02E0 002353 (v02 VBOX   VBOXBIOS 00000002 VBOX 00029BF3)
[    0.091828] ACPI: FACS 0x000000007FFF0200 000040
[    0.091831] ACPI: FACS 0x000000007FFF0200 000040
[    0.091834] ACPI: APIC 0x000000007FFF0240 000054 (v02 VBOX   VBOXAPIC 00000001 ASL  00000061)
[    0.091838] ACPI: SSDT 0x000000007FFF02A0 000038 (v01 VBOX   VBOXCPUT 00000002 VBOX 00029BF3)
[    0.091841] ACPI: Reserving FACP table memory at [mem 0x7fff00f0-0x7fff01e3]
[    0.091842] ACPI: Reserving DSDT table memory at [mem 0x7fff02e0-0x7fff2632]
[    0.091843] ACPI: Reserving FACS table memory at [mem 0x7fff0200-0x7fff023f]
[    0.091844] ACPI: Reserving FACS table memory at [mem 0x7fff0200-0x7fff023f]
[    0.091844] ACPI: Reserving APIC table memory at [mem 0x7fff0240-0x7fff0293]
[    0.091845] ACPI: Reserving SSDT table memory at [mem 0x7fff02a0-0x7fff02d7]
[    0.091860] ACPI: Local APIC address 0xfee00000
[    0.092044] No NUMA configuration found
[    0.092045] Faking a node at [mem 0x0000000000000000-0x000000007ffeffff]
[    0.092055] NODE_DATA(0) allocated [mem 0x7ffc5000-0x7ffeffff]
[    0.092316] Zone ranges:
[    0.092317]   DMA      [mem 0x0000000000001000-0x0000000000ffffff]
[    0.092318]   DMA32    [mem 0x0000000001000000-0x000000007ffeffff]
[    0.092319]   Normal   empty
[    0.092320]   Device   empty
[    0.092320] Movable zone start for each node
[    0.092322] Early memory node ranges
[    0.092323]   node   0: [mem 0x0000000000001000-0x000000000009efff]
[    0.092324]   node   0: [mem 0x0000000000100000-0x000000007ffeffff]
[    0.092327] Zeroed struct page in unavailable ranges: 114 pages
[    0.092328] Initmem setup node 0 [mem 0x0000000000001000-0x000000007ffeffff]
[    0.092329] On node 0 totalpages: 524174
[    0.092330]   DMA zone: 64 pages used for memmap
[    0.092330]   DMA zone: 21 pages reserved
[    0.092331]   DMA zone: 3998 pages, LIFO batch:0
[    0.092402]   DMA32 zone: 8128 pages used for memmap
[    0.092403]   DMA32 zone: 520176 pages, LIFO batch:63
[    0.101289] ACPI: PM-Timer IO Port: 0x4008
[    0.101293] ACPI: Local APIC address 0xfee00000
[    0.101360] IOAPIC[0]: apic_id 1, version 32, address 0xfec00000, GSI 0-23
[    0.101364] ACPI: INT_SRC_OVR (bus 0 bus_irq 0 global_irq 2 dfl dfl)
[    0.101365] ACPI: INT_SRC_OVR (bus 0 bus_irq 9 global_irq 9 low level)
[    0.101367] ACPI: IRQ0 used by override.
[    0.101368] ACPI: IRQ9 used by override.
[    0.101371] Using ACPI (MADT) for SMP configuration information
[    0.101379] smpboot: Allowing 1 CPUs, 0 hotplug CPUs
[    0.101408] PM: Registered nosave memory: [mem 0x00000000-0x00000fff]
[    0.101410] PM: Registered nosave memory: [mem 0x0009f000-0x0009ffff]
[    0.101410] PM: Registered nosave memory: [mem 0x000a0000-0x000effff]
[    0.101411] PM: Registered nosave memory: [mem 0x000f0000-0x000fffff]
[    0.101413] [mem 0x80000000-0xfebfffff] available for PCI devices
[    0.101414] Booting paravirtualized kernel on KVM
[    0.101418] clocksource: refined-jiffies: mask: 0xffffffff max_cycles: 0xffffffff, max_idle_ns: 7645519600211568 ns
[    0.101424] setup_percpu: NR_CPUS:8192 nr_cpumask_bits:1 nr_cpu_ids:1 nr_node_ids:1
[    0.102440] percpu: Embedded 60 pages/cpu s208896 r8192 d28672 u2097152
[    0.102445] pcpu-alloc: s208896 r8192 d28672 u2097152 alloc=1*2097152
[    0.102445] pcpu-alloc: [0] 0 
[    0.102471] Built 1 zonelists, mobility grouping on.  Total pages: 515961
[    0.102472] Policy zone: DMA32
[    0.102473] Kernel command line: BOOT_IMAGE=/boot/vmlinuz-5.4.243-mptcp root=UUID=98415a12-53b7-4144-8265-0f7ece09e445 ro quiet splash
[    0.103312] Dentry cache hash table entries: 262144 (order: 9, 2097152 bytes, linear)
[    0.103469] Inode-cache hash table entries: 131072 (order: 8, 1048576 bytes, linear)
[    0.103521] mem auto-init: stack:off, heap alloc:on, heap free:off
[    0.103525] Calgary: detecting Calgary via BIOS EBDA area
[    0.103526] Calgary: Unable to locate Rio Grande table in EBDA - bailing!
[    0.107666] Memory: 1967332K/2096696K available (14339K kernel code, 2398K rwdata, 4712K rodata, 2728K init, 17260K bss, 129364K reserved, 0K cma-reserved)
[    0.108582] SLUB: HWalign=64, Order=0-3, MinObjects=0, CPUs=1, Nodes=1
[    0.108599] ftrace: allocating 43186 entries in 169 pages
[    0.126628] rcu: Hierarchical RCU implementation.
[    0.126630] rcu: 	RCU restricting CPUs from NR_CPUS=8192 to nr_cpu_ids=1.
[    0.126631] 	Tasks RCU enabled.
[    0.126632] rcu: RCU calculated value of scheduler-enlistment delay is 25 jiffies.
[    0.126633] rcu: Adjusting geometry for rcu_fanout_leaf=16, nr_cpu_ids=1
[    0.129628] NR_IRQS: 524544, nr_irqs: 256, preallocated irqs: 16
[    0.129838] random: crng init done
[    0.139278] Console: colour VGA+ 80x25
[    0.139283] printk: console [tty0] enabled
[    0.139307] ACPI: Core revision 20190816
[    0.139430] APIC: Switch to symmetric I/O mode setup
[    0.139679] x2apic enabled
[    0.139919] Switched APIC routing to physical x2apic.
[    0.141054] ..TIMER: vector=0x30 apic1=0 pin1=2 apic2=-1 pin2=-1
[    0.141080] clocksource: tsc-early: mask: 0xffffffffffffffff max_cycles: 0x1e4530a99b6, max_idle_ns: 440795257976 ns
[    0.141085] Calibrating delay loop (skipped) preset value.. 4200.00 BogoMIPS (lpj=8400000)
[    0.141087] pid_max: default: 32768 minimum: 301
[    0.141115] LSM: Security Framework initializing
[    0.141125] Yama: becoming mindful.
[    0.141152] AppArmor: AppArmor initialized
[    0.141184] Mount-cache hash table entries: 4096 (order: 3, 32768 bytes, linear)
[    0.141188] Mountpoint-cache hash table entries: 4096 (order: 3, 32768 bytes, linear)
[    0.141198] *** VALIDATE tmpfs ***
[    0.141328] *** VALIDATE proc ***
[    0.141368] *** VALIDATE cgroup1 ***
[    0.141369] *** VALIDATE cgroup2 ***
[    0.141508] process: using mwait in idle threads
[    0.141512] Last level iTLB entries: 4KB 64, 2MB 8, 4MB 8
[    0.141513] Last level dTLB entries: 4KB 64, 2MB 0, 4MB 0, 1GB 4
[    0.141533] Spectre V1 : Mitigation: usercopy/swapgs barriers and __user pointer sanitization
[    0.141539] Spectre V2 : Mitigation: Retpolines
[    0.141539] Spectre V2 : Spectre v2 / SpectreRSB mitigation: Filling RSB on context switch
[    0.141540] Spectre V2 : Spectre v2 / SpectreRSB : Filling RSB on VMEXIT
[    0.141540] RETBleed: WARNING: Spectre v2 mitigation leaves CPU vulnerable to RETBleed attacks, data leaks possible!
[    0.141902] RETBleed: Vulnerable
[    0.141902] Speculative Store Bypass: Vulnerable
[    0.141907] TAA: Mitigation: TSX disabled
[    0.141907] MMIO Stale Data: Mitigation: Clear CPU buffers
[    0.146092] Freeing SMP alternatives memory: 40K
[    0.258263] smpboot: CPU0: Intel(R) Xeon(R) Silver 4216 CPU @ 2.10GHz (family: 0x6, model: 0x55, stepping: 0x7)
[    0.258402] Performance Events: unsupported p6 CPU model 85 no PMU driver, software events only.
[    0.258440] rcu: Hierarchical SRCU implementation.
[    0.258917] NMI watchdog: Perf NMI watchdog permanently disabled
[    0.258956] smp: Bringing up secondary CPUs ...
[    0.258957] smp: Brought up 1 node, 1 CPU
[    0.258958] smpboot: Max logical packages: 1
[    0.258959] smpboot: Total of 1 processors activated (4200.00 BogoMIPS)
[    0.259937] devtmpfs: initialized
[    0.259984] x86/mm: Memory block size: 128MB
[    0.260337] clocksource: jiffies: mask: 0xffffffff max_cycles: 0xffffffff, max_idle_ns: 7645041785100000 ns
[    0.260343] futex hash table entries: 256 (order: 2, 16384 bytes, linear)
[    0.260386] pinctrl core: initialized pinctrl subsystem
[    0.260485] PM: RTC time: 08:22:11, date: 2026-01-13
[    0.260594] NET: Registered protocol family 16
[    0.260668] audit: initializing netlink subsys (disabled)
[    0.260795] EISA bus registered
[    0.260797] cpuidle: using governor ladder
[    0.260797] cpuidle: using governor menu
[    0.260833] ACPI: bus type PCI registered
[    0.260835] acpiphp: ACPI Hot Plug PCI Controller Driver version: 0.5
[    0.260938] PCI: Using configuration type 1 for base access
[    0.261492] audit: type=2000 audit(1768263737.875:1): state=initialized audit_enabled=0 res=1
[    0.261581] HugeTLB registered 2.00 MiB page size, pre-allocated 0 pages
[    0.262502] ACPI: Added _OSI(Module Device)
[    0.262502] ACPI: Added _OSI(Processor Device)
[    0.262503] ACPI: Added _OSI(3.0 _SCP Extensions)
[    0.262504] ACPI: Added _OSI(Processor Aggregator Device)
[    0.262505] ACPI: Added _OSI(Linux-Dell-Video)
[    0.262506] ACPI: Added _OSI(Linux-Lenovo-NV-HDMI-Audio)
[    0.262506] ACPI: Added _OSI(Linux-HPI-Hybrid-Graphics)
[    0.264646] ACPI: 2 ACPI AML tables successfully acquired and loaded
[    0.266240] ACPI: Interpreter enabled
[    0.266250] ACPI: (supports S0 S5)
[    0.266251] ACPI: Using IOAPIC for interrupt routing
[    0.266456] PCI: Using host bridge windows from ACPI; if necessary, use "pci=nocrs" and report a bug
[    0.266562] ACPI: Enabled 2 GPEs in block 00 to 07
[    0.271839] ACPI: PCI Root Bridge [PCI0] (domain 0000 [bus 00-ff])
[    0.271844] acpi PNP0A03:00: _OSC: OS supports [ASPM ClockPM Segments MSI HPX-Type3]
[    0.272296] acpi PNP0A03:00: _OSC: not requesting OS control; OS requires [ExtendedConfig ASPM ClockPM MSI]
[    0.272304] acpi PNP0A03:00: fail to add MMCONFIG information, can't access extended PCI configuration space under this bridge.
[    0.272666] PCI host bridge to bus 0000:00
[    0.272668] pci_bus 0000:00: root bus resource [io  0x0000-0x0cf7 window]
[    0.272669] pci_bus 0000:00: root bus resource [io  0x0d00-0xffff window]
[    0.272670] pci_bus 0000:00: root bus resource [mem 0x000a0000-0x000bffff window]
[    0.272672] pci_bus 0000:00: root bus resource [mem 0x80000000-0xfdffffff window]
[    0.272673] pci_bus 0000:00: root bus resource [bus 00-ff]
[    0.272717] pci 0000:00:00.0: [8086:1237] type 00 class 0x060000
[    0.273718] pci 0000:00:01.0: [8086:7000] type 00 class 0x060100
[    0.274512] pci 0000:00:01.1: [8086:7111] type 00 class 0x01018a
[    0.274889] pci 0000:00:01.1: reg 0x20: [io  0xd000-0xd00f]
[    0.275038] pci 0000:00:01.1: legacy IDE quirk: reg 0x10: [io  0x01f0-0x01f7]
[    0.275039] pci 0000:00:01.1: legacy IDE quirk: reg 0x14: [io  0x03f6]
[    0.275040] pci 0000:00:01.1: legacy IDE quirk: reg 0x18: [io  0x0170-0x0177]
[    0.275041] pci 0000:00:01.1: legacy IDE quirk: reg 0x1c: [io  0x0376]
[    0.275574] pci 0000:00:02.0: [15ad:0405] type 00 class 0x030000
[    0.277159] pci 0000:00:02.0: reg 0x10: [io  0xd010-0xd01f]
[    0.281131] pci 0000:00:02.0: reg 0x14: [mem 0xe0000000-0xe7ffffff pref]
[    0.283894] pci 0000:00:02.0: reg 0x18: [mem 0xf0000000-0xf01fffff]
[    0.293871] pci 0000:00:03.0: [1022:2000] type 00 class 0x020000
[    0.294542] pci 0000:00:03.0: reg 0x10: [io  0xd020-0xd03f]
[    0.297223] pci 0000:00:03.0: reg 0x14: [mem 0xf0200000-0xf0200fff]
[    0.300845] pci 0000:00:04.0: [80ee:cafe] type 00 class 0x088000
[    0.301195] pci 0000:00:04.0: reg 0x10: [io  0xd040-0xd05f]
[    0.301795] pci 0000:00:04.0: reg 0x14: [mem 0xf0400000-0xf07fffff]
[    0.302404] pci 0000:00:04.0: reg 0x18: [mem 0xf0800000-0xf0803fff pref]
[    0.305550] pci 0000:00:07.0: [8086:7113] type 00 class 0x068000
[    0.306084] pci 0000:00:07.0: quirk: [io  0x4000-0x403f] claimed by PIIX4 ACPI
[    0.306093] pci 0000:00:07.0: quirk: [io  0x4100-0x410f] claimed by PIIX4 SMB
[    0.306708] pci 0000:00:08.0: [8086:100e] type 00 class 0x020000
[    0.307407] pci 0000:00:08.0: reg 0x10: [mem 0xf0820000-0xf083ffff]
[    0.309198] pci 0000:00:08.0: reg 0x18: [io  0xd060-0xd067]
[    0.313082] pci 0000:00:09.0: [8086:100e] type 00 class 0x020000
[    0.313166] pci 0000:00:09.0: reg 0x10: [mem 0xf0840000-0xf085ffff]
[    0.314312] pci 0000:00:09.0: reg 0x18: [io  0xd068-0xd06f]
[    0.326061] ACPI: PCI Interrupt Link [LNKA] (IRQs 5 9 10 *11)
[    0.326345] ACPI: PCI Interrupt Link [LNKB] (IRQs 5 9 *10 11)
[    0.326449] ACPI: PCI Interrupt Link [LNKC] (IRQs 5 *9 10 11)
[    0.326550] ACPI: PCI Interrupt Link [LNKD] (IRQs 5 9 10 *11)
[    0.326803] iommu: Default domain type: Translated 
[    0.326864] pci 0000:00:02.0: vgaarb: setting as boot VGA device
[    0.326866] pci 0000:00:02.0: vgaarb: VGA device added: decodes=io+mem,owns=io+mem,locks=none
[    0.326868] pci 0000:00:02.0: vgaarb: bridge control possible
[    0.326869] vgaarb: loaded
[    0.327077] SCSI subsystem initialized
[    0.327110] libata version 3.00 loaded.
[    0.327132] ACPI: bus type USB registered
[    0.327148] usbcore: registered new interface driver usbfs
[    0.327154] usbcore: registered new interface driver hub
[    0.327159] usbcore: registered new device driver usb
[    0.327186] pps_core: LinuxPPS API ver. 1 registered
[    0.327186] pps_core: Software ver. 5.3.6 - Copyright 2005-2007 Rodolfo Giometti <giometti@linux.it>
[    0.327188] PTP clock support registered
[    0.327223] EDAC MC: Ver: 3.0.0
[    0.327504] PCI: Using ACPI for IRQ routing
[    0.327505] PCI: pci_cache_line_size set to 64 bytes
[    0.327668] e820: reserve RAM buffer [mem 0x0009fc00-0x0009ffff]
[    0.327672] e820: reserve RAM buffer [mem 0x7fff0000-0x7fffffff]
[    0.329098] NetLabel: Initializing
[    0.329099] NetLabel:  domain hash size = 128
[    0.329099] NetLabel:  protocols = UNLABELED CIPSOv4 CALIPSO
[    0.329119] NetLabel:  unlabeled traffic allowed by default
[    0.330019] clocksource: Switched to clocksource kvm-clock
[    0.343274] *** VALIDATE bpf ***
[    0.343331] VFS: Disk quotas dquot_6.6.0
[    0.343343] VFS: Dquot-cache hash table entries: 512 (order 0, 4096 bytes)
[    0.343366] *** VALIDATE ramfs ***
[    0.343369] *** VALIDATE hugetlbfs ***
[    0.343447] AppArmor: AppArmor Filesystem Enabled
[    0.343472] pnp: PnP ACPI init
[    0.343531] pnp 00:00: Plug and Play ACPI device, IDs PNP0303 (active)
[    0.343614] pnp 00:01: Plug and Play ACPI device, IDs PNP0f03 (active)
[    0.344350] pnp: PnP ACPI: found 2 devices
[    0.345300] thermal_sys: Registered thermal governor 'fair_share'
[    0.345301] thermal_sys: Registered thermal governor 'bang_bang'
[    0.345302] thermal_sys: Registered thermal governor 'step_wise'
[    0.345302] thermal_sys: Registered thermal governor 'user_space'
[    0.345303] thermal_sys: Registered thermal governor 'power_allocator'
[    0.349828] clocksource: acpi_pm: mask: 0xffffff max_cycles: 0xffffff, max_idle_ns: 2085701024 ns
[    0.349867] pci_bus 0000:00: resource 4 [io  0x0000-0x0cf7 window]
[    0.349869] pci_bus 0000:00: resource 5 [io  0x0d00-0xffff window]
[    0.349870] pci_bus 0000:00: resource 6 [mem 0x000a0000-0x000bffff window]
[    0.349871] pci_bus 0000:00: resource 7 [mem 0x80000000-0xfdffffff window]
[    0.349928] NET: Registered protocol family 2
[    0.350000] IP idents hash table entries: 32768 (order: 6, 262144 bytes, linear)
[    0.350404] MPTCP tokens hash table entries: 8192 (order: 4, 65536 bytes, linear)
[    0.350424] MPTCP request tokens hash table entries: 8192 (order: 4, 65536 bytes, linear)
[    0.350448] default registered
[    0.350449] default registered
[    0.350449] MPTCP: Stable release v0.96
[    0.350454] tcp_listen_portaddr_hash hash table entries: 1024 (order: 2, 16384 bytes, linear)
[    0.350533] TCP established hash table entries: 16384 (order: 5, 131072 bytes, linear)
[    0.350595] TCP bind hash table entries: 16384 (order: 6, 262144 bytes, linear)
[    0.350620] TCP: Hash tables configured (established 16384 bind 16384)
[    0.351309] UDP hash table entries: 1024 (order: 3, 32768 bytes, linear)
[    0.351350] UDP-Lite hash table entries: 1024 (order: 3, 32768 bytes, linear)
[    0.351383] NET: Registered protocol family 1
[    0.351392] NET: Registered protocol family 44
[    0.351411] pci 0000:00:00.0: Limiting direct PCI/PCI transfers
[    0.351423] pci 0000:00:01.0: Activating ISA DMA hang workarounds
[    0.351473] pci 0000:00:02.0: Video device with shadowed ROM at [mem 0x000c0000-0x000dffff]
[    0.351534] PCI: CLS 0 bytes, default 64
[    0.351580] Trying to unpack rootfs image as initramfs...
[    0.520425] Freeing initrd memory: 47868K
[    0.520425] clocksource: tsc: mask: 0xffffffffffffffff max_cycles: 0x1e4530a99b6, max_idle_ns: 440795257976 ns
[    0.520425] clocksource: Switched to clocksource tsc
[    0.520425] platform rtc_cmos: registered platform RTC device (no PNP device found)
[    0.520425] check: Scanning for low memory corruption every 60 seconds
[    0.520425] Initialise system trusted keyrings
[    0.520425] Key type blacklist registered
[    0.520425] workingset: timestamp_bits=36 max_order=19 bucket_order=0
[    0.520425] zbud: loaded
[    0.520425] squashfs: version 4.0 (2009/01/31) Phillip Lougher
[    0.520425] fuse: init (API version 7.31)
[    0.520425] *** VALIDATE fuse ***
[    0.520425] *** VALIDATE fuse ***
[    0.520425] Platform Keyring initialized
[    0.532656] Key type asymmetric registered
[    0.532657] Asymmetric key parser 'x509' registered
[    0.532667] Block layer SCSI generic (bsg) driver version 0.4 loaded (major 244)
[    0.532710] io scheduler mq-deadline registered
[    0.532836] shpchp: Standard Hot Plug PCI Controller Driver version: 0.4
[    0.533031] ACPI: AC Adapter [AC] (on-line)
[    0.533074] input: Power Button as /devices/LNXSYSTM:00/LNXPWRBN:00/input/input0
[    0.533102] ACPI: Power Button [PWRF]
[    0.533176] input: Sleep Button as /devices/LNXSYSTM:00/LNXSLPBN:00/input/input1
[    0.533191] ACPI: Sleep Button [SLPF]
[    0.533415] Serial: 8250/16550 driver, 32 ports, IRQ sharing enabled
[    0.534623] Linux agpgart interface v0.103
[    0.623288] loop: module loaded
[    0.623440] ata_piix 0000:00:01.1: version 2.13
[    0.623855] scsi host0: ata_piix
[    0.623946] scsi host1: ata_piix
[    0.623972] ata1: PATA max UDMA/33 cmd 0x1f0 ctl 0x3f6 bmdma 0xd000 irq 14
[    0.623973] ata2: PATA max UDMA/33 cmd 0x170 ctl 0x376 bmdma 0xd008 irq 15
[    0.624052] tun: Universal TUN/TAP device driver, 1.6
[    0.624353] PPP generic driver version 2.4.2
[    0.624395] VFIO - User Level meta-driver version: 0.3
[    0.624630] ehci_hcd: USB 2.0 'Enhanced' Host Controller (EHCI) Driver
[    0.624634] ehci-pci: EHCI PCI platform driver
[    0.624649] ehci-platform: EHCI generic platform driver
[    0.624655] ohci_hcd: USB 1.1 'Open' Host Controller (OHCI) Driver
[    0.624656] ohci-pci: OHCI PCI platform driver
[    0.624664] ohci-platform: OHCI generic platform driver
[    0.624668] uhci_hcd: USB Universal Host Controller Interface driver
[    0.624733] i8042: PNP: PS/2 Controller [PNP0303:PS2K,PNP0f03:PS2M] at 0x60,0x64 irq 1,12
[    0.625169] serio: i8042 KBD port at 0x60,0x64 irq 1
[    0.625173] serio: i8042 AUX port at 0x60,0x64 irq 12
[    0.625259] mousedev: PS/2 mouse device common for all mice
[    0.625510] input: AT Translated Set 2 keyboard as /devices/platform/i8042/serio0/input/input2
[    0.625925] rtc_cmos rtc_cmos: registered as rtc0
[    0.625939] rtc_cmos rtc_cmos: alarms up to one day, 114 bytes nvram
[    0.625944] i2c /dev entries driver
[    0.625989] device-mapper: uevent: version 1.0.3
[    0.626031] device-mapper: ioctl: 4.41.0-ioctl (2019-09-16) initialised: dm-devel@redhat.com
[    0.626047] platform eisa.0: Probing EISA bus 0
[    0.626048] platform eisa.0: EISA: Cannot allocate resource for mainboard
[    0.626050] platform eisa.0: Cannot allocate resource for EISA slot 1
[    0.626051] platform eisa.0: Cannot allocate resource for EISA slot 2
[    0.626052] platform eisa.0: Cannot allocate resource for EISA slot 3
[    0.626053] platform eisa.0: Cannot allocate resource for EISA slot 4
[    0.626054] platform eisa.0: Cannot allocate resource for EISA slot 5
[    0.626055] platform eisa.0: Cannot allocate resource for EISA slot 6
[    0.626055] platform eisa.0: Cannot allocate resource for EISA slot 7
[    0.626056] platform eisa.0: Cannot allocate resource for EISA slot 8
[    0.626057] platform eisa.0: EISA: Detected 0 cards
[    0.626061] intel_pstate: CPU model not supported
[    0.626070] ledtrig-cpu: registered to indicate activity on CPUs
[    0.626125] drop_monitor: Initializing network drop monitor service
[    0.626285] NET: Registered protocol family 10
[    0.631407] Segment Routing with IPv6
[    0.631427] fullmesh registered
[    0.631427] ndiffports registered
[    0.631427] binder registered
[    0.631427] roundrobin registered
[    0.631427] redundant registered
[    0.631427] blest registered
[    0.631427] ecf registered
[    0.631427] NET: Registered protocol family 17
[    0.631427] Key type dns_resolver registered
[    0.631427] RAS: Correctable Errors collector initialized.
[    0.631427] IPI shorthand broadcast: enabled
[    0.631427] sched_clock: Marking stable (616173479, 11253984)->(628016169, -588706)
[    0.631647] registered taskstats version 1
[    0.631655] Loading compiled-in X.509 certificates
[    0.632242] Loaded X.509 cert 'Build time autogenerated kernel key: 6909f3744cebb3d0de528d5887b96a727de79b1e'
[    0.632259] zswap: loaded using pool lzo/zbud
[    0.632311] Key type ._fscrypt registered
[    0.632312] Key type .fscrypt registered
[    0.636745] Key type big_key registered
[    0.638953] Key type encrypted registered
[    0.638956] AppArmor: AppArmor sha1 policy hashing enabled
[    0.638963] ima: No TPM chip found, activating TPM-bypass!
[    0.638967] ima: Allocated hash algorithm: sha1
[    0.638973] ima: No architecture policies found
[    0.638982] evm: Initialising EVM extended attributes:
[    0.638982] evm: security.selinux
[    0.638983] evm: security.SMACK64
[    0.638983] evm: security.SMACK64EXEC
[    0.638984] evm: security.SMACK64TRANSMUTE
[    0.638984] evm: security.SMACK64MMAP
[    0.638984] evm: security.apparmor
[    0.638985] evm: security.ima
[    0.638985] evm: security.capability
[    0.638986] evm: HMAC attrs: 0x1
[    0.639279] PM:   Magic number: 10:614:371
[    0.639393] rtc_cmos rtc_cmos: setting system clock to 2026-01-13T08:22:12 UTC (1768292532)
[    0.795207] ata1.00: ATA-6: VBOX HARDDISK, 1.0, max UDMA/133
[    0.795210] ata1.00: 209715200 sectors, multi 128: LBA 
[    0.795706] scsi 0:0:0:0: Direct-Access     ATA      VBOX HARDDISK    1.0  PQ: 0 ANSI: 5
[    0.795932] sd 0:0:0:0: [sda] 209715200 512-byte logical blocks: (107 GB/100 GiB)
[    0.795941] sd 0:0:0:0: [sda] Write Protect is off
[    0.795943] sd 0:0:0:0: [sda] Mode Sense: 00 3a 00 00
[    0.795958] sd 0:0:0:0: [sda] Write cache: enabled, read cache: enabled, doesn't support DPO or FUA
[    0.796205] sd 0:0:0:0: Attached scsi generic sg0 type 0
[    0.797353]  sda: sda1 sda2
[    0.807423] sd 0:0:0:0: [sda] Attached SCSI disk
[    0.809877] Freeing unused decrypted memory: 2040K
[    0.810660] Freeing unused kernel image memory: 2728K
[    0.810662] Write protecting the kernel read-only data: 22528k
[    0.811456] Freeing unused kernel image memory: 2036K
[    0.811895] Freeing unused kernel image memory: 1432K
[    0.830697] x86/mm: Checked W+X mappings: passed, no W+X pages found.
[    0.830702] Run /init as init process
[    0.928737] ACPI: Video Device [GFX0] (multi-head: yes  rom: no  post: no)
[    0.928810] input: Video Bus as /devices/LNXSYSTM:00/LNXSYBUS:00/PNP0A03:00/LNXVIDEO:00/input/input4
[    0.939825] pcnet32: pcnet32.c:v1.35 21.Apr.2008 tsbogend@alpha.franken.de
[    0.943102] piix4_smbus 0000:00:07.0: SMBus Host Controller at 0x4100, revision 0
[    0.944507] pcnet32: PCnet/FAST III 79C973 at 0xd020, 08:00:27:3e:62:65 assigned IRQ 19
[    0.944551] pcnet32: Found PHY 0022:561b at address 0
[    0.944846] pcnet32: eth0: registered as PCnet/FAST III 79C973
[    0.947173] e1000: Intel(R) PRO/1000 Network Driver - version 7.3.21-k8-NAPI
[    0.947174] e1000: Copyright (c) 1999-2006 Intel Corporation.
[    0.958673] pcnet32: 1 cards_found
[    1.017278] pcnet32 0000:00:03.0 enp0s3: renamed from eth0
[    1.161322] input: ImExPS/2 Generic Explorer Mouse as /devices/platform/i8042/serio1/input/input5
[    1.355527] e1000 0000:00:08.0 eth0: (PCI:33MHz:32-bit) 08:00:27:b7:81:db
[    1.355531] e1000 0000:00:08.0 eth0: Intel(R) PRO/1000 Network Connection
[    1.727778] e1000 0000:00:09.0 eth1: (PCI:33MHz:32-bit) 08:00:27:2d:fb:1b
[    1.727781] e1000 0000:00:09.0 eth1: Intel(R) PRO/1000 Network Connection
[    1.728910] e1000 0000:00:09.0 enp0s9: renamed from eth1
[    1.730689] e1000 0000:00:08.0 enp0s8: renamed from eth0
[    1.887898] EXT4-fs (sda2): mounted filesystem with ordered data mode. Opts: (null)
[    1.979411] systemd[1]: Inserted module 'autofs4'
[    1.990597] systemd[1]: systemd 245.4-4ubuntu3 running in system mode. (+PAM +AUDIT +SELINUX +IMA +APPARMOR +SMACK +SYSVINIT +UTMP +LIBCRYPTSETUP +GCRYPT +GNUTLS +ACL +XZ +LZ4 +SECCOMP +BLKID +ELFUTILS +KMOD +IDN2 -IDN +PCRE2 default-hierarchy=hybrid)
[    1.990628] systemd[1]: Detected virtualization oracle.
[    1.990631] systemd[1]: Detected architecture x86-64.
[    1.991944] systemd[1]: Set hostname to <ztg>.
[    2.118450] systemd[1]: /lib/systemd/system/dbus.socket:5: ListenStream= references a path below legacy directory /var/run/, updating /var/run/dbus/system_bus_socket â†’ /run/dbus/system_bus_socket; please update the unit file accordingly.
[    2.172340] systemd[1]: Created slice system-modprobe.slice.
[    2.172522] systemd[1]: Created slice User and Session Slice.
[    2.172564] systemd[1]: Started Forward Password Requests to Wall Directory Watch.
[    2.172722] systemd[1]: Set up automount Arbitrary Executable File Formats File System Automount Point.
[    2.172754] systemd[1]: Reached target User and Group Name Lookups.
[    2.172762] systemd[1]: Reached target Remote File Systems.
[    2.172770] systemd[1]: Reached target Slices.
[    2.173325] systemd[1]: Listening on Syslog Socket.
[    2.173405] systemd[1]: Listening on fsck to fsckd communication Socket.
[    2.173441] systemd[1]: Listening on initctl Compatibility Named Pipe.
[    2.173575] systemd[1]: Listening on Journal Audit Socket.
[    2.173628] systemd[1]: Listening on Journal Socket (/dev/log).
[    2.173694] systemd[1]: Listening on Journal Socket.
[    2.173756] systemd[1]: Listening on udev Control Socket.
[    2.173795] systemd[1]: Listening on udev Kernel Socket.
[    2.174512] systemd[1]: Mounting Huge Pages File System...
[    2.175480] systemd[1]: Mounting POSIX Message Queue File System...
[    2.176357] systemd[1]: Mounting Kernel Debug File System...
[    2.177200] systemd[1]: Mounting Kernel Trace File System...
[    2.179137] systemd[1]: Starting Journal Service...
[    2.202041] systemd[1]: Starting Set the console keyboard layout...
[    2.209896] systemd[1]: Starting Create list of static device nodes for the current kernel...
[    2.211751] systemd[1]: Starting Load Kernel Module drm...
[    2.212761] systemd[1]: Condition check resulted in Set Up Additional Binary Formats being skipped.
[    2.212812] systemd[1]: Condition check resulted in File System Check on Root Device being skipped.
[    2.218351] systemd[1]: Starting Load Kernel Modules...
[    2.219075] systemd[1]: Starting Remount Root and Kernel File Systems...
[    2.233248] systemd[1]: Starting udev Coldplug all Devices...
[    2.265771] systemd[1]: Starting Uncomplicated firewall...
[    2.271813] systemd[1]: Mounted Huge Pages File System.
[    2.271899] systemd[1]: Mounted POSIX Message Queue File System.
[    2.271969] systemd[1]: Mounted Kernel Debug File System.
[    2.272036] systemd[1]: Mounted Kernel Trace File System.
[    2.290566] EXT4-fs (sda2): re-mounted. Opts: errors=remount-ro
[    2.291168] systemd[1]: Finished Create list of static device nodes for the current kernel.
[    2.299153] systemd[1]: Finished Remount Root and Kernel File Systems.
[    2.301222] systemd[1]: Finished Uncomplicated firewall.
[    2.317089] systemd[1]: Condition check resulted in Rebuild Hardware Database being skipped.
[    2.317132] systemd[1]: Condition check resulted in Platform Persistent Storage Archival being skipped.
[    2.317830] systemd[1]: Starting Load/Save Random Seed...
[    2.324266] systemd[1]: Starting Create System Users...
[    2.324632] systemd[1]: modprobe@drm.service: Succeeded.
[    2.331048] lp: driver loaded but no devices found
[    2.332771] systemd[1]: Finished Load Kernel Module drm.
[    2.334940] systemd[1]: Finished Load/Save Random Seed.
[    2.338265] ppdev: user-space parallel port driver
[    2.344710] systemd[1]: Finished Create System Users.
[    2.345407] systemd[1]: Starting Create Static Device Nodes in /dev...
[    2.396095] systemd[1]: Finished udev Coldplug all Devices.
[    2.401563] systemd[1]: Finished Create Static Device Nodes in /dev.
[    2.402309] systemd[1]: Starting udev Kernel Device Manager...
[    2.440264] [drm] DMA map mode: Caching DMA mappings.
[    2.440357] [drm] Capabilities:
[    2.440358] [drm]   Rect copy.
[    2.440358] [drm]   Cursor.
[    2.440358] [drm]   Cursor bypass.
[    2.440359] [drm]   Cursor bypass 2.
[    2.440359] [drm]   Alpha cursor.
[    2.440359] [drm]   Extended Fifo.
[    2.440360] [drm]   Pitchlock.
[    2.440360] [drm]   Irq mask.
[    2.440360] [drm]   GMR.
[    2.440361] [drm]   Traces.
[    2.440361] [drm]   GMR2.
[    2.440361] [drm]   Screen Object 2.
[    2.440362] [drm]   Command Buffers.
[    2.440362] [drm]   Command Buffers 2.
[    2.440362] [drm]   Guest Backed Resources.
[    2.440363] [drm] Max GMR ids is 8192
[    2.440364] [drm] Max number of GMR pages is 1048576
[    2.440364] [drm] Max dedicated hypervisor surface memory is 393216 kiB
[    2.440365] [drm] Maximum display memory size is 131072 kiB
[    2.440366] [drm] VRAM at 0xe0000000 size is 131072 kiB
[    2.440366] [drm] MMIO at 0xf0000000 size is 2048 kiB
[    2.441361] [TTM] Zone  kernel: Available graphics memory: 1011738 KiB
[    2.441361] [TTM] Initializing pool allocator
[    2.441364] [TTM] Initializing DMA pool allocator
[    2.441398] [drm] Supports vblank timestamp caching Rev 2 (21.10.2013).
[    2.441398] [drm] No driver support for vblank timestamp query.
[    2.441641] [drm] Screen Target Display device initialized
[    2.441813] [drm] width 720
[    2.441822] [drm] height 400
[    2.441826] [drm] bpp 32
[    2.442344] [drm] Fifo max 0x00200000 min 0x00001000 cap 0x00000355
[    2.443423] [drm] Using command buffers with DMA pool.
[    2.443427] [drm] DX: no.
[    2.443427] [drm] Atomic: yes.
[    2.443428] [drm] SM4_1: no.
[    2.443445] [drm:vmw_host_log [vmwgfx]] *ERROR* Failed to send host log message.
[    2.444656] [drm:vmw_host_log [vmwgfx]] *ERROR* Failed to send host log message.
[    2.456548] systemd[1]: Finished Set the console keyboard layout.
[    2.456645] systemd[1]: Reached target Local File Systems (Pre).
[    2.458689] systemd[1]: Mounting Mount unit for bare, revision 5...
[    2.460611] systemd[1]: Mounting Mount unit for core18, revision 1705...
[    2.463608] fbcon: svgadrmfb (fb0) is primary device
[    2.465710] Console: switching to colour frame buffer device 100x37
[    2.476067] systemd[1]: Mounting Mount unit for gnome-3-34-1804, revision 24...
[    2.479435] [drm] Initialized vmwgfx 2.15.0 20180704 for 0000:00:02.0 on minor 0
[    2.487668] systemd[1]: Mounting Mount unit for gtk-common-themes, revision 1506...
[    2.500508] systemd[1]: Mounting Mount unit for gtk-common-themes, revision 1535...
[    2.525554] systemd[1]: Mounting Mount unit for snap-store, revision 433...
[    2.535640] systemd[1]: Mounting Mount unit for snapd, revision 7264...
[    2.541613] systemd[1]: Finished Load Kernel Modules.
[    2.542406] systemd[1]: Mounting FUSE Control File System...
[    2.544295] systemd[1]: Mounting Kernel Configuration File System...
[    2.549065] systemd[1]: Starting Apply Kernel Variables...
[    2.568483] systemd[1]: Mounted Mount unit for core18, revision 1705.
[    2.568577] systemd[1]: Mounted FUSE Control File System.
[    2.568633] systemd[1]: Condition check resulted in VMware vmblock fuse mount being skipped.
[    2.572702] systemd[1]: Mounted Kernel Configuration File System.
[    2.582771] systemd[1]: Finished Apply Kernel Variables.
[    2.605477] systemd[1]: Mounted Mount unit for bare, revision 5.
[    2.605614] systemd[1]: Mounted Mount unit for gnome-3-34-1804, revision 24.
[    2.605695] systemd[1]: Mounted Mount unit for gtk-common-themes, revision 1506.
[    2.613373] systemd[1]: Mounted Mount unit for snapd, revision 7264.
[    2.621637] systemd[1]: Mounted Mount unit for gtk-common-themes, revision 1535.
[    2.621725] systemd[1]: Mounted Mount unit for snap-store, revision 433.
[    2.621778] systemd[1]: Reached target Local File Systems.
[    2.622640] systemd[1]: Starting Load AppArmor profiles...
[    2.623991] systemd[1]: Starting Set console font and keymap...
[    2.636581] systemd[1]: Starting Tell Plymouth To Write Out Runtime Data...
[    2.636607] systemd[1]: Condition check resulted in Store a System Token in an EFI Variable being skipped.
[    2.636631] systemd[1]: Condition check resulted in Commit a transient machine-id on disk being skipped.
[    2.636733] systemd[1]: Started udev Kernel Device Manager.
[    2.642948] systemd[1]: Starting Show Plymouth Boot Screen...
[    2.662064] systemd[1]: Finished Set console font and keymap.
[    2.665899] systemd[1]: plymouth-read-write.service: Succeeded.
[    2.666137] systemd[1]: Finished Tell Plymouth To Write Out Runtime Data.
[    2.666703] systemd[1]: Received SIGRTMIN+20 from PID 287 (plymouthd).
[    2.677944] systemd[1]: Started Show Plymouth Boot Screen.
[    2.678079] systemd[1]: Condition check resulted in Dispatch Password Requests to Console Directory Watch being skipped.
[    2.678160] systemd[1]: Started Forward Password Requests to Plymouth Directory Watch.
[    2.678190] systemd[1]: Reached target Local Encrypted Volumes.
[    2.693190] audit: type=1400 audit(1768292534.548:2): apparmor="STATUS" operation="profile_load" profile="unconfined" name="nvidia_modprobe" pid=293 comm="apparmor_parser"
[    2.693192] audit: type=1400 audit(1768292534.548:3): apparmor="STATUS" operation="profile_load" profile="unconfined" name="nvidia_modprobe//kmod" pid=293 comm="apparmor_parser"
[    2.699445] audit: type=1400 audit(1768292534.552:4): apparmor="STATUS" operation="profile_load" profile="unconfined" name="/usr/sbin/tcpdump" pid=298 comm="apparmor_parser"
[    2.739240] audit: type=1400 audit(1768292534.592:5): apparmor="STATUS" operation="profile_load" profile="unconfined" name="/usr/bin/evince" pid=300 comm="apparmor_parser"
[    2.739242] audit: type=1400 audit(1768292534.592:6): apparmor="STATUS" operation="profile_load" profile="unconfined" name="/usr/bin/evince//sanitized_helper" pid=300 comm="apparmor_parser"
[    2.739244] audit: type=1400 audit(1768292534.592:7): apparmor="STATUS" operation="profile_load" profile="unconfined" name="/usr/bin/evince-previewer" pid=300 comm="apparmor_parser"
[    2.739245] audit: type=1400 audit(1768292534.592:8): apparmor="STATUS" operation="profile_load" profile="unconfined" name="/usr/bin/evince-previewer//sanitized_helper" pid=300 comm="apparmor_parser"
[    2.739247] audit: type=1400 audit(1768292534.592:9): apparmor="STATUS" operation="profile_load" profile="unconfined" name="/usr/bin/evince-thumbnailer" pid=300 comm="apparmor_parser"
[    2.771937] audit: type=1400 audit(1768292534.628:10): apparmor="STATUS" operation="profile_load" profile="unconfined" name="/usr/lib/cups/backend/cups-pdf" pid=304 comm="apparmor_parser"
[    2.838758] systemd[1]: Finished Load AppArmor profiles.
[    2.839698] systemd[1]: Starting Load AppArmor profiles managed internally by snapd...
[    2.905237] systemd[1]: Finished Load AppArmor profiles managed internally by snapd.
[    3.129341] systemd[1]: Started Journal Service.
[    3.136158] systemd-journald[229]: Received client request to flush runtime journal.
[    3.142065] systemd-journald[229]: File /var/log/journal/c455b248004a419c87ce85eea238d727/system.journal corrupted or uncleanly shut down, renaming and replacing.
[    4.472991] RAPL PMU: API unit is 2^-32 Joules, 0 fixed counters, 10737418240 ms ovfl timer
[    4.544684] cryptd: max_cpu_qlen set to 1000
[    4.601193] AVX2 version of gcm_enc/dec engaged.
[    4.601195] AES CTR mode by8 optimization enabled
[    5.470005] Adding 1998844k swap on /dev/sda1.  Priority:-2 extents:1 across:1998844k FS
[    6.331955] kauditd_printk_skb: 30 callbacks suppressed
[    6.331956] audit: type=1400 audit(1768292538.188:41): apparmor="DENIED" operation="capable" profile="/usr/sbin/cups-browsed" pid=499 comm="cups-browsed" capability=23  capname="sys_nice"
[    7.577662] pcnet32 0000:00:03.0 enp0s3: link up, 100Mbps, full-duplex
[    7.614848] e1000: enp0s8 NIC Link is Up 1000 Mbps Full Duplex, Flow Control: RX
[    7.615124] IPv6: ADDRCONF(NETDEV_CHANGE): enp0s8: link becomes ready
[    7.627184] e1000: enp0s9 NIC Link is Up 1000 Mbps Full Duplex, Flow Control: RX
[    7.627514] IPv6: ADDRCONF(NETDEV_CHANGE): enp0s9: link becomes ready
[    8.171427] device enp0s3 entered promiscuous mode
[    8.205153] audit: type=1400 audit(1768292540.056:42): apparmor="DENIED" operation="open" profile="/usr/sbin/tcpdump" name="/proc/sys/kernel/random/boot_id" pid=657 comm="tcpdump" requested_mask="r" denied_mask="r" fsuid=0 ouid=0
[    8.205402] audit: type=1400 audit(1768292540.056:43): apparmor="DENIED" operation="open" profile="/usr/sbin/tcpdump" name="/proc/sys/kernel/random/boot_id" pid=657 comm="tcpdump" requested_mask="r" denied_mask="r" fsuid=0 ouid=0
[    8.205459] audit: type=1400 audit(1768292540.056:44): apparmor="DENIED" operation="open" profile="/usr/sbin/tcpdump" name="/proc/sys/kernel/random/boot_id" pid=657 comm="tcpdump" requested_mask="r" denied_mask="r" fsuid=0 ouid=0
[    8.205515] audit: type=1400 audit(1768292540.056:45): apparmor="DENIED" operation="open" profile="/usr/sbin/tcpdump" name="/proc/sys/kernel/random/boot_id" pid=657 comm="tcpdump" requested_mask="r" denied_mask="r" fsuid=0 ouid=0
[    8.210495] audit: type=1400 audit(1768292540.064:46): apparmor="DENIED" operation="open" profile="/usr/sbin/tcpdump" name="/proc/sys/kernel/random/boot_id" pid=658 comm="tcpdump" requested_mask="r" denied_mask="r" fsuid=0 ouid=0
[    8.210686] audit: type=1400 audit(1768292540.064:47): apparmor="DENIED" operation="open" profile="/usr/sbin/tcpdump" name="/proc/sys/kernel/random/boot_id" pid=658 comm="tcpdump" requested_mask="r" denied_mask="r" fsuid=0 ouid=0
[    8.210726] audit: type=1400 audit(1768292540.064:48): apparmor="DENIED" operation="open" profile="/usr/sbin/tcpdump" name="/proc/sys/kernel/random/boot_id" pid=658 comm="tcpdump" requested_mask="r" denied_mask="r" fsuid=0 ouid=0
[    8.210810] audit: type=1400 audit(1768292540.064:49): apparmor="DENIED" operation="open" profile="/usr/sbin/tcpdump" name="/proc/sys/kernel/random/boot_id" pid=658 comm="tcpdump" requested_mask="r" denied_mask="r" fsuid=0 ouid=0
[   12.765698] rfkill: input handler disabled
[  215.510848] AAAAA-TCP_FORW: name:enp0s3: saddr:100932208: daddr:16783984
[  216.062955] AAAAA-TCP_FORW: name:enp0s3: saddr:100932208: daddr:16783984
[  216.107437] AAAAA-TCP_FORW: name:enp0s3: saddr:100932208: daddr:16783984
[  217.339218] AAAAA-TCP_FORW: name:enp0s3: saddr:100932208: daddr:16783984
[  217.512641] AAAAA-TCP_FORW: name:enp0s3: saddr:16783984: daddr:100932208
[  217.879663] AAAAA-TCP_FORW: name:enp0s3: saddr:16783984: daddr:100932208
[  217.970089] AAAAA-TCP_FORW: name:enp0s3: saddr:100932208: daddr:16783984
[  218.028815] AAAAA-TCP_FORW: name:enp0s3: saddr:100932208: daddr:16783984
[  218.278528] AAAAA-TCP_FORW: name:enp0s3: saddr:16783984: daddr:100932208
[  218.361101] AAAAA-TCP_FORW: name:enp0s3: saddr:100932208: daddr:16783984
[  218.424395] AAAAA-TCP_FORW: name:enp0s3: saddr:16783984: daddr:100932208
[  218.454646] AAAAA-TCP_FORW: name:enp0s3: saddr:16783984: daddr:100932208
[  218.487303] AAAAA-TCP_FORW: name:enp0s3: saddr:16783984: daddr:100932208
[  218.541821] AAAAA-TCP_FORW: name:enp0s3: saddr:100932208: daddr:16783984
[  218.638887] AAAAA-TCP_FORW: name:enp0s3: saddr:16783984: daddr:100932208
[  218.669254] AAAAA-TCP_FORW: name:enp0s3: saddr:16783984: daddr:100932208
[  218.680956] AAAAA-TCP_FORW: name:enp0s3: saddr:100932208: daddr:16783984
[  218.812409] AAAAA-TCP_FORW: name:enp0s3: saddr:100932208: daddr:16783984
[  218.851334] AAAAA-TCP_FORW: name:enp0s3: saddr:100932208: daddr:16783984
[  219.085429] AAAAA-TCP_FORW: name:enp0s3: saddr:16783984: daddr:100932208
[  219.266859] AAAAA-TCP_FORW: name:enp0s3: saddr:100932208: daddr:16783984
[  219.333978] AAAAA-TCP_FORW: name:enp0s3: saddr:100932208: daddr:16783984
[  219.660551] AAAAA-TCP_FORW: name:enp0s3: saddr:16783984: daddr:100932208
[  219.726961] AAAAA-TCP_FORW: name:enp0s3: saddr:16783984: daddr:100932208
[  219.750461] AAAAA-TCP_FORW: name:enp0s3: saddr:100932208: daddr:33561200
[  219.763669] AAAAA-TCP_FORW: name:enp0s3: saddr:16783984: daddr:100932208
[  219.865318] AAAAA-TCP_FORW: name:enp0s3: saddr:100932208: daddr:16783984
[  219.920436] AAAAA-TCP_FORW: name:enp0s3: saddr:33561200: daddr:100932208
[  220.016291] AAAAA-TCP_FORW: name:enp0s3: saddr:100932208: daddr:33561200
[  220.103376] AAAAA-TCP_FORW: name:enp0s3: saddr:16783984: daddr:100932208
[  220.111735] AAAAA-TCP_FORW: name:enp0s3: saddr:100932208: daddr:16783984
[  220.174637] AAAAA-TCP_FORW: name:enp0s3: saddr:100932208: daddr:16783984
[  220.206948] AAAAA-TCP_FORW: name:enp0s3: saddr:100932208: daddr:16783984
[  220.238302] AAAAA-TCP_FORW: name:enp0s3: saddr:100932208: daddr:16783984
[  220.256525] AAAAA-TCP_FORW: name:enp0s3: saddr:33561200: daddr:100932208
[  220.282257] AAAAA-TCP_FORW: name:enp0s3: saddr:100932208: daddr:16783984
[  220.369237] AAAAA-TCP_FORW: name:enp0s3: saddr:100932208: daddr:16783984
[  220.384078] AAAAA-TCP_FORW: name:enp0s3: saddr:100932208: daddr:16783984
[  220.422762] AAAAA-TCP_FORW: name:enp0s3: saddr:100932208: daddr:16783984
[  220.457007] AAAAA-TCP_FORW: name:enp0s3: saddr:100932208: daddr:16783984
[  220.502868] AAAAA-TCP_FORW: name:enp0s3: saddr:16783984: daddr:100932208
[  220.533003] AAAAA-TCP_FORW: name:enp0s3: saddr:100932208: daddr:16783984
[  220.550759] AAAAA-TCP_FORW: name:enp0s3: saddr:16783984: daddr:100932208
[  220.608546] AAAAA-TCP_FORW: name:enp0s3: saddr:100932208: daddr:16783984
[  220.637404] AAAAA-TCP_FORW: name:enp0s3: saddr:16783984: daddr:100932208
[  220.709752] AAAAA-TCP_FORW: name:enp0s3: saddr:100932208: daddr:33561200
[  220.760024] AAAAA-TCP_FORW: name:enp0s3: saddr:16783984: daddr:100932208
[  220.788951] AAAAA-TCP_FORW: name:enp0s3: saddr:100932208: daddr:33561200
[  220.852756] AAAAA-TCP_FORW: name:enp0s3: saddr:100932208: daddr:33561200
[  220.887687] AAAAA-TCP_FORW: name:enp0s3: saddr:100932208: daddr:33561200
[  220.995754] AAAAA-TCP_FORW: name:enp0s3: saddr:100932208: daddr:33561200
[  221.071359] AAAAA-TCP_FORW: name:enp0s3: saddr:100932208: daddr:33561200
[  221.115644] AAAAA-TCP_FORW: name:enp0s3: saddr:100932208: daddr:33561200
[  221.162187] AAAAA-TCP_FORW: name:enp0s3: saddr:100932208: daddr:33561200
[  221.273502] AAAAA-TCP_FORW: name:enp0s3: saddr:100932208: daddr:33561200
[  221.338850] AAAAA-TCP_FORW: name:enp0s3: saddr:16783984: daddr:100932208
[  221.345084] AAAAA-TCP_FORW: name:enp0s3: saddr:100932208: daddr:33561200
[  221.542216] AAAAA-TCP_FORW: name:enp0s3: saddr:100932208: daddr:16783984
[  221.627900] AAAAA-TCP_FORW: name:enp0s3: saddr:100932208: daddr:33561200
[  221.688510] AAAAA-TCP_FORW: name:enp0s3: saddr:100932208: daddr:16783984
[  221.714006] AAAAA-TCP_FORW: name:enp0s3: saddr:16783984: daddr:100932208
[  221.764098] AAAAA-TCP_FORW: name:enp0s3: saddr:100932208: daddr:16783984
[  221.776880] AAAAA-TCP_FORW: name:enp0s3: saddr:16783984: daddr:100932208
[  221.849138] AAAAA-TCP_FORW: name:enp0s3: saddr:100932208: daddr:16783984
[  221.855952] AAAAA-TCP_FORW: name:enp0s3: saddr:16783984: daddr:100932208
[  221.883193] AAAAA-TCP_FORW: name:enp0s3: saddr:100932208: daddr:16783984
[  221.959932] AAAAA-TCP_FORW: name:enp0s3: saddr:100932208: daddr:16783984
[  222.003769] AAAAA-TCP_FORW: name:enp0s3: saddr:100932208: daddr:16783984
[  222.029743] AAAAA-TCP_FORW: name:enp0s3: saddr:16783984: daddr:100932208
[  222.082069] AAAAA-TCP_FORW: name:enp0s3: saddr:16783984: daddr:100932208
[  222.093075] AAAAA-TCP_FORW: name:enp0s3: saddr:100932208: daddr:33561200
[  222.130207] AAAAA-TCP_FORW: name:enp0s3: saddr:100932208: daddr:16783984
[  222.184595] AAAAA-TCP_FORW: name:enp0s3: saddr:100932208: daddr:16783984
[  222.280027] AAAAA-TCP_FORW: name:enp0s3: saddr:33561200: daddr:100932208
[  222.310717] AAAAA-TCP_FORW: name:enp0s3: saddr:33561200: daddr:100932208
[  222.549705] AAAAA-TCP_FORW: name:enp0s3: saddr:33561200: daddr:100932208
[  222.579034] AAAAA-TCP_FORW: name:enp0s3: saddr:33561200: daddr:100932208
[  222.664659] AAAAA-TCP_FORW: name:enp0s3: saddr:100932208: daddr:16783984
[  222.710592] AAAAA-TCP_FORW: name:enp0s3: saddr:33561200: daddr:100932208
[  222.725023] AAAAA-TCP_FORW: name:enp0s3: saddr:100932208: daddr:16783984
[  222.901894] AAAAA-TCP_FORW: name:enp0s3: saddr:33561200: daddr:100932208
[  223.022197] AAAAA-TCP_FORW: name:enp0s3: saddr:100932208: daddr:16783984
[  223.076089] AAAAA-TCP_FORW: name:enp0s3: saddr:100932208: daddr:16783984
[  223.142664] AAAAA-TCP_FORW: name:enp0s3: saddr:100932208: daddr:16783984
[  223.193144] AAAAA-TCP_FORW: name:enp0s3: saddr:33561200: daddr:100932208
[  223.210538] AAAAA-TCP_FORW: name:enp0s3: saddr:100932208: daddr:16783984
[  223.253495] AAAAA-TCP_FORW: name:enp0s3: saddr:100932208: daddr:16783984
[  223.261216] AAAAA-TCP_FORW: name:enp0s3: saddr:33561200: daddr:100932208
[  223.288124] AAAAA-TCP_FORW: name:enp0s3: saddr:33561200: daddr:100932208
[  223.313036] AAAAA-TCP_FORW: name:enp0s3: saddr:100932208: daddr:16783984
[  223.554546] AAAAA-TCP_FORW: name:enp0s3: saddr:100932208: daddr:16783984
[  223.582784] AAAAA-TCP_FORW: name:enp0s3: saddr:33561200: daddr:100932208
[  223.596240] AAAAA-TCP_FORW: name:enp0s3: saddr:100932208: daddr:16783984
[  223.640882] AAAAA-TCP_FORW: name:enp0s3: saddr:100932208: daddr:33561200
[  223.674116] AAAAA-TCP_FORW: name:enp0s3: saddr:16783984: daddr:100932208
[  223.686317] AAAAA-TCP_FORW: name:enp0s3: saddr:100932208: daddr:16783984
[  223.729100] AAAAA-TCP_FORW: name:enp0s3: saddr:100932208: daddr:16783984
[  223.795373] AAAAA-TCP_FORW: name:enp0s3: saddr:33561200: daddr:100932208
[  224.013841] AAAAA-TCP_FORW: name:enp0s3: saddr:16783984: daddr:100932208
[  224.058827] AAAAA-TCP_FORW: name:enp0s3: saddr:100932208: daddr:33561200
[  224.083768] AAAAA-TCP_FORW: name:enp0s3: saddr:16783984: daddr:100932208
[  224.166646] AAAAA-TCP_FORW: name:enp0s3: saddr:100932208: daddr:33561200
[  224.185866] AAAAA-TCP_FORW: name:enp0s3: saddr:16783984: daddr:100932208
[  224.250867] AAAAA-TCP_FORW: name:enp0s3: saddr:100932208: daddr:33561200
[  224.323409] AAAAA-TCP_FORW: name:enp0s3: saddr:16783984: daddr:100932208
[  224.350506] AAAAA-TCP_FORW: name:enp0s3: saddr:100932208: daddr:33561200
[  224.383697] AAAAA-TCP_FORW: name:enp0s3: saddr:100932208: daddr:33561200
[  224.441240] AAAAA-TCP_FORW: name:enp0s3: saddr:100932208: daddr:33561200
[  224.460693] AAAAA-TCP_FORW: name:enp0s3: saddr:16783984: daddr:100932208
[  224.524572] AAAAA-TCP_FORW: name:enp0s3: saddr:100932208: daddr:33561200
[  224.568057] AAAAA-TCP_FORW: name:enp0s3: saddr:100932208: daddr:33561200
[  224.612524] AAAAA-TCP_FORW: name:enp0s3: saddr:16783984: daddr:100932208
[  224.625258] AAAAA-TCP_FORW: name:enp0s3: saddr:100932208: daddr:33561200
[  224.708286] AAAAA-TCP_FORW: name:enp0s3: saddr:100932208: daddr:33561200
[  224.747728] AAAAA-TCP_FORW: name:enp0s3: saddr:100932208: daddr:33561200
[  224.875597] AAAAA-TCP_FORW: name:enp0s3: saddr:33561200: daddr:100932208
[  224.972227] AAAAA-TCP_FORW: name:enp0s3: saddr:16783984: daddr:100932208
[  224.991716] AAAAA-TCP_FORW: name:enp0s3: saddr:100932208: daddr:33561200
[  225.036096] AAAAA-TCP_FORW: name:enp0s3: saddr:100932208: daddr:33561200
[  225.147525] AAAAA-TCP_FORW: name:enp0s3: saddr:16783984: daddr:100932208
[  225.198723] AAAAA-TCP_FORW: name:enp0s3: saddr:100932208: daddr:33561200
[  225.268098] AAAAA-TCP_FORW: name:enp0s3: saddr:100932208: daddr:33561200
[  225.287600] AAAAA-TCP_FORW: name:enp0s3: saddr:100932208: daddr:33561200
[  225.355225] AAAAA-TCP_FORW: name:enp0s3: saddr:100932208: daddr:33561200
[  225.393295] AAAAA-TCP_FORW: name:enp0s3: saddr:16783984: daddr:100932208
[  225.406977] AAAAA-TCP_FORW: name:enp0s3: saddr:100932208: daddr:33561200
[  225.440929] AAAAA-TCP_FORW: name:enp0s3: saddr:16783984: daddr:100932208
[  225.458544] AAAAA-TCP_FORW: name:enp0s3: saddr:100932208: daddr:33561200
[  225.556128] AAAAA-TCP_FORW: name:enp0s3: saddr:16783984: daddr:100932208
[  225.578434] AAAAA-TCP_FORW: name:enp0s3: saddr:16783984: daddr:100932208
[  225.623439] AAAAA-TCP_FORW: name:enp0s3: saddr:16783984: daddr:100932208
[  225.706913] AAAAA-TCP_FORW: name:enp0s3: saddr:100932208: daddr:33561200
[  225.736068] AAAAA-TCP_FORW: name:enp0s3: saddr:100932208: daddr:33561200
[  225.802803] AAAAA-TCP_FORW: name:enp0s3: saddr:16783984: daddr:100932208
[  225.861821] AAAAA-TCP_FORW: name:enp0s3: saddr:16783984: daddr:100932208
[  225.874371] AAAAA-TCP_FORW: name:enp0s3: saddr:100932208: daddr:16783984
[  225.949567] AAAAA-TCP_FORW: name:enp0s3: saddr:100932208: daddr:16783984
[  225.987234] AAAAA-TCP_FORW: name:enp0s3: saddr:100932208: daddr:16783984
[  226.011905] AAAAA-TCP_FORW: name:enp0s3: saddr:16783984: daddr:100932208
[  226.051937] AAAAA-TCP_FORW: name:enp0s3: saddr:100932208: daddr:16783984
[  226.064886] AAAAA-TCP_FORW: name:enp0s3: saddr:16783984: daddr:100932208
[  226.096991] AAAAA-TCP_FORW: name:enp0s3: saddr:100932208: daddr:16783984
[  226.174619] AAAAA-TCP_FORW: name:enp0s3: saddr:100932208: daddr:16783984
[  226.204748] AAAAA-TCP_FORW: name:enp0s3: saddr:100932208: daddr:16783984
[  226.217072] AAAAA-TCP_FORW: name:enp0s3: saddr:33561200: daddr:100932208
[  226.247037] AAAAA-TCP_FORW: name:enp0s3: saddr:100932208: daddr:16783984
[  226.295750] AAAAA-TCP_FORW: name:enp0s3: saddr:100932208: daddr:16783984
[  226.314109] AAAAA-TCP_FORW: name:enp0s3: saddr:16783984: daddr:100932208
[  226.397232] AAAAA-TCP_FORW: name:enp0s3: saddr:100932208: daddr:16783984
[  226.561235] AAAAA-TCP_FORW: name:enp0s3: saddr:16783984: daddr:100932208
[  226.621408] AAAAA-TCP_FORW: name:enp0s3: saddr:33561200: daddr:100932208
[  226.655109] AAAAA-TCP_FORW: name:enp0s3: saddr:100932208: daddr:16783984
[  226.725588] AAAAA-TCP_FORW: name:enp0s3: saddr:100932208: daddr:16783984
[  226.753783] AAAAA-TCP_FORW: name:enp0s3: saddr:33561200: daddr:100932208
[  226.789102] AAAAA-TCP_FORW: name:enp0s3: saddr:33561200: daddr:100932208
[  226.874063] AAAAA-TCP_FORW: name:enp0s3: saddr:33561200: daddr:100932208
[  226.962914] AAAAA-TCP_FORW: name:enp0s3: saddr:100932208: daddr:16783984
[  227.031883] AAAAA-TCP_FORW: name:enp0s3: saddr:33561200: daddr:100932208
[  227.057608] AAAAA-TCP_FORW: name:enp0s3: saddr:100932208: daddr:16783984
[  227.126186] AAAAA-TCP_FORW: name:enp0s3: saddr:33561200: daddr:100932208
[  227.140005] AAAAA-TCP_FORW: name:enp0s3: saddr:100932208: daddr:16783984
[  227.177395] AAAAA-TCP_FORW: name:enp0s3: saddr:100932208: daddr:16783984
[  227.215155] AAAAA-TCP_FORW: name:enp0s3: saddr:33561200: daddr:100932208
[  227.232459] AAAAA-TCP_FORW: name:enp0s3: saddr:100932208: daddr:16783984
[  227.249357] AAAAA-TCP_FORW: name:enp0s3: saddr:33561200: daddr:100932208
[  227.399461] AAAAA-TCP_FORW: name:enp0s3: saddr:33561200: daddr:100932208
[  227.441365] AAAAA-TCP_FORW: name:enp0s3: saddr:100932208: daddr:16783984
[  227.504498] AAAAA-TCP_FORW: name:enp0s3: saddr:100932208: daddr:16783984
[  227.520039] AAAAA-TCP_FORW: name:enp0s3: saddr:33561200: daddr:100932208
[  227.626641] AAAAA-TCP_FORW: name:enp0s3: saddr:100932208: daddr:16783984
[  227.687959] AAAAA-TCP_FORW: name:enp0s3: saddr:33561200: daddr:100932208
[  227.706057] AAAAA-TCP_FORW: name:enp0s3: saddr:100932208: daddr:16783984
[  227.790515] AAAAA-TCP_FORW: name:enp0s3: saddr:100932208: daddr:16783984
[  227.804711] AAAAA-TCP_FORW: name:enp0s3: saddr:33561200: daddr:100932208
[  227.845175] AAAAA-TCP_FORW: name:enp0s3: saddr:33561200: daddr:100932208
[  227.911369] AAAAA-TCP_FORW: name:enp0s3: saddr:33561200: daddr:100932208
[  227.941880] AAAAA-TCP_FORW: name:enp0s3: saddr:100932208: daddr:16783984
[  227.999286] AAAAA-TCP_FORW: name:enp0s3: saddr:100932208: daddr:16783984
[  228.011372] AAAAA-TCP_FORW: name:enp0s3: saddr:33561200: daddr:100932208
[  228.074061] AAAAA-TCP_FORW: name:enp0s3: saddr:100932208: daddr:16783984
[  228.091639] AAAAA-TCP_FORW: name:enp0s3: saddr:33561200: daddr:100932208
[  228.134702] AAAAA-TCP_FORW: name:enp0s3: saddr:100932208: daddr:33561200
[  228.206865] AAAAA-TCP_FORW: name:enp0s3: saddr:100932208: daddr:33561200
[  228.294048] AAAAA-TCP_FORW: name:enp0s3: saddr:100932208: daddr:33561200
[  228.331656] AAAAA-TCP_FORW: name:enp0s3: saddr:100932208: daddr:33561200
[  228.368673] AAAAA-TCP_FORW: name:enp0s3: saddr:33561200: daddr:100932208
[  228.404144] AAAAA-TCP_FORW: name:enp0s3: saddr:100932208: daddr:33561200
[  228.439177] AAAAA-TCP_FORW: name:enp0s3: saddr:100932208: daddr:33561200
[  228.494905] AAAAA-TCP_FORW: name:enp0s3: saddr:100932208: daddr:33561200
[  228.526558] AAAAA-TCP_FORW: name:enp0s3: saddr:100932208: daddr:33561200
[  228.540796] AAAAA-TCP_FORW: name:enp0s3: saddr:33561200: daddr:100932208
[  228.625031] AAAAA-TCP_FORW: name:enp0s3: saddr:100932208: daddr:33561200
[  228.687896] AAAAA-TCP_FORW: name:enp0s3: saddr:100932208: daddr:33561200
[  228.771683] AAAAA-TCP_FORW: name:enp0s3: saddr:33561200: daddr:100932208
[  228.776776] AAAAA-TCP_FORW: name:enp0s3: saddr:100932208: daddr:33561200
[  228.840996] AAAAA-TCP_FORW: name:enp0s3: saddr:16783984: daddr:100932208
[  228.923324] AAAAA-TCP_FORW: name:enp0s3: saddr:33561200: daddr:100932208
[  228.988731] AAAAA-TCP_FORW: name:enp0s3: saddr:16783984: daddr:100932208
[  229.027100] AAAAA-TCP_FORW: name:enp0s3: saddr:16783984: daddr:100932208
[  229.102240] AAAAA-TCP_FORW: name:enp0s3: saddr:16783984: daddr:100932208
[  229.164408] AAAAA-TCP_FORW: name:enp0s3: saddr:16783984: daddr:100932208
[  229.252038] AAAAA-TCP_FORW: name:enp0s3: saddr:16783984: daddr:100932208
[  229.280657] AAAAA-TCP_FORW: name:enp0s3: saddr:16783984: daddr:100932208
[  229.316312] AAAAA-TCP_FORW: name:enp0s3: saddr:16783984: daddr:100932208
[  229.487727] AAAAA-TCP_FORW: name:enp0s3: saddr:16783984: daddr:100932208
[  229.580340] AAAAA-TCP_FORW: name:enp0s3: saddr:16783984: daddr:100932208
[  229.690648] AAAAA-TCP_FORW: name:enp0s3: saddr:16783984: daddr:100932208
[  229.780166] AAAAA-TCP_FORW: name:enp0s3: saddr:16783984: daddr:100932208
[  229.852125] AAAAA-TCP_FORW: name:enp0s3: saddr:16783984: daddr:100932208
[  230.031164] AAAAA-TCP_FORW: name:enp0s3: saddr:16783984: daddr:100932208
[  230.134390] AAAAA-TCP_FORW: name:enp0s3: saddr:16783984: daddr:100932208
[  230.202141] AAAAA-TCP_FORW: name:enp0s3: saddr:16783984: daddr:100932208
[  230.280987] AAAAA-TCP_FORW: name:enp0s3: saddr:16783984: daddr:100932208
[  230.399177] AAAAA-TCP_FORW: name:enp0s3: saddr:16783984: daddr:100932208
[  230.563248] AAAAA-TCP_FORW: name:enp0s3: saddr:16783984: daddr:100932208
[  230.824737] AAAAA-TCP_FORW: name:enp0s3: saddr:16783984: daddr:100932208
[  231.034152] AAAAA-TCP_FORW: name:enp0s3: saddr:16783984: daddr:100932208
[  231.157446] AAAAA-TCP_FORW: name:enp0s3: saddr:33561200: daddr:100932208
[  231.189656] AAAAA-TCP_FORW: name:enp0s3: saddr:33561200: daddr:100932208
[  231.214445] AAAAA-TCP_FORW: name:enp0s3: saddr:33561200: daddr:100932208
[  231.270196] AAAAA-TCP_FORW: name:enp0s3: saddr:33561200: daddr:100932208
[  231.300607] AAAAA-TCP_FORW: name:enp0s3: saddr:33561200: daddr:100932208
[  231.330417] AAAAA-TCP_FORW: name:enp0s3: saddr:33561200: daddr:100932208
[  231.378826] AAAAA-TCP_FORW: name:enp0s3: saddr:33561200: daddr:100932208
[  231.411631] AAAAA-TCP_FORW: name:enp0s3: saddr:33561200: daddr:100932208
[  231.465795] AAAAA-TCP_FORW: name:enp0s3: saddr:33561200: daddr:100932208
[  231.532490] AAAAA-TCP_FORW: name:enp0s3: saddr:33561200: daddr:100932208
[  231.597184] AAAAA-TCP_FORW: name:enp0s3: saddr:33561200: daddr:100932208
[  250.929356] AAAAA-TCP_FORW: name:enp0s3: saddr:100932208: daddr:16783984
[  250.980573] AAAAA-TCP_FORW: name:enp0s3: saddr:100932208: daddr:33561200
[  251.019256] AAAAA-TCP_FORW: name:enp0s3: saddr:100932208: daddr:16783984
[  251.052293] AAAAA-TCP_FORW: name:enp0s3: saddr:100932208: daddr:33561200
[  251.106689] AAAAA-TCP_FORW: name:enp0s3: saddr:100932208: daddr:16783984
[  251.134179] AAAAA-TCP_FORW: name:enp0s3: saddr:16783984: daddr:100932208
[  251.175210] AAAAA-TCP_FORW: name:enp0s3: saddr:100932208: daddr:33561200
[  251.222256] AAAAA-TCP_FORW: name:enp0s3: saddr:100932208: daddr:16783984
[  251.265364] AAAAA-TCP_FORW: name:enp0s3: saddr:100932208: daddr:33561200
[  251.299884] AAAAA-TCP_FORW: name:enp0s3: saddr:33561200: daddr:100932208
[  251.301929] AAAAA-TCP_FORW: name:enp0s3: saddr:100932208: daddr:16783984
[  251.366291] AAAAA-TCP_FORW: name:enp0s3: saddr:100932208: daddr:33561200
[  251.456139] AAAAA-TCP_FORW: name:enp0s3: saddr:100932208: daddr:16783984
[  251.508937] AAAAA-TCP_FORW: name:enp0s3: saddr:100932208: daddr:33561200
[  251.547788] AAAAA-TCP_FORW: name:enp0s3: saddr:100932208: daddr:16783984
[  251.584893] AAAAA-TCP_FORW: name:enp0s3: saddr:100932208: daddr:33561200
[  251.614784] AAAAA-TCP_FORW: name:enp0s3: saddr:16783984: daddr:100932208
[  251.630922] AAAAA-TCP_FORW: name:enp0s3: saddr:100932208: daddr:16783984
[  251.682197] AAAAA-TCP_FORW: name:enp0s3: saddr:100932208: daddr:33561200
[  251.754778] AAAAA-TCP_FORW: name:enp0s3: saddr:100932208: daddr:16783984
[  251.856916] AAAAA-TCP_FORW: name:enp0s3: saddr:100932208: daddr:33561200
[  251.885733] AAAAA-TCP_FORW: name:enp0s3: saddr:100932208: daddr:16783984
[  251.933007] AAAAA-TCP_FORW: name:enp0s3: saddr:33561200: daddr:100932208
[  251.951209] AAAAA-TCP_FORW: name:enp0s3: saddr:100932208: daddr:33561200
[  251.987268] AAAAA-TCP_FORW: name:enp0s3: saddr:100932208: daddr:16783984
[  252.042631] AAAAA-TCP_FORW: name:enp0s3: saddr:100932208: daddr:33561200
[  252.100399] AAAAA-TCP_FORW: name:enp0s3: saddr:100932208: daddr:16783984
[  252.172024] AAAAA-TCP_FORW: name:enp0s3: saddr:100932208: daddr:33561200
[  252.251498] AAAAA-TCP_FORW: name:enp0s3: saddr:100932208: daddr:16783984
[  252.336072] AAAAA-TCP_FORW: name:enp0s3: saddr:100932208: daddr:33561200
[  252.393250] AAAAA-TCP_FORW: name:enp0s3: saddr:100932208: daddr:16783984
[  252.395221] AAAAA-TCP_FORW: name:enp0s3: saddr:16783984: daddr:100932208
[  252.442189] AAAAA-TCP_FORW: name:enp0s3: saddr:100932208: daddr:33561200
[  252.472854] AAAAA-TCP_FORW: name:enp0s3: saddr:100932208: daddr:16783984
[  252.514869] AAAAA-TCP_FORW: name:enp0s3: saddr:100932208: daddr:33561200
[  252.564946] AAAAA-TCP_FORW: name:enp0s3: saddr:100932208: daddr:16783984
[  252.597778] AAAAA-TCP_FORW: name:enp0s3: saddr:100932208: daddr:33561200
[  252.630093] AAAAA-TCP_FORW: name:enp0s3: saddr:33561200: daddr:100932208
[  252.642529] AAAAA-TCP_FORW: name:enp0s3: saddr:100932208: daddr:16783984
[  252.696709] AAAAA-TCP_FORW: name:enp0s3: saddr:100932208: daddr:33561200
[  252.712523] AAAAA-TCP_FORW: name:enp0s3: saddr:16783984: daddr:100932208
[  252.719644] AAAAA-TCP_FORW: name:enp0s3: saddr:100932208: daddr:16783984
[  252.744170] AAAAA-TCP_FORW: name:enp0s3: saddr:100932208: daddr:33561200
[  252.804838] AAAAA-TCP_FORW: name:enp0s3: saddr:33561200: daddr:100932208
[  252.837205] AAAAA-TCP_FORW: name:enp0s3: saddr:100932208: daddr:16783984
[  253.007551] AAAAA-TCP_FORW: name:enp0s3: saddr:100932208: daddr:16783984
[  253.013242] AAAAA-TCP_FORW: name:enp0s3: saddr:100932208: daddr:16783984
[  253.095273] AAAAA-TCP_FORW: name:enp0s3: saddr:100932208: daddr:33561200
[  253.164493] AAAAA-TCP_FORW: name:enp0s3: saddr:16783984: daddr:100932208
[  253.184991] AAAAA-TCP_FORW: name:enp0s3: saddr:100932208: daddr:33561200
[  253.240515] AAAAA-TCP_FORW: name:enp0s3: saddr:100932208: daddr:16783984
[  253.327381] AAAAA-TCP_FORW: name:enp0s3: saddr:100932208: daddr:16783984
[  253.336126] AAAAA-TCP_FORW: name:enp0s3: saddr:33561200: daddr:100932208
[  253.386420] AAAAA-TCP_FORW: name:enp0s3: saddr:100932208: daddr:33561200
[  253.533154] AAAAA-TCP_FORW: name:enp0s3: saddr:100932208: daddr:33561200
[  253.606613] AAAAA-TCP_FORW: name:enp0s3: saddr:16783984: daddr:100932208
[  253.741719] AAAAA-TCP_FORW: name:enp0s3: saddr:33561200: daddr:100932208
[  253.979502] AAAAA-TCP_FORW: name:enp0s3: saddr:16783984: daddr:100932208
[  253.993158] AAAAA-TCP_FORW: name:enp0s3: saddr:100932208: daddr:16783984
[  254.021056] AAAAA-TCP_FORW: name:enp0s3: saddr:100932208: daddr:16783984
[  254.100794] AAAAA-TCP_FORW: name:enp0s3: saddr:33561200: daddr:100932208
[  254.379821] AAAAA-TCP_FORW: name:enp0s3: saddr:100932208: daddr:33561200
[  254.426834] AAAAA-TCP_FORW: name:enp0s3: saddr:100932208: daddr:33561200
[  254.526076] AAAAA-TCP_FORW: name:enp0s3: saddr:100932208: daddr:16783984
[  254.543031] AAAAA-TCP_FORW: name:enp0s3: saddr:16783984: daddr:100932208
[  254.574320] AAAAA-TCP_FORW: name:enp0s3: saddr:100932208: daddr:16783984
[  254.720228] AAAAA-TCP_FORW: name:enp0s3: saddr:100932208: daddr:33561200
[  254.790453] AAAAA-TCP_FORW: name:enp0s3: saddr:100932208: daddr:33561200
[  254.959063] AAAAA-TCP_FORW: name:enp0s3: saddr:33561200: daddr:100932208
[  254.994118] AAAAA-TCP_FORW: name:enp0s3: saddr:100932208: daddr:16783984
[  255.015490] AAAAA-TCP_FORW: name:enp0s3: saddr:16783984: daddr:100932208
[  255.028238] AAAAA-TCP_FORW: name:enp0s3: saddr:100932208: daddr:16783984
[  255.341863] AAAAA-TCP_FORW: name:enp0s3: saddr:100932208: daddr:16783984
[  255.433466] AAAAA-TCP_FORW: name:enp0s3: saddr:100932208: daddr:33561200
[  255.459751] AAAAA-TCP_FORW: name:enp0s3: saddr:33561200: daddr:100932208
[  255.490704] AAAAA-TCP_FORW: name:enp0s3: saddr:100932208: daddr:33561200
[  255.544180] AAAAA-TCP_FORW: name:enp0s3: saddr:100932208: daddr:33561200
[  255.565903] AAAAA-TCP_FORW: name:enp0s3: saddr:16783984: daddr:100932208
[  255.580131] AAAAA-TCP_FORW: name:enp0s3: saddr:33561200: daddr:100932208
[  255.598922] AAAAA-TCP_FORW: name:enp0s3: saddr:100932208: daddr:16783984
[  255.637080] AAAAA-TCP_FORW: name:enp0s3: saddr:100932208: daddr:16783984
[  255.721811] AAAAA-TCP_FORW: name:enp0s3: saddr:16783984: daddr:100932208
[  255.758986] AAAAA-TCP_FORW: name:enp0s3: saddr:100932208: daddr:33561200
[  255.809389] AAAAA-TCP_FORW: name:enp0s3: saddr:100932208: daddr:33561200
[  255.916024] AAAAA-TCP_FORW: name:enp0s3: saddr:33561200: daddr:100932208
[  255.984135] AAAAA-TCP_FORW: name:enp0s3: saddr:16783984: daddr:100932208
[  256.055584] AAAAA-TCP_FORW: name:enp0s3: saddr:33561200: daddr:100932208
[  256.115564] AAAAA-TCP_FORW: name:enp0s3: saddr:100932208: daddr:16783984
[  256.203068] AAAAA-TCP_FORW: name:enp0s3: saddr:16783984: daddr:100932208
[  256.456302] AAAAA-TCP_FORW: name:enp0s3: saddr:100932208: daddr:33561200
[  256.563365] AAAAA-TCP_FORW: name:enp0s3: saddr:33561200: daddr:100932208
[  256.602811] AAAAA-TCP_FORW: name:enp0s3: saddr:100932208: daddr:16783984
[  256.676157] AAAAA-TCP_FORW: name:enp0s3: saddr:16783984: daddr:100932208
[  256.678065] AAAAA-TCP_FORW: name:enp0s3: saddr:100932208: daddr:16783984
[  256.886252] AAAAA-TCP_FORW: name:enp0s3: saddr:33561200: daddr:100932208
[  256.953898] AAAAA-TCP_FORW: name:enp0s3: saddr:100932208: daddr:33561200
[  257.014907] AAAAA-TCP_FORW: name:enp0s3: saddr:100932208: daddr:33561200
[  257.050259] AAAAA-TCP_FORW: name:enp0s3: saddr:16783984: daddr:100932208
[  257.127599] AAAAA-TCP_FORW: name:enp0s3: saddr:33561200: daddr:100932208
[  257.200957] AAAAA-TCP_FORW: name:enp0s3: saddr:100932208: daddr:16783984
[  257.211693] AAAAA-TCP_FORW: name:enp0s3: saddr:16783984: daddr:100932208
[  257.256370] AAAAA-TCP_FORW: name:enp0s3: saddr:100932208: daddr:33561200
[  257.287426] AAAAA-TCP_FORW: name:enp0s3: saddr:33561200: daddr:100932208
[  257.446589] AAAAA-TCP_FORW: name:enp0s3: saddr:16783984: daddr:100932208
[  257.493646] AAAAA-TCP_FORW: name:enp0s3: saddr:100932208: daddr:16783984
[  257.518019] AAAAA-TCP_FORW: name:enp0s3: saddr:100932208: daddr:16783984
[  257.645300] AAAAA-TCP_FORW: name:enp0s3: saddr:33561200: daddr:100932208
[  257.746731] AAAAA-TCP_FORW: name:enp0s3: saddr:16783984: daddr:100932208
[  257.762796] AAAAA-TCP_FORW: name:enp0s3: saddr:100932208: daddr:33561200
[  257.826689] AAAAA-TCP_FORW: name:enp0s3: saddr:100932208: daddr:33561200
[  257.880723] AAAAA-TCP_FORW: name:enp0s3: saddr:33561200: daddr:100932208
[  257.898398] AAAAA-TCP_FORW: name:enp0s3: saddr:100932208: daddr:16783984
[  257.947811] AAAAA-TCP_FORW: name:enp0s3: saddr:100932208: daddr:33561200
[  258.062353] AAAAA-TCP_FORW: name:enp0s3: saddr:16783984: daddr:100932208
[  258.229885] AAAAA-TCP_FORW: name:enp0s3: saddr:100932208: daddr:16783984
[  258.260390] AAAAA-TCP_FORW: name:enp0s3: saddr:16783984: daddr:100932208
[  258.336714] AAAAA-TCP_FORW: name:enp0s3: saddr:100932208: daddr:16783984
[  258.352112] AAAAA-TCP_FORW: name:enp0s3: saddr:33561200: daddr:100932208
[  258.371320] AAAAA-TCP_FORW: name:enp0s3: saddr:16783984: daddr:100932208
[  258.402954] AAAAA-TCP_FORW: name:enp0s3: saddr:33561200: daddr:100932208
[  258.441447] AAAAA-TCP_FORW: name:enp0s3: saddr:33561200: daddr:100932208
[  258.480375] AAAAA-TCP_FORW: name:enp0s3: saddr:33561200: daddr:100932208
[  258.560341] AAAAA-TCP_FORW: name:enp0s3: saddr:16783984: daddr:100932208
[  258.582050] AAAAA-TCP_FORW: name:enp0s3: saddr:33561200: daddr:100932208
[  258.608926] AAAAA-TCP_FORW: name:enp0s3: saddr:16783984: daddr:100932208
[  258.658758] AAAAA-TCP_FORW: name:enp0s3: saddr:16783984: daddr:100932208
[  258.682391] AAAAA-TCP_FORW: name:enp0s3: saddr:16783984: daddr:100932208
[  258.711029] AAAAA-TCP_FORW: name:enp0s3: saddr:33561200: daddr:100932208
[  258.750469] AAAAA-TCP_FORW: name:enp0s3: saddr:16783984: daddr:100932208
[  258.823149] AAAAA-TCP_FORW: name:enp0s3: saddr:33561200: daddr:100932208
[  258.856433] AAAAA-TCP_FORW: name:enp0s3: saddr:33561200: daddr:100932208
[  258.865806] AAAAA-TCP_FORW: name:enp0s3: saddr:100932208: daddr:16783984
[  258.891386] AAAAA-TCP_FORW: name:enp0s3: saddr:16783984: daddr:100932208
[  258.934470] AAAAA-TCP_FORW: name:enp0s3: saddr:33561200: daddr:100932208
[  258.957937] AAAAA-TCP_FORW: name:enp0s3: saddr:33561200: daddr:100932208
[  259.056937] AAAAA-TCP_FORW: name:enp0s3: saddr:16783984: daddr:100932208
[  259.069549] AAAAA-TCP_FORW: name:enp0s3: saddr:33561200: daddr:100932208
[  259.216829] AAAAA-TCP_FORW: name:enp0s3: saddr:33561200: daddr:100932208
[  259.264502] AAAAA-TCP_FORW: name:enp0s3: saddr:16783984: daddr:100932208
[  259.311083] AAAAA-TCP_FORW: name:enp0s3: saddr:16783984: daddr:100932208
[  259.349159] AAAAA-TCP_FORW: name:enp0s3: saddr:16783984: daddr:100932208
[  259.416602] AAAAA-TCP_FORW: name:enp0s3: saddr:33561200: daddr:100932208
[  259.439141] AAAAA-TCP_FORW: name:enp0s3: saddr:16783984: daddr:100932208
[  259.500088] AAAAA-TCP_FORW: name:enp0s3: saddr:33561200: daddr:100932208
[  259.642852] AAAAA-TCP_FORW: name:enp0s3: saddr:33561200: daddr:100932208
[  259.663759] AAAAA-TCP_FORW: name:enp0s3: saddr:33561200: daddr:100932208
[  259.687711] AAAAA-TCP_FORW: name:enp0s3: saddr:33561200: daddr:100932208
[  259.814088] AAAAA-TCP_FORW: name:enp0s3: saddr:16783984: daddr:100932208
[  259.878899] AAAAA-TCP_FORW: name:enp0s3: saddr:16783984: daddr:100932208
[  259.915706] AAAAA-TCP_FORW: name:enp0s3: saddr:16783984: daddr:100932208
[  259.950954] AAAAA-TCP_FORW: name:enp0s3: saddr:16783984: daddr:100932208
[  260.085038] AAAAA-TCP_FORW: name:enp0s3: saddr:16783984: daddr:100932208
[  260.202008] AAAAA-TCP_FORW: name:enp0s3: saddr:33561200: daddr:100932208
[  260.291114] AAAAA-TCP_FORW: name:enp0s3: saddr:100932208: daddr:16783984
[  260.360280] AAAAA-TCP_FORW: name:enp0s3: saddr:33561200: daddr:100932208
[  260.434322] AAAAA-TCP_FORW: name:enp0s3: saddr:100932208: daddr:33561200
[  260.480035] AAAAA-TCP_FORW: name:enp0s3: saddr:100932208: daddr:33561200
[  260.506685] AAAAA-TCP_FORW: name:enp0s3: saddr:100932208: daddr:33561200
[  260.562838] AAAAA-TCP_FORW: name:enp0s3: saddr:16783984: daddr:100932208
[  260.592233] AAAAA-TCP_FORW: name:enp0s3: saddr:100932208: daddr:33561200
[  260.623949] AAAAA-TCP_FORW: name:enp0s3: saddr:100932208: daddr:33561200
[  260.729447] AAAAA-TCP_FORW: name:enp0s3: saddr:100932208: daddr:33561200
[  260.738717] AAAAA-TCP_FORW: name:enp0s3: saddr:33561200: daddr:100932208
[  260.780500] AAAAA-TCP_FORW: name:enp0s3: saddr:100932208: daddr:33561200
[  260.851853] AAAAA-TCP_FORW: name:enp0s3: saddr:100932208: daddr:16783984
[  260.895631] AAAAA-TCP_FORW: name:enp0s3: saddr:100932208: daddr:16783984
[  260.916318] AAAAA-TCP_FORW: name:enp0s3: saddr:16783984: daddr:100932208
[  260.959334] AAAAA-TCP_FORW: name:enp0s3: saddr:16783984: daddr:100932208
[  260.968457] AAAAA-TCP_FORW: name:enp0s3: saddr:100932208: daddr:16783984
[  261.006145] AAAAA-TCP_FORW: name:enp0s3: saddr:100932208: daddr:16783984
[  261.055617] AAAAA-TCP_FORW: name:enp0s3: saddr:100932208: daddr:16783984
[  261.084076] AAAAA-TCP_FORW: name:enp0s3: saddr:16783984: daddr:100932208
[  261.141884] AAAAA-TCP_FORW: name:enp0s3: saddr:100932208: daddr:16783984
[  261.303435] AAAAA-TCP_FORW: name:enp0s3: saddr:100932208: daddr:16783984
[  261.816282] AAAAA-TCP_FORW: name:enp0s3: saddr:16783984: daddr:100932208
[  261.920056] AAAAA-TCP_FORW: name:enp0s3: saddr:33561200: daddr:100932208
[  262.052005] AAAAA-TCP_FORW: name:enp0s3: saddr:33561200: daddr:100932208
[  262.187164] AAAAA-TCP_FORW: name:enp0s3: saddr:33561200: daddr:100932208
[  262.435579] AAAAA-TCP_FORW: name:enp0s3: saddr:33561200: daddr:100932208
[  262.500820] AAAAA-TCP_FORW: name:enp0s3: saddr:33561200: daddr:100932208
[  262.685523] AAAAA-TCP_FORW: name:enp0s3: saddr:33561200: daddr:100932208
[  262.741590] AAAAA-TCP_FORW: name:enp0s3: saddr:33561200: daddr:100932208
[  262.859506] AAAAA-TCP_FORW: name:enp0s3: saddr:16783984: daddr:100932208
[  263.217728] AAAAA-TCP_FORW: name:enp0s3: saddr:16783984: daddr:100932208
[  263.396289] AAAAA-TCP_FORW: name:enp0s3: saddr:16783984: daddr:100932208
[  263.460388] AAAAA-TCP_FORW: name:enp0s3: saddr:16783984: daddr:100932208
[  263.630270] AAAAA-TCP_FORW: name:enp0s3: saddr:16783984: daddr:100932208
[  263.715097] AAAAA-TCP_FORW: name:enp0s3: saddr:16783984: daddr:100932208
[  277.949243] AAAAA-TCP_FORW: name:enp0s3: saddr:100932208: daddr:16783984
[  278.062880] AAAAA-TCP_FORW: name:enp0s3: saddr:100932208: daddr:33561200
[  278.102923] AAAAA-TCP_FORW: name:enp0s3: saddr:100932208: daddr:33561200
[  278.150713] AAAAA-TCP_FORW: name:enp0s3: saddr:16783984: daddr:100932208
[  278.167143] AAAAA-TCP_FORW: name:enp0s3: saddr:100932208: daddr:33561200
[  278.227851] AAAAA-TCP_FORW: name:enp0s3: saddr:100932208: daddr:33561200
[  278.281772] AAAAA-TCP_FORW: name:enp0s3: saddr:100932208: daddr:33561200
[  278.297074] AAAAA-TCP_FORW: name:enp0s3: saddr:100932208: daddr:33561200
[  278.345449] AAAAA-TCP_FORW: name:enp0s3: saddr:33561200: daddr:100932208
[  278.362601] AAAAA-TCP_FORW: name:enp0s3: saddr:100932208: daddr:33561200
[  278.413845] AAAAA-TCP_FORW: name:enp0s3: saddr:100932208: daddr:33561200
[  278.473485] AAAAA-TCP_FORW: name:enp0s3: saddr:33561200: daddr:100932208
[  278.560184] AAAAA-TCP_FORW: name:enp0s3: saddr:33561200: daddr:100932208
[  278.634054] AAAAA-TCP_FORW: name:enp0s3: saddr:33561200: daddr:100932208
[  278.706625] AAAAA-TCP_FORW: name:enp0s3: saddr:33561200: daddr:100932208
[  278.784382] AAAAA-TCP_FORW: name:enp0s3: saddr:33561200: daddr:100932208
[  278.813987] AAAAA-TCP_FORW: name:enp0s3: saddr:33561200: daddr:100932208
[  278.843393] AAAAA-TCP_FORW: name:enp0s3: saddr:33561200: daddr:100932208
[  283.697009] AAAAA-TCP_FORW: name:enp0s3: saddr:100932208: daddr:16783984
[  283.767828] AAAAA-TCP_FORW: name:enp0s3: saddr:100932208: daddr:33561200
[  283.781317] AAAAA-TCP_FORW: name:enp0s3: saddr:16783984: daddr:100932208
[  283.792907] AAAAA-TCP_FORW: name:enp0s3: saddr:100932208: daddr:16783984
[  283.851588] AAAAA-TCP_FORW: name:enp0s3: saddr:100932208: daddr:33561200
[  283.878481] AAAAA-TCP_FORW: name:enp0s3: saddr:100932208: daddr:33561200
[  283.923386] AAAAA-TCP_FORW: name:enp0s3: saddr:100932208: daddr:33561200
[  283.947192] AAAAA-TCP_FORW: name:enp0s3: saddr:33561200: daddr:100932208
[  283.961267] AAAAA-TCP_FORW: name:enp0s3: saddr:100932208: daddr:33561200
[  284.004172] AAAAA-TCP_FORW: name:enp0s3: saddr:100932208: daddr:33561200
[  284.033003] AAAAA-TCP_FORW: name:enp0s3: saddr:100932208: daddr:33561200
[  284.081075] AAAAA-TCP_FORW: name:enp0s3: saddr:100932208: daddr:33561200
[  284.123213] AAAAA-TCP_FORW: name:enp0s3: saddr:16783984: daddr:100932208
[  284.130284] AAAAA-TCP_FORW: name:enp0s3: saddr:100932208: daddr:33561200
[  284.179923] AAAAA-TCP_FORW: name:enp0s3: saddr:100932208: daddr:33561200
[  284.213893] AAAAA-TCP_FORW: name:enp0s3: saddr:100932208: daddr:33561200
[  284.242917] AAAAA-TCP_FORW: name:enp0s3: saddr:100932208: daddr:33561200
[  284.294891] AAAAA-TCP_FORW: name:enp0s3: saddr:33561200: daddr:100932208
[  284.326747] AAAAA-TCP_FORW: name:enp0s3: saddr:100932208: daddr:33561200
[  284.396527] AAAAA-TCP_FORW: name:enp0s3: saddr:100932208: daddr:33561200
[  284.572580] AAAAA-TCP_FORW: name:enp0s3: saddr:33561200: daddr:100932208
[  284.582460] AAAAA-TCP_FORW: name:enp0s3: saddr:100932208: daddr:33561200
[  284.623158] AAAAA-TCP_FORW: name:enp0s3: saddr:100932208: daddr:33561200
[  284.746954] AAAAA-TCP_FORW: name:enp0s3: saddr:100932208: daddr:16783984
[  284.786387] AAAAA-TCP_FORW: name:enp0s3: saddr:100932208: daddr:16783984
[  284.872185] AAAAA-TCP_FORW: name:enp0s3: saddr:100932208: daddr:33561200
[  284.974687] AAAAA-TCP_FORW: name:enp0s3: saddr:100932208: daddr:33561200
[  284.992529] AAAAA-TCP_FORW: name:enp0s3: saddr:33561200: daddr:100932208
[  285.071216] AAAAA-TCP_FORW: name:enp0s3: saddr:100932208: daddr:16783984
[  285.104747] AAAAA-TCP_FORW: name:enp0s3: saddr:33561200: daddr:100932208
[  285.119633] AAAAA-TCP_FORW: name:enp0s3: saddr:100932208: daddr:16783984
[  285.205134] AAAAA-TCP_FORW: name:enp0s3: saddr:100932208: daddr:33561200
[  285.270053] AAAAA-TCP_FORW: name:enp0s3: saddr:33561200: daddr:100932208
[  285.277408] AAAAA-TCP_FORW: name:enp0s3: saddr:100932208: daddr:33561200
[  285.456957] AAAAA-TCP_FORW: name:enp0s3: saddr:100932208: daddr:33561200
[  285.464522] AAAAA-TCP_FORW: name:enp0s3: saddr:33561200: daddr:100932208
[  285.512844] AAAAA-TCP_FORW: name:enp0s3: saddr:100932208: daddr:33561200
[  285.586464] AAAAA-TCP_FORW: name:enp0s3: saddr:33561200: daddr:100932208
[  285.622273] AAAAA-TCP_FORW: name:enp0s3: saddr:33561200: daddr:100932208
[  285.768779] AAAAA-TCP_FORW: name:enp0s3: saddr:33561200: daddr:100932208
[  285.815246] AAAAA-TCP_FORW: name:enp0s3: saddr:33561200: daddr:100932208
[  285.828439] AAAAA-TCP_FORW: name:enp0s3: saddr:33561200: daddr:100932208
[  285.924076] AAAAA-TCP_FORW: name:enp0s3: saddr:100932208: daddr:33561200
[  285.956813] AAAAA-TCP_FORW: name:enp0s3: saddr:33561200: daddr:100932208
[  285.984092] AAAAA-TCP_FORW: name:enp0s3: saddr:33561200: daddr:100932208
[  285.997757] AAAAA-TCP_FORW: name:enp0s3: saddr:100932208: daddr:33561200
[  286.122771] AAAAA-TCP_FORW: name:enp0s3: saddr:100932208: daddr:33561200
[  286.161071] AAAAA-TCP_FORW: name:enp0s3: saddr:33561200: daddr:100932208
[  286.171863] AAAAA-TCP_FORW: name:enp0s3: saddr:100932208: daddr:33561200
[  286.201306] AAAAA-TCP_FORW: name:enp0s3: saddr:33561200: daddr:100932208
[  286.317935] AAAAA-TCP_FORW: name:enp0s3: saddr:100932208: daddr:33561200
[  286.359557] AAAAA-TCP_FORW: name:enp0s3: saddr:16783984: daddr:100932208
[  286.392006] AAAAA-TCP_FORW: name:enp0s3: saddr:100932208: daddr:33561200
[  286.511295] AAAAA-TCP_FORW: name:enp0s3: saddr:100932208: daddr:33561200
[  286.538427] AAAAA-TCP_FORW: name:enp0s3: saddr:16783984: daddr:100932208
[  286.579006] AAAAA-TCP_FORW: name:enp0s3: saddr:100932208: daddr:33561200
[  286.609047] AAAAA-TCP_FORW: name:enp0s3: saddr:33561200: daddr:100932208
[  286.656962] AAAAA-TCP_FORW: name:enp0s3: saddr:100932208: daddr:33561200
[  286.718541] AAAAA-TCP_FORW: name:enp0s3: saddr:100932208: daddr:33561200
[  286.784836] AAAAA-TCP_FORW: name:enp0s3: saddr:100932208: daddr:33561200
[  286.804005] AAAAA-TCP_FORW: name:enp0s3: saddr:100932208: daddr:33561200
[  286.814935] AAAAA-TCP_FORW: name:enp0s3: saddr:33561200: daddr:100932208
[  286.883367] AAAAA-TCP_FORW: name:enp0s3: saddr:100932208: daddr:33561200
[  286.959137] AAAAA-TCP_FORW: name:enp0s3: saddr:100932208: daddr:33561200
[  286.998989] AAAAA-TCP_FORW: name:enp0s3: saddr:16783984: daddr:100932208
[  287.051176] AAAAA-TCP_FORW: name:enp0s3: saddr:16783984: daddr:100932208
[  287.057539] AAAAA-TCP_FORW: name:enp0s3: saddr:100932208: daddr:33561200
[  287.091287] AAAAA-TCP_FORW: name:enp0s3: saddr:100932208: daddr:33561200
[  287.128385] AAAAA-TCP_FORW: name:enp0s3: saddr:100932208: daddr:33561200
[  287.143690] AAAAA-TCP_FORW: name:enp0s3: saddr:33561200: daddr:100932208
[  287.181226] AAAAA-TCP_FORW: name:enp0s3: saddr:100932208: daddr:33561200
[  287.233411] AAAAA-TCP_FORW: name:enp0s3: saddr:33561200: daddr:100932208
[  287.240261] AAAAA-TCP_FORW: name:enp0s3: saddr:100932208: daddr:33561200
[  287.298439] AAAAA-TCP_FORW: name:enp0s3: saddr:33561200: daddr:100932208
[  287.300627] AAAAA-TCP_FORW: name:enp0s3: saddr:100932208: daddr:33561200
[  287.350952] AAAAA-TCP_FORW: name:enp0s3: saddr:33561200: daddr:100932208
[  287.413585] AAAAA-TCP_FORW: name:enp0s3: saddr:33561200: daddr:100932208
[  287.485564] AAAAA-TCP_FORW: name:enp0s3: saddr:33561200: daddr:100932208
[  287.539605] AAAAA-TCP_FORW: name:enp0s3: saddr:33561200: daddr:100932208
[  287.558240] AAAAA-TCP_FORW: name:enp0s3: saddr:100932208: daddr:33561200
[  287.615724] AAAAA-TCP_FORW: name:enp0s3: saddr:33561200: daddr:100932208
[  287.632493] AAAAA-TCP_FORW: name:enp0s3: saddr:100932208: daddr:33561200
[  287.666436] AAAAA-TCP_FORW: name:enp0s3: saddr:100932208: daddr:33561200
[  287.674442] AAAAA-TCP_FORW: name:enp0s3: saddr:33561200: daddr:100932208
[  287.723314] AAAAA-TCP_FORW: name:enp0s3: saddr:33561200: daddr:100932208
[  287.752845] AAAAA-TCP_FORW: name:enp0s3: saddr:100932208: daddr:16783984
[  287.788768] AAAAA-TCP_FORW: name:enp0s3: saddr:100932208: daddr:16783984
[  287.806972] AAAAA-TCP_FORW: name:enp0s3: saddr:33561200: daddr:100932208
[  287.867915] AAAAA-TCP_FORW: name:enp0s3: saddr:100932208: daddr:33561200
[  287.920736] AAAAA-TCP_FORW: name:enp0s3: saddr:33561200: daddr:100932208
[  287.947068] AAAAA-TCP_FORW: name:enp0s3: saddr:100932208: daddr:16783984
[  287.982741] AAAAA-TCP_FORW: name:enp0s3: saddr:100932208: daddr:16783984
[  288.006785] AAAAA-TCP_FORW: name:enp0s3: saddr:33561200: daddr:100932208
[  288.082507] AAAAA-TCP_FORW: name:enp0s3: saddr:33561200: daddr:100932208
[  288.204620] AAAAA-TCP_FORW: name:enp0s3: saddr:100932208: daddr:33561200
[  288.224847] AAAAA-TCP_FORW: name:enp0s3: saddr:33561200: daddr:100932208
[  288.238306] AAAAA-TCP_FORW: name:enp0s3: saddr:100932208: daddr:33561200
[  288.243584] AAAAA-TCP_FORW: name:enp0s3: saddr:33561200: daddr:100932208
[  288.291269] AAAAA-TCP_FORW: name:enp0s3: saddr:33561200: daddr:100932208
[  288.368110] AAAAA-TCP_FORW: name:enp0s3: saddr:33561200: daddr:100932208
[  288.404981] AAAAA-TCP_FORW: name:enp0s3: saddr:100932208: daddr:16783984
[  288.475151] AAAAA-TCP_FORW: name:enp0s3: saddr:100932208: daddr:16783984
[  288.506852] AAAAA-TCP_FORW: name:enp0s3: saddr:100932208: daddr:16783984
[  288.621172] AAAAA-TCP_FORW: name:enp0s3: saddr:100932208: daddr:16783984
[  288.645010] AAAAA-TCP_FORW: name:enp0s3: saddr:33561200: daddr:100932208
[  288.746339] AAAAA-TCP_FORW: name:enp0s3: saddr:33561200: daddr:100932208
[  288.853228] AAAAA-TCP_FORW: name:enp0s3: saddr:33561200: daddr:100932208
[  288.945464] AAAAA-TCP_FORW: name:enp0s3: saddr:100932208: daddr:33561200
[  288.989316] AAAAA-TCP_FORW: name:enp0s3: saddr:100932208: daddr:33561200
[  289.033146] AAAAA-TCP_FORW: name:enp0s3: saddr:33561200: daddr:100932208
[  289.160201] AAAAA-TCP_FORW: name:enp0s3: saddr:100932208: daddr:33561200
[  289.203890] AAAAA-TCP_FORW: name:enp0s3: saddr:100932208: daddr:33561200
[  289.218301] AAAAA-TCP_FORW: name:enp0s3: saddr:33561200: daddr:100932208
[  289.307779] AAAAA-TCP_FORW: name:enp0s3: saddr:33561200: daddr:100932208
[  289.366432] AAAAA-TCP_FORW: name:enp0s3: saddr:33561200: daddr:100932208
[  289.422902] AAAAA-TCP_FORW: name:enp0s3: saddr:33561200: daddr:100932208
[  289.475126] AAAAA-TCP_FORW: name:enp0s3: saddr:100932208: daddr:33561200
[  289.528352] AAAAA-TCP_FORW: name:enp0s3: saddr:100932208: daddr:33561200
[  289.619076] AAAAA-TCP_FORW: name:enp0s3: saddr:16783984: daddr:100932208
[  289.684904] AAAAA-TCP_FORW: name:enp0s3: saddr:16783984: daddr:100932208
[  289.784238] AAAAA-TCP_FORW: name:enp0s3: saddr:100932208: daddr:33561200
[  289.807503] AAAAA-TCP_FORW: name:enp0s3: saddr:33561200: daddr:100932208
[  289.902049] AAAAA-TCP_FORW: name:enp0s3: saddr:100932208: daddr:33561200
[  289.969256] AAAAA-TCP_FORW: name:enp0s3: saddr:100932208: daddr:33561200
[  289.980537] AAAAA-TCP_FORW: name:enp0s3: saddr:16783984: daddr:100932208
[  290.021512] AAAAA-TCP_FORW: name:enp0s3: saddr:16783984: daddr:100932208
[  290.040330] AAAAA-TCP_FORW: name:enp0s3: saddr:100932208: daddr:33561200
[  290.091587] AAAAA-TCP_FORW: name:enp0s3: saddr:100932208: daddr:33561200
[  290.121179] AAAAA-TCP_FORW: name:enp0s3: saddr:100932208: daddr:33561200
[  290.164213] AAAAA-TCP_FORW: name:enp0s3: saddr:33561200: daddr:100932208
[  290.316601] AAAAA-TCP_FORW: name:enp0s3: saddr:33561200: daddr:100932208
[  290.416041] AAAAA-TCP_FORW: name:enp0s3: saddr:100932208: daddr:33561200
[  290.501506] AAAAA-TCP_FORW: name:enp0s3: saddr:100932208: daddr:33561200
[  290.583787] AAAAA-TCP_FORW: name:enp0s3: saddr:16783984: daddr:100932208
[  290.681560] AAAAA-TCP_FORW: name:enp0s3: saddr:16783984: daddr:100932208
[  290.734730] AAAAA-TCP_FORW: name:enp0s3: saddr:16783984: daddr:100932208
[  290.810527] AAAAA-TCP_FORW: name:enp0s3: saddr:100932208: daddr:33561200
[  290.816207] AAAAA-TCP_FORW: name:enp0s3: saddr:16783984: daddr:100932208
[  290.896028] AAAAA-TCP_FORW: name:enp0s3: saddr:33561200: daddr:100932208
[  290.936786] AAAAA-TCP_FORW: name:enp0s3: saddr:33561200: daddr:100932208
[  290.958074] AAAAA-TCP_FORW: name:enp0s3: saddr:100932208: daddr:33561200
[  291.052153] AAAAA-TCP_FORW: name:enp0s3: saddr:33561200: daddr:100932208
[  291.068896] AAAAA-TCP_FORW: name:enp0s3: saddr:33561200: daddr:100932208
[  291.146332] AAAAA-TCP_FORW: name:enp0s3: saddr:33561200: daddr:100932208
[  291.208020] AAAAA-TCP_FORW: name:enp0s3: saddr:33561200: daddr:100932208
[  291.234152] AAAAA-TCP_FORW: name:enp0s3: saddr:100932208: daddr:33561200
[  291.261992] AAAAA-TCP_FORW: name:enp0s3: saddr:100932208: daddr:16783984
[  291.320489] AAAAA-TCP_FORW: name:enp0s3: saddr:100932208: daddr:16783984
[  291.339011] AAAAA-TCP_FORW: name:enp0s3: saddr:33561200: daddr:100932208
[  291.376594] AAAAA-TCP_FORW: name:enp0s3: saddr:100932208: daddr:16783984
[  291.437263] AAAAA-TCP_FORW: name:enp0s3: saddr:100932208: daddr:16783984
[  291.449950] AAAAA-TCP_FORW: name:enp0s3: saddr:33561200: daddr:100932208
[  291.479370] AAAAA-TCP_FORW: name:enp0s3: saddr:100932208: daddr:33561200
[  291.528158] AAAAA-TCP_FORW: name:enp0s3: saddr:100932208: daddr:16783984
[  291.557141] AAAAA-TCP_FORW: name:enp0s3: saddr:33561200: daddr:100932208
[  291.604880] AAAAA-TCP_FORW: name:enp0s3: saddr:100932208: daddr:16783984
[  291.670314] AAAAA-TCP_FORW: name:enp0s3: saddr:100932208: daddr:16783984
[  291.693955] AAAAA-TCP_FORW: name:enp0s3: saddr:33561200: daddr:100932208
[  291.721238] AAAAA-TCP_FORW: name:enp0s3: saddr:100932208: daddr:16783984
[  291.823044] AAAAA-TCP_FORW: name:enp0s3: saddr:100932208: daddr:33561200
[  291.839968] AAAAA-TCP_FORW: name:enp0s3: saddr:33561200: daddr:100932208
[  291.910234] AAAAA-TCP_FORW: name:enp0s3: saddr:33561200: daddr:100932208
[  291.931000] AAAAA-TCP_FORW: name:enp0s3: saddr:100932208: daddr:33561200
[  292.046708] AAAAA-TCP_FORW: name:enp0s3: saddr:33561200: daddr:100932208
[  292.145422] AAAAA-TCP_FORW: name:enp0s3: saddr:100932208: daddr:16783984
[  292.184633] AAAAA-TCP_FORW: name:enp0s3: saddr:100932208: daddr:16783984
[  292.216667] AAAAA-TCP_FORW: name:enp0s3: saddr:33561200: daddr:100932208
[  292.220482] AAAAA-TCP_FORW: name:enp0s3: saddr:100932208: daddr:16783984
[  292.360656] AAAAA-TCP_FORW: name:enp0s3: saddr:33561200: daddr:100932208
[  292.583317] AAAAA-TCP_FORW: name:enp0s3: saddr:33561200: daddr:100932208
[  292.683144] AAAAA-TCP_FORW: name:enp0s3: saddr:16783984: daddr:100932208
[  292.733931] AAAAA-TCP_FORW: name:enp0s3: saddr:16783984: daddr:100932208
[  292.754368] AAAAA-TCP_FORW: name:enp0s3: saddr:16783984: daddr:100932208
[  292.809647] AAAAA-TCP_FORW: name:enp0s3: saddr:16783984: daddr:100932208
[  292.915085] AAAAA-TCP_FORW: name:enp0s3: saddr:16783984: daddr:100932208
[  292.988665] AAAAA-TCP_FORW: name:enp0s3: saddr:16783984: daddr:100932208
[  293.056721] AAAAA-TCP_FORW: name:enp0s3: saddr:16783984: daddr:100932208
[  293.098500] AAAAA-TCP_FORW: name:enp0s3: saddr:33561200: daddr:100932208
[  293.220967] AAAAA-TCP_FORW: name:enp0s3: saddr:16783984: daddr:100932208
[  293.324268] AAAAA-TCP_FORW: name:enp0s3: saddr:33561200: daddr:100932208
[  293.409345] AAAAA-TCP_FORW: name:enp0s3: saddr:16783984: daddr:100932208
[  293.459498] AAAAA-TCP_FORW: name:enp0s3: saddr:16783984: daddr:100932208
[  293.546354] AAAAA-TCP_FORW: name:enp0s3: saddr:16783984: daddr:100932208
[  317.335249] AAAAA-TCP_FORW: name:enp0s3: saddr:33561200: daddr:100932208
[  317.552835] AAAAA-TCP_FORW: name:enp0s3: saddr:16783984: daddr:100932208
[  317.945470] AAAAA-TCP_FORW: name:enp0s3: saddr:33561200: daddr:100932208
[  318.170577] AAAAA-TCP_FORW: name:enp0s3: saddr:16783984: daddr:100932208
[  318.201029] AAAAA-TCP_FORW: name:enp0s3: saddr:16783984: daddr:100932208
[  318.231133] AAAAA-TCP_FORW: name:enp0s3: saddr:33561200: daddr:100932208
[  318.285131] AAAAA-TCP_FORW: name:enp0s3: saddr:16783984: daddr:100932208
[  318.495896] AAAAA-TCP_FORW: name:enp0s3: saddr:16783984: daddr:100932208
[  318.739965] AAAAA-TCP_FORW: name:enp0s3: saddr:33561200: daddr:100932208
[  318.931963] AAAAA-TCP_FORW: name:enp0s3: saddr:16783984: daddr:100932208
[  319.184911] AAAAA-TCP_FORW: name:enp0s3: saddr:33561200: daddr:100932208
[  319.415640] AAAAA-TCP_FORW: name:enp0s3: saddr:16783984: daddr:100932208
[  319.674157] AAAAA-TCP_FORW: name:enp0s3: saddr:33561200: daddr:100932208
[  319.888594] AAAAA-TCP_FORW: name:enp0s3: saddr:16783984: daddr:100932208
[  320.067425] AAAAA-TCP_FORW: name:enp0s3: saddr:33561200: daddr:100932208
[  320.241451] AAAAA-TCP_FORW: name:enp0s3: saddr:16783984: daddr:100932208
[  320.271167] AAAAA-TCP_FORW: name:enp0s3: saddr:33561200: daddr:100932208
[  320.509338] AAAAA-TCP_FORW: name:enp0s3: saddr:100932208: daddr:33561200
[  320.579475] AAAAA-TCP_FORW: name:enp0s3: saddr:100932208: daddr:16783984
[  320.632779] AAAAA-TCP_FORW: name:enp0s3: saddr:16783984: daddr:100932208
[  320.680719] AAAAA-TCP_FORW: name:enp0s3: saddr:100932208: daddr:16783984
[  320.772678] AAAAA-TCP_FORW: name:enp0s3: saddr:100932208: daddr:16783984
[  320.780171] AAAAA-TCP_FORW: name:enp0s3: saddr:33561200: daddr:100932208
[  320.825121] AAAAA-TCP_FORW: name:enp0s3: saddr:33561200: daddr:100932208
[  320.843688] AAAAA-TCP_FORW: name:enp0s3: saddr:100932208: daddr:33561200
[  320.976162] AAAAA-TCP_FORW: name:enp0s3: saddr:100932208: daddr:16783984
[  320.993496] AAAAA-TCP_FORW: name:enp0s3: saddr:16783984: daddr:100932208
[  321.024707] AAAAA-TCP_FORW: name:enp0s3: saddr:100932208: daddr:16783984
[  321.056975] AAAAA-TCP_FORW: name:enp0s3: saddr:33561200: daddr:100932208
[  321.212476] AAAAA-TCP_FORW: name:enp0s3: saddr:100932208: daddr:33561200
[  321.240793] AAAAA-TCP_FORW: name:enp0s3: saddr:16783984: daddr:100932208
[  321.302810] AAAAA-TCP_FORW: name:enp0s3: saddr:33561200: daddr:100932208
[  321.305577] AAAAA-TCP_FORW: name:enp0s3: saddr:100932208: daddr:33561200
[  321.446821] AAAAA-TCP_FORW: name:enp0s3: saddr:100932208: daddr:33561200
[  321.522493] AAAAA-TCP_FORW: name:enp0s3: saddr:100932208: daddr:33561200
[  321.591809] AAAAA-TCP_FORW: name:enp0s3: saddr:100932208: daddr:33561200
[  321.640531] AAAAA-TCP_FORW: name:enp0s3: saddr:16783984: daddr:100932208
[  321.652368] AAAAA-TCP_FORW: name:enp0s3: saddr:100932208: daddr:16783984
[  321.736313] AAAAA-TCP_FORW: name:enp0s3: saddr:100932208: daddr:16783984
[  321.949980] AAAAA-TCP_FORW: name:enp0s3: saddr:100932208: daddr:33561200
[  322.102975] AAAAA-TCP_FORW: name:enp0s3: saddr:100932208: daddr:33561200
[  322.154035] AAAAA-TCP_FORW: name:enp0s3: saddr:100932208: daddr:16783984
[  322.219921] AAAAA-TCP_FORW: name:enp0s3: saddr:100932208: daddr:16783984
[  322.516782] AAAAA-TCP_FORW: name:enp0s3: saddr:100932208: daddr:33561200
[  322.970117] AAAAA-TCP_FORW: name:enp0s3: saddr:100932208: daddr:33561200
[  323.025246] AAAAA-TCP_FORW: name:enp0s3: saddr:100932208: daddr:33561200
[  323.109587] AAAAA-TCP_FORW: name:enp0s3: saddr:100932208: daddr:33561200
[  323.205649] AAAAA-TCP_FORW: name:enp0s3: saddr:100932208: daddr:33561200
[  323.231741] AAAAA-TCP_FORW: name:enp0s3: saddr:100932208: daddr:33561200
[  323.311135] AAAAA-TCP_FORW: name:enp0s3: saddr:100932208: daddr:33561200
[  323.516447] AAAAA-TCP_FORW: name:enp0s3: saddr:100932208: daddr:33561200
[  323.594039] AAAAA-TCP_FORW: name:enp0s3: saddr:100932208: daddr:33561200
[  323.657675] AAAAA-TCP_FORW: name:enp0s3: saddr:100932208: daddr:33561200
[  323.759703] AAAAA-TCP_FORW: name:enp0s3: saddr:100932208: daddr:33561200
[  323.853766] AAAAA-TCP_FORW: name:enp0s3: saddr:100932208: daddr:16783984
[  323.898592] AAAAA-TCP_FORW: name:enp0s3: saddr:100932208: daddr:16783984
[  324.021477] AAAAA-TCP_FORW: name:enp0s3: saddr:100932208: daddr:16783984
[  324.124417] AAAAA-TCP_FORW: name:enp0s3: saddr:100932208: daddr:16783984
[  324.290666] AAAAA-TCP_FORW: name:enp0s3: saddr:100932208: daddr:16783984
[  324.458653] AAAAA-TCP_FORW: name:enp0s3: saddr:100932208: daddr:16783984
[  324.527086] AAAAA-TCP_FORW: name:enp0s3: saddr:100932208: daddr:16783984
[  324.590699] AAAAA-TCP_FORW: name:enp0s3: saddr:100932208: daddr:16783984
[  324.727010] AAAAA-TCP_FORW: name:enp0s3: saddr:100932208: daddr:16783984
[  324.851020] AAAAA-TCP_FORW: name:enp0s3: saddr:100932208: daddr:16783984
[  324.951968] AAAAA-TCP_FORW: name:enp0s3: saddr:100932208: daddr:16783984
[  325.168690] AAAAA-TCP_FORW: name:enp0s3: saddr:100932208: daddr:16783984
[  325.219801] AAAAA-TCP_FORW: name:enp0s3: saddr:100932208: daddr:33561200
[  325.378554] AAAAA-TCP_FORW: name:enp0s3: saddr:100932208: daddr:33561200
[  325.497745] AAAAA-TCP_FORW: name:enp0s3: saddr:100932208: daddr:33561200
[  325.661415] AAAAA-TCP_FORW: name:enp0s3: saddr:100932208: daddr:16783984
[  325.837854] AAAAA-TCP_FORW: name:enp0s3: saddr:100932208: daddr:16783984
[  325.851817] AAAAA-TCP_FORW: name:enp0s3: saddr:100932208: daddr:16783984
[  325.901351] AAAAA-TCP_FORW: name:enp0s3: saddr:100932208: daddr:33561200
[  326.001278] AAAAA-TCP_FORW: name:enp0s3: saddr:100932208: daddr:33561200
[  326.055829] AAAAA-TCP_FORW: name:enp0s3: saddr:100932208: daddr:16783984
[  326.218275] AAAAA-TCP_FORW: name:enp0s3: saddr:100932208: daddr:33561200
[  326.233378] AAAAA-TCP_FORW: name:enp0s3: saddr:100932208: daddr:33561200
[  326.385919] AAAAA-TCP_FORW: name:enp0s3: saddr:100932208: daddr:33561200
[  326.548593] AAAAA-TCP_FORW: name:enp0s3: saddr:100932208: daddr:33561200
[  326.613091] AAAAA-TCP_FORW: name:enp0s3: saddr:100932208: daddr:33561200
[  326.670255] AAAAA-TCP_FORW: name:enp0s3: saddr:100932208: daddr:33561200
[  326.756075] AAAAA-TCP_FORW: name:enp0s3: saddr:100932208: daddr:33561200
[  326.901324] AAAAA-TCP_FORW: name:enp0s3: saddr:100932208: daddr:33561200
[  326.996923] AAAAA-TCP_FORW: name:enp0s3: saddr:100932208: daddr:33561200
[  327.159702] AAAAA-TCP_FORW: name:enp0s3: saddr:100932208: daddr:16783984
[  327.617290] AAAAA-TCP_FORW: name:enp0s3: saddr:100932208: daddr:33561200
[  328.218205] AAAAA-TCP_FORW: name:enp0s3: saddr:100932208: daddr:16783984
[  328.781072] AAAAA-TCP_FORW: name:enp0s3: saddr:100932208: daddr:33561200
[  328.874928] AAAAA-TCP_FORW: name:enp0s3: saddr:100932208: daddr:16783984
[  328.979842] AAAAA-TCP_FORW: name:enp0s3: saddr:100932208: daddr:33561200
[  329.277681] AAAAA-TCP_FORW: name:enp0s3: saddr:100932208: daddr:16783984
[  333.858440] AAAAA-TCP_FORW: name:enp0s3: saddr:33561200: daddr:100932208
[  334.265661] AAAAA-TCP_FORW: name:enp0s3: saddr:33561200: daddr:100932208
[  334.719074] AAAAA-TCP_FORW: name:enp0s3: saddr:100932208: daddr:33561200
[  335.854328] AAAAA-TCP_FORW: name:enp0s3: saddr:33561200: daddr:100932208
[  336.058960] AAAAA-TCP_FORW: name:enp0s3: saddr:100932208: daddr:33561200
[  336.512086] AAAAA-TCP_FORW: name:enp0s3: saddr:100932208: daddr:33561200
[  336.688926] AAAAA-TCP_FORW: name:enp0s3: saddr:100932208: daddr:16783984
[  336.849523] AAAAA-TCP_FORW: name:enp0s3: saddr:16783984: daddr:100932208
[  336.902866] AAAAA-TCP_FORW: name:enp0s3: saddr:16783984: daddr:100932208
[  337.215945] AAAAA-TCP_FORW: name:enp0s3: saddr:100932208: daddr:33561200
[  337.740731] AAAAA-TCP_FORW: name:enp0s3: saddr:16783984: daddr:100932208
[  349.244882] AAAAA-TCP_FORW: name:enp0s3: saddr:100932208: daddr:16783984
[  349.369559] AAAAA-TCP_FORW: name:enp0s3: saddr:100932208: daddr:33561200
[  349.424954] AAAAA-TCP_FORW: name:enp0s3: saddr:100932208: daddr:16783984
[  349.461223] AAAAA-TCP_FORW: name:enp0s3: saddr:100932208: daddr:33561200
[  349.494463] AAAAA-TCP_FORW: name:enp0s3: saddr:100932208: daddr:16783984
[  349.543844] AAAAA-TCP_FORW: name:enp0s3: saddr:100932208: daddr:33561200
[  349.603690] AAAAA-TCP_FORW: name:enp0s3: saddr:100932208: daddr:16783984
[  349.639220] AAAAA-TCP_FORW: name:enp0s3: saddr:100932208: daddr:33561200
[  349.705298] AAAAA-TCP_FORW: name:enp0s3: saddr:100932208: daddr:16783984
[  349.764986] AAAAA-TCP_FORW: name:enp0s3: saddr:100932208: daddr:33561200
[  349.804610] AAAAA-TCP_FORW: name:enp0s3: saddr:100932208: daddr:16783984
[  349.856540] AAAAA-TCP_FORW: name:enp0s3: saddr:100932208: daddr:33561200
[  349.878636] AAAAA-TCP_FORW: name:enp0s3: saddr:100932208: daddr:16783984
[  349.910184] AAAAA-TCP_FORW: name:enp0s3: saddr:100932208: daddr:33561200
[  349.982138] AAAAA-TCP_FORW: name:enp0s3: saddr:100932208: daddr:16783984
[  350.059268] AAAAA-TCP_FORW: name:enp0s3: saddr:100932208: daddr:33561200
[  350.088978] AAAAA-TCP_FORW: name:enp0s3: saddr:100932208: daddr:16783984
[  350.134153] AAAAA-TCP_FORW: name:enp0s3: saddr:100932208: daddr:33561200
[  350.171886] AAAAA-TCP_FORW: name:enp0s3: saddr:100932208: daddr:16783984
[  350.214358] AAAAA-TCP_FORW: name:enp0s3: saddr:100932208: daddr:33561200
[  350.265330] AAAAA-TCP_FORW: name:enp0s3: saddr:100932208: daddr:16783984
[  350.338875] AAAAA-TCP_FORW: name:enp0s3: saddr:100932208: daddr:33561200
[  350.400484] AAAAA-TCP_FORW: name:enp0s3: saddr:100932208: daddr:16783984
[  350.433686] AAAAA-TCP_FORW: name:enp0s3: saddr:100932208: daddr:33561200
[  350.496007] AAAAA-TCP_FORW: name:enp0s3: saddr:100932208: daddr:16783984
[  350.537260] AAAAA-TCP_FORW: name:enp0s3: saddr:100932208: daddr:33561200
[  350.587406] AAAAA-TCP_FORW: name:enp0s3: saddr:100932208: daddr:16783984
[  350.629147] AAAAA-TCP_FORW: name:enp0s3: saddr:100932208: daddr:33561200
[  350.698842] AAAAA-TCP_FORW: name:enp0s3: saddr:100932208: daddr:16783984
[  350.782526] AAAAA-TCP_FORW: name:enp0s3: saddr:100932208: daddr:33561200
[  350.823416] AAAAA-TCP_FORW: name:enp0s3: saddr:100932208: daddr:16783984
[  350.854866] AAAAA-TCP_FORW: name:enp0s3: saddr:100932208: daddr:33561200
[  350.896317] AAAAA-TCP_FORW: name:enp0s3: saddr:100932208: daddr:16783984
[  350.983667] AAAAA-TCP_FORW: name:enp0s3: saddr:100932208: daddr:33561200
[  351.029941] AAAAA-TCP_FORW: name:enp0s3: saddr:100932208: daddr:16783984
[  351.111886] AAAAA-TCP_FORW: name:enp0s3: saddr:100932208: daddr:33561200
[  351.281833] AAAAA-TCP_FORW: name:enp0s3: saddr:100932208: daddr:16783984
