[    0.000000] Linux version 5.4.243-mptcp (root@ztg) (gcc version 12.2.0 (Debian 12.2.0-14+deb12u1)) #53 SMP Wed Dec 24 23:28:15 CST 2025
[    0.000000] Command line: BOOT_IMAGE=/boot/vmlinuz-5.4.243-mptcp root=UUID=98415a12-53b7-4144-8265-0f7ece09e445 ro quiet splash
[    0.000000] KERNEL supported cpus:
[    0.000000]   Intel GenuineIntel
[    0.000000]   AMD AuthenticAMD
[    0.000000]   Hygon HygonGenuine
[    0.000000]   Centaur CentaurHauls
[    0.000000]   zhaoxin   Shanghai  
[    0.000000] x86/fpu: Supporting XSAVE feature 0x001: 'x87 floating point registers'
[    0.000000] x86/fpu: Supporting XSAVE feature 0x002: 'SSE registers'
[    0.000000] x86/fpu: Supporting XSAVE feature 0x004: 'AVX registers'
[    0.000000] x86/fpu: xstate_offset[2]:  576, xstate_sizes[2]:  256
[    0.000000] x86/fpu: Enabled xstate features 0x7, context size is 832 bytes, using 'standard' format.
[    0.000000] BIOS-provided physical RAM map:
[    0.000000] BIOS-e820: [mem 0x0000000000000000-0x000000000009fbff] usable
[    0.000000] BIOS-e820: [mem 0x000000000009fc00-0x000000000009ffff] reserved
[    0.000000] BIOS-e820: [mem 0x00000000000f0000-0x00000000000fffff] reserved
[    0.000000] BIOS-e820: [mem 0x0000000000100000-0x000000007ffeffff] usable
[    0.000000] BIOS-e820: [mem 0x000000007fff0000-0x000000007fffffff] ACPI data
[    0.000000] BIOS-e820: [mem 0x00000000fec00000-0x00000000fec00fff] reserved
[    0.000000] BIOS-e820: [mem 0x00000000fee00000-0x00000000fee00fff] reserved
[    0.000000] BIOS-e820: [mem 0x00000000fffc0000-0x00000000ffffffff] reserved
[    0.000000] NX (Execute Disable) protection: active
[    0.000000] SMBIOS 2.5 present.
[    0.000000] DMI: innotek GmbH VirtualBox/VirtualBox, BIOS VirtualBox 12/01/2006
[    0.000000] Hypervisor detected: KVM
[    0.000000] kvm-clock: Using msrs 4b564d01 and 4b564d00
[    0.000000] kvm-clock: cpu 0, msr 61c01001, primary cpu clock
[    0.000000] kvm-clock: using sched offset of 4429888933 cycles
[    0.000003] clocksource: kvm-clock: mask: 0xffffffffffffffff max_cycles: 0x1cd42e4dffb, max_idle_ns: 881590591483 ns
[    0.000006] tsc: Detected 2100.000 MHz processor
[    0.001978] e820: update [mem 0x00000000-0x00000fff] usable ==> reserved
[    0.001980] e820: remove [mem 0x000a0000-0x000fffff] usable
[    0.001984] last_pfn = 0x7fff0 max_arch_pfn = 0x400000000
[    0.002054] MTRR default type: uncachable
[    0.002055] MTRR fixed ranges enabled:
[    0.002056]   00000-9FFFF write-back
[    0.002057]   A0000-BFFFF uncachable
[    0.002057]   C0000-FFFFF write-protect
[    0.002058] MTRR variable ranges enabled:
[    0.002060]   0 base 000000000000 mask 3FFF80000000 write-back
[    0.002060]   1 disabled
[    0.002061]   2 disabled
[    0.002061]   3 disabled
[    0.002062]   4 disabled
[    0.002062]   5 disabled
[    0.002062]   6 disabled
[    0.002063]   7 disabled
[    0.002063]   8 disabled
[    0.002064]   9 disabled
[    0.002064]   10 disabled
[    0.002065]   11 disabled
[    0.002065]   12 disabled
[    0.002065]   13 disabled
[    0.002066]   14 disabled
[    0.002066]   15 disabled
[    0.002083] x86/PAT: Configuration [0-7]: WB  WC  UC- UC  WB  WP  UC- WT  
[    0.002218] found SMP MP-table at [mem 0x0009fff0-0x0009ffff]
[    0.091479] check: Scanning 1 areas for low memory corruption
[    0.091606] RAMDISK: [mem 0x32271000-0x3512ffff]
[    0.091614] ACPI: Early table checksum verification disabled
[    0.091621] ACPI: RSDP 0x00000000000E0000 000024 (v02 VBOX  )
[    0.091625] ACPI: XSDT 0x000000007FFF0030 00003C (v01 VBOX   VBOXXSDT 00000001 ASL  00000061)
[    0.091632] ACPI: FACP 0x000000007FFF00F0 0000F4 (v04 VBOX   VBOXFACP 00000001 ASL  00000061)
[    0.091638] ACPI: DSDT 0x000000007FFF02E0 002353 (v02 VBOX   VBOXBIOS 00000002 VBOX 00029BF3)
[    0.091642] ACPI: FACS 0x000000007FFF0200 000040
[    0.091645] ACPI: FACS 0x000000007FFF0200 000040
[    0.091649] ACPI: APIC 0x000000007FFF0240 000054 (v02 VBOX   VBOXAPIC 00000001 ASL  00000061)
[    0.091652] ACPI: SSDT 0x000000007FFF02A0 000038 (v01 VBOX   VBOXCPUT 00000002 VBOX 00029BF3)
[    0.091656] ACPI: Reserving FACP table memory at [mem 0x7fff00f0-0x7fff01e3]
[    0.091656] ACPI: Reserving DSDT table memory at [mem 0x7fff02e0-0x7fff2632]
[    0.091657] ACPI: Reserving FACS table memory at [mem 0x7fff0200-0x7fff023f]
[    0.091658] ACPI: Reserving FACS table memory at [mem 0x7fff0200-0x7fff023f]
[    0.091658] ACPI: Reserving APIC table memory at [mem 0x7fff0240-0x7fff0293]
[    0.091659] ACPI: Reserving SSDT table memory at [mem 0x7fff02a0-0x7fff02d7]
[    0.091673] ACPI: Local APIC address 0xfee00000
[    0.091858] No NUMA configuration found
[    0.091859] Faking a node at [mem 0x0000000000000000-0x000000007ffeffff]
[    0.091869] NODE_DATA(0) allocated [mem 0x7ffc5000-0x7ffeffff]
[    0.092129] Zone ranges:
[    0.092130]   DMA      [mem 0x0000000000001000-0x0000000000ffffff]
[    0.092131]   DMA32    [mem 0x0000000001000000-0x000000007ffeffff]
[    0.092132]   Normal   empty
[    0.092133]   Device   empty
[    0.092134] Movable zone start for each node
[    0.092136] Early memory node ranges
[    0.092136]   node   0: [mem 0x0000000000001000-0x000000000009efff]
[    0.092137]   node   0: [mem 0x0000000000100000-0x000000007ffeffff]
[    0.092140] Zeroed struct page in unavailable ranges: 114 pages
[    0.092141] Initmem setup node 0 [mem 0x0000000000001000-0x000000007ffeffff]
[    0.092142] On node 0 totalpages: 524174
[    0.092144]   DMA zone: 64 pages used for memmap
[    0.092144]   DMA zone: 21 pages reserved
[    0.092145]   DMA zone: 3998 pages, LIFO batch:0
[    0.092215]   DMA32 zone: 8128 pages used for memmap
[    0.092216]   DMA32 zone: 520176 pages, LIFO batch:63
[    0.101177] ACPI: PM-Timer IO Port: 0x4008
[    0.101181] ACPI: Local APIC address 0xfee00000
[    0.101254] IOAPIC[0]: apic_id 1, version 32, address 0xfec00000, GSI 0-23
[    0.101258] ACPI: INT_SRC_OVR (bus 0 bus_irq 0 global_irq 2 dfl dfl)
[    0.101260] ACPI: INT_SRC_OVR (bus 0 bus_irq 9 global_irq 9 low level)
[    0.101262] ACPI: IRQ0 used by override.
[    0.101263] ACPI: IRQ9 used by override.
[    0.101266] Using ACPI (MADT) for SMP configuration information
[    0.101272] smpboot: Allowing 1 CPUs, 0 hotplug CPUs
[    0.101296] PM: Registered nosave memory: [mem 0x00000000-0x00000fff]
[    0.101297] PM: Registered nosave memory: [mem 0x0009f000-0x0009ffff]
[    0.101298] PM: Registered nosave memory: [mem 0x000a0000-0x000effff]
[    0.101298] PM: Registered nosave memory: [mem 0x000f0000-0x000fffff]
[    0.101300] [mem 0x80000000-0xfebfffff] available for PCI devices
[    0.101301] Booting paravirtualized kernel on KVM
[    0.101305] clocksource: refined-jiffies: mask: 0xffffffff max_cycles: 0xffffffff, max_idle_ns: 7645519600211568 ns
[    0.101310] setup_percpu: NR_CPUS:8192 nr_cpumask_bits:1 nr_cpu_ids:1 nr_node_ids:1
[    0.102316] percpu: Embedded 60 pages/cpu s208896 r8192 d28672 u2097152
[    0.102321] pcpu-alloc: s208896 r8192 d28672 u2097152 alloc=1*2097152
[    0.102322] pcpu-alloc: [0] 0 
[    0.102349] Built 1 zonelists, mobility grouping on.  Total pages: 515961
[    0.102350] Policy zone: DMA32
[    0.102351] Kernel command line: BOOT_IMAGE=/boot/vmlinuz-5.4.243-mptcp root=UUID=98415a12-53b7-4144-8265-0f7ece09e445 ro quiet splash
[    0.103287] Dentry cache hash table entries: 262144 (order: 9, 2097152 bytes, linear)
[    0.103441] Inode-cache hash table entries: 131072 (order: 8, 1048576 bytes, linear)
[    0.103496] mem auto-init: stack:off, heap alloc:on, heap free:off
[    0.103500] Calgary: detecting Calgary via BIOS EBDA area
[    0.103501] Calgary: Unable to locate Rio Grande table in EBDA - bailing!
[    0.107757] Memory: 1967332K/2096696K available (14339K kernel code, 2398K rwdata, 4712K rodata, 2728K init, 17260K bss, 129364K reserved, 0K cma-reserved)
[    0.108683] SLUB: HWalign=64, Order=0-3, MinObjects=0, CPUs=1, Nodes=1
[    0.108700] ftrace: allocating 43186 entries in 169 pages
[    0.126837] rcu: Hierarchical RCU implementation.
[    0.126839] rcu: 	RCU restricting CPUs from NR_CPUS=8192 to nr_cpu_ids=1.
[    0.126841] 	Tasks RCU enabled.
[    0.126842] rcu: RCU calculated value of scheduler-enlistment delay is 25 jiffies.
[    0.126842] rcu: Adjusting geometry for rcu_fanout_leaf=16, nr_cpu_ids=1
[    0.129810] NR_IRQS: 524544, nr_irqs: 256, preallocated irqs: 16
[    0.130022] random: crng init done
[    0.139473] Console: colour VGA+ 80x25
[    0.139478] printk: console [tty0] enabled
[    0.139503] ACPI: Core revision 20190816
[    0.139614] APIC: Switch to symmetric I/O mode setup
[    0.139867] x2apic enabled
[    0.140106] Switched APIC routing to physical x2apic.
[    0.141240] ..TIMER: vector=0x30 apic1=0 pin1=2 apic2=-1 pin2=-1
[    0.141265] clocksource: tsc-early: mask: 0xffffffffffffffff max_cycles: 0x1e4530a99b6, max_idle_ns: 440795257976 ns
[    0.141271] Calibrating delay loop (skipped) preset value.. 4200.00 BogoMIPS (lpj=8400000)
[    0.141273] pid_max: default: 32768 minimum: 301
[    0.141302] LSM: Security Framework initializing
[    0.141311] Yama: becoming mindful.
[    0.141338] AppArmor: AppArmor initialized
[    0.141372] Mount-cache hash table entries: 4096 (order: 3, 32768 bytes, linear)
[    0.141376] Mountpoint-cache hash table entries: 4096 (order: 3, 32768 bytes, linear)
[    0.141386] *** VALIDATE tmpfs ***
[    0.141543] *** VALIDATE proc ***
[    0.141587] *** VALIDATE cgroup1 ***
[    0.141589] *** VALIDATE cgroup2 ***
[    0.141732] process: using mwait in idle threads
[    0.141737] Last level iTLB entries: 4KB 64, 2MB 8, 4MB 8
[    0.141737] Last level dTLB entries: 4KB 64, 2MB 0, 4MB 0, 1GB 4
[    0.141774] Spectre V1 : Mitigation: usercopy/swapgs barriers and __user pointer sanitization
[    0.141786] Spectre V2 : Mitigation: Retpolines
[    0.141786] Spectre V2 : Spectre v2 / SpectreRSB mitigation: Filling RSB on context switch
[    0.141787] Spectre V2 : Spectre v2 / SpectreRSB : Filling RSB on VMEXIT
[    0.141787] RETBleed: WARNING: Spectre v2 mitigation leaves CPU vulnerable to RETBleed attacks, data leaks possible!
[    0.142181] RETBleed: Vulnerable
[    0.142182] Speculative Store Bypass: Vulnerable
[    0.142188] TAA: Mitigation: TSX disabled
[    0.142188] MMIO Stale Data: Mitigation: Clear CPU buffers
[    0.146407] Freeing SMP alternatives memory: 40K
[    0.258691] smpboot: CPU0: Intel(R) Xeon(R) Silver 4216 CPU @ 2.10GHz (family: 0x6, model: 0x55, stepping: 0x7)
[    0.258840] Performance Events: unsupported p6 CPU model 85 no PMU driver, software events only.
[    0.258877] rcu: Hierarchical SRCU implementation.
[    0.259355] NMI watchdog: Perf NMI watchdog permanently disabled
[    0.259392] smp: Bringing up secondary CPUs ...
[    0.259393] smp: Brought up 1 node, 1 CPU
[    0.259394] smpboot: Max logical packages: 1
[    0.259395] smpboot: Total of 1 processors activated (4200.00 BogoMIPS)
[    0.260373] devtmpfs: initialized
[    0.260420] x86/mm: Memory block size: 128MB
[    0.260788] clocksource: jiffies: mask: 0xffffffff max_cycles: 0xffffffff, max_idle_ns: 7645041785100000 ns
[    0.260794] futex hash table entries: 256 (order: 2, 16384 bytes, linear)
[    0.260839] pinctrl core: initialized pinctrl subsystem
[    0.260942] PM: RTC time: 16:05:00, date: 2026-01-13
[    0.261050] NET: Registered protocol family 16
[    0.261125] audit: initializing netlink subsys (disabled)
[    0.261254] EISA bus registered
[    0.261255] cpuidle: using governor ladder
[    0.261256] cpuidle: using governor menu
[    0.261267] ACPI: bus type PCI registered
[    0.261267] acpiphp: ACPI Hot Plug PCI Controller Driver version: 0.5
[    0.261267] PCI: Using configuration type 1 for base access
[    0.261612] audit: type=2000 audit(1768291506.449:1): state=initialized audit_enabled=0 res=1
[    0.261690] HugeTLB registered 2.00 MiB page size, pre-allocated 0 pages
[    0.262502] ACPI: Added _OSI(Module Device)
[    0.262503] ACPI: Added _OSI(Processor Device)
[    0.262503] ACPI: Added _OSI(3.0 _SCP Extensions)
[    0.262504] ACPI: Added _OSI(Processor Aggregator Device)
[    0.262505] ACPI: Added _OSI(Linux-Dell-Video)
[    0.262506] ACPI: Added _OSI(Linux-Lenovo-NV-HDMI-Audio)
[    0.262507] ACPI: Added _OSI(Linux-HPI-Hybrid-Graphics)
[    0.264466] ACPI: 2 ACPI AML tables successfully acquired and loaded
[    0.265968] ACPI: Interpreter enabled
[    0.265977] ACPI: (supports S0 S5)
[    0.265978] ACPI: Using IOAPIC for interrupt routing
[    0.266184] PCI: Using host bridge windows from ACPI; if necessary, use "pci=nocrs" and report a bug
[    0.266291] ACPI: Enabled 2 GPEs in block 00 to 07
[    0.271410] ACPI: PCI Root Bridge [PCI0] (domain 0000 [bus 00-ff])
[    0.271415] acpi PNP0A03:00: _OSC: OS supports [ASPM ClockPM Segments MSI HPX-Type3]
[    0.271891] acpi PNP0A03:00: _OSC: not requesting OS control; OS requires [ExtendedConfig ASPM ClockPM MSI]
[    0.271899] acpi PNP0A03:00: fail to add MMCONFIG information, can't access extended PCI configuration space under this bridge.
[    0.272306] PCI host bridge to bus 0000:00
[    0.272309] pci_bus 0000:00: root bus resource [io  0x0000-0x0cf7 window]
[    0.272310] pci_bus 0000:00: root bus resource [io  0x0d00-0xffff window]
[    0.272312] pci_bus 0000:00: root bus resource [mem 0x000a0000-0x000bffff window]
[    0.272314] pci_bus 0000:00: root bus resource [mem 0x80000000-0xfdffffff window]
[    0.272316] pci_bus 0000:00: root bus resource [bus 00-ff]
[    0.272365] pci 0000:00:00.0: [8086:1237] type 00 class 0x060000
[    0.273346] pci 0000:00:01.0: [8086:7000] type 00 class 0x060100
[    0.274184] pci 0000:00:01.1: [8086:7111] type 00 class 0x01018a
[    0.274556] pci 0000:00:01.1: reg 0x20: [io  0xd000-0xd00f]
[    0.274706] pci 0000:00:01.1: legacy IDE quirk: reg 0x10: [io  0x01f0-0x01f7]
[    0.274707] pci 0000:00:01.1: legacy IDE quirk: reg 0x14: [io  0x03f6]
[    0.274708] pci 0000:00:01.1: legacy IDE quirk: reg 0x18: [io  0x0170-0x0177]
[    0.274709] pci 0000:00:01.1: legacy IDE quirk: reg 0x1c: [io  0x0376]
[    0.275251] pci 0000:00:02.0: [15ad:0405] type 00 class 0x030000
[    0.277348] pci 0000:00:02.0: reg 0x10: [io  0xd010-0xd01f]
[    0.281314] pci 0000:00:02.0: reg 0x14: [mem 0xe0000000-0xe7ffffff pref]
[    0.284110] pci 0000:00:02.0: reg 0x18: [mem 0xf0000000-0xf01fffff]
[    0.294080] pci 0000:00:03.0: [1022:2000] type 00 class 0x020000
[    0.294790] pci 0000:00:03.0: reg 0x10: [io  0xd020-0xd03f]
[    0.295400] pci 0000:00:03.0: reg 0x14: [mem 0xf0200000-0xf0200fff]
[    0.300385] pci 0000:00:04.0: [80ee:cafe] type 00 class 0x088000
[    0.301054] pci 0000:00:04.0: reg 0x10: [io  0xd040-0xd05f]
[    0.301391] pci 0000:00:04.0: reg 0x14: [mem 0xf0400000-0xf07fffff]
[    0.301992] pci 0000:00:04.0: reg 0x18: [mem 0xf0800000-0xf0803fff pref]
[    0.305311] pci 0000:00:07.0: [8086:7113] type 00 class 0x068000
[    0.305869] pci 0000:00:07.0: quirk: [io  0x4000-0x403f] claimed by PIIX4 ACPI
[    0.305882] pci 0000:00:07.0: quirk: [io  0x4100-0x410f] claimed by PIIX4 SMB
[    0.306495] pci 0000:00:08.0: [8086:100e] type 00 class 0x020000
[    0.307305] pci 0000:00:08.0: reg 0x10: [mem 0xf0820000-0xf083ffff]
[    0.309382] pci 0000:00:08.0: reg 0x18: [io  0xd060-0xd067]
[    0.312685] pci 0000:00:09.0: [8086:100e] type 00 class 0x020000
[    0.313385] pci 0000:00:09.0: reg 0x10: [mem 0xf0840000-0xf085ffff]
[    0.314535] pci 0000:00:09.0: reg 0x18: [io  0xd068-0xd06f]
[    0.325566] ACPI: PCI Interrupt Link [LNKA] (IRQs 5 9 10 *11)
[    0.325845] ACPI: PCI Interrupt Link [LNKB] (IRQs 5 9 *10 11)
[    0.325948] ACPI: PCI Interrupt Link [LNKC] (IRQs 5 *9 10 11)
[    0.326047] ACPI: PCI Interrupt Link [LNKD] (IRQs 5 9 10 *11)
[    0.326317] iommu: Default domain type: Translated 
[    0.326382] pci 0000:00:02.0: vgaarb: setting as boot VGA device
[    0.326384] pci 0000:00:02.0: vgaarb: VGA device added: decodes=io+mem,owns=io+mem,locks=none
[    0.326387] pci 0000:00:02.0: vgaarb: bridge control possible
[    0.326387] vgaarb: loaded
[    0.326600] SCSI subsystem initialized
[    0.326635] libata version 3.00 loaded.
[    0.326659] ACPI: bus type USB registered
[    0.326675] usbcore: registered new interface driver usbfs
[    0.326681] usbcore: registered new interface driver hub
[    0.326686] usbcore: registered new device driver usb
[    0.326715] pps_core: LinuxPPS API ver. 1 registered
[    0.326715] pps_core: Software ver. 5.3.6 - Copyright 2005-2007 Rodolfo Giometti <giometti@linux.it>
[    0.326717] PTP clock support registered
[    0.326751] EDAC MC: Ver: 3.0.0
[    0.327038] PCI: Using ACPI for IRQ routing
[    0.327039] PCI: pci_cache_line_size set to 64 bytes
[    0.327210] e820: reserve RAM buffer [mem 0x0009fc00-0x0009ffff]
[    0.327214] e820: reserve RAM buffer [mem 0x7fff0000-0x7fffffff]
[    0.328003] NetLabel: Initializing
[    0.328004] NetLabel:  domain hash size = 128
[    0.328004] NetLabel:  protocols = UNLABELED CIPSOv4 CALIPSO
[    0.328024] NetLabel:  unlabeled traffic allowed by default
[    0.328934] clocksource: Switched to clocksource kvm-clock
[    0.339815] *** VALIDATE bpf ***
[    0.339886] VFS: Disk quotas dquot_6.6.0
[    0.339899] VFS: Dquot-cache hash table entries: 512 (order 0, 4096 bytes)
[    0.339922] *** VALIDATE ramfs ***
[    0.339925] *** VALIDATE hugetlbfs ***
[    0.340026] AppArmor: AppArmor Filesystem Enabled
[    0.340055] pnp: PnP ACPI init
[    0.340055] pnp 00:00: Plug and Play ACPI device, IDs PNP0303 (active)
[    0.340220] pnp 00:01: Plug and Play ACPI device, IDs PNP0f03 (active)
[    0.340972] pnp: PnP ACPI: found 2 devices
[    0.342010] thermal_sys: Registered thermal governor 'fair_share'
[    0.342011] thermal_sys: Registered thermal governor 'bang_bang'
[    0.342012] thermal_sys: Registered thermal governor 'step_wise'
[    0.342012] thermal_sys: Registered thermal governor 'user_space'
[    0.342013] thermal_sys: Registered thermal governor 'power_allocator'
[    0.346546] clocksource: acpi_pm: mask: 0xffffff max_cycles: 0xffffff, max_idle_ns: 2085701024 ns
[    0.346590] pci_bus 0000:00: resource 4 [io  0x0000-0x0cf7 window]
[    0.346591] pci_bus 0000:00: resource 5 [io  0x0d00-0xffff window]
[    0.346592] pci_bus 0000:00: resource 6 [mem 0x000a0000-0x000bffff window]
[    0.346593] pci_bus 0000:00: resource 7 [mem 0x80000000-0xfdffffff window]
[    0.346657] NET: Registered protocol family 2
[    0.346733] IP idents hash table entries: 32768 (order: 6, 262144 bytes, linear)
[    0.347160] MPTCP tokens hash table entries: 8192 (order: 4, 65536 bytes, linear)
[    0.347180] MPTCP request tokens hash table entries: 8192 (order: 4, 65536 bytes, linear)
[    0.347206] default registered
[    0.347206] default registered
[    0.347207] MPTCP: Stable release v0.96
[    0.347212] tcp_listen_portaddr_hash hash table entries: 1024 (order: 2, 16384 bytes, linear)
[    0.347292] TCP established hash table entries: 16384 (order: 5, 131072 bytes, linear)
[    0.347359] TCP bind hash table entries: 16384 (order: 6, 262144 bytes, linear)
[    0.347385] TCP: Hash tables configured (established 16384 bind 16384)
[    0.348122] UDP hash table entries: 1024 (order: 3, 32768 bytes, linear)
[    0.348133] UDP-Lite hash table entries: 1024 (order: 3, 32768 bytes, linear)
[    0.348172] NET: Registered protocol family 1
[    0.348181] NET: Registered protocol family 44
[    0.348205] pci 0000:00:00.0: Limiting direct PCI/PCI transfers
[    0.348217] pci 0000:00:01.0: Activating ISA DMA hang workarounds
[    0.348275] pci 0000:00:02.0: Video device with shadowed ROM at [mem 0x000c0000-0x000dffff]
[    0.348337] PCI: CLS 0 bytes, default 64
[    0.348387] Trying to unpack rootfs image as initramfs...
[    0.523575] Freeing initrd memory: 47868K
[    0.523575] clocksource: tsc: mask: 0xffffffffffffffff max_cycles: 0x1e4530a99b6, max_idle_ns: 440795257976 ns
[    0.523575] clocksource: Switched to clocksource tsc
[    0.523575] platform rtc_cmos: registered platform RTC device (no PNP device found)
[    0.523575] check: Scanning for low memory corruption every 60 seconds
[    0.523575] Initialise system trusted keyrings
[    0.523575] Key type blacklist registered
[    0.523575] workingset: timestamp_bits=36 max_order=19 bucket_order=0
[    0.523575] zbud: loaded
[    0.523575] squashfs: version 4.0 (2009/01/31) Phillip Lougher
[    0.523575] fuse: init (API version 7.31)
[    0.523575] *** VALIDATE fuse ***
[    0.523575] *** VALIDATE fuse ***
[    0.523575] Platform Keyring initialized
[    0.538866] Key type asymmetric registered
[    0.538868] Asymmetric key parser 'x509' registered
[    0.538884] Block layer SCSI generic (bsg) driver version 0.4 loaded (major 244)
[    0.538937] io scheduler mq-deadline registered
[    0.539079] shpchp: Standard Hot Plug PCI Controller Driver version: 0.4
[    0.539302] ACPI: AC Adapter [AC] (on-line)
[    0.539346] input: Power Button as /devices/LNXSYSTM:00/LNXPWRBN:00/input/input0
[    0.539375] ACPI: Power Button [PWRF]
[    0.539457] input: Sleep Button as /devices/LNXSYSTM:00/LNXSLPBN:00/input/input1
[    0.539472] ACPI: Sleep Button [SLPF]
[    0.539709] Serial: 8250/16550 driver, 32 ports, IRQ sharing enabled
[    0.540884] Linux agpgart interface v0.103
[    0.631295] loop: module loaded
[    0.631450] ata_piix 0000:00:01.1: version 2.13
[    0.631858] scsi host0: ata_piix
[    0.631949] scsi host1: ata_piix
[    0.631975] ata1: PATA max UDMA/33 cmd 0x1f0 ctl 0x3f6 bmdma 0xd000 irq 14
[    0.631976] ata2: PATA max UDMA/33 cmd 0x170 ctl 0x376 bmdma 0xd008 irq 15
[    0.632072] tun: Universal TUN/TAP device driver, 1.6
[    0.632388] PPP generic driver version 2.4.2
[    0.632432] VFIO - User Level meta-driver version: 0.3
[    0.632667] ehci_hcd: USB 2.0 'Enhanced' Host Controller (EHCI) Driver
[    0.632672] ehci-pci: EHCI PCI platform driver
[    0.632687] ehci-platform: EHCI generic platform driver
[    0.632693] ohci_hcd: USB 1.1 'Open' Host Controller (OHCI) Driver
[    0.632695] ohci-pci: OHCI PCI platform driver
[    0.632702] ohci-platform: OHCI generic platform driver
[    0.632706] uhci_hcd: USB Universal Host Controller Interface driver
[    0.632772] i8042: PNP: PS/2 Controller [PNP0303:PS2K,PNP0f03:PS2M] at 0x60,0x64 irq 1,12
[    0.633208] serio: i8042 KBD port at 0x60,0x64 irq 1
[    0.633211] serio: i8042 AUX port at 0x60,0x64 irq 12
[    0.633298] mousedev: PS/2 mouse device common for all mice
[    0.633556] input: AT Translated Set 2 keyboard as /devices/platform/i8042/serio0/input/input2
[    0.633953] rtc_cmos rtc_cmos: registered as rtc0
[    0.633966] rtc_cmos rtc_cmos: alarms up to one day, 114 bytes nvram
[    0.633971] i2c /dev entries driver
[    0.634015] device-mapper: uevent: version 1.0.3
[    0.634058] device-mapper: ioctl: 4.41.0-ioctl (2019-09-16) initialised: dm-devel@redhat.com
[    0.634073] platform eisa.0: Probing EISA bus 0
[    0.634075] platform eisa.0: EISA: Cannot allocate resource for mainboard
[    0.634076] platform eisa.0: Cannot allocate resource for EISA slot 1
[    0.634077] platform eisa.0: Cannot allocate resource for EISA slot 2
[    0.634078] platform eisa.0: Cannot allocate resource for EISA slot 3
[    0.634079] platform eisa.0: Cannot allocate resource for EISA slot 4
[    0.634080] platform eisa.0: Cannot allocate resource for EISA slot 5
[    0.634081] platform eisa.0: Cannot allocate resource for EISA slot 6
[    0.634082] platform eisa.0: Cannot allocate resource for EISA slot 7
[    0.634083] platform eisa.0: Cannot allocate resource for EISA slot 8
[    0.634084] platform eisa.0: EISA: Detected 0 cards
[    0.634087] intel_pstate: CPU model not supported
[    0.634096] ledtrig-cpu: registered to indicate activity on CPUs
[    0.634149] drop_monitor: Initializing network drop monitor service
[    0.634309] NET: Registered protocol family 10
[    0.639429] Segment Routing with IPv6
[    0.639429] fullmesh registered
[    0.639429] ndiffports registered
[    0.639429] binder registered
[    0.639429] roundrobin registered
[    0.639429] redundant registered
[    0.639429] blest registered
[    0.639429] ecf registered
[    0.639429] NET: Registered protocol family 17
[    0.639429] Key type dns_resolver registered
[    0.639429] RAS: Correctable Errors collector initialized.
[    0.639429] IPI shorthand broadcast: enabled
[    0.639429] sched_clock: Marking stable (624172803, 11256334)->(638535171, -3106034)
[    0.639707] registered taskstats version 1
[    0.639716] Loading compiled-in X.509 certificates
[    0.640319] Loaded X.509 cert 'Build time autogenerated kernel key: 6909f3744cebb3d0de528d5887b96a727de79b1e'
[    0.640340] zswap: loaded using pool lzo/zbud
[    0.640400] Key type ._fscrypt registered
[    0.640401] Key type .fscrypt registered
[    0.644885] Key type big_key registered
[    0.647074] Key type encrypted registered
[    0.647077] AppArmor: AppArmor sha1 policy hashing enabled
[    0.647085] ima: No TPM chip found, activating TPM-bypass!
[    0.647088] ima: Allocated hash algorithm: sha1
[    0.647094] ima: No architecture policies found
[    0.647103] evm: Initialising EVM extended attributes:
[    0.647103] evm: security.selinux
[    0.647104] evm: security.SMACK64
[    0.647104] evm: security.SMACK64EXEC
[    0.647104] evm: security.SMACK64TRANSMUTE
[    0.647105] evm: security.SMACK64MMAP
[    0.647105] evm: security.apparmor
[    0.647106] evm: security.ima
[    0.647106] evm: security.capability
[    0.647107] evm: HMAC attrs: 0x1
[    0.647408] PM:   Magic number: 10:156:85
[    0.647524] rtc_cmos rtc_cmos: setting system clock to 2026-01-13T16:05:01 UTC (1768320301)
[    0.804367] ata1.00: ATA-6: VBOX HARDDISK, 1.0, max UDMA/133
[    0.804370] ata1.00: 209715200 sectors, multi 128: LBA 
[    0.804994] scsi 0:0:0:0: Direct-Access     ATA      VBOX HARDDISK    1.0  PQ: 0 ANSI: 5
[    0.805278] sd 0:0:0:0: [sda] 209715200 512-byte logical blocks: (107 GB/100 GiB)
[    0.805290] sd 0:0:0:0: [sda] Write Protect is off
[    0.805293] sd 0:0:0:0: [sda] Mode Sense: 00 3a 00 00
[    0.805312] sd 0:0:0:0: [sda] Write cache: enabled, read cache: enabled, doesn't support DPO or FUA
[    0.805546] sd 0:0:0:0: Attached scsi generic sg0 type 0
[    0.806481]  sda: sda1 sda2
[    0.815632] sd 0:0:0:0: [sda] Attached SCSI disk
[    0.821005] Freeing unused decrypted memory: 2040K
[    0.822385] Freeing unused kernel image memory: 2728K
[    0.822390] Write protecting the kernel read-only data: 22528k
[    0.823890] Freeing unused kernel image memory: 2036K
[    0.824707] Freeing unused kernel image memory: 1432K
[    0.861190] x86/mm: Checked W+X mappings: passed, no W+X pages found.
[    0.861196] Run /init as init process
[    0.969662] ACPI: Video Device [GFX0] (multi-head: yes  rom: no  post: no)
[    0.969734] input: Video Bus as /devices/LNXSYSTM:00/LNXSYBUS:00/PNP0A03:00/LNXVIDEO:00/input/input4
[    0.981138] pcnet32: pcnet32.c:v1.35 21.Apr.2008 tsbogend@alpha.franken.de
[    0.982706] piix4_smbus 0000:00:07.0: SMBus Host Controller at 0x4100, revision 0
[    0.985345] e1000: Intel(R) PRO/1000 Network Driver - version 7.3.21-k8-NAPI
[    0.985346] e1000: Copyright (c) 1999-2006 Intel Corporation.
[    0.989220] pcnet32: PCnet/FAST III 79C973 at 0xd020, 08:00:27:f9:d4:dc assigned IRQ 19
[    0.989267] pcnet32: Found PHY 0022:561b at address 0
[    0.989568] pcnet32: eth0: registered as PCnet/FAST III 79C973
[    0.999686] pcnet32: 1 cards_found
[    1.053081] pcnet32 0000:00:03.0 enp0s3: renamed from eth0
[    1.202779] input: ImExPS/2 Generic Explorer Mouse as /devices/platform/i8042/serio1/input/input5
[    1.395637] e1000 0000:00:08.0 eth0: (PCI:33MHz:32-bit) 08:00:27:63:9a:11
[    1.395642] e1000 0000:00:08.0 eth0: Intel(R) PRO/1000 Network Connection
[    1.767635] e1000 0000:00:09.0 eth1: (PCI:33MHz:32-bit) 08:00:27:42:e6:41
[    1.767638] e1000 0000:00:09.0 eth1: Intel(R) PRO/1000 Network Connection
[    1.768793] e1000 0000:00:09.0 enp0s9: renamed from eth1
[    1.770591] e1000 0000:00:08.0 enp0s8: renamed from eth0
[    1.956351] EXT4-fs (sda2): mounted filesystem with ordered data mode. Opts: (null)
[    2.044909] systemd[1]: Inserted module 'autofs4'
[    2.055533] systemd[1]: systemd 245.4-4ubuntu3 running in system mode. (+PAM +AUDIT +SELINUX +IMA +APPARMOR +SMACK +SYSVINIT +UTMP +LIBCRYPTSETUP +GCRYPT +GNUTLS +ACL +XZ +LZ4 +SECCOMP +BLKID +ELFUTILS +KMOD +IDN2 -IDN +PCRE2 default-hierarchy=hybrid)
[    2.055565] systemd[1]: Detected virtualization oracle.
[    2.055568] systemd[1]: Detected architecture x86-64.
[    2.056859] systemd[1]: Set hostname to <ztg>.
[    2.182663] systemd[1]: /lib/systemd/system/dbus.socket:5: ListenStream= references a path below legacy directory /var/run/, updating /var/run/dbus/system_bus_socket â†’ /run/dbus/system_bus_socket; please update the unit file accordingly.
[    2.234809] systemd[1]: Created slice system-modprobe.slice.
[    2.234993] systemd[1]: Created slice User and Session Slice.
[    2.235035] systemd[1]: Started Forward Password Requests to Wall Directory Watch.
[    2.235230] systemd[1]: Set up automount Arbitrary Executable File Formats File System Automount Point.
[    2.235266] systemd[1]: Reached target User and Group Name Lookups.
[    2.235275] systemd[1]: Reached target Remote File Systems.
[    2.235283] systemd[1]: Reached target Slices.
[    2.235834] systemd[1]: Listening on Syslog Socket.
[    2.235904] systemd[1]: Listening on fsck to fsckd communication Socket.
[    2.235942] systemd[1]: Listening on initctl Compatibility Named Pipe.
[    2.236096] systemd[1]: Listening on Journal Audit Socket.
[    2.236150] systemd[1]: Listening on Journal Socket (/dev/log).
[    2.236259] systemd[1]: Listening on Journal Socket.
[    2.236342] systemd[1]: Listening on udev Control Socket.
[    2.236382] systemd[1]: Listening on udev Kernel Socket.
[    2.237164] systemd[1]: Mounting Huge Pages File System...
[    2.238091] systemd[1]: Mounting POSIX Message Queue File System...
[    2.238967] systemd[1]: Mounting Kernel Debug File System...
[    2.239857] systemd[1]: Mounting Kernel Trace File System...
[    2.242066] systemd[1]: Starting Journal Service...
[    2.266185] systemd[1]: Starting Set the console keyboard layout...
[    2.271512] systemd[1]: Starting Create list of static device nodes for the current kernel...
[    2.276253] systemd[1]: Starting Load Kernel Module drm...
[    2.278600] systemd[1]: Condition check resulted in Set Up Additional Binary Formats being skipped.
[    2.278655] systemd[1]: Condition check resulted in File System Check on Root Device being skipped.
[    2.285078] systemd[1]: Starting Load Kernel Modules...
[    2.285811] systemd[1]: Starting Remount Root and Kernel File Systems...
[    2.286554] systemd[1]: Starting udev Coldplug all Devices...
[    2.287350] systemd[1]: Starting Uncomplicated firewall...
[    2.288743] systemd[1]: Mounted Huge Pages File System.
[    2.288836] systemd[1]: Mounted POSIX Message Queue File System.
[    2.288905] systemd[1]: Mounted Kernel Debug File System.
[    2.288969] systemd[1]: Mounted Kernel Trace File System.
[    2.342308] systemd[1]: Finished Create list of static device nodes for the current kernel.
[    2.348551] systemd[1]: Finished Uncomplicated firewall.
[    2.348825] systemd[1]: modprobe@drm.service: Succeeded.
[    2.349294] systemd[1]: Finished Load Kernel Module drm.
[    2.350608] EXT4-fs (sda2): re-mounted. Opts: errors=remount-ro
[    2.354297] systemd[1]: Finished Remount Root and Kernel File Systems.
[    2.354944] systemd[1]: Condition check resulted in Rebuild Hardware Database being skipped.
[    2.354974] systemd[1]: Condition check resulted in Platform Persistent Storage Archival being skipped.
[    2.362500] systemd[1]: Starting Load/Save Random Seed...
[    2.368948] systemd[1]: Starting Create System Users...
[    2.385623] systemd[1]: Finished Load/Save Random Seed.
[    2.387287] lp: driver loaded but no devices found
[    2.409065] systemd[1]: Finished Create System Users.
[    2.409900] systemd[1]: Starting Create Static Device Nodes in /dev...
[    2.415215] ppdev: user-space parallel port driver
[    2.459903] systemd[1]: Finished Create Static Device Nodes in /dev.
[    2.460863] systemd[1]: Starting udev Kernel Device Manager...
[    2.486812] [drm] DMA map mode: Caching DMA mappings.
[    2.486901] [drm] Capabilities:
[    2.486901] [drm]   Rect copy.
[    2.486902] [drm]   Cursor.
[    2.486902] [drm]   Cursor bypass.
[    2.486902] [drm]   Cursor bypass 2.
[    2.486903] [drm]   Alpha cursor.
[    2.486903] [drm]   Extended Fifo.
[    2.486904] [drm]   Pitchlock.
[    2.486904] [drm]   Irq mask.
[    2.486904] [drm]   GMR.
[    2.486905] [drm]   Traces.
[    2.486905] [drm]   GMR2.
[    2.486905] [drm]   Screen Object 2.
[    2.486906] [drm]   Command Buffers.
[    2.486906] [drm]   Command Buffers 2.
[    2.486906] [drm]   Guest Backed Resources.
[    2.486907] [drm] Max GMR ids is 8192
[    2.486908] [drm] Max number of GMR pages is 1048576
[    2.486908] [drm] Max dedicated hypervisor surface memory is 393216 kiB
[    2.486909] [drm] Maximum display memory size is 131072 kiB
[    2.486910] [drm] VRAM at 0xe0000000 size is 131072 kiB
[    2.486910] [drm] MMIO at 0xf0000000 size is 2048 kiB
[    2.491929] systemd[1]: Finished udev Coldplug all Devices.
[    2.492671] [TTM] Zone  kernel: Available graphics memory: 1011738 KiB
[    2.492672] [TTM] Initializing pool allocator
[    2.492676] [TTM] Initializing DMA pool allocator
[    2.492708] [drm] Supports vblank timestamp caching Rev 2 (21.10.2013).
[    2.492708] [drm] No driver support for vblank timestamp query.
[    2.493084] [drm] Screen Target Display device initialized
[    2.493293] [drm] width 720
[    2.493302] [drm] height 400
[    2.493305] [drm] bpp 32
[    2.493826] [drm] Fifo max 0x00200000 min 0x00001000 cap 0x00000355
[    2.494875] [drm] Using command buffers with DMA pool.
[    2.494879] [drm] DX: no.
[    2.494880] [drm] Atomic: yes.
[    2.494880] [drm] SM4_1: no.
[    2.494901] [drm:vmw_host_log [vmwgfx]] *ERROR* Failed to send host log message.
[    2.495910] [drm:vmw_host_log [vmwgfx]] *ERROR* Failed to send host log message.
[    2.520701] fbcon: svgadrmfb (fb0) is primary device
[    2.523813] Console: switching to colour frame buffer device 100x37
[    2.533487] [drm] Initialized vmwgfx 2.15.0 20180704 for 0000:00:02.0 on minor 0
[    2.537312] systemd[1]: Finished Load Kernel Modules.
[    2.538342] systemd[1]: Mounting FUSE Control File System...
[    2.539596] systemd[1]: Mounting Kernel Configuration File System...
[    2.558455] systemd[1]: Starting Apply Kernel Variables...
[    2.560196] systemd[1]: Mounted FUSE Control File System.
[    2.560276] systemd[1]: Condition check resulted in VMware vmblock fuse mount being skipped.
[    2.564447] systemd[1]: Mounted Kernel Configuration File System.
[    2.591512] systemd[1]: Finished Set the console keyboard layout.
[    2.591619] systemd[1]: Reached target Local File Systems (Pre).
[    2.597105] systemd[1]: Mounting Mount unit for bare, revision 5...
[    2.606420] systemd[1]: Mounting Mount unit for core18, revision 1705...
[    2.610987] systemd[1]: Mounting Mount unit for gnome-3-34-1804, revision 24...
[    2.616237] systemd[1]: Mounting Mount unit for gtk-common-themes, revision 1506...
[    2.623577] systemd[1]: Mounting Mount unit for gtk-common-themes, revision 1535...
[    2.629324] systemd[1]: Mounting Mount unit for snap-store, revision 433...
[    2.666898] systemd[1]: Mounting Mount unit for snapd, revision 7264...
[    2.678681] systemd[1]: Finished Apply Kernel Variables.
[    2.678826] systemd[1]: Started udev Kernel Device Manager.
[    2.678910] systemd[1]: Mounted Mount unit for bare, revision 5.
[    2.678993] systemd[1]: Mounted Mount unit for core18, revision 1705.
[    2.679070] systemd[1]: Mounted Mount unit for gnome-3-34-1804, revision 24.
[    2.697005] systemd[1]: Starting Show Plymouth Boot Screen...
[    2.702647] systemd[1]: Received SIGRTMIN+20 from PID 287 (plymouthd).
[    2.709921] systemd[1]: Mounted Mount unit for gtk-common-themes, revision 1506.
[    2.727332] systemd[1]: Started Show Plymouth Boot Screen.
[    2.727468] systemd[1]: Condition check resulted in Dispatch Password Requests to Console Directory Watch being skipped.
[    2.727557] systemd[1]: Started Forward Password Requests to Plymouth Directory Watch.
[    2.727588] systemd[1]: Reached target Local Encrypted Volumes.
[    2.745255] systemd[1]: Mounted Mount unit for gtk-common-themes, revision 1535.
[    2.786998] systemd[1]: Mounted Mount unit for snap-store, revision 433.
[    2.787251] systemd[1]: Mounted Mount unit for snapd, revision 7264.
[    2.787404] systemd[1]: Reached target Local File Systems.
[    2.789716] systemd[1]: Starting Load AppArmor profiles...
[    2.790621] systemd[1]: Starting Set console font and keymap...
[    2.804995] systemd[1]: Starting Tell Plymouth To Write Out Runtime Data...
[    2.805130] systemd[1]: Condition check resulted in Store a System Token in an EFI Variable being skipped.
[    2.805191] systemd[1]: Condition check resulted in Commit a transient machine-id on disk being skipped.
[    2.809028] systemd[1]: Finished Set console font and keymap.
[    2.829497] systemd[1]: Received SIGRTMIN+20 from PID 287 (plymouthd).
[    2.830381] systemd[1]: plymouth-read-write.service: Succeeded.
[    2.830623] systemd[1]: Finished Tell Plymouth To Write Out Runtime Data.
[    2.849881] audit: type=1400 audit(1768320303.696:2): apparmor="STATUS" operation="profile_load" profile="unconfined" name="nvidia_modprobe" pid=301 comm="apparmor_parser"
[    2.849883] audit: type=1400 audit(1768320303.696:3): apparmor="STATUS" operation="profile_load" profile="unconfined" name="nvidia_modprobe//kmod" pid=301 comm="apparmor_parser"
[    2.855570] audit: type=1400 audit(1768320303.704:4): apparmor="STATUS" operation="profile_load" profile="unconfined" name="/usr/sbin/tcpdump" pid=302 comm="apparmor_parser"
[    2.900101] audit: type=1400 audit(1768320303.736:5): apparmor="STATUS" operation="profile_load" profile="unconfined" name="/usr/bin/evince" pid=304 comm="apparmor_parser"
[    2.900103] audit: type=1400 audit(1768320303.736:6): apparmor="STATUS" operation="profile_load" profile="unconfined" name="/usr/bin/evince//sanitized_helper" pid=304 comm="apparmor_parser"
[    2.900105] audit: type=1400 audit(1768320303.736:7): apparmor="STATUS" operation="profile_load" profile="unconfined" name="/usr/bin/evince-previewer" pid=304 comm="apparmor_parser"
[    2.900107] audit: type=1400 audit(1768320303.736:8): apparmor="STATUS" operation="profile_load" profile="unconfined" name="/usr/bin/evince-previewer//sanitized_helper" pid=304 comm="apparmor_parser"
[    2.900108] audit: type=1400 audit(1768320303.736:9): apparmor="STATUS" operation="profile_load" profile="unconfined" name="/usr/bin/evince-thumbnailer" pid=304 comm="apparmor_parser"
[    2.931621] audit: type=1400 audit(1768320303.780:10): apparmor="STATUS" operation="profile_load" profile="unconfined" name="/usr/lib/cups/backend/cups-pdf" pid=305 comm="apparmor_parser"
[    2.993925] systemd[1]: Finished Load AppArmor profiles.
[    2.994849] systemd[1]: Starting Load AppArmor profiles managed internally by snapd...
[    3.059667] systemd[1]: Finished Load AppArmor profiles managed internally by snapd.
[    3.242917] systemd[1]: Started Journal Service.
[    3.249869] systemd-journald[229]: Received client request to flush runtime journal.
[    3.255142] systemd-journald[229]: File /var/log/journal/c455b248004a419c87ce85eea238d727/system.journal corrupted or uncleanly shut down, renaming and replacing.
[    4.550905] RAPL PMU: API unit is 2^-32 Joules, 0 fixed counters, 10737418240 ms ovfl timer
[    4.607654] cryptd: max_cpu_qlen set to 1000
[    4.648028] AVX2 version of gcm_enc/dec engaged.
[    4.648029] AES CTR mode by8 optimization enabled
[    5.440604] Adding 1998844k swap on /dev/sda1.  Priority:-2 extents:1 across:1998844k FS
[    6.470710] kauditd_printk_skb: 30 callbacks suppressed
[    6.470711] audit: type=1400 audit(1768320307.316:41): apparmor="DENIED" operation="capable" profile="/usr/sbin/cups-browsed" pid=495 comm="cups-browsed" capability=23  capname="sys_nice"
[    7.509738] pcnet32 0000:00:03.0 enp0s3: link up, 100Mbps, full-duplex
[    7.545913] e1000: enp0s8 NIC Link is Up 1000 Mbps Full Duplex, Flow Control: RX
[    7.546204] IPv6: ADDRCONF(NETDEV_CHANGE): enp0s8: link becomes ready
[    7.558601] e1000: enp0s9 NIC Link is Up 1000 Mbps Full Duplex, Flow Control: RX
[    7.558896] IPv6: ADDRCONF(NETDEV_CHANGE): enp0s9: link becomes ready
[    8.077610] device enp0s3 entered promiscuous mode
[    8.092534] audit: type=1400 audit(1768320308.936:42): apparmor="DENIED" operation="open" profile="/usr/sbin/tcpdump" name="/proc/sys/kernel/random/boot_id" pid=662 comm="tcpdump" requested_mask="r" denied_mask="r" fsuid=0 ouid=0
[    8.092805] audit: type=1400 audit(1768320308.936:43): apparmor="DENIED" operation="open" profile="/usr/sbin/tcpdump" name="/proc/sys/kernel/random/boot_id" pid=662 comm="tcpdump" requested_mask="r" denied_mask="r" fsuid=0 ouid=0
[    8.092857] audit: type=1400 audit(1768320308.936:44): apparmor="DENIED" operation="open" profile="/usr/sbin/tcpdump" name="/proc/sys/kernel/random/boot_id" pid=662 comm="tcpdump" requested_mask="r" denied_mask="r" fsuid=0 ouid=0
[    8.093001] audit: type=1400 audit(1768320308.936:45): apparmor="DENIED" operation="open" profile="/usr/sbin/tcpdump" name="/proc/sys/kernel/random/boot_id" pid=662 comm="tcpdump" requested_mask="r" denied_mask="r" fsuid=0 ouid=0
[    8.109709] audit: type=1400 audit(1768320308.956:46): apparmor="DENIED" operation="open" profile="/usr/sbin/tcpdump" name="/proc/sys/kernel/random/boot_id" pid=663 comm="tcpdump" requested_mask="r" denied_mask="r" fsuid=0 ouid=0
[    8.109792] audit: type=1400 audit(1768320308.956:47): apparmor="DENIED" operation="open" profile="/usr/sbin/tcpdump" name="/proc/sys/kernel/random/boot_id" pid=663 comm="tcpdump" requested_mask="r" denied_mask="r" fsuid=0 ouid=0
[    8.109828] audit: type=1400 audit(1768320308.956:48): apparmor="DENIED" operation="open" profile="/usr/sbin/tcpdump" name="/proc/sys/kernel/random/boot_id" pid=663 comm="tcpdump" requested_mask="r" denied_mask="r" fsuid=0 ouid=0
[    8.109891] audit: type=1400 audit(1768320308.956:49): apparmor="DENIED" operation="open" profile="/usr/sbin/tcpdump" name="/proc/sys/kernel/random/boot_id" pid=663 comm="tcpdump" requested_mask="r" denied_mask="r" fsuid=0 ouid=0
[   12.615756] rfkill: input handler disabled
[  245.750692] AAAAA-TCP_FORW: name:enp0s3: saddr:100932208: daddr:16783984
[  254.744104] AAAAA-TCP_FORW: name:enp0s3: saddr:100932208: daddr:16783984
[  254.787561] AAAAA-TCP_FORW: name:enp0s3: saddr:100932208: daddr:16783984
[  254.972123] AAAAA-TCP_FORW: name:enp0s3: saddr:100932208: daddr:16783984
[  255.023796] AAAAA-TCP_FORW: name:enp0s3: saddr:100932208: daddr:16783984
[  255.206484] AAAAA-TCP_FORW: name:enp0s3: saddr:100932208: daddr:16783984
[  255.249826] AAAAA-TCP_FORW: name:enp0s3: saddr:100932208: daddr:16783984
[  255.456192] AAAAA-TCP_FORW: name:enp0s3: saddr:100932208: daddr:16783984
[  255.542654] AAAAA-TCP_FORW: name:enp0s3: saddr:100932208: daddr:16783984
[  255.997059] AAAAA-TCP_FORW: name:enp0s3: saddr:100932208: daddr:16783984
[  256.058067] AAAAA-TCP_FORW: name:enp0s3: saddr:100932208: daddr:16783984
[  256.145403] AAAAA-TCP_FORW: name:enp0s3: saddr:100932208: daddr:16783984
[  256.226635] AAAAA-TCP_FORW: name:enp0s3: saddr:100932208: daddr:16783984
[  256.349680] AAAAA-TCP_FORW: name:enp0s3: saddr:100932208: daddr:16783984
[  256.790826] AAAAA-TCP_FORW: name:enp0s3: saddr:100932208: daddr:16783984
[  257.061499] AAAAA-TCP_FORW: name:enp0s3: saddr:100932208: daddr:16783984
[  257.111349] AAAAA-TCP_FORW: name:enp0s3: saddr:100932208: daddr:16783984
[  257.203797] AAAAA-TCP_FORW: name:enp0s3: saddr:100932208: daddr:16783984
[  257.326008] AAAAA-TCP_FORW: name:enp0s3: saddr:100932208: daddr:16783984
[  257.627422] AAAAA-TCP_FORW: name:enp0s3: saddr:100932208: daddr:16783984
[  257.703603] AAAAA-TCP_FORW: name:enp0s3: saddr:100932208: daddr:16783984
[  257.805723] AAAAA-TCP_FORW: name:enp0s3: saddr:100932208: daddr:16783984
[  257.849919] AAAAA-TCP_FORW: name:enp0s3: saddr:100932208: daddr:33561200
[  257.941653] AAAAA-TCP_FORW: name:enp0s3: saddr:100932208: daddr:33561200
[  258.029210] AAAAA-TCP_FORW: name:enp0s3: saddr:100932208: daddr:16783984
[  258.084836] AAAAA-TCP_FORW: name:enp0s3: saddr:100932208: daddr:33561200
[  258.122840] AAAAA-TCP_FORW: name:enp0s3: saddr:100932208: daddr:33561200
[  258.166595] AAAAA-TCP_FORW: name:enp0s3: saddr:100932208: daddr:33561200
[  258.224485] AAAAA-TCP_FORW: name:enp0s3: saddr:100932208: daddr:33561200
[  258.292896] AAAAA-TCP_FORW: name:enp0s3: saddr:100932208: daddr:33561200
[  258.359273] AAAAA-TCP_FORW: name:enp0s3: saddr:100932208: daddr:33561200
[  258.418550] AAAAA-TCP_FORW: name:enp0s3: saddr:100932208: daddr:16783984
[  258.471884] AAAAA-TCP_FORW: name:enp0s3: saddr:100932208: daddr:33561200
[  258.532607] AAAAA-TCP_FORW: name:enp0s3: saddr:100932208: daddr:33561200
[  258.629395] AAAAA-TCP_FORW: name:enp0s3: saddr:100932208: daddr:16783984
[  258.663241] AAAAA-TCP_FORW: name:enp0s3: saddr:100932208: daddr:16783984
[  258.738056] AAAAA-TCP_FORW: name:enp0s3: saddr:100932208: daddr:16783984
[  258.830039] AAAAA-TCP_FORW: name:enp0s3: saddr:100932208: daddr:33561200
[  258.897421] AAAAA-TCP_FORW: name:enp0s3: saddr:100932208: daddr:33561200
[  258.954759] AAAAA-TCP_FORW: name:enp0s3: saddr:100932208: daddr:16783984
[  259.029474] AAAAA-TCP_FORW: name:enp0s3: saddr:100932208: daddr:33561200
[  259.052467] AAAAA-TCP_FORW: name:enp0s3: saddr:100932208: daddr:33561200
[  259.166396] AAAAA-TCP_FORW: name:enp0s3: saddr:100932208: daddr:33561200
[  259.214434] AAAAA-TCP_FORW: name:enp0s3: saddr:100932208: daddr:33561200
[  259.261366] AAAAA-TCP_FORW: name:enp0s3: saddr:100932208: daddr:16783984
[  259.305682] AAAAA-TCP_FORW: name:enp0s3: saddr:100932208: daddr:16783984
[  259.567200] AAAAA-TCP_FORW: name:enp0s3: saddr:100932208: daddr:16783984
[  260.565160] AAAAA-TCP_FORW: name:enp0s3: saddr:100932208: daddr:33561200
[  282.447726] AAAAA-TCP_FORW: name:enp0s3: saddr:100932208: daddr:33561200
[  282.497257] AAAAA-TCP_FORW: name:enp0s3: saddr:100932208: daddr:33561200
[  282.526563] AAAAA-TCP_FORW: name:enp0s3: saddr:100932208: daddr:33561200
[  282.558238] AAAAA-TCP_FORW: name:enp0s3: saddr:100932208: daddr:33561200
[  282.618765] AAAAA-TCP_FORW: name:enp0s3: saddr:100932208: daddr:33561200
[  282.686865] AAAAA-TCP_FORW: name:enp0s3: saddr:100932208: daddr:33561200
[  282.763301] AAAAA-TCP_FORW: name:enp0s3: saddr:100932208: daddr:33561200
[  282.815133] AAAAA-TCP_FORW: name:enp0s3: saddr:100932208: daddr:33561200
[  282.878152] AAAAA-TCP_FORW: name:enp0s3: saddr:100932208: daddr:33561200
[  283.005928] AAAAA-TCP_FORW: name:enp0s3: saddr:100932208: daddr:33561200
[  283.036064] AAAAA-TCP_FORW: name:enp0s3: saddr:100932208: daddr:33561200
[  283.084835] AAAAA-TCP_FORW: name:enp0s3: saddr:100932208: daddr:33561200
[  283.170511] AAAAA-TCP_FORW: name:enp0s3: saddr:100932208: daddr:33561200
[  283.238492] AAAAA-TCP_FORW: name:enp0s3: saddr:100932208: daddr:33561200
[  283.298102] AAAAA-TCP_FORW: name:enp0s3: saddr:100932208: daddr:33561200
[  283.364145] AAAAA-TCP_FORW: name:enp0s3: saddr:100932208: daddr:33561200
[  283.431840] AAAAA-TCP_FORW: name:enp0s3: saddr:100932208: daddr:33561200
[  283.506855] AAAAA-TCP_FORW: name:enp0s3: saddr:100932208: daddr:33561200
[  283.585235] AAAAA-TCP_FORW: name:enp0s3: saddr:100932208: daddr:33561200
[  283.623869] AAAAA-TCP_FORW: name:enp0s3: saddr:100932208: daddr:33561200
[  283.696611] AAAAA-TCP_FORW: name:enp0s3: saddr:100932208: daddr:33561200
[  283.748197] AAAAA-TCP_FORW: name:enp0s3: saddr:100932208: daddr:33561200
[  283.841425] AAAAA-TCP_FORW: name:enp0s3: saddr:100932208: daddr:33561200
[  283.915863] AAAAA-TCP_FORW: name:enp0s3: saddr:100932208: daddr:33561200
[  283.974182] AAAAA-TCP_FORW: name:enp0s3: saddr:100932208: daddr:33561200
[  284.002675] AAAAA-TCP_FORW: name:enp0s3: saddr:100932208: daddr:16783984
[  284.049188] AAAAA-TCP_FORW: name:enp0s3: saddr:100932208: daddr:16783984
[  284.089335] AAAAA-TCP_FORW: name:enp0s3: saddr:100932208: daddr:16783984
[  284.149839] AAAAA-TCP_FORW: name:enp0s3: saddr:100932208: daddr:16783984
[  284.211093] AAAAA-TCP_FORW: name:enp0s3: saddr:100932208: daddr:33561200
[  284.263287] AAAAA-TCP_FORW: name:enp0s3: saddr:100932208: daddr:33561200
[  284.298517] AAAAA-TCP_FORW: name:enp0s3: saddr:100932208: daddr:16783984
[  284.349976] AAAAA-TCP_FORW: name:enp0s3: saddr:100932208: daddr:16783984
[  284.455131] AAAAA-TCP_FORW: name:enp0s3: saddr:100932208: daddr:16783984
[  284.532130] AAAAA-TCP_FORW: name:enp0s3: saddr:100932208: daddr:16783984
[  284.576690] AAAAA-TCP_FORW: name:enp0s3: saddr:100932208: daddr:16783984
[  284.652616] AAAAA-TCP_FORW: name:enp0s3: saddr:100932208: daddr:16783984
[  284.754982] AAAAA-TCP_FORW: name:enp0s3: saddr:100932208: daddr:16783984
[  284.779804] AAAAA-TCP_FORW: name:enp0s3: saddr:100932208: daddr:16783984
[  284.850887] AAAAA-TCP_FORW: name:enp0s3: saddr:100932208: daddr:33561200
[  284.913161] AAAAA-TCP_FORW: name:enp0s3: saddr:100932208: daddr:33561200
[  285.015205] AAAAA-TCP_FORW: name:enp0s3: saddr:100932208: daddr:33561200
[  285.059562] AAAAA-TCP_FORW: name:enp0s3: saddr:100932208: daddr:33561200
[  285.110406] AAAAA-TCP_FORW: name:enp0s3: saddr:100932208: daddr:16783984
[  285.158004] AAAAA-TCP_FORW: name:enp0s3: saddr:100932208: daddr:33561200
[  285.292261] AAAAA-TCP_FORW: name:enp0s3: saddr:100932208: daddr:33561200
[  285.374461] AAAAA-TCP_FORW: name:enp0s3: saddr:100932208: daddr:16783984
[  285.433928] AAAAA-TCP_FORW: name:enp0s3: saddr:100932208: daddr:16783984
[  285.489486] AAAAA-TCP_FORW: name:enp0s3: saddr:100932208: daddr:16783984
[  285.546868] AAAAA-TCP_FORW: name:enp0s3: saddr:100932208: daddr:16783984
[  285.615665] AAAAA-TCP_FORW: name:enp0s3: saddr:100932208: daddr:16783984
[  285.672777] AAAAA-TCP_FORW: name:enp0s3: saddr:100932208: daddr:33561200
[  285.708247] AAAAA-TCP_FORW: name:enp0s3: saddr:100932208: daddr:33561200
[  285.840447] AAAAA-TCP_FORW: name:enp0s3: saddr:100932208: daddr:33561200
[  285.943818] AAAAA-TCP_FORW: name:enp0s3: saddr:100932208: daddr:33561200
[  285.995310] AAAAA-TCP_FORW: name:enp0s3: saddr:100932208: daddr:33561200
[  286.112457] AAAAA-TCP_FORW: name:enp0s3: saddr:100932208: daddr:33561200
[  286.223236] AAAAA-TCP_FORW: name:enp0s3: saddr:100932208: daddr:33561200
[  286.273259] AAAAA-TCP_FORW: name:enp0s3: saddr:100932208: daddr:33561200
[  286.320636] AAAAA-TCP_FORW: name:enp0s3: saddr:100932208: daddr:33561200
[  286.417649] AAAAA-TCP_FORW: name:enp0s3: saddr:100932208: daddr:33561200
[  286.489671] AAAAA-TCP_FORW: name:enp0s3: saddr:100932208: daddr:33561200
[  286.519466] AAAAA-TCP_FORW: name:enp0s3: saddr:100932208: daddr:33561200
[  286.581130] AAAAA-TCP_FORW: name:enp0s3: saddr:100932208: daddr:33561200
[  286.628332] AAAAA-TCP_FORW: name:enp0s3: saddr:100932208: daddr:33561200
[  286.666672] AAAAA-TCP_FORW: name:enp0s3: saddr:100932208: daddr:33561200
[  286.751501] AAAAA-TCP_FORW: name:enp0s3: saddr:100932208: daddr:33561200
[  286.852854] AAAAA-TCP_FORW: name:enp0s3: saddr:100932208: daddr:33561200
[  293.014007] AAAAA-TCP_FORW: name:enp0s3: saddr:100932208: daddr:33561200
[  293.089985] AAAAA-TCP_FORW: name:enp0s3: saddr:100932208: daddr:33561200
[  293.663102] AAAAA-TCP_FORW: name:enp0s3: saddr:100932208: daddr:33561200
[  294.432316] AAAAA-TCP_FORW: name:enp0s3: saddr:100932208: daddr:33561200
[  295.214256] AAAAA-TCP_FORW: name:enp0s3: saddr:100932208: daddr:33561200
[  295.347727] AAAAA-TCP_FORW: name:enp0s3: saddr:100932208: daddr:33561200
[  295.543272] AAAAA-TCP_FORW: name:enp0s3: saddr:100932208: daddr:33561200
[  295.799213] AAAAA-TCP_FORW: name:enp0s3: saddr:100932208: daddr:33561200
[  295.961659] AAAAA-TCP_FORW: name:enp0s3: saddr:100932208: daddr:33561200
[  296.100679] AAAAA-TCP_FORW: name:enp0s3: saddr:100932208: daddr:33561200
[  296.317781] AAAAA-TCP_FORW: name:enp0s3: saddr:100932208: daddr:33561200
[  296.530444] AAAAA-TCP_FORW: name:enp0s3: saddr:100932208: daddr:33561200
[  296.646291] AAAAA-TCP_FORW: name:enp0s3: saddr:100932208: daddr:33561200
[  296.825091] AAAAA-TCP_FORW: name:enp0s3: saddr:100932208: daddr:33561200
[  296.940155] AAAAA-TCP_FORW: name:enp0s3: saddr:100932208: daddr:33561200
[  297.144992] AAAAA-TCP_FORW: name:enp0s3: saddr:100932208: daddr:33561200
[  297.167217] AAAAA-TCP_FORW: name:enp0s3: saddr:33561200: daddr:100932208
[  297.273857] AAAAA-TCP_FORW: name:enp0s3: saddr:100932208: daddr:33561200
[  297.347272] AAAAA-TCP_FORW: name:enp0s3: saddr:33561200: daddr:100932208
[  297.387938] AAAAA-TCP_FORW: name:enp0s3: saddr:33561200: daddr:100932208
[  297.403242] AAAAA-TCP_FORW: name:enp0s3: saddr:33561200: daddr:100932208
[  297.457261] AAAAA-TCP_FORW: name:enp0s3: saddr:33561200: daddr:100932208
[  297.494180] AAAAA-TCP_FORW: name:enp0s3: saddr:100932208: daddr:33561200
[  297.545314] AAAAA-TCP_FORW: name:enp0s3: saddr:33561200: daddr:100932208
[  297.593889] AAAAA-TCP_FORW: name:enp0s3: saddr:33561200: daddr:100932208
[  297.739052] AAAAA-TCP_FORW: name:enp0s3: saddr:33561200: daddr:100932208
[  297.861650] AAAAA-TCP_FORW: name:enp0s3: saddr:33561200: daddr:100932208
[  297.915602] AAAAA-TCP_FORW: name:enp0s3: saddr:33561200: daddr:100932208
[  297.938978] AAAAA-TCP_FORW: name:enp0s3: saddr:33561200: daddr:100932208
[  297.985045] AAAAA-TCP_FORW: name:enp0s3: saddr:100932208: daddr:33561200
[  298.034497] AAAAA-TCP_FORW: name:enp0s3: saddr:33561200: daddr:100932208
[  298.140675] AAAAA-TCP_FORW: name:enp0s3: saddr:100932208: daddr:33561200
[  298.178820] AAAAA-TCP_FORW: name:enp0s3: saddr:33561200: daddr:100932208
[  298.264402] AAAAA-TCP_FORW: name:enp0s3: saddr:33561200: daddr:100932208
[  298.277941] AAAAA-TCP_FORW: name:enp0s3: saddr:100932208: daddr:33561200
[  298.403901] AAAAA-TCP_FORW: name:enp0s3: saddr:100932208: daddr:33561200
[  298.491541] AAAAA-TCP_FORW: name:enp0s3: saddr:100932208: daddr:33561200
[  298.624241] AAAAA-TCP_FORW: name:enp0s3: saddr:33561200: daddr:100932208
[  299.366952] AAAAA-TCP_FORW: name:enp0s3: saddr:33561200: daddr:100932208
[  299.511094] AAAAA-TCP_FORW: name:enp0s3: saddr:100932208: daddr:33561200
[  299.721749] AAAAA-TCP_FORW: name:enp0s3: saddr:33561200: daddr:100932208
[  300.008383] AAAAA-TCP_FORW: name:enp0s3: saddr:33561200: daddr:100932208
[  300.168479] AAAAA-TCP_FORW: name:enp0s3: saddr:33561200: daddr:100932208
[  300.400368] AAAAA-TCP_FORW: name:enp0s3: saddr:100932208: daddr:33561200
[  300.424061] AAAAA-TCP_FORW: name:enp0s3: saddr:33561200: daddr:100932208
[  301.155720] AAAAA-TCP_FORW: name:enp0s3: saddr:100932208: daddr:33561200
[  315.227781] AAAAA-TCP_FORW: name:enp0s3: saddr:100932208: daddr:33561200
[  315.256917] AAAAA-TCP_FORW: name:enp0s3: saddr:33561200: daddr:100932208
[  315.303143] AAAAA-TCP_FORW: name:enp0s3: saddr:100932208: daddr:33561200
[  315.378863] AAAAA-TCP_FORW: name:enp0s3: saddr:100932208: daddr:33561200
[  315.477101] AAAAA-TCP_FORW: name:enp0s3: saddr:100932208: daddr:33561200
[  315.509420] AAAAA-TCP_FORW: name:enp0s3: saddr:33561200: daddr:100932208
[  315.557036] AAAAA-TCP_FORW: name:enp0s3: saddr:100932208: daddr:33561200
[  315.638682] AAAAA-TCP_FORW: name:enp0s3: saddr:100932208: daddr:33561200
[  315.685401] AAAAA-TCP_FORW: name:enp0s3: saddr:33561200: daddr:100932208
[  315.717003] AAAAA-TCP_FORW: name:enp0s3: saddr:100932208: daddr:33561200
[  315.741176] AAAAA-TCP_FORW: name:enp0s3: saddr:100932208: daddr:33561200
[  315.790629] AAAAA-TCP_FORW: name:enp0s3: saddr:33561200: daddr:100932208
[  315.856597] AAAAA-TCP_FORW: name:enp0s3: saddr:100932208: daddr:33561200
[  315.890840] AAAAA-TCP_FORW: name:enp0s3: saddr:100932208: daddr:33561200
[  315.925915] AAAAA-TCP_FORW: name:enp0s3: saddr:33561200: daddr:100932208
[  315.966912] AAAAA-TCP_FORW: name:enp0s3: saddr:100932208: daddr:33561200
[  316.004525] AAAAA-TCP_FORW: name:enp0s3: saddr:33561200: daddr:100932208
[  316.033669] AAAAA-TCP_FORW: name:enp0s3: saddr:100932208: daddr:33561200
[  316.087788] AAAAA-TCP_FORW: name:enp0s3: saddr:100932208: daddr:33561200
[  316.190778] AAAAA-TCP_FORW: name:enp0s3: saddr:100932208: daddr:33561200
[  316.243850] AAAAA-TCP_FORW: name:enp0s3: saddr:100932208: daddr:33561200
[  316.326273] AAAAA-TCP_FORW: name:enp0s3: saddr:33561200: daddr:100932208
[  316.343674] AAAAA-TCP_FORW: name:enp0s3: saddr:100932208: daddr:33561200
[  316.402368] AAAAA-TCP_FORW: name:enp0s3: saddr:100932208: daddr:33561200
[  316.425423] AAAAA-TCP_FORW: name:enp0s3: saddr:33561200: daddr:100932208
[  316.475443] AAAAA-TCP_FORW: name:enp0s3: saddr:100932208: daddr:33561200
[  316.506723] AAAAA-TCP_FORW: name:enp0s3: saddr:100932208: daddr:33561200
[  316.553957] AAAAA-TCP_FORW: name:enp0s3: saddr:33561200: daddr:100932208
[  316.583491] AAAAA-TCP_FORW: name:enp0s3: saddr:100932208: daddr:33561200
[  316.618813] AAAAA-TCP_FORW: name:enp0s3: saddr:100932208: daddr:33561200
[  316.689360] AAAAA-TCP_FORW: name:enp0s3: saddr:33561200: daddr:100932208
[  316.719455] AAAAA-TCP_FORW: name:enp0s3: saddr:100932208: daddr:33561200
[  316.769306] AAAAA-TCP_FORW: name:enp0s3: saddr:100932208: daddr:33561200
[  316.800149] AAAAA-TCP_FORW: name:enp0s3: saddr:33561200: daddr:100932208
[  316.868829] AAAAA-TCP_FORW: name:enp0s3: saddr:100932208: daddr:33561200
[  316.877554] AAAAA-TCP_FORW: name:enp0s3: saddr:100932208: daddr:33561200
[  316.942074] AAAAA-TCP_FORW: name:enp0s3: saddr:33561200: daddr:100932208
[  316.985838] AAAAA-TCP_FORW: name:enp0s3: saddr:100932208: daddr:33561200
[  317.021839] AAAAA-TCP_FORW: name:enp0s3: saddr:100932208: daddr:33561200
[  317.070482] AAAAA-TCP_FORW: name:enp0s3: saddr:33561200: daddr:100932208
[  317.108710] AAAAA-TCP_FORW: name:enp0s3: saddr:100932208: daddr:33561200
[  317.171315] AAAAA-TCP_FORW: name:enp0s3: saddr:33561200: daddr:100932208
[  317.203986] AAAAA-TCP_FORW: name:enp0s3: saddr:100932208: daddr:33561200
[  317.259685] AAAAA-TCP_FORW: name:enp0s3: saddr:33561200: daddr:100932208
[  317.278982] AAAAA-TCP_FORW: name:enp0s3: saddr:100932208: daddr:16783984
[  317.335313] AAAAA-TCP_FORW: name:enp0s3: saddr:100932208: daddr:16783984
[  317.378217] AAAAA-TCP_FORW: name:enp0s3: saddr:33561200: daddr:100932208
[  317.442237] AAAAA-TCP_FORW: name:enp0s3: saddr:100932208: daddr:16783984
[  317.514541] AAAAA-TCP_FORW: name:enp0s3: saddr:100932208: daddr:16783984
[  317.541080] AAAAA-TCP_FORW: name:enp0s3: saddr:33561200: daddr:100932208
[  317.590604] AAAAA-TCP_FORW: name:enp0s3: saddr:100932208: daddr:16783984
[  317.618239] AAAAA-TCP_FORW: name:enp0s3: saddr:100932208: daddr:16783984
[  317.657081] AAAAA-TCP_FORW: name:enp0s3: saddr:33561200: daddr:100932208
[  317.713296] AAAAA-TCP_FORW: name:enp0s3: saddr:100932208: daddr:16783984
[  317.755660] AAAAA-TCP_FORW: name:enp0s3: saddr:33561200: daddr:100932208
[  317.781141] AAAAA-TCP_FORW: name:enp0s3: saddr:100932208: daddr:16783984
[  317.837622] AAAAA-TCP_FORW: name:enp0s3: saddr:100932208: daddr:16783984
[  317.884006] AAAAA-TCP_FORW: name:enp0s3: saddr:33561200: daddr:100932208
[  317.959633] AAAAA-TCP_FORW: name:enp0s3: saddr:100932208: daddr:33561200
[  317.961853] AAAAA-TCP_FORW: name:enp0s3: saddr:100932208: daddr:33561200
[  318.018622] AAAAA-TCP_FORW: name:enp0s3: saddr:33561200: daddr:100932208
[  318.040963] AAAAA-TCP_FORW: name:enp0s3: saddr:100932208: daddr:33561200
[  318.112225] AAAAA-TCP_FORW: name:enp0s3: saddr:33561200: daddr:100932208
[  318.139315] AAAAA-TCP_FORW: name:enp0s3: saddr:100932208: daddr:33561200
[  318.218998] AAAAA-TCP_FORW: name:enp0s3: saddr:100932208: daddr:33561200
[  318.291129] AAAAA-TCP_FORW: name:enp0s3: saddr:100932208: daddr:33561200
[  318.299399] AAAAA-TCP_FORW: name:enp0s3: saddr:33561200: daddr:100932208
[  318.378745] AAAAA-TCP_FORW: name:enp0s3: saddr:33561200: daddr:100932208
[  318.403636] AAAAA-TCP_FORW: name:enp0s3: saddr:100932208: daddr:33561200
[  318.455465] AAAAA-TCP_FORW: name:enp0s3: saddr:100932208: daddr:33561200
[  318.558581] AAAAA-TCP_FORW: name:enp0s3: saddr:100932208: daddr:33561200
[  318.623561] AAAAA-TCP_FORW: name:enp0s3: saddr:33561200: daddr:100932208
[  318.726353] AAAAA-TCP_FORW: name:enp0s3: saddr:100932208: daddr:33561200
[  318.740287] AAAAA-TCP_FORW: name:enp0s3: saddr:33561200: daddr:100932208
[  318.782562] AAAAA-TCP_FORW: name:enp0s3: saddr:100932208: daddr:33561200
[  318.822656] AAAAA-TCP_FORW: name:enp0s3: saddr:33561200: daddr:100932208
[  318.855734] AAAAA-TCP_FORW: name:enp0s3: saddr:33561200: daddr:100932208
[  318.865826] AAAAA-TCP_FORW: name:enp0s3: saddr:100932208: daddr:33561200
[  318.916966] AAAAA-TCP_FORW: name:enp0s3: saddr:33561200: daddr:100932208
[  318.936396] AAAAA-TCP_FORW: name:enp0s3: saddr:100932208: daddr:33561200
[  318.993105] AAAAA-TCP_FORW: name:enp0s3: saddr:100932208: daddr:33561200
[  319.085293] AAAAA-TCP_FORW: name:enp0s3: saddr:16783984: daddr:100932208
[  319.095746] AAAAA-TCP_FORW: name:enp0s3: saddr:100932208: daddr:33561200
[  319.144324] AAAAA-TCP_FORW: name:enp0s3: saddr:100932208: daddr:33561200
[  319.206494] AAAAA-TCP_FORW: name:enp0s3: saddr:100932208: daddr:33561200
[  319.226075] AAAAA-TCP_FORW: name:enp0s3: saddr:16783984: daddr:100932208
[  319.289926] AAAAA-TCP_FORW: name:enp0s3: saddr:100932208: daddr:33561200
[  319.317164] AAAAA-TCP_FORW: name:enp0s3: saddr:16783984: daddr:100932208
[  319.349431] AAAAA-TCP_FORW: name:enp0s3: saddr:100932208: daddr:33561200
[  319.377504] AAAAA-TCP_FORW: name:enp0s3: saddr:100932208: daddr:33561200
[  319.454065] AAAAA-TCP_FORW: name:enp0s3: saddr:16783984: daddr:100932208
[  319.465790] AAAAA-TCP_FORW: name:enp0s3: saddr:100932208: daddr:33561200
[  319.539385] AAAAA-TCP_FORW: name:enp0s3: saddr:100932208: daddr:33561200
[  319.603046] AAAAA-TCP_FORW: name:enp0s3: saddr:100932208: daddr:33561200
[  319.640851] AAAAA-TCP_FORW: name:enp0s3: saddr:100932208: daddr:33561200
[  319.659802] AAAAA-TCP_FORW: name:enp0s3: saddr:16783984: daddr:100932208
[  319.736302] AAAAA-TCP_FORW: name:enp0s3: saddr:16783984: daddr:100932208
[  319.757384] AAAAA-TCP_FORW: name:enp0s3: saddr:100932208: daddr:33561200
[  319.795952] AAAAA-TCP_FORW: name:enp0s3: saddr:16783984: daddr:100932208
[  319.800137] AAAAA-TCP_FORW: name:enp0s3: saddr:100932208: daddr:33561200
[  319.901277] AAAAA-TCP_FORW: name:enp0s3: saddr:16783984: daddr:100932208
[  319.920433] AAAAA-TCP_FORW: name:enp0s3: saddr:100932208: daddr:33561200
[  320.007866] AAAAA-TCP_FORW: name:enp0s3: saddr:16783984: daddr:100932208
[  320.028230] AAAAA-TCP_FORW: name:enp0s3: saddr:100932208: daddr:33561200
[  320.072852] AAAAA-TCP_FORW: name:enp0s3: saddr:33561200: daddr:100932208
[  320.105400] AAAAA-TCP_FORW: name:enp0s3: saddr:33561200: daddr:100932208
[  320.143362] AAAAA-TCP_FORW: name:enp0s3: saddr:33561200: daddr:100932208
[  320.220811] AAAAA-TCP_FORW: name:enp0s3: saddr:33561200: daddr:100932208
[  320.271567] AAAAA-TCP_FORW: name:enp0s3: saddr:33561200: daddr:100932208
[  320.388777] AAAAA-TCP_FORW: name:enp0s3: saddr:33561200: daddr:100932208
[  320.463387] AAAAA-TCP_FORW: name:enp0s3: saddr:33561200: daddr:100932208
[  320.532607] AAAAA-TCP_FORW: name:enp0s3: saddr:33561200: daddr:100932208
[  320.591827] AAAAA-TCP_FORW: name:enp0s3: saddr:33561200: daddr:100932208
[  320.693258] AAAAA-TCP_FORW: name:enp0s3: saddr:33561200: daddr:100932208
[  320.846949] AAAAA-TCP_FORW: name:enp0s3: saddr:33561200: daddr:100932208
[  320.964510] AAAAA-TCP_FORW: name:enp0s3: saddr:33561200: daddr:100932208
[  321.169153] AAAAA-TCP_FORW: name:enp0s3: saddr:33561200: daddr:100932208
[  321.224647] AAAAA-TCP_FORW: name:enp0s3: saddr:33561200: daddr:100932208
[  321.558432] AAAAA-TCP_FORW: name:enp0s3: saddr:33561200: daddr:100932208
[  321.888890] AAAAA-TCP_FORW: name:enp0s3: saddr:33561200: daddr:100932208
[  322.048432] AAAAA-TCP_FORW: name:enp0s3: saddr:33561200: daddr:100932208
[  322.326451] AAAAA-TCP_FORW: name:enp0s3: saddr:33561200: daddr:100932208
[  322.376772] AAAAA-TCP_FORW: name:enp0s3: saddr:33561200: daddr:100932208
[  322.435935] AAAAA-TCP_FORW: name:enp0s3: saddr:33561200: daddr:100932208
[  322.575442] AAAAA-TCP_FORW: name:enp0s3: saddr:33561200: daddr:100932208
[  322.595623] AAAAA-TCP_FORW: name:enp0s3: saddr:33561200: daddr:100932208
[  322.636436] AAAAA-TCP_FORW: name:enp0s3: saddr:33561200: daddr:100932208
[  322.714338] AAAAA-TCP_FORW: name:enp0s3: saddr:33561200: daddr:100932208
[  322.753032] AAAAA-TCP_FORW: name:enp0s3: saddr:33561200: daddr:100932208
[  322.890743] AAAAA-TCP_FORW: name:enp0s3: saddr:33561200: daddr:100932208
[  323.027074] AAAAA-TCP_FORW: name:enp0s3: saddr:100932208: daddr:33561200
[  323.171679] AAAAA-TCP_FORW: name:enp0s3: saddr:33561200: daddr:100932208
[  323.250562] AAAAA-TCP_FORW: name:enp0s3: saddr:100932208: daddr:33561200
[  323.347072] AAAAA-TCP_FORW: name:enp0s3: saddr:33561200: daddr:100932208
[  336.898040] AAAAA-TCP_FORW: name:enp0s3: saddr:100932208: daddr:16783984
[  336.986609] AAAAA-TCP_FORW: name:enp0s3: saddr:16783984: daddr:100932208
[  337.019174] AAAAA-TCP_FORW: name:enp0s3: saddr:100932208: daddr:16783984
[  337.129859] AAAAA-TCP_FORW: name:enp0s3: saddr:16783984: daddr:100932208
[  337.149669] AAAAA-TCP_FORW: name:enp0s3: saddr:100932208: daddr:16783984
[  337.222846] AAAAA-TCP_FORW: name:enp0s3: saddr:100932208: daddr:16783984
[  337.282954] AAAAA-TCP_FORW: name:enp0s3: saddr:16783984: daddr:100932208
[  337.319031] AAAAA-TCP_FORW: name:enp0s3: saddr:100932208: daddr:16783984
[  337.356483] AAAAA-TCP_FORW: name:enp0s3: saddr:100932208: daddr:16783984
[  337.369782] AAAAA-TCP_FORW: name:enp0s3: saddr:16783984: daddr:100932208
[  337.454517] AAAAA-TCP_FORW: name:enp0s3: saddr:100932208: daddr:16783984
[  337.479156] AAAAA-TCP_FORW: name:enp0s3: saddr:100932208: daddr:16783984
[  337.493964] AAAAA-TCP_FORW: name:enp0s3: saddr:16783984: daddr:100932208
[  337.526015] AAAAA-TCP_FORW: name:enp0s3: saddr:16783984: daddr:100932208
[  337.614929] AAAAA-TCP_FORW: name:enp0s3: saddr:100932208: daddr:16783984
[  337.655711] AAAAA-TCP_FORW: name:enp0s3: saddr:100932208: daddr:16783984
[  337.694552] AAAAA-TCP_FORW: name:enp0s3: saddr:16783984: daddr:100932208
[  337.708316] AAAAA-TCP_FORW: name:enp0s3: saddr:100932208: daddr:16783984
[  337.732608] AAAAA-TCP_FORW: name:enp0s3: saddr:16783984: daddr:100932208
[  337.750844] AAAAA-TCP_FORW: name:enp0s3: saddr:100932208: daddr:16783984
[  337.822063] AAAAA-TCP_FORW: name:enp0s3: saddr:100932208: daddr:16783984
[  337.845683] AAAAA-TCP_FORW: name:enp0s3: saddr:100932208: daddr:16783984
[  337.878087] AAAAA-TCP_FORW: name:enp0s3: saddr:16783984: daddr:100932208
[  337.908090] AAAAA-TCP_FORW: name:enp0s3: saddr:16783984: daddr:100932208
[  337.935927] AAAAA-TCP_FORW: name:enp0s3: saddr:100932208: daddr:16783984
[  337.990068] AAAAA-TCP_FORW: name:enp0s3: saddr:100932208: daddr:16783984
[  338.073135] AAAAA-TCP_FORW: name:enp0s3: saddr:100932208: daddr:16783984
[  338.095421] AAAAA-TCP_FORW: name:enp0s3: saddr:16783984: daddr:100932208
[  338.106647] AAAAA-TCP_FORW: name:enp0s3: saddr:100932208: daddr:16783984
[  338.169501] AAAAA-TCP_FORW: name:enp0s3: saddr:100932208: daddr:16783984
[  338.195677] AAAAA-TCP_FORW: name:enp0s3: saddr:16783984: daddr:100932208
[  338.217215] AAAAA-TCP_FORW: name:enp0s3: saddr:100932208: daddr:16783984
[  338.237258] AAAAA-TCP_FORW: name:enp0s3: saddr:16783984: daddr:100932208
[  338.253606] AAAAA-TCP_FORW: name:enp0s3: saddr:16783984: daddr:100932208
[  338.418428] AAAAA-TCP_FORW: name:enp0s3: saddr:16783984: daddr:100932208
[  338.433265] AAAAA-TCP_FORW: name:enp0s3: saddr:100932208: daddr:16783984
[  338.474770] AAAAA-TCP_FORW: name:enp0s3: saddr:100932208: daddr:16783984
[  338.516477] AAAAA-TCP_FORW: name:enp0s3: saddr:16783984: daddr:100932208
[  338.575105] AAAAA-TCP_FORW: name:enp0s3: saddr:100932208: daddr:16783984
[  338.649094] AAAAA-TCP_FORW: name:enp0s3: saddr:16783984: daddr:100932208
[  338.725805] AAAAA-TCP_FORW: name:enp0s3: saddr:100932208: daddr:16783984
[  338.850347] AAAAA-TCP_FORW: name:enp0s3: saddr:100932208: daddr:16783984
[  338.951032] AAAAA-TCP_FORW: name:enp0s3: saddr:100932208: daddr:16783984
[  339.026952] AAAAA-TCP_FORW: name:enp0s3: saddr:16783984: daddr:100932208
[  339.136028] AAAAA-TCP_FORW: name:enp0s3: saddr:16783984: daddr:100932208
[  339.181340] AAAAA-TCP_FORW: name:enp0s3: saddr:16783984: daddr:100932208
[  339.346965] AAAAA-TCP_FORW: name:enp0s3: saddr:16783984: daddr:100932208
[  339.439084] AAAAA-TCP_FORW: name:enp0s3: saddr:16783984: daddr:100932208
[  339.469542] AAAAA-TCP_FORW: name:enp0s3: saddr:16783984: daddr:100932208
[  339.641822] AAAAA-TCP_FORW: name:enp0s3: saddr:16783984: daddr:100932208
[  339.659686] AAAAA-TCP_FORW: name:enp0s3: saddr:16783984: daddr:100932208
[  339.688132] AAAAA-TCP_FORW: name:enp0s3: saddr:16783984: daddr:100932208
[  348.129337] AAAAA-TCP_FORW: name:enp0s3: saddr:100932208: daddr:16783984
[  348.202394] AAAAA-TCP_FORW: name:enp0s3: saddr:100932208: daddr:16783984
[  348.243896] AAAAA-TCP_FORW: name:enp0s3: saddr:100932208: daddr:16783984
[  348.287182] AAAAA-TCP_FORW: name:enp0s3: saddr:100932208: daddr:16783984
[  348.365193] AAAAA-TCP_FORW: name:enp0s3: saddr:100932208: daddr:16783984
[  348.465154] AAAAA-TCP_FORW: name:enp0s3: saddr:100932208: daddr:16783984
[  348.529183] AAAAA-TCP_FORW: name:enp0s3: saddr:100932208: daddr:16783984
[  348.609467] AAAAA-TCP_FORW: name:enp0s3: saddr:100932208: daddr:16783984
[  348.650870] AAAAA-TCP_FORW: name:enp0s3: saddr:16783984: daddr:100932208
[  348.678026] AAAAA-TCP_FORW: name:enp0s3: saddr:100932208: daddr:16783984
[  348.736469] AAAAA-TCP_FORW: name:enp0s3: saddr:100932208: daddr:16783984
[  348.834840] AAAAA-TCP_FORW: name:enp0s3: saddr:100932208: daddr:16783984
[  348.890937] AAAAA-TCP_FORW: name:enp0s3: saddr:100932208: daddr:16783984
[  348.951726] AAAAA-TCP_FORW: name:enp0s3: saddr:100932208: daddr:16783984
[  348.976931] AAAAA-TCP_FORW: name:enp0s3: saddr:16783984: daddr:100932208
[  349.035240] AAAAA-TCP_FORW: name:enp0s3: saddr:100932208: daddr:16783984
[  349.099101] AAAAA-TCP_FORW: name:enp0s3: saddr:100932208: daddr:16783984
[  349.152500] AAAAA-TCP_FORW: name:enp0s3: saddr:100932208: daddr:16783984
[  349.227762] AAAAA-TCP_FORW: name:enp0s3: saddr:100932208: daddr:16783984
[  349.247736] AAAAA-TCP_FORW: name:enp0s3: saddr:16783984: daddr:100932208
[  349.270007] AAAAA-TCP_FORW: name:enp0s3: saddr:100932208: daddr:16783984
[  349.317206] AAAAA-TCP_FORW: name:enp0s3: saddr:100932208: daddr:16783984
[  349.330478] AAAAA-TCP_FORW: name:enp0s3: saddr:16783984: daddr:100932208
[  349.363485] AAAAA-TCP_FORW: name:enp0s3: saddr:100932208: daddr:16783984
[  349.415476] AAAAA-TCP_FORW: name:enp0s3: saddr:16783984: daddr:100932208
[  349.451123] AAAAA-TCP_FORW: name:enp0s3: saddr:100932208: daddr:16783984
[  349.484722] AAAAA-TCP_FORW: name:enp0s3: saddr:16783984: daddr:100932208
[  349.516114] AAAAA-TCP_FORW: name:enp0s3: saddr:100932208: daddr:16783984
[  349.621674] AAAAA-TCP_FORW: name:enp0s3: saddr:100932208: daddr:16783984
[  349.664129] AAAAA-TCP_FORW: name:enp0s3: saddr:100932208: daddr:16783984
[  349.715229] AAAAA-TCP_FORW: name:enp0s3: saddr:100932208: daddr:16783984
[  349.800790] AAAAA-TCP_FORW: name:enp0s3: saddr:100932208: daddr:16783984
[  349.826767] AAAAA-TCP_FORW: name:enp0s3: saddr:100932208: daddr:16783984
[  349.897048] AAAAA-TCP_FORW: name:enp0s3: saddr:100932208: daddr:33561200
[  350.014150] AAAAA-TCP_FORW: name:enp0s3: saddr:100932208: daddr:33561200
[  350.034679] AAAAA-TCP_FORW: name:enp0s3: saddr:100932208: daddr:33561200
[  350.159857] AAAAA-TCP_FORW: name:enp0s3: saddr:100932208: daddr:33561200
[  350.249252] AAAAA-TCP_FORW: name:enp0s3: saddr:100932208: daddr:33561200
[  350.341601] AAAAA-TCP_FORW: name:enp0s3: saddr:100932208: daddr:33561200
[  350.386303] AAAAA-TCP_FORW: name:enp0s3: saddr:100932208: daddr:33561200
[  350.585607] AAAAA-TCP_FORW: name:enp0s3: saddr:100932208: daddr:33561200
[  350.589369] AAAAA-TCP_FORW: name:enp0s3: saddr:100932208: daddr:33561200
[  350.635639] AAAAA-TCP_FORW: name:enp0s3: saddr:100932208: daddr:33561200
[  350.720362] AAAAA-TCP_FORW: name:enp0s3: saddr:100932208: daddr:33561200
[  350.765143] AAAAA-TCP_FORW: name:enp0s3: saddr:100932208: daddr:33561200
[  350.869034] AAAAA-TCP_FORW: name:enp0s3: saddr:100932208: daddr:33561200
[  350.910546] AAAAA-TCP_FORW: name:enp0s3: saddr:100932208: daddr:33561200
[  350.956470] AAAAA-TCP_FORW: name:enp0s3: saddr:100932208: daddr:33561200
[  351.082281] AAAAA-TCP_FORW: name:enp0s3: saddr:100932208: daddr:33561200
[  351.187138] AAAAA-TCP_FORW: name:enp0s3: saddr:100932208: daddr:33561200
[  351.591125] AAAAA-TCP_FORW: name:enp0s3: saddr:100932208: daddr:16783984
[  351.594541] AAAAA-TCP_FORW: name:enp0s3: saddr:100932208: daddr:16783984
[  351.701916] AAAAA-TCP_FORW: name:enp0s3: saddr:100932208: daddr:16783984
[  351.787731] AAAAA-TCP_FORW: name:enp0s3: saddr:100932208: daddr:16783984
[  351.876993] AAAAA-TCP_FORW: name:enp0s3: saddr:100932208: daddr:16783984
[  351.998091] AAAAA-TCP_FORW: name:enp0s3: saddr:100932208: daddr:16783984
[  352.034800] AAAAA-TCP_FORW: name:enp0s3: saddr:100932208: daddr:16783984
[  352.127203] AAAAA-TCP_FORW: name:enp0s3: saddr:100932208: daddr:16783984
[  352.237355] AAAAA-TCP_FORW: name:enp0s3: saddr:100932208: daddr:16783984
[  352.293322] AAAAA-TCP_FORW: name:enp0s3: saddr:100932208: daddr:16783984
[  352.326283] AAAAA-TCP_FORW: name:enp0s3: saddr:100932208: daddr:16783984
[  352.443131] AAAAA-TCP_FORW: name:enp0s3: saddr:100932208: daddr:16783984
[  352.539240] AAAAA-TCP_FORW: name:enp0s3: saddr:100932208: daddr:16783984
[  352.637223] AAAAA-TCP_FORW: name:enp0s3: saddr:100932208: daddr:16783984
[  352.690193] AAAAA-TCP_FORW: name:enp0s3: saddr:100932208: daddr:16783984
[  352.762296] AAAAA-TCP_FORW: name:enp0s3: saddr:100932208: daddr:16783984
[  352.849533] AAAAA-TCP_FORW: name:enp0s3: saddr:100932208: daddr:16783984
[  352.979721] AAAAA-TCP_FORW: name:enp0s3: saddr:100932208: daddr:16783984
[  353.127186] AAAAA-TCP_FORW: name:enp0s3: saddr:100932208: daddr:16783984
[  353.204670] AAAAA-TCP_FORW: name:enp0s3: saddr:100932208: daddr:16783984
[  353.511904] AAAAA-TCP_FORW: name:enp0s3: saddr:100932208: daddr:16783984
[  353.591849] AAAAA-TCP_FORW: name:enp0s3: saddr:100932208: daddr:16783984
[  353.685131] AAAAA-TCP_FORW: name:enp0s3: saddr:100932208: daddr:16783984
[  353.799341] AAAAA-TCP_FORW: name:enp0s3: saddr:100932208: daddr:16783984
[  353.942408] AAAAA-TCP_FORW: name:enp0s3: saddr:100932208: daddr:16783984
[  354.048469] AAAAA-TCP_FORW: name:enp0s3: saddr:100932208: daddr:16783984
[  354.140473] AAAAA-TCP_FORW: name:enp0s3: saddr:100932208: daddr:16783984
[  354.192260] AAAAA-TCP_FORW: name:enp0s3: saddr:100932208: daddr:16783984
[  354.284000] AAAAA-TCP_FORW: name:enp0s3: saddr:100932208: daddr:16783984
[  354.399709] AAAAA-TCP_FORW: name:enp0s3: saddr:100932208: daddr:16783984
[  354.479851] AAAAA-TCP_FORW: name:enp0s3: saddr:100932208: daddr:16783984
[  354.507409] AAAAA-TCP_FORW: name:enp0s3: saddr:100932208: daddr:16783984
[  354.576640] AAAAA-TCP_FORW: name:enp0s3: saddr:100932208: daddr:16783984
[  354.667990] AAAAA-TCP_FORW: name:enp0s3: saddr:100932208: daddr:33561200
[  354.722799] AAAAA-TCP_FORW: name:enp0s3: saddr:100932208: daddr:33561200
[  354.822553] AAAAA-TCP_FORW: name:enp0s3: saddr:100932208: daddr:33561200
[  354.900082] AAAAA-TCP_FORW: name:enp0s3: saddr:100932208: daddr:33561200
[  355.007077] AAAAA-TCP_FORW: name:enp0s3: saddr:100932208: daddr:33561200
[  355.140516] AAAAA-TCP_FORW: name:enp0s3: saddr:100932208: daddr:33561200
[  355.170355] AAAAA-TCP_FORW: name:enp0s3: saddr:100932208: daddr:33561200
[  355.265704] AAAAA-TCP_FORW: name:enp0s3: saddr:100932208: daddr:33561200
[  355.365184] AAAAA-TCP_FORW: name:enp0s3: saddr:100932208: daddr:33561200
[  355.418984] AAAAA-TCP_FORW: name:enp0s3: saddr:100932208: daddr:33561200
[  355.454594] AAAAA-TCP_FORW: name:enp0s3: saddr:100932208: daddr:33561200
[  355.530739] AAAAA-TCP_FORW: name:enp0s3: saddr:100932208: daddr:33561200
[  355.641882] AAAAA-TCP_FORW: name:enp0s3: saddr:100932208: daddr:16783984
[  355.706945] AAAAA-TCP_FORW: name:enp0s3: saddr:100932208: daddr:16783984
[  356.007205] AAAAA-TCP_FORW: name:enp0s3: saddr:100932208: daddr:16783984
[  356.074833] AAAAA-TCP_FORW: name:enp0s3: saddr:100932208: daddr:16783984
[  356.231347] AAAAA-TCP_FORW: name:enp0s3: saddr:100932208: daddr:33561200
[  356.288446] AAAAA-TCP_FORW: name:enp0s3: saddr:100932208: daddr:33561200
[  356.482771] AAAAA-TCP_FORW: name:enp0s3: saddr:100932208: daddr:33561200
[  356.521742] AAAAA-TCP_FORW: name:enp0s3: saddr:100932208: daddr:33561200
[  356.648655] AAAAA-TCP_FORW: name:enp0s3: saddr:100932208: daddr:16783984
[  356.879488] AAAAA-TCP_FORW: name:enp0s3: saddr:100932208: daddr:33561200
[  356.997130] AAAAA-TCP_FORW: name:enp0s3: saddr:100932208: daddr:33561200
[  357.281176] AAAAA-TCP_FORW: name:enp0s3: saddr:100932208: daddr:33561200
[  357.330093] AAAAA-TCP_FORW: name:enp0s3: saddr:16783984: daddr:100932208
[  357.367570] AAAAA-TCP_FORW: name:enp0s3: saddr:100932208: daddr:33561200
[  357.439857] AAAAA-TCP_FORW: name:enp0s3: saddr:100932208: daddr:33561200
[  357.444293] AAAAA-TCP_FORW: name:enp0s3: saddr:100932208: daddr:33561200
[  357.489452] AAAAA-TCP_FORW: name:enp0s3: saddr:100932208: daddr:33561200
[  357.581873] AAAAA-TCP_FORW: name:enp0s3: saddr:100932208: daddr:33561200
[  357.745098] AAAAA-TCP_FORW: name:enp0s3: saddr:100932208: daddr:33561200
[  358.052547] AAAAA-TCP_FORW: name:enp0s3: saddr:100932208: daddr:33561200
[  358.152645] AAAAA-TCP_FORW: name:enp0s3: saddr:100932208: daddr:33561200
[  358.204734] AAAAA-TCP_FORW: name:enp0s3: saddr:100932208: daddr:33561200
[  358.274045] AAAAA-TCP_FORW: name:enp0s3: saddr:100932208: daddr:33561200
[  358.439835] AAAAA-TCP_FORW: name:enp0s3: saddr:100932208: daddr:33561200
[  358.446540] AAAAA-TCP_FORW: name:enp0s3: saddr:100932208: daddr:33561200
[  358.693233] AAAAA-TCP_FORW: name:enp0s3: saddr:100932208: daddr:33561200
[  358.695102] AAAAA-TCP_FORW: name:enp0s3: saddr:100932208: daddr:33561200
[  358.910038] AAAAA-TCP_FORW: name:enp0s3: saddr:100932208: daddr:16783984
[  358.998394] AAAAA-TCP_FORW: name:enp0s3: saddr:100932208: daddr:16783984
[  360.064162] AAAAA-TCP_FORW: name:enp0s3: saddr:100932208: daddr:16783984
[  360.298478] AAAAA-TCP_FORW: name:enp0s3: saddr:100932208: daddr:33561200
[  360.370568] AAAAA-TCP_FORW: name:enp0s3: saddr:100932208: daddr:33561200
[  360.661561] AAAAA-TCP_FORW: name:enp0s3: saddr:100932208: daddr:33561200
[  360.905767] AAAAA-TCP_FORW: name:enp0s3: saddr:100932208: daddr:33561200
[  360.972716] AAAAA-TCP_FORW: name:enp0s3: saddr:100932208: daddr:33561200
[  361.252818] AAAAA-TCP_FORW: name:enp0s3: saddr:100932208: daddr:16783984
[  361.378191] AAAAA-TCP_FORW: name:enp0s3: saddr:33561200: daddr:100932208
[  361.660401] AAAAA-TCP_FORW: name:enp0s3: saddr:100932208: daddr:16783984
[  361.770183] AAAAA-TCP_FORW: name:enp0s3: saddr:100932208: daddr:16783984
[  361.813812] AAAAA-TCP_FORW: name:enp0s3: saddr:16783984: daddr:100932208
[  361.897349] AAAAA-TCP_FORW: name:enp0s3: saddr:33561200: daddr:100932208
[  362.288713] AAAAA-TCP_FORW: name:enp0s3: saddr:16783984: daddr:100932208
[  362.502442] AAAAA-TCP_FORW: name:enp0s3: saddr:16783984: daddr:100932208
[  362.789133] AAAAA-TCP_FORW: name:enp0s3: saddr:16783984: daddr:100932208
[  363.031873] AAAAA-TCP_FORW: name:enp0s3: saddr:33561200: daddr:100932208
[  363.100865] AAAAA-TCP_FORW: name:enp0s3: saddr:33561200: daddr:100932208
[  363.193121] AAAAA-TCP_FORW: name:enp0s3: saddr:33561200: daddr:100932208
[  363.534329] AAAAA-TCP_FORW: name:enp0s3: saddr:33561200: daddr:100932208
[  363.949031] AAAAA-TCP_FORW: name:enp0s3: saddr:33561200: daddr:100932208
[  363.969370] AAAAA-TCP_FORW: name:enp0s3: saddr:33561200: daddr:100932208
[  364.578238] AAAAA-TCP_FORW: name:enp0s3: saddr:33561200: daddr:100932208
[  364.771500] AAAAA-TCP_FORW: name:enp0s3: saddr:33561200: daddr:100932208
[  364.995300] AAAAA-TCP_FORW: name:enp0s3: saddr:33561200: daddr:100932208
[  365.130577] AAAAA-TCP_FORW: name:enp0s3: saddr:33561200: daddr:100932208
[  365.306634] AAAAA-TCP_FORW: name:enp0s3: saddr:16783984: daddr:100932208
[  365.330929] AAAAA-TCP_FORW: name:enp0s3: saddr:16783984: daddr:100932208
[  365.479279] AAAAA-TCP_FORW: name:enp0s3: saddr:16783984: daddr:100932208
[  365.594315] AAAAA-TCP_FORW: name:enp0s3: saddr:33561200: daddr:100932208
[  365.724707] AAAAA-TCP_FORW: name:enp0s3: saddr:33561200: daddr:100932208
[  365.906313] AAAAA-TCP_FORW: name:enp0s3: saddr:33561200: daddr:100932208
[  365.967604] AAAAA-TCP_FORW: name:enp0s3: saddr:33561200: daddr:100932208
[  366.093705] AAAAA-TCP_FORW: name:enp0s3: saddr:33561200: daddr:100932208
[  366.190430] AAAAA-TCP_FORW: name:enp0s3: saddr:100932208: daddr:33561200
[  366.230083] AAAAA-TCP_FORW: name:enp0s3: saddr:16783984: daddr:100932208
[  366.395744] AAAAA-TCP_FORW: name:enp0s3: saddr:16783984: daddr:100932208
[  366.438711] AAAAA-TCP_FORW: name:enp0s3: saddr:100932208: daddr:33561200
[  366.922574] AAAAA-TCP_FORW: name:enp0s3: saddr:100932208: daddr:33561200
[  367.104431] AAAAA-TCP_FORW: name:enp0s3: saddr:100932208: daddr:33561200
[  367.404531] AAAAA-TCP_FORW: name:enp0s3: saddr:100932208: daddr:16783984
[  367.545837] AAAAA-TCP_FORW: name:enp0s3: saddr:100932208: daddr:16783984
[  368.010070] AAAAA-TCP_FORW: name:enp0s3: saddr:33561200: daddr:100932208
[  368.206245] AAAAA-TCP_FORW: name:enp0s3: saddr:33561200: daddr:100932208
[  368.391024] AAAAA-TCP_FORW: name:enp0s3: saddr:33561200: daddr:100932208
[  368.773325] AAAAA-TCP_FORW: name:enp0s3: saddr:33561200: daddr:100932208
[  369.212380] AAAAA-TCP_FORW: name:enp0s3: saddr:16783984: daddr:100932208
[  369.308928] AAAAA-TCP_FORW: name:enp0s3: saddr:16783984: daddr:100932208
[  381.635566] AAAAA-TCP_FORW: name:enp0s3: saddr:33561200: daddr:100932208
[  382.634213] AAAAA-TCP_FORW: name:enp0s3: saddr:33561200: daddr:100932208
[  383.343216] AAAAA-TCP_FORW: name:enp0s3: saddr:33561200: daddr:100932208
[  383.715207] AAAAA-TCP_FORW: name:enp0s3: saddr:33561200: daddr:100932208
[  383.900552] AAAAA-TCP_FORW: name:enp0s3: saddr:33561200: daddr:100932208
[  384.290361] AAAAA-TCP_FORW: name:enp0s3: saddr:33561200: daddr:100932208
[  384.367299] AAAAA-TCP_FORW: name:enp0s3: saddr:33561200: daddr:100932208
[  384.537576] AAAAA-TCP_FORW: name:enp0s3: saddr:33561200: daddr:100932208
[  384.674728] AAAAA-TCP_FORW: name:enp0s3: saddr:33561200: daddr:100932208
[  385.053234] AAAAA-TCP_FORW: name:enp0s3: saddr:33561200: daddr:100932208
[  385.175221] AAAAA-TCP_FORW: name:enp0s3: saddr:100932208: daddr:33561200
[  385.275977] AAAAA-TCP_FORW: name:enp0s3: saddr:100932208: daddr:33561200
[  385.343910] AAAAA-TCP_FORW: name:enp0s3: saddr:100932208: daddr:33561200
[  385.390774] AAAAA-TCP_FORW: name:enp0s3: saddr:33561200: daddr:100932208
[  385.617052] AAAAA-TCP_FORW: name:enp0s3: saddr:100932208: daddr:33561200
[  385.839580] AAAAA-TCP_FORW: name:enp0s3: saddr:100932208: daddr:33561200
[  385.928137] AAAAA-TCP_FORW: name:enp0s3: saddr:100932208: daddr:33561200
[  386.075210] AAAAA-TCP_FORW: name:enp0s3: saddr:100932208: daddr:33561200
[  386.198908] AAAAA-TCP_FORW: name:enp0s3: saddr:100932208: daddr:33561200
[  386.388475] AAAAA-TCP_FORW: name:enp0s3: saddr:100932208: daddr:33561200
[  386.492645] AAAAA-TCP_FORW: name:enp0s3: saddr:100932208: daddr:33561200
[  386.570538] AAAAA-TCP_FORW: name:enp0s3: saddr:100932208: daddr:33561200
[  386.633035] AAAAA-TCP_FORW: name:enp0s3: saddr:100932208: daddr:33561200
[  386.792927] AAAAA-TCP_FORW: name:enp0s3: saddr:100932208: daddr:33561200
[  386.851377] AAAAA-TCP_FORW: name:enp0s3: saddr:100932208: daddr:33561200
[  386.976197] AAAAA-TCP_FORW: name:enp0s3: saddr:100932208: daddr:33561200
[  387.006427] AAAAA-TCP_FORW: name:enp0s3: saddr:100932208: daddr:33561200
[  387.108811] AAAAA-TCP_FORW: name:enp0s3: saddr:100932208: daddr:33561200
[  387.308392] AAAAA-TCP_FORW: name:enp0s3: saddr:100932208: daddr:33561200
[  387.375466] AAAAA-TCP_FORW: name:enp0s3: saddr:100932208: daddr:33561200
[  387.436328] AAAAA-TCP_FORW: name:enp0s3: saddr:100932208: daddr:33561200
[  387.489783] AAAAA-TCP_FORW: name:enp0s3: saddr:100932208: daddr:33561200
[  387.553669] AAAAA-TCP_FORW: name:enp0s3: saddr:100932208: daddr:33561200
[  387.619425] AAAAA-TCP_FORW: name:enp0s3: saddr:100932208: daddr:33561200
[  387.679874] AAAAA-TCP_FORW: name:enp0s3: saddr:100932208: daddr:33561200
[  387.760493] AAAAA-TCP_FORW: name:enp0s3: saddr:100932208: daddr:16783984
[  387.810402] AAAAA-TCP_FORW: name:enp0s3: saddr:100932208: daddr:33561200
[  387.915604] AAAAA-TCP_FORW: name:enp0s3: saddr:100932208: daddr:33561200
[  387.986729] AAAAA-TCP_FORW: name:enp0s3: saddr:100932208: daddr:33561200
[  388.063449] AAAAA-TCP_FORW: name:enp0s3: saddr:100932208: daddr:33561200
[  388.147986] AAAAA-TCP_FORW: name:enp0s3: saddr:100932208: daddr:33561200
[  388.250904] AAAAA-TCP_FORW: name:enp0s3: saddr:100932208: daddr:33561200
[  388.382467] AAAAA-TCP_FORW: name:enp0s3: saddr:100932208: daddr:33561200
[  388.479743] AAAAA-TCP_FORW: name:enp0s3: saddr:100932208: daddr:16783984
[  388.608222] AAAAA-TCP_FORW: name:enp0s3: saddr:100932208: daddr:16783984
[  388.668805] AAAAA-TCP_FORW: name:enp0s3: saddr:100932208: daddr:33561200
[  388.857040] AAAAA-TCP_FORW: name:enp0s3: saddr:100932208: daddr:33561200
[  389.131583] AAAAA-TCP_FORW: name:enp0s3: saddr:100932208: daddr:33561200
[  389.545417] AAAAA-TCP_FORW: name:enp0s3: saddr:100932208: daddr:16783984
[  389.747195] AAAAA-TCP_FORW: name:enp0s3: saddr:100932208: daddr:33561200
[  389.933205] AAAAA-TCP_FORW: name:enp0s3: saddr:100932208: daddr:33561200
[  390.877862] AAAAA-TCP_FORW: name:enp0s3: saddr:16783984: daddr:100932208
[  390.932949] AAAAA-TCP_FORW: name:enp0s3: saddr:33561200: daddr:100932208
[  391.025578] AAAAA-TCP_FORW: name:enp0s3: saddr:16783984: daddr:100932208
[  391.250573] AAAAA-TCP_FORW: name:enp0s3: saddr:33561200: daddr:100932208
[  391.301484] AAAAA-TCP_FORW: name:enp0s3: saddr:33561200: daddr:100932208
[  391.319457] AAAAA-TCP_FORW: name:enp0s3: saddr:100932208: daddr:16783984
[  391.644680] AAAAA-TCP_FORW: name:enp0s3: saddr:100932208: daddr:33561200
[  391.940573] AAAAA-TCP_FORW: name:enp0s3: saddr:100932208: daddr:33561200
[  392.161608] AAAAA-TCP_FORW: name:enp0s3: saddr:33561200: daddr:100932208
[  392.242540] AAAAA-TCP_FORW: name:enp0s3: saddr:100932208: daddr:33561200
[  392.432485] AAAAA-TCP_FORW: name:enp0s3: saddr:16783984: daddr:100932208
[  393.138104] AAAAA-TCP_FORW: name:enp0s3: saddr:100932208: daddr:16783984
[  393.311576] AAAAA-TCP_FORW: name:enp0s3: saddr:16783984: daddr:100932208
[  393.691459] AAAAA-TCP_FORW: name:enp0s3: saddr:100932208: daddr:16783984
[  393.761574] AAAAA-TCP_FORW: name:enp0s3: saddr:100932208: daddr:33561200
[  393.851076] AAAAA-TCP_FORW: name:enp0s3: saddr:100932208: daddr:33561200
[  394.151958] AAAAA-TCP_FORW: name:enp0s3: saddr:33561200: daddr:100932208
[  394.289953] AAAAA-TCP_FORW: name:enp0s3: saddr:16783984: daddr:100932208
[  394.433292] AAAAA-TCP_FORW: name:enp0s3: saddr:33561200: daddr:100932208
[  395.047511] AAAAA-TCP_FORW: name:enp0s3: saddr:100932208: daddr:16783984
[  395.289268] AAAAA-TCP_FORW: name:enp0s3: saddr:100932208: daddr:33561200
[  395.351387] AAAAA-TCP_FORW: name:enp0s3: saddr:100932208: daddr:16783984
[  395.369737] AAAAA-TCP_FORW: name:enp0s3: saddr:33561200: daddr:100932208
[  395.815098] AAAAA-TCP_FORW: name:enp0s3: saddr:33561200: daddr:100932208
[  396.052118] AAAAA-TCP_FORW: name:enp0s3: saddr:16783984: daddr:100932208
[  533.774742] rfkill: input handler enabled
[  542.969695] rfkill: input handler disabled
[  726.020777] device enp0s3 left promiscuous mode
