[    0.000000] Linux version 5.4.243-mptcp (root@ztg) (gcc version 12.2.0 (Debian 12.2.0-14+deb12u1)) #53 SMP Wed Dec 24 23:28:15 CST 2025
[    0.000000] Command line: BOOT_IMAGE=/boot/vmlinuz-5.4.243-mptcp root=UUID=98415a12-53b7-4144-8265-0f7ece09e445 ro quiet splash
[    0.000000] KERNEL supported cpus:
[    0.000000]   Intel GenuineIntel
[    0.000000]   AMD AuthenticAMD
[    0.000000]   Hygon HygonGenuine
[    0.000000]   Centaur CentaurHauls
[    0.000000]   zhaoxin   Shanghai  
[    0.000000] x86/fpu: Supporting XSAVE feature 0x001: 'x87 floating point registers'
[    0.000000] x86/fpu: Supporting XSAVE feature 0x002: 'SSE registers'
[    0.000000] x86/fpu: Supporting XSAVE feature 0x004: 'AVX registers'
[    0.000000] x86/fpu: xstate_offset[2]:  576, xstate_sizes[2]:  256
[    0.000000] x86/fpu: Enabled xstate features 0x7, context size is 832 bytes, using 'standard' format.
[    0.000000] BIOS-provided physical RAM map:
[    0.000000] BIOS-e820: [mem 0x0000000000000000-0x000000000009fbff] usable
[    0.000000] BIOS-e820: [mem 0x000000000009fc00-0x000000000009ffff] reserved
[    0.000000] BIOS-e820: [mem 0x00000000000f0000-0x00000000000fffff] reserved
[    0.000000] BIOS-e820: [mem 0x0000000000100000-0x000000007ffeffff] usable
[    0.000000] BIOS-e820: [mem 0x000000007fff0000-0x000000007fffffff] ACPI data
[    0.000000] BIOS-e820: [mem 0x00000000fec00000-0x00000000fec00fff] reserved
[    0.000000] BIOS-e820: [mem 0x00000000fee00000-0x00000000fee00fff] reserved
[    0.000000] BIOS-e820: [mem 0x00000000fffc0000-0x00000000ffffffff] reserved
[    0.000000] NX (Execute Disable) protection: active
[    0.000000] SMBIOS 2.5 present.
[    0.000000] DMI: innotek GmbH VirtualBox/VirtualBox, BIOS VirtualBox 12/01/2006
[    0.000000] Hypervisor detected: KVM
[    0.000000] kvm-clock: Using msrs 4b564d01 and 4b564d00
[    0.000000] kvm-clock: cpu 0, msr 76801001, primary cpu clock
[    0.000000] kvm-clock: using sched offset of 4445197995 cycles
[    0.000003] clocksource: kvm-clock: mask: 0xffffffffffffffff max_cycles: 0x1cd42e4dffb, max_idle_ns: 881590591483 ns
[    0.000006] tsc: Detected 2100.000 MHz processor
[    0.001968] e820: update [mem 0x00000000-0x00000fff] usable ==> reserved
[    0.001970] e820: remove [mem 0x000a0000-0x000fffff] usable
[    0.001974] last_pfn = 0x7fff0 max_arch_pfn = 0x400000000
[    0.002044] MTRR default type: uncachable
[    0.002045] MTRR fixed ranges enabled:
[    0.002046]   00000-9FFFF write-back
[    0.002047]   A0000-BFFFF uncachable
[    0.002048]   C0000-FFFFF write-protect
[    0.002048] MTRR variable ranges enabled:
[    0.002050]   0 base 000000000000 mask 3FFF80000000 write-back
[    0.002050]   1 disabled
[    0.002051]   2 disabled
[    0.002051]   3 disabled
[    0.002052]   4 disabled
[    0.002052]   5 disabled
[    0.002052]   6 disabled
[    0.002053]   7 disabled
[    0.002053]   8 disabled
[    0.002054]   9 disabled
[    0.002054]   10 disabled
[    0.002055]   11 disabled
[    0.002055]   12 disabled
[    0.002055]   13 disabled
[    0.002056]   14 disabled
[    0.002056]   15 disabled
[    0.002074] x86/PAT: Configuration [0-7]: WB  WC  UC- UC  WB  WP  UC- WT  
[    0.002209] found SMP MP-table at [mem 0x0009fff0-0x0009ffff]
[    0.094768] check: Scanning 1 areas for low memory corruption
[    0.094922] RAMDISK: [mem 0x32271000-0x3512ffff]
[    0.094930] ACPI: Early table checksum verification disabled
[    0.094935] ACPI: RSDP 0x00000000000E0000 000024 (v02 VBOX  )
[    0.094940] ACPI: XSDT 0x000000007FFF0030 00003C (v01 VBOX   VBOXXSDT 00000001 ASL  00000061)
[    0.094946] ACPI: FACP 0x000000007FFF00F0 0000F4 (v04 VBOX   VBOXFACP 00000001 ASL  00000061)
[    0.094953] ACPI: DSDT 0x000000007FFF02E0 002353 (v02 VBOX   VBOXBIOS 00000002 VBOX 00029BF3)
[    0.094957] ACPI: FACS 0x000000007FFF0200 000040
[    0.094960] ACPI: FACS 0x000000007FFF0200 000040
[    0.094963] ACPI: APIC 0x000000007FFF0240 000054 (v02 VBOX   VBOXAPIC 00000001 ASL  00000061)
[    0.094967] ACPI: SSDT 0x000000007FFF02A0 000038 (v01 VBOX   VBOXCPUT 00000002 VBOX 00029BF3)
[    0.094970] ACPI: Reserving FACP table memory at [mem 0x7fff00f0-0x7fff01e3]
[    0.094971] ACPI: Reserving DSDT table memory at [mem 0x7fff02e0-0x7fff2632]
[    0.094972] ACPI: Reserving FACS table memory at [mem 0x7fff0200-0x7fff023f]
[    0.094973] ACPI: Reserving FACS table memory at [mem 0x7fff0200-0x7fff023f]
[    0.094973] ACPI: Reserving APIC table memory at [mem 0x7fff0240-0x7fff0293]
[    0.094974] ACPI: Reserving SSDT table memory at [mem 0x7fff02a0-0x7fff02d7]
[    0.094988] ACPI: Local APIC address 0xfee00000
[    0.095176] No NUMA configuration found
[    0.095177] Faking a node at [mem 0x0000000000000000-0x000000007ffeffff]
[    0.095188] NODE_DATA(0) allocated [mem 0x7ffc5000-0x7ffeffff]
[    0.095470] Zone ranges:
[    0.095471]   DMA      [mem 0x0000000000001000-0x0000000000ffffff]
[    0.095473]   DMA32    [mem 0x0000000001000000-0x000000007ffeffff]
[    0.095473]   Normal   empty
[    0.095474]   Device   empty
[    0.095475] Movable zone start for each node
[    0.095477] Early memory node ranges
[    0.095478]   node   0: [mem 0x0000000000001000-0x000000000009efff]
[    0.095479]   node   0: [mem 0x0000000000100000-0x000000007ffeffff]
[    0.095482] Zeroed struct page in unavailable ranges: 114 pages
[    0.095483] Initmem setup node 0 [mem 0x0000000000001000-0x000000007ffeffff]
[    0.095484] On node 0 totalpages: 524174
[    0.095486]   DMA zone: 64 pages used for memmap
[    0.095486]   DMA zone: 21 pages reserved
[    0.095487]   DMA zone: 3998 pages, LIFO batch:0
[    0.095557]   DMA32 zone: 8128 pages used for memmap
[    0.095558]   DMA32 zone: 520176 pages, LIFO batch:63
[    0.104488] ACPI: PM-Timer IO Port: 0x4008
[    0.104491] ACPI: Local APIC address 0xfee00000
[    0.104560] IOAPIC[0]: apic_id 1, version 32, address 0xfec00000, GSI 0-23
[    0.104564] ACPI: INT_SRC_OVR (bus 0 bus_irq 0 global_irq 2 dfl dfl)
[    0.104566] ACPI: INT_SRC_OVR (bus 0 bus_irq 9 global_irq 9 low level)
[    0.104568] ACPI: IRQ0 used by override.
[    0.104569] ACPI: IRQ9 used by override.
[    0.104571] Using ACPI (MADT) for SMP configuration information
[    0.104578] smpboot: Allowing 1 CPUs, 0 hotplug CPUs
[    0.104602] PM: Registered nosave memory: [mem 0x00000000-0x00000fff]
[    0.104603] PM: Registered nosave memory: [mem 0x0009f000-0x0009ffff]
[    0.104604] PM: Registered nosave memory: [mem 0x000a0000-0x000effff]
[    0.104604] PM: Registered nosave memory: [mem 0x000f0000-0x000fffff]
[    0.104606] [mem 0x80000000-0xfebfffff] available for PCI devices
[    0.104606] Booting paravirtualized kernel on KVM
[    0.104609] clocksource: refined-jiffies: mask: 0xffffffff max_cycles: 0xffffffff, max_idle_ns: 7645519600211568 ns
[    0.104614] setup_percpu: NR_CPUS:8192 nr_cpumask_bits:1 nr_cpu_ids:1 nr_node_ids:1
[    0.105607] percpu: Embedded 60 pages/cpu s208896 r8192 d28672 u2097152
[    0.105612] pcpu-alloc: s208896 r8192 d28672 u2097152 alloc=1*2097152
[    0.105612] pcpu-alloc: [0] 0 
[    0.105640] Built 1 zonelists, mobility grouping on.  Total pages: 515961
[    0.105640] Policy zone: DMA32
[    0.105641] Kernel command line: BOOT_IMAGE=/boot/vmlinuz-5.4.243-mptcp root=UUID=98415a12-53b7-4144-8265-0f7ece09e445 ro quiet splash
[    0.106467] Dentry cache hash table entries: 262144 (order: 9, 2097152 bytes, linear)
[    0.106730] Inode-cache hash table entries: 131072 (order: 8, 1048576 bytes, linear)
[    0.106783] mem auto-init: stack:off, heap alloc:on, heap free:off
[    0.106786] Calgary: detecting Calgary via BIOS EBDA area
[    0.106787] Calgary: Unable to locate Rio Grande table in EBDA - bailing!
[    0.110856] Memory: 1967332K/2096696K available (14339K kernel code, 2398K rwdata, 4712K rodata, 2728K init, 17260K bss, 129364K reserved, 0K cma-reserved)
[    0.111760] SLUB: HWalign=64, Order=0-3, MinObjects=0, CPUs=1, Nodes=1
[    0.111777] ftrace: allocating 43186 entries in 169 pages
[    0.129863] rcu: Hierarchical RCU implementation.
[    0.129864] rcu: 	RCU restricting CPUs from NR_CPUS=8192 to nr_cpu_ids=1.
[    0.129866] 	Tasks RCU enabled.
[    0.129867] rcu: RCU calculated value of scheduler-enlistment delay is 25 jiffies.
[    0.129868] rcu: Adjusting geometry for rcu_fanout_leaf=16, nr_cpu_ids=1
[    0.132843] NR_IRQS: 524544, nr_irqs: 256, preallocated irqs: 16
[    0.133056] random: crng init done
[    0.142429] Console: colour VGA+ 80x25
[    0.142433] printk: console [tty0] enabled
[    0.142452] ACPI: Core revision 20190816
[    0.142546] APIC: Switch to symmetric I/O mode setup
[    0.142805] x2apic enabled
[    0.143048] Switched APIC routing to physical x2apic.
[    0.144186] ..TIMER: vector=0x30 apic1=0 pin1=2 apic2=-1 pin2=-1
[    0.144212] clocksource: tsc-early: mask: 0xffffffffffffffff max_cycles: 0x1e4530a99b6, max_idle_ns: 440795257976 ns
[    0.144216] Calibrating delay loop (skipped) preset value.. 4200.00 BogoMIPS (lpj=8400000)
[    0.144219] pid_max: default: 32768 minimum: 301
[    0.144247] LSM: Security Framework initializing
[    0.144257] Yama: becoming mindful.
[    0.144282] AppArmor: AppArmor initialized
[    0.144316] Mount-cache hash table entries: 4096 (order: 3, 32768 bytes, linear)
[    0.144321] Mountpoint-cache hash table entries: 4096 (order: 3, 32768 bytes, linear)
[    0.144330] *** VALIDATE tmpfs ***
[    0.144459] *** VALIDATE proc ***
[    0.144497] *** VALIDATE cgroup1 ***
[    0.144498] *** VALIDATE cgroup2 ***
[    0.144650] process: using mwait in idle threads
[    0.144655] Last level iTLB entries: 4KB 64, 2MB 8, 4MB 8
[    0.144656] Last level dTLB entries: 4KB 64, 2MB 0, 4MB 0, 1GB 4
[    0.144676] Spectre V1 : Mitigation: usercopy/swapgs barriers and __user pointer sanitization
[    0.144681] Spectre V2 : Mitigation: Retpolines
[    0.144682] Spectre V2 : Spectre v2 / SpectreRSB mitigation: Filling RSB on context switch
[    0.144682] Spectre V2 : Spectre v2 / SpectreRSB : Filling RSB on VMEXIT
[    0.144683] RETBleed: WARNING: Spectre v2 mitigation leaves CPU vulnerable to RETBleed attacks, data leaks possible!
[    0.145053] RETBleed: Vulnerable
[    0.145053] Speculative Store Bypass: Vulnerable
[    0.145058] TAA: Mitigation: TSX disabled
[    0.145058] MMIO Stale Data: Mitigation: Clear CPU buffers
[    0.149211] Freeing SMP alternatives memory: 40K
[    0.261727] smpboot: CPU0: Intel(R) Xeon(R) Silver 4216 CPU @ 2.10GHz (family: 0x6, model: 0x55, stepping: 0x7)
[    0.261858] Performance Events: unsupported p6 CPU model 85 no PMU driver, software events only.
[    0.261898] rcu: Hierarchical SRCU implementation.
[    0.262372] NMI watchdog: Perf NMI watchdog permanently disabled
[    0.262410] smp: Bringing up secondary CPUs ...
[    0.262411] smp: Brought up 1 node, 1 CPU
[    0.262411] smpboot: Max logical packages: 1
[    0.262413] smpboot: Total of 1 processors activated (4200.00 BogoMIPS)
[    0.263374] devtmpfs: initialized
[    0.263419] x86/mm: Memory block size: 128MB
[    0.263763] clocksource: jiffies: mask: 0xffffffff max_cycles: 0xffffffff, max_idle_ns: 7645041785100000 ns
[    0.263768] futex hash table entries: 256 (order: 2, 16384 bytes, linear)
[    0.263810] pinctrl core: initialized pinctrl subsystem
[    0.263913] PM: RTC time: 08:22:23, date: 2026-01-13
[    0.264018] NET: Registered protocol family 16
[    0.264091] audit: initializing netlink subsys (disabled)
[    0.264213] EISA bus registered
[    0.264213] cpuidle: using governor ladder
[    0.264213] cpuidle: using governor menu
[    0.264213] ACPI: bus type PCI registered
[    0.264213] acpiphp: ACPI Hot Plug PCI Controller Driver version: 0.5
[    0.264213] PCI: Using configuration type 1 for base access
[    0.264592] audit: type=2000 audit(1768263749.285:1): state=initialized audit_enabled=0 res=1
[    0.264670] HugeTLB registered 2.00 MiB page size, pre-allocated 0 pages
[    0.265499] ACPI: Added _OSI(Module Device)
[    0.265500] ACPI: Added _OSI(Processor Device)
[    0.265500] ACPI: Added _OSI(3.0 _SCP Extensions)
[    0.265501] ACPI: Added _OSI(Processor Aggregator Device)
[    0.265502] ACPI: Added _OSI(Linux-Dell-Video)
[    0.265503] ACPI: Added _OSI(Linux-Lenovo-NV-HDMI-Audio)
[    0.265503] ACPI: Added _OSI(Linux-HPI-Hybrid-Graphics)
[    0.267446] ACPI: 2 ACPI AML tables successfully acquired and loaded
[    0.268958] ACPI: Interpreter enabled
[    0.268967] ACPI: (supports S0 S5)
[    0.268968] ACPI: Using IOAPIC for interrupt routing
[    0.269174] PCI: Using host bridge windows from ACPI; if necessary, use "pci=nocrs" and report a bug
[    0.269279] ACPI: Enabled 2 GPEs in block 00 to 07
[    0.274066] ACPI: PCI Root Bridge [PCI0] (domain 0000 [bus 00-ff])
[    0.274070] acpi PNP0A03:00: _OSC: OS supports [ASPM ClockPM Segments MSI HPX-Type3]
[    0.274513] acpi PNP0A03:00: _OSC: not requesting OS control; OS requires [ExtendedConfig ASPM ClockPM MSI]
[    0.274521] acpi PNP0A03:00: fail to add MMCONFIG information, can't access extended PCI configuration space under this bridge.
[    0.274889] PCI host bridge to bus 0000:00
[    0.274891] pci_bus 0000:00: root bus resource [io  0x0000-0x0cf7 window]
[    0.274892] pci_bus 0000:00: root bus resource [io  0x0d00-0xffff window]
[    0.274893] pci_bus 0000:00: root bus resource [mem 0x000a0000-0x000bffff window]
[    0.274894] pci_bus 0000:00: root bus resource [mem 0x80000000-0xfdffffff window]
[    0.274895] pci_bus 0000:00: root bus resource [bus 00-ff]
[    0.274938] pci 0000:00:00.0: [8086:1237] type 00 class 0x060000
[    0.275872] pci 0000:00:01.0: [8086:7000] type 00 class 0x060100
[    0.276739] pci 0000:00:01.1: [8086:7111] type 00 class 0x01018a
[    0.277115] pci 0000:00:01.1: reg 0x20: [io  0xd000-0xd00f]
[    0.277265] pci 0000:00:01.1: legacy IDE quirk: reg 0x10: [io  0x01f0-0x01f7]
[    0.277265] pci 0000:00:01.1: legacy IDE quirk: reg 0x14: [io  0x03f6]
[    0.277266] pci 0000:00:01.1: legacy IDE quirk: reg 0x18: [io  0x0170-0x0177]
[    0.277267] pci 0000:00:01.1: legacy IDE quirk: reg 0x1c: [io  0x0376]
[    0.277803] pci 0000:00:02.0: [15ad:0405] type 00 class 0x030000
[    0.280294] pci 0000:00:02.0: reg 0x10: [io  0xd010-0xd01f]
[    0.284260] pci 0000:00:02.0: reg 0x14: [mem 0xe0000000-0xe7ffffff pref]
[    0.286969] pci 0000:00:02.0: reg 0x18: [mem 0xf0000000-0xf01fffff]
[    0.296985] pci 0000:00:03.0: [1022:2000] type 00 class 0x020000
[    0.297653] pci 0000:00:03.0: reg 0x10: [io  0xd020-0xd03f]
[    0.298261] pci 0000:00:03.0: reg 0x14: [mem 0xf0200000-0xf0200fff]
[    0.302693] pci 0000:00:04.0: [80ee:cafe] type 00 class 0x088000
[    0.303365] pci 0000:00:04.0: reg 0x10: [io  0xd040-0xd05f]
[    0.303970] pci 0000:00:04.0: reg 0x14: [mem 0xf0400000-0xf07fffff]
[    0.304325] pci 0000:00:04.0: reg 0x18: [mem 0xf0800000-0xf0803fff pref]
[    0.307845] pci 0000:00:07.0: [8086:7113] type 00 class 0x068000
[    0.308569] pci 0000:00:07.0: quirk: [io  0x4000-0x403f] claimed by PIIX4 ACPI
[    0.308579] pci 0000:00:07.0: quirk: [io  0x4100-0x410f] claimed by PIIX4 SMB
[    0.309196] pci 0000:00:08.0: [8086:100e] type 00 class 0x020000
[    0.309932] pci 0000:00:08.0: reg 0x10: [mem 0xf0820000-0xf083ffff]
[    0.311099] pci 0000:00:08.0: reg 0x18: [io  0xd060-0xd067]
[    0.313843] pci 0000:00:09.0: [8086:100e] type 00 class 0x020000
[    0.314549] pci 0000:00:09.0: reg 0x10: [mem 0xf0840000-0xf085ffff]
[    0.315758] pci 0000:00:09.0: reg 0x18: [io  0xd068-0xd06f]
[    0.325272] ACPI: PCI Interrupt Link [LNKA] (IRQs 5 9 10 *11)
[    0.325552] ACPI: PCI Interrupt Link [LNKB] (IRQs 5 9 *10 11)
[    0.325655] ACPI: PCI Interrupt Link [LNKC] (IRQs 5 *9 10 11)
[    0.325755] ACPI: PCI Interrupt Link [LNKD] (IRQs 5 9 10 *11)
[    0.326007] iommu: Default domain type: Translated 
[    0.326070] pci 0000:00:02.0: vgaarb: setting as boot VGA device
[    0.326071] pci 0000:00:02.0: vgaarb: VGA device added: decodes=io+mem,owns=io+mem,locks=none
[    0.326073] pci 0000:00:02.0: vgaarb: bridge control possible
[    0.326074] vgaarb: loaded
[    0.328273] SCSI subsystem initialized
[    0.328308] libata version 3.00 loaded.
[    0.328332] ACPI: bus type USB registered
[    0.328348] usbcore: registered new interface driver usbfs
[    0.328353] usbcore: registered new interface driver hub
[    0.328359] usbcore: registered new device driver usb
[    0.328387] pps_core: LinuxPPS API ver. 1 registered
[    0.328388] pps_core: Software ver. 5.3.6 - Copyright 2005-2007 Rodolfo Giometti <giometti@linux.it>
[    0.328390] PTP clock support registered
[    0.328424] EDAC MC: Ver: 3.0.0
[    0.328703] PCI: Using ACPI for IRQ routing
[    0.328704] PCI: pci_cache_line_size set to 64 bytes
[    0.328875] e820: reserve RAM buffer [mem 0x0009fc00-0x0009ffff]
[    0.328879] e820: reserve RAM buffer [mem 0x7fff0000-0x7fffffff]
[    0.329668] NetLabel: Initializing
[    0.329669] NetLabel:  domain hash size = 128
[    0.329669] NetLabel:  protocols = UNLABELED CIPSOv4 CALIPSO
[    0.329689] NetLabel:  unlabeled traffic allowed by default
[    0.330584] clocksource: Switched to clocksource kvm-clock
[    0.342461] *** VALIDATE bpf ***
[    0.342523] VFS: Disk quotas dquot_6.6.0
[    0.342536] VFS: Dquot-cache hash table entries: 512 (order 0, 4096 bytes)
[    0.342558] *** VALIDATE ramfs ***
[    0.342561] *** VALIDATE hugetlbfs ***
[    0.342674] AppArmor: AppArmor Filesystem Enabled
[    0.342702] pnp: PnP ACPI init
[    0.342768] pnp 00:00: Plug and Play ACPI device, IDs PNP0303 (active)
[    0.342832] pnp 00:01: Plug and Play ACPI device, IDs PNP0f03 (active)
[    0.343583] pnp: PnP ACPI: found 2 devices
[    0.344531] thermal_sys: Registered thermal governor 'fair_share'
[    0.344532] thermal_sys: Registered thermal governor 'bang_bang'
[    0.344533] thermal_sys: Registered thermal governor 'step_wise'
[    0.344533] thermal_sys: Registered thermal governor 'user_space'
[    0.344534] thermal_sys: Registered thermal governor 'power_allocator'
[    0.349044] clocksource: acpi_pm: mask: 0xffffff max_cycles: 0xffffff, max_idle_ns: 2085701024 ns
[    0.349085] pci_bus 0000:00: resource 4 [io  0x0000-0x0cf7 window]
[    0.349086] pci_bus 0000:00: resource 5 [io  0x0d00-0xffff window]
[    0.349087] pci_bus 0000:00: resource 6 [mem 0x000a0000-0x000bffff window]
[    0.349089] pci_bus 0000:00: resource 7 [mem 0x80000000-0xfdffffff window]
[    0.349144] NET: Registered protocol family 2
[    0.349217] IP idents hash table entries: 32768 (order: 6, 262144 bytes, linear)
[    0.349635] MPTCP tokens hash table entries: 8192 (order: 4, 65536 bytes, linear)
[    0.349654] MPTCP request tokens hash table entries: 8192 (order: 4, 65536 bytes, linear)
[    0.349680] default registered
[    0.349681] default registered
[    0.349681] MPTCP: Stable release v0.96
[    0.349686] tcp_listen_portaddr_hash hash table entries: 1024 (order: 2, 16384 bytes, linear)
[    0.349764] TCP established hash table entries: 16384 (order: 5, 131072 bytes, linear)
[    0.349829] TCP bind hash table entries: 16384 (order: 6, 262144 bytes, linear)
[    0.349855] TCP: Hash tables configured (established 16384 bind 16384)
[    0.350536] UDP hash table entries: 1024 (order: 3, 32768 bytes, linear)
[    0.350547] UDP-Lite hash table entries: 1024 (order: 3, 32768 bytes, linear)
[    0.350581] NET: Registered protocol family 1
[    0.350588] NET: Registered protocol family 44
[    0.350608] pci 0000:00:00.0: Limiting direct PCI/PCI transfers
[    0.350624] pci 0000:00:01.0: Activating ISA DMA hang workarounds
[    0.350685] pci 0000:00:02.0: Video device with shadowed ROM at [mem 0x000c0000-0x000dffff]
[    0.350750] PCI: CLS 0 bytes, default 64
[    0.350796] Trying to unpack rootfs image as initramfs...
[    0.515869] Freeing initrd memory: 47868K
[    0.515869] clocksource: tsc: mask: 0xffffffffffffffff max_cycles: 0x1e4530a99b6, max_idle_ns: 440795257976 ns
[    0.515869] clocksource: Switched to clocksource tsc
[    0.515869] platform rtc_cmos: registered platform RTC device (no PNP device found)
[    0.515869] check: Scanning for low memory corruption every 60 seconds
[    0.515869] Initialise system trusted keyrings
[    0.515869] Key type blacklist registered
[    0.515869] workingset: timestamp_bits=36 max_order=19 bucket_order=0
[    0.515869] zbud: loaded
[    0.515869] squashfs: version 4.0 (2009/01/31) Phillip Lougher
[    0.515869] fuse: init (API version 7.31)
[    0.515869] *** VALIDATE fuse ***
[    0.515869] *** VALIDATE fuse ***
[    0.515869] Platform Keyring initialized
[    0.530488] Key type asymmetric registered
[    0.530489] Asymmetric key parser 'x509' registered
[    0.530498] Block layer SCSI generic (bsg) driver version 0.4 loaded (major 244)
[    0.530539] io scheduler mq-deadline registered
[    0.530667] shpchp: Standard Hot Plug PCI Controller Driver version: 0.4
[    0.530877] ACPI: AC Adapter [AC] (on-line)
[    0.530922] input: Power Button as /devices/LNXSYSTM:00/LNXPWRBN:00/input/input0
[    0.530952] ACPI: Power Button [PWRF]
[    0.531040] input: Sleep Button as /devices/LNXSYSTM:00/LNXSLPBN:00/input/input1
[    0.531055] ACPI: Sleep Button [SLPF]
[    0.531296] Serial: 8250/16550 driver, 32 ports, IRQ sharing enabled
[    0.532439] Linux agpgart interface v0.103
[    0.627217] loop: module loaded
[    0.627367] ata_piix 0000:00:01.1: version 2.13
[    0.627773] scsi host0: ata_piix
[    0.627863] scsi host1: ata_piix
[    0.627890] ata1: PATA max UDMA/33 cmd 0x1f0 ctl 0x3f6 bmdma 0xd000 irq 14
[    0.627891] ata2: PATA max UDMA/33 cmd 0x170 ctl 0x376 bmdma 0xd008 irq 15
[    0.627969] tun: Universal TUN/TAP device driver, 1.6
[    0.628275] PPP generic driver version 2.4.2
[    0.628317] VFIO - User Level meta-driver version: 0.3
[    0.628548] ehci_hcd: USB 2.0 'Enhanced' Host Controller (EHCI) Driver
[    0.628552] ehci-pci: EHCI PCI platform driver
[    0.628568] ehci-platform: EHCI generic platform driver
[    0.628574] ohci_hcd: USB 1.1 'Open' Host Controller (OHCI) Driver
[    0.628575] ohci-pci: OHCI PCI platform driver
[    0.628583] ohci-platform: OHCI generic platform driver
[    0.628587] uhci_hcd: USB Universal Host Controller Interface driver
[    0.628652] i8042: PNP: PS/2 Controller [PNP0303:PS2K,PNP0f03:PS2M] at 0x60,0x64 irq 1,12
[    0.629094] serio: i8042 KBD port at 0x60,0x64 irq 1
[    0.629097] serio: i8042 AUX port at 0x60,0x64 irq 12
[    0.629183] mousedev: PS/2 mouse device common for all mice
[    0.629438] input: AT Translated Set 2 keyboard as /devices/platform/i8042/serio0/input/input2
[    0.629834] rtc_cmos rtc_cmos: registered as rtc0
[    0.629848] rtc_cmos rtc_cmos: alarms up to one day, 114 bytes nvram
[    0.629853] i2c /dev entries driver
[    0.629895] device-mapper: uevent: version 1.0.3
[    0.629938] device-mapper: ioctl: 4.41.0-ioctl (2019-09-16) initialised: dm-devel@redhat.com
[    0.629955] platform eisa.0: Probing EISA bus 0
[    0.629956] platform eisa.0: EISA: Cannot allocate resource for mainboard
[    0.629957] platform eisa.0: Cannot allocate resource for EISA slot 1
[    0.629958] platform eisa.0: Cannot allocate resource for EISA slot 2
[    0.629959] platform eisa.0: Cannot allocate resource for EISA slot 3
[    0.629960] platform eisa.0: Cannot allocate resource for EISA slot 4
[    0.629961] platform eisa.0: Cannot allocate resource for EISA slot 5
[    0.629962] platform eisa.0: Cannot allocate resource for EISA slot 6
[    0.629963] platform eisa.0: Cannot allocate resource for EISA slot 7
[    0.629964] platform eisa.0: Cannot allocate resource for EISA slot 8
[    0.629965] platform eisa.0: EISA: Detected 0 cards
[    0.629967] intel_pstate: CPU model not supported
[    0.629976] ledtrig-cpu: registered to indicate activity on CPUs
[    0.630030] drop_monitor: Initializing network drop monitor service
[    0.630188] NET: Registered protocol family 10
[    0.635372] Segment Routing with IPv6
[    0.635378] fullmesh registered
[    0.635378] ndiffports registered
[    0.635378] binder registered
[    0.635378] roundrobin registered
[    0.635378] redundant registered
[    0.635378] blest registered
[    0.635378] ecf registered
[    0.635378] NET: Registered protocol family 17
[    0.635378] Key type dns_resolver registered
[    0.635378] RAS: Correctable Errors collector initialized.
[    0.635378] IPI shorthand broadcast: enabled
[    0.635378] sched_clock: Marking stable (620211452, 11167080)->(633311914, -1933382)
[    0.635612] registered taskstats version 1
[    0.635620] Loading compiled-in X.509 certificates
[    0.636210] Loaded X.509 cert 'Build time autogenerated kernel key: 6909f3744cebb3d0de528d5887b96a727de79b1e'
[    0.636228] zswap: loaded using pool lzo/zbud
[    0.636280] Key type ._fscrypt registered
[    0.636280] Key type .fscrypt registered
[    0.640710] Key type big_key registered
[    0.642868] Key type encrypted registered
[    0.642871] AppArmor: AppArmor sha1 policy hashing enabled
[    0.642877] ima: No TPM chip found, activating TPM-bypass!
[    0.642881] ima: Allocated hash algorithm: sha1
[    0.642886] ima: No architecture policies found
[    0.642895] evm: Initialising EVM extended attributes:
[    0.642896] evm: security.selinux
[    0.642896] evm: security.SMACK64
[    0.642897] evm: security.SMACK64EXEC
[    0.642897] evm: security.SMACK64TRANSMUTE
[    0.642898] evm: security.SMACK64MMAP
[    0.642898] evm: security.apparmor
[    0.642899] evm: security.ima
[    0.642899] evm: security.capability
[    0.642900] evm: HMAC attrs: 0x1
[    0.643189] PM:   Magic number: 10:614:371
[    0.643288] rtc_cmos rtc_cmos: setting system clock to 2026-01-13T08:22:24 UTC (1768292544)
[    0.799110] ata1.00: ATA-6: VBOX HARDDISK, 1.0, max UDMA/133
[    0.799112] ata1.00: 209715200 sectors, multi 128: LBA 
[    0.799574] scsi 0:0:0:0: Direct-Access     ATA      VBOX HARDDISK    1.0  PQ: 0 ANSI: 5
[    0.799764] sd 0:0:0:0: [sda] 209715200 512-byte logical blocks: (107 GB/100 GiB)
[    0.799772] sd 0:0:0:0: [sda] Write Protect is off
[    0.799774] sd 0:0:0:0: [sda] Mode Sense: 00 3a 00 00
[    0.799785] sd 0:0:0:0: [sda] Write cache: enabled, read cache: enabled, doesn't support DPO or FUA
[    0.799992] sd 0:0:0:0: Attached scsi generic sg0 type 0
[    0.800686]  sda: sda1 sda2
[    0.811295] sd 0:0:0:0: [sda] Attached SCSI disk
[    0.813260] Freeing unused decrypted memory: 2040K
[    0.813970] Freeing unused kernel image memory: 2728K
[    0.813971] Write protecting the kernel read-only data: 22528k
[    0.814673] Freeing unused kernel image memory: 2036K
[    0.815075] Freeing unused kernel image memory: 1432K
[    0.829636] x86/mm: Checked W+X mappings: passed, no W+X pages found.
[    0.829639] Run /init as init process
[    0.932473] ACPI: Video Device [GFX0] (multi-head: yes  rom: no  post: no)
[    0.932546] input: Video Bus as /devices/LNXSYSTM:00/LNXSYBUS:00/PNP0A03:00/LNXVIDEO:00/input/input4
[    0.943541] pcnet32: pcnet32.c:v1.35 21.Apr.2008 tsbogend@alpha.franken.de
[    0.946591] piix4_smbus 0000:00:07.0: SMBus Host Controller at 0x4100, revision 0
[    0.949623] e1000: Intel(R) PRO/1000 Network Driver - version 7.3.21-k8-NAPI
[    0.949624] e1000: Copyright (c) 1999-2006 Intel Corporation.
[    0.956787] pcnet32: PCnet/FAST III 79C973 at 0xd020, 08:00:27:b8:0f:55 assigned IRQ 19
[    0.956834] pcnet32: Found PHY 0022:561b at address 0
[    0.957130] pcnet32: eth0: registered as PCnet/FAST III 79C973
[    0.963984] pcnet32: 1 cards_found
[    1.024135] pcnet32 0000:00:03.0 enp0s3: renamed from eth0
[    1.161868] input: ImExPS/2 Generic Explorer Mouse as /devices/platform/i8042/serio1/input/input5
[    1.359581] e1000 0000:00:08.0 eth0: (PCI:33MHz:32-bit) 08:00:27:8c:73:83
[    1.359585] e1000 0000:00:08.0 eth0: Intel(R) PRO/1000 Network Connection
[    1.731471] e1000 0000:00:09.0 eth1: (PCI:33MHz:32-bit) 08:00:27:9d:f5:ce
[    1.731473] e1000 0000:00:09.0 eth1: Intel(R) PRO/1000 Network Connection
[    1.732634] e1000 0000:00:09.0 enp0s9: renamed from eth1
[    1.734411] e1000 0000:00:08.0 enp0s8: renamed from eth0
[    1.870732] EXT4-fs (sda2): mounted filesystem with ordered data mode. Opts: (null)
[    1.951425] systemd[1]: Inserted module 'autofs4'
[    1.960804] systemd[1]: systemd 245.4-4ubuntu3 running in system mode. (+PAM +AUDIT +SELINUX +IMA +APPARMOR +SMACK +SYSVINIT +UTMP +LIBCRYPTSETUP +GCRYPT +GNUTLS +ACL +XZ +LZ4 +SECCOMP +BLKID +ELFUTILS +KMOD +IDN2 -IDN +PCRE2 default-hierarchy=hybrid)
[    1.960833] systemd[1]: Detected virtualization oracle.
[    1.960836] systemd[1]: Detected architecture x86-64.
[    1.962089] systemd[1]: Set hostname to <ztg>.
[    2.081574] systemd[1]: /lib/systemd/system/dbus.socket:5: ListenStream= references a path below legacy directory /var/run/, updating /var/run/dbus/system_bus_socket â†’ /run/dbus/system_bus_socket; please update the unit file accordingly.
[    2.131808] systemd[1]: Created slice system-modprobe.slice.
[    2.131990] systemd[1]: Created slice User and Session Slice.
[    2.132032] systemd[1]: Started Forward Password Requests to Wall Directory Watch.
[    2.132187] systemd[1]: Set up automount Arbitrary Executable File Formats File System Automount Point.
[    2.132218] systemd[1]: Reached target User and Group Name Lookups.
[    2.132227] systemd[1]: Reached target Remote File Systems.
[    2.132235] systemd[1]: Reached target Slices.
[    2.132725] systemd[1]: Listening on Syslog Socket.
[    2.132789] systemd[1]: Listening on fsck to fsckd communication Socket.
[    2.132826] systemd[1]: Listening on initctl Compatibility Named Pipe.
[    2.132960] systemd[1]: Listening on Journal Audit Socket.
[    2.133013] systemd[1]: Listening on Journal Socket (/dev/log).
[    2.133079] systemd[1]: Listening on Journal Socket.
[    2.133141] systemd[1]: Listening on udev Control Socket.
[    2.133179] systemd[1]: Listening on udev Kernel Socket.
[    2.133880] systemd[1]: Mounting Huge Pages File System...
[    2.134798] systemd[1]: Mounting POSIX Message Queue File System...
[    2.135657] systemd[1]: Mounting Kernel Debug File System...
[    2.136520] systemd[1]: Mounting Kernel Trace File System...
[    2.138424] systemd[1]: Starting Journal Service...
[    2.161103] systemd[1]: Starting Set the console keyboard layout...
[    2.168804] systemd[1]: Starting Create list of static device nodes for the current kernel...
[    2.170569] systemd[1]: Starting Load Kernel Module drm...
[    2.171551] systemd[1]: Condition check resulted in Set Up Additional Binary Formats being skipped.
[    2.171622] systemd[1]: Condition check resulted in File System Check on Root Device being skipped.
[    2.185140] systemd[1]: Starting Load Kernel Modules...
[    2.193693] systemd[1]: Starting Remount Root and Kernel File Systems...
[    2.199407] systemd[1]: Starting udev Coldplug all Devices...
[    2.209769] systemd[1]: Starting Uncomplicated firewall...
[    2.210980] systemd[1]: Mounted Huge Pages File System.
[    2.211060] systemd[1]: Mounted POSIX Message Queue File System.
[    2.211130] systemd[1]: Mounted Kernel Debug File System.
[    2.211195] systemd[1]: Mounted Kernel Trace File System.
[    2.212941] EXT4-fs (sda2): re-mounted. Opts: errors=remount-ro
[    2.250349] systemd[1]: Finished Create list of static device nodes for the current kernel.
[    2.251309] systemd[1]: modprobe@drm.service: Succeeded.
[    2.252747] systemd[1]: Finished Load Kernel Module drm.
[    2.258653] systemd[1]: Finished Remount Root and Kernel File Systems.
[    2.259844] systemd[1]: Finished Uncomplicated firewall.
[    2.275164] systemd[1]: Condition check resulted in Rebuild Hardware Database being skipped.
[    2.275194] systemd[1]: Condition check resulted in Platform Persistent Storage Archival being skipped.
[    2.275816] systemd[1]: Starting Load/Save Random Seed...
[    2.277554] lp: driver loaded but no devices found
[    2.283573] systemd[1]: Starting Create System Users...
[    2.293287] systemd[1]: Finished Load/Save Random Seed.
[    2.294413] ppdev: user-space parallel port driver
[    2.300195] systemd[1]: Finished Create System Users.
[    2.300851] systemd[1]: Starting Create Static Device Nodes in /dev...
[    2.316779] systemd[1]: Finished Create Static Device Nodes in /dev.
[    2.317495] systemd[1]: Starting udev Kernel Device Manager...
[    2.347215] systemd[1]: Finished udev Coldplug all Devices.
[    2.368237] [drm] DMA map mode: Caching DMA mappings.
[    2.368299] [drm] Capabilities:
[    2.368300] [drm]   Rect copy.
[    2.368300] [drm]   Cursor.
[    2.368300] [drm]   Cursor bypass.
[    2.368301] [drm]   Cursor bypass 2.
[    2.368301] [drm]   Alpha cursor.
[    2.368302] [drm]   Extended Fifo.
[    2.368302] [drm]   Pitchlock.
[    2.368302] [drm]   Irq mask.
[    2.368302] [drm]   GMR.
[    2.368303] [drm]   Traces.
[    2.368303] [drm]   GMR2.
[    2.368304] [drm]   Screen Object 2.
[    2.368304] [drm]   Command Buffers.
[    2.368304] [drm]   Command Buffers 2.
[    2.368305] [drm]   Guest Backed Resources.
[    2.368305] [drm] Max GMR ids is 8192
[    2.368306] [drm] Max number of GMR pages is 1048576
[    2.368307] [drm] Max dedicated hypervisor surface memory is 393216 kiB
[    2.368307] [drm] Maximum display memory size is 131072 kiB
[    2.368308] [drm] VRAM at 0xe0000000 size is 131072 kiB
[    2.368308] [drm] MMIO at 0xf0000000 size is 2048 kiB
[    2.368927] [TTM] Zone  kernel: Available graphics memory: 1011738 KiB
[    2.368928] [TTM] Initializing pool allocator
[    2.368931] [TTM] Initializing DMA pool allocator
[    2.369183] [drm] Supports vblank timestamp caching Rev 2 (21.10.2013).
[    2.369184] [drm] No driver support for vblank timestamp query.
[    2.369394] [drm] Screen Target Display device initialized
[    2.369579] [drm] width 720
[    2.369587] [drm] height 400
[    2.369590] [drm] bpp 32
[    2.370173] [drm] Fifo max 0x00200000 min 0x00001000 cap 0x00000355
[    2.371280] [drm] Using command buffers with DMA pool.
[    2.371780] [drm] DX: no.
[    2.371800] [drm] Atomic: yes.
[    2.371801] [drm] SM4_1: no.
[    2.371949] [drm:vmw_host_log [vmwgfx]] *ERROR* Failed to send host log message.
[    2.373198] [drm:vmw_host_log [vmwgfx]] *ERROR* Failed to send host log message.
[    2.381620] fbcon: svgadrmfb (fb0) is primary device
[    2.383748] Console: switching to colour frame buffer device 100x37
[    2.406553] [drm] Initialized vmwgfx 2.15.0 20180704 for 0000:00:02.0 on minor 0
[    2.407503] systemd[1]: Finished Load Kernel Modules.
[    2.408410] systemd[1]: Mounting FUSE Control File System...
[    2.409549] systemd[1]: Mounting Kernel Configuration File System...
[    2.436007] systemd[1]: Starting Apply Kernel Variables...
[    2.440742] systemd[1]: Mounted FUSE Control File System.
[    2.440805] systemd[1]: Condition check resulted in VMware vmblock fuse mount being skipped.
[    2.444529] systemd[1]: Mounted Kernel Configuration File System.
[    2.453570] systemd[1]: Finished Apply Kernel Variables.
[    2.455938] systemd[1]: Finished Set the console keyboard layout.
[    2.456014] systemd[1]: Reached target Local File Systems (Pre).
[    2.457807] systemd[1]: Mounting Mount unit for bare, revision 5...
[    2.459709] systemd[1]: Mounting Mount unit for core18, revision 1705...
[    2.464756] systemd[1]: Mounting Mount unit for gnome-3-34-1804, revision 24...
[    2.471844] systemd[1]: Mounting Mount unit for gtk-common-themes, revision 1506...
[    2.488061] systemd[1]: Mounting Mount unit for gtk-common-themes, revision 1535...
[    2.500268] systemd[1]: Mounting Mount unit for snap-store, revision 433...
[    2.505010] systemd[1]: Mounting Mount unit for snapd, revision 25935...
[    2.510783] systemd[1]: Mounted Mount unit for bare, revision 5.
[    2.525934] systemd[1]: Mounted Mount unit for core18, revision 1705.
[    2.526017] systemd[1]: Mounted Mount unit for gnome-3-34-1804, revision 24.
[    2.551588] systemd[1]: Started udev Kernel Device Manager.
[    2.552247] systemd[1]: Starting Show Plymouth Boot Screen...
[    2.558144] systemd[1]: Received SIGRTMIN+20 from PID 272 (plymouthd).
[    2.579191] systemd[1]: Started Show Plymouth Boot Screen.
[    2.579326] systemd[1]: Condition check resulted in Dispatch Password Requests to Console Directory Watch being skipped.
[    2.579418] systemd[1]: Started Forward Password Requests to Plymouth Directory Watch.
[    2.579450] systemd[1]: Reached target Local Encrypted Volumes.
[    2.597104] systemd[1]: Mounted Mount unit for gtk-common-themes, revision 1506.
[    2.646727] systemd[1]: Mounted Mount unit for snap-store, revision 433.
[    2.646865] systemd[1]: Mounted Mount unit for snapd, revision 25935.
[    2.678292] systemd[1]: Mounted Mount unit for gtk-common-themes, revision 1535.
[    2.678478] systemd[1]: Reached target Local File Systems.
[    2.679245] systemd[1]: Starting Load AppArmor profiles...
[    2.681356] systemd[1]: Starting Set console font and keymap...
[    2.693129] systemd[1]: Starting Tell Plymouth To Write Out Runtime Data...
[    2.694491] systemd[1]: Condition check resulted in Store a System Token in an EFI Variable being skipped.
[    2.694546] systemd[1]: Condition check resulted in Commit a transient machine-id on disk being skipped.
[    2.696906] systemd[1]: Finished Set console font and keymap.
[    2.705908] systemd[1]: Received SIGRTMIN+20 from PID 272 (plymouthd).
[    2.708013] systemd[1]: plymouth-read-write.service: Succeeded.
[    2.708239] systemd[1]: Finished Tell Plymouth To Write Out Runtime Data.
[    2.731174] audit: type=1400 audit(1768292546.580:2): apparmor="STATUS" operation="profile_load" profile="unconfined" name="nvidia_modprobe" pid=300 comm="apparmor_parser"
[    2.731177] audit: type=1400 audit(1768292546.580:3): apparmor="STATUS" operation="profile_load" profile="unconfined" name="nvidia_modprobe//kmod" pid=300 comm="apparmor_parser"
[    2.744267] audit: type=1400 audit(1768292546.600:4): apparmor="STATUS" operation="profile_load" profile="unconfined" name="/usr/sbin/tcpdump" pid=301 comm="apparmor_parser"
[    2.794123] audit: type=1400 audit(1768292546.640:5): apparmor="STATUS" operation="profile_load" profile="unconfined" name="/usr/bin/evince" pid=303 comm="apparmor_parser"
[    2.794125] audit: type=1400 audit(1768292546.640:6): apparmor="STATUS" operation="profile_load" profile="unconfined" name="/usr/bin/evince//sanitized_helper" pid=303 comm="apparmor_parser"
[    2.794126] audit: type=1400 audit(1768292546.640:7): apparmor="STATUS" operation="profile_load" profile="unconfined" name="/usr/bin/evince-previewer" pid=303 comm="apparmor_parser"
[    2.794129] audit: type=1400 audit(1768292546.640:8): apparmor="STATUS" operation="profile_load" profile="unconfined" name="/usr/bin/evince-previewer//sanitized_helper" pid=303 comm="apparmor_parser"
[    2.794131] audit: type=1400 audit(1768292546.640:9): apparmor="STATUS" operation="profile_load" profile="unconfined" name="/usr/bin/evince-thumbnailer" pid=303 comm="apparmor_parser"
[    2.809705] audit: type=1400 audit(1768292546.664:10): apparmor="STATUS" operation="profile_load" profile="unconfined" name="/usr/lib/cups/backend/cups-pdf" pid=304 comm="apparmor_parser"
[    2.891867] systemd[1]: Finished Load AppArmor profiles.
[    2.892771] systemd[1]: Starting Load AppArmor profiles managed internally by snapd...
[    3.003300] systemd[1]: Finished Load AppArmor profiles managed internally by snapd.
[    3.095939] systemd[1]: Started Journal Service.
[    3.105553] systemd-journald[229]: Received client request to flush runtime journal.
[    3.108218] systemd-journald[229]: File /var/log/journal/c455b248004a419c87ce85eea238d727/system.journal corrupted or uncleanly shut down, renaming and replacing.
[    4.348663] RAPL PMU: API unit is 2^-32 Joules, 0 fixed counters, 10737418240 ms ovfl timer
[    4.401391] cryptd: max_cpu_qlen set to 1000
[    4.474263] AVX2 version of gcm_enc/dec engaged.
[    4.474264] AES CTR mode by8 optimization enabled
[    6.240297] Adding 1998844k swap on /dev/sda1.  Priority:-2 extents:1 across:1998844k FS
[    7.013257] kauditd_printk_skb: 30 callbacks suppressed
[    7.013259] audit: type=1400 audit(1768292550.864:41): apparmor="DENIED" operation="capable" profile="/usr/sbin/cups-browsed" pid=510 comm="cups-browsed" capability=23  capname="sys_nice"
[    8.600983] pcnet32 0000:00:03.0 enp0s3: link up, 100Mbps, full-duplex
[    8.642603] e1000: enp0s8 NIC Link is Up 1000 Mbps Full Duplex, Flow Control: RX
[    8.642906] IPv6: ADDRCONF(NETDEV_CHANGE): enp0s8: link becomes ready
[    8.664365] e1000: enp0s9 NIC Link is Up 1000 Mbps Full Duplex, Flow Control: RX
[    8.664666] IPv6: ADDRCONF(NETDEV_CHANGE): enp0s9: link becomes ready
[    9.268794] device enp0s3 entered promiscuous mode
[    9.292776] audit: type=1400 audit(1768292553.144:42): apparmor="DENIED" operation="open" profile="/usr/sbin/tcpdump" name="/proc/sys/kernel/random/boot_id" pid=625 comm="tcpdump" requested_mask="r" denied_mask="r" fsuid=0 ouid=0
[    9.293303] audit: type=1400 audit(1768292553.144:43): apparmor="DENIED" operation="open" profile="/usr/sbin/tcpdump" name="/proc/sys/kernel/random/boot_id" pid=625 comm="tcpdump" requested_mask="r" denied_mask="r" fsuid=0 ouid=0
[    9.293351] audit: type=1400 audit(1768292553.144:44): apparmor="DENIED" operation="open" profile="/usr/sbin/tcpdump" name="/proc/sys/kernel/random/boot_id" pid=625 comm="tcpdump" requested_mask="r" denied_mask="r" fsuid=0 ouid=0
[    9.293409] audit: type=1400 audit(1768292553.144:45): apparmor="DENIED" operation="open" profile="/usr/sbin/tcpdump" name="/proc/sys/kernel/random/boot_id" pid=625 comm="tcpdump" requested_mask="r" denied_mask="r" fsuid=0 ouid=0
[    9.300034] audit: type=1400 audit(1768292553.152:46): apparmor="DENIED" operation="open" profile="/usr/sbin/tcpdump" name="/proc/sys/kernel/random/boot_id" pid=626 comm="tcpdump" requested_mask="r" denied_mask="r" fsuid=0 ouid=0
[    9.300330] audit: type=1400 audit(1768292553.152:47): apparmor="DENIED" operation="open" profile="/usr/sbin/tcpdump" name="/proc/sys/kernel/random/boot_id" pid=626 comm="tcpdump" requested_mask="r" denied_mask="r" fsuid=0 ouid=0
[    9.300403] audit: type=1400 audit(1768292553.152:48): apparmor="DENIED" operation="open" profile="/usr/sbin/tcpdump" name="/proc/sys/kernel/random/boot_id" pid=626 comm="tcpdump" requested_mask="r" denied_mask="r" fsuid=0 ouid=0
[    9.300486] audit: type=1400 audit(1768292553.152:49): apparmor="DENIED" operation="open" profile="/usr/sbin/tcpdump" name="/proc/sys/kernel/random/boot_id" pid=626 comm="tcpdump" requested_mask="r" denied_mask="r" fsuid=0 ouid=0
[   15.490552] rfkill: input handler disabled
[  514.052576] rfkill: input handler enabled
[  523.266277] rfkill: input handler disabled
[  824.154437] device enp0s3 left promiscuous mode
