[    0.000000] Linux version 5.4.243-mptcp (root@ztg) (gcc version 12.2.0 (Debian 12.2.0-14+deb12u1)) #53 SMP Wed Dec 24 23:28:15 CST 2025
[    0.000000] Command line: BOOT_IMAGE=/boot/vmlinuz-5.4.243-mptcp root=UUID=98415a12-53b7-4144-8265-0f7ece09e445 ro quiet splash
[    0.000000] KERNEL supported cpus:
[    0.000000]   Intel GenuineIntel
[    0.000000]   AMD AuthenticAMD
[    0.000000]   Hygon HygonGenuine
[    0.000000]   Centaur CentaurHauls
[    0.000000]   zhaoxin   Shanghai  
[    0.000000] x86/fpu: Supporting XSAVE feature 0x001: 'x87 floating point registers'
[    0.000000] x86/fpu: Supporting XSAVE feature 0x002: 'SSE registers'
[    0.000000] x86/fpu: Supporting XSAVE feature 0x004: 'AVX registers'
[    0.000000] x86/fpu: xstate_offset[2]:  576, xstate_sizes[2]:  256
[    0.000000] x86/fpu: Enabled xstate features 0x7, context size is 832 bytes, using 'standard' format.
[    0.000000] BIOS-provided physical RAM map:
[    0.000000] BIOS-e820: [mem 0x0000000000000000-0x000000000009fbff] usable
[    0.000000] BIOS-e820: [mem 0x000000000009fc00-0x000000000009ffff] reserved
[    0.000000] BIOS-e820: [mem 0x00000000000f0000-0x00000000000fffff] reserved
[    0.000000] BIOS-e820: [mem 0x0000000000100000-0x000000007ffeffff] usable
[    0.000000] BIOS-e820: [mem 0x000000007fff0000-0x000000007fffffff] ACPI data
[    0.000000] BIOS-e820: [mem 0x00000000fec00000-0x00000000fec00fff] reserved
[    0.000000] BIOS-e820: [mem 0x00000000fee00000-0x00000000fee00fff] reserved
[    0.000000] BIOS-e820: [mem 0x00000000fffc0000-0x00000000ffffffff] reserved
[    0.000000] NX (Execute Disable) protection: active
[    0.000000] SMBIOS 2.5 present.
[    0.000000] DMI: innotek GmbH VirtualBox/VirtualBox, BIOS VirtualBox 12/01/2006
[    0.000000] Hypervisor detected: KVM
[    0.000000] kvm-clock: Using msrs 4b564d01 and 4b564d00
[    0.000000] kvm-clock: cpu 0, msr 1e601001, primary cpu clock
[    0.000000] kvm-clock: using sched offset of 4490250709 cycles
[    0.000003] clocksource: kvm-clock: mask: 0xffffffffffffffff max_cycles: 0x1cd42e4dffb, max_idle_ns: 881590591483 ns
[    0.000006] tsc: Detected 2100.000 MHz processor
[    0.001894] e820: update [mem 0x00000000-0x00000fff] usable ==> reserved
[    0.001897] e820: remove [mem 0x000a0000-0x000fffff] usable
[    0.001901] last_pfn = 0x7fff0 max_arch_pfn = 0x400000000
[    0.001970] MTRR default type: uncachable
[    0.001970] MTRR fixed ranges enabled:
[    0.001972]   00000-9FFFF write-back
[    0.001972]   A0000-BFFFF uncachable
[    0.001973]   C0000-FFFFF write-protect
[    0.001974] MTRR variable ranges enabled:
[    0.001975]   0 base 000000000000 mask 3FFF80000000 write-back
[    0.001976]   1 disabled
[    0.001976]   2 disabled
[    0.001977]   3 disabled
[    0.001977]   4 disabled
[    0.001977]   5 disabled
[    0.001978]   6 disabled
[    0.001978]   7 disabled
[    0.001979]   8 disabled
[    0.001979]   9 disabled
[    0.001980]   10 disabled
[    0.001980]   11 disabled
[    0.001981]   12 disabled
[    0.001981]   13 disabled
[    0.001981]   14 disabled
[    0.001982]   15 disabled
[    0.001998] x86/PAT: Configuration [0-7]: WB  WC  UC- UC  WB  WP  UC- WT  
[    0.002133] found SMP MP-table at [mem 0x0009fff0-0x0009ffff]
[    0.096536] check: Scanning 1 areas for low memory corruption
[    0.096886] RAMDISK: [mem 0x32271000-0x3512ffff]
[    0.096898] ACPI: Early table checksum verification disabled
[    0.096905] ACPI: RSDP 0x00000000000E0000 000024 (v02 VBOX  )
[    0.096911] ACPI: XSDT 0x000000007FFF0030 00003C (v01 VBOX   VBOXXSDT 00000001 ASL  00000061)
[    0.096920] ACPI: FACP 0x000000007FFF00F0 0000F4 (v04 VBOX   VBOXFACP 00000001 ASL  00000061)
[    0.096929] ACPI: DSDT 0x000000007FFF02E0 002353 (v02 VBOX   VBOXBIOS 00000002 VBOX 00029BF3)
[    0.096934] ACPI: FACS 0x000000007FFF0200 000040
[    0.096938] ACPI: FACS 0x000000007FFF0200 000040
[    0.096942] ACPI: APIC 0x000000007FFF0240 000054 (v02 VBOX   VBOXAPIC 00000001 ASL  00000061)
[    0.096947] ACPI: SSDT 0x000000007FFF02A0 000038 (v01 VBOX   VBOXCPUT 00000002 VBOX 00029BF3)
[    0.096951] ACPI: Reserving FACP table memory at [mem 0x7fff00f0-0x7fff01e3]
[    0.096952] ACPI: Reserving DSDT table memory at [mem 0x7fff02e0-0x7fff2632]
[    0.096953] ACPI: Reserving FACS table memory at [mem 0x7fff0200-0x7fff023f]
[    0.096954] ACPI: Reserving FACS table memory at [mem 0x7fff0200-0x7fff023f]
[    0.096955] ACPI: Reserving APIC table memory at [mem 0x7fff0240-0x7fff0293]
[    0.096956] ACPI: Reserving SSDT table memory at [mem 0x7fff02a0-0x7fff02d7]
[    0.096974] ACPI: Local APIC address 0xfee00000
[    0.097212] No NUMA configuration found
[    0.097214] Faking a node at [mem 0x0000000000000000-0x000000007ffeffff]
[    0.097228] NODE_DATA(0) allocated [mem 0x7ffc5000-0x7ffeffff]
[    0.097673] Zone ranges:
[    0.097675]   DMA      [mem 0x0000000000001000-0x0000000000ffffff]
[    0.097676]   DMA32    [mem 0x0000000001000000-0x000000007ffeffff]
[    0.097678]   Normal   empty
[    0.097678]   Device   empty
[    0.097679] Movable zone start for each node
[    0.097682] Early memory node ranges
[    0.097683]   node   0: [mem 0x0000000000001000-0x000000000009efff]
[    0.097684]   node   0: [mem 0x0000000000100000-0x000000007ffeffff]
[    0.097688] Zeroed struct page in unavailable ranges: 114 pages
[    0.097690] Initmem setup node 0 [mem 0x0000000000001000-0x000000007ffeffff]
[    0.097692] On node 0 totalpages: 524174
[    0.097693]   DMA zone: 64 pages used for memmap
[    0.097694]   DMA zone: 21 pages reserved
[    0.097695]   DMA zone: 3998 pages, LIFO batch:0
[    0.097793]   DMA32 zone: 8128 pages used for memmap
[    0.097794]   DMA32 zone: 520176 pages, LIFO batch:63
[    0.110494] ACPI: PM-Timer IO Port: 0x4008
[    0.110499] ACPI: Local APIC address 0xfee00000
[    0.110592] IOAPIC[0]: apic_id 1, version 32, address 0xfec00000, GSI 0-23
[    0.110596] ACPI: INT_SRC_OVR (bus 0 bus_irq 0 global_irq 2 dfl dfl)
[    0.110598] ACPI: INT_SRC_OVR (bus 0 bus_irq 9 global_irq 9 low level)
[    0.110601] ACPI: IRQ0 used by override.
[    0.110602] ACPI: IRQ9 used by override.
[    0.110606] Using ACPI (MADT) for SMP configuration information
[    0.110615] smpboot: Allowing 1 CPUs, 0 hotplug CPUs
[    0.110644] PM: Registered nosave memory: [mem 0x00000000-0x00000fff]
[    0.110645] PM: Registered nosave memory: [mem 0x0009f000-0x0009ffff]
[    0.110646] PM: Registered nosave memory: [mem 0x000a0000-0x000effff]
[    0.110647] PM: Registered nosave memory: [mem 0x000f0000-0x000fffff]
[    0.110649] [mem 0x80000000-0xfebfffff] available for PCI devices
[    0.110651] Booting paravirtualized kernel on KVM
[    0.110654] clocksource: refined-jiffies: mask: 0xffffffff max_cycles: 0xffffffff, max_idle_ns: 7645519600211568 ns
[    0.110660] setup_percpu: NR_CPUS:8192 nr_cpumask_bits:1 nr_cpu_ids:1 nr_node_ids:1
[    0.111815] percpu: Embedded 60 pages/cpu s208896 r8192 d28672 u2097152
[    0.111823] pcpu-alloc: s208896 r8192 d28672 u2097152 alloc=1*2097152
[    0.111825] pcpu-alloc: [0] 0 
[    0.111860] Built 1 zonelists, mobility grouping on.  Total pages: 515961
[    0.111861] Policy zone: DMA32
[    0.111863] Kernel command line: BOOT_IMAGE=/boot/vmlinuz-5.4.243-mptcp root=UUID=98415a12-53b7-4144-8265-0f7ece09e445 ro quiet splash
[    0.112932] Dentry cache hash table entries: 262144 (order: 9, 2097152 bytes, linear)
[    0.113092] Inode-cache hash table entries: 131072 (order: 8, 1048576 bytes, linear)
[    0.113157] mem auto-init: stack:off, heap alloc:on, heap free:off
[    0.113160] Calgary: detecting Calgary via BIOS EBDA area
[    0.113162] Calgary: Unable to locate Rio Grande table in EBDA - bailing!
[    0.118367] Memory: 1967332K/2096696K available (14339K kernel code, 2398K rwdata, 4712K rodata, 2728K init, 17260K bss, 129364K reserved, 0K cma-reserved)
[    0.119515] SLUB: HWalign=64, Order=0-3, MinObjects=0, CPUs=1, Nodes=1
[    0.119537] ftrace: allocating 43186 entries in 169 pages
[    0.139964] rcu: Hierarchical RCU implementation.
[    0.139966] rcu: 	RCU restricting CPUs from NR_CPUS=8192 to nr_cpu_ids=1.
[    0.139967] 	Tasks RCU enabled.
[    0.139968] rcu: RCU calculated value of scheduler-enlistment delay is 25 jiffies.
[    0.139969] rcu: Adjusting geometry for rcu_fanout_leaf=16, nr_cpu_ids=1
[    0.142949] NR_IRQS: 524544, nr_irqs: 256, preallocated irqs: 16
[    0.143171] random: crng init done
[    0.152484] Console: colour VGA+ 80x25
[    0.152488] printk: console [tty0] enabled
[    0.152508] ACPI: Core revision 20190816
[    0.152602] APIC: Switch to symmetric I/O mode setup
[    0.152854] x2apic enabled
[    0.153104] Switched APIC routing to physical x2apic.
[    0.154244] ..TIMER: vector=0x30 apic1=0 pin1=2 apic2=-1 pin2=-1
[    0.154269] clocksource: tsc-early: mask: 0xffffffffffffffff max_cycles: 0x1e4530a99b6, max_idle_ns: 440795257976 ns
[    0.154274] Calibrating delay loop (skipped) preset value.. 4200.00 BogoMIPS (lpj=8400000)
[    0.154276] pid_max: default: 32768 minimum: 301
[    0.154304] LSM: Security Framework initializing
[    0.154313] Yama: becoming mindful.
[    0.154339] AppArmor: AppArmor initialized
[    0.154374] Mount-cache hash table entries: 4096 (order: 3, 32768 bytes, linear)
[    0.154378] Mountpoint-cache hash table entries: 4096 (order: 3, 32768 bytes, linear)
[    0.154388] *** VALIDATE tmpfs ***
[    0.154517] *** VALIDATE proc ***
[    0.154558] *** VALIDATE cgroup1 ***
[    0.154559] *** VALIDATE cgroup2 ***
[    0.154701] process: using mwait in idle threads
[    0.154706] Last level iTLB entries: 4KB 64, 2MB 8, 4MB 8
[    0.154707] Last level dTLB entries: 4KB 64, 2MB 0, 4MB 0, 1GB 4
[    0.154726] Spectre V1 : Mitigation: usercopy/swapgs barriers and __user pointer sanitization
[    0.154732] Spectre V2 : Mitigation: Retpolines
[    0.154732] Spectre V2 : Spectre v2 / SpectreRSB mitigation: Filling RSB on context switch
[    0.154733] Spectre V2 : Spectre v2 / SpectreRSB : Filling RSB on VMEXIT
[    0.154733] RETBleed: WARNING: Spectre v2 mitigation leaves CPU vulnerable to RETBleed attacks, data leaks possible!
[    0.155093] RETBleed: Vulnerable
[    0.155094] Speculative Store Bypass: Vulnerable
[    0.155099] TAA: Mitigation: TSX disabled
[    0.155099] MMIO Stale Data: Mitigation: Clear CPU buffers
[    0.159319] Freeing SMP alternatives memory: 40K
[    0.271616] smpboot: CPU0: Intel(R) Xeon(R) Silver 4216 CPU @ 2.10GHz (family: 0x6, model: 0x55, stepping: 0x7)
[    0.271759] Performance Events: unsupported p6 CPU model 85 no PMU driver, software events only.
[    0.271796] rcu: Hierarchical SRCU implementation.
[    0.272311] NMI watchdog: Perf NMI watchdog permanently disabled
[    0.272351] smp: Bringing up secondary CPUs ...
[    0.272352] smp: Brought up 1 node, 1 CPU
[    0.272353] smpboot: Max logical packages: 1
[    0.272354] smpboot: Total of 1 processors activated (4200.00 BogoMIPS)
[    0.273389] devtmpfs: initialized
[    0.273440] x86/mm: Memory block size: 128MB
[    0.273830] clocksource: jiffies: mask: 0xffffffff max_cycles: 0xffffffff, max_idle_ns: 7645041785100000 ns
[    0.273836] futex hash table entries: 256 (order: 2, 16384 bytes, linear)
[    0.273888] pinctrl core: initialized pinctrl subsystem
[    0.274018] PM: RTC time: 14:51:02, date: 2026-01-13
[    0.274132] NET: Registered protocol family 16
[    0.274211] audit: initializing netlink subsys (disabled)
[    0.274271] EISA bus registered
[    0.274271] cpuidle: using governor ladder
[    0.274271] cpuidle: using governor menu
[    0.274271] ACPI: bus type PCI registered
[    0.274271] acpiphp: ACPI Hot Plug PCI Controller Driver version: 0.5
[    0.274271] PCI: Using configuration type 1 for base access
[    0.274806] audit: type=2000 audit(1768287068.885:1): state=initialized audit_enabled=0 res=1
[    0.274885] HugeTLB registered 2.00 MiB page size, pre-allocated 0 pages
[    0.275698] ACPI: Added _OSI(Module Device)
[    0.275699] ACPI: Added _OSI(Processor Device)
[    0.275700] ACPI: Added _OSI(3.0 _SCP Extensions)
[    0.275701] ACPI: Added _OSI(Processor Aggregator Device)
[    0.275701] ACPI: Added _OSI(Linux-Dell-Video)
[    0.275702] ACPI: Added _OSI(Linux-Lenovo-NV-HDMI-Audio)
[    0.275703] ACPI: Added _OSI(Linux-HPI-Hybrid-Graphics)
[    0.277658] ACPI: 2 ACPI AML tables successfully acquired and loaded
[    0.278271] ACPI: Interpreter enabled
[    0.278271] ACPI: (supports S0 S5)
[    0.278271] ACPI: Using IOAPIC for interrupt routing
[    0.278271] PCI: Using host bridge windows from ACPI; if necessary, use "pci=nocrs" and report a bug
[    0.278271] ACPI: Enabled 2 GPEs in block 00 to 07
[    0.285250] ACPI: PCI Root Bridge [PCI0] (domain 0000 [bus 00-ff])
[    0.285255] acpi PNP0A03:00: _OSC: OS supports [ASPM ClockPM Segments MSI HPX-Type3]
[    0.285731] acpi PNP0A03:00: _OSC: not requesting OS control; OS requires [ExtendedConfig ASPM ClockPM MSI]
[    0.285739] acpi PNP0A03:00: fail to add MMCONFIG information, can't access extended PCI configuration space under this bridge.
[    0.286158] PCI host bridge to bus 0000:00
[    0.286161] pci_bus 0000:00: root bus resource [io  0x0000-0x0cf7 window]
[    0.286162] pci_bus 0000:00: root bus resource [io  0x0d00-0xffff window]
[    0.286163] pci_bus 0000:00: root bus resource [mem 0x000a0000-0x000bffff window]
[    0.286164] pci_bus 0000:00: root bus resource [mem 0x80000000-0xfdffffff window]
[    0.286166] pci_bus 0000:00: root bus resource [bus 00-ff]
[    0.286208] pci 0000:00:00.0: [8086:1237] type 00 class 0x060000
[    0.287174] pci 0000:00:01.0: [8086:7000] type 00 class 0x060100
[    0.287933] pci 0000:00:01.1: [8086:7111] type 00 class 0x01018a
[    0.288315] pci 0000:00:01.1: reg 0x20: [io  0xd000-0xd00f]
[    0.288471] pci 0000:00:01.1: legacy IDE quirk: reg 0x10: [io  0x01f0-0x01f7]
[    0.288472] pci 0000:00:01.1: legacy IDE quirk: reg 0x14: [io  0x03f6]
[    0.288473] pci 0000:00:01.1: legacy IDE quirk: reg 0x18: [io  0x0170-0x0177]
[    0.288474] pci 0000:00:01.1: legacy IDE quirk: reg 0x1c: [io  0x0376]
[    0.289008] pci 0000:00:02.0: [15ad:0405] type 00 class 0x030000
[    0.292171] pci 0000:00:02.0: reg 0x10: [io  0xd010-0xd01f]
[    0.294318] pci 0000:00:02.0: reg 0x14: [mem 0xe0000000-0xe7ffffff pref]
[    0.297043] pci 0000:00:02.0: reg 0x18: [mem 0xf0000000-0xf01fffff]
[    0.307061] pci 0000:00:03.0: [1022:2000] type 00 class 0x020000
[    0.307742] pci 0000:00:03.0: reg 0x10: [io  0xd020-0xd03f]
[    0.308361] pci 0000:00:03.0: reg 0x14: [mem 0xf0200000-0xf0200fff]
[    0.313831] pci 0000:00:04.0: [80ee:cafe] type 00 class 0x088000
[    0.314384] pci 0000:00:04.0: reg 0x10: [io  0xd040-0xd05f]
[    0.314988] pci 0000:00:04.0: reg 0x14: [mem 0xf0400000-0xf07fffff]
[    0.315598] pci 0000:00:04.0: reg 0x18: [mem 0xf0800000-0xf0803fff pref]
[    0.318691] pci 0000:00:07.0: [8086:7113] type 00 class 0x068000
[    0.319237] pci 0000:00:07.0: quirk: [io  0x4000-0x403f] claimed by PIIX4 ACPI
[    0.319247] pci 0000:00:07.0: quirk: [io  0x4100-0x410f] claimed by PIIX4 SMB
[    0.319865] pci 0000:00:08.0: [8086:100e] type 00 class 0x020000
[    0.320603] pci 0000:00:08.0: reg 0x10: [mem 0xf0820000-0xf083ffff]
[    0.321791] pci 0000:00:08.0: reg 0x18: [io  0xd060-0xd067]
[    0.324986] pci 0000:00:09.0: [8086:100e] type 00 class 0x020000
[    0.326388] pci 0000:00:09.0: reg 0x10: [mem 0xf0840000-0xf085ffff]
[    0.327538] pci 0000:00:09.0: reg 0x18: [io  0xd068-0xd06f]
[    0.338339] ACPI: PCI Interrupt Link [LNKA] (IRQs 5 9 10 *11)
[    0.338620] ACPI: PCI Interrupt Link [LNKB] (IRQs 5 9 *10 11)
[    0.338721] ACPI: PCI Interrupt Link [LNKC] (IRQs 5 *9 10 11)
[    0.338826] ACPI: PCI Interrupt Link [LNKD] (IRQs 5 9 10 *11)
[    0.339080] iommu: Default domain type: Translated 
[    0.339138] pci 0000:00:02.0: vgaarb: setting as boot VGA device
[    0.339140] pci 0000:00:02.0: vgaarb: VGA device added: decodes=io+mem,owns=io+mem,locks=none
[    0.339142] pci 0000:00:02.0: vgaarb: bridge control possible
[    0.339143] vgaarb: loaded
[    0.339353] SCSI subsystem initialized
[    0.339387] libata version 3.00 loaded.
[    0.339411] ACPI: bus type USB registered
[    0.339427] usbcore: registered new interface driver usbfs
[    0.339433] usbcore: registered new interface driver hub
[    0.339441] usbcore: registered new device driver usb
[    0.339469] pps_core: LinuxPPS API ver. 1 registered
[    0.339470] pps_core: Software ver. 5.3.6 - Copyright 2005-2007 Rodolfo Giometti <giometti@linux.it>
[    0.339472] PTP clock support registered
[    0.339505] EDAC MC: Ver: 3.0.0
[    0.339791] PCI: Using ACPI for IRQ routing
[    0.339792] PCI: pci_cache_line_size set to 64 bytes
[    0.339965] e820: reserve RAM buffer [mem 0x0009fc00-0x0009ffff]
[    0.339969] e820: reserve RAM buffer [mem 0x7fff0000-0x7fffffff]
[    0.340771] NetLabel: Initializing
[    0.340772] NetLabel:  domain hash size = 128
[    0.340772] NetLabel:  protocols = UNLABELED CIPSOv4 CALIPSO
[    0.340792] NetLabel:  unlabeled traffic allowed by default
[    0.341714] clocksource: Switched to clocksource kvm-clock
[    0.352922] *** VALIDATE bpf ***
[    0.352987] VFS: Disk quotas dquot_6.6.0
[    0.353000] VFS: Dquot-cache hash table entries: 512 (order 0, 4096 bytes)
[    0.353023] *** VALIDATE ramfs ***
[    0.353026] *** VALIDATE hugetlbfs ***
[    0.353110] AppArmor: AppArmor Filesystem Enabled
[    0.353138] pnp: PnP ACPI init
[    0.353212] pnp 00:00: Plug and Play ACPI device, IDs PNP0303 (active)
[    0.353281] pnp 00:01: Plug and Play ACPI device, IDs PNP0f03 (active)
[    0.354027] pnp: PnP ACPI: found 2 devices
[    0.354992] thermal_sys: Registered thermal governor 'fair_share'
[    0.354993] thermal_sys: Registered thermal governor 'bang_bang'
[    0.354993] thermal_sys: Registered thermal governor 'step_wise'
[    0.354994] thermal_sys: Registered thermal governor 'user_space'
[    0.354995] thermal_sys: Registered thermal governor 'power_allocator'
[    0.361858] clocksource: acpi_pm: mask: 0xffffff max_cycles: 0xffffff, max_idle_ns: 2085701024 ns
[    0.361899] pci_bus 0000:00: resource 4 [io  0x0000-0x0cf7 window]
[    0.361900] pci_bus 0000:00: resource 5 [io  0x0d00-0xffff window]
[    0.361902] pci_bus 0000:00: resource 6 [mem 0x000a0000-0x000bffff window]
[    0.361903] pci_bus 0000:00: resource 7 [mem 0x80000000-0xfdffffff window]
[    0.361962] NET: Registered protocol family 2
[    0.362037] IP idents hash table entries: 32768 (order: 6, 262144 bytes, linear)
[    0.362460] MPTCP tokens hash table entries: 8192 (order: 4, 65536 bytes, linear)
[    0.362480] MPTCP request tokens hash table entries: 8192 (order: 4, 65536 bytes, linear)
[    0.362506] default registered
[    0.362506] default registered
[    0.362507] MPTCP: Stable release v0.96
[    0.362512] tcp_listen_portaddr_hash hash table entries: 1024 (order: 2, 16384 bytes, linear)
[    0.362593] TCP established hash table entries: 16384 (order: 5, 131072 bytes, linear)
[    0.362658] TCP bind hash table entries: 16384 (order: 6, 262144 bytes, linear)
[    0.362684] TCP: Hash tables configured (established 16384 bind 16384)
[    0.363406] UDP hash table entries: 1024 (order: 3, 32768 bytes, linear)
[    0.363418] UDP-Lite hash table entries: 1024 (order: 3, 32768 bytes, linear)
[    0.363454] NET: Registered protocol family 1
[    0.363463] NET: Registered protocol family 44
[    0.363485] pci 0000:00:00.0: Limiting direct PCI/PCI transfers
[    0.363498] pci 0000:00:01.0: Activating ISA DMA hang workarounds
[    0.363555] pci 0000:00:02.0: Video device with shadowed ROM at [mem 0x000c0000-0x000dffff]
[    0.363622] PCI: CLS 0 bytes, default 64
[    0.363670] Trying to unpack rootfs image as initramfs...
[    0.531840] Freeing initrd memory: 47868K
[    0.531840] clocksource: tsc: mask: 0xffffffffffffffff max_cycles: 0x1e4530a99b6, max_idle_ns: 440795257976 ns
[    0.531840] clocksource: Switched to clocksource tsc
[    0.531840] platform rtc_cmos: registered platform RTC device (no PNP device found)
[    0.531840] check: Scanning for low memory corruption every 60 seconds
[    0.531840] Initialise system trusted keyrings
[    0.531840] Key type blacklist registered
[    0.531840] workingset: timestamp_bits=36 max_order=19 bucket_order=0
[    0.531840] zbud: loaded
[    0.531840] squashfs: version 4.0 (2009/01/31) Phillip Lougher
[    0.531840] fuse: init (API version 7.31)
[    0.531840] *** VALIDATE fuse ***
[    0.531840] *** VALIDATE fuse ***
[    0.531840] Platform Keyring initialized
[    0.546816] Key type asymmetric registered
[    0.546817] Asymmetric key parser 'x509' registered
[    0.546827] Block layer SCSI generic (bsg) driver version 0.4 loaded (major 244)
[    0.546865] io scheduler mq-deadline registered
[    0.546989] shpchp: Standard Hot Plug PCI Controller Driver version: 0.4
[    0.547200] ACPI: AC Adapter [AC] (on-line)
[    0.547245] input: Power Button as /devices/LNXSYSTM:00/LNXPWRBN:00/input/input0
[    0.547274] ACPI: Power Button [PWRF]
[    0.547350] input: Sleep Button as /devices/LNXSYSTM:00/LNXSLPBN:00/input/input1
[    0.547365] ACPI: Sleep Button [SLPF]
[    0.547604] Serial: 8250/16550 driver, 32 ports, IRQ sharing enabled
[    0.548754] Linux agpgart interface v0.103
[    0.639188] loop: module loaded
[    0.639372] ata_piix 0000:00:01.1: version 2.13
[    0.639818] scsi host0: ata_piix
[    0.639912] scsi host1: ata_piix
[    0.639939] ata1: PATA max UDMA/33 cmd 0x1f0 ctl 0x3f6 bmdma 0xd000 irq 14
[    0.639940] ata2: PATA max UDMA/33 cmd 0x170 ctl 0x376 bmdma 0xd008 irq 15
[    0.640024] tun: Universal TUN/TAP device driver, 1.6
[    0.640334] PPP generic driver version 2.4.2
[    0.640376] VFIO - User Level meta-driver version: 0.3
[    0.640621] ehci_hcd: USB 2.0 'Enhanced' Host Controller (EHCI) Driver
[    0.640626] ehci-pci: EHCI PCI platform driver
[    0.640646] ehci-platform: EHCI generic platform driver
[    0.640653] ohci_hcd: USB 1.1 'Open' Host Controller (OHCI) Driver
[    0.640655] ohci-pci: OHCI PCI platform driver
[    0.640663] ohci-platform: OHCI generic platform driver
[    0.640667] uhci_hcd: USB Universal Host Controller Interface driver
[    0.640739] i8042: PNP: PS/2 Controller [PNP0303:PS2K,PNP0f03:PS2M] at 0x60,0x64 irq 1,12
[    0.641225] serio: i8042 KBD port at 0x60,0x64 irq 1
[    0.641230] serio: i8042 AUX port at 0x60,0x64 irq 12
[    0.641336] mousedev: PS/2 mouse device common for all mice
[    0.641639] input: AT Translated Set 2 keyboard as /devices/platform/i8042/serio0/input/input2
[    0.642038] rtc_cmos rtc_cmos: registered as rtc0
[    0.642051] rtc_cmos rtc_cmos: alarms up to one day, 114 bytes nvram
[    0.642056] i2c /dev entries driver
[    0.642100] device-mapper: uevent: version 1.0.3
[    0.642144] device-mapper: ioctl: 4.41.0-ioctl (2019-09-16) initialised: dm-devel@redhat.com
[    0.642159] platform eisa.0: Probing EISA bus 0
[    0.642161] platform eisa.0: EISA: Cannot allocate resource for mainboard
[    0.642162] platform eisa.0: Cannot allocate resource for EISA slot 1
[    0.642163] platform eisa.0: Cannot allocate resource for EISA slot 2
[    0.642164] platform eisa.0: Cannot allocate resource for EISA slot 3
[    0.642165] platform eisa.0: Cannot allocate resource for EISA slot 4
[    0.642166] platform eisa.0: Cannot allocate resource for EISA slot 5
[    0.642167] platform eisa.0: Cannot allocate resource for EISA slot 6
[    0.642168] platform eisa.0: Cannot allocate resource for EISA slot 7
[    0.642169] platform eisa.0: Cannot allocate resource for EISA slot 8
[    0.642170] platform eisa.0: EISA: Detected 0 cards
[    0.642172] intel_pstate: CPU model not supported
[    0.642181] ledtrig-cpu: registered to indicate activity on CPUs
[    0.642238] drop_monitor: Initializing network drop monitor service
[    0.642414] NET: Registered protocol family 10
[    0.647350] Segment Routing with IPv6
[    0.647350] fullmesh registered
[    0.647350] ndiffports registered
[    0.647350] binder registered
[    0.647350] roundrobin registered
[    0.647350] redundant registered
[    0.647350] blest registered
[    0.647350] ecf registered
[    0.647350] NET: Registered protocol family 17
[    0.647350] Key type dns_resolver registered
[    0.647350] RAS: Correctable Errors collector initialized.
[    0.647350] IPI shorthand broadcast: enabled
[    0.647350] sched_clock: Marking stable (632240584, 11109474)->(646676788, -3326730)
[    0.647831] registered taskstats version 1
[    0.647839] Loading compiled-in X.509 certificates
[    0.648427] Loaded X.509 cert 'Build time autogenerated kernel key: 6909f3744cebb3d0de528d5887b96a727de79b1e'
[    0.648444] zswap: loaded using pool lzo/zbud
[    0.648497] Key type ._fscrypt registered
[    0.648498] Key type .fscrypt registered
[    0.652945] Key type big_key registered
[    0.655148] Key type encrypted registered
[    0.655150] AppArmor: AppArmor sha1 policy hashing enabled
[    0.655157] ima: No TPM chip found, activating TPM-bypass!
[    0.655161] ima: Allocated hash algorithm: sha1
[    0.655166] ima: No architecture policies found
[    0.655176] evm: Initialising EVM extended attributes:
[    0.655176] evm: security.selinux
[    0.655177] evm: security.SMACK64
[    0.655177] evm: security.SMACK64EXEC
[    0.655177] evm: security.SMACK64TRANSMUTE
[    0.655178] evm: security.SMACK64MMAP
[    0.655178] evm: security.apparmor
[    0.655179] evm: security.ima
[    0.655179] evm: security.capability
[    0.655180] evm: HMAC attrs: 0x1
[    0.655472] PM:   Magic number: 10:768:889
[    0.655591] rtc_cmos rtc_cmos: setting system clock to 2026-01-13T14:51:03 UTC (1768315863)
[    0.811261] ata1.00: ATA-6: VBOX HARDDISK, 1.0, max UDMA/133
[    0.811263] ata1.00: 209715200 sectors, multi 128: LBA 
[    0.811689] scsi 0:0:0:0: Direct-Access     ATA      VBOX HARDDISK    1.0  PQ: 0 ANSI: 5
[    0.811866] sd 0:0:0:0: [sda] 209715200 512-byte logical blocks: (107 GB/100 GiB)
[    0.811872] sd 0:0:0:0: [sda] Write Protect is off
[    0.811874] sd 0:0:0:0: [sda] Mode Sense: 00 3a 00 00
[    0.811884] sd 0:0:0:0: [sda] Write cache: enabled, read cache: enabled, doesn't support DPO or FUA
[    0.812077] sd 0:0:0:0: Attached scsi generic sg0 type 0
[    0.812851]  sda: sda1 sda2
[    0.823280] sd 0:0:0:0: [sda] Attached SCSI disk
[    0.825088] Freeing unused decrypted memory: 2040K
[    0.825769] Freeing unused kernel image memory: 2728K
[    0.825771] Write protecting the kernel read-only data: 22528k
[    0.826433] Freeing unused kernel image memory: 2036K
[    0.826816] Freeing unused kernel image memory: 1432K
[    0.839745] x86/mm: Checked W+X mappings: passed, no W+X pages found.
[    0.839748] Run /init as init process
[    0.929973] ACPI: Video Device [GFX0] (multi-head: yes  rom: no  post: no)
[    0.930047] input: Video Bus as /devices/LNXSYSTM:00/LNXSYBUS:00/PNP0A03:00/LNXVIDEO:00/input/input4
[    0.943933] pcnet32: pcnet32.c:v1.35 21.Apr.2008 tsbogend@alpha.franken.de
[    0.945676] piix4_smbus 0000:00:07.0: SMBus Host Controller at 0x4100, revision 0
[    0.948235] e1000: Intel(R) PRO/1000 Network Driver - version 7.3.21-k8-NAPI
[    0.948236] e1000: Copyright (c) 1999-2006 Intel Corporation.
[    0.960084] pcnet32: PCnet/FAST III 79C973 at 0xd020, 08:00:27:46:bd:4e assigned IRQ 19
[    0.960129] pcnet32: Found PHY 0022:561b at address 0
[    0.960430] pcnet32: eth0: registered as PCnet/FAST III 79C973
[    0.960453] pcnet32: 1 cards_found
[    1.019044] pcnet32 0000:00:03.0 enp0s3: renamed from eth0
[    1.158504] input: ImExPS/2 Generic Explorer Mouse as /devices/platform/i8042/serio1/input/input5
[    1.359666] e1000 0000:00:08.0 eth0: (PCI:33MHz:32-bit) 08:00:27:c4:4c:da
[    1.359671] e1000 0000:00:08.0 eth0: Intel(R) PRO/1000 Network Connection
[    1.735704] e1000 0000:00:09.0 eth1: (PCI:33MHz:32-bit) 08:00:27:dd:16:2d
[    1.735708] e1000 0000:00:09.0 eth1: Intel(R) PRO/1000 Network Connection
[    1.737013] e1000 0000:00:09.0 enp0s9: renamed from eth1
[    1.738958] e1000 0000:00:08.0 enp0s8: renamed from eth0
[    1.887915] EXT4-fs (sda2): mounted filesystem with ordered data mode. Opts: (null)
[    1.983556] systemd[1]: Inserted module 'autofs4'
[    1.996560] systemd[1]: systemd 245.4-4ubuntu3 running in system mode. (+PAM +AUDIT +SELINUX +IMA +APPARMOR +SMACK +SYSVINIT +UTMP +LIBCRYPTSETUP +GCRYPT +GNUTLS +ACL +XZ +LZ4 +SECCOMP +BLKID +ELFUTILS +KMOD +IDN2 -IDN +PCRE2 default-hierarchy=hybrid)
[    1.996596] systemd[1]: Detected virtualization oracle.
[    1.996600] systemd[1]: Detected architecture x86-64.
[    1.997946] systemd[1]: Set hostname to <ztg>.
[    2.131626] systemd[1]: /lib/systemd/system/dbus.socket:5: ListenStream= references a path below legacy directory /var/run/, updating /var/run/dbus/system_bus_socket â†’ /run/dbus/system_bus_socket; please update the unit file accordingly.
[    2.186250] systemd[1]: Created slice system-modprobe.slice.
[    2.186479] systemd[1]: Created slice User and Session Slice.
[    2.186532] systemd[1]: Started Forward Password Requests to Wall Directory Watch.
[    2.186728] systemd[1]: Set up automount Arbitrary Executable File Formats File System Automount Point.
[    2.186766] systemd[1]: Reached target User and Group Name Lookups.
[    2.186775] systemd[1]: Reached target Remote File Systems.
[    2.186784] systemd[1]: Reached target Slices.
[    2.187397] systemd[1]: Listening on Syslog Socket.
[    2.187475] systemd[1]: Listening on fsck to fsckd communication Socket.
[    2.187516] systemd[1]: Listening on initctl Compatibility Named Pipe.
[    2.187666] systemd[1]: Listening on Journal Audit Socket.
[    2.187718] systemd[1]: Listening on Journal Socket (/dev/log).
[    2.187794] systemd[1]: Listening on Journal Socket.
[    2.187885] systemd[1]: Listening on udev Control Socket.
[    2.187939] systemd[1]: Listening on udev Kernel Socket.
[    2.188841] systemd[1]: Mounting Huge Pages File System...
[    2.189880] systemd[1]: Mounting POSIX Message Queue File System...
[    2.190867] systemd[1]: Mounting Kernel Debug File System...
[    2.192168] systemd[1]: Mounting Kernel Trace File System...
[    2.218638] systemd[1]: Starting Journal Service...
[    2.221015] systemd[1]: Starting Set the console keyboard layout...
[    2.229311] systemd[1]: Starting Create list of static device nodes for the current kernel...
[    2.234860] systemd[1]: Starting Load Kernel Module drm...
[    2.236164] systemd[1]: Condition check resulted in Set Up Additional Binary Formats being skipped.
[    2.236243] systemd[1]: Condition check resulted in File System Check on Root Device being skipped.
[    2.251248] systemd[1]: Starting Load Kernel Modules...
[    2.256389] systemd[1]: Starting Remount Root and Kernel File Systems...
[    2.263956] systemd[1]: Starting udev Coldplug all Devices...
[    2.273255] systemd[1]: Starting Uncomplicated firewall...
[    2.275057] systemd[1]: Mounted Huge Pages File System.
[    2.275204] systemd[1]: Mounted POSIX Message Queue File System.
[    2.279391] EXT4-fs (sda2): re-mounted. Opts: errors=remount-ro
[    2.292199] systemd[1]: Mounted Kernel Debug File System.
[    2.292297] systemd[1]: Mounted Kernel Trace File System.
[    2.330794] systemd[1]: Finished Create list of static device nodes for the current kernel.
[    2.331194] systemd[1]: modprobe@drm.service: Succeeded.
[    2.331649] systemd[1]: Finished Load Kernel Module drm.
[    2.332355] systemd[1]: Finished Remount Root and Kernel File Systems.
[    2.332769] systemd[1]: Finished Uncomplicated firewall.
[    2.334535] lp: driver loaded but no devices found
[    2.336075] systemd[1]: Condition check resulted in Rebuild Hardware Database being skipped.
[    2.336115] systemd[1]: Condition check resulted in Platform Persistent Storage Archival being skipped.
[    2.340163] systemd[1]: Starting Load/Save Random Seed...
[    2.347418] systemd[1]: Starting Create System Users...
[    2.355254] ppdev: user-space parallel port driver
[    2.379614] systemd[1]: Finished Load/Save Random Seed.
[    2.389822] systemd[1]: Finished Create System Users.
[    2.390729] systemd[1]: Starting Create Static Device Nodes in /dev...
[    2.430511] systemd[1]: Finished Create Static Device Nodes in /dev.
[    2.431846] systemd[1]: Starting udev Kernel Device Manager...
[    2.461936] systemd[1]: Finished udev Coldplug all Devices.
[    2.465405] [drm] DMA map mode: Caching DMA mappings.
[    2.465467] [drm] Capabilities:
[    2.465468] [drm]   Rect copy.
[    2.465468] [drm]   Cursor.
[    2.465468] [drm]   Cursor bypass.
[    2.465469] [drm]   Cursor bypass 2.
[    2.465469] [drm]   Alpha cursor.
[    2.465469] [drm]   Extended Fifo.
[    2.465470] [drm]   Pitchlock.
[    2.465471] [drm]   Irq mask.
[    2.465471] [drm]   GMR.
[    2.465471] [drm]   Traces.
[    2.465472] [drm]   GMR2.
[    2.465472] [drm]   Screen Object 2.
[    2.465472] [drm]   Command Buffers.
[    2.465473] [drm]   Command Buffers 2.
[    2.465473] [drm]   Guest Backed Resources.
[    2.465475] [drm] Max GMR ids is 8192
[    2.465475] [drm] Max number of GMR pages is 1048576
[    2.465476] [drm] Max dedicated hypervisor surface memory is 393216 kiB
[    2.465476] [drm] Maximum display memory size is 131072 kiB
[    2.465477] [drm] VRAM at 0xe0000000 size is 131072 kiB
[    2.465477] [drm] MMIO at 0xf0000000 size is 2048 kiB
[    2.466597] [TTM] Zone  kernel: Available graphics memory: 1011738 KiB
[    2.466598] [TTM] Initializing pool allocator
[    2.466602] [TTM] Initializing DMA pool allocator
[    2.466662] [drm] Supports vblank timestamp caching Rev 2 (21.10.2013).
[    2.466662] [drm] No driver support for vblank timestamp query.
[    2.466913] [drm] Screen Target Display device initialized
[    2.467305] [drm] width 720
[    2.467317] [drm] height 400
[    2.467321] [drm] bpp 32
[    2.467875] [drm] Fifo max 0x00200000 min 0x00001000 cap 0x00000355
[    2.470019] [drm] Using command buffers with DMA pool.
[    2.470024] [drm] DX: no.
[    2.470025] [drm] Atomic: yes.
[    2.470025] [drm] SM4_1: no.
[    2.470048] [drm:vmw_host_log [vmwgfx]] *ERROR* Failed to send host log message.
[    2.470995] [drm:vmw_host_log [vmwgfx]] *ERROR* Failed to send host log message.
[    2.503295] fbcon: svgadrmfb (fb0) is primary device
[    2.505744] Console: switching to colour frame buffer device 100x37
[    2.509989] systemd[1]: Finished Set the console keyboard layout.
[    2.510120] systemd[1]: Reached target Local File Systems (Pre).
[    2.512500] systemd[1]: Mounting Mount unit for bare, revision 5...
[    2.516121] systemd[1]: Mounting Mount unit for core18, revision 1705...
[    2.516829] [drm] Initialized vmwgfx 2.15.0 20180704 for 0000:00:02.0 on minor 0
[    2.529486] systemd[1]: Mounting Mount unit for gnome-3-34-1804, revision 24...
[    2.559464] systemd[1]: Mounting Mount unit for gtk-common-themes, revision 1506...
[    2.568682] systemd[1]: Mounting Mount unit for gtk-common-themes, revision 1535...
[    2.574069] systemd[1]: Mounting Mount unit for snap-store, revision 433...
[    2.581314] systemd[1]: Mounting Mount unit for snapd, revision 25935...
[    2.586071] systemd[1]: Finished Load Kernel Modules.
[    2.589623] systemd[1]: Mounting FUSE Control File System...
[    2.590595] systemd[1]: Mounting Kernel Configuration File System...
[    2.591524] systemd[1]: Starting Apply Kernel Variables...
[    2.643730] systemd[1]: Mounted Mount unit for core18, revision 1705.
[    2.643850] systemd[1]: Mounted Mount unit for gnome-3-34-1804, revision 24.
[    2.643943] systemd[1]: Mounted FUSE Control File System.
[    2.644028] systemd[1]: Mounted Kernel Configuration File System.
[    2.644093] systemd[1]: Condition check resulted in VMware vmblock fuse mount being skipped.
[    2.647493] systemd[1]: Finished Apply Kernel Variables.
[    2.649869] systemd[1]: Started udev Kernel Device Manager.
[    2.650741] systemd[1]: Starting Show Plymouth Boot Screen...
[    2.656375] systemd[1]: Mounted Mount unit for bare, revision 5.
[    2.656483] systemd[1]: Mounted Mount unit for gtk-common-themes, revision 1506.
[    2.657280] systemd[1]: Received SIGRTMIN+20 from PID 279 (plymouthd).
[    2.686831] systemd[1]: Started Show Plymouth Boot Screen.
[    2.687162] systemd[1]: Condition check resulted in Dispatch Password Requests to Console Directory Watch being skipped.
[    2.687288] systemd[1]: Started Forward Password Requests to Plymouth Directory Watch.
[    2.689192] systemd[1]: Reached target Local Encrypted Volumes.
[    2.720612] systemd[1]: Mounted Mount unit for gtk-common-themes, revision 1535.
[    2.720924] systemd[1]: Mounted Mount unit for snap-store, revision 433.
[    2.721124] systemd[1]: Mounted Mount unit for snapd, revision 25935.
[    2.722990] systemd[1]: Reached target Local File Systems.
[    2.724072] systemd[1]: Starting Load AppArmor profiles...
[    2.732336] systemd[1]: Starting Set console font and keymap...
[    2.740922] systemd[1]: Starting Tell Plymouth To Write Out Runtime Data...
[    2.743986] systemd[1]: Condition check resulted in Store a System Token in an EFI Variable being skipped.
[    2.744019] systemd[1]: Condition check resulted in Commit a transient machine-id on disk being skipped.
[    2.748836] systemd[1]: Finished Set console font and keymap.
[    2.753683] systemd[1]: Received SIGRTMIN+20 from PID 279 (plymouthd).
[    2.755929] systemd[1]: plymouth-read-write.service: Succeeded.
[    2.756211] systemd[1]: Finished Tell Plymouth To Write Out Runtime Data.
[    2.785821] audit: type=1400 audit(1768315865.624:2): apparmor="STATUS" operation="profile_load" profile="unconfined" name="nvidia_modprobe" pid=303 comm="apparmor_parser"
[    2.785824] audit: type=1400 audit(1768315865.624:3): apparmor="STATUS" operation="profile_load" profile="unconfined" name="nvidia_modprobe//kmod" pid=303 comm="apparmor_parser"
[    2.793733] audit: type=1400 audit(1768315865.632:4): apparmor="STATUS" operation="profile_load" profile="unconfined" name="/usr/sbin/tcpdump" pid=304 comm="apparmor_parser"
[    2.845567] audit: type=1400 audit(1768315865.680:5): apparmor="STATUS" operation="profile_load" profile="unconfined" name="/usr/bin/evince" pid=306 comm="apparmor_parser"
[    2.845572] audit: type=1400 audit(1768315865.680:6): apparmor="STATUS" operation="profile_load" profile="unconfined" name="/usr/bin/evince//sanitized_helper" pid=306 comm="apparmor_parser"
[    2.845573] audit: type=1400 audit(1768315865.680:7): apparmor="STATUS" operation="profile_load" profile="unconfined" name="/usr/bin/evince-previewer" pid=306 comm="apparmor_parser"
[    2.845575] audit: type=1400 audit(1768315865.680:8): apparmor="STATUS" operation="profile_load" profile="unconfined" name="/usr/bin/evince-previewer//sanitized_helper" pid=306 comm="apparmor_parser"
[    2.845576] audit: type=1400 audit(1768315865.680:9): apparmor="STATUS" operation="profile_load" profile="unconfined" name="/usr/bin/evince-thumbnailer" pid=306 comm="apparmor_parser"
[    2.861572] audit: type=1400 audit(1768315865.704:10): apparmor="STATUS" operation="profile_load" profile="unconfined" name="/usr/lib/cups/backend/cups-pdf" pid=307 comm="apparmor_parser"
[    2.942073] systemd[1]: Finished Load AppArmor profiles.
[    2.943302] systemd[1]: Starting Load AppArmor profiles managed internally by snapd...
[    3.058332] systemd[1]: Finished Load AppArmor profiles managed internally by snapd.
[    3.215879] systemd[1]: Started Journal Service.
[    3.227983] systemd-journald[229]: Received client request to flush runtime journal.
[    3.230913] systemd-journald[229]: File /var/log/journal/c455b248004a419c87ce85eea238d727/system.journal corrupted or uncleanly shut down, renaming and replacing.
[    4.604443] RAPL PMU: API unit is 2^-32 Joules, 0 fixed counters, 10737418240 ms ovfl timer
[    4.691948] cryptd: max_cpu_qlen set to 1000
[    4.749835] AVX2 version of gcm_enc/dec engaged.
[    4.749837] AES CTR mode by8 optimization enabled
[    6.624984] Adding 1998844k swap on /dev/sda1.  Priority:-2 extents:1 across:1998844k FS
[    7.683114] kauditd_printk_skb: 30 callbacks suppressed
[    7.683115] audit: type=1400 audit(1768315870.520:41): apparmor="DENIED" operation="capable" profile="/usr/sbin/cups-browsed" pid=511 comm="cups-browsed" capability=23  capname="sys_nice"
[    9.119922] pcnet32 0000:00:03.0 enp0s3: link up, 100Mbps, full-duplex
[    9.170767] e1000: enp0s8 NIC Link is Up 1000 Mbps Full Duplex, Flow Control: RX
[    9.171075] IPv6: ADDRCONF(NETDEV_CHANGE): enp0s8: link becomes ready
[    9.194327] e1000: enp0s9 NIC Link is Up 1000 Mbps Full Duplex, Flow Control: RX
[    9.194632] IPv6: ADDRCONF(NETDEV_CHANGE): enp0s9: link becomes ready
[    9.838686] device enp0s3 entered promiscuous mode
[    9.924085] audit: type=1400 audit(1768315872.756:42): apparmor="DENIED" operation="open" profile="/usr/sbin/tcpdump" name="/proc/sys/kernel/random/boot_id" pid=629 comm="tcpdump" requested_mask="r" denied_mask="r" fsuid=0 ouid=0
[    9.934323] audit: type=1400 audit(1768315872.768:43): apparmor="DENIED" operation="open" profile="/usr/sbin/tcpdump" name="/proc/sys/kernel/random/boot_id" pid=629 comm="tcpdump" requested_mask="r" denied_mask="r" fsuid=0 ouid=0
[    9.934530] audit: type=1400 audit(1768315872.768:44): apparmor="DENIED" operation="open" profile="/usr/sbin/tcpdump" name="/proc/sys/kernel/random/boot_id" pid=629 comm="tcpdump" requested_mask="r" denied_mask="r" fsuid=0 ouid=0
[    9.934762] audit: type=1400 audit(1768315872.768:45): apparmor="DENIED" operation="open" profile="/usr/sbin/tcpdump" name="/proc/sys/kernel/random/boot_id" pid=629 comm="tcpdump" requested_mask="r" denied_mask="r" fsuid=0 ouid=0
[    9.952074] audit: type=1400 audit(1768315872.792:46): apparmor="DENIED" operation="open" profile="/usr/sbin/tcpdump" name="/proc/sys/kernel/random/boot_id" pid=630 comm="tcpdump" requested_mask="r" denied_mask="r" fsuid=0 ouid=0
[    9.955751] audit: type=1400 audit(1768315872.792:47): apparmor="DENIED" operation="open" profile="/usr/sbin/tcpdump" name="/proc/sys/kernel/random/boot_id" pid=630 comm="tcpdump" requested_mask="r" denied_mask="r" fsuid=0 ouid=0
[    9.955795] audit: type=1400 audit(1768315872.792:48): apparmor="DENIED" operation="open" profile="/usr/sbin/tcpdump" name="/proc/sys/kernel/random/boot_id" pid=630 comm="tcpdump" requested_mask="r" denied_mask="r" fsuid=0 ouid=0
[    9.955914] audit: type=1400 audit(1768315872.792:49): apparmor="DENIED" operation="open" profile="/usr/sbin/tcpdump" name="/proc/sys/kernel/random/boot_id" pid=630 comm="tcpdump" requested_mask="r" denied_mask="r" fsuid=0 ouid=0
[   15.952507] rfkill: input handler disabled
[  251.772410] AAAAA-TCP_FORW: name:enp0s3: saddr:100932208: daddr:16783984
[  251.800504] AAAAA-TCP_FORW: name:enp0s3: saddr:100932208: daddr:16783984
[  324.778933] AAAAA-TCP_FORW: name:enp0s3: saddr:33561200: daddr:100932208
[  324.830250] AAAAA-TCP_FORW: name:enp0s3: saddr:16783984: daddr:100932208
[  325.032405] AAAAA-TCP_FORW: name:enp0s3: saddr:33561200: daddr:100932208
[  325.286081] AAAAA-TCP_FORW: name:enp0s3: saddr:33561200: daddr:100932208
[  325.554576] AAAAA-TCP_FORW: name:enp0s3: saddr:33561200: daddr:100932208
[  325.880104] AAAAA-TCP_FORW: name:enp0s3: saddr:33561200: daddr:100932208
[  326.053345] AAAAA-TCP_FORW: name:enp0s3: saddr:33561200: daddr:100932208
[  326.443289] AAAAA-TCP_FORW: name:enp0s3: saddr:16783984: daddr:100932208
[  326.692185] AAAAA-TCP_FORW: name:enp0s3: saddr:16783984: daddr:100932208
[  326.842249] AAAAA-TCP_FORW: name:enp0s3: saddr:16783984: daddr:100932208
[  327.143783] AAAAA-TCP_FORW: name:enp0s3: saddr:16783984: daddr:100932208
[  327.227201] AAAAA-TCP_FORW: name:enp0s3: saddr:16783984: daddr:100932208
[  327.544573] AAAAA-TCP_FORW: name:enp0s3: saddr:16783984: daddr:100932208
[  327.715650] AAAAA-TCP_FORW: name:enp0s3: saddr:16783984: daddr:100932208
[  328.014195] AAAAA-TCP_FORW: name:enp0s3: saddr:16783984: daddr:100932208
[  328.193635] AAAAA-TCP_FORW: name:enp0s3: saddr:16783984: daddr:100932208
[  328.318617] AAAAA-TCP_FORW: name:enp0s3: saddr:16783984: daddr:100932208
[  328.397318] AAAAA-TCP_FORW: name:enp0s3: saddr:16783984: daddr:100932208
[  328.702563] AAAAA-TCP_FORW: name:enp0s3: saddr:16783984: daddr:100932208
[  328.814265] AAAAA-TCP_FORW: name:enp0s3: saddr:16783984: daddr:100932208
[  328.933212] AAAAA-TCP_FORW: name:enp0s3: saddr:16783984: daddr:100932208
[  329.288765] AAAAA-TCP_FORW: name:enp0s3: saddr:16783984: daddr:100932208
[  329.410578] AAAAA-TCP_FORW: name:enp0s3: saddr:16783984: daddr:100932208
[  329.656833] AAAAA-TCP_FORW: name:enp0s3: saddr:16783984: daddr:100932208
[  329.976300] AAAAA-TCP_FORW: name:enp0s3: saddr:33561200: daddr:100932208
[  330.257606] AAAAA-TCP_FORW: name:enp0s3: saddr:16783984: daddr:100932208
[  330.315101] AAAAA-TCP_FORW: name:enp0s3: saddr:16783984: daddr:100932208
[  330.372628] AAAAA-TCP_FORW: name:enp0s3: saddr:16783984: daddr:100932208
[  330.499852] AAAAA-TCP_FORW: name:enp0s3: saddr:16783984: daddr:100932208
[  330.547881] AAAAA-TCP_FORW: name:enp0s3: saddr:16783984: daddr:100932208
[  330.751662] AAAAA-TCP_FORW: name:enp0s3: saddr:16783984: daddr:100932208
[  330.883473] AAAAA-TCP_FORW: name:enp0s3: saddr:33561200: daddr:100932208
[  330.982791] AAAAA-TCP_FORW: name:enp0s3: saddr:33561200: daddr:100932208
[  331.582435] AAAAA-TCP_FORW: name:enp0s3: saddr:16783984: daddr:100932208
[  331.677978] AAAAA-TCP_FORW: name:enp0s3: saddr:16783984: daddr:100932208
[  332.055511] AAAAA-TCP_FORW: name:enp0s3: saddr:16783984: daddr:100932208
[  332.167283] AAAAA-TCP_FORW: name:enp0s3: saddr:16783984: daddr:100932208
[  332.474387] AAAAA-TCP_FORW: name:enp0s3: saddr:33561200: daddr:100932208
[  332.658159] AAAAA-TCP_FORW: name:enp0s3: saddr:16783984: daddr:100932208
[  332.842254] AAAAA-TCP_FORW: name:enp0s3: saddr:16783984: daddr:100932208
[  807.991403] rfkill: input handler enabled
[  816.758871] rfkill: input handler disabled
[ 1002.348281] device enp0s3 left promiscuous mode
