[    0.000000] Linux version 5.4.243-mptcp (root@ztg) (gcc version 12.2.0 (Debian 12.2.0-14+deb12u1)) #53 SMP Wed Dec 24 23:28:15 CST 2025
[    0.000000] Command line: BOOT_IMAGE=/boot/vmlinuz-5.4.243-mptcp root=UUID=98415a12-53b7-4144-8265-0f7ece09e445 ro quiet splash
[    0.000000] KERNEL supported cpus:
[    0.000000]   Intel GenuineIntel
[    0.000000]   AMD AuthenticAMD
[    0.000000]   Hygon HygonGenuine
[    0.000000]   Centaur CentaurHauls
[    0.000000]   zhaoxin   Shanghai  
[    0.000000] x86/fpu: Supporting XSAVE feature 0x001: 'x87 floating point registers'
[    0.000000] x86/fpu: Supporting XSAVE feature 0x002: 'SSE registers'
[    0.000000] x86/fpu: Supporting XSAVE feature 0x004: 'AVX registers'
[    0.000000] x86/fpu: xstate_offset[2]:  576, xstate_sizes[2]:  256
[    0.000000] x86/fpu: Enabled xstate features 0x7, context size is 832 bytes, using 'standard' format.
[    0.000000] BIOS-provided physical RAM map:
[    0.000000] BIOS-e820: [mem 0x0000000000000000-0x000000000009fbff] usable
[    0.000000] BIOS-e820: [mem 0x000000000009fc00-0x000000000009ffff] reserved
[    0.000000] BIOS-e820: [mem 0x00000000000f0000-0x00000000000fffff] reserved
[    0.000000] BIOS-e820: [mem 0x0000000000100000-0x000000007ffeffff] usable
[    0.000000] BIOS-e820: [mem 0x000000007fff0000-0x000000007fffffff] ACPI data
[    0.000000] BIOS-e820: [mem 0x00000000fec00000-0x00000000fec00fff] reserved
[    0.000000] BIOS-e820: [mem 0x00000000fee00000-0x00000000fee00fff] reserved
[    0.000000] BIOS-e820: [mem 0x00000000fffc0000-0x00000000ffffffff] reserved
[    0.000000] NX (Execute Disable) protection: active
[    0.000000] SMBIOS 2.5 present.
[    0.000000] DMI: innotek GmbH VirtualBox/VirtualBox, BIOS VirtualBox 12/01/2006
[    0.000000] Hypervisor detected: KVM
[    0.000000] kvm-clock: Using msrs 4b564d01 and 4b564d00
[    0.000000] kvm-clock: cpu 0, msr 29001001, primary cpu clock
[    0.000000] kvm-clock: using sched offset of 4446149316 cycles
[    0.000002] clocksource: kvm-clock: mask: 0xffffffffffffffff max_cycles: 0x1cd42e4dffb, max_idle_ns: 881590591483 ns
[    0.000005] tsc: Detected 2100.000 MHz processor
[    0.001935] e820: update [mem 0x00000000-0x00000fff] usable ==> reserved
[    0.001937] e820: remove [mem 0x000a0000-0x000fffff] usable
[    0.001941] last_pfn = 0x7fff0 max_arch_pfn = 0x400000000
[    0.002010] MTRR default type: uncachable
[    0.002011] MTRR fixed ranges enabled:
[    0.002012]   00000-9FFFF write-back
[    0.002013]   A0000-BFFFF uncachable
[    0.002013]   C0000-FFFFF write-protect
[    0.002014] MTRR variable ranges enabled:
[    0.002015]   0 base 000000000000 mask 3FFF80000000 write-back
[    0.002016]   1 disabled
[    0.002017]   2 disabled
[    0.002017]   3 disabled
[    0.002017]   4 disabled
[    0.002018]   5 disabled
[    0.002018]   6 disabled
[    0.002019]   7 disabled
[    0.002019]   8 disabled
[    0.002019]   9 disabled
[    0.002020]   10 disabled
[    0.002020]   11 disabled
[    0.002021]   12 disabled
[    0.002021]   13 disabled
[    0.002022]   14 disabled
[    0.002022]   15 disabled
[    0.002038] x86/PAT: Configuration [0-7]: WB  WC  UC- UC  WB  WP  UC- WT  
[    0.002171] found SMP MP-table at [mem 0x0009fff0-0x0009ffff]
[    0.093524] check: Scanning 1 areas for low memory corruption
[    0.093731] RAMDISK: [mem 0x32271000-0x3512ffff]
[    0.093739] ACPI: Early table checksum verification disabled
[    0.093744] ACPI: RSDP 0x00000000000E0000 000024 (v02 VBOX  )
[    0.093749] ACPI: XSDT 0x000000007FFF0030 00003C (v01 VBOX   VBOXXSDT 00000001 ASL  00000061)
[    0.093755] ACPI: FACP 0x000000007FFF00F0 0000F4 (v04 VBOX   VBOXFACP 00000001 ASL  00000061)
[    0.093762] ACPI: DSDT 0x000000007FFF02E0 002353 (v02 VBOX   VBOXBIOS 00000002 VBOX 00029BF3)
[    0.093766] ACPI: FACS 0x000000007FFF0200 000040
[    0.093769] ACPI: FACS 0x000000007FFF0200 000040
[    0.093773] ACPI: APIC 0x000000007FFF0240 000054 (v02 VBOX   VBOXAPIC 00000001 ASL  00000061)
[    0.093776] ACPI: SSDT 0x000000007FFF02A0 000038 (v01 VBOX   VBOXCPUT 00000002 VBOX 00029BF3)
[    0.093779] ACPI: Reserving FACP table memory at [mem 0x7fff00f0-0x7fff01e3]
[    0.093780] ACPI: Reserving DSDT table memory at [mem 0x7fff02e0-0x7fff2632]
[    0.093781] ACPI: Reserving FACS table memory at [mem 0x7fff0200-0x7fff023f]
[    0.093782] ACPI: Reserving FACS table memory at [mem 0x7fff0200-0x7fff023f]
[    0.093782] ACPI: Reserving APIC table memory at [mem 0x7fff0240-0x7fff0293]
[    0.093783] ACPI: Reserving SSDT table memory at [mem 0x7fff02a0-0x7fff02d7]
[    0.093798] ACPI: Local APIC address 0xfee00000
[    0.093988] No NUMA configuration found
[    0.093989] Faking a node at [mem 0x0000000000000000-0x000000007ffeffff]
[    0.093999] NODE_DATA(0) allocated [mem 0x7ffc5000-0x7ffeffff]
[    0.094260] Zone ranges:
[    0.094261]   DMA      [mem 0x0000000000001000-0x0000000000ffffff]
[    0.094263]   DMA32    [mem 0x0000000001000000-0x000000007ffeffff]
[    0.094263]   Normal   empty
[    0.094264]   Device   empty
[    0.094265] Movable zone start for each node
[    0.094267] Early memory node ranges
[    0.094267]   node   0: [mem 0x0000000000001000-0x000000000009efff]
[    0.094268]   node   0: [mem 0x0000000000100000-0x000000007ffeffff]
[    0.094271] Zeroed struct page in unavailable ranges: 114 pages
[    0.094272] Initmem setup node 0 [mem 0x0000000000001000-0x000000007ffeffff]
[    0.094273] On node 0 totalpages: 524174
[    0.094275]   DMA zone: 64 pages used for memmap
[    0.094276]   DMA zone: 21 pages reserved
[    0.094276]   DMA zone: 3998 pages, LIFO batch:0
[    0.094348]   DMA32 zone: 8128 pages used for memmap
[    0.094349]   DMA32 zone: 520176 pages, LIFO batch:63
[    0.103301] ACPI: PM-Timer IO Port: 0x4008
[    0.103304] ACPI: Local APIC address 0xfee00000
[    0.103369] IOAPIC[0]: apic_id 1, version 32, address 0xfec00000, GSI 0-23
[    0.103373] ACPI: INT_SRC_OVR (bus 0 bus_irq 0 global_irq 2 dfl dfl)
[    0.103375] ACPI: INT_SRC_OVR (bus 0 bus_irq 9 global_irq 9 low level)
[    0.103377] ACPI: IRQ0 used by override.
[    0.103378] ACPI: IRQ9 used by override.
[    0.103380] Using ACPI (MADT) for SMP configuration information
[    0.103386] smpboot: Allowing 1 CPUs, 0 hotplug CPUs
[    0.103410] PM: Registered nosave memory: [mem 0x00000000-0x00000fff]
[    0.103411] PM: Registered nosave memory: [mem 0x0009f000-0x0009ffff]
[    0.103412] PM: Registered nosave memory: [mem 0x000a0000-0x000effff]
[    0.103412] PM: Registered nosave memory: [mem 0x000f0000-0x000fffff]
[    0.103414] [mem 0x80000000-0xfebfffff] available for PCI devices
[    0.103415] Booting paravirtualized kernel on KVM
[    0.103418] clocksource: refined-jiffies: mask: 0xffffffff max_cycles: 0xffffffff, max_idle_ns: 7645519600211568 ns
[    0.103423] setup_percpu: NR_CPUS:8192 nr_cpumask_bits:1 nr_cpu_ids:1 nr_node_ids:1
[    0.104439] percpu: Embedded 60 pages/cpu s208896 r8192 d28672 u2097152
[    0.104444] pcpu-alloc: s208896 r8192 d28672 u2097152 alloc=1*2097152
[    0.104444] pcpu-alloc: [0] 0 
[    0.104471] Built 1 zonelists, mobility grouping on.  Total pages: 515961
[    0.104472] Policy zone: DMA32
[    0.104473] Kernel command line: BOOT_IMAGE=/boot/vmlinuz-5.4.243-mptcp root=UUID=98415a12-53b7-4144-8265-0f7ece09e445 ro quiet splash
[    0.105294] Dentry cache hash table entries: 262144 (order: 9, 2097152 bytes, linear)
[    0.105441] Inode-cache hash table entries: 131072 (order: 8, 1048576 bytes, linear)
[    0.105491] mem auto-init: stack:off, heap alloc:on, heap free:off
[    0.105494] Calgary: detecting Calgary via BIOS EBDA area
[    0.105495] Calgary: Unable to locate Rio Grande table in EBDA - bailing!
[    0.109585] Memory: 1967332K/2096696K available (14339K kernel code, 2398K rwdata, 4712K rodata, 2728K init, 17260K bss, 129364K reserved, 0K cma-reserved)
[    0.110510] SLUB: HWalign=64, Order=0-3, MinObjects=0, CPUs=1, Nodes=1
[    0.110527] ftrace: allocating 43186 entries in 169 pages
[    0.128954] rcu: Hierarchical RCU implementation.
[    0.128956] rcu: 	RCU restricting CPUs from NR_CPUS=8192 to nr_cpu_ids=1.
[    0.128957] 	Tasks RCU enabled.
[    0.128958] rcu: RCU calculated value of scheduler-enlistment delay is 25 jiffies.
[    0.128959] rcu: Adjusting geometry for rcu_fanout_leaf=16, nr_cpu_ids=1
[    0.131915] NR_IRQS: 524544, nr_irqs: 256, preallocated irqs: 16
[    0.132129] random: crng init done
[    0.141472] Console: colour VGA+ 80x25
[    0.141477] printk: console [tty0] enabled
[    0.141497] ACPI: Core revision 20190816
[    0.141600] APIC: Switch to symmetric I/O mode setup
[    0.141849] x2apic enabled
[    0.142087] Switched APIC routing to physical x2apic.
[    0.143220] ..TIMER: vector=0x30 apic1=0 pin1=2 apic2=-1 pin2=-1
[    0.143248] clocksource: tsc-early: mask: 0xffffffffffffffff max_cycles: 0x1e4530a99b6, max_idle_ns: 440795257976 ns
[    0.143254] Calibrating delay loop (skipped) preset value.. 4200.00 BogoMIPS (lpj=8400000)
[    0.143256] pid_max: default: 32768 minimum: 301
[    0.143284] LSM: Security Framework initializing
[    0.143294] Yama: becoming mindful.
[    0.143320] AppArmor: AppArmor initialized
[    0.143355] Mount-cache hash table entries: 4096 (order: 3, 32768 bytes, linear)
[    0.143360] Mountpoint-cache hash table entries: 4096 (order: 3, 32768 bytes, linear)
[    0.143371] *** VALIDATE tmpfs ***
[    0.143501] *** VALIDATE proc ***
[    0.143544] *** VALIDATE cgroup1 ***
[    0.143545] *** VALIDATE cgroup2 ***
[    0.143686] process: using mwait in idle threads
[    0.143690] Last level iTLB entries: 4KB 64, 2MB 8, 4MB 8
[    0.143691] Last level dTLB entries: 4KB 64, 2MB 0, 4MB 0, 1GB 4
[    0.143711] Spectre V1 : Mitigation: usercopy/swapgs barriers and __user pointer sanitization
[    0.143716] Spectre V2 : Mitigation: Retpolines
[    0.143717] Spectre V2 : Spectre v2 / SpectreRSB mitigation: Filling RSB on context switch
[    0.143717] Spectre V2 : Spectre v2 / SpectreRSB : Filling RSB on VMEXIT
[    0.143718] RETBleed: WARNING: Spectre v2 mitigation leaves CPU vulnerable to RETBleed attacks, data leaks possible!
[    0.144102] RETBleed: Vulnerable
[    0.144103] Speculative Store Bypass: Vulnerable
[    0.144108] TAA: Mitigation: TSX disabled
[    0.144109] MMIO Stale Data: Mitigation: Clear CPU buffers
[    0.148418] Freeing SMP alternatives memory: 40K
[    0.260427] smpboot: CPU0: Intel(R) Xeon(R) Silver 4216 CPU @ 2.10GHz (family: 0x6, model: 0x55, stepping: 0x7)
[    0.260613] Performance Events: unsupported p6 CPU model 85 no PMU driver, software events only.
[    0.260659] rcu: Hierarchical SRCU implementation.
[    0.261256] NMI watchdog: Perf NMI watchdog permanently disabled
[    0.261320] smp: Bringing up secondary CPUs ...
[    0.261321] smp: Brought up 1 node, 1 CPU
[    0.261322] smpboot: Max logical packages: 1
[    0.261324] smpboot: Total of 1 processors activated (4200.00 BogoMIPS)
[    0.262400] devtmpfs: initialized
[    0.262451] x86/mm: Memory block size: 128MB
[    0.262863] clocksource: jiffies: mask: 0xffffffff max_cycles: 0xffffffff, max_idle_ns: 7645041785100000 ns
[    0.262869] futex hash table entries: 256 (order: 2, 16384 bytes, linear)
[    0.262917] pinctrl core: initialized pinctrl subsystem
[    0.263035] PM: RTC time: 16:05:29, date: 2026-01-13
[    0.263163] NET: Registered protocol family 16
[    0.263250] audit: initializing netlink subsys (disabled)
[    0.263250] EISA bus registered
[    0.263250] cpuidle: using governor ladder
[    0.263250] cpuidle: using governor menu
[    0.263250] ACPI: bus type PCI registered
[    0.263250] acpiphp: ACPI Hot Plug PCI Controller Driver version: 0.5
[    0.263250] PCI: Using configuration type 1 for base access
[    0.264543] audit: type=2000 audit(1768291535.501:1): state=initialized audit_enabled=0 res=1
[    0.264644] HugeTLB registered 2.00 MiB page size, pre-allocated 0 pages
[    0.265608] ACPI: Added _OSI(Module Device)
[    0.265608] ACPI: Added _OSI(Processor Device)
[    0.265609] ACPI: Added _OSI(3.0 _SCP Extensions)
[    0.265610] ACPI: Added _OSI(Processor Aggregator Device)
[    0.265611] ACPI: Added _OSI(Linux-Dell-Video)
[    0.265613] ACPI: Added _OSI(Linux-Lenovo-NV-HDMI-Audio)
[    0.265614] ACPI: Added _OSI(Linux-HPI-Hybrid-Graphics)
[    0.267991] ACPI: 2 ACPI AML tables successfully acquired and loaded
[    0.269819] ACPI: Interpreter enabled
[    0.269832] ACPI: (supports S0 S5)
[    0.269833] ACPI: Using IOAPIC for interrupt routing
[    0.270068] PCI: Using host bridge windows from ACPI; if necessary, use "pci=nocrs" and report a bug
[    0.270187] ACPI: Enabled 2 GPEs in block 00 to 07
[    0.275622] ACPI: PCI Root Bridge [PCI0] (domain 0000 [bus 00-ff])
[    0.275628] acpi PNP0A03:00: _OSC: OS supports [ASPM ClockPM Segments MSI HPX-Type3]
[    0.276110] acpi PNP0A03:00: _OSC: not requesting OS control; OS requires [ExtendedConfig ASPM ClockPM MSI]
[    0.276119] acpi PNP0A03:00: fail to add MMCONFIG information, can't access extended PCI configuration space under this bridge.
[    0.276560] PCI host bridge to bus 0000:00
[    0.276562] pci_bus 0000:00: root bus resource [io  0x0000-0x0cf7 window]
[    0.276564] pci_bus 0000:00: root bus resource [io  0x0d00-0xffff window]
[    0.276565] pci_bus 0000:00: root bus resource [mem 0x000a0000-0x000bffff window]
[    0.276566] pci_bus 0000:00: root bus resource [mem 0x80000000-0xfdffffff window]
[    0.276567] pci_bus 0000:00: root bus resource [bus 00-ff]
[    0.276618] pci 0000:00:00.0: [8086:1237] type 00 class 0x060000
[    0.277586] pci 0000:00:01.0: [8086:7000] type 00 class 0x060100
[    0.278447] pci 0000:00:01.1: [8086:7111] type 00 class 0x01018a
[    0.278873] pci 0000:00:01.1: reg 0x20: [io  0xd000-0xd00f]
[    0.279037] pci 0000:00:01.1: legacy IDE quirk: reg 0x10: [io  0x01f0-0x01f7]
[    0.279038] pci 0000:00:01.1: legacy IDE quirk: reg 0x14: [io  0x03f6]
[    0.279040] pci 0000:00:01.1: legacy IDE quirk: reg 0x18: [io  0x0170-0x0177]
[    0.279041] pci 0000:00:01.1: legacy IDE quirk: reg 0x1c: [io  0x0376]
[    0.279738] pci 0000:00:02.0: [15ad:0405] type 00 class 0x030000
[    0.283009] pci 0000:00:02.0: reg 0x10: [io  0xd010-0xd01f]
[    0.285150] pci 0000:00:02.0: reg 0x14: [mem 0xe0000000-0xe7ffffff pref]
[    0.289089] pci 0000:00:02.0: reg 0x18: [mem 0xf0000000-0xf01fffff]
[    0.299611] pci 0000:00:03.0: [1022:2000] type 00 class 0x020000
[    0.300279] pci 0000:00:03.0: reg 0x10: [io  0xd020-0xd03f]
[    0.300890] pci 0000:00:03.0: reg 0x14: [mem 0xf0200000-0xf0200fff]
[    0.304029] pci 0000:00:04.0: [80ee:cafe] type 00 class 0x088000
[    0.304702] pci 0000:00:04.0: reg 0x10: [io  0xd040-0xd05f]
[    0.305309] pci 0000:00:04.0: reg 0x14: [mem 0xf0400000-0xf07fffff]
[    0.305916] pci 0000:00:04.0: reg 0x18: [mem 0xf0800000-0xf0803fff pref]
[    0.309192] pci 0000:00:07.0: [8086:7113] type 00 class 0x068000
[    0.309742] pci 0000:00:07.0: quirk: [io  0x4000-0x403f] claimed by PIIX4 ACPI
[    0.309752] pci 0000:00:07.0: quirk: [io  0x4100-0x410f] claimed by PIIX4 SMB
[    0.310364] pci 0000:00:08.0: [8086:100e] type 00 class 0x020000
[    0.311062] pci 0000:00:08.0: reg 0x10: [mem 0xf0820000-0xf083ffff]
[    0.312400] pci 0000:00:08.0: reg 0x18: [io  0xd060-0xd067]
[    0.316309] pci 0000:00:09.0: [8086:100e] type 00 class 0x020000
[    0.317015] pci 0000:00:09.0: reg 0x10: [mem 0xf0840000-0xf085ffff]
[    0.318164] pci 0000:00:09.0: reg 0x18: [io  0xd068-0xd06f]
[    0.328216] ACPI: PCI Interrupt Link [LNKA] (IRQs 5 9 10 *11)
[    0.328500] ACPI: PCI Interrupt Link [LNKB] (IRQs 5 9 *10 11)
[    0.328605] ACPI: PCI Interrupt Link [LNKC] (IRQs 5 *9 10 11)
[    0.328708] ACPI: PCI Interrupt Link [LNKD] (IRQs 5 9 10 *11)
[    0.328950] iommu: Default domain type: Translated 
[    0.329010] pci 0000:00:02.0: vgaarb: setting as boot VGA device
[    0.329011] pci 0000:00:02.0: vgaarb: VGA device added: decodes=io+mem,owns=io+mem,locks=none
[    0.329013] pci 0000:00:02.0: vgaarb: bridge control possible
[    0.329014] vgaarb: loaded
[    0.329222] SCSI subsystem initialized
[    0.329250] libata version 3.00 loaded.
[    0.329272] ACPI: bus type USB registered
[    0.329288] usbcore: registered new interface driver usbfs
[    0.329294] usbcore: registered new interface driver hub
[    0.329299] usbcore: registered new device driver usb
[    0.329327] pps_core: LinuxPPS API ver. 1 registered
[    0.329327] pps_core: Software ver. 5.3.6 - Copyright 2005-2007 Rodolfo Giometti <giometti@linux.it>
[    0.329329] PTP clock support registered
[    0.329365] EDAC MC: Ver: 3.0.0
[    0.329650] PCI: Using ACPI for IRQ routing
[    0.329652] PCI: pci_cache_line_size set to 64 bytes
[    0.329824] e820: reserve RAM buffer [mem 0x0009fc00-0x0009ffff]
[    0.329827] e820: reserve RAM buffer [mem 0x7fff0000-0x7fffffff]
[    0.331266] NetLabel: Initializing
[    0.331266] NetLabel:  domain hash size = 128
[    0.331267] NetLabel:  protocols = UNLABELED CIPSOv4 CALIPSO
[    0.331286] NetLabel:  unlabeled traffic allowed by default
[    0.332185] clocksource: Switched to clocksource kvm-clock
[    0.346586] *** VALIDATE bpf ***
[    0.346662] VFS: Disk quotas dquot_6.6.0
[    0.346676] VFS: Dquot-cache hash table entries: 512 (order 0, 4096 bytes)
[    0.346703] *** VALIDATE ramfs ***
[    0.346707] *** VALIDATE hugetlbfs ***
[    0.346808] AppArmor: AppArmor Filesystem Enabled
[    0.346841] pnp: PnP ACPI init
[    0.346920] pnp 00:00: Plug and Play ACPI device, IDs PNP0303 (active)
[    0.347030] pnp 00:01: Plug and Play ACPI device, IDs PNP0f03 (active)
[    0.348092] pnp: PnP ACPI: found 2 devices
[    0.349457] thermal_sys: Registered thermal governor 'fair_share'
[    0.349457] thermal_sys: Registered thermal governor 'bang_bang'
[    0.349458] thermal_sys: Registered thermal governor 'step_wise'
[    0.349459] thermal_sys: Registered thermal governor 'user_space'
[    0.349460] thermal_sys: Registered thermal governor 'power_allocator'
[    0.353984] clocksource: acpi_pm: mask: 0xffffff max_cycles: 0xffffff, max_idle_ns: 2085701024 ns
[    0.354034] pci_bus 0000:00: resource 4 [io  0x0000-0x0cf7 window]
[    0.354036] pci_bus 0000:00: resource 5 [io  0x0d00-0xffff window]
[    0.354038] pci_bus 0000:00: resource 6 [mem 0x000a0000-0x000bffff window]
[    0.354039] pci_bus 0000:00: resource 7 [mem 0x80000000-0xfdffffff window]
[    0.354106] NET: Registered protocol family 2
[    0.354186] IP idents hash table entries: 32768 (order: 6, 262144 bytes, linear)
[    0.354668] MPTCP tokens hash table entries: 8192 (order: 4, 65536 bytes, linear)
[    0.354692] MPTCP request tokens hash table entries: 8192 (order: 4, 65536 bytes, linear)
[    0.354725] default registered
[    0.354725] default registered
[    0.354726] MPTCP: Stable release v0.96
[    0.354732] tcp_listen_portaddr_hash hash table entries: 1024 (order: 2, 16384 bytes, linear)
[    0.354814] TCP established hash table entries: 16384 (order: 5, 131072 bytes, linear)
[    0.354888] TCP bind hash table entries: 16384 (order: 6, 262144 bytes, linear)
[    0.354922] TCP: Hash tables configured (established 16384 bind 16384)
[    0.355741] UDP hash table entries: 1024 (order: 3, 32768 bytes, linear)
[    0.355753] UDP-Lite hash table entries: 1024 (order: 3, 32768 bytes, linear)
[    0.355795] NET: Registered protocol family 1
[    0.355818] NET: Registered protocol family 44
[    0.355844] pci 0000:00:00.0: Limiting direct PCI/PCI transfers
[    0.355861] pci 0000:00:01.0: Activating ISA DMA hang workarounds
[    0.355935] pci 0000:00:02.0: Video device with shadowed ROM at [mem 0x000c0000-0x000dffff]
[    0.356019] PCI: CLS 0 bytes, default 64
[    0.356080] Trying to unpack rootfs image as initramfs...
[    0.528365] Freeing initrd memory: 47868K
[    0.528365] clocksource: tsc: mask: 0xffffffffffffffff max_cycles: 0x1e4530a99b6, max_idle_ns: 440795257976 ns
[    0.528365] clocksource: Switched to clocksource tsc
[    0.528365] platform rtc_cmos: registered platform RTC device (no PNP device found)
[    0.528365] check: Scanning for low memory corruption every 60 seconds
[    0.528365] Initialise system trusted keyrings
[    0.528365] Key type blacklist registered
[    0.528365] workingset: timestamp_bits=36 max_order=19 bucket_order=0
[    0.528365] zbud: loaded
[    0.528365] squashfs: version 4.0 (2009/01/31) Phillip Lougher
[    0.528365] fuse: init (API version 7.31)
[    0.528365] *** VALIDATE fuse ***
[    0.528365] *** VALIDATE fuse ***
[    0.528365] Platform Keyring initialized
[    0.540730] Key type asymmetric registered
[    0.540731] Asymmetric key parser 'x509' registered
[    0.540740] Block layer SCSI generic (bsg) driver version 0.4 loaded (major 244)
[    0.540781] io scheduler mq-deadline registered
[    0.540904] shpchp: Standard Hot Plug PCI Controller Driver version: 0.4
[    0.541104] ACPI: AC Adapter [AC] (on-line)
[    0.541147] input: Power Button as /devices/LNXSYSTM:00/LNXPWRBN:00/input/input0
[    0.541176] ACPI: Power Button [PWRF]
[    0.541257] input: Sleep Button as /devices/LNXSYSTM:00/LNXSLPBN:00/input/input1
[    0.541272] ACPI: Sleep Button [SLPF]
[    0.541485] Serial: 8250/16550 driver, 32 ports, IRQ sharing enabled
[    0.542663] Linux agpgart interface v0.103
[    0.631159] loop: module loaded
[    0.631285] ata_piix 0000:00:01.1: version 2.13
[    0.631669] scsi host0: ata_piix
[    0.631756] scsi host1: ata_piix
[    0.631782] ata1: PATA max UDMA/33 cmd 0x1f0 ctl 0x3f6 bmdma 0xd000 irq 14
[    0.631782] ata2: PATA max UDMA/33 cmd 0x170 ctl 0x376 bmdma 0xd008 irq 15
[    0.631865] tun: Universal TUN/TAP device driver, 1.6
[    0.632155] PPP generic driver version 2.4.2
[    0.632196] VFIO - User Level meta-driver version: 0.3
[    0.632430] ehci_hcd: USB 2.0 'Enhanced' Host Controller (EHCI) Driver
[    0.632435] ehci-pci: EHCI PCI platform driver
[    0.632447] ehci-platform: EHCI generic platform driver
[    0.632452] ohci_hcd: USB 1.1 'Open' Host Controller (OHCI) Driver
[    0.632454] ohci-pci: OHCI PCI platform driver
[    0.632461] ohci-platform: OHCI generic platform driver
[    0.632465] uhci_hcd: USB Universal Host Controller Interface driver
[    0.632525] i8042: PNP: PS/2 Controller [PNP0303:PS2K,PNP0f03:PS2M] at 0x60,0x64 irq 1,12
[    0.632958] serio: i8042 KBD port at 0x60,0x64 irq 1
[    0.632961] serio: i8042 AUX port at 0x60,0x64 irq 12
[    0.633045] mousedev: PS/2 mouse device common for all mice
[    0.633285] input: AT Translated Set 2 keyboard as /devices/platform/i8042/serio0/input/input2
[    0.633677] rtc_cmos rtc_cmos: registered as rtc0
[    0.633690] rtc_cmos rtc_cmos: alarms up to one day, 114 bytes nvram
[    0.633695] i2c /dev entries driver
[    0.633734] device-mapper: uevent: version 1.0.3
[    0.633775] device-mapper: ioctl: 4.41.0-ioctl (2019-09-16) initialised: dm-devel@redhat.com
[    0.633790] platform eisa.0: Probing EISA bus 0
[    0.633791] platform eisa.0: EISA: Cannot allocate resource for mainboard
[    0.633792] platform eisa.0: Cannot allocate resource for EISA slot 1
[    0.633793] platform eisa.0: Cannot allocate resource for EISA slot 2
[    0.633795] platform eisa.0: Cannot allocate resource for EISA slot 3
[    0.633795] platform eisa.0: Cannot allocate resource for EISA slot 4
[    0.633796] platform eisa.0: Cannot allocate resource for EISA slot 5
[    0.633797] platform eisa.0: Cannot allocate resource for EISA slot 6
[    0.633798] platform eisa.0: Cannot allocate resource for EISA slot 7
[    0.633799] platform eisa.0: Cannot allocate resource for EISA slot 8
[    0.633800] platform eisa.0: EISA: Detected 0 cards
[    0.633803] intel_pstate: CPU model not supported
[    0.633811] ledtrig-cpu: registered to indicate activity on CPUs
[    0.633859] drop_monitor: Initializing network drop monitor service
[    0.634016] NET: Registered protocol family 10
[    0.639183] Segment Routing with IPv6
[    0.639213] fullmesh registered
[    0.639214] ndiffports registered
[    0.639216] binder registered
[    0.639217] roundrobin registered
[    0.639218] redundant registered
[    0.639218] blest registered
[    0.639219] ecf registered
[    0.639220] NET: Registered protocol family 17
[    0.639250] Key type dns_resolver registered
[    0.639272] RAS: Correctable Errors collector initialized.
[    0.639272] IPI shorthand broadcast: enabled
[    0.639272] sched_clock: Marking stable (624140263, 11132635)->(635628947, -356049)
[    0.639415] registered taskstats version 1
[    0.639424] Loading compiled-in X.509 certificates
[    0.640070] Loaded X.509 cert 'Build time autogenerated kernel key: 6909f3744cebb3d0de528d5887b96a727de79b1e'
[    0.640090] zswap: loaded using pool lzo/zbud
[    0.640147] Key type ._fscrypt registered
[    0.640148] Key type .fscrypt registered
[    0.644638] Key type big_key registered
[    0.646827] Key type encrypted registered
[    0.646830] AppArmor: AppArmor sha1 policy hashing enabled
[    0.646837] ima: No TPM chip found, activating TPM-bypass!
[    0.646840] ima: Allocated hash algorithm: sha1
[    0.646845] ima: No architecture policies found
[    0.646854] evm: Initialising EVM extended attributes:
[    0.646854] evm: security.selinux
[    0.646855] evm: security.SMACK64
[    0.646855] evm: security.SMACK64EXEC
[    0.646856] evm: security.SMACK64TRANSMUTE
[    0.646856] evm: security.SMACK64MMAP
[    0.646857] evm: security.apparmor
[    0.646857] evm: security.ima
[    0.646858] evm: security.capability
[    0.646858] evm: HMAC attrs: 0x1
[    0.647147] PM:   Magic number: 10:156:85
[    0.647262] rtc_cmos rtc_cmos: setting system clock to 2026-01-13T16:05:30 UTC (1768320330)
[    0.802826] ata1.00: ATA-6: VBOX HARDDISK, 1.0, max UDMA/133
[    0.802827] ata1.00: 209715200 sectors, multi 128: LBA 
[    0.803274] scsi 0:0:0:0: Direct-Access     ATA      VBOX HARDDISK    1.0  PQ: 0 ANSI: 5
[    0.803453] sd 0:0:0:0: [sda] 209715200 512-byte logical blocks: (107 GB/100 GiB)
[    0.803460] sd 0:0:0:0: [sda] Write Protect is off
[    0.803461] sd 0:0:0:0: [sda] Mode Sense: 00 3a 00 00
[    0.803472] sd 0:0:0:0: [sda] Write cache: enabled, read cache: enabled, doesn't support DPO or FUA
[    0.803679] sd 0:0:0:0: Attached scsi generic sg0 type 0
[    0.804348]  sda: sda1 sda2
[    0.815234] sd 0:0:0:0: [sda] Attached SCSI disk
[    0.817054] Freeing unused decrypted memory: 2040K
[    0.817744] Freeing unused kernel image memory: 2728K
[    0.817745] Write protecting the kernel read-only data: 22528k
[    0.818396] Freeing unused kernel image memory: 2036K
[    0.818783] Freeing unused kernel image memory: 1432K
[    0.831697] x86/mm: Checked W+X mappings: passed, no W+X pages found.
[    0.831700] Run /init as init process
[    0.926323] ACPI: Video Device [GFX0] (multi-head: yes  rom: no  post: no)
[    0.926398] input: Video Bus as /devices/LNXSYSTM:00/LNXSYBUS:00/PNP0A03:00/LNXVIDEO:00/input/input4
[    0.940175] pcnet32: pcnet32.c:v1.35 21.Apr.2008 tsbogend@alpha.franken.de
[    0.943300] e1000: Intel(R) PRO/1000 Network Driver - version 7.3.21-k8-NAPI
[    0.943301] e1000: Copyright (c) 1999-2006 Intel Corporation.
[    0.954297] pcnet32: PCnet/FAST III 79C973 at 0xd020, 08:00:27:59:5d:c2 assigned IRQ 19
[    0.954344] pcnet32: Found PHY 0022:561b at address 0
[    0.954645] pcnet32: eth0: registered as PCnet/FAST III 79C973
[    0.957997] piix4_smbus 0000:00:07.0: SMBus Host Controller at 0x4100, revision 0
[    0.960896] pcnet32: 1 cards_found
[    1.018522] pcnet32 0000:00:03.0 enp0s3: renamed from eth0
[    1.164244] input: ImExPS/2 Generic Explorer Mouse as /devices/platform/i8042/serio1/input/input5
[    1.355578] e1000 0000:00:08.0 eth0: (PCI:33MHz:32-bit) 08:00:27:19:5e:1e
[    1.355582] e1000 0000:00:08.0 eth0: Intel(R) PRO/1000 Network Connection
[    1.731525] e1000 0000:00:09.0 eth1: (PCI:33MHz:32-bit) 08:00:27:69:7c:bc
[    1.731528] e1000 0000:00:09.0 eth1: Intel(R) PRO/1000 Network Connection
[    1.732714] e1000 0000:00:09.0 enp0s9: renamed from eth1
[    1.734507] e1000 0000:00:08.0 enp0s8: renamed from eth0
[    1.917474] EXT4-fs (sda2): mounted filesystem with ordered data mode. Opts: (null)
[    1.999957] systemd[1]: Inserted module 'autofs4'
[    2.009290] systemd[1]: systemd 245.4-4ubuntu3 running in system mode. (+PAM +AUDIT +SELINUX +IMA +APPARMOR +SMACK +SYSVINIT +UTMP +LIBCRYPTSETUP +GCRYPT +GNUTLS +ACL +XZ +LZ4 +SECCOMP +BLKID +ELFUTILS +KMOD +IDN2 -IDN +PCRE2 default-hierarchy=hybrid)
[    2.009321] systemd[1]: Detected virtualization oracle.
[    2.009324] systemd[1]: Detected architecture x86-64.
[    2.010596] systemd[1]: Set hostname to <ztg>.
[    2.132080] systemd[1]: /lib/systemd/system/dbus.socket:5: ListenStream= references a path below legacy directory /var/run/, updating /var/run/dbus/system_bus_socket â†’ /run/dbus/system_bus_socket; please update the unit file accordingly.
[    2.182622] systemd[1]: Created slice system-modprobe.slice.
[    2.182806] systemd[1]: Created slice User and Session Slice.
[    2.182850] systemd[1]: Started Forward Password Requests to Wall Directory Watch.
[    2.183008] systemd[1]: Set up automount Arbitrary Executable File Formats File System Automount Point.
[    2.183075] systemd[1]: Reached target User and Group Name Lookups.
[    2.183086] systemd[1]: Reached target Remote File Systems.
[    2.183094] systemd[1]: Reached target Slices.
[    2.183591] systemd[1]: Listening on Syslog Socket.
[    2.183659] systemd[1]: Listening on fsck to fsckd communication Socket.
[    2.183698] systemd[1]: Listening on initctl Compatibility Named Pipe.
[    2.183833] systemd[1]: Listening on Journal Audit Socket.
[    2.183893] systemd[1]: Listening on Journal Socket (/dev/log).
[    2.183964] systemd[1]: Listening on Journal Socket.
[    2.184027] systemd[1]: Listening on udev Control Socket.
[    2.184065] systemd[1]: Listening on udev Kernel Socket.
[    2.184831] systemd[1]: Mounting Huge Pages File System...
[    2.185735] systemd[1]: Mounting POSIX Message Queue File System...
[    2.186597] systemd[1]: Mounting Kernel Debug File System...
[    2.187582] systemd[1]: Mounting Kernel Trace File System...
[    2.189715] systemd[1]: Starting Journal Service...
[    2.214031] systemd[1]: Starting Set the console keyboard layout...
[    2.219363] systemd[1]: Starting Create list of static device nodes for the current kernel...
[    2.224475] systemd[1]: Starting Load Kernel Module drm...
[    2.229079] systemd[1]: Condition check resulted in Set Up Additional Binary Formats being skipped.
[    2.229118] systemd[1]: Condition check resulted in File System Check on Root Device being skipped.
[    2.232794] systemd[1]: Starting Load Kernel Modules...
[    2.233514] systemd[1]: Starting Remount Root and Kernel File Systems...
[    2.234261] systemd[1]: Starting udev Coldplug all Devices...
[    2.235017] systemd[1]: Starting Uncomplicated firewall...
[    2.279839] systemd[1]: Mounted Huge Pages File System.
[    2.279946] systemd[1]: Mounted POSIX Message Queue File System.
[    2.280021] systemd[1]: Mounted Kernel Debug File System.
[    2.280091] systemd[1]: Mounted Kernel Trace File System.
[    2.296987] EXT4-fs (sda2): re-mounted. Opts: errors=remount-ro
[    2.297266] systemd[1]: Finished Create list of static device nodes for the current kernel.
[    2.303259] systemd[1]: Finished Uncomplicated firewall.
[    2.303501] systemd[1]: modprobe@drm.service: Succeeded.
[    2.303904] systemd[1]: Finished Load Kernel Module drm.
[    2.304409] systemd[1]: Finished Remount Root and Kernel File Systems.
[    2.305782] systemd[1]: Condition check resulted in Rebuild Hardware Database being skipped.
[    2.305814] systemd[1]: Condition check resulted in Platform Persistent Storage Archival being skipped.
[    2.306506] systemd[1]: Starting Load/Save Random Seed...
[    2.316955] systemd[1]: Starting Create System Users...
[    2.341218] systemd[1]: Finished Load/Save Random Seed.
[    2.343000] lp: driver loaded but no devices found
[    2.348229] systemd[1]: Finished Create System Users.
[    2.348977] systemd[1]: Starting Create Static Device Nodes in /dev...
[    2.353939] ppdev: user-space parallel port driver
[    2.388286] systemd[1]: Finished Create Static Device Nodes in /dev.
[    2.389121] systemd[1]: Starting udev Kernel Device Manager...
[    2.427734] systemd[1]: Finished udev Coldplug all Devices.
[    2.431072] [drm] DMA map mode: Caching DMA mappings.
[    2.431133] [drm] Capabilities:
[    2.431134] [drm]   Rect copy.
[    2.431134] [drm]   Cursor.
[    2.431135] [drm]   Cursor bypass.
[    2.431135] [drm]   Cursor bypass 2.
[    2.431135] [drm]   Alpha cursor.
[    2.431136] [drm]   Extended Fifo.
[    2.431136] [drm]   Pitchlock.
[    2.431136] [drm]   Irq mask.
[    2.431137] [drm]   GMR.
[    2.431137] [drm]   Traces.
[    2.431137] [drm]   GMR2.
[    2.431138] [drm]   Screen Object 2.
[    2.431138] [drm]   Command Buffers.
[    2.431138] [drm]   Command Buffers 2.
[    2.431139] [drm]   Guest Backed Resources.
[    2.431140] [drm] Max GMR ids is 8192
[    2.431140] [drm] Max number of GMR pages is 1048576
[    2.431141] [drm] Max dedicated hypervisor surface memory is 393216 kiB
[    2.431141] [drm] Maximum display memory size is 131072 kiB
[    2.431142] [drm] VRAM at 0xe0000000 size is 131072 kiB
[    2.431143] [drm] MMIO at 0xf0000000 size is 2048 kiB
[    2.432371] [TTM] Zone  kernel: Available graphics memory: 1011738 KiB
[    2.432372] [TTM] Initializing pool allocator
[    2.432375] [TTM] Initializing DMA pool allocator
[    2.432402] [drm] Supports vblank timestamp caching Rev 2 (21.10.2013).
[    2.432403] [drm] No driver support for vblank timestamp query.
[    2.432629] [drm] Screen Target Display device initialized
[    2.432864] [drm] width 720
[    2.432873] [drm] height 400
[    2.432876] [drm] bpp 32
[    2.433401] [drm] Fifo max 0x00200000 min 0x00001000 cap 0x00000355
[    2.434478] [drm] Using command buffers with DMA pool.
[    2.434481] [drm] DX: no.
[    2.434482] [drm] Atomic: yes.
[    2.434482] [drm] SM4_1: no.
[    2.434500] [drm:vmw_host_log [vmwgfx]] *ERROR* Failed to send host log message.
[    2.435581] [drm:vmw_host_log [vmwgfx]] *ERROR* Failed to send host log message.
[    2.474832] fbcon: svgadrmfb (fb0) is primary device
[    2.477238] Console: switching to colour frame buffer device 100x37
[    2.481622] [drm] Initialized vmwgfx 2.15.0 20180704 for 0000:00:02.0 on minor 0
[    2.482636] systemd[1]: Finished Load Kernel Modules.
[    2.483613] systemd[1]: Mounting FUSE Control File System...
[    2.484799] systemd[1]: Mounting Kernel Configuration File System...
[    2.498504] systemd[1]: Starting Apply Kernel Variables...
[    2.519551] systemd[1]: Finished Set the console keyboard layout.
[    2.520279] systemd[1]: Mounted FUSE Control File System.
[    2.520351] systemd[1]: Reached target Local File Systems (Pre).
[    2.520371] systemd[1]: Condition check resulted in VMware vmblock fuse mount being skipped.
[    2.526991] systemd[1]: Mounting Mount unit for bare, revision 5...
[    2.530570] systemd[1]: Mounting Mount unit for core18, revision 1705...
[    2.546836] systemd[1]: Mounting Mount unit for gnome-3-34-1804, revision 24...
[    2.551510] systemd[1]: Mounting Mount unit for gtk-common-themes, revision 1506...
[    2.555951] systemd[1]: Mounting Mount unit for gtk-common-themes, revision 1535...
[    2.562032] systemd[1]: Mounting Mount unit for snap-store, revision 433...
[    2.587411] systemd[1]: Mounting Mount unit for snapd, revision 25935...
[    2.590162] systemd[1]: Mounted Kernel Configuration File System.
[    2.601472] systemd[1]: Finished Apply Kernel Variables.
[    2.602741] systemd[1]: Mounted Mount unit for bare, revision 5.
[    2.602831] systemd[1]: Mounted Mount unit for core18, revision 1705.
[    2.602958] systemd[1]: Mounted Mount unit for gnome-3-34-1804, revision 24.
[    2.609540] systemd[1]: Mounted Mount unit for gtk-common-themes, revision 1506.
[    2.635393] systemd[1]: Started udev Kernel Device Manager.
[    2.637480] systemd[1]: Starting Show Plymouth Boot Screen...
[    2.641510] systemd[1]: Received SIGRTMIN+20 from PID 281 (plymouthd).
[    2.663345] systemd[1]: Mounted Mount unit for gtk-common-themes, revision 1535.
[    2.676941] systemd[1]: Started Show Plymouth Boot Screen.
[    2.677084] systemd[1]: Condition check resulted in Dispatch Password Requests to Console Directory Watch being skipped.
[    2.677173] systemd[1]: Started Forward Password Requests to Plymouth Directory Watch.
[    2.677206] systemd[1]: Reached target Local Encrypted Volumes.
[    2.696302] systemd[1]: Mounted Mount unit for snap-store, revision 433.
[    2.696531] systemd[1]: Mounted Mount unit for snapd, revision 25935.
[    2.696681] systemd[1]: Reached target Local File Systems.
[    2.710261] systemd[1]: Starting Load AppArmor profiles...
[    2.711192] systemd[1]: Starting Set console font and keymap...
[    2.720581] systemd[1]: Starting Tell Plymouth To Write Out Runtime Data...
[    2.724563] systemd[1]: Condition check resulted in Store a System Token in an EFI Variable being skipped.
[    2.724613] systemd[1]: Condition check resulted in Commit a transient machine-id on disk being skipped.
[    2.726978] systemd[1]: Finished Set console font and keymap.
[    2.736006] systemd[1]: Received SIGRTMIN+20 from PID 281 (plymouthd).
[    2.737107] systemd[1]: plymouth-read-write.service: Succeeded.
[    2.737334] systemd[1]: Finished Tell Plymouth To Write Out Runtime Data.
[    2.770711] audit: type=1400 audit(1768320332.616:2): apparmor="STATUS" operation="profile_load" profile="unconfined" name="nvidia_modprobe" pid=300 comm="apparmor_parser"
[    2.770713] audit: type=1400 audit(1768320332.616:3): apparmor="STATUS" operation="profile_load" profile="unconfined" name="nvidia_modprobe//kmod" pid=300 comm="apparmor_parser"
[    2.777466] audit: type=1400 audit(1768320332.624:4): apparmor="STATUS" operation="profile_load" profile="unconfined" name="/usr/sbin/tcpdump" pid=301 comm="apparmor_parser"
[    2.804804] audit: type=1400 audit(1768320332.648:5): apparmor="STATUS" operation="profile_load" profile="unconfined" name="/usr/bin/evince" pid=303 comm="apparmor_parser"
[    2.804807] audit: type=1400 audit(1768320332.648:6): apparmor="STATUS" operation="profile_load" profile="unconfined" name="/usr/bin/evince//sanitized_helper" pid=303 comm="apparmor_parser"
[    2.804809] audit: type=1400 audit(1768320332.648:7): apparmor="STATUS" operation="profile_load" profile="unconfined" name="/usr/bin/evince-previewer" pid=303 comm="apparmor_parser"
[    2.804811] audit: type=1400 audit(1768320332.648:8): apparmor="STATUS" operation="profile_load" profile="unconfined" name="/usr/bin/evince-previewer//sanitized_helper" pid=303 comm="apparmor_parser"
[    2.804815] audit: type=1400 audit(1768320332.648:9): apparmor="STATUS" operation="profile_load" profile="unconfined" name="/usr/bin/evince-thumbnailer" pid=303 comm="apparmor_parser"
[    2.834976] audit: type=1400 audit(1768320332.684:10): apparmor="STATUS" operation="profile_load" profile="unconfined" name="/usr/lib/cups/backend/cups-pdf" pid=304 comm="apparmor_parser"
[    2.911504] systemd[1]: Finished Load AppArmor profiles.
[    2.912464] systemd[1]: Starting Load AppArmor profiles managed internally by snapd...
[    3.024394] systemd[1]: Finished Load AppArmor profiles managed internally by snapd.
[    3.143404] systemd[1]: Started Journal Service.
[    3.153146] systemd-journald[229]: Received client request to flush runtime journal.
[    3.156705] systemd-journald[229]: File /var/log/journal/c455b248004a419c87ce85eea238d727/system.journal corrupted or uncleanly shut down, renaming and replacing.
[    4.456174] RAPL PMU: API unit is 2^-32 Joules, 0 fixed counters, 10737418240 ms ovfl timer
[    4.521211] cryptd: max_cpu_qlen set to 1000
[    4.563736] AVX2 version of gcm_enc/dec engaged.
[    4.563737] AES CTR mode by8 optimization enabled
[    6.378645] Adding 1998844k swap on /dev/sda1.  Priority:-2 extents:1 across:1998844k FS
[    7.418895] kauditd_printk_skb: 30 callbacks suppressed
[    7.418896] audit: type=1400 audit(1768320337.264:41): apparmor="DENIED" operation="capable" profile="/usr/sbin/cups-browsed" pid=511 comm="cups-browsed" capability=23  capname="sys_nice"
[    8.776299] pcnet32 0000:00:03.0 enp0s3: link up, 100Mbps, full-duplex
[    8.820918] e1000: enp0s8 NIC Link is Up 1000 Mbps Full Duplex, Flow Control: RX
[    8.821208] IPv6: ADDRCONF(NETDEV_CHANGE): enp0s8: link becomes ready
[    8.839350] e1000: enp0s9 NIC Link is Up 1000 Mbps Full Duplex, Flow Control: RX
[    8.839664] IPv6: ADDRCONF(NETDEV_CHANGE): enp0s9: link becomes ready
[    9.480640] device enp0s3 entered promiscuous mode
[    9.509652] audit: type=1400 audit(1768320339.356:42): apparmor="DENIED" operation="open" profile="/usr/sbin/tcpdump" name="/proc/sys/kernel/random/boot_id" pid=633 comm="tcpdump" requested_mask="r" denied_mask="r" fsuid=0 ouid=0
[    9.511077] audit: type=1400 audit(1768320339.360:43): apparmor="DENIED" operation="open" profile="/usr/sbin/tcpdump" name="/proc/sys/kernel/random/boot_id" pid=633 comm="tcpdump" requested_mask="r" denied_mask="r" fsuid=0 ouid=0
[    9.511217] audit: type=1400 audit(1768320339.360:44): apparmor="DENIED" operation="open" profile="/usr/sbin/tcpdump" name="/proc/sys/kernel/random/boot_id" pid=633 comm="tcpdump" requested_mask="r" denied_mask="r" fsuid=0 ouid=0
[    9.511277] audit: type=1400 audit(1768320339.360:45): apparmor="DENIED" operation="open" profile="/usr/sbin/tcpdump" name="/proc/sys/kernel/random/boot_id" pid=633 comm="tcpdump" requested_mask="r" denied_mask="r" fsuid=0 ouid=0
[    9.528803] audit: type=1400 audit(1768320339.380:46): apparmor="DENIED" operation="open" profile="/usr/sbin/tcpdump" name="/proc/sys/kernel/random/boot_id" pid=634 comm="tcpdump" requested_mask="r" denied_mask="r" fsuid=0 ouid=0
[    9.528971] audit: type=1400 audit(1768320339.380:47): apparmor="DENIED" operation="open" profile="/usr/sbin/tcpdump" name="/proc/sys/kernel/random/boot_id" pid=634 comm="tcpdump" requested_mask="r" denied_mask="r" fsuid=0 ouid=0
[    9.529068] audit: type=1400 audit(1768320339.380:48): apparmor="DENIED" operation="open" profile="/usr/sbin/tcpdump" name="/proc/sys/kernel/random/boot_id" pid=634 comm="tcpdump" requested_mask="r" denied_mask="r" fsuid=0 ouid=0
[    9.529121] audit: type=1400 audit(1768320339.380:49): apparmor="DENIED" operation="open" profile="/usr/sbin/tcpdump" name="/proc/sys/kernel/random/boot_id" pid=634 comm="tcpdump" requested_mask="r" denied_mask="r" fsuid=0 ouid=0
[   15.592020] rfkill: input handler disabled
[  216.815127] AAAAA-TCP_FORW: name:enp0s3: saddr:100932208: daddr:16783984
[  216.923367] AAAAA-TCP_FORW: name:enp0s3: saddr:16783984: daddr:100932208
[  217.081225] AAAAA-TCP_FORW: name:enp0s3: saddr:100932208: daddr:16783984
[  217.124148] AAAAA-TCP_FORW: name:enp0s3: saddr:16783984: daddr:100932208
[  217.201599] AAAAA-TCP_FORW: name:enp0s3: saddr:100932208: daddr:16783984
[  217.280787] AAAAA-TCP_FORW: name:enp0s3: saddr:16783984: daddr:100932208
[  217.308238] AAAAA-TCP_FORW: name:enp0s3: saddr:16783984: daddr:100932208
[  217.796563] AAAAA-TCP_FORW: name:enp0s3: saddr:100932208: daddr:33561200
[  217.894625] AAAAA-TCP_FORW: name:enp0s3: saddr:16783984: daddr:100932208
[  218.233556] AAAAA-TCP_FORW: name:enp0s3: saddr:100932208: daddr:16783984
[  218.311183] AAAAA-TCP_FORW: name:enp0s3: saddr:100932208: daddr:16783984
[  218.351115] AAAAA-TCP_FORW: name:enp0s3: saddr:33561200: daddr:100932208
[  218.503045] AAAAA-TCP_FORW: name:enp0s3: saddr:16783984: daddr:100932208
[  218.859411] AAAAA-TCP_FORW: name:enp0s3: saddr:100932208: daddr:16783984
[  218.978451] AAAAA-TCP_FORW: name:enp0s3: saddr:100932208: daddr:33561200
[  219.288489] AAAAA-TCP_FORW: name:enp0s3: saddr:16783984: daddr:100932208
[  219.366481] AAAAA-TCP_FORW: name:enp0s3: saddr:33561200: daddr:100932208
[  219.550429] AAAAA-TCP_FORW: name:enp0s3: saddr:100932208: daddr:33561200
[  219.746092] AAAAA-TCP_FORW: name:enp0s3: saddr:100932208: daddr:16783984
[  219.793604] AAAAA-TCP_FORW: name:enp0s3: saddr:33561200: daddr:100932208
[  219.993735] AAAAA-TCP_FORW: name:enp0s3: saddr:100932208: daddr:16783984
[  220.095372] AAAAA-TCP_FORW: name:enp0s3: saddr:100932208: daddr:33561200
[  220.114649] AAAAA-TCP_FORW: name:enp0s3: saddr:33561200: daddr:100932208
[  220.341748] AAAAA-TCP_FORW: name:enp0s3: saddr:16783984: daddr:100932208
[  220.358196] AAAAA-TCP_FORW: name:enp0s3: saddr:16783984: daddr:100932208
[  220.441262] AAAAA-TCP_FORW: name:enp0s3: saddr:33561200: daddr:100932208
[  220.647102] AAAAA-TCP_FORW: name:enp0s3: saddr:100932208: daddr:16783984
[  220.678215] AAAAA-TCP_FORW: name:enp0s3: saddr:100932208: daddr:16783984
[  220.840950] AAAAA-TCP_FORW: name:enp0s3: saddr:16783984: daddr:100932208
[  221.029315] AAAAA-TCP_FORW: name:enp0s3: saddr:100932208: daddr:16783984
[  221.037189] AAAAA-TCP_FORW: name:enp0s3: saddr:16783984: daddr:100932208
[  221.072193] AAAAA-TCP_FORW: name:enp0s3: saddr:100932208: daddr:16783984
[  221.108833] AAAAA-TCP_FORW: name:enp0s3: saddr:16783984: daddr:100932208
[  221.154954] AAAAA-TCP_FORW: name:enp0s3: saddr:16783984: daddr:100932208
[  221.172044] AAAAA-TCP_FORW: name:enp0s3: saddr:100932208: daddr:33561200
[  221.230703] AAAAA-TCP_FORW: name:enp0s3: saddr:33561200: daddr:100932208
[  221.262385] AAAAA-TCP_FORW: name:enp0s3: saddr:100932208: daddr:16783984
[  221.322254] AAAAA-TCP_FORW: name:enp0s3: saddr:16783984: daddr:100932208
[  221.381151] AAAAA-TCP_FORW: name:enp0s3: saddr:100932208: daddr:33561200
[  221.428581] AAAAA-TCP_FORW: name:enp0s3: saddr:33561200: daddr:100932208
[  221.488516] AAAAA-TCP_FORW: name:enp0s3: saddr:100932208: daddr:16783984
[  221.573336] AAAAA-TCP_FORW: name:enp0s3: saddr:100932208: daddr:16783984
[  221.581428] AAAAA-TCP_FORW: name:enp0s3: saddr:16783984: daddr:100932208
[  221.631572] AAAAA-TCP_FORW: name:enp0s3: saddr:100932208: daddr:16783984
[  221.649610] AAAAA-TCP_FORW: name:enp0s3: saddr:16783984: daddr:100932208
[  221.687956] AAAAA-TCP_FORW: name:enp0s3: saddr:100932208: daddr:16783984
[  221.713982] AAAAA-TCP_FORW: name:enp0s3: saddr:16783984: daddr:100932208
[  221.745225] AAAAA-TCP_FORW: name:enp0s3: saddr:100932208: daddr:16783984
[  221.775655] AAAAA-TCP_FORW: name:enp0s3: saddr:100932208: daddr:16783984
[  221.802779] AAAAA-TCP_FORW: name:enp0s3: saddr:16783984: daddr:100932208
[  221.850785] AAAAA-TCP_FORW: name:enp0s3: saddr:16783984: daddr:100932208
[  221.912147] AAAAA-TCP_FORW: name:enp0s3: saddr:100932208: daddr:16783984
[  221.995790] AAAAA-TCP_FORW: name:enp0s3: saddr:100932208: daddr:16783984
[  222.011582] AAAAA-TCP_FORW: name:enp0s3: saddr:16783984: daddr:100932208
[  222.038365] AAAAA-TCP_FORW: name:enp0s3: saddr:100932208: daddr:16783984
[  222.065377] AAAAA-TCP_FORW: name:enp0s3: saddr:16783984: daddr:100932208
[  222.118393] AAAAA-TCP_FORW: name:enp0s3: saddr:100932208: daddr:16783984
[  222.145489] AAAAA-TCP_FORW: name:enp0s3: saddr:16783984: daddr:100932208
[  222.196677] AAAAA-TCP_FORW: name:enp0s3: saddr:100932208: daddr:16783984
[  222.258482] AAAAA-TCP_FORW: name:enp0s3: saddr:100932208: daddr:33561200
[  222.271138] AAAAA-TCP_FORW: name:enp0s3: saddr:16783984: daddr:100932208
[  222.356126] AAAAA-TCP_FORW: name:enp0s3: saddr:16783984: daddr:100932208
[  222.382181] AAAAA-TCP_FORW: name:enp0s3: saddr:100932208: daddr:33561200
[  222.490390] AAAAA-TCP_FORW: name:enp0s3: saddr:100932208: daddr:33561200
[  222.508454] AAAAA-TCP_FORW: name:enp0s3: saddr:33561200: daddr:100932208
[  222.556522] AAAAA-TCP_FORW: name:enp0s3: saddr:100932208: daddr:33561200
[  222.695178] AAAAA-TCP_FORW: name:enp0s3: saddr:33561200: daddr:100932208
[  222.703804] AAAAA-TCP_FORW: name:enp0s3: saddr:100932208: daddr:33561200
[  222.762180] AAAAA-TCP_FORW: name:enp0s3: saddr:33561200: daddr:100932208
[  222.797990] AAAAA-TCP_FORW: name:enp0s3: saddr:100932208: daddr:33561200
[  222.876597] AAAAA-TCP_FORW: name:enp0s3: saddr:33561200: daddr:100932208
[  222.966642] AAAAA-TCP_FORW: name:enp0s3: saddr:100932208: daddr:33561200
[  223.072500] AAAAA-TCP_FORW: name:enp0s3: saddr:100932208: daddr:33561200
[  223.089143] AAAAA-TCP_FORW: name:enp0s3: saddr:100932208: daddr:33561200
[  223.106311] AAAAA-TCP_FORW: name:enp0s3: saddr:33561200: daddr:100932208
[  223.212476] AAAAA-TCP_FORW: name:enp0s3: saddr:100932208: daddr:33561200
[  223.243635] AAAAA-TCP_FORW: name:enp0s3: saddr:33561200: daddr:100932208
[  223.299303] AAAAA-TCP_FORW: name:enp0s3: saddr:100932208: daddr:16783984
[  223.339244] AAAAA-TCP_FORW: name:enp0s3: saddr:33561200: daddr:100932208
[  223.355267] AAAAA-TCP_FORW: name:enp0s3: saddr:100932208: daddr:16783984
[  223.399876] AAAAA-TCP_FORW: name:enp0s3: saddr:33561200: daddr:100932208
[  223.428847] AAAAA-TCP_FORW: name:enp0s3: saddr:100932208: daddr:33561200
[  223.468335] AAAAA-TCP_FORW: name:enp0s3: saddr:33561200: daddr:100932208
[  223.481004] AAAAA-TCP_FORW: name:enp0s3: saddr:100932208: daddr:16783984
[  223.526464] AAAAA-TCP_FORW: name:enp0s3: saddr:100932208: daddr:16783984
[  223.562442] AAAAA-TCP_FORW: name:enp0s3: saddr:33561200: daddr:100932208
[  223.564433] AAAAA-TCP_FORW: name:enp0s3: saddr:100932208: daddr:16783984
[  223.633823] AAAAA-TCP_FORW: name:enp0s3: saddr:100932208: daddr:16783984
[  223.659427] AAAAA-TCP_FORW: name:enp0s3: saddr:16783984: daddr:100932208
[  223.722352] AAAAA-TCP_FORW: name:enp0s3: saddr:16783984: daddr:100932208
[  223.762371] AAAAA-TCP_FORW: name:enp0s3: saddr:100932208: daddr:16783984
[  223.837839] AAAAA-TCP_FORW: name:enp0s3: saddr:100932208: daddr:16783984
[  223.865896] AAAAA-TCP_FORW: name:enp0s3: saddr:100932208: daddr:16783984
[  223.878261] AAAAA-TCP_FORW: name:enp0s3: saddr:33561200: daddr:100932208
[  223.963123] AAAAA-TCP_FORW: name:enp0s3: saddr:16783984: daddr:100932208
[  224.009213] AAAAA-TCP_FORW: name:enp0s3: saddr:16783984: daddr:100932208
[  224.019264] AAAAA-TCP_FORW: name:enp0s3: saddr:100932208: daddr:16783984
[  224.070893] AAAAA-TCP_FORW: name:enp0s3: saddr:16783984: daddr:100932208
[  224.087009] AAAAA-TCP_FORW: name:enp0s3: saddr:100932208: daddr:33561200
[  224.128770] AAAAA-TCP_FORW: name:enp0s3: saddr:16783984: daddr:100932208
[  224.181348] AAAAA-TCP_FORW: name:enp0s3: saddr:100932208: daddr:16783984
[  224.243219] AAAAA-TCP_FORW: name:enp0s3: saddr:100932208: daddr:16783984
[  224.300472] AAAAA-TCP_FORW: name:enp0s3: saddr:16783984: daddr:100932208
[  224.321996] AAAAA-TCP_FORW: name:enp0s3: saddr:100932208: daddr:16783984
[  224.355441] AAAAA-TCP_FORW: name:enp0s3: saddr:16783984: daddr:100932208
[  224.383654] AAAAA-TCP_FORW: name:enp0s3: saddr:16783984: daddr:100932208
[  224.394587] AAAAA-TCP_FORW: name:enp0s3: saddr:100932208: daddr:16783984
[  224.434401] AAAAA-TCP_FORW: name:enp0s3: saddr:100932208: daddr:16783984
[  224.463898] AAAAA-TCP_FORW: name:enp0s3: saddr:100932208: daddr:16783984
[  224.575494] AAAAA-TCP_FORW: name:enp0s3: saddr:16783984: daddr:100932208
[  224.670520] AAAAA-TCP_FORW: name:enp0s3: saddr:33561200: daddr:100932208
[  224.732374] AAAAA-TCP_FORW: name:enp0s3: saddr:100932208: daddr:16783984
[  224.746942] AAAAA-TCP_FORW: name:enp0s3: saddr:100932208: daddr:16783984
[  224.760340] AAAAA-TCP_FORW: name:enp0s3: saddr:16783984: daddr:100932208
[  224.796149] AAAAA-TCP_FORW: name:enp0s3: saddr:16783984: daddr:100932208
[  224.870071] AAAAA-TCP_FORW: name:enp0s3: saddr:16783984: daddr:100932208
[  224.896894] AAAAA-TCP_FORW: name:enp0s3: saddr:100932208: daddr:33561200
[  224.937008] AAAAA-TCP_FORW: name:enp0s3: saddr:100932208: daddr:16783984
[  224.995894] AAAAA-TCP_FORW: name:enp0s3: saddr:16783984: daddr:100932208
[  225.022194] AAAAA-TCP_FORW: name:enp0s3: saddr:100932208: daddr:16783984
[  225.043195] AAAAA-TCP_FORW: name:enp0s3: saddr:16783984: daddr:100932208
[  225.071301] AAAAA-TCP_FORW: name:enp0s3: saddr:100932208: daddr:33561200
[  225.111229] AAAAA-TCP_FORW: name:enp0s3: saddr:16783984: daddr:100932208
[  225.150478] AAAAA-TCP_FORW: name:enp0s3: saddr:100932208: daddr:33561200
[  225.184646] AAAAA-TCP_FORW: name:enp0s3: saddr:100932208: daddr:33561200
[  225.211385] AAAAA-TCP_FORW: name:enp0s3: saddr:100932208: daddr:33561200
[  225.238808] AAAAA-TCP_FORW: name:enp0s3: saddr:100932208: daddr:33561200
[  225.252782] AAAAA-TCP_FORW: name:enp0s3: saddr:16783984: daddr:100932208
[  225.394745] AAAAA-TCP_FORW: name:enp0s3: saddr:33561200: daddr:100932208
[  225.487503] AAAAA-TCP_FORW: name:enp0s3: saddr:16783984: daddr:100932208
[  225.514698] AAAAA-TCP_FORW: name:enp0s3: saddr:100932208: daddr:33561200
[  225.591390] AAAAA-TCP_FORW: name:enp0s3: saddr:100932208: daddr:33561200
[  225.620204] AAAAA-TCP_FORW: name:enp0s3: saddr:100932208: daddr:33561200
[  225.653944] AAAAA-TCP_FORW: name:enp0s3: saddr:33561200: daddr:100932208
[  225.690121] AAAAA-TCP_FORW: name:enp0s3: saddr:16783984: daddr:100932208
[  225.744217] AAAAA-TCP_FORW: name:enp0s3: saddr:33561200: daddr:100932208
[  225.821837] AAAAA-TCP_FORW: name:enp0s3: saddr:100932208: daddr:33561200
[  225.895947] AAAAA-TCP_FORW: name:enp0s3: saddr:33561200: daddr:100932208
[  225.920348] AAAAA-TCP_FORW: name:enp0s3: saddr:100932208: daddr:33561200
[  225.962057] AAAAA-TCP_FORW: name:enp0s3: saddr:33561200: daddr:100932208
[  226.055733] AAAAA-TCP_FORW: name:enp0s3: saddr:16783984: daddr:100932208
[  226.111944] AAAAA-TCP_FORW: name:enp0s3: saddr:100932208: daddr:33561200
[  226.133578] AAAAA-TCP_FORW: name:enp0s3: saddr:33561200: daddr:100932208
[  226.161796] AAAAA-TCP_FORW: name:enp0s3: saddr:100932208: daddr:33561200
[  226.169581] AAAAA-TCP_FORW: name:enp0s3: saddr:16783984: daddr:100932208
[  226.277132] AAAAA-TCP_FORW: name:enp0s3: saddr:16783984: daddr:100932208
[  226.302382] AAAAA-TCP_FORW: name:enp0s3: saddr:100932208: daddr:33561200
[  226.479487] AAAAA-TCP_FORW: name:enp0s3: saddr:16783984: daddr:100932208
[  226.488773] AAAAA-TCP_FORW: name:enp0s3: saddr:100932208: daddr:33561200
[  226.577265] AAAAA-TCP_FORW: name:enp0s3: saddr:16783984: daddr:100932208
[  226.629026] AAAAA-TCP_FORW: name:enp0s3: saddr:100932208: daddr:33561200
[  226.683899] AAAAA-TCP_FORW: name:enp0s3: saddr:100932208: daddr:33561200
[  226.719053] AAAAA-TCP_FORW: name:enp0s3: saddr:16783984: daddr:100932208
[  226.743191] AAAAA-TCP_FORW: name:enp0s3: saddr:100932208: daddr:33561200
[  226.779923] AAAAA-TCP_FORW: name:enp0s3: saddr:33561200: daddr:100932208
[  226.871137] AAAAA-TCP_FORW: name:enp0s3: saddr:16783984: daddr:100932208
[  226.882984] AAAAA-TCP_FORW: name:enp0s3: saddr:100932208: daddr:33561200
[  226.909462] AAAAA-TCP_FORW: name:enp0s3: saddr:100932208: daddr:33561200
[  226.941164] AAAAA-TCP_FORW: name:enp0s3: saddr:33561200: daddr:100932208
[  227.024069] AAAAA-TCP_FORW: name:enp0s3: saddr:33561200: daddr:100932208
[  227.089322] AAAAA-TCP_FORW: name:enp0s3: saddr:16783984: daddr:100932208
[  227.115014] AAAAA-TCP_FORW: name:enp0s3: saddr:16783984: daddr:100932208
[  227.175156] AAAAA-TCP_FORW: name:enp0s3: saddr:16783984: daddr:100932208
[  227.290667] AAAAA-TCP_FORW: name:enp0s3: saddr:16783984: daddr:100932208
[  227.361872] AAAAA-TCP_FORW: name:enp0s3: saddr:100932208: daddr:33561200
[  227.397185] AAAAA-TCP_FORW: name:enp0s3: saddr:33561200: daddr:100932208
[  227.438417] AAAAA-TCP_FORW: name:enp0s3: saddr:100932208: daddr:16783984
[  227.478205] AAAAA-TCP_FORW: name:enp0s3: saddr:16783984: daddr:100932208
[  227.562069] AAAAA-TCP_FORW: name:enp0s3: saddr:100932208: daddr:16783984
[  227.590500] AAAAA-TCP_FORW: name:enp0s3: saddr:16783984: daddr:100932208
[  227.652180] AAAAA-TCP_FORW: name:enp0s3: saddr:100932208: daddr:16783984
[  227.664798] AAAAA-TCP_FORW: name:enp0s3: saddr:33561200: daddr:100932208
[  227.809998] AAAAA-TCP_FORW: name:enp0s3: saddr:33561200: daddr:100932208
[  227.812203] AAAAA-TCP_FORW: name:enp0s3: saddr:100932208: daddr:16783984
[  227.983317] AAAAA-TCP_FORW: name:enp0s3: saddr:16783984: daddr:100932208
[  228.064957] AAAAA-TCP_FORW: name:enp0s3: saddr:33561200: daddr:100932208
[  228.146204] AAAAA-TCP_FORW: name:enp0s3: saddr:16783984: daddr:100932208
[  228.225884] AAAAA-TCP_FORW: name:enp0s3: saddr:16783984: daddr:100932208
[  228.284395] AAAAA-TCP_FORW: name:enp0s3: saddr:33561200: daddr:100932208
[  228.384957] AAAAA-TCP_FORW: name:enp0s3: saddr:16783984: daddr:100932208
[  228.537403] AAAAA-TCP_FORW: name:enp0s3: saddr:33561200: daddr:100932208
[  228.666655] AAAAA-TCP_FORW: name:enp0s3: saddr:16783984: daddr:100932208
[  228.799443] AAAAA-TCP_FORW: name:enp0s3: saddr:33561200: daddr:100932208
[  228.848453] AAAAA-TCP_FORW: name:enp0s3: saddr:33561200: daddr:100932208
[  228.916853] AAAAA-TCP_FORW: name:enp0s3: saddr:33561200: daddr:100932208
[  228.980132] AAAAA-TCP_FORW: name:enp0s3: saddr:16783984: daddr:100932208
[  229.086893] AAAAA-TCP_FORW: name:enp0s3: saddr:16783984: daddr:100932208
[  229.160980] AAAAA-TCP_FORW: name:enp0s3: saddr:33561200: daddr:100932208
[  229.264965] AAAAA-TCP_FORW: name:enp0s3: saddr:16783984: daddr:100932208
[  229.303922] AAAAA-TCP_FORW: name:enp0s3: saddr:33561200: daddr:100932208
[  229.368916] AAAAA-TCP_FORW: name:enp0s3: saddr:33561200: daddr:100932208
[  229.434779] AAAAA-TCP_FORW: name:enp0s3: saddr:33561200: daddr:100932208
[  229.495604] AAAAA-TCP_FORW: name:enp0s3: saddr:16783984: daddr:100932208
[  229.582600] AAAAA-TCP_FORW: name:enp0s3: saddr:33561200: daddr:100932208
[  229.685720] AAAAA-TCP_FORW: name:enp0s3: saddr:33561200: daddr:100932208
[  229.761802] AAAAA-TCP_FORW: name:enp0s3: saddr:33561200: daddr:100932208
[  229.830876] AAAAA-TCP_FORW: name:enp0s3: saddr:33561200: daddr:100932208
[  229.885768] AAAAA-TCP_FORW: name:enp0s3: saddr:16783984: daddr:100932208
[  229.948147] AAAAA-TCP_FORW: name:enp0s3: saddr:33561200: daddr:100932208
[  230.039755] AAAAA-TCP_FORW: name:enp0s3: saddr:16783984: daddr:100932208
[  230.101873] AAAAA-TCP_FORW: name:enp0s3: saddr:33561200: daddr:100932208
[  230.165881] AAAAA-TCP_FORW: name:enp0s3: saddr:16783984: daddr:100932208
[  230.205755] AAAAA-TCP_FORW: name:enp0s3: saddr:16783984: daddr:100932208
[  230.387423] AAAAA-TCP_FORW: name:enp0s3: saddr:33561200: daddr:100932208
[  230.431313] AAAAA-TCP_FORW: name:enp0s3: saddr:16783984: daddr:100932208
[  230.462516] AAAAA-TCP_FORW: name:enp0s3: saddr:16783984: daddr:100932208
[  230.511154] AAAAA-TCP_FORW: name:enp0s3: saddr:100932208: daddr:16783984
[  230.623628] AAAAA-TCP_FORW: name:enp0s3: saddr:100932208: daddr:16783984
[  230.657572] AAAAA-TCP_FORW: name:enp0s3: saddr:100932208: daddr:33561200
[  230.729161] AAAAA-TCP_FORW: name:enp0s3: saddr:100932208: daddr:33561200
[  230.774618] AAAAA-TCP_FORW: name:enp0s3: saddr:100932208: daddr:16783984
[  230.837082] AAAAA-TCP_FORW: name:enp0s3: saddr:100932208: daddr:33561200
[  230.892981] AAAAA-TCP_FORW: name:enp0s3: saddr:100932208: daddr:33561200
[  231.014008] AAAAA-TCP_FORW: name:enp0s3: saddr:100932208: daddr:33561200
[  231.058407] AAAAA-TCP_FORW: name:enp0s3: saddr:100932208: daddr:33561200
[  231.122005] AAAAA-TCP_FORW: name:enp0s3: saddr:100932208: daddr:16783984
[  231.182898] AAAAA-TCP_FORW: name:enp0s3: saddr:100932208: daddr:16783984
[  231.209431] AAAAA-TCP_FORW: name:enp0s3: saddr:100932208: daddr:16783984
[  231.582898] AAAAA-TCP_FORW: name:enp0s3: saddr:100932208: daddr:33561200
[  232.076006] AAAAA-TCP_FORW: name:enp0s3: saddr:16783984: daddr:100932208
[  232.109283] AAAAA-TCP_FORW: name:enp0s3: saddr:16783984: daddr:100932208
[  232.128514] AAAAA-TCP_FORW: name:enp0s3: saddr:33561200: daddr:100932208
[  232.153727] AAAAA-TCP_FORW: name:enp0s3: saddr:33561200: daddr:100932208
[  232.189764] AAAAA-TCP_FORW: name:enp0s3: saddr:16783984: daddr:100932208
[  232.222175] AAAAA-TCP_FORW: name:enp0s3: saddr:33561200: daddr:100932208
[  232.249038] AAAAA-TCP_FORW: name:enp0s3: saddr:33561200: daddr:100932208
[  232.275905] AAAAA-TCP_FORW: name:enp0s3: saddr:33561200: daddr:100932208
[  232.312748] AAAAA-TCP_FORW: name:enp0s3: saddr:33561200: daddr:100932208
[  232.331526] AAAAA-TCP_FORW: name:enp0s3: saddr:16783984: daddr:100932208
[  232.345217] AAAAA-TCP_FORW: name:enp0s3: saddr:16783984: daddr:100932208
[  232.377985] AAAAA-TCP_FORW: name:enp0s3: saddr:16783984: daddr:100932208
[  232.387907] AAAAA-TCP_FORW: name:enp0s3: saddr:33561200: daddr:100932208
[  253.541933] AAAAA-TCP_FORW: name:enp0s3: saddr:33561200: daddr:100932208
[  253.687213] AAAAA-TCP_FORW: name:enp0s3: saddr:33561200: daddr:100932208
[  253.758124] AAAAA-TCP_FORW: name:enp0s3: saddr:33561200: daddr:100932208
[  253.925590] AAAAA-TCP_FORW: name:enp0s3: saddr:33561200: daddr:100932208
[  254.074838] AAAAA-TCP_FORW: name:enp0s3: saddr:33561200: daddr:100932208
[  254.243812] AAAAA-TCP_FORW: name:enp0s3: saddr:33561200: daddr:100932208
[  254.349863] AAAAA-TCP_FORW: name:enp0s3: saddr:33561200: daddr:100932208
[  254.418464] AAAAA-TCP_FORW: name:enp0s3: saddr:33561200: daddr:100932208
[  254.573246] AAAAA-TCP_FORW: name:enp0s3: saddr:33561200: daddr:100932208
[  254.658367] AAAAA-TCP_FORW: name:enp0s3: saddr:33561200: daddr:100932208
[  254.754940] AAAAA-TCP_FORW: name:enp0s3: saddr:33561200: daddr:100932208
[  254.863472] AAAAA-TCP_FORW: name:enp0s3: saddr:33561200: daddr:100932208
[  255.142390] AAAAA-TCP_FORW: name:enp0s3: saddr:33561200: daddr:100932208
[  255.338566] AAAAA-TCP_FORW: name:enp0s3: saddr:33561200: daddr:100932208
[  255.418640] AAAAA-TCP_FORW: name:enp0s3: saddr:33561200: daddr:100932208
[  255.488862] AAAAA-TCP_FORW: name:enp0s3: saddr:33561200: daddr:100932208
[  255.578538] AAAAA-TCP_FORW: name:enp0s3: saddr:33561200: daddr:100932208
[  255.812513] AAAAA-TCP_FORW: name:enp0s3: saddr:33561200: daddr:100932208
[  255.899603] AAAAA-TCP_FORW: name:enp0s3: saddr:33561200: daddr:100932208
[  255.983481] AAAAA-TCP_FORW: name:enp0s3: saddr:33561200: daddr:100932208
[  256.050299] AAAAA-TCP_FORW: name:enp0s3: saddr:33561200: daddr:100932208
[  256.150665] AAAAA-TCP_FORW: name:enp0s3: saddr:33561200: daddr:100932208
[  256.317039] AAAAA-TCP_FORW: name:enp0s3: saddr:33561200: daddr:100932208
[  256.417680] AAAAA-TCP_FORW: name:enp0s3: saddr:33561200: daddr:100932208
[  256.482967] AAAAA-TCP_FORW: name:enp0s3: saddr:33561200: daddr:100932208
[  256.573298] AAAAA-TCP_FORW: name:enp0s3: saddr:16783984: daddr:100932208
[  256.666190] AAAAA-TCP_FORW: name:enp0s3: saddr:16783984: daddr:100932208
[  256.883767] AAAAA-TCP_FORW: name:enp0s3: saddr:16783984: daddr:100932208
[  257.052633] AAAAA-TCP_FORW: name:enp0s3: saddr:16783984: daddr:100932208
[  257.159673] AAAAA-TCP_FORW: name:enp0s3: saddr:33561200: daddr:100932208
[  257.270738] AAAAA-TCP_FORW: name:enp0s3: saddr:33561200: daddr:100932208
[  257.358352] AAAAA-TCP_FORW: name:enp0s3: saddr:16783984: daddr:100932208
[  257.444352] AAAAA-TCP_FORW: name:enp0s3: saddr:16783984: daddr:100932208
[  257.542460] AAAAA-TCP_FORW: name:enp0s3: saddr:16783984: daddr:100932208
[  257.664895] AAAAA-TCP_FORW: name:enp0s3: saddr:16783984: daddr:100932208
[  257.752912] AAAAA-TCP_FORW: name:enp0s3: saddr:16783984: daddr:100932208
[  257.820923] AAAAA-TCP_FORW: name:enp0s3: saddr:16783984: daddr:100932208
[  257.983876] AAAAA-TCP_FORW: name:enp0s3: saddr:16783984: daddr:100932208
[  258.211082] AAAAA-TCP_FORW: name:enp0s3: saddr:16783984: daddr:100932208
[  258.213020] AAAAA-TCP_FORW: name:enp0s3: saddr:100932208: daddr:33561200
[  258.307423] AAAAA-TCP_FORW: name:enp0s3: saddr:33561200: daddr:100932208
[  258.363212] AAAAA-TCP_FORW: name:enp0s3: saddr:100932208: daddr:33561200
[  258.454741] AAAAA-TCP_FORW: name:enp0s3: saddr:33561200: daddr:100932208
[  258.541926] AAAAA-TCP_FORW: name:enp0s3: saddr:33561200: daddr:100932208
[  258.579337] AAAAA-TCP_FORW: name:enp0s3: saddr:100932208: daddr:33561200
[  258.678077] AAAAA-TCP_FORW: name:enp0s3: saddr:100932208: daddr:33561200
[  258.878199] AAAAA-TCP_FORW: name:enp0s3: saddr:33561200: daddr:100932208
[  258.925624] AAAAA-TCP_FORW: name:enp0s3: saddr:16783984: daddr:100932208
[  258.999716] AAAAA-TCP_FORW: name:enp0s3: saddr:33561200: daddr:100932208
[  259.081693] AAAAA-TCP_FORW: name:enp0s3: saddr:16783984: daddr:100932208
[  259.097172] AAAAA-TCP_FORW: name:enp0s3: saddr:100932208: daddr:33561200
[  259.187091] AAAAA-TCP_FORW: name:enp0s3: saddr:16783984: daddr:100932208
[  259.375404] AAAAA-TCP_FORW: name:enp0s3: saddr:100932208: daddr:33561200
[  259.501445] AAAAA-TCP_FORW: name:enp0s3: saddr:100932208: daddr:33561200
[  259.600540] AAAAA-TCP_FORW: name:enp0s3: saddr:100932208: daddr:33561200
[  259.705233] AAAAA-TCP_FORW: name:enp0s3: saddr:100932208: daddr:33561200
[  259.820572] AAAAA-TCP_FORW: name:enp0s3: saddr:100932208: daddr:33561200
[  259.827441] AAAAA-TCP_FORW: name:enp0s3: saddr:33561200: daddr:100932208
[  259.995760] AAAAA-TCP_FORW: name:enp0s3: saddr:100932208: daddr:33561200
[  260.043702] AAAAA-TCP_FORW: name:enp0s3: saddr:33561200: daddr:100932208
[  260.077811] AAAAA-TCP_FORW: name:enp0s3: saddr:100932208: daddr:33561200
[  260.182304] AAAAA-TCP_FORW: name:enp0s3: saddr:100932208: daddr:33561200
[  260.248947] AAAAA-TCP_FORW: name:enp0s3: saddr:100932208: daddr:16783984
[  260.269238] AAAAA-TCP_FORW: name:enp0s3: saddr:100932208: daddr:16783984
[  260.302094] AAAAA-TCP_FORW: name:enp0s3: saddr:33561200: daddr:100932208
[  260.559910] AAAAA-TCP_FORW: name:enp0s3: saddr:100932208: daddr:16783984
[  260.597872] AAAAA-TCP_FORW: name:enp0s3: saddr:100932208: daddr:16783984
[  260.684508] AAAAA-TCP_FORW: name:enp0s3: saddr:16783984: daddr:100932208
[  260.775891] AAAAA-TCP_FORW: name:enp0s3: saddr:33561200: daddr:100932208
[  260.807766] AAAAA-TCP_FORW: name:enp0s3: saddr:100932208: daddr:33561200
[  261.013501] AAAAA-TCP_FORW: name:enp0s3: saddr:100932208: daddr:33561200
[  261.090696] AAAAA-TCP_FORW: name:enp0s3: saddr:16783984: daddr:100932208
[  261.116867] AAAAA-TCP_FORW: name:enp0s3: saddr:100932208: daddr:16783984
[  261.212146] AAAAA-TCP_FORW: name:enp0s3: saddr:16783984: daddr:100932208
[  261.253924] AAAAA-TCP_FORW: name:enp0s3: saddr:100932208: daddr:16783984
[  261.316592] AAAAA-TCP_FORW: name:enp0s3: saddr:100932208: daddr:33561200
[  261.342067] AAAAA-TCP_FORW: name:enp0s3: saddr:33561200: daddr:100932208
[  261.389932] AAAAA-TCP_FORW: name:enp0s3: saddr:100932208: daddr:33561200
[  261.475194] AAAAA-TCP_FORW: name:enp0s3: saddr:33561200: daddr:100932208
[  261.538969] AAAAA-TCP_FORW: name:enp0s3: saddr:100932208: daddr:16783984
[  261.584757] AAAAA-TCP_FORW: name:enp0s3: saddr:33561200: daddr:100932208
[  261.640074] AAAAA-TCP_FORW: name:enp0s3: saddr:33561200: daddr:100932208
[  261.692557] AAAAA-TCP_FORW: name:enp0s3: saddr:100932208: daddr:33561200
[  261.704550] AAAAA-TCP_FORW: name:enp0s3: saddr:33561200: daddr:100932208
[  261.744438] AAAAA-TCP_FORW: name:enp0s3: saddr:33561200: daddr:100932208
[  261.788449] AAAAA-TCP_FORW: name:enp0s3: saddr:100932208: daddr:16783984
[  261.871039] AAAAA-TCP_FORW: name:enp0s3: saddr:100932208: daddr:33561200
[  261.907667] AAAAA-TCP_FORW: name:enp0s3: saddr:33561200: daddr:100932208
[  261.976732] AAAAA-TCP_FORW: name:enp0s3: saddr:100932208: daddr:33561200
[  262.044166] AAAAA-TCP_FORW: name:enp0s3: saddr:33561200: daddr:100932208
[  262.074184] AAAAA-TCP_FORW: name:enp0s3: saddr:100932208: daddr:33561200
[  262.189730] AAAAA-TCP_FORW: name:enp0s3: saddr:33561200: daddr:100932208
[  262.242664] AAAAA-TCP_FORW: name:enp0s3: saddr:33561200: daddr:100932208
[  262.266523] AAAAA-TCP_FORW: name:enp0s3: saddr:100932208: daddr:33561200
[  262.337337] AAAAA-TCP_FORW: name:enp0s3: saddr:33561200: daddr:100932208
[  262.384036] AAAAA-TCP_FORW: name:enp0s3: saddr:33561200: daddr:100932208
[  262.540974] AAAAA-TCP_FORW: name:enp0s3: saddr:33561200: daddr:100932208
[  262.615593] AAAAA-TCP_FORW: name:enp0s3: saddr:16783984: daddr:100932208
[  262.695866] AAAAA-TCP_FORW: name:enp0s3: saddr:16783984: daddr:100932208
[  263.024000] AAAAA-TCP_FORW: name:enp0s3: saddr:16783984: daddr:100932208
[  263.180697] AAAAA-TCP_FORW: name:enp0s3: saddr:16783984: daddr:100932208
[  263.482276] AAAAA-TCP_FORW: name:enp0s3: saddr:33561200: daddr:100932208
[  263.557282] AAAAA-TCP_FORW: name:enp0s3: saddr:33561200: daddr:100932208
[  263.749619] AAAAA-TCP_FORW: name:enp0s3: saddr:16783984: daddr:100932208
[  263.839021] AAAAA-TCP_FORW: name:enp0s3: saddr:16783984: daddr:100932208
[  263.904503] AAAAA-TCP_FORW: name:enp0s3: saddr:33561200: daddr:100932208
[  263.999693] AAAAA-TCP_FORW: name:enp0s3: saddr:33561200: daddr:100932208
[  264.184331] AAAAA-TCP_FORW: name:enp0s3: saddr:16783984: daddr:100932208
[  264.271678] AAAAA-TCP_FORW: name:enp0s3: saddr:33561200: daddr:100932208
[  264.358001] AAAAA-TCP_FORW: name:enp0s3: saddr:33561200: daddr:100932208
[  264.495309] AAAAA-TCP_FORW: name:enp0s3: saddr:16783984: daddr:100932208
[  264.544407] AAAAA-TCP_FORW: name:enp0s3: saddr:33561200: daddr:100932208
[  264.655074] AAAAA-TCP_FORW: name:enp0s3: saddr:33561200: daddr:100932208
[  264.716327] AAAAA-TCP_FORW: name:enp0s3: saddr:33561200: daddr:100932208
[  264.795376] AAAAA-TCP_FORW: name:enp0s3: saddr:33561200: daddr:100932208
[  264.938778] AAAAA-TCP_FORW: name:enp0s3: saddr:33561200: daddr:100932208
[  265.664128] AAAAA-TCP_FORW: name:enp0s3: saddr:33561200: daddr:100932208
[  266.208333] AAAAA-TCP_FORW: name:enp0s3: saddr:33561200: daddr:100932208
[  266.406502] AAAAA-TCP_FORW: name:enp0s3: saddr:33561200: daddr:100932208
[  266.627361] AAAAA-TCP_FORW: name:enp0s3: saddr:33561200: daddr:100932208
[  266.812731] AAAAA-TCP_FORW: name:enp0s3: saddr:33561200: daddr:100932208
[  266.958712] AAAAA-TCP_FORW: name:enp0s3: saddr:33561200: daddr:100932208
[  267.166080] AAAAA-TCP_FORW: name:enp0s3: saddr:33561200: daddr:100932208
[  267.303535] AAAAA-TCP_FORW: name:enp0s3: saddr:33561200: daddr:100932208
[  267.518640] AAAAA-TCP_FORW: name:enp0s3: saddr:33561200: daddr:100932208
[  267.659656] AAAAA-TCP_FORW: name:enp0s3: saddr:33561200: daddr:100932208
[  267.804140] AAAAA-TCP_FORW: name:enp0s3: saddr:33561200: daddr:100932208
[  267.992181] AAAAA-TCP_FORW: name:enp0s3: saddr:33561200: daddr:100932208
[  286.224077] AAAAA-TCP_FORW: name:enp0s3: saddr:33561200: daddr:100932208
[  286.448671] AAAAA-TCP_FORW: name:enp0s3: saddr:33561200: daddr:100932208
[  286.649098] AAAAA-TCP_FORW: name:enp0s3: saddr:33561200: daddr:100932208
[  286.755120] AAAAA-TCP_FORW: name:enp0s3: saddr:33561200: daddr:100932208
[  286.890313] AAAAA-TCP_FORW: name:enp0s3: saddr:33561200: daddr:100932208
[  286.968410] AAAAA-TCP_FORW: name:enp0s3: saddr:33561200: daddr:100932208
[  287.282387] AAAAA-TCP_FORW: name:enp0s3: saddr:33561200: daddr:100932208
[  287.392072] AAAAA-TCP_FORW: name:enp0s3: saddr:33561200: daddr:100932208
[  287.513004] AAAAA-TCP_FORW: name:enp0s3: saddr:33561200: daddr:100932208
[  287.653274] AAAAA-TCP_FORW: name:enp0s3: saddr:33561200: daddr:100932208
[  287.767997] AAAAA-TCP_FORW: name:enp0s3: saddr:33561200: daddr:100932208
[  287.907812] AAAAA-TCP_FORW: name:enp0s3: saddr:33561200: daddr:100932208
[  288.027280] AAAAA-TCP_FORW: name:enp0s3: saddr:33561200: daddr:100932208
[  288.125837] AAAAA-TCP_FORW: name:enp0s3: saddr:33561200: daddr:100932208
[  288.225529] AAAAA-TCP_FORW: name:enp0s3: saddr:33561200: daddr:100932208
[  288.342891] AAAAA-TCP_FORW: name:enp0s3: saddr:33561200: daddr:100932208
[  288.457087] AAAAA-TCP_FORW: name:enp0s3: saddr:33561200: daddr:100932208
[  288.622514] AAAAA-TCP_FORW: name:enp0s3: saddr:33561200: daddr:100932208
[  288.705779] AAAAA-TCP_FORW: name:enp0s3: saddr:33561200: daddr:100932208
[  288.835055] AAAAA-TCP_FORW: name:enp0s3: saddr:33561200: daddr:100932208
[  288.960482] AAAAA-TCP_FORW: name:enp0s3: saddr:33561200: daddr:100932208
[  289.076890] AAAAA-TCP_FORW: name:enp0s3: saddr:33561200: daddr:100932208
[  289.184916] AAAAA-TCP_FORW: name:enp0s3: saddr:33561200: daddr:100932208
[  289.313476] AAAAA-TCP_FORW: name:enp0s3: saddr:33561200: daddr:100932208
[  289.460981] AAAAA-TCP_FORW: name:enp0s3: saddr:33561200: daddr:100932208
[  289.628465] AAAAA-TCP_FORW: name:enp0s3: saddr:33561200: daddr:100932208
[  289.725802] AAAAA-TCP_FORW: name:enp0s3: saddr:33561200: daddr:100932208
[  289.778962] AAAAA-TCP_FORW: name:enp0s3: saddr:33561200: daddr:100932208
[  289.880987] AAAAA-TCP_FORW: name:enp0s3: saddr:33561200: daddr:100932208
[  289.979636] AAAAA-TCP_FORW: name:enp0s3: saddr:16783984: daddr:100932208
[  290.081992] AAAAA-TCP_FORW: name:enp0s3: saddr:16783984: daddr:100932208
[  290.138700] AAAAA-TCP_FORW: name:enp0s3: saddr:16783984: daddr:100932208
[  290.216291] AAAAA-TCP_FORW: name:enp0s3: saddr:16783984: daddr:100932208
[  290.395349] AAAAA-TCP_FORW: name:enp0s3: saddr:16783984: daddr:100932208
[  290.491264] AAAAA-TCP_FORW: name:enp0s3: saddr:16783984: daddr:100932208
[  290.595242] AAAAA-TCP_FORW: name:enp0s3: saddr:16783984: daddr:100932208
[  290.688677] AAAAA-TCP_FORW: name:enp0s3: saddr:16783984: daddr:100932208
[  290.797813] AAAAA-TCP_FORW: name:enp0s3: saddr:16783984: daddr:100932208
[  290.958691] AAAAA-TCP_FORW: name:enp0s3: saddr:33561200: daddr:100932208
[  291.024741] AAAAA-TCP_FORW: name:enp0s3: saddr:33561200: daddr:100932208
[  291.111221] AAAAA-TCP_FORW: name:enp0s3: saddr:33561200: daddr:100932208
[  291.187567] AAAAA-TCP_FORW: name:enp0s3: saddr:33561200: daddr:100932208
[  291.238544] AAAAA-TCP_FORW: name:enp0s3: saddr:33561200: daddr:100932208
[  291.322528] AAAAA-TCP_FORW: name:enp0s3: saddr:33561200: daddr:100932208
[  291.430393] AAAAA-TCP_FORW: name:enp0s3: saddr:33561200: daddr:100932208
[  291.497720] AAAAA-TCP_FORW: name:enp0s3: saddr:33561200: daddr:100932208
[  291.558831] AAAAA-TCP_FORW: name:enp0s3: saddr:33561200: daddr:100932208
[  291.659711] AAAAA-TCP_FORW: name:enp0s3: saddr:33561200: daddr:100932208
[  291.813963] AAAAA-TCP_FORW: name:enp0s3: saddr:33561200: daddr:100932208
[  319.472293] AAAAA-TCP_FORW: name:enp0s3: saddr:16783984: daddr:100932208
[  319.847749] AAAAA-TCP_FORW: name:enp0s3: saddr:16783984: daddr:100932208
[  319.952829] AAAAA-TCP_FORW: name:enp0s3: saddr:16783984: daddr:100932208
[  320.047025] AAAAA-TCP_FORW: name:enp0s3: saddr:16783984: daddr:100932208
[  320.175968] AAAAA-TCP_FORW: name:enp0s3: saddr:16783984: daddr:100932208
[  320.260125] AAAAA-TCP_FORW: name:enp0s3: saddr:16783984: daddr:100932208
[  320.439422] AAAAA-TCP_FORW: name:enp0s3: saddr:16783984: daddr:100932208
[  320.532160] AAAAA-TCP_FORW: name:enp0s3: saddr:16783984: daddr:100932208
[  320.736341] AAAAA-TCP_FORW: name:enp0s3: saddr:16783984: daddr:100932208
[  320.852712] AAAAA-TCP_FORW: name:enp0s3: saddr:16783984: daddr:100932208
[  320.945822] AAAAA-TCP_FORW: name:enp0s3: saddr:16783984: daddr:100932208
[  321.010966] AAAAA-TCP_FORW: name:enp0s3: saddr:16783984: daddr:100932208
[  321.095237] AAAAA-TCP_FORW: name:enp0s3: saddr:16783984: daddr:100932208
[  321.244687] AAAAA-TCP_FORW: name:enp0s3: saddr:16783984: daddr:100932208
[  321.358819] AAAAA-TCP_FORW: name:enp0s3: saddr:16783984: daddr:100932208
[  321.478155] AAAAA-TCP_FORW: name:enp0s3: saddr:16783984: daddr:100932208
[  321.676245] AAAAA-TCP_FORW: name:enp0s3: saddr:16783984: daddr:100932208
[  321.767479] AAAAA-TCP_FORW: name:enp0s3: saddr:16783984: daddr:100932208
[  322.074984] AAAAA-TCP_FORW: name:enp0s3: saddr:16783984: daddr:100932208
[  322.274840] AAAAA-TCP_FORW: name:enp0s3: saddr:16783984: daddr:100932208
[  322.492572] AAAAA-TCP_FORW: name:enp0s3: saddr:16783984: daddr:100932208
[  322.579844] AAAAA-TCP_FORW: name:enp0s3: saddr:16783984: daddr:100932208
[  322.712376] AAAAA-TCP_FORW: name:enp0s3: saddr:33561200: daddr:100932208
[  322.922465] AAAAA-TCP_FORW: name:enp0s3: saddr:33561200: daddr:100932208
[  322.987119] AAAAA-TCP_FORW: name:enp0s3: saddr:33561200: daddr:100932208
[  323.060401] AAAAA-TCP_FORW: name:enp0s3: saddr:33561200: daddr:100932208
[  323.172427] AAAAA-TCP_FORW: name:enp0s3: saddr:33561200: daddr:100932208
[  325.231921] AAAAA-TCP_FORW: name:enp0s3: saddr:100932208: daddr:16783984
[  325.307666] AAAAA-TCP_FORW: name:enp0s3: saddr:100932208: daddr:16783984
[  325.561433] AAAAA-TCP_FORW: name:enp0s3: saddr:100932208: daddr:16783984
[  325.594585] AAAAA-TCP_FORW: name:enp0s3: saddr:100932208: daddr:16783984
[  325.824559] AAAAA-TCP_FORW: name:enp0s3: saddr:100932208: daddr:16783984
[  325.890698] AAAAA-TCP_FORW: name:enp0s3: saddr:100932208: daddr:16783984
[  326.071211] AAAAA-TCP_FORW: name:enp0s3: saddr:100932208: daddr:16783984
[  326.215133] AAAAA-TCP_FORW: name:enp0s3: saddr:100932208: daddr:16783984
[  326.314025] AAAAA-TCP_FORW: name:enp0s3: saddr:100932208: daddr:16783984
[  326.379731] AAAAA-TCP_FORW: name:enp0s3: saddr:100932208: daddr:16783984
[  326.518587] AAAAA-TCP_FORW: name:enp0s3: saddr:100932208: daddr:16783984
[  326.642705] AAAAA-TCP_FORW: name:enp0s3: saddr:100932208: daddr:16783984
[  326.647865] AAAAA-TCP_FORW: name:enp0s3: saddr:100932208: daddr:16783984
[  326.731103] AAAAA-TCP_FORW: name:enp0s3: saddr:100932208: daddr:16783984
[  326.891376] AAAAA-TCP_FORW: name:enp0s3: saddr:100932208: daddr:16783984
[  326.940477] AAAAA-TCP_FORW: name:enp0s3: saddr:100932208: daddr:16783984
[  327.001061] AAAAA-TCP_FORW: name:enp0s3: saddr:100932208: daddr:16783984
[  327.136593] AAAAA-TCP_FORW: name:enp0s3: saddr:100932208: daddr:16783984
[  327.144091] AAAAA-TCP_FORW: name:enp0s3: saddr:100932208: daddr:16783984
[  327.552917] AAAAA-TCP_FORW: name:enp0s3: saddr:100932208: daddr:16783984
[  327.686412] AAAAA-TCP_FORW: name:enp0s3: saddr:100932208: daddr:16783984
[  327.734313] AAAAA-TCP_FORW: name:enp0s3: saddr:100932208: daddr:16783984
[  327.736925] AAAAA-TCP_FORW: name:enp0s3: saddr:100932208: daddr:16783984
[  327.979078] AAAAA-TCP_FORW: name:enp0s3: saddr:100932208: daddr:16783984
[  328.003727] AAAAA-TCP_FORW: name:enp0s3: saddr:100932208: daddr:16783984
[  328.009126] AAAAA-TCP_FORW: name:enp0s3: saddr:100932208: daddr:16783984
[  328.079222] AAAAA-TCP_FORW: name:enp0s3: saddr:100932208: daddr:16783984
[  328.153445] AAAAA-TCP_FORW: name:enp0s3: saddr:100932208: daddr:16783984
[  352.142890] AAAAA-TCP_FORW: name:enp0s3: saddr:100932208: daddr:33561200
[  352.396688] AAAAA-TCP_FORW: name:enp0s3: saddr:33561200: daddr:100932208
[  352.436307] AAAAA-TCP_FORW: name:enp0s3: saddr:100932208: daddr:33561200
[  352.744294] AAAAA-TCP_FORW: name:enp0s3: saddr:100932208: daddr:33561200
[  352.900309] AAAAA-TCP_FORW: name:enp0s3: saddr:33561200: daddr:100932208
[  353.044809] AAAAA-TCP_FORW: name:enp0s3: saddr:100932208: daddr:33561200
[  353.236931] AAAAA-TCP_FORW: name:enp0s3: saddr:100932208: daddr:33561200
[  353.394407] AAAAA-TCP_FORW: name:enp0s3: saddr:100932208: daddr:33561200
[  353.434876] AAAAA-TCP_FORW: name:enp0s3: saddr:100932208: daddr:33561200
[  353.456121] AAAAA-TCP_FORW: name:enp0s3: saddr:33561200: daddr:100932208
[  353.532542] AAAAA-TCP_FORW: name:enp0s3: saddr:100932208: daddr:33561200
[  353.567847] AAAAA-TCP_FORW: name:enp0s3: saddr:100932208: daddr:33561200
[  353.788313] AAAAA-TCP_FORW: name:enp0s3: saddr:33561200: daddr:100932208
[  353.838643] AAAAA-TCP_FORW: name:enp0s3: saddr:100932208: daddr:33561200
[  353.910794] AAAAA-TCP_FORW: name:enp0s3: saddr:33561200: daddr:100932208
[  354.067937] AAAAA-TCP_FORW: name:enp0s3: saddr:100932208: daddr:33561200
[  354.117337] AAAAA-TCP_FORW: name:enp0s3: saddr:33561200: daddr:100932208
[  354.211271] AAAAA-TCP_FORW: name:enp0s3: saddr:33561200: daddr:100932208
[  354.256135] AAAAA-TCP_FORW: name:enp0s3: saddr:100932208: daddr:33561200
[  354.338702] AAAAA-TCP_FORW: name:enp0s3: saddr:100932208: daddr:33561200
[  354.374611] AAAAA-TCP_FORW: name:enp0s3: saddr:33561200: daddr:100932208
[  354.437905] AAAAA-TCP_FORW: name:enp0s3: saddr:100932208: daddr:33561200
[  354.450740] AAAAA-TCP_FORW: name:enp0s3: saddr:33561200: daddr:100932208
[  354.514587] AAAAA-TCP_FORW: name:enp0s3: saddr:100932208: daddr:33561200
[  354.569159] AAAAA-TCP_FORW: name:enp0s3: saddr:100932208: daddr:33561200
[  354.637451] AAAAA-TCP_FORW: name:enp0s3: saddr:100932208: daddr:33561200
[  354.716893] AAAAA-TCP_FORW: name:enp0s3: saddr:100932208: daddr:33561200
[  354.793401] AAAAA-TCP_FORW: name:enp0s3: saddr:33561200: daddr:100932208
[  354.849754] AAAAA-TCP_FORW: name:enp0s3: saddr:100932208: daddr:33561200
[  354.895830] AAAAA-TCP_FORW: name:enp0s3: saddr:100932208: daddr:33561200
[  354.933486] AAAAA-TCP_FORW: name:enp0s3: saddr:100932208: daddr:33561200
[  355.018611] AAAAA-TCP_FORW: name:enp0s3: saddr:100932208: daddr:33561200
[  355.043678] AAAAA-TCP_FORW: name:enp0s3: saddr:33561200: daddr:100932208
[  355.103609] AAAAA-TCP_FORW: name:enp0s3: saddr:100932208: daddr:33561200
[  355.160088] AAAAA-TCP_FORW: name:enp0s3: saddr:100932208: daddr:33561200
[  355.209799] AAAAA-TCP_FORW: name:enp0s3: saddr:100932208: daddr:33561200
[  355.270639] AAAAA-TCP_FORW: name:enp0s3: saddr:100932208: daddr:16783984
[  355.409712] AAAAA-TCP_FORW: name:enp0s3: saddr:33561200: daddr:100932208
[  355.471562] AAAAA-TCP_FORW: name:enp0s3: saddr:100932208: daddr:33561200
[  355.490930] AAAAA-TCP_FORW: name:enp0s3: saddr:33561200: daddr:100932208
[  355.538390] AAAAA-TCP_FORW: name:enp0s3: saddr:100932208: daddr:16783984
[  355.551152] AAAAA-TCP_FORW: name:enp0s3: saddr:33561200: daddr:100932208
[  355.714914] AAAAA-TCP_FORW: name:enp0s3: saddr:33561200: daddr:100932208
[  355.754898] AAAAA-TCP_FORW: name:enp0s3: saddr:100932208: daddr:33561200
[  355.801774] AAAAA-TCP_FORW: name:enp0s3: saddr:33561200: daddr:100932208
[  355.859056] AAAAA-TCP_FORW: name:enp0s3: saddr:100932208: daddr:16783984
[  355.900138] AAAAA-TCP_FORW: name:enp0s3: saddr:100932208: daddr:16783984
[  355.923758] AAAAA-TCP_FORW: name:enp0s3: saddr:33561200: daddr:100932208
[  355.934152] AAAAA-TCP_FORW: name:enp0s3: saddr:100932208: daddr:33561200
[  356.056266] AAAAA-TCP_FORW: name:enp0s3: saddr:100932208: daddr:33561200
[  356.100215] AAAAA-TCP_FORW: name:enp0s3: saddr:100932208: daddr:33561200
[  356.126598] AAAAA-TCP_FORW: name:enp0s3: saddr:33561200: daddr:100932208
[  356.179014] AAAAA-TCP_FORW: name:enp0s3: saddr:100932208: daddr:33561200
[  356.229865] AAAAA-TCP_FORW: name:enp0s3: saddr:100932208: daddr:33561200
[  356.250552] AAAAA-TCP_FORW: name:enp0s3: saddr:33561200: daddr:100932208
[  356.275614] AAAAA-TCP_FORW: name:enp0s3: saddr:100932208: daddr:33561200
[  356.322522] AAAAA-TCP_FORW: name:enp0s3: saddr:33561200: daddr:100932208
[  356.432985] AAAAA-TCP_FORW: name:enp0s3: saddr:33561200: daddr:100932208
[  356.434937] AAAAA-TCP_FORW: name:enp0s3: saddr:100932208: daddr:33561200
[  356.530753] AAAAA-TCP_FORW: name:enp0s3: saddr:100932208: daddr:33561200
[  356.554819] AAAAA-TCP_FORW: name:enp0s3: saddr:33561200: daddr:100932208
[  356.631243] AAAAA-TCP_FORW: name:enp0s3: saddr:33561200: daddr:100932208
[  356.663536] AAAAA-TCP_FORW: name:enp0s3: saddr:33561200: daddr:100932208
[  356.682766] AAAAA-TCP_FORW: name:enp0s3: saddr:33561200: daddr:100932208
[  356.700861] AAAAA-TCP_FORW: name:enp0s3: saddr:33561200: daddr:100932208
[  356.743447] AAAAA-TCP_FORW: name:enp0s3: saddr:16783984: daddr:100932208
[  356.769995] AAAAA-TCP_FORW: name:enp0s3: saddr:16783984: daddr:100932208
[  356.827285] AAAAA-TCP_FORW: name:enp0s3: saddr:16783984: daddr:100932208
[  356.868144] AAAAA-TCP_FORW: name:enp0s3: saddr:16783984: daddr:100932208
[  356.917954] AAAAA-TCP_FORW: name:enp0s3: saddr:33561200: daddr:100932208
[  357.153219] AAAAA-TCP_FORW: name:enp0s3: saddr:16783984: daddr:100932208
[  357.414344] AAAAA-TCP_FORW: name:enp0s3: saddr:33561200: daddr:100932208
[  357.502731] AAAAA-TCP_FORW: name:enp0s3: saddr:16783984: daddr:100932208
[  357.574589] AAAAA-TCP_FORW: name:enp0s3: saddr:16783984: daddr:100932208
[  357.670613] AAAAA-TCP_FORW: name:enp0s3: saddr:16783984: daddr:100932208
[  358.630947] AAAAA-TCP_FORW: name:enp0s3: saddr:33561200: daddr:100932208
[  359.283720] AAAAA-TCP_FORW: name:enp0s3: saddr:33561200: daddr:100932208
[  359.402667] AAAAA-TCP_FORW: name:enp0s3: saddr:16783984: daddr:100932208
[  359.496893] AAAAA-TCP_FORW: name:enp0s3: saddr:33561200: daddr:100932208
[  360.117631] AAAAA-TCP_FORW: name:enp0s3: saddr:16783984: daddr:100932208
[  360.236863] AAAAA-TCP_FORW: name:enp0s3: saddr:33561200: daddr:100932208
[  360.300845] AAAAA-TCP_FORW: name:enp0s3: saddr:16783984: daddr:100932208
[  360.398527] AAAAA-TCP_FORW: name:enp0s3: saddr:33561200: daddr:100932208
[  360.453339] AAAAA-TCP_FORW: name:enp0s3: saddr:33561200: daddr:100932208
[  553.779790] rfkill: input handler enabled
[  562.279571] rfkill: input handler disabled
[  768.466532] device enp0s3 left promiscuous mode
