[    0.000000] Linux version 5.4.243-mptcp (root@ztg) (gcc version 12.2.0 (Debian 12.2.0-14+deb12u1)) #53 SMP Wed Dec 24 23:28:15 CST 2025
[    0.000000] Command line: BOOT_IMAGE=/boot/vmlinuz-5.4.243-mptcp root=UUID=98415a12-53b7-4144-8265-0f7ece09e445 ro quiet splash
[    0.000000] KERNEL supported cpus:
[    0.000000]   Intel GenuineIntel
[    0.000000]   AMD AuthenticAMD
[    0.000000]   Hygon HygonGenuine
[    0.000000]   Centaur CentaurHauls
[    0.000000]   zhaoxin   Shanghai  
[    0.000000] x86/fpu: Supporting XSAVE feature 0x001: 'x87 floating point registers'
[    0.000000] x86/fpu: Supporting XSAVE feature 0x002: 'SSE registers'
[    0.000000] x86/fpu: Supporting XSAVE feature 0x004: 'AVX registers'
[    0.000000] x86/fpu: xstate_offset[2]:  576, xstate_sizes[2]:  256
[    0.000000] x86/fpu: Enabled xstate features 0x7, context size is 832 bytes, using 'standard' format.
[    0.000000] BIOS-provided physical RAM map:
[    0.000000] BIOS-e820: [mem 0x0000000000000000-0x000000000009fbff] usable
[    0.000000] BIOS-e820: [mem 0x000000000009fc00-0x000000000009ffff] reserved
[    0.000000] BIOS-e820: [mem 0x00000000000f0000-0x00000000000fffff] reserved
[    0.000000] BIOS-e820: [mem 0x0000000000100000-0x000000007ffeffff] usable
[    0.000000] BIOS-e820: [mem 0x000000007fff0000-0x000000007fffffff] ACPI data
[    0.000000] BIOS-e820: [mem 0x00000000fec00000-0x00000000fec00fff] reserved
[    0.000000] BIOS-e820: [mem 0x00000000fee00000-0x00000000fee00fff] reserved
[    0.000000] BIOS-e820: [mem 0x00000000fffc0000-0x00000000ffffffff] reserved
[    0.000000] NX (Execute Disable) protection: active
[    0.000000] SMBIOS 2.5 present.
[    0.000000] DMI: innotek GmbH VirtualBox/VirtualBox, BIOS VirtualBox 12/01/2006
[    0.000000] Hypervisor detected: KVM
[    0.000000] kvm-clock: Using msrs 4b564d01 and 4b564d00
[    0.000000] kvm-clock: cpu 0, msr 6d201001, primary cpu clock
[    0.000000] kvm-clock: using sched offset of 4480787619 cycles
[    0.000002] clocksource: kvm-clock: mask: 0xffffffffffffffff max_cycles: 0x1cd42e4dffb, max_idle_ns: 881590591483 ns
[    0.000005] tsc: Detected 2100.000 MHz processor
[    0.001893] e820: update [mem 0x00000000-0x00000fff] usable ==> reserved
[    0.001895] e820: remove [mem 0x000a0000-0x000fffff] usable
[    0.001899] last_pfn = 0x7fff0 max_arch_pfn = 0x400000000
[    0.001966] MTRR default type: uncachable
[    0.001967] MTRR fixed ranges enabled:
[    0.001968]   00000-9FFFF write-back
[    0.001969]   A0000-BFFFF uncachable
[    0.001970]   C0000-FFFFF write-protect
[    0.001971] MTRR variable ranges enabled:
[    0.001972]   0 base 000000000000 mask 3FFF80000000 write-back
[    0.001973]   1 disabled
[    0.001973]   2 disabled
[    0.001973]   3 disabled
[    0.001974]   4 disabled
[    0.001974]   5 disabled
[    0.001975]   6 disabled
[    0.001975]   7 disabled
[    0.001976]   8 disabled
[    0.001976]   9 disabled
[    0.001976]   10 disabled
[    0.001977]   11 disabled
[    0.001977]   12 disabled
[    0.001978]   13 disabled
[    0.001978]   14 disabled
[    0.001979]   15 disabled
[    0.001995] x86/PAT: Configuration [0-7]: WB  WC  UC- UC  WB  WP  UC- WT  
[    0.002127] found SMP MP-table at [mem 0x0009fff0-0x0009ffff]
[    0.093420] check: Scanning 1 areas for low memory corruption
[    0.093681] RAMDISK: [mem 0x32271000-0x3512ffff]
[    0.093689] ACPI: Early table checksum verification disabled
[    0.093695] ACPI: RSDP 0x00000000000E0000 000024 (v02 VBOX  )
[    0.093699] ACPI: XSDT 0x000000007FFF0030 00003C (v01 VBOX   VBOXXSDT 00000001 ASL  00000061)
[    0.093705] ACPI: FACP 0x000000007FFF00F0 0000F4 (v04 VBOX   VBOXFACP 00000001 ASL  00000061)
[    0.093712] ACPI: DSDT 0x000000007FFF02E0 002353 (v02 VBOX   VBOXBIOS 00000002 VBOX 00029BF3)
[    0.093716] ACPI: FACS 0x000000007FFF0200 000040
[    0.093719] ACPI: FACS 0x000000007FFF0200 000040
[    0.093722] ACPI: APIC 0x000000007FFF0240 000054 (v02 VBOX   VBOXAPIC 00000001 ASL  00000061)
[    0.093726] ACPI: SSDT 0x000000007FFF02A0 000038 (v01 VBOX   VBOXCPUT 00000002 VBOX 00029BF3)
[    0.093729] ACPI: Reserving FACP table memory at [mem 0x7fff00f0-0x7fff01e3]
[    0.093730] ACPI: Reserving DSDT table memory at [mem 0x7fff02e0-0x7fff2632]
[    0.093731] ACPI: Reserving FACS table memory at [mem 0x7fff0200-0x7fff023f]
[    0.093731] ACPI: Reserving FACS table memory at [mem 0x7fff0200-0x7fff023f]
[    0.093732] ACPI: Reserving APIC table memory at [mem 0x7fff0240-0x7fff0293]
[    0.093733] ACPI: Reserving SSDT table memory at [mem 0x7fff02a0-0x7fff02d7]
[    0.093747] ACPI: Local APIC address 0xfee00000
[    0.093930] No NUMA configuration found
[    0.093931] Faking a node at [mem 0x0000000000000000-0x000000007ffeffff]
[    0.093942] NODE_DATA(0) allocated [mem 0x7ffc5000-0x7ffeffff]
[    0.094203] Zone ranges:
[    0.094204]   DMA      [mem 0x0000000000001000-0x0000000000ffffff]
[    0.094205]   DMA32    [mem 0x0000000001000000-0x000000007ffeffff]
[    0.094206]   Normal   empty
[    0.094207]   Device   empty
[    0.094207] Movable zone start for each node
[    0.094209] Early memory node ranges
[    0.094210]   node   0: [mem 0x0000000000001000-0x000000000009efff]
[    0.094211]   node   0: [mem 0x0000000000100000-0x000000007ffeffff]
[    0.094214] Zeroed struct page in unavailable ranges: 114 pages
[    0.094215] Initmem setup node 0 [mem 0x0000000000001000-0x000000007ffeffff]
[    0.094216] On node 0 totalpages: 524174
[    0.094217]   DMA zone: 64 pages used for memmap
[    0.094217]   DMA zone: 21 pages reserved
[    0.094218]   DMA zone: 3998 pages, LIFO batch:0
[    0.094298]   DMA32 zone: 8128 pages used for memmap
[    0.094299]   DMA32 zone: 520176 pages, LIFO batch:63
[    0.103199] ACPI: PM-Timer IO Port: 0x4008
[    0.103202] ACPI: Local APIC address 0xfee00000
[    0.103268] IOAPIC[0]: apic_id 1, version 32, address 0xfec00000, GSI 0-23
[    0.103272] ACPI: INT_SRC_OVR (bus 0 bus_irq 0 global_irq 2 dfl dfl)
[    0.103273] ACPI: INT_SRC_OVR (bus 0 bus_irq 9 global_irq 9 low level)
[    0.103275] ACPI: IRQ0 used by override.
[    0.103276] ACPI: IRQ9 used by override.
[    0.103279] Using ACPI (MADT) for SMP configuration information
[    0.103285] smpboot: Allowing 1 CPUs, 0 hotplug CPUs
[    0.103305] PM: Registered nosave memory: [mem 0x00000000-0x00000fff]
[    0.103307] PM: Registered nosave memory: [mem 0x0009f000-0x0009ffff]
[    0.103307] PM: Registered nosave memory: [mem 0x000a0000-0x000effff]
[    0.103308] PM: Registered nosave memory: [mem 0x000f0000-0x000fffff]
[    0.103309] [mem 0x80000000-0xfebfffff] available for PCI devices
[    0.103310] Booting paravirtualized kernel on KVM
[    0.103312] clocksource: refined-jiffies: mask: 0xffffffff max_cycles: 0xffffffff, max_idle_ns: 7645519600211568 ns
[    0.103317] setup_percpu: NR_CPUS:8192 nr_cpumask_bits:1 nr_cpu_ids:1 nr_node_ids:1
[    0.104349] percpu: Embedded 60 pages/cpu s208896 r8192 d28672 u2097152
[    0.104353] pcpu-alloc: s208896 r8192 d28672 u2097152 alloc=1*2097152
[    0.104354] pcpu-alloc: [0] 0 
[    0.104380] Built 1 zonelists, mobility grouping on.  Total pages: 515961
[    0.104381] Policy zone: DMA32
[    0.104382] Kernel command line: BOOT_IMAGE=/boot/vmlinuz-5.4.243-mptcp root=UUID=98415a12-53b7-4144-8265-0f7ece09e445 ro quiet splash
[    0.105237] Dentry cache hash table entries: 262144 (order: 9, 2097152 bytes, linear)
[    0.105383] Inode-cache hash table entries: 131072 (order: 8, 1048576 bytes, linear)
[    0.105433] mem auto-init: stack:off, heap alloc:on, heap free:off
[    0.105436] Calgary: detecting Calgary via BIOS EBDA area
[    0.105437] Calgary: Unable to locate Rio Grande table in EBDA - bailing!
[    0.109497] Memory: 1967332K/2096696K available (14339K kernel code, 2398K rwdata, 4712K rodata, 2728K init, 17260K bss, 129364K reserved, 0K cma-reserved)
[    0.110449] SLUB: HWalign=64, Order=0-3, MinObjects=0, CPUs=1, Nodes=1
[    0.110466] ftrace: allocating 43186 entries in 169 pages
[    0.128474] rcu: Hierarchical RCU implementation.
[    0.128476] rcu: 	RCU restricting CPUs from NR_CPUS=8192 to nr_cpu_ids=1.
[    0.128477] 	Tasks RCU enabled.
[    0.128478] rcu: RCU calculated value of scheduler-enlistment delay is 25 jiffies.
[    0.128479] rcu: Adjusting geometry for rcu_fanout_leaf=16, nr_cpu_ids=1
[    0.131432] NR_IRQS: 524544, nr_irqs: 256, preallocated irqs: 16
[    0.131639] random: crng init done
[    0.140932] Console: colour VGA+ 80x25
[    0.140935] printk: console [tty0] enabled
[    0.140953] ACPI: Core revision 20190816
[    0.141080] APIC: Switch to symmetric I/O mode setup
[    0.141326] x2apic enabled
[    0.141563] Switched APIC routing to physical x2apic.
[    0.142694] ..TIMER: vector=0x30 apic1=0 pin1=2 apic2=-1 pin2=-1
[    0.142718] clocksource: tsc-early: mask: 0xffffffffffffffff max_cycles: 0x1e4530a99b6, max_idle_ns: 440795257976 ns
[    0.142723] Calibrating delay loop (skipped) preset value.. 4200.00 BogoMIPS (lpj=8400000)
[    0.142725] pid_max: default: 32768 minimum: 301
[    0.142753] LSM: Security Framework initializing
[    0.142763] Yama: becoming mindful.
[    0.142788] AppArmor: AppArmor initialized
[    0.142822] Mount-cache hash table entries: 4096 (order: 3, 32768 bytes, linear)
[    0.142827] Mountpoint-cache hash table entries: 4096 (order: 3, 32768 bytes, linear)
[    0.142838] *** VALIDATE tmpfs ***
[    0.142970] *** VALIDATE proc ***
[    0.143012] *** VALIDATE cgroup1 ***
[    0.143013] *** VALIDATE cgroup2 ***
[    0.143154] process: using mwait in idle threads
[    0.143158] Last level iTLB entries: 4KB 64, 2MB 8, 4MB 8
[    0.143159] Last level dTLB entries: 4KB 64, 2MB 0, 4MB 0, 1GB 4
[    0.143179] Spectre V1 : Mitigation: usercopy/swapgs barriers and __user pointer sanitization
[    0.143184] Spectre V2 : Mitigation: Retpolines
[    0.143185] Spectre V2 : Spectre v2 / SpectreRSB mitigation: Filling RSB on context switch
[    0.143185] Spectre V2 : Spectre v2 / SpectreRSB : Filling RSB on VMEXIT
[    0.143186] RETBleed: WARNING: Spectre v2 mitigation leaves CPU vulnerable to RETBleed attacks, data leaks possible!
[    0.143537] RETBleed: Vulnerable
[    0.143538] Speculative Store Bypass: Vulnerable
[    0.143542] TAA: Mitigation: TSX disabled
[    0.143543] MMIO Stale Data: Mitigation: Clear CPU buffers
[    0.147688] Freeing SMP alternatives memory: 40K
[    0.259450] smpboot: CPU0: Intel(R) Xeon(R) Silver 4216 CPU @ 2.10GHz (family: 0x6, model: 0x55, stepping: 0x7)
[    0.259557] Performance Events: unsupported p6 CPU model 85 no PMU driver, software events only.
[    0.259591] rcu: Hierarchical SRCU implementation.
[    0.260052] NMI watchdog: Perf NMI watchdog permanently disabled
[    0.260088] smp: Bringing up secondary CPUs ...
[    0.260089] smp: Brought up 1 node, 1 CPU
[    0.260090] smpboot: Max logical packages: 1
[    0.260091] smpboot: Total of 1 processors activated (4200.00 BogoMIPS)
[    0.261055] devtmpfs: initialized
[    0.261098] x86/mm: Memory block size: 128MB
[    0.261424] clocksource: jiffies: mask: 0xffffffff max_cycles: 0xffffffff, max_idle_ns: 7645041785100000 ns
[    0.261428] futex hash table entries: 256 (order: 2, 16384 bytes, linear)
[    0.261467] pinctrl core: initialized pinctrl subsystem
[    0.261562] PM: RTC time: 20:06:11, date: 2026-01-12
[    0.261663] NET: Registered protocol family 16
[    0.261733] audit: initializing netlink subsys (disabled)
[    0.261854] EISA bus registered
[    0.261855] cpuidle: using governor ladder
[    0.261856] cpuidle: using governor menu
[    0.261890] ACPI: bus type PCI registered
[    0.261891] acpiphp: ACPI Hot Plug PCI Controller Driver version: 0.5
[    0.261990] PCI: Using configuration type 1 for base access
[    0.262858] audit: type=2000 audit(1768219577.936:1): state=initialized audit_enabled=0 res=1
[    0.262929] HugeTLB registered 2.00 MiB page size, pre-allocated 0 pages
[    0.263713] ACPI: Added _OSI(Module Device)
[    0.263714] ACPI: Added _OSI(Processor Device)
[    0.263715] ACPI: Added _OSI(3.0 _SCP Extensions)
[    0.263716] ACPI: Added _OSI(Processor Aggregator Device)
[    0.263716] ACPI: Added _OSI(Linux-Dell-Video)
[    0.263717] ACPI: Added _OSI(Linux-Lenovo-NV-HDMI-Audio)
[    0.263718] ACPI: Added _OSI(Linux-HPI-Hybrid-Graphics)
[    0.265654] ACPI: 2 ACPI AML tables successfully acquired and loaded
[    0.267176] ACPI: Interpreter enabled
[    0.267185] ACPI: (supports S0 S5)
[    0.267186] ACPI: Using IOAPIC for interrupt routing
[    0.267391] PCI: Using host bridge windows from ACPI; if necessary, use "pci=nocrs" and report a bug
[    0.267495] ACPI: Enabled 2 GPEs in block 00 to 07
[    0.272323] ACPI: PCI Root Bridge [PCI0] (domain 0000 [bus 00-ff])
[    0.272328] acpi PNP0A03:00: _OSC: OS supports [ASPM ClockPM Segments MSI HPX-Type3]
[    0.272769] acpi PNP0A03:00: _OSC: not requesting OS control; OS requires [ExtendedConfig ASPM ClockPM MSI]
[    0.272778] acpi PNP0A03:00: fail to add MMCONFIG information, can't access extended PCI configuration space under this bridge.
[    0.273147] PCI host bridge to bus 0000:00
[    0.273149] pci_bus 0000:00: root bus resource [io  0x0000-0x0cf7 window]
[    0.273151] pci_bus 0000:00: root bus resource [io  0x0d00-0xffff window]
[    0.273152] pci_bus 0000:00: root bus resource [mem 0x000a0000-0x000bffff window]
[    0.273153] pci_bus 0000:00: root bus resource [mem 0x80000000-0xfdffffff window]
[    0.273154] pci_bus 0000:00: root bus resource [bus 00-ff]
[    0.273199] pci 0000:00:00.0: [8086:1237] type 00 class 0x060000
[    0.274150] pci 0000:00:01.0: [8086:7000] type 00 class 0x060100
[    0.275048] pci 0000:00:01.1: [8086:7111] type 00 class 0x01018a
[    0.275425] pci 0000:00:01.1: reg 0x20: [io  0xd000-0xd00f]
[    0.275580] pci 0000:00:01.1: legacy IDE quirk: reg 0x10: [io  0x01f0-0x01f7]
[    0.275581] pci 0000:00:01.1: legacy IDE quirk: reg 0x14: [io  0x03f6]
[    0.275582] pci 0000:00:01.1: legacy IDE quirk: reg 0x18: [io  0x0170-0x0177]
[    0.275583] pci 0000:00:01.1: legacy IDE quirk: reg 0x1c: [io  0x0376]
[    0.276122] pci 0000:00:02.0: [15ad:0405] type 00 class 0x030000
[    0.278798] pci 0000:00:02.0: reg 0x10: [io  0xd010-0xd01f]
[    0.281599] pci 0000:00:02.0: reg 0x14: [mem 0xe0000000-0xe7ffffff pref]
[    0.284582] pci 0000:00:02.0: reg 0x18: [mem 0xf0000000-0xf01fffff]
[    0.295375] pci 0000:00:03.0: [1022:2000] type 00 class 0x020000
[    0.296058] pci 0000:00:03.0: reg 0x10: [io  0xd020-0xd03f]
[    0.296672] pci 0000:00:03.0: reg 0x14: [mem 0xf0200000-0xf0200fff]
[    0.300665] pci 0000:00:04.0: [80ee:cafe] type 00 class 0x088000
[    0.301344] pci 0000:00:04.0: reg 0x10: [io  0xd040-0xd05f]
[    0.301955] pci 0000:00:04.0: reg 0x14: [mem 0xf0400000-0xf07fffff]
[    0.302571] pci 0000:00:04.0: reg 0x18: [mem 0xf0800000-0xf0803fff pref]
[    0.305770] pci 0000:00:07.0: [8086:7113] type 00 class 0x068000
[    0.306326] pci 0000:00:07.0: quirk: [io  0x4000-0x403f] claimed by PIIX4 ACPI
[    0.306340] pci 0000:00:07.0: quirk: [io  0x4100-0x410f] claimed by PIIX4 SMB
[    0.307103] pci 0000:00:08.0: [1022:2000] type 00 class 0x020000
[    0.307784] pci 0000:00:08.0: reg 0x10: [io  0xd060-0xd07f]
[    0.308399] pci 0000:00:08.0: reg 0x14: [mem 0xf0804000-0xf0804fff]
[    0.311534] pci 0000:00:09.0: [8086:100e] type 00 class 0x020000
[    0.312249] pci 0000:00:09.0: reg 0x10: [mem 0xf0820000-0xf083ffff]
[    0.313474] pci 0000:00:09.0: reg 0x18: [io  0xd080-0xd087]
[    0.323777] ACPI: PCI Interrupt Link [LNKA] (IRQs 5 9 10 *11)
[    0.324059] ACPI: PCI Interrupt Link [LNKB] (IRQs 5 9 *10 11)
[    0.324162] ACPI: PCI Interrupt Link [LNKC] (IRQs 5 *9 10 11)
[    0.324266] ACPI: PCI Interrupt Link [LNKD] (IRQs 5 9 10 *11)
[    0.324499] iommu: Default domain type: Translated 
[    0.324557] pci 0000:00:02.0: vgaarb: setting as boot VGA device
[    0.324559] pci 0000:00:02.0: vgaarb: VGA device added: decodes=io+mem,owns=io+mem,locks=none
[    0.324561] pci 0000:00:02.0: vgaarb: bridge control possible
[    0.324561] vgaarb: loaded
[    0.324754] SCSI subsystem initialized
[    0.324783] libata version 3.00 loaded.
[    0.324805] ACPI: bus type USB registered
[    0.324821] usbcore: registered new interface driver usbfs
[    0.324827] usbcore: registered new interface driver hub
[    0.324832] usbcore: registered new device driver usb
[    0.324859] pps_core: LinuxPPS API ver. 1 registered
[    0.324860] pps_core: Software ver. 5.3.6 - Copyright 2005-2007 Rodolfo Giometti <giometti@linux.it>
[    0.324862] PTP clock support registered
[    0.324899] EDAC MC: Ver: 3.0.0
[    0.325184] PCI: Using ACPI for IRQ routing
[    0.325185] PCI: pci_cache_line_size set to 64 bytes
[    0.326826] e820: reserve RAM buffer [mem 0x0009fc00-0x0009ffff]
[    0.326830] e820: reserve RAM buffer [mem 0x7fff0000-0x7fffffff]
[    0.327649] NetLabel: Initializing
[    0.327650] NetLabel:  domain hash size = 128
[    0.327650] NetLabel:  protocols = UNLABELED CIPSOv4 CALIPSO
[    0.327670] NetLabel:  unlabeled traffic allowed by default
[    0.328560] clocksource: Switched to clocksource kvm-clock
[    0.341004] *** VALIDATE bpf ***
[    0.341055] VFS: Disk quotas dquot_6.6.0
[    0.341067] VFS: Dquot-cache hash table entries: 512 (order 0, 4096 bytes)
[    0.341088] *** VALIDATE ramfs ***
[    0.341091] *** VALIDATE hugetlbfs ***
[    0.341167] AppArmor: AppArmor Filesystem Enabled
[    0.341189] pnp: PnP ACPI init
[    0.341248] pnp 00:00: Plug and Play ACPI device, IDs PNP0303 (active)
[    0.341332] pnp 00:01: Plug and Play ACPI device, IDs PNP0f03 (active)
[    0.342100] pnp: PnP ACPI: found 2 devices
[    0.343041] thermal_sys: Registered thermal governor 'fair_share'
[    0.343042] thermal_sys: Registered thermal governor 'bang_bang'
[    0.343043] thermal_sys: Registered thermal governor 'step_wise'
[    0.343043] thermal_sys: Registered thermal governor 'user_space'
[    0.343044] thermal_sys: Registered thermal governor 'power_allocator'
[    0.347570] clocksource: acpi_pm: mask: 0xffffff max_cycles: 0xffffff, max_idle_ns: 2085701024 ns
[    0.347609] pci_bus 0000:00: resource 4 [io  0x0000-0x0cf7 window]
[    0.347610] pci_bus 0000:00: resource 5 [io  0x0d00-0xffff window]
[    0.347612] pci_bus 0000:00: resource 6 [mem 0x000a0000-0x000bffff window]
[    0.347613] pci_bus 0000:00: resource 7 [mem 0x80000000-0xfdffffff window]
[    0.347666] NET: Registered protocol family 2
[    0.347739] IP idents hash table entries: 32768 (order: 6, 262144 bytes, linear)
[    0.348132] MPTCP tokens hash table entries: 8192 (order: 4, 65536 bytes, linear)
[    0.348151] MPTCP request tokens hash table entries: 8192 (order: 4, 65536 bytes, linear)
[    0.348176] default registered
[    0.348177] default registered
[    0.348177] MPTCP: Stable release v0.96
[    0.348182] tcp_listen_portaddr_hash hash table entries: 1024 (order: 2, 16384 bytes, linear)
[    0.348261] TCP established hash table entries: 16384 (order: 5, 131072 bytes, linear)
[    0.348324] TCP bind hash table entries: 16384 (order: 6, 262144 bytes, linear)
[    0.348350] TCP: Hash tables configured (established 16384 bind 16384)
[    0.349043] UDP hash table entries: 1024 (order: 3, 32768 bytes, linear)
[    0.349054] UDP-Lite hash table entries: 1024 (order: 3, 32768 bytes, linear)
[    0.349087] NET: Registered protocol family 1
[    0.349095] NET: Registered protocol family 44
[    0.349115] pci 0000:00:00.0: Limiting direct PCI/PCI transfers
[    0.349128] pci 0000:00:01.0: Activating ISA DMA hang workarounds
[    0.349185] pci 0000:00:02.0: Video device with shadowed ROM at [mem 0x000c0000-0x000dffff]
[    0.349252] PCI: CLS 0 bytes, default 64
[    0.349295] Trying to unpack rootfs image as initramfs...
[    0.516001] Freeing initrd memory: 47868K
[    0.516001] clocksource: tsc: mask: 0xffffffffffffffff max_cycles: 0x1e4530a99b6, max_idle_ns: 440795257976 ns
[    0.516001] clocksource: Switched to clocksource tsc
[    0.516001] platform rtc_cmos: registered platform RTC device (no PNP device found)
[    0.516001] check: Scanning for low memory corruption every 60 seconds
[    0.516001] Initialise system trusted keyrings
[    0.516001] Key type blacklist registered
[    0.516001] workingset: timestamp_bits=36 max_order=19 bucket_order=0
[    0.516001] zbud: loaded
[    0.516001] squashfs: version 4.0 (2009/01/31) Phillip Lougher
[    0.516001] fuse: init (API version 7.31)
[    0.516001] *** VALIDATE fuse ***
[    0.516001] *** VALIDATE fuse ***
[    0.516001] Platform Keyring initialized
[    0.530861] Key type asymmetric registered
[    0.530862] Asymmetric key parser 'x509' registered
[    0.530873] Block layer SCSI generic (bsg) driver version 0.4 loaded (major 244)
[    0.530912] io scheduler mq-deadline registered
[    0.531037] shpchp: Standard Hot Plug PCI Controller Driver version: 0.4
[    0.531298] ACPI: AC Adapter [AC] (on-line)
[    0.531343] input: Power Button as /devices/LNXSYSTM:00/LNXPWRBN:00/input/input0
[    0.531374] ACPI: Power Button [PWRF]
[    0.531449] input: Sleep Button as /devices/LNXSYSTM:00/LNXSLPBN:00/input/input1
[    0.531463] ACPI: Sleep Button [SLPF]
[    0.531705] Serial: 8250/16550 driver, 32 ports, IRQ sharing enabled
[    0.532853] Linux agpgart interface v0.103
[    0.623130] loop: module loaded
[    0.623273] ata_piix 0000:00:01.1: version 2.13
[    0.623673] scsi host0: ata_piix
[    0.623761] scsi host1: ata_piix
[    0.623787] ata1: PATA max UDMA/33 cmd 0x1f0 ctl 0x3f6 bmdma 0xd000 irq 14
[    0.623788] ata2: PATA max UDMA/33 cmd 0x170 ctl 0x376 bmdma 0xd008 irq 15
[    0.623868] tun: Universal TUN/TAP device driver, 1.6
[    0.624169] PPP generic driver version 2.4.2
[    0.624210] VFIO - User Level meta-driver version: 0.3
[    0.624449] ehci_hcd: USB 2.0 'Enhanced' Host Controller (EHCI) Driver
[    0.624454] ehci-pci: EHCI PCI platform driver
[    0.624466] ehci-platform: EHCI generic platform driver
[    0.624472] ohci_hcd: USB 1.1 'Open' Host Controller (OHCI) Driver
[    0.624473] ohci-pci: OHCI PCI platform driver
[    0.624480] ohci-platform: OHCI generic platform driver
[    0.624484] uhci_hcd: USB Universal Host Controller Interface driver
[    0.624547] i8042: PNP: PS/2 Controller [PNP0303:PS2K,PNP0f03:PS2M] at 0x60,0x64 irq 1,12
[    0.624983] serio: i8042 KBD port at 0x60,0x64 irq 1
[    0.624986] serio: i8042 AUX port at 0x60,0x64 irq 12
[    0.625069] mousedev: PS/2 mouse device common for all mice
[    0.625316] input: AT Translated Set 2 keyboard as /devices/platform/i8042/serio0/input/input2
[    0.625790] rtc_cmos rtc_cmos: registered as rtc0
[    0.625805] rtc_cmos rtc_cmos: alarms up to one day, 114 bytes nvram
[    0.625809] i2c /dev entries driver
[    0.625850] device-mapper: uevent: version 1.0.3
[    0.625892] device-mapper: ioctl: 4.41.0-ioctl (2019-09-16) initialised: dm-devel@redhat.com
[    0.625907] platform eisa.0: Probing EISA bus 0
[    0.625909] platform eisa.0: EISA: Cannot allocate resource for mainboard
[    0.625910] platform eisa.0: Cannot allocate resource for EISA slot 1
[    0.625911] platform eisa.0: Cannot allocate resource for EISA slot 2
[    0.625912] platform eisa.0: Cannot allocate resource for EISA slot 3
[    0.625913] platform eisa.0: Cannot allocate resource for EISA slot 4
[    0.625914] platform eisa.0: Cannot allocate resource for EISA slot 5
[    0.625915] platform eisa.0: Cannot allocate resource for EISA slot 6
[    0.625916] platform eisa.0: Cannot allocate resource for EISA slot 7
[    0.625917] platform eisa.0: Cannot allocate resource for EISA slot 8
[    0.625918] platform eisa.0: EISA: Detected 0 cards
[    0.625920] intel_pstate: CPU model not supported
[    0.625929] ledtrig-cpu: registered to indicate activity on CPUs
[    0.625981] drop_monitor: Initializing network drop monitor service
[    0.626138] NET: Registered protocol family 10
[    0.631164] Segment Routing with IPv6
[    0.631164] fullmesh registered
[    0.631164] ndiffports registered
[    0.631164] binder registered
[    0.631164] roundrobin registered
[    0.631164] redundant registered
[    0.631164] blest registered
[    0.631164] ecf registered
[    0.631164] NET: Registered protocol family 17
[    0.631164] Key type dns_resolver registered
[    0.631164] RAS: Correctable Errors collector initialized.
[    0.631164] IPI shorthand broadcast: enabled
[    0.631164] sched_clock: Marking stable (616073593, 11090950)->(628110124, -945581)
[    0.631443] registered taskstats version 1
[    0.631451] Loading compiled-in X.509 certificates
[    0.632037] Loaded X.509 cert 'Build time autogenerated kernel key: 6909f3744cebb3d0de528d5887b96a727de79b1e'
[    0.632053] zswap: loaded using pool lzo/zbud
[    0.632104] Key type ._fscrypt registered
[    0.632105] Key type .fscrypt registered
[    0.636537] Key type big_key registered
[    0.638751] Key type encrypted registered
[    0.638754] AppArmor: AppArmor sha1 policy hashing enabled
[    0.638761] ima: No TPM chip found, activating TPM-bypass!
[    0.638765] ima: Allocated hash algorithm: sha1
[    0.638771] ima: No architecture policies found
[    0.638779] evm: Initialising EVM extended attributes:
[    0.638780] evm: security.selinux
[    0.638780] evm: security.SMACK64
[    0.638781] evm: security.SMACK64EXEC
[    0.638781] evm: security.SMACK64TRANSMUTE
[    0.638782] evm: security.SMACK64MMAP
[    0.638782] evm: security.apparmor
[    0.638783] evm: security.ima
[    0.638783] evm: security.capability
[    0.638784] evm: HMAC attrs: 0x1
[    0.639072] PM:   Magic number: 10:58:144
[    0.639074] PM:   hash matches drivers/base/power/main.c:1831
[    0.639079] ata_port ata1: hash matches
[    0.639080]  ata1: hash matches
[    0.639188] rtc_cmos rtc_cmos: setting system clock to 2026-01-12T20:06:12 UTC (1768248372)
[    0.796040] ata1.00: ATA-6: VBOX HARDDISK, 1.0, max UDMA/133
[    0.796043] ata1.00: 209715200 sectors, multi 128: LBA 
[    0.796676] scsi 0:0:0:0: Direct-Access     ATA      VBOX HARDDISK    1.0  PQ: 0 ANSI: 5
[    0.796953] sd 0:0:0:0: [sda] 209715200 512-byte logical blocks: (107 GB/100 GiB)
[    0.796965] sd 0:0:0:0: [sda] Write Protect is off
[    0.796967] sd 0:0:0:0: [sda] Mode Sense: 00 3a 00 00
[    0.796987] sd 0:0:0:0: [sda] Write cache: enabled, read cache: enabled, doesn't support DPO or FUA
[    0.797213] sd 0:0:0:0: Attached scsi generic sg0 type 0
[    0.798292]  sda: sda1 sda2
[    0.807298] sd 0:0:0:0: [sda] Attached SCSI disk
[    0.810441] Freeing unused decrypted memory: 2040K
[    0.811374] Freeing unused kernel image memory: 2728K
[    0.811376] Write protecting the kernel read-only data: 22528k
[    0.812343] Freeing unused kernel image memory: 2036K
[    0.812879] Freeing unused kernel image memory: 1432K
[    0.837818] x86/mm: Checked W+X mappings: passed, no W+X pages found.
[    0.837822] Run /init as init process
[    0.943635] ACPI: Video Device [GFX0] (multi-head: yes  rom: no  post: no)
[    0.943707] input: Video Bus as /devices/LNXSYSTM:00/LNXSYBUS:00/PNP0A03:00/LNXVIDEO:00/input/input4
[    0.954963] pcnet32: pcnet32.c:v1.35 21.Apr.2008 tsbogend@alpha.franken.de
[    0.958617] piix4_smbus 0000:00:07.0: SMBus Host Controller at 0x4100, revision 0
[    0.961190] pcnet32: PCnet/FAST III 79C973 at 0xd020, 08:00:27:c5:3b:c4 assigned IRQ 19
[    0.961233] pcnet32: Found PHY 0022:561b at address 0
[    0.961540] pcnet32: eth0: registered as PCnet/FAST III 79C973
[    0.964595] e1000: Intel(R) PRO/1000 Network Driver - version 7.3.21-k8-NAPI
[    0.964596] e1000: Copyright (c) 1999-2006 Intel Corporation.
[    0.974276] pcnet32: PCnet/FAST III 79C973 at 0xd060, 08:00:27:72:f3:e0 assigned IRQ 16
[    0.974318] pcnet32: Found PHY 0022:561b at address 0
[    0.974606] pcnet32: eth1: registered as PCnet/FAST III 79C973
[    0.980367] pcnet32: 2 cards_found
[    1.040221] pcnet32 0000:00:08.0 enp0s8: renamed from eth1
[    1.041155] pcnet32 0000:00:03.0 enp0s3: renamed from eth0
[    1.173985] input: ImExPS/2 Generic Explorer Mouse as /devices/platform/i8042/serio1/input/input5
[    1.371446] e1000 0000:00:09.0 eth0: (PCI:33MHz:32-bit) 08:00:27:3a:3f:45
[    1.371482] e1000 0000:00:09.0 eth0: Intel(R) PRO/1000 Network Connection
[    1.372636] e1000 0000:00:09.0 enp0s9: renamed from eth0
[    2.165463] EXT4-fs (sda2): mounted filesystem with ordered data mode. Opts: (null)
[    2.313231] systemd[1]: Inserted module 'autofs4'
[    2.326146] systemd[1]: systemd 245.4-4ubuntu3 running in system mode. (+PAM +AUDIT +SELINUX +IMA +APPARMOR +SMACK +SYSVINIT +UTMP +LIBCRYPTSETUP +GCRYPT +GNUTLS +ACL +XZ +LZ4 +SECCOMP +BLKID +ELFUTILS +KMOD +IDN2 -IDN +PCRE2 default-hierarchy=hybrid)
[    2.326175] systemd[1]: Detected virtualization oracle.
[    2.326179] systemd[1]: Detected architecture x86-64.
[    2.327636] systemd[1]: Set hostname to <ztg>.
[    2.480331] systemd[1]: /lib/systemd/system/dbus.socket:5: ListenStream= references a path below legacy directory /var/run/, updating /var/run/dbus/system_bus_socket â†’ /run/dbus/system_bus_socket; please update the unit file accordingly.
[    2.548779] systemd[1]: Created slice system-modprobe.slice.
[    2.548962] systemd[1]: Created slice User and Session Slice.
[    2.549006] systemd[1]: Started Forward Password Requests to Wall Directory Watch.
[    2.549163] systemd[1]: Set up automount Arbitrary Executable File Formats File System Automount Point.
[    2.549197] systemd[1]: Reached target User and Group Name Lookups.
[    2.549205] systemd[1]: Reached target Remote File Systems.
[    2.549212] systemd[1]: Reached target Slices.
[    2.549758] systemd[1]: Listening on Syslog Socket.
[    2.549826] systemd[1]: Listening on fsck to fsckd communication Socket.
[    2.549863] systemd[1]: Listening on initctl Compatibility Named Pipe.
[    2.549998] systemd[1]: Listening on Journal Audit Socket.
[    2.550051] systemd[1]: Listening on Journal Socket (/dev/log).
[    2.550119] systemd[1]: Listening on Journal Socket.
[    2.550183] systemd[1]: Listening on udev Control Socket.
[    2.550222] systemd[1]: Listening on udev Kernel Socket.
[    2.550933] systemd[1]: Mounting Huge Pages File System...
[    2.551884] systemd[1]: Mounting POSIX Message Queue File System...
[    2.552721] systemd[1]: Mounting Kernel Debug File System...
[    2.553539] systemd[1]: Mounting Kernel Trace File System...
[    2.555400] systemd[1]: Starting Journal Service...
[    2.577248] systemd[1]: Starting Set the console keyboard layout...
[    2.585100] systemd[1]: Starting Create list of static device nodes for the current kernel...
[    2.587060] systemd[1]: Starting Load Kernel Module drm...
[    2.590120] systemd[1]: Condition check resulted in Set Up Additional Binary Formats being skipped.
[    2.590151] systemd[1]: Condition check resulted in File System Check on Root Device being skipped.
[    2.593699] systemd[1]: Starting Load Kernel Modules...
[    2.594413] systemd[1]: Starting Remount Root and Kernel File Systems...
[    2.617009] systemd[1]: Starting udev Coldplug all Devices...
[    2.634469] systemd[1]: Starting Uncomplicated firewall...
[    2.639170] EXT4-fs (sda2): re-mounted. Opts: errors=remount-ro
[    2.646029] systemd[1]: Mounted Huge Pages File System.
[    2.646116] systemd[1]: Mounted POSIX Message Queue File System.
[    2.646188] systemd[1]: Mounted Kernel Debug File System.
[    2.646256] systemd[1]: Mounted Kernel Trace File System.
[    2.654837] systemd[1]: Finished Create list of static device nodes for the current kernel.
[    2.655078] systemd[1]: modprobe@drm.service: Succeeded.
[    2.656703] systemd[1]: Finished Load Kernel Module drm.
[    2.659501] systemd[1]: Finished Remount Root and Kernel File Systems.
[    2.659865] systemd[1]: Finished Uncomplicated firewall.
[    2.663362] systemd[1]: Condition check resulted in Rebuild Hardware Database being skipped.
[    2.663392] systemd[1]: Condition check resulted in Platform Persistent Storage Archival being skipped.
[    2.664027] systemd[1]: Starting Load/Save Random Seed...
[    2.666032] lp: driver loaded but no devices found
[    2.671406] systemd[1]: Starting Create System Users...
[    2.696373] systemd[1]: Finished Load/Save Random Seed.
[    2.701565] systemd[1]: Finished Create System Users.
[    2.702248] systemd[1]: Starting Create Static Device Nodes in /dev...
[    2.708503] ppdev: user-space parallel port driver
[    2.735692] systemd[1]: Finished Create Static Device Nodes in /dev.
[    2.736428] systemd[1]: Starting udev Kernel Device Manager...
[    2.806880] [drm] DMA map mode: Caching DMA mappings.
[    2.806942] [drm] Capabilities:
[    2.806943] [drm]   Rect copy.
[    2.806943] [drm]   Cursor.
[    2.806943] [drm]   Cursor bypass.
[    2.806944] [drm]   Cursor bypass 2.
[    2.806944] [drm]   Alpha cursor.
[    2.806944] [drm]   Extended Fifo.
[    2.806945] [drm]   Pitchlock.
[    2.806945] [drm]   Irq mask.
[    2.806945] [drm]   GMR.
[    2.806946] [drm]   Traces.
[    2.806946] [drm]   GMR2.
[    2.806946] [drm]   Screen Object 2.
[    2.806947] [drm]   Command Buffers.
[    2.806947] [drm]   Command Buffers 2.
[    2.806947] [drm]   Guest Backed Resources.
[    2.806948] [drm] Max GMR ids is 8192
[    2.806949] [drm] Max number of GMR pages is 1048576
[    2.806949] [drm] Max dedicated hypervisor surface memory is 393216 kiB
[    2.806950] [drm] Maximum display memory size is 131072 kiB
[    2.806950] [drm] VRAM at 0xe0000000 size is 131072 kiB
[    2.806951] [drm] MMIO at 0xf0000000 size is 2048 kiB
[    2.810141] systemd[1]: Finished udev Coldplug all Devices.
[    2.815266] [TTM] Zone  kernel: Available graphics memory: 1011738 KiB
[    2.815266] [TTM] Initializing pool allocator
[    2.815270] [TTM] Initializing DMA pool allocator
[    2.815299] [drm] Supports vblank timestamp caching Rev 2 (21.10.2013).
[    2.815299] [drm] No driver support for vblank timestamp query.
[    2.815517] [drm] Screen Target Display device initialized
[    2.815709] [drm] width 720
[    2.815721] [drm] height 400
[    2.815725] [drm] bpp 32
[    2.816234] [drm] Fifo max 0x00200000 min 0x00001000 cap 0x00000355
[    2.817293] [drm] Using command buffers with DMA pool.
[    2.817297] [drm] DX: no.
[    2.817297] [drm] Atomic: yes.
[    2.817298] [drm] SM4_1: no.
[    2.817316] [drm:vmw_host_log [vmwgfx]] *ERROR* Failed to send host log message.
[    2.818243] [drm:vmw_host_log [vmwgfx]] *ERROR* Failed to send host log message.
[    2.843337] fbcon: svgadrmfb (fb0) is primary device
[    2.849802] Console: switching to colour frame buffer device 100x37
[    2.857378] [drm] Initialized vmwgfx 2.15.0 20180704 for 0000:00:02.0 on minor 0
[    2.858276] systemd[1]: Finished Load Kernel Modules.
[    2.859258] systemd[1]: Mounting FUSE Control File System...
[    2.860377] systemd[1]: Mounting Kernel Configuration File System...
[    2.869597] systemd[1]: Starting Apply Kernel Variables...
[    2.874204] systemd[1]: Finished Set the console keyboard layout.
[    2.874346] systemd[1]: Reached target Local File Systems (Pre).
[    2.884239] systemd[1]: Mounting Mount unit for bare, revision 5...
[    2.889850] systemd[1]: Mounting Mount unit for core18, revision 1705...
[    2.913281] systemd[1]: Mounting Mount unit for gnome-3-34-1804, revision 24...
[    2.922439] systemd[1]: Mounting Mount unit for gtk-common-themes, revision 1506...
[    2.928680] systemd[1]: Mounting Mount unit for gtk-common-themes, revision 1535...
[    2.936209] systemd[1]: Mounting Mount unit for snap-store, revision 433...
[    2.945320] systemd[1]: Mounting Mount unit for snapd, revision 25935...
[    2.975386] systemd[1]: Mounting Mount unit for snapd, revision 7264...
[    2.977847] systemd[1]: Started udev Kernel Device Manager.
[    2.978002] systemd[1]: Mounted FUSE Control File System.
[    2.978085] systemd[1]: Mounted Kernel Configuration File System.
[    2.985755] systemd[1]: Finished Apply Kernel Variables.
[    2.988300] systemd[1]: Mounted Mount unit for bare, revision 5.
[    2.988407] systemd[1]: Mounted Mount unit for core18, revision 1705.
[    2.988487] systemd[1]: Mounted Mount unit for gnome-3-34-1804, revision 24.
[    2.988554] systemd[1]: Condition check resulted in VMware vmblock fuse mount being skipped.
[    2.992020] systemd[1]: Starting Show Plymouth Boot Screen...
[    2.997864] systemd[1]: Received SIGRTMIN+20 from PID 280 (plymouthd).
[    3.002012] systemd[1]: Mounted Mount unit for gtk-common-themes, revision 1506.
[    3.019825] systemd[1]: Started Show Plymouth Boot Screen.
[    3.019955] systemd[1]: Condition check resulted in Dispatch Password Requests to Console Directory Watch being skipped.
[    3.020035] systemd[1]: Started Forward Password Requests to Plymouth Directory Watch.
[    3.020064] systemd[1]: Reached target Local Encrypted Volumes.
[    3.034361] systemd[1]: Mounted Mount unit for gtk-common-themes, revision 1535.
[    3.102720] systemd[1]: Mounted Mount unit for snap-store, revision 433.
[    3.102943] systemd[1]: Mounted Mount unit for snapd, revision 25935.
[    3.103118] systemd[1]: Mounted Mount unit for snapd, revision 7264.
[    3.103258] systemd[1]: Reached target Local File Systems.
[    3.106480] systemd[1]: Starting Load AppArmor profiles...
[    3.107322] systemd[1]: Starting Set console font and keymap...
[    3.136108] systemd[1]: Starting Tell Plymouth To Write Out Runtime Data...
[    3.136421] systemd[1]: Condition check resulted in Store a System Token in an EFI Variable being skipped.
[    3.136451] systemd[1]: Condition check resulted in Commit a transient machine-id on disk being skipped.
[    3.138693] systemd[1]: Finished Set console font and keymap.
[    3.144311] systemd[1]: Received SIGRTMIN+20 from PID 280 (plymouthd).
[    3.145712] systemd[1]: plymouth-read-write.service: Succeeded.
[    3.145937] systemd[1]: Finished Tell Plymouth To Write Out Runtime Data.
[    3.169310] audit: type=1400 audit(1768248375.024:2): apparmor="STATUS" operation="profile_load" profile="unconfined" name="nvidia_modprobe" pid=301 comm="apparmor_parser"
[    3.169313] audit: type=1400 audit(1768248375.024:3): apparmor="STATUS" operation="profile_load" profile="unconfined" name="nvidia_modprobe//kmod" pid=301 comm="apparmor_parser"
[    3.190852] audit: type=1400 audit(1768248375.048:4): apparmor="STATUS" operation="profile_load" profile="unconfined" name="/usr/sbin/tcpdump" pid=302 comm="apparmor_parser"
[    3.217914] audit: type=1400 audit(1768248375.068:5): apparmor="STATUS" operation="profile_load" profile="unconfined" name="/usr/bin/evince" pid=304 comm="apparmor_parser"
[    3.217917] audit: type=1400 audit(1768248375.068:6): apparmor="STATUS" operation="profile_load" profile="unconfined" name="/usr/bin/evince//sanitized_helper" pid=304 comm="apparmor_parser"
[    3.217919] audit: type=1400 audit(1768248375.068:7): apparmor="STATUS" operation="profile_load" profile="unconfined" name="/usr/bin/evince-previewer" pid=304 comm="apparmor_parser"
[    3.217920] audit: type=1400 audit(1768248375.068:8): apparmor="STATUS" operation="profile_load" profile="unconfined" name="/usr/bin/evince-previewer//sanitized_helper" pid=304 comm="apparmor_parser"
[    3.217922] audit: type=1400 audit(1768248375.068:9): apparmor="STATUS" operation="profile_load" profile="unconfined" name="/usr/bin/evince-thumbnailer" pid=304 comm="apparmor_parser"
[    3.251564] audit: type=1400 audit(1768248375.108:10): apparmor="STATUS" operation="profile_load" profile="unconfined" name="/usr/lib/cups/backend/cups-pdf" pid=305 comm="apparmor_parser"
[    3.312816] systemd[1]: Finished Load AppArmor profiles.
[    3.313760] systemd[1]: Starting Load AppArmor profiles managed internally by snapd...
[    3.421432] systemd[1]: Finished Load AppArmor profiles managed internally by snapd.
[    3.557853] systemd[1]: Started Journal Service.
[    3.565464] systemd-journald[229]: Received client request to flush runtime journal.
[    3.569966] systemd-journald[229]: File /var/log/journal/c455b248004a419c87ce85eea238d727/system.journal corrupted or uncleanly shut down, renaming and replacing.
[    4.836466] RAPL PMU: API unit is 2^-32 Joules, 0 fixed counters, 10737418240 ms ovfl timer
[    4.873880] cryptd: max_cpu_qlen set to 1000
[    4.946921] AVX2 version of gcm_enc/dec engaged.
[    4.946922] AES CTR mode by8 optimization enabled
[    6.762427] Adding 1998844k swap on /dev/sda1.  Priority:-2 extents:1 across:1998844k FS
[    7.945477] kauditd_printk_skb: 30 callbacks suppressed
[    7.945478] audit: type=1400 audit(1768248379.800:41): apparmor="DENIED" operation="capable" profile="/usr/sbin/cups-browsed" pid=533 comm="cups-browsed" capability=23  capname="sys_nice"
[    9.602774] pcnet32 0000:00:03.0 enp0s3: link up, 100Mbps, full-duplex
[    9.620474] pcnet32 0000:00:08.0 enp0s8: link up, 100Mbps, full-duplex
[    9.662286] e1000: enp0s9 NIC Link is Up 1000 Mbps Full Duplex, Flow Control: RX
[    9.662581] IPv6: ADDRCONF(NETDEV_CHANGE): enp0s9: link becomes ready
[   10.192843] device enp0s3 entered promiscuous mode
[   10.201641] device enp0s8 entered promiscuous mode
[   10.242251] audit: type=1400 audit(1768248382.100:42): apparmor="DENIED" operation="open" profile="/usr/sbin/tcpdump" name="/proc/sys/kernel/random/boot_id" pid=642 comm="tcpdump" requested_mask="r" denied_mask="r" fsuid=0 ouid=0
[   10.242431] audit: type=1400 audit(1768248382.100:43): apparmor="DENIED" operation="open" profile="/usr/sbin/tcpdump" name="/proc/sys/kernel/random/boot_id" pid=642 comm="tcpdump" requested_mask="r" denied_mask="r" fsuid=0 ouid=0
[   10.242473] audit: type=1400 audit(1768248382.100:44): apparmor="DENIED" operation="open" profile="/usr/sbin/tcpdump" name="/proc/sys/kernel/random/boot_id" pid=642 comm="tcpdump" requested_mask="r" denied_mask="r" fsuid=0 ouid=0
[   10.242577] audit: type=1400 audit(1768248382.100:45): apparmor="DENIED" operation="open" profile="/usr/sbin/tcpdump" name="/proc/sys/kernel/random/boot_id" pid=642 comm="tcpdump" requested_mask="r" denied_mask="r" fsuid=0 ouid=0
[   10.243271] audit: type=1400 audit(1768248382.100:46): apparmor="DENIED" operation="open" profile="/usr/sbin/tcpdump" name="/proc/sys/kernel/random/boot_id" pid=641 comm="tcpdump" requested_mask="r" denied_mask="r" fsuid=0 ouid=0
[   10.244148] audit: type=1400 audit(1768248382.100:47): apparmor="DENIED" operation="open" profile="/usr/sbin/tcpdump" name="/proc/sys/kernel/random/boot_id" pid=641 comm="tcpdump" requested_mask="r" denied_mask="r" fsuid=0 ouid=0
[   10.244188] audit: type=1400 audit(1768248382.100:48): apparmor="DENIED" operation="open" profile="/usr/sbin/tcpdump" name="/proc/sys/kernel/random/boot_id" pid=641 comm="tcpdump" requested_mask="r" denied_mask="r" fsuid=0 ouid=0
[   10.244282] audit: type=1400 audit(1768248382.100:49): apparmor="DENIED" operation="open" profile="/usr/sbin/tcpdump" name="/proc/sys/kernel/random/boot_id" pid=641 comm="tcpdump" requested_mask="r" denied_mask="r" fsuid=0 ouid=0
[   10.245755] audit: type=1400 audit(1768248382.104:50): apparmor="DENIED" operation="open" profile="/usr/sbin/tcpdump" name="/proc/sys/kernel/random/boot_id" pid=643 comm="tcpdump" requested_mask="r" denied_mask="r" fsuid=0 ouid=0
[   16.501967] rfkill: input handler disabled
[  688.461333] AAAAA-TCP_FORW: name:enp0s8: saddr:100932208: daddr:16783984
[  689.170015] AAAAA-TCP_FORW: name:enp0s8: saddr:100932208: daddr:16783984
[  689.346738] AAAAA-TCP_FORW: name:enp0s8: saddr:100932208: daddr:16783984
[  689.726379] AAAAA-TCP_FORW: name:enp0s8: saddr:100932208: daddr:33561200
[  689.793681] AAAAA-TCP_FORW: name:enp0s8: saddr:100932208: daddr:16783984
[  689.998973] AAAAA-TCP_FORW: name:enp0s8: saddr:100932208: daddr:16783984
[  690.097132] AAAAA-TCP_FORW: name:enp0s8: saddr:100932208: daddr:33561200
[  690.271532] AAAAA-TCP_FORW: name:enp0s8: saddr:100932208: daddr:16783984
[  690.497526] AAAAA-TCP_FORW: name:enp0s8: saddr:100932208: daddr:33561200
[  690.681043] AAAAA-TCP_FORW: name:enp0s8: saddr:100932208: daddr:16783984
[  690.904713] AAAAA-TCP_FORW: name:enp0s8: saddr:100932208: daddr:16783984
[  691.070710] AAAAA-TCP_FORW: name:enp0s8: saddr:100932208: daddr:16783984
[  691.196101] AAAAA-TCP_FORW: name:enp0s8: saddr:100932208: daddr:33561200
[  691.300242] AAAAA-TCP_FORW: name:enp0s8: saddr:100932208: daddr:33561200
[  691.416658] AAAAA-TCP_FORW: name:enp0s8: saddr:100932208: daddr:33561200
[  691.509937] AAAAA-TCP_FORW: name:enp0s8: saddr:100932208: daddr:33561200
[  691.571620] AAAAA-TCP_FORW: name:enp0s8: saddr:100932208: daddr:16783984
[  691.664739] AAAAA-TCP_FORW: name:enp0s8: saddr:100932208: daddr:16783984
[  691.766305] AAAAA-TCP_FORW: name:enp0s8: saddr:100932208: daddr:16783984
[  691.976339] AAAAA-TCP_FORW: name:enp0s8: saddr:100932208: daddr:16783984
[  692.069286] AAAAA-TCP_FORW: name:enp0s8: saddr:100932208: daddr:16783984
[  692.281715] AAAAA-TCP_FORW: name:enp0s8: saddr:100932208: daddr:16783984
[  692.366245] AAAAA-TCP_FORW: name:enp0s8: saddr:100932208: daddr:16783984
[  692.367465] AAAAA-TCP_FORW: name:enp0s3: saddr:16783984: daddr:100932208
[  692.490979] AAAAA-TCP_FORW: name:enp0s8: saddr:100932208: daddr:16783984
[  692.491751] AAAAA-TCP_FORW: name:enp0s3: saddr:16783984: daddr:100932208
[  692.584973] AAAAA-TCP_FORW: name:enp0s8: saddr:100932208: daddr:16783984
[  692.586049] AAAAA-TCP_FORW: name:enp0s3: saddr:16783984: daddr:100932208
[  692.646547] AAAAA-TCP_FORW: name:enp0s8: saddr:100932208: daddr:16783984
[  692.647611] AAAAA-TCP_FORW: name:enp0s3: saddr:16783984: daddr:100932208
[  693.008549] AAAAA-TCP_FORW: name:enp0s8: saddr:100932208: daddr:33561200
[  693.009260] AAAAA-TCP_FORW: name:enp0s3: saddr:33561200: daddr:100932208
[  693.110878] AAAAA-TCP_FORW: name:enp0s8: saddr:100932208: daddr:33561200
[  693.111613] AAAAA-TCP_FORW: name:enp0s3: saddr:33561200: daddr:100932208
[  693.196664] AAAAA-TCP_FORW: name:enp0s8: saddr:100932208: daddr:33561200
[  693.197814] AAAAA-TCP_FORW: name:enp0s3: saddr:33561200: daddr:100932208
[  693.251333] AAAAA-TCP_FORW: name:enp0s8: saddr:100932208: daddr:33561200
[  693.252489] AAAAA-TCP_FORW: name:enp0s3: saddr:33561200: daddr:100932208
[  693.339097] AAAAA-TCP_FORW: name:enp0s8: saddr:100932208: daddr:33561200
[  693.340335] AAAAA-TCP_FORW: name:enp0s3: saddr:33561200: daddr:100932208
[  693.431801] AAAAA-TCP_FORW: name:enp0s8: saddr:100932208: daddr:33561200
[  693.432860] AAAAA-TCP_FORW: name:enp0s3: saddr:33561200: daddr:100932208
[  693.578809] AAAAA-TCP_FORW: name:enp0s8: saddr:100932208: daddr:33561200
[  693.579990] AAAAA-TCP_FORW: name:enp0s3: saddr:33561200: daddr:100932208
[  694.004245] AAAAA-TCP_FORW: name:enp0s8: saddr:100932208: daddr:33561200
[  694.004981] AAAAA-TCP_FORW: name:enp0s3: saddr:33561200: daddr:100932208
[  694.169641] AAAAA-TCP_FORW: name:enp0s8: saddr:100932208: daddr:33561200
[  694.170840] AAAAA-TCP_FORW: name:enp0s3: saddr:33561200: daddr:100932208
[  694.442989] AAAAA-TCP_FORW: name:enp0s8: saddr:100932208: daddr:33561200
[  694.444178] AAAAA-TCP_FORW: name:enp0s3: saddr:33561200: daddr:100932208
[  694.534405] AAAAA-TCP_FORW: name:enp0s8: saddr:100932208: daddr:16783984
[  694.535588] AAAAA-TCP_FORW: name:enp0s3: saddr:16783984: daddr:100932208
[  694.678953] AAAAA-TCP_FORW: name:enp0s8: saddr:100932208: daddr:16783984
[  694.680047] AAAAA-TCP_FORW: name:enp0s3: saddr:16783984: daddr:100932208
[  694.875538] AAAAA-TCP_FORW: name:enp0s8: saddr:100932208: daddr:16783984
[  694.876730] AAAAA-TCP_FORW: name:enp0s3: saddr:16783984: daddr:100932208
[  695.000314] AAAAA-TCP_FORW: name:enp0s8: saddr:100932208: daddr:16783984
[  695.001497] AAAAA-TCP_FORW: name:enp0s3: saddr:16783984: daddr:100932208
[  695.141417] AAAAA-TCP_FORW: name:enp0s8: saddr:100932208: daddr:33561200
[  695.142776] AAAAA-TCP_FORW: name:enp0s3: saddr:33561200: daddr:100932208
[  695.203049] AAAAA-TCP_FORW: name:enp0s8: saddr:100932208: daddr:16783984
[  695.204177] AAAAA-TCP_FORW: name:enp0s3: saddr:16783984: daddr:100932208
[  695.282264] AAAAA-TCP_FORW: name:enp0s8: saddr:100932208: daddr:16783984
[  695.283088] AAAAA-TCP_FORW: name:enp0s3: saddr:16783984: daddr:100932208
[  695.350884] AAAAA-TCP_FORW: name:enp0s8: saddr:100932208: daddr:16783984
[  695.352027] AAAAA-TCP_FORW: name:enp0s3: saddr:16783984: daddr:100932208
[  695.434607] AAAAA-TCP_FORW: name:enp0s8: saddr:100932208: daddr:16783984
[  695.435777] AAAAA-TCP_FORW: name:enp0s3: saddr:16783984: daddr:100932208
[  695.650151] AAAAA-TCP_FORW: name:enp0s8: saddr:100932208: daddr:16783984
[  695.651470] AAAAA-TCP_FORW: name:enp0s3: saddr:16783984: daddr:100932208
[  695.763529] AAAAA-TCP_FORW: name:enp0s8: saddr:100932208: daddr:16783984
[  695.764814] AAAAA-TCP_FORW: name:enp0s3: saddr:16783984: daddr:100932208
[  695.815498] AAAAA-TCP_FORW: name:enp0s8: saddr:100932208: daddr:16783984
[  695.816914] AAAAA-TCP_FORW: name:enp0s3: saddr:16783984: daddr:100932208
[  695.876235] AAAAA-TCP_FORW: name:enp0s8: saddr:100932208: daddr:16783984
[  695.877447] AAAAA-TCP_FORW: name:enp0s3: saddr:16783984: daddr:100932208
[  695.949522] AAAAA-TCP_FORW: name:enp0s8: saddr:100932208: daddr:33561200
[  695.950913] AAAAA-TCP_FORW: name:enp0s3: saddr:33561200: daddr:100932208
[  696.056476] AAAAA-TCP_FORW: name:enp0s8: saddr:100932208: daddr:16783984
[  696.057234] AAAAA-TCP_FORW: name:enp0s3: saddr:16783984: daddr:100932208
[  696.107999] AAAAA-TCP_FORW: name:enp0s8: saddr:100932208: daddr:33561200
[  696.109294] AAAAA-TCP_FORW: name:enp0s3: saddr:33561200: daddr:100932208
[  696.227716] AAAAA-TCP_FORW: name:enp0s8: saddr:100932208: daddr:16783984
[  696.228957] AAAAA-TCP_FORW: name:enp0s3: saddr:16783984: daddr:100932208
[  696.298832] AAAAA-TCP_FORW: name:enp0s8: saddr:100932208: daddr:16783984
[  696.299961] AAAAA-TCP_FORW: name:enp0s3: saddr:16783984: daddr:100932208
[  696.369668] AAAAA-TCP_FORW: name:enp0s8: saddr:100932208: daddr:16783984
[  696.370872] AAAAA-TCP_FORW: name:enp0s3: saddr:16783984: daddr:100932208
[  696.453251] AAAAA-TCP_FORW: name:enp0s8: saddr:100932208: daddr:16783984
[  696.454411] AAAAA-TCP_FORW: name:enp0s3: saddr:16783984: daddr:100932208
[  696.547247] AAAAA-TCP_FORW: name:enp0s8: saddr:100932208: daddr:16783984
[  696.548558] AAAAA-TCP_FORW: name:enp0s3: saddr:16783984: daddr:100932208
[  696.625260] AAAAA-TCP_FORW: name:enp0s8: saddr:100932208: daddr:16783984
[  696.627734] AAAAA-TCP_FORW: name:enp0s3: saddr:16783984: daddr:100932208
[  696.693492] AAAAA-TCP_FORW: name:enp0s8: saddr:100932208: daddr:16783984
[  696.694680] AAAAA-TCP_FORW: name:enp0s3: saddr:16783984: daddr:100932208
[  696.753845] AAAAA-TCP_FORW: name:enp0s8: saddr:100932208: daddr:16783984
[  696.755001] AAAAA-TCP_FORW: name:enp0s3: saddr:16783984: daddr:100932208
[  696.809024] AAAAA-TCP_FORW: name:enp0s8: saddr:100932208: daddr:33561200
[  696.810240] AAAAA-TCP_FORW: name:enp0s3: saddr:33561200: daddr:100932208
[  696.960326] AAAAA-TCP_FORW: name:enp0s8: saddr:100932208: daddr:33561200
[  696.961718] AAAAA-TCP_FORW: name:enp0s3: saddr:33561200: daddr:100932208
[  697.062136] AAAAA-TCP_FORW: name:enp0s8: saddr:100932208: daddr:33561200
[  697.063364] AAAAA-TCP_FORW: name:enp0s3: saddr:33561200: daddr:100932208
[  697.254136] AAAAA-TCP_FORW: name:enp0s8: saddr:100932208: daddr:33561200
[  697.255298] AAAAA-TCP_FORW: name:enp0s3: saddr:33561200: daddr:100932208
[  697.313002] AAAAA-TCP_FORW: name:enp0s8: saddr:100932208: daddr:33561200
[  697.313745] AAAAA-TCP_FORW: name:enp0s3: saddr:33561200: daddr:100932208
[  697.370512] AAAAA-TCP_FORW: name:enp0s8: saddr:100932208: daddr:33561200
[  697.371255] AAAAA-TCP_FORW: name:enp0s3: saddr:33561200: daddr:100932208
[  698.884067] AAAAA-TCP_FORW: name:enp0s8: saddr:100932208: daddr:33561200
[  698.885342] AAAAA-TCP_FORW: name:enp0s3: saddr:33561200: daddr:100932208
[  699.156567] AAAAA-TCP_FORW: name:enp0s8: saddr:100932208: daddr:33561200
[  699.157838] AAAAA-TCP_FORW: name:enp0s3: saddr:33561200: daddr:100932208
[  699.271011] AAAAA-TCP_FORW: name:enp0s8: saddr:100932208: daddr:33561200
[  699.272198] AAAAA-TCP_FORW: name:enp0s3: saddr:33561200: daddr:100932208
[  699.327689] AAAAA-TCP_FORW: name:enp0s8: saddr:100932208: daddr:33561200
[  699.328965] AAAAA-TCP_FORW: name:enp0s3: saddr:33561200: daddr:100932208
[  699.537352] AAAAA-TCP_FORW: name:enp0s8: saddr:100932208: daddr:33561200
[  699.538490] AAAAA-TCP_FORW: name:enp0s3: saddr:33561200: daddr:100932208
[  699.645405] AAAAA-TCP_FORW: name:enp0s8: saddr:100932208: daddr:33561200
[  699.646760] AAAAA-TCP_FORW: name:enp0s3: saddr:33561200: daddr:100932208
[  699.789370] AAAAA-TCP_FORW: name:enp0s8: saddr:100932208: daddr:33561200
[  699.790839] AAAAA-TCP_FORW: name:enp0s3: saddr:33561200: daddr:100932208
[  699.847905] AAAAA-TCP_FORW: name:enp0s8: saddr:100932208: daddr:33561200
[  699.849459] AAAAA-TCP_FORW: name:enp0s3: saddr:33561200: daddr:100932208
[  699.922664] AAAAA-TCP_FORW: name:enp0s8: saddr:100932208: daddr:33561200
[  699.923794] AAAAA-TCP_FORW: name:enp0s3: saddr:33561200: daddr:100932208
[  700.010754] AAAAA-TCP_FORW: name:enp0s8: saddr:100932208: daddr:33561200
[  700.011841] AAAAA-TCP_FORW: name:enp0s3: saddr:33561200: daddr:100932208
[  700.136153] AAAAA-TCP_FORW: name:enp0s8: saddr:100932208: daddr:33561200
[  700.137357] AAAAA-TCP_FORW: name:enp0s3: saddr:33561200: daddr:100932208
[  700.279604] AAAAA-TCP_FORW: name:enp0s8: saddr:100932208: daddr:33561200
[  700.280765] AAAAA-TCP_FORW: name:enp0s3: saddr:33561200: daddr:100932208
[  700.334145] AAAAA-TCP_FORW: name:enp0s8: saddr:100932208: daddr:33561200
[  700.335315] AAAAA-TCP_FORW: name:enp0s3: saddr:33561200: daddr:100932208
[  700.366751] AAAAA-TCP_FORW: name:enp0s8: saddr:100932208: daddr:16783984
[  700.367863] AAAAA-TCP_FORW: name:enp0s3: saddr:16783984: daddr:100932208
[  700.463019] AAAAA-TCP_FORW: name:enp0s8: saddr:100932208: daddr:16783984
[  700.463742] AAAAA-TCP_FORW: name:enp0s3: saddr:16783984: daddr:100932208
[  700.551519] AAAAA-TCP_FORW: name:enp0s8: saddr:100932208: daddr:16783984
[  700.552782] AAAAA-TCP_FORW: name:enp0s3: saddr:16783984: daddr:100932208
[  700.629036] AAAAA-TCP_FORW: name:enp0s8: saddr:100932208: daddr:16783984
[  700.630447] AAAAA-TCP_FORW: name:enp0s3: saddr:16783984: daddr:100932208
[  700.731098] AAAAA-TCP_FORW: name:enp0s8: saddr:100932208: daddr:16783984
[  700.732277] AAAAA-TCP_FORW: name:enp0s3: saddr:16783984: daddr:100932208
[  700.799971] AAAAA-TCP_FORW: name:enp0s8: saddr:100932208: daddr:16783984
[  700.801204] AAAAA-TCP_FORW: name:enp0s3: saddr:16783984: daddr:100932208
[  700.970058] AAAAA-TCP_FORW: name:enp0s8: saddr:100932208: daddr:16783984
[  700.971248] AAAAA-TCP_FORW: name:enp0s3: saddr:16783984: daddr:100932208
[  701.078531] AAAAA-TCP_FORW: name:enp0s8: saddr:100932208: daddr:16783984
[  701.079342] AAAAA-TCP_FORW: name:enp0s3: saddr:16783984: daddr:100932208
[  701.145510] AAAAA-TCP_FORW: name:enp0s8: saddr:100932208: daddr:16783984
[  701.146234] AAAAA-TCP_FORW: name:enp0s3: saddr:16783984: daddr:100932208
[  701.203771] AAAAA-TCP_FORW: name:enp0s8: saddr:100932208: daddr:16783984
[  701.204938] AAAAA-TCP_FORW: name:enp0s3: saddr:16783984: daddr:100932208
[  701.270071] AAAAA-TCP_FORW: name:enp0s8: saddr:100932208: daddr:16783984
[  701.271231] AAAAA-TCP_FORW: name:enp0s3: saddr:16783984: daddr:100932208
[  701.342170] AAAAA-TCP_FORW: name:enp0s8: saddr:100932208: daddr:16783984
[  701.343378] AAAAA-TCP_FORW: name:enp0s3: saddr:16783984: daddr:100932208
[  701.423596] AAAAA-TCP_FORW: name:enp0s8: saddr:100932208: daddr:16783984
[  701.424782] AAAAA-TCP_FORW: name:enp0s3: saddr:16783984: daddr:100932208
[  701.490699] AAAAA-TCP_FORW: name:enp0s8: saddr:100932208: daddr:16783984
[  701.491873] AAAAA-TCP_FORW: name:enp0s3: saddr:16783984: daddr:100932208
[  701.550462] AAAAA-TCP_FORW: name:enp0s8: saddr:100932208: daddr:16783984
[  701.551625] AAAAA-TCP_FORW: name:enp0s3: saddr:16783984: daddr:100932208
[  701.588523] AAAAA-TCP_FORW: name:enp0s8: saddr:100932208: daddr:16783984
[  701.589725] AAAAA-TCP_FORW: name:enp0s3: saddr:16783984: daddr:100932208
[  701.652529] AAAAA-TCP_FORW: name:enp0s8: saddr:100932208: daddr:16783984
[  701.693600] AAAAA-TCP_FORW: name:enp0s3: saddr:16783984: daddr:100932208
[  701.726650] AAAAA-TCP_FORW: name:enp0s8: saddr:100932208: daddr:16783984
[  701.807730] AAAAA-TCP_FORW: name:enp0s8: saddr:100932208: daddr:16783984
[  701.809164] AAAAA-TCP_FORW: name:enp0s3: saddr:16783984: daddr:100932208
[  701.846905] AAAAA-TCP_FORW: name:enp0s8: saddr:100932208: daddr:16783984
[  701.909461] AAAAA-TCP_FORW: name:enp0s8: saddr:100932208: daddr:16783984
[  701.910409] AAAAA-TCP_FORW: name:enp0s3: saddr:16783984: daddr:100932208
[  701.967583] AAAAA-TCP_FORW: name:enp0s8: saddr:100932208: daddr:16783984
[  702.012994] AAAAA-TCP_FORW: name:enp0s8: saddr:100932208: daddr:16783984
[  702.014655] AAAAA-TCP_FORW: name:enp0s3: saddr:16783984: daddr:100932208
[  702.054679] AAAAA-TCP_FORW: name:enp0s8: saddr:100932208: daddr:16783984
[  702.137082] AAAAA-TCP_FORW: name:enp0s8: saddr:100932208: daddr:16783984
[  702.138355] AAAAA-TCP_FORW: name:enp0s3: saddr:16783984: daddr:100932208
[  702.222928] AAAAA-TCP_FORW: name:enp0s8: saddr:100932208: daddr:16783984
[  702.280268] AAAAA-TCP_FORW: name:enp0s8: saddr:100932208: daddr:16783984
[  702.281588] AAAAA-TCP_FORW: name:enp0s3: saddr:16783984: daddr:100932208
[  702.340470] AAAAA-TCP_FORW: name:enp0s8: saddr:100932208: daddr:16783984
[  702.355436] AAAAA-TCP_FORW: name:enp0s8: saddr:100932208: daddr:16783984
[  702.356651] AAAAA-TCP_FORW: name:enp0s3: saddr:16783984: daddr:100932208
[  702.440960] AAAAA-TCP_FORW: name:enp0s8: saddr:100932208: daddr:16783984
[  702.476853] AAAAA-TCP_FORW: name:enp0s8: saddr:100932208: daddr:16783984
[  702.478081] AAAAA-TCP_FORW: name:enp0s3: saddr:16783984: daddr:100932208
[  702.565215] AAAAA-TCP_FORW: name:enp0s8: saddr:100932208: daddr:16783984
[  702.612733] AAAAA-TCP_FORW: name:enp0s8: saddr:100932208: daddr:16783984
[  702.613893] AAAAA-TCP_FORW: name:enp0s3: saddr:16783984: daddr:100932208
[  702.647721] AAAAA-TCP_FORW: name:enp0s8: saddr:100932208: daddr:16783984
[  702.648918] AAAAA-TCP_FORW: name:enp0s3: saddr:16783984: daddr:100932208
[  702.696830] AAAAA-TCP_FORW: name:enp0s8: saddr:100932208: daddr:16783984
[  702.698048] AAAAA-TCP_FORW: name:enp0s3: saddr:16783984: daddr:100932208
[  702.737651] AAAAA-TCP_FORW: name:enp0s8: saddr:100932208: daddr:16783984
[  702.740089] AAAAA-TCP_FORW: name:enp0s3: saddr:16783984: daddr:100932208
[  702.766483] AAAAA-TCP_FORW: name:enp0s8: saddr:100932208: daddr:16783984
[  702.768937] AAAAA-TCP_FORW: name:enp0s3: saddr:16783984: daddr:100932208
[  702.841040] AAAAA-TCP_FORW: name:enp0s8: saddr:100932208: daddr:16783984
[  702.843542] AAAAA-TCP_FORW: name:enp0s3: saddr:16783984: daddr:100932208
[  702.980817] AAAAA-TCP_FORW: name:enp0s8: saddr:100932208: daddr:33561200
[  702.982005] AAAAA-TCP_FORW: name:enp0s3: saddr:33561200: daddr:100932208
[  703.038181] AAAAA-TCP_FORW: name:enp0s8: saddr:100932208: daddr:33561200
[  703.039430] AAAAA-TCP_FORW: name:enp0s3: saddr:33561200: daddr:100932208
[  703.475492] AAAAA-TCP_FORW: name:enp0s8: saddr:100932208: daddr:33561200
[  703.476214] AAAAA-TCP_FORW: name:enp0s3: saddr:33561200: daddr:100932208
[  703.570627] AAAAA-TCP_FORW: name:enp0s8: saddr:100932208: daddr:33561200
[  703.571803] AAAAA-TCP_FORW: name:enp0s3: saddr:33561200: daddr:100932208
[  703.885804] AAAAA-TCP_FORW: name:enp0s8: saddr:100932208: daddr:16783984
[  703.887031] AAAAA-TCP_FORW: name:enp0s3: saddr:16783984: daddr:100932208
[  703.969116] AAAAA-TCP_FORW: name:enp0s8: saddr:100932208: daddr:16783984
[  703.970327] AAAAA-TCP_FORW: name:enp0s3: saddr:16783984: daddr:100932208
[  724.259531] AAAAA-TCP_FORW: name:enp0s8: saddr:100932208: daddr:16783984
[  724.260883] AAAAA-TCP_FORW: name:enp0s3: saddr:16783984: daddr:100932208
[  725.600335] AAAAA-TCP_FORW: name:enp0s8: saddr:100932208: daddr:16783984
[  725.601672] AAAAA-TCP_FORW: name:enp0s3: saddr:16783984: daddr:100932208
[  725.874682] AAAAA-TCP_FORW: name:enp0s8: saddr:100932208: daddr:16783984
[  725.875698] AAAAA-TCP_FORW: name:enp0s3: saddr:16783984: daddr:100932208
[  726.063284] AAAAA-TCP_FORW: name:enp0s8: saddr:100932208: daddr:16783984
[  726.064011] AAAAA-TCP_FORW: name:enp0s3: saddr:16783984: daddr:100932208
[  726.759403] AAAAA-TCP_FORW: name:enp0s8: saddr:100932208: daddr:16783984
[  726.760330] AAAAA-TCP_FORW: name:enp0s3: saddr:16783984: daddr:100932208
[  726.901359] AAAAA-TCP_FORW: name:enp0s8: saddr:100932208: daddr:16783984
[  726.902111] AAAAA-TCP_FORW: name:enp0s3: saddr:16783984: daddr:100932208
[  727.822819] AAAAA-TCP_FORW: name:enp0s8: saddr:100932208: daddr:16783984
[  727.823893] AAAAA-TCP_FORW: name:enp0s3: saddr:16783984: daddr:100932208
[  728.316535] AAAAA-TCP_FORW: name:enp0s8: saddr:100932208: daddr:16783984
[  728.317670] AAAAA-TCP_FORW: name:enp0s3: saddr:16783984: daddr:100932208
[  728.452594] AAAAA-TCP_FORW: name:enp0s8: saddr:100932208: daddr:16783984
[  728.453460] AAAAA-TCP_FORW: name:enp0s3: saddr:16783984: daddr:100932208
[  728.574600] AAAAA-TCP_FORW: name:enp0s8: saddr:100932208: daddr:16783984
[  728.575541] AAAAA-TCP_FORW: name:enp0s3: saddr:16783984: daddr:100932208
[  728.778101] AAAAA-TCP_FORW: name:enp0s8: saddr:100932208: daddr:16783984
[  728.778910] AAAAA-TCP_FORW: name:enp0s3: saddr:16783984: daddr:100932208
[  728.867109] AAAAA-TCP_FORW: name:enp0s8: saddr:100932208: daddr:16783984
[  728.868159] AAAAA-TCP_FORW: name:enp0s3: saddr:16783984: daddr:100932208
[  729.172961] AAAAA-TCP_FORW: name:enp0s8: saddr:100932208: daddr:16783984
[  729.174140] AAAAA-TCP_FORW: name:enp0s3: saddr:16783984: daddr:100932208
[  729.262043] AAAAA-TCP_FORW: name:enp0s8: saddr:100932208: daddr:16783984
[  729.263260] AAAAA-TCP_FORW: name:enp0s3: saddr:16783984: daddr:100932208
[  729.772518] AAAAA-TCP_FORW: name:enp0s8: saddr:100932208: daddr:16783984
[  729.773521] AAAAA-TCP_FORW: name:enp0s3: saddr:16783984: daddr:100932208
[  730.390293] AAAAA-TCP_FORW: name:enp0s8: saddr:100932208: daddr:16783984
[  730.391366] AAAAA-TCP_FORW: name:enp0s3: saddr:16783984: daddr:100932208
[  730.489667] AAAAA-TCP_FORW: name:enp0s8: saddr:100932208: daddr:16783984
[  730.490481] AAAAA-TCP_FORW: name:enp0s3: saddr:16783984: daddr:100932208
[  730.924766] AAAAA-TCP_FORW: name:enp0s8: saddr:100932208: daddr:16783984
[  730.925612] AAAAA-TCP_FORW: name:enp0s3: saddr:16783984: daddr:100932208
[  731.272570] AAAAA-TCP_FORW: name:enp0s8: saddr:100932208: daddr:16783984
[  731.273435] AAAAA-TCP_FORW: name:enp0s3: saddr:16783984: daddr:100932208
[  731.514598] AAAAA-TCP_FORW: name:enp0s8: saddr:100932208: daddr:16783984
[  731.515438] AAAAA-TCP_FORW: name:enp0s3: saddr:16783984: daddr:100932208
[  731.621198] AAAAA-TCP_FORW: name:enp0s8: saddr:100932208: daddr:16783984
[  731.622193] AAAAA-TCP_FORW: name:enp0s3: saddr:16783984: daddr:100932208
[  731.829093] AAAAA-TCP_FORW: name:enp0s8: saddr:100932208: daddr:16783984
[  731.829931] AAAAA-TCP_FORW: name:enp0s3: saddr:16783984: daddr:100932208
[  731.939714] AAAAA-TCP_FORW: name:enp0s8: saddr:100932208: daddr:16783984
[  731.940628] AAAAA-TCP_FORW: name:enp0s3: saddr:16783984: daddr:100932208
[  732.574102] AAAAA-TCP_FORW: name:enp0s8: saddr:100932208: daddr:16783984
[  732.575062] AAAAA-TCP_FORW: name:enp0s3: saddr:16783984: daddr:100932208
[  732.646472] AAAAA-TCP_FORW: name:enp0s8: saddr:100932208: daddr:16783984
[  732.647295] AAAAA-TCP_FORW: name:enp0s3: saddr:16783984: daddr:100932208
[  732.846201] AAAAA-TCP_FORW: name:enp0s8: saddr:100932208: daddr:33561200
[  732.925188] AAAAA-TCP_FORW: name:enp0s8: saddr:100932208: daddr:33561200
[  733.008126] AAAAA-TCP_FORW: name:enp0s8: saddr:100932208: daddr:33561200
[  733.129809] AAAAA-TCP_FORW: name:enp0s8: saddr:100932208: daddr:33561200
[  733.333414] AAAAA-TCP_FORW: name:enp0s8: saddr:100932208: daddr:16783984
[  733.545765] AAAAA-TCP_FORW: name:enp0s8: saddr:100932208: daddr:16783984
[  733.602856] AAAAA-TCP_FORW: name:enp0s8: saddr:100932208: daddr:33561200
[  733.713153] AAAAA-TCP_FORW: name:enp0s8: saddr:100932208: daddr:16783984
[  733.811244] AAAAA-TCP_FORW: name:enp0s8: saddr:100932208: daddr:33561200
[  733.844597] AAAAA-TCP_FORW: name:enp0s8: saddr:100932208: daddr:33561200
[  734.042210] AAAAA-TCP_FORW: name:enp0s8: saddr:100932208: daddr:16783984
[  734.520349] AAAAA-TCP_FORW: name:enp0s8: saddr:100932208: daddr:33561200
[  734.614330] AAAAA-TCP_FORW: name:enp0s8: saddr:100932208: daddr:16783984
[  734.724284] AAAAA-TCP_FORW: name:enp0s8: saddr:100932208: daddr:33561200
[  734.779031] AAAAA-TCP_FORW: name:enp0s8: saddr:100932208: daddr:16783984
[  734.859544] AAAAA-TCP_FORW: name:enp0s8: saddr:100932208: daddr:33561200
[  734.948361] AAAAA-TCP_FORW: name:enp0s8: saddr:100932208: daddr:33561200
[  735.050864] AAAAA-TCP_FORW: name:enp0s8: saddr:100932208: daddr:33561200
[  735.157439] AAAAA-TCP_FORW: name:enp0s8: saddr:100932208: daddr:33561200
[  735.705740] AAAAA-TCP_FORW: name:enp0s8: saddr:100932208: daddr:16783984
[  736.170321] AAAAA-TCP_FORW: name:enp0s8: saddr:100932208: daddr:16783984
[  736.464905] AAAAA-TCP_FORW: name:enp0s8: saddr:100932208: daddr:16783984
[  736.681442] AAAAA-TCP_FORW: name:enp0s8: saddr:100932208: daddr:16783984
[  736.884325] AAAAA-TCP_FORW: name:enp0s8: saddr:100932208: daddr:16783984
[  736.970809] AAAAA-TCP_FORW: name:enp0s8: saddr:100932208: daddr:16783984
[  737.195023] AAAAA-TCP_FORW: name:enp0s8: saddr:100932208: daddr:16783984
[  737.311816] AAAAA-TCP_FORW: name:enp0s8: saddr:100932208: daddr:16783984
[  737.425519] AAAAA-TCP_FORW: name:enp0s8: saddr:100932208: daddr:16783984
[  737.593975] AAAAA-TCP_FORW: name:enp0s8: saddr:100932208: daddr:16783984
[  737.653383] AAAAA-TCP_FORW: name:enp0s8: saddr:100932208: daddr:16783984
[  737.718552] AAAAA-TCP_FORW: name:enp0s8: saddr:100932208: daddr:16783984
[  737.914124] AAAAA-TCP_FORW: name:enp0s8: saddr:100932208: daddr:16783984
[  739.065591] AAAAA-TCP_FORW: name:enp0s8: saddr:100932208: daddr:16783984
[  739.226740] AAAAA-TCP_FORW: name:enp0s8: saddr:100932208: daddr:16783984
[  739.381888] AAAAA-TCP_FORW: name:enp0s8: saddr:100932208: daddr:16783984
[  739.698626] AAAAA-TCP_FORW: name:enp0s8: saddr:100932208: daddr:16783984
[  740.043720] AAAAA-TCP_FORW: name:enp0s8: saddr:100932208: daddr:16783984
[  740.250442] AAAAA-TCP_FORW: name:enp0s8: saddr:100932208: daddr:16783984
[  740.422387] AAAAA-TCP_FORW: name:enp0s8: saddr:100932208: daddr:16783984
[  740.710231] AAAAA-TCP_FORW: name:enp0s8: saddr:100932208: daddr:16783984
[  740.893040] AAAAA-TCP_FORW: name:enp0s8: saddr:100932208: daddr:16783984
[  740.959480] AAAAA-TCP_FORW: name:enp0s8: saddr:100932208: daddr:16783984
[  741.086539] AAAAA-TCP_FORW: name:enp0s8: saddr:100932208: daddr:16783984
[  741.252298] AAAAA-TCP_FORW: name:enp0s8: saddr:100932208: daddr:16783984
[  741.434497] AAAAA-TCP_FORW: name:enp0s8: saddr:100932208: daddr:16783984
[  741.496238] AAAAA-TCP_FORW: name:enp0s8: saddr:100932208: daddr:16783984
[  741.691946] AAAAA-TCP_FORW: name:enp0s8: saddr:100932208: daddr:16783984
[  741.784190] AAAAA-TCP_FORW: name:enp0s8: saddr:100932208: daddr:16783984
[  741.938816] AAAAA-TCP_FORW: name:enp0s8: saddr:100932208: daddr:16783984
[  742.106311] AAAAA-TCP_FORW: name:enp0s8: saddr:100932208: daddr:16783984
[  742.248587] AAAAA-TCP_FORW: name:enp0s8: saddr:100932208: daddr:16783984
[  742.360547] AAAAA-TCP_FORW: name:enp0s8: saddr:100932208: daddr:16783984
[  742.505276] AAAAA-TCP_FORW: name:enp0s8: saddr:100932208: daddr:16783984
[  742.654514] AAAAA-TCP_FORW: name:enp0s8: saddr:100932208: daddr:16783984
[  742.800210] AAAAA-TCP_FORW: name:enp0s8: saddr:100932208: daddr:16783984
[  742.987616] AAAAA-TCP_FORW: name:enp0s8: saddr:100932208: daddr:16783984
[  743.529515] AAAAA-TCP_FORW: name:enp0s8: saddr:100932208: daddr:16783984
[  743.530308] AAAAA-TCP_FORW: name:enp0s3: saddr:16783984: daddr:100932208
[  743.780378] AAAAA-TCP_FORW: name:enp0s8: saddr:100932208: daddr:16783984
[  743.781119] AAAAA-TCP_FORW: name:enp0s3: saddr:16783984: daddr:100932208
[  744.603998] AAAAA-TCP_FORW: name:enp0s8: saddr:100932208: daddr:16783984
[  744.605005] AAAAA-TCP_FORW: name:enp0s3: saddr:16783984: daddr:100932208
[  744.774483] AAAAA-TCP_FORW: name:enp0s8: saddr:100932208: daddr:16783984
[  744.775221] AAAAA-TCP_FORW: name:enp0s3: saddr:16783984: daddr:100932208
[  744.888087] AAAAA-TCP_FORW: name:enp0s8: saddr:100932208: daddr:16783984
[  744.888847] AAAAA-TCP_FORW: name:enp0s3: saddr:16783984: daddr:100932208
[  745.529935] AAAAA-TCP_FORW: name:enp0s8: saddr:100932208: daddr:16783984
[  745.530748] AAAAA-TCP_FORW: name:enp0s3: saddr:16783984: daddr:100932208
[  745.643016] AAAAA-TCP_FORW: name:enp0s8: saddr:100932208: daddr:16783984
[  745.643790] AAAAA-TCP_FORW: name:enp0s3: saddr:16783984: daddr:100932208
[  745.792208] AAAAA-TCP_FORW: name:enp0s8: saddr:100932208: daddr:16783984
[  745.793099] AAAAA-TCP_FORW: name:enp0s3: saddr:16783984: daddr:100932208
[  745.906684] AAAAA-TCP_FORW: name:enp0s8: saddr:100932208: daddr:16783984
[  745.907467] AAAAA-TCP_FORW: name:enp0s3: saddr:16783984: daddr:100932208
[  746.004202] AAAAA-TCP_FORW: name:enp0s8: saddr:100932208: daddr:16783984
[  746.005089] AAAAA-TCP_FORW: name:enp0s3: saddr:16783984: daddr:100932208
[  746.282377] AAAAA-TCP_FORW: name:enp0s8: saddr:100932208: daddr:16783984
[  746.283190] AAAAA-TCP_FORW: name:enp0s3: saddr:16783984: daddr:100932208
[  746.411957] AAAAA-TCP_FORW: name:enp0s8: saddr:100932208: daddr:16783984
[  746.412915] AAAAA-TCP_FORW: name:enp0s3: saddr:16783984: daddr:100932208
[  746.689620] AAAAA-TCP_FORW: name:enp0s8: saddr:100932208: daddr:16783984
[  746.690375] AAAAA-TCP_FORW: name:enp0s3: saddr:16783984: daddr:100932208
[  746.813263] AAAAA-TCP_FORW: name:enp0s8: saddr:100932208: daddr:16783984
[  746.814026] AAAAA-TCP_FORW: name:enp0s3: saddr:16783984: daddr:100932208
[  747.112579] AAAAA-TCP_FORW: name:enp0s8: saddr:100932208: daddr:16783984
[  747.113529] AAAAA-TCP_FORW: name:enp0s3: saddr:16783984: daddr:100932208
[  747.241243] AAAAA-TCP_FORW: name:enp0s8: saddr:100932208: daddr:16783984
[  747.241994] AAAAA-TCP_FORW: name:enp0s3: saddr:16783984: daddr:100932208
[  747.339168] AAAAA-TCP_FORW: name:enp0s8: saddr:100932208: daddr:16783984
[  747.340001] AAAAA-TCP_FORW: name:enp0s3: saddr:16783984: daddr:100932208
[  747.402666] AAAAA-TCP_FORW: name:enp0s8: saddr:100932208: daddr:16783984
[  747.403844] AAAAA-TCP_FORW: name:enp0s3: saddr:16783984: daddr:100932208
[  747.595401] AAAAA-TCP_FORW: name:enp0s8: saddr:100932208: daddr:16783984
[  747.596570] AAAAA-TCP_FORW: name:enp0s3: saddr:16783984: daddr:100932208
[  747.838650] AAAAA-TCP_FORW: name:enp0s8: saddr:100932208: daddr:16783984
[  747.968805] AAAAA-TCP_FORW: name:enp0s8: saddr:100932208: daddr:16783984
[  747.969813] AAAAA-TCP_FORW: name:enp0s3: saddr:16783984: daddr:100932208
[  748.150760] AAAAA-TCP_FORW: name:enp0s8: saddr:100932208: daddr:16783984
[  748.151710] AAAAA-TCP_FORW: name:enp0s3: saddr:16783984: daddr:100932208
[  748.309692] AAAAA-TCP_FORW: name:enp0s8: saddr:100932208: daddr:16783984
[  748.310648] AAAAA-TCP_FORW: name:enp0s3: saddr:16783984: daddr:100932208
[  748.409792] AAAAA-TCP_FORW: name:enp0s8: saddr:100932208: daddr:16783984
[  748.410589] AAAAA-TCP_FORW: name:enp0s3: saddr:16783984: daddr:100932208
[  748.555912] AAAAA-TCP_FORW: name:enp0s8: saddr:100932208: daddr:16783984
[  748.556676] AAAAA-TCP_FORW: name:enp0s3: saddr:16783984: daddr:100932208
[  748.700821] AAAAA-TCP_FORW: name:enp0s8: saddr:100932208: daddr:16783984
[  748.701564] AAAAA-TCP_FORW: name:enp0s3: saddr:16783984: daddr:100932208
[  748.810767] AAAAA-TCP_FORW: name:enp0s8: saddr:100932208: daddr:16783984
[  748.811525] AAAAA-TCP_FORW: name:enp0s3: saddr:16783984: daddr:100932208
[  749.039129] AAAAA-TCP_FORW: name:enp0s8: saddr:100932208: daddr:16783984
[  749.040097] AAAAA-TCP_FORW: name:enp0s3: saddr:16783984: daddr:100932208
[  749.144241] AAAAA-TCP_FORW: name:enp0s8: saddr:100932208: daddr:16783984
[  749.145106] AAAAA-TCP_FORW: name:enp0s3: saddr:16783984: daddr:100932208
[  749.266773] AAAAA-TCP_FORW: name:enp0s8: saddr:100932208: daddr:16783984
[  749.267681] AAAAA-TCP_FORW: name:enp0s3: saddr:16783984: daddr:100932208
[  749.462415] AAAAA-TCP_FORW: name:enp0s8: saddr:100932208: daddr:16783984
[  749.463413] AAAAA-TCP_FORW: name:enp0s3: saddr:16783984: daddr:100932208
[  749.607968] AAAAA-TCP_FORW: name:enp0s8: saddr:100932208: daddr:33561200
[  749.608741] AAAAA-TCP_FORW: name:enp0s3: saddr:33561200: daddr:100932208
[  749.731374] AAAAA-TCP_FORW: name:enp0s8: saddr:100932208: daddr:16783984
[  749.732117] AAAAA-TCP_FORW: name:enp0s3: saddr:16783984: daddr:100932208
[  749.924787] AAAAA-TCP_FORW: name:enp0s8: saddr:100932208: daddr:16783984
[  749.925533] AAAAA-TCP_FORW: name:enp0s3: saddr:16783984: daddr:100932208
[  750.037671] AAAAA-TCP_FORW: name:enp0s8: saddr:100932208: daddr:16783984
[  750.081501] AAAAA-TCP_FORW: name:enp0s3: saddr:16783984: daddr:100932208
[  750.158802] AAAAA-TCP_FORW: name:enp0s8: saddr:100932208: daddr:16783984
[  750.223344] AAAAA-TCP_FORW: name:enp0s8: saddr:100932208: daddr:16783984
[  750.224229] AAAAA-TCP_FORW: name:enp0s3: saddr:16783984: daddr:100932208
[  750.319045] AAAAA-TCP_FORW: name:enp0s8: saddr:100932208: daddr:16783984
[  750.387504] AAAAA-TCP_FORW: name:enp0s8: saddr:100932208: daddr:16783984
[  750.469478] AAAAA-TCP_FORW: name:enp0s3: saddr:16783984: daddr:100932208
[  750.706227] AAAAA-TCP_FORW: name:enp0s8: saddr:100932208: daddr:16783984
[  750.839230] AAAAA-TCP_FORW: name:enp0s8: saddr:100932208: daddr:16783984
[  750.909502] AAAAA-TCP_FORW: name:enp0s3: saddr:16783984: daddr:100932208
[  751.002792] AAAAA-TCP_FORW: name:enp0s8: saddr:100932208: daddr:16783984
[  751.003545] AAAAA-TCP_FORW: name:enp0s3: saddr:16783984: daddr:100932208
[  751.206618] AAAAA-TCP_FORW: name:enp0s8: saddr:100932208: daddr:16783984
[  751.207346] AAAAA-TCP_FORW: name:enp0s3: saddr:16783984: daddr:100932208
[  751.330589] AAAAA-TCP_FORW: name:enp0s8: saddr:100932208: daddr:16783984
[  751.331678] AAAAA-TCP_FORW: name:enp0s3: saddr:16783984: daddr:100932208
[  751.409598] AAAAA-TCP_FORW: name:enp0s8: saddr:100932208: daddr:16783984
[  751.410350] AAAAA-TCP_FORW: name:enp0s3: saddr:16783984: daddr:100932208
[  751.524862] AAAAA-TCP_FORW: name:enp0s8: saddr:100932208: daddr:16783984
[  751.525595] AAAAA-TCP_FORW: name:enp0s3: saddr:16783984: daddr:100932208
[  751.678935] AAAAA-TCP_FORW: name:enp0s8: saddr:100932208: daddr:16783984
[  751.679690] AAAAA-TCP_FORW: name:enp0s3: saddr:16783984: daddr:100932208
[  751.824519] AAAAA-TCP_FORW: name:enp0s8: saddr:100932208: daddr:16783984
[  751.825356] AAAAA-TCP_FORW: name:enp0s3: saddr:16783984: daddr:100932208
[  751.953535] AAAAA-TCP_FORW: name:enp0s8: saddr:100932208: daddr:16783984
[  751.954211] AAAAA-TCP_FORW: name:enp0s3: saddr:16783984: daddr:100932208
[  752.062185] AAAAA-TCP_FORW: name:enp0s8: saddr:100932208: daddr:16783984
[  752.062965] AAAAA-TCP_FORW: name:enp0s3: saddr:16783984: daddr:100932208
[  752.267076] AAAAA-TCP_FORW: name:enp0s8: saddr:100932208: daddr:33561200
[  752.267794] AAAAA-TCP_FORW: name:enp0s3: saddr:33561200: daddr:100932208
[  752.354157] AAAAA-TCP_FORW: name:enp0s8: saddr:100932208: daddr:33561200
[  752.354919] AAAAA-TCP_FORW: name:enp0s3: saddr:33561200: daddr:100932208
[  752.437903] AAAAA-TCP_FORW: name:enp0s8: saddr:100932208: daddr:33561200
[  752.438702] AAAAA-TCP_FORW: name:enp0s3: saddr:33561200: daddr:100932208
[  752.555024] AAAAA-TCP_FORW: name:enp0s8: saddr:100932208: daddr:16783984
[  752.650225] AAAAA-TCP_FORW: name:enp0s8: saddr:100932208: daddr:16783984
[  752.650953] AAAAA-TCP_FORW: name:enp0s3: saddr:16783984: daddr:100932208
[  752.797431] AAAAA-TCP_FORW: name:enp0s8: saddr:100932208: daddr:16783984
[  752.798190] AAAAA-TCP_FORW: name:enp0s3: saddr:16783984: daddr:100932208
[  752.904480] AAAAA-TCP_FORW: name:enp0s8: saddr:100932208: daddr:16783984
[  752.905219] AAAAA-TCP_FORW: name:enp0s3: saddr:16783984: daddr:100932208
[  753.057038] AAAAA-TCP_FORW: name:enp0s8: saddr:100932208: daddr:16783984
[  753.058634] AAAAA-TCP_FORW: name:enp0s3: saddr:16783984: daddr:100932208
[  753.152063] AAAAA-TCP_FORW: name:enp0s8: saddr:100932208: daddr:16783984
[  753.153867] AAAAA-TCP_FORW: name:enp0s3: saddr:16783984: daddr:100932208
[  753.449401] AAAAA-TCP_FORW: name:enp0s8: saddr:100932208: daddr:16783984
[  753.451701] AAAAA-TCP_FORW: name:enp0s3: saddr:16783984: daddr:100932208
[  753.577809] AAAAA-TCP_FORW: name:enp0s8: saddr:100932208: daddr:16783984
[  753.579501] AAAAA-TCP_FORW: name:enp0s3: saddr:16783984: daddr:100932208
[  753.669776] AAAAA-TCP_FORW: name:enp0s8: saddr:100932208: daddr:16783984
[  753.671785] AAAAA-TCP_FORW: name:enp0s3: saddr:16783984: daddr:100932208
[  753.851353] AAAAA-TCP_FORW: name:enp0s8: saddr:100932208: daddr:16783984
[  753.853345] AAAAA-TCP_FORW: name:enp0s3: saddr:16783984: daddr:100932208
[  753.938093] AAAAA-TCP_FORW: name:enp0s8: saddr:100932208: daddr:16783984
[  753.940103] AAAAA-TCP_FORW: name:enp0s3: saddr:16783984: daddr:100932208
[  754.064120] AAAAA-TCP_FORW: name:enp0s8: saddr:100932208: daddr:16783984
[  754.066040] AAAAA-TCP_FORW: name:enp0s3: saddr:16783984: daddr:100932208
[  754.180768] AAAAA-TCP_FORW: name:enp0s8: saddr:100932208: daddr:16783984
[  754.182834] AAAAA-TCP_FORW: name:enp0s3: saddr:16783984: daddr:100932208
[  754.335359] AAAAA-TCP_FORW: name:enp0s8: saddr:100932208: daddr:16783984
[  754.337102] AAAAA-TCP_FORW: name:enp0s3: saddr:16783984: daddr:100932208
[  754.499273] AAAAA-TCP_FORW: name:enp0s8: saddr:100932208: daddr:16783984
[  754.500979] AAAAA-TCP_FORW: name:enp0s3: saddr:16783984: daddr:100932208
[  754.748976] AAAAA-TCP_FORW: name:enp0s8: saddr:100932208: daddr:33561200
[  754.749727] AAAAA-TCP_FORW: name:enp0s3: saddr:33561200: daddr:100932208
[  754.844682] AAAAA-TCP_FORW: name:enp0s8: saddr:100932208: daddr:33561200
[  754.845431] AAAAA-TCP_FORW: name:enp0s3: saddr:33561200: daddr:100932208
[  754.930586] AAAAA-TCP_FORW: name:enp0s8: saddr:100932208: daddr:33561200
[  754.931281] AAAAA-TCP_FORW: name:enp0s3: saddr:33561200: daddr:100932208
[  755.013507] AAAAA-TCP_FORW: name:enp0s8: saddr:100932208: daddr:33561200
[  755.014232] AAAAA-TCP_FORW: name:enp0s3: saddr:33561200: daddr:100932208
[  755.111666] AAAAA-TCP_FORW: name:enp0s8: saddr:100932208: daddr:16783984
[  755.113407] AAAAA-TCP_FORW: name:enp0s3: saddr:16783984: daddr:100932208
[  755.173232] AAAAA-TCP_FORW: name:enp0s8: saddr:100932208: daddr:16783984
[  755.175169] AAAAA-TCP_FORW: name:enp0s3: saddr:16783984: daddr:100932208
[  755.306763] AAAAA-TCP_FORW: name:enp0s8: saddr:100932208: daddr:16783984
[  755.307726] AAAAA-TCP_FORW: name:enp0s3: saddr:16783984: daddr:100932208
[  755.564010] AAAAA-TCP_FORW: name:enp0s8: saddr:100932208: daddr:16783984
[  755.564796] AAAAA-TCP_FORW: name:enp0s3: saddr:16783984: daddr:100932208
[  755.643848] AAAAA-TCP_FORW: name:enp0s8: saddr:100932208: daddr:16783984
[  755.644995] AAAAA-TCP_FORW: name:enp0s3: saddr:16783984: daddr:100932208
[  755.789893] AAAAA-TCP_FORW: name:enp0s8: saddr:100932208: daddr:16783984
[  755.790918] AAAAA-TCP_FORW: name:enp0s3: saddr:16783984: daddr:100932208
[  756.033711] AAAAA-TCP_FORW: name:enp0s8: saddr:100932208: daddr:16783984
[  756.034681] AAAAA-TCP_FORW: name:enp0s3: saddr:16783984: daddr:100932208
[  756.159606] AAAAA-TCP_FORW: name:enp0s8: saddr:100932208: daddr:16783984
[  756.160327] AAAAA-TCP_FORW: name:enp0s3: saddr:16783984: daddr:100932208
[  756.474093] AAAAA-TCP_FORW: name:enp0s8: saddr:100932208: daddr:16783984
[  756.475163] AAAAA-TCP_FORW: name:enp0s3: saddr:16783984: daddr:100932208
[  756.655730] AAAAA-TCP_FORW: name:enp0s8: saddr:100932208: daddr:33561200
[  756.656457] AAAAA-TCP_FORW: name:enp0s3: saddr:33561200: daddr:100932208
[  756.797410] AAAAA-TCP_FORW: name:enp0s8: saddr:100932208: daddr:33561200
[  756.798398] AAAAA-TCP_FORW: name:enp0s3: saddr:33561200: daddr:100932208
[  756.950275] AAAAA-TCP_FORW: name:enp0s8: saddr:100932208: daddr:33561200
[  756.951085] AAAAA-TCP_FORW: name:enp0s3: saddr:33561200: daddr:100932208
[  757.045975] AAAAA-TCP_FORW: name:enp0s8: saddr:100932208: daddr:33561200
[  757.047001] AAAAA-TCP_FORW: name:enp0s3: saddr:33561200: daddr:100932208
[  757.193516] AAAAA-TCP_FORW: name:enp0s8: saddr:100932208: daddr:33561200
[  757.194260] AAAAA-TCP_FORW: name:enp0s3: saddr:33561200: daddr:100932208
[  757.286824] AAAAA-TCP_FORW: name:enp0s8: saddr:100932208: daddr:33561200
[  757.287800] AAAAA-TCP_FORW: name:enp0s3: saddr:33561200: daddr:100932208
[  757.388976] AAAAA-TCP_FORW: name:enp0s8: saddr:100932208: daddr:33561200
[  757.389724] AAAAA-TCP_FORW: name:enp0s3: saddr:33561200: daddr:100932208
[  757.502389] AAAAA-TCP_FORW: name:enp0s8: saddr:100932208: daddr:16783984
[  757.503372] AAAAA-TCP_FORW: name:enp0s3: saddr:16783984: daddr:100932208
[  757.602849] AAAAA-TCP_FORW: name:enp0s8: saddr:100932208: daddr:16783984
[  757.603621] AAAAA-TCP_FORW: name:enp0s3: saddr:16783984: daddr:100932208
[  757.719376] AAAAA-TCP_FORW: name:enp0s8: saddr:100932208: daddr:16783984
[  757.720233] AAAAA-TCP_FORW: name:enp0s3: saddr:16783984: daddr:100932208
[  757.848153] AAAAA-TCP_FORW: name:enp0s8: saddr:100932208: daddr:16783984
[  757.849224] AAAAA-TCP_FORW: name:enp0s3: saddr:16783984: daddr:100932208
[  757.880434] AAAAA-TCP_FORW: name:enp0s8: saddr:100932208: daddr:16783984
[  757.881205] AAAAA-TCP_FORW: name:enp0s3: saddr:16783984: daddr:100932208
[  757.958469] AAAAA-TCP_FORW: name:enp0s8: saddr:100932208: daddr:16783984
[  757.959332] AAAAA-TCP_FORW: name:enp0s3: saddr:16783984: daddr:100932208
[  758.039136] AAAAA-TCP_FORW: name:enp0s8: saddr:100932208: daddr:16783984
[  758.040035] AAAAA-TCP_FORW: name:enp0s3: saddr:16783984: daddr:100932208
[  758.078480] AAAAA-TCP_FORW: name:enp0s8: saddr:100932208: daddr:16783984
[  758.079199] AAAAA-TCP_FORW: name:enp0s3: saddr:16783984: daddr:100932208
[  758.156624] AAAAA-TCP_FORW: name:enp0s8: saddr:100932208: daddr:16783984
[  758.157552] AAAAA-TCP_FORW: name:enp0s3: saddr:16783984: daddr:100932208
[  758.184782] AAAAA-TCP_FORW: name:enp0s8: saddr:100932208: daddr:16783984
[  758.185499] AAAAA-TCP_FORW: name:enp0s3: saddr:16783984: daddr:100932208
[  758.238174] AAAAA-TCP_FORW: name:enp0s8: saddr:100932208: daddr:33561200
[  758.238913] AAAAA-TCP_FORW: name:enp0s3: saddr:33561200: daddr:100932208
[  758.357057] AAAAA-TCP_FORW: name:enp0s8: saddr:100932208: daddr:33561200
[  758.357877] AAAAA-TCP_FORW: name:enp0s3: saddr:33561200: daddr:100932208
[  758.504551] AAAAA-TCP_FORW: name:enp0s8: saddr:100932208: daddr:33561200
[  758.505459] AAAAA-TCP_FORW: name:enp0s3: saddr:33561200: daddr:100932208
[  758.603977] AAAAA-TCP_FORW: name:enp0s8: saddr:100932208: daddr:33561200
[  758.605119] AAAAA-TCP_FORW: name:enp0s3: saddr:33561200: daddr:100932208
[  758.715547] AAAAA-TCP_FORW: name:enp0s8: saddr:100932208: daddr:33561200
[  758.716274] AAAAA-TCP_FORW: name:enp0s3: saddr:33561200: daddr:100932208
[  758.884860] AAAAA-TCP_FORW: name:enp0s8: saddr:100932208: daddr:33561200
[  758.885583] AAAAA-TCP_FORW: name:enp0s3: saddr:33561200: daddr:100932208
[  758.967218] AAAAA-TCP_FORW: name:enp0s8: saddr:100932208: daddr:33561200
[  758.967973] AAAAA-TCP_FORW: name:enp0s3: saddr:33561200: daddr:100932208
[  759.049081] AAAAA-TCP_FORW: name:enp0s8: saddr:100932208: daddr:33561200
[  759.049961] AAAAA-TCP_FORW: name:enp0s3: saddr:33561200: daddr:100932208
[  759.162971] AAAAA-TCP_FORW: name:enp0s8: saddr:100932208: daddr:16783984
[  759.163741] AAAAA-TCP_FORW: name:enp0s3: saddr:16783984: daddr:100932208
[  759.227659] AAAAA-TCP_FORW: name:enp0s8: saddr:100932208: daddr:16783984
[  759.228448] AAAAA-TCP_FORW: name:enp0s3: saddr:16783984: daddr:100932208
[  759.303725] AAAAA-TCP_FORW: name:enp0s8: saddr:100932208: daddr:16783984
[  759.304640] AAAAA-TCP_FORW: name:enp0s3: saddr:16783984: daddr:100932208
[  759.436902] AAAAA-TCP_FORW: name:enp0s8: saddr:100932208: daddr:16783984
[  759.437651] AAAAA-TCP_FORW: name:enp0s3: saddr:16783984: daddr:100932208
[  759.546732] AAAAA-TCP_FORW: name:enp0s8: saddr:100932208: daddr:16783984
[  759.547451] AAAAA-TCP_FORW: name:enp0s3: saddr:16783984: daddr:100932208
[  759.650812] AAAAA-TCP_FORW: name:enp0s8: saddr:100932208: daddr:16783984
[  759.651749] AAAAA-TCP_FORW: name:enp0s3: saddr:16783984: daddr:100932208
[  759.737822] AAAAA-TCP_FORW: name:enp0s8: saddr:100932208: daddr:16783984
[  759.738647] AAAAA-TCP_FORW: name:enp0s3: saddr:16783984: daddr:100932208
[  759.853268] AAAAA-TCP_FORW: name:enp0s8: saddr:100932208: daddr:16783984
[  759.854034] AAAAA-TCP_FORW: name:enp0s3: saddr:16783984: daddr:100932208
[  759.967891] AAAAA-TCP_FORW: name:enp0s8: saddr:100932208: daddr:16783984
[  759.968769] AAAAA-TCP_FORW: name:enp0s3: saddr:16783984: daddr:100932208
[  760.041075] AAAAA-TCP_FORW: name:enp0s8: saddr:100932208: daddr:16783984
[  760.042012] AAAAA-TCP_FORW: name:enp0s3: saddr:16783984: daddr:100932208
[  760.102625] AAAAA-TCP_FORW: name:enp0s8: saddr:100932208: daddr:33561200
[  760.103344] AAAAA-TCP_FORW: name:enp0s3: saddr:33561200: daddr:100932208
[  760.218566] AAAAA-TCP_FORW: name:enp0s8: saddr:100932208: daddr:33561200
[  760.219315] AAAAA-TCP_FORW: name:enp0s3: saddr:33561200: daddr:100932208
[  760.278933] AAAAA-TCP_FORW: name:enp0s8: saddr:100932208: daddr:33561200
[  760.279919] AAAAA-TCP_FORW: name:enp0s3: saddr:33561200: daddr:100932208
[  760.388467] AAAAA-TCP_FORW: name:enp0s8: saddr:100932208: daddr:33561200
[  760.389233] AAAAA-TCP_FORW: name:enp0s3: saddr:33561200: daddr:100932208
[  760.504952] AAAAA-TCP_FORW: name:enp0s8: saddr:100932208: daddr:33561200
[  760.505728] AAAAA-TCP_FORW: name:enp0s3: saddr:33561200: daddr:100932208
[  760.614317] AAAAA-TCP_FORW: name:enp0s8: saddr:100932208: daddr:33561200
[  760.615022] AAAAA-TCP_FORW: name:enp0s3: saddr:33561200: daddr:100932208
[  760.739206] AAAAA-TCP_FORW: name:enp0s8: saddr:100932208: daddr:33561200
[  760.739879] AAAAA-TCP_FORW: name:enp0s3: saddr:33561200: daddr:100932208
[  760.835677] AAAAA-TCP_FORW: name:enp0s8: saddr:100932208: daddr:33561200
[  760.836413] AAAAA-TCP_FORW: name:enp0s3: saddr:33561200: daddr:100932208
[  760.944774] AAAAA-TCP_FORW: name:enp0s8: saddr:100932208: daddr:16783984
[  760.945516] AAAAA-TCP_FORW: name:enp0s3: saddr:16783984: daddr:100932208
[  761.059161] AAAAA-TCP_FORW: name:enp0s8: saddr:100932208: daddr:16783984
[  761.059822] AAAAA-TCP_FORW: name:enp0s3: saddr:16783984: daddr:100932208
[  761.175159] AAAAA-TCP_FORW: name:enp0s8: saddr:100932208: daddr:16783984
[  761.176032] AAAAA-TCP_FORW: name:enp0s3: saddr:16783984: daddr:100932208
[  761.361077] AAAAA-TCP_FORW: name:enp0s8: saddr:100932208: daddr:16783984
[  761.362044] AAAAA-TCP_FORW: name:enp0s3: saddr:16783984: daddr:100932208
[  761.491598] AAAAA-TCP_FORW: name:enp0s8: saddr:100932208: daddr:16783984
[  761.492444] AAAAA-TCP_FORW: name:enp0s3: saddr:16783984: daddr:100932208
[  761.659368] AAAAA-TCP_FORW: name:enp0s8: saddr:100932208: daddr:16783984
[  761.660156] AAAAA-TCP_FORW: name:enp0s3: saddr:16783984: daddr:100932208
[  761.812457] AAAAA-TCP_FORW: name:enp0s8: saddr:100932208: daddr:16783984
[  761.813021] AAAAA-TCP_FORW: name:enp0s3: saddr:16783984: daddr:100932208
[  762.014246] AAAAA-TCP_FORW: name:enp0s8: saddr:100932208: daddr:16783984
[  762.015032] AAAAA-TCP_FORW: name:enp0s3: saddr:16783984: daddr:100932208
[  762.202486] AAAAA-TCP_FORW: name:enp0s8: saddr:100932208: daddr:16783984
[  762.203448] AAAAA-TCP_FORW: name:enp0s3: saddr:16783984: daddr:100932208
[  762.303778] AAAAA-TCP_FORW: name:enp0s8: saddr:100932208: daddr:16783984
[  762.304743] AAAAA-TCP_FORW: name:enp0s3: saddr:16783984: daddr:100932208
[  762.525485] AAAAA-TCP_FORW: name:enp0s8: saddr:100932208: daddr:33561200
[  762.526773] AAAAA-TCP_FORW: name:enp0s3: saddr:33561200: daddr:100932208
[  762.644097] AAAAA-TCP_FORW: name:enp0s8: saddr:100932208: daddr:33561200
[  762.644730] AAAAA-TCP_FORW: name:enp0s3: saddr:33561200: daddr:100932208
[  762.793382] AAAAA-TCP_FORW: name:enp0s8: saddr:100932208: daddr:33561200
[  762.794117] AAAAA-TCP_FORW: name:enp0s3: saddr:33561200: daddr:100932208
[  762.917942] AAAAA-TCP_FORW: name:enp0s8: saddr:100932208: daddr:33561200
[  762.918998] AAAAA-TCP_FORW: name:enp0s3: saddr:33561200: daddr:100932208
[  763.063077] AAAAA-TCP_FORW: name:enp0s8: saddr:100932208: daddr:33561200
[  763.063848] AAAAA-TCP_FORW: name:enp0s3: saddr:33561200: daddr:100932208
[  763.180709] AAAAA-TCP_FORW: name:enp0s8: saddr:100932208: daddr:33561200
[  763.181712] AAAAA-TCP_FORW: name:enp0s3: saddr:33561200: daddr:100932208
[  763.306240] AAAAA-TCP_FORW: name:enp0s8: saddr:100932208: daddr:33561200
[  763.307442] AAAAA-TCP_FORW: name:enp0s3: saddr:33561200: daddr:100932208
[  763.468918] AAAAA-TCP_FORW: name:enp0s8: saddr:100932208: daddr:33561200
[  763.469760] AAAAA-TCP_FORW: name:enp0s3: saddr:33561200: daddr:100932208
[  763.567057] AAAAA-TCP_FORW: name:enp0s8: saddr:100932208: daddr:16783984
[  763.567891] AAAAA-TCP_FORW: name:enp0s3: saddr:16783984: daddr:100932208
[  763.737092] AAAAA-TCP_FORW: name:enp0s8: saddr:100932208: daddr:16783984
[  763.737723] AAAAA-TCP_FORW: name:enp0s3: saddr:16783984: daddr:100932208
[  763.945402] AAAAA-TCP_FORW: name:enp0s8: saddr:100932208: daddr:16783984
[  763.946570] AAAAA-TCP_FORW: name:enp0s3: saddr:16783984: daddr:100932208
[  764.192655] AAAAA-TCP_FORW: name:enp0s8: saddr:100932208: daddr:16783984
[  764.193638] AAAAA-TCP_FORW: name:enp0s3: saddr:16783984: daddr:100932208
[  764.293719] AAAAA-TCP_FORW: name:enp0s8: saddr:100932208: daddr:16783984
[  764.294443] AAAAA-TCP_FORW: name:enp0s3: saddr:16783984: daddr:100932208
[  764.450976] AAAAA-TCP_FORW: name:enp0s8: saddr:100932208: daddr:16783984
[  764.452168] AAAAA-TCP_FORW: name:enp0s3: saddr:16783984: daddr:100932208
[  764.582638] AAAAA-TCP_FORW: name:enp0s8: saddr:100932208: daddr:16783984
[  764.583793] AAAAA-TCP_FORW: name:enp0s3: saddr:16783984: daddr:100932208
[  764.686908] AAAAA-TCP_FORW: name:enp0s8: saddr:100932208: daddr:16783984
[  764.687918] AAAAA-TCP_FORW: name:enp0s3: saddr:16783984: daddr:100932208
[  764.780583] AAAAA-TCP_FORW: name:enp0s8: saddr:100932208: daddr:16783984
[  764.781755] AAAAA-TCP_FORW: name:enp0s3: saddr:16783984: daddr:100932208
[  764.972812] AAAAA-TCP_FORW: name:enp0s8: saddr:100932208: daddr:33561200
[  764.974044] AAAAA-TCP_FORW: name:enp0s3: saddr:33561200: daddr:100932208
[  765.095785] AAAAA-TCP_FORW: name:enp0s8: saddr:100932208: daddr:33561200
[  765.096548] AAAAA-TCP_FORW: name:enp0s3: saddr:33561200: daddr:100932208
[  765.229933] AAAAA-TCP_FORW: name:enp0s8: saddr:100932208: daddr:33561200
[  765.231270] AAAAA-TCP_FORW: name:enp0s3: saddr:33561200: daddr:100932208
[  765.356715] AAAAA-TCP_FORW: name:enp0s8: saddr:100932208: daddr:33561200
[  765.357923] AAAAA-TCP_FORW: name:enp0s3: saddr:33561200: daddr:100932208
[  765.458109] AAAAA-TCP_FORW: name:enp0s8: saddr:100932208: daddr:33561200
[  765.458724] AAAAA-TCP_FORW: name:enp0s3: saddr:33561200: daddr:100932208
[  765.576140] AAAAA-TCP_FORW: name:enp0s8: saddr:100932208: daddr:33561200
[  765.576905] AAAAA-TCP_FORW: name:enp0s3: saddr:33561200: daddr:100932208
[  765.655831] AAAAA-TCP_FORW: name:enp0s8: saddr:100932208: daddr:33561200
[  765.656442] AAAAA-TCP_FORW: name:enp0s3: saddr:33561200: daddr:100932208
[  765.815942] AAAAA-TCP_FORW: name:enp0s8: saddr:100932208: daddr:33561200
[  765.816752] AAAAA-TCP_FORW: name:enp0s3: saddr:33561200: daddr:100932208
[  766.045167] AAAAA-TCP_FORW: name:enp0s8: saddr:100932208: daddr:16783984
[  766.045749] AAAAA-TCP_FORW: name:enp0s3: saddr:16783984: daddr:100932208
[  766.162404] AAAAA-TCP_FORW: name:enp0s8: saddr:100932208: daddr:16783984
[  766.163430] AAAAA-TCP_FORW: name:enp0s3: saddr:16783984: daddr:100932208
[  766.245940] AAAAA-TCP_FORW: name:enp0s8: saddr:100932208: daddr:16783984
[  766.247155] AAAAA-TCP_FORW: name:enp0s3: saddr:16783984: daddr:100932208
[  766.358787] AAAAA-TCP_FORW: name:enp0s8: saddr:100932208: daddr:16783984
[  766.360063] AAAAA-TCP_FORW: name:enp0s3: saddr:16783984: daddr:100932208
[  766.439438] AAAAA-TCP_FORW: name:enp0s8: saddr:100932208: daddr:16783984
[  766.440182] AAAAA-TCP_FORW: name:enp0s3: saddr:16783984: daddr:100932208
[  766.552104] AAAAA-TCP_FORW: name:enp0s8: saddr:100932208: daddr:16783984
[  766.552704] AAAAA-TCP_FORW: name:enp0s3: saddr:16783984: daddr:100932208
[  766.679173] AAAAA-TCP_FORW: name:enp0s8: saddr:100932208: daddr:16783984
[  766.679885] AAAAA-TCP_FORW: name:enp0s3: saddr:16783984: daddr:100932208
[  766.853508] AAAAA-TCP_FORW: name:enp0s8: saddr:100932208: daddr:16783984
[  766.854654] AAAAA-TCP_FORW: name:enp0s3: saddr:16783984: daddr:100932208
[  767.089213] AAAAA-TCP_FORW: name:enp0s8: saddr:100932208: daddr:16783984
[  767.090278] AAAAA-TCP_FORW: name:enp0s3: saddr:16783984: daddr:100932208
[  767.227394] AAAAA-TCP_FORW: name:enp0s8: saddr:100932208: daddr:16783984
[  767.228535] AAAAA-TCP_FORW: name:enp0s3: saddr:16783984: daddr:100932208
[  767.381350] AAAAA-TCP_FORW: name:enp0s8: saddr:100932208: daddr:33561200
[  767.382906] AAAAA-TCP_FORW: name:enp0s3: saddr:33561200: daddr:100932208
[  767.568198] AAAAA-TCP_FORW: name:enp0s8: saddr:100932208: daddr:33561200
[  767.569407] AAAAA-TCP_FORW: name:enp0s3: saddr:33561200: daddr:100932208
[  767.713913] AAAAA-TCP_FORW: name:enp0s8: saddr:100932208: daddr:33561200
[  767.715098] AAAAA-TCP_FORW: name:enp0s3: saddr:33561200: daddr:100932208
[  767.824834] AAAAA-TCP_FORW: name:enp0s8: saddr:100932208: daddr:33561200
[  767.825973] AAAAA-TCP_FORW: name:enp0s3: saddr:33561200: daddr:100932208
[  768.022766] AAAAA-TCP_FORW: name:enp0s8: saddr:100932208: daddr:33561200
[  768.023495] AAAAA-TCP_FORW: name:enp0s3: saddr:33561200: daddr:100932208
[  768.392748] AAAAA-TCP_FORW: name:enp0s8: saddr:100932208: daddr:16783984
[  768.393993] AAAAA-TCP_FORW: name:enp0s3: saddr:16783984: daddr:100932208
[  768.505392] AAAAA-TCP_FORW: name:enp0s8: saddr:100932208: daddr:16783984
[  768.506526] AAAAA-TCP_FORW: name:enp0s3: saddr:16783984: daddr:100932208
[  768.780858] AAAAA-TCP_FORW: name:enp0s8: saddr:100932208: daddr:16783984
[  768.782052] AAAAA-TCP_FORW: name:enp0s3: saddr:16783984: daddr:100932208
[  769.307978] AAAAA-TCP_FORW: name:enp0s8: saddr:100932208: daddr:16783984
[  769.308866] AAAAA-TCP_FORW: name:enp0s3: saddr:16783984: daddr:100932208
[  769.417130] AAAAA-TCP_FORW: name:enp0s8: saddr:100932208: daddr:16783984
[  769.417967] AAAAA-TCP_FORW: name:enp0s3: saddr:16783984: daddr:100932208
[  769.542495] AAAAA-TCP_FORW: name:enp0s8: saddr:100932208: daddr:33561200
[  769.543274] AAAAA-TCP_FORW: name:enp0s3: saddr:33561200: daddr:100932208
[  769.620243] AAAAA-TCP_FORW: name:enp0s8: saddr:100932208: daddr:33561200
[  769.621454] AAAAA-TCP_FORW: name:enp0s3: saddr:33561200: daddr:100932208
[  769.941327] AAAAA-TCP_FORW: name:enp0s8: saddr:100932208: daddr:33561200
[  769.942102] AAAAA-TCP_FORW: name:enp0s3: saddr:33561200: daddr:100932208
[  770.078126] AAAAA-TCP_FORW: name:enp0s8: saddr:100932208: daddr:33561200
[  770.078920] AAAAA-TCP_FORW: name:enp0s3: saddr:33561200: daddr:100932208
[  770.333704] AAAAA-TCP_FORW: name:enp0s8: saddr:100932208: daddr:16783984
[  770.334526] AAAAA-TCP_FORW: name:enp0s3: saddr:16783984: daddr:100932208
[  770.431838] AAAAA-TCP_FORW: name:enp0s8: saddr:100932208: daddr:16783984
[  770.432966] AAAAA-TCP_FORW: name:enp0s3: saddr:16783984: daddr:100932208
[  770.708214] AAAAA-TCP_FORW: name:enp0s8: saddr:100932208: daddr:16783984
[  770.709393] AAAAA-TCP_FORW: name:enp0s3: saddr:16783984: daddr:100932208
[  771.152037] AAAAA-TCP_FORW: name:enp0s8: saddr:100932208: daddr:16783984
[  771.153327] AAAAA-TCP_FORW: name:enp0s3: saddr:16783984: daddr:100932208
[  771.434290] AAAAA-TCP_FORW: name:enp0s8: saddr:100932208: daddr:16783984
[  771.435067] AAAAA-TCP_FORW: name:enp0s3: saddr:16783984: daddr:100932208
[  771.587075] AAAAA-TCP_FORW: name:enp0s8: saddr:100932208: daddr:33561200
[  771.588380] AAAAA-TCP_FORW: name:enp0s3: saddr:33561200: daddr:100932208
[  771.777133] AAAAA-TCP_FORW: name:enp0s8: saddr:100932208: daddr:33561200
[  771.777918] AAAAA-TCP_FORW: name:enp0s3: saddr:33561200: daddr:100932208
[  772.076915] AAAAA-TCP_FORW: name:enp0s8: saddr:100932208: daddr:33561200
[  772.077564] AAAAA-TCP_FORW: name:enp0s3: saddr:33561200: daddr:100932208
[  772.216779] AAAAA-TCP_FORW: name:enp0s8: saddr:100932208: daddr:33561200
[  772.217608] AAAAA-TCP_FORW: name:enp0s3: saddr:33561200: daddr:100932208
[  772.548919] AAAAA-TCP_FORW: name:enp0s8: saddr:100932208: daddr:16783984
[  772.550219] AAAAA-TCP_FORW: name:enp0s3: saddr:16783984: daddr:100932208
[  772.661529] AAAAA-TCP_FORW: name:enp0s8: saddr:100932208: daddr:16783984
[  772.662250] AAAAA-TCP_FORW: name:enp0s3: saddr:16783984: daddr:100932208
[  772.956266] AAAAA-TCP_FORW: name:enp0s8: saddr:100932208: daddr:16783984
[  772.957150] AAAAA-TCP_FORW: name:enp0s3: saddr:16783984: daddr:100932208
[  773.387616] AAAAA-TCP_FORW: name:enp0s8: saddr:100932208: daddr:16783984
[  773.388666] AAAAA-TCP_FORW: name:enp0s3: saddr:16783984: daddr:100932208
[  773.640429] AAAAA-TCP_FORW: name:enp0s8: saddr:100932208: daddr:16783984
[  773.641552] AAAAA-TCP_FORW: name:enp0s3: saddr:16783984: daddr:100932208
[  773.834012] AAAAA-TCP_FORW: name:enp0s8: saddr:100932208: daddr:33561200
[  773.835065] AAAAA-TCP_FORW: name:enp0s3: saddr:33561200: daddr:100932208
[  773.941604] AAAAA-TCP_FORW: name:enp0s8: saddr:100932208: daddr:33561200
[  773.942678] AAAAA-TCP_FORW: name:enp0s3: saddr:33561200: daddr:100932208
[  774.217247] AAAAA-TCP_FORW: name:enp0s8: saddr:100932208: daddr:33561200
[  774.218395] AAAAA-TCP_FORW: name:enp0s3: saddr:33561200: daddr:100932208
[  774.313620] AAAAA-TCP_FORW: name:enp0s8: saddr:100932208: daddr:33561200
[  774.314628] AAAAA-TCP_FORW: name:enp0s3: saddr:33561200: daddr:100932208
[  774.723277] AAAAA-TCP_FORW: name:enp0s8: saddr:100932208: daddr:16783984
[  774.724376] AAAAA-TCP_FORW: name:enp0s3: saddr:16783984: daddr:100932208
[  774.876195] AAAAA-TCP_FORW: name:enp0s8: saddr:100932208: daddr:16783984
[  774.877104] AAAAA-TCP_FORW: name:enp0s3: saddr:16783984: daddr:100932208
[  774.941808] AAAAA-TCP_FORW: name:enp0s8: saddr:100932208: daddr:16783984
[  774.942800] AAAAA-TCP_FORW: name:enp0s3: saddr:16783984: daddr:100932208
[  775.148998] AAAAA-TCP_FORW: name:enp0s8: saddr:100932208: daddr:16783984
[  775.149930] AAAAA-TCP_FORW: name:enp0s3: saddr:16783984: daddr:100932208
[  775.265975] AAAAA-TCP_FORW: name:enp0s8: saddr:100932208: daddr:16783984
[  775.266924] AAAAA-TCP_FORW: name:enp0s3: saddr:16783984: daddr:100932208
[  775.500864] AAAAA-TCP_FORW: name:enp0s8: saddr:100932208: daddr:33561200
[  775.501949] AAAAA-TCP_FORW: name:enp0s3: saddr:33561200: daddr:100932208
[  775.636205] AAAAA-TCP_FORW: name:enp0s8: saddr:100932208: daddr:33561200
[  775.637316] AAAAA-TCP_FORW: name:enp0s3: saddr:33561200: daddr:100932208
[  775.742998] AAAAA-TCP_FORW: name:enp0s8: saddr:100932208: daddr:33561200
[  775.744002] AAAAA-TCP_FORW: name:enp0s3: saddr:33561200: daddr:100932208
[  775.883769] AAAAA-TCP_FORW: name:enp0s8: saddr:100932208: daddr:33561200
[  775.884892] AAAAA-TCP_FORW: name:enp0s3: saddr:33561200: daddr:100932208
[  776.061580] AAAAA-TCP_FORW: name:enp0s8: saddr:100932208: daddr:16783984
[  776.062477] AAAAA-TCP_FORW: name:enp0s3: saddr:16783984: daddr:100932208
[  776.170881] AAAAA-TCP_FORW: name:enp0s8: saddr:100932208: daddr:16783984
[  776.171939] AAAAA-TCP_FORW: name:enp0s3: saddr:16783984: daddr:100932208
[  776.295969] AAAAA-TCP_FORW: name:enp0s8: saddr:100932208: daddr:16783984
[  776.297129] AAAAA-TCP_FORW: name:enp0s3: saddr:16783984: daddr:100932208
[  776.352486] AAAAA-TCP_FORW: name:enp0s8: saddr:100932208: daddr:16783984
[  776.353629] AAAAA-TCP_FORW: name:enp0s3: saddr:16783984: daddr:100932208
[  776.457979] AAAAA-TCP_FORW: name:enp0s8: saddr:100932208: daddr:16783984
[  776.458985] AAAAA-TCP_FORW: name:enp0s3: saddr:16783984: daddr:100932208
