[    0.000000] Linux version 5.4.243-mptcp (root@ztg) (gcc version 12.2.0 (Debian 12.2.0-14+deb12u1)) #53 SMP Wed Dec 24 23:28:15 CST 2025
[    0.000000] Command line: BOOT_IMAGE=/boot/vmlinuz-5.4.243-mptcp root=UUID=98415a12-53b7-4144-8265-0f7ece09e445 ro quiet splash
[    0.000000] KERNEL supported cpus:
[    0.000000]   Intel GenuineIntel
[    0.000000]   AMD AuthenticAMD
[    0.000000]   Hygon HygonGenuine
[    0.000000]   Centaur CentaurHauls
[    0.000000]   zhaoxin   Shanghai  
[    0.000000] x86/fpu: Supporting XSAVE feature 0x001: 'x87 floating point registers'
[    0.000000] x86/fpu: Supporting XSAVE feature 0x002: 'SSE registers'
[    0.000000] x86/fpu: Supporting XSAVE feature 0x004: 'AVX registers'
[    0.000000] x86/fpu: xstate_offset[2]:  576, xstate_sizes[2]:  256
[    0.000000] x86/fpu: Enabled xstate features 0x7, context size is 832 bytes, using 'standard' format.
[    0.000000] BIOS-provided physical RAM map:
[    0.000000] BIOS-e820: [mem 0x0000000000000000-0x000000000009fbff] usable
[    0.000000] BIOS-e820: [mem 0x000000000009fc00-0x000000000009ffff] reserved
[    0.000000] BIOS-e820: [mem 0x00000000000f0000-0x00000000000fffff] reserved
[    0.000000] BIOS-e820: [mem 0x0000000000100000-0x000000007ffeffff] usable
[    0.000000] BIOS-e820: [mem 0x000000007fff0000-0x000000007fffffff] ACPI data
[    0.000000] BIOS-e820: [mem 0x00000000fec00000-0x00000000fec00fff] reserved
[    0.000000] BIOS-e820: [mem 0x00000000fee00000-0x00000000fee00fff] reserved
[    0.000000] BIOS-e820: [mem 0x00000000fffc0000-0x00000000ffffffff] reserved
[    0.000000] NX (Execute Disable) protection: active
[    0.000000] SMBIOS 2.5 present.
[    0.000000] DMI: innotek GmbH VirtualBox/VirtualBox, BIOS VirtualBox 12/01/2006
[    0.000000] Hypervisor detected: KVM
[    0.000000] kvm-clock: Using msrs 4b564d01 and 4b564d00
[    0.000000] kvm-clock: cpu 0, msr 5a801001, primary cpu clock
[    0.000000] kvm-clock: using sched offset of 4451217668 cycles
[    0.000003] clocksource: kvm-clock: mask: 0xffffffffffffffff max_cycles: 0x1cd42e4dffb, max_idle_ns: 881590591483 ns
[    0.000005] tsc: Detected 2100.000 MHz processor
[    0.001867] e820: update [mem 0x00000000-0x00000fff] usable ==> reserved
[    0.001869] e820: remove [mem 0x000a0000-0x000fffff] usable
[    0.001873] last_pfn = 0x7fff0 max_arch_pfn = 0x400000000
[    0.001941] MTRR default type: uncachable
[    0.001942] MTRR fixed ranges enabled:
[    0.001943]   00000-9FFFF write-back
[    0.001944]   A0000-BFFFF uncachable
[    0.001945]   C0000-FFFFF write-protect
[    0.001945] MTRR variable ranges enabled:
[    0.001947]   0 base 000000000000 mask 3FFF80000000 write-back
[    0.001948]   1 disabled
[    0.001948]   2 disabled
[    0.001948]   3 disabled
[    0.001949]   4 disabled
[    0.001949]   5 disabled
[    0.001950]   6 disabled
[    0.001950]   7 disabled
[    0.001950]   8 disabled
[    0.001951]   9 disabled
[    0.001951]   10 disabled
[    0.001952]   11 disabled
[    0.001952]   12 disabled
[    0.001953]   13 disabled
[    0.001953]   14 disabled
[    0.001953]   15 disabled
[    0.001971] x86/PAT: Configuration [0-7]: WB  WC  UC- UC  WB  WP  UC- WT  
[    0.002103] found SMP MP-table at [mem 0x0009fff0-0x0009ffff]
[    0.092663] check: Scanning 1 areas for low memory corruption
[    0.092901] RAMDISK: [mem 0x32271000-0x3512ffff]
[    0.092909] ACPI: Early table checksum verification disabled
[    0.092914] ACPI: RSDP 0x00000000000E0000 000024 (v02 VBOX  )
[    0.092919] ACPI: XSDT 0x000000007FFF0030 00003C (v01 VBOX   VBOXXSDT 00000001 ASL  00000061)
[    0.092925] ACPI: FACP 0x000000007FFF00F0 0000F4 (v04 VBOX   VBOXFACP 00000001 ASL  00000061)
[    0.092931] ACPI: DSDT 0x000000007FFF02E0 002353 (v02 VBOX   VBOXBIOS 00000002 VBOX 00029BF3)
[    0.092935] ACPI: FACS 0x000000007FFF0200 000040
[    0.092939] ACPI: FACS 0x000000007FFF0200 000040
[    0.092942] ACPI: APIC 0x000000007FFF0240 000054 (v02 VBOX   VBOXAPIC 00000001 ASL  00000061)
[    0.092946] ACPI: SSDT 0x000000007FFF02A0 000038 (v01 VBOX   VBOXCPUT 00000002 VBOX 00029BF3)
[    0.092949] ACPI: Reserving FACP table memory at [mem 0x7fff00f0-0x7fff01e3]
[    0.092950] ACPI: Reserving DSDT table memory at [mem 0x7fff02e0-0x7fff2632]
[    0.092950] ACPI: Reserving FACS table memory at [mem 0x7fff0200-0x7fff023f]
[    0.092951] ACPI: Reserving FACS table memory at [mem 0x7fff0200-0x7fff023f]
[    0.092951] ACPI: Reserving APIC table memory at [mem 0x7fff0240-0x7fff0293]
[    0.092952] ACPI: Reserving SSDT table memory at [mem 0x7fff02a0-0x7fff02d7]
[    0.092966] ACPI: Local APIC address 0xfee00000
[    0.093149] No NUMA configuration found
[    0.093150] Faking a node at [mem 0x0000000000000000-0x000000007ffeffff]
[    0.093160] NODE_DATA(0) allocated [mem 0x7ffc5000-0x7ffeffff]
[    0.093422] Zone ranges:
[    0.093423]   DMA      [mem 0x0000000000001000-0x0000000000ffffff]
[    0.093424]   DMA32    [mem 0x0000000001000000-0x000000007ffeffff]
[    0.093425]   Normal   empty
[    0.093426]   Device   empty
[    0.093427] Movable zone start for each node
[    0.093428] Early memory node ranges
[    0.093429]   node   0: [mem 0x0000000000001000-0x000000000009efff]
[    0.093430]   node   0: [mem 0x0000000000100000-0x000000007ffeffff]
[    0.093433] Zeroed struct page in unavailable ranges: 114 pages
[    0.093434] Initmem setup node 0 [mem 0x0000000000001000-0x000000007ffeffff]
[    0.093435] On node 0 totalpages: 524174
[    0.093436]   DMA zone: 64 pages used for memmap
[    0.093437]   DMA zone: 21 pages reserved
[    0.093438]   DMA zone: 3998 pages, LIFO batch:0
[    0.093510]   DMA32 zone: 8128 pages used for memmap
[    0.093511]   DMA32 zone: 520176 pages, LIFO batch:63
[    0.102438] ACPI: PM-Timer IO Port: 0x4008
[    0.102441] ACPI: Local APIC address 0xfee00000
[    0.102506] IOAPIC[0]: apic_id 1, version 32, address 0xfec00000, GSI 0-23
[    0.102510] ACPI: INT_SRC_OVR (bus 0 bus_irq 0 global_irq 2 dfl dfl)
[    0.102512] ACPI: INT_SRC_OVR (bus 0 bus_irq 9 global_irq 9 low level)
[    0.102514] ACPI: IRQ0 used by override.
[    0.102515] ACPI: IRQ9 used by override.
[    0.102517] Using ACPI (MADT) for SMP configuration information
[    0.102524] smpboot: Allowing 1 CPUs, 0 hotplug CPUs
[    0.102545] PM: Registered nosave memory: [mem 0x00000000-0x00000fff]
[    0.102546] PM: Registered nosave memory: [mem 0x0009f000-0x0009ffff]
[    0.102547] PM: Registered nosave memory: [mem 0x000a0000-0x000effff]
[    0.102548] PM: Registered nosave memory: [mem 0x000f0000-0x000fffff]
[    0.102549] [mem 0x80000000-0xfebfffff] available for PCI devices
[    0.102550] Booting paravirtualized kernel on KVM
[    0.102553] clocksource: refined-jiffies: mask: 0xffffffff max_cycles: 0xffffffff, max_idle_ns: 7645519600211568 ns
[    0.102557] setup_percpu: NR_CPUS:8192 nr_cpumask_bits:1 nr_cpu_ids:1 nr_node_ids:1
[    0.103584] percpu: Embedded 60 pages/cpu s208896 r8192 d28672 u2097152
[    0.103589] pcpu-alloc: s208896 r8192 d28672 u2097152 alloc=1*2097152
[    0.103590] pcpu-alloc: [0] 0 
[    0.103616] Built 1 zonelists, mobility grouping on.  Total pages: 515961
[    0.103617] Policy zone: DMA32
[    0.103619] Kernel command line: BOOT_IMAGE=/boot/vmlinuz-5.4.243-mptcp root=UUID=98415a12-53b7-4144-8265-0f7ece09e445 ro quiet splash
[    0.104450] Dentry cache hash table entries: 262144 (order: 9, 2097152 bytes, linear)
[    0.104597] Inode-cache hash table entries: 131072 (order: 8, 1048576 bytes, linear)
[    0.104648] mem auto-init: stack:off, heap alloc:on, heap free:off
[    0.104650] Calgary: detecting Calgary via BIOS EBDA area
[    0.104651] Calgary: Unable to locate Rio Grande table in EBDA - bailing!
[    0.108756] Memory: 1967332K/2096696K available (14339K kernel code, 2398K rwdata, 4712K rodata, 2728K init, 17260K bss, 129364K reserved, 0K cma-reserved)
[    0.109653] SLUB: HWalign=64, Order=0-3, MinObjects=0, CPUs=1, Nodes=1
[    0.109669] ftrace: allocating 43186 entries in 169 pages
[    0.127687] rcu: Hierarchical RCU implementation.
[    0.127689] rcu: 	RCU restricting CPUs from NR_CPUS=8192 to nr_cpu_ids=1.
[    0.127690] 	Tasks RCU enabled.
[    0.127691] rcu: RCU calculated value of scheduler-enlistment delay is 25 jiffies.
[    0.127692] rcu: Adjusting geometry for rcu_fanout_leaf=16, nr_cpu_ids=1
[    0.130641] NR_IRQS: 524544, nr_irqs: 256, preallocated irqs: 16
[    0.130849] random: crng init done
[    0.140155] Console: colour VGA+ 80x25
[    0.140158] printk: console [tty0] enabled
[    0.140178] ACPI: Core revision 20190816
[    0.140268] APIC: Switch to symmetric I/O mode setup
[    0.140519] x2apic enabled
[    0.140758] Switched APIC routing to physical x2apic.
[    0.141894] ..TIMER: vector=0x30 apic1=0 pin1=2 apic2=-1 pin2=-1
[    0.141919] clocksource: tsc-early: mask: 0xffffffffffffffff max_cycles: 0x1e4530a99b6, max_idle_ns: 440795257976 ns
[    0.141924] Calibrating delay loop (skipped) preset value.. 4200.00 BogoMIPS (lpj=8400000)
[    0.141926] pid_max: default: 32768 minimum: 301
[    0.141952] LSM: Security Framework initializing
[    0.141961] Yama: becoming mindful.
[    0.141985] AppArmor: AppArmor initialized
[    0.142018] Mount-cache hash table entries: 4096 (order: 3, 32768 bytes, linear)
[    0.142022] Mountpoint-cache hash table entries: 4096 (order: 3, 32768 bytes, linear)
[    0.142032] *** VALIDATE tmpfs ***
[    0.142161] *** VALIDATE proc ***
[    0.142201] *** VALIDATE cgroup1 ***
[    0.142202] *** VALIDATE cgroup2 ***
[    0.142341] process: using mwait in idle threads
[    0.142345] Last level iTLB entries: 4KB 64, 2MB 8, 4MB 8
[    0.142346] Last level dTLB entries: 4KB 64, 2MB 0, 4MB 0, 1GB 4
[    0.142366] Spectre V1 : Mitigation: usercopy/swapgs barriers and __user pointer sanitization
[    0.142371] Spectre V2 : Mitigation: Retpolines
[    0.142372] Spectre V2 : Spectre v2 / SpectreRSB mitigation: Filling RSB on context switch
[    0.142372] Spectre V2 : Spectre v2 / SpectreRSB : Filling RSB on VMEXIT
[    0.142373] RETBleed: WARNING: Spectre v2 mitigation leaves CPU vulnerable to RETBleed attacks, data leaks possible!
[    0.142727] RETBleed: Vulnerable
[    0.142727] Speculative Store Bypass: Vulnerable
[    0.142732] TAA: Mitigation: TSX disabled
[    0.142732] MMIO Stale Data: Mitigation: Clear CPU buffers
[    0.146922] Freeing SMP alternatives memory: 40K
[    0.259509] smpboot: CPU0: Intel(R) Xeon(R) Silver 4216 CPU @ 2.10GHz (family: 0x6, model: 0x55, stepping: 0x7)
[    0.259622] Performance Events: unsupported p6 CPU model 85 no PMU driver, software events only.
[    0.259656] rcu: Hierarchical SRCU implementation.
[    0.260129] NMI watchdog: Perf NMI watchdog permanently disabled
[    0.260166] smp: Bringing up secondary CPUs ...
[    0.260167] smp: Brought up 1 node, 1 CPU
[    0.260168] smpboot: Max logical packages: 1
[    0.260169] smpboot: Total of 1 processors activated (4200.00 BogoMIPS)
[    0.261146] devtmpfs: initialized
[    0.261190] x86/mm: Memory block size: 128MB
[    0.261577] clocksource: jiffies: mask: 0xffffffff max_cycles: 0xffffffff, max_idle_ns: 7645041785100000 ns
[    0.261583] futex hash table entries: 256 (order: 2, 16384 bytes, linear)
[    0.261627] pinctrl core: initialized pinctrl subsystem
[    0.261739] PM: RTC time: 14:50:27, date: 2026-01-13
[    0.261856] NET: Registered protocol family 16
[    0.261921] audit: initializing netlink subsys (disabled)
[    0.261921] EISA bus registered
[    0.261921] cpuidle: using governor ladder
[    0.261921] cpuidle: using governor menu
[    0.261921] ACPI: bus type PCI registered
[    0.261921] acpiphp: ACPI Hot Plug PCI Controller Driver version: 0.5
[    0.261921] PCI: Using configuration type 1 for base access
[    0.262320] audit: type=2000 audit(1768287033.920:1): state=initialized audit_enabled=0 res=1
[    0.262396] HugeTLB registered 2.00 MiB page size, pre-allocated 0 pages
[    0.263195] ACPI: Added _OSI(Module Device)
[    0.263196] ACPI: Added _OSI(Processor Device)
[    0.263196] ACPI: Added _OSI(3.0 _SCP Extensions)
[    0.263197] ACPI: Added _OSI(Processor Aggregator Device)
[    0.263198] ACPI: Added _OSI(Linux-Dell-Video)
[    0.263199] ACPI: Added _OSI(Linux-Lenovo-NV-HDMI-Audio)
[    0.263199] ACPI: Added _OSI(Linux-HPI-Hybrid-Graphics)
[    0.265158] ACPI: 2 ACPI AML tables successfully acquired and loaded
[    0.266641] ACPI: Interpreter enabled
[    0.266652] ACPI: (supports S0 S5)
[    0.266653] ACPI: Using IOAPIC for interrupt routing
[    0.266858] PCI: Using host bridge windows from ACPI; if necessary, use "pci=nocrs" and report a bug
[    0.266962] ACPI: Enabled 2 GPEs in block 00 to 07
[    0.271893] ACPI: PCI Root Bridge [PCI0] (domain 0000 [bus 00-ff])
[    0.271898] acpi PNP0A03:00: _OSC: OS supports [ASPM ClockPM Segments MSI HPX-Type3]
[    0.272340] acpi PNP0A03:00: _OSC: not requesting OS control; OS requires [ExtendedConfig ASPM ClockPM MSI]
[    0.272348] acpi PNP0A03:00: fail to add MMCONFIG information, can't access extended PCI configuration space under this bridge.
[    0.272718] PCI host bridge to bus 0000:00
[    0.272720] pci_bus 0000:00: root bus resource [io  0x0000-0x0cf7 window]
[    0.272721] pci_bus 0000:00: root bus resource [io  0x0d00-0xffff window]
[    0.272723] pci_bus 0000:00: root bus resource [mem 0x000a0000-0x000bffff window]
[    0.272724] pci_bus 0000:00: root bus resource [mem 0x80000000-0xfdffffff window]
[    0.272725] pci_bus 0000:00: root bus resource [bus 00-ff]
[    0.272764] pci 0000:00:00.0: [8086:1237] type 00 class 0x060000
[    0.273687] pci 0000:00:01.0: [8086:7000] type 00 class 0x060100
[    0.274572] pci 0000:00:01.1: [8086:7111] type 00 class 0x01018a
[    0.274940] pci 0000:00:01.1: reg 0x20: [io  0xd000-0xd00f]
[    0.275092] pci 0000:00:01.1: legacy IDE quirk: reg 0x10: [io  0x01f0-0x01f7]
[    0.275093] pci 0000:00:01.1: legacy IDE quirk: reg 0x14: [io  0x03f6]
[    0.275094] pci 0000:00:01.1: legacy IDE quirk: reg 0x18: [io  0x0170-0x0177]
[    0.275095] pci 0000:00:01.1: legacy IDE quirk: reg 0x1c: [io  0x0376]
[    0.275644] pci 0000:00:02.0: [15ad:0405] type 00 class 0x030000
[    0.277999] pci 0000:00:02.0: reg 0x10: [io  0xd010-0xd01f]
[    0.280825] pci 0000:00:02.0: reg 0x14: [mem 0xe0000000-0xe7ffffff pref]
[    0.283912] pci 0000:00:02.0: reg 0x18: [mem 0xf0000000-0xf01fffff]
[    0.294698] pci 0000:00:03.0: [1022:2000] type 00 class 0x020000
[    0.295383] pci 0000:00:03.0: reg 0x10: [io  0xd020-0xd03f]
[    0.295987] pci 0000:00:03.0: reg 0x14: [mem 0xf0200000-0xf0200fff]
[    0.299357] pci 0000:00:04.0: [80ee:cafe] type 00 class 0x088000
[    0.300022] pci 0000:00:04.0: reg 0x10: [io  0xd040-0xd05f]
[    0.300626] pci 0000:00:04.0: reg 0x14: [mem 0xf0400000-0xf07fffff]
[    0.301230] pci 0000:00:04.0: reg 0x18: [mem 0xf0800000-0xf0803fff pref]
[    0.304408] pci 0000:00:07.0: [8086:7113] type 00 class 0x068000
[    0.306194] pci 0000:00:07.0: quirk: [io  0x4000-0x403f] claimed by PIIX4 ACPI
[    0.306206] pci 0000:00:07.0: quirk: [io  0x4100-0x410f] claimed by PIIX4 SMB
[    0.306812] pci 0000:00:08.0: [8086:100e] type 00 class 0x020000
[    0.307506] pci 0000:00:08.0: reg 0x10: [mem 0xf0820000-0xf083ffff]
[    0.308657] pci 0000:00:08.0: reg 0x18: [io  0xd060-0xd067]
[    0.311528] pci 0000:00:09.0: [8086:100e] type 00 class 0x020000
[    0.312227] pci 0000:00:09.0: reg 0x10: [mem 0xf0840000-0xf085ffff]
[    0.313434] pci 0000:00:09.0: reg 0x18: [io  0xd068-0xd06f]
[    0.322937] ACPI: PCI Interrupt Link [LNKA] (IRQs 5 9 10 *11)
[    0.323216] ACPI: PCI Interrupt Link [LNKB] (IRQs 5 9 *10 11)
[    0.323320] ACPI: PCI Interrupt Link [LNKC] (IRQs 5 *9 10 11)
[    0.323419] ACPI: PCI Interrupt Link [LNKD] (IRQs 5 9 10 *11)
[    0.323664] iommu: Default domain type: Translated 
[    0.323724] pci 0000:00:02.0: vgaarb: setting as boot VGA device
[    0.323726] pci 0000:00:02.0: vgaarb: VGA device added: decodes=io+mem,owns=io+mem,locks=none
[    0.323728] pci 0000:00:02.0: vgaarb: bridge control possible
[    0.323728] vgaarb: loaded
[    0.323936] SCSI subsystem initialized
[    0.323966] libata version 3.00 loaded.
[    0.323985] ACPI: bus type USB registered
[    0.324001] usbcore: registered new interface driver usbfs
[    0.324007] usbcore: registered new interface driver hub
[    0.324012] usbcore: registered new device driver usb
[    0.324039] pps_core: LinuxPPS API ver. 1 registered
[    0.324039] pps_core: Software ver. 5.3.6 - Copyright 2005-2007 Rodolfo Giometti <giometti@linux.it>
[    0.324041] PTP clock support registered
[    0.324074] EDAC MC: Ver: 3.0.0
[    0.324357] PCI: Using ACPI for IRQ routing
[    0.324358] PCI: pci_cache_line_size set to 64 bytes
[    0.326051] e820: reserve RAM buffer [mem 0x0009fc00-0x0009ffff]
[    0.326055] e820: reserve RAM buffer [mem 0x7fff0000-0x7fffffff]
[    0.326846] NetLabel: Initializing
[    0.326846] NetLabel:  domain hash size = 128
[    0.326847] NetLabel:  protocols = UNLABELED CIPSOv4 CALIPSO
[    0.326866] NetLabel:  unlabeled traffic allowed by default
[    0.327781] clocksource: Switched to clocksource kvm-clock
[    0.340235] *** VALIDATE bpf ***
[    0.340289] VFS: Disk quotas dquot_6.6.0
[    0.340301] VFS: Dquot-cache hash table entries: 512 (order 0, 4096 bytes)
[    0.340322] *** VALIDATE ramfs ***
[    0.340325] *** VALIDATE hugetlbfs ***
[    0.340404] AppArmor: AppArmor Filesystem Enabled
[    0.340427] pnp: PnP ACPI init
[    0.340490] pnp 00:00: Plug and Play ACPI device, IDs PNP0303 (active)
[    0.340574] pnp 00:01: Plug and Play ACPI device, IDs PNP0f03 (active)
[    0.341339] pnp: PnP ACPI: found 2 devices
[    0.342299] thermal_sys: Registered thermal governor 'fair_share'
[    0.342300] thermal_sys: Registered thermal governor 'bang_bang'
[    0.342301] thermal_sys: Registered thermal governor 'step_wise'
[    0.342301] thermal_sys: Registered thermal governor 'user_space'
[    0.342302] thermal_sys: Registered thermal governor 'power_allocator'
[    0.346812] clocksource: acpi_pm: mask: 0xffffff max_cycles: 0xffffff, max_idle_ns: 2085701024 ns
[    0.346851] pci_bus 0000:00: resource 4 [io  0x0000-0x0cf7 window]
[    0.346852] pci_bus 0000:00: resource 5 [io  0x0d00-0xffff window]
[    0.346854] pci_bus 0000:00: resource 6 [mem 0x000a0000-0x000bffff window]
[    0.346855] pci_bus 0000:00: resource 7 [mem 0x80000000-0xfdffffff window]
[    0.346911] NET: Registered protocol family 2
[    0.346984] IP idents hash table entries: 32768 (order: 6, 262144 bytes, linear)
[    0.347134] MPTCP tokens hash table entries: 8192 (order: 4, 65536 bytes, linear)
[    0.347134] MPTCP request tokens hash table entries: 8192 (order: 4, 65536 bytes, linear)
[    0.347134] default registered
[    0.347134] default registered
[    0.347134] MPTCP: Stable release v0.96
[    0.347134] tcp_listen_portaddr_hash hash table entries: 1024 (order: 2, 16384 bytes, linear)
[    0.347134] TCP established hash table entries: 16384 (order: 5, 131072 bytes, linear)
[    0.347134] TCP bind hash table entries: 16384 (order: 6, 262144 bytes, linear)
[    0.347134] TCP: Hash tables configured (established 16384 bind 16384)
[    0.348311] UDP hash table entries: 1024 (order: 3, 32768 bytes, linear)
[    0.348322] UDP-Lite hash table entries: 1024 (order: 3, 32768 bytes, linear)
[    0.348357] NET: Registered protocol family 1
[    0.348365] NET: Registered protocol family 44
[    0.348386] pci 0000:00:00.0: Limiting direct PCI/PCI transfers
[    0.348399] pci 0000:00:01.0: Activating ISA DMA hang workarounds
[    0.348451] pci 0000:00:02.0: Video device with shadowed ROM at [mem 0x000c0000-0x000dffff]
[    0.348516] PCI: CLS 0 bytes, default 64
[    0.348560] Trying to unpack rootfs image as initramfs...
[    0.515634] Freeing initrd memory: 47868K
[    0.515634] clocksource: tsc: mask: 0xffffffffffffffff max_cycles: 0x1e4530a99b6, max_idle_ns: 440795257976 ns
[    0.515634] clocksource: Switched to clocksource tsc
[    0.515634] platform rtc_cmos: registered platform RTC device (no PNP device found)
[    0.515634] check: Scanning for low memory corruption every 60 seconds
[    0.515634] Initialise system trusted keyrings
[    0.515634] Key type blacklist registered
[    0.515634] workingset: timestamp_bits=36 max_order=19 bucket_order=0
[    0.515634] zbud: loaded
[    0.515634] squashfs: version 4.0 (2009/01/31) Phillip Lougher
[    0.515634] fuse: init (API version 7.31)
[    0.515634] *** VALIDATE fuse ***
[    0.515634] *** VALIDATE fuse ***
[    0.515634] Platform Keyring initialized
[    0.528044] Key type asymmetric registered
[    0.528045] Asymmetric key parser 'x509' registered
[    0.528056] Block layer SCSI generic (bsg) driver version 0.4 loaded (major 244)
[    0.528097] io scheduler mq-deadline registered
[    0.528221] shpchp: Standard Hot Plug PCI Controller Driver version: 0.4
[    0.528421] ACPI: AC Adapter [AC] (on-line)
[    0.528466] input: Power Button as /devices/LNXSYSTM:00/LNXPWRBN:00/input/input0
[    0.528495] ACPI: Power Button [PWRF]
[    0.528572] input: Sleep Button as /devices/LNXSYSTM:00/LNXSLPBN:00/input/input1
[    0.528586] ACPI: Sleep Button [SLPF]
[    0.528813] Serial: 8250/16550 driver, 32 ports, IRQ sharing enabled
[    0.529978] Linux agpgart interface v0.103
[    0.619153] loop: module loaded
[    0.619286] ata_piix 0000:00:01.1: version 2.13
[    0.619671] scsi host0: ata_piix
[    0.619755] scsi host1: ata_piix
[    0.619781] ata1: PATA max UDMA/33 cmd 0x1f0 ctl 0x3f6 bmdma 0xd000 irq 14
[    0.619782] ata2: PATA max UDMA/33 cmd 0x170 ctl 0x376 bmdma 0xd008 irq 15
[    0.619855] tun: Universal TUN/TAP device driver, 1.6
[    0.620150] PPP generic driver version 2.4.2
[    0.620191] VFIO - User Level meta-driver version: 0.3
[    0.620423] ehci_hcd: USB 2.0 'Enhanced' Host Controller (EHCI) Driver
[    0.620427] ehci-pci: EHCI PCI platform driver
[    0.620439] ehci-platform: EHCI generic platform driver
[    0.620444] ohci_hcd: USB 1.1 'Open' Host Controller (OHCI) Driver
[    0.620445] ohci-pci: OHCI PCI platform driver
[    0.620452] ohci-platform: OHCI generic platform driver
[    0.620456] uhci_hcd: USB Universal Host Controller Interface driver
[    0.620516] i8042: PNP: PS/2 Controller [PNP0303:PS2K,PNP0f03:PS2M] at 0x60,0x64 irq 1,12
[    0.620950] serio: i8042 KBD port at 0x60,0x64 irq 1
[    0.620954] serio: i8042 AUX port at 0x60,0x64 irq 12
[    0.621036] mousedev: PS/2 mouse device common for all mice
[    0.621279] input: AT Translated Set 2 keyboard as /devices/platform/i8042/serio0/input/input2
[    0.621672] rtc_cmos rtc_cmos: registered as rtc0
[    0.621685] rtc_cmos rtc_cmos: alarms up to one day, 114 bytes nvram
[    0.621690] i2c /dev entries driver
[    0.621729] device-mapper: uevent: version 1.0.3
[    0.621771] device-mapper: ioctl: 4.41.0-ioctl (2019-09-16) initialised: dm-devel@redhat.com
[    0.621800] platform eisa.0: Probing EISA bus 0
[    0.621801] platform eisa.0: EISA: Cannot allocate resource for mainboard
[    0.621803] platform eisa.0: Cannot allocate resource for EISA slot 1
[    0.621804] platform eisa.0: Cannot allocate resource for EISA slot 2
[    0.621805] platform eisa.0: Cannot allocate resource for EISA slot 3
[    0.621805] platform eisa.0: Cannot allocate resource for EISA slot 4
[    0.621806] platform eisa.0: Cannot allocate resource for EISA slot 5
[    0.621807] platform eisa.0: Cannot allocate resource for EISA slot 6
[    0.621808] platform eisa.0: Cannot allocate resource for EISA slot 7
[    0.621809] platform eisa.0: Cannot allocate resource for EISA slot 8
[    0.621810] platform eisa.0: EISA: Detected 0 cards
[    0.621813] intel_pstate: CPU model not supported
[    0.621821] ledtrig-cpu: registered to indicate activity on CPUs
[    0.621872] drop_monitor: Initializing network drop monitor service
[    0.622028] NET: Registered protocol family 10
[    0.627029] Segment Routing with IPv6
[    0.627059] fullmesh registered
[    0.627060] ndiffports registered
[    0.627062] binder registered
[    0.627063] roundrobin registered
[    0.627064] redundant registered
[    0.627064] blest registered
[    0.627065] ecf registered
[    0.627066] NET: Registered protocol family 17
[    0.627096] Key type dns_resolver registered
[    0.627192] RAS: Correctable Errors collector initialized.
[    0.627205] IPI shorthand broadcast: enabled
[    0.627219] sched_clock: Marking stable (612175372, 11082123)->(624877565, -1620070)
[    0.627263] registered taskstats version 1
[    0.627271] Loading compiled-in X.509 certificates
[    0.627857] Loaded X.509 cert 'Build time autogenerated kernel key: 6909f3744cebb3d0de528d5887b96a727de79b1e'
[    0.627874] zswap: loaded using pool lzo/zbud
[    0.627926] Key type ._fscrypt registered
[    0.627927] Key type .fscrypt registered
[    0.632341] Key type big_key registered
[    0.634544] Key type encrypted registered
[    0.634547] AppArmor: AppArmor sha1 policy hashing enabled
[    0.634554] ima: No TPM chip found, activating TPM-bypass!
[    0.634557] ima: Allocated hash algorithm: sha1
[    0.634562] ima: No architecture policies found
[    0.634572] evm: Initialising EVM extended attributes:
[    0.634572] evm: security.selinux
[    0.634573] evm: security.SMACK64
[    0.634573] evm: security.SMACK64EXEC
[    0.634573] evm: security.SMACK64TRANSMUTE
[    0.634574] evm: security.SMACK64MMAP
[    0.634574] evm: security.apparmor
[    0.634575] evm: security.ima
[    0.634575] evm: security.capability
[    0.634576] evm: HMAC attrs: 0x1
[    0.634863] PM:   Magic number: 10:218:839
[    0.634970] rtc_cmos rtc_cmos: setting system clock to 2026-01-13T14:50:28 UTC (1768315828)
[    0.790860] ata1.00: ATA-6: VBOX HARDDISK, 1.0, max UDMA/133
[    0.790862] ata1.00: 209715200 sectors, multi 128: LBA 
[    0.791284] scsi 0:0:0:0: Direct-Access     ATA      VBOX HARDDISK    1.0  PQ: 0 ANSI: 5
[    0.791445] sd 0:0:0:0: [sda] 209715200 512-byte logical blocks: (107 GB/100 GiB)
[    0.791452] sd 0:0:0:0: [sda] Write Protect is off
[    0.791453] sd 0:0:0:0: [sda] Mode Sense: 00 3a 00 00
[    0.791463] sd 0:0:0:0: [sda] Write cache: enabled, read cache: enabled, doesn't support DPO or FUA
[    0.791642] sd 0:0:0:0: Attached scsi generic sg0 type 0
[    0.792835]  sda: sda1 sda2
[    0.803200] sd 0:0:0:0: [sda] Attached SCSI disk
[    0.804979] Freeing unused decrypted memory: 2040K
[    0.805652] Freeing unused kernel image memory: 2728K
[    0.805654] Write protecting the kernel read-only data: 22528k
[    0.806311] Freeing unused kernel image memory: 2036K
[    0.806688] Freeing unused kernel image memory: 1432K
[    0.819612] x86/mm: Checked W+X mappings: passed, no W+X pages found.
[    0.819615] Run /init as init process
[    0.906925] ACPI: Video Device [GFX0] (multi-head: yes  rom: no  post: no)
[    0.906996] input: Video Bus as /devices/LNXSYSTM:00/LNXSYBUS:00/PNP0A03:00/LNXVIDEO:00/input/input4
[    0.918261] pcnet32: pcnet32.c:v1.35 21.Apr.2008 tsbogend@alpha.franken.de
[    0.921422] piix4_smbus 0000:00:07.0: SMBus Host Controller at 0x4100, revision 0
[    0.924329] e1000: Intel(R) PRO/1000 Network Driver - version 7.3.21-k8-NAPI
[    0.924330] e1000: Copyright (c) 1999-2006 Intel Corporation.
[    0.935937] pcnet32: PCnet/FAST III 79C973 at 0xd020, 08:00:27:d0:7d:27 assigned IRQ 19
[    0.935982] pcnet32: Found PHY 0022:561b at address 0
[    0.936280] pcnet32: eth0: registered as PCnet/FAST III 79C973
[    0.940958] pcnet32: 1 cards_found
[    1.001879] pcnet32 0000:00:03.0 enp0s3: renamed from eth0
[    1.137904] input: ImExPS/2 Generic Explorer Mouse as /devices/platform/i8042/serio1/input/input5
[    1.335981] e1000 0000:00:08.0 eth0: (PCI:33MHz:32-bit) 08:00:27:73:db:d1
[    1.335986] e1000 0000:00:08.0 eth0: Intel(R) PRO/1000 Network Connection
[    1.711414] e1000 0000:00:09.0 eth1: (PCI:33MHz:32-bit) 08:00:27:97:c7:d9
[    1.711416] e1000 0000:00:09.0 eth1: Intel(R) PRO/1000 Network Connection
[    1.712567] e1000 0000:00:09.0 enp0s9: renamed from eth1
[    1.714329] e1000 0000:00:08.0 enp0s8: renamed from eth0
[    1.856312] EXT4-fs (sda2): mounted filesystem with ordered data mode. Opts: (null)
[    1.937867] systemd[1]: Inserted module 'autofs4'
[    1.947949] systemd[1]: systemd 245.4-4ubuntu3 running in system mode. (+PAM +AUDIT +SELINUX +IMA +APPARMOR +SMACK +SYSVINIT +UTMP +LIBCRYPTSETUP +GCRYPT +GNUTLS +ACL +XZ +LZ4 +SECCOMP +BLKID +ELFUTILS +KMOD +IDN2 -IDN +PCRE2 default-hierarchy=hybrid)
[    1.947978] systemd[1]: Detected virtualization oracle.
[    1.947981] systemd[1]: Detected architecture x86-64.
[    1.949247] systemd[1]: Set hostname to <ztg>.
[    2.070673] systemd[1]: /lib/systemd/system/dbus.socket:5: ListenStream= references a path below legacy directory /var/run/, updating /var/run/dbus/system_bus_socket â†’ /run/dbus/system_bus_socket; please update the unit file accordingly.
[    2.121157] systemd[1]: Created slice system-modprobe.slice.
[    2.121341] systemd[1]: Created slice User and Session Slice.
[    2.121384] systemd[1]: Started Forward Password Requests to Wall Directory Watch.
[    2.121544] systemd[1]: Set up automount Arbitrary Executable File Formats File System Automount Point.
[    2.121577] systemd[1]: Reached target User and Group Name Lookups.
[    2.121586] systemd[1]: Reached target Remote File Systems.
[    2.121594] systemd[1]: Reached target Slices.
[    2.122081] systemd[1]: Listening on Syslog Socket.
[    2.122145] systemd[1]: Listening on fsck to fsckd communication Socket.
[    2.122181] systemd[1]: Listening on initctl Compatibility Named Pipe.
[    2.122318] systemd[1]: Listening on Journal Audit Socket.
[    2.122369] systemd[1]: Listening on Journal Socket (/dev/log).
[    2.122437] systemd[1]: Listening on Journal Socket.
[    2.122501] systemd[1]: Listening on udev Control Socket.
[    2.122540] systemd[1]: Listening on udev Kernel Socket.
[    2.123301] systemd[1]: Mounting Huge Pages File System...
[    2.124194] systemd[1]: Mounting POSIX Message Queue File System...
[    2.125059] systemd[1]: Mounting Kernel Debug File System...
[    2.125915] systemd[1]: Mounting Kernel Trace File System...
[    2.127792] systemd[1]: Starting Journal Service...
[    2.149191] systemd[1]: Starting Set the console keyboard layout...
[    2.157023] systemd[1]: Starting Create list of static device nodes for the current kernel...
[    2.158809] systemd[1]: Starting Load Kernel Module drm...
[    2.159809] systemd[1]: Condition check resulted in Set Up Additional Binary Formats being skipped.
[    2.159872] systemd[1]: Condition check resulted in File System Check on Root Device being skipped.
[    2.170319] systemd[1]: Starting Load Kernel Modules...
[    2.179087] systemd[1]: Starting Remount Root and Kernel File Systems...
[    2.187448] systemd[1]: Starting udev Coldplug all Devices...
[    2.197785] systemd[1]: Starting Uncomplicated firewall...
[    2.199020] systemd[1]: Mounted Huge Pages File System.
[    2.199110] systemd[1]: Mounted POSIX Message Queue File System.
[    2.207552] EXT4-fs (sda2): re-mounted. Opts: errors=remount-ro
[    2.209642] systemd[1]: Mounted Kernel Debug File System.
[    2.209723] systemd[1]: Mounted Kernel Trace File System.
[    2.213534] systemd[1]: Finished Create list of static device nodes for the current kernel.
[    2.213769] systemd[1]: modprobe@drm.service: Succeeded.
[    2.215319] systemd[1]: Finished Load Kernel Module drm.
[    2.219556] systemd[1]: Finished Remount Root and Kernel File Systems.
[    2.219903] systemd[1]: Finished Uncomplicated firewall.
[    2.222125] lp: driver loaded but no devices found
[    2.223350] systemd[1]: Condition check resulted in Rebuild Hardware Database being skipped.
[    2.223382] systemd[1]: Condition check resulted in Platform Persistent Storage Archival being skipped.
[    2.254863] systemd[1]: Starting Load/Save Random Seed...
[    2.261243] systemd[1]: Starting Create System Users...
[    2.267804] ppdev: user-space parallel port driver
[    2.273399] systemd[1]: Finished Load/Save Random Seed.
[    2.297535] systemd[1]: Finished Create System Users.
[    2.298249] systemd[1]: Starting Create Static Device Nodes in /dev...
[    2.322121] systemd[1]: Finished Create Static Device Nodes in /dev.
[    2.322946] systemd[1]: Starting udev Kernel Device Manager...
[    2.365969] systemd[1]: Finished udev Coldplug all Devices.
[    2.366267] [drm] DMA map mode: Caching DMA mappings.
[    2.366337] [drm] Capabilities:
[    2.366338] [drm]   Rect copy.
[    2.366338] [drm]   Cursor.
[    2.366339] [drm]   Cursor bypass.
[    2.366339] [drm]   Cursor bypass 2.
[    2.366339] [drm]   Alpha cursor.
[    2.366340] [drm]   Extended Fifo.
[    2.366340] [drm]   Pitchlock.
[    2.366340] [drm]   Irq mask.
[    2.366341] [drm]   GMR.
[    2.366341] [drm]   Traces.
[    2.366341] [drm]   GMR2.
[    2.366342] [drm]   Screen Object 2.
[    2.366342] [drm]   Command Buffers.
[    2.366342] [drm]   Command Buffers 2.
[    2.366343] [drm]   Guest Backed Resources.
[    2.366344] [drm] Max GMR ids is 8192
[    2.366344] [drm] Max number of GMR pages is 1048576
[    2.366345] [drm] Max dedicated hypervisor surface memory is 393216 kiB
[    2.366345] [drm] Maximum display memory size is 131072 kiB
[    2.366346] [drm] VRAM at 0xe0000000 size is 131072 kiB
[    2.366347] [drm] MMIO at 0xf0000000 size is 2048 kiB
[    2.368235] [TTM] Zone  kernel: Available graphics memory: 1011738 KiB
[    2.368235] [TTM] Initializing pool allocator
[    2.368239] [TTM] Initializing DMA pool allocator
[    2.368269] [drm] Supports vblank timestamp caching Rev 2 (21.10.2013).
[    2.368269] [drm] No driver support for vblank timestamp query.
[    2.368528] [drm] Screen Target Display device initialized
[    2.368745] [drm] width 720
[    2.368754] [drm] height 400
[    2.368757] [drm] bpp 32
[    2.369282] [drm] Fifo max 0x00200000 min 0x00001000 cap 0x00000355
[    2.370386] [drm] Using command buffers with DMA pool.
[    2.370391] [drm] DX: no.
[    2.370392] [drm] Atomic: yes.
[    2.370392] [drm] SM4_1: no.
[    2.370412] [drm:vmw_host_log [vmwgfx]] *ERROR* Failed to send host log message.
[    2.371800] [drm:vmw_host_log [vmwgfx]] *ERROR* Failed to send host log message.
[    2.383332] fbcon: svgadrmfb (fb0) is primary device
[    2.385425] Console: switching to colour frame buffer device 100x37
[    2.390039] [drm] Initialized vmwgfx 2.15.0 20180704 for 0000:00:02.0 on minor 0
[    2.390919] systemd[1]: Finished Load Kernel Modules.
[    2.391818] systemd[1]: Mounting FUSE Control File System...
[    2.392643] systemd[1]: Mounting Kernel Configuration File System...
[    2.393441] systemd[1]: Starting Apply Kernel Variables...
[    2.414685] systemd[1]: Mounted FUSE Control File System.
[    2.414752] systemd[1]: Condition check resulted in VMware vmblock fuse mount being skipped.
[    2.421512] systemd[1]: Mounted Kernel Configuration File System.
[    2.452657] systemd[1]: Finished Apply Kernel Variables.
[    2.453327] systemd[1]: Finished Set the console keyboard layout.
[    2.453400] systemd[1]: Reached target Local File Systems (Pre).
[    2.455228] systemd[1]: Mounting Mount unit for bare, revision 5...
[    2.457059] systemd[1]: Mounting Mount unit for core18, revision 1705...
[    2.470335] systemd[1]: Mounting Mount unit for gnome-3-34-1804, revision 24...
[    2.474255] systemd[1]: Mounting Mount unit for gtk-common-themes, revision 1506...
[    2.478275] systemd[1]: Mounting Mount unit for gtk-common-themes, revision 1535...
[    2.484456] systemd[1]: Mounting Mount unit for snap-store, revision 433...
[    2.490100] systemd[1]: Mounting Mount unit for snapd, revision 7264...
[    2.534018] systemd[1]: Mounted Mount unit for bare, revision 5.
[    2.534107] systemd[1]: Mounted Mount unit for core18, revision 1705.
[    2.546773] systemd[1]: Mounted Mount unit for gnome-3-34-1804, revision 24.
[    2.546857] systemd[1]: Mounted Mount unit for gtk-common-themes, revision 1506.
[    2.553613] systemd[1]: Started udev Kernel Device Manager.
[    2.554283] systemd[1]: Starting Show Plymouth Boot Screen...
[    2.558889] systemd[1]: Received SIGRTMIN+20 from PID 276 (plymouthd).
[    2.597655] systemd[1]: Started Show Plymouth Boot Screen.
[    2.597791] systemd[1]: Condition check resulted in Dispatch Password Requests to Console Directory Watch being skipped.
[    2.597892] systemd[1]: Started Forward Password Requests to Plymouth Directory Watch.
[    2.597925] systemd[1]: Reached target Local Encrypted Volumes.
[    2.615487] systemd[1]: Mounted Mount unit for snap-store, revision 433.
[    2.648060] systemd[1]: Mounted Mount unit for gtk-common-themes, revision 1535.
[    2.648276] systemd[1]: Mounted Mount unit for snapd, revision 7264.
[    2.648421] systemd[1]: Reached target Local File Systems.
[    2.649189] systemd[1]: Starting Load AppArmor profiles...
[    2.651659] systemd[1]: Starting Set console font and keymap...
[    2.664070] systemd[1]: Starting Tell Plymouth To Write Out Runtime Data...
[    2.664405] systemd[1]: Condition check resulted in Store a System Token in an EFI Variable being skipped.
[    2.667315] systemd[1]: Condition check resulted in Commit a transient machine-id on disk being skipped.
[    2.668009] systemd[1]: Finished Set console font and keymap.
[    2.676992] systemd[1]: Received SIGRTMIN+20 from PID 276 (plymouthd).
[    2.678614] systemd[1]: plymouth-read-write.service: Succeeded.
[    2.678878] systemd[1]: Finished Tell Plymouth To Write Out Runtime Data.
[    2.694187] audit: type=1400 audit(1768315830.556:2): apparmor="STATUS" operation="profile_load" profile="unconfined" name="nvidia_modprobe" pid=302 comm="apparmor_parser"
[    2.694190] audit: type=1400 audit(1768315830.556:3): apparmor="STATUS" operation="profile_load" profile="unconfined" name="nvidia_modprobe//kmod" pid=302 comm="apparmor_parser"
[    2.719810] audit: type=1400 audit(1768315830.584:4): apparmor="STATUS" operation="profile_load" profile="unconfined" name="/usr/sbin/tcpdump" pid=303 comm="apparmor_parser"
[    2.779791] audit: type=1400 audit(1768315830.632:5): apparmor="STATUS" operation="profile_load" profile="unconfined" name="/usr/bin/evince" pid=305 comm="apparmor_parser"
[    2.779793] audit: type=1400 audit(1768315830.632:6): apparmor="STATUS" operation="profile_load" profile="unconfined" name="/usr/bin/evince//sanitized_helper" pid=305 comm="apparmor_parser"
[    2.779794] audit: type=1400 audit(1768315830.632:7): apparmor="STATUS" operation="profile_load" profile="unconfined" name="/usr/bin/evince-previewer" pid=305 comm="apparmor_parser"
[    2.779796] audit: type=1400 audit(1768315830.632:8): apparmor="STATUS" operation="profile_load" profile="unconfined" name="/usr/bin/evince-previewer//sanitized_helper" pid=305 comm="apparmor_parser"
[    2.779798] audit: type=1400 audit(1768315830.632:9): apparmor="STATUS" operation="profile_load" profile="unconfined" name="/usr/bin/evince-thumbnailer" pid=305 comm="apparmor_parser"
[    2.793952] audit: type=1400 audit(1768315830.656:10): apparmor="STATUS" operation="profile_load" profile="unconfined" name="/usr/lib/cups/backend/cups-pdf" pid=306 comm="apparmor_parser"
[    2.873120] systemd[1]: Finished Load AppArmor profiles.
[    2.874020] systemd[1]: Starting Load AppArmor profiles managed internally by snapd...
[    2.935776] systemd[1]: Finished Load AppArmor profiles managed internally by snapd.
[    3.080617] systemd[1]: Started Journal Service.
[    3.089810] systemd-journald[229]: Received client request to flush runtime journal.
[    3.093124] systemd-journald[229]: File /var/log/journal/c455b248004a419c87ce85eea238d727/system.journal corrupted or uncleanly shut down, renaming and replacing.
[    4.350565] RAPL PMU: API unit is 2^-32 Joules, 0 fixed counters, 10737418240 ms ovfl timer
[    4.378305] cryptd: max_cpu_qlen set to 1000
[    4.463277] AVX2 version of gcm_enc/dec engaged.
[    4.463278] AES CTR mode by8 optimization enabled
[    5.213380] Adding 1998844k swap on /dev/sda1.  Priority:-2 extents:1 across:1998844k FS
[    6.107019] kauditd_printk_skb: 30 callbacks suppressed
[    6.107020] audit: type=1400 audit(1768315833.956:41): apparmor="DENIED" operation="capable" profile="/usr/sbin/cups-browsed" pid=498 comm="cups-browsed" capability=23  capname="sys_nice"
[    7.302717] pcnet32 0000:00:03.0 enp0s3: link up, 100Mbps, full-duplex
[    7.339116] e1000: enp0s8 NIC Link is Up 1000 Mbps Full Duplex, Flow Control: RX
[    7.339440] IPv6: ADDRCONF(NETDEV_CHANGE): enp0s8: link becomes ready
[    7.350221] e1000: enp0s9 NIC Link is Up 1000 Mbps Full Duplex, Flow Control: RX
[    7.350514] IPv6: ADDRCONF(NETDEV_CHANGE): enp0s9: link becomes ready
[    7.872363] device enp0s3 entered promiscuous mode
[    7.899331] audit: type=1400 audit(1768315835.756:42): apparmor="DENIED" operation="open" profile="/usr/sbin/tcpdump" name="/proc/sys/kernel/random/boot_id" pid=671 comm="tcpdump" requested_mask="r" denied_mask="r" fsuid=0 ouid=0
[    7.899590] audit: type=1400 audit(1768315835.756:43): apparmor="DENIED" operation="open" profile="/usr/sbin/tcpdump" name="/proc/sys/kernel/random/boot_id" pid=671 comm="tcpdump" requested_mask="r" denied_mask="r" fsuid=0 ouid=0
[    7.899683] audit: type=1400 audit(1768315835.756:44): apparmor="DENIED" operation="open" profile="/usr/sbin/tcpdump" name="/proc/sys/kernel/random/boot_id" pid=671 comm="tcpdump" requested_mask="r" denied_mask="r" fsuid=0 ouid=0
[    7.899885] audit: type=1400 audit(1768315835.756:45): apparmor="DENIED" operation="open" profile="/usr/sbin/tcpdump" name="/proc/sys/kernel/random/boot_id" pid=671 comm="tcpdump" requested_mask="r" denied_mask="r" fsuid=0 ouid=0
[    7.904241] audit: type=1400 audit(1768315835.764:46): apparmor="DENIED" operation="open" profile="/usr/sbin/tcpdump" name="/proc/sys/kernel/random/boot_id" pid=672 comm="tcpdump" requested_mask="r" denied_mask="r" fsuid=0 ouid=0
[    7.904424] audit: type=1400 audit(1768315835.764:47): apparmor="DENIED" operation="open" profile="/usr/sbin/tcpdump" name="/proc/sys/kernel/random/boot_id" pid=672 comm="tcpdump" requested_mask="r" denied_mask="r" fsuid=0 ouid=0
[    7.904464] audit: type=1400 audit(1768315835.764:48): apparmor="DENIED" operation="open" profile="/usr/sbin/tcpdump" name="/proc/sys/kernel/random/boot_id" pid=672 comm="tcpdump" requested_mask="r" denied_mask="r" fsuid=0 ouid=0
[    7.904693] audit: type=1400 audit(1768315835.764:49): apparmor="DENIED" operation="open" profile="/usr/sbin/tcpdump" name="/proc/sys/kernel/random/boot_id" pid=672 comm="tcpdump" requested_mask="r" denied_mask="r" fsuid=0 ouid=0
[   12.374526] rfkill: input handler disabled
[  278.537870] AAAAA-TCP_FORW: name:enp0s3: saddr:100932208: daddr:16783984
[  279.232937] AAAAA-TCP_FORW: name:enp0s3: saddr:16783984: daddr:100932208
[  279.371803] AAAAA-TCP_FORW: name:enp0s3: saddr:100932208: daddr:16783984
[  284.171637] AAAAA-TCP_FORW: name:enp0s3: saddr:100932208: daddr:16783984
[  284.553725] AAAAA-TCP_FORW: name:enp0s3: saddr:16783984: daddr:100932208
[  284.595745] AAAAA-TCP_FORW: name:enp0s3: saddr:100932208: daddr:16783984
[  284.623704] AAAAA-TCP_FORW: name:enp0s3: saddr:100932208: daddr:16783984
[  284.767014] AAAAA-TCP_FORW: name:enp0s3: saddr:16783984: daddr:100932208
[  284.845121] AAAAA-TCP_FORW: name:enp0s3: saddr:16783984: daddr:100932208
[  284.864098] AAAAA-TCP_FORW: name:enp0s3: saddr:16783984: daddr:100932208
[  284.966579] AAAAA-TCP_FORW: name:enp0s3: saddr:100932208: daddr:33561200
[  284.995981] AAAAA-TCP_FORW: name:enp0s3: saddr:100932208: daddr:16783984
[  285.033120] AAAAA-TCP_FORW: name:enp0s3: saddr:100932208: daddr:16783984
[  285.153473] AAAAA-TCP_FORW: name:enp0s3: saddr:33561200: daddr:100932208
[  285.270089] AAAAA-TCP_FORW: name:enp0s3: saddr:16783984: daddr:100932208
[  285.289416] AAAAA-TCP_FORW: name:enp0s3: saddr:100932208: daddr:33561200
[  285.353400] AAAAA-TCP_FORW: name:enp0s3: saddr:100932208: daddr:16783984
[  285.458310] AAAAA-TCP_FORW: name:enp0s3: saddr:33561200: daddr:100932208
[  285.623719] AAAAA-TCP_FORW: name:enp0s3: saddr:16783984: daddr:100932208
[  285.718698] AAAAA-TCP_FORW: name:enp0s3: saddr:16783984: daddr:100932208
[  286.996850] AAAAA-TCP_FORW: name:enp0s3: saddr:100932208: daddr:16783984
[  287.464975] AAAAA-TCP_FORW: name:enp0s3: saddr:16783984: daddr:100932208
[  287.773973] AAAAA-TCP_FORW: name:enp0s3: saddr:100932208: daddr:16783984
[  287.859353] AAAAA-TCP_FORW: name:enp0s3: saddr:16783984: daddr:100932208
[  287.901628] AAAAA-TCP_FORW: name:enp0s3: saddr:33561200: daddr:100932208
[  288.004573] AAAAA-TCP_FORW: name:enp0s3: saddr:33561200: daddr:100932208
[  288.120135] AAAAA-TCP_FORW: name:enp0s3: saddr:100932208: daddr:16783984
[  288.278287] AAAAA-TCP_FORW: name:enp0s3: saddr:16783984: daddr:100932208
[  288.361326] AAAAA-TCP_FORW: name:enp0s3: saddr:100932208: daddr:16783984
[  288.468996] AAAAA-TCP_FORW: name:enp0s3: saddr:100932208: daddr:16783984
[  288.528221] AAAAA-TCP_FORW: name:enp0s3: saddr:100932208: daddr:33561200
[  288.557444] AAAAA-TCP_FORW: name:enp0s3: saddr:16783984: daddr:100932208
[  288.559478] AAAAA-TCP_FORW: name:enp0s3: saddr:100932208: daddr:33561200
[  288.755871] AAAAA-TCP_FORW: name:enp0s3: saddr:16783984: daddr:100932208
[  288.813448] AAAAA-TCP_FORW: name:enp0s3: saddr:100932208: daddr:16783984
[  288.931929] AAAAA-TCP_FORW: name:enp0s3: saddr:33561200: daddr:100932208
[  288.988141] AAAAA-TCP_FORW: name:enp0s3: saddr:16783984: daddr:100932208
[  289.052695] AAAAA-TCP_FORW: name:enp0s3: saddr:16783984: daddr:100932208
[  289.066235] AAAAA-TCP_FORW: name:enp0s3: saddr:100932208: daddr:33561200
[  289.138967] AAAAA-TCP_FORW: name:enp0s3: saddr:100932208: daddr:33561200
[  289.199486] AAAAA-TCP_FORW: name:enp0s3: saddr:100932208: daddr:16783984
[  289.357777] AAAAA-TCP_FORW: name:enp0s3: saddr:33561200: daddr:100932208
[  289.456677] AAAAA-TCP_FORW: name:enp0s3: saddr:100932208: daddr:33561200
[  289.499227] AAAAA-TCP_FORW: name:enp0s3: saddr:33561200: daddr:100932208
[  289.519570] AAAAA-TCP_FORW: name:enp0s3: saddr:100932208: daddr:33561200
[  289.546227] AAAAA-TCP_FORW: name:enp0s3: saddr:100932208: daddr:16783984
[  289.584748] AAAAA-TCP_FORW: name:enp0s3: saddr:100932208: daddr:16783984
[  289.633781] AAAAA-TCP_FORW: name:enp0s3: saddr:100932208: daddr:16783984
[  289.666137] AAAAA-TCP_FORW: name:enp0s3: saddr:100932208: daddr:16783984
[  289.726905] AAAAA-TCP_FORW: name:enp0s3: saddr:100932208: daddr:16783984
[  289.745721] AAAAA-TCP_FORW: name:enp0s3: saddr:33561200: daddr:100932208
[  289.790544] AAAAA-TCP_FORW: name:enp0s3: saddr:100932208: daddr:16783984
[  289.898158] AAAAA-TCP_FORW: name:enp0s3: saddr:100932208: daddr:16783984
[  289.940144] AAAAA-TCP_FORW: name:enp0s3: saddr:16783984: daddr:100932208
[  289.941983] AAAAA-TCP_FORW: name:enp0s3: saddr:100932208: daddr:16783984
[  289.958510] AAAAA-TCP_FORW: name:enp0s3: saddr:16783984: daddr:100932208
[  290.027632] AAAAA-TCP_FORW: name:enp0s3: saddr:100932208: daddr:16783984
[  290.089715] AAAAA-TCP_FORW: name:enp0s3: saddr:100932208: daddr:16783984
[  290.112000] AAAAA-TCP_FORW: name:enp0s3: saddr:16783984: daddr:100932208
[  290.176761] AAAAA-TCP_FORW: name:enp0s3: saddr:100932208: daddr:33561200
[  290.205552] AAAAA-TCP_FORW: name:enp0s3: saddr:16783984: daddr:100932208
[  290.222761] AAAAA-TCP_FORW: name:enp0s3: saddr:100932208: daddr:33561200
[  290.236868] AAAAA-TCP_FORW: name:enp0s3: saddr:16783984: daddr:100932208
[  290.271404] AAAAA-TCP_FORW: name:enp0s3: saddr:100932208: daddr:33561200
[  290.328942] AAAAA-TCP_FORW: name:enp0s3: saddr:100932208: daddr:33561200
[  290.366745] AAAAA-TCP_FORW: name:enp0s3: saddr:100932208: daddr:33561200
[  290.414700] AAAAA-TCP_FORW: name:enp0s3: saddr:100932208: daddr:33561200
[  290.428856] AAAAA-TCP_FORW: name:enp0s3: saddr:16783984: daddr:100932208
[  290.471007] AAAAA-TCP_FORW: name:enp0s3: saddr:100932208: daddr:33561200
[  290.489618] AAAAA-TCP_FORW: name:enp0s3: saddr:16783984: daddr:100932208
[  290.532947] AAAAA-TCP_FORW: name:enp0s3: saddr:100932208: daddr:33561200
[  290.612469] AAAAA-TCP_FORW: name:enp0s3: saddr:16783984: daddr:100932208
[  290.622539] AAAAA-TCP_FORW: name:enp0s3: saddr:100932208: daddr:33561200
[  290.677678] AAAAA-TCP_FORW: name:enp0s3: saddr:100932208: daddr:33561200
[  290.818122] AAAAA-TCP_FORW: name:enp0s3: saddr:100932208: daddr:33561200
[  290.834585] AAAAA-TCP_FORW: name:enp0s3: saddr:16783984: daddr:100932208
[  290.897622] AAAAA-TCP_FORW: name:enp0s3: saddr:16783984: daddr:100932208
[  291.034159] AAAAA-TCP_FORW: name:enp0s3: saddr:33561200: daddr:100932208
[  291.114819] AAAAA-TCP_FORW: name:enp0s3: saddr:33561200: daddr:100932208
[  291.291062] AAAAA-TCP_FORW: name:enp0s3: saddr:33561200: daddr:100932208
[  291.346775] AAAAA-TCP_FORW: name:enp0s3: saddr:33561200: daddr:100932208
[  291.407098] AAAAA-TCP_FORW: name:enp0s3: saddr:33561200: daddr:100932208
[  291.454909] AAAAA-TCP_FORW: name:enp0s3: saddr:33561200: daddr:100932208
[  291.515616] AAAAA-TCP_FORW: name:enp0s3: saddr:33561200: daddr:100932208
[  291.678268] AAAAA-TCP_FORW: name:enp0s3: saddr:33561200: daddr:100932208
[  291.705155] AAAAA-TCP_FORW: name:enp0s3: saddr:100932208: daddr:33561200
[  291.756990] AAAAA-TCP_FORW: name:enp0s3: saddr:100932208: daddr:33561200
[  291.823234] AAAAA-TCP_FORW: name:enp0s3: saddr:100932208: daddr:33561200
[  291.858394] AAAAA-TCP_FORW: name:enp0s3: saddr:100932208: daddr:33561200
[  291.894413] AAAAA-TCP_FORW: name:enp0s3: saddr:33561200: daddr:100932208
[  291.933993] AAAAA-TCP_FORW: name:enp0s3: saddr:33561200: daddr:100932208
[  292.053183] AAAAA-TCP_FORW: name:enp0s3: saddr:33561200: daddr:100932208
[  292.077742] AAAAA-TCP_FORW: name:enp0s3: saddr:100932208: daddr:33561200
[  292.129857] AAAAA-TCP_FORW: name:enp0s3: saddr:100932208: daddr:33561200
[  292.174101] AAAAA-TCP_FORW: name:enp0s3: saddr:100932208: daddr:33561200
[  292.218150] AAAAA-TCP_FORW: name:enp0s3: saddr:100932208: daddr:33561200
[  292.246644] AAAAA-TCP_FORW: name:enp0s3: saddr:100932208: daddr:33561200
[  292.309324] AAAAA-TCP_FORW: name:enp0s3: saddr:100932208: daddr:33561200
[  292.345914] AAAAA-TCP_FORW: name:enp0s3: saddr:100932208: daddr:33561200
[  292.357105] AAAAA-TCP_FORW: name:enp0s3: saddr:100932208: daddr:33561200
[  292.405403] AAAAA-TCP_FORW: name:enp0s3: saddr:100932208: daddr:33561200
[  292.441417] AAAAA-TCP_FORW: name:enp0s3: saddr:100932208: daddr:33561200
[  292.531492] AAAAA-TCP_FORW: name:enp0s3: saddr:100932208: daddr:16783984
[  292.557562] AAAAA-TCP_FORW: name:enp0s3: saddr:33561200: daddr:100932208
[  292.625537] AAAAA-TCP_FORW: name:enp0s3: saddr:100932208: daddr:16783984
[  292.632575] AAAAA-TCP_FORW: name:enp0s3: saddr:33561200: daddr:100932208
[  292.676196] AAAAA-TCP_FORW: name:enp0s3: saddr:100932208: daddr:16783984
[  292.728371] AAAAA-TCP_FORW: name:enp0s3: saddr:100932208: daddr:16783984
[  292.775371] AAAAA-TCP_FORW: name:enp0s3: saddr:33561200: daddr:100932208
[  292.785295] AAAAA-TCP_FORW: name:enp0s3: saddr:100932208: daddr:16783984
[  292.840614] AAAAA-TCP_FORW: name:enp0s3: saddr:100932208: daddr:16783984
[  292.856223] AAAAA-TCP_FORW: name:enp0s3: saddr:33561200: daddr:100932208
[  292.907467] AAAAA-TCP_FORW: name:enp0s3: saddr:100932208: daddr:16783984
[  292.952184] AAAAA-TCP_FORW: name:enp0s3: saddr:100932208: daddr:16783984
[  292.991188] AAAAA-TCP_FORW: name:enp0s3: saddr:100932208: daddr:16783984
[  293.072332] AAAAA-TCP_FORW: name:enp0s3: saddr:100932208: daddr:16783984
[  293.104977] AAAAA-TCP_FORW: name:enp0s3: saddr:100932208: daddr:16783984
[  293.132720] AAAAA-TCP_FORW: name:enp0s3: saddr:33561200: daddr:100932208
[  293.145842] AAAAA-TCP_FORW: name:enp0s3: saddr:100932208: daddr:16783984
[  293.200084] AAAAA-TCP_FORW: name:enp0s3: saddr:100932208: daddr:16783984
[  293.255968] AAAAA-TCP_FORW: name:enp0s3: saddr:100932208: daddr:16783984
[  293.271183] AAAAA-TCP_FORW: name:enp0s3: saddr:33561200: daddr:100932208
[  293.302745] AAAAA-TCP_FORW: name:enp0s3: saddr:100932208: daddr:16783984
[  293.355644] AAAAA-TCP_FORW: name:enp0s3: saddr:100932208: daddr:16783984
[  293.371796] AAAAA-TCP_FORW: name:enp0s3: saddr:33561200: daddr:100932208
[  293.386248] AAAAA-TCP_FORW: name:enp0s3: saddr:100932208: daddr:16783984
[  293.474448] AAAAA-TCP_FORW: name:enp0s3: saddr:100932208: daddr:16783984
[  293.483350] AAAAA-TCP_FORW: name:enp0s3: saddr:33561200: daddr:100932208
[  293.546112] AAAAA-TCP_FORW: name:enp0s3: saddr:100932208: daddr:16783984
[  293.574461] AAAAA-TCP_FORW: name:enp0s3: saddr:100932208: daddr:16783984
[  293.580161] AAAAA-TCP_FORW: name:enp0s3: saddr:33561200: daddr:100932208
[  293.634193] AAAAA-TCP_FORW: name:enp0s3: saddr:100932208: daddr:33561200
[  293.690354] AAAAA-TCP_FORW: name:enp0s3: saddr:100932208: daddr:33561200
[  293.730084] AAAAA-TCP_FORW: name:enp0s3: saddr:33561200: daddr:100932208
[  293.800759] AAAAA-TCP_FORW: name:enp0s3: saddr:33561200: daddr:100932208
[  293.824349] AAAAA-TCP_FORW: name:enp0s3: saddr:100932208: daddr:33561200
[  293.867410] AAAAA-TCP_FORW: name:enp0s3: saddr:100932208: daddr:33561200
[  293.888401] AAAAA-TCP_FORW: name:enp0s3: saddr:33561200: daddr:100932208
[  293.914058] AAAAA-TCP_FORW: name:enp0s3: saddr:100932208: daddr:33561200
[  293.945047] AAAAA-TCP_FORW: name:enp0s3: saddr:33561200: daddr:100932208
[  293.964504] AAAAA-TCP_FORW: name:enp0s3: saddr:33561200: daddr:100932208
[  294.051612] AAAAA-TCP_FORW: name:enp0s3: saddr:100932208: daddr:33561200
[  294.099140] AAAAA-TCP_FORW: name:enp0s3: saddr:100932208: daddr:33561200
[  294.148119] AAAAA-TCP_FORW: name:enp0s3: saddr:100932208: daddr:33561200
[  294.195775] AAAAA-TCP_FORW: name:enp0s3: saddr:16783984: daddr:100932208
[  294.305452] AAAAA-TCP_FORW: name:enp0s3: saddr:100932208: daddr:33561200
[  294.408439] AAAAA-TCP_FORW: name:enp0s3: saddr:16783984: daddr:100932208
[  294.428982] AAAAA-TCP_FORW: name:enp0s3: saddr:100932208: daddr:33561200
[  294.447576] AAAAA-TCP_FORW: name:enp0s3: saddr:16783984: daddr:100932208
[  294.512452] AAAAA-TCP_FORW: name:enp0s3: saddr:16783984: daddr:100932208
[  294.636579] AAAAA-TCP_FORW: name:enp0s3: saddr:100932208: daddr:33561200
[  294.657982] AAAAA-TCP_FORW: name:enp0s3: saddr:16783984: daddr:100932208
[  294.671054] AAAAA-TCP_FORW: name:enp0s3: saddr:100932208: daddr:33561200
[  294.776615] AAAAA-TCP_FORW: name:enp0s3: saddr:100932208: daddr:33561200
[  294.857350] AAAAA-TCP_FORW: name:enp0s3: saddr:16783984: daddr:100932208
[  294.960472] AAAAA-TCP_FORW: name:enp0s3: saddr:100932208: daddr:33561200
[  295.162229] AAAAA-TCP_FORW: name:enp0s3: saddr:16783984: daddr:100932208
[  295.254405] AAAAA-TCP_FORW: name:enp0s3: saddr:16783984: daddr:100932208
[  295.267410] AAAAA-TCP_FORW: name:enp0s3: saddr:100932208: daddr:33561200
[  295.325320] AAAAA-TCP_FORW: name:enp0s3: saddr:100932208: daddr:33561200
[  295.361884] AAAAA-TCP_FORW: name:enp0s3: saddr:16783984: daddr:100932208
[  295.434274] AAAAA-TCP_FORW: name:enp0s3: saddr:100932208: daddr:33561200
[  295.450744] AAAAA-TCP_FORW: name:enp0s3: saddr:16783984: daddr:100932208
[  295.465594] AAAAA-TCP_FORW: name:enp0s3: saddr:100932208: daddr:16783984
[  295.550105] AAAAA-TCP_FORW: name:enp0s3: saddr:100932208: daddr:33561200
[  295.587578] AAAAA-TCP_FORW: name:enp0s3: saddr:100932208: daddr:33561200
[  295.623729] AAAAA-TCP_FORW: name:enp0s3: saddr:100932208: daddr:33561200
[  295.634464] AAAAA-TCP_FORW: name:enp0s3: saddr:16783984: daddr:100932208
[  295.763049] AAAAA-TCP_FORW: name:enp0s3: saddr:16783984: daddr:100932208
[  295.791771] AAAAA-TCP_FORW: name:enp0s3: saddr:16783984: daddr:100932208
[  295.925026] AAAAA-TCP_FORW: name:enp0s3: saddr:33561200: daddr:100932208
[  295.943336] AAAAA-TCP_FORW: name:enp0s3: saddr:100932208: daddr:16783984
[  295.972292] AAAAA-TCP_FORW: name:enp0s3: saddr:33561200: daddr:100932208
[  295.993068] AAAAA-TCP_FORW: name:enp0s3: saddr:100932208: daddr:16783984
[  296.062649] AAAAA-TCP_FORW: name:enp0s3: saddr:100932208: daddr:16783984
[  296.108407] AAAAA-TCP_FORW: name:enp0s3: saddr:100932208: daddr:16783984
[  296.173782] AAAAA-TCP_FORW: name:enp0s3: saddr:100932208: daddr:16783984
[  296.219734] AAAAA-TCP_FORW: name:enp0s3: saddr:100932208: daddr:16783984
[  296.265928] AAAAA-TCP_FORW: name:enp0s3: saddr:33561200: daddr:100932208
[  296.267867] AAAAA-TCP_FORW: name:enp0s3: saddr:100932208: daddr:16783984
[  296.312706] AAAAA-TCP_FORW: name:enp0s3: saddr:100932208: daddr:16783984
[  296.323993] AAAAA-TCP_FORW: name:enp0s3: saddr:33561200: daddr:100932208
[  296.406909] AAAAA-TCP_FORW: name:enp0s3: saddr:100932208: daddr:16783984
[  296.441300] AAAAA-TCP_FORW: name:enp0s3: saddr:100932208: daddr:16783984
[  296.481675] AAAAA-TCP_FORW: name:enp0s3: saddr:100932208: daddr:16783984
[  296.497535] AAAAA-TCP_FORW: name:enp0s3: saddr:100932208: daddr:16783984
[  296.564066] AAAAA-TCP_FORW: name:enp0s3: saddr:33561200: daddr:100932208
[  296.580616] AAAAA-TCP_FORW: name:enp0s3: saddr:100932208: daddr:16783984
[  296.621230] AAAAA-TCP_FORW: name:enp0s3: saddr:100932208: daddr:16783984
[  296.626993] AAAAA-TCP_FORW: name:enp0s3: saddr:33561200: daddr:100932208
[  296.646574] AAAAA-TCP_FORW: name:enp0s3: saddr:100932208: daddr:33561200
[  296.654578] AAAAA-TCP_FORW: name:enp0s3: saddr:33561200: daddr:100932208
[  296.704342] AAAAA-TCP_FORW: name:enp0s3: saddr:100932208: daddr:33561200
[  296.765559] AAAAA-TCP_FORW: name:enp0s3: saddr:100932208: daddr:33561200
[  296.854361] AAAAA-TCP_FORW: name:enp0s3: saddr:100932208: daddr:16783984
[  296.908500] AAAAA-TCP_FORW: name:enp0s3: saddr:33561200: daddr:100932208
[  297.022974] AAAAA-TCP_FORW: name:enp0s3: saddr:33561200: daddr:100932208
[  297.175069] AAAAA-TCP_FORW: name:enp0s3: saddr:33561200: daddr:100932208
[  297.247161] AAAAA-TCP_FORW: name:enp0s3: saddr:33561200: daddr:100932208
[  297.307725] AAAAA-TCP_FORW: name:enp0s3: saddr:33561200: daddr:100932208
[  297.386850] AAAAA-TCP_FORW: name:enp0s3: saddr:33561200: daddr:100932208
[  297.513370] AAAAA-TCP_FORW: name:enp0s3: saddr:33561200: daddr:100932208
[  297.593321] AAAAA-TCP_FORW: name:enp0s3: saddr:33561200: daddr:100932208
[  297.641973] AAAAA-TCP_FORW: name:enp0s3: saddr:33561200: daddr:100932208
[  297.778046] AAAAA-TCP_FORW: name:enp0s3: saddr:16783984: daddr:100932208
[  297.865096] AAAAA-TCP_FORW: name:enp0s3: saddr:33561200: daddr:100932208
[  297.873319] AAAAA-TCP_FORW: name:enp0s3: saddr:100932208: daddr:33561200
[  297.948756] AAAAA-TCP_FORW: name:enp0s3: saddr:33561200: daddr:100932208
[  298.117710] AAAAA-TCP_FORW: name:enp0s3: saddr:33561200: daddr:100932208
[  298.519343] AAAAA-TCP_FORW: name:enp0s3: saddr:16783984: daddr:100932208
[  298.581303] AAAAA-TCP_FORW: name:enp0s3: saddr:16783984: daddr:100932208
[  298.764685] AAAAA-TCP_FORW: name:enp0s3: saddr:16783984: daddr:100932208
[  298.874045] AAAAA-TCP_FORW: name:enp0s3: saddr:16783984: daddr:100932208
[  298.926066] AAAAA-TCP_FORW: name:enp0s3: saddr:16783984: daddr:100932208
[  298.966926] AAAAA-TCP_FORW: name:enp0s3: saddr:16783984: daddr:100932208
[  299.043333] AAAAA-TCP_FORW: name:enp0s3: saddr:16783984: daddr:100932208
[  299.111686] AAAAA-TCP_FORW: name:enp0s3: saddr:16783984: daddr:100932208
[  299.138759] AAAAA-TCP_FORW: name:enp0s3: saddr:16783984: daddr:100932208
[  299.190108] AAAAA-TCP_FORW: name:enp0s3: saddr:16783984: daddr:100932208
[  299.222469] AAAAA-TCP_FORW: name:enp0s3: saddr:16783984: daddr:100932208
[  299.252934] AAAAA-TCP_FORW: name:enp0s3: saddr:16783984: daddr:100932208
[  299.294975] AAAAA-TCP_FORW: name:enp0s3: saddr:16783984: daddr:100932208
[  299.314098] AAAAA-TCP_FORW: name:enp0s3: saddr:16783984: daddr:100932208
[  299.390879] AAAAA-TCP_FORW: name:enp0s3: saddr:33561200: daddr:100932208
[  299.423652] AAAAA-TCP_FORW: name:enp0s3: saddr:33561200: daddr:100932208
[  299.478272] AAAAA-TCP_FORW: name:enp0s3: saddr:33561200: daddr:100932208
[  299.513816] AAAAA-TCP_FORW: name:enp0s3: saddr:16783984: daddr:100932208
[  299.542059] AAAAA-TCP_FORW: name:enp0s3: saddr:33561200: daddr:100932208
[  322.026120] AAAAA-TCP_FORW: name:enp0s3: saddr:100932208: daddr:16783984
[  322.079612] AAAAA-TCP_FORW: name:enp0s3: saddr:100932208: daddr:16783984
[  322.131991] AAAAA-TCP_FORW: name:enp0s3: saddr:100932208: daddr:16783984
[  322.177110] AAAAA-TCP_FORW: name:enp0s3: saddr:100932208: daddr:16783984
[  322.189440] AAAAA-TCP_FORW: name:enp0s3: saddr:16783984: daddr:100932208
[  322.202619] AAAAA-TCP_FORW: name:enp0s3: saddr:100932208: daddr:16783984
[  322.233934] AAAAA-TCP_FORW: name:enp0s3: saddr:100932208: daddr:16783984
[  322.275444] AAAAA-TCP_FORW: name:enp0s3: saddr:100932208: daddr:16783984
[  322.316005] AAAAA-TCP_FORW: name:enp0s3: saddr:100932208: daddr:16783984
[  322.354893] AAAAA-TCP_FORW: name:enp0s3: saddr:100932208: daddr:16783984
[  322.429227] AAAAA-TCP_FORW: name:enp0s3: saddr:100932208: daddr:16783984
[  322.472506] AAAAA-TCP_FORW: name:enp0s3: saddr:100932208: daddr:16783984
[  322.517526] AAAAA-TCP_FORW: name:enp0s3: saddr:100932208: daddr:16783984
[  322.564652] AAAAA-TCP_FORW: name:enp0s3: saddr:16783984: daddr:100932208
[  322.589530] AAAAA-TCP_FORW: name:enp0s3: saddr:100932208: daddr:16783984
[  322.637339] AAAAA-TCP_FORW: name:enp0s3: saddr:100932208: daddr:16783984
[  322.657609] AAAAA-TCP_FORW: name:enp0s3: saddr:16783984: daddr:100932208
[  322.691791] AAAAA-TCP_FORW: name:enp0s3: saddr:100932208: daddr:16783984
[  322.729704] AAAAA-TCP_FORW: name:enp0s3: saddr:100932208: daddr:16783984
[  322.760511] AAAAA-TCP_FORW: name:enp0s3: saddr:16783984: daddr:100932208
[  322.793331] AAAAA-TCP_FORW: name:enp0s3: saddr:100932208: daddr:16783984
[  322.863158] AAAAA-TCP_FORW: name:enp0s3: saddr:100932208: daddr:16783984
[  322.892309] AAAAA-TCP_FORW: name:enp0s3: saddr:100932208: daddr:16783984
[  322.922429] AAAAA-TCP_FORW: name:enp0s3: saddr:100932208: daddr:16783984
[  322.946962] AAAAA-TCP_FORW: name:enp0s3: saddr:100932208: daddr:16783984
[  323.003062] AAAAA-TCP_FORW: name:enp0s3: saddr:100932208: daddr:16783984
[  323.034845] AAAAA-TCP_FORW: name:enp0s3: saddr:100932208: daddr:16783984
[  323.098764] AAAAA-TCP_FORW: name:enp0s3: saddr:100932208: daddr:16783984
[  323.133796] AAAAA-TCP_FORW: name:enp0s3: saddr:100932208: daddr:33561200
[  323.178659] AAAAA-TCP_FORW: name:enp0s3: saddr:100932208: daddr:33561200
[  323.274675] AAAAA-TCP_FORW: name:enp0s3: saddr:100932208: daddr:16783984
[  323.331901] AAAAA-TCP_FORW: name:enp0s3: saddr:100932208: daddr:16783984
[  323.379718] AAAAA-TCP_FORW: name:enp0s3: saddr:100932208: daddr:33561200
[  323.389369] AAAAA-TCP_FORW: name:enp0s3: saddr:16783984: daddr:100932208
[  323.422497] AAAAA-TCP_FORW: name:enp0s3: saddr:100932208: daddr:33561200
[  323.461671] AAAAA-TCP_FORW: name:enp0s3: saddr:100932208: daddr:33561200
[  323.472067] AAAAA-TCP_FORW: name:enp0s3: saddr:16783984: daddr:100932208
[  323.515902] AAAAA-TCP_FORW: name:enp0s3: saddr:100932208: daddr:33561200
[  323.583649] AAAAA-TCP_FORW: name:enp0s3: saddr:16783984: daddr:100932208
[  323.610797] AAAAA-TCP_FORW: name:enp0s3: saddr:100932208: daddr:33561200
[  323.689986] AAAAA-TCP_FORW: name:enp0s3: saddr:100932208: daddr:33561200
[  323.754866] AAAAA-TCP_FORW: name:enp0s3: saddr:100932208: daddr:33561200
[  323.828279] AAAAA-TCP_FORW: name:enp0s3: saddr:100932208: daddr:33561200
[  323.837351] AAAAA-TCP_FORW: name:enp0s3: saddr:16783984: daddr:100932208
[  323.906716] AAAAA-TCP_FORW: name:enp0s3: saddr:100932208: daddr:33561200
[  323.919661] AAAAA-TCP_FORW: name:enp0s3: saddr:100932208: daddr:33561200
[  323.927639] AAAAA-TCP_FORW: name:enp0s3: saddr:16783984: daddr:100932208
[  323.967727] AAAAA-TCP_FORW: name:enp0s3: saddr:100932208: daddr:33561200
[  324.047530] AAAAA-TCP_FORW: name:enp0s3: saddr:100932208: daddr:33561200
[  324.087616] AAAAA-TCP_FORW: name:enp0s3: saddr:100932208: daddr:16783984
[  324.094817] AAAAA-TCP_FORW: name:enp0s3: saddr:16783984: daddr:100932208
[  324.153245] AAAAA-TCP_FORW: name:enp0s3: saddr:100932208: daddr:16783984
[  324.223195] AAAAA-TCP_FORW: name:enp0s3: saddr:16783984: daddr:100932208
[  324.241536] AAAAA-TCP_FORW: name:enp0s3: saddr:100932208: daddr:16783984
[  324.358266] AAAAA-TCP_FORW: name:enp0s3: saddr:100932208: daddr:16783984
[  324.395585] AAAAA-TCP_FORW: name:enp0s3: saddr:100932208: daddr:16783984
[  324.446945] AAAAA-TCP_FORW: name:enp0s3: saddr:100932208: daddr:16783984
[  324.555829] AAAAA-TCP_FORW: name:enp0s3: saddr:16783984: daddr:100932208
[  324.684224] AAAAA-TCP_FORW: name:enp0s3: saddr:16783984: daddr:100932208
[  324.713737] AAAAA-TCP_FORW: name:enp0s3: saddr:16783984: daddr:100932208
[  324.815042] AAAAA-TCP_FORW: name:enp0s3: saddr:100932208: daddr:16783984
[  324.867655] AAAAA-TCP_FORW: name:enp0s3: saddr:100932208: daddr:16783984
[  325.018606] AAAAA-TCP_FORW: name:enp0s3: saddr:16783984: daddr:100932208
[  325.046953] AAAAA-TCP_FORW: name:enp0s3: saddr:100932208: daddr:16783984
[  325.080482] AAAAA-TCP_FORW: name:enp0s3: saddr:16783984: daddr:100932208
[  325.104460] AAAAA-TCP_FORW: name:enp0s3: saddr:100932208: daddr:16783984
[  325.176818] AAAAA-TCP_FORW: name:enp0s3: saddr:33561200: daddr:100932208
[  325.192307] AAAAA-TCP_FORW: name:enp0s3: saddr:100932208: daddr:16783984
[  325.275680] AAAAA-TCP_FORW: name:enp0s3: saddr:100932208: daddr:16783984
[  325.284134] AAAAA-TCP_FORW: name:enp0s3: saddr:16783984: daddr:100932208
[  325.318387] AAAAA-TCP_FORW: name:enp0s3: saddr:16783984: daddr:100932208
[  325.509927] AAAAA-TCP_FORW: name:enp0s3: saddr:33561200: daddr:100932208
[  325.573357] AAAAA-TCP_FORW: name:enp0s3: saddr:16783984: daddr:100932208
[  325.642115] AAAAA-TCP_FORW: name:enp0s3: saddr:16783984: daddr:100932208
[  325.664574] AAAAA-TCP_FORW: name:enp0s3: saddr:100932208: daddr:16783984
[  325.758139] AAAAA-TCP_FORW: name:enp0s3: saddr:100932208: daddr:16783984
[  325.804516] AAAAA-TCP_FORW: name:enp0s3: saddr:33561200: daddr:100932208
[  325.877072] AAAAA-TCP_FORW: name:enp0s3: saddr:16783984: daddr:100932208
[  325.926268] AAAAA-TCP_FORW: name:enp0s3: saddr:100932208: daddr:16783984
[  325.989821] AAAAA-TCP_FORW: name:enp0s3: saddr:100932208: daddr:16783984
[  325.999884] AAAAA-TCP_FORW: name:enp0s3: saddr:16783984: daddr:100932208
[  326.012998] AAAAA-TCP_FORW: name:enp0s3: saddr:33561200: daddr:100932208
[  326.088583] AAAAA-TCP_FORW: name:enp0s3: saddr:33561200: daddr:100932208
[  326.165329] AAAAA-TCP_FORW: name:enp0s3: saddr:33561200: daddr:100932208
[  326.189973] AAAAA-TCP_FORW: name:enp0s3: saddr:100932208: daddr:16783984
[  326.277572] AAAAA-TCP_FORW: name:enp0s3: saddr:100932208: daddr:16783984
[  326.291199] AAAAA-TCP_FORW: name:enp0s3: saddr:33561200: daddr:100932208
[  326.354240] AAAAA-TCP_FORW: name:enp0s3: saddr:100932208: daddr:16783984
[  326.384431] AAAAA-TCP_FORW: name:enp0s3: saddr:33561200: daddr:100932208
[  326.465385] AAAAA-TCP_FORW: name:enp0s3: saddr:33561200: daddr:100932208
[  326.545497] AAAAA-TCP_FORW: name:enp0s3: saddr:33561200: daddr:100932208
[  326.648768] AAAAA-TCP_FORW: name:enp0s3: saddr:100932208: daddr:16783984
[  326.841189] AAAAA-TCP_FORW: name:enp0s3: saddr:33561200: daddr:100932208
[  326.909209] AAAAA-TCP_FORW: name:enp0s3: saddr:33561200: daddr:100932208
[  327.008398] AAAAA-TCP_FORW: name:enp0s3: saddr:33561200: daddr:100932208
[  327.067812] AAAAA-TCP_FORW: name:enp0s3: saddr:33561200: daddr:100932208
[  327.245705] AAAAA-TCP_FORW: name:enp0s3: saddr:16783984: daddr:100932208
[  327.266080] AAAAA-TCP_FORW: name:enp0s3: saddr:100932208: daddr:33561200
[  327.348899] AAAAA-TCP_FORW: name:enp0s3: saddr:100932208: daddr:33561200
[  327.373440] AAAAA-TCP_FORW: name:enp0s3: saddr:16783984: daddr:100932208
[  327.442788] AAAAA-TCP_FORW: name:enp0s3: saddr:16783984: daddr:100932208
[  327.494842] AAAAA-TCP_FORW: name:enp0s3: saddr:100932208: daddr:16783984
[  327.531369] AAAAA-TCP_FORW: name:enp0s3: saddr:100932208: daddr:16783984
[  327.558399] AAAAA-TCP_FORW: name:enp0s3: saddr:100932208: daddr:16783984
[  327.641816] AAAAA-TCP_FORW: name:enp0s3: saddr:16783984: daddr:100932208
[  327.716462] AAAAA-TCP_FORW: name:enp0s3: saddr:100932208: daddr:16783984
[  327.732648] AAAAA-TCP_FORW: name:enp0s3: saddr:16783984: daddr:100932208
[  327.847534] AAAAA-TCP_FORW: name:enp0s3: saddr:100932208: daddr:33561200
[  327.889928] AAAAA-TCP_FORW: name:enp0s3: saddr:100932208: daddr:33561200
[  327.909536] AAAAA-TCP_FORW: name:enp0s3: saddr:100932208: daddr:16783984
[  328.024135] AAAAA-TCP_FORW: name:enp0s3: saddr:16783984: daddr:100932208
[  328.055712] AAAAA-TCP_FORW: name:enp0s3: saddr:100932208: daddr:16783984
[  328.089872] AAAAA-TCP_FORW: name:enp0s3: saddr:100932208: daddr:16783984
[  328.238147] AAAAA-TCP_FORW: name:enp0s3: saddr:100932208: daddr:33561200
[  328.360095] AAAAA-TCP_FORW: name:enp0s3: saddr:100932208: daddr:33561200
[  328.384010] AAAAA-TCP_FORW: name:enp0s3: saddr:16783984: daddr:100932208
[  328.476775] AAAAA-TCP_FORW: name:enp0s3: saddr:100932208: daddr:33561200
[  328.557415] AAAAA-TCP_FORW: name:enp0s3: saddr:100932208: daddr:33561200
[  328.619490] AAAAA-TCP_FORW: name:enp0s3: saddr:100932208: daddr:33561200
[  328.701957] AAAAA-TCP_FORW: name:enp0s3: saddr:100932208: daddr:33561200
[  328.739885] AAAAA-TCP_FORW: name:enp0s3: saddr:100932208: daddr:16783984
[  328.757721] AAAAA-TCP_FORW: name:enp0s3: saddr:16783984: daddr:100932208
[  328.818974] AAAAA-TCP_FORW: name:enp0s3: saddr:100932208: daddr:16783984
[  328.894548] AAAAA-TCP_FORW: name:enp0s3: saddr:100932208: daddr:16783984
[  328.983222] AAAAA-TCP_FORW: name:enp0s3: saddr:100932208: daddr:16783984
[  329.044953] AAAAA-TCP_FORW: name:enp0s3: saddr:100932208: daddr:33561200
[  329.055445] AAAAA-TCP_FORW: name:enp0s3: saddr:16783984: daddr:100932208
[  329.100040] AAAAA-TCP_FORW: name:enp0s3: saddr:16783984: daddr:100932208
[  329.122730] AAAAA-TCP_FORW: name:enp0s3: saddr:100932208: daddr:16783984
[  329.151100] AAAAA-TCP_FORW: name:enp0s3: saddr:100932208: daddr:16783984
[  329.268077] AAAAA-TCP_FORW: name:enp0s3: saddr:16783984: daddr:100932208
[  329.298153] AAAAA-TCP_FORW: name:enp0s3: saddr:100932208: daddr:16783984
[  329.353768] AAAAA-TCP_FORW: name:enp0s3: saddr:16783984: daddr:100932208
[  329.418227] AAAAA-TCP_FORW: name:enp0s3: saddr:100932208: daddr:16783984
[  329.464830] AAAAA-TCP_FORW: name:enp0s3: saddr:16783984: daddr:100932208
[  329.502885] AAAAA-TCP_FORW: name:enp0s3: saddr:100932208: daddr:16783984
[  329.573778] AAAAA-TCP_FORW: name:enp0s3: saddr:100932208: daddr:16783984
[  329.663558] AAAAA-TCP_FORW: name:enp0s3: saddr:100932208: daddr:16783984
[  329.684606] AAAAA-TCP_FORW: name:enp0s3: saddr:100932208: daddr:16783984
[  329.756069] AAAAA-TCP_FORW: name:enp0s3: saddr:100932208: daddr:16783984
[  329.763375] AAAAA-TCP_FORW: name:enp0s3: saddr:16783984: daddr:100932208
[  329.802011] AAAAA-TCP_FORW: name:enp0s3: saddr:100932208: daddr:16783984
[  329.839861] AAAAA-TCP_FORW: name:enp0s3: saddr:100932208: daddr:16783984
[  330.269919] AAAAA-TCP_FORW: name:enp0s3: saddr:33561200: daddr:100932208
[  330.515514] AAAAA-TCP_FORW: name:enp0s3: saddr:33561200: daddr:100932208
[  330.773880] AAAAA-TCP_FORW: name:enp0s3: saddr:16783984: daddr:100932208
[  330.802672] AAAAA-TCP_FORW: name:enp0s3: saddr:16783984: daddr:100932208
[  330.952279] AAAAA-TCP_FORW: name:enp0s3: saddr:16783984: daddr:100932208
[  331.028561] AAAAA-TCP_FORW: name:enp0s3: saddr:16783984: daddr:100932208
[  331.126883] AAAAA-TCP_FORW: name:enp0s3: saddr:33561200: daddr:100932208
[  331.271883] AAAAA-TCP_FORW: name:enp0s3: saddr:16783984: daddr:100932208
[  331.322403] AAAAA-TCP_FORW: name:enp0s3: saddr:16783984: daddr:100932208
[  331.389047] AAAAA-TCP_FORW: name:enp0s3: saddr:33561200: daddr:100932208
[  331.508851] AAAAA-TCP_FORW: name:enp0s3: saddr:33561200: daddr:100932208
[  331.595733] AAAAA-TCP_FORW: name:enp0s3: saddr:33561200: daddr:100932208
[  331.851058] AAAAA-TCP_FORW: name:enp0s3: saddr:33561200: daddr:100932208
[  332.172532] AAAAA-TCP_FORW: name:enp0s3: saddr:33561200: daddr:100932208
[  332.785264] AAAAA-TCP_FORW: name:enp0s3: saddr:33561200: daddr:100932208
[  332.986750] AAAAA-TCP_FORW: name:enp0s3: saddr:16783984: daddr:100932208
[  333.132512] AAAAA-TCP_FORW: name:enp0s3: saddr:16783984: daddr:100932208
[  333.205686] AAAAA-TCP_FORW: name:enp0s3: saddr:16783984: daddr:100932208
[  333.490054] AAAAA-TCP_FORW: name:enp0s3: saddr:16783984: daddr:100932208
[  333.703985] AAAAA-TCP_FORW: name:enp0s3: saddr:33561200: daddr:100932208
[  334.298650] AAAAA-TCP_FORW: name:enp0s3: saddr:16783984: daddr:100932208
[  334.419805] AAAAA-TCP_FORW: name:enp0s3: saddr:16783984: daddr:100932208
[  334.497628] AAAAA-TCP_FORW: name:enp0s3: saddr:16783984: daddr:100932208
[  334.604044] AAAAA-TCP_FORW: name:enp0s3: saddr:16783984: daddr:100932208
[  334.702796] AAAAA-TCP_FORW: name:enp0s3: saddr:16783984: daddr:100932208
[  334.751242] AAAAA-TCP_FORW: name:enp0s3: saddr:16783984: daddr:100932208
[  334.837600] AAAAA-TCP_FORW: name:enp0s3: saddr:16783984: daddr:100932208
[  334.846812] AAAAA-TCP_FORW: name:enp0s3: saddr:16783984: daddr:100932208
[  334.893129] AAAAA-TCP_FORW: name:enp0s3: saddr:16783984: daddr:100932208
[  334.927735] AAAAA-TCP_FORW: name:enp0s3: saddr:16783984: daddr:100932208
[  334.946406] AAAAA-TCP_FORW: name:enp0s3: saddr:100932208: daddr:33561200
[  336.424804] AAAAA-TCP_FORW: name:enp0s3: saddr:33561200: daddr:100932208
[  336.864721] AAAAA-TCP_FORW: name:enp0s3: saddr:100932208: daddr:16783984
[  337.025236] AAAAA-TCP_FORW: name:enp0s3: saddr:16783984: daddr:100932208
[  354.722884] AAAAA-TCP_FORW: name:enp0s3: saddr:100932208: daddr:33561200
[  354.777399] AAAAA-TCP_FORW: name:enp0s3: saddr:100932208: daddr:33561200
[  354.828838] AAAAA-TCP_FORW: name:enp0s3: saddr:100932208: daddr:33561200
[  354.855643] AAAAA-TCP_FORW: name:enp0s3: saddr:33561200: daddr:100932208
[  354.874236] AAAAA-TCP_FORW: name:enp0s3: saddr:100932208: daddr:33561200
[  354.915712] AAAAA-TCP_FORW: name:enp0s3: saddr:100932208: daddr:33561200
[  354.978575] AAAAA-TCP_FORW: name:enp0s3: saddr:100932208: daddr:33561200
[  355.017907] AAAAA-TCP_FORW: name:enp0s3: saddr:33561200: daddr:100932208
[  355.019955] AAAAA-TCP_FORW: name:enp0s3: saddr:100932208: daddr:33561200
[  355.072177] AAAAA-TCP_FORW: name:enp0s3: saddr:100932208: daddr:33561200
[  355.088321] AAAAA-TCP_FORW: name:enp0s3: saddr:33561200: daddr:100932208
[  355.127258] AAAAA-TCP_FORW: name:enp0s3: saddr:100932208: daddr:33561200
[  355.183576] AAAAA-TCP_FORW: name:enp0s3: saddr:100932208: daddr:33561200
[  355.203902] AAAAA-TCP_FORW: name:enp0s3: saddr:33561200: daddr:100932208
[  355.254473] AAAAA-TCP_FORW: name:enp0s3: saddr:100932208: daddr:33561200
[  355.293963] AAAAA-TCP_FORW: name:enp0s3: saddr:33561200: daddr:100932208
[  355.336048] AAAAA-TCP_FORW: name:enp0s3: saddr:100932208: daddr:33561200
[  355.406282] AAAAA-TCP_FORW: name:enp0s3: saddr:100932208: daddr:33561200
[  355.452056] AAAAA-TCP_FORW: name:enp0s3: saddr:100932208: daddr:16783984
[  355.466885] AAAAA-TCP_FORW: name:enp0s3: saddr:33561200: daddr:100932208
[  355.504993] AAAAA-TCP_FORW: name:enp0s3: saddr:100932208: daddr:16783984
[  355.531510] AAAAA-TCP_FORW: name:enp0s3: saddr:100932208: daddr:16783984
[  355.575113] AAAAA-TCP_FORW: name:enp0s3: saddr:100932208: daddr:16783984
[  355.622048] AAAAA-TCP_FORW: name:enp0s3: saddr:100932208: daddr:16783984
[  355.632285] AAAAA-TCP_FORW: name:enp0s3: saddr:33561200: daddr:100932208
[  355.664502] AAAAA-TCP_FORW: name:enp0s3: saddr:100932208: daddr:16783984
[  355.716256] AAAAA-TCP_FORW: name:enp0s3: saddr:33561200: daddr:100932208
[  355.727884] AAAAA-TCP_FORW: name:enp0s3: saddr:100932208: daddr:16783984
[  355.811282] AAAAA-TCP_FORW: name:enp0s3: saddr:100932208: daddr:16783984
[  355.860498] AAAAA-TCP_FORW: name:enp0s3: saddr:33561200: daddr:100932208
[  355.868097] AAAAA-TCP_FORW: name:enp0s3: saddr:100932208: daddr:16783984
[  355.947219] AAAAA-TCP_FORW: name:enp0s3: saddr:100932208: daddr:16783984
[  355.987585] AAAAA-TCP_FORW: name:enp0s3: saddr:100932208: daddr:16783984
[  356.073937] AAAAA-TCP_FORW: name:enp0s3: saddr:100932208: daddr:16783984
[  356.092163] AAAAA-TCP_FORW: name:enp0s3: saddr:33561200: daddr:100932208
[  356.129111] AAAAA-TCP_FORW: name:enp0s3: saddr:100932208: daddr:16783984
[  356.189238] AAAAA-TCP_FORW: name:enp0s3: saddr:100932208: daddr:16783984
[  356.222529] AAAAA-TCP_FORW: name:enp0s3: saddr:100932208: daddr:16783984
[  356.278324] AAAAA-TCP_FORW: name:enp0s3: saddr:100932208: daddr:16783984
[  356.291696] AAAAA-TCP_FORW: name:enp0s3: saddr:33561200: daddr:100932208
[  356.326896] AAAAA-TCP_FORW: name:enp0s3: saddr:100932208: daddr:16783984
[  356.362599] AAAAA-TCP_FORW: name:enp0s3: saddr:100932208: daddr:16783984
[  356.404105] AAAAA-TCP_FORW: name:enp0s3: saddr:100932208: daddr:16783984
[  356.477094] AAAAA-TCP_FORW: name:enp0s3: saddr:100932208: daddr:16783984
[  356.508208] AAAAA-TCP_FORW: name:enp0s3: saddr:100932208: daddr:16783984
[  356.534142] AAAAA-TCP_FORW: name:enp0s3: saddr:33561200: daddr:100932208
[  356.543822] AAAAA-TCP_FORW: name:enp0s3: saddr:100932208: daddr:16783984
[  356.611080] AAAAA-TCP_FORW: name:enp0s3: saddr:100932208: daddr:16783984
[  356.645936] AAAAA-TCP_FORW: name:enp0s3: saddr:33561200: daddr:100932208
[  356.659836] AAAAA-TCP_FORW: name:enp0s3: saddr:100932208: daddr:16783984
[  356.728543] AAAAA-TCP_FORW: name:enp0s3: saddr:100932208: daddr:16783984
[  356.750543] AAAAA-TCP_FORW: name:enp0s3: saddr:100932208: daddr:33561200
[  356.783161] AAAAA-TCP_FORW: name:enp0s3: saddr:16783984: daddr:100932208
[  356.811015] AAAAA-TCP_FORW: name:enp0s3: saddr:100932208: daddr:33561200
[  356.864123] AAAAA-TCP_FORW: name:enp0s3: saddr:100932208: daddr:33561200
[  356.937579] AAAAA-TCP_FORW: name:enp0s3: saddr:100932208: daddr:33561200
[  357.005194] AAAAA-TCP_FORW: name:enp0s3: saddr:100932208: daddr:33561200
[  357.042005] AAAAA-TCP_FORW: name:enp0s3: saddr:16783984: daddr:100932208
[  357.043740] AAAAA-TCP_FORW: name:enp0s3: saddr:100932208: daddr:33561200
[  357.117182] AAAAA-TCP_FORW: name:enp0s3: saddr:100932208: daddr:33561200
[  357.163643] AAAAA-TCP_FORW: name:enp0s3: saddr:100932208: daddr:33561200
[  357.203806] AAAAA-TCP_FORW: name:enp0s3: saddr:100932208: daddr:33561200
[  357.255628] AAAAA-TCP_FORW: name:enp0s3: saddr:100932208: daddr:33561200
[  357.264389] AAAAA-TCP_FORW: name:enp0s3: saddr:16783984: daddr:100932208
[  357.288218] AAAAA-TCP_FORW: name:enp0s3: saddr:100932208: daddr:33561200
[  357.311861] AAAAA-TCP_FORW: name:enp0s3: saddr:100932208: daddr:33561200
[  357.341252] AAAAA-TCP_FORW: name:enp0s3: saddr:16783984: daddr:100932208
[  357.360743] AAAAA-TCP_FORW: name:enp0s3: saddr:100932208: daddr:33561200
[  357.395368] AAAAA-TCP_FORW: name:enp0s3: saddr:16783984: daddr:100932208
[  357.397394] AAAAA-TCP_FORW: name:enp0s3: saddr:100932208: daddr:33561200
[  357.441875] AAAAA-TCP_FORW: name:enp0s3: saddr:100932208: daddr:33561200
[  357.482918] AAAAA-TCP_FORW: name:enp0s3: saddr:16783984: daddr:100932208
[  357.544642] AAAAA-TCP_FORW: name:enp0s3: saddr:100932208: daddr:33561200
[  357.588277] AAAAA-TCP_FORW: name:enp0s3: saddr:16783984: daddr:100932208
[  357.681349] AAAAA-TCP_FORW: name:enp0s3: saddr:16783984: daddr:100932208
[  357.794468] AAAAA-TCP_FORW: name:enp0s3: saddr:16783984: daddr:100932208
[  357.955815] AAAAA-TCP_FORW: name:enp0s3: saddr:100932208: daddr:33561200
[  358.006216] AAAAA-TCP_FORW: name:enp0s3: saddr:16783984: daddr:100932208
[  358.054954] AAAAA-TCP_FORW: name:enp0s3: saddr:16783984: daddr:100932208
[  358.056781] AAAAA-TCP_FORW: name:enp0s3: saddr:100932208: daddr:33561200
[  358.171723] AAAAA-TCP_FORW: name:enp0s3: saddr:16783984: daddr:100932208
[  358.332900] AAAAA-TCP_FORW: name:enp0s3: saddr:16783984: daddr:100932208
[  358.349304] AAAAA-TCP_FORW: name:enp0s3: saddr:16783984: daddr:100932208
[  358.460062] AAAAA-TCP_FORW: name:enp0s3: saddr:16783984: daddr:100932208
[  358.519583] AAAAA-TCP_FORW: name:enp0s3: saddr:16783984: daddr:100932208
[  358.611628] AAAAA-TCP_FORW: name:enp0s3: saddr:16783984: daddr:100932208
[  358.759775] AAAAA-TCP_FORW: name:enp0s3: saddr:16783984: daddr:100932208
[  358.778139] AAAAA-TCP_FORW: name:enp0s3: saddr:100932208: daddr:16783984
[  358.807542] AAAAA-TCP_FORW: name:enp0s3: saddr:100932208: daddr:16783984
[  358.846539] AAAAA-TCP_FORW: name:enp0s3: saddr:100932208: daddr:16783984
[  358.895235] AAAAA-TCP_FORW: name:enp0s3: saddr:100932208: daddr:16783984
[  358.963025] AAAAA-TCP_FORW: name:enp0s3: saddr:100932208: daddr:16783984
[  358.975908] AAAAA-TCP_FORW: name:enp0s3: saddr:16783984: daddr:100932208
[  359.015156] AAAAA-TCP_FORW: name:enp0s3: saddr:100932208: daddr:16783984
[  359.072790] AAAAA-TCP_FORW: name:enp0s3: saddr:100932208: daddr:16783984
[  359.113049] AAAAA-TCP_FORW: name:enp0s3: saddr:100932208: daddr:16783984
[  359.120971] AAAAA-TCP_FORW: name:enp0s3: saddr:16783984: daddr:100932208
[  359.181096] AAAAA-TCP_FORW: name:enp0s3: saddr:100932208: daddr:16783984
[  359.237950] AAAAA-TCP_FORW: name:enp0s3: saddr:100932208: daddr:16783984
[  359.261536] AAAAA-TCP_FORW: name:enp0s3: saddr:100932208: daddr:16783984
[  359.319336] AAAAA-TCP_FORW: name:enp0s3: saddr:100932208: daddr:16783984
[  359.362777] AAAAA-TCP_FORW: name:enp0s3: saddr:100932208: daddr:16783984
[  359.400872] AAAAA-TCP_FORW: name:enp0s3: saddr:100932208: daddr:16783984
[  359.415333] AAAAA-TCP_FORW: name:enp0s3: saddr:16783984: daddr:100932208
[  359.451143] AAAAA-TCP_FORW: name:enp0s3: saddr:100932208: daddr:16783984
[  359.528186] AAAAA-TCP_FORW: name:enp0s3: saddr:100932208: daddr:16783984
[  359.568007] AAAAA-TCP_FORW: name:enp0s3: saddr:33561200: daddr:100932208
[  359.575919] AAAAA-TCP_FORW: name:enp0s3: saddr:100932208: daddr:16783984
[  359.614387] AAAAA-TCP_FORW: name:enp0s3: saddr:100932208: daddr:16783984
[  359.653536] AAAAA-TCP_FORW: name:enp0s3: saddr:100932208: daddr:16783984
[  359.667177] AAAAA-TCP_FORW: name:enp0s3: saddr:33561200: daddr:100932208
[  359.747508] AAAAA-TCP_FORW: name:enp0s3: saddr:100932208: daddr:16783984
[  359.757654] AAAAA-TCP_FORW: name:enp0s3: saddr:33561200: daddr:100932208
[  359.824362] AAAAA-TCP_FORW: name:enp0s3: saddr:100932208: daddr:16783984
[  359.886530] AAAAA-TCP_FORW: name:enp0s3: saddr:33561200: daddr:100932208
[  359.949585] AAAAA-TCP_FORW: name:enp0s3: saddr:100932208: daddr:16783984
[  359.996098] AAAAA-TCP_FORW: name:enp0s3: saddr:100932208: daddr:33561200
[  360.065571] AAAAA-TCP_FORW: name:enp0s3: saddr:33561200: daddr:100932208
[  360.097777] AAAAA-TCP_FORW: name:enp0s3: saddr:100932208: daddr:16783984
[  360.126513] AAAAA-TCP_FORW: name:enp0s3: saddr:33561200: daddr:100932208
[  360.172672] AAAAA-TCP_FORW: name:enp0s3: saddr:100932208: daddr:16783984
[  360.203034] AAAAA-TCP_FORW: name:enp0s3: saddr:33561200: daddr:100932208
[  360.272137] AAAAA-TCP_FORW: name:enp0s3: saddr:100932208: daddr:16783984
[  360.319057] AAAAA-TCP_FORW: name:enp0s3: saddr:100932208: daddr:16783984
[  360.324449] AAAAA-TCP_FORW: name:enp0s3: saddr:33561200: daddr:100932208
[  360.391868] AAAAA-TCP_FORW: name:enp0s3: saddr:33561200: daddr:100932208
[  360.432144] AAAAA-TCP_FORW: name:enp0s3: saddr:100932208: daddr:16783984
[  360.467548] AAAAA-TCP_FORW: name:enp0s3: saddr:33561200: daddr:100932208
[  360.474717] AAAAA-TCP_FORW: name:enp0s3: saddr:100932208: daddr:16783984
[  360.540902] AAAAA-TCP_FORW: name:enp0s3: saddr:33561200: daddr:100932208
[  360.562324] AAAAA-TCP_FORW: name:enp0s3: saddr:100932208: daddr:16783984
[  360.596272] AAAAA-TCP_FORW: name:enp0s3: saddr:100932208: daddr:16783984
[  360.622452] AAAAA-TCP_FORW: name:enp0s3: saddr:33561200: daddr:100932208
[  360.633903] AAAAA-TCP_FORW: name:enp0s3: saddr:100932208: daddr:16783984
[  360.722586] AAAAA-TCP_FORW: name:enp0s3: saddr:100932208: daddr:16783984
[  360.759822] AAAAA-TCP_FORW: name:enp0s3: saddr:33561200: daddr:100932208
[  360.851859] AAAAA-TCP_FORW: name:enp0s3: saddr:100932208: daddr:16783984
[  361.008294] AAAAA-TCP_FORW: name:enp0s3: saddr:100932208: daddr:33561200
[  361.065925] AAAAA-TCP_FORW: name:enp0s3: saddr:100932208: daddr:33561200
[  361.159469] AAAAA-TCP_FORW: name:enp0s3: saddr:100932208: daddr:33561200
[  361.574234] AAAAA-TCP_FORW: name:enp0s3: saddr:100932208: daddr:16783984
[  361.872777] AAAAA-TCP_FORW: name:enp0s3: saddr:100932208: daddr:33561200
[  362.875064] AAAAA-TCP_FORW: name:enp0s3: saddr:100932208: daddr:33561200
[  363.962179] AAAAA-TCP_FORW: name:enp0s3: saddr:100932208: daddr:33561200
[  365.314994] AAAAA-TCP_FORW: name:enp0s3: saddr:100932208: daddr:16783984
[  365.375840] AAAAA-TCP_FORW: name:enp0s3: saddr:100932208: daddr:16783984
[  366.415666] AAAAA-TCP_FORW: name:enp0s3: saddr:100932208: daddr:16783984
[  366.743776] AAAAA-TCP_FORW: name:enp0s3: saddr:100932208: daddr:16783984
[  367.249282] AAAAA-TCP_FORW: name:enp0s3: saddr:100932208: daddr:33561200
[  367.502615] AAAAA-TCP_FORW: name:enp0s3: saddr:100932208: daddr:16783984
[  367.581342] AAAAA-TCP_FORW: name:enp0s3: saddr:100932208: daddr:16783984
[  394.121607] AAAAA-TCP_FORW: name:enp0s3: saddr:100932208: daddr:16783984
[  394.220193] AAAAA-TCP_FORW: name:enp0s3: saddr:100932208: daddr:16783984
[  394.377996] AAAAA-TCP_FORW: name:enp0s3: saddr:100932208: daddr:16783984
[  394.575994] AAAAA-TCP_FORW: name:enp0s3: saddr:100932208: daddr:16783984
[  394.827083] AAAAA-TCP_FORW: name:enp0s3: saddr:100932208: daddr:33561200
[  394.924704] AAAAA-TCP_FORW: name:enp0s3: saddr:16783984: daddr:100932208
[  395.003989] AAAAA-TCP_FORW: name:enp0s3: saddr:100932208: daddr:33561200
[  395.158945] AAAAA-TCP_FORW: name:enp0s3: saddr:100932208: daddr:33561200
[  395.299866] AAAAA-TCP_FORW: name:enp0s3: saddr:100932208: daddr:16783984
[  395.496202] AAAAA-TCP_FORW: name:enp0s3: saddr:100932208: daddr:16783984
[  395.602848] AAAAA-TCP_FORW: name:enp0s3: saddr:16783984: daddr:100932208
[  395.650779] AAAAA-TCP_FORW: name:enp0s3: saddr:100932208: daddr:16783984
[  395.762266] AAAAA-TCP_FORW: name:enp0s3: saddr:100932208: daddr:16783984
[  395.851976] AAAAA-TCP_FORW: name:enp0s3: saddr:16783984: daddr:100932208
[  395.900362] AAAAA-TCP_FORW: name:enp0s3: saddr:100932208: daddr:33561200
[  395.904554] AAAAA-TCP_FORW: name:enp0s3: saddr:33561200: daddr:100932208
[  395.969566] AAAAA-TCP_FORW: name:enp0s3: saddr:100932208: daddr:16783984
[  396.084464] AAAAA-TCP_FORW: name:enp0s3: saddr:100932208: daddr:33561200
[  396.126368] AAAAA-TCP_FORW: name:enp0s3: saddr:16783984: daddr:100932208
[  396.195951] AAAAA-TCP_FORW: name:enp0s3: saddr:100932208: daddr:33561200
[  396.304060] AAAAA-TCP_FORW: name:enp0s3: saddr:100932208: daddr:33561200
[  396.374083] AAAAA-TCP_FORW: name:enp0s3: saddr:16783984: daddr:100932208
[  396.436292] AAAAA-TCP_FORW: name:enp0s3: saddr:100932208: daddr:33561200
[  396.569661] AAAAA-TCP_FORW: name:enp0s3: saddr:16783984: daddr:100932208
[  396.643831] AAAAA-TCP_FORW: name:enp0s3: saddr:100932208: daddr:16783984
[  396.723389] AAAAA-TCP_FORW: name:enp0s3: saddr:100932208: daddr:16783984
[  396.788729] AAAAA-TCP_FORW: name:enp0s3: saddr:100932208: daddr:16783984
[  396.908425] AAAAA-TCP_FORW: name:enp0s3: saddr:16783984: daddr:100932208
[  396.979832] AAAAA-TCP_FORW: name:enp0s3: saddr:16783984: daddr:100932208
[  397.053784] AAAAA-TCP_FORW: name:enp0s3: saddr:16783984: daddr:100932208
[  397.080090] AAAAA-TCP_FORW: name:enp0s3: saddr:100932208: daddr:16783984
[  397.100150] AAAAA-TCP_FORW: name:enp0s3: saddr:16783984: daddr:100932208
[  397.158607] AAAAA-TCP_FORW: name:enp0s3: saddr:100932208: daddr:16783984
[  397.227396] AAAAA-TCP_FORW: name:enp0s3: saddr:16783984: daddr:100932208
[  397.280976] AAAAA-TCP_FORW: name:enp0s3: saddr:100932208: daddr:33561200
[  397.371357] AAAAA-TCP_FORW: name:enp0s3: saddr:16783984: daddr:100932208
[  397.418231] AAAAA-TCP_FORW: name:enp0s3: saddr:100932208: daddr:33561200
[  397.546370] AAAAA-TCP_FORW: name:enp0s3: saddr:100932208: daddr:16783984
[  397.567975] AAAAA-TCP_FORW: name:enp0s3: saddr:33561200: daddr:100932208
[  397.635826] AAAAA-TCP_FORW: name:enp0s3: saddr:100932208: daddr:33561200
[  397.710264] AAAAA-TCP_FORW: name:enp0s3: saddr:16783984: daddr:100932208
[  397.726951] AAAAA-TCP_FORW: name:enp0s3: saddr:100932208: daddr:33561200
[  397.780636] AAAAA-TCP_FORW: name:enp0s3: saddr:100932208: daddr:33561200
[  397.824883] AAAAA-TCP_FORW: name:enp0s3: saddr:16783984: daddr:100932208
[  397.845351] AAAAA-TCP_FORW: name:enp0s3: saddr:33561200: daddr:100932208
[  397.850681] AAAAA-TCP_FORW: name:enp0s3: saddr:100932208: daddr:16783984
[  397.971487] AAAAA-TCP_FORW: name:enp0s3: saddr:100932208: daddr:16783984
[  398.138529] AAAAA-TCP_FORW: name:enp0s3: saddr:100932208: daddr:16783984
[  398.415061] AAAAA-TCP_FORW: name:enp0s3: saddr:33561200: daddr:100932208
[  398.532493] AAAAA-TCP_FORW: name:enp0s3: saddr:16783984: daddr:100932208
[  398.597530] AAAAA-TCP_FORW: name:enp0s3: saddr:16783984: daddr:100932208
[  398.920440] AAAAA-TCP_FORW: name:enp0s3: saddr:16783984: daddr:100932208
[  398.986205] AAAAA-TCP_FORW: name:enp0s3: saddr:100932208: daddr:16783984
[  399.126952] AAAAA-TCP_FORW: name:enp0s3: saddr:16783984: daddr:100932208
[  399.265224] AAAAA-TCP_FORW: name:enp0s3: saddr:16783984: daddr:100932208
[  399.663056] AAAAA-TCP_FORW: name:enp0s3: saddr:16783984: daddr:100932208
[  399.792184] AAAAA-TCP_FORW: name:enp0s3: saddr:16783984: daddr:100932208
[  399.911357] AAAAA-TCP_FORW: name:enp0s3: saddr:16783984: daddr:100932208
[  400.030511] AAAAA-TCP_FORW: name:enp0s3: saddr:16783984: daddr:100932208
[  400.253555] AAAAA-TCP_FORW: name:enp0s3: saddr:33561200: daddr:100932208
[  400.280590] AAAAA-TCP_FORW: name:enp0s3: saddr:100932208: daddr:16783984
[  400.309708] AAAAA-TCP_FORW: name:enp0s3: saddr:16783984: daddr:100932208
[  400.397117] AAAAA-TCP_FORW: name:enp0s3: saddr:100932208: daddr:16783984
[  400.457352] AAAAA-TCP_FORW: name:enp0s3: saddr:100932208: daddr:16783984
[  400.540047] AAAAA-TCP_FORW: name:enp0s3: saddr:100932208: daddr:16783984
[  400.616044] AAAAA-TCP_FORW: name:enp0s3: saddr:33561200: daddr:100932208
[  400.646431] AAAAA-TCP_FORW: name:enp0s3: saddr:100932208: daddr:16783984
[  400.767149] AAAAA-TCP_FORW: name:enp0s3: saddr:100932208: daddr:16783984
[  400.873604] AAAAA-TCP_FORW: name:enp0s3: saddr:100932208: daddr:16783984
[  400.891594] AAAAA-TCP_FORW: name:enp0s3: saddr:100932208: daddr:16783984
[  400.917259] AAAAA-TCP_FORW: name:enp0s3: saddr:16783984: daddr:100932208
[  400.985771] AAAAA-TCP_FORW: name:enp0s3: saddr:100932208: daddr:16783984
[  401.055884] AAAAA-TCP_FORW: name:enp0s3: saddr:16783984: daddr:100932208
[  401.101608] AAAAA-TCP_FORW: name:enp0s3: saddr:100932208: daddr:16783984
[  401.209440] AAAAA-TCP_FORW: name:enp0s3: saddr:16783984: daddr:100932208
[  401.211305] AAAAA-TCP_FORW: name:enp0s3: saddr:100932208: daddr:16783984
[  401.285640] AAAAA-TCP_FORW: name:enp0s3: saddr:100932208: daddr:16783984
[  401.298570] AAAAA-TCP_FORW: name:enp0s3: saddr:16783984: daddr:100932208
[  401.703911] AAAAA-TCP_FORW: name:enp0s3: saddr:33561200: daddr:100932208
[  401.744881] AAAAA-TCP_FORW: name:enp0s3: saddr:100932208: daddr:16783984
[  401.850075] AAAAA-TCP_FORW: name:enp0s3: saddr:100932208: daddr:16783984
[  401.888377] AAAAA-TCP_FORW: name:enp0s3: saddr:33561200: daddr:100932208
[  401.977756] AAAAA-TCP_FORW: name:enp0s3: saddr:16783984: daddr:100932208
[  402.043762] AAAAA-TCP_FORW: name:enp0s3: saddr:33561200: daddr:100932208
[  402.259099] AAAAA-TCP_FORW: name:enp0s3: saddr:16783984: daddr:100932208
[  402.511636] AAAAA-TCP_FORW: name:enp0s3: saddr:33561200: daddr:100932208
[  402.521767] AAAAA-TCP_FORW: name:enp0s3: saddr:100932208: daddr:33561200
[  402.755267] AAAAA-TCP_FORW: name:enp0s3: saddr:100932208: daddr:16783984
[  402.863724] AAAAA-TCP_FORW: name:enp0s3: saddr:33561200: daddr:100932208
[  402.988480] AAAAA-TCP_FORW: name:enp0s3: saddr:33561200: daddr:100932208
[  403.196734] AAAAA-TCP_FORW: name:enp0s3: saddr:33561200: daddr:100932208
[  403.375771] AAAAA-TCP_FORW: name:enp0s3: saddr:33561200: daddr:100932208
[  403.605790] AAAAA-TCP_FORW: name:enp0s3: saddr:33561200: daddr:100932208
[  403.641003] AAAAA-TCP_FORW: name:enp0s3: saddr:100932208: daddr:16783984
[  403.776052] AAAAA-TCP_FORW: name:enp0s3: saddr:33561200: daddr:100932208
[  403.833663] AAAAA-TCP_FORW: name:enp0s3: saddr:100932208: daddr:16783984
[  403.843245] AAAAA-TCP_FORW: name:enp0s3: saddr:33561200: daddr:100932208
[  403.908989] AAAAA-TCP_FORW: name:enp0s3: saddr:100932208: daddr:16783984
[  404.040072] AAAAA-TCP_FORW: name:enp0s3: saddr:100932208: daddr:16783984
[  404.161885] AAAAA-TCP_FORW: name:enp0s3: saddr:33561200: daddr:100932208
[  404.191519] AAAAA-TCP_FORW: name:enp0s3: saddr:100932208: daddr:16783984
[  404.235330] AAAAA-TCP_FORW: name:enp0s3: saddr:33561200: daddr:100932208
[  404.246189] AAAAA-TCP_FORW: name:enp0s3: saddr:16783984: daddr:100932208
[  404.267602] AAAAA-TCP_FORW: name:enp0s3: saddr:100932208: daddr:16783984
[  404.421854] AAAAA-TCP_FORW: name:enp0s3: saddr:100932208: daddr:16783984
[  404.472732] AAAAA-TCP_FORW: name:enp0s3: saddr:16783984: daddr:100932208
[  404.581662] AAAAA-TCP_FORW: name:enp0s3: saddr:100932208: daddr:16783984
[  404.918836] AAAAA-TCP_FORW: name:enp0s3: saddr:100932208: daddr:16783984
[  405.506574] AAAAA-TCP_FORW: name:enp0s3: saddr:100932208: daddr:33561200
[  405.564415] AAAAA-TCP_FORW: name:enp0s3: saddr:100932208: daddr:33561200
[  405.630227] AAAAA-TCP_FORW: name:enp0s3: saddr:100932208: daddr:33561200
[  405.695648] AAAAA-TCP_FORW: name:enp0s3: saddr:100932208: daddr:33561200
[  405.738081] AAAAA-TCP_FORW: name:enp0s3: saddr:100932208: daddr:33561200
[  405.782536] AAAAA-TCP_FORW: name:enp0s3: saddr:100932208: daddr:16783984
[  405.935119] AAAAA-TCP_FORW: name:enp0s3: saddr:33561200: daddr:100932208
[  405.949462] AAAAA-TCP_FORW: name:enp0s3: saddr:100932208: daddr:16783984
[  406.091421] AAAAA-TCP_FORW: name:enp0s3: saddr:33561200: daddr:100932208
[  406.295867] AAAAA-TCP_FORW: name:enp0s3: saddr:100932208: daddr:16783984
[  406.360615] AAAAA-TCP_FORW: name:enp0s3: saddr:100932208: daddr:16783984
[  406.507030] AAAAA-TCP_FORW: name:enp0s3: saddr:100932208: daddr:16783984
[  406.670895] AAAAA-TCP_FORW: name:enp0s3: saddr:100932208: daddr:16783984
[  406.899675] AAAAA-TCP_FORW: name:enp0s3: saddr:100932208: daddr:16783984
[  406.972404] AAAAA-TCP_FORW: name:enp0s3: saddr:100932208: daddr:16783984
[  407.074986] AAAAA-TCP_FORW: name:enp0s3: saddr:100932208: daddr:33561200
[  407.084478] AAAAA-TCP_FORW: name:enp0s3: saddr:16783984: daddr:100932208
[  407.127049] AAAAA-TCP_FORW: name:enp0s3: saddr:100932208: daddr:33561200
[  407.200450] AAAAA-TCP_FORW: name:enp0s3: saddr:16783984: daddr:100932208
[  407.431532] AAAAA-TCP_FORW: name:enp0s3: saddr:100932208: daddr:16783984
[  407.575731] AAAAA-TCP_FORW: name:enp0s3: saddr:100932208: daddr:16783984
[  407.577781] AAAAA-TCP_FORW: name:enp0s3: saddr:100932208: daddr:16783984
[  407.604159] AAAAA-TCP_FORW: name:enp0s3: saddr:33561200: daddr:100932208
[  407.649971] AAAAA-TCP_FORW: name:enp0s3: saddr:100932208: daddr:16783984
[  407.729142] AAAAA-TCP_FORW: name:enp0s3: saddr:33561200: daddr:100932208
[  407.757733] AAAAA-TCP_FORW: name:enp0s3: saddr:100932208: daddr:16783984
[  407.759514] AAAAA-TCP_FORW: name:enp0s3: saddr:100932208: daddr:16783984
[  407.785006] AAAAA-TCP_FORW: name:enp0s3: saddr:100932208: daddr:33561200
[  407.797999] AAAAA-TCP_FORW: name:enp0s3: saddr:100932208: daddr:33561200
[  407.934023] AAAAA-TCP_FORW: name:enp0s3: saddr:16783984: daddr:100932208
[  407.975056] AAAAA-TCP_FORW: name:enp0s3: saddr:16783984: daddr:100932208
[  407.988704] AAAAA-TCP_FORW: name:enp0s3: saddr:100932208: daddr:33561200
[  408.047676] AAAAA-TCP_FORW: name:enp0s3: saddr:100932208: daddr:33561200
[  408.578027] AAAAA-TCP_FORW: name:enp0s3: saddr:16783984: daddr:100932208
[  408.652826] AAAAA-TCP_FORW: name:enp0s3: saddr:16783984: daddr:100932208
[  408.810692] AAAAA-TCP_FORW: name:enp0s3: saddr:16783984: daddr:100932208
[  409.011212] AAAAA-TCP_FORW: name:enp0s3: saddr:16783984: daddr:100932208
[  409.179793] AAAAA-TCP_FORW: name:enp0s3: saddr:16783984: daddr:100932208
[  409.436557] AAAAA-TCP_FORW: name:enp0s3: saddr:16783984: daddr:100932208
[  409.506789] AAAAA-TCP_FORW: name:enp0s3: saddr:16783984: daddr:100932208
[  409.571123] AAAAA-TCP_FORW: name:enp0s3: saddr:16783984: daddr:100932208
[  409.671527] AAAAA-TCP_FORW: name:enp0s3: saddr:16783984: daddr:100932208
[  409.830767] AAAAA-TCP_FORW: name:enp0s3: saddr:16783984: daddr:100932208
[  410.231120] AAAAA-TCP_FORW: name:enp0s3: saddr:16783984: daddr:100932208
[  410.466711] AAAAA-TCP_FORW: name:enp0s3: saddr:16783984: daddr:100932208
[  410.846914] AAAAA-TCP_FORW: name:enp0s3: saddr:33561200: daddr:100932208
[  411.037952] AAAAA-TCP_FORW: name:enp0s3: saddr:16783984: daddr:100932208
[  411.159110] AAAAA-TCP_FORW: name:enp0s3: saddr:16783984: daddr:100932208
[  411.204826] AAAAA-TCP_FORW: name:enp0s3: saddr:16783984: daddr:100932208
[  411.414871] AAAAA-TCP_FORW: name:enp0s3: saddr:16783984: daddr:100932208
[  411.572790] AAAAA-TCP_FORW: name:enp0s3: saddr:100932208: daddr:16783984
[  411.624003] AAAAA-TCP_FORW: name:enp0s3: saddr:100932208: daddr:33561200
[  411.661763] AAAAA-TCP_FORW: name:enp0s3: saddr:16783984: daddr:100932208
[  411.700771] AAAAA-TCP_FORW: name:enp0s3: saddr:100932208: daddr:33561200
[  411.719763] AAAAA-TCP_FORW: name:enp0s3: saddr:16783984: daddr:100932208
[  411.768932] AAAAA-TCP_FORW: name:enp0s3: saddr:100932208: daddr:33561200
[  411.818442] AAAAA-TCP_FORW: name:enp0s3: saddr:100932208: daddr:33561200
[  411.868986] AAAAA-TCP_FORW: name:enp0s3: saddr:16783984: daddr:100932208
[  412.461790] AAAAA-TCP_FORW: name:enp0s3: saddr:33561200: daddr:100932208
[  412.556147] AAAAA-TCP_FORW: name:enp0s3: saddr:100932208: daddr:16783984
[  412.619053] AAAAA-TCP_FORW: name:enp0s3: saddr:33561200: daddr:100932208
[  412.653551] AAAAA-TCP_FORW: name:enp0s3: saddr:100932208: daddr:16783984
[  412.801772] AAAAA-TCP_FORW: name:enp0s3: saddr:100932208: daddr:16783984
[  412.910097] AAAAA-TCP_FORW: name:enp0s3: saddr:100932208: daddr:16783984
[  412.993976] AAAAA-TCP_FORW: name:enp0s3: saddr:100932208: daddr:16783984
[  413.054071] AAAAA-TCP_FORW: name:enp0s3: saddr:100932208: daddr:16783984
[  413.168410] AAAAA-TCP_FORW: name:enp0s3: saddr:33561200: daddr:100932208
[  413.221198] AAAAA-TCP_FORW: name:enp0s3: saddr:100932208: daddr:33561200
[  413.314747] AAAAA-TCP_FORW: name:enp0s3: saddr:100932208: daddr:33561200
[  413.498675] AAAAA-TCP_FORW: name:enp0s3: saddr:100932208: daddr:33561200
[  413.504400] AAAAA-TCP_FORW: name:enp0s3: saddr:33561200: daddr:100932208
[  413.543822] AAAAA-TCP_FORW: name:enp0s3: saddr:33561200: daddr:100932208
[  413.857274] AAAAA-TCP_FORW: name:enp0s3: saddr:16783984: daddr:100932208
[  413.942610] AAAAA-TCP_FORW: name:enp0s3: saddr:16783984: daddr:100932208
[  413.963133] AAAAA-TCP_FORW: name:enp0s3: saddr:100932208: daddr:16783984
[  413.964935] AAAAA-TCP_FORW: name:enp0s3: saddr:100932208: daddr:16783984
[  414.009767] AAAAA-TCP_FORW: name:enp0s3: saddr:16783984: daddr:100932208
[  414.031161] AAAAA-TCP_FORW: name:enp0s3: saddr:100932208: daddr:16783984
[  414.110383] AAAAA-TCP_FORW: name:enp0s3: saddr:16783984: daddr:100932208
[  414.175621] AAAAA-TCP_FORW: name:enp0s3: saddr:16783984: daddr:100932208
[  414.232229] AAAAA-TCP_FORW: name:enp0s3: saddr:16783984: daddr:100932208
[  414.263485] AAAAA-TCP_FORW: name:enp0s3: saddr:16783984: daddr:100932208
[  414.328406] AAAAA-TCP_FORW: name:enp0s3: saddr:33561200: daddr:100932208
[  414.397917] AAAAA-TCP_FORW: name:enp0s3: saddr:33561200: daddr:100932208
[  414.440684] AAAAA-TCP_FORW: name:enp0s3: saddr:100932208: daddr:16783984
[  414.461806] AAAAA-TCP_FORW: name:enp0s3: saddr:16783984: daddr:100932208
[  414.523029] AAAAA-TCP_FORW: name:enp0s3: saddr:100932208: daddr:16783984
[  414.544281] AAAAA-TCP_FORW: name:enp0s3: saddr:16783984: daddr:100932208
[  414.573016] AAAAA-TCP_FORW: name:enp0s3: saddr:100932208: daddr:16783984
[  414.628642] AAAAA-TCP_FORW: name:enp0s3: saddr:16783984: daddr:100932208
[  414.692957] AAAAA-TCP_FORW: name:enp0s3: saddr:16783984: daddr:100932208
