[    0.000000] Linux version 5.4.243-mptcp (root@ztg) (gcc version 12.2.0 (Debian 12.2.0-14+deb12u1)) #53 SMP Wed Dec 24 23:28:15 CST 2025
[    0.000000] Command line: BOOT_IMAGE=/boot/vmlinuz-5.4.243-mptcp root=UUID=98415a12-53b7-4144-8265-0f7ece09e445 ro quiet splash
[    0.000000] KERNEL supported cpus:
[    0.000000]   Intel GenuineIntel
[    0.000000]   AMD AuthenticAMD
[    0.000000]   Hygon HygonGenuine
[    0.000000]   Centaur CentaurHauls
[    0.000000]   zhaoxin   Shanghai  
[    0.000000] x86/fpu: Supporting XSAVE feature 0x001: 'x87 floating point registers'
[    0.000000] x86/fpu: Supporting XSAVE feature 0x002: 'SSE registers'
[    0.000000] x86/fpu: Supporting XSAVE feature 0x004: 'AVX registers'
[    0.000000] x86/fpu: xstate_offset[2]:  576, xstate_sizes[2]:  256
[    0.000000] x86/fpu: Enabled xstate features 0x7, context size is 832 bytes, using 'standard' format.
[    0.000000] BIOS-provided physical RAM map:
[    0.000000] BIOS-e820: [mem 0x0000000000000000-0x000000000009fbff] usable
[    0.000000] BIOS-e820: [mem 0x000000000009fc00-0x000000000009ffff] reserved
[    0.000000] BIOS-e820: [mem 0x00000000000f0000-0x00000000000fffff] reserved
[    0.000000] BIOS-e820: [mem 0x0000000000100000-0x000000007ffeffff] usable
[    0.000000] BIOS-e820: [mem 0x000000007fff0000-0x000000007fffffff] ACPI data
[    0.000000] BIOS-e820: [mem 0x00000000fec00000-0x00000000fec00fff] reserved
[    0.000000] BIOS-e820: [mem 0x00000000fee00000-0x00000000fee00fff] reserved
[    0.000000] BIOS-e820: [mem 0x00000000fffc0000-0x00000000ffffffff] reserved
[    0.000000] NX (Execute Disable) protection: active
[    0.000000] SMBIOS 2.5 present.
[    0.000000] DMI: innotek GmbH VirtualBox/VirtualBox, BIOS VirtualBox 12/01/2006
[    0.000000] Hypervisor detected: KVM
[    0.000000] kvm-clock: Using msrs 4b564d01 and 4b564d00
[    0.000000] kvm-clock: cpu 0, msr 2ac01001, primary cpu clock
[    0.000000] kvm-clock: using sched offset of 4433905386 cycles
[    0.000003] clocksource: kvm-clock: mask: 0xffffffffffffffff max_cycles: 0x1cd42e4dffb, max_idle_ns: 881590591483 ns
[    0.000006] tsc: Detected 2100.000 MHz processor
[    0.002384] e820: update [mem 0x00000000-0x00000fff] usable ==> reserved
[    0.002386] e820: remove [mem 0x000a0000-0x000fffff] usable
[    0.002391] last_pfn = 0x7fff0 max_arch_pfn = 0x400000000
[    0.002469] MTRR default type: uncachable
[    0.002470] MTRR fixed ranges enabled:
[    0.002472]   00000-9FFFF write-back
[    0.002472]   A0000-BFFFF uncachable
[    0.002474]   C0000-FFFFF write-protect
[    0.002474] MTRR variable ranges enabled:
[    0.002477]   0 base 000000000000 mask 3FFF80000000 write-back
[    0.002477]   1 disabled
[    0.002478]   2 disabled
[    0.002478]   3 disabled
[    0.002479]   4 disabled
[    0.002479]   5 disabled
[    0.002479]   6 disabled
[    0.002480]   7 disabled
[    0.002481]   8 disabled
[    0.002481]   9 disabled
[    0.002482]   10 disabled
[    0.002482]   11 disabled
[    0.002483]   12 disabled
[    0.002484]   13 disabled
[    0.002484]   14 disabled
[    0.002485]   15 disabled
[    0.002504] x86/PAT: Configuration [0-7]: WB  WC  UC- UC  WB  WP  UC- WT  
[    0.002651] found SMP MP-table at [mem 0x0009fff0-0x0009ffff]
[    0.101539] check: Scanning 1 areas for low memory corruption
[    0.101715] RAMDISK: [mem 0x32271000-0x3512ffff]
[    0.101723] ACPI: Early table checksum verification disabled
[    0.101729] ACPI: RSDP 0x00000000000E0000 000024 (v02 VBOX  )
[    0.101733] ACPI: XSDT 0x000000007FFF0030 00003C (v01 VBOX   VBOXXSDT 00000001 ASL  00000061)
[    0.101740] ACPI: FACP 0x000000007FFF00F0 0000F4 (v04 VBOX   VBOXFACP 00000001 ASL  00000061)
[    0.101747] ACPI: DSDT 0x000000007FFF02E0 002353 (v02 VBOX   VBOXBIOS 00000002 VBOX 00029BF3)
[    0.101751] ACPI: FACS 0x000000007FFF0200 000040
[    0.101754] ACPI: FACS 0x000000007FFF0200 000040
[    0.101757] ACPI: APIC 0x000000007FFF0240 000054 (v02 VBOX   VBOXAPIC 00000001 ASL  00000061)
[    0.101761] ACPI: SSDT 0x000000007FFF02A0 000038 (v01 VBOX   VBOXCPUT 00000002 VBOX 00029BF3)
[    0.101764] ACPI: Reserving FACP table memory at [mem 0x7fff00f0-0x7fff01e3]
[    0.101765] ACPI: Reserving DSDT table memory at [mem 0x7fff02e0-0x7fff2632]
[    0.101766] ACPI: Reserving FACS table memory at [mem 0x7fff0200-0x7fff023f]
[    0.101767] ACPI: Reserving FACS table memory at [mem 0x7fff0200-0x7fff023f]
[    0.101767] ACPI: Reserving APIC table memory at [mem 0x7fff0240-0x7fff0293]
[    0.101768] ACPI: Reserving SSDT table memory at [mem 0x7fff02a0-0x7fff02d7]
[    0.101783] ACPI: Local APIC address 0xfee00000
[    0.101970] No NUMA configuration found
[    0.101971] Faking a node at [mem 0x0000000000000000-0x000000007ffeffff]
[    0.101981] NODE_DATA(0) allocated [mem 0x7ffc5000-0x7ffeffff]
[    0.102242] Zone ranges:
[    0.102243]   DMA      [mem 0x0000000000001000-0x0000000000ffffff]
[    0.102244]   DMA32    [mem 0x0000000001000000-0x000000007ffeffff]
[    0.102245]   Normal   empty
[    0.102246]   Device   empty
[    0.102246] Movable zone start for each node
[    0.102248] Early memory node ranges
[    0.102249]   node   0: [mem 0x0000000000001000-0x000000000009efff]
[    0.102250]   node   0: [mem 0x0000000000100000-0x000000007ffeffff]
[    0.102253] Zeroed struct page in unavailable ranges: 114 pages
[    0.102254] Initmem setup node 0 [mem 0x0000000000001000-0x000000007ffeffff]
[    0.102255] On node 0 totalpages: 524174
[    0.102256]   DMA zone: 64 pages used for memmap
[    0.102257]   DMA zone: 21 pages reserved
[    0.102258]   DMA zone: 3998 pages, LIFO batch:0
[    0.102330]   DMA32 zone: 8128 pages used for memmap
[    0.102330]   DMA32 zone: 520176 pages, LIFO batch:63
[    0.111365] ACPI: PM-Timer IO Port: 0x4008
[    0.111369] ACPI: Local APIC address 0xfee00000
[    0.111438] IOAPIC[0]: apic_id 1, version 32, address 0xfec00000, GSI 0-23
[    0.111441] ACPI: INT_SRC_OVR (bus 0 bus_irq 0 global_irq 2 dfl dfl)
[    0.111444] ACPI: INT_SRC_OVR (bus 0 bus_irq 9 global_irq 9 low level)
[    0.111445] ACPI: IRQ0 used by override.
[    0.111446] ACPI: IRQ9 used by override.
[    0.111449] Using ACPI (MADT) for SMP configuration information
[    0.111457] smpboot: Allowing 1 CPUs, 0 hotplug CPUs
[    0.111481] PM: Registered nosave memory: [mem 0x00000000-0x00000fff]
[    0.111482] PM: Registered nosave memory: [mem 0x0009f000-0x0009ffff]
[    0.111483] PM: Registered nosave memory: [mem 0x000a0000-0x000effff]
[    0.111483] PM: Registered nosave memory: [mem 0x000f0000-0x000fffff]
[    0.111485] [mem 0x80000000-0xfebfffff] available for PCI devices
[    0.111486] Booting paravirtualized kernel on KVM
[    0.111490] clocksource: refined-jiffies: mask: 0xffffffff max_cycles: 0xffffffff, max_idle_ns: 7645519600211568 ns
[    0.111494] setup_percpu: NR_CPUS:8192 nr_cpumask_bits:1 nr_cpu_ids:1 nr_node_ids:1
[    0.112534] percpu: Embedded 60 pages/cpu s208896 r8192 d28672 u2097152
[    0.112539] pcpu-alloc: s208896 r8192 d28672 u2097152 alloc=1*2097152
[    0.112540] pcpu-alloc: [0] 0 
[    0.112567] Built 1 zonelists, mobility grouping on.  Total pages: 515961
[    0.112568] Policy zone: DMA32
[    0.112569] Kernel command line: BOOT_IMAGE=/boot/vmlinuz-5.4.243-mptcp root=UUID=98415a12-53b7-4144-8265-0f7ece09e445 ro quiet splash
[    0.113433] Dentry cache hash table entries: 262144 (order: 9, 2097152 bytes, linear)
[    0.113582] Inode-cache hash table entries: 131072 (order: 8, 1048576 bytes, linear)
[    0.113633] mem auto-init: stack:off, heap alloc:on, heap free:off
[    0.113636] Calgary: detecting Calgary via BIOS EBDA area
[    0.113637] Calgary: Unable to locate Rio Grande table in EBDA - bailing!
[    0.117842] Memory: 1967332K/2096696K available (14339K kernel code, 2398K rwdata, 4712K rodata, 2728K init, 17260K bss, 129364K reserved, 0K cma-reserved)
[    0.118794] SLUB: HWalign=64, Order=0-3, MinObjects=0, CPUs=1, Nodes=1
[    0.118811] ftrace: allocating 43186 entries in 169 pages
[    0.137295] rcu: Hierarchical RCU implementation.
[    0.137298] rcu: 	RCU restricting CPUs from NR_CPUS=8192 to nr_cpu_ids=1.
[    0.137299] 	Tasks RCU enabled.
[    0.137300] rcu: RCU calculated value of scheduler-enlistment delay is 25 jiffies.
[    0.137300] rcu: Adjusting geometry for rcu_fanout_leaf=16, nr_cpu_ids=1
[    0.140257] NR_IRQS: 524544, nr_irqs: 256, preallocated irqs: 16
[    0.140473] random: crng init done
[    0.149817] Console: colour VGA+ 80x25
[    0.149821] printk: console [tty0] enabled
[    0.149841] ACPI: Core revision 20190816
[    0.149937] APIC: Switch to symmetric I/O mode setup
[    0.150191] x2apic enabled
[    0.150431] Switched APIC routing to physical x2apic.
[    0.151570] ..TIMER: vector=0x30 apic1=0 pin1=2 apic2=-1 pin2=-1
[    0.151598] clocksource: tsc-early: mask: 0xffffffffffffffff max_cycles: 0x1e4530a99b6, max_idle_ns: 440795257976 ns
[    0.151604] Calibrating delay loop (skipped) preset value.. 4200.00 BogoMIPS (lpj=8400000)
[    0.151606] pid_max: default: 32768 minimum: 301
[    0.151633] LSM: Security Framework initializing
[    0.151643] Yama: becoming mindful.
[    0.151670] AppArmor: AppArmor initialized
[    0.151704] Mount-cache hash table entries: 4096 (order: 3, 32768 bytes, linear)
[    0.151708] Mountpoint-cache hash table entries: 4096 (order: 3, 32768 bytes, linear)
[    0.151719] *** VALIDATE tmpfs ***
[    0.151849] *** VALIDATE proc ***
[    0.151889] *** VALIDATE cgroup1 ***
[    0.151890] *** VALIDATE cgroup2 ***
[    0.152031] process: using mwait in idle threads
[    0.152035] Last level iTLB entries: 4KB 64, 2MB 8, 4MB 8
[    0.152036] Last level dTLB entries: 4KB 64, 2MB 0, 4MB 0, 1GB 4
[    0.152055] Spectre V1 : Mitigation: usercopy/swapgs barriers and __user pointer sanitization
[    0.152061] Spectre V2 : Mitigation: Retpolines
[    0.152061] Spectre V2 : Spectre v2 / SpectreRSB mitigation: Filling RSB on context switch
[    0.152062] Spectre V2 : Spectre v2 / SpectreRSB : Filling RSB on VMEXIT
[    0.152063] RETBleed: WARNING: Spectre v2 mitigation leaves CPU vulnerable to RETBleed attacks, data leaks possible!
[    0.152414] RETBleed: Vulnerable
[    0.152415] Speculative Store Bypass: Vulnerable
[    0.152419] TAA: Mitigation: TSX disabled
[    0.152420] MMIO Stale Data: Mitigation: Clear CPU buffers
[    0.156740] Freeing SMP alternatives memory: 40K
[    0.269237] smpboot: CPU0: Intel(R) Xeon(R) Silver 4216 CPU @ 2.10GHz (family: 0x6, model: 0x55, stepping: 0x7)
[    0.269396] Performance Events: unsupported p6 CPU model 85 no PMU driver, software events only.
[    0.269442] rcu: Hierarchical SRCU implementation.
[    0.270086] NMI watchdog: Perf NMI watchdog permanently disabled
[    0.270141] smp: Bringing up secondary CPUs ...
[    0.270143] smp: Brought up 1 node, 1 CPU
[    0.270144] smpboot: Max logical packages: 1
[    0.270146] smpboot: Total of 1 processors activated (4200.00 BogoMIPS)
[    0.271246] devtmpfs: initialized
[    0.271310] x86/mm: Memory block size: 128MB
[    0.271600] clocksource: jiffies: mask: 0xffffffff max_cycles: 0xffffffff, max_idle_ns: 7645041785100000 ns
[    0.271600] futex hash table entries: 256 (order: 2, 16384 bytes, linear)
[    0.271600] pinctrl core: initialized pinctrl subsystem
[    0.271600] PM: RTC time: 16:26:17, date: 2026-01-11
[    0.271600] NET: Registered protocol family 16
[    0.271600] audit: initializing netlink subsys (disabled)
[    0.271600] EISA bus registered
[    0.271600] cpuidle: using governor ladder
[    0.271600] cpuidle: using governor menu
[    0.271600] ACPI: bus type PCI registered
[    0.271600] acpiphp: ACPI Hot Plug PCI Controller Driver version: 0.5
[    0.271600] PCI: Using configuration type 1 for base access
[    0.272565] audit: type=2000 audit(1768119983.329:1): state=initialized audit_enabled=0 res=1
[    0.272661] HugeTLB registered 2.00 MiB page size, pre-allocated 0 pages
[    0.273571] ACPI: Added _OSI(Module Device)
[    0.273571] ACPI: Added _OSI(Processor Device)
[    0.273572] ACPI: Added _OSI(3.0 _SCP Extensions)
[    0.273573] ACPI: Added _OSI(Processor Aggregator Device)
[    0.273573] ACPI: Added _OSI(Linux-Dell-Video)
[    0.273574] ACPI: Added _OSI(Linux-Lenovo-NV-HDMI-Audio)
[    0.273575] ACPI: Added _OSI(Linux-HPI-Hybrid-Graphics)
[    0.275546] ACPI: 2 ACPI AML tables successfully acquired and loaded
[    0.277134] ACPI: Interpreter enabled
[    0.277146] ACPI: (supports S0 S5)
[    0.277148] ACPI: Using IOAPIC for interrupt routing
[    0.277387] PCI: Using host bridge windows from ACPI; if necessary, use "pci=nocrs" and report a bug
[    0.277506] ACPI: Enabled 2 GPEs in block 00 to 07
[    0.281289] ACPI: PCI Root Bridge [PCI0] (domain 0000 [bus 00-ff])
[    0.281294] acpi PNP0A03:00: _OSC: OS supports [ASPM ClockPM Segments MSI HPX-Type3]
[    0.284095] acpi PNP0A03:00: _OSC: not requesting OS control; OS requires [ExtendedConfig ASPM ClockPM MSI]
[    0.284104] acpi PNP0A03:00: fail to add MMCONFIG information, can't access extended PCI configuration space under this bridge.
[    0.284484] PCI host bridge to bus 0000:00
[    0.284486] pci_bus 0000:00: root bus resource [io  0x0000-0x0cf7 window]
[    0.284487] pci_bus 0000:00: root bus resource [io  0x0d00-0xffff window]
[    0.284488] pci_bus 0000:00: root bus resource [mem 0x000a0000-0x000bffff window]
[    0.284489] pci_bus 0000:00: root bus resource [mem 0x80000000-0xfdffffff window]
[    0.284490] pci_bus 0000:00: root bus resource [bus 00-ff]
[    0.284534] pci 0000:00:00.0: [8086:1237] type 00 class 0x060000
[    0.285469] pci 0000:00:01.0: [8086:7000] type 00 class 0x060100
[    0.286238] pci 0000:00:01.1: [8086:7111] type 00 class 0x01018a
[    0.286612] pci 0000:00:01.1: reg 0x20: [io  0xd000-0xd00f]
[    0.286765] pci 0000:00:01.1: legacy IDE quirk: reg 0x10: [io  0x01f0-0x01f7]
[    0.286766] pci 0000:00:01.1: legacy IDE quirk: reg 0x14: [io  0x03f6]
[    0.286767] pci 0000:00:01.1: legacy IDE quirk: reg 0x18: [io  0x0170-0x0177]
[    0.286768] pci 0000:00:01.1: legacy IDE quirk: reg 0x1c: [io  0x0376]
[    0.287307] pci 0000:00:02.0: [15ad:0405] type 00 class 0x030000
[    0.289515] pci 0000:00:02.0: reg 0x10: [io  0xd010-0xd01f]
[    0.291645] pci 0000:00:02.0: reg 0x14: [mem 0xe0000000-0xe7ffffff pref]
[    0.294348] pci 0000:00:02.0: reg 0x18: [mem 0xf0000000-0xf01fffff]
[    0.306227] pci 0000:00:03.0: [1022:2000] type 00 class 0x020000
[    0.306939] pci 0000:00:03.0: reg 0x10: [io  0xd020-0xd03f]
[    0.308262] pci 0000:00:03.0: reg 0x14: [mem 0xf0200000-0xf0200fff]
[    0.311785] pci 0000:00:04.0: [80ee:cafe] type 00 class 0x088000
[    0.312455] pci 0000:00:04.0: reg 0x10: [io  0xd040-0xd05f]
[    0.313064] pci 0000:00:04.0: reg 0x14: [mem 0xf0400000-0xf07fffff]
[    0.313673] pci 0000:00:04.0: reg 0x18: [mem 0xf0800000-0xf0803fff pref]
[    0.316977] pci 0000:00:07.0: [8086:7113] type 00 class 0x068000
[    0.317520] pci 0000:00:07.0: quirk: [io  0x4000-0x403f] claimed by PIIX4 ACPI
[    0.317532] pci 0000:00:07.0: quirk: [io  0x4100-0x410f] claimed by PIIX4 SMB
[    0.318140] pci 0000:00:08.0: [8086:100e] type 00 class 0x020000
[    0.318856] pci 0000:00:08.0: reg 0x10: [mem 0xf0820000-0xf083ffff]
[    0.319714] pci 0000:00:08.0: reg 0x18: [io  0xd060-0xd067]
[    0.323670] pci 0000:00:09.0: [8086:100e] type 00 class 0x020000
[    0.324377] pci 0000:00:09.0: reg 0x10: [mem 0xf0840000-0xf085ffff]
[    0.325536] pci 0000:00:09.0: reg 0x18: [io  0xd068-0xd06f]
[    0.336345] ACPI: PCI Interrupt Link [LNKA] (IRQs 5 9 10 *11)
[    0.336632] ACPI: PCI Interrupt Link [LNKB] (IRQs 5 9 *10 11)
[    0.336733] ACPI: PCI Interrupt Link [LNKC] (IRQs 5 *9 10 11)
[    0.336838] ACPI: PCI Interrupt Link [LNKD] (IRQs 5 9 10 *11)
[    0.337109] iommu: Default domain type: Translated 
[    0.337170] pci 0000:00:02.0: vgaarb: setting as boot VGA device
[    0.337172] pci 0000:00:02.0: vgaarb: VGA device added: decodes=io+mem,owns=io+mem,locks=none
[    0.337175] pci 0000:00:02.0: vgaarb: bridge control possible
[    0.337175] vgaarb: loaded
[    0.337391] SCSI subsystem initialized
[    0.337422] libata version 3.00 loaded.
[    0.337446] ACPI: bus type USB registered
[    0.337463] usbcore: registered new interface driver usbfs
[    0.337469] usbcore: registered new interface driver hub
[    0.337474] usbcore: registered new device driver usb
[    0.337500] pps_core: LinuxPPS API ver. 1 registered
[    0.337500] pps_core: Software ver. 5.3.6 - Copyright 2005-2007 Rodolfo Giometti <giometti@linux.it>
[    0.337502] PTP clock support registered
[    0.337539] EDAC MC: Ver: 3.0.0
[    0.337831] PCI: Using ACPI for IRQ routing
[    0.337832] PCI: pci_cache_line_size set to 64 bytes
[    0.338007] e820: reserve RAM buffer [mem 0x0009fc00-0x0009ffff]
[    0.338010] e820: reserve RAM buffer [mem 0x7fff0000-0x7fffffff]
[    0.338820] NetLabel: Initializing
[    0.338821] NetLabel:  domain hash size = 128
[    0.338822] NetLabel:  protocols = UNLABELED CIPSOv4 CALIPSO
[    0.338842] NetLabel:  unlabeled traffic allowed by default
[    0.339651] clocksource: Switched to clocksource kvm-clock
[    0.351789] *** VALIDATE bpf ***
[    0.351789] VFS: Disk quotas dquot_6.6.0
[    0.351789] VFS: Dquot-cache hash table entries: 512 (order 0, 4096 bytes)
[    0.351789] *** VALIDATE ramfs ***
[    0.351789] *** VALIDATE hugetlbfs ***
[    0.351789] AppArmor: AppArmor Filesystem Enabled
[    0.351789] pnp: PnP ACPI init
[    0.351789] pnp 00:00: Plug and Play ACPI device, IDs PNP0303 (active)
[    0.354506] pnp 00:01: Plug and Play ACPI device, IDs PNP0f03 (active)
[    0.355306] pnp: PnP ACPI: found 2 devices
[    0.356271] thermal_sys: Registered thermal governor 'fair_share'
[    0.356271] thermal_sys: Registered thermal governor 'bang_bang'
[    0.356272] thermal_sys: Registered thermal governor 'step_wise'
[    0.356273] thermal_sys: Registered thermal governor 'user_space'
[    0.356273] thermal_sys: Registered thermal governor 'power_allocator'
[    0.360820] clocksource: acpi_pm: mask: 0xffffff max_cycles: 0xffffff, max_idle_ns: 2085701024 ns
[    0.360860] pci_bus 0000:00: resource 4 [io  0x0000-0x0cf7 window]
[    0.360862] pci_bus 0000:00: resource 5 [io  0x0d00-0xffff window]
[    0.360863] pci_bus 0000:00: resource 6 [mem 0x000a0000-0x000bffff window]
[    0.360864] pci_bus 0000:00: resource 7 [mem 0x80000000-0xfdffffff window]
[    0.360924] NET: Registered protocol family 2
[    0.361000] IP idents hash table entries: 32768 (order: 6, 262144 bytes, linear)
[    0.361418] MPTCP tokens hash table entries: 8192 (order: 4, 65536 bytes, linear)
[    0.361439] MPTCP request tokens hash table entries: 8192 (order: 4, 65536 bytes, linear)
[    0.361464] default registered
[    0.361464] default registered
[    0.361465] MPTCP: Stable release v0.96
[    0.361470] tcp_listen_portaddr_hash hash table entries: 1024 (order: 2, 16384 bytes, linear)
[    0.361551] TCP established hash table entries: 16384 (order: 5, 131072 bytes, linear)
[    0.361617] TCP bind hash table entries: 16384 (order: 6, 262144 bytes, linear)
[    0.361643] TCP: Hash tables configured (established 16384 bind 16384)
[    0.362377] UDP hash table entries: 1024 (order: 3, 32768 bytes, linear)
[    0.362389] UDP-Lite hash table entries: 1024 (order: 3, 32768 bytes, linear)
[    0.362423] NET: Registered protocol family 1
[    0.362430] NET: Registered protocol family 44
[    0.362453] pci 0000:00:00.0: Limiting direct PCI/PCI transfers
[    0.362466] pci 0000:00:01.0: Activating ISA DMA hang workarounds
[    0.362522] pci 0000:00:02.0: Video device with shadowed ROM at [mem 0x000c0000-0x000dffff]
[    0.362585] PCI: CLS 0 bytes, default 64
[    0.362659] Trying to unpack rootfs image as initramfs...
[    0.535851] Freeing initrd memory: 47868K
[    0.535851] clocksource: tsc: mask: 0xffffffffffffffff max_cycles: 0x1e4530a99b6, max_idle_ns: 440795257976 ns
[    0.535851] clocksource: Switched to clocksource tsc
[    0.535851] platform rtc_cmos: registered platform RTC device (no PNP device found)
[    0.535851] check: Scanning for low memory corruption every 60 seconds
[    0.535851] Initialise system trusted keyrings
[    0.535851] Key type blacklist registered
[    0.535851] workingset: timestamp_bits=36 max_order=19 bucket_order=0
[    0.535851] zbud: loaded
[    0.535851] squashfs: version 4.0 (2009/01/31) Phillip Lougher
[    0.535851] fuse: init (API version 7.31)
[    0.535851] *** VALIDATE fuse ***
[    0.535851] *** VALIDATE fuse ***
[    0.535851] Platform Keyring initialized
[    0.551003] Key type asymmetric registered
[    0.551004] Asymmetric key parser 'x509' registered
[    0.551013] Block layer SCSI generic (bsg) driver version 0.4 loaded (major 244)
[    0.551050] io scheduler mq-deadline registered
[    0.551173] shpchp: Standard Hot Plug PCI Controller Driver version: 0.4
[    0.551384] ACPI: AC Adapter [AC] (on-line)
[    0.551428] input: Power Button as /devices/LNXSYSTM:00/LNXPWRBN:00/input/input0
[    0.551459] ACPI: Power Button [PWRF]
[    0.551533] input: Sleep Button as /devices/LNXSYSTM:00/LNXSLPBN:00/input/input1
[    0.551547] ACPI: Sleep Button [SLPF]
[    0.551775] Serial: 8250/16550 driver, 32 ports, IRQ sharing enabled
[    0.552928] Linux agpgart interface v0.103
[    0.643172] loop: module loaded
[    0.643329] ata_piix 0000:00:01.1: version 2.13
[    0.643736] scsi host0: ata_piix
[    0.643827] scsi host1: ata_piix
[    0.643853] ata1: PATA max UDMA/33 cmd 0x1f0 ctl 0x3f6 bmdma 0xd000 irq 14
[    0.643854] ata2: PATA max UDMA/33 cmd 0x170 ctl 0x376 bmdma 0xd008 irq 15
[    0.643936] tun: Universal TUN/TAP device driver, 1.6
[    0.644250] PPP generic driver version 2.4.2
[    0.644294] VFIO - User Level meta-driver version: 0.3
[    0.644530] ehci_hcd: USB 2.0 'Enhanced' Host Controller (EHCI) Driver
[    0.644534] ehci-pci: EHCI PCI platform driver
[    0.644549] ehci-platform: EHCI generic platform driver
[    0.644555] ohci_hcd: USB 1.1 'Open' Host Controller (OHCI) Driver
[    0.644557] ohci-pci: OHCI PCI platform driver
[    0.644563] ohci-platform: OHCI generic platform driver
[    0.644568] uhci_hcd: USB Universal Host Controller Interface driver
[    0.644635] i8042: PNP: PS/2 Controller [PNP0303:PS2K,PNP0f03:PS2M] at 0x60,0x64 irq 1,12
[    0.645069] serio: i8042 KBD port at 0x60,0x64 irq 1
[    0.645073] serio: i8042 AUX port at 0x60,0x64 irq 12
[    0.645159] mousedev: PS/2 mouse device common for all mice
[    0.645415] input: AT Translated Set 2 keyboard as /devices/platform/i8042/serio0/input/input2
[    0.645835] rtc_cmos rtc_cmos: registered as rtc0
[    0.645848] rtc_cmos rtc_cmos: alarms up to one day, 114 bytes nvram
[    0.645853] i2c /dev entries driver
[    0.645898] device-mapper: uevent: version 1.0.3
[    0.645940] device-mapper: ioctl: 4.41.0-ioctl (2019-09-16) initialised: dm-devel@redhat.com
[    0.645957] platform eisa.0: Probing EISA bus 0
[    0.645958] platform eisa.0: EISA: Cannot allocate resource for mainboard
[    0.645959] platform eisa.0: Cannot allocate resource for EISA slot 1
[    0.645960] platform eisa.0: Cannot allocate resource for EISA slot 2
[    0.645961] platform eisa.0: Cannot allocate resource for EISA slot 3
[    0.645962] platform eisa.0: Cannot allocate resource for EISA slot 4
[    0.645963] platform eisa.0: Cannot allocate resource for EISA slot 5
[    0.645964] platform eisa.0: Cannot allocate resource for EISA slot 6
[    0.645965] platform eisa.0: Cannot allocate resource for EISA slot 7
[    0.645966] platform eisa.0: Cannot allocate resource for EISA slot 8
[    0.645967] platform eisa.0: EISA: Detected 0 cards
[    0.645970] intel_pstate: CPU model not supported
[    0.645980] ledtrig-cpu: registered to indicate activity on CPUs
[    0.646034] drop_monitor: Initializing network drop monitor service
[    0.646194] NET: Registered protocol family 10
[    0.651162] Segment Routing with IPv6
[    0.651162] fullmesh registered
[    0.651162] ndiffports registered
[    0.651162] binder registered
[    0.651162] roundrobin registered
[    0.651162] redundant registered
[    0.651162] blest registered
[    0.651162] ecf registered
[    0.651162] NET: Registered protocol family 17
[    0.651162] Key type dns_resolver registered
[    0.651162] RAS: Correctable Errors collector initialized.
[    0.651162] IPI shorthand broadcast: enabled
[    0.651162] sched_clock: Marking stable (636026924, 11135744)->(646756878, 405790)
[    0.651664] registered taskstats version 1
[    0.651674] Loading compiled-in X.509 certificates
[    0.652264] Loaded X.509 cert 'Build time autogenerated kernel key: 6909f3744cebb3d0de528d5887b96a727de79b1e'
[    0.652281] zswap: loaded using pool lzo/zbud
[    0.652336] Key type ._fscrypt registered
[    0.652337] Key type .fscrypt registered
[    0.656857] Key type big_key registered
[    0.659062] Key type encrypted registered
[    0.659065] AppArmor: AppArmor sha1 policy hashing enabled
[    0.659073] ima: No TPM chip found, activating TPM-bypass!
[    0.659077] ima: Allocated hash algorithm: sha1
[    0.659083] ima: No architecture policies found
[    0.659093] evm: Initialising EVM extended attributes:
[    0.659093] evm: security.selinux
[    0.659094] evm: security.SMACK64
[    0.659094] evm: security.SMACK64EXEC
[    0.659095] evm: security.SMACK64TRANSMUTE
[    0.659095] evm: security.SMACK64MMAP
[    0.659096] evm: security.apparmor
[    0.659096] evm: security.ima
[    0.659097] evm: security.capability
[    0.659097] evm: HMAC attrs: 0x1
[    0.659400] PM:   Magic number: 10:865:438
[    0.659536] rtc_cmos rtc_cmos: setting system clock to 2026-01-11T16:26:18 UTC (1768148778)
[    0.814707] ata1.00: ATA-6: VBOX HARDDISK, 1.0, max UDMA/133
[    0.814709] ata1.00: 209715200 sectors, multi 128: LBA 
[    0.815132] scsi 0:0:0:0: Direct-Access     ATA      VBOX HARDDISK    1.0  PQ: 0 ANSI: 5
[    0.815333] sd 0:0:0:0: [sda] 209715200 512-byte logical blocks: (107 GB/100 GiB)
[    0.815340] sd 0:0:0:0: [sda] Write Protect is off
[    0.815342] sd 0:0:0:0: [sda] Mode Sense: 00 3a 00 00
[    0.815352] sd 0:0:0:0: [sda] Write cache: enabled, read cache: enabled, doesn't support DPO or FUA
[    0.815541] sd 0:0:0:0: Attached scsi generic sg0 type 0
[    0.816092]  sda: sda1 sda2
[    0.827275] sd 0:0:0:0: [sda] Attached SCSI disk
[    0.829071] Freeing unused decrypted memory: 2040K
[    0.829768] Freeing unused kernel image memory: 2728K
[    0.829770] Write protecting the kernel read-only data: 22528k
[    0.830425] Freeing unused kernel image memory: 2036K
[    0.830815] Freeing unused kernel image memory: 1432K
[    0.843863] x86/mm: Checked W+X mappings: passed, no W+X pages found.
[    0.843868] Run /init as init process
[    0.932820] ACPI: Video Device [GFX0] (multi-head: yes  rom: no  post: no)
[    0.932895] input: Video Bus as /devices/LNXSYSTM:00/LNXSYBUS:00/PNP0A03:00/LNXVIDEO:00/input/input4
[    0.949257] pcnet32: pcnet32.c:v1.35 21.Apr.2008 tsbogend@alpha.franken.de
[    0.952534] e1000: Intel(R) PRO/1000 Network Driver - version 7.3.21-k8-NAPI
[    0.952534] e1000: Copyright (c) 1999-2006 Intel Corporation.
[    0.965051] pcnet32: PCnet/FAST III 79C973 at 0xd020, 08:00:27:a4:50:2c assigned IRQ 19
[    0.965094] pcnet32: Found PHY 0022:561b at address 0
[    0.965391] pcnet32: eth0: registered as PCnet/FAST III 79C973
[    0.967456] piix4_smbus 0000:00:07.0: SMBus Host Controller at 0x4100, revision 0
[    0.975740] pcnet32: 1 cards_found
[    1.034016] pcnet32 0000:00:03.0 enp0s3: renamed from eth0
[    1.170976] input: ImExPS/2 Generic Explorer Mouse as /devices/platform/i8042/serio1/input/input5
[    1.365429] e1000 0000:00:08.0 eth0: (PCI:33MHz:32-bit) 08:00:27:66:48:0a
[    1.365434] e1000 0000:00:08.0 eth0: Intel(R) PRO/1000 Network Connection
[    1.747447] e1000 0000:00:09.0 eth1: (PCI:33MHz:32-bit) 08:00:27:0b:ff:09
[    1.747451] e1000 0000:00:09.0 eth1: Intel(R) PRO/1000 Network Connection
[    1.748609] e1000 0000:00:09.0 enp0s9: renamed from eth1
[    1.750394] e1000 0000:00:08.0 enp0s8: renamed from eth0
[    1.889649] EXT4-fs (sda2): mounted filesystem with ordered data mode. Opts: (null)
[    1.970987] systemd[1]: Inserted module 'autofs4'
[    1.979810] systemd[1]: systemd 245.4-4ubuntu3 running in system mode. (+PAM +AUDIT +SELINUX +IMA +APPARMOR +SMACK +SYSVINIT +UTMP +LIBCRYPTSETUP +GCRYPT +GNUTLS +ACL +XZ +LZ4 +SECCOMP +BLKID +ELFUTILS +KMOD +IDN2 -IDN +PCRE2 default-hierarchy=hybrid)
[    1.979840] systemd[1]: Detected virtualization oracle.
[    1.979844] systemd[1]: Detected architecture x86-64.
[    1.981118] systemd[1]: Set hostname to <ztg>.
[    2.105631] systemd[1]: /lib/systemd/system/dbus.socket:5: ListenStream= references a path below legacy directory /var/run/, updating /var/run/dbus/system_bus_socket â†’ /run/dbus/system_bus_socket; please update the unit file accordingly.
[    2.159693] systemd[1]: Created slice system-modprobe.slice.
[    2.159879] systemd[1]: Created slice User and Session Slice.
[    2.159922] systemd[1]: Started Forward Password Requests to Wall Directory Watch.
[    2.160086] systemd[1]: Set up automount Arbitrary Executable File Formats File System Automount Point.
[    2.160121] systemd[1]: Reached target User and Group Name Lookups.
[    2.160129] systemd[1]: Reached target Remote File Systems.
[    2.160137] systemd[1]: Reached target Slices.
[    2.160689] systemd[1]: Listening on Syslog Socket.
[    2.160756] systemd[1]: Listening on fsck to fsckd communication Socket.
[    2.160793] systemd[1]: Listening on initctl Compatibility Named Pipe.
[    2.160928] systemd[1]: Listening on Journal Audit Socket.
[    2.160981] systemd[1]: Listening on Journal Socket (/dev/log).
[    2.161048] systemd[1]: Listening on Journal Socket.
[    2.161112] systemd[1]: Listening on udev Control Socket.
[    2.161152] systemd[1]: Listening on udev Kernel Socket.
[    2.161917] systemd[1]: Mounting Huge Pages File System...
[    2.162857] systemd[1]: Mounting POSIX Message Queue File System...
[    2.163826] systemd[1]: Mounting Kernel Debug File System...
[    2.164694] systemd[1]: Mounting Kernel Trace File System...
[    2.166601] systemd[1]: Starting Journal Service...
[    2.192782] systemd[1]: Starting Set the console keyboard layout...
[    2.200702] systemd[1]: Starting Create list of static device nodes for the current kernel...
[    2.202512] systemd[1]: Starting Load Kernel Module drm...
[    2.203665] systemd[1]: Condition check resulted in Set Up Additional Binary Formats being skipped.
[    2.203705] systemd[1]: Condition check resulted in File System Check on Root Device being skipped.
[    2.210247] systemd[1]: Starting Load Kernel Modules...
[    2.211000] systemd[1]: Starting Remount Root and Kernel File Systems...
[    2.238657] systemd[1]: Starting udev Coldplug all Devices...
[    2.249887] systemd[1]: Starting Uncomplicated firewall...
[    2.252642] systemd[1]: Mounted Huge Pages File System.
[    2.252730] systemd[1]: Mounted POSIX Message Queue File System.
[    2.252805] systemd[1]: Mounted Kernel Debug File System.
[    2.252880] systemd[1]: Mounted Kernel Trace File System.
[    2.258643] EXT4-fs (sda2): re-mounted. Opts: errors=remount-ro
[    2.261515] systemd[1]: Finished Create list of static device nodes for the current kernel.
[    2.267467] systemd[1]: Finished Remount Root and Kernel File Systems.
[    2.267709] systemd[1]: modprobe@drm.service: Succeeded.
[    2.273598] systemd[1]: Finished Load Kernel Module drm.
[    2.291051] systemd[1]: Finished Uncomplicated firewall.
[    2.307796] lp: driver loaded but no devices found
[    2.309270] systemd[1]: Condition check resulted in Rebuild Hardware Database being skipped.
[    2.309310] systemd[1]: Condition check resulted in Platform Persistent Storage Archival being skipped.
[    2.310111] systemd[1]: Starting Load/Save Random Seed...
[    2.329976] systemd[1]: Starting Create System Users...
[    2.339904] systemd[1]: Finished Load/Save Random Seed.
[    2.341183] ppdev: user-space parallel port driver
[    2.344928] systemd[1]: Finished Create System Users.
[    2.345718] systemd[1]: Starting Create Static Device Nodes in /dev...
[    2.386305] systemd[1]: Finished udev Coldplug all Devices.
[    2.400355] systemd[1]: Finished Create Static Device Nodes in /dev.
[    2.401312] systemd[1]: Starting udev Kernel Device Manager...
[    2.421783] [drm] DMA map mode: Caching DMA mappings.
[    2.421846] [drm] Capabilities:
[    2.421846] [drm]   Rect copy.
[    2.421846] [drm]   Cursor.
[    2.421847] [drm]   Cursor bypass.
[    2.421847] [drm]   Cursor bypass 2.
[    2.421847] [drm]   Alpha cursor.
[    2.421848] [drm]   Extended Fifo.
[    2.421848] [drm]   Pitchlock.
[    2.421848] [drm]   Irq mask.
[    2.421849] [drm]   GMR.
[    2.421849] [drm]   Traces.
[    2.421849] [drm]   GMR2.
[    2.421850] [drm]   Screen Object 2.
[    2.421850] [drm]   Command Buffers.
[    2.421850] [drm]   Command Buffers 2.
[    2.421851] [drm]   Guest Backed Resources.
[    2.421852] [drm] Max GMR ids is 8192
[    2.421852] [drm] Max number of GMR pages is 1048576
[    2.421853] [drm] Max dedicated hypervisor surface memory is 393216 kiB
[    2.421853] [drm] Maximum display memory size is 131072 kiB
[    2.421854] [drm] VRAM at 0xe0000000 size is 131072 kiB
[    2.421855] [drm] MMIO at 0xf0000000 size is 2048 kiB
[    2.440126] [TTM] Zone  kernel: Available graphics memory: 1011738 KiB
[    2.440126] [TTM] Initializing pool allocator
[    2.440130] [TTM] Initializing DMA pool allocator
[    2.440160] [drm] Supports vblank timestamp caching Rev 2 (21.10.2013).
[    2.440160] [drm] No driver support for vblank timestamp query.
[    2.440387] [drm] Screen Target Display device initialized
[    2.440603] [drm] width 720
[    2.440615] [drm] height 400
[    2.440619] [drm] bpp 32
[    2.441124] [drm] Fifo max 0x00200000 min 0x00001000 cap 0x00000355
[    2.442216] [drm] Using command buffers with DMA pool.
[    2.442220] [drm] DX: no.
[    2.442221] [drm] Atomic: yes.
[    2.442221] [drm] SM4_1: no.
[    2.442241] [drm:vmw_host_log [vmwgfx]] *ERROR* Failed to send host log message.
[    2.443124] [drm:vmw_host_log [vmwgfx]] *ERROR* Failed to send host log message.
[    2.458204] fbcon: svgadrmfb (fb0) is primary device
[    2.462517] Console: switching to colour frame buffer device 100x37
[    2.467863] [drm] Initialized vmwgfx 2.15.0 20180704 for 0000:00:02.0 on minor 0
[    2.469641] systemd[1]: Finished Load Kernel Modules.
[    2.470574] systemd[1]: Mounting FUSE Control File System...
[    2.472733] systemd[1]: Mounting Kernel Configuration File System...
[    2.484916] systemd[1]: Starting Apply Kernel Variables...
[    2.492188] systemd[1]: Finished Set the console keyboard layout.
[    2.492309] systemd[1]: Reached target Local File Systems (Pre).
[    2.498759] systemd[1]: Mounting Mount unit for bare, revision 5...
[    2.508679] systemd[1]: Mounting Mount unit for core18, revision 1705...
[    2.535942] systemd[1]: Mounting Mount unit for gnome-3-34-1804, revision 24...
[    2.538653] systemd[1]: Mounting Mount unit for gtk-common-themes, revision 1506...
[    2.546400] systemd[1]: Mounting Mount unit for gtk-common-themes, revision 1535...
[    2.553497] systemd[1]: Mounting Mount unit for snap-store, revision 433...
[    2.564008] systemd[1]: Mounting Mount unit for snapd, revision 25935...
[    2.593450] systemd[1]: Mounted FUSE Control File System.
[    2.593550] systemd[1]: Mounted Kernel Configuration File System.
[    2.599011] systemd[1]: Finished Apply Kernel Variables.
[    2.601346] systemd[1]: Mounted Mount unit for bare, revision 5.
[    2.601435] systemd[1]: Mounted Mount unit for core18, revision 1705.
[    2.601515] systemd[1]: Mounted Mount unit for gnome-3-34-1804, revision 24.
[    2.601599] systemd[1]: Mounted Mount unit for gtk-common-themes, revision 1506.
[    2.601667] systemd[1]: Condition check resulted in VMware vmblock fuse mount being skipped.
[    2.618969] systemd[1]: Started udev Kernel Device Manager.
[    2.619732] systemd[1]: Starting Show Plymouth Boot Screen...
[    2.626352] systemd[1]: Received SIGRTMIN+20 from PID 287 (plymouthd).
[    2.648147] systemd[1]: Started Show Plymouth Boot Screen.
[    2.648327] systemd[1]: Condition check resulted in Dispatch Password Requests to Console Directory Watch being skipped.
[    2.648417] systemd[1]: Started Forward Password Requests to Plymouth Directory Watch.
[    2.648464] systemd[1]: Reached target Local Encrypted Volumes.
[    2.681175] systemd[1]: Mounted Mount unit for gtk-common-themes, revision 1535.
[    2.730535] systemd[1]: Mounted Mount unit for snap-store, revision 433.
[    2.730788] systemd[1]: Mounted Mount unit for snapd, revision 25935.
[    2.730952] systemd[1]: Reached target Local File Systems.
[    2.733161] systemd[1]: Starting Load AppArmor profiles...
[    2.734112] systemd[1]: Starting Set console font and keymap...
[    2.748817] systemd[1]: Starting Tell Plymouth To Write Out Runtime Data...
[    2.748940] systemd[1]: Condition check resulted in Store a System Token in an EFI Variable being skipped.
[    2.748992] systemd[1]: Condition check resulted in Commit a transient machine-id on disk being skipped.
[    2.752840] systemd[1]: Finished Set console font and keymap.
[    2.762921] systemd[1]: Received SIGRTMIN+20 from PID 287 (plymouthd).
[    2.763772] systemd[1]: plymouth-read-write.service: Succeeded.
[    2.764009] systemd[1]: Finished Tell Plymouth To Write Out Runtime Data.
[    2.803969] audit: type=1400 audit(1768148780.640:2): apparmor="STATUS" operation="profile_load" profile="unconfined" name="nvidia_modprobe" pid=300 comm="apparmor_parser"
[    2.803971] audit: type=1400 audit(1768148780.640:3): apparmor="STATUS" operation="profile_load" profile="unconfined" name="nvidia_modprobe//kmod" pid=300 comm="apparmor_parser"
[    2.811260] audit: type=1400 audit(1768148780.648:4): apparmor="STATUS" operation="profile_load" profile="unconfined" name="/usr/sbin/tcpdump" pid=301 comm="apparmor_parser"
[    2.855839] audit: type=1400 audit(1768148780.688:5): apparmor="STATUS" operation="profile_load" profile="unconfined" name="/usr/bin/evince" pid=303 comm="apparmor_parser"
[    2.855841] audit: type=1400 audit(1768148780.688:6): apparmor="STATUS" operation="profile_load" profile="unconfined" name="/usr/bin/evince//sanitized_helper" pid=303 comm="apparmor_parser"
[    2.855843] audit: type=1400 audit(1768148780.688:7): apparmor="STATUS" operation="profile_load" profile="unconfined" name="/usr/bin/evince-previewer" pid=303 comm="apparmor_parser"
[    2.855844] audit: type=1400 audit(1768148780.688:8): apparmor="STATUS" operation="profile_load" profile="unconfined" name="/usr/bin/evince-previewer//sanitized_helper" pid=303 comm="apparmor_parser"
[    2.855846] audit: type=1400 audit(1768148780.688:9): apparmor="STATUS" operation="profile_load" profile="unconfined" name="/usr/bin/evince-thumbnailer" pid=303 comm="apparmor_parser"
[    2.871471] audit: type=1400 audit(1768148780.704:10): apparmor="STATUS" operation="profile_load" profile="unconfined" name="/usr/lib/cups/backend/cups-pdf" pid=304 comm="apparmor_parser"
[    2.952520] systemd[1]: Finished Load AppArmor profiles.
[    2.953483] systemd[1]: Starting Load AppArmor profiles managed internally by snapd...
[    3.059462] systemd[1]: Finished Load AppArmor profiles managed internally by snapd.
[    3.148355] systemd[1]: Started Journal Service.
[    3.159263] systemd-journald[229]: Received client request to flush runtime journal.
[    3.161829] systemd-journald[229]: File /var/log/journal/c455b248004a419c87ce85eea238d727/system.journal corrupted or uncleanly shut down, renaming and replacing.
[    4.456201] RAPL PMU: API unit is 2^-32 Joules, 0 fixed counters, 10737418240 ms ovfl timer
[    4.506900] cryptd: max_cpu_qlen set to 1000
[    4.572276] AVX2 version of gcm_enc/dec engaged.
[    4.572277] AES CTR mode by8 optimization enabled
[    6.457405] Adding 1998844k swap on /dev/sda1.  Priority:-2 extents:1 across:1998844k FS
[    7.301450] kauditd_printk_skb: 30 callbacks suppressed
[    7.301452] audit: type=1400 audit(1768148785.132:41): apparmor="DENIED" operation="capable" profile="/usr/sbin/cups-browsed" pid=507 comm="cups-browsed" capability=23  capname="sys_nice"
[    8.860675] pcnet32 0000:00:03.0 enp0s3: link up, 100Mbps, full-duplex
[    8.903835] e1000: enp0s8 NIC Link is Up 1000 Mbps Full Duplex, Flow Control: RX
[    8.904129] IPv6: ADDRCONF(NETDEV_CHANGE): enp0s8: link becomes ready
[    8.926788] e1000: enp0s9 NIC Link is Up 1000 Mbps Full Duplex, Flow Control: RX
[    8.927075] IPv6: ADDRCONF(NETDEV_CHANGE): enp0s9: link becomes ready
[    9.600495] device enp0s3 entered promiscuous mode
[    9.632336] audit: type=1400 audit(1768148787.464:42): apparmor="DENIED" operation="open" profile="/usr/sbin/tcpdump" name="/proc/sys/kernel/random/boot_id" pid=623 comm="tcpdump" requested_mask="r" denied_mask="r" fsuid=0 ouid=0
[    9.633255] audit: type=1400 audit(1768148787.464:43): apparmor="DENIED" operation="open" profile="/usr/sbin/tcpdump" name="/proc/sys/kernel/random/boot_id" pid=623 comm="tcpdump" requested_mask="r" denied_mask="r" fsuid=0 ouid=0
[    9.633418] audit: type=1400 audit(1768148787.464:44): apparmor="DENIED" operation="open" profile="/usr/sbin/tcpdump" name="/proc/sys/kernel/random/boot_id" pid=623 comm="tcpdump" requested_mask="r" denied_mask="r" fsuid=0 ouid=0
[    9.633605] audit: type=1400 audit(1768148787.464:45): apparmor="DENIED" operation="open" profile="/usr/sbin/tcpdump" name="/proc/sys/kernel/random/boot_id" pid=623 comm="tcpdump" requested_mask="r" denied_mask="r" fsuid=0 ouid=0
[    9.634175] audit: type=1400 audit(1768148787.464:46): apparmor="DENIED" operation="open" profile="/usr/sbin/tcpdump" name="/proc/sys/kernel/random/boot_id" pid=624 comm="tcpdump" requested_mask="r" denied_mask="r" fsuid=0 ouid=0
[    9.634456] audit: type=1400 audit(1768148787.464:47): apparmor="DENIED" operation="open" profile="/usr/sbin/tcpdump" name="/proc/sys/kernel/random/boot_id" pid=624 comm="tcpdump" requested_mask="r" denied_mask="r" fsuid=0 ouid=0
[    9.634493] audit: type=1400 audit(1768148787.464:48): apparmor="DENIED" operation="open" profile="/usr/sbin/tcpdump" name="/proc/sys/kernel/random/boot_id" pid=624 comm="tcpdump" requested_mask="r" denied_mask="r" fsuid=0 ouid=0
[    9.634550] audit: type=1400 audit(1768148787.464:49): apparmor="DENIED" operation="open" profile="/usr/sbin/tcpdump" name="/proc/sys/kernel/random/boot_id" pid=624 comm="tcpdump" requested_mask="r" denied_mask="r" fsuid=0 ouid=0
[   15.666582] rfkill: input handler disabled
[  204.515908] AAAAA-TCP_FORW: name:enp0s3: saddr:16783984: daddr:100932208
[  204.843180] AAAAA-TCP_FORW: name:enp0s3: saddr:16783984: daddr:100932208
[  204.872868] AAAAA-TCP_FORW: name:enp0s3: saddr:16783984: daddr:100932208
[  204.898566] AAAAA-TCP_FORW: name:enp0s3: saddr:16783984: daddr:100932208
[  205.207628] AAAAA-TCP_FORW: name:enp0s3: saddr:33561200: daddr:100932208
[  205.305528] AAAAA-TCP_FORW: name:enp0s3: saddr:16783984: daddr:100932208
[  205.660905] AAAAA-TCP_FORW: name:enp0s3: saddr:33561200: daddr:100932208
[  205.783300] AAAAA-TCP_FORW: name:enp0s3: saddr:16783984: daddr:100932208
[  205.837879] AAAAA-TCP_FORW: name:enp0s3: saddr:33561200: daddr:100932208
[  206.103311] AAAAA-TCP_FORW: name:enp0s3: saddr:16783984: daddr:100932208
[  206.248569] AAAAA-TCP_FORW: name:enp0s3: saddr:16783984: daddr:100932208
[  206.287863] AAAAA-TCP_FORW: name:enp0s3: saddr:16783984: daddr:100932208
[  206.311877] AAAAA-TCP_FORW: name:enp0s3: saddr:16783984: daddr:100932208
[  206.489508] AAAAA-TCP_FORW: name:enp0s3: saddr:33561200: daddr:100932208
[  206.515295] AAAAA-TCP_FORW: name:enp0s3: saddr:16783984: daddr:100932208
[  206.700473] AAAAA-TCP_FORW: name:enp0s3: saddr:33561200: daddr:100932208
[  207.003773] AAAAA-TCP_FORW: name:enp0s3: saddr:16783984: daddr:100932208
[  207.108796] AAAAA-TCP_FORW: name:enp0s3: saddr:16783984: daddr:100932208
[  207.249934] AAAAA-TCP_FORW: name:enp0s3: saddr:16783984: daddr:100932208
[  207.345668] AAAAA-TCP_FORW: name:enp0s3: saddr:16783984: daddr:100932208
[  207.491667] AAAAA-TCP_FORW: name:enp0s3: saddr:16783984: daddr:100932208
[  207.618700] AAAAA-TCP_FORW: name:enp0s3: saddr:16783984: daddr:100932208
[  208.079099] AAAAA-TCP_FORW: name:enp0s3: saddr:16783984: daddr:100932208
[  208.263026] AAAAA-TCP_FORW: name:enp0s3: saddr:16783984: daddr:100932208
[  208.382519] AAAAA-TCP_FORW: name:enp0s3: saddr:16783984: daddr:100932208
[  208.647311] AAAAA-TCP_FORW: name:enp0s3: saddr:16783984: daddr:100932208
[  208.960454] AAAAA-TCP_FORW: name:enp0s3: saddr:33561200: daddr:100932208
[  209.228377] AAAAA-TCP_FORW: name:enp0s3: saddr:33561200: daddr:100932208
[  209.667446] AAAAA-TCP_FORW: name:enp0s3: saddr:33561200: daddr:100932208
[  209.921192] AAAAA-TCP_FORW: name:enp0s3: saddr:33561200: daddr:100932208
[  210.012359] AAAAA-TCP_FORW: name:enp0s3: saddr:33561200: daddr:100932208
[  210.208057] AAAAA-TCP_FORW: name:enp0s3: saddr:16783984: daddr:100932208
[  210.241444] AAAAA-TCP_FORW: name:enp0s3: saddr:16783984: daddr:100932208
[  210.300704] AAAAA-TCP_FORW: name:enp0s3: saddr:33561200: daddr:100932208
[  210.466995] AAAAA-TCP_FORW: name:enp0s3: saddr:16783984: daddr:100932208
[  210.560212] AAAAA-TCP_FORW: name:enp0s3: saddr:16783984: daddr:100932208
[  210.678201] AAAAA-TCP_FORW: name:enp0s3: saddr:33561200: daddr:100932208
[  210.797885] AAAAA-TCP_FORW: name:enp0s3: saddr:16783984: daddr:100932208
[  210.954601] AAAAA-TCP_FORW: name:enp0s3: saddr:33561200: daddr:100932208
[  211.035646] AAAAA-TCP_FORW: name:enp0s3: saddr:33561200: daddr:100932208
[  211.229245] AAAAA-TCP_FORW: name:enp0s3: saddr:33561200: daddr:100932208
[  211.380348] AAAAA-TCP_FORW: name:enp0s3: saddr:16783984: daddr:100932208
[  211.458881] AAAAA-TCP_FORW: name:enp0s3: saddr:33561200: daddr:100932208
[  211.545211] AAAAA-TCP_FORW: name:enp0s3: saddr:16783984: daddr:100932208
[  211.692242] AAAAA-TCP_FORW: name:enp0s3: saddr:16783984: daddr:100932208
[  211.854484] AAAAA-TCP_FORW: name:enp0s3: saddr:16783984: daddr:100932208
[  211.919415] AAAAA-TCP_FORW: name:enp0s3: saddr:16783984: daddr:100932208
[  211.993401] AAAAA-TCP_FORW: name:enp0s3: saddr:16783984: daddr:100932208
[  212.065621] AAAAA-TCP_FORW: name:enp0s3: saddr:16783984: daddr:100932208
[  212.121866] AAAAA-TCP_FORW: name:enp0s3: saddr:16783984: daddr:100932208
[  212.267739] AAAAA-TCP_FORW: name:enp0s3: saddr:33561200: daddr:100932208
[  212.432212] AAAAA-TCP_FORW: name:enp0s3: saddr:16783984: daddr:100932208
[  212.488875] AAAAA-TCP_FORW: name:enp0s3: saddr:16783984: daddr:100932208
[  212.699893] AAAAA-TCP_FORW: name:enp0s3: saddr:16783984: daddr:100932208
[  212.831226] AAAAA-TCP_FORW: name:enp0s3: saddr:16783984: daddr:100932208
[  212.948233] AAAAA-TCP_FORW: name:enp0s3: saddr:16783984: daddr:100932208
[  212.998630] AAAAA-TCP_FORW: name:enp0s3: saddr:16783984: daddr:100932208
[  213.148256] AAAAA-TCP_FORW: name:enp0s3: saddr:33561200: daddr:100932208
[  213.227800] AAAAA-TCP_FORW: name:enp0s3: saddr:16783984: daddr:100932208
[  213.305567] AAAAA-TCP_FORW: name:enp0s3: saddr:33561200: daddr:100932208
[  213.379771] AAAAA-TCP_FORW: name:enp0s3: saddr:33561200: daddr:100932208
[  213.598662] AAAAA-TCP_FORW: name:enp0s3: saddr:33561200: daddr:100932208
[  213.636188] AAAAA-TCP_FORW: name:enp0s3: saddr:33561200: daddr:100932208
[  214.183704] AAAAA-TCP_FORW: name:enp0s3: saddr:33561200: daddr:100932208
[  214.278951] AAAAA-TCP_FORW: name:enp0s3: saddr:33561200: daddr:100932208
[  214.330717] AAAAA-TCP_FORW: name:enp0s3: saddr:33561200: daddr:100932208
[  214.392684] AAAAA-TCP_FORW: name:enp0s3: saddr:33561200: daddr:100932208
[  568.223238] rfkill: input handler enabled
[  576.820268] rfkill: input handler disabled
[  975.110845] device enp0s3 left promiscuous mode
