[    0.000000] Linux version 5.4.243-mptcp (root@ztg) (gcc version 12.2.0 (Debian 12.2.0-14+deb12u1)) #53 SMP Wed Dec 24 23:28:15 CST 2025
[    0.000000] Command line: BOOT_IMAGE=/boot/vmlinuz-5.4.243-mptcp root=UUID=98415a12-53b7-4144-8265-0f7ece09e445 ro quiet splash
[    0.000000] KERNEL supported cpus:
[    0.000000]   Intel GenuineIntel
[    0.000000]   AMD AuthenticAMD
[    0.000000]   Hygon HygonGenuine
[    0.000000]   Centaur CentaurHauls
[    0.000000]   zhaoxin   Shanghai  
[    0.000000] x86/fpu: Supporting XSAVE feature 0x001: 'x87 floating point registers'
[    0.000000] x86/fpu: Supporting XSAVE feature 0x002: 'SSE registers'
[    0.000000] x86/fpu: Supporting XSAVE feature 0x004: 'AVX registers'
[    0.000000] x86/fpu: xstate_offset[2]:  576, xstate_sizes[2]:  256
[    0.000000] x86/fpu: Enabled xstate features 0x7, context size is 832 bytes, using 'standard' format.
[    0.000000] BIOS-provided physical RAM map:
[    0.000000] BIOS-e820: [mem 0x0000000000000000-0x000000000009fbff] usable
[    0.000000] BIOS-e820: [mem 0x000000000009fc00-0x000000000009ffff] reserved
[    0.000000] BIOS-e820: [mem 0x00000000000f0000-0x00000000000fffff] reserved
[    0.000000] BIOS-e820: [mem 0x0000000000100000-0x000000007ffeffff] usable
[    0.000000] BIOS-e820: [mem 0x000000007fff0000-0x000000007fffffff] ACPI data
[    0.000000] BIOS-e820: [mem 0x00000000fec00000-0x00000000fec00fff] reserved
[    0.000000] BIOS-e820: [mem 0x00000000fee00000-0x00000000fee00fff] reserved
[    0.000000] BIOS-e820: [mem 0x00000000fffc0000-0x00000000ffffffff] reserved
[    0.000000] NX (Execute Disable) protection: active
[    0.000000] SMBIOS 2.5 present.
[    0.000000] DMI: innotek GmbH VirtualBox/VirtualBox, BIOS VirtualBox 12/01/2006
[    0.000000] Hypervisor detected: KVM
[    0.000000] kvm-clock: Using msrs 4b564d01 and 4b564d00
[    0.000000] kvm-clock: cpu 0, msr 12e01001, primary cpu clock
[    0.000000] kvm-clock: using sched offset of 4461686433 cycles
[    0.000003] clocksource: kvm-clock: mask: 0xffffffffffffffff max_cycles: 0x1cd42e4dffb, max_idle_ns: 881590591483 ns
[    0.000005] tsc: Detected 2100.000 MHz processor
[    0.001893] e820: update [mem 0x00000000-0x00000fff] usable ==> reserved
[    0.001896] e820: remove [mem 0x000a0000-0x000fffff] usable
[    0.001900] last_pfn = 0x7fff0 max_arch_pfn = 0x400000000
[    0.001968] MTRR default type: uncachable
[    0.001968] MTRR fixed ranges enabled:
[    0.001970]   00000-9FFFF write-back
[    0.001970]   A0000-BFFFF uncachable
[    0.001971]   C0000-FFFFF write-protect
[    0.001972] MTRR variable ranges enabled:
[    0.001973]   0 base 000000000000 mask 3FFF80000000 write-back
[    0.001974]   1 disabled
[    0.001974]   2 disabled
[    0.001975]   3 disabled
[    0.001975]   4 disabled
[    0.001975]   5 disabled
[    0.001976]   6 disabled
[    0.001976]   7 disabled
[    0.001977]   8 disabled
[    0.001977]   9 disabled
[    0.001978]   10 disabled
[    0.001978]   11 disabled
[    0.001978]   12 disabled
[    0.001979]   13 disabled
[    0.001979]   14 disabled
[    0.001980]   15 disabled
[    0.001996] x86/PAT: Configuration [0-7]: WB  WC  UC- UC  WB  WP  UC- WT  
[    0.002129] found SMP MP-table at [mem 0x0009fff0-0x0009ffff]
[    0.094319] check: Scanning 1 areas for low memory corruption
[    0.094535] RAMDISK: [mem 0x32271000-0x3512ffff]
[    0.094543] ACPI: Early table checksum verification disabled
[    0.094549] ACPI: RSDP 0x00000000000E0000 000024 (v02 VBOX  )
[    0.094554] ACPI: XSDT 0x000000007FFF0030 00003C (v01 VBOX   VBOXXSDT 00000001 ASL  00000061)
[    0.094560] ACPI: FACP 0x000000007FFF00F0 0000F4 (v04 VBOX   VBOXFACP 00000001 ASL  00000061)
[    0.094567] ACPI: DSDT 0x000000007FFF02E0 002353 (v02 VBOX   VBOXBIOS 00000002 VBOX 00029BF3)
[    0.094571] ACPI: FACS 0x000000007FFF0200 000040
[    0.094574] ACPI: FACS 0x000000007FFF0200 000040
[    0.094577] ACPI: APIC 0x000000007FFF0240 000054 (v02 VBOX   VBOXAPIC 00000001 ASL  00000061)
[    0.094581] ACPI: SSDT 0x000000007FFF02A0 000038 (v01 VBOX   VBOXCPUT 00000002 VBOX 00029BF3)
[    0.094584] ACPI: Reserving FACP table memory at [mem 0x7fff00f0-0x7fff01e3]
[    0.094585] ACPI: Reserving DSDT table memory at [mem 0x7fff02e0-0x7fff2632]
[    0.094586] ACPI: Reserving FACS table memory at [mem 0x7fff0200-0x7fff023f]
[    0.094586] ACPI: Reserving FACS table memory at [mem 0x7fff0200-0x7fff023f]
[    0.094587] ACPI: Reserving APIC table memory at [mem 0x7fff0240-0x7fff0293]
[    0.094588] ACPI: Reserving SSDT table memory at [mem 0x7fff02a0-0x7fff02d7]
[    0.094602] ACPI: Local APIC address 0xfee00000
[    0.094786] No NUMA configuration found
[    0.094788] Faking a node at [mem 0x0000000000000000-0x000000007ffeffff]
[    0.094798] NODE_DATA(0) allocated [mem 0x7ffc5000-0x7ffeffff]
[    0.095071] Zone ranges:
[    0.095072]   DMA      [mem 0x0000000000001000-0x0000000000ffffff]
[    0.095074]   DMA32    [mem 0x0000000001000000-0x000000007ffeffff]
[    0.095075]   Normal   empty
[    0.095075]   Device   empty
[    0.095076] Movable zone start for each node
[    0.095078] Early memory node ranges
[    0.095079]   node   0: [mem 0x0000000000001000-0x000000000009efff]
[    0.095080]   node   0: [mem 0x0000000000100000-0x000000007ffeffff]
[    0.095083] Zeroed struct page in unavailable ranges: 114 pages
[    0.095084] Initmem setup node 0 [mem 0x0000000000001000-0x000000007ffeffff]
[    0.095085] On node 0 totalpages: 524174
[    0.095086]   DMA zone: 64 pages used for memmap
[    0.095087]   DMA zone: 21 pages reserved
[    0.095088]   DMA zone: 3998 pages, LIFO batch:0
[    0.095160]   DMA32 zone: 8128 pages used for memmap
[    0.095160]   DMA32 zone: 520176 pages, LIFO batch:63
[    0.104221] ACPI: PM-Timer IO Port: 0x4008
[    0.104224] ACPI: Local APIC address 0xfee00000
[    0.104294] IOAPIC[0]: apic_id 1, version 32, address 0xfec00000, GSI 0-23
[    0.104298] ACPI: INT_SRC_OVR (bus 0 bus_irq 0 global_irq 2 dfl dfl)
[    0.104299] ACPI: INT_SRC_OVR (bus 0 bus_irq 9 global_irq 9 low level)
[    0.104301] ACPI: IRQ0 used by override.
[    0.104302] ACPI: IRQ9 used by override.
[    0.104305] Using ACPI (MADT) for SMP configuration information
[    0.104311] smpboot: Allowing 1 CPUs, 0 hotplug CPUs
[    0.104333] PM: Registered nosave memory: [mem 0x00000000-0x00000fff]
[    0.104334] PM: Registered nosave memory: [mem 0x0009f000-0x0009ffff]
[    0.104335] PM: Registered nosave memory: [mem 0x000a0000-0x000effff]
[    0.104335] PM: Registered nosave memory: [mem 0x000f0000-0x000fffff]
[    0.104337] [mem 0x80000000-0xfebfffff] available for PCI devices
[    0.104338] Booting paravirtualized kernel on KVM
[    0.104340] clocksource: refined-jiffies: mask: 0xffffffff max_cycles: 0xffffffff, max_idle_ns: 7645519600211568 ns
[    0.104345] setup_percpu: NR_CPUS:8192 nr_cpumask_bits:1 nr_cpu_ids:1 nr_node_ids:1
[    0.105344] percpu: Embedded 60 pages/cpu s208896 r8192 d28672 u2097152
[    0.105349] pcpu-alloc: s208896 r8192 d28672 u2097152 alloc=1*2097152
[    0.105350] pcpu-alloc: [0] 0 
[    0.105376] Built 1 zonelists, mobility grouping on.  Total pages: 515961
[    0.105377] Policy zone: DMA32
[    0.105378] Kernel command line: BOOT_IMAGE=/boot/vmlinuz-5.4.243-mptcp root=UUID=98415a12-53b7-4144-8265-0f7ece09e445 ro quiet splash
[    0.106206] Dentry cache hash table entries: 262144 (order: 9, 2097152 bytes, linear)
[    0.106352] Inode-cache hash table entries: 131072 (order: 8, 1048576 bytes, linear)
[    0.106404] mem auto-init: stack:off, heap alloc:on, heap free:off
[    0.106406] Calgary: detecting Calgary via BIOS EBDA area
[    0.106407] Calgary: Unable to locate Rio Grande table in EBDA - bailing!
[    0.110456] Memory: 1967332K/2096696K available (14339K kernel code, 2398K rwdata, 4712K rodata, 2728K init, 17260K bss, 129364K reserved, 0K cma-reserved)
[    0.111393] SLUB: HWalign=64, Order=0-3, MinObjects=0, CPUs=1, Nodes=1
[    0.111410] ftrace: allocating 43186 entries in 169 pages
[    0.129539] rcu: Hierarchical RCU implementation.
[    0.129541] rcu: 	RCU restricting CPUs from NR_CPUS=8192 to nr_cpu_ids=1.
[    0.129542] 	Tasks RCU enabled.
[    0.129543] rcu: RCU calculated value of scheduler-enlistment delay is 25 jiffies.
[    0.129543] rcu: Adjusting geometry for rcu_fanout_leaf=16, nr_cpu_ids=1
[    0.132516] NR_IRQS: 524544, nr_irqs: 256, preallocated irqs: 16
[    0.132727] random: crng init done
[    0.142021] Console: colour VGA+ 80x25
[    0.142024] printk: console [tty0] enabled
[    0.142044] ACPI: Core revision 20190816
[    0.142140] APIC: Switch to symmetric I/O mode setup
[    0.142390] x2apic enabled
[    0.142627] Switched APIC routing to physical x2apic.
[    0.143772] ..TIMER: vector=0x30 apic1=0 pin1=2 apic2=-1 pin2=-1
[    0.143796] clocksource: tsc-early: mask: 0xffffffffffffffff max_cycles: 0x1e4530a99b6, max_idle_ns: 440795257976 ns
[    0.143802] Calibrating delay loop (skipped) preset value.. 4200.00 BogoMIPS (lpj=8400000)
[    0.143804] pid_max: default: 32768 minimum: 301
[    0.143832] LSM: Security Framework initializing
[    0.143842] Yama: becoming mindful.
[    0.143868] AppArmor: AppArmor initialized
[    0.143903] Mount-cache hash table entries: 4096 (order: 3, 32768 bytes, linear)
[    0.143908] Mountpoint-cache hash table entries: 4096 (order: 3, 32768 bytes, linear)
[    0.143918] *** VALIDATE tmpfs ***
[    0.144047] *** VALIDATE proc ***
[    0.144087] *** VALIDATE cgroup1 ***
[    0.144088] *** VALIDATE cgroup2 ***
[    0.144230] process: using mwait in idle threads
[    0.144234] Last level iTLB entries: 4KB 64, 2MB 8, 4MB 8
[    0.144235] Last level dTLB entries: 4KB 64, 2MB 0, 4MB 0, 1GB 4
[    0.144255] Spectre V1 : Mitigation: usercopy/swapgs barriers and __user pointer sanitization
[    0.144260] Spectre V2 : Mitigation: Retpolines
[    0.144261] Spectre V2 : Spectre v2 / SpectreRSB mitigation: Filling RSB on context switch
[    0.144261] Spectre V2 : Spectre v2 / SpectreRSB : Filling RSB on VMEXIT
[    0.144262] RETBleed: WARNING: Spectre v2 mitigation leaves CPU vulnerable to RETBleed attacks, data leaks possible!
[    0.144620] RETBleed: Vulnerable
[    0.144621] Speculative Store Bypass: Vulnerable
[    0.144625] TAA: Mitigation: TSX disabled
[    0.144626] MMIO Stale Data: Mitigation: Clear CPU buffers
[    0.148873] Freeing SMP alternatives memory: 40K
[    0.261648] smpboot: CPU0: Intel(R) Xeon(R) Silver 4216 CPU @ 2.10GHz (family: 0x6, model: 0x55, stepping: 0x7)
[    0.261774] Performance Events: unsupported p6 CPU model 85 no PMU driver, software events only.
[    0.261810] rcu: Hierarchical SRCU implementation.
[    0.262285] NMI watchdog: Perf NMI watchdog permanently disabled
[    0.262324] smp: Bringing up secondary CPUs ...
[    0.262325] smp: Brought up 1 node, 1 CPU
[    0.262326] smpboot: Max logical packages: 1
[    0.262327] smpboot: Total of 1 processors activated (4200.00 BogoMIPS)
[    0.263286] devtmpfs: initialized
[    0.263334] x86/mm: Memory block size: 128MB
[    0.263688] clocksource: jiffies: mask: 0xffffffff max_cycles: 0xffffffff, max_idle_ns: 7645041785100000 ns
[    0.263694] futex hash table entries: 256 (order: 2, 16384 bytes, linear)
[    0.263737] pinctrl core: initialized pinctrl subsystem
[    0.263798] PM: RTC time: 09:19:01, date: 2026-01-13
[    0.263798] NET: Registered protocol family 16
[    0.263798] audit: initializing netlink subsys (disabled)
[    0.263798] EISA bus registered
[    0.263798] cpuidle: using governor ladder
[    0.263798] cpuidle: using governor menu
[    0.263798] ACPI: bus type PCI registered
[    0.263798] acpiphp: ACPI Hot Plug PCI Controller Driver version: 0.5
[    0.263798] PCI: Using configuration type 1 for base access
[    0.264098] audit: type=2000 audit(1768267147.514:1): state=initialized audit_enabled=0 res=1
[    0.264178] HugeTLB registered 2.00 MiB page size, pre-allocated 0 pages
[    0.264997] ACPI: Added _OSI(Module Device)
[    0.264998] ACPI: Added _OSI(Processor Device)
[    0.264998] ACPI: Added _OSI(3.0 _SCP Extensions)
[    0.264999] ACPI: Added _OSI(Processor Aggregator Device)
[    0.265000] ACPI: Added _OSI(Linux-Dell-Video)
[    0.265001] ACPI: Added _OSI(Linux-Lenovo-NV-HDMI-Audio)
[    0.265002] ACPI: Added _OSI(Linux-HPI-Hybrid-Graphics)
[    0.266946] ACPI: 2 ACPI AML tables successfully acquired and loaded
[    0.268491] ACPI: Interpreter enabled
[    0.268500] ACPI: (supports S0 S5)
[    0.268502] ACPI: Using IOAPIC for interrupt routing
[    0.268724] PCI: Using host bridge windows from ACPI; if necessary, use "pci=nocrs" and report a bug
[    0.268844] ACPI: Enabled 2 GPEs in block 00 to 07
[    0.273964] ACPI: PCI Root Bridge [PCI0] (domain 0000 [bus 00-ff])
[    0.273969] acpi PNP0A03:00: _OSC: OS supports [ASPM ClockPM Segments MSI HPX-Type3]
[    0.274429] acpi PNP0A03:00: _OSC: not requesting OS control; OS requires [ExtendedConfig ASPM ClockPM MSI]
[    0.274437] acpi PNP0A03:00: fail to add MMCONFIG information, can't access extended PCI configuration space under this bridge.
[    0.274850] PCI host bridge to bus 0000:00
[    0.274853] pci_bus 0000:00: root bus resource [io  0x0000-0x0cf7 window]
[    0.274855] pci_bus 0000:00: root bus resource [io  0x0d00-0xffff window]
[    0.274857] pci_bus 0000:00: root bus resource [mem 0x000a0000-0x000bffff window]
[    0.274859] pci_bus 0000:00: root bus resource [mem 0x80000000-0xfdffffff window]
[    0.274860] pci_bus 0000:00: root bus resource [bus 00-ff]
[    0.274907] pci 0000:00:00.0: [8086:1237] type 00 class 0x060000
[    0.275883] pci 0000:00:01.0: [8086:7000] type 00 class 0x060100
[    0.276708] pci 0000:00:01.1: [8086:7111] type 00 class 0x01018a
[    0.277103] pci 0000:00:01.1: reg 0x20: [io  0xd000-0xd00f]
[    0.277272] pci 0000:00:01.1: legacy IDE quirk: reg 0x10: [io  0x01f0-0x01f7]
[    0.277273] pci 0000:00:01.1: legacy IDE quirk: reg 0x14: [io  0x03f6]
[    0.277274] pci 0000:00:01.1: legacy IDE quirk: reg 0x18: [io  0x0170-0x0177]
[    0.277275] pci 0000:00:01.1: legacy IDE quirk: reg 0x1c: [io  0x0376]
[    0.277834] pci 0000:00:02.0: [15ad:0405] type 00 class 0x030000
[    0.279885] pci 0000:00:02.0: reg 0x10: [io  0xd010-0xd01f]
[    0.283844] pci 0000:00:02.0: reg 0x14: [mem 0xe0000000-0xe7ffffff pref]
[    0.286419] pci 0000:00:02.0: reg 0x18: [mem 0xf0000000-0xf01fffff]
[    0.296626] pci 0000:00:03.0: [1022:2000] type 00 class 0x020000
[    0.297461] pci 0000:00:03.0: reg 0x10: [io  0xd020-0xd03f]
[    0.299954] pci 0000:00:03.0: reg 0x14: [mem 0xf0200000-0xf0200fff]
[    0.303850] pci 0000:00:04.0: [80ee:cafe] type 00 class 0x088000
[    0.304849] pci 0000:00:04.0: reg 0x10: [io  0xd040-0xd05f]
[    0.305572] pci 0000:00:04.0: reg 0x14: [mem 0xf0400000-0xf07fffff]
[    0.306232] pci 0000:00:04.0: reg 0x18: [mem 0xf0800000-0xf0803fff pref]
[    0.309977] pci 0000:00:07.0: [8086:7113] type 00 class 0x068000
[    0.310557] pci 0000:00:07.0: quirk: [io  0x4000-0x403f] claimed by PIIX4 ACPI
[    0.310570] pci 0000:00:07.0: quirk: [io  0x4100-0x410f] claimed by PIIX4 SMB
[    0.312050] pci 0000:00:08.0: [8086:100e] type 00 class 0x020000
[    0.312796] pci 0000:00:08.0: reg 0x10: [mem 0xf0820000-0xf083ffff]
[    0.314036] pci 0000:00:08.0: reg 0x18: [io  0xd060-0xd067]
[    0.316950] pci 0000:00:09.0: [8086:100e] type 00 class 0x020000
[    0.317658] pci 0000:00:09.0: reg 0x10: [mem 0xf0840000-0xf085ffff]
[    0.318807] pci 0000:00:09.0: reg 0x18: [io  0xd068-0xd06f]
[    0.328815] ACPI: PCI Interrupt Link [LNKA] (IRQs 5 9 10 *11)
[    0.329100] ACPI: PCI Interrupt Link [LNKB] (IRQs 5 9 *10 11)
[    0.329203] ACPI: PCI Interrupt Link [LNKC] (IRQs 5 *9 10 11)
[    0.329308] ACPI: PCI Interrupt Link [LNKD] (IRQs 5 9 10 *11)
[    0.329571] iommu: Default domain type: Translated 
[    0.329632] pci 0000:00:02.0: vgaarb: setting as boot VGA device
[    0.329634] pci 0000:00:02.0: vgaarb: VGA device added: decodes=io+mem,owns=io+mem,locks=none
[    0.329636] pci 0000:00:02.0: vgaarb: bridge control possible
[    0.329637] vgaarb: loaded
[    0.329851] SCSI subsystem initialized
[    0.329899] libata version 3.00 loaded.
[    0.329922] ACPI: bus type USB registered
[    0.329938] usbcore: registered new interface driver usbfs
[    0.329944] usbcore: registered new interface driver hub
[    0.329949] usbcore: registered new device driver usb
[    0.329974] pps_core: LinuxPPS API ver. 1 registered
[    0.329975] pps_core: Software ver. 5.3.6 - Copyright 2005-2007 Rodolfo Giometti <giometti@linux.it>
[    0.329977] PTP clock support registered
[    0.330010] EDAC MC: Ver: 3.0.0
[    0.332063] PCI: Using ACPI for IRQ routing
[    0.332065] PCI: pci_cache_line_size set to 64 bytes
[    0.332234] e820: reserve RAM buffer [mem 0x0009fc00-0x0009ffff]
[    0.332237] e820: reserve RAM buffer [mem 0x7fff0000-0x7fffffff]
[    0.333025] NetLabel: Initializing
[    0.333025] NetLabel:  domain hash size = 128
[    0.333026] NetLabel:  protocols = UNLABELED CIPSOv4 CALIPSO
[    0.333045] NetLabel:  unlabeled traffic allowed by default
[    0.334091] clocksource: Switched to clocksource kvm-clock
[    0.346744] *** VALIDATE bpf ***
[    0.346802] VFS: Disk quotas dquot_6.6.0
[    0.346814] VFS: Dquot-cache hash table entries: 512 (order 0, 4096 bytes)
[    0.346837] *** VALIDATE ramfs ***
[    0.346840] *** VALIDATE hugetlbfs ***
[    0.346919] AppArmor: AppArmor Filesystem Enabled
[    0.346944] pnp: PnP ACPI init
[    0.347004] pnp 00:00: Plug and Play ACPI device, IDs PNP0303 (active)
[    0.347090] pnp 00:01: Plug and Play ACPI device, IDs PNP0f03 (active)
[    0.347851] pnp: PnP ACPI: found 2 devices
[    0.349223] thermal_sys: Registered thermal governor 'fair_share'
[    0.349224] thermal_sys: Registered thermal governor 'bang_bang'
[    0.349225] thermal_sys: Registered thermal governor 'step_wise'
[    0.349226] thermal_sys: Registered thermal governor 'user_space'
[    0.349226] thermal_sys: Registered thermal governor 'power_allocator'
[    0.353764] clocksource: acpi_pm: mask: 0xffffff max_cycles: 0xffffff, max_idle_ns: 2085701024 ns
[    0.353804] pci_bus 0000:00: resource 4 [io  0x0000-0x0cf7 window]
[    0.353805] pci_bus 0000:00: resource 5 [io  0x0d00-0xffff window]
[    0.353806] pci_bus 0000:00: resource 6 [mem 0x000a0000-0x000bffff window]
[    0.353808] pci_bus 0000:00: resource 7 [mem 0x80000000-0xfdffffff window]
[    0.353866] NET: Registered protocol family 2
[    0.353940] IP idents hash table entries: 32768 (order: 6, 262144 bytes, linear)
[    0.354344] MPTCP tokens hash table entries: 8192 (order: 4, 65536 bytes, linear)
[    0.354364] MPTCP request tokens hash table entries: 8192 (order: 4, 65536 bytes, linear)
[    0.354389] default registered
[    0.354390] default registered
[    0.354390] MPTCP: Stable release v0.96
[    0.354395] tcp_listen_portaddr_hash hash table entries: 1024 (order: 2, 16384 bytes, linear)
[    0.354476] TCP established hash table entries: 16384 (order: 5, 131072 bytes, linear)
[    0.354539] TCP bind hash table entries: 16384 (order: 6, 262144 bytes, linear)
[    0.354564] TCP: Hash tables configured (established 16384 bind 16384)
[    0.355281] UDP hash table entries: 1024 (order: 3, 32768 bytes, linear)
[    0.355293] UDP-Lite hash table entries: 1024 (order: 3, 32768 bytes, linear)
[    0.355329] NET: Registered protocol family 1
[    0.355337] NET: Registered protocol family 44
[    0.355357] pci 0000:00:00.0: Limiting direct PCI/PCI transfers
[    0.355373] pci 0000:00:01.0: Activating ISA DMA hang workarounds
[    0.355427] pci 0000:00:02.0: Video device with shadowed ROM at [mem 0x000c0000-0x000dffff]
[    0.355489] PCI: CLS 0 bytes, default 64
[    0.355535] Trying to unpack rootfs image as initramfs...
[    0.535463] Freeing initrd memory: 47868K
[    0.535463] clocksource: tsc: mask: 0xffffffffffffffff max_cycles: 0x1e4530a99b6, max_idle_ns: 440795257976 ns
[    0.535463] clocksource: Switched to clocksource tsc
[    0.535463] platform rtc_cmos: registered platform RTC device (no PNP device found)
[    0.535463] check: Scanning for low memory corruption every 60 seconds
[    0.535463] Initialise system trusted keyrings
[    0.535463] Key type blacklist registered
[    0.535463] workingset: timestamp_bits=36 max_order=19 bucket_order=0
[    0.535463] zbud: loaded
[    0.535463] squashfs: version 4.0 (2009/01/31) Phillip Lougher
[    0.535463] fuse: init (API version 7.31)
[    0.535463] *** VALIDATE fuse ***
[    0.535463] *** VALIDATE fuse ***
[    0.535463] Platform Keyring initialized
[    0.547926] Key type asymmetric registered
[    0.547927] Asymmetric key parser 'x509' registered
[    0.547939] Block layer SCSI generic (bsg) driver version 0.4 loaded (major 244)
[    0.547978] io scheduler mq-deadline registered
[    0.548106] shpchp: Standard Hot Plug PCI Controller Driver version: 0.4
[    0.548310] ACPI: AC Adapter [AC] (on-line)
[    0.548355] input: Power Button as /devices/LNXSYSTM:00/LNXPWRBN:00/input/input0
[    0.548384] ACPI: Power Button [PWRF]
[    0.548461] input: Sleep Button as /devices/LNXSYSTM:00/LNXSLPBN:00/input/input1
[    0.548477] ACPI: Sleep Button [SLPF]
[    0.548723] Serial: 8250/16550 driver, 32 ports, IRQ sharing enabled
[    0.549906] Linux agpgart interface v0.103
[    0.639112] loop: module loaded
[    0.639263] ata_piix 0000:00:01.1: version 2.13
[    0.639673] scsi host0: ata_piix
[    0.639765] scsi host1: ata_piix
[    0.639791] ata1: PATA max UDMA/33 cmd 0x1f0 ctl 0x3f6 bmdma 0xd000 irq 14
[    0.639792] ata2: PATA max UDMA/33 cmd 0x170 ctl 0x376 bmdma 0xd008 irq 15
[    0.639876] tun: Universal TUN/TAP device driver, 1.6
[    0.640179] PPP generic driver version 2.4.2
[    0.640222] VFIO - User Level meta-driver version: 0.3
[    0.640459] ehci_hcd: USB 2.0 'Enhanced' Host Controller (EHCI) Driver
[    0.640466] ehci-pci: EHCI PCI platform driver
[    0.640482] ehci-platform: EHCI generic platform driver
[    0.640487] ohci_hcd: USB 1.1 'Open' Host Controller (OHCI) Driver
[    0.640489] ohci-pci: OHCI PCI platform driver
[    0.640496] ohci-platform: OHCI generic platform driver
[    0.640500] uhci_hcd: USB Universal Host Controller Interface driver
[    0.640567] i8042: PNP: PS/2 Controller [PNP0303:PS2K,PNP0f03:PS2M] at 0x60,0x64 irq 1,12
[    0.640999] serio: i8042 KBD port at 0x60,0x64 irq 1
[    0.641002] serio: i8042 AUX port at 0x60,0x64 irq 12
[    0.641090] mousedev: PS/2 mouse device common for all mice
[    0.641348] input: AT Translated Set 2 keyboard as /devices/platform/i8042/serio0/input/input2
[    0.641767] rtc_cmos rtc_cmos: registered as rtc0
[    0.641780] rtc_cmos rtc_cmos: alarms up to one day, 114 bytes nvram
[    0.641785] i2c /dev entries driver
[    0.641830] device-mapper: uevent: version 1.0.3
[    0.641873] device-mapper: ioctl: 4.41.0-ioctl (2019-09-16) initialised: dm-devel@redhat.com
[    0.641889] platform eisa.0: Probing EISA bus 0
[    0.641890] platform eisa.0: EISA: Cannot allocate resource for mainboard
[    0.641892] platform eisa.0: Cannot allocate resource for EISA slot 1
[    0.641893] platform eisa.0: Cannot allocate resource for EISA slot 2
[    0.641894] platform eisa.0: Cannot allocate resource for EISA slot 3
[    0.641894] platform eisa.0: Cannot allocate resource for EISA slot 4
[    0.641895] platform eisa.0: Cannot allocate resource for EISA slot 5
[    0.641896] platform eisa.0: Cannot allocate resource for EISA slot 6
[    0.641897] platform eisa.0: Cannot allocate resource for EISA slot 7
[    0.641898] platform eisa.0: Cannot allocate resource for EISA slot 8
[    0.641899] platform eisa.0: EISA: Detected 0 cards
[    0.641902] intel_pstate: CPU model not supported
[    0.641912] ledtrig-cpu: registered to indicate activity on CPUs
[    0.641967] drop_monitor: Initializing network drop monitor service
[    0.642127] NET: Registered protocol family 10
[    0.647220] Segment Routing with IPv6
[    0.647250] fullmesh registered
[    0.647250] ndiffports registered
[    0.647250] binder registered
[    0.647250] roundrobin registered
[    0.647250] redundant registered
[    0.647250] blest registered
[    0.647250] ecf registered
[    0.647250] NET: Registered protocol family 17
[    0.647250] Key type dns_resolver registered
[    0.647250] RAS: Correctable Errors collector initialized.
[    0.647250] IPI shorthand broadcast: enabled
[    0.647250] sched_clock: Marking stable (632169894, 11080395)->(644943873, -1693584)
[    0.647468] registered taskstats version 1
[    0.647477] Loading compiled-in X.509 certificates
[    0.648064] Loaded X.509 cert 'Build time autogenerated kernel key: 6909f3744cebb3d0de528d5887b96a727de79b1e'
[    0.648082] zswap: loaded using pool lzo/zbud
[    0.648134] Key type ._fscrypt registered
[    0.648135] Key type .fscrypt registered
[    0.652560] Key type big_key registered
[    0.654749] Key type encrypted registered
[    0.654752] AppArmor: AppArmor sha1 policy hashing enabled
[    0.654759] ima: No TPM chip found, activating TPM-bypass!
[    0.654763] ima: Allocated hash algorithm: sha1
[    0.654769] ima: No architecture policies found
[    0.654778] evm: Initialising EVM extended attributes:
[    0.654779] evm: security.selinux
[    0.654780] evm: security.SMACK64
[    0.654780] evm: security.SMACK64EXEC
[    0.654780] evm: security.SMACK64TRANSMUTE
[    0.654781] evm: security.SMACK64MMAP
[    0.654781] evm: security.apparmor
[    0.654782] evm: security.ima
[    0.654782] evm: security.capability
[    0.654783] evm: HMAC attrs: 0x1
[    0.655075] PM:   Magic number: 10:170:323
[    0.655095] tty tty48: hash matches
[    0.655202] rtc_cmos rtc_cmos: setting system clock to 2026-01-13T09:19:02 UTC (1768295942)
[    0.810647] ata1.00: ATA-6: VBOX HARDDISK, 1.0, max UDMA/133
[    0.810649] ata1.00: 209715200 sectors, multi 128: LBA 
[    0.811071] scsi 0:0:0:0: Direct-Access     ATA      VBOX HARDDISK    1.0  PQ: 0 ANSI: 5
[    0.811271] sd 0:0:0:0: [sda] 209715200 512-byte logical blocks: (107 GB/100 GiB)
[    0.811278] sd 0:0:0:0: [sda] Write Protect is off
[    0.811280] sd 0:0:0:0: [sda] Mode Sense: 00 3a 00 00
[    0.811290] sd 0:0:0:0: [sda] Write cache: enabled, read cache: enabled, doesn't support DPO or FUA
[    0.811486] sd 0:0:0:0: Attached scsi generic sg0 type 0
[    0.812262]  sda: sda1 sda2
[    0.823229] sd 0:0:0:0: [sda] Attached SCSI disk
[    0.825024] Freeing unused decrypted memory: 2040K
[    0.825711] Freeing unused kernel image memory: 2728K
[    0.825725] Write protecting the kernel read-only data: 22528k
[    0.826381] Freeing unused kernel image memory: 2036K
[    0.826766] Freeing unused kernel image memory: 1432K
[    0.839728] x86/mm: Checked W+X mappings: passed, no W+X pages found.
[    0.839731] Run /init as init process
[    0.937622] ACPI: Video Device [GFX0] (multi-head: yes  rom: no  post: no)
[    0.937696] input: Video Bus as /devices/LNXSYSTM:00/LNXSYBUS:00/PNP0A03:00/LNXVIDEO:00/input/input4
[    0.955945] piix4_smbus 0000:00:07.0: SMBus Host Controller at 0x4100, revision 0
[    0.959017] e1000: Intel(R) PRO/1000 Network Driver - version 7.3.21-k8-NAPI
[    0.959018] e1000: Copyright (c) 1999-2006 Intel Corporation.
[    0.962567] pcnet32: pcnet32.c:v1.35 21.Apr.2008 tsbogend@alpha.franken.de
[    0.978536] pcnet32: PCnet/FAST III 79C973 at 0xd020, 08:00:27:3e:cb:20 assigned IRQ 19
[    0.978580] pcnet32: Found PHY 0022:561b at address 0
[    0.978906] pcnet32: eth0: registered as PCnet/FAST III 79C973
[    0.981421] pcnet32: 1 cards_found
[    1.038423] pcnet32 0000:00:03.0 enp0s3: renamed from eth0
[    1.173787] input: ImExPS/2 Generic Explorer Mouse as /devices/platform/i8042/serio1/input/input5
[    1.375381] e1000 0000:00:08.0 eth0: (PCI:33MHz:32-bit) 08:00:27:08:27:e8
[    1.375386] e1000 0000:00:08.0 eth0: Intel(R) PRO/1000 Network Connection
[    1.747394] e1000 0000:00:09.0 eth1: (PCI:33MHz:32-bit) 08:00:27:c1:20:b1
[    1.747397] e1000 0000:00:09.0 eth1: Intel(R) PRO/1000 Network Connection
[    1.748536] e1000 0000:00:09.0 enp0s9: renamed from eth1
[    1.750304] e1000 0000:00:08.0 enp0s8: renamed from eth0
[    1.899021] EXT4-fs (sda2): mounted filesystem with ordered data mode. Opts: (null)
[    1.981231] systemd[1]: Inserted module 'autofs4'
[    1.991462] systemd[1]: systemd 245.4-4ubuntu3 running in system mode. (+PAM +AUDIT +SELINUX +IMA +APPARMOR +SMACK +SYSVINIT +UTMP +LIBCRYPTSETUP +GCRYPT +GNUTLS +ACL +XZ +LZ4 +SECCOMP +BLKID +ELFUTILS +KMOD +IDN2 -IDN +PCRE2 default-hierarchy=hybrid)
[    1.991499] systemd[1]: Detected virtualization oracle.
[    1.991502] systemd[1]: Detected architecture x86-64.
[    1.992785] systemd[1]: Set hostname to <ztg>.
[    2.116524] systemd[1]: /lib/systemd/system/dbus.socket:5: ListenStream= references a path below legacy directory /var/run/, updating /var/run/dbus/system_bus_socket â†’ /run/dbus/system_bus_socket; please update the unit file accordingly.
[    2.167728] systemd[1]: Created slice system-modprobe.slice.
[    2.167914] systemd[1]: Created slice User and Session Slice.
[    2.167959] systemd[1]: Started Forward Password Requests to Wall Directory Watch.
[    2.168125] systemd[1]: Set up automount Arbitrary Executable File Formats File System Automount Point.
[    2.168159] systemd[1]: Reached target User and Group Name Lookups.
[    2.168167] systemd[1]: Reached target Remote File Systems.
[    2.168175] systemd[1]: Reached target Slices.
[    2.168669] systemd[1]: Listening on Syslog Socket.
[    2.168735] systemd[1]: Listening on fsck to fsckd communication Socket.
[    2.168773] systemd[1]: Listening on initctl Compatibility Named Pipe.
[    2.168912] systemd[1]: Listening on Journal Audit Socket.
[    2.168966] systemd[1]: Listening on Journal Socket (/dev/log).
[    2.169033] systemd[1]: Listening on Journal Socket.
[    2.169098] systemd[1]: Listening on udev Control Socket.
[    2.169140] systemd[1]: Listening on udev Kernel Socket.
[    2.169911] systemd[1]: Mounting Huge Pages File System...
[    2.170869] systemd[1]: Mounting POSIX Message Queue File System...
[    2.171796] systemd[1]: Mounting Kernel Debug File System...
[    2.172647] systemd[1]: Mounting Kernel Trace File System...
[    2.174589] systemd[1]: Starting Journal Service...
[    2.198065] systemd[1]: Starting Set the console keyboard layout...
[    2.206204] systemd[1]: Starting Create list of static device nodes for the current kernel...
[    2.208048] systemd[1]: Starting Load Kernel Module drm...
[    2.209034] systemd[1]: Condition check resulted in Set Up Additional Binary Formats being skipped.
[    2.209088] systemd[1]: Condition check resulted in File System Check on Root Device being skipped.
[    2.219930] systemd[1]: Starting Load Kernel Modules...
[    2.220941] systemd[1]: Starting Remount Root and Kernel File Systems...
[    2.238174] systemd[1]: Starting udev Coldplug all Devices...
[    2.247682] systemd[1]: Starting Uncomplicated firewall...
[    2.249194] systemd[1]: Mounted Huge Pages File System.
[    2.249290] systemd[1]: Mounted POSIX Message Queue File System.
[    2.249372] systemd[1]: Mounted Kernel Debug File System.
[    2.249442] systemd[1]: Mounted Kernel Trace File System.
[    2.286619] EXT4-fs (sda2): re-mounted. Opts: errors=remount-ro
[    2.296930] systemd[1]: Finished Create list of static device nodes for the current kernel.
[    2.298056] systemd[1]: modprobe@drm.service: Succeeded.
[    2.299744] systemd[1]: Finished Load Kernel Module drm.
[    2.300126] systemd[1]: Finished Remount Root and Kernel File Systems.
[    2.301118] systemd[1]: Finished Uncomplicated firewall.
[    2.311766] systemd[1]: Condition check resulted in Rebuild Hardware Database being skipped.
[    2.311805] systemd[1]: Condition check resulted in Platform Persistent Storage Archival being skipped.
[    2.312505] systemd[1]: Starting Load/Save Random Seed...
[    2.314347] lp: driver loaded but no devices found
[    2.319653] systemd[1]: Starting Create System Users...
[    2.329512] ppdev: user-space parallel port driver
[    2.331275] systemd[1]: Finished Load/Save Random Seed.
[    2.335817] systemd[1]: Finished Create System Users.
[    2.336529] systemd[1]: Starting Create Static Device Nodes in /dev...
[    2.358486] systemd[1]: Finished Create Static Device Nodes in /dev.
[    2.359467] systemd[1]: Starting udev Kernel Device Manager...
[    2.405110] systemd[1]: Finished udev Coldplug all Devices.
[    2.420804] [drm] DMA map mode: Caching DMA mappings.
[    2.420896] [drm] Capabilities:
[    2.420896] [drm]   Rect copy.
[    2.420896] [drm]   Cursor.
[    2.420897] [drm]   Cursor bypass.
[    2.420897] [drm]   Cursor bypass 2.
[    2.420897] [drm]   Alpha cursor.
[    2.420898] [drm]   Extended Fifo.
[    2.420898] [drm]   Pitchlock.
[    2.420898] [drm]   Irq mask.
[    2.420899] [drm]   GMR.
[    2.420899] [drm]   Traces.
[    2.420899] [drm]   GMR2.
[    2.420900] [drm]   Screen Object 2.
[    2.420900] [drm]   Command Buffers.
[    2.420901] [drm]   Command Buffers 2.
[    2.420901] [drm]   Guest Backed Resources.
[    2.420902] [drm] Max GMR ids is 8192
[    2.420903] [drm] Max number of GMR pages is 1048576
[    2.420903] [drm] Max dedicated hypervisor surface memory is 393216 kiB
[    2.420904] [drm] Maximum display memory size is 131072 kiB
[    2.420904] [drm] VRAM at 0xe0000000 size is 131072 kiB
[    2.420905] [drm] MMIO at 0xf0000000 size is 2048 kiB
[    2.421844] [TTM] Zone  kernel: Available graphics memory: 1011738 KiB
[    2.421845] [TTM] Initializing pool allocator
[    2.421848] [TTM] Initializing DMA pool allocator
[    2.421875] [drm] Supports vblank timestamp caching Rev 2 (21.10.2013).
[    2.421876] [drm] No driver support for vblank timestamp query.
[    2.422111] [drm] Screen Target Display device initialized
[    2.422345] [drm] width 720
[    2.422354] [drm] height 400
[    2.422357] [drm] bpp 32
[    2.422902] [drm] Fifo max 0x00200000 min 0x00001000 cap 0x00000355
[    2.427563] [drm] Using command buffers with DMA pool.
[    2.427567] [drm] DX: no.
[    2.427568] [drm] Atomic: yes.
[    2.427568] [drm] SM4_1: no.
[    2.427588] [drm:vmw_host_log [vmwgfx]] *ERROR* Failed to send host log message.
[    2.428508] [drm:vmw_host_log [vmwgfx]] *ERROR* Failed to send host log message.
[    2.438869] fbcon: svgadrmfb (fb0) is primary device
[    2.441343] Console: switching to colour frame buffer device 100x37
[    2.452835] [drm] Initialized vmwgfx 2.15.0 20180704 for 0000:00:02.0 on minor 0
[    2.454210] systemd[1]: Finished Load Kernel Modules.
[    2.455202] systemd[1]: Mounting FUSE Control File System...
[    2.456582] systemd[1]: Mounting Kernel Configuration File System...
[    2.479600] systemd[1]: Starting Apply Kernel Variables...
[    2.492786] systemd[1]: Mounted FUSE Control File System.
[    2.492864] systemd[1]: Condition check resulted in VMware vmblock fuse mount being skipped.
[    2.497040] systemd[1]: Mounted Kernel Configuration File System.
[    2.508223] systemd[1]: Finished Set the console keyboard layout.
[    2.508320] systemd[1]: Reached target Local File Systems (Pre).
[    2.510356] systemd[1]: Mounting Mount unit for bare, revision 5...
[    2.512336] systemd[1]: Mounting Mount unit for core18, revision 1705...
[    2.518959] systemd[1]: Mounting Mount unit for gnome-3-34-1804, revision 24...
[    2.528145] systemd[1]: Mounting Mount unit for gtk-common-themes, revision 1506...
[    2.533977] systemd[1]: Mounting Mount unit for gtk-common-themes, revision 1535...
[    2.547784] systemd[1]: Mounting Mount unit for snap-store, revision 433...
[    2.560389] systemd[1]: Mounting Mount unit for snapd, revision 25935...
[    2.574362] systemd[1]: Finished Apply Kernel Variables.
[    2.579653] systemd[1]: Mounted Mount unit for bare, revision 5.
[    2.587094] systemd[1]: Started udev Kernel Device Manager.
[    2.587869] systemd[1]: Starting Show Plymouth Boot Screen...
[    2.592102] systemd[1]: Mounted Mount unit for core18, revision 1705.
[    2.592198] systemd[1]: Mounted Mount unit for gnome-3-34-1804, revision 24.
[    2.592890] systemd[1]: Received SIGRTMIN+20 from PID 271 (plymouthd).
[    2.615103] systemd[1]: Started Show Plymouth Boot Screen.
[    2.615255] systemd[1]: Condition check resulted in Dispatch Password Requests to Console Directory Watch being skipped.
[    2.615337] systemd[1]: Started Forward Password Requests to Plymouth Directory Watch.
[    2.615384] systemd[1]: Reached target Local Encrypted Volumes.
[    2.682895] systemd[1]: Mounted Mount unit for gtk-common-themes, revision 1506.
[    2.683210] systemd[1]: Mounted Mount unit for gtk-common-themes, revision 1535.
[    2.716105] systemd[1]: Mounted Mount unit for snap-store, revision 433.
[    2.716351] systemd[1]: Mounted Mount unit for snapd, revision 25935.
[    2.716502] systemd[1]: Reached target Local File Systems.
[    2.717334] systemd[1]: Starting Load AppArmor profiles...
[    2.719673] systemd[1]: Starting Set console font and keymap...
[    2.742590] systemd[1]: Starting Tell Plymouth To Write Out Runtime Data...
[    2.744505] systemd[1]: Condition check resulted in Store a System Token in an EFI Variable being skipped.
[    2.744560] systemd[1]: Condition check resulted in Commit a transient machine-id on disk being skipped.
[    2.749312] systemd[1]: Finished Set console font and keymap.
[    2.770326] systemd[1]: Received SIGRTMIN+20 from PID 271 (plymouthd).
[    2.771673] systemd[1]: plymouth-read-write.service: Succeeded.
[    2.771908] systemd[1]: Finished Tell Plymouth To Write Out Runtime Data.
[    2.784579] audit: type=1400 audit(1768295944.624:2): apparmor="STATUS" operation="profile_load" profile="unconfined" name="nvidia_modprobe" pid=299 comm="apparmor_parser"
[    2.784581] audit: type=1400 audit(1768295944.624:3): apparmor="STATUS" operation="profile_load" profile="unconfined" name="nvidia_modprobe//kmod" pid=299 comm="apparmor_parser"
[    2.792162] audit: type=1400 audit(1768295944.632:4): apparmor="STATUS" operation="profile_load" profile="unconfined" name="/usr/sbin/tcpdump" pid=300 comm="apparmor_parser"
[    2.835790] audit: type=1400 audit(1768295944.672:5): apparmor="STATUS" operation="profile_load" profile="unconfined" name="/usr/bin/evince" pid=302 comm="apparmor_parser"
[    2.835793] audit: type=1400 audit(1768295944.672:6): apparmor="STATUS" operation="profile_load" profile="unconfined" name="/usr/bin/evince//sanitized_helper" pid=302 comm="apparmor_parser"
[    2.835796] audit: type=1400 audit(1768295944.672:7): apparmor="STATUS" operation="profile_load" profile="unconfined" name="/usr/bin/evince-previewer" pid=302 comm="apparmor_parser"
[    2.835798] audit: type=1400 audit(1768295944.672:8): apparmor="STATUS" operation="profile_load" profile="unconfined" name="/usr/bin/evince-previewer//sanitized_helper" pid=302 comm="apparmor_parser"
[    2.835800] audit: type=1400 audit(1768295944.672:9): apparmor="STATUS" operation="profile_load" profile="unconfined" name="/usr/bin/evince-thumbnailer" pid=302 comm="apparmor_parser"
[    2.851069] audit: type=1400 audit(1768295944.692:10): apparmor="STATUS" operation="profile_load" profile="unconfined" name="/usr/lib/cups/backend/cups-pdf" pid=303 comm="apparmor_parser"
[    2.931156] systemd[1]: Finished Load AppArmor profiles.
[    2.932104] systemd[1]: Starting Load AppArmor profiles managed internally by snapd...
[    3.045263] systemd[1]: Finished Load AppArmor profiles managed internally by snapd.
[    3.186958] systemd[1]: Started Journal Service.
[    3.195161] systemd-journald[229]: Received client request to flush runtime journal.
[    3.198709] systemd-journald[229]: File /var/log/journal/c455b248004a419c87ce85eea238d727/system.journal corrupted or uncleanly shut down, renaming and replacing.
[    4.500276] RAPL PMU: API unit is 2^-32 Joules, 0 fixed counters, 10737418240 ms ovfl timer
[    4.560869] cryptd: max_cpu_qlen set to 1000
[    4.617782] AVX2 version of gcm_enc/dec engaged.
[    4.617784] AES CTR mode by8 optimization enabled
[    6.415873] Adding 1998844k swap on /dev/sda1.  Priority:-2 extents:1 across:1998844k FS
[    7.273788] kauditd_printk_skb: 30 callbacks suppressed
[    7.273789] audit: type=1400 audit(1768295949.112:41): apparmor="DENIED" operation="capable" profile="/usr/sbin/cups-browsed" pid=508 comm="cups-browsed" capability=23  capname="sys_nice"
[    8.762621] pcnet32 0000:00:03.0 enp0s3: link up, 100Mbps, full-duplex
[    8.811274] e1000: enp0s8 NIC Link is Up 1000 Mbps Full Duplex, Flow Control: RX
[    8.811624] IPv6: ADDRCONF(NETDEV_CHANGE): enp0s8: link becomes ready
[    8.830034] e1000: enp0s9 NIC Link is Up 1000 Mbps Full Duplex, Flow Control: RX
[    8.833192] IPv6: ADDRCONF(NETDEV_CHANGE): enp0s9: link becomes ready
[    9.465959] device enp0s3 entered promiscuous mode
[    9.482368] audit: type=1400 audit(1768295951.316:42): apparmor="DENIED" operation="open" profile="/usr/sbin/tcpdump" name="/proc/sys/kernel/random/boot_id" pid=626 comm="tcpdump" requested_mask="r" denied_mask="r" fsuid=0 ouid=0
[    9.482609] audit: type=1400 audit(1768295951.316:43): apparmor="DENIED" operation="open" profile="/usr/sbin/tcpdump" name="/proc/sys/kernel/random/boot_id" pid=626 comm="tcpdump" requested_mask="r" denied_mask="r" fsuid=0 ouid=0
[    9.482659] audit: type=1400 audit(1768295951.316:44): apparmor="DENIED" operation="open" profile="/usr/sbin/tcpdump" name="/proc/sys/kernel/random/boot_id" pid=626 comm="tcpdump" requested_mask="r" denied_mask="r" fsuid=0 ouid=0
[    9.482846] audit: type=1400 audit(1768295951.316:45): apparmor="DENIED" operation="open" profile="/usr/sbin/tcpdump" name="/proc/sys/kernel/random/boot_id" pid=626 comm="tcpdump" requested_mask="r" denied_mask="r" fsuid=0 ouid=0
[    9.494689] audit: type=1400 audit(1768295951.336:46): apparmor="DENIED" operation="open" profile="/usr/sbin/tcpdump" name="/proc/sys/kernel/random/boot_id" pid=627 comm="tcpdump" requested_mask="r" denied_mask="r" fsuid=0 ouid=0
[    9.494885] audit: type=1400 audit(1768295951.336:47): apparmor="DENIED" operation="open" profile="/usr/sbin/tcpdump" name="/proc/sys/kernel/random/boot_id" pid=627 comm="tcpdump" requested_mask="r" denied_mask="r" fsuid=0 ouid=0
[    9.494925] audit: type=1400 audit(1768295951.336:48): apparmor="DENIED" operation="open" profile="/usr/sbin/tcpdump" name="/proc/sys/kernel/random/boot_id" pid=627 comm="tcpdump" requested_mask="r" denied_mask="r" fsuid=0 ouid=0
[    9.495436] audit: type=1400 audit(1768295951.336:49): apparmor="DENIED" operation="open" profile="/usr/sbin/tcpdump" name="/proc/sys/kernel/random/boot_id" pid=627 comm="tcpdump" requested_mask="r" denied_mask="r" fsuid=0 ouid=0
[   15.587203] rfkill: input handler disabled
[  127.135505] rfkill: input handler enabled
[  135.417693] rfkill: input handler disabled
[  243.901101] AAAAA-TCP_SEND: name:enp0s3: saddr:100932208: daddr:16783984: srtt_us:0: RTT:0: ssthresh:2147483647: cwnd:10: delivered:0: lost:0: retrans:0
[  244.823015] AAAAA-TCP_SEND: name:enp0s3: saddr:100932208: daddr:16783984: srtt_us:0: RTT:0: ssthresh:7: cwnd:1: delivered:0: lost:1: retrans:1
[  245.471048] AAAAA-TCP_RECV: name:enp0s3: saddr:16783984: daddr:100932208: srtt_us:0: RTT:0: ssthresh:7: cwnd:1: delivered:0: lost:1: retrans:1
[  245.471112] AAAAA-TCP_SEND: name:enp0s3: saddr:100932208: daddr:16783984: srtt_us:16176000: RTT:2022000: ssthresh:2147483647: cwnd:10: delivered:1: lost:1: retrans:1
[  245.472081] AAAAA-TCP_SEND: name:enp0s3: saddr:100932208: daddr:16783984: srtt_us:16176000: RTT:2022000: ssthresh:2147483647: cwnd:10: delivered:1: lost:1: retrans:1
[  246.027220] AAAAA-TCP_RECV: name:enp0s3: saddr:16783984: daddr:100932208: srtt_us:16176000: RTT:2022000: ssthresh:2147483647: cwnd:10: delivered:1: lost:1: retrans:1
[  246.078784] AAAAA-TCP_RECV: name:enp0s3: saddr:16783984: daddr:100932208: srtt_us:16176000: RTT:2022000: ssthresh:2147483647: cwnd:10: delivered:1: lost:1: retrans:1
[  246.079158] AAAAA-TCP_SEND: name:enp0s3: saddr:100932208: daddr:33561200: srtt_us:0: RTT:0: ssthresh:2147483647: cwnd:10: delivered:0: lost:0: retrans:0
[  246.285736] AAAAA-TCP_RECV: name:enp0s3: saddr:16783984: daddr:100932208: srtt_us:14760723: RTT:1845090: ssthresh:2147483647: cwnd:10: delivered:2: lost:1: retrans:1
[  246.285777] AAAAA-TCP_SEND: name:enp0s3: saddr:100932208: daddr:16783984: srtt_us:14760723: RTT:1845090: ssthresh:2147483647: cwnd:10: delivered:2: lost:1: retrans:1
[  246.285957] AAAAA-TCP_SEND: name:enp0s3: saddr:100932208: daddr:16783984: srtt_us:14760723: RTT:1845090: ssthresh:2147483647: cwnd:10: delivered:2: lost:1: retrans:1
[  246.474893] AAAAA-TCP_RECV: name:enp0s3: saddr:33561200: daddr:100932208: srtt_us:0: RTT:0: ssthresh:2147483647: cwnd:10: delivered:0: lost:0: retrans:0
[  246.474926] AAAAA-TCP_SEND: name:enp0s3: saddr:100932208: daddr:33561200: srtt_us:3165952: RTT:395744: ssthresh:2147483647: cwnd:10: delivered:1: lost:0: retrans:0
[  246.474954] AAAAA-TCP_SEND: name:enp0s3: saddr:100932208: daddr:16783984: srtt_us:14760723: RTT:1845090: ssthresh:2147483647: cwnd:10: delivered:2: lost:1: retrans:1
[  246.676396] AAAAA-TCP_RECV: name:enp0s3: saddr:16783984: daddr:100932208: srtt_us:14760723: RTT:1845090: ssthresh:2147483647: cwnd:10: delivered:2: lost:1: retrans:1
[  246.676425] AAAAA-TCP_SEND: name:enp0s3: saddr:100932208: daddr:16783984: srtt_us:14760723: RTT:1845090: ssthresh:2147483647: cwnd:10: delivered:2: lost:1: retrans:1
[  246.888464] AAAAA-TCP_RECV: name:enp0s3: saddr:16783984: daddr:100932208: srtt_us:14760723: RTT:1845090: ssthresh:2147483647: cwnd:10: delivered:2: lost:1: retrans:1
[  246.888502] AAAAA-TCP_SEND: name:enp0s3: saddr:100932208: daddr:16783984: srtt_us:14760723: RTT:1845090: ssthresh:2147483647: cwnd:10: delivered:2: lost:1: retrans:1
[  247.039018] AAAAA-TCP_RECV: name:enp0s3: saddr:33561200: daddr:100932208: srtt_us:3165952: RTT:395744: ssthresh:2147483647: cwnd:10: delivered:1: lost:0: retrans:0
[  247.039039] AAAAA-TCP_SEND: name:enp0s3: saddr:100932208: daddr:33561200: srtt_us:3165952: RTT:395744: ssthresh:2147483647: cwnd:10: delivered:1: lost:0: retrans:0
[  247.215475] AAAAA-TCP_RECV: name:enp0s3: saddr:16783984: daddr:100932208: srtt_us:13518175: RTT:1689771: ssthresh:2147483647: cwnd:10: delivered:3: lost:1: retrans:1
[  247.250169] AAAAA-TCP_RECV: name:enp0s3: saddr:16783984: daddr:100932208: srtt_us:12568947: RTT:1571118: ssthresh:2147483647: cwnd:10: delivered:4: lost:1: retrans:1
[  247.328497] AAAAA-TCP_RECV: name:enp0s3: saddr:33561200: daddr:100932208: srtt_us:3165952: RTT:395744: ssthresh:2147483647: cwnd:10: delivered:1: lost:0: retrans:0
[  247.328533] AAAAA-TCP_SEND: name:enp0s3: saddr:100932208: daddr:33561200: srtt_us:3165952: RTT:395744: ssthresh:2147483647: cwnd:10: delivered:1: lost:0: retrans:0
[  247.328698] AAAAA-TCP_SEND: name:enp0s3: saddr:100932208: daddr:16783984: srtt_us:0: RTT:0: ssthresh:2147483647: cwnd:10: delivered:0: lost:0: retrans:0
[  247.481689] AAAAA-TCP_RECV: name:enp0s3: saddr:33561200: daddr:100932208: srtt_us:3165952: RTT:395744: ssthresh:2147483647: cwnd:10: delivered:1: lost:0: retrans:0
[  247.675522] AAAAA-TCP_RECV: name:enp0s3: saddr:16783984: daddr:100932208: srtt_us:0: RTT:0: ssthresh:2147483647: cwnd:10: delivered:0: lost:0: retrans:0
[  247.675561] AAAAA-TCP_SEND: name:enp0s3: saddr:100932208: daddr:16783984: srtt_us:2774640: RTT:346830: ssthresh:2147483647: cwnd:10: delivered:1: lost:0: retrans:0
[  247.675715] AAAAA-TCP_SEND: name:enp0s3: saddr:100932208: daddr:16783984: srtt_us:2774640: RTT:346830: ssthresh:2147483647: cwnd:10: delivered:1: lost:0: retrans:0
[  247.787109] AAAAA-TCP_RECV: name:enp0s3: saddr:16783984: daddr:100932208: srtt_us:2774640: RTT:346830: ssthresh:2147483647: cwnd:10: delivered:1: lost:0: retrans:0
[  247.916408] AAAAA-TCP_RECV: name:enp0s3: saddr:16783984: daddr:100932208: srtt_us:2774640: RTT:346830: ssthresh:2147483647: cwnd:10: delivered:1: lost:0: retrans:0
[  247.916490] AAAAA-TCP_SEND: name:enp0s3: saddr:100932208: daddr:33561200: srtt_us:0: RTT:0: ssthresh:2147483647: cwnd:10: delivered:0: lost:0: retrans:0
[  248.040389] AAAAA-TCP_RECV: name:enp0s3: saddr:33561200: daddr:100932208: srtt_us:3212884: RTT:401610: ssthresh:2147483647: cwnd:10: delivered:2: lost:0: retrans:0
[  248.040410] AAAAA-TCP_SEND: name:enp0s3: saddr:100932208: daddr:33561200: srtt_us:3212884: RTT:401610: ssthresh:2147483647: cwnd:10: delivered:2: lost:0: retrans:0
[  248.114115] AAAAA-TCP_RECV: name:enp0s3: saddr:33561200: daddr:100932208: srtt_us:0: RTT:0: ssthresh:2147483647: cwnd:10: delivered:0: lost:0: retrans:0
[  248.114143] AAAAA-TCP_SEND: name:enp0s3: saddr:100932208: daddr:33561200: srtt_us:1581080: RTT:197635: ssthresh:2147483647: cwnd:10: delivered:1: lost:0: retrans:0
[  248.184573] AAAAA-TCP_RECV: name:enp0s3: saddr:33561200: daddr:100932208: srtt_us:3212884: RTT:401610: ssthresh:2147483647: cwnd:10: delivered:2: lost:0: retrans:0
[  248.184586] AAAAA-TCP_SEND: name:enp0s3: saddr:100932208: daddr:33561200: srtt_us:3212884: RTT:401610: ssthresh:2147483647: cwnd:10: delivered:2: lost:0: retrans:0
[  248.184727] AAAAA-TCP_SEND: name:enp0s3: saddr:100932208: daddr:16783984: srtt_us:2668509: RTT:333563: ssthresh:2147483647: cwnd:10: delivered:2: lost:0: retrans:0
[  248.184749] AAAAA-TCP_SEND: name:enp0s3: saddr:100932208: daddr:16783984: srtt_us:2668509: RTT:333563: ssthresh:2147483647: cwnd:10: delivered:2: lost:0: retrans:0
[  248.184808] AAAAA-TCP_SEND: name:enp0s3: saddr:100932208: daddr:16783984: srtt_us:2668509: RTT:333563: ssthresh:2147483647: cwnd:10: delivered:2: lost:0: retrans:0
[  248.184826] AAAAA-TCP_SEND: name:enp0s3: saddr:100932208: daddr:16783984: srtt_us:2668509: RTT:333563: ssthresh:2147483647: cwnd:10: delivered:2: lost:0: retrans:0
[  248.184884] AAAAA-TCP_SEND: name:enp0s3: saddr:100932208: daddr:16783984: srtt_us:2668509: RTT:333563: ssthresh:2147483647: cwnd:10: delivered:2: lost:0: retrans:0
[  248.184899] AAAAA-TCP_SEND: name:enp0s3: saddr:100932208: daddr:16783984: srtt_us:2668509: RTT:333563: ssthresh:2147483647: cwnd:10: delivered:2: lost:0: retrans:0
[  248.184956] AAAAA-TCP_SEND: name:enp0s3: saddr:100932208: daddr:16783984: srtt_us:2668509: RTT:333563: ssthresh:2147483647: cwnd:10: delivered:2: lost:0: retrans:0
[  248.185015] AAAAA-TCP_SEND: name:enp0s3: saddr:100932208: daddr:16783984: srtt_us:2668509: RTT:333563: ssthresh:2147483647: cwnd:10: delivered:2: lost:0: retrans:0
[  248.185032] AAAAA-TCP_SEND: name:enp0s3: saddr:100932208: daddr:16783984: srtt_us:2668509: RTT:333563: ssthresh:2147483647: cwnd:10: delivered:2: lost:0: retrans:0
[  248.185088] AAAAA-TCP_SEND: name:enp0s3: saddr:100932208: daddr:16783984: srtt_us:2668509: RTT:333563: ssthresh:2147483647: cwnd:10: delivered:2: lost:0: retrans:0
[  248.297076] AAAAA-TCP_RECV: name:enp0s3: saddr:33561200: daddr:100932208: srtt_us:1581080: RTT:197635: ssthresh:2147483647: cwnd:10: delivered:1: lost:0: retrans:0
[  248.297130] AAAAA-TCP_SEND: name:enp0s3: saddr:100932208: daddr:33561200: srtt_us:1581080: RTT:197635: ssthresh:2147483647: cwnd:10: delivered:1: lost:0: retrans:0
[  248.297159] AAAAA-TCP_SEND: name:enp0s3: saddr:100932208: daddr:33561200: srtt_us:1581080: RTT:197635: ssthresh:2147483647: cwnd:10: delivered:1: lost:0: retrans:0
[  248.298081] AAAAA-TCP_SEND: name:enp0s3: saddr:100932208: daddr:33561200: srtt_us:1581080: RTT:197635: ssthresh:2147483647: cwnd:10: delivered:1: lost:0: retrans:0
[  248.298102] AAAAA-TCP_SEND: name:enp0s3: saddr:100932208: daddr:33561200: srtt_us:1581080: RTT:197635: ssthresh:2147483647: cwnd:10: delivered:1: lost:0: retrans:0
[  248.298197] AAAAA-TCP_SEND: name:enp0s3: saddr:100932208: daddr:33561200: srtt_us:1581080: RTT:197635: ssthresh:2147483647: cwnd:10: delivered:1: lost:0: retrans:0
[  248.298211] AAAAA-TCP_SEND: name:enp0s3: saddr:100932208: daddr:33561200: srtt_us:1581080: RTT:197635: ssthresh:2147483647: cwnd:10: delivered:1: lost:0: retrans:0
[  248.298300] AAAAA-TCP_SEND: name:enp0s3: saddr:100932208: daddr:33561200: srtt_us:1581080: RTT:197635: ssthresh:2147483647: cwnd:10: delivered:1: lost:0: retrans:0
[  248.298313] AAAAA-TCP_SEND: name:enp0s3: saddr:100932208: daddr:33561200: srtt_us:1581080: RTT:197635: ssthresh:2147483647: cwnd:10: delivered:1: lost:0: retrans:0
[  248.298399] AAAAA-TCP_SEND: name:enp0s3: saddr:100932208: daddr:33561200: srtt_us:1581080: RTT:197635: ssthresh:2147483647: cwnd:10: delivered:1: lost:0: retrans:0
[  248.298415] AAAAA-TCP_SEND: name:enp0s3: saddr:100932208: daddr:33561200: srtt_us:1581080: RTT:197635: ssthresh:2147483647: cwnd:10: delivered:1: lost:0: retrans:0
[  248.411160] AAAAA-TCP_RECV: name:enp0s3: saddr:16783984: daddr:100932208: srtt_us:2668509: RTT:333563: ssthresh:2147483647: cwnd:10: delivered:2: lost:0: retrans:0
[  248.411205] AAAAA-TCP_SEND: name:enp0s3: saddr:100932208: daddr:16783984: srtt_us:2561399: RTT:320174: ssthresh:2147483647: cwnd:11: delivered:3: lost:0: retrans:0
[  248.411229] AAAAA-TCP_SEND: name:enp0s3: saddr:100932208: daddr:16783984: srtt_us:2561399: RTT:320174: ssthresh:2147483647: cwnd:11: delivered:3: lost:0: retrans:0
[  248.495836] AAAAA-TCP_RECV: name:enp0s3: saddr:16783984: daddr:100932208: srtt_us:2561399: RTT:320174: ssthresh:2147483647: cwnd:11: delivered:3: lost:0: retrans:0
[  248.495863] AAAAA-TCP_SEND: name:enp0s3: saddr:100932208: daddr:16783984: srtt_us:2552316: RTT:319039: ssthresh:2147483647: cwnd:12: delivered:4: lost:0: retrans:0
[  248.495881] AAAAA-TCP_SEND: name:enp0s3: saddr:100932208: daddr:16783984: srtt_us:2552316: RTT:319039: ssthresh:2147483647: cwnd:12: delivered:4: lost:0: retrans:0
[  248.723123] AAAAA-TCP_SEND: name:enp0s3: saddr:100932208: daddr:33561200: srtt_us:1581080: RTT:197635: ssthresh:2147483647: cwnd:10: delivered:1: lost:0: retrans:1
[  249.171129] AAAAA-TCP_SEND: name:enp0s3: saddr:100932208: daddr:16783984: srtt_us:2552316: RTT:319039: ssthresh:2147483647: cwnd:12: delivered:4: lost:0: retrans:1
[  249.331120] AAAAA-TCP_SEND: name:enp0s3: saddr:100932208: daddr:33561200: srtt_us:1581080: RTT:197635: ssthresh:7: cwnd:1: delivered:1: lost:10: retrans:2
[  249.357783] AAAAA-TCP_RECV: name:enp0s3: saddr:16783984: daddr:100932208: srtt_us:2552316: RTT:319039: ssthresh:2147483647: cwnd:12: delivered:4: lost:0: retrans:1
[  249.357838] AAAAA-TCP_SEND: name:enp0s3: saddr:100932208: daddr:16783984: srtt_us:3406268: RTT:425783: ssthresh:2147483647: cwnd:17: delivered:9: lost:0: retrans:1
[  249.357860] AAAAA-TCP_SEND: name:enp0s3: saddr:100932208: daddr:16783984: srtt_us:3406268: RTT:425783: ssthresh:2147483647: cwnd:17: delivered:9: lost:0: retrans:1
[  249.358507] AAAAA-TCP_SEND: name:enp0s3: saddr:100932208: daddr:16783984: srtt_us:3406268: RTT:425783: ssthresh:2147483647: cwnd:17: delivered:9: lost:0: retrans:1
[  249.358525] AAAAA-TCP_SEND: name:enp0s3: saddr:100932208: daddr:16783984: srtt_us:3406268: RTT:425783: ssthresh:2147483647: cwnd:17: delivered:9: lost:0: retrans:1
[  249.358619] AAAAA-TCP_SEND: name:enp0s3: saddr:100932208: daddr:16783984: srtt_us:3406268: RTT:425783: ssthresh:2147483647: cwnd:17: delivered:9: lost:0: retrans:1
[  249.358632] AAAAA-TCP_SEND: name:enp0s3: saddr:100932208: daddr:16783984: srtt_us:3406268: RTT:425783: ssthresh:2147483647: cwnd:17: delivered:9: lost:0: retrans:1
[  249.358730] AAAAA-TCP_SEND: name:enp0s3: saddr:100932208: daddr:16783984: srtt_us:3406268: RTT:425783: ssthresh:2147483647: cwnd:17: delivered:9: lost:0: retrans:1
[  249.358743] AAAAA-TCP_SEND: name:enp0s3: saddr:100932208: daddr:16783984: srtt_us:3406268: RTT:425783: ssthresh:2147483647: cwnd:17: delivered:9: lost:0: retrans:1
[  249.358825] AAAAA-TCP_SEND: name:enp0s3: saddr:100932208: daddr:16783984: srtt_us:3406268: RTT:425783: ssthresh:2147483647: cwnd:17: delivered:9: lost:0: retrans:1
[  249.358838] AAAAA-TCP_SEND: name:enp0s3: saddr:100932208: daddr:16783984: srtt_us:3406268: RTT:425783: ssthresh:2147483647: cwnd:17: delivered:9: lost:0: retrans:1
[  249.675134] AAAAA-TCP_RECV: name:enp0s3: saddr:16783984: daddr:100932208: srtt_us:3406268: RTT:425783: ssthresh:2147483647: cwnd:17: delivered:9: lost:0: retrans:1
[  249.675159] AAAAA-TCP_SEND: name:enp0s3: saddr:100932208: daddr:16783984: srtt_us:3406268: RTT:425783: ssthresh:2147483647: cwnd:17: delivered:9: lost:0: retrans:1
[  249.729939] AAAAA-TCP_RECV: name:enp0s3: saddr:16783984: daddr:100932208: srtt_us:3406268: RTT:425783: ssthresh:2147483647: cwnd:17: delivered:9: lost:0: retrans:1
[  249.819118] AAAAA-TCP_SEND: name:enp0s3: saddr:100932208: daddr:16783984: srtt_us:3406268: RTT:425783: ssthresh:11: cwnd:12: delivered:9: lost:6: retrans:2
[  249.890218] AAAAA-TCP_RECV: name:enp0s3: saddr:16783984: daddr:100932208: srtt_us:3406268: RTT:425783: ssthresh:11: cwnd:12: delivered:9: lost:6: retrans:2
[  250.008373] AAAAA-TCP_RECV: name:enp0s3: saddr:16783984: daddr:100932208: srtt_us:3406268: RTT:425783: ssthresh:11: cwnd:12: delivered:9: lost:6: retrans:2
[  250.180938] AAAAA-TCP_RECV: name:enp0s3: saddr:16783984: daddr:100932208: srtt_us:3406268: RTT:425783: ssthresh:11: cwnd:12: delivered:9: lost:6: retrans:2
[  250.180995] AAAAA-TCP_SEND: name:enp0s3: saddr:100932208: daddr:16783984: srtt_us:4976485: RTT:622060: ssthresh:2147483647: cwnd:18: delivered:10: lost:6: retrans:2
[  250.181024] AAAAA-TCP_SEND: name:enp0s3: saddr:100932208: daddr:16783984: srtt_us:4976485: RTT:622060: ssthresh:2147483647: cwnd:18: delivered:10: lost:6: retrans:2
[  250.429859] AAAAA-TCP_RECV: name:enp0s3: saddr:16783984: daddr:100932208: srtt_us:4976485: RTT:622060: ssthresh:2147483647: cwnd:18: delivered:10: lost:6: retrans:2
[  250.429910] AAAAA-TCP_SEND: name:enp0s3: saddr:100932208: daddr:16783984: srtt_us:6599271: RTT:824908: ssthresh:2147483647: cwnd:19: delivered:11: lost:6: retrans:2
[  250.429936] AAAAA-TCP_SEND: name:enp0s3: saddr:100932208: daddr:16783984: srtt_us:6599271: RTT:824908: ssthresh:2147483647: cwnd:19: delivered:11: lost:6: retrans:2
[  250.547119] AAAAA-TCP_SEND: name:enp0s3: saddr:100932208: daddr:33561200: srtt_us:1581080: RTT:197635: ssthresh:7: cwnd:1: delivered:1: lost:11: retrans:3
[  250.651513] AAAAA-TCP_RECV: name:enp0s3: saddr:16783984: daddr:100932208: srtt_us:6599271: RTT:824908: ssthresh:2147483647: cwnd:19: delivered:11: lost:6: retrans:2
[  250.651552] AAAAA-TCP_SEND: name:enp0s3: saddr:100932208: daddr:16783984: srtt_us:8240805: RTT:1030100: ssthresh:2147483647: cwnd:20: delivered:12: lost:6: retrans:2
[  250.651578] AAAAA-TCP_SEND: name:enp0s3: saddr:100932208: daddr:16783984: srtt_us:8240805: RTT:1030100: ssthresh:2147483647: cwnd:20: delivered:12: lost:6: retrans:2
[  250.876549] AAAAA-TCP_RECV: name:enp0s3: saddr:33561200: daddr:100932208: srtt_us:1581080: RTT:197635: ssthresh:7: cwnd:1: delivered:1: lost:11: retrans:3
[  250.876593] AAAAA-TCP_SEND: name:enp0s3: saddr:100932208: daddr:33561200: srtt_us:3962445: RTT:495305: ssthresh:2147483647: cwnd:11: delivered:2: lost:11: retrans:3
[  250.876618] AAAAA-TCP_SEND: name:enp0s3: saddr:100932208: daddr:33561200: srtt_us:3962445: RTT:495305: ssthresh:2147483647: cwnd:11: delivered:2: lost:11: retrans:3
[  251.036346] AAAAA-TCP_RECV: name:enp0s3: saddr:33561200: daddr:100932208: srtt_us:3962445: RTT:495305: ssthresh:2147483647: cwnd:11: delivered:2: lost:11: retrans:3
[  251.036380] AAAAA-TCP_SEND: name:enp0s3: saddr:100932208: daddr:33561200: srtt_us:6206379: RTT:775797: ssthresh:2147483647: cwnd:12: delivered:3: lost:11: retrans:3
[  251.036406] AAAAA-TCP_SEND: name:enp0s3: saddr:100932208: daddr:33561200: srtt_us:6206379: RTT:775797: ssthresh:2147483647: cwnd:12: delivered:3: lost:11: retrans:3
[  251.439131] AAAAA-TCP_RECV: name:enp0s3: saddr:33561200: daddr:100932208: srtt_us:6206379: RTT:775797: ssthresh:2147483647: cwnd:12: delivered:3: lost:11: retrans:3
[  251.439176] AAAAA-TCP_SEND: name:enp0s3: saddr:100932208: daddr:33561200: srtt_us:8571654: RTT:1071456: ssthresh:2147483647: cwnd:13: delivered:4: lost:11: retrans:3
[  251.439201] AAAAA-TCP_SEND: name:enp0s3: saddr:100932208: daddr:33561200: srtt_us:8571654: RTT:1071456: ssthresh:2147483647: cwnd:13: delivered:4: lost:11: retrans:3
[  251.597054] AAAAA-TCP_RECV: name:enp0s3: saddr:33561200: daddr:100932208: srtt_us:8571654: RTT:1071456: ssthresh:2147483647: cwnd:13: delivered:4: lost:11: retrans:3
[  251.597098] AAAAA-TCP_SEND: name:enp0s3: saddr:100932208: daddr:33561200: srtt_us:10799194: RTT:1349899: ssthresh:2147483647: cwnd:14: delivered:5: lost:11: retrans:3
[  251.597124] AAAAA-TCP_SEND: name:enp0s3: saddr:100932208: daddr:33561200: srtt_us:10799194: RTT:1349899: ssthresh:2147483647: cwnd:14: delivered:5: lost:11: retrans:3
[  251.791220] AAAAA-TCP_RECV: name:enp0s3: saddr:33561200: daddr:100932208: srtt_us:10799194: RTT:1349899: ssthresh:2147483647: cwnd:14: delivered:5: lost:11: retrans:3
[  251.791245] AAAAA-TCP_SEND: name:enp0s3: saddr:100932208: daddr:33561200: srtt_us:12942322: RTT:1617790: ssthresh:2147483647: cwnd:15: delivered:6: lost:11: retrans:3
[  251.791263] AAAAA-TCP_SEND: name:enp0s3: saddr:100932208: daddr:33561200: srtt_us:12942322: RTT:1617790: ssthresh:2147483647: cwnd:15: delivered:6: lost:11: retrans:3
[  251.971969] AAAAA-TCP_RECV: name:enp0s3: saddr:33561200: daddr:100932208: srtt_us:12942322: RTT:1617790: ssthresh:2147483647: cwnd:15: delivered:6: lost:11: retrans:3
[  251.972007] AAAAA-TCP_SEND: name:enp0s3: saddr:100932208: daddr:33561200: srtt_us:14998322: RTT:1874790: ssthresh:2147483647: cwnd:16: delivered:7: lost:11: retrans:3
[  251.972030] AAAAA-TCP_SEND: name:enp0s3: saddr:100932208: daddr:33561200: srtt_us:14998322: RTT:1874790: ssthresh:2147483647: cwnd:16: delivered:7: lost:11: retrans:3
[  252.183713] AAAAA-TCP_RECV: name:enp0s3: saddr:33561200: daddr:100932208: srtt_us:14998322: RTT:1874790: ssthresh:2147483647: cwnd:16: delivered:7: lost:11: retrans:3
[  252.183754] AAAAA-TCP_SEND: name:enp0s3: saddr:100932208: daddr:33561200: srtt_us:17008963: RTT:2126120: ssthresh:2147483647: cwnd:17: delivered:8: lost:11: retrans:3
[  252.183780] AAAAA-TCP_SEND: name:enp0s3: saddr:100932208: daddr:33561200: srtt_us:17008963: RTT:2126120: ssthresh:2147483647: cwnd:17: delivered:8: lost:11: retrans:3
[  252.240218] AAAAA-TCP_RECV: name:enp0s3: saddr:33561200: daddr:100932208: srtt_us:17008963: RTT:2126120: ssthresh:2147483647: cwnd:17: delivered:8: lost:11: retrans:3
[  252.240251] AAAAA-TCP_SEND: name:enp0s3: saddr:100932208: daddr:33561200: srtt_us:18824777: RTT:2353097: ssthresh:2147483647: cwnd:18: delivered:9: lost:11: retrans:3
[  252.240274] AAAAA-TCP_SEND: name:enp0s3: saddr:100932208: daddr:33561200: srtt_us:18824777: RTT:2353097: ssthresh:2147483647: cwnd:18: delivered:9: lost:11: retrans:3
[  252.538298] AAAAA-TCP_RECV: name:enp0s3: saddr:33561200: daddr:100932208: srtt_us:18824777: RTT:2353097: ssthresh:2147483647: cwnd:18: delivered:9: lost:11: retrans:3
[  252.538337] AAAAA-TCP_SEND: name:enp0s3: saddr:100932208: daddr:33561200: srtt_us:20711597: RTT:2588949: ssthresh:2147483647: cwnd:19: delivered:10: lost:11: retrans:3
[  252.538363] AAAAA-TCP_SEND: name:enp0s3: saddr:100932208: daddr:33561200: srtt_us:20711597: RTT:2588949: ssthresh:2147483647: cwnd:19: delivered:10: lost:11: retrans:3
[  252.774905] AAAAA-TCP_RECV: name:enp0s3: saddr:33561200: daddr:100932208: srtt_us:20711597: RTT:2588949: ssthresh:2147483647: cwnd:19: delivered:10: lost:11: retrans:3
[  252.774955] AAAAA-TCP_SEND: name:enp0s3: saddr:100932208: daddr:33561200: srtt_us:22598648: RTT:2824831: ssthresh:2147483647: cwnd:20: delivered:11: lost:11: retrans:3
[  252.775054] AAAAA-TCP_SEND: name:enp0s3: saddr:100932208: daddr:33561200: srtt_us:22598648: RTT:2824831: ssthresh:2147483647: cwnd:20: delivered:11: lost:11: retrans:3
[  252.787117] AAAAA-TCP_SEND: name:enp0s3: saddr:100932208: daddr:16783984: srtt_us:8240805: RTT:1030100: ssthresh:2147483647: cwnd:20: delivered:12: lost:6: retrans:3
[  252.883602] AAAAA-TCP_RECV: name:enp0s3: saddr:16783984: daddr:100932208: srtt_us:8240805: RTT:1030100: ssthresh:2147483647: cwnd:20: delivered:12: lost:6: retrans:3
[  252.883635] AAAAA-TCP_SEND: name:enp0s3: saddr:100932208: daddr:16783984: srtt_us:11683121: RTT:1460390: ssthresh:2147483647: cwnd:21: delivered:13: lost:6: retrans:3
[  252.883658] AAAAA-TCP_SEND: name:enp0s3: saddr:100932208: daddr:16783984: srtt_us:11683121: RTT:1460390: ssthresh:2147483647: cwnd:21: delivered:13: lost:6: retrans:3
[  252.946108] AAAAA-TCP_RECV: name:enp0s3: saddr:16783984: daddr:100932208: srtt_us:11683121: RTT:1460390: ssthresh:2147483647: cwnd:21: delivered:13: lost:6: retrans:3
[  252.946143] AAAAA-TCP_SEND: name:enp0s3: saddr:100932208: daddr:16783984: srtt_us:14757654: RTT:1844706: ssthresh:2147483647: cwnd:22: delivered:14: lost:6: retrans:3
[  252.946170] AAAAA-TCP_SEND: name:enp0s3: saddr:100932208: daddr:16783984: srtt_us:14757654: RTT:1844706: ssthresh:2147483647: cwnd:22: delivered:14: lost:6: retrans:3
[  253.000471] AAAAA-TCP_RECV: name:enp0s3: saddr:16783984: daddr:100932208: srtt_us:14757654: RTT:1844706: ssthresh:2147483647: cwnd:22: delivered:14: lost:6: retrans:3
[  253.000504] AAAAA-TCP_SEND: name:enp0s3: saddr:100932208: daddr:16783984: srtt_us:17417574: RTT:2177196: ssthresh:2147483647: cwnd:23: delivered:15: lost:6: retrans:3
[  253.000529] AAAAA-TCP_SEND: name:enp0s3: saddr:100932208: daddr:16783984: srtt_us:17417574: RTT:2177196: ssthresh:2147483647: cwnd:23: delivered:15: lost:6: retrans:3
[  253.226459] AAAAA-TCP_RECV: name:enp0s3: saddr:16783984: daddr:100932208: srtt_us:17417574: RTT:2177196: ssthresh:2147483647: cwnd:23: delivered:15: lost:6: retrans:3
[  253.226506] AAAAA-TCP_SEND: name:enp0s3: saddr:100932208: daddr:16783984: srtt_us:19971378: RTT:2496422: ssthresh:2147483647: cwnd:24: delivered:16: lost:6: retrans:3
[  253.226533] AAAAA-TCP_SEND: name:enp0s3: saddr:100932208: daddr:16783984: srtt_us:19971378: RTT:2496422: ssthresh:2147483647: cwnd:24: delivered:16: lost:6: retrans:3
[  253.412163] AAAAA-TCP_RECV: name:enp0s3: saddr:33561200: daddr:100932208: srtt_us:22598648: RTT:2824831: ssthresh:2147483647: cwnd:20: delivered:11: lost:11: retrans:3
[  253.552162] AAAAA-TCP_RECV: name:enp0s3: saddr:16783984: daddr:100932208: srtt_us:19971378: RTT:2496422: ssthresh:2147483647: cwnd:24: delivered:16: lost:6: retrans:3
[  253.581210] AAAAA-TCP_RECV: name:enp0s3: saddr:33561200: daddr:100932208: srtt_us:22598648: RTT:2824831: ssthresh:2147483647: cwnd:20: delivered:12: lost:11: retrans:3
[  253.753542] AAAAA-TCP_RECV: name:enp0s3: saddr:16783984: daddr:100932208: srtt_us:19971378: RTT:2496422: ssthresh:2147483647: cwnd:24: delivered:17: lost:6: retrans:3
[  253.753582] AAAAA-TCP_SEND: name:enp0s3: saddr:100932208: daddr:16783984: srtt_us:21870679: RTT:2733834: ssthresh:2147483647: cwnd:25: delivered:18: lost:6: retrans:3
[  253.753610] AAAAA-TCP_SEND: name:enp0s3: saddr:100932208: daddr:16783984: srtt_us:21870679: RTT:2733834: ssthresh:2147483647: cwnd:25: delivered:18: lost:6: retrans:3
[  253.872358] AAAAA-TCP_RECV: name:enp0s3: saddr:16783984: daddr:100932208: srtt_us:21870679: RTT:2733834: ssthresh:2147483647: cwnd:25: delivered:18: lost:6: retrans:3
[  253.872380] AAAAA-TCP_SEND: name:enp0s3: saddr:100932208: daddr:16783984: srtt_us:23651371: RTT:2956421: ssthresh:2147483647: cwnd:26: delivered:19: lost:6: retrans:3
[  253.872400] AAAAA-TCP_SEND: name:enp0s3: saddr:100932208: daddr:16783984: srtt_us:23651371: RTT:2956421: ssthresh:2147483647: cwnd:26: delivered:19: lost:6: retrans:3
[  254.121292] AAAAA-TCP_RECV: name:enp0s3: saddr:16783984: daddr:100932208: srtt_us:23651371: RTT:2956421: ssthresh:2147483647: cwnd:26: delivered:19: lost:6: retrans:3
[  254.121330] AAAAA-TCP_SEND: name:enp0s3: saddr:100932208: daddr:16783984: srtt_us:25457754: RTT:3182219: ssthresh:26: cwnd:26: delivered:20: lost:6: retrans:3
[  254.208412] AAAAA-TCP_RECV: name:enp0s3: saddr:16783984: daddr:100932208: srtt_us:25457754: RTT:3182219: ssthresh:26: cwnd:26: delivered:20: lost:6: retrans:3
[  254.208447] AAAAA-TCP_SEND: name:enp0s3: saddr:100932208: daddr:16783984: srtt_us:27125458: RTT:3390682: ssthresh:26: cwnd:26: delivered:21: lost:6: retrans:3
[  254.311904] AAAAA-TCP_RECV: name:enp0s3: saddr:16783984: daddr:100932208: srtt_us:27125458: RTT:3390682: ssthresh:26: cwnd:26: delivered:21: lost:6: retrans:3
[  254.311936] AAAAA-TCP_SEND: name:enp0s3: saddr:100932208: daddr:16783984: srtt_us:28688077: RTT:3586009: ssthresh:26: cwnd:26: delivered:22: lost:6: retrans:3
[  254.486524] AAAAA-TCP_RECV: name:enp0s3: saddr:16783984: daddr:100932208: srtt_us:28688077: RTT:3586009: ssthresh:26: cwnd:26: delivered:22: lost:6: retrans:3
[  254.486558] AAAAA-TCP_SEND: name:enp0s3: saddr:100932208: daddr:16783984: srtt_us:30229991: RTT:3778748: ssthresh:26: cwnd:26: delivered:23: lost:6: retrans:3
[  254.610156] AAAAA-TCP_RECV: name:enp0s3: saddr:16783984: daddr:100932208: srtt_us:30229991: RTT:3778748: ssthresh:26: cwnd:26: delivered:23: lost:6: retrans:3
[  254.610193] AAAAA-TCP_SEND: name:enp0s3: saddr:100932208: daddr:16783984: srtt_us:31702686: RTT:3962835: ssthresh:26: cwnd:27: delivered:24: lost:6: retrans:3
[  254.610215] AAAAA-TCP_SEND: name:enp0s3: saddr:100932208: daddr:16783984: srtt_us:31702686: RTT:3962835: ssthresh:26: cwnd:27: delivered:24: lost:6: retrans:3
[  254.677662] AAAAA-TCP_RECV: name:enp0s3: saddr:16783984: daddr:100932208: srtt_us:31702686: RTT:3962835: ssthresh:26: cwnd:27: delivered:24: lost:6: retrans:3
[  254.677706] AAAAA-TCP_SEND: name:enp0s3: saddr:100932208: daddr:16783984: srtt_us:33058814: RTT:4132351: ssthresh:26: cwnd:27: delivered:25: lost:6: retrans:3
[  254.817381] AAAAA-TCP_RECV: name:enp0s3: saddr:16783984: daddr:100932208: srtt_us:33058814: RTT:4132351: ssthresh:26: cwnd:27: delivered:25: lost:6: retrans:3
[  254.817413] AAAAA-TCP_SEND: name:enp0s3: saddr:100932208: daddr:16783984: srtt_us:34385035: RTT:4298129: ssthresh:26: cwnd:27: delivered:26: lost:6: retrans:3
[  254.969789] AAAAA-TCP_RECV: name:enp0s3: saddr:16783984: daddr:100932208: srtt_us:34385035: RTT:4298129: ssthresh:26: cwnd:27: delivered:26: lost:6: retrans:3
[  254.969826] AAAAA-TCP_SEND: name:enp0s3: saddr:100932208: daddr:16783984: srtt_us:35697886: RTT:4462235: ssthresh:26: cwnd:28: delivered:27: lost:6: retrans:3
[  254.969849] AAAAA-TCP_SEND: name:enp0s3: saddr:100932208: daddr:16783984: srtt_us:35697886: RTT:4462235: ssthresh:26: cwnd:28: delivered:27: lost:6: retrans:3
[  255.080987] AAAAA-TCP_RECV: name:enp0s3: saddr:16783984: daddr:100932208: srtt_us:35697886: RTT:4462235: ssthresh:26: cwnd:28: delivered:27: lost:6: retrans:3
[  255.130788] AAAAA-TCP_RECV: name:enp0s3: saddr:16783984: daddr:100932208: srtt_us:35697886: RTT:4462235: ssthresh:26: cwnd:28: delivered:28: lost:6: retrans:3
[  255.130823] AAAAA-TCP_SEND: name:enp0s3: saddr:100932208: daddr:16783984: srtt_us:36185467: RTT:4523183: ssthresh:26: cwnd:28: delivered:29: lost:6: retrans:3
[  255.174217] AAAAA-TCP_RECV: name:enp0s3: saddr:16783984: daddr:100932208: srtt_us:36185467: RTT:4523183: ssthresh:26: cwnd:28: delivered:29: lost:6: retrans:3
[  255.174265] AAAAA-TCP_SEND: name:enp0s3: saddr:100932208: daddr:16783984: srtt_us:36655543: RTT:4581942: ssthresh:26: cwnd:29: delivered:30: lost:6: retrans:3
[  255.174318] AAAAA-TCP_SEND: name:enp0s3: saddr:100932208: daddr:16783984: srtt_us:36655543: RTT:4581942: ssthresh:26: cwnd:29: delivered:30: lost:6: retrans:3
[  255.263897] AAAAA-TCP_RECV: name:enp0s3: saddr:16783984: daddr:100932208: srtt_us:36655543: RTT:4581942: ssthresh:26: cwnd:29: delivered:30: lost:6: retrans:3
[  255.263926] AAAAA-TCP_SEND: name:enp0s3: saddr:100932208: daddr:16783984: srtt_us:36907608: RTT:4613451: ssthresh:26: cwnd:29: delivered:31: lost:6: retrans:3
[  255.306253] AAAAA-TCP_RECV: name:enp0s3: saddr:16783984: daddr:100932208: srtt_us:36907608: RTT:4613451: ssthresh:26: cwnd:29: delivered:31: lost:6: retrans:3
[  255.306282] AAAAA-TCP_SEND: name:enp0s3: saddr:100932208: daddr:16783984: srtt_us:37170520: RTT:4646315: ssthresh:26: cwnd:29: delivered:32: lost:6: retrans:3
[  255.450841] AAAAA-TCP_RECV: name:enp0s3: saddr:33561200: daddr:100932208: srtt_us:22598648: RTT:2824831: ssthresh:2147483647: cwnd:20: delivered:13: lost:11: retrans:3
[  255.548398] AAAAA-TCP_RECV: name:enp0s3: saddr:16783984: daddr:100932208: srtt_us:37170520: RTT:4646315: ssthresh:26: cwnd:29: delivered:32: lost:6: retrans:3
[  255.548431] AAAAA-TCP_SEND: name:enp0s3: saddr:100932208: daddr:16783984: srtt_us:37421068: RTT:4677633: ssthresh:26: cwnd:30: delivered:33: lost:6: retrans:3
[  255.548455] AAAAA-TCP_SEND: name:enp0s3: saddr:100932208: daddr:16783984: srtt_us:37421068: RTT:4677633: ssthresh:26: cwnd:30: delivered:33: lost:6: retrans:3
[  255.665076] AAAAA-TCP_RECV: name:enp0s3: saddr:16783984: daddr:100932208: srtt_us:37421068: RTT:4677633: ssthresh:26: cwnd:30: delivered:33: lost:6: retrans:3
[  255.665101] AAAAA-TCP_SEND: name:enp0s3: saddr:100932208: daddr:16783984: srtt_us:37756435: RTT:4719554: ssthresh:26: cwnd:31: delivered:34: lost:6: retrans:3
[  255.665123] AAAAA-TCP_SEND: name:enp0s3: saddr:100932208: daddr:16783984: srtt_us:37756435: RTT:4719554: ssthresh:26: cwnd:31: delivered:34: lost:6: retrans:3
[  255.800512] AAAAA-TCP_RECV: name:enp0s3: saddr:33561200: daddr:100932208: srtt_us:22598648: RTT:2824831: ssthresh:2147483647: cwnd:20: delivered:14: lost:11: retrans:3
[  255.800546] AAAAA-TCP_SEND: name:enp0s3: saddr:100932208: daddr:33561200: srtt_us:24697755: RTT:3087219: ssthresh:2147483647: cwnd:21: delivered:15: lost:11: retrans:3
[  255.800570] AAAAA-TCP_SEND: name:enp0s3: saddr:100932208: daddr:33561200: srtt_us:24697755: RTT:3087219: ssthresh:2147483647: cwnd:21: delivered:15: lost:11: retrans:3
[  255.918433] AAAAA-TCP_RECV: name:enp0s3: saddr:33561200: daddr:100932208: srtt_us:24697755: RTT:3087219: ssthresh:2147483647: cwnd:21: delivered:15: lost:11: retrans:3
[  255.918465] AAAAA-TCP_SEND: name:enp0s3: saddr:100932208: daddr:33561200: srtt_us:26652395: RTT:3331549: ssthresh:2147483647: cwnd:22: delivered:16: lost:11: retrans:3
[  255.918490] AAAAA-TCP_SEND: name:enp0s3: saddr:100932208: daddr:33561200: srtt_us:26652395: RTT:3331549: ssthresh:2147483647: cwnd:22: delivered:16: lost:11: retrans:3
[  256.120286] AAAAA-TCP_RECV: name:enp0s3: saddr:33561200: daddr:100932208: srtt_us:26652395: RTT:3331549: ssthresh:2147483647: cwnd:22: delivered:16: lost:11: retrans:3
[  256.120326] AAAAA-TCP_SEND: name:enp0s3: saddr:100932208: daddr:33561200: srtt_us:28404772: RTT:3550596: ssthresh:2147483647: cwnd:23: delivered:17: lost:11: retrans:3
[  256.120373] AAAAA-TCP_SEND: name:enp0s3: saddr:100932208: daddr:33561200: srtt_us:28404772: RTT:3550596: ssthresh:2147483647: cwnd:23: delivered:17: lost:11: retrans:3
[  256.153983] AAAAA-TCP_RECV: name:enp0s3: saddr:33561200: daddr:100932208: srtt_us:28404772: RTT:3550596: ssthresh:2147483647: cwnd:23: delivered:17: lost:11: retrans:3
[  256.154016] AAAAA-TCP_SEND: name:enp0s3: saddr:100932208: daddr:33561200: srtt_us:29971797: RTT:3746474: ssthresh:2147483647: cwnd:24: delivered:18: lost:11: retrans:3
[  256.154038] AAAAA-TCP_SEND: name:enp0s3: saddr:100932208: daddr:33561200: srtt_us:29971797: RTT:3746474: ssthresh:2147483647: cwnd:24: delivered:18: lost:11: retrans:3
[  256.322634] AAAAA-TCP_RECV: name:enp0s3: saddr:33561200: daddr:100932208: srtt_us:29971797: RTT:3746474: ssthresh:2147483647: cwnd:24: delivered:18: lost:11: retrans:3
[  256.322675] AAAAA-TCP_SEND: name:enp0s3: saddr:100932208: daddr:33561200: srtt_us:31108805: RTT:3888600: ssthresh:2147483647: cwnd:25: delivered:19: lost:11: retrans:3
[  256.322732] AAAAA-TCP_SEND: name:enp0s3: saddr:100932208: daddr:33561200: srtt_us:31108805: RTT:3888600: ssthresh:2147483647: cwnd:25: delivered:19: lost:11: retrans:3
[  256.521959] AAAAA-TCP_RECV: name:enp0s3: saddr:33561200: daddr:100932208: srtt_us:31108805: RTT:3888600: ssthresh:2147483647: cwnd:25: delivered:19: lost:11: retrans:3
[  256.521994] AAAAA-TCP_SEND: name:enp0s3: saddr:100932208: daddr:33561200: srtt_us:32303009: RTT:4037876: ssthresh:2147483647: cwnd:26: delivered:20: lost:11: retrans:3
[  256.522019] AAAAA-TCP_SEND: name:enp0s3: saddr:100932208: daddr:33561200: srtt_us:32303009: RTT:4037876: ssthresh:2147483647: cwnd:26: delivered:20: lost:11: retrans:3
[  256.661718] AAAAA-TCP_RECV: name:enp0s3: saddr:33561200: daddr:100932208: srtt_us:32303009: RTT:4037876: ssthresh:2147483647: cwnd:26: delivered:20: lost:11: retrans:3
[  256.661751] AAAAA-TCP_SEND: name:enp0s3: saddr:100932208: daddr:33561200: srtt_us:33329773: RTT:4166221: ssthresh:2147483647: cwnd:27: delivered:21: lost:11: retrans:3
[  256.661773] AAAAA-TCP_SEND: name:enp0s3: saddr:100932208: daddr:33561200: srtt_us:33329773: RTT:4166221: ssthresh:2147483647: cwnd:27: delivered:21: lost:11: retrans:3
[  256.738916] AAAAA-TCP_RECV: name:enp0s3: saddr:33561200: daddr:100932208: srtt_us:33329773: RTT:4166221: ssthresh:2147483647: cwnd:27: delivered:21: lost:11: retrans:3
[  256.738937] AAAAA-TCP_SEND: name:enp0s3: saddr:100932208: daddr:33561200: srtt_us:34305378: RTT:4288172: ssthresh:2147483647: cwnd:28: delivered:22: lost:11: retrans:3
[  256.738955] AAAAA-TCP_SEND: name:enp0s3: saddr:100932208: daddr:33561200: srtt_us:34305378: RTT:4288172: ssthresh:2147483647: cwnd:28: delivered:22: lost:11: retrans:3
[  256.870413] AAAAA-TCP_RECV: name:enp0s3: saddr:33561200: daddr:100932208: srtt_us:34305378: RTT:4288172: ssthresh:2147483647: cwnd:28: delivered:22: lost:11: retrans:3
[  256.870432] AAAAA-TCP_SEND: name:enp0s3: saddr:100932208: daddr:33561200: srtt_us:35096381: RTT:4387047: ssthresh:28: cwnd:28: delivered:23: lost:11: retrans:3
[  256.913054] AAAAA-TCP_RECV: name:enp0s3: saddr:33561200: daddr:100932208: srtt_us:35096381: RTT:4387047: ssthresh:28: cwnd:28: delivered:23: lost:11: retrans:3
[  256.913084] AAAAA-TCP_SEND: name:enp0s3: saddr:100932208: daddr:33561200: srtt_us:35831162: RTT:4478895: ssthresh:28: cwnd:28: delivered:24: lost:11: retrans:3
[  257.020381] AAAAA-TCP_RECV: name:enp0s3: saddr:33561200: daddr:100932208: srtt_us:35831162: RTT:4478895: ssthresh:28: cwnd:28: delivered:24: lost:11: retrans:3
[  257.020413] AAAAA-TCP_SEND: name:enp0s3: saddr:100932208: daddr:33561200: srtt_us:36400661: RTT:4550082: ssthresh:28: cwnd:29: delivered:25: lost:11: retrans:3
[  257.020438] AAAAA-TCP_SEND: name:enp0s3: saddr:100932208: daddr:33561200: srtt_us:36400661: RTT:4550082: ssthresh:28: cwnd:29: delivered:25: lost:11: retrans:3
[  257.106133] AAAAA-TCP_RECV: name:enp0s3: saddr:33561200: daddr:100932208: srtt_us:36400661: RTT:4550082: ssthresh:28: cwnd:29: delivered:25: lost:11: retrans:3
[  257.106165] AAAAA-TCP_SEND: name:enp0s3: saddr:100932208: daddr:33561200: srtt_us:36984725: RTT:4623090: ssthresh:28: cwnd:29: delivered:26: lost:11: retrans:3
[  257.264670] AAAAA-TCP_RECV: name:enp0s3: saddr:33561200: daddr:100932208: srtt_us:36984725: RTT:4623090: ssthresh:28: cwnd:29: delivered:26: lost:11: retrans:3
[  257.264713] AAAAA-TCP_SEND: name:enp0s3: saddr:100932208: daddr:33561200: srtt_us:37442559: RTT:4680319: ssthresh:28: cwnd:29: delivered:27: lost:11: retrans:3
[  257.304476] AAAAA-TCP_RECV: name:enp0s3: saddr:33561200: daddr:100932208: srtt_us:37442559: RTT:4680319: ssthresh:28: cwnd:29: delivered:27: lost:11: retrans:3
[  257.304507] AAAAA-TCP_SEND: name:enp0s3: saddr:100932208: daddr:33561200: srtt_us:37882982: RTT:4735372: ssthresh:28: cwnd:30: delivered:28: lost:11: retrans:3
[  257.304530] AAAAA-TCP_SEND: name:enp0s3: saddr:100932208: daddr:33561200: srtt_us:37882982: RTT:4735372: ssthresh:28: cwnd:30: delivered:28: lost:11: retrans:3
[  257.557061] AAAAA-TCP_RECV: name:enp0s3: saddr:33561200: daddr:100932208: srtt_us:37882982: RTT:4735372: ssthresh:28: cwnd:30: delivered:28: lost:11: retrans:3
[  257.557096] AAAAA-TCP_SEND: name:enp0s3: saddr:100932208: daddr:33561200: srtt_us:38464439: RTT:4808054: ssthresh:28: cwnd:30: delivered:29: lost:11: retrans:3
[  257.621757] AAAAA-TCP_RECV: name:enp0s3: saddr:33561200: daddr:100932208: srtt_us:38464439: RTT:4808054: ssthresh:28: cwnd:30: delivered:29: lost:11: retrans:3
[  257.621789] AAAAA-TCP_SEND: name:enp0s3: saddr:100932208: daddr:33561200: srtt_us:39037908: RTT:4879738: ssthresh:28: cwnd:31: delivered:30: lost:11: retrans:3
[  257.621811] AAAAA-TCP_SEND: name:enp0s3: saddr:100932208: daddr:33561200: srtt_us:39037908: RTT:4879738: ssthresh:28: cwnd:31: delivered:30: lost:11: retrans:3
[  257.887868] AAAAA-TCP_RECV: name:enp0s3: saddr:33561200: daddr:100932208: srtt_us:39037908: RTT:4879738: ssthresh:28: cwnd:31: delivered:30: lost:11: retrans:3
[  257.887904] AAAAA-TCP_SEND: name:enp0s3: saddr:100932208: daddr:33561200: srtt_us:39507721: RTT:4938465: ssthresh:28: cwnd:31: delivered:31: lost:11: retrans:3
[  257.967628] AAAAA-TCP_RECV: name:enp0s3: saddr:33561200: daddr:100932208: srtt_us:39507721: RTT:4938465: ssthresh:28: cwnd:31: delivered:31: lost:11: retrans:3
[  257.967663] AAAAA-TCP_SEND: name:enp0s3: saddr:100932208: daddr:33561200: srtt_us:39998566: RTT:4999820: ssthresh:28: cwnd:32: delivered:33: lost:11: retrans:3
[  257.967707] AAAAA-TCP_SEND: name:enp0s3: saddr:100932208: daddr:33561200: srtt_us:39998566: RTT:4999820: ssthresh:28: cwnd:32: delivered:33: lost:11: retrans:3
[  258.179994] AAAAA-TCP_RECV: name:enp0s3: saddr:33561200: daddr:100932208: srtt_us:39998566: RTT:4999820: ssthresh:28: cwnd:32: delivered:33: lost:11: retrans:3
[  258.180026] AAAAA-TCP_SEND: name:enp0s3: saddr:100932208: daddr:33561200: srtt_us:39998566: RTT:4999820: ssthresh:28: cwnd:32: delivered:33: lost:11: retrans:3
[  258.180063] AAAAA-TCP_SEND: name:enp0s3: saddr:100932208: daddr:33561200: srtt_us:40403817: RTT:5050477: ssthresh:28: cwnd:33: delivered:34: lost:11: retrans:3
[  258.180797] AAAAA-TCP_SEND: name:enp0s3: saddr:100932208: daddr:33561200: srtt_us:40403817: RTT:5050477: ssthresh:28: cwnd:33: delivered:34: lost:11: retrans:3
[  258.414758] AAAAA-TCP_RECV: name:enp0s3: saddr:16783984: daddr:100932208: srtt_us:37756435: RTT:4719554: ssthresh:26: cwnd:31: delivered:34: lost:6: retrans:3
[  258.493984] AAAAA-TCP_RECV: name:enp0s3: saddr:16783984: daddr:100932208: srtt_us:38568022: RTT:4821002: ssthresh:21: cwnd:21: delivered:35: lost:6: retrans:3
[  258.562625] AAAAA-TCP_RECV: name:enp0s3: saddr:16783984: daddr:100932208: srtt_us:39357375: RTT:4919671: ssthresh:21: cwnd:22: delivered:36: lost:6: retrans:3
[  258.602575] AAAAA-TCP_RECV: name:enp0s3: saddr:16783984: daddr:100932208: srtt_us:40054203: RTT:5006775: ssthresh:21: cwnd:22: delivered:37: lost:6: retrans:3
[  258.685609] AAAAA-TCP_RECV: name:enp0s3: saddr:16783984: daddr:100932208: srtt_us:40703878: RTT:5087984: ssthresh:21: cwnd:23: delivered:38: lost:6: retrans:3
[  258.774737] AAAAA-TCP_RECV: name:enp0s3: saddr:16783984: daddr:100932208: srtt_us:41301016: RTT:5162627: ssthresh:21: cwnd:23: delivered:39: lost:6: retrans:3
[  258.809711] AAAAA-TCP_RECV: name:enp0s3: saddr:16783984: daddr:100932208: srtt_us:41912656: RTT:5239082: ssthresh:21: cwnd:24: delivered:40: lost:6: retrans:3
[  258.879327] AAAAA-TCP_RECV: name:enp0s3: saddr:16783984: daddr:100932208: srtt_us:42256798: RTT:5282099: ssthresh:21: cwnd:24: delivered:41: lost:6: retrans:3
[  258.879362] AAAAA-TCP_SEND: name:enp0s3: saddr:100932208: daddr:16783984: srtt_us:42627540: RTT:5328442: ssthresh:21: cwnd:24: delivered:42: lost:6: retrans:3
[  258.939739] AAAAA-TCP_RECV: name:enp0s3: saddr:16783984: daddr:100932208: srtt_us:42627540: RTT:5328442: ssthresh:21: cwnd:24: delivered:42: lost:6: retrans:3
[  258.939770] AAAAA-TCP_SEND: name:enp0s3: saddr:100932208: daddr:16783984: srtt_us:42485275: RTT:5310659: ssthresh:21: cwnd:25: delivered:43: lost:6: retrans:3
[  258.939795] AAAAA-TCP_SEND: name:enp0s3: saddr:100932208: daddr:16783984: srtt_us:42485275: RTT:5310659: ssthresh:21: cwnd:25: delivered:43: lost:6: retrans:3
[  259.035884] AAAAA-TCP_RECV: name:enp0s3: saddr:16783984: daddr:100932208: srtt_us:42485275: RTT:5310659: ssthresh:21: cwnd:25: delivered:43: lost:6: retrans:3
[  259.035912] AAAAA-TCP_SEND: name:enp0s3: saddr:100932208: daddr:16783984: srtt_us:42456938: RTT:5307117: ssthresh:21: cwnd:25: delivered:44: lost:6: retrans:3
[  259.116984] AAAAA-TCP_RECV: name:enp0s3: saddr:16783984: daddr:100932208: srtt_us:42456938: RTT:5307117: ssthresh:21: cwnd:25: delivered:44: lost:6: retrans:3
[  259.117023] AAAAA-TCP_SEND: name:enp0s3: saddr:100932208: daddr:16783984: srtt_us:42394445: RTT:5299305: ssthresh:21: cwnd:25: delivered:45: lost:6: retrans:3
[  259.255595] AAAAA-TCP_RECV: name:enp0s3: saddr:16783984: daddr:100932208: srtt_us:42394445: RTT:5299305: ssthresh:21: cwnd:25: delivered:45: lost:6: retrans:3
[  259.255629] AAAAA-TCP_SEND: name:enp0s3: saddr:100932208: daddr:16783984: srtt_us:42478374: RTT:5309796: ssthresh:21: cwnd:25: delivered:46: lost:6: retrans:3
[  259.403361] AAAAA-TCP_RECV: name:enp0s3: saddr:16783984: daddr:100932208: srtt_us:42478374: RTT:5309796: ssthresh:21: cwnd:25: delivered:46: lost:6: retrans:3
[  259.403398] AAAAA-TCP_SEND: name:enp0s3: saddr:100932208: daddr:16783984: srtt_us:42450629: RTT:5306328: ssthresh:21: cwnd:26: delivered:47: lost:6: retrans:3
[  259.403423] AAAAA-TCP_SEND: name:enp0s3: saddr:100932208: daddr:16783984: srtt_us:42450629: RTT:5306328: ssthresh:21: cwnd:26: delivered:47: lost:6: retrans:3
[  259.506980] AAAAA-TCP_RECV: name:enp0s3: saddr:16783984: daddr:100932208: srtt_us:42450629: RTT:5306328: ssthresh:21: cwnd:26: delivered:47: lost:6: retrans:3
[  259.507010] AAAAA-TCP_SEND: name:enp0s3: saddr:100932208: daddr:16783984: srtt_us:42442851: RTT:5305356: ssthresh:21: cwnd:26: delivered:48: lost:6: retrans:3
[  259.626452] AAAAA-TCP_RECV: name:enp0s3: saddr:16783984: daddr:100932208: srtt_us:42442851: RTT:5305356: ssthresh:21: cwnd:26: delivered:48: lost:6: retrans:3
[  259.626481] AAAAA-TCP_SEND: name:enp0s3: saddr:100932208: daddr:16783984: srtt_us:42452028: RTT:5306503: ssthresh:21: cwnd:26: delivered:49: lost:6: retrans:3
[  259.702646] AAAAA-TCP_RECV: name:enp0s3: saddr:16783984: daddr:100932208: srtt_us:42452028: RTT:5306503: ssthresh:21: cwnd:26: delivered:49: lost:6: retrans:3
[  259.702675] AAAAA-TCP_SEND: name:enp0s3: saddr:100932208: daddr:16783984: srtt_us:42361630: RTT:5295203: ssthresh:21: cwnd:26: delivered:50: lost:6: retrans:3
[  259.741247] AAAAA-TCP_RECV: name:enp0s3: saddr:16783984: daddr:100932208: srtt_us:42361630: RTT:5295203: ssthresh:21: cwnd:26: delivered:50: lost:6: retrans:3
[  259.741271] AAAAA-TCP_SEND: name:enp0s3: saddr:100932208: daddr:16783984: srtt_us:42197487: RTT:5274685: ssthresh:21: cwnd:27: delivered:52: lost:6: retrans:3
[  259.741287] AAAAA-TCP_SEND: name:enp0s3: saddr:100932208: daddr:16783984: srtt_us:42197487: RTT:5274685: ssthresh:21: cwnd:27: delivered:52: lost:6: retrans:3
[  259.802035] AAAAA-TCP_RECV: name:enp0s3: saddr:16783984: daddr:100932208: srtt_us:42197487: RTT:5274685: ssthresh:21: cwnd:27: delivered:52: lost:6: retrans:3
[  259.802057] AAAAA-TCP_SEND: name:enp0s3: saddr:100932208: daddr:16783984: srtt_us:42197487: RTT:5274685: ssthresh:21: cwnd:27: delivered:52: lost:6: retrans:3
[  259.802090] AAAAA-TCP_SEND: name:enp0s3: saddr:100932208: daddr:16783984: srtt_us:42047151: RTT:5255893: ssthresh:21: cwnd:27: delivered:54: lost:6: retrans:3
[  259.802159] AAAAA-TCP_SEND: name:enp0s3: saddr:100932208: daddr:16783984: srtt_us:42047151: RTT:5255893: ssthresh:21: cwnd:27: delivered:54: lost:6: retrans:3
[  259.868128] AAAAA-TCP_RECV: name:enp0s3: saddr:16783984: daddr:100932208: srtt_us:42047151: RTT:5255893: ssthresh:21: cwnd:27: delivered:54: lost:6: retrans:3
[  259.868153] AAAAA-TCP_SEND: name:enp0s3: saddr:100932208: daddr:16783984: srtt_us:41689566: RTT:5211195: ssthresh:21: cwnd:27: delivered:55: lost:6: retrans:3
[  259.912719] AAAAA-TCP_RECV: name:enp0s3: saddr:16783984: daddr:100932208: srtt_us:41689566: RTT:5211195: ssthresh:21: cwnd:27: delivered:55: lost:6: retrans:3
[  259.912754] AAAAA-TCP_SEND: name:enp0s3: saddr:100932208: daddr:16783984: srtt_us:41421282: RTT:5177660: ssthresh:21: cwnd:27: delivered:57: lost:6: retrans:3
[  259.912778] AAAAA-TCP_SEND: name:enp0s3: saddr:100932208: daddr:16783984: srtt_us:41421282: RTT:5177660: ssthresh:21: cwnd:27: delivered:57: lost:6: retrans:3
[  260.055129] AAAAA-TCP_RECV: name:enp0s3: saddr:16783984: daddr:100932208: srtt_us:41421282: RTT:5177660: ssthresh:21: cwnd:27: delivered:57: lost:6: retrans:3
[  260.055179] AAAAA-TCP_SEND: name:enp0s3: saddr:100932208: daddr:16783984: srtt_us:41124519: RTT:5140564: ssthresh:21: cwnd:28: delivered:59: lost:6: retrans:3
[  260.055234] AAAAA-TCP_SEND: name:enp0s3: saddr:100932208: daddr:16783984: srtt_us:41124519: RTT:5140564: ssthresh:21: cwnd:28: delivered:59: lost:6: retrans:3
[  260.204748] AAAAA-TCP_RECV: name:enp0s3: saddr:16783984: daddr:100932208: srtt_us:41124519: RTT:5140564: ssthresh:21: cwnd:28: delivered:59: lost:6: retrans:3
[  260.204792] AAAAA-TCP_SEND: name:enp0s3: saddr:100932208: daddr:16783984: srtt_us:41124519: RTT:5140564: ssthresh:21: cwnd:28: delivered:59: lost:6: retrans:3
[  260.204828] AAAAA-TCP_SEND: name:enp0s3: saddr:100932208: daddr:16783984: srtt_us:40924809: RTT:5115601: ssthresh:21: cwnd:28: delivered:61: lost:6: retrans:3
[  260.205486] AAAAA-TCP_SEND: name:enp0s3: saddr:100932208: daddr:16783984: srtt_us:40924809: RTT:5115601: ssthresh:21: cwnd:28: delivered:61: lost:6: retrans:3
[  260.293241] AAAAA-TCP_RECV: name:enp0s3: saddr:16783984: daddr:100932208: srtt_us:40924809: RTT:5115601: ssthresh:21: cwnd:28: delivered:61: lost:6: retrans:3
[  260.293274] AAAAA-TCP_SEND: name:enp0s3: saddr:100932208: daddr:16783984: srtt_us:40554035: RTT:5069254: ssthresh:21: cwnd:28: delivered:63: lost:6: retrans:3
[  260.293296] AAAAA-TCP_SEND: name:enp0s3: saddr:100932208: daddr:16783984: srtt_us:40554035: RTT:5069254: ssthresh:21: cwnd:28: delivered:63: lost:6: retrans:3
[  260.405196] AAAAA-TCP_RECV: name:enp0s3: saddr:16783984: daddr:100932208: srtt_us:40554035: RTT:5069254: ssthresh:21: cwnd:28: delivered:63: lost:6: retrans:3
[  260.405228] AAAAA-TCP_SEND: name:enp0s3: saddr:100932208: daddr:16783984: srtt_us:40224894: RTT:5028111: ssthresh:21: cwnd:28: delivered:65: lost:6: retrans:3
[  260.405251] AAAAA-TCP_SEND: name:enp0s3: saddr:100932208: daddr:16783984: srtt_us:40224894: RTT:5028111: ssthresh:21: cwnd:28: delivered:65: lost:6: retrans:3
[  260.609729] AAAAA-TCP_RECV: name:enp0s3: saddr:33561200: daddr:100932208: srtt_us:40403817: RTT:5050477: ssthresh:28: cwnd:33: delivered:34: lost:11: retrans:3
[  260.609751] AAAAA-TCP_SEND: name:enp0s3: saddr:100932208: daddr:33561200: srtt_us:40162530: RTT:5020316: ssthresh:28: cwnd:33: delivered:35: lost:11: retrans:3
[  260.709770] AAAAA-TCP_RECV: name:enp0s3: saddr:33561200: daddr:100932208: srtt_us:40162530: RTT:5020316: ssthresh:28: cwnd:33: delivered:35: lost:11: retrans:3
[  260.709805] AAAAA-TCP_SEND: name:enp0s3: saddr:100932208: daddr:33561200: srtt_us:40051457: RTT:5006432: ssthresh:28: cwnd:34: delivered:36: lost:11: retrans:3
[  260.709830] AAAAA-TCP_SEND: name:enp0s3: saddr:100932208: daddr:33561200: srtt_us:40051457: RTT:5006432: ssthresh:28: cwnd:34: delivered:36: lost:11: retrans:3
[  260.827793] AAAAA-TCP_RECV: name:enp0s3: saddr:33561200: daddr:100932208: srtt_us:40051457: RTT:5006432: ssthresh:28: cwnd:34: delivered:36: lost:11: retrans:3
[  260.827822] AAAAA-TCP_SEND: name:enp0s3: saddr:100932208: daddr:33561200: srtt_us:39954371: RTT:4994296: ssthresh:28: cwnd:34: delivered:37: lost:11: retrans:3
[  260.899175] AAAAA-TCP_RECV: name:enp0s3: saddr:33561200: daddr:100932208: srtt_us:39954371: RTT:4994296: ssthresh:28: cwnd:34: delivered:37: lost:11: retrans:3
[  260.899206] AAAAA-TCP_SEND: name:enp0s3: saddr:100932208: daddr:33561200: srtt_us:39940804: RTT:4992600: ssthresh:28: cwnd:35: delivered:38: lost:11: retrans:3
[  260.899231] AAAAA-TCP_SEND: name:enp0s3: saddr:100932208: daddr:33561200: srtt_us:39940804: RTT:4992600: ssthresh:28: cwnd:35: delivered:38: lost:11: retrans:3
[  261.037721] AAAAA-TCP_RECV: name:enp0s3: saddr:33561200: daddr:100932208: srtt_us:39940804: RTT:4992600: ssthresh:28: cwnd:35: delivered:38: lost:11: retrans:3
[  261.037737] AAAAA-TCP_SEND: name:enp0s3: saddr:100932208: daddr:33561200: srtt_us:39865606: RTT:4983200: ssthresh:28: cwnd:35: delivered:39: lost:11: retrans:3
[  261.165581] AAAAA-TCP_RECV: name:enp0s3: saddr:33561200: daddr:100932208: srtt_us:39865606: RTT:4983200: ssthresh:28: cwnd:35: delivered:39: lost:11: retrans:3
[  261.165618] AAAAA-TCP_SEND: name:enp0s3: saddr:100932208: daddr:33561200: srtt_us:39927681: RTT:4990960: ssthresh:28: cwnd:36: delivered:40: lost:11: retrans:3
[  261.165644] AAAAA-TCP_SEND: name:enp0s3: saddr:100932208: daddr:33561200: srtt_us:39927681: RTT:4990960: ssthresh:28: cwnd:36: delivered:40: lost:11: retrans:3
[  261.235498] AAAAA-TCP_RECV: name:enp0s3: saddr:33561200: daddr:100932208: srtt_us:39927681: RTT:4990960: ssthresh:28: cwnd:36: delivered:40: lost:11: retrans:3
[  261.235529] AAAAA-TCP_SEND: name:enp0s3: saddr:100932208: daddr:33561200: srtt_us:40018221: RTT:5002277: ssthresh:28: cwnd:36: delivered:41: lost:11: retrans:3
[  261.373948] AAAAA-TCP_RECV: name:enp0s3: saddr:33561200: daddr:100932208: srtt_us:40018221: RTT:5002277: ssthresh:28: cwnd:36: delivered:41: lost:11: retrans:3
[  261.373979] AAAAA-TCP_SEND: name:enp0s3: saddr:100932208: daddr:33561200: srtt_us:40235893: RTT:5029486: ssthresh:28: cwnd:37: delivered:42: lost:11: retrans:3
[  261.374004] AAAAA-TCP_SEND: name:enp0s3: saddr:100932208: daddr:33561200: srtt_us:40235893: RTT:5029486: ssthresh:28: cwnd:37: delivered:42: lost:11: retrans:3
[  261.467934] AAAAA-TCP_RECV: name:enp0s3: saddr:33561200: daddr:100932208: srtt_us:40235893: RTT:5029486: ssthresh:28: cwnd:37: delivered:42: lost:11: retrans:3
[  261.467962] AAAAA-TCP_SEND: name:enp0s3: saddr:100932208: daddr:33561200: srtt_us:40351684: RTT:5043960: ssthresh:28: cwnd:37: delivered:43: lost:11: retrans:3
[  261.646419] AAAAA-TCP_RECV: name:enp0s3: saddr:33561200: daddr:100932208: srtt_us:40351684: RTT:5043960: ssthresh:28: cwnd:37: delivered:43: lost:11: retrans:3
[  261.646451] AAAAA-TCP_SEND: name:enp0s3: saddr:100932208: daddr:33561200: srtt_us:40631487: RTT:5078935: ssthresh:28: cwnd:38: delivered:44: lost:11: retrans:3
[  261.646473] AAAAA-TCP_SEND: name:enp0s3: saddr:100932208: daddr:33561200: srtt_us:40631487: RTT:5078935: ssthresh:28: cwnd:38: delivered:44: lost:11: retrans:3
[  261.749393] AAAAA-TCP_RECV: name:enp0s3: saddr:33561200: daddr:100932208: srtt_us:40631487: RTT:5078935: ssthresh:28: cwnd:38: delivered:44: lost:11: retrans:3
[  261.749424] AAAAA-TCP_SEND: name:enp0s3: saddr:100932208: daddr:33561200: srtt_us:40779969: RTT:5097496: ssthresh:28: cwnd:38: delivered:45: lost:11: retrans:3
[  261.918824] AAAAA-TCP_RECV: name:enp0s3: saddr:33561200: daddr:100932208: srtt_us:40779969: RTT:5097496: ssthresh:28: cwnd:38: delivered:45: lost:11: retrans:3
[  261.918857] AAAAA-TCP_SEND: name:enp0s3: saddr:100932208: daddr:33561200: srtt_us:41079322: RTT:5134915: ssthresh:28: cwnd:39: delivered:46: lost:11: retrans:3
[  261.918880] AAAAA-TCP_SEND: name:enp0s3: saddr:100932208: daddr:33561200: srtt_us:41079322: RTT:5134915: ssthresh:28: cwnd:39: delivered:46: lost:11: retrans:3
[  261.993809] AAAAA-TCP_RECV: name:enp0s3: saddr:33561200: daddr:100932208: srtt_us:41079322: RTT:5134915: ssthresh:28: cwnd:39: delivered:46: lost:11: retrans:3
[  261.993838] AAAAA-TCP_SEND: name:enp0s3: saddr:100932208: daddr:33561200: srtt_us:41276482: RTT:5159560: ssthresh:28: cwnd:39: delivered:47: lost:11: retrans:3
[  262.113126] AAAAA-TCP_RECV: name:enp0s3: saddr:33561200: daddr:100932208: srtt_us:41276482: RTT:5159560: ssthresh:28: cwnd:39: delivered:47: lost:11: retrans:3
[  262.113166] AAAAA-TCP_SEND: name:enp0s3: saddr:100932208: daddr:33561200: srtt_us:41568317: RTT:5196039: ssthresh:28: cwnd:40: delivered:48: lost:11: retrans:3
[  262.113193] AAAAA-TCP_SEND: name:enp0s3: saddr:100932208: daddr:33561200: srtt_us:41568317: RTT:5196039: ssthresh:28: cwnd:40: delivered:48: lost:11: retrans:3
[  262.188168] AAAAA-TCP_RECV: name:enp0s3: saddr:33561200: daddr:100932208: srtt_us:41568317: RTT:5196039: ssthresh:28: cwnd:40: delivered:48: lost:11: retrans:3
[  262.188200] AAAAA-TCP_SEND: name:enp0s3: saddr:100932208: daddr:33561200: srtt_us:41821528: RTT:5227691: ssthresh:28: cwnd:40: delivered:49: lost:11: retrans:3
[  262.316226] AAAAA-TCP_RECV: name:enp0s3: saddr:33561200: daddr:100932208: srtt_us:41821528: RTT:5227691: ssthresh:28: cwnd:40: delivered:49: lost:11: retrans:3
[  262.316260] AAAAA-TCP_SEND: name:enp0s3: saddr:100932208: daddr:33561200: srtt_us:42171144: RTT:5271393: ssthresh:28: cwnd:41: delivered:50: lost:11: retrans:3
[  262.316284] AAAAA-TCP_SEND: name:enp0s3: saddr:100932208: daddr:33561200: srtt_us:42171144: RTT:5271393: ssthresh:28: cwnd:41: delivered:50: lost:11: retrans:3
[  262.480918] AAAAA-TCP_RECV: name:enp0s3: saddr:33561200: daddr:100932208: srtt_us:42171144: RTT:5271393: ssthresh:28: cwnd:41: delivered:50: lost:11: retrans:3
[  262.480949] AAAAA-TCP_SEND: name:enp0s3: saddr:100932208: daddr:33561200: srtt_us:42510255: RTT:5313781: ssthresh:28: cwnd:41: delivered:51: lost:11: retrans:3
[  262.523718] AAAAA-TCP_RECV: name:enp0s3: saddr:33561200: daddr:100932208: srtt_us:42510255: RTT:5313781: ssthresh:28: cwnd:41: delivered:51: lost:11: retrans:3
[  262.523744] AAAAA-TCP_SEND: name:enp0s3: saddr:100932208: daddr:33561200: srtt_us:42699796: RTT:5337474: ssthresh:28: cwnd:40: delivered:52: lost:12: retrans:4
[  262.604377] AAAAA-TCP_RECV: name:enp0s3: saddr:33561200: daddr:100932208: srtt_us:42699796: RTT:5337474: ssthresh:28: cwnd:40: delivered:52: lost:12: retrans:4
[  262.739562] AAAAA-TCP_RECV: name:enp0s3: saddr:33561200: daddr:100932208: srtt_us:42946304: RTT:5368288: ssthresh:28: cwnd:40: delivered:53: lost:12: retrans:4
[  262.739585] AAAAA-TCP_SEND: name:enp0s3: saddr:100932208: daddr:33561200: srtt_us:42946304: RTT:5368288: ssthresh:28: cwnd:40: delivered:53: lost:12: retrans:4
[  262.739612] AAAAA-TCP_SEND: name:enp0s3: saddr:100932208: daddr:33561200: srtt_us:43052913: RTT:5381614: ssthresh:28: cwnd:39: delivered:54: lost:13: retrans:5
[  262.940494] AAAAA-TCP_RECV: name:enp0s3: saddr:33561200: daddr:100932208: srtt_us:43052913: RTT:5381614: ssthresh:28: cwnd:39: delivered:54: lost:13: retrans:5
[  262.976563] AAAAA-TCP_RECV: name:enp0s3: saddr:33561200: daddr:100932208: srtt_us:43307304: RTT:5413413: ssthresh:28: cwnd:38: delivered:55: lost:13: retrans:5
[  263.075974] AAAAA-TCP_RECV: name:enp0s3: saddr:33561200: daddr:100932208: srtt_us:43565964: RTT:5445745: ssthresh:28: cwnd:38: delivered:56: lost:13: retrans:5
[  263.075992] AAAAA-TCP_SEND: name:enp0s3: saddr:100932208: daddr:33561200: srtt_us:43565964: RTT:5445745: ssthresh:28: cwnd:38: delivered:56: lost:13: retrans:5
[  263.144583] AAAAA-TCP_RECV: name:enp0s3: saddr:33561200: daddr:100932208: srtt_us:43639115: RTT:5454889: ssthresh:28: cwnd:38: delivered:57: lost:13: retrans:5
[  263.144613] AAAAA-TCP_SEND: name:enp0s3: saddr:100932208: daddr:33561200: srtt_us:43639115: RTT:5454889: ssthresh:28: cwnd:38: delivered:57: lost:13: retrans:5
[  263.223985] AAAAA-TCP_RECV: name:enp0s3: saddr:33561200: daddr:100932208: srtt_us:43707049: RTT:5463381: ssthresh:28: cwnd:37: delivered:58: lost:13: retrans:5
[  263.279172] AAAAA-TCP_RECV: name:enp0s3: saddr:33561200: daddr:100932208: srtt_us:43845882: RTT:5480735: ssthresh:28: cwnd:37: delivered:59: lost:13: retrans:5
[  263.374880] AAAAA-TCP_RECV: name:enp0s3: saddr:33561200: daddr:100932208: srtt_us:43756433: RTT:5469554: ssthresh:28: cwnd:37: delivered:60: lost:13: retrans:5
[  263.445798] AAAAA-TCP_RECV: name:enp0s3: saddr:33561200: daddr:100932208: srtt_us:43694112: RTT:5461764: ssthresh:28: cwnd:36: delivered:61: lost:13: retrans:5
[  263.533014] AAAAA-TCP_RECV: name:enp0s3: saddr:33561200: daddr:100932208: srtt_us:43710499: RTT:5463812: ssthresh:28: cwnd:36: delivered:62: lost:13: retrans:5
[  263.635806] AAAAA-TCP_RECV: name:enp0s3: saddr:33561200: daddr:100932208: srtt_us:43599692: RTT:5449961: ssthresh:28: cwnd:36: delivered:63: lost:13: retrans:5
