[    0.000000] Linux version 5.4.243-mptcp (root@ztg) (gcc version 12.2.0 (Debian 12.2.0-14+deb12u1)) #53 SMP Wed Dec 24 23:28:15 CST 2025
[    0.000000] Command line: BOOT_IMAGE=/boot/vmlinuz-5.4.243-mptcp root=UUID=98415a12-53b7-4144-8265-0f7ece09e445 ro quiet splash
[    0.000000] KERNEL supported cpus:
[    0.000000]   Intel GenuineIntel
[    0.000000]   AMD AuthenticAMD
[    0.000000]   Hygon HygonGenuine
[    0.000000]   Centaur CentaurHauls
[    0.000000]   zhaoxin   Shanghai  
[    0.000000] x86/fpu: Supporting XSAVE feature 0x001: 'x87 floating point registers'
[    0.000000] x86/fpu: Supporting XSAVE feature 0x002: 'SSE registers'
[    0.000000] x86/fpu: Supporting XSAVE feature 0x004: 'AVX registers'
[    0.000000] x86/fpu: xstate_offset[2]:  576, xstate_sizes[2]:  256
[    0.000000] x86/fpu: Enabled xstate features 0x7, context size is 832 bytes, using 'standard' format.
[    0.000000] BIOS-provided physical RAM map:
[    0.000000] BIOS-e820: [mem 0x0000000000000000-0x000000000009fbff] usable
[    0.000000] BIOS-e820: [mem 0x000000000009fc00-0x000000000009ffff] reserved
[    0.000000] BIOS-e820: [mem 0x00000000000f0000-0x00000000000fffff] reserved
[    0.000000] BIOS-e820: [mem 0x0000000000100000-0x000000007ffeffff] usable
[    0.000000] BIOS-e820: [mem 0x000000007fff0000-0x000000007fffffff] ACPI data
[    0.000000] BIOS-e820: [mem 0x00000000fec00000-0x00000000fec00fff] reserved
[    0.000000] BIOS-e820: [mem 0x00000000fee00000-0x00000000fee00fff] reserved
[    0.000000] BIOS-e820: [mem 0x00000000fffc0000-0x00000000ffffffff] reserved
[    0.000000] NX (Execute Disable) protection: active
[    0.000000] SMBIOS 2.5 present.
[    0.000000] DMI: innotek GmbH VirtualBox/VirtualBox, BIOS VirtualBox 12/01/2006
[    0.000000] Hypervisor detected: KVM
[    0.000000] kvm-clock: Using msrs 4b564d01 and 4b564d00
[    0.000000] kvm-clock: cpu 0, msr 3dc01001, primary cpu clock
[    0.000000] kvm-clock: using sched offset of 4447458273 cycles
[    0.000003] clocksource: kvm-clock: mask: 0xffffffffffffffff max_cycles: 0x1cd42e4dffb, max_idle_ns: 881590591483 ns
[    0.000005] tsc: Detected 2100.000 MHz processor
[    0.001868] e820: update [mem 0x00000000-0x00000fff] usable ==> reserved
[    0.001870] e820: remove [mem 0x000a0000-0x000fffff] usable
[    0.001875] last_pfn = 0x7fff0 max_arch_pfn = 0x400000000
[    0.001941] MTRR default type: uncachable
[    0.001942] MTRR fixed ranges enabled:
[    0.001943]   00000-9FFFF write-back
[    0.001944]   A0000-BFFFF uncachable
[    0.001944]   C0000-FFFFF write-protect
[    0.001945] MTRR variable ranges enabled:
[    0.001946]   0 base 000000000000 mask 3FFF80000000 write-back
[    0.001947]   1 disabled
[    0.001947]   2 disabled
[    0.001948]   3 disabled
[    0.001948]   4 disabled
[    0.001949]   5 disabled
[    0.001949]   6 disabled
[    0.001949]   7 disabled
[    0.001950]   8 disabled
[    0.001950]   9 disabled
[    0.001951]   10 disabled
[    0.001951]   11 disabled
[    0.001952]   12 disabled
[    0.001952]   13 disabled
[    0.001952]   14 disabled
[    0.001953]   15 disabled
[    0.001970] x86/PAT: Configuration [0-7]: WB  WC  UC- UC  WB  WP  UC- WT  
[    0.002102] found SMP MP-table at [mem 0x0009fff0-0x0009ffff]
[    0.091269] check: Scanning 1 areas for low memory corruption
[    0.091485] RAMDISK: [mem 0x32271000-0x3512ffff]
[    0.091493] ACPI: Early table checksum verification disabled
[    0.091497] ACPI: RSDP 0x00000000000E0000 000024 (v02 VBOX  )
[    0.091501] ACPI: XSDT 0x000000007FFF0030 00003C (v01 VBOX   VBOXXSDT 00000001 ASL  00000061)
[    0.091507] ACPI: FACP 0x000000007FFF00F0 0000F4 (v04 VBOX   VBOXFACP 00000001 ASL  00000061)
[    0.091514] ACPI: DSDT 0x000000007FFF02E0 002353 (v02 VBOX   VBOXBIOS 00000002 VBOX 00029BF3)
[    0.091518] ACPI: FACS 0x000000007FFF0200 000040
[    0.091521] ACPI: FACS 0x000000007FFF0200 000040
[    0.091525] ACPI: APIC 0x000000007FFF0240 000054 (v02 VBOX   VBOXAPIC 00000001 ASL  00000061)
[    0.091528] ACPI: SSDT 0x000000007FFF02A0 000038 (v01 VBOX   VBOXCPUT 00000002 VBOX 00029BF3)
[    0.091532] ACPI: Reserving FACP table memory at [mem 0x7fff00f0-0x7fff01e3]
[    0.091532] ACPI: Reserving DSDT table memory at [mem 0x7fff02e0-0x7fff2632]
[    0.091533] ACPI: Reserving FACS table memory at [mem 0x7fff0200-0x7fff023f]
[    0.091534] ACPI: Reserving FACS table memory at [mem 0x7fff0200-0x7fff023f]
[    0.091534] ACPI: Reserving APIC table memory at [mem 0x7fff0240-0x7fff0293]
[    0.091535] ACPI: Reserving SSDT table memory at [mem 0x7fff02a0-0x7fff02d7]
[    0.091548] ACPI: Local APIC address 0xfee00000
[    0.091727] No NUMA configuration found
[    0.091728] Faking a node at [mem 0x0000000000000000-0x000000007ffeffff]
[    0.091738] NODE_DATA(0) allocated [mem 0x7ffc5000-0x7ffeffff]
[    0.091999] Zone ranges:
[    0.091999]   DMA      [mem 0x0000000000001000-0x0000000000ffffff]
[    0.092000]   DMA32    [mem 0x0000000001000000-0x000000007ffeffff]
[    0.092001]   Normal   empty
[    0.092002]   Device   empty
[    0.092003] Movable zone start for each node
[    0.092005] Early memory node ranges
[    0.092005]   node   0: [mem 0x0000000000001000-0x000000000009efff]
[    0.092006]   node   0: [mem 0x0000000000100000-0x000000007ffeffff]
[    0.092009] Zeroed struct page in unavailable ranges: 114 pages
[    0.092010] Initmem setup node 0 [mem 0x0000000000001000-0x000000007ffeffff]
[    0.092011] On node 0 totalpages: 524174
[    0.092013]   DMA zone: 64 pages used for memmap
[    0.092013]   DMA zone: 21 pages reserved
[    0.092014]   DMA zone: 3998 pages, LIFO batch:0
[    0.092086]   DMA32 zone: 8128 pages used for memmap
[    0.092087]   DMA32 zone: 520176 pages, LIFO batch:63
[    0.100991] ACPI: PM-Timer IO Port: 0x4008
[    0.100994] ACPI: Local APIC address 0xfee00000
[    0.101060] IOAPIC[0]: apic_id 1, version 32, address 0xfec00000, GSI 0-23
[    0.101063] ACPI: INT_SRC_OVR (bus 0 bus_irq 0 global_irq 2 dfl dfl)
[    0.101065] ACPI: INT_SRC_OVR (bus 0 bus_irq 9 global_irq 9 low level)
[    0.101067] ACPI: IRQ0 used by override.
[    0.101068] ACPI: IRQ9 used by override.
[    0.101070] Using ACPI (MADT) for SMP configuration information
[    0.101077] smpboot: Allowing 1 CPUs, 0 hotplug CPUs
[    0.101097] PM: Registered nosave memory: [mem 0x00000000-0x00000fff]
[    0.101098] PM: Registered nosave memory: [mem 0x0009f000-0x0009ffff]
[    0.101099] PM: Registered nosave memory: [mem 0x000a0000-0x000effff]
[    0.101099] PM: Registered nosave memory: [mem 0x000f0000-0x000fffff]
[    0.101101] [mem 0x80000000-0xfebfffff] available for PCI devices
[    0.101101] Booting paravirtualized kernel on KVM
[    0.101104] clocksource: refined-jiffies: mask: 0xffffffff max_cycles: 0xffffffff, max_idle_ns: 7645519600211568 ns
[    0.101108] setup_percpu: NR_CPUS:8192 nr_cpumask_bits:1 nr_cpu_ids:1 nr_node_ids:1
[    0.102104] percpu: Embedded 60 pages/cpu s208896 r8192 d28672 u2097152
[    0.102109] pcpu-alloc: s208896 r8192 d28672 u2097152 alloc=1*2097152
[    0.102110] pcpu-alloc: [0] 0 
[    0.102134] Built 1 zonelists, mobility grouping on.  Total pages: 515961
[    0.102135] Policy zone: DMA32
[    0.102136] Kernel command line: BOOT_IMAGE=/boot/vmlinuz-5.4.243-mptcp root=UUID=98415a12-53b7-4144-8265-0f7ece09e445 ro quiet splash
[    0.102961] Dentry cache hash table entries: 262144 (order: 9, 2097152 bytes, linear)
[    0.103107] Inode-cache hash table entries: 131072 (order: 8, 1048576 bytes, linear)
[    0.103155] mem auto-init: stack:off, heap alloc:on, heap free:off
[    0.103158] Calgary: detecting Calgary via BIOS EBDA area
[    0.103159] Calgary: Unable to locate Rio Grande table in EBDA - bailing!
[    0.107256] Memory: 1967332K/2096696K available (14339K kernel code, 2398K rwdata, 4712K rodata, 2728K init, 17260K bss, 129364K reserved, 0K cma-reserved)
[    0.108165] SLUB: HWalign=64, Order=0-3, MinObjects=0, CPUs=1, Nodes=1
[    0.108181] ftrace: allocating 43186 entries in 169 pages
[    0.126143] rcu: Hierarchical RCU implementation.
[    0.126144] rcu: 	RCU restricting CPUs from NR_CPUS=8192 to nr_cpu_ids=1.
[    0.126145] 	Tasks RCU enabled.
[    0.126146] rcu: RCU calculated value of scheduler-enlistment delay is 25 jiffies.
[    0.126147] rcu: Adjusting geometry for rcu_fanout_leaf=16, nr_cpu_ids=1
[    0.129098] NR_IRQS: 524544, nr_irqs: 256, preallocated irqs: 16
[    0.129301] random: crng init done
[    0.138612] Console: colour VGA+ 80x25
[    0.138615] printk: console [tty0] enabled
[    0.138634] ACPI: Core revision 20190816
[    0.138725] APIC: Switch to symmetric I/O mode setup
[    0.138971] x2apic enabled
[    0.139207] Switched APIC routing to physical x2apic.
[    0.140327] ..TIMER: vector=0x30 apic1=0 pin1=2 apic2=-1 pin2=-1
[    0.140350] clocksource: tsc-early: mask: 0xffffffffffffffff max_cycles: 0x1e4530a99b6, max_idle_ns: 440795257976 ns
[    0.140355] Calibrating delay loop (skipped) preset value.. 4200.00 BogoMIPS (lpj=8400000)
[    0.140357] pid_max: default: 32768 minimum: 301
[    0.140385] LSM: Security Framework initializing
[    0.140394] Yama: becoming mindful.
[    0.140417] AppArmor: AppArmor initialized
[    0.140451] Mount-cache hash table entries: 4096 (order: 3, 32768 bytes, linear)
[    0.140455] Mountpoint-cache hash table entries: 4096 (order: 3, 32768 bytes, linear)
[    0.140465] *** VALIDATE tmpfs ***
[    0.140605] *** VALIDATE proc ***
[    0.140646] *** VALIDATE cgroup1 ***
[    0.140647] *** VALIDATE cgroup2 ***
[    0.140785] process: using mwait in idle threads
[    0.140790] Last level iTLB entries: 4KB 64, 2MB 8, 4MB 8
[    0.140791] Last level dTLB entries: 4KB 64, 2MB 0, 4MB 0, 1GB 4
[    0.140811] Spectre V1 : Mitigation: usercopy/swapgs barriers and __user pointer sanitization
[    0.140816] Spectre V2 : Mitigation: Retpolines
[    0.140817] Spectre V2 : Spectre v2 / SpectreRSB mitigation: Filling RSB on context switch
[    0.140817] Spectre V2 : Spectre v2 / SpectreRSB : Filling RSB on VMEXIT
[    0.140818] RETBleed: WARNING: Spectre v2 mitigation leaves CPU vulnerable to RETBleed attacks, data leaks possible!
[    0.141170] RETBleed: Vulnerable
[    0.141170] Speculative Store Bypass: Vulnerable
[    0.141175] TAA: Mitigation: TSX disabled
[    0.141175] MMIO Stale Data: Mitigation: Clear CPU buffers
[    0.145330] Freeing SMP alternatives memory: 40K
[    0.257854] smpboot: CPU0: Intel(R) Xeon(R) Silver 4216 CPU @ 2.10GHz (family: 0x6, model: 0x55, stepping: 0x7)
[    0.257940] Performance Events: unsupported p6 CPU model 85 no PMU driver, software events only.
[    0.257970] rcu: Hierarchical SRCU implementation.
[    0.258426] NMI watchdog: Perf NMI watchdog permanently disabled
[    0.258470] smp: Bringing up secondary CPUs ...
[    0.258471] smp: Brought up 1 node, 1 CPU
[    0.258472] smpboot: Max logical packages: 1
[    0.258473] smpboot: Total of 1 processors activated (4200.00 BogoMIPS)
[    0.259386] devtmpfs: initialized
[    0.259425] x86/mm: Memory block size: 128MB
[    0.259738] clocksource: jiffies: mask: 0xffffffff max_cycles: 0xffffffff, max_idle_ns: 7645041785100000 ns
[    0.259742] futex hash table entries: 256 (order: 2, 16384 bytes, linear)
[    0.259778] pinctrl core: initialized pinctrl subsystem
[    0.259869] PM: RTC time: 09:18:17, date: 2026-01-13
[    0.259963] NET: Registered protocol family 16
[    0.260033] audit: initializing netlink subsys (disabled)
[    0.260148] EISA bus registered
[    0.260150] cpuidle: using governor ladder
[    0.260150] cpuidle: using governor menu
[    0.260184] ACPI: bus type PCI registered
[    0.260185] acpiphp: ACPI Hot Plug PCI Controller Driver version: 0.5
[    0.260279] PCI: Using configuration type 1 for base access
[    0.260361] audit: type=2000 audit(1768267103.728:1): state=initialized audit_enabled=0 res=1
[    0.260433] HugeTLB registered 2.00 MiB page size, pre-allocated 0 pages
[    0.261186] ACPI: Added _OSI(Module Device)
[    0.261187] ACPI: Added _OSI(Processor Device)
[    0.261187] ACPI: Added _OSI(3.0 _SCP Extensions)
[    0.261188] ACPI: Added _OSI(Processor Aggregator Device)
[    0.261189] ACPI: Added _OSI(Linux-Dell-Video)
[    0.261190] ACPI: Added _OSI(Linux-Lenovo-NV-HDMI-Audio)
[    0.261190] ACPI: Added _OSI(Linux-HPI-Hybrid-Graphics)
[    0.263112] ACPI: 2 ACPI AML tables successfully acquired and loaded
[    0.264737] ACPI: Interpreter enabled
[    0.264747] ACPI: (supports S0 S5)
[    0.264748] ACPI: Using IOAPIC for interrupt routing
[    0.264953] PCI: Using host bridge windows from ACPI; if necessary, use "pci=nocrs" and report a bug
[    0.265067] ACPI: Enabled 2 GPEs in block 00 to 07
[    0.269836] ACPI: PCI Root Bridge [PCI0] (domain 0000 [bus 00-ff])
[    0.269841] acpi PNP0A03:00: _OSC: OS supports [ASPM ClockPM Segments MSI HPX-Type3]
[    0.270283] acpi PNP0A03:00: _OSC: not requesting OS control; OS requires [ExtendedConfig ASPM ClockPM MSI]
[    0.270291] acpi PNP0A03:00: fail to add MMCONFIG information, can't access extended PCI configuration space under this bridge.
[    0.270657] PCI host bridge to bus 0000:00
[    0.270659] pci_bus 0000:00: root bus resource [io  0x0000-0x0cf7 window]
[    0.270660] pci_bus 0000:00: root bus resource [io  0x0d00-0xffff window]
[    0.270662] pci_bus 0000:00: root bus resource [mem 0x000a0000-0x000bffff window]
[    0.270663] pci_bus 0000:00: root bus resource [mem 0x80000000-0xfdffffff window]
[    0.270664] pci_bus 0000:00: root bus resource [bus 00-ff]
[    0.270706] pci 0000:00:00.0: [8086:1237] type 00 class 0x060000
[    0.271626] pci 0000:00:01.0: [8086:7000] type 00 class 0x060100
[    0.272352] pci 0000:00:01.1: [8086:7111] type 00 class 0x01018a
[    0.272707] pci 0000:00:01.1: reg 0x20: [io  0xd000-0xd00f]
[    0.272872] pci 0000:00:01.1: legacy IDE quirk: reg 0x10: [io  0x01f0-0x01f7]
[    0.272873] pci 0000:00:01.1: legacy IDE quirk: reg 0x14: [io  0x03f6]
[    0.272874] pci 0000:00:01.1: legacy IDE quirk: reg 0x18: [io  0x0170-0x0177]
[    0.272875] pci 0000:00:01.1: legacy IDE quirk: reg 0x1c: [io  0x0376]
[    0.273413] pci 0000:00:02.0: [15ad:0405] type 00 class 0x030000
[    0.276428] pci 0000:00:02.0: reg 0x10: [io  0xd010-0xd01f]
[    0.279257] pci 0000:00:02.0: reg 0x14: [mem 0xe0000000-0xe7ffffff pref]
[    0.280398] pci 0000:00:02.0: reg 0x18: [mem 0xf0000000-0xf01fffff]
[    0.292726] pci 0000:00:03.0: [1022:2000] type 00 class 0x020000
[    0.293404] pci 0000:00:03.0: reg 0x10: [io  0xd020-0xd03f]
[    0.294006] pci 0000:00:03.0: reg 0x14: [mem 0xf0200000-0xf0200fff]
[    0.297145] pci 0000:00:04.0: [80ee:cafe] type 00 class 0x088000
[    0.297810] pci 0000:00:04.0: reg 0x10: [io  0xd040-0xd05f]
[    0.298414] pci 0000:00:04.0: reg 0x14: [mem 0xf0400000-0xf07fffff]
[    0.299019] pci 0000:00:04.0: reg 0x18: [mem 0xf0800000-0xf0803fff pref]
[    0.302291] pci 0000:00:07.0: [8086:7113] type 00 class 0x068000
[    0.302838] pci 0000:00:07.0: quirk: [io  0x4000-0x403f] claimed by PIIX4 ACPI
[    0.302851] pci 0000:00:07.0: quirk: [io  0x4100-0x410f] claimed by PIIX4 SMB
[    0.304386] pci 0000:00:08.0: [1022:2000] type 00 class 0x020000
[    0.305049] pci 0000:00:08.0: reg 0x10: [io  0xd060-0xd07f]
[    0.305660] pci 0000:00:08.0: reg 0x14: [mem 0xf0804000-0xf0804fff]
[    0.309112] pci 0000:00:09.0: [8086:100e] type 00 class 0x020000
[    0.309816] pci 0000:00:09.0: reg 0x10: [mem 0xf0820000-0xf083ffff]
[    0.310959] pci 0000:00:09.0: reg 0x18: [io  0xd080-0xd087]
[    0.321284] ACPI: PCI Interrupt Link [LNKA] (IRQs 5 9 10 *11)
[    0.321564] ACPI: PCI Interrupt Link [LNKB] (IRQs 5 9 *10 11)
[    0.321662] ACPI: PCI Interrupt Link [LNKC] (IRQs 5 *9 10 11)
[    0.321767] ACPI: PCI Interrupt Link [LNKD] (IRQs 5 9 10 *11)
[    0.321986] iommu: Default domain type: Translated 
[    0.322039] pci 0000:00:02.0: vgaarb: setting as boot VGA device
[    0.322041] pci 0000:00:02.0: vgaarb: VGA device added: decodes=io+mem,owns=io+mem,locks=none
[    0.322043] pci 0000:00:02.0: vgaarb: bridge control possible
[    0.322044] vgaarb: loaded
[    0.322232] SCSI subsystem initialized
[    0.322259] libata version 3.00 loaded.
[    0.322284] ACPI: bus type USB registered
[    0.322298] usbcore: registered new interface driver usbfs
[    0.322304] usbcore: registered new interface driver hub
[    0.322309] usbcore: registered new device driver usb
[    0.322334] pps_core: LinuxPPS API ver. 1 registered
[    0.322335] pps_core: Software ver. 5.3.6 - Copyright 2005-2007 Rodolfo Giometti <giometti@linux.it>
[    0.322337] PTP clock support registered
[    0.322372] EDAC MC: Ver: 3.0.0
[    0.322641] PCI: Using ACPI for IRQ routing
[    0.322642] PCI: pci_cache_line_size set to 64 bytes
[    0.322811] e820: reserve RAM buffer [mem 0x0009fc00-0x0009ffff]
[    0.322815] e820: reserve RAM buffer [mem 0x7fff0000-0x7fffffff]
[    0.323594] NetLabel: Initializing
[    0.323595] NetLabel:  domain hash size = 128
[    0.323595] NetLabel:  protocols = UNLABELED CIPSOv4 CALIPSO
[    0.323614] NetLabel:  unlabeled traffic allowed by default
[    0.325085] clocksource: Switched to clocksource kvm-clock
[    0.338421] *** VALIDATE bpf ***
[    0.338476] VFS: Disk quotas dquot_6.6.0
[    0.338489] VFS: Dquot-cache hash table entries: 512 (order 0, 4096 bytes)
[    0.338509] *** VALIDATE ramfs ***
[    0.338512] *** VALIDATE hugetlbfs ***
[    0.338588] AppArmor: AppArmor Filesystem Enabled
[    0.338609] pnp: PnP ACPI init
[    0.338668] pnp 00:00: Plug and Play ACPI device, IDs PNP0303 (active)
[    0.338733] pnp 00:01: Plug and Play ACPI device, IDs PNP0f03 (active)
[    0.339488] pnp: PnP ACPI: found 2 devices
[    0.340429] thermal_sys: Registered thermal governor 'fair_share'
[    0.340430] thermal_sys: Registered thermal governor 'bang_bang'
[    0.340430] thermal_sys: Registered thermal governor 'step_wise'
[    0.340431] thermal_sys: Registered thermal governor 'user_space'
[    0.340432] thermal_sys: Registered thermal governor 'power_allocator'
[    0.344941] clocksource: acpi_pm: mask: 0xffffff max_cycles: 0xffffff, max_idle_ns: 2085701024 ns
[    0.344981] pci_bus 0000:00: resource 4 [io  0x0000-0x0cf7 window]
[    0.344982] pci_bus 0000:00: resource 5 [io  0x0d00-0xffff window]
[    0.344983] pci_bus 0000:00: resource 6 [mem 0x000a0000-0x000bffff window]
[    0.344984] pci_bus 0000:00: resource 7 [mem 0x80000000-0xfdffffff window]
[    0.345038] NET: Registered protocol family 2
[    0.345108] IP idents hash table entries: 32768 (order: 6, 262144 bytes, linear)
[    0.345494] MPTCP tokens hash table entries: 8192 (order: 4, 65536 bytes, linear)
[    0.345513] MPTCP request tokens hash table entries: 8192 (order: 4, 65536 bytes, linear)
[    0.345538] default registered
[    0.345538] default registered
[    0.345539] MPTCP: Stable release v0.96
[    0.345544] tcp_listen_portaddr_hash hash table entries: 1024 (order: 2, 16384 bytes, linear)
[    0.345615] TCP established hash table entries: 16384 (order: 5, 131072 bytes, linear)
[    0.345677] TCP bind hash table entries: 16384 (order: 6, 262144 bytes, linear)
[    0.345703] TCP: Hash tables configured (established 16384 bind 16384)
[    0.346383] UDP hash table entries: 1024 (order: 3, 32768 bytes, linear)
[    0.346395] UDP-Lite hash table entries: 1024 (order: 3, 32768 bytes, linear)
[    0.346428] NET: Registered protocol family 1
[    0.346436] NET: Registered protocol family 44
[    0.346454] pci 0000:00:00.0: Limiting direct PCI/PCI transfers
[    0.346466] pci 0000:00:01.0: Activating ISA DMA hang workarounds
[    0.346516] pci 0000:00:02.0: Video device with shadowed ROM at [mem 0x000c0000-0x000dffff]
[    0.346576] PCI: CLS 0 bytes, default 64
[    0.346619] Trying to unpack rootfs image as initramfs...
[    0.511592] Freeing initrd memory: 47868K
[    0.511592] clocksource: tsc: mask: 0xffffffffffffffff max_cycles: 0x1e4530a99b6, max_idle_ns: 440795257976 ns
[    0.511592] clocksource: Switched to clocksource tsc
[    0.511592] platform rtc_cmos: registered platform RTC device (no PNP device found)
[    0.511592] check: Scanning for low memory corruption every 60 seconds
[    0.511592] Initialise system trusted keyrings
[    0.511592] Key type blacklist registered
[    0.511592] workingset: timestamp_bits=36 max_order=19 bucket_order=0
[    0.511592] zbud: loaded
[    0.511592] squashfs: version 4.0 (2009/01/31) Phillip Lougher
[    0.511592] fuse: init (API version 7.31)
[    0.511592] *** VALIDATE fuse ***
[    0.511592] *** VALIDATE fuse ***
[    0.511592] Platform Keyring initialized
[    0.526217] Key type asymmetric registered
[    0.526218] Asymmetric key parser 'x509' registered
[    0.526228] Block layer SCSI generic (bsg) driver version 0.4 loaded (major 244)
[    0.526266] io scheduler mq-deadline registered
[    0.526388] shpchp: Standard Hot Plug PCI Controller Driver version: 0.4
[    0.526595] ACPI: AC Adapter [AC] (on-line)
[    0.526638] input: Power Button as /devices/LNXSYSTM:00/LNXPWRBN:00/input/input0
[    0.526666] ACPI: Power Button [PWRF]
[    0.526757] input: Sleep Button as /devices/LNXSYSTM:00/LNXSLPBN:00/input/input1
[    0.526771] ACPI: Sleep Button [SLPF]
[    0.527046] Serial: 8250/16550 driver, 32 ports, IRQ sharing enabled
[    0.528194] Linux agpgart interface v0.103
[    0.623177] loop: module loaded
[    0.623452] ata_piix 0000:00:01.1: version 2.13
[    0.624254] scsi host0: ata_piix
[    0.624426] scsi host1: ata_piix
[    0.624483] ata1: PATA max UDMA/33 cmd 0x1f0 ctl 0x3f6 bmdma 0xd000 irq 14
[    0.624485] ata2: PATA max UDMA/33 cmd 0x170 ctl 0x376 bmdma 0xd008 irq 15
[    0.624629] tun: Universal TUN/TAP device driver, 1.6
[    0.625222] PPP generic driver version 2.4.2
[    0.625307] VFIO - User Level meta-driver version: 0.3
[    0.625756] ehci_hcd: USB 2.0 'Enhanced' Host Controller (EHCI) Driver
[    0.625765] ehci-pci: EHCI PCI platform driver
[    0.625788] ehci-platform: EHCI generic platform driver
[    0.625799] ohci_hcd: USB 1.1 'Open' Host Controller (OHCI) Driver
[    0.625802] ohci-pci: OHCI PCI platform driver
[    0.625816] ohci-platform: OHCI generic platform driver
[    0.625826] uhci_hcd: USB Universal Host Controller Interface driver
[    0.625943] i8042: PNP: PS/2 Controller [PNP0303:PS2K,PNP0f03:PS2M] at 0x60,0x64 irq 1,12
[    0.626714] serio: i8042 KBD port at 0x60,0x64 irq 1
[    0.626721] serio: i8042 AUX port at 0x60,0x64 irq 12
[    0.626898] mousedev: PS/2 mouse device common for all mice
[    0.627391] input: AT Translated Set 2 keyboard as /devices/platform/i8042/serio0/input/input2
[    0.628198] rtc_cmos rtc_cmos: registered as rtc0
[    0.628226] rtc_cmos rtc_cmos: alarms up to one day, 114 bytes nvram
[    0.628236] i2c /dev entries driver
[    0.628315] device-mapper: uevent: version 1.0.3
[    0.628400] device-mapper: ioctl: 4.41.0-ioctl (2019-09-16) initialised: dm-devel@redhat.com
[    0.628432] platform eisa.0: Probing EISA bus 0
[    0.628435] platform eisa.0: EISA: Cannot allocate resource for mainboard
[    0.628437] platform eisa.0: Cannot allocate resource for EISA slot 1
[    0.628440] platform eisa.0: Cannot allocate resource for EISA slot 2
[    0.628442] platform eisa.0: Cannot allocate resource for EISA slot 3
[    0.628444] platform eisa.0: Cannot allocate resource for EISA slot 4
[    0.628446] platform eisa.0: Cannot allocate resource for EISA slot 5
[    0.628448] platform eisa.0: Cannot allocate resource for EISA slot 6
[    0.628450] platform eisa.0: Cannot allocate resource for EISA slot 7
[    0.628452] platform eisa.0: Cannot allocate resource for EISA slot 8
[    0.628454] platform eisa.0: EISA: Detected 0 cards
[    0.628459] intel_pstate: CPU model not supported
[    0.628474] ledtrig-cpu: registered to indicate activity on CPUs
[    0.628559] drop_monitor: Initializing network drop monitor service
[    0.628906] NET: Registered protocol family 10
[    0.635557] Segment Routing with IPv6
[    0.635557] fullmesh registered
[    0.635557] ndiffports registered
[    0.635557] binder registered
[    0.635557] roundrobin registered
[    0.635557] redundant registered
[    0.635557] blest registered
[    0.635557] ecf registered
[    0.635557] NET: Registered protocol family 17
[    0.635557] Key type dns_resolver registered
[    0.635557] RAS: Correctable Errors collector initialized.
[    0.635557] IPI shorthand broadcast: enabled
[    0.635557] sched_clock: Marking stable (620496671, 11060747)->(631452700, 104718)
[    0.639956] registered taskstats version 1
[    0.639969] Loading compiled-in X.509 certificates
[    0.641290] Loaded X.509 cert 'Build time autogenerated kernel key: 6909f3744cebb3d0de528d5887b96a727de79b1e'
[    0.641321] zswap: loaded using pool lzo/zbud
[    0.641424] Key type ._fscrypt registered
[    0.641426] Key type .fscrypt registered
[    0.651140] Key type big_key registered
[    0.655422] Key type encrypted registered
[    0.655427] AppArmor: AppArmor sha1 policy hashing enabled
[    0.655437] ima: No TPM chip found, activating TPM-bypass!
[    0.655445] ima: Allocated hash algorithm: sha1
[    0.655452] ima: No architecture policies found
[    0.655469] evm: Initialising EVM extended attributes:
[    0.655470] evm: security.selinux
[    0.655471] evm: security.SMACK64
[    0.655472] evm: security.SMACK64EXEC
[    0.655472] evm: security.SMACK64TRANSMUTE
[    0.655473] evm: security.SMACK64MMAP
[    0.655474] evm: security.apparmor
[    0.655475] evm: security.ima
[    0.655476] evm: security.capability
[    0.655477] evm: HMAC attrs: 0x1
[    0.655977] PM:   Magic number: 10:170:323
[    0.655995] tty tty48: hash matches
[    0.656161] rtc_cmos rtc_cmos: setting system clock to 2026-01-13T09:18:18 UTC (1768295898)
[    0.796872] ata1.00: ATA-6: VBOX HARDDISK, 1.0, max UDMA/133
[    0.796875] ata1.00: 209715200 sectors, multi 128: LBA 
[    0.797607] scsi 0:0:0:0: Direct-Access     ATA      VBOX HARDDISK    1.0  PQ: 0 ANSI: 5
[    0.797913] sd 0:0:0:0: [sda] 209715200 512-byte logical blocks: (107 GB/100 GiB)
[    0.797927] sd 0:0:0:0: [sda] Write Protect is off
[    0.797931] sd 0:0:0:0: [sda] Mode Sense: 00 3a 00 00
[    0.797955] sd 0:0:0:0: [sda] Write cache: enabled, read cache: enabled, doesn't support DPO or FUA
[    0.798183] sd 0:0:0:0: Attached scsi generic sg0 type 0
[    0.799413]  sda: sda1 sda2
[    0.811289] sd 0:0:0:0: [sda] Attached SCSI disk
[    0.815176] Freeing unused decrypted memory: 2040K
[    0.816248] Freeing unused kernel image memory: 2728K
[    0.816251] Write protecting the kernel read-only data: 22528k
[    0.817421] Freeing unused kernel image memory: 2036K
[    0.818048] Freeing unused kernel image memory: 1432K
[    0.849400] x86/mm: Checked W+X mappings: passed, no W+X pages found.
[    0.849404] Run /init as init process
[    0.946656] ACPI: Video Device [GFX0] (multi-head: yes  rom: no  post: no)
[    0.946722] input: Video Bus as /devices/LNXSYSTM:00/LNXSYBUS:00/PNP0A03:00/LNXVIDEO:00/input/input4
[    0.956434] pcnet32: pcnet32.c:v1.35 21.Apr.2008 tsbogend@alpha.franken.de
[    0.957208] pcnet32: PCnet/FAST III 79C973 at 0xd020, 08:00:27:eb:d7:c4 assigned IRQ 19
[    0.957250] pcnet32: Found PHY 0022:561b at address 0
[    0.957541] pcnet32: eth0: registered as PCnet/FAST III 79C973
[    0.959453] pcnet32: PCnet/FAST III 79C973 at 0xd060, 08:00:27:9c:5f:de assigned IRQ 16
[    0.959494] pcnet32: Found PHY 0022:561b at address 0
[    0.959776] pcnet32: eth1: registered as PCnet/FAST III 79C973
[    0.963027] piix4_smbus 0000:00:07.0: SMBus Host Controller at 0x4100, revision 0
[    0.965524] e1000: Intel(R) PRO/1000 Network Driver - version 7.3.21-k8-NAPI
[    0.965524] e1000: Copyright (c) 1999-2006 Intel Corporation.
[    0.970099] pcnet32: 2 cards_found
[    1.038969] pcnet32 0000:00:03.0 enp0s3: renamed from eth0
[    1.040758] pcnet32 0000:00:08.0 enp0s8: renamed from eth1
[    1.178908] input: ImExPS/2 Generic Explorer Mouse as /devices/platform/i8042/serio1/input/input5
[    1.371437] e1000 0000:00:09.0 eth0: (PCI:33MHz:32-bit) 08:00:27:5f:76:3f
[    1.371440] e1000 0000:00:09.0 eth0: Intel(R) PRO/1000 Network Connection
[    1.372340] e1000 0000:00:09.0 enp0s9: renamed from eth0
[    1.523933] EXT4-fs (sda2): mounted filesystem with ordered data mode. Opts: (null)
[    1.613300] systemd[1]: Inserted module 'autofs4'
[    1.625066] systemd[1]: systemd 245.4-4ubuntu3 running in system mode. (+PAM +AUDIT +SELINUX +IMA +APPARMOR +SMACK +SYSVINIT +UTMP +LIBCRYPTSETUP +GCRYPT +GNUTLS +ACL +XZ +LZ4 +SECCOMP +BLKID +ELFUTILS +KMOD +IDN2 -IDN +PCRE2 default-hierarchy=hybrid)
[    1.625094] systemd[1]: Detected virtualization oracle.
[    1.625097] systemd[1]: Detected architecture x86-64.
[    1.626365] systemd[1]: Set hostname to <ztg>.
[    1.748876] systemd[1]: /lib/systemd/system/dbus.socket:5: ListenStream= references a path below legacy directory /var/run/, updating /var/run/dbus/system_bus_socket â†’ /run/dbus/system_bus_socket; please update the unit file accordingly.
[    1.800519] systemd[1]: Created slice system-modprobe.slice.
[    1.800711] systemd[1]: Created slice User and Session Slice.
[    1.800753] systemd[1]: Started Forward Password Requests to Wall Directory Watch.
[    1.800902] systemd[1]: Set up automount Arbitrary Executable File Formats File System Automount Point.
[    1.800933] systemd[1]: Reached target User and Group Name Lookups.
[    1.800943] systemd[1]: Reached target Remote File Systems.
[    1.800950] systemd[1]: Reached target Slices.
[    1.801502] systemd[1]: Listening on Syslog Socket.
[    1.801569] systemd[1]: Listening on fsck to fsckd communication Socket.
[    1.801606] systemd[1]: Listening on initctl Compatibility Named Pipe.
[    1.801734] systemd[1]: Listening on Journal Audit Socket.
[    1.801787] systemd[1]: Listening on Journal Socket (/dev/log).
[    1.801852] systemd[1]: Listening on Journal Socket.
[    1.801913] systemd[1]: Listening on udev Control Socket.
[    1.801952] systemd[1]: Listening on udev Kernel Socket.
[    1.802623] systemd[1]: Mounting Huge Pages File System...
[    1.803548] systemd[1]: Mounting POSIX Message Queue File System...
[    1.804375] systemd[1]: Mounting Kernel Debug File System...
[    1.805213] systemd[1]: Mounting Kernel Trace File System...
[    1.807055] systemd[1]: Starting Journal Service...
[    1.829405] systemd[1]: Starting Set the console keyboard layout...
[    1.837023] systemd[1]: Starting Create list of static device nodes for the current kernel...
[    1.838766] systemd[1]: Starting Load Kernel Module drm...
[    1.839791] systemd[1]: Condition check resulted in Set Up Additional Binary Formats being skipped.
[    1.839830] systemd[1]: Condition check resulted in File System Check on Root Device being skipped.
[    1.843673] systemd[1]: Starting Load Kernel Modules...
[    1.844426] systemd[1]: Starting Remount Root and Kernel File Systems...
[    1.845209] systemd[1]: Starting udev Coldplug all Devices...
[    1.845965] systemd[1]: Starting Uncomplicated firewall...
[    1.847381] systemd[1]: Mounted Huge Pages File System.
[    1.847470] systemd[1]: Mounted POSIX Message Queue File System.
[    1.847535] systemd[1]: Mounted Kernel Debug File System.
[    1.847597] systemd[1]: Mounted Kernel Trace File System.
[    1.905437] systemd[1]: Finished Create list of static device nodes for the current kernel.
[    1.906524] systemd[1]: Finished Uncomplicated firewall.
[    1.911264] EXT4-fs (sda2): re-mounted. Opts: errors=remount-ro
[    1.914232] systemd[1]: Finished Remount Root and Kernel File Systems.
[    1.914830] systemd[1]: Condition check resulted in Rebuild Hardware Database being skipped.
[    1.914880] systemd[1]: Condition check resulted in Platform Persistent Storage Archival being skipped.
[    1.917072] systemd[1]: Starting Load/Save Random Seed...
[    1.924424] systemd[1]: Starting Create System Users...
[    1.924750] systemd[1]: modprobe@drm.service: Succeeded.
[    1.930339] systemd[1]: Finished Load Kernel Module drm.
[    1.934547] systemd[1]: Finished Load/Save Random Seed.
[    1.955613] systemd[1]: Finished Create System Users.
[    1.956314] systemd[1]: Starting Create Static Device Nodes in /dev...
[    1.961583] lp: driver loaded but no devices found
[    1.983344] ppdev: user-space parallel port driver
[    1.996443] systemd[1]: Finished Create Static Device Nodes in /dev.
[    1.997188] systemd[1]: Starting udev Kernel Device Manager...
[    2.030611] systemd[1]: Finished udev Coldplug all Devices.
[    2.033824] [drm] DMA map mode: Caching DMA mappings.
[    2.033920] [drm] Capabilities:
[    2.033920] [drm]   Rect copy.
[    2.033921] [drm]   Cursor.
[    2.033921] [drm]   Cursor bypass.
[    2.033921] [drm]   Cursor bypass 2.
[    2.033922] [drm]   Alpha cursor.
[    2.033922] [drm]   Extended Fifo.
[    2.033923] [drm]   Pitchlock.
[    2.033923] [drm]   Irq mask.
[    2.033923] [drm]   GMR.
[    2.033924] [drm]   Traces.
[    2.033924] [drm]   GMR2.
[    2.033924] [drm]   Screen Object 2.
[    2.033925] [drm]   Command Buffers.
[    2.033925] [drm]   Command Buffers 2.
[    2.033925] [drm]   Guest Backed Resources.
[    2.033926] [drm] Max GMR ids is 8192
[    2.033927] [drm] Max number of GMR pages is 1048576
[    2.033928] [drm] Max dedicated hypervisor surface memory is 393216 kiB
[    2.033928] [drm] Maximum display memory size is 131072 kiB
[    2.033929] [drm] VRAM at 0xe0000000 size is 131072 kiB
[    2.033930] [drm] MMIO at 0xf0000000 size is 2048 kiB
[    2.054790] [TTM] Zone  kernel: Available graphics memory: 1011738 KiB
[    2.054790] [TTM] Initializing pool allocator
[    2.054795] [TTM] Initializing DMA pool allocator
[    2.054823] [drm] Supports vblank timestamp caching Rev 2 (21.10.2013).
[    2.054823] [drm] No driver support for vblank timestamp query.
[    2.055033] [drm] Screen Target Display device initialized
[    2.055291] [drm] width 720
[    2.055301] [drm] height 400
[    2.055304] [drm] bpp 32
[    2.055789] [drm] Fifo max 0x00200000 min 0x00001000 cap 0x00000355
[    2.056896] [drm] Using command buffers with DMA pool.
[    2.056901] [drm] DX: no.
[    2.056901] [drm] Atomic: yes.
[    2.056902] [drm] SM4_1: no.
[    2.056920] [drm:vmw_host_log [vmwgfx]] *ERROR* Failed to send host log message.
[    2.057807] [drm:vmw_host_log [vmwgfx]] *ERROR* Failed to send host log message.
[    2.083371] fbcon: svgadrmfb (fb0) is primary device
[    2.085473] Console: switching to colour frame buffer device 100x37
[    2.091251] [drm] Initialized vmwgfx 2.15.0 20180704 for 0000:00:02.0 on minor 0
[    2.092191] systemd[1]: Finished Load Kernel Modules.
[    2.093084] systemd[1]: Mounting FUSE Control File System...
[    2.094218] systemd[1]: Mounting Kernel Configuration File System...
[    2.120570] systemd[1]: Starting Apply Kernel Variables...
[    2.125610] systemd[1]: Finished Set the console keyboard layout.
[    2.125713] systemd[1]: Reached target Local File Systems (Pre).
[    2.133581] systemd[1]: Mounting Mount unit for bare, revision 5...
[    2.137123] systemd[1]: Mounting Mount unit for core18, revision 1705...
[    2.140085] systemd[1]: Mounting Mount unit for gnome-3-34-1804, revision 24...
[    2.143351] systemd[1]: Mounting Mount unit for gtk-common-themes, revision 1506...
[    2.151060] systemd[1]: Mounting Mount unit for gtk-common-themes, revision 1535...
[    2.167829] systemd[1]: Mounting Mount unit for snap-store, revision 433...
[    2.181302] systemd[1]: Mounting Mount unit for snapd, revision 25935...
[    2.183198] systemd[1]: Mounted FUSE Control File System.
[    2.183297] systemd[1]: Mounted Kernel Configuration File System.
[    2.207029] systemd[1]: Finished Apply Kernel Variables.
[    2.207967] systemd[1]: Mounted Mount unit for bare, revision 5.
[    2.208030] systemd[1]: Condition check resulted in VMware vmblock fuse mount being skipped.
[    2.218176] systemd[1]: Mounted Mount unit for core18, revision 1705.
[    2.218257] systemd[1]: Mounted Mount unit for gnome-3-34-1804, revision 24.
[    2.224159] systemd[1]: Started udev Kernel Device Manager.
[    2.224814] systemd[1]: Starting Show Plymouth Boot Screen...
[    2.232870] systemd[1]: Received SIGRTMIN+20 from PID 280 (plymouthd).
[    2.253812] systemd[1]: Started Show Plymouth Boot Screen.
[    2.253962] systemd[1]: Condition check resulted in Dispatch Password Requests to Console Directory Watch being skipped.
[    2.254053] systemd[1]: Started Forward Password Requests to Plymouth Directory Watch.
[    2.254097] systemd[1]: Reached target Local Encrypted Volumes.
[    2.282488] systemd[1]: Mounted Mount unit for gtk-common-themes, revision 1506.
[    2.317285] systemd[1]: Mounted Mount unit for snap-store, revision 433.
[    2.366027] systemd[1]: Mounted Mount unit for gtk-common-themes, revision 1535.
[    2.368277] systemd[1]: Mounted Mount unit for snapd, revision 25935.
[    2.368465] systemd[1]: Reached target Local File Systems.
[    2.369241] systemd[1]: Starting Load AppArmor profiles...
[    2.383346] systemd[1]: Starting Set console font and keymap...
[    2.397302] systemd[1]: Starting Tell Plymouth To Write Out Runtime Data...
[    2.398718] systemd[1]: Condition check resulted in Store a System Token in an EFI Variable being skipped.
[    2.398768] systemd[1]: Condition check resulted in Commit a transient machine-id on disk being skipped.
[    2.401230] systemd[1]: Finished Set console font and keymap.
[    2.410304] systemd[1]: Received SIGRTMIN+20 from PID 280 (plymouthd).
[    2.411806] systemd[1]: plymouth-read-write.service: Succeeded.
[    2.412031] systemd[1]: Finished Tell Plymouth To Write Out Runtime Data.
[    2.446136] audit: type=1400 audit(1768295900.288:2): apparmor="STATUS" operation="profile_load" profile="unconfined" name="nvidia_modprobe" pid=300 comm="apparmor_parser"
[    2.446139] audit: type=1400 audit(1768295900.288:3): apparmor="STATUS" operation="profile_load" profile="unconfined" name="nvidia_modprobe//kmod" pid=300 comm="apparmor_parser"
[    2.451329] audit: type=1400 audit(1768295900.292:4): apparmor="STATUS" operation="profile_load" profile="unconfined" name="/usr/sbin/tcpdump" pid=301 comm="apparmor_parser"
[    2.478510] audit: type=1400 audit(1768295900.308:5): apparmor="STATUS" operation="profile_load" profile="unconfined" name="/usr/bin/evince" pid=303 comm="apparmor_parser"
[    2.478512] audit: type=1400 audit(1768295900.308:6): apparmor="STATUS" operation="profile_load" profile="unconfined" name="/usr/bin/evince//sanitized_helper" pid=303 comm="apparmor_parser"
[    2.478514] audit: type=1400 audit(1768295900.308:7): apparmor="STATUS" operation="profile_load" profile="unconfined" name="/usr/bin/evince-previewer" pid=303 comm="apparmor_parser"
[    2.478515] audit: type=1400 audit(1768295900.308:8): apparmor="STATUS" operation="profile_load" profile="unconfined" name="/usr/bin/evince-previewer//sanitized_helper" pid=303 comm="apparmor_parser"
[    2.478517] audit: type=1400 audit(1768295900.308:9): apparmor="STATUS" operation="profile_load" profile="unconfined" name="/usr/bin/evince-thumbnailer" pid=303 comm="apparmor_parser"
[    2.514561] audit: type=1400 audit(1768295900.352:10): apparmor="STATUS" operation="profile_load" profile="unconfined" name="/usr/lib/cups/backend/cups-pdf" pid=304 comm="apparmor_parser"
[    2.585169] systemd[1]: Finished Load AppArmor profiles.
[    2.586013] systemd[1]: Starting Load AppArmor profiles managed internally by snapd...
[    2.695328] systemd[1]: Finished Load AppArmor profiles managed internally by snapd.
[    2.764648] systemd[1]: Started Journal Service.
[    2.773885] systemd-journald[229]: Received client request to flush runtime journal.
[    2.776519] systemd-journald[229]: File /var/log/journal/c455b248004a419c87ce85eea238d727/system.journal corrupted or uncleanly shut down, renaming and replacing.
[    4.001713] RAPL PMU: API unit is 2^-32 Joules, 0 fixed counters, 10737418240 ms ovfl timer
[    4.041514] cryptd: max_cpu_qlen set to 1000
[    4.115007] AVX2 version of gcm_enc/dec engaged.
[    4.115008] AES CTR mode by8 optimization enabled
[    5.850854] Adding 1998844k swap on /dev/sda1.  Priority:-2 extents:1 across:1998844k FS
[    6.617761] kauditd_printk_skb: 30 callbacks suppressed
[    6.617762] audit: type=1400 audit(1768295904.456:41): apparmor="DENIED" operation="capable" profile="/usr/sbin/cups-browsed" pid=510 comm="cups-browsed" capability=23  capname="sys_nice"
[    8.106540] pcnet32 0000:00:03.0 enp0s3: link up, 100Mbps, full-duplex
[    8.125561] pcnet32 0000:00:08.0 enp0s8: link up, 100Mbps, full-duplex
[    8.169142] e1000: enp0s9 NIC Link is Up 1000 Mbps Full Duplex, Flow Control: RX
[    8.169432] IPv6: ADDRCONF(NETDEV_CHANGE): enp0s9: link becomes ready
[    8.693647] device enp0s8 entered promiscuous mode
[    8.710890] device enp0s3 entered promiscuous mode
[    8.744375] audit: type=1400 audit(1768295906.580:42): apparmor="DENIED" operation="open" profile="/usr/sbin/tcpdump" name="/proc/sys/kernel/random/boot_id" pid=623 comm="tcpdump" requested_mask="r" denied_mask="r" fsuid=0 ouid=0
[    8.744520] audit: type=1400 audit(1768295906.580:43): apparmor="DENIED" operation="open" profile="/usr/sbin/tcpdump" name="/proc/sys/kernel/random/boot_id" pid=622 comm="tcpdump" requested_mask="r" denied_mask="r" fsuid=0 ouid=0
[    8.746208] audit: type=1400 audit(1768295906.580:44): apparmor="DENIED" operation="open" profile="/usr/sbin/tcpdump" name="/proc/sys/kernel/random/boot_id" pid=622 comm="tcpdump" requested_mask="r" denied_mask="r" fsuid=0 ouid=0
[    8.746307] audit: type=1400 audit(1768295906.580:45): apparmor="DENIED" operation="open" profile="/usr/sbin/tcpdump" name="/proc/sys/kernel/random/boot_id" pid=623 comm="tcpdump" requested_mask="r" denied_mask="r" fsuid=0 ouid=0
[    8.746349] audit: type=1400 audit(1768295906.580:46): apparmor="DENIED" operation="open" profile="/usr/sbin/tcpdump" name="/proc/sys/kernel/random/boot_id" pid=622 comm="tcpdump" requested_mask="r" denied_mask="r" fsuid=0 ouid=0
[    8.746420] audit: type=1400 audit(1768295906.580:47): apparmor="DENIED" operation="open" profile="/usr/sbin/tcpdump" name="/proc/sys/kernel/random/boot_id" pid=623 comm="tcpdump" requested_mask="r" denied_mask="r" fsuid=0 ouid=0
[    8.746511] audit: type=1400 audit(1768295906.580:48): apparmor="DENIED" operation="open" profile="/usr/sbin/tcpdump" name="/proc/sys/kernel/random/boot_id" pid=623 comm="tcpdump" requested_mask="r" denied_mask="r" fsuid=0 ouid=0
[    8.746530] audit: type=1400 audit(1768295906.580:49): apparmor="DENIED" operation="open" profile="/usr/sbin/tcpdump" name="/proc/sys/kernel/random/boot_id" pid=622 comm="tcpdump" requested_mask="r" denied_mask="r" fsuid=0 ouid=0
[    8.755295] audit: type=1400 audit(1768295906.596:50): apparmor="DENIED" operation="open" profile="/usr/sbin/tcpdump" name="/proc/sys/kernel/random/boot_id" pid=624 comm="tcpdump" requested_mask="r" denied_mask="r" fsuid=0 ouid=0
[   14.468703] rfkill: input handler disabled
[  288.608972] AAAAA-TCP_RECV: name:enp0s8: saddr:100932208: daddr:16783984: srtt_us:0: RTT:0: ssthresh:2147483647: cwnd:10: delivered:0: lost:0: retrans:0
[  288.610102] AAAAA-TCP_SEND: name:enp0s3: saddr:16783984: daddr:100932208: srtt_us:0: RTT:0: ssthresh:0: cwnd:0: delivered:0: lost:0: retrans:0
[  289.134033] AAAAA-TCP_SEND: name:enp0s8: saddr:16783984: daddr:100932208: srtt_us:0: RTT:0: ssthresh:0: cwnd:0: delivered:0: lost:0: retrans:0
[  289.699265] AAAAA-TCP_SEND: name:enp0s8: saddr:16783984: daddr:100932208: srtt_us:4528000: RTT:566000: ssthresh:2147483647: cwnd:10: delivered:1: lost:0: retrans:1
[  289.754557] AAAAA-TCP_RECV: name:enp0s8: saddr:100932208: daddr:16783984: srtt_us:4528000: RTT:566000: ssthresh:2147483647: cwnd:10: delivered:1: lost:0: retrans:1
[  289.754590] AAAAA-TCP_SEND: name:enp0s8: saddr:16783984: daddr:100932208: srtt_us:4528000: RTT:566000: ssthresh:2147483647: cwnd:10: delivered:1: lost:0: retrans:1
[  289.754820] AAAAA-TCP_SEND: name:enp0s8: saddr:16783984: daddr:100932208: srtt_us:4528000: RTT:566000: ssthresh:2147483647: cwnd:10: delivered:1: lost:0: retrans:1
[  289.989034] AAAAA-TCP_RECV: name:enp0s3: saddr:100932208: daddr:33561200: srtt_us:0: RTT:0: ssthresh:2147483647: cwnd:10: delivered:0: lost:0: retrans:0
[  289.989075] AAAAA-TCP_SEND: name:enp0s8: saddr:33561200: daddr:100932208: srtt_us:0: RTT:0: ssthresh:0: cwnd:0: delivered:0: lost:0: retrans:0
[  290.182161] AAAAA-TCP_RECV: name:enp0s3: saddr:100932208: daddr:16783984: srtt_us:4528000: RTT:566000: ssthresh:2147483647: cwnd:10: delivered:1: lost:0: retrans:1
[  290.275651] AAAAA-TCP_RECV: name:enp0s3: saddr:100932208: daddr:16783984: srtt_us:4389363: RTT:548670: ssthresh:2147483647: cwnd:10: delivered:2: lost:0: retrans:1
[  290.275681] AAAAA-TCP_SEND: name:enp0s8: saddr:16783984: daddr:100932208: srtt_us:4389363: RTT:548670: ssthresh:2147483647: cwnd:10: delivered:2: lost:0: retrans:1
[  290.395626] AAAAA-TCP_SEND: name:enp0s8: saddr:33561200: daddr:100932208: srtt_us:3252288: RTT:406536: ssthresh:2147483647: cwnd:10: delivered:1: lost:0: retrans:0
[  290.532605] AAAAA-TCP_RECV: name:enp0s3: saddr:100932208: daddr:16783984: srtt_us:4389363: RTT:548670: ssthresh:2147483647: cwnd:10: delivered:2: lost:0: retrans:1
[  290.532638] AAAAA-TCP_SEND: name:enp0s8: saddr:16783984: daddr:100932208: srtt_us:4389363: RTT:548670: ssthresh:2147483647: cwnd:10: delivered:2: lost:0: retrans:1
[  290.591619] AAAAA-TCP_RECV: name:enp0s3: saddr:100932208: daddr:16783984: srtt_us:4389363: RTT:548670: ssthresh:2147483647: cwnd:10: delivered:2: lost:0: retrans:1
[  290.725854] AAAAA-TCP_RECV: name:enp0s3: saddr:100932208: daddr:16783984: srtt_us:4389363: RTT:548670: ssthresh:2147483647: cwnd:10: delivered:3: lost:0: retrans:1
[  290.725887] AAAAA-TCP_SEND: name:enp0s8: saddr:16783984: daddr:100932208: srtt_us:4389363: RTT:548670: ssthresh:2147483647: cwnd:10: delivered:3: lost:0: retrans:1
[  290.726110] AAAAA-TCP_SEND: name:enp0s8: saddr:33561200: daddr:100932208: srtt_us:3252288: RTT:406536: ssthresh:2147483647: cwnd:10: delivered:1: lost:0: retrans:0
[  290.919390] AAAAA-TCP_RECV: name:enp0s3: saddr:100932208: daddr:33561200: srtt_us:3252288: RTT:406536: ssthresh:2147483647: cwnd:10: delivered:1: lost:0: retrans:0
[  290.919430] AAAAA-TCP_SEND: name:enp0s8: saddr:33561200: daddr:100932208: srtt_us:3252288: RTT:406536: ssthresh:2147483647: cwnd:10: delivered:1: lost:0: retrans:0
[  291.245869] AAAAA-TCP_RECV: name:enp0s3: saddr:100932208: daddr:33561200: srtt_us:3252288: RTT:406536: ssthresh:2147483647: cwnd:10: delivered:1: lost:0: retrans:0
[  291.313242] AAAAA-TCP_RECV: name:enp0s3: saddr:100932208: daddr:16783984: srtt_us:0: RTT:0: ssthresh:2147483647: cwnd:10: delivered:0: lost:0: retrans:0
[  291.313276] AAAAA-TCP_SEND: name:enp0s8: saddr:16783984: daddr:100932208: srtt_us:0: RTT:0: ssthresh:0: cwnd:0: delivered:0: lost:0: retrans:0
[  291.505850] AAAAA-TCP_SEND: name:enp0s8: saddr:16783984: daddr:100932208: srtt_us:1540488: RTT:192561: ssthresh:2147483647: cwnd:10: delivered:1: lost:0: retrans:0
[  291.629715] AAAAA-TCP_RECV: name:enp0s3: saddr:100932208: daddr:16783984: srtt_us:1540488: RTT:192561: ssthresh:2147483647: cwnd:10: delivered:1: lost:0: retrans:0
[  291.629748] AAAAA-TCP_SEND: name:enp0s8: saddr:16783984: daddr:100932208: srtt_us:1540488: RTT:192561: ssthresh:2147483647: cwnd:10: delivered:1: lost:0: retrans:0
[  291.630904] AAAAA-TCP_SEND: name:enp0s8: saddr:33561200: daddr:100932208: srtt_us:3365533: RTT:420691: ssthresh:2147483647: cwnd:10: delivered:2: lost:0: retrans:0
[  291.760046] AAAAA-TCP_RECV: name:enp0s3: saddr:100932208: daddr:33561200: srtt_us:0: RTT:0: ssthresh:2147483647: cwnd:10: delivered:0: lost:0: retrans:0
[  291.760080] AAAAA-TCP_SEND: name:enp0s8: saddr:33561200: daddr:100932208: srtt_us:0: RTT:0: ssthresh:0: cwnd:0: delivered:0: lost:0: retrans:0
[  291.872164] AAAAA-TCP_RECV: name:enp0s3: saddr:100932208: daddr:33561200: srtt_us:3365533: RTT:420691: ssthresh:2147483647: cwnd:10: delivered:2: lost:0: retrans:0
[  291.872194] AAAAA-TCP_SEND: name:enp0s8: saddr:33561200: daddr:100932208: srtt_us:3365533: RTT:420691: ssthresh:2147483647: cwnd:10: delivered:2: lost:0: retrans:0
[  291.942570] AAAAA-TCP_SEND: name:enp0s8: saddr:33561200: daddr:100932208: srtt_us:1459832: RTT:182479: ssthresh:2147483647: cwnd:10: delivered:1: lost:0: retrans:0
[  292.034368] AAAAA-TCP_RECV: name:enp0s3: saddr:100932208: daddr:33561200: srtt_us:3186136: RTT:398267: ssthresh:2147483647: cwnd:10: delivered:3: lost:0: retrans:0
[  292.107002] AAAAA-TCP_RECV: name:enp0s3: saddr:100932208: daddr:16783984: srtt_us:1540488: RTT:192561: ssthresh:2147483647: cwnd:10: delivered:1: lost:0: retrans:0
[  292.107030] AAAAA-TCP_SEND: name:enp0s8: saddr:16783984: daddr:100932208: srtt_us:1540488: RTT:192561: ssthresh:2147483647: cwnd:10: delivered:1: lost:0: retrans:0
[  292.240721] AAAAA-TCP_RECV: name:enp0s3: saddr:100932208: daddr:16783984: srtt_us:1540488: RTT:192561: ssthresh:2147483647: cwnd:10: delivered:1: lost:0: retrans:0
[  292.240836] AAAAA-TCP_SEND: name:enp0s8: saddr:16783984: daddr:100932208: srtt_us:1540488: RTT:192561: ssthresh:2147483647: cwnd:10: delivered:1: lost:0: retrans:0
[  292.337621] AAAAA-TCP_RECV: name:enp0s3: saddr:100932208: daddr:16783984: srtt_us:1540488: RTT:192561: ssthresh:2147483647: cwnd:10: delivered:1: lost:0: retrans:0
[  292.337698] AAAAA-TCP_SEND: name:enp0s3: saddr:16783984: daddr:100932208: srtt_us:1540488: RTT:192561: ssthresh:2147483647: cwnd:10: delivered:1: lost:0: retrans:0
[  292.460975] AAAAA-TCP_RECV: name:enp0s3: saddr:100932208: daddr:16783984: srtt_us:1540488: RTT:192561: ssthresh:2147483647: cwnd:10: delivered:1: lost:0: retrans:0
[  292.461010] AAAAA-TCP_SEND: name:enp0s3: saddr:16783984: daddr:100932208: srtt_us:1540488: RTT:192561: ssthresh:2147483647: cwnd:10: delivered:1: lost:0: retrans:0
[  292.538631] AAAAA-TCP_RECV: name:enp0s3: saddr:100932208: daddr:16783984: srtt_us:1540488: RTT:192561: ssthresh:2147483647: cwnd:10: delivered:1: lost:0: retrans:0
[  292.538665] AAAAA-TCP_SEND: name:enp0s3: saddr:16783984: daddr:100932208: srtt_us:1540488: RTT:192561: ssthresh:2147483647: cwnd:10: delivered:1: lost:0: retrans:0
[  292.606447] AAAAA-TCP_RECV: name:enp0s3: saddr:100932208: daddr:16783984: srtt_us:1540488: RTT:192561: ssthresh:2147483647: cwnd:10: delivered:1: lost:0: retrans:0
[  292.606474] AAAAA-TCP_SEND: name:enp0s3: saddr:16783984: daddr:100932208: srtt_us:1540488: RTT:192561: ssthresh:2147483647: cwnd:10: delivered:1: lost:0: retrans:0
[  292.655972] AAAAA-TCP_RECV: name:enp0s3: saddr:100932208: daddr:16783984: srtt_us:1540488: RTT:192561: ssthresh:2147483647: cwnd:10: delivered:1: lost:0: retrans:0
[  292.655997] AAAAA-TCP_SEND: name:enp0s3: saddr:16783984: daddr:100932208: srtt_us:1540488: RTT:192561: ssthresh:2147483647: cwnd:10: delivered:1: lost:0: retrans:0
[  292.893479] AAAAA-TCP_RECV: name:enp0s3: saddr:100932208: daddr:16783984: srtt_us:1540488: RTT:192561: ssthresh:2147483647: cwnd:10: delivered:1: lost:0: retrans:0
[  292.893509] AAAAA-TCP_SEND: name:enp0s3: saddr:16783984: daddr:100932208: srtt_us:1540488: RTT:192561: ssthresh:2147483647: cwnd:10: delivered:1: lost:0: retrans:0
[  293.002941] AAAAA-TCP_RECV: name:enp0s3: saddr:100932208: daddr:16783984: srtt_us:1540488: RTT:192561: ssthresh:2147483647: cwnd:10: delivered:1: lost:0: retrans:0
[  293.002972] AAAAA-TCP_SEND: name:enp0s3: saddr:16783984: daddr:100932208: srtt_us:1540488: RTT:192561: ssthresh:2147483647: cwnd:10: delivered:1: lost:0: retrans:0
[  293.167121] AAAAA-TCP_RECV: name:enp0s3: saddr:100932208: daddr:16783984: srtt_us:1540488: RTT:192561: ssthresh:2147483647: cwnd:10: delivered:1: lost:0: retrans:0
[  293.167148] AAAAA-TCP_SEND: name:enp0s3: saddr:16783984: daddr:100932208: srtt_us:1540488: RTT:192561: ssthresh:2147483647: cwnd:10: delivered:1: lost:0: retrans:0
[  293.278024] AAAAA-TCP_RECV: name:enp0s3: saddr:100932208: daddr:33561200: srtt_us:1459832: RTT:182479: ssthresh:2147483647: cwnd:10: delivered:1: lost:0: retrans:0
[  293.278059] AAAAA-TCP_SEND: name:enp0s3: saddr:33561200: daddr:100932208: srtt_us:1459832: RTT:182479: ssthresh:2147483647: cwnd:10: delivered:1: lost:0: retrans:0
[  293.425994] AAAAA-TCP_RECV: name:enp0s3: saddr:100932208: daddr:33561200: srtt_us:1459832: RTT:182479: ssthresh:2147483647: cwnd:10: delivered:1: lost:0: retrans:0
[  293.426028] AAAAA-TCP_SEND: name:enp0s3: saddr:33561200: daddr:100932208: srtt_us:1459832: RTT:182479: ssthresh:2147483647: cwnd:10: delivered:1: lost:0: retrans:0
[  293.540773] AAAAA-TCP_RECV: name:enp0s3: saddr:100932208: daddr:33561200: srtt_us:1459832: RTT:182479: ssthresh:2147483647: cwnd:10: delivered:1: lost:0: retrans:0
[  293.540802] AAAAA-TCP_SEND: name:enp0s3: saddr:33561200: daddr:100932208: srtt_us:1459832: RTT:182479: ssthresh:2147483647: cwnd:10: delivered:1: lost:0: retrans:0
[  293.621131] AAAAA-TCP_RECV: name:enp0s3: saddr:100932208: daddr:33561200: srtt_us:1459832: RTT:182479: ssthresh:2147483647: cwnd:10: delivered:1: lost:0: retrans:0
[  293.621159] AAAAA-TCP_SEND: name:enp0s3: saddr:33561200: daddr:100932208: srtt_us:1459832: RTT:182479: ssthresh:2147483647: cwnd:10: delivered:1: lost:0: retrans:0
[  293.748997] AAAAA-TCP_RECV: name:enp0s3: saddr:100932208: daddr:33561200: srtt_us:1459832: RTT:182479: ssthresh:2147483647: cwnd:10: delivered:1: lost:0: retrans:0
[  293.749025] AAAAA-TCP_SEND: name:enp0s3: saddr:33561200: daddr:100932208: srtt_us:1459832: RTT:182479: ssthresh:2147483647: cwnd:10: delivered:1: lost:0: retrans:0
[  293.928764] AAAAA-TCP_RECV: name:enp0s3: saddr:100932208: daddr:33561200: srtt_us:1459832: RTT:182479: ssthresh:2147483647: cwnd:10: delivered:1: lost:0: retrans:0
[  293.928801] AAAAA-TCP_SEND: name:enp0s3: saddr:33561200: daddr:100932208: srtt_us:1459832: RTT:182479: ssthresh:2147483647: cwnd:10: delivered:1: lost:0: retrans:0
[  294.230836] AAAAA-TCP_RECV: name:enp0s3: saddr:100932208: daddr:33561200: srtt_us:1459832: RTT:182479: ssthresh:2147483647: cwnd:10: delivered:1: lost:0: retrans:0
[  294.230874] AAAAA-TCP_SEND: name:enp0s3: saddr:33561200: daddr:100932208: srtt_us:1459832: RTT:182479: ssthresh:2147483647: cwnd:10: delivered:1: lost:0: retrans:0
[  294.284328] AAAAA-TCP_RECV: name:enp0s3: saddr:100932208: daddr:33561200: srtt_us:1459832: RTT:182479: ssthresh:2147483647: cwnd:10: delivered:1: lost:0: retrans:0
[  294.284358] AAAAA-TCP_SEND: name:enp0s3: saddr:33561200: daddr:100932208: srtt_us:1459832: RTT:182479: ssthresh:2147483647: cwnd:10: delivered:1: lost:0: retrans:0
[  294.420555] AAAAA-TCP_RECV: name:enp0s3: saddr:100932208: daddr:33561200: srtt_us:1459832: RTT:182479: ssthresh:2147483647: cwnd:10: delivered:1: lost:0: retrans:0
[  294.420590] AAAAA-TCP_SEND: name:enp0s3: saddr:33561200: daddr:100932208: srtt_us:1459832: RTT:182479: ssthresh:2147483647: cwnd:10: delivered:1: lost:0: retrans:0
[  294.479675] AAAAA-TCP_RECV: name:enp0s3: saddr:100932208: daddr:33561200: srtt_us:1459832: RTT:182479: ssthresh:2147483647: cwnd:10: delivered:1: lost:0: retrans:0
[  294.479703] AAAAA-TCP_SEND: name:enp0s3: saddr:33561200: daddr:100932208: srtt_us:1459832: RTT:182479: ssthresh:2147483647: cwnd:10: delivered:1: lost:0: retrans:0
[  294.616954] AAAAA-TCP_RECV: name:enp0s3: saddr:100932208: daddr:16783984: srtt_us:1540488: RTT:192561: ssthresh:2147483647: cwnd:10: delivered:1: lost:0: retrans:0
[  294.616984] AAAAA-TCP_SEND: name:enp0s3: saddr:16783984: daddr:100932208: srtt_us:1540488: RTT:192561: ssthresh:2147483647: cwnd:10: delivered:1: lost:0: retrans:0
[  294.664270] AAAAA-TCP_RECV: name:enp0s3: saddr:100932208: daddr:16783984: srtt_us:1540488: RTT:192561: ssthresh:2147483647: cwnd:10: delivered:1: lost:0: retrans:0
[  294.664312] AAAAA-TCP_SEND: name:enp0s3: saddr:16783984: daddr:100932208: srtt_us:1540488: RTT:192561: ssthresh:2147483647: cwnd:10: delivered:1: lost:0: retrans:0
[  294.722045] AAAAA-TCP_RECV: name:enp0s3: saddr:100932208: daddr:16783984: srtt_us:1540488: RTT:192561: ssthresh:2147483647: cwnd:10: delivered:1: lost:0: retrans:0
[  294.722059] AAAAA-TCP_SEND: name:enp0s3: saddr:16783984: daddr:100932208: srtt_us:1540488: RTT:192561: ssthresh:2147483647: cwnd:10: delivered:1: lost:0: retrans:0
[  294.940434] AAAAA-TCP_RECV: name:enp0s3: saddr:100932208: daddr:16783984: srtt_us:1540488: RTT:192561: ssthresh:2147483647: cwnd:10: delivered:1: lost:0: retrans:0
[  294.940475] AAAAA-TCP_SEND: name:enp0s3: saddr:16783984: daddr:100932208: srtt_us:1540488: RTT:192561: ssthresh:2147483647: cwnd:10: delivered:1: lost:0: retrans:0
[  295.000233] AAAAA-TCP_RECV: name:enp0s3: saddr:100932208: daddr:33561200: srtt_us:1459832: RTT:182479: ssthresh:2147483647: cwnd:10: delivered:1: lost:0: retrans:0
[  295.000263] AAAAA-TCP_SEND: name:enp0s3: saddr:33561200: daddr:100932208: srtt_us:1459832: RTT:182479: ssthresh:2147483647: cwnd:10: delivered:1: lost:0: retrans:0
[  295.243321] AAAAA-TCP_RECV: name:enp0s3: saddr:100932208: daddr:16783984: srtt_us:1540488: RTT:192561: ssthresh:2147483647: cwnd:10: delivered:1: lost:0: retrans:0
[  295.243364] AAAAA-TCP_SEND: name:enp0s3: saddr:16783984: daddr:100932208: srtt_us:1540488: RTT:192561: ssthresh:2147483647: cwnd:10: delivered:1: lost:0: retrans:0
[  295.292497] AAAAA-TCP_RECV: name:enp0s3: saddr:100932208: daddr:33561200: srtt_us:1459832: RTT:182479: ssthresh:2147483647: cwnd:10: delivered:1: lost:0: retrans:0
[  295.292530] AAAAA-TCP_SEND: name:enp0s3: saddr:33561200: daddr:100932208: srtt_us:1459832: RTT:182479: ssthresh:2147483647: cwnd:10: delivered:1: lost:0: retrans:0
[  295.366143] AAAAA-TCP_RECV: name:enp0s3: saddr:100932208: daddr:16783984: srtt_us:1540488: RTT:192561: ssthresh:2147483647: cwnd:10: delivered:1: lost:0: retrans:0
[  295.366174] AAAAA-TCP_SEND: name:enp0s3: saddr:16783984: daddr:100932208: srtt_us:1540488: RTT:192561: ssthresh:2147483647: cwnd:10: delivered:1: lost:0: retrans:0
[  295.448412] AAAAA-TCP_RECV: name:enp0s3: saddr:100932208: daddr:16783984: srtt_us:1540488: RTT:192561: ssthresh:2147483647: cwnd:10: delivered:1: lost:0: retrans:0
[  295.448442] AAAAA-TCP_SEND: name:enp0s3: saddr:16783984: daddr:100932208: srtt_us:1540488: RTT:192561: ssthresh:2147483647: cwnd:10: delivered:1: lost:0: retrans:0
[  295.590015] AAAAA-TCP_RECV: name:enp0s3: saddr:100932208: daddr:16783984: srtt_us:1540488: RTT:192561: ssthresh:2147483647: cwnd:10: delivered:1: lost:0: retrans:0
[  295.590050] AAAAA-TCP_SEND: name:enp0s3: saddr:16783984: daddr:100932208: srtt_us:1540488: RTT:192561: ssthresh:2147483647: cwnd:10: delivered:1: lost:0: retrans:0
[  295.634493] AAAAA-TCP_RECV: name:enp0s3: saddr:100932208: daddr:16783984: srtt_us:1540488: RTT:192561: ssthresh:2147483647: cwnd:10: delivered:1: lost:0: retrans:0
[  295.634520] AAAAA-TCP_SEND: name:enp0s3: saddr:16783984: daddr:100932208: srtt_us:1540488: RTT:192561: ssthresh:2147483647: cwnd:10: delivered:1: lost:0: retrans:0
[  295.747931] AAAAA-TCP_RECV: name:enp0s3: saddr:100932208: daddr:16783984: srtt_us:1540488: RTT:192561: ssthresh:2147483647: cwnd:10: delivered:1: lost:0: retrans:0
[  295.747959] AAAAA-TCP_SEND: name:enp0s3: saddr:16783984: daddr:100932208: srtt_us:1540488: RTT:192561: ssthresh:2147483647: cwnd:10: delivered:1: lost:0: retrans:0
[  295.929673] AAAAA-TCP_RECV: name:enp0s3: saddr:100932208: daddr:16783984: srtt_us:1540488: RTT:192561: ssthresh:2147483647: cwnd:10: delivered:1: lost:0: retrans:0
[  295.929708] AAAAA-TCP_SEND: name:enp0s3: saddr:16783984: daddr:100932208: srtt_us:1540488: RTT:192561: ssthresh:2147483647: cwnd:10: delivered:1: lost:0: retrans:0
[  296.027497] AAAAA-TCP_RECV: name:enp0s3: saddr:100932208: daddr:16783984: srtt_us:1540488: RTT:192561: ssthresh:2147483647: cwnd:10: delivered:1: lost:0: retrans:0
[  296.027525] AAAAA-TCP_SEND: name:enp0s3: saddr:16783984: daddr:100932208: srtt_us:1540488: RTT:192561: ssthresh:2147483647: cwnd:10: delivered:1: lost:0: retrans:0
[  296.081487] AAAAA-TCP_RECV: name:enp0s3: saddr:100932208: daddr:16783984: srtt_us:1540488: RTT:192561: ssthresh:2147483647: cwnd:10: delivered:1: lost:0: retrans:0
[  296.081512] AAAAA-TCP_SEND: name:enp0s3: saddr:16783984: daddr:100932208: srtt_us:1540488: RTT:192561: ssthresh:2147483647: cwnd:10: delivered:1: lost:0: retrans:0
[  296.133248] AAAAA-TCP_RECV: name:enp0s3: saddr:100932208: daddr:16783984: srtt_us:1540488: RTT:192561: ssthresh:2147483647: cwnd:10: delivered:1: lost:0: retrans:0
[  296.133274] AAAAA-TCP_SEND: name:enp0s3: saddr:16783984: daddr:100932208: srtt_us:1540488: RTT:192561: ssthresh:2147483647: cwnd:10: delivered:1: lost:0: retrans:0
[  296.240065] AAAAA-TCP_RECV: name:enp0s3: saddr:100932208: daddr:16783984: srtt_us:1540488: RTT:192561: ssthresh:2147483647: cwnd:10: delivered:1: lost:0: retrans:0
[  296.240139] AAAAA-TCP_SEND: name:enp0s3: saddr:16783984: daddr:100932208: srtt_us:1540488: RTT:192561: ssthresh:2147483647: cwnd:10: delivered:1: lost:0: retrans:0
[  296.309928] AAAAA-TCP_RECV: name:enp0s3: saddr:100932208: daddr:16783984: srtt_us:1540488: RTT:192561: ssthresh:2147483647: cwnd:10: delivered:1: lost:0: retrans:0
[  296.340549] AAAAA-TCP_RECV: name:enp0s3: saddr:100932208: daddr:16783984: srtt_us:1540488: RTT:192561: ssthresh:2147483647: cwnd:10: delivered:1: lost:0: retrans:0
[  296.340573] AAAAA-TCP_SEND: name:enp0s3: saddr:16783984: daddr:100932208: srtt_us:1540488: RTT:192561: ssthresh:2147483647: cwnd:10: delivered:1: lost:0: retrans:0
[  296.414486] AAAAA-TCP_RECV: name:enp0s3: saddr:100932208: daddr:16783984: srtt_us:1540488: RTT:192561: ssthresh:2147483647: cwnd:10: delivered:1: lost:0: retrans:0
[  296.414539] AAAAA-TCP_SEND: name:enp0s3: saddr:16783984: daddr:100932208: srtt_us:1540488: RTT:192561: ssthresh:2147483647: cwnd:10: delivered:1: lost:0: retrans:0
[  296.465535] AAAAA-TCP_RECV: name:enp0s3: saddr:100932208: daddr:16783984: srtt_us:1540488: RTT:192561: ssthresh:2147483647: cwnd:10: delivered:1: lost:0: retrans:0
[  296.465599] AAAAA-TCP_SEND: name:enp0s3: saddr:16783984: daddr:100932208: srtt_us:1540488: RTT:192561: ssthresh:2147483647: cwnd:10: delivered:1: lost:0: retrans:0
[  296.524949] AAAAA-TCP_RECV: name:enp0s3: saddr:100932208: daddr:16783984: srtt_us:1540488: RTT:192561: ssthresh:2147483647: cwnd:10: delivered:1: lost:0: retrans:0
[  296.525014] AAAAA-TCP_SEND: name:enp0s3: saddr:16783984: daddr:100932208: srtt_us:1540488: RTT:192561: ssthresh:2147483647: cwnd:10: delivered:1: lost:0: retrans:0
[  296.578009] AAAAA-TCP_RECV: name:enp0s3: saddr:100932208: daddr:16783984: srtt_us:1540488: RTT:192561: ssthresh:2147483647: cwnd:10: delivered:1: lost:0: retrans:0
[  296.578118] AAAAA-TCP_SEND: name:enp0s3: saddr:16783984: daddr:100932208: srtt_us:1540488: RTT:192561: ssthresh:2147483647: cwnd:10: delivered:1: lost:0: retrans:0
[  296.796214] AAAAA-TCP_RECV: name:enp0s3: saddr:100932208: daddr:33561200: srtt_us:1459832: RTT:182479: ssthresh:2147483647: cwnd:10: delivered:1: lost:0: retrans:0
[  296.796238] AAAAA-TCP_SEND: name:enp0s3: saddr:33561200: daddr:100932208: srtt_us:1459832: RTT:182479: ssthresh:2147483647: cwnd:10: delivered:1: lost:0: retrans:0
[  296.885142] AAAAA-TCP_RECV: name:enp0s3: saddr:100932208: daddr:16783984: srtt_us:1540488: RTT:192561: ssthresh:2147483647: cwnd:10: delivered:1: lost:0: retrans:0
[  296.885176] AAAAA-TCP_SEND: name:enp0s3: saddr:16783984: daddr:100932208: srtt_us:1540488: RTT:192561: ssthresh:2147483647: cwnd:10: delivered:1: lost:0: retrans:0
[  296.988091] AAAAA-TCP_RECV: name:enp0s3: saddr:100932208: daddr:16783984: srtt_us:1540488: RTT:192561: ssthresh:2147483647: cwnd:10: delivered:1: lost:0: retrans:0
[  296.988125] AAAAA-TCP_SEND: name:enp0s3: saddr:16783984: daddr:100932208: srtt_us:1540488: RTT:192561: ssthresh:2147483647: cwnd:10: delivered:1: lost:0: retrans:0
[  297.088433] AAAAA-TCP_RECV: name:enp0s3: saddr:100932208: daddr:33561200: srtt_us:1459832: RTT:182479: ssthresh:2147483647: cwnd:10: delivered:1: lost:0: retrans:0
[  297.088477] AAAAA-TCP_SEND: name:enp0s3: saddr:33561200: daddr:100932208: srtt_us:1459832: RTT:182479: ssthresh:2147483647: cwnd:10: delivered:1: lost:0: retrans:0
[  297.166682] AAAAA-TCP_RECV: name:enp0s3: saddr:100932208: daddr:33561200: srtt_us:1459832: RTT:182479: ssthresh:2147483647: cwnd:10: delivered:1: lost:0: retrans:0
[  297.166708] AAAAA-TCP_SEND: name:enp0s3: saddr:33561200: daddr:100932208: srtt_us:1459832: RTT:182479: ssthresh:2147483647: cwnd:10: delivered:1: lost:0: retrans:0
[  297.324510] AAAAA-TCP_RECV: name:enp0s3: saddr:100932208: daddr:33561200: srtt_us:1459832: RTT:182479: ssthresh:2147483647: cwnd:10: delivered:1: lost:0: retrans:0
[  297.324537] AAAAA-TCP_SEND: name:enp0s3: saddr:33561200: daddr:100932208: srtt_us:1459832: RTT:182479: ssthresh:2147483647: cwnd:10: delivered:1: lost:0: retrans:0
[  297.358307] AAAAA-TCP_RECV: name:enp0s3: saddr:100932208: daddr:33561200: srtt_us:1459832: RTT:182479: ssthresh:2147483647: cwnd:10: delivered:1: lost:0: retrans:0
[  297.358329] AAAAA-TCP_SEND: name:enp0s3: saddr:33561200: daddr:100932208: srtt_us:1459832: RTT:182479: ssthresh:2147483647: cwnd:10: delivered:1: lost:0: retrans:0
[  297.737808] AAAAA-TCP_RECV: name:enp0s3: saddr:100932208: daddr:33561200: srtt_us:1459832: RTT:182479: ssthresh:2147483647: cwnd:10: delivered:1: lost:0: retrans:0
[  297.737851] AAAAA-TCP_SEND: name:enp0s3: saddr:33561200: daddr:100932208: srtt_us:1459832: RTT:182479: ssthresh:2147483647: cwnd:10: delivered:1: lost:0: retrans:0
[  297.819117] AAAAA-TCP_RECV: name:enp0s3: saddr:100932208: daddr:33561200: srtt_us:1459832: RTT:182479: ssthresh:2147483647: cwnd:10: delivered:1: lost:0: retrans:0
[  297.819153] AAAAA-TCP_SEND: name:enp0s3: saddr:33561200: daddr:100932208: srtt_us:1459832: RTT:182479: ssthresh:2147483647: cwnd:10: delivered:1: lost:0: retrans:0
[  297.907847] AAAAA-TCP_RECV: name:enp0s3: saddr:100932208: daddr:33561200: srtt_us:1459832: RTT:182479: ssthresh:2147483647: cwnd:10: delivered:1: lost:0: retrans:0
[  297.907884] AAAAA-TCP_SEND: name:enp0s3: saddr:33561200: daddr:100932208: srtt_us:1459832: RTT:182479: ssthresh:2147483647: cwnd:10: delivered:1: lost:0: retrans:0
[  297.931761] AAAAA-TCP_RECV: name:enp0s3: saddr:100932208: daddr:33561200: srtt_us:1459832: RTT:182479: ssthresh:2147483647: cwnd:10: delivered:1: lost:0: retrans:0
[  297.931833] AAAAA-TCP_SEND: name:enp0s3: saddr:33561200: daddr:100932208: srtt_us:1459832: RTT:182479: ssthresh:2147483647: cwnd:10: delivered:1: lost:0: retrans:0
[  298.090775] AAAAA-TCP_RECV: name:enp0s3: saddr:100932208: daddr:33561200: srtt_us:1459832: RTT:182479: ssthresh:2147483647: cwnd:10: delivered:1: lost:0: retrans:0
[  298.090807] AAAAA-TCP_SEND: name:enp0s3: saddr:33561200: daddr:100932208: srtt_us:1459832: RTT:182479: ssthresh:2147483647: cwnd:10: delivered:1: lost:0: retrans:0
[  298.163602] AAAAA-TCP_RECV: name:enp0s3: saddr:100932208: daddr:33561200: srtt_us:1459832: RTT:182479: ssthresh:2147483647: cwnd:10: delivered:1: lost:0: retrans:0
[  298.163629] AAAAA-TCP_SEND: name:enp0s3: saddr:33561200: daddr:100932208: srtt_us:1459832: RTT:182479: ssthresh:2147483647: cwnd:10: delivered:1: lost:0: retrans:0
[  298.270656] AAAAA-TCP_RECV: name:enp0s3: saddr:100932208: daddr:33561200: srtt_us:1459832: RTT:182479: ssthresh:2147483647: cwnd:10: delivered:1: lost:0: retrans:0
[  298.270685] AAAAA-TCP_SEND: name:enp0s3: saddr:33561200: daddr:100932208: srtt_us:1459832: RTT:182479: ssthresh:2147483647: cwnd:10: delivered:1: lost:0: retrans:0
[  298.335248] AAAAA-TCP_RECV: name:enp0s3: saddr:100932208: daddr:33561200: srtt_us:1459832: RTT:182479: ssthresh:2147483647: cwnd:10: delivered:1: lost:0: retrans:0
[  298.335273] AAAAA-TCP_SEND: name:enp0s3: saddr:33561200: daddr:100932208: srtt_us:1459832: RTT:182479: ssthresh:2147483647: cwnd:10: delivered:1: lost:0: retrans:0
[  298.413699] AAAAA-TCP_RECV: name:enp0s3: saddr:100932208: daddr:33561200: srtt_us:1459832: RTT:182479: ssthresh:2147483647: cwnd:10: delivered:1: lost:0: retrans:0
[  298.413727] AAAAA-TCP_SEND: name:enp0s3: saddr:33561200: daddr:100932208: srtt_us:1459832: RTT:182479: ssthresh:2147483647: cwnd:10: delivered:1: lost:0: retrans:0
[  298.555649] AAAAA-TCP_RECV: name:enp0s3: saddr:100932208: daddr:33561200: srtt_us:1459832: RTT:182479: ssthresh:2147483647: cwnd:10: delivered:1: lost:0: retrans:0
[  298.555676] AAAAA-TCP_SEND: name:enp0s3: saddr:33561200: daddr:100932208: srtt_us:1459832: RTT:182479: ssthresh:2147483647: cwnd:10: delivered:1: lost:0: retrans:0
[  298.713115] AAAAA-TCP_RECV: name:enp0s3: saddr:100932208: daddr:33561200: srtt_us:1459832: RTT:182479: ssthresh:2147483647: cwnd:10: delivered:1: lost:0: retrans:0
[  298.713142] AAAAA-TCP_SEND: name:enp0s3: saddr:33561200: daddr:100932208: srtt_us:1459832: RTT:182479: ssthresh:2147483647: cwnd:10: delivered:1: lost:0: retrans:0
[  298.820564] AAAAA-TCP_RECV: name:enp0s3: saddr:100932208: daddr:33561200: srtt_us:1459832: RTT:182479: ssthresh:2147483647: cwnd:10: delivered:1: lost:0: retrans:0
[  298.820593] AAAAA-TCP_SEND: name:enp0s3: saddr:33561200: daddr:100932208: srtt_us:1459832: RTT:182479: ssthresh:2147483647: cwnd:10: delivered:1: lost:0: retrans:0
[  299.017071] AAAAA-TCP_RECV: name:enp0s3: saddr:100932208: daddr:33561200: srtt_us:1459832: RTT:182479: ssthresh:2147483647: cwnd:10: delivered:1: lost:0: retrans:0
[  299.059094] AAAAA-TCP_SEND: name:enp0s3: saddr:33561200: daddr:100932208: srtt_us:1459832: RTT:182479: ssthresh:2147483647: cwnd:10: delivered:1: lost:0: retrans:0
[  299.217780] AAAAA-TCP_RECV: name:enp0s3: saddr:100932208: daddr:33561200: srtt_us:1459832: RTT:182479: ssthresh:2147483647: cwnd:10: delivered:1: lost:0: retrans:0
[  299.254434] AAAAA-TCP_RECV: name:enp0s3: saddr:100932208: daddr:33561200: srtt_us:1459832: RTT:182479: ssthresh:2147483647: cwnd:10: delivered:1: lost:0: retrans:0
[  299.254462] AAAAA-TCP_SEND: name:enp0s3: saddr:33561200: daddr:100932208: srtt_us:1459832: RTT:182479: ssthresh:2147483647: cwnd:10: delivered:1: lost:0: retrans:0
[  299.321796] AAAAA-TCP_RECV: name:enp0s3: saddr:100932208: daddr:33561200: srtt_us:1459832: RTT:182479: ssthresh:2147483647: cwnd:10: delivered:1: lost:0: retrans:0
[  299.427096] AAAAA-TCP_SEND: name:enp0s3: saddr:33561200: daddr:100932208: srtt_us:1459832: RTT:182479: ssthresh:2147483647: cwnd:10: delivered:1: lost:0: retrans:0
[  299.445508] AAAAA-TCP_RECV: name:enp0s3: saddr:100932208: daddr:16783984: srtt_us:1540488: RTT:192561: ssthresh:2147483647: cwnd:10: delivered:1: lost:0: retrans:0
[  299.445530] AAAAA-TCP_SEND: name:enp0s3: saddr:16783984: daddr:100932208: srtt_us:1540488: RTT:192561: ssthresh:2147483647: cwnd:10: delivered:1: lost:0: retrans:0
[  299.493647] AAAAA-TCP_RECV: name:enp0s3: saddr:100932208: daddr:16783984: srtt_us:1540488: RTT:192561: ssthresh:2147483647: cwnd:10: delivered:1: lost:0: retrans:0
[  299.493672] AAAAA-TCP_SEND: name:enp0s3: saddr:16783984: daddr:100932208: srtt_us:1540488: RTT:192561: ssthresh:2147483647: cwnd:10: delivered:1: lost:0: retrans:0
[  299.663943] AAAAA-TCP_RECV: name:enp0s3: saddr:100932208: daddr:16783984: srtt_us:1540488: RTT:192561: ssthresh:2147483647: cwnd:10: delivered:1: lost:0: retrans:0
[  299.663977] AAAAA-TCP_SEND: name:enp0s3: saddr:16783984: daddr:100932208: srtt_us:1540488: RTT:192561: ssthresh:2147483647: cwnd:10: delivered:1: lost:0: retrans:0
[  299.721309] AAAAA-TCP_RECV: name:enp0s3: saddr:100932208: daddr:16783984: srtt_us:1540488: RTT:192561: ssthresh:2147483647: cwnd:10: delivered:1: lost:0: retrans:0
[  299.721336] AAAAA-TCP_SEND: name:enp0s3: saddr:16783984: daddr:100932208: srtt_us:1540488: RTT:192561: ssthresh:2147483647: cwnd:10: delivered:1: lost:0: retrans:0
[  299.760920] AAAAA-TCP_RECV: name:enp0s3: saddr:100932208: daddr:16783984: srtt_us:1540488: RTT:192561: ssthresh:2147483647: cwnd:10: delivered:1: lost:0: retrans:0
[  299.760943] AAAAA-TCP_SEND: name:enp0s3: saddr:16783984: daddr:100932208: srtt_us:1540488: RTT:192561: ssthresh:2147483647: cwnd:10: delivered:1: lost:0: retrans:0
[  299.807890] AAAAA-TCP_RECV: name:enp0s3: saddr:100932208: daddr:16783984: srtt_us:1540488: RTT:192561: ssthresh:2147483647: cwnd:10: delivered:1: lost:0: retrans:0
[  299.807912] AAAAA-TCP_SEND: name:enp0s3: saddr:16783984: daddr:100932208: srtt_us:1540488: RTT:192561: ssthresh:2147483647: cwnd:10: delivered:1: lost:0: retrans:0
[  299.896552] AAAAA-TCP_RECV: name:enp0s3: saddr:100932208: daddr:16783984: srtt_us:1540488: RTT:192561: ssthresh:2147483647: cwnd:10: delivered:1: lost:0: retrans:0
[  299.896576] AAAAA-TCP_SEND: name:enp0s3: saddr:16783984: daddr:100932208: srtt_us:1540488: RTT:192561: ssthresh:2147483647: cwnd:10: delivered:1: lost:0: retrans:0
[  299.924996] AAAAA-TCP_RECV: name:enp0s3: saddr:100932208: daddr:16783984: srtt_us:1540488: RTT:192561: ssthresh:2147483647: cwnd:10: delivered:1: lost:0: retrans:0
[  299.925021] AAAAA-TCP_SEND: name:enp0s3: saddr:16783984: daddr:100932208: srtt_us:1540488: RTT:192561: ssthresh:2147483647: cwnd:10: delivered:1: lost:0: retrans:0
[  300.052070] AAAAA-TCP_RECV: name:enp0s3: saddr:100932208: daddr:16783984: srtt_us:1540488: RTT:192561: ssthresh:2147483647: cwnd:10: delivered:1: lost:0: retrans:0
[  300.052095] AAAAA-TCP_SEND: name:enp0s3: saddr:16783984: daddr:100932208: srtt_us:1540488: RTT:192561: ssthresh:2147483647: cwnd:10: delivered:1: lost:0: retrans:0
[  300.319621] AAAAA-TCP_RECV: name:enp0s3: saddr:100932208: daddr:16783984: srtt_us:1540488: RTT:192561: ssthresh:2147483647: cwnd:10: delivered:1: lost:0: retrans:0
[  300.319679] AAAAA-TCP_SEND: name:enp0s3: saddr:16783984: daddr:100932208: srtt_us:1540488: RTT:192561: ssthresh:2147483647: cwnd:10: delivered:1: lost:0: retrans:0
[  300.371327] AAAAA-TCP_RECV: name:enp0s3: saddr:100932208: daddr:16783984: srtt_us:1540488: RTT:192561: ssthresh:2147483647: cwnd:10: delivered:1: lost:0: retrans:0
[  300.371359] AAAAA-TCP_SEND: name:enp0s3: saddr:16783984: daddr:100932208: srtt_us:1540488: RTT:192561: ssthresh:2147483647: cwnd:10: delivered:1: lost:0: retrans:0
[  300.417591] AAAAA-TCP_RECV: name:enp0s3: saddr:100932208: daddr:16783984: srtt_us:1540488: RTT:192561: ssthresh:2147483647: cwnd:10: delivered:1: lost:0: retrans:0
[  300.417635] AAAAA-TCP_SEND: name:enp0s3: saddr:16783984: daddr:100932208: srtt_us:1540488: RTT:192561: ssthresh:2147483647: cwnd:10: delivered:1: lost:0: retrans:0
[  300.674494] AAAAA-TCP_RECV: name:enp0s3: saddr:100932208: daddr:16783984: srtt_us:1540488: RTT:192561: ssthresh:2147483647: cwnd:10: delivered:1: lost:0: retrans:0
[  300.674537] AAAAA-TCP_SEND: name:enp0s3: saddr:16783984: daddr:100932208: srtt_us:1540488: RTT:192561: ssthresh:2147483647: cwnd:10: delivered:1: lost:0: retrans:0
[  300.765149] AAAAA-TCP_RECV: name:enp0s3: saddr:100932208: daddr:16783984: srtt_us:1540488: RTT:192561: ssthresh:2147483647: cwnd:10: delivered:1: lost:0: retrans:0
[  300.765185] AAAAA-TCP_SEND: name:enp0s3: saddr:16783984: daddr:100932208: srtt_us:1540488: RTT:192561: ssthresh:2147483647: cwnd:10: delivered:1: lost:0: retrans:0
[  300.937194] AAAAA-TCP_RECV: name:enp0s3: saddr:100932208: daddr:16783984: srtt_us:1540488: RTT:192561: ssthresh:2147483647: cwnd:10: delivered:1: lost:0: retrans:0
[  300.937232] AAAAA-TCP_SEND: name:enp0s3: saddr:16783984: daddr:100932208: srtt_us:1540488: RTT:192561: ssthresh:2147483647: cwnd:10: delivered:1: lost:0: retrans:0
[  301.044983] AAAAA-TCP_RECV: name:enp0s3: saddr:100932208: daddr:16783984: srtt_us:1540488: RTT:192561: ssthresh:2147483647: cwnd:10: delivered:1: lost:0: retrans:0
[  301.045019] AAAAA-TCP_SEND: name:enp0s3: saddr:16783984: daddr:100932208: srtt_us:1540488: RTT:192561: ssthresh:2147483647: cwnd:10: delivered:1: lost:0: retrans:0
[  301.198269] AAAAA-TCP_RECV: name:enp0s3: saddr:100932208: daddr:16783984: srtt_us:1540488: RTT:192561: ssthresh:2147483647: cwnd:10: delivered:1: lost:0: retrans:0
[  301.198302] AAAAA-TCP_SEND: name:enp0s3: saddr:16783984: daddr:100932208: srtt_us:1540488: RTT:192561: ssthresh:2147483647: cwnd:10: delivered:1: lost:0: retrans:0
[  301.263203] AAAAA-TCP_RECV: name:enp0s3: saddr:100932208: daddr:16783984: srtt_us:1540488: RTT:192561: ssthresh:2147483647: cwnd:10: delivered:1: lost:0: retrans:0
[  301.293157] AAAAA-TCP_RECV: name:enp0s3: saddr:100932208: daddr:16783984: srtt_us:1540488: RTT:192561: ssthresh:2147483647: cwnd:10: delivered:1: lost:0: retrans:0
[  301.293186] AAAAA-TCP_SEND: name:enp0s3: saddr:16783984: daddr:100932208: srtt_us:1540488: RTT:192561: ssthresh:2147483647: cwnd:10: delivered:1: lost:0: retrans:0
[  301.333001] AAAAA-TCP_RECV: name:enp0s3: saddr:100932208: daddr:16783984: srtt_us:1540488: RTT:192561: ssthresh:2147483647: cwnd:10: delivered:1: lost:0: retrans:0
[  301.355894] AAAAA-TCP_RECV: name:enp0s3: saddr:100932208: daddr:16783984: srtt_us:1540488: RTT:192561: ssthresh:2147483647: cwnd:10: delivered:1: lost:0: retrans:0
[  301.355921] AAAAA-TCP_SEND: name:enp0s3: saddr:16783984: daddr:100932208: srtt_us:1540488: RTT:192561: ssthresh:2147483647: cwnd:10: delivered:1: lost:0: retrans:0
[  301.501785] AAAAA-TCP_RECV: name:enp0s3: saddr:100932208: daddr:16783984: srtt_us:1540488: RTT:192561: ssthresh:2147483647: cwnd:10: delivered:1: lost:0: retrans:0
[  301.559093] AAAAA-TCP_SEND: name:enp0s3: saddr:16783984: daddr:100932208: srtt_us:1540488: RTT:192561: ssthresh:2147483647: cwnd:10: delivered:1: lost:0: retrans:0
[  301.604269] AAAAA-TCP_RECV: name:enp0s3: saddr:100932208: daddr:16783984: srtt_us:1540488: RTT:192561: ssthresh:2147483647: cwnd:10: delivered:1: lost:0: retrans:0
[  301.637325] AAAAA-TCP_RECV: name:enp0s3: saddr:100932208: daddr:16783984: srtt_us:1540488: RTT:192561: ssthresh:2147483647: cwnd:10: delivered:1: lost:0: retrans:0
[  301.637353] AAAAA-TCP_SEND: name:enp0s3: saddr:16783984: daddr:100932208: srtt_us:1540488: RTT:192561: ssthresh:2147483647: cwnd:10: delivered:1: lost:0: retrans:0
[  301.692003] AAAAA-TCP_RECV: name:enp0s3: saddr:100932208: daddr:16783984: srtt_us:1540488: RTT:192561: ssthresh:2147483647: cwnd:10: delivered:1: lost:0: retrans:0
[  301.725307] AAAAA-TCP_RECV: name:enp0s3: saddr:100932208: daddr:16783984: srtt_us:1540488: RTT:192561: ssthresh:2147483647: cwnd:10: delivered:1: lost:0: retrans:0
[  301.725333] AAAAA-TCP_SEND: name:enp0s3: saddr:16783984: daddr:100932208: srtt_us:1540488: RTT:192561: ssthresh:2147483647: cwnd:10: delivered:1: lost:0: retrans:0
[  301.843385] AAAAA-TCP_RECV: name:enp0s3: saddr:100932208: daddr:16783984: srtt_us:1540488: RTT:192561: ssthresh:2147483647: cwnd:10: delivered:1: lost:0: retrans:0
[  301.890182] AAAAA-TCP_RECV: name:enp0s3: saddr:100932208: daddr:16783984: srtt_us:1540488: RTT:192561: ssthresh:2147483647: cwnd:10: delivered:1: lost:0: retrans:0
[  301.890226] AAAAA-TCP_SEND: name:enp0s3: saddr:16783984: daddr:100932208: srtt_us:1540488: RTT:192561: ssthresh:2147483647: cwnd:10: delivered:1: lost:0: retrans:0
[  301.932118] AAAAA-TCP_RECV: name:enp0s3: saddr:100932208: daddr:16783984: srtt_us:1540488: RTT:192561: ssthresh:2147483647: cwnd:10: delivered:1: lost:0: retrans:0
[  301.992739] AAAAA-TCP_RECV: name:enp0s3: saddr:100932208: daddr:16783984: srtt_us:1540488: RTT:192561: ssthresh:2147483647: cwnd:10: delivered:1: lost:0: retrans:0
[  301.992765] AAAAA-TCP_SEND: name:enp0s3: saddr:16783984: daddr:100932208: srtt_us:1540488: RTT:192561: ssthresh:2147483647: cwnd:10: delivered:1: lost:0: retrans:0
[  302.044039] AAAAA-TCP_RECV: name:enp0s3: saddr:100932208: daddr:16783984: srtt_us:1540488: RTT:192561: ssthresh:2147483647: cwnd:10: delivered:1: lost:0: retrans:0
[  302.125716] AAAAA-TCP_RECV: name:enp0s3: saddr:100932208: daddr:16783984: srtt_us:1540488: RTT:192561: ssthresh:2147483647: cwnd:10: delivered:1: lost:0: retrans:0
[  302.125796] AAAAA-TCP_SEND: name:enp0s3: saddr:16783984: daddr:100932208: srtt_us:1540488: RTT:192561: ssthresh:2147483647: cwnd:10: delivered:1: lost:0: retrans:0
[  302.174781] AAAAA-TCP_RECV: name:enp0s3: saddr:100932208: daddr:33561200: srtt_us:1459832: RTT:182479: ssthresh:2147483647: cwnd:10: delivered:1: lost:0: retrans:0
[  302.174807] AAAAA-TCP_SEND: name:enp0s3: saddr:33561200: daddr:100932208: srtt_us:1459832: RTT:182479: ssthresh:2147483647: cwnd:10: delivered:1: lost:0: retrans:0
[  302.290305] AAAAA-TCP_RECV: name:enp0s3: saddr:100932208: daddr:33561200: srtt_us:1459832: RTT:182479: ssthresh:2147483647: cwnd:10: delivered:1: lost:0: retrans:0
[  302.290339] AAAAA-TCP_SEND: name:enp0s3: saddr:33561200: daddr:100932208: srtt_us:1459832: RTT:182479: ssthresh:2147483647: cwnd:10: delivered:1: lost:0: retrans:0
[  302.329349] AAAAA-TCP_RECV: name:enp0s3: saddr:100932208: daddr:33561200: srtt_us:1459832: RTT:182479: ssthresh:2147483647: cwnd:10: delivered:1: lost:0: retrans:0
[  302.329380] AAAAA-TCP_SEND: name:enp0s3: saddr:33561200: daddr:100932208: srtt_us:1459832: RTT:182479: ssthresh:2147483647: cwnd:10: delivered:1: lost:0: retrans:0
[  302.370980] AAAAA-TCP_RECV: name:enp0s3: saddr:100932208: daddr:33561200: srtt_us:1459832: RTT:182479: ssthresh:2147483647: cwnd:10: delivered:1: lost:0: retrans:0
[  302.371004] AAAAA-TCP_SEND: name:enp0s3: saddr:33561200: daddr:100932208: srtt_us:1459832: RTT:182479: ssthresh:2147483647: cwnd:10: delivered:1: lost:0: retrans:0
[  302.439700] AAAAA-TCP_RECV: name:enp0s3: saddr:100932208: daddr:33561200: srtt_us:1459832: RTT:182479: ssthresh:2147483647: cwnd:10: delivered:1: lost:0: retrans:0
[  302.439724] AAAAA-TCP_SEND: name:enp0s3: saddr:33561200: daddr:100932208: srtt_us:1459832: RTT:182479: ssthresh:2147483647: cwnd:10: delivered:1: lost:0: retrans:0
[  302.488623] AAAAA-TCP_RECV: name:enp0s3: saddr:100932208: daddr:33561200: srtt_us:1459832: RTT:182479: ssthresh:2147483647: cwnd:10: delivered:1: lost:0: retrans:0
[  302.488646] AAAAA-TCP_SEND: name:enp0s3: saddr:33561200: daddr:100932208: srtt_us:1459832: RTT:182479: ssthresh:2147483647: cwnd:10: delivered:1: lost:0: retrans:0
[  302.535927] AAAAA-TCP_RECV: name:enp0s3: saddr:100932208: daddr:33561200: srtt_us:1459832: RTT:182479: ssthresh:2147483647: cwnd:10: delivered:1: lost:0: retrans:0
[  302.535949] AAAAA-TCP_SEND: name:enp0s3: saddr:33561200: daddr:100932208: srtt_us:1459832: RTT:182479: ssthresh:2147483647: cwnd:10: delivered:1: lost:0: retrans:0
[  302.607519] AAAAA-TCP_RECV: name:enp0s3: saddr:100932208: daddr:33561200: srtt_us:1459832: RTT:182479: ssthresh:2147483647: cwnd:10: delivered:1: lost:0: retrans:0
[  302.607543] AAAAA-TCP_SEND: name:enp0s3: saddr:33561200: daddr:100932208: srtt_us:1459832: RTT:182479: ssthresh:2147483647: cwnd:10: delivered:1: lost:0: retrans:0
[  302.647775] AAAAA-TCP_RECV: name:enp0s3: saddr:100932208: daddr:33561200: srtt_us:1459832: RTT:182479: ssthresh:2147483647: cwnd:10: delivered:1: lost:0: retrans:0
[  302.647797] AAAAA-TCP_SEND: name:enp0s3: saddr:33561200: daddr:100932208: srtt_us:1459832: RTT:182479: ssthresh:2147483647: cwnd:10: delivered:1: lost:0: retrans:0
[  302.825945] AAAAA-TCP_RECV: name:enp0s3: saddr:100932208: daddr:33561200: srtt_us:1459832: RTT:182479: ssthresh:2147483647: cwnd:10: delivered:1: lost:0: retrans:0
[  302.825970] AAAAA-TCP_SEND: name:enp0s3: saddr:33561200: daddr:100932208: srtt_us:1459832: RTT:182479: ssthresh:2147483647: cwnd:10: delivered:1: lost:0: retrans:0
[  302.876209] AAAAA-TCP_RECV: name:enp0s3: saddr:100932208: daddr:33561200: srtt_us:1459832: RTT:182479: ssthresh:2147483647: cwnd:10: delivered:1: lost:0: retrans:0
[  302.876231] AAAAA-TCP_SEND: name:enp0s3: saddr:33561200: daddr:100932208: srtt_us:1459832: RTT:182479: ssthresh:2147483647: cwnd:10: delivered:1: lost:0: retrans:0
[  302.957951] AAAAA-TCP_RECV: name:enp0s3: saddr:100932208: daddr:33561200: srtt_us:1459832: RTT:182479: ssthresh:2147483647: cwnd:10: delivered:1: lost:0: retrans:0
[  302.957977] AAAAA-TCP_SEND: name:enp0s3: saddr:33561200: daddr:100932208: srtt_us:1459832: RTT:182479: ssthresh:2147483647: cwnd:10: delivered:1: lost:0: retrans:0
[  302.983070] AAAAA-TCP_RECV: name:enp0s3: saddr:100932208: daddr:33561200: srtt_us:1459832: RTT:182479: ssthresh:2147483647: cwnd:10: delivered:1: lost:0: retrans:0
[  302.983092] AAAAA-TCP_SEND: name:enp0s3: saddr:33561200: daddr:100932208: srtt_us:1459832: RTT:182479: ssthresh:2147483647: cwnd:10: delivered:1: lost:0: retrans:0
[  303.058802] AAAAA-TCP_RECV: name:enp0s3: saddr:100932208: daddr:33561200: srtt_us:1459832: RTT:182479: ssthresh:2147483647: cwnd:10: delivered:1: lost:0: retrans:0
[  303.058842] AAAAA-TCP_SEND: name:enp0s3: saddr:33561200: daddr:100932208: srtt_us:1459832: RTT:182479: ssthresh:2147483647: cwnd:10: delivered:1: lost:0: retrans:0
[  303.162226] AAAAA-TCP_RECV: name:enp0s3: saddr:100932208: daddr:33561200: srtt_us:1459832: RTT:182479: ssthresh:2147483647: cwnd:10: delivered:1: lost:0: retrans:0
[  303.162256] AAAAA-TCP_SEND: name:enp0s3: saddr:33561200: daddr:100932208: srtt_us:1459832: RTT:182479: ssthresh:2147483647: cwnd:10: delivered:1: lost:0: retrans:0
[  303.263003] AAAAA-TCP_RECV: name:enp0s3: saddr:100932208: daddr:33561200: srtt_us:1459832: RTT:182479: ssthresh:2147483647: cwnd:10: delivered:1: lost:0: retrans:0
[  303.263031] AAAAA-TCP_SEND: name:enp0s3: saddr:33561200: daddr:100932208: srtt_us:1459832: RTT:182479: ssthresh:2147483647: cwnd:10: delivered:1: lost:0: retrans:0
[  303.373405] AAAAA-TCP_RECV: name:enp0s3: saddr:100932208: daddr:33561200: srtt_us:1459832: RTT:182479: ssthresh:2147483647: cwnd:10: delivered:1: lost:0: retrans:0
[  303.415098] AAAAA-TCP_SEND: name:enp0s3: saddr:33561200: daddr:100932208: srtt_us:1459832: RTT:182479: ssthresh:2147483647: cwnd:10: delivered:1: lost:0: retrans:0
[  303.588146] AAAAA-TCP_RECV: name:enp0s3: saddr:100932208: daddr:33561200: srtt_us:1459832: RTT:182479: ssthresh:2147483647: cwnd:10: delivered:1: lost:0: retrans:0
[  303.588176] AAAAA-TCP_SEND: name:enp0s3: saddr:33561200: daddr:100932208: srtt_us:1459832: RTT:182479: ssthresh:2147483647: cwnd:10: delivered:1: lost:0: retrans:0
[  303.673724] AAAAA-TCP_RECV: name:enp0s3: saddr:100932208: daddr:33561200: srtt_us:1459832: RTT:182479: ssthresh:2147483647: cwnd:10: delivered:1: lost:0: retrans:0
[  303.673750] AAAAA-TCP_SEND: name:enp0s3: saddr:33561200: daddr:100932208: srtt_us:1459832: RTT:182479: ssthresh:2147483647: cwnd:10: delivered:1: lost:0: retrans:0
[  303.814075] AAAAA-TCP_RECV: name:enp0s3: saddr:100932208: daddr:33561200: srtt_us:1459832: RTT:182479: ssthresh:2147483647: cwnd:10: delivered:1: lost:0: retrans:0
[  303.814103] AAAAA-TCP_SEND: name:enp0s3: saddr:33561200: daddr:100932208: srtt_us:1459832: RTT:182479: ssthresh:2147483647: cwnd:10: delivered:1: lost:0: retrans:0
[  304.004129] AAAAA-TCP_RECV: name:enp0s3: saddr:100932208: daddr:33561200: srtt_us:1459832: RTT:182479: ssthresh:2147483647: cwnd:10: delivered:1: lost:0: retrans:0
[  304.005173] AAAAA-TCP_SEND: name:enp0s3: saddr:33561200: daddr:100932208: srtt_us:1459832: RTT:182479: ssthresh:2147483647: cwnd:10: delivered:1: lost:0: retrans:0
[  304.053656] AAAAA-TCP_RECV: name:enp0s3: saddr:100932208: daddr:33561200: srtt_us:1459832: RTT:182479: ssthresh:2147483647: cwnd:10: delivered:1: lost:0: retrans:0
[  304.054709] AAAAA-TCP_SEND: name:enp0s3: saddr:33561200: daddr:100932208: srtt_us:1459832: RTT:182479: ssthresh:2147483647: cwnd:10: delivered:1: lost:0: retrans:0
[  304.110259] AAAAA-TCP_RECV: name:enp0s3: saddr:100932208: daddr:33561200: srtt_us:1459832: RTT:182479: ssthresh:2147483647: cwnd:10: delivered:1: lost:0: retrans:0
[  304.111305] AAAAA-TCP_SEND: name:enp0s3: saddr:33561200: daddr:100932208: srtt_us:1459832: RTT:182479: ssthresh:2147483647: cwnd:10: delivered:1: lost:0: retrans:0
[  304.152514] AAAAA-TCP_RECV: name:enp0s3: saddr:100932208: daddr:33561200: srtt_us:1459832: RTT:182479: ssthresh:2147483647: cwnd:10: delivered:1: lost:0: retrans:0
[  304.153570] AAAAA-TCP_SEND: name:enp0s3: saddr:33561200: daddr:100932208: srtt_us:1459832: RTT:182479: ssthresh:2147483647: cwnd:10: delivered:1: lost:0: retrans:0
[  304.278040] AAAAA-TCP_RECV: name:enp0s3: saddr:100932208: daddr:33561200: srtt_us:1459832: RTT:182479: ssthresh:2147483647: cwnd:10: delivered:1: lost:0: retrans:0
[  304.279101] AAAAA-TCP_SEND: name:enp0s3: saddr:33561200: daddr:100932208: srtt_us:1459832: RTT:182479: ssthresh:2147483647: cwnd:10: delivered:1: lost:0: retrans:0
[  304.447263] AAAAA-TCP_RECV: name:enp0s3: saddr:100932208: daddr:33561200: srtt_us:1459832: RTT:182479: ssthresh:2147483647: cwnd:10: delivered:1: lost:0: retrans:0
[  304.452207] AAAAA-TCP_SEND: name:enp0s3: saddr:33561200: daddr:100932208: srtt_us:1459832: RTT:182479: ssthresh:2147483647: cwnd:10: delivered:1: lost:0: retrans:0
[  304.568955] AAAAA-TCP_RECV: name:enp0s3: saddr:100932208: daddr:33561200: srtt_us:1459832: RTT:182479: ssthresh:2147483647: cwnd:10: delivered:1: lost:0: retrans:0
[  304.570104] AAAAA-TCP_SEND: name:enp0s3: saddr:33561200: daddr:100932208: srtt_us:1459832: RTT:182479: ssthresh:2147483647: cwnd:10: delivered:1: lost:0: retrans:0
[  304.632425] AAAAA-TCP_RECV: name:enp0s3: saddr:100932208: daddr:33561200: srtt_us:1459832: RTT:182479: ssthresh:2147483647: cwnd:10: delivered:1: lost:0: retrans:0
[  304.633491] AAAAA-TCP_SEND: name:enp0s3: saddr:33561200: daddr:100932208: srtt_us:1459832: RTT:182479: ssthresh:2147483647: cwnd:10: delivered:1: lost:0: retrans:0
[  304.678647] AAAAA-TCP_RECV: name:enp0s3: saddr:100932208: daddr:33561200: srtt_us:1459832: RTT:182479: ssthresh:2147483647: cwnd:10: delivered:1: lost:0: retrans:0
[  304.679692] AAAAA-TCP_SEND: name:enp0s3: saddr:33561200: daddr:100932208: srtt_us:1459832: RTT:182479: ssthresh:2147483647: cwnd:10: delivered:1: lost:0: retrans:0
[  304.728836] AAAAA-TCP_RECV: name:enp0s3: saddr:100932208: daddr:33561200: srtt_us:1459832: RTT:182479: ssthresh:2147483647: cwnd:10: delivered:1: lost:0: retrans:0
[  304.729894] AAAAA-TCP_SEND: name:enp0s3: saddr:33561200: daddr:100932208: srtt_us:1459832: RTT:182479: ssthresh:2147483647: cwnd:10: delivered:1: lost:0: retrans:0
[  304.772840] AAAAA-TCP_RECV: name:enp0s3: saddr:100932208: daddr:33561200: srtt_us:1459832: RTT:182479: ssthresh:2147483647: cwnd:10: delivered:1: lost:0: retrans:0
[  304.773891] AAAAA-TCP_SEND: name:enp0s3: saddr:33561200: daddr:100932208: srtt_us:1459832: RTT:182479: ssthresh:2147483647: cwnd:10: delivered:1: lost:0: retrans:0
[  305.064677] AAAAA-TCP_RECV: name:enp0s3: saddr:100932208: daddr:16783984: srtt_us:1540488: RTT:192561: ssthresh:2147483647: cwnd:10: delivered:1: lost:0: retrans:0
[  305.064711] AAAAA-TCP_SEND: name:enp0s3: saddr:16783984: daddr:100932208: srtt_us:1540488: RTT:192561: ssthresh:2147483647: cwnd:10: delivered:1: lost:0: retrans:0
[  305.113338] AAAAA-TCP_RECV: name:enp0s3: saddr:100932208: daddr:16783984: srtt_us:1540488: RTT:192561: ssthresh:2147483647: cwnd:10: delivered:1: lost:0: retrans:0
[  305.113408] AAAAA-TCP_SEND: name:enp0s3: saddr:16783984: daddr:100932208: srtt_us:1540488: RTT:192561: ssthresh:2147483647: cwnd:10: delivered:1: lost:0: retrans:0
[  305.246197] AAAAA-TCP_RECV: name:enp0s3: saddr:100932208: daddr:16783984: srtt_us:1540488: RTT:192561: ssthresh:2147483647: cwnd:10: delivered:1: lost:0: retrans:0
[  305.246271] AAAAA-TCP_SEND: name:enp0s3: saddr:16783984: daddr:100932208: srtt_us:1540488: RTT:192561: ssthresh:2147483647: cwnd:10: delivered:1: lost:0: retrans:0
[  305.350935] AAAAA-TCP_RECV: name:enp0s3: saddr:100932208: daddr:16783984: srtt_us:1540488: RTT:192561: ssthresh:2147483647: cwnd:10: delivered:1: lost:0: retrans:0
[  305.350966] AAAAA-TCP_SEND: name:enp0s3: saddr:16783984: daddr:100932208: srtt_us:1540488: RTT:192561: ssthresh:2147483647: cwnd:10: delivered:1: lost:0: retrans:0
[  305.455489] AAAAA-TCP_RECV: name:enp0s3: saddr:100932208: daddr:16783984: srtt_us:1540488: RTT:192561: ssthresh:2147483647: cwnd:10: delivered:1: lost:0: retrans:0
[  305.455518] AAAAA-TCP_SEND: name:enp0s3: saddr:16783984: daddr:100932208: srtt_us:1540488: RTT:192561: ssthresh:2147483647: cwnd:10: delivered:1: lost:0: retrans:0
[  305.582089] AAAAA-TCP_RECV: name:enp0s3: saddr:100932208: daddr:16783984: srtt_us:1540488: RTT:192561: ssthresh:2147483647: cwnd:10: delivered:1: lost:0: retrans:0
[  305.582117] AAAAA-TCP_SEND: name:enp0s3: saddr:16783984: daddr:100932208: srtt_us:1540488: RTT:192561: ssthresh:2147483647: cwnd:10: delivered:1: lost:0: retrans:0
[  305.629205] AAAAA-TCP_RECV: name:enp0s3: saddr:100932208: daddr:16783984: srtt_us:1540488: RTT:192561: ssthresh:2147483647: cwnd:10: delivered:1: lost:0: retrans:0
[  305.629272] AAAAA-TCP_SEND: name:enp0s3: saddr:16783984: daddr:100932208: srtt_us:1540488: RTT:192561: ssthresh:2147483647: cwnd:10: delivered:1: lost:0: retrans:0
[  305.712359] AAAAA-TCP_RECV: name:enp0s3: saddr:100932208: daddr:16783984: srtt_us:1540488: RTT:192561: ssthresh:2147483647: cwnd:10: delivered:1: lost:0: retrans:0
[  305.712424] AAAAA-TCP_SEND: name:enp0s3: saddr:16783984: daddr:100932208: srtt_us:1540488: RTT:192561: ssthresh:2147483647: cwnd:10: delivered:1: lost:0: retrans:0
[  305.850158] AAAAA-TCP_RECV: name:enp0s3: saddr:100932208: daddr:16783984: srtt_us:1540488: RTT:192561: ssthresh:2147483647: cwnd:10: delivered:1: lost:0: retrans:0
[  305.850192] AAAAA-TCP_SEND: name:enp0s3: saddr:16783984: daddr:100932208: srtt_us:1540488: RTT:192561: ssthresh:2147483647: cwnd:10: delivered:1: lost:0: retrans:0
[  305.943059] AAAAA-TCP_RECV: name:enp0s3: saddr:100932208: daddr:16783984: srtt_us:1540488: RTT:192561: ssthresh:2147483647: cwnd:10: delivered:1: lost:0: retrans:0
[  305.943100] AAAAA-TCP_SEND: name:enp0s3: saddr:16783984: daddr:100932208: srtt_us:1540488: RTT:192561: ssthresh:2147483647: cwnd:10: delivered:1: lost:0: retrans:0
[  306.062415] AAAAA-TCP_RECV: name:enp0s3: saddr:100932208: daddr:16783984: srtt_us:1540488: RTT:192561: ssthresh:2147483647: cwnd:10: delivered:1: lost:0: retrans:0
[  306.062449] AAAAA-TCP_SEND: name:enp0s3: saddr:16783984: daddr:100932208: srtt_us:1540488: RTT:192561: ssthresh:2147483647: cwnd:10: delivered:1: lost:0: retrans:0
[  306.172372] AAAAA-TCP_RECV: name:enp0s3: saddr:100932208: daddr:16783984: srtt_us:1540488: RTT:192561: ssthresh:2147483647: cwnd:10: delivered:1: lost:0: retrans:0
[  306.172406] AAAAA-TCP_SEND: name:enp0s3: saddr:16783984: daddr:100932208: srtt_us:1540488: RTT:192561: ssthresh:2147483647: cwnd:10: delivered:1: lost:0: retrans:0
[  306.237792] AAAAA-TCP_RECV: name:enp0s3: saddr:100932208: daddr:16783984: srtt_us:1540488: RTT:192561: ssthresh:2147483647: cwnd:10: delivered:1: lost:0: retrans:0
[  306.237824] AAAAA-TCP_SEND: name:enp0s3: saddr:16783984: daddr:100932208: srtt_us:1540488: RTT:192561: ssthresh:2147483647: cwnd:10: delivered:1: lost:0: retrans:0
[  306.275354] AAAAA-TCP_RECV: name:enp0s3: saddr:100932208: daddr:16783984: srtt_us:1540488: RTT:192561: ssthresh:2147483647: cwnd:10: delivered:1: lost:0: retrans:0
[  306.275377] AAAAA-TCP_SEND: name:enp0s3: saddr:16783984: daddr:100932208: srtt_us:1540488: RTT:192561: ssthresh:2147483647: cwnd:10: delivered:1: lost:0: retrans:0
[  306.317715] AAAAA-TCP_RECV: name:enp0s3: saddr:100932208: daddr:16783984: srtt_us:1540488: RTT:192561: ssthresh:2147483647: cwnd:10: delivered:1: lost:0: retrans:0
[  306.317740] AAAAA-TCP_SEND: name:enp0s3: saddr:16783984: daddr:100932208: srtt_us:1540488: RTT:192561: ssthresh:2147483647: cwnd:10: delivered:1: lost:0: retrans:0
[  306.365585] AAAAA-TCP_RECV: name:enp0s3: saddr:100932208: daddr:16783984: srtt_us:1540488: RTT:192561: ssthresh:2147483647: cwnd:10: delivered:1: lost:0: retrans:0
[  306.365608] AAAAA-TCP_SEND: name:enp0s3: saddr:16783984: daddr:100932208: srtt_us:1540488: RTT:192561: ssthresh:2147483647: cwnd:10: delivered:1: lost:0: retrans:0
[  306.412724] AAAAA-TCP_RECV: name:enp0s3: saddr:100932208: daddr:16783984: srtt_us:1540488: RTT:192561: ssthresh:2147483647: cwnd:10: delivered:1: lost:0: retrans:0
[  306.455093] AAAAA-TCP_SEND: name:enp0s3: saddr:16783984: daddr:100932208: srtt_us:1540488: RTT:192561: ssthresh:2147483647: cwnd:10: delivered:1: lost:0: retrans:0
[  306.550015] AAAAA-TCP_RECV: name:enp0s3: saddr:100932208: daddr:16783984: srtt_us:1540488: RTT:192561: ssthresh:2147483647: cwnd:10: delivered:1: lost:0: retrans:0
[  306.599027] AAAAA-TCP_RECV: name:enp0s3: saddr:100932208: daddr:16783984: srtt_us:1540488: RTT:192561: ssthresh:2147483647: cwnd:10: delivered:1: lost:0: retrans:0
[  306.599060] AAAAA-TCP_SEND: name:enp0s3: saddr:16783984: daddr:100932208: srtt_us:1540488: RTT:192561: ssthresh:2147483647: cwnd:10: delivered:1: lost:0: retrans:0
[  306.669198] AAAAA-TCP_RECV: name:enp0s3: saddr:100932208: daddr:16783984: srtt_us:1540488: RTT:192561: ssthresh:2147483647: cwnd:10: delivered:1: lost:0: retrans:0
[  306.700169] AAAAA-TCP_RECV: name:enp0s3: saddr:100932208: daddr:16783984: srtt_us:1540488: RTT:192561: ssthresh:2147483647: cwnd:10: delivered:1: lost:0: retrans:0
[  306.700232] AAAAA-TCP_SEND: name:enp0s3: saddr:16783984: daddr:100932208: srtt_us:1540488: RTT:192561: ssthresh:2147483647: cwnd:10: delivered:1: lost:0: retrans:0
[  306.779445] AAAAA-TCP_RECV: name:enp0s3: saddr:100932208: daddr:16783984: srtt_us:1540488: RTT:192561: ssthresh:2147483647: cwnd:10: delivered:1: lost:0: retrans:0
[  306.811727] AAAAA-TCP_RECV: name:enp0s3: saddr:100932208: daddr:16783984: srtt_us:1540488: RTT:192561: ssthresh:2147483647: cwnd:10: delivered:1: lost:0: retrans:0
[  306.811790] AAAAA-TCP_SEND: name:enp0s3: saddr:16783984: daddr:100932208: srtt_us:1540488: RTT:192561: ssthresh:2147483647: cwnd:10: delivered:1: lost:0: retrans:0
[  306.850271] AAAAA-TCP_RECV: name:enp0s3: saddr:100932208: daddr:16783984: srtt_us:1540488: RTT:192561: ssthresh:2147483647: cwnd:10: delivered:1: lost:0: retrans:0
[  306.931145] AAAAA-TCP_SEND: name:enp0s3: saddr:16783984: daddr:100932208: srtt_us:1540488: RTT:192561: ssthresh:2147483647: cwnd:10: delivered:1: lost:0: retrans:0
[  306.953068] AAAAA-TCP_RECV: name:enp0s3: saddr:100932208: daddr:16783984: srtt_us:1540488: RTT:192561: ssthresh:2147483647: cwnd:10: delivered:1: lost:0: retrans:0
[  307.056950] AAAAA-TCP_RECV: name:enp0s3: saddr:100932208: daddr:16783984: srtt_us:1540488: RTT:192561: ssthresh:2147483647: cwnd:10: delivered:1: lost:0: retrans:0
[  307.057013] AAAAA-TCP_SEND: name:enp0s3: saddr:16783984: daddr:100932208: srtt_us:1540488: RTT:192561: ssthresh:2147483647: cwnd:10: delivered:1: lost:0: retrans:0
[  307.139114] AAAAA-TCP_RECV: name:enp0s3: saddr:100932208: daddr:16783984: srtt_us:1540488: RTT:192561: ssthresh:2147483647: cwnd:10: delivered:1: lost:0: retrans:0
[  307.177817] AAAAA-TCP_RECV: name:enp0s3: saddr:100932208: daddr:16783984: srtt_us:1540488: RTT:192561: ssthresh:2147483647: cwnd:10: delivered:1: lost:0: retrans:0
[  307.177840] AAAAA-TCP_SEND: name:enp0s3: saddr:16783984: daddr:100932208: srtt_us:1540488: RTT:192561: ssthresh:2147483647: cwnd:10: delivered:1: lost:0: retrans:0
[  307.248431] AAAAA-TCP_RECV: name:enp0s3: saddr:100932208: daddr:33561200: srtt_us:1459832: RTT:182479: ssthresh:2147483647: cwnd:10: delivered:1: lost:0: retrans:0
[  307.253276] AAAAA-TCP_SEND: name:enp0s3: saddr:33561200: daddr:100932208: srtt_us:1459832: RTT:182479: ssthresh:2147483647: cwnd:10: delivered:1: lost:0: retrans:0
[  307.324188] AAAAA-TCP_RECV: name:enp0s3: saddr:100932208: daddr:33561200: srtt_us:1459832: RTT:182479: ssthresh:2147483647: cwnd:10: delivered:1: lost:0: retrans:0
[  307.325250] AAAAA-TCP_SEND: name:enp0s3: saddr:33561200: daddr:100932208: srtt_us:1459832: RTT:182479: ssthresh:2147483647: cwnd:10: delivered:1: lost:0: retrans:0
[  307.400763] AAAAA-TCP_RECV: name:enp0s3: saddr:100932208: daddr:33561200: srtt_us:1459832: RTT:182479: ssthresh:2147483647: cwnd:10: delivered:1: lost:0: retrans:0
[  307.401825] AAAAA-TCP_SEND: name:enp0s3: saddr:33561200: daddr:100932208: srtt_us:1459832: RTT:182479: ssthresh:2147483647: cwnd:10: delivered:1: lost:0: retrans:0
[  307.470852] AAAAA-TCP_RECV: name:enp0s3: saddr:100932208: daddr:33561200: srtt_us:1459832: RTT:182479: ssthresh:2147483647: cwnd:10: delivered:1: lost:0: retrans:0
[  307.471916] AAAAA-TCP_SEND: name:enp0s3: saddr:33561200: daddr:100932208: srtt_us:1459832: RTT:182479: ssthresh:2147483647: cwnd:10: delivered:1: lost:0: retrans:0
