[    0.000000] Linux version 5.4.243-mptcp (root@ztg) (gcc version 12.2.0 (Debian 12.2.0-14+deb12u1)) #53 SMP Wed Dec 24 23:28:15 CST 2025
[    0.000000] Command line: BOOT_IMAGE=/boot/vmlinuz-5.4.243-mptcp root=UUID=98415a12-53b7-4144-8265-0f7ece09e445 ro quiet splash
[    0.000000] KERNEL supported cpus:
[    0.000000]   Intel GenuineIntel
[    0.000000]   AMD AuthenticAMD
[    0.000000]   Hygon HygonGenuine
[    0.000000]   Centaur CentaurHauls
[    0.000000]   zhaoxin   Shanghai  
[    0.000000] x86/fpu: Supporting XSAVE feature 0x001: 'x87 floating point registers'
[    0.000000] x86/fpu: Supporting XSAVE feature 0x002: 'SSE registers'
[    0.000000] x86/fpu: Supporting XSAVE feature 0x004: 'AVX registers'
[    0.000000] x86/fpu: xstate_offset[2]:  576, xstate_sizes[2]:  256
[    0.000000] x86/fpu: Enabled xstate features 0x7, context size is 832 bytes, using 'standard' format.
[    0.000000] BIOS-provided physical RAM map:
[    0.000000] BIOS-e820: [mem 0x0000000000000000-0x000000000009fbff] usable
[    0.000000] BIOS-e820: [mem 0x000000000009fc00-0x000000000009ffff] reserved
[    0.000000] BIOS-e820: [mem 0x00000000000f0000-0x00000000000fffff] reserved
[    0.000000] BIOS-e820: [mem 0x0000000000100000-0x000000007ffeffff] usable
[    0.000000] BIOS-e820: [mem 0x000000007fff0000-0x000000007fffffff] ACPI data
[    0.000000] BIOS-e820: [mem 0x00000000fec00000-0x00000000fec00fff] reserved
[    0.000000] BIOS-e820: [mem 0x00000000fee00000-0x00000000fee00fff] reserved
[    0.000000] BIOS-e820: [mem 0x00000000fffc0000-0x00000000ffffffff] reserved
[    0.000000] NX (Execute Disable) protection: active
[    0.000000] SMBIOS 2.5 present.
[    0.000000] DMI: innotek GmbH VirtualBox/VirtualBox, BIOS VirtualBox 12/01/2006
[    0.000000] Hypervisor detected: KVM
[    0.000000] kvm-clock: Using msrs 4b564d01 and 4b564d00
[    0.000000] kvm-clock: cpu 0, msr 43201001, primary cpu clock
[    0.000000] kvm-clock: using sched offset of 4476944427 cycles
[    0.000003] clocksource: kvm-clock: mask: 0xffffffffffffffff max_cycles: 0x1cd42e4dffb, max_idle_ns: 881590591483 ns
[    0.000005] tsc: Detected 2100.000 MHz processor
[    0.001901] e820: update [mem 0x00000000-0x00000fff] usable ==> reserved
[    0.001903] e820: remove [mem 0x000a0000-0x000fffff] usable
[    0.001907] last_pfn = 0x7fff0 max_arch_pfn = 0x400000000
[    0.001976] MTRR default type: uncachable
[    0.001977] MTRR fixed ranges enabled:
[    0.001978]   00000-9FFFF write-back
[    0.001979]   A0000-BFFFF uncachable
[    0.001980]   C0000-FFFFF write-protect
[    0.001981] MTRR variable ranges enabled:
[    0.001982]   0 base 000000000000 mask 3FFF80000000 write-back
[    0.001983]   1 disabled
[    0.001983]   2 disabled
[    0.001984]   3 disabled
[    0.001984]   4 disabled
[    0.001985]   5 disabled
[    0.001985]   6 disabled
[    0.001985]   7 disabled
[    0.001986]   8 disabled
[    0.001986]   9 disabled
[    0.001987]   10 disabled
[    0.001987]   11 disabled
[    0.001988]   12 disabled
[    0.001988]   13 disabled
[    0.001988]   14 disabled
[    0.001989]   15 disabled
[    0.002005] x86/PAT: Configuration [0-7]: WB  WC  UC- UC  WB  WP  UC- WT  
[    0.002140] found SMP MP-table at [mem 0x0009fff0-0x0009ffff]
[    0.094262] check: Scanning 1 areas for low memory corruption
[    0.094492] RAMDISK: [mem 0x32271000-0x3512ffff]
[    0.094500] ACPI: Early table checksum verification disabled
[    0.094505] ACPI: RSDP 0x00000000000E0000 000024 (v02 VBOX  )
[    0.094510] ACPI: XSDT 0x000000007FFF0030 00003C (v01 VBOX   VBOXXSDT 00000001 ASL  00000061)
[    0.094523] ACPI: FACP 0x000000007FFF00F0 0000F4 (v04 VBOX   VBOXFACP 00000001 ASL  00000061)
[    0.094531] ACPI: DSDT 0x000000007FFF02E0 002353 (v02 VBOX   VBOXBIOS 00000002 VBOX 00029BF3)
[    0.094535] ACPI: FACS 0x000000007FFF0200 000040
[    0.094538] ACPI: FACS 0x000000007FFF0200 000040
[    0.094541] ACPI: APIC 0x000000007FFF0240 000054 (v02 VBOX   VBOXAPIC 00000001 ASL  00000061)
[    0.094545] ACPI: SSDT 0x000000007FFF02A0 000038 (v01 VBOX   VBOXCPUT 00000002 VBOX 00029BF3)
[    0.094548] ACPI: Reserving FACP table memory at [mem 0x7fff00f0-0x7fff01e3]
[    0.094549] ACPI: Reserving DSDT table memory at [mem 0x7fff02e0-0x7fff2632]
[    0.094550] ACPI: Reserving FACS table memory at [mem 0x7fff0200-0x7fff023f]
[    0.094551] ACPI: Reserving FACS table memory at [mem 0x7fff0200-0x7fff023f]
[    0.094551] ACPI: Reserving APIC table memory at [mem 0x7fff0240-0x7fff0293]
[    0.094552] ACPI: Reserving SSDT table memory at [mem 0x7fff02a0-0x7fff02d7]
[    0.094568] ACPI: Local APIC address 0xfee00000
[    0.094759] No NUMA configuration found
[    0.094760] Faking a node at [mem 0x0000000000000000-0x000000007ffeffff]
[    0.094770] NODE_DATA(0) allocated [mem 0x7ffc5000-0x7ffeffff]
[    0.095052] Zone ranges:
[    0.095053]   DMA      [mem 0x0000000000001000-0x0000000000ffffff]
[    0.095054]   DMA32    [mem 0x0000000001000000-0x000000007ffeffff]
[    0.095055]   Normal   empty
[    0.095056]   Device   empty
[    0.095057] Movable zone start for each node
[    0.095059] Early memory node ranges
[    0.095059]   node   0: [mem 0x0000000000001000-0x000000000009efff]
[    0.095060]   node   0: [mem 0x0000000000100000-0x000000007ffeffff]
[    0.095063] Zeroed struct page in unavailable ranges: 114 pages
[    0.095064] Initmem setup node 0 [mem 0x0000000000001000-0x000000007ffeffff]
[    0.095065] On node 0 totalpages: 524174
[    0.095066]   DMA zone: 64 pages used for memmap
[    0.095067]   DMA zone: 21 pages reserved
[    0.095068]   DMA zone: 3998 pages, LIFO batch:0
[    0.095139]   DMA32 zone: 8128 pages used for memmap
[    0.095140]   DMA32 zone: 520176 pages, LIFO batch:63
[    0.104056] ACPI: PM-Timer IO Port: 0x4008
[    0.104060] ACPI: Local APIC address 0xfee00000
[    0.104128] IOAPIC[0]: apic_id 1, version 32, address 0xfec00000, GSI 0-23
[    0.104131] ACPI: INT_SRC_OVR (bus 0 bus_irq 0 global_irq 2 dfl dfl)
[    0.104133] ACPI: INT_SRC_OVR (bus 0 bus_irq 9 global_irq 9 low level)
[    0.104135] ACPI: IRQ0 used by override.
[    0.104136] ACPI: IRQ9 used by override.
[    0.104138] Using ACPI (MADT) for SMP configuration information
[    0.104145] smpboot: Allowing 1 CPUs, 0 hotplug CPUs
[    0.104169] PM: Registered nosave memory: [mem 0x00000000-0x00000fff]
[    0.104171] PM: Registered nosave memory: [mem 0x0009f000-0x0009ffff]
[    0.104171] PM: Registered nosave memory: [mem 0x000a0000-0x000effff]
[    0.104172] PM: Registered nosave memory: [mem 0x000f0000-0x000fffff]
[    0.104173] [mem 0x80000000-0xfebfffff] available for PCI devices
[    0.104174] Booting paravirtualized kernel on KVM
[    0.104177] clocksource: refined-jiffies: mask: 0xffffffff max_cycles: 0xffffffff, max_idle_ns: 7645519600211568 ns
[    0.104182] setup_percpu: NR_CPUS:8192 nr_cpumask_bits:1 nr_cpu_ids:1 nr_node_ids:1
[    0.105192] percpu: Embedded 60 pages/cpu s208896 r8192 d28672 u2097152
[    0.105197] pcpu-alloc: s208896 r8192 d28672 u2097152 alloc=1*2097152
[    0.105198] pcpu-alloc: [0] 0 
[    0.105226] Built 1 zonelists, mobility grouping on.  Total pages: 515961
[    0.105226] Policy zone: DMA32
[    0.105227] Kernel command line: BOOT_IMAGE=/boot/vmlinuz-5.4.243-mptcp root=UUID=98415a12-53b7-4144-8265-0f7ece09e445 ro quiet splash
[    0.106074] Dentry cache hash table entries: 262144 (order: 9, 2097152 bytes, linear)
[    0.106337] Inode-cache hash table entries: 131072 (order: 8, 1048576 bytes, linear)
[    0.106389] mem auto-init: stack:off, heap alloc:on, heap free:off
[    0.106391] Calgary: detecting Calgary via BIOS EBDA area
[    0.106393] Calgary: Unable to locate Rio Grande table in EBDA - bailing!
[    0.110425] Memory: 1967332K/2096696K available (14339K kernel code, 2398K rwdata, 4712K rodata, 2728K init, 17260K bss, 129364K reserved, 0K cma-reserved)
[    0.111347] SLUB: HWalign=64, Order=0-3, MinObjects=0, CPUs=1, Nodes=1
[    0.111364] ftrace: allocating 43186 entries in 169 pages
[    0.129623] rcu: Hierarchical RCU implementation.
[    0.129624] rcu: 	RCU restricting CPUs from NR_CPUS=8192 to nr_cpu_ids=1.
[    0.129625] 	Tasks RCU enabled.
[    0.129626] rcu: RCU calculated value of scheduler-enlistment delay is 25 jiffies.
[    0.129627] rcu: Adjusting geometry for rcu_fanout_leaf=16, nr_cpu_ids=1
[    0.132603] NR_IRQS: 524544, nr_irqs: 256, preallocated irqs: 16
[    0.132825] random: crng init done
[    0.142140] Console: colour VGA+ 80x25
[    0.142144] printk: console [tty0] enabled
[    0.142167] ACPI: Core revision 20190816
[    0.142315] APIC: Switch to symmetric I/O mode setup
[    0.142575] x2apic enabled
[    0.142812] Switched APIC routing to physical x2apic.
[    0.143941] ..TIMER: vector=0x30 apic1=0 pin1=2 apic2=-1 pin2=-1
[    0.143968] clocksource: tsc-early: mask: 0xffffffffffffffff max_cycles: 0x1e4530a99b6, max_idle_ns: 440795257976 ns
[    0.143975] Calibrating delay loop (skipped) preset value.. 4200.00 BogoMIPS (lpj=8400000)
[    0.143977] pid_max: default: 32768 minimum: 301
[    0.144007] LSM: Security Framework initializing
[    0.144016] Yama: becoming mindful.
[    0.144041] AppArmor: AppArmor initialized
[    0.144076] Mount-cache hash table entries: 4096 (order: 3, 32768 bytes, linear)
[    0.144080] Mountpoint-cache hash table entries: 4096 (order: 3, 32768 bytes, linear)
[    0.144090] *** VALIDATE tmpfs ***
[    0.144220] *** VALIDATE proc ***
[    0.144261] *** VALIDATE cgroup1 ***
[    0.144262] *** VALIDATE cgroup2 ***
[    0.144405] process: using mwait in idle threads
[    0.144410] Last level iTLB entries: 4KB 64, 2MB 8, 4MB 8
[    0.144410] Last level dTLB entries: 4KB 64, 2MB 0, 4MB 0, 1GB 4
[    0.144431] Spectre V1 : Mitigation: usercopy/swapgs barriers and __user pointer sanitization
[    0.144436] Spectre V2 : Mitigation: Retpolines
[    0.144437] Spectre V2 : Spectre v2 / SpectreRSB mitigation: Filling RSB on context switch
[    0.144437] Spectre V2 : Spectre v2 / SpectreRSB : Filling RSB on VMEXIT
[    0.144438] RETBleed: WARNING: Spectre v2 mitigation leaves CPU vulnerable to RETBleed attacks, data leaks possible!
[    0.144797] RETBleed: Vulnerable
[    0.144797] Speculative Store Bypass: Vulnerable
[    0.144802] TAA: Mitigation: TSX disabled
[    0.144802] MMIO Stale Data: Mitigation: Clear CPU buffers
[    0.149045] Freeing SMP alternatives memory: 40K
[    0.260819] smpboot: CPU0: Intel(R) Xeon(R) Silver 4216 CPU @ 2.10GHz (family: 0x6, model: 0x55, stepping: 0x7)
[    0.260963] Performance Events: unsupported p6 CPU model 85 no PMU driver, software events only.
[    0.261003] rcu: Hierarchical SRCU implementation.
[    0.261479] NMI watchdog: Perf NMI watchdog permanently disabled
[    0.261518] smp: Bringing up secondary CPUs ...
[    0.261519] smp: Brought up 1 node, 1 CPU
[    0.261520] smpboot: Max logical packages: 1
[    0.261521] smpboot: Total of 1 processors activated (4200.00 BogoMIPS)
[    0.262491] devtmpfs: initialized
[    0.262539] x86/mm: Memory block size: 128MB
[    0.262889] clocksource: jiffies: mask: 0xffffffff max_cycles: 0xffffffff, max_idle_ns: 7645041785100000 ns
[    0.262895] futex hash table entries: 256 (order: 2, 16384 bytes, linear)
[    0.262938] pinctrl core: initialized pinctrl subsystem
[    0.263039] PM: RTC time: 16:04:54, date: 2026-01-13
[    0.263148] NET: Registered protocol family 16
[    0.263222] audit: initializing netlink subsys (disabled)
[    0.263347] EISA bus registered
[    0.263348] cpuidle: using governor ladder
[    0.263349] cpuidle: using governor menu
[    0.263385] ACPI: bus type PCI registered
[    0.263386] acpiphp: ACPI Hot Plug PCI Controller Driver version: 0.5
[    0.263488] PCI: Using configuration type 1 for base access
[    0.264394] audit: type=2000 audit(1768291500.863:1): state=initialized audit_enabled=0 res=1
[    0.264490] HugeTLB registered 2.00 MiB page size, pre-allocated 0 pages
[    0.265330] ACPI: Added _OSI(Module Device)
[    0.265331] ACPI: Added _OSI(Processor Device)
[    0.265332] ACPI: Added _OSI(3.0 _SCP Extensions)
[    0.265332] ACPI: Added _OSI(Processor Aggregator Device)
[    0.265333] ACPI: Added _OSI(Linux-Dell-Video)
[    0.265334] ACPI: Added _OSI(Linux-Lenovo-NV-HDMI-Audio)
[    0.265335] ACPI: Added _OSI(Linux-HPI-Hybrid-Graphics)
[    0.267298] ACPI: 2 ACPI AML tables successfully acquired and loaded
[    0.268859] ACPI: Interpreter enabled
[    0.268869] ACPI: (supports S0 S5)
[    0.268870] ACPI: Using IOAPIC for interrupt routing
[    0.269075] PCI: Using host bridge windows from ACPI; if necessary, use "pci=nocrs" and report a bug
[    0.269184] ACPI: Enabled 2 GPEs in block 00 to 07
[    0.274070] ACPI: PCI Root Bridge [PCI0] (domain 0000 [bus 00-ff])
[    0.274075] acpi PNP0A03:00: _OSC: OS supports [ASPM ClockPM Segments MSI HPX-Type3]
[    0.274518] acpi PNP0A03:00: _OSC: not requesting OS control; OS requires [ExtendedConfig ASPM ClockPM MSI]
[    0.274526] acpi PNP0A03:00: fail to add MMCONFIG information, can't access extended PCI configuration space under this bridge.
[    0.274939] PCI host bridge to bus 0000:00
[    0.274941] pci_bus 0000:00: root bus resource [io  0x0000-0x0cf7 window]
[    0.274942] pci_bus 0000:00: root bus resource [io  0x0d00-0xffff window]
[    0.274943] pci_bus 0000:00: root bus resource [mem 0x000a0000-0x000bffff window]
[    0.274944] pci_bus 0000:00: root bus resource [mem 0x80000000-0xfdffffff window]
[    0.274946] pci_bus 0000:00: root bus resource [bus 00-ff]
[    0.275009] pci 0000:00:00.0: [8086:1237] type 00 class 0x060000
[    0.275970] pci 0000:00:01.0: [8086:7000] type 00 class 0x060100
[    0.276048] pci 0000:00:01.1: [8086:7111] type 00 class 0x01018a
[    0.276436] pci 0000:00:01.1: reg 0x20: [io  0xd000-0xd00f]
[    0.280105] pci 0000:00:01.1: legacy IDE quirk: reg 0x10: [io  0x01f0-0x01f7]
[    0.280106] pci 0000:00:01.1: legacy IDE quirk: reg 0x14: [io  0x03f6]
[    0.280107] pci 0000:00:01.1: legacy IDE quirk: reg 0x18: [io  0x0170-0x0177]
[    0.280108] pci 0000:00:01.1: legacy IDE quirk: reg 0x1c: [io  0x0376]
[    0.280654] pci 0000:00:02.0: [15ad:0405] type 00 class 0x030000
[    0.284055] pci 0000:00:02.0: reg 0x10: [io  0xd010-0xd01f]
[    0.287173] pci 0000:00:02.0: reg 0x14: [mem 0xe0000000-0xe7ffffff pref]
[    0.289849] pci 0000:00:02.0: reg 0x18: [mem 0xf0000000-0xf01fffff]
[    0.300825] pci 0000:00:03.0: [1022:2000] type 00 class 0x020000
[    0.301702] pci 0000:00:03.0: reg 0x10: [io  0xd020-0xd03f]
[    0.302532] pci 0000:00:03.0: reg 0x14: [mem 0xf0200000-0xf0200fff]
[    0.307018] pci 0000:00:04.0: [80ee:cafe] type 00 class 0x088000
[    0.307839] pci 0000:00:04.0: reg 0x10: [io  0xd040-0xd05f]
[    0.307970] pci 0000:00:04.0: reg 0x14: [mem 0xf0400000-0xf07fffff]
[    0.307970] pci 0000:00:04.0: reg 0x18: [mem 0xf0800000-0xf0803fff pref]
[    0.313264] pci 0000:00:07.0: [8086:7113] type 00 class 0x068000
[    0.313816] pci 0000:00:07.0: quirk: [io  0x4000-0x403f] claimed by PIIX4 ACPI
[    0.313827] pci 0000:00:07.0: quirk: [io  0x4100-0x410f] claimed by PIIX4 SMB
[    0.314453] pci 0000:00:08.0: [8086:100e] type 00 class 0x020000
[    0.315223] pci 0000:00:08.0: reg 0x10: [mem 0xf0820000-0xf083ffff]
[    0.316659] pci 0000:00:08.0: reg 0x18: [io  0xd060-0xd067]
[    0.319898] pci 0000:00:09.0: [8086:100e] type 00 class 0x020000
[    0.320674] pci 0000:00:09.0: reg 0x10: [mem 0xf0840000-0xf085ffff]
[    0.321831] pci 0000:00:09.0: reg 0x18: [io  0xd068-0xd06f]
[    0.332840] ACPI: PCI Interrupt Link [LNKA] (IRQs 5 9 10 *11)
[    0.333120] ACPI: PCI Interrupt Link [LNKB] (IRQs 5 9 *10 11)
[    0.333224] ACPI: PCI Interrupt Link [LNKC] (IRQs 5 *9 10 11)
[    0.333324] ACPI: PCI Interrupt Link [LNKD] (IRQs 5 9 10 *11)
[    0.333592] iommu: Default domain type: Translated 
[    0.333655] pci 0000:00:02.0: vgaarb: setting as boot VGA device
[    0.333657] pci 0000:00:02.0: vgaarb: VGA device added: decodes=io+mem,owns=io+mem,locks=none
[    0.333659] pci 0000:00:02.0: vgaarb: bridge control possible
[    0.333660] vgaarb: loaded
[    0.333878] SCSI subsystem initialized
[    0.333909] libata version 3.00 loaded.
[    0.333929] ACPI: bus type USB registered
[    0.333944] usbcore: registered new interface driver usbfs
[    0.333950] usbcore: registered new interface driver hub
[    0.333955] usbcore: registered new device driver usb
[    0.333982] pps_core: LinuxPPS API ver. 1 registered
[    0.333983] pps_core: Software ver. 5.3.6 - Copyright 2005-2007 Rodolfo Giometti <giometti@linux.it>
[    0.333985] PTP clock support registered
[    0.334021] EDAC MC: Ver: 3.0.0
[    0.334304] PCI: Using ACPI for IRQ routing
[    0.334306] PCI: pci_cache_line_size set to 64 bytes
[    0.334479] e820: reserve RAM buffer [mem 0x0009fc00-0x0009ffff]
[    0.334483] e820: reserve RAM buffer [mem 0x7fff0000-0x7fffffff]
[    0.335271] NetLabel: Initializing
[    0.335272] NetLabel:  domain hash size = 128
[    0.335272] NetLabel:  protocols = UNLABELED CIPSOv4 CALIPSO
[    0.335292] NetLabel:  unlabeled traffic allowed by default
[    0.336106] clocksource: Switched to clocksource kvm-clock
[    0.350358] *** VALIDATE bpf ***
[    0.350420] VFS: Disk quotas dquot_6.6.0
[    0.350433] VFS: Dquot-cache hash table entries: 512 (order 0, 4096 bytes)
[    0.350456] *** VALIDATE ramfs ***
[    0.350459] *** VALIDATE hugetlbfs ***
[    0.350544] AppArmor: AppArmor Filesystem Enabled
[    0.350571] pnp: PnP ACPI init
[    0.350639] pnp 00:00: Plug and Play ACPI device, IDs PNP0303 (active)
[    0.350706] pnp 00:01: Plug and Play ACPI device, IDs PNP0f03 (active)
[    0.351548] pnp: PnP ACPI: found 2 devices
[    0.352551] thermal_sys: Registered thermal governor 'fair_share'
[    0.352552] thermal_sys: Registered thermal governor 'bang_bang'
[    0.352553] thermal_sys: Registered thermal governor 'step_wise'
[    0.352553] thermal_sys: Registered thermal governor 'user_space'
[    0.352554] thermal_sys: Registered thermal governor 'power_allocator'
[    0.357066] clocksource: acpi_pm: mask: 0xffffff max_cycles: 0xffffff, max_idle_ns: 2085701024 ns
[    0.357107] pci_bus 0000:00: resource 4 [io  0x0000-0x0cf7 window]
[    0.357108] pci_bus 0000:00: resource 5 [io  0x0d00-0xffff window]
[    0.357110] pci_bus 0000:00: resource 6 [mem 0x000a0000-0x000bffff window]
[    0.357111] pci_bus 0000:00: resource 7 [mem 0x80000000-0xfdffffff window]
[    0.357171] NET: Registered protocol family 2
[    0.357246] IP idents hash table entries: 32768 (order: 6, 262144 bytes, linear)
[    0.357653] MPTCP tokens hash table entries: 8192 (order: 4, 65536 bytes, linear)
[    0.357673] MPTCP request tokens hash table entries: 8192 (order: 4, 65536 bytes, linear)
[    0.357698] default registered
[    0.357698] default registered
[    0.357698] MPTCP: Stable release v0.96
[    0.357704] tcp_listen_portaddr_hash hash table entries: 1024 (order: 2, 16384 bytes, linear)
[    0.357784] TCP established hash table entries: 16384 (order: 5, 131072 bytes, linear)
[    0.357849] TCP bind hash table entries: 16384 (order: 6, 262144 bytes, linear)
[    0.357875] TCP: Hash tables configured (established 16384 bind 16384)
[    0.358581] UDP hash table entries: 1024 (order: 3, 32768 bytes, linear)
[    0.358592] UDP-Lite hash table entries: 1024 (order: 3, 32768 bytes, linear)
[    0.358625] NET: Registered protocol family 1
[    0.358634] NET: Registered protocol family 44
[    0.358654] pci 0000:00:00.0: Limiting direct PCI/PCI transfers
[    0.358666] pci 0000:00:01.0: Activating ISA DMA hang workarounds
[    0.358724] pci 0000:00:02.0: Video device with shadowed ROM at [mem 0x000c0000-0x000dffff]
[    0.358789] PCI: CLS 0 bytes, default 64
[    0.358835] Trying to unpack rootfs image as initramfs...
[    0.531486] Freeing initrd memory: 47868K
[    0.531486] clocksource: tsc: mask: 0xffffffffffffffff max_cycles: 0x1e4530a99b6, max_idle_ns: 440795257976 ns
[    0.531486] clocksource: Switched to clocksource tsc
[    0.531486] platform rtc_cmos: registered platform RTC device (no PNP device found)
[    0.531486] check: Scanning for low memory corruption every 60 seconds
[    0.531486] Initialise system trusted keyrings
[    0.531486] Key type blacklist registered
[    0.531486] workingset: timestamp_bits=36 max_order=19 bucket_order=0
[    0.531486] zbud: loaded
[    0.531486] squashfs: version 4.0 (2009/01/31) Phillip Lougher
[    0.531486] fuse: init (API version 7.31)
[    0.531486] *** VALIDATE fuse ***
[    0.531486] *** VALIDATE fuse ***
[    0.531486] Platform Keyring initialized
[    0.546468] Key type asymmetric registered
[    0.546470] Asymmetric key parser 'x509' registered
[    0.546480] Block layer SCSI generic (bsg) driver version 0.4 loaded (major 244)
[    0.546519] io scheduler mq-deadline registered
[    0.546645] shpchp: Standard Hot Plug PCI Controller Driver version: 0.4
[    0.546853] ACPI: AC Adapter [AC] (on-line)
[    0.546897] input: Power Button as /devices/LNXSYSTM:00/LNXPWRBN:00/input/input0
[    0.546925] ACPI: Power Button [PWRF]
[    0.547028] input: Sleep Button as /devices/LNXSYSTM:00/LNXSLPBN:00/input/input1
[    0.547044] ACPI: Sleep Button [SLPF]
[    0.547289] Serial: 8250/16550 driver, 32 ports, IRQ sharing enabled
[    0.548441] Linux agpgart interface v0.103
[    0.643217] loop: module loaded
[    0.643374] ata_piix 0000:00:01.1: version 2.13
[    0.643781] scsi host0: ata_piix
[    0.643875] scsi host1: ata_piix
[    0.643900] ata1: PATA max UDMA/33 cmd 0x1f0 ctl 0x3f6 bmdma 0xd000 irq 14
[    0.643901] ata2: PATA max UDMA/33 cmd 0x170 ctl 0x376 bmdma 0xd008 irq 15
[    0.643983] tun: Universal TUN/TAP device driver, 1.6
[    0.644296] PPP generic driver version 2.4.2
[    0.644338] VFIO - User Level meta-driver version: 0.3
[    0.644574] ehci_hcd: USB 2.0 'Enhanced' Host Controller (EHCI) Driver
[    0.644578] ehci-pci: EHCI PCI platform driver
[    0.644593] ehci-platform: EHCI generic platform driver
[    0.644598] ohci_hcd: USB 1.1 'Open' Host Controller (OHCI) Driver
[    0.644600] ohci-pci: OHCI PCI platform driver
[    0.644608] ohci-platform: OHCI generic platform driver
[    0.644612] uhci_hcd: USB Universal Host Controller Interface driver
[    0.644677] i8042: PNP: PS/2 Controller [PNP0303:PS2K,PNP0f03:PS2M] at 0x60,0x64 irq 1,12
[    0.645113] serio: i8042 KBD port at 0x60,0x64 irq 1
[    0.645117] serio: i8042 AUX port at 0x60,0x64 irq 12
[    0.645203] mousedev: PS/2 mouse device common for all mice
[    0.645464] input: AT Translated Set 2 keyboard as /devices/platform/i8042/serio0/input/input2
[    0.645864] rtc_cmos rtc_cmos: registered as rtc0
[    0.645876] rtc_cmos rtc_cmos: alarms up to one day, 114 bytes nvram
[    0.645881] i2c /dev entries driver
[    0.645924] device-mapper: uevent: version 1.0.3
[    0.645967] device-mapper: ioctl: 4.41.0-ioctl (2019-09-16) initialised: dm-devel@redhat.com
[    0.645983] platform eisa.0: Probing EISA bus 0
[    0.645984] platform eisa.0: EISA: Cannot allocate resource for mainboard
[    0.645985] platform eisa.0: Cannot allocate resource for EISA slot 1
[    0.645986] platform eisa.0: Cannot allocate resource for EISA slot 2
[    0.645987] platform eisa.0: Cannot allocate resource for EISA slot 3
[    0.645988] platform eisa.0: Cannot allocate resource for EISA slot 4
[    0.645989] platform eisa.0: Cannot allocate resource for EISA slot 5
[    0.645990] platform eisa.0: Cannot allocate resource for EISA slot 6
[    0.645991] platform eisa.0: Cannot allocate resource for EISA slot 7
[    0.645992] platform eisa.0: Cannot allocate resource for EISA slot 8
[    0.645993] platform eisa.0: EISA: Detected 0 cards
[    0.645996] intel_pstate: CPU model not supported
[    0.646005] ledtrig-cpu: registered to indicate activity on CPUs
[    0.646060] drop_monitor: Initializing network drop monitor service
[    0.646217] NET: Registered protocol family 10
[    0.651350] Segment Routing with IPv6
[    0.651350] fullmesh registered
[    0.651350] ndiffports registered
[    0.651350] binder registered
[    0.651350] roundrobin registered
[    0.651350] redundant registered
[    0.651350] blest registered
[    0.651350] ecf registered
[    0.651350] NET: Registered protocol family 17
[    0.651350] Key type dns_resolver registered
[    0.651350] RAS: Correctable Errors collector initialized.
[    0.651350] IPI shorthand broadcast: enabled
[    0.651350] sched_clock: Marking stable (636194708, 11155322)->(646921603, 428427)
[    0.651665] registered taskstats version 1
[    0.651674] Loading compiled-in X.509 certificates
[    0.652257] Loaded X.509 cert 'Build time autogenerated kernel key: 6909f3744cebb3d0de528d5887b96a727de79b1e'
[    0.652276] zswap: loaded using pool lzo/zbud
[    0.652330] Key type ._fscrypt registered
[    0.652330] Key type .fscrypt registered
[    0.656827] Key type big_key registered
[    0.659031] Key type encrypted registered
[    0.659034] AppArmor: AppArmor sha1 policy hashing enabled
[    0.659041] ima: No TPM chip found, activating TPM-bypass!
[    0.659045] ima: Allocated hash algorithm: sha1
[    0.659051] ima: No architecture policies found
[    0.659060] evm: Initialising EVM extended attributes:
[    0.659061] evm: security.selinux
[    0.659061] evm: security.SMACK64
[    0.659062] evm: security.SMACK64EXEC
[    0.659062] evm: security.SMACK64TRANSMUTE
[    0.659063] evm: security.SMACK64MMAP
[    0.659063] evm: security.apparmor
[    0.659063] evm: security.ima
[    0.659064] evm: security.capability
[    0.659065] evm: HMAC attrs: 0x1
[    0.659361] PM:   Magic number: 10:156:85
[    0.659569] rtc_cmos rtc_cmos: setting system clock to 2026-01-13T16:04:55 UTC (1768320295)
[    0.816339] ata1.00: ATA-6: VBOX HARDDISK, 1.0, max UDMA/133
[    0.816343] ata1.00: 209715200 sectors, multi 128: LBA 
[    0.817022] scsi 0:0:0:0: Direct-Access     ATA      VBOX HARDDISK    1.0  PQ: 0 ANSI: 5
[    0.817320] sd 0:0:0:0: [sda] 209715200 512-byte logical blocks: (107 GB/100 GiB)
[    0.817333] sd 0:0:0:0: [sda] Write Protect is off
[    0.817336] sd 0:0:0:0: [sda] Mode Sense: 00 3a 00 00
[    0.817356] sd 0:0:0:0: [sda] Write cache: enabled, read cache: enabled, doesn't support DPO or FUA
[    0.817685] sd 0:0:0:0: Attached scsi generic sg0 type 0
[    0.818535]  sda: sda1 sda2
[    0.827351] sd 0:0:0:0: [sda] Attached SCSI disk
[    0.830673] Freeing unused decrypted memory: 2040K
[    0.831655] Freeing unused kernel image memory: 2728K
[    0.831657] Write protecting the kernel read-only data: 22528k
[    0.832684] Freeing unused kernel image memory: 2036K
[    0.833251] Freeing unused kernel image memory: 1432K
[    0.860125] x86/mm: Checked W+X mappings: passed, no W+X pages found.
[    0.860131] Run /init as init process
[    0.964964] ACPI: Video Device [GFX0] (multi-head: yes  rom: no  post: no)
[    0.965036] input: Video Bus as /devices/LNXSYSTM:00/LNXSYBUS:00/PNP0A03:00/LNXVIDEO:00/input/input4
[    0.976261] pcnet32: pcnet32.c:v1.35 21.Apr.2008 tsbogend@alpha.franken.de
[    0.977779] piix4_smbus 0000:00:07.0: SMBus Host Controller at 0x4100, revision 0
[    0.980288] e1000: Intel(R) PRO/1000 Network Driver - version 7.3.21-k8-NAPI
[    0.980288] e1000: Copyright (c) 1999-2006 Intel Corporation.
[    0.986474] pcnet32: PCnet/FAST III 79C973 at 0xd020, 08:00:27:e1:47:87 assigned IRQ 19
[    0.986523] pcnet32: Found PHY 0022:561b at address 0
[    0.986823] pcnet32: eth0: registered as PCnet/FAST III 79C973
[    0.995903] pcnet32: 1 cards_found
[    1.062396] pcnet32 0000:00:03.0 enp0s3: renamed from eth0
[    1.198966] input: ImExPS/2 Generic Explorer Mouse as /devices/platform/i8042/serio1/input/input5
[    1.395485] e1000 0000:00:08.0 eth0: (PCI:33MHz:32-bit) 08:00:27:4d:a2:4c
[    1.395490] e1000 0000:00:08.0 eth0: Intel(R) PRO/1000 Network Connection
[    1.773940] e1000 0000:00:09.0 eth1: (PCI:33MHz:32-bit) 08:00:27:6c:6b:b2
[    1.773943] e1000 0000:00:09.0 eth1: Intel(R) PRO/1000 Network Connection
[    1.775100] e1000 0000:00:09.0 enp0s9: renamed from eth1
[    1.776943] e1000 0000:00:08.0 enp0s8: renamed from eth0
[    1.970720] EXT4-fs (sda2): mounted filesystem with ordered data mode. Opts: (null)
[    2.063937] systemd[1]: Inserted module 'autofs4'
[    2.075548] systemd[1]: systemd 245.4-4ubuntu3 running in system mode. (+PAM +AUDIT +SELINUX +IMA +APPARMOR +SMACK +SYSVINIT +UTMP +LIBCRYPTSETUP +GCRYPT +GNUTLS +ACL +XZ +LZ4 +SECCOMP +BLKID +ELFUTILS +KMOD +IDN2 -IDN +PCRE2 default-hierarchy=hybrid)
[    2.075579] systemd[1]: Detected virtualization oracle.
[    2.075583] systemd[1]: Detected architecture x86-64.
[    2.076868] systemd[1]: Set hostname to <ztg>.
[    2.203159] systemd[1]: /lib/systemd/system/dbus.socket:5: ListenStream= references a path below legacy directory /var/run/, updating /var/run/dbus/system_bus_socket â†’ /run/dbus/system_bus_socket; please update the unit file accordingly.
[    2.255424] systemd[1]: Created slice system-modprobe.slice.
[    2.255611] systemd[1]: Created slice User and Session Slice.
[    2.255652] systemd[1]: Started Forward Password Requests to Wall Directory Watch.
[    2.255819] systemd[1]: Set up automount Arbitrary Executable File Formats File System Automount Point.
[    2.255858] systemd[1]: Reached target User and Group Name Lookups.
[    2.255867] systemd[1]: Reached target Remote File Systems.
[    2.255876] systemd[1]: Reached target Slices.
[    2.256439] systemd[1]: Listening on Syslog Socket.
[    2.256505] systemd[1]: Listening on fsck to fsckd communication Socket.
[    2.256542] systemd[1]: Listening on initctl Compatibility Named Pipe.
[    2.256677] systemd[1]: Listening on Journal Audit Socket.
[    2.256729] systemd[1]: Listening on Journal Socket (/dev/log).
[    2.256795] systemd[1]: Listening on Journal Socket.
[    2.256857] systemd[1]: Listening on udev Control Socket.
[    2.256897] systemd[1]: Listening on udev Kernel Socket.
[    2.257630] systemd[1]: Mounting Huge Pages File System...
[    2.258549] systemd[1]: Mounting POSIX Message Queue File System...
[    2.259498] systemd[1]: Mounting Kernel Debug File System...
[    2.260348] systemd[1]: Mounting Kernel Trace File System...
[    2.262260] systemd[1]: Starting Journal Service...
[    2.285670] systemd[1]: Starting Set the console keyboard layout...
[    2.293664] systemd[1]: Starting Create list of static device nodes for the current kernel...
[    2.295705] systemd[1]: Starting Load Kernel Module drm...
[    2.296802] systemd[1]: Condition check resulted in Set Up Additional Binary Formats being skipped.
[    2.296843] systemd[1]: Condition check resulted in File System Check on Root Device being skipped.
[    2.309952] systemd[1]: Starting Load Kernel Modules...
[    2.315185] systemd[1]: Starting Remount Root and Kernel File Systems...
[    2.324281] systemd[1]: Starting udev Coldplug all Devices...
[    2.333291] systemd[1]: Starting Uncomplicated firewall...
[    2.340680] systemd[1]: Mounted Huge Pages File System.
[    2.340763] systemd[1]: Mounted POSIX Message Queue File System.
[    2.340832] systemd[1]: Mounted Kernel Debug File System.
[    2.340901] systemd[1]: Mounted Kernel Trace File System.
[    2.342100] EXT4-fs (sda2): re-mounted. Opts: errors=remount-ro
[    2.345296] systemd[1]: Finished Create list of static device nodes for the current kernel.
[    2.346171] systemd[1]: modprobe@drm.service: Succeeded.
[    2.361434] systemd[1]: Finished Load Kernel Module drm.
[    2.364099] systemd[1]: Finished Remount Root and Kernel File Systems.
[    2.379365] systemd[1]: Finished Uncomplicated firewall.
[    2.395620] systemd[1]: Condition check resulted in Rebuild Hardware Database being skipped.
[    2.395666] systemd[1]: Condition check resulted in Platform Persistent Storage Archival being skipped.
[    2.396355] systemd[1]: Starting Load/Save Random Seed...
[    2.397085] systemd[1]: Starting Create System Users...
[    2.425189] lp: driver loaded but no devices found
[    2.430495] systemd[1]: Finished Load/Save Random Seed.
[    2.431735] systemd[1]: Finished Create System Users.
[    2.432462] systemd[1]: Starting Create Static Device Nodes in /dev...
[    2.444689] ppdev: user-space parallel port driver
[    2.454341] systemd[1]: Finished udev Coldplug all Devices.
[    2.467573] systemd[1]: Finished Create Static Device Nodes in /dev.
[    2.468621] systemd[1]: Starting udev Kernel Device Manager...
[    2.526896] [drm] DMA map mode: Caching DMA mappings.
[    2.526968] [drm] Capabilities:
[    2.526969] [drm]   Rect copy.
[    2.526969] [drm]   Cursor.
[    2.526970] [drm]   Cursor bypass.
[    2.526970] [drm]   Cursor bypass 2.
[    2.526970] [drm]   Alpha cursor.
[    2.526971] [drm]   Extended Fifo.
[    2.526971] [drm]   Pitchlock.
[    2.526971] [drm]   Irq mask.
[    2.526972] [drm]   GMR.
[    2.526972] [drm]   Traces.
[    2.526972] [drm]   GMR2.
[    2.526973] [drm]   Screen Object 2.
[    2.526973] [drm]   Command Buffers.
[    2.526973] [drm]   Command Buffers 2.
[    2.526974] [drm]   Guest Backed Resources.
[    2.526975] [drm] Max GMR ids is 8192
[    2.526976] [drm] Max number of GMR pages is 1048576
[    2.526976] [drm] Max dedicated hypervisor surface memory is 393216 kiB
[    2.526977] [drm] Maximum display memory size is 131072 kiB
[    2.526978] [drm] VRAM at 0xe0000000 size is 131072 kiB
[    2.526978] [drm] MMIO at 0xf0000000 size is 2048 kiB
[    2.527653] [TTM] Zone  kernel: Available graphics memory: 1011738 KiB
[    2.527654] [TTM] Initializing pool allocator
[    2.527658] [TTM] Initializing DMA pool allocator
[    2.527686] [drm] Supports vblank timestamp caching Rev 2 (21.10.2013).
[    2.527686] [drm] No driver support for vblank timestamp query.
[    2.527902] [drm] Screen Target Display device initialized
[    2.528369] [drm] width 720
[    2.528379] [drm] height 400
[    2.528383] [drm] bpp 32
[    2.528914] [drm] Fifo max 0x00200000 min 0x00001000 cap 0x00000355
[    2.529988] [drm] Using command buffers with DMA pool.
[    2.529992] [drm] DX: no.
[    2.529992] [drm] Atomic: yes.
[    2.529993] [drm] SM4_1: no.
[    2.530012] [drm:vmw_host_log [vmwgfx]] *ERROR* Failed to send host log message.
[    2.530954] [drm:vmw_host_log [vmwgfx]] *ERROR* Failed to send host log message.
[    2.545142] systemd[1]: Finished Set the console keyboard layout.
[    2.545244] systemd[1]: Reached target Local File Systems (Pre).
[    2.546435] fbcon: svgadrmfb (fb0) is primary device
[    2.547639] systemd[1]: Mounting Mount unit for bare, revision 5...
[    2.549797] systemd[1]: Mounting Mount unit for core18, revision 1705...
[    2.555561] Console: switching to colour frame buffer device 100x37
[    2.562207] systemd[1]: Mounting Mount unit for gnome-3-34-1804, revision 24...
[    2.564022] [drm] Initialized vmwgfx 2.15.0 20180704 for 0000:00:02.0 on minor 0
[    2.583607] systemd[1]: Mounting Mount unit for gtk-common-themes, revision 1506...
[    2.586145] systemd[1]: Mounting Mount unit for gtk-common-themes, revision 1535...
[    2.593153] systemd[1]: Mounting Mount unit for snap-store, revision 433...
[    2.621826] systemd[1]: Mounting Mount unit for snapd, revision 7264...
[    2.624675] systemd[1]: Finished Load Kernel Modules.
[    2.625922] systemd[1]: Mounting FUSE Control File System...
[    2.627435] systemd[1]: Mounting Kernel Configuration File System...
[    2.641679] systemd[1]: Starting Apply Kernel Variables...
[    2.644270] systemd[1]: Mounted FUSE Control File System.
[    2.644338] systemd[1]: Condition check resulted in VMware vmblock fuse mount being skipped.
[    2.656349] systemd[1]: Mounted Mount unit for bare, revision 5.
[    2.656438] systemd[1]: Mounted Kernel Configuration File System.
[    2.669167] systemd[1]: Mounted Mount unit for gnome-3-34-1804, revision 24.
[    2.669726] systemd[1]: Finished Apply Kernel Variables.
[    2.670851] systemd[1]: Mounted Mount unit for core18, revision 1705.
[    2.679759] systemd[1]: Mounted Mount unit for gtk-common-themes, revision 1506.
[    2.690894] systemd[1]: Mounted Mount unit for gtk-common-themes, revision 1535.
[    2.690981] systemd[1]: Mounted Mount unit for snap-store, revision 433.
[    2.691067] systemd[1]: Mounted Mount unit for snapd, revision 7264.
[    2.691119] systemd[1]: Reached target Local File Systems.
[    2.692518] systemd[1]: Starting Load AppArmor profiles...
[    2.695395] systemd[1]: Starting Set console font and keymap...
[    2.720220] systemd[1]: Starting Tell Plymouth To Write Out Runtime Data...
[    2.720246] systemd[1]: Condition check resulted in Store a System Token in an EFI Variable being skipped.
[    2.720273] systemd[1]: Condition check resulted in Commit a transient machine-id on disk being skipped.
[    2.720382] systemd[1]: Started udev Kernel Device Manager.
[    2.723716] systemd[1]: Starting Show Plymouth Boot Screen...
[    2.726687] systemd[1]: Finished Set console font and keymap.
[    2.731600] systemd[1]: plymouth-read-write.service: Succeeded.
[    2.735052] systemd[1]: Finished Tell Plymouth To Write Out Runtime Data.
[    2.735601] systemd[1]: Received SIGRTMIN+20 from PID 289 (plymouthd).
[    2.746898] systemd[1]: Started Show Plymouth Boot Screen.
[    2.747065] systemd[1]: Condition check resulted in Dispatch Password Requests to Console Directory Watch being skipped.
[    2.747149] systemd[1]: Started Forward Password Requests to Plymouth Directory Watch.
[    2.747183] systemd[1]: Reached target Local Encrypted Volumes.
[    2.777675] audit: type=1400 audit(1768320297.612:2): apparmor="STATUS" operation="profile_load" profile="unconfined" name="nvidia_modprobe" pid=297 comm="apparmor_parser"
[    2.777677] audit: type=1400 audit(1768320297.612:3): apparmor="STATUS" operation="profile_load" profile="unconfined" name="nvidia_modprobe//kmod" pid=297 comm="apparmor_parser"
[    2.783568] audit: type=1400 audit(1768320297.620:4): apparmor="STATUS" operation="profile_load" profile="unconfined" name="/usr/sbin/tcpdump" pid=298 comm="apparmor_parser"
[    2.828302] audit: type=1400 audit(1768320297.660:5): apparmor="STATUS" operation="profile_load" profile="unconfined" name="/usr/bin/evince" pid=300 comm="apparmor_parser"
[    2.828304] audit: type=1400 audit(1768320297.660:6): apparmor="STATUS" operation="profile_load" profile="unconfined" name="/usr/bin/evince//sanitized_helper" pid=300 comm="apparmor_parser"
[    2.828306] audit: type=1400 audit(1768320297.660:7): apparmor="STATUS" operation="profile_load" profile="unconfined" name="/usr/bin/evince-previewer" pid=300 comm="apparmor_parser"
[    2.828308] audit: type=1400 audit(1768320297.660:8): apparmor="STATUS" operation="profile_load" profile="unconfined" name="/usr/bin/evince-previewer//sanitized_helper" pid=300 comm="apparmor_parser"
[    2.828309] audit: type=1400 audit(1768320297.660:9): apparmor="STATUS" operation="profile_load" profile="unconfined" name="/usr/bin/evince-thumbnailer" pid=300 comm="apparmor_parser"
[    2.838849] audit: type=1400 audit(1768320297.672:10): apparmor="STATUS" operation="profile_load" profile="unconfined" name="/usr/lib/cups/backend/cups-pdf" pid=307 comm="apparmor_parser"
[    2.919352] systemd[1]: Finished Load AppArmor profiles.
[    2.920274] systemd[1]: Starting Load AppArmor profiles managed internally by snapd...
[    2.987802] systemd[1]: Finished Load AppArmor profiles managed internally by snapd.
[    3.237823] systemd[1]: Started Journal Service.
[    3.244633] systemd-journald[229]: Received client request to flush runtime journal.
[    3.248779] systemd-journald[229]: File /var/log/journal/c455b248004a419c87ce85eea238d727/system.journal corrupted or uncleanly shut down, renaming and replacing.
[    4.563952] RAPL PMU: API unit is 2^-32 Joules, 0 fixed counters, 10737418240 ms ovfl timer
[    4.609700] cryptd: max_cpu_qlen set to 1000
[    4.670209] AVX2 version of gcm_enc/dec engaged.
[    4.670210] AES CTR mode by8 optimization enabled
[    5.573871] Adding 1998844k swap on /dev/sda1.  Priority:-2 extents:1 across:1998844k FS
[    6.705411] kauditd_printk_skb: 30 callbacks suppressed
[    6.705413] audit: type=1400 audit(1768320301.540:41): apparmor="DENIED" operation="capable" profile="/usr/sbin/cups-browsed" pid=499 comm="cups-browsed" capability=23  capname="sys_nice"
[    7.747554] pcnet32 0000:00:03.0 enp0s3: link up, 100Mbps, full-duplex
[    7.783328] e1000: enp0s8 NIC Link is Up 1000 Mbps Full Duplex, Flow Control: RX
[    7.783604] IPv6: ADDRCONF(NETDEV_CHANGE): enp0s8: link becomes ready
[    7.796576] e1000: enp0s9 NIC Link is Up 1000 Mbps Full Duplex, Flow Control: RX
[    7.796870] IPv6: ADDRCONF(NETDEV_CHANGE): enp0s9: link becomes ready
[    8.328857] device enp0s3 entered promiscuous mode
[    8.360867] audit: type=1400 audit(1768320303.200:42): apparmor="DENIED" operation="open" profile="/usr/sbin/tcpdump" name="/proc/sys/kernel/random/boot_id" pid=677 comm="tcpdump" requested_mask="r" denied_mask="r" fsuid=0 ouid=0
[    8.363442] audit: type=1400 audit(1768320303.200:43): apparmor="DENIED" operation="open" profile="/usr/sbin/tcpdump" name="/proc/sys/kernel/random/boot_id" pid=677 comm="tcpdump" requested_mask="r" denied_mask="r" fsuid=0 ouid=0
[    8.363658] audit: type=1400 audit(1768320303.200:44): apparmor="DENIED" operation="open" profile="/usr/sbin/tcpdump" name="/proc/sys/kernel/random/boot_id" pid=677 comm="tcpdump" requested_mask="r" denied_mask="r" fsuid=0 ouid=0
[    8.365301] audit: type=1400 audit(1768320303.200:45): apparmor="DENIED" operation="open" profile="/usr/sbin/tcpdump" name="/proc/sys/kernel/random/boot_id" pid=677 comm="tcpdump" requested_mask="r" denied_mask="r" fsuid=0 ouid=0
[    8.373692] audit: type=1400 audit(1768320303.208:46): apparmor="DENIED" operation="open" profile="/usr/sbin/tcpdump" name="/proc/sys/kernel/random/boot_id" pid=678 comm="tcpdump" requested_mask="r" denied_mask="r" fsuid=0 ouid=0
[    8.375734] audit: type=1400 audit(1768320303.208:47): apparmor="DENIED" operation="open" profile="/usr/sbin/tcpdump" name="/proc/sys/kernel/random/boot_id" pid=678 comm="tcpdump" requested_mask="r" denied_mask="r" fsuid=0 ouid=0
[    8.375776] audit: type=1400 audit(1768320303.208:48): apparmor="DENIED" operation="open" profile="/usr/sbin/tcpdump" name="/proc/sys/kernel/random/boot_id" pid=678 comm="tcpdump" requested_mask="r" denied_mask="r" fsuid=0 ouid=0
[    8.375833] audit: type=1400 audit(1768320303.208:49): apparmor="DENIED" operation="open" profile="/usr/sbin/tcpdump" name="/proc/sys/kernel/random/boot_id" pid=678 comm="tcpdump" requested_mask="r" denied_mask="r" fsuid=0 ouid=0
[   13.093635] rfkill: input handler disabled
[  260.467700] AAAAA-TCP_FORW: name:enp0s3: saddr:100932208: daddr:16783984
[  260.516901] AAAAA-TCP_FORW: name:enp0s3: saddr:100932208: daddr:16783984
[  260.808101] AAAAA-TCP_FORW: name:enp0s3: saddr:100932208: daddr:16783984
[  260.990709] AAAAA-TCP_FORW: name:enp0s3: saddr:100932208: daddr:16783984
[  261.211266] AAAAA-TCP_FORW: name:enp0s3: saddr:100932208: daddr:16783984
[  261.325619] AAAAA-TCP_FORW: name:enp0s3: saddr:100932208: daddr:16783984
[  261.432129] AAAAA-TCP_FORW: name:enp0s3: saddr:100932208: daddr:16783984
[  261.593300] AAAAA-TCP_FORW: name:enp0s3: saddr:100932208: daddr:16783984
[  261.733229] AAAAA-TCP_FORW: name:enp0s3: saddr:100932208: daddr:16783984
[  261.816387] AAAAA-TCP_FORW: name:enp0s3: saddr:100932208: daddr:16783984
[  261.885492] AAAAA-TCP_FORW: name:enp0s3: saddr:100932208: daddr:16783984
[  262.095402] AAAAA-TCP_FORW: name:enp0s3: saddr:100932208: daddr:16783984
[  262.185578] AAAAA-TCP_FORW: name:enp0s3: saddr:100932208: daddr:16783984
[  262.636352] AAAAA-TCP_FORW: name:enp0s3: saddr:100932208: daddr:16783984
[  262.766212] AAAAA-TCP_FORW: name:enp0s3: saddr:100932208: daddr:16783984
[  262.860514] AAAAA-TCP_FORW: name:enp0s3: saddr:100932208: daddr:16783984
[  262.985688] AAAAA-TCP_FORW: name:enp0s3: saddr:100932208: daddr:16783984
[  263.095820] AAAAA-TCP_FORW: name:enp0s3: saddr:100932208: daddr:16783984
[  263.502241] AAAAA-TCP_FORW: name:enp0s3: saddr:100932208: daddr:16783984
[  263.533706] AAAAA-TCP_FORW: name:enp0s3: saddr:100932208: daddr:16783984
[  263.620263] AAAAA-TCP_FORW: name:enp0s3: saddr:100932208: daddr:16783984
[  263.709867] AAAAA-TCP_FORW: name:enp0s3: saddr:100932208: daddr:33561200
[  263.896799] AAAAA-TCP_FORW: name:enp0s3: saddr:100932208: daddr:33561200
[  264.128609] AAAAA-TCP_FORW: name:enp0s3: saddr:100932208: daddr:16783984
[  264.198581] AAAAA-TCP_FORW: name:enp0s3: saddr:100932208: daddr:33561200
[  264.336784] AAAAA-TCP_FORW: name:enp0s3: saddr:100932208: daddr:33561200
[  264.451147] AAAAA-TCP_FORW: name:enp0s3: saddr:100932208: daddr:33561200
[  264.528525] AAAAA-TCP_FORW: name:enp0s3: saddr:100932208: daddr:33561200
[  264.637815] AAAAA-TCP_FORW: name:enp0s3: saddr:100932208: daddr:33561200
[  264.736865] AAAAA-TCP_FORW: name:enp0s3: saddr:100932208: daddr:33561200
[  264.829501] AAAAA-TCP_FORW: name:enp0s3: saddr:100932208: daddr:16783984
[  264.984435] AAAAA-TCP_FORW: name:enp0s3: saddr:100932208: daddr:33561200
[  265.046282] AAAAA-TCP_FORW: name:enp0s3: saddr:100932208: daddr:33561200
[  265.121742] AAAAA-TCP_FORW: name:enp0s3: saddr:100932208: daddr:16783984
[  288.157412] AAAAA-TCP_FORW: name:enp0s3: saddr:100932208: daddr:33561200
[  288.298772] AAAAA-TCP_FORW: name:enp0s3: saddr:100932208: daddr:33561200
[  288.343551] AAAAA-TCP_FORW: name:enp0s3: saddr:100932208: daddr:33561200
[  288.507265] AAAAA-TCP_FORW: name:enp0s3: saddr:100932208: daddr:33561200
[  288.637183] AAAAA-TCP_FORW: name:enp0s3: saddr:100932208: daddr:33561200
[  288.857290] AAAAA-TCP_FORW: name:enp0s3: saddr:100932208: daddr:33561200
[  288.928837] AAAAA-TCP_FORW: name:enp0s3: saddr:100932208: daddr:33561200
[  289.082906] AAAAA-TCP_FORW: name:enp0s3: saddr:100932208: daddr:33561200
[  289.198868] AAAAA-TCP_FORW: name:enp0s3: saddr:100932208: daddr:33561200
[  289.318976] AAAAA-TCP_FORW: name:enp0s3: saddr:100932208: daddr:33561200
[  289.402742] AAAAA-TCP_FORW: name:enp0s3: saddr:100932208: daddr:33561200
[  289.526883] AAAAA-TCP_FORW: name:enp0s3: saddr:100932208: daddr:33561200
[  289.803110] AAAAA-TCP_FORW: name:enp0s3: saddr:100932208: daddr:33561200
[  289.964996] AAAAA-TCP_FORW: name:enp0s3: saddr:100932208: daddr:33561200
[  290.054070] AAAAA-TCP_FORW: name:enp0s3: saddr:100932208: daddr:33561200
[  290.138134] AAAAA-TCP_FORW: name:enp0s3: saddr:100932208: daddr:33561200
[  290.239968] AAAAA-TCP_FORW: name:enp0s3: saddr:100932208: daddr:33561200
[  290.352218] AAAAA-TCP_FORW: name:enp0s3: saddr:100932208: daddr:33561200
[  290.510961] AAAAA-TCP_FORW: name:enp0s3: saddr:100932208: daddr:33561200
[  290.601386] AAAAA-TCP_FORW: name:enp0s3: saddr:100932208: daddr:33561200
[  290.712049] AAAAA-TCP_FORW: name:enp0s3: saddr:100932208: daddr:33561200
[  290.813039] AAAAA-TCP_FORW: name:enp0s3: saddr:100932208: daddr:33561200
[  290.976125] AAAAA-TCP_FORW: name:enp0s3: saddr:100932208: daddr:33561200
[  291.057909] AAAAA-TCP_FORW: name:enp0s3: saddr:100932208: daddr:33561200
[  291.111350] AAAAA-TCP_FORW: name:enp0s3: saddr:100932208: daddr:33561200
[  291.216695] AAAAA-TCP_FORW: name:enp0s3: saddr:100932208: daddr:16783984
[  291.329132] AAAAA-TCP_FORW: name:enp0s3: saddr:100932208: daddr:16783984
[  291.545939] AAAAA-TCP_FORW: name:enp0s3: saddr:100932208: daddr:16783984
[  291.713234] AAAAA-TCP_FORW: name:enp0s3: saddr:100932208: daddr:16783984
[  291.786231] AAAAA-TCP_FORW: name:enp0s3: saddr:100932208: daddr:33561200
[  291.906503] AAAAA-TCP_FORW: name:enp0s3: saddr:100932208: daddr:33561200
[  291.979250] AAAAA-TCP_FORW: name:enp0s3: saddr:100932208: daddr:16783984
[  292.110125] AAAAA-TCP_FORW: name:enp0s3: saddr:100932208: daddr:16783984
[  292.200469] AAAAA-TCP_FORW: name:enp0s3: saddr:100932208: daddr:16783984
[  292.323234] AAAAA-TCP_FORW: name:enp0s3: saddr:100932208: daddr:16783984
[  292.417912] AAAAA-TCP_FORW: name:enp0s3: saddr:100932208: daddr:16783984
[  292.476344] AAAAA-TCP_FORW: name:enp0s3: saddr:100932208: daddr:16783984
[  292.644384] AAAAA-TCP_FORW: name:enp0s3: saddr:100932208: daddr:16783984
[  292.856161] AAAAA-TCP_FORW: name:enp0s3: saddr:100932208: daddr:16783984
[  292.970986] AAAAA-TCP_FORW: name:enp0s3: saddr:100932208: daddr:33561200
[  293.119242] AAAAA-TCP_FORW: name:enp0s3: saddr:100932208: daddr:33561200
[  293.196672] AAAAA-TCP_FORW: name:enp0s3: saddr:100932208: daddr:33561200
[  293.270853] AAAAA-TCP_FORW: name:enp0s3: saddr:100932208: daddr:33561200
[  293.391189] AAAAA-TCP_FORW: name:enp0s3: saddr:100932208: daddr:16783984
[  293.500494] AAAAA-TCP_FORW: name:enp0s3: saddr:100932208: daddr:33561200
[  293.686182] AAAAA-TCP_FORW: name:enp0s3: saddr:100932208: daddr:16783984
[  293.690679] AAAAA-TCP_FORW: name:enp0s3: saddr:100932208: daddr:16783984
[  298.764907] AAAAA-TCP_FORW: name:enp0s3: saddr:100932208: daddr:33561200
[  298.881765] AAAAA-TCP_FORW: name:enp0s3: saddr:100932208: daddr:33561200
[  299.310267] AAAAA-TCP_FORW: name:enp0s3: saddr:100932208: daddr:33561200
[  300.326678] AAAAA-TCP_FORW: name:enp0s3: saddr:100932208: daddr:33561200
[  300.864142] AAAAA-TCP_FORW: name:enp0s3: saddr:100932208: daddr:33561200
[  300.996764] AAAAA-TCP_FORW: name:enp0s3: saddr:100932208: daddr:33561200
[  301.268318] AAAAA-TCP_FORW: name:enp0s3: saddr:100932208: daddr:33561200
[  301.477533] AAAAA-TCP_FORW: name:enp0s3: saddr:100932208: daddr:33561200
[  301.624228] AAAAA-TCP_FORW: name:enp0s3: saddr:100932208: daddr:33561200
[  301.746320] AAAAA-TCP_FORW: name:enp0s3: saddr:100932208: daddr:33561200
[  301.963604] AAAAA-TCP_FORW: name:enp0s3: saddr:100932208: daddr:33561200
[  302.177533] AAAAA-TCP_FORW: name:enp0s3: saddr:100932208: daddr:33561200
[  302.324435] AAAAA-TCP_FORW: name:enp0s3: saddr:100932208: daddr:33561200
[  302.470709] AAAAA-TCP_FORW: name:enp0s3: saddr:100932208: daddr:33561200
[  302.585765] AAAAA-TCP_FORW: name:enp0s3: saddr:100932208: daddr:33561200
[  302.790604] AAAAA-TCP_FORW: name:enp0s3: saddr:100932208: daddr:33561200
[  302.797255] AAAAA-TCP_FORW: name:enp0s3: saddr:33561200: daddr:100932208
[  303.327376] AAAAA-TCP_FORW: name:enp0s3: saddr:100932208: daddr:33561200
[  303.346125] AAAAA-TCP_FORW: name:enp0s3: saddr:33561200: daddr:100932208
[  303.927661] AAAAA-TCP_FORW: name:enp0s3: saddr:100932208: daddr:33561200
[  303.987639] AAAAA-TCP_FORW: name:enp0s3: saddr:33561200: daddr:100932208
[  304.808227] AAAAA-TCP_FORW: name:enp0s3: saddr:100932208: daddr:33561200
[  304.819249] AAAAA-TCP_FORW: name:enp0s3: saddr:33561200: daddr:100932208
[  305.224618] AAAAA-TCP_FORW: name:enp0s3: saddr:100932208: daddr:33561200
[  305.244906] AAAAA-TCP_FORW: name:enp0s3: saddr:33561200: daddr:100932208
[  305.544013] AAAAA-TCP_FORW: name:enp0s3: saddr:100932208: daddr:33561200
[  305.585089] AAAAA-TCP_FORW: name:enp0s3: saddr:33561200: daddr:100932208
[  305.743421] AAAAA-TCP_FORW: name:enp0s3: saddr:100932208: daddr:33561200
[  305.751757] AAAAA-TCP_FORW: name:enp0s3: saddr:33561200: daddr:100932208
[  305.825102] AAAAA-TCP_FORW: name:enp0s3: saddr:100932208: daddr:33561200
[  305.899627] AAAAA-TCP_FORW: name:enp0s3: saddr:33561200: daddr:100932208
[  306.349843] AAAAA-TCP_FORW: name:enp0s3: saddr:100932208: daddr:33561200
[  306.740321] AAAAA-TCP_FORW: name:enp0s3: saddr:100932208: daddr:33561200
[  307.125696] AAAAA-TCP_FORW: name:enp0s3: saddr:100932208: daddr:33561200
[  320.875975] AAAAA-TCP_FORW: name:enp0s3: saddr:100932208: daddr:33561200
[  321.081708] AAAAA-TCP_FORW: name:enp0s3: saddr:100932208: daddr:33561200
[  321.305446] AAAAA-TCP_FORW: name:enp0s3: saddr:100932208: daddr:33561200
[  321.412403] AAAAA-TCP_FORW: name:enp0s3: saddr:100932208: daddr:33561200
[  321.550178] AAAAA-TCP_FORW: name:enp0s3: saddr:100932208: daddr:33561200
[  321.632984] AAAAA-TCP_FORW: name:enp0s3: saddr:100932208: daddr:33561200
[  321.868419] AAAAA-TCP_FORW: name:enp0s3: saddr:100932208: daddr:33561200
[  322.027741] AAAAA-TCP_FORW: name:enp0s3: saddr:100932208: daddr:33561200
[  322.173693] AAAAA-TCP_FORW: name:enp0s3: saddr:100932208: daddr:33561200
[  322.309324] AAAAA-TCP_FORW: name:enp0s3: saddr:100932208: daddr:33561200
[  322.431683] AAAAA-TCP_FORW: name:enp0s3: saddr:100932208: daddr:33561200
[  322.560117] AAAAA-TCP_FORW: name:enp0s3: saddr:100932208: daddr:33561200
[  322.677158] AAAAA-TCP_FORW: name:enp0s3: saddr:100932208: daddr:33561200
[  322.766551] AAAAA-TCP_FORW: name:enp0s3: saddr:100932208: daddr:33561200
[  322.870399] AAAAA-TCP_FORW: name:enp0s3: saddr:100932208: daddr:33561200
[  322.996382] AAAAA-TCP_FORW: name:enp0s3: saddr:100932208: daddr:33561200
[  323.106852] AAAAA-TCP_FORW: name:enp0s3: saddr:100932208: daddr:33561200
[  323.273585] AAAAA-TCP_FORW: name:enp0s3: saddr:100932208: daddr:33561200
[  323.343152] AAAAA-TCP_FORW: name:enp0s3: saddr:100932208: daddr:33561200
[  323.492752] AAAAA-TCP_FORW: name:enp0s3: saddr:100932208: daddr:33561200
[  323.617984] AAAAA-TCP_FORW: name:enp0s3: saddr:100932208: daddr:33561200
[  323.735102] AAAAA-TCP_FORW: name:enp0s3: saddr:100932208: daddr:33561200
[  323.812491] AAAAA-TCP_FORW: name:enp0s3: saddr:100932208: daddr:33561200
[  323.970900] AAAAA-TCP_FORW: name:enp0s3: saddr:100932208: daddr:33561200
[  324.052609] AAAAA-TCP_FORW: name:enp0s3: saddr:100932208: daddr:33561200
[  324.165052] AAAAA-TCP_FORW: name:enp0s3: saddr:100932208: daddr:33561200
[  324.245803] AAAAA-TCP_FORW: name:enp0s3: saddr:100932208: daddr:33561200
[  324.408084] AAAAA-TCP_FORW: name:enp0s3: saddr:100932208: daddr:33561200
[  324.544625] AAAAA-TCP_FORW: name:enp0s3: saddr:100932208: daddr:33561200
[  324.644059] AAAAA-TCP_FORW: name:enp0s3: saddr:100932208: daddr:16783984
[  324.706341] AAAAA-TCP_FORW: name:enp0s3: saddr:100932208: daddr:16783984
[  324.802898] AAAAA-TCP_FORW: name:enp0s3: saddr:100932208: daddr:16783984
[  324.881207] AAAAA-TCP_FORW: name:enp0s3: saddr:100932208: daddr:16783984
[  325.049461] AAAAA-TCP_FORW: name:enp0s3: saddr:100932208: daddr:16783984
[  325.140591] AAAAA-TCP_FORW: name:enp0s3: saddr:100932208: daddr:16783984
[  325.257888] AAAAA-TCP_FORW: name:enp0s3: saddr:100932208: daddr:16783984
[  325.346401] AAAAA-TCP_FORW: name:enp0s3: saddr:100932208: daddr:16783984
[  325.445851] AAAAA-TCP_FORW: name:enp0s3: saddr:100932208: daddr:16783984
[  325.623487] AAAAA-TCP_FORW: name:enp0s3: saddr:100932208: daddr:33561200
[  325.687726] AAAAA-TCP_FORW: name:enp0s3: saddr:100932208: daddr:33561200
[  325.772875] AAAAA-TCP_FORW: name:enp0s3: saddr:100932208: daddr:33561200
[  325.843752] AAAAA-TCP_FORW: name:enp0s3: saddr:100932208: daddr:33561200
[  325.903113] AAAAA-TCP_FORW: name:enp0s3: saddr:100932208: daddr:33561200
[  325.979748] AAAAA-TCP_FORW: name:enp0s3: saddr:100932208: daddr:33561200
[  326.088310] AAAAA-TCP_FORW: name:enp0s3: saddr:100932208: daddr:33561200
[  326.135355] AAAAA-TCP_FORW: name:enp0s3: saddr:100932208: daddr:33561200
[  326.218843] AAAAA-TCP_FORW: name:enp0s3: saddr:100932208: daddr:33561200
[  326.323529] AAAAA-TCP_FORW: name:enp0s3: saddr:100932208: daddr:33561200
[  326.470787] AAAAA-TCP_FORW: name:enp0s3: saddr:100932208: daddr:33561200
[  326.528399] AAAAA-TCP_FORW: name:enp0s3: saddr:100932208: daddr:33561200
[  326.535494] AAAAA-TCP_FORW: name:enp0s3: saddr:33561200: daddr:100932208
[  326.577951] AAAAA-TCP_FORW: name:enp0s3: saddr:100932208: daddr:33561200
[  326.591387] AAAAA-TCP_FORW: name:enp0s3: saddr:100932208: daddr:33561200
[  326.650755] AAAAA-TCP_FORW: name:enp0s3: saddr:33561200: daddr:100932208
[  326.684235] AAAAA-TCP_FORW: name:enp0s3: saddr:100932208: daddr:33561200
[  326.698877] AAAAA-TCP_FORW: name:enp0s3: saddr:33561200: daddr:100932208
[  326.713761] AAAAA-TCP_FORW: name:enp0s3: saddr:100932208: daddr:33561200
[  326.717374] AAAAA-TCP_FORW: name:enp0s3: saddr:100932208: daddr:33561200
[  326.794443] AAAAA-TCP_FORW: name:enp0s3: saddr:100932208: daddr:33561200
[  326.833195] AAAAA-TCP_FORW: name:enp0s3: saddr:33561200: daddr:100932208
[  326.841955] AAAAA-TCP_FORW: name:enp0s3: saddr:100932208: daddr:33561200
[  326.878607] AAAAA-TCP_FORW: name:enp0s3: saddr:100932208: daddr:33561200
[  326.900516] AAAAA-TCP_FORW: name:enp0s3: saddr:100932208: daddr:33561200
[  326.938397] AAAAA-TCP_FORW: name:enp0s3: saddr:33561200: daddr:100932208
[  327.050685] AAAAA-TCP_FORW: name:enp0s3: saddr:100932208: daddr:33561200
[  327.053393] AAAAA-TCP_FORW: name:enp0s3: saddr:100932208: daddr:33561200
[  327.063806] AAAAA-TCP_FORW: name:enp0s3: saddr:33561200: daddr:100932208
[  327.121513] AAAAA-TCP_FORW: name:enp0s3: saddr:100932208: daddr:33561200
[  327.188614] AAAAA-TCP_FORW: name:enp0s3: saddr:100932208: daddr:33561200
[  327.199358] AAAAA-TCP_FORW: name:enp0s3: saddr:33561200: daddr:100932208
[  327.247306] AAAAA-TCP_FORW: name:enp0s3: saddr:33561200: daddr:100932208
[  327.299569] AAAAA-TCP_FORW: name:enp0s3: saddr:33561200: daddr:100932208
[  327.310000] AAAAA-TCP_FORW: name:enp0s3: saddr:100932208: daddr:33561200
[  327.396532] AAAAA-TCP_FORW: name:enp0s3: saddr:33561200: daddr:100932208
[  327.587212] AAAAA-TCP_FORW: name:enp0s3: saddr:33561200: daddr:100932208
[  327.636967] AAAAA-TCP_FORW: name:enp0s3: saddr:33561200: daddr:100932208
[  327.818092] AAAAA-TCP_FORW: name:enp0s3: saddr:33561200: daddr:100932208
[  327.894211] AAAAA-TCP_FORW: name:enp0s3: saddr:33561200: daddr:100932208
[  328.132581] AAAAA-TCP_FORW: name:enp0s3: saddr:33561200: daddr:100932208
[  328.779223] AAAAA-TCP_FORW: name:enp0s3: saddr:100932208: daddr:33561200
[  328.787454] AAAAA-TCP_FORW: name:enp0s3: saddr:33561200: daddr:100932208
[  328.946289] AAAAA-TCP_FORW: name:enp0s3: saddr:100932208: daddr:33561200
[  328.972954] AAAAA-TCP_FORW: name:enp0s3: saddr:33561200: daddr:100932208
[  342.544476] AAAAA-TCP_FORW: name:enp0s3: saddr:100932208: daddr:16783984
[  342.560973] AAAAA-TCP_FORW: name:enp0s3: saddr:16783984: daddr:100932208
[  342.716829] AAAAA-TCP_FORW: name:enp0s3: saddr:100932208: daddr:16783984
[  342.740103] AAAAA-TCP_FORW: name:enp0s3: saddr:16783984: daddr:100932208
[  342.832405] AAAAA-TCP_FORW: name:enp0s3: saddr:100932208: daddr:16783984
[  342.849434] AAAAA-TCP_FORW: name:enp0s3: saddr:16783984: daddr:100932208
[  342.898489] AAAAA-TCP_FORW: name:enp0s3: saddr:100932208: daddr:16783984
[  342.974432] AAAAA-TCP_FORW: name:enp0s3: saddr:16783984: daddr:100932208
[  343.024526] AAAAA-TCP_FORW: name:enp0s3: saddr:100932208: daddr:16783984
[  343.049220] AAAAA-TCP_FORW: name:enp0s3: saddr:16783984: daddr:100932208
[  343.061847] AAAAA-TCP_FORW: name:enp0s3: saddr:100932208: daddr:16783984
[  343.150968] AAAAA-TCP_FORW: name:enp0s3: saddr:16783984: daddr:100932208
[  343.181116] AAAAA-TCP_FORW: name:enp0s3: saddr:100932208: daddr:16783984
[  343.202974] AAAAA-TCP_FORW: name:enp0s3: saddr:100932208: daddr:16783984
[  343.219689] AAAAA-TCP_FORW: name:enp0s3: saddr:16783984: daddr:100932208
[  343.280428] AAAAA-TCP_FORW: name:enp0s3: saddr:16783984: daddr:100932208
[  343.332712] AAAAA-TCP_FORW: name:enp0s3: saddr:100932208: daddr:16783984
[  343.392011] AAAAA-TCP_FORW: name:enp0s3: saddr:100932208: daddr:16783984
[  343.405821] AAAAA-TCP_FORW: name:enp0s3: saddr:16783984: daddr:100932208
[  343.452086] AAAAA-TCP_FORW: name:enp0s3: saddr:16783984: daddr:100932208
[  343.532070] AAAAA-TCP_FORW: name:enp0s3: saddr:100932208: daddr:16783984
[  343.603317] AAAAA-TCP_FORW: name:enp0s3: saddr:100932208: daddr:16783984
[  343.617376] AAAAA-TCP_FORW: name:enp0s3: saddr:16783984: daddr:100932208
[  343.652541] AAAAA-TCP_FORW: name:enp0s3: saddr:100932208: daddr:16783984
[  343.672035] AAAAA-TCP_FORW: name:enp0s3: saddr:100932208: daddr:16783984
[  343.688166] AAAAA-TCP_FORW: name:enp0s3: saddr:16783984: daddr:100932208
[  343.767948] AAAAA-TCP_FORW: name:enp0s3: saddr:16783984: daddr:100932208
[  343.821358] AAAAA-TCP_FORW: name:enp0s3: saddr:16783984: daddr:100932208
[  343.848707] AAAAA-TCP_FORW: name:enp0s3: saddr:100932208: daddr:16783984
[  343.905908] AAAAA-TCP_FORW: name:enp0s3: saddr:100932208: daddr:16783984
[  343.962467] AAAAA-TCP_FORW: name:enp0s3: saddr:16783984: daddr:100932208
[  344.001879] AAAAA-TCP_FORW: name:enp0s3: saddr:100932208: daddr:16783984
[  344.022959] AAAAA-TCP_FORW: name:enp0s3: saddr:16783984: daddr:100932208
[  344.105925] AAAAA-TCP_FORW: name:enp0s3: saddr:16783984: daddr:100932208
[  344.134068] AAAAA-TCP_FORW: name:enp0s3: saddr:100932208: daddr:16783984
[  344.181723] AAAAA-TCP_FORW: name:enp0s3: saddr:100932208: daddr:16783984
[  344.286218] AAAAA-TCP_FORW: name:enp0s3: saddr:100932208: daddr:16783984
[  344.362771] AAAAA-TCP_FORW: name:enp0s3: saddr:16783984: daddr:100932208
[  344.565593] AAAAA-TCP_FORW: name:enp0s3: saddr:16783984: daddr:100932208
[  344.640505] AAAAA-TCP_FORW: name:enp0s3: saddr:16783984: daddr:100932208
[  344.792265] AAAAA-TCP_FORW: name:enp0s3: saddr:100932208: daddr:16783984
[  344.838566] AAAAA-TCP_FORW: name:enp0s3: saddr:100932208: daddr:16783984
[  344.913253] AAAAA-TCP_FORW: name:enp0s3: saddr:16783984: daddr:100932208
[  344.935560] AAAAA-TCP_FORW: name:enp0s3: saddr:100932208: daddr:16783984
[  344.969498] AAAAA-TCP_FORW: name:enp0s3: saddr:16783984: daddr:100932208
[  345.032429] AAAAA-TCP_FORW: name:enp0s3: saddr:16783984: daddr:100932208
[  345.047617] AAAAA-TCP_FORW: name:enp0s3: saddr:100932208: daddr:16783984
[  345.070887] AAAAA-TCP_FORW: name:enp0s3: saddr:100932208: daddr:16783984
[  345.101712] AAAAA-TCP_FORW: name:enp0s3: saddr:100932208: daddr:16783984
[  345.141325] AAAAA-TCP_FORW: name:enp0s3: saddr:16783984: daddr:100932208
[  345.188553] AAAAA-TCP_FORW: name:enp0s3: saddr:16783984: daddr:100932208
[  345.246162] AAAAA-TCP_FORW: name:enp0s3: saddr:16783984: daddr:100932208
[  354.017325] AAAAA-TCP_FORW: name:enp0s3: saddr:100932208: daddr:16783984
[  354.262877] AAAAA-TCP_FORW: name:enp0s3: saddr:100932208: daddr:16783984
[  354.326269] AAAAA-TCP_FORW: name:enp0s3: saddr:100932208: daddr:16783984
[  354.390285] AAAAA-TCP_FORW: name:enp0s3: saddr:100932208: daddr:16783984
[  354.459990] AAAAA-TCP_FORW: name:enp0s3: saddr:100932208: daddr:16783984
[  354.562664] AAAAA-TCP_FORW: name:enp0s3: saddr:100932208: daddr:16783984
[  354.706293] AAAAA-TCP_FORW: name:enp0s3: saddr:100932208: daddr:16783984
[  354.754791] AAAAA-TCP_FORW: name:enp0s3: saddr:100932208: daddr:16783984
[  354.946735] AAAAA-TCP_FORW: name:enp0s3: saddr:100932208: daddr:16783984
[  355.078270] AAAAA-TCP_FORW: name:enp0s3: saddr:100932208: daddr:16783984
[  355.144871] AAAAA-TCP_FORW: name:enp0s3: saddr:100932208: daddr:16783984
[  355.235400] AAAAA-TCP_FORW: name:enp0s3: saddr:100932208: daddr:16783984
[  355.316794] AAAAA-TCP_FORW: name:enp0s3: saddr:100932208: daddr:16783984
[  355.594612] AAAAA-TCP_FORW: name:enp0s3: saddr:100932208: daddr:16783984
[  355.715856] AAAAA-TCP_FORW: name:enp0s3: saddr:100932208: daddr:16783984
[  355.780359] AAAAA-TCP_FORW: name:enp0s3: saddr:100932208: daddr:16783984
[  355.866362] AAAAA-TCP_FORW: name:enp0s3: saddr:100932208: daddr:16783984
[  355.999004] AAAAA-TCP_FORW: name:enp0s3: saddr:100932208: daddr:16783984
[  356.063765] AAAAA-TCP_FORW: name:enp0s3: saddr:100932208: daddr:16783984
[  356.298257] AAAAA-TCP_FORW: name:enp0s3: saddr:100932208: daddr:16783984
[  356.452235] AAAAA-TCP_FORW: name:enp0s3: saddr:100932208: daddr:16783984
[  356.634429] AAAAA-TCP_FORW: name:enp0s3: saddr:100932208: daddr:16783984
[  356.683648] AAAAA-TCP_FORW: name:enp0s3: saddr:100932208: daddr:16783984
[  356.770242] AAAAA-TCP_FORW: name:enp0s3: saddr:100932208: daddr:16783984
[  356.949382] AAAAA-TCP_FORW: name:enp0s3: saddr:100932208: daddr:16783984
[  357.078882] AAAAA-TCP_FORW: name:enp0s3: saddr:100932208: daddr:16783984
[  357.205707] AAAAA-TCP_FORW: name:enp0s3: saddr:100932208: daddr:16783984
[  357.300032] AAAAA-TCP_FORW: name:enp0s3: saddr:100932208: daddr:33561200
[  357.351738] AAAAA-TCP_FORW: name:enp0s3: saddr:100932208: daddr:33561200
[  357.495532] AAAAA-TCP_FORW: name:enp0s3: saddr:100932208: daddr:33561200
[  357.603524] AAAAA-TCP_FORW: name:enp0s3: saddr:100932208: daddr:33561200
[  357.740534] AAAAA-TCP_FORW: name:enp0s3: saddr:100932208: daddr:33561200
[  357.973477] AAAAA-TCP_FORW: name:enp0s3: saddr:100932208: daddr:33561200
[  358.115925] AAAAA-TCP_FORW: name:enp0s3: saddr:100932208: daddr:33561200
[  358.228346] AAAAA-TCP_FORW: name:enp0s3: saddr:100932208: daddr:33561200
[  358.374227] AAAAA-TCP_FORW: name:enp0s3: saddr:100932208: daddr:33561200
[  358.519166] AAAAA-TCP_FORW: name:enp0s3: saddr:100932208: daddr:33561200
[  358.650800] AAAAA-TCP_FORW: name:enp0s3: saddr:100932208: daddr:33561200
[  358.802567] AAAAA-TCP_FORW: name:enp0s3: saddr:100932208: daddr:33561200
[  359.103227] AAAAA-TCP_FORW: name:enp0s3: saddr:100932208: daddr:33561200
[  359.176410] AAAAA-TCP_FORW: name:enp0s3: saddr:100932208: daddr:33561200
[  359.284668] AAAAA-TCP_FORW: name:enp0s3: saddr:100932208: daddr:33561200
[  359.449772] AAAAA-TCP_FORW: name:enp0s3: saddr:100932208: daddr:33561200
[  359.622085] AAAAA-TCP_FORW: name:enp0s3: saddr:100932208: daddr:33561200
[  362.989194] AAAAA-TCP_FORW: name:enp0s3: saddr:100932208: daddr:16783984
[  363.144489] AAAAA-TCP_FORW: name:enp0s3: saddr:100932208: daddr:16783984
[  363.287672] AAAAA-TCP_FORW: name:enp0s3: saddr:100932208: daddr:33561200
[  363.422948] AAAAA-TCP_FORW: name:enp0s3: saddr:100932208: daddr:33561200
[  363.543717] AAAAA-TCP_FORW: name:enp0s3: saddr:100932208: daddr:33561200
[  363.668401] AAAAA-TCP_FORW: name:enp0s3: saddr:100932208: daddr:33561200
[  363.815804] AAAAA-TCP_FORW: name:enp0s3: saddr:100932208: daddr:33561200
[  364.032184] AAAAA-TCP_FORW: name:enp0s3: saddr:100932208: daddr:33561200
[  364.135778] AAAAA-TCP_FORW: name:enp0s3: saddr:100932208: daddr:33561200
[  364.164542] AAAAA-TCP_FORW: name:enp0s3: saddr:100932208: daddr:33561200
[  364.173953] AAAAA-TCP_FORW: name:enp0s3: saddr:100932208: daddr:33561200
[  364.295291] AAAAA-TCP_FORW: name:enp0s3: saddr:100932208: daddr:33561200
[  364.484725] AAAAA-TCP_FORW: name:enp0s3: saddr:100932208: daddr:33561200
[  364.585072] AAAAA-TCP_FORW: name:enp0s3: saddr:100932208: daddr:33561200
[  364.591498] AAAAA-TCP_FORW: name:enp0s3: saddr:100932208: daddr:16783984
[  364.756770] AAAAA-TCP_FORW: name:enp0s3: saddr:100932208: daddr:16783984
[  364.877485] AAAAA-TCP_FORW: name:enp0s3: saddr:100932208: daddr:16783984
[  364.942805] AAAAA-TCP_FORW: name:enp0s3: saddr:100932208: daddr:16783984
[  365.192849] AAAAA-TCP_FORW: name:enp0s3: saddr:100932208: daddr:33561200
[  365.336708] AAAAA-TCP_FORW: name:enp0s3: saddr:100932208: daddr:33561200
[  365.555164] AAAAA-TCP_FORW: name:enp0s3: saddr:100932208: daddr:33561200
[  365.675627] AAAAA-TCP_FORW: name:enp0s3: saddr:100932208: daddr:33561200
[  366.106242] AAAAA-TCP_FORW: name:enp0s3: saddr:100932208: daddr:33561200
[  366.119525] AAAAA-TCP_FORW: name:enp0s3: saddr:100932208: daddr:33561200
[  366.454140] AAAAA-TCP_FORW: name:enp0s3: saddr:100932208: daddr:33561200
[  366.673466] AAAAA-TCP_FORW: name:enp0s3: saddr:100932208: daddr:33561200
[  366.724417] AAAAA-TCP_FORW: name:enp0s3: saddr:33561200: daddr:100932208
[  366.762691] AAAAA-TCP_FORW: name:enp0s3: saddr:100932208: daddr:33561200
[  366.777438] AAAAA-TCP_FORW: name:enp0s3: saddr:100932208: daddr:33561200
[  366.836764] AAAAA-TCP_FORW: name:enp0s3: saddr:16783984: daddr:100932208
[  366.952469] AAAAA-TCP_FORW: name:enp0s3: saddr:33561200: daddr:100932208
[  367.016927] AAAAA-TCP_FORW: name:enp0s3: saddr:100932208: daddr:33561200
[  367.065335] AAAAA-TCP_FORW: name:enp0s3: saddr:16783984: daddr:100932208
[  367.151295] AAAAA-TCP_FORW: name:enp0s3: saddr:16783984: daddr:100932208
[  367.191020] AAAAA-TCP_FORW: name:enp0s3: saddr:100932208: daddr:33561200
[  367.256875] AAAAA-TCP_FORW: name:enp0s3: saddr:100932208: daddr:33561200
[  367.267505] AAAAA-TCP_FORW: name:enp0s3: saddr:16783984: daddr:100932208
[  367.321189] AAAAA-TCP_FORW: name:enp0s3: saddr:100932208: daddr:33561200
[  367.327260] AAAAA-TCP_FORW: name:enp0s3: saddr:33561200: daddr:100932208
[  367.388370] AAAAA-TCP_FORW: name:enp0s3: saddr:33561200: daddr:100932208
[  367.438892] AAAAA-TCP_FORW: name:enp0s3: saddr:33561200: daddr:100932208
[  367.510014] AAAAA-TCP_FORW: name:enp0s3: saddr:100932208: daddr:33561200
[  367.630008] AAAAA-TCP_FORW: name:enp0s3: saddr:100932208: daddr:33561200
[  367.642929] AAAAA-TCP_FORW: name:enp0s3: saddr:33561200: daddr:100932208
[  367.729883] AAAAA-TCP_FORW: name:enp0s3: saddr:100932208: daddr:33561200
[  367.758350] AAAAA-TCP_FORW: name:enp0s3: saddr:100932208: daddr:33561200
[  367.964569] AAAAA-TCP_FORW: name:enp0s3: saddr:100932208: daddr:16783984
[  368.059112] AAAAA-TCP_FORW: name:enp0s3: saddr:100932208: daddr:16783984
[  368.268239] AAAAA-TCP_FORW: name:enp0s3: saddr:33561200: daddr:100932208
[  368.365138] AAAAA-TCP_FORW: name:enp0s3: saddr:33561200: daddr:100932208
[  368.397973] AAAAA-TCP_FORW: name:enp0s3: saddr:100932208: daddr:16783984
[  368.487847] AAAAA-TCP_FORW: name:enp0s3: saddr:100932208: daddr:33561200
[  368.630282] AAAAA-TCP_FORW: name:enp0s3: saddr:100932208: daddr:33561200
[  368.867294] AAAAA-TCP_FORW: name:enp0s3: saddr:100932208: daddr:33561200
[  368.894060] AAAAA-TCP_FORW: name:enp0s3: saddr:100932208: daddr:33561200
[  368.909729] AAAAA-TCP_FORW: name:enp0s3: saddr:33561200: daddr:100932208
[  368.989650] AAAAA-TCP_FORW: name:enp0s3: saddr:33561200: daddr:100932208
[  369.054492] AAAAA-TCP_FORW: name:enp0s3: saddr:100932208: daddr:33561200
[  369.121876] AAAAA-TCP_FORW: name:enp0s3: saddr:100932208: daddr:16783984
[  369.238947] AAAAA-TCP_FORW: name:enp0s3: saddr:33561200: daddr:100932208
[  369.300550] AAAAA-TCP_FORW: name:enp0s3: saddr:33561200: daddr:100932208
[  369.453978] AAAAA-TCP_FORW: name:enp0s3: saddr:16783984: daddr:100932208
[  369.491533] AAAAA-TCP_FORW: name:enp0s3: saddr:16783984: daddr:100932208
[  369.525332] AAAAA-TCP_FORW: name:enp0s3: saddr:100932208: daddr:16783984
[  369.671415] AAAAA-TCP_FORW: name:enp0s3: saddr:16783984: daddr:100932208
[  369.786542] AAAAA-TCP_FORW: name:enp0s3: saddr:33561200: daddr:100932208
[  369.793070] AAAAA-TCP_FORW: name:enp0s3: saddr:100932208: daddr:16783984
[  369.900676] AAAAA-TCP_FORW: name:enp0s3: saddr:33561200: daddr:100932208
[  370.086754] AAAAA-TCP_FORW: name:enp0s3: saddr:33561200: daddr:100932208
[  370.129367] AAAAA-TCP_FORW: name:enp0s3: saddr:33561200: daddr:100932208
[  370.512674] AAAAA-TCP_FORW: name:enp0s3: saddr:33561200: daddr:100932208
[  371.051574] AAAAA-TCP_FORW: name:enp0s3: saddr:16783984: daddr:100932208
[  371.317091] AAAAA-TCP_FORW: name:enp0s3: saddr:16783984: daddr:100932208
[  373.470425] AAAAA-TCP_FORW: name:enp0s3: saddr:100932208: daddr:33561200
[  373.484780] AAAAA-TCP_FORW: name:enp0s3: saddr:33561200: daddr:100932208
[  373.687174] AAAAA-TCP_FORW: name:enp0s3: saddr:100932208: daddr:33561200
[  373.789274] AAAAA-TCP_FORW: name:enp0s3: saddr:33561200: daddr:100932208
[  373.934024] AAAAA-TCP_FORW: name:enp0s3: saddr:100932208: daddr:33561200
[  373.950176] AAAAA-TCP_FORW: name:enp0s3: saddr:33561200: daddr:100932208
[  374.240741] AAAAA-TCP_FORW: name:enp0s3: saddr:100932208: daddr:33561200
[  374.252192] AAAAA-TCP_FORW: name:enp0s3: saddr:33561200: daddr:100932208
[  374.341579] AAAAA-TCP_FORW: name:enp0s3: saddr:100932208: daddr:16783984
[  374.388692] AAAAA-TCP_FORW: name:enp0s3: saddr:100932208: daddr:16783984
[  374.520422] AAAAA-TCP_FORW: name:enp0s3: saddr:16783984: daddr:100932208
[  374.653051] AAAAA-TCP_FORW: name:enp0s3: saddr:16783984: daddr:100932208
[  390.967024] AAAAA-TCP_FORW: name:enp0s3: saddr:100932208: daddr:33561200
[  391.070610] AAAAA-TCP_FORW: name:enp0s3: saddr:100932208: daddr:33561200
[  391.154197] AAAAA-TCP_FORW: name:enp0s3: saddr:100932208: daddr:33561200
[  391.282932] AAAAA-TCP_FORW: name:enp0s3: saddr:100932208: daddr:33561200
[  391.485279] AAAAA-TCP_FORW: name:enp0s3: saddr:100932208: daddr:33561200
[  391.575308] AAAAA-TCP_FORW: name:enp0s3: saddr:100932208: daddr:33561200
[  391.720851] AAAAA-TCP_FORW: name:enp0s3: saddr:100932208: daddr:33561200
[  391.867590] AAAAA-TCP_FORW: name:enp0s3: saddr:100932208: daddr:33561200
[  392.067402] AAAAA-TCP_FORW: name:enp0s3: saddr:100932208: daddr:33561200
[  392.139925] AAAAA-TCP_FORW: name:enp0s3: saddr:100932208: daddr:33561200
[  392.259139] AAAAA-TCP_FORW: name:enp0s3: saddr:100932208: daddr:33561200
[  392.372734] AAAAA-TCP_FORW: name:enp0s3: saddr:100932208: daddr:33561200
[  392.440376] AAAAA-TCP_FORW: name:enp0s3: saddr:100932208: daddr:33561200
[  392.563587] AAAAA-TCP_FORW: name:enp0s3: saddr:100932208: daddr:33561200
[  392.625245] AAAAA-TCP_FORW: name:enp0s3: saddr:100932208: daddr:33561200
[  392.655783] AAAAA-TCP_FORW: name:enp0s3: saddr:100932208: daddr:33561200
[  392.757726] AAAAA-TCP_FORW: name:enp0s3: saddr:100932208: daddr:33561200
[  392.954092] AAAAA-TCP_FORW: name:enp0s3: saddr:100932208: daddr:33561200
[  393.021252] AAAAA-TCP_FORW: name:enp0s3: saddr:100932208: daddr:33561200
[  393.115970] AAAAA-TCP_FORW: name:enp0s3: saddr:100932208: daddr:33561200
[  393.213621] AAAAA-TCP_FORW: name:enp0s3: saddr:100932208: daddr:33561200
[  393.252616] AAAAA-TCP_FORW: name:enp0s3: saddr:100932208: daddr:33561200
[  393.416790] AAAAA-TCP_FORW: name:enp0s3: saddr:100932208: daddr:33561200
[  393.601783] AAAAA-TCP_FORW: name:enp0s3: saddr:100932208: daddr:33561200
[  393.688921] AAAAA-TCP_FORW: name:enp0s3: saddr:100932208: daddr:16783984
[  393.735069] AAAAA-TCP_FORW: name:enp0s3: saddr:100932208: daddr:33561200
[  393.825986] AAAAA-TCP_FORW: name:enp0s3: saddr:100932208: daddr:33561200
[  393.876948] AAAAA-TCP_FORW: name:enp0s3: saddr:100932208: daddr:33561200
[  394.014925] AAAAA-TCP_FORW: name:enp0s3: saddr:100932208: daddr:33561200
[  394.085482] AAAAA-TCP_FORW: name:enp0s3: saddr:100932208: daddr:33561200
[  394.137218] AAAAA-TCP_FORW: name:enp0s3: saddr:100932208: daddr:33561200
[  394.197725] AAAAA-TCP_FORW: name:enp0s3: saddr:100932208: daddr:33561200
[  394.301791] AAAAA-TCP_FORW: name:enp0s3: saddr:100932208: daddr:16783984
[  394.401489] AAAAA-TCP_FORW: name:enp0s3: saddr:100932208: daddr:16783984
[  394.443578] AAAAA-TCP_FORW: name:enp0s3: saddr:100932208: daddr:33561200
[  394.552981] AAAAA-TCP_FORW: name:enp0s3: saddr:100932208: daddr:33561200
[  394.787854] AAAAA-TCP_FORW: name:enp0s3: saddr:100932208: daddr:33561200
[  395.192777] AAAAA-TCP_FORW: name:enp0s3: saddr:100932208: daddr:16783984
[  395.405183] AAAAA-TCP_FORW: name:enp0s3: saddr:100932208: daddr:33561200
[  395.579024] AAAAA-TCP_FORW: name:enp0s3: saddr:100932208: daddr:33561200
[  397.395849] AAAAA-TCP_FORW: name:enp0s3: saddr:100932208: daddr:16783984
[  397.540076] AAAAA-TCP_FORW: name:enp0s3: saddr:100932208: daddr:33561200
[  397.633734] AAAAA-TCP_FORW: name:enp0s3: saddr:100932208: daddr:33561200
[  397.642804] AAAAA-TCP_FORW: name:enp0s3: saddr:33561200: daddr:100932208
[  397.706360] AAAAA-TCP_FORW: name:enp0s3: saddr:16783984: daddr:100932208
[  397.914279] AAAAA-TCP_FORW: name:enp0s3: saddr:100932208: daddr:33561200
[  398.785276] AAAAA-TCP_FORW: name:enp0s3: saddr:100932208: daddr:16783984
[  398.793570] AAAAA-TCP_FORW: name:enp0s3: saddr:16783984: daddr:100932208
[  399.338748] AAAAA-TCP_FORW: name:enp0s3: saddr:100932208: daddr:16783984
[  399.437727] AAAAA-TCP_FORW: name:enp0s3: saddr:100932208: daddr:33561200
[  399.496649] AAAAA-TCP_FORW: name:enp0s3: saddr:100932208: daddr:33561200
[  399.590372] AAAAA-TCP_FORW: name:enp0s3: saddr:33561200: daddr:100932208
[  399.637886] AAAAA-TCP_FORW: name:enp0s3: saddr:16783984: daddr:100932208
[  399.682853] AAAAA-TCP_FORW: name:enp0s3: saddr:33561200: daddr:100932208
[  400.855588] AAAAA-TCP_FORW: name:enp0s3: saddr:100932208: daddr:16783984
[  400.862400] AAAAA-TCP_FORW: name:enp0s3: saddr:33561200: daddr:100932208
[  401.299995] AAAAA-TCP_FORW: name:enp0s3: saddr:100932208: daddr:33561200
[  401.308328] AAAAA-TCP_FORW: name:enp0s3: saddr:33561200: daddr:100932208
[  401.368739] AAAAA-TCP_FORW: name:enp0s3: saddr:100932208: daddr:16783984
[  401.561209] AAAAA-TCP_FORW: name:enp0s3: saddr:16783984: daddr:100932208
[  527.387041] rfkill: input handler enabled
[  536.835270] rfkill: input handler disabled
[  715.406306] device enp0s3 left promiscuous mode
