[    0.000000] Linux version 5.4.243-mptcp (root@ztg) (gcc version 12.2.0 (Debian 12.2.0-14+deb12u1)) #53 SMP Wed Dec 24 23:28:15 CST 2025
[    0.000000] Command line: BOOT_IMAGE=/boot/vmlinuz-5.4.243-mptcp root=UUID=98415a12-53b7-4144-8265-0f7ece09e445 ro quiet splash
[    0.000000] KERNEL supported cpus:
[    0.000000]   Intel GenuineIntel
[    0.000000]   AMD AuthenticAMD
[    0.000000]   Hygon HygonGenuine
[    0.000000]   Centaur CentaurHauls
[    0.000000]   zhaoxin   Shanghai  
[    0.000000] x86/fpu: Supporting XSAVE feature 0x001: 'x87 floating point registers'
[    0.000000] x86/fpu: Supporting XSAVE feature 0x002: 'SSE registers'
[    0.000000] x86/fpu: Supporting XSAVE feature 0x004: 'AVX registers'
[    0.000000] x86/fpu: xstate_offset[2]:  576, xstate_sizes[2]:  256
[    0.000000] x86/fpu: Enabled xstate features 0x7, context size is 832 bytes, using 'standard' format.
[    0.000000] BIOS-provided physical RAM map:
[    0.000000] BIOS-e820: [mem 0x0000000000000000-0x000000000009fbff] usable
[    0.000000] BIOS-e820: [mem 0x000000000009fc00-0x000000000009ffff] reserved
[    0.000000] BIOS-e820: [mem 0x00000000000f0000-0x00000000000fffff] reserved
[    0.000000] BIOS-e820: [mem 0x0000000000100000-0x000000007ffeffff] usable
[    0.000000] BIOS-e820: [mem 0x000000007fff0000-0x000000007fffffff] ACPI data
[    0.000000] BIOS-e820: [mem 0x00000000fec00000-0x00000000fec00fff] reserved
[    0.000000] BIOS-e820: [mem 0x00000000fee00000-0x00000000fee00fff] reserved
[    0.000000] BIOS-e820: [mem 0x00000000fffc0000-0x00000000ffffffff] reserved
[    0.000000] NX (Execute Disable) protection: active
[    0.000000] SMBIOS 2.5 present.
[    0.000000] DMI: innotek GmbH VirtualBox/VirtualBox, BIOS VirtualBox 12/01/2006
[    0.000000] Hypervisor detected: KVM
[    0.000000] kvm-clock: Using msrs 4b564d01 and 4b564d00
[    0.000000] kvm-clock: cpu 0, msr 76c01001, primary cpu clock
[    0.000000] kvm-clock: using sched offset of 4488572451 cycles
[    0.000003] clocksource: kvm-clock: mask: 0xffffffffffffffff max_cycles: 0x1cd42e4dffb, max_idle_ns: 881590591483 ns
[    0.000007] tsc: Detected 2100.000 MHz processor
[    0.001901] e820: update [mem 0x00000000-0x00000fff] usable ==> reserved
[    0.001903] e820: remove [mem 0x000a0000-0x000fffff] usable
[    0.001907] last_pfn = 0x7fff0 max_arch_pfn = 0x400000000
[    0.001986] MTRR default type: uncachable
[    0.001987] MTRR fixed ranges enabled:
[    0.001988]   00000-9FFFF write-back
[    0.001989]   A0000-BFFFF uncachable
[    0.001990]   C0000-FFFFF write-protect
[    0.001991] MTRR variable ranges enabled:
[    0.001992]   0 base 000000000000 mask 3FFF80000000 write-back
[    0.001993]   1 disabled
[    0.001994]   2 disabled
[    0.001994]   3 disabled
[    0.001994]   4 disabled
[    0.001995]   5 disabled
[    0.001995]   6 disabled
[    0.001996]   7 disabled
[    0.001996]   8 disabled
[    0.001996]   9 disabled
[    0.001997]   10 disabled
[    0.001997]   11 disabled
[    0.001998]   12 disabled
[    0.001998]   13 disabled
[    0.001999]   14 disabled
[    0.001999]   15 disabled
[    0.002015] x86/PAT: Configuration [0-7]: WB  WC  UC- UC  WB  WP  UC- WT  
[    0.002150] found SMP MP-table at [mem 0x0009fff0-0x0009ffff]
[    0.095893] check: Scanning 1 areas for low memory corruption
[    0.096138] RAMDISK: [mem 0x32271000-0x3512ffff]
[    0.096147] ACPI: Early table checksum verification disabled
[    0.096155] ACPI: RSDP 0x00000000000E0000 000024 (v02 VBOX  )
[    0.096159] ACPI: XSDT 0x000000007FFF0030 00003C (v01 VBOX   VBOXXSDT 00000001 ASL  00000061)
[    0.096166] ACPI: FACP 0x000000007FFF00F0 0000F4 (v04 VBOX   VBOXFACP 00000001 ASL  00000061)
[    0.096174] ACPI: DSDT 0x000000007FFF02E0 002353 (v02 VBOX   VBOXBIOS 00000002 VBOX 00029BF3)
[    0.096178] ACPI: FACS 0x000000007FFF0200 000040
[    0.096181] ACPI: FACS 0x000000007FFF0200 000040
[    0.096185] ACPI: APIC 0x000000007FFF0240 000054 (v02 VBOX   VBOXAPIC 00000001 ASL  00000061)
[    0.096188] ACPI: SSDT 0x000000007FFF02A0 000038 (v01 VBOX   VBOXCPUT 00000002 VBOX 00029BF3)
[    0.096192] ACPI: Reserving FACP table memory at [mem 0x7fff00f0-0x7fff01e3]
[    0.096193] ACPI: Reserving DSDT table memory at [mem 0x7fff02e0-0x7fff2632]
[    0.096193] ACPI: Reserving FACS table memory at [mem 0x7fff0200-0x7fff023f]
[    0.096194] ACPI: Reserving FACS table memory at [mem 0x7fff0200-0x7fff023f]
[    0.096195] ACPI: Reserving APIC table memory at [mem 0x7fff0240-0x7fff0293]
[    0.096196] ACPI: Reserving SSDT table memory at [mem 0x7fff02a0-0x7fff02d7]
[    0.096213] ACPI: Local APIC address 0xfee00000
[    0.096420] No NUMA configuration found
[    0.096421] Faking a node at [mem 0x0000000000000000-0x000000007ffeffff]
[    0.096432] NODE_DATA(0) allocated [mem 0x7ffc5000-0x7ffeffff]
[    0.096700] Zone ranges:
[    0.096701]   DMA      [mem 0x0000000000001000-0x0000000000ffffff]
[    0.096703]   DMA32    [mem 0x0000000001000000-0x000000007ffeffff]
[    0.096704]   Normal   empty
[    0.096705]   Device   empty
[    0.096705] Movable zone start for each node
[    0.096707] Early memory node ranges
[    0.096708]   node   0: [mem 0x0000000000001000-0x000000000009efff]
[    0.096709]   node   0: [mem 0x0000000000100000-0x000000007ffeffff]
[    0.096713] Zeroed struct page in unavailable ranges: 114 pages
[    0.096714] Initmem setup node 0 [mem 0x0000000000001000-0x000000007ffeffff]
[    0.096715] On node 0 totalpages: 524174
[    0.096717]   DMA zone: 64 pages used for memmap
[    0.096717]   DMA zone: 21 pages reserved
[    0.096718]   DMA zone: 3998 pages, LIFO batch:0
[    0.096795]   DMA32 zone: 8128 pages used for memmap
[    0.096796]   DMA32 zone: 520176 pages, LIFO batch:63
[    0.105781] ACPI: PM-Timer IO Port: 0x4008
[    0.105785] ACPI: Local APIC address 0xfee00000
[    0.105854] IOAPIC[0]: apic_id 1, version 32, address 0xfec00000, GSI 0-23
[    0.105858] ACPI: INT_SRC_OVR (bus 0 bus_irq 0 global_irq 2 dfl dfl)
[    0.105860] ACPI: INT_SRC_OVR (bus 0 bus_irq 9 global_irq 9 low level)
[    0.105862] ACPI: IRQ0 used by override.
[    0.105863] ACPI: IRQ9 used by override.
[    0.105866] Using ACPI (MADT) for SMP configuration information
[    0.105873] smpboot: Allowing 1 CPUs, 0 hotplug CPUs
[    0.105899] PM: Registered nosave memory: [mem 0x00000000-0x00000fff]
[    0.105900] PM: Registered nosave memory: [mem 0x0009f000-0x0009ffff]
[    0.105901] PM: Registered nosave memory: [mem 0x000a0000-0x000effff]
[    0.105902] PM: Registered nosave memory: [mem 0x000f0000-0x000fffff]
[    0.105904] [mem 0x80000000-0xfebfffff] available for PCI devices
[    0.105905] Booting paravirtualized kernel on KVM
[    0.105909] clocksource: refined-jiffies: mask: 0xffffffff max_cycles: 0xffffffff, max_idle_ns: 7645519600211568 ns
[    0.105924] setup_percpu: NR_CPUS:8192 nr_cpumask_bits:1 nr_cpu_ids:1 nr_node_ids:1
[    0.107621] percpu: Embedded 60 pages/cpu s208896 r8192 d28672 u2097152
[    0.107626] pcpu-alloc: s208896 r8192 d28672 u2097152 alloc=1*2097152
[    0.107627] pcpu-alloc: [0] 0 
[    0.107657] Built 1 zonelists, mobility grouping on.  Total pages: 515961
[    0.107658] Policy zone: DMA32
[    0.107659] Kernel command line: BOOT_IMAGE=/boot/vmlinuz-5.4.243-mptcp root=UUID=98415a12-53b7-4144-8265-0f7ece09e445 ro quiet splash
[    0.108900] Dentry cache hash table entries: 262144 (order: 9, 2097152 bytes, linear)
[    0.109048] Inode-cache hash table entries: 131072 (order: 8, 1048576 bytes, linear)
[    0.109102] mem auto-init: stack:off, heap alloc:on, heap free:off
[    0.109105] Calgary: detecting Calgary via BIOS EBDA area
[    0.109106] Calgary: Unable to locate Rio Grande table in EBDA - bailing!
[    0.113325] Memory: 1967332K/2096696K available (14339K kernel code, 2398K rwdata, 4712K rodata, 2728K init, 17260K bss, 129364K reserved, 0K cma-reserved)
[    0.114650] SLUB: HWalign=64, Order=0-3, MinObjects=0, CPUs=1, Nodes=1
[    0.114669] ftrace: allocating 43186 entries in 169 pages
[    0.135170] rcu: Hierarchical RCU implementation.
[    0.135172] rcu: 	RCU restricting CPUs from NR_CPUS=8192 to nr_cpu_ids=1.
[    0.135173] 	Tasks RCU enabled.
[    0.135174] rcu: RCU calculated value of scheduler-enlistment delay is 25 jiffies.
[    0.135175] rcu: Adjusting geometry for rcu_fanout_leaf=16, nr_cpu_ids=1
[    0.138216] NR_IRQS: 524544, nr_irqs: 256, preallocated irqs: 16
[    0.138441] random: crng init done
[    0.147712] Console: colour VGA+ 80x25
[    0.147718] printk: console [tty0] enabled
[    0.147740] ACPI: Core revision 20190816
[    0.147842] APIC: Switch to symmetric I/O mode setup
[    0.148093] x2apic enabled
[    0.148331] Switched APIC routing to physical x2apic.
[    0.149449] ..TIMER: vector=0x30 apic1=0 pin1=2 apic2=-1 pin2=-1
[    0.149477] clocksource: tsc-early: mask: 0xffffffffffffffff max_cycles: 0x1e4530a99b6, max_idle_ns: 440795257976 ns
[    0.149483] Calibrating delay loop (skipped) preset value.. 4200.00 BogoMIPS (lpj=8400000)
[    0.149486] pid_max: default: 32768 minimum: 301
[    0.149516] LSM: Security Framework initializing
[    0.149527] Yama: becoming mindful.
[    0.149561] AppArmor: AppArmor initialized
[    0.149601] Mount-cache hash table entries: 4096 (order: 3, 32768 bytes, linear)
[    0.149608] Mountpoint-cache hash table entries: 4096 (order: 3, 32768 bytes, linear)
[    0.149620] *** VALIDATE tmpfs ***
[    0.149771] *** VALIDATE proc ***
[    0.149822] *** VALIDATE cgroup1 ***
[    0.149824] *** VALIDATE cgroup2 ***
[    0.149985] process: using mwait in idle threads
[    0.149990] Last level iTLB entries: 4KB 64, 2MB 8, 4MB 8
[    0.149991] Last level dTLB entries: 4KB 64, 2MB 0, 4MB 0, 1GB 4
[    0.150014] Spectre V1 : Mitigation: usercopy/swapgs barriers and __user pointer sanitization
[    0.150020] Spectre V2 : Mitigation: Retpolines
[    0.150020] Spectre V2 : Spectre v2 / SpectreRSB mitigation: Filling RSB on context switch
[    0.150021] Spectre V2 : Spectre v2 / SpectreRSB : Filling RSB on VMEXIT
[    0.150022] RETBleed: WARNING: Spectre v2 mitigation leaves CPU vulnerable to RETBleed attacks, data leaks possible!
[    0.150376] RETBleed: Vulnerable
[    0.150376] Speculative Store Bypass: Vulnerable
[    0.150382] TAA: Mitigation: TSX disabled
[    0.150382] MMIO Stale Data: Mitigation: Clear CPU buffers
[    0.157514] Freeing SMP alternatives memory: 40K
[    0.268251] smpboot: CPU0: Intel(R) Xeon(R) Silver 4216 CPU @ 2.10GHz (family: 0x6, model: 0x55, stepping: 0x7)
[    0.268455] Performance Events: unsupported p6 CPU model 85 no PMU driver, software events only.
[    0.268502] rcu: Hierarchical SRCU implementation.
[    0.269068] NMI watchdog: Perf NMI watchdog permanently disabled
[    0.269119] smp: Bringing up secondary CPUs ...
[    0.269120] smp: Brought up 1 node, 1 CPU
[    0.269121] smpboot: Max logical packages: 1
[    0.269122] smpboot: Total of 1 processors activated (4200.00 BogoMIPS)
[    0.269479] devtmpfs: initialized
[    0.269479] x86/mm: Memory block size: 128MB
[    0.269479] clocksource: jiffies: mask: 0xffffffff max_cycles: 0xffffffff, max_idle_ns: 7645041785100000 ns
[    0.269479] futex hash table entries: 256 (order: 2, 16384 bytes, linear)
[    0.269479] pinctrl core: initialized pinctrl subsystem
[    0.269479] PM: RTC time: 16:26:11, date: 2026-01-11
[    0.269479] NET: Registered protocol family 16
[    0.269479] audit: initializing netlink subsys (disabled)
[    0.269479] EISA bus registered
[    0.269479] cpuidle: using governor ladder
[    0.269479] cpuidle: using governor menu
[    0.269479] ACPI: bus type PCI registered
[    0.269479] acpiphp: ACPI Hot Plug PCI Controller Driver version: 0.5
[    0.269479] PCI: Using configuration type 1 for base access
[    0.270683] audit: type=2000 audit(1768119977.567:1): state=initialized audit_enabled=0 res=1
[    0.270782] HugeTLB registered 2.00 MiB page size, pre-allocated 0 pages
[    0.271699] ACPI: Added _OSI(Module Device)
[    0.271700] ACPI: Added _OSI(Processor Device)
[    0.271700] ACPI: Added _OSI(3.0 _SCP Extensions)
[    0.271701] ACPI: Added _OSI(Processor Aggregator Device)
[    0.271702] ACPI: Added _OSI(Linux-Dell-Video)
[    0.271703] ACPI: Added _OSI(Linux-Lenovo-NV-HDMI-Audio)
[    0.271704] ACPI: Added _OSI(Linux-HPI-Hybrid-Graphics)
[    0.273705] ACPI: 2 ACPI AML tables successfully acquired and loaded
[    0.275251] ACPI: Interpreter enabled
[    0.275263] ACPI: (supports S0 S5)
[    0.275264] ACPI: Using IOAPIC for interrupt routing
[    0.275471] PCI: Using host bridge windows from ACPI; if necessary, use "pci=nocrs" and report a bug
[    0.275579] ACPI: Enabled 2 GPEs in block 00 to 07
[    0.280546] ACPI: PCI Root Bridge [PCI0] (domain 0000 [bus 00-ff])
[    0.280553] acpi PNP0A03:00: _OSC: OS supports [ASPM ClockPM Segments MSI HPX-Type3]
[    0.280999] acpi PNP0A03:00: _OSC: not requesting OS control; OS requires [ExtendedConfig ASPM ClockPM MSI]
[    0.281008] acpi PNP0A03:00: fail to add MMCONFIG information, can't access extended PCI configuration space under this bridge.
[    0.281551] PCI host bridge to bus 0000:00
[    0.281553] pci_bus 0000:00: root bus resource [io  0x0000-0x0cf7 window]
[    0.281555] pci_bus 0000:00: root bus resource [io  0x0d00-0xffff window]
[    0.281556] pci_bus 0000:00: root bus resource [mem 0x000a0000-0x000bffff window]
[    0.281557] pci_bus 0000:00: root bus resource [mem 0x80000000-0xfdffffff window]
[    0.281558] pci_bus 0000:00: root bus resource [bus 00-ff]
[    0.281608] pci 0000:00:00.0: [8086:1237] type 00 class 0x060000
[    0.282568] pci 0000:00:01.0: [8086:7000] type 00 class 0x060100
[    0.283333] pci 0000:00:01.1: [8086:7111] type 00 class 0x01018a
[    0.283724] pci 0000:00:01.1: reg 0x20: [io  0xd000-0xd00f]
[    0.283883] pci 0000:00:01.1: legacy IDE quirk: reg 0x10: [io  0x01f0-0x01f7]
[    0.283884] pci 0000:00:01.1: legacy IDE quirk: reg 0x14: [io  0x03f6]
[    0.283885] pci 0000:00:01.1: legacy IDE quirk: reg 0x18: [io  0x0170-0x0177]
[    0.283886] pci 0000:00:01.1: legacy IDE quirk: reg 0x1c: [io  0x0376]
[    0.284430] pci 0000:00:02.0: [15ad:0405] type 00 class 0x030000
[    0.287388] pci 0000:00:02.0: reg 0x10: [io  0xd010-0xd01f]
[    0.291351] pci 0000:00:02.0: reg 0x14: [mem 0xe0000000-0xe7ffffff pref]
[    0.293526] pci 0000:00:02.0: reg 0x18: [mem 0xf0000000-0xf01fffff]
[    0.304813] pci 0000:00:03.0: [1022:2000] type 00 class 0x020000
[    0.305594] pci 0000:00:03.0: reg 0x10: [io  0xd020-0xd03f]
[    0.306214] pci 0000:00:03.0: reg 0x14: [mem 0xf0200000-0xf0200fff]
[    0.309652] pci 0000:00:04.0: [80ee:cafe] type 00 class 0x088000
[    0.310332] pci 0000:00:04.0: reg 0x10: [io  0xd040-0xd05f]
[    0.310943] pci 0000:00:04.0: reg 0x14: [mem 0xf0400000-0xf07fffff]
[    0.311554] pci 0000:00:04.0: reg 0x18: [mem 0xf0800000-0xf0803fff pref]
[    0.316021] pci 0000:00:07.0: [8086:7113] type 00 class 0x068000
[    0.316590] pci 0000:00:07.0: quirk: [io  0x4000-0x403f] claimed by PIIX4 ACPI
[    0.316602] pci 0000:00:07.0: quirk: [io  0x4100-0x410f] claimed by PIIX4 SMB
[    0.317231] pci 0000:00:08.0: [8086:100e] type 00 class 0x020000
[    0.317607] pci 0000:00:08.0: reg 0x10: [mem 0xf0820000-0xf083ffff]
[    0.318822] pci 0000:00:08.0: reg 0x18: [io  0xd060-0xd067]
[    0.322151] pci 0000:00:09.0: [8086:100e] type 00 class 0x020000
[    0.322864] pci 0000:00:09.0: reg 0x10: [mem 0xf0840000-0xf085ffff]
[    0.324020] pci 0000:00:09.0: reg 0x18: [io  0xd068-0xd06f]
[    0.334500] ACPI: PCI Interrupt Link [LNKA] (IRQs 5 9 10 *11)
[    0.334784] ACPI: PCI Interrupt Link [LNKB] (IRQs 5 9 *10 11)
[    0.334887] ACPI: PCI Interrupt Link [LNKC] (IRQs 5 *9 10 11)
[    0.334991] ACPI: PCI Interrupt Link [LNKD] (IRQs 5 9 10 *11)
[    0.335298] iommu: Default domain type: Translated 
[    0.335364] pci 0000:00:02.0: vgaarb: setting as boot VGA device
[    0.335367] pci 0000:00:02.0: vgaarb: VGA device added: decodes=io+mem,owns=io+mem,locks=none
[    0.335369] pci 0000:00:02.0: vgaarb: bridge control possible
[    0.335370] vgaarb: loaded
[    0.335616] SCSI subsystem initialized
[    0.335655] libata version 3.00 loaded.
[    0.335679] ACPI: bus type USB registered
[    0.335697] usbcore: registered new interface driver usbfs
[    0.335703] usbcore: registered new interface driver hub
[    0.335712] usbcore: registered new device driver usb
[    0.335745] pps_core: LinuxPPS API ver. 1 registered
[    0.335746] pps_core: Software ver. 5.3.6 - Copyright 2005-2007 Rodolfo Giometti <giometti@linux.it>
[    0.335748] PTP clock support registered
[    0.335789] EDAC MC: Ver: 3.0.0
[    0.336116] PCI: Using ACPI for IRQ routing
[    0.336118] PCI: pci_cache_line_size set to 64 bytes
[    0.336299] e820: reserve RAM buffer [mem 0x0009fc00-0x0009ffff]
[    0.336302] e820: reserve RAM buffer [mem 0x7fff0000-0x7fffffff]
[    0.337499] NetLabel: Initializing
[    0.337500] NetLabel:  domain hash size = 128
[    0.337501] NetLabel:  protocols = UNLABELED CIPSOv4 CALIPSO
[    0.337524] NetLabel:  unlabeled traffic allowed by default
[    0.338560] clocksource: Switched to clocksource kvm-clock
[    0.355518] *** VALIDATE bpf ***
[    0.355607] VFS: Disk quotas dquot_6.6.0
[    0.355622] VFS: Dquot-cache hash table entries: 512 (order 0, 4096 bytes)
[    0.355652] *** VALIDATE ramfs ***
[    0.355656] *** VALIDATE hugetlbfs ***
[    0.355738] AppArmor: AppArmor Filesystem Enabled
[    0.355738] pnp: PnP ACPI init
[    0.355738] pnp 00:00: Plug and Play ACPI device, IDs PNP0303 (active)
[    0.355984] pnp 00:01: Plug and Play ACPI device, IDs PNP0f03 (active)
[    0.356753] pnp: PnP ACPI: found 2 devices
[    0.357796] thermal_sys: Registered thermal governor 'fair_share'
[    0.357797] thermal_sys: Registered thermal governor 'bang_bang'
[    0.357797] thermal_sys: Registered thermal governor 'step_wise'
[    0.357798] thermal_sys: Registered thermal governor 'user_space'
[    0.357799] thermal_sys: Registered thermal governor 'power_allocator'
[    0.362328] clocksource: acpi_pm: mask: 0xffffff max_cycles: 0xffffff, max_idle_ns: 2085701024 ns
[    0.362374] pci_bus 0000:00: resource 4 [io  0x0000-0x0cf7 window]
[    0.362375] pci_bus 0000:00: resource 5 [io  0x0d00-0xffff window]
[    0.362377] pci_bus 0000:00: resource 6 [mem 0x000a0000-0x000bffff window]
[    0.362378] pci_bus 0000:00: resource 7 [mem 0x80000000-0xfdffffff window]
[    0.362447] NET: Registered protocol family 2
[    0.362565] IP idents hash table entries: 32768 (order: 6, 262144 bytes, linear)
[    0.363070] MPTCP tokens hash table entries: 8192 (order: 4, 65536 bytes, linear)
[    0.363099] MPTCP request tokens hash table entries: 8192 (order: 4, 65536 bytes, linear)
[    0.363126] default registered
[    0.363126] default registered
[    0.363127] MPTCP: Stable release v0.96
[    0.363134] tcp_listen_portaddr_hash hash table entries: 1024 (order: 2, 16384 bytes, linear)
[    0.363273] TCP established hash table entries: 16384 (order: 5, 131072 bytes, linear)
[    0.363330] TCP bind hash table entries: 16384 (order: 6, 262144 bytes, linear)
[    0.363330] TCP: Hash tables configured (established 16384 bind 16384)
[    0.364532] UDP hash table entries: 1024 (order: 3, 32768 bytes, linear)
[    0.364547] UDP-Lite hash table entries: 1024 (order: 3, 32768 bytes, linear)
[    0.364589] NET: Registered protocol family 1
[    0.364599] NET: Registered protocol family 44
[    0.364624] pci 0000:00:00.0: Limiting direct PCI/PCI transfers
[    0.364641] pci 0000:00:01.0: Activating ISA DMA hang workarounds
[    0.364696] pci 0000:00:02.0: Video device with shadowed ROM at [mem 0x000c0000-0x000dffff]
[    0.364764] PCI: CLS 0 bytes, default 64
[    0.364824] Trying to unpack rootfs image as initramfs...
[    0.598056] Freeing initrd memory: 47868K
[    0.598187] clocksource: tsc: mask: 0xffffffffffffffff max_cycles: 0x1e4530a99b6, max_idle_ns: 440795257976 ns
[    0.598200] clocksource: Switched to clocksource tsc
[    0.598254] platform rtc_cmos: registered platform RTC device (no PNP device found)
[    0.598293] check: Scanning for low memory corruption every 60 seconds
[    0.598692] Initialise system trusted keyrings
[    0.598706] Key type blacklist registered
[    0.598759] workingset: timestamp_bits=36 max_order=19 bucket_order=0
[    0.599639] zbud: loaded
[    0.599639] squashfs: version 4.0 (2009/01/31) Phillip Lougher
[    0.599639] fuse: init (API version 7.31)
[    0.599639] *** VALIDATE fuse ***
[    0.599639] *** VALIDATE fuse ***
[    0.599639] Platform Keyring initialized
[    0.599639] Key type asymmetric registered
[    0.599639] Asymmetric key parser 'x509' registered
[    0.599639] Block layer SCSI generic (bsg) driver version 0.4 loaded (major 244)
[    0.599639] io scheduler mq-deadline registered
[    0.599639] shpchp: Standard Hot Plug PCI Controller Driver version: 0.4
[    0.604334] ACPI: AC Adapter [AC] (on-line)
[    0.604386] input: Power Button as /devices/LNXSYSTM:00/LNXPWRBN:00/input/input0
[    0.604419] ACPI: Power Button [PWRF]
[    0.604502] input: Sleep Button as /devices/LNXSYSTM:00/LNXSLPBN:00/input/input1
[    0.604519] ACPI: Sleep Button [SLPF]
[    0.604767] Serial: 8250/16550 driver, 32 ports, IRQ sharing enabled
[    0.606008] Linux agpgart interface v0.103
[    0.695138] loop: module loaded
[    0.695383] ata_piix 0000:00:01.1: version 2.13
[    0.695978] scsi host0: ata_piix
[    0.696115] scsi host1: ata_piix
[    0.696153] ata1: PATA max UDMA/33 cmd 0x1f0 ctl 0x3f6 bmdma 0xd000 irq 14
[    0.696155] ata2: PATA max UDMA/33 cmd 0x170 ctl 0x376 bmdma 0xd008 irq 15
[    0.696283] tun: Universal TUN/TAP device driver, 1.6
[    0.696664] PPP generic driver version 2.4.2
[    0.696725] VFIO - User Level meta-driver version: 0.3
[    0.697027] ehci_hcd: USB 2.0 'Enhanced' Host Controller (EHCI) Driver
[    0.697034] ehci-pci: EHCI PCI platform driver
[    0.697059] ehci-platform: EHCI generic platform driver
[    0.697069] ohci_hcd: USB 1.1 'Open' Host Controller (OHCI) Driver
[    0.697072] ohci-pci: OHCI PCI platform driver
[    0.697082] ohci-platform: OHCI generic platform driver
[    0.697088] uhci_hcd: USB Universal Host Controller Interface driver
[    0.697193] i8042: PNP: PS/2 Controller [PNP0303:PS2K,PNP0f03:PS2M] at 0x60,0x64 irq 1,12
[    0.697753] serio: i8042 KBD port at 0x60,0x64 irq 1
[    0.697760] serio: i8042 AUX port at 0x60,0x64 irq 12
[    0.697894] mousedev: PS/2 mouse device common for all mice
[    0.698244] input: AT Translated Set 2 keyboard as /devices/platform/i8042/serio0/input/input2
[    0.698754] rtc_cmos rtc_cmos: registered as rtc0
[    0.698774] rtc_cmos rtc_cmos: alarms up to one day, 114 bytes nvram
[    0.698781] i2c /dev entries driver
[    0.698843] device-mapper: uevent: version 1.0.3
[    0.698904] device-mapper: ioctl: 4.41.0-ioctl (2019-09-16) initialised: dm-devel@redhat.com
[    0.698927] platform eisa.0: Probing EISA bus 0
[    0.698929] platform eisa.0: EISA: Cannot allocate resource for mainboard
[    0.698931] platform eisa.0: Cannot allocate resource for EISA slot 1
[    0.698933] platform eisa.0: Cannot allocate resource for EISA slot 2
[    0.698934] platform eisa.0: Cannot allocate resource for EISA slot 3
[    0.698936] platform eisa.0: Cannot allocate resource for EISA slot 4
[    0.698937] platform eisa.0: Cannot allocate resource for EISA slot 5
[    0.698939] platform eisa.0: Cannot allocate resource for EISA slot 6
[    0.698940] platform eisa.0: Cannot allocate resource for EISA slot 7
[    0.698941] platform eisa.0: Cannot allocate resource for EISA slot 8
[    0.698943] platform eisa.0: EISA: Detected 0 cards
[    0.698947] intel_pstate: CPU model not supported
[    0.698983] ledtrig-cpu: registered to indicate activity on CPUs
[    0.699068] drop_monitor: Initializing network drop monitor service
[    0.699362] NET: Registered protocol family 10
[    0.703299] Segment Routing with IPv6
[    0.703299] fullmesh registered
[    0.703299] ndiffports registered
[    0.703299] binder registered
[    0.703299] roundrobin registered
[    0.703299] redundant registered
[    0.703299] blest registered
[    0.703299] ecf registered
[    0.703299] NET: Registered protocol family 17
[    0.703299] Key type dns_resolver registered
[    0.703299] RAS: Correctable Errors collector initialized.
[    0.703299] IPI shorthand broadcast: enabled
[    0.703299] sched_clock: Marking stable (688250208, 11049071)->(702227852, -2928573)
[    0.706926] registered taskstats version 1
[    0.706942] Loading compiled-in X.509 certificates
[    0.707906] Loaded X.509 cert 'Build time autogenerated kernel key: 6909f3744cebb3d0de528d5887b96a727de79b1e'
[    0.707934] zswap: loaded using pool lzo/zbud
[    0.708010] Key type ._fscrypt registered
[    0.708011] Key type .fscrypt registered
[    0.714043] Key type big_key registered
[    0.717331] Key type encrypted registered
[    0.717334] AppArmor: AppArmor sha1 policy hashing enabled
[    0.717345] ima: No TPM chip found, activating TPM-bypass!
[    0.717350] ima: Allocated hash algorithm: sha1
[    0.717358] ima: No architecture policies found
[    0.717372] evm: Initialising EVM extended attributes:
[    0.717373] evm: security.selinux
[    0.717374] evm: security.SMACK64
[    0.717375] evm: security.SMACK64EXEC
[    0.717375] evm: security.SMACK64TRANSMUTE
[    0.717376] evm: security.SMACK64MMAP
[    0.717377] evm: security.apparmor
[    0.717377] evm: security.ima
[    0.717378] evm: security.capability
[    0.717379] evm: HMAC attrs: 0x1
[    0.717771] PM:   Magic number: 10:865:438
[    0.717909] rtc_cmos rtc_cmos: setting system clock to 2026-01-11T16:26:12 UTC (1768148772)
[    0.867097] ata1.00: ATA-6: VBOX HARDDISK, 1.0, max UDMA/133
[    0.867101] ata1.00: 209715200 sectors, multi 128: LBA 
[    0.867639] scsi 0:0:0:0: Direct-Access     ATA      VBOX HARDDISK    1.0  PQ: 0 ANSI: 5
[    0.867907] sd 0:0:0:0: [sda] 209715200 512-byte logical blocks: (107 GB/100 GiB)
[    0.867917] sd 0:0:0:0: [sda] Write Protect is off
[    0.867920] sd 0:0:0:0: [sda] Mode Sense: 00 3a 00 00
[    0.867935] sd 0:0:0:0: [sda] Write cache: enabled, read cache: enabled, doesn't support DPO or FUA
[    0.868221] sd 0:0:0:0: Attached scsi generic sg0 type 0
[    0.868725]  sda: sda1 sda2
[    0.879180] sd 0:0:0:0: [sda] Attached SCSI disk
[    0.881275] Freeing unused decrypted memory: 2040K
[    0.882338] Freeing unused kernel image memory: 2728K
[    0.882340] Write protecting the kernel read-only data: 22528k
[    0.883295] Freeing unused kernel image memory: 2036K
[    0.883870] Freeing unused kernel image memory: 1432K
[    0.896795] x86/mm: Checked W+X mappings: passed, no W+X pages found.
[    0.896799] Run /init as init process
[    0.989931] ACPI: Video Device [GFX0] (multi-head: yes  rom: no  post: no)
[    0.990018] input: Video Bus as /devices/LNXSYSTM:00/LNXSYBUS:00/PNP0A03:00/LNXVIDEO:00/input/input4
[    1.001663] pcnet32: pcnet32.c:v1.35 21.Apr.2008 tsbogend@alpha.franken.de
[    1.005172] piix4_smbus 0000:00:07.0: SMBus Host Controller at 0x4100, revision 0
[    1.008383] e1000: Intel(R) PRO/1000 Network Driver - version 7.3.21-k8-NAPI
[    1.008384] e1000: Copyright (c) 1999-2006 Intel Corporation.
[    1.014776] pcnet32: PCnet/FAST III 79C973 at 0xd020, 08:00:27:ba:19:20 assigned IRQ 19
[    1.014826] pcnet32: Found PHY 0022:561b at address 0
[    1.023475] pcnet32: eth0: registered as PCnet/FAST III 79C973
[    1.024324] pcnet32: 1 cards_found
[    1.073778] pcnet32 0000:00:03.0 enp0s3: renamed from eth0
[    1.236538] input: ImExPS/2 Generic Explorer Mouse as /devices/platform/i8042/serio1/input/input5
[    1.423718] e1000 0000:00:08.0 eth0: (PCI:33MHz:32-bit) 08:00:27:78:4e:96
[    1.423723] e1000 0000:00:08.0 eth0: Intel(R) PRO/1000 Network Connection
[    1.795518] e1000 0000:00:09.0 eth1: (PCI:33MHz:32-bit) 08:00:27:9e:1a:61
[    1.795522] e1000 0000:00:09.0 eth1: Intel(R) PRO/1000 Network Connection
[    1.796826] e1000 0000:00:09.0 enp0s9: renamed from eth1
[    1.798715] e1000 0000:00:08.0 enp0s8: renamed from eth0
[    1.948266] EXT4-fs (sda2): mounted filesystem with ordered data mode. Opts: (null)
[    2.043691] systemd[1]: Inserted module 'autofs4'
[    2.055856] systemd[1]: systemd 245.4-4ubuntu3 running in system mode. (+PAM +AUDIT +SELINUX +IMA +APPARMOR +SMACK +SYSVINIT +UTMP +LIBCRYPTSETUP +GCRYPT +GNUTLS +ACL +XZ +LZ4 +SECCOMP +BLKID +ELFUTILS +KMOD +IDN2 -IDN +PCRE2 default-hierarchy=hybrid)
[    2.055893] systemd[1]: Detected virtualization oracle.
[    2.055899] systemd[1]: Detected architecture x86-64.
[    2.057232] systemd[1]: Set hostname to <ztg>.
[    2.189697] systemd[1]: /lib/systemd/system/dbus.socket:5: ListenStream= references a path below legacy directory /var/run/, updating /var/run/dbus/system_bus_socket â†’ /run/dbus/system_bus_socket; please update the unit file accordingly.
[    2.242758] systemd[1]: Created slice system-modprobe.slice.
[    2.242977] systemd[1]: Created slice User and Session Slice.
[    2.243025] systemd[1]: Started Forward Password Requests to Wall Directory Watch.
[    2.243275] systemd[1]: Set up automount Arbitrary Executable File Formats File System Automount Point.
[    2.243318] systemd[1]: Reached target User and Group Name Lookups.
[    2.243328] systemd[1]: Reached target Remote File Systems.
[    2.243336] systemd[1]: Reached target Slices.
[    2.243862] systemd[1]: Listening on Syslog Socket.
[    2.243946] systemd[1]: Listening on fsck to fsckd communication Socket.
[    2.243994] systemd[1]: Listening on initctl Compatibility Named Pipe.
[    2.244161] systemd[1]: Listening on Journal Audit Socket.
[    2.244219] systemd[1]: Listening on Journal Socket (/dev/log).
[    2.244291] systemd[1]: Listening on Journal Socket.
[    2.244358] systemd[1]: Listening on udev Control Socket.
[    2.244399] systemd[1]: Listening on udev Kernel Socket.
[    2.245263] systemd[1]: Mounting Huge Pages File System...
[    2.246280] systemd[1]: Mounting POSIX Message Queue File System...
[    2.247360] systemd[1]: Mounting Kernel Debug File System...
[    2.248590] systemd[1]: Mounting Kernel Trace File System...
[    2.273410] systemd[1]: Starting Journal Service...
[    2.275738] systemd[1]: Starting Set the console keyboard layout...
[    2.283619] systemd[1]: Starting Create list of static device nodes for the current kernel...
[    2.289346] systemd[1]: Starting Load Kernel Module drm...
[    2.295921] systemd[1]: Condition check resulted in Set Up Additional Binary Formats being skipped.
[    2.295964] systemd[1]: Condition check resulted in File System Check on Root Device being skipped.
[    2.304084] systemd[1]: Starting Load Kernel Modules...
[    2.304929] systemd[1]: Starting Remount Root and Kernel File Systems...
[    2.305782] systemd[1]: Starting udev Coldplug all Devices...
[    2.306644] systemd[1]: Starting Uncomplicated firewall...
[    2.333466] systemd[1]: Mounted Huge Pages File System.
[    2.333576] systemd[1]: Mounted POSIX Message Queue File System.
[    2.333658] systemd[1]: Mounted Kernel Debug File System.
[    2.333737] systemd[1]: Mounted Kernel Trace File System.
[    2.359844] systemd[1]: Finished Create list of static device nodes for the current kernel.
[    2.360180] systemd[1]: modprobe@drm.service: Succeeded.
[    2.360433] EXT4-fs (sda2): re-mounted. Opts: errors=remount-ro
[    2.360970] systemd[1]: Finished Load Kernel Module drm.
[    2.382178] systemd[1]: Finished Remount Root and Kernel File Systems.
[    2.401219] systemd[1]: Finished Uncomplicated firewall.
[    2.401789] systemd[1]: Condition check resulted in Rebuild Hardware Database being skipped.
[    2.401831] systemd[1]: Condition check resulted in Platform Persistent Storage Archival being skipped.
[    2.402647] systemd[1]: Starting Load/Save Random Seed...
[    2.408934] systemd[1]: Starting Create System Users...
[    2.416785] lp: driver loaded but no devices found
[    2.421427] systemd[1]: Finished Load/Save Random Seed.
[    2.429056] systemd[1]: Finished Create System Users.
[    2.429828] systemd[1]: Starting Create Static Device Nodes in /dev...
[    2.436936] ppdev: user-space parallel port driver
[    2.465272] systemd[1]: Finished Create Static Device Nodes in /dev.
[    2.466273] systemd[1]: Starting udev Kernel Device Manager...
[    2.492305] systemd[1]: Finished udev Coldplug all Devices.
[    2.523407] [drm] DMA map mode: Caching DMA mappings.
[    2.523473] [drm] Capabilities:
[    2.523473] [drm]   Rect copy.
[    2.523474] [drm]   Cursor.
[    2.523474] [drm]   Cursor bypass.
[    2.523474] [drm]   Cursor bypass 2.
[    2.523475] [drm]   Alpha cursor.
[    2.523475] [drm]   Extended Fifo.
[    2.523475] [drm]   Pitchlock.
[    2.523476] [drm]   Irq mask.
[    2.523476] [drm]   GMR.
[    2.523476] [drm]   Traces.
[    2.523477] [drm]   GMR2.
[    2.523477] [drm]   Screen Object 2.
[    2.523477] [drm]   Command Buffers.
[    2.523478] [drm]   Command Buffers 2.
[    2.523478] [drm]   Guest Backed Resources.
[    2.523479] [drm] Max GMR ids is 8192
[    2.523480] [drm] Max number of GMR pages is 1048576
[    2.523480] [drm] Max dedicated hypervisor surface memory is 393216 kiB
[    2.523481] [drm] Maximum display memory size is 131072 kiB
[    2.523482] [drm] VRAM at 0xe0000000 size is 131072 kiB
[    2.523482] [drm] MMIO at 0xf0000000 size is 2048 kiB
[    2.534217] [TTM] Zone  kernel: Available graphics memory: 1011738 KiB
[    2.534218] [TTM] Initializing pool allocator
[    2.534222] [TTM] Initializing DMA pool allocator
[    2.534253] [drm] Supports vblank timestamp caching Rev 2 (21.10.2013).
[    2.534254] [drm] No driver support for vblank timestamp query.
[    2.534497] [drm] Screen Target Display device initialized
[    2.534860] [drm] width 720
[    2.534873] [drm] height 400
[    2.534882] [drm] bpp 32
[    2.535525] [drm] Fifo max 0x00200000 min 0x00001000 cap 0x00000355
[    2.537232] [drm] Using command buffers with DMA pool.
[    2.537239] [drm] DX: no.
[    2.537239] [drm] Atomic: yes.
[    2.537240] [drm] SM4_1: no.
[    2.537261] [drm:vmw_host_log [vmwgfx]] *ERROR* Failed to send host log message.
[    2.538210] [drm:vmw_host_log [vmwgfx]] *ERROR* Failed to send host log message.
[    2.565169] systemd[1]: Finished Set the console keyboard layout.
[    2.565298] systemd[1]: Reached target Local File Systems (Pre).
[    2.565868] fbcon: svgadrmfb (fb0) is primary device
[    2.571588] systemd[1]: Mounting Mount unit for bare, revision 5...
[    2.574393] systemd[1]: Mounting Mount unit for core18, revision 1705...
[    2.577601] Console: switching to colour frame buffer device 100x37
[    2.584963] [drm] Initialized vmwgfx 2.15.0 20180704 for 0000:00:02.0 on minor 0
[    2.586497] systemd[1]: Mounting Mount unit for gnome-3-34-1804, revision 24...
[    2.600422] systemd[1]: Mounting Mount unit for gtk-common-themes, revision 1506...
[    2.631153] systemd[1]: Mounting Mount unit for gtk-common-themes, revision 1535...
[    2.638611] systemd[1]: Mounting Mount unit for snap-store, revision 433...
[    2.645300] systemd[1]: Mounting Mount unit for snapd, revision 25935...
[    2.655938] systemd[1]: Finished Load Kernel Modules.
[    2.658111] systemd[1]: Mounting FUSE Control File System...
[    2.671911] systemd[1]: Mounting Kernel Configuration File System...
[    2.674377] systemd[1]: Starting Apply Kernel Variables...
[    2.698931] systemd[1]: Mounted Mount unit for bare, revision 5.
[    2.699044] systemd[1]: Mounted Mount unit for core18, revision 1705.
[    2.709870] systemd[1]: Started udev Kernel Device Manager.
[    2.709982] systemd[1]: Mounted Mount unit for gnome-3-34-1804, revision 24.
[    2.710075] systemd[1]: Mounted Mount unit for gtk-common-themes, revision 1506.
[    2.710164] systemd[1]: Mounted Mount unit for gtk-common-themes, revision 1535.
[    2.710245] systemd[1]: Mounted FUSE Control File System.
[    2.710322] systemd[1]: Mounted Kernel Configuration File System.
[    2.710393] systemd[1]: Condition check resulted in VMware vmblock fuse mount being skipped.
[    2.730816] systemd[1]: Starting Show Plymouth Boot Screen...
[    2.734857] systemd[1]: Finished Apply Kernel Variables.
[    2.737124] systemd[1]: Received SIGRTMIN+20 from PID 275 (plymouthd).
[    2.746206] systemd[1]: Mounted Mount unit for snap-store, revision 433.
[    2.746474] systemd[1]: Mounted Mount unit for snapd, revision 25935.
[    2.748908] systemd[1]: Reached target Local File Systems.
[    2.751521] systemd[1]: Starting Load AppArmor profiles...
[    2.758586] systemd[1]: Starting Set console font and keymap...
[    2.768180] systemd[1]: Starting Tell Plymouth To Write Out Runtime Data...
[    2.771201] systemd[1]: Condition check resulted in Store a System Token in an EFI Variable being skipped.
[    2.771234] systemd[1]: Condition check resulted in Commit a transient machine-id on disk being skipped.
[    2.771365] systemd[1]: Started Show Plymouth Boot Screen.
[    2.771842] systemd[1]: Condition check resulted in Dispatch Password Requests to Console Directory Watch being skipped.
[    2.771935] systemd[1]: Started Forward Password Requests to Plymouth Directory Watch.
[    2.772247] systemd[1]: Reached target Local Encrypted Volumes.
[    2.774201] systemd[1]: Finished Set console font and keymap.
[    2.780877] systemd[1]: Received SIGRTMIN+20 from PID 275 (plymouthd).
[    2.782263] systemd[1]: plymouth-read-write.service: Succeeded.
[    2.782504] systemd[1]: Finished Tell Plymouth To Write Out Runtime Data.
[    2.811358] audit: type=1400 audit(1768148774.592:2): apparmor="STATUS" operation="profile_load" profile="unconfined" name="nvidia_modprobe" pid=299 comm="apparmor_parser"
[    2.811361] audit: type=1400 audit(1768148774.592:3): apparmor="STATUS" operation="profile_load" profile="unconfined" name="nvidia_modprobe//kmod" pid=299 comm="apparmor_parser"
[    2.820259] audit: type=1400 audit(1768148774.600:4): apparmor="STATUS" operation="profile_load" profile="unconfined" name="/usr/sbin/tcpdump" pid=300 comm="apparmor_parser"
[    2.871740] audit: type=1400 audit(1768148774.644:5): apparmor="STATUS" operation="profile_load" profile="unconfined" name="/usr/bin/evince" pid=302 comm="apparmor_parser"
[    2.871742] audit: type=1400 audit(1768148774.644:6): apparmor="STATUS" operation="profile_load" profile="unconfined" name="/usr/bin/evince//sanitized_helper" pid=302 comm="apparmor_parser"
[    2.871744] audit: type=1400 audit(1768148774.644:7): apparmor="STATUS" operation="profile_load" profile="unconfined" name="/usr/bin/evince-previewer" pid=302 comm="apparmor_parser"
[    2.871747] audit: type=1400 audit(1768148774.644:8): apparmor="STATUS" operation="profile_load" profile="unconfined" name="/usr/bin/evince-previewer//sanitized_helper" pid=302 comm="apparmor_parser"
[    2.871748] audit: type=1400 audit(1768148774.644:9): apparmor="STATUS" operation="profile_load" profile="unconfined" name="/usr/bin/evince-thumbnailer" pid=302 comm="apparmor_parser"
[    2.886476] audit: type=1400 audit(1768148774.664:10): apparmor="STATUS" operation="profile_load" profile="unconfined" name="/usr/lib/cups/backend/cups-pdf" pid=303 comm="apparmor_parser"
[    2.962988] systemd[1]: Finished Load AppArmor profiles.
[    2.964207] systemd[1]: Starting Load AppArmor profiles managed internally by snapd...
[    3.087069] systemd[1]: Finished Load AppArmor profiles managed internally by snapd.
[    3.266812] systemd[1]: Started Journal Service.
[    3.279968] systemd-journald[229]: Received client request to flush runtime journal.
[    3.283764] systemd-journald[229]: File /var/log/journal/c455b248004a419c87ce85eea238d727/system.journal corrupted or uncleanly shut down, renaming and replacing.
[    4.574939] RAPL PMU: API unit is 2^-32 Joules, 0 fixed counters, 10737418240 ms ovfl timer
[    4.635632] cryptd: max_cpu_qlen set to 1000
[    4.722950] AVX2 version of gcm_enc/dec engaged.
[    4.722951] AES CTR mode by8 optimization enabled
[    6.554457] Adding 1998844k swap on /dev/sda1.  Priority:-2 extents:1 across:1998844k FS
[    7.397750] kauditd_printk_skb: 30 callbacks suppressed
[    7.397752] audit: type=1400 audit(1768148779.176:41): apparmor="DENIED" operation="capable" profile="/usr/sbin/cups-browsed" pid=508 comm="cups-browsed" capability=23  capname="sys_nice"
[    8.928092] pcnet32 0000:00:03.0 enp0s3: link up, 100Mbps, full-duplex
[    8.975170] e1000: enp0s8 NIC Link is Up 1000 Mbps Full Duplex, Flow Control: RX
[    8.975490] IPv6: ADDRCONF(NETDEV_CHANGE): enp0s8: link becomes ready
[    8.991577] e1000: enp0s9 NIC Link is Up 1000 Mbps Full Duplex, Flow Control: RX
[    8.991867] IPv6: ADDRCONF(NETDEV_CHANGE): enp0s9: link becomes ready
[    9.648546] device enp0s3 entered promiscuous mode
[    9.685094] audit: type=1400 audit(1768148781.456:42): apparmor="DENIED" operation="open" profile="/usr/sbin/tcpdump" name="/proc/sys/kernel/random/boot_id" pid=626 comm="tcpdump" requested_mask="r" denied_mask="r" fsuid=0 ouid=0
[    9.685420] audit: type=1400 audit(1768148781.456:43): apparmor="DENIED" operation="open" profile="/usr/sbin/tcpdump" name="/proc/sys/kernel/random/boot_id" pid=626 comm="tcpdump" requested_mask="r" denied_mask="r" fsuid=0 ouid=0
[    9.685506] audit: type=1400 audit(1768148781.456:44): apparmor="DENIED" operation="open" profile="/usr/sbin/tcpdump" name="/proc/sys/kernel/random/boot_id" pid=626 comm="tcpdump" requested_mask="r" denied_mask="r" fsuid=0 ouid=0
[    9.685655] audit: type=1400 audit(1768148781.456:45): apparmor="DENIED" operation="open" profile="/usr/sbin/tcpdump" name="/proc/sys/kernel/random/boot_id" pid=626 comm="tcpdump" requested_mask="r" denied_mask="r" fsuid=0 ouid=0
[    9.689527] audit: type=1400 audit(1768148781.468:46): apparmor="DENIED" operation="open" profile="/usr/sbin/tcpdump" name="/proc/sys/kernel/random/boot_id" pid=627 comm="tcpdump" requested_mask="r" denied_mask="r" fsuid=0 ouid=0
[    9.690077] audit: type=1400 audit(1768148781.468:47): apparmor="DENIED" operation="open" profile="/usr/sbin/tcpdump" name="/proc/sys/kernel/random/boot_id" pid=627 comm="tcpdump" requested_mask="r" denied_mask="r" fsuid=0 ouid=0
[    9.690150] audit: type=1400 audit(1768148781.468:48): apparmor="DENIED" operation="open" profile="/usr/sbin/tcpdump" name="/proc/sys/kernel/random/boot_id" pid=627 comm="tcpdump" requested_mask="r" denied_mask="r" fsuid=0 ouid=0
[    9.690291] audit: type=1400 audit(1768148781.468:49): apparmor="DENIED" operation="open" profile="/usr/sbin/tcpdump" name="/proc/sys/kernel/random/boot_id" pid=627 comm="tcpdump" requested_mask="r" denied_mask="r" fsuid=0 ouid=0
[   15.993962] rfkill: input handler disabled
[  210.213249] AAAAA-TCP_FORW: name:enp0s3: saddr:16783984: daddr:100932208
[  210.454788] AAAAA-TCP_FORW: name:enp0s3: saddr:100932208: daddr:16783984
[  210.497518] AAAAA-TCP_FORW: name:enp0s3: saddr:100932208: daddr:16783984
[  210.548685] AAAAA-TCP_FORW: name:enp0s3: saddr:16783984: daddr:100932208
[  210.598773] AAAAA-TCP_FORW: name:enp0s3: saddr:16783984: daddr:100932208
[  210.616868] AAAAA-TCP_FORW: name:enp0s3: saddr:16783984: daddr:100932208
[  210.763457] AAAAA-TCP_FORW: name:enp0s3: saddr:100932208: daddr:33561200
[  210.832958] AAAAA-TCP_FORW: name:enp0s3: saddr:100932208: daddr:16783984
[  210.888396] AAAAA-TCP_FORW: name:enp0s3: saddr:100932208: daddr:16783984
[  210.908146] AAAAA-TCP_FORW: name:enp0s3: saddr:33561200: daddr:100932208
[  210.947376] AAAAA-TCP_FORW: name:enp0s3: saddr:16783984: daddr:100932208
[  211.094756] AAAAA-TCP_FORW: name:enp0s3: saddr:100932208: daddr:33561200
[  211.182273] AAAAA-TCP_FORW: name:enp0s3: saddr:100932208: daddr:16783984
[  211.265978] AAAAA-TCP_FORW: name:enp0s3: saddr:33561200: daddr:100932208
[  211.371175] AAAAA-TCP_FORW: name:enp0s3: saddr:16783984: daddr:100932208
[  211.447607] AAAAA-TCP_FORW: name:enp0s3: saddr:33561200: daddr:100932208
[  211.778415] AAAAA-TCP_FORW: name:enp0s3: saddr:100932208: daddr:33561200
[  211.832237] AAAAA-TCP_FORW: name:enp0s3: saddr:100932208: daddr:16783984
[  211.875818] AAAAA-TCP_FORW: name:enp0s3: saddr:16783984: daddr:100932208
[  211.921952] AAAAA-TCP_FORW: name:enp0s3: saddr:100932208: daddr:16783984
[  211.963044] AAAAA-TCP_FORW: name:enp0s3: saddr:100932208: daddr:16783984
[  211.982376] AAAAA-TCP_FORW: name:enp0s3: saddr:16783984: daddr:100932208
[  212.038991] AAAAA-TCP_FORW: name:enp0s3: saddr:16783984: daddr:100932208
[  212.048722] AAAAA-TCP_FORW: name:enp0s3: saddr:16783984: daddr:100932208
[  212.124710] AAAAA-TCP_FORW: name:enp0s3: saddr:100932208: daddr:33561200
[  212.174110] AAAAA-TCP_FORW: name:enp0s3: saddr:100932208: daddr:16783984
[  212.225270] AAAAA-TCP_FORW: name:enp0s3: saddr:33561200: daddr:100932208
[  212.253939] AAAAA-TCP_FORW: name:enp0s3: saddr:16783984: daddr:100932208
[  212.338300] AAAAA-TCP_FORW: name:enp0s3: saddr:100932208: daddr:33561200
[  212.464620] AAAAA-TCP_FORW: name:enp0s3: saddr:33561200: daddr:100932208
[  212.469569] AAAAA-TCP_FORW: name:enp0s3: saddr:100932208: daddr:16783984
[  212.542560] AAAAA-TCP_FORW: name:enp0s3: saddr:100932208: daddr:16783984
[  212.628575] AAAAA-TCP_FORW: name:enp0s3: saddr:100932208: daddr:16783984
[  212.652080] AAAAA-TCP_FORW: name:enp0s3: saddr:16783984: daddr:100932208
[  212.702589] AAAAA-TCP_FORW: name:enp0s3: saddr:100932208: daddr:16783984
[  212.742780] AAAAA-TCP_FORW: name:enp0s3: saddr:16783984: daddr:100932208
[  212.761097] AAAAA-TCP_FORW: name:enp0s3: saddr:100932208: daddr:16783984
[  212.804358] AAAAA-TCP_FORW: name:enp0s3: saddr:100932208: daddr:16783984
[  212.854232] AAAAA-TCP_FORW: name:enp0s3: saddr:16783984: daddr:100932208
[  212.892888] AAAAA-TCP_FORW: name:enp0s3: saddr:100932208: daddr:16783984
[  212.966190] AAAAA-TCP_FORW: name:enp0s3: saddr:16783984: daddr:100932208
[  212.982118] AAAAA-TCP_FORW: name:enp0s3: saddr:100932208: daddr:16783984
[  213.017708] AAAAA-TCP_FORW: name:enp0s3: saddr:16783984: daddr:100932208
[  213.072041] AAAAA-TCP_FORW: name:enp0s3: saddr:100932208: daddr:16783984
[  213.119722] AAAAA-TCP_FORW: name:enp0s3: saddr:16783984: daddr:100932208
[  213.126548] AAAAA-TCP_FORW: name:enp0s3: saddr:100932208: daddr:16783984
[  213.179588] AAAAA-TCP_FORW: name:enp0s3: saddr:100932208: daddr:16783984
[  213.213886] AAAAA-TCP_FORW: name:enp0s3: saddr:100932208: daddr:33561200
[  213.224661] AAAAA-TCP_FORW: name:enp0s3: saddr:16783984: daddr:100932208
[  213.352669] AAAAA-TCP_FORW: name:enp0s3: saddr:100932208: daddr:33561200
[  213.371054] AAAAA-TCP_FORW: name:enp0s3: saddr:16783984: daddr:100932208
[  213.489762] AAAAA-TCP_FORW: name:enp0s3: saddr:16783984: daddr:100932208
[  213.523661] AAAAA-TCP_FORW: name:enp0s3: saddr:100932208: daddr:33561200
[  213.623585] AAAAA-TCP_FORW: name:enp0s3: saddr:16783984: daddr:100932208
[  213.683235] AAAAA-TCP_FORW: name:enp0s3: saddr:100932208: daddr:33561200
[  213.746320] AAAAA-TCP_FORW: name:enp0s3: saddr:33561200: daddr:100932208
[  213.826073] AAAAA-TCP_FORW: name:enp0s3: saddr:100932208: daddr:33561200
[  213.936121] AAAAA-TCP_FORW: name:enp0s3: saddr:33561200: daddr:100932208
[  213.977329] AAAAA-TCP_FORW: name:enp0s3: saddr:100932208: daddr:33561200
[  214.032578] AAAAA-TCP_FORW: name:enp0s3: saddr:100932208: daddr:33561200
[  214.180955] AAAAA-TCP_FORW: name:enp0s3: saddr:100932208: daddr:33561200
[  214.304724] AAAAA-TCP_FORW: name:enp0s3: saddr:100932208: daddr:33561200
[  214.321802] AAAAA-TCP_FORW: name:enp0s3: saddr:33561200: daddr:100932208
[  214.551691] AAAAA-TCP_FORW: name:enp0s3: saddr:33561200: daddr:100932208
[  214.749830] AAAAA-TCP_FORW: name:enp0s3: saddr:33561200: daddr:100932208
[  214.811999] AAAAA-TCP_FORW: name:enp0s3: saddr:16783984: daddr:100932208
[  214.909178] AAAAA-TCP_FORW: name:enp0s3: saddr:16783984: daddr:100932208
[  215.002738] AAAAA-TCP_FORW: name:enp0s3: saddr:33561200: daddr:100932208
[  215.116419] AAAAA-TCP_FORW: name:enp0s3: saddr:16783984: daddr:100932208
[  215.186443] AAAAA-TCP_FORW: name:enp0s3: saddr:16783984: daddr:100932208
[  215.254360] AAAAA-TCP_FORW: name:enp0s3: saddr:33561200: daddr:100932208
[  215.296512] AAAAA-TCP_FORW: name:enp0s3: saddr:16783984: daddr:100932208
[  215.373394] AAAAA-TCP_FORW: name:enp0s3: saddr:33561200: daddr:100932208
[  215.401080] AAAAA-TCP_FORW: name:enp0s3: saddr:33561200: daddr:100932208
[  215.450499] AAAAA-TCP_FORW: name:enp0s3: saddr:33561200: daddr:100932208
[  215.516639] AAAAA-TCP_FORW: name:enp0s3: saddr:16783984: daddr:100932208
[  215.551755] AAAAA-TCP_FORW: name:enp0s3: saddr:33561200: daddr:100932208
[  215.593073] AAAAA-TCP_FORW: name:enp0s3: saddr:16783984: daddr:100932208
[  215.638686] AAAAA-TCP_FORW: name:enp0s3: saddr:16783984: daddr:100932208
[  215.711655] AAAAA-TCP_FORW: name:enp0s3: saddr:16783984: daddr:100932208
[  215.774062] AAAAA-TCP_FORW: name:enp0s3: saddr:16783984: daddr:100932208
[  215.877269] AAAAA-TCP_FORW: name:enp0s3: saddr:16783984: daddr:100932208
[  215.948332] AAAAA-TCP_FORW: name:enp0s3: saddr:16783984: daddr:100932208
[  216.065311] AAAAA-TCP_FORW: name:enp0s3: saddr:16783984: daddr:100932208
[  216.218309] AAAAA-TCP_FORW: name:enp0s3: saddr:33561200: daddr:100932208
[  216.308814] AAAAA-TCP_FORW: name:enp0s3: saddr:16783984: daddr:100932208
[  216.393319] AAAAA-TCP_FORW: name:enp0s3: saddr:16783984: daddr:100932208
[  216.594515] AAAAA-TCP_FORW: name:enp0s3: saddr:16783984: daddr:100932208
[  216.652117] AAAAA-TCP_FORW: name:enp0s3: saddr:16783984: daddr:100932208
[  216.779647] AAAAA-TCP_FORW: name:enp0s3: saddr:16783984: daddr:100932208
[  216.912737] AAAAA-TCP_FORW: name:enp0s3: saddr:16783984: daddr:100932208
[  217.075711] AAAAA-TCP_FORW: name:enp0s3: saddr:33561200: daddr:100932208
[  217.112802] AAAAA-TCP_FORW: name:enp0s3: saddr:16783984: daddr:100932208
[  217.199243] AAAAA-TCP_FORW: name:enp0s3: saddr:33561200: daddr:100932208
[  217.293446] AAAAA-TCP_FORW: name:enp0s3: saddr:33561200: daddr:100932208
[  217.376215] AAAAA-TCP_FORW: name:enp0s3: saddr:33561200: daddr:100932208
[  217.547684] AAAAA-TCP_FORW: name:enp0s3: saddr:33561200: daddr:100932208
[  217.896427] AAAAA-TCP_FORW: name:enp0s3: saddr:33561200: daddr:100932208
[  218.014683] AAAAA-TCP_FORW: name:enp0s3: saddr:33561200: daddr:100932208
[  218.100636] AAAAA-TCP_FORW: name:enp0s3: saddr:33561200: daddr:100932208
[  218.163214] AAAAA-TCP_FORW: name:enp0s3: saddr:33561200: daddr:100932208
[  218.251024] AAAAA-TCP_FORW: name:enp0s3: saddr:16783984: daddr:100932208
[  218.418046] AAAAA-TCP_FORW: name:enp0s3: saddr:16783984: daddr:100932208
[  218.533649] AAAAA-TCP_FORW: name:enp0s3: saddr:33561200: daddr:100932208
[  218.620497] AAAAA-TCP_FORW: name:enp0s3: saddr:33561200: daddr:100932208
[  218.693788] AAAAA-TCP_FORW: name:enp0s3: saddr:33561200: daddr:100932208
[  218.730800] AAAAA-TCP_FORW: name:enp0s3: saddr:16783984: daddr:100932208
[  218.786708] AAAAA-TCP_FORW: name:enp0s3: saddr:16783984: daddr:100932208
[  218.881556] AAAAA-TCP_FORW: name:enp0s3: saddr:16783984: daddr:100932208
[  218.912441] AAAAA-TCP_FORW: name:enp0s3: saddr:16783984: daddr:100932208
[  218.945513] AAAAA-TCP_FORW: name:enp0s3: saddr:33561200: daddr:100932208
[  219.027863] AAAAA-TCP_FORW: name:enp0s3: saddr:33561200: daddr:100932208
[  219.102335] AAAAA-TCP_FORW: name:enp0s3: saddr:16783984: daddr:100932208
[  219.150784] AAAAA-TCP_FORW: name:enp0s3: saddr:16783984: daddr:100932208
[  219.291980] AAAAA-TCP_FORW: name:enp0s3: saddr:33561200: daddr:100932208
[  219.350990] AAAAA-TCP_FORW: name:enp0s3: saddr:33561200: daddr:100932208
[  219.474916] AAAAA-TCP_FORW: name:enp0s3: saddr:33561200: daddr:100932208
[  219.612447] AAAAA-TCP_FORW: name:enp0s3: saddr:33561200: daddr:100932208
[  219.744269] AAAAA-TCP_FORW: name:enp0s3: saddr:16783984: daddr:100932208
[  219.834679] AAAAA-TCP_FORW: name:enp0s3: saddr:33561200: daddr:100932208
[  219.916354] AAAAA-TCP_FORW: name:enp0s3: saddr:33561200: daddr:100932208
[  220.050801] AAAAA-TCP_FORW: name:enp0s3: saddr:16783984: daddr:100932208
[  220.193511] AAAAA-TCP_FORW: name:enp0s3: saddr:16783984: daddr:100932208
[  220.306723] AAAAA-TCP_FORW: name:enp0s3: saddr:16783984: daddr:100932208
[  220.409393] AAAAA-TCP_FORW: name:enp0s3: saddr:16783984: daddr:100932208
[  220.481058] AAAAA-TCP_FORW: name:enp0s3: saddr:16783984: daddr:100932208
[  220.577173] AAAAA-TCP_FORW: name:enp0s3: saddr:16783984: daddr:100932208
[  220.638177] AAAAA-TCP_FORW: name:enp0s3: saddr:16783984: daddr:100932208
[  235.769521] AAAAA-TCP_FORW: name:enp0s3: saddr:100932208: daddr:16783984
[  235.861698] AAAAA-TCP_FORW: name:enp0s3: saddr:100932208: daddr:16783984
[  236.037818] AAAAA-TCP_FORW: name:enp0s3: saddr:100932208: daddr:16783984
[  236.181864] AAAAA-TCP_FORW: name:enp0s3: saddr:100932208: daddr:16783984
[  236.309500] AAAAA-TCP_FORW: name:enp0s3: saddr:100932208: daddr:16783984
[  238.889737] AAAAA-TCP_FORW: name:enp0s3: saddr:33561200: daddr:100932208
[  239.018441] AAAAA-TCP_FORW: name:enp0s3: saddr:33561200: daddr:100932208
[  239.186959] AAAAA-TCP_FORW: name:enp0s3: saddr:33561200: daddr:100932208
[  239.357377] AAAAA-TCP_FORW: name:enp0s3: saddr:33561200: daddr:100932208
[  239.428952] AAAAA-TCP_FORW: name:enp0s3: saddr:33561200: daddr:100932208
[  239.598558] AAAAA-TCP_FORW: name:enp0s3: saddr:33561200: daddr:100932208
[  239.715314] AAAAA-TCP_FORW: name:enp0s3: saddr:33561200: daddr:100932208
[  239.836638] AAAAA-TCP_FORW: name:enp0s3: saddr:33561200: daddr:100932208
[  239.988251] AAAAA-TCP_FORW: name:enp0s3: saddr:33561200: daddr:100932208
[  240.561847] AAAAA-TCP_FORW: name:enp0s3: saddr:16783984: daddr:100932208
[  240.702739] AAAAA-TCP_FORW: name:enp0s3: saddr:16783984: daddr:100932208
[  240.879385] AAAAA-TCP_FORW: name:enp0s3: saddr:16783984: daddr:100932208
[  241.133921] AAAAA-TCP_FORW: name:enp0s3: saddr:16783984: daddr:100932208
[  241.257540] AAAAA-TCP_FORW: name:enp0s3: saddr:16783984: daddr:100932208
[  241.600255] AAAAA-TCP_FORW: name:enp0s3: saddr:16783984: daddr:100932208
[  241.838040] AAAAA-TCP_FORW: name:enp0s3: saddr:16783984: daddr:100932208
[  242.011774] AAAAA-TCP_FORW: name:enp0s3: saddr:16783984: daddr:100932208
[  242.642410] AAAAA-TCP_FORW: name:enp0s3: saddr:16783984: daddr:100932208
[  243.363076] AAAAA-TCP_FORW: name:enp0s3: saddr:16783984: daddr:100932208
[  243.450651] AAAAA-TCP_FORW: name:enp0s3: saddr:16783984: daddr:100932208
[  243.959856] AAAAA-TCP_FORW: name:enp0s3: saddr:16783984: daddr:100932208
[  244.411065] AAAAA-TCP_FORW: name:enp0s3: saddr:33561200: daddr:100932208
[  244.648357] AAAAA-TCP_FORW: name:enp0s3: saddr:33561200: daddr:100932208
[  244.727780] AAAAA-TCP_FORW: name:enp0s3: saddr:33561200: daddr:100932208
[  245.010726] AAAAA-TCP_FORW: name:enp0s3: saddr:33561200: daddr:100932208
[  245.166838] AAAAA-TCP_FORW: name:enp0s3: saddr:33561200: daddr:100932208
[  245.306072] AAAAA-TCP_FORW: name:enp0s3: saddr:33561200: daddr:100932208
[  245.555892] AAAAA-TCP_FORW: name:enp0s3: saddr:33561200: daddr:100932208
[  245.660214] AAAAA-TCP_FORW: name:enp0s3: saddr:33561200: daddr:100932208
[  245.797997] AAAAA-TCP_FORW: name:enp0s3: saddr:33561200: daddr:100932208
[  245.865035] AAAAA-TCP_FORW: name:enp0s3: saddr:33561200: daddr:100932208
[  245.938861] AAAAA-TCP_FORW: name:enp0s3: saddr:16783984: daddr:100932208
[  246.015750] AAAAA-TCP_FORW: name:enp0s3: saddr:33561200: daddr:100932208
[  246.229785] AAAAA-TCP_FORW: name:enp0s3: saddr:33561200: daddr:100932208
[  246.327600] AAAAA-TCP_FORW: name:enp0s3: saddr:33561200: daddr:100932208
[  246.410027] AAAAA-TCP_FORW: name:enp0s3: saddr:33561200: daddr:100932208
[  246.481570] AAAAA-TCP_FORW: name:enp0s3: saddr:33561200: daddr:100932208
[  246.663104] AAAAA-TCP_FORW: name:enp0s3: saddr:16783984: daddr:100932208
[  246.908678] AAAAA-TCP_FORW: name:enp0s3: saddr:16783984: daddr:100932208
[  247.028298] AAAAA-TCP_FORW: name:enp0s3: saddr:16783984: daddr:100932208
[  247.144092] AAAAA-TCP_FORW: name:enp0s3: saddr:33561200: daddr:100932208
[  247.241123] AAAAA-TCP_FORW: name:enp0s3: saddr:16783984: daddr:100932208
[  247.275835] AAAAA-TCP_FORW: name:enp0s3: saddr:16783984: daddr:100932208
[  250.262216] AAAAA-TCP_FORW: name:enp0s3: saddr:33561200: daddr:100932208
[  250.774644] AAAAA-TCP_FORW: name:enp0s3: saddr:33561200: daddr:100932208
[  250.901592] AAAAA-TCP_FORW: name:enp0s3: saddr:33561200: daddr:100932208
[  251.294988] AAAAA-TCP_FORW: name:enp0s3: saddr:33561200: daddr:100932208
[  251.634425] AAAAA-TCP_FORW: name:enp0s3: saddr:33561200: daddr:100932208
[  252.321150] AAAAA-TCP_FORW: name:enp0s3: saddr:33561200: daddr:100932208
[  252.539013] AAAAA-TCP_FORW: name:enp0s3: saddr:33561200: daddr:100932208
[  252.648441] AAAAA-TCP_FORW: name:enp0s3: saddr:33561200: daddr:100932208
[  252.756696] AAAAA-TCP_FORW: name:enp0s3: saddr:16783984: daddr:100932208
[  252.857107] AAAAA-TCP_FORW: name:enp0s3: saddr:33561200: daddr:100932208
[  252.967921] AAAAA-TCP_FORW: name:enp0s3: saddr:33561200: daddr:100932208
[  253.072643] AAAAA-TCP_FORW: name:enp0s3: saddr:16783984: daddr:100932208
[  253.108117] AAAAA-TCP_FORW: name:enp0s3: saddr:16783984: daddr:100932208
[  253.210136] AAAAA-TCP_FORW: name:enp0s3: saddr:16783984: daddr:100932208
[  253.411373] AAAAA-TCP_FORW: name:enp0s3: saddr:33561200: daddr:100932208
[  253.514925] AAAAA-TCP_FORW: name:enp0s3: saddr:16783984: daddr:100932208
[  255.563250] AAAAA-TCP_FORW: name:enp0s3: saddr:33561200: daddr:100932208
[  255.744510] AAAAA-TCP_FORW: name:enp0s3: saddr:33561200: daddr:100932208
[  255.866817] AAAAA-TCP_FORW: name:enp0s3: saddr:33561200: daddr:100932208
[  266.544555] AAAAA-TCP_FORW: name:enp0s3: saddr:33561200: daddr:100932208
[  266.650751] AAAAA-TCP_FORW: name:enp0s3: saddr:33561200: daddr:100932208
[  266.720093] AAAAA-TCP_FORW: name:enp0s3: saddr:33561200: daddr:100932208
[  266.802743] AAAAA-TCP_FORW: name:enp0s3: saddr:33561200: daddr:100932208
[  266.871272] AAAAA-TCP_FORW: name:enp0s3: saddr:33561200: daddr:100932208
[  266.964032] AAAAA-TCP_FORW: name:enp0s3: saddr:33561200: daddr:100932208
[  267.082671] AAAAA-TCP_FORW: name:enp0s3: saddr:33561200: daddr:100932208
[  267.160717] AAAAA-TCP_FORW: name:enp0s3: saddr:33561200: daddr:100932208
[  267.248195] AAAAA-TCP_FORW: name:enp0s3: saddr:33561200: daddr:100932208
[  267.338630] AAAAA-TCP_FORW: name:enp0s3: saddr:33561200: daddr:100932208
[  267.412847] AAAAA-TCP_FORW: name:enp0s3: saddr:33561200: daddr:100932208
[  267.484188] AAAAA-TCP_FORW: name:enp0s3: saddr:33561200: daddr:100932208
[  267.577977] AAAAA-TCP_FORW: name:enp0s3: saddr:33561200: daddr:100932208
[  267.700805] AAAAA-TCP_FORW: name:enp0s3: saddr:33561200: daddr:100932208
[  267.801715] AAAAA-TCP_FORW: name:enp0s3: saddr:33561200: daddr:100932208
[  267.883845] AAAAA-TCP_FORW: name:enp0s3: saddr:33561200: daddr:100932208
[  267.957833] AAAAA-TCP_FORW: name:enp0s3: saddr:33561200: daddr:100932208
[  268.032298] AAAAA-TCP_FORW: name:enp0s3: saddr:33561200: daddr:100932208
[  268.137047] AAAAA-TCP_FORW: name:enp0s3: saddr:33561200: daddr:100932208
[  268.232620] AAAAA-TCP_FORW: name:enp0s3: saddr:33561200: daddr:100932208
[  268.305505] AAAAA-TCP_FORW: name:enp0s3: saddr:33561200: daddr:100932208
[  268.395867] AAAAA-TCP_FORW: name:enp0s3: saddr:16783984: daddr:100932208
[  268.500261] AAAAA-TCP_FORW: name:enp0s3: saddr:16783984: daddr:100932208
[  268.560923] AAAAA-TCP_FORW: name:enp0s3: saddr:16783984: daddr:100932208
[  268.638457] AAAAA-TCP_FORW: name:enp0s3: saddr:16783984: daddr:100932208
[  268.738712] AAAAA-TCP_FORW: name:enp0s3: saddr:16783984: daddr:100932208
[  268.811429] AAAAA-TCP_FORW: name:enp0s3: saddr:16783984: daddr:100932208
[  268.916701] AAAAA-TCP_FORW: name:enp0s3: saddr:16783984: daddr:100932208
[  269.005421] AAAAA-TCP_FORW: name:enp0s3: saddr:16783984: daddr:100932208
[  269.085715] AAAAA-TCP_FORW: name:enp0s3: saddr:16783984: daddr:100932208
[  269.169890] AAAAA-TCP_FORW: name:enp0s3: saddr:16783984: daddr:100932208
[  269.298441] AAAAA-TCP_FORW: name:enp0s3: saddr:16783984: daddr:100932208
[  269.369547] AAAAA-TCP_FORW: name:enp0s3: saddr:16783984: daddr:100932208
[  269.452057] AAAAA-TCP_FORW: name:enp0s3: saddr:16783984: daddr:100932208
[  269.509967] AAAAA-TCP_FORW: name:enp0s3: saddr:16783984: daddr:100932208
[  269.634664] AAAAA-TCP_FORW: name:enp0s3: saddr:16783984: daddr:100932208
[  269.727636] AAAAA-TCP_FORW: name:enp0s3: saddr:16783984: daddr:100932208
[  269.773295] AAAAA-TCP_FORW: name:enp0s3: saddr:16783984: daddr:100932208
[  269.891229] AAAAA-TCP_FORW: name:enp0s3: saddr:33561200: daddr:100932208
[  269.949432] AAAAA-TCP_FORW: name:enp0s3: saddr:33561200: daddr:100932208
[  270.058055] AAAAA-TCP_FORW: name:enp0s3: saddr:33561200: daddr:100932208
[  270.180073] AAAAA-TCP_FORW: name:enp0s3: saddr:33561200: daddr:100932208
[  270.311599] AAAAA-TCP_FORW: name:enp0s3: saddr:33561200: daddr:100932208
[  270.458588] AAAAA-TCP_FORW: name:enp0s3: saddr:33561200: daddr:100932208
[  270.561706] AAAAA-TCP_FORW: name:enp0s3: saddr:33561200: daddr:100932208
[  270.646989] AAAAA-TCP_FORW: name:enp0s3: saddr:33561200: daddr:100932208
[  270.694823] AAAAA-TCP_FORW: name:enp0s3: saddr:33561200: daddr:100932208
[  270.776447] AAAAA-TCP_FORW: name:enp0s3: saddr:33561200: daddr:100932208
[  270.879696] AAAAA-TCP_FORW: name:enp0s3: saddr:33561200: daddr:100932208
[  270.960391] AAAAA-TCP_FORW: name:enp0s3: saddr:33561200: daddr:100932208
[  271.032643] AAAAA-TCP_FORW: name:enp0s3: saddr:33561200: daddr:100932208
[  271.093853] AAAAA-TCP_FORW: name:enp0s3: saddr:33561200: daddr:100932208
[  271.148517] AAAAA-TCP_FORW: name:enp0s3: saddr:33561200: daddr:100932208
[  271.203984] AAAAA-TCP_FORW: name:enp0s3: saddr:33561200: daddr:100932208
[  271.272217] AAAAA-TCP_FORW: name:enp0s3: saddr:33561200: daddr:100932208
[  271.307492] AAAAA-TCP_FORW: name:enp0s3: saddr:33561200: daddr:100932208
[  271.363422] AAAAA-TCP_FORW: name:enp0s3: saddr:33561200: daddr:100932208
[  271.413925] AAAAA-TCP_FORW: name:enp0s3: saddr:33561200: daddr:100932208
[  271.520181] AAAAA-TCP_FORW: name:enp0s3: saddr:33561200: daddr:100932208
[  271.671043] AAAAA-TCP_FORW: name:enp0s3: saddr:33561200: daddr:100932208
[  271.813971] AAAAA-TCP_FORW: name:enp0s3: saddr:33561200: daddr:100932208
[  271.859366] AAAAA-TCP_FORW: name:enp0s3: saddr:33561200: daddr:100932208
[  271.939619] AAAAA-TCP_FORW: name:enp0s3: saddr:16783984: daddr:100932208
[  271.975520] AAAAA-TCP_FORW: name:enp0s3: saddr:16783984: daddr:100932208
[  272.116617] AAAAA-TCP_FORW: name:enp0s3: saddr:16783984: daddr:100932208
[  272.206691] AAAAA-TCP_FORW: name:enp0s3: saddr:16783984: daddr:100932208
[  272.280025] AAAAA-TCP_FORW: name:enp0s3: saddr:16783984: daddr:100932208
[  272.356276] AAAAA-TCP_FORW: name:enp0s3: saddr:16783984: daddr:100932208
[  272.459199] AAAAA-TCP_FORW: name:enp0s3: saddr:16783984: daddr:100932208
[  272.536282] AAAAA-TCP_FORW: name:enp0s3: saddr:16783984: daddr:100932208
[  272.601771] AAAAA-TCP_FORW: name:enp0s3: saddr:16783984: daddr:100932208
[  272.677965] AAAAA-TCP_FORW: name:enp0s3: saddr:16783984: daddr:100932208
[  272.772919] AAAAA-TCP_FORW: name:enp0s3: saddr:16783984: daddr:100932208
[  272.842399] AAAAA-TCP_FORW: name:enp0s3: saddr:16783984: daddr:100932208
[  272.918527] AAAAA-TCP_FORW: name:enp0s3: saddr:16783984: daddr:100932208
[  273.077031] AAAAA-TCP_FORW: name:enp0s3: saddr:16783984: daddr:100932208
[  273.170389] AAAAA-TCP_FORW: name:enp0s3: saddr:16783984: daddr:100932208
[  273.884045] AAAAA-TCP_FORW: name:enp0s3: saddr:33561200: daddr:100932208
[  331.982275] AAAAA-TCP_FORW: name:enp0s3: saddr:100932208: daddr:33561200
[  332.081067] AAAAA-TCP_FORW: name:enp0s3: saddr:100932208: daddr:33561200
[  332.109977] AAAAA-TCP_FORW: name:enp0s3: saddr:33561200: daddr:100932208
[  332.164533] AAAAA-TCP_FORW: name:enp0s3: saddr:100932208: daddr:16783984
[  332.226139] AAAAA-TCP_FORW: name:enp0s3: saddr:100932208: daddr:16783984
[  332.276476] AAAAA-TCP_FORW: name:enp0s3: saddr:100932208: daddr:16783984
[  332.296342] AAAAA-TCP_FORW: name:enp0s3: saddr:33561200: daddr:100932208
[  332.342100] AAAAA-TCP_FORW: name:enp0s3: saddr:100932208: daddr:16783984
[  332.402287] AAAAA-TCP_FORW: name:enp0s3: saddr:100932208: daddr:16783984
[  332.464849] AAAAA-TCP_FORW: name:enp0s3: saddr:100932208: daddr:16783984
[  332.557755] AAAAA-TCP_FORW: name:enp0s3: saddr:16783984: daddr:100932208
[  332.603782] AAAAA-TCP_FORW: name:enp0s3: saddr:100932208: daddr:16783984
[  332.628381] AAAAA-TCP_FORW: name:enp0s3: saddr:16783984: daddr:100932208
[  332.681754] AAAAA-TCP_FORW: name:enp0s3: saddr:16783984: daddr:100932208
[  332.683603] AAAAA-TCP_FORW: name:enp0s3: saddr:100932208: daddr:16783984
[  332.743102] AAAAA-TCP_FORW: name:enp0s3: saddr:100932208: daddr:16783984
[  332.841376] AAAAA-TCP_FORW: name:enp0s3: saddr:100932208: daddr:16783984
[  332.879385] AAAAA-TCP_FORW: name:enp0s3: saddr:100932208: daddr:16783984
[  332.970692] AAAAA-TCP_FORW: name:enp0s3: saddr:16783984: daddr:100932208
[  332.994881] AAAAA-TCP_FORW: name:enp0s3: saddr:100932208: daddr:16783984
[  333.044693] AAAAA-TCP_FORW: name:enp0s3: saddr:100932208: daddr:16783984
[  333.068449] AAAAA-TCP_FORW: name:enp0s3: saddr:16783984: daddr:100932208
[  333.124390] AAAAA-TCP_FORW: name:enp0s3: saddr:100932208: daddr:16783984
[  333.159532] AAAAA-TCP_FORW: name:enp0s3: saddr:16783984: daddr:100932208
[  333.241170] AAAAA-TCP_FORW: name:enp0s3: saddr:16783984: daddr:100932208
[  333.445505] AAAAA-TCP_FORW: name:enp0s3: saddr:16783984: daddr:100932208
[  333.542643] AAAAA-TCP_FORW: name:enp0s3: saddr:16783984: daddr:100932208
[  333.637874] AAAAA-TCP_FORW: name:enp0s3: saddr:33561200: daddr:100932208
[  333.692880] AAAAA-TCP_FORW: name:enp0s3: saddr:33561200: daddr:100932208
[  333.768645] AAAAA-TCP_FORW: name:enp0s3: saddr:33561200: daddr:100932208
[  333.863691] AAAAA-TCP_FORW: name:enp0s3: saddr:33561200: daddr:100932208
[  333.923895] AAAAA-TCP_FORW: name:enp0s3: saddr:16783984: daddr:100932208
[  333.954782] AAAAA-TCP_FORW: name:enp0s3: saddr:33561200: daddr:100932208
[  333.992566] AAAAA-TCP_FORW: name:enp0s3: saddr:16783984: daddr:100932208
[  334.059058] AAAAA-TCP_FORW: name:enp0s3: saddr:33561200: daddr:100932208
[  334.145811] AAAAA-TCP_FORW: name:enp0s3: saddr:16783984: daddr:100932208
[  334.185330] AAAAA-TCP_FORW: name:enp0s3: saddr:16783984: daddr:100932208
[  334.229052] AAAAA-TCP_FORW: name:enp0s3: saddr:33561200: daddr:100932208
[  334.293198] AAAAA-TCP_FORW: name:enp0s3: saddr:33561200: daddr:100932208
[  334.330053] AAAAA-TCP_FORW: name:enp0s3: saddr:16783984: daddr:100932208
[  334.400515] AAAAA-TCP_FORW: name:enp0s3: saddr:16783984: daddr:100932208
[  334.500125] AAAAA-TCP_FORW: name:enp0s3: saddr:33561200: daddr:100932208
[  334.582659] AAAAA-TCP_FORW: name:enp0s3: saddr:16783984: daddr:100932208
[  334.649332] AAAAA-TCP_FORW: name:enp0s3: saddr:33561200: daddr:100932208
[  334.747794] AAAAA-TCP_FORW: name:enp0s3: saddr:33561200: daddr:100932208
[  334.903332] AAAAA-TCP_FORW: name:enp0s3: saddr:16783984: daddr:100932208
[  334.932523] AAAAA-TCP_FORW: name:enp0s3: saddr:16783984: daddr:100932208
[  335.216147] AAAAA-TCP_FORW: name:enp0s3: saddr:16783984: daddr:100932208
[  335.296892] AAAAA-TCP_FORW: name:enp0s3: saddr:16783984: daddr:100932208
[  335.356268] AAAAA-TCP_FORW: name:enp0s3: saddr:16783984: daddr:100932208
[  335.505225] AAAAA-TCP_FORW: name:enp0s3: saddr:16783984: daddr:100932208
[  335.739876] AAAAA-TCP_FORW: name:enp0s3: saddr:16783984: daddr:100932208
[  335.866281] AAAAA-TCP_FORW: name:enp0s3: saddr:16783984: daddr:100932208
[  336.042497] AAAAA-TCP_FORW: name:enp0s3: saddr:16783984: daddr:100932208
[  336.306924] AAAAA-TCP_FORW: name:enp0s3: saddr:16783984: daddr:100932208
[  336.388229] AAAAA-TCP_FORW: name:enp0s3: saddr:16783984: daddr:100932208
[  336.548789] AAAAA-TCP_FORW: name:enp0s3: saddr:33561200: daddr:100932208
[  336.633567] AAAAA-TCP_FORW: name:enp0s3: saddr:16783984: daddr:100932208
[  336.754948] AAAAA-TCP_FORW: name:enp0s3: saddr:16783984: daddr:100932208
[  336.871807] AAAAA-TCP_FORW: name:enp0s3: saddr:16783984: daddr:100932208
[  336.966969] AAAAA-TCP_FORW: name:enp0s3: saddr:16783984: daddr:100932208
[  337.134803] AAAAA-TCP_FORW: name:enp0s3: saddr:33561200: daddr:100932208
[  337.226348] AAAAA-TCP_FORW: name:enp0s3: saddr:33561200: daddr:100932208
[  337.371864] AAAAA-TCP_FORW: name:enp0s3: saddr:33561200: daddr:100932208
[  337.493890] AAAAA-TCP_FORW: name:enp0s3: saddr:33561200: daddr:100932208
[  337.617675] AAAAA-TCP_FORW: name:enp0s3: saddr:33561200: daddr:100932208
[  337.876001] AAAAA-TCP_FORW: name:enp0s3: saddr:33561200: daddr:100932208
[  337.998762] AAAAA-TCP_FORW: name:enp0s3: saddr:33561200: daddr:100932208
[  338.193767] AAAAA-TCP_FORW: name:enp0s3: saddr:16783984: daddr:100932208
[  338.315150] AAAAA-TCP_FORW: name:enp0s3: saddr:33561200: daddr:100932208
[  338.468030] AAAAA-TCP_FORW: name:enp0s3: saddr:16783984: daddr:100932208
[  338.550436] AAAAA-TCP_FORW: name:enp0s3: saddr:33561200: daddr:100932208
[  338.626833] AAAAA-TCP_FORW: name:enp0s3: saddr:33561200: daddr:100932208
[  338.725139] AAAAA-TCP_FORW: name:enp0s3: saddr:16783984: daddr:100932208
[  338.971174] AAAAA-TCP_FORW: name:enp0s3: saddr:16783984: daddr:100932208
[  339.191369] AAAAA-TCP_FORW: name:enp0s3: saddr:33561200: daddr:100932208
[  339.393394] AAAAA-TCP_FORW: name:enp0s3: saddr:33561200: daddr:100932208
[  339.488102] AAAAA-TCP_FORW: name:enp0s3: saddr:33561200: daddr:100932208
[  339.592729] AAAAA-TCP_FORW: name:enp0s3: saddr:16783984: daddr:100932208
[  339.697970] AAAAA-TCP_FORW: name:enp0s3: saddr:16783984: daddr:100932208
[  339.824798] AAAAA-TCP_FORW: name:enp0s3: saddr:33561200: daddr:100932208
[  339.915680] AAAAA-TCP_FORW: name:enp0s3: saddr:16783984: daddr:100932208
[  340.081089] AAAAA-TCP_FORW: name:enp0s3: saddr:33561200: daddr:100932208
[  340.168272] AAAAA-TCP_FORW: name:enp0s3: saddr:33561200: daddr:100932208
[  340.297613] AAAAA-TCP_FORW: name:enp0s3: saddr:33561200: daddr:100932208
[  340.444521] AAAAA-TCP_FORW: name:enp0s3: saddr:16783984: daddr:100932208
[  340.537104] AAAAA-TCP_FORW: name:enp0s3: saddr:16783984: daddr:100932208
[  340.616475] AAAAA-TCP_FORW: name:enp0s3: saddr:16783984: daddr:100932208
[  340.733625] AAAAA-TCP_FORW: name:enp0s3: saddr:16783984: daddr:100932208
[  340.815695] AAAAA-TCP_FORW: name:enp0s3: saddr:16783984: daddr:100932208
[  340.902206] AAAAA-TCP_FORW: name:enp0s3: saddr:33561200: daddr:100932208
[  340.977354] AAAAA-TCP_FORW: name:enp0s3: saddr:16783984: daddr:100932208
[  341.075488] AAAAA-TCP_FORW: name:enp0s3: saddr:16783984: daddr:100932208
[  341.126759] AAAAA-TCP_FORW: name:enp0s3: saddr:33561200: daddr:100932208
[  341.160144] AAAAA-TCP_FORW: name:enp0s3: saddr:16783984: daddr:100932208
[  341.376295] AAAAA-TCP_FORW: name:enp0s3: saddr:16783984: daddr:100932208
[  341.703636] AAAAA-TCP_FORW: name:enp0s3: saddr:33561200: daddr:100932208
[  341.788383] AAAAA-TCP_FORW: name:enp0s3: saddr:16783984: daddr:100932208
[  342.013004] AAAAA-TCP_FORW: name:enp0s3: saddr:16783984: daddr:100932208
[  342.185040] AAAAA-TCP_FORW: name:enp0s3: saddr:33561200: daddr:100932208
[  342.251287] AAAAA-TCP_FORW: name:enp0s3: saddr:33561200: daddr:100932208
[  342.349712] AAAAA-TCP_FORW: name:enp0s3: saddr:33561200: daddr:100932208
[  342.410962] AAAAA-TCP_FORW: name:enp0s3: saddr:33561200: daddr:100932208
[  342.450672] AAAAA-TCP_FORW: name:enp0s3: saddr:33561200: daddr:100932208
[  342.507325] AAAAA-TCP_FORW: name:enp0s3: saddr:33561200: daddr:100932208
[  342.570343] AAAAA-TCP_FORW: name:enp0s3: saddr:33561200: daddr:100932208
[  342.700773] AAAAA-TCP_FORW: name:enp0s3: saddr:33561200: daddr:100932208
[  342.772761] AAAAA-TCP_FORW: name:enp0s3: saddr:16783984: daddr:100932208
[  342.836955] AAAAA-TCP_FORW: name:enp0s3: saddr:16783984: daddr:100932208
[  342.894093] AAAAA-TCP_FORW: name:enp0s3: saddr:33561200: daddr:100932208
[  342.925657] AAAAA-TCP_FORW: name:enp0s3: saddr:33561200: daddr:100932208
[  342.968004] AAAAA-TCP_FORW: name:enp0s3: saddr:33561200: daddr:100932208
[  343.121119] AAAAA-TCP_FORW: name:enp0s3: saddr:33561200: daddr:100932208
[  343.286114] AAAAA-TCP_FORW: name:enp0s3: saddr:33561200: daddr:100932208
[  343.343074] AAAAA-TCP_FORW: name:enp0s3: saddr:16783984: daddr:100932208
[  343.420261] AAAAA-TCP_FORW: name:enp0s3: saddr:33561200: daddr:100932208
[  343.508094] AAAAA-TCP_FORW: name:enp0s3: saddr:33561200: daddr:100932208
[  343.773286] AAAAA-TCP_FORW: name:enp0s3: saddr:33561200: daddr:100932208
[  343.854846] AAAAA-TCP_FORW: name:enp0s3: saddr:33561200: daddr:100932208
[  343.922982] AAAAA-TCP_FORW: name:enp0s3: saddr:33561200: daddr:100932208
[  344.023203] AAAAA-TCP_FORW: name:enp0s3: saddr:33561200: daddr:100932208
[  344.123621] AAAAA-TCP_FORW: name:enp0s3: saddr:33561200: daddr:100932208
[  344.183135] AAAAA-TCP_FORW: name:enp0s3: saddr:33561200: daddr:100932208
[  344.252961] AAAAA-TCP_FORW: name:enp0s3: saddr:33561200: daddr:100932208
[  344.325874] AAAAA-TCP_FORW: name:enp0s3: saddr:16783984: daddr:100932208
[  344.486496] AAAAA-TCP_FORW: name:enp0s3: saddr:33561200: daddr:100932208
[  344.638799] AAAAA-TCP_FORW: name:enp0s3: saddr:33561200: daddr:100932208
[  344.679307] AAAAA-TCP_FORW: name:enp0s3: saddr:33561200: daddr:100932208
[  344.719920] AAAAA-TCP_FORW: name:enp0s3: saddr:33561200: daddr:100932208
[  344.804429] AAAAA-TCP_FORW: name:enp0s3: saddr:16783984: daddr:100932208
[  344.860374] AAAAA-TCP_FORW: name:enp0s3: saddr:33561200: daddr:100932208
[  344.905994] AAAAA-TCP_FORW: name:enp0s3: saddr:33561200: daddr:100932208
[  344.968986] AAAAA-TCP_FORW: name:enp0s3: saddr:33561200: daddr:100932208
[  345.020722] AAAAA-TCP_FORW: name:enp0s3: saddr:33561200: daddr:100932208
[  345.092550] AAAAA-TCP_FORW: name:enp0s3: saddr:33561200: daddr:100932208
[  345.156321] AAAAA-TCP_FORW: name:enp0s3: saddr:33561200: daddr:100932208
[  345.240902] AAAAA-TCP_FORW: name:enp0s3: saddr:16783984: daddr:100932208
[  345.623192] AAAAA-TCP_FORW: name:enp0s3: saddr:16783984: daddr:100932208
[  345.672113] AAAAA-TCP_FORW: name:enp0s3: saddr:16783984: daddr:100932208
[  345.798000] AAAAA-TCP_FORW: name:enp0s3: saddr:16783984: daddr:100932208
[  345.869215] AAAAA-TCP_FORW: name:enp0s3: saddr:33561200: daddr:100932208
[  345.918163] AAAAA-TCP_FORW: name:enp0s3: saddr:33561200: daddr:100932208
[  346.718669] AAAAA-TCP_FORW: name:enp0s3: saddr:33561200: daddr:100932208
[  347.017266] AAAAA-TCP_FORW: name:enp0s3: saddr:33561200: daddr:100932208
[  347.060778] AAAAA-TCP_FORW: name:enp0s3: saddr:16783984: daddr:100932208
[  347.206127] AAAAA-TCP_FORW: name:enp0s3: saddr:16783984: daddr:100932208
[  347.327930] AAAAA-TCP_FORW: name:enp0s3: saddr:33561200: daddr:100932208
[  347.367124] AAAAA-TCP_FORW: name:enp0s3: saddr:16783984: daddr:100932208
[  347.392495] AAAAA-TCP_FORW: name:enp0s3: saddr:33561200: daddr:100932208
[  347.539078] AAAAA-TCP_FORW: name:enp0s3: saddr:33561200: daddr:100932208
[  347.619693] AAAAA-TCP_FORW: name:enp0s3: saddr:33561200: daddr:100932208
[  347.684128] AAAAA-TCP_FORW: name:enp0s3: saddr:16783984: daddr:100932208
[  560.142256] rfkill: input handler enabled
[  569.205931] rfkill: input handler disabled
[  962.001138] device enp0s3 left promiscuous mode
