[    0.000000] Linux version 5.4.243-mptcp (root@ztg) (gcc version 12.2.0 (Debian 12.2.0-14+deb12u1)) #53 SMP Wed Dec 24 23:28:15 CST 2025
[    0.000000] Command line: BOOT_IMAGE=/boot/vmlinuz-5.4.243-mptcp root=UUID=98415a12-53b7-4144-8265-0f7ece09e445 ro quiet splash
[    0.000000] KERNEL supported cpus:
[    0.000000]   Intel GenuineIntel
[    0.000000]   AMD AuthenticAMD
[    0.000000]   Hygon HygonGenuine
[    0.000000]   Centaur CentaurHauls
[    0.000000]   zhaoxin   Shanghai  
[    0.000000] x86/fpu: Supporting XSAVE feature 0x001: 'x87 floating point registers'
[    0.000000] x86/fpu: Supporting XSAVE feature 0x002: 'SSE registers'
[    0.000000] x86/fpu: Supporting XSAVE feature 0x004: 'AVX registers'
[    0.000000] x86/fpu: xstate_offset[2]:  576, xstate_sizes[2]:  256
[    0.000000] x86/fpu: Enabled xstate features 0x7, context size is 832 bytes, using 'standard' format.
[    0.000000] BIOS-provided physical RAM map:
[    0.000000] BIOS-e820: [mem 0x0000000000000000-0x000000000009fbff] usable
[    0.000000] BIOS-e820: [mem 0x000000000009fc00-0x000000000009ffff] reserved
[    0.000000] BIOS-e820: [mem 0x00000000000f0000-0x00000000000fffff] reserved
[    0.000000] BIOS-e820: [mem 0x0000000000100000-0x000000007ffeffff] usable
[    0.000000] BIOS-e820: [mem 0x000000007fff0000-0x000000007fffffff] ACPI data
[    0.000000] BIOS-e820: [mem 0x00000000fec00000-0x00000000fec00fff] reserved
[    0.000000] BIOS-e820: [mem 0x00000000fee00000-0x00000000fee00fff] reserved
[    0.000000] BIOS-e820: [mem 0x00000000fffc0000-0x00000000ffffffff] reserved
[    0.000000] NX (Execute Disable) protection: active
[    0.000000] SMBIOS 2.5 present.
[    0.000000] DMI: innotek GmbH VirtualBox/VirtualBox, BIOS VirtualBox 12/01/2006
[    0.000000] Hypervisor detected: KVM
[    0.000000] kvm-clock: Using msrs 4b564d01 and 4b564d00
[    0.000000] kvm-clock: cpu 0, msr 5ea01001, primary cpu clock
[    0.000000] kvm-clock: using sched offset of 4457036431 cycles
[    0.000003] clocksource: kvm-clock: mask: 0xffffffffffffffff max_cycles: 0x1cd42e4dffb, max_idle_ns: 881590591483 ns
[    0.000005] tsc: Detected 2100.000 MHz processor
[    0.001890] e820: update [mem 0x00000000-0x00000fff] usable ==> reserved
[    0.001892] e820: remove [mem 0x000a0000-0x000fffff] usable
[    0.001896] last_pfn = 0x7fff0 max_arch_pfn = 0x400000000
[    0.001964] MTRR default type: uncachable
[    0.001965] MTRR fixed ranges enabled:
[    0.001966]   00000-9FFFF write-back
[    0.001967]   A0000-BFFFF uncachable
[    0.001968]   C0000-FFFFF write-protect
[    0.001968] MTRR variable ranges enabled:
[    0.001970]   0 base 000000000000 mask 3FFF80000000 write-back
[    0.001971]   1 disabled
[    0.001971]   2 disabled
[    0.001972]   3 disabled
[    0.001972]   4 disabled
[    0.001972]   5 disabled
[    0.001973]   6 disabled
[    0.001973]   7 disabled
[    0.001974]   8 disabled
[    0.001974]   9 disabled
[    0.001974]   10 disabled
[    0.001975]   11 disabled
[    0.001975]   12 disabled
[    0.001976]   13 disabled
[    0.001976]   14 disabled
[    0.001977]   15 disabled
[    0.001992] x86/PAT: Configuration [0-7]: WB  WC  UC- UC  WB  WP  UC- WT  
[    0.002128] found SMP MP-table at [mem 0x0009fff0-0x0009ffff]
[    0.090923] check: Scanning 1 areas for low memory corruption
[    0.091173] RAMDISK: [mem 0x32271000-0x3512ffff]
[    0.091181] ACPI: Early table checksum verification disabled
[    0.091186] ACPI: RSDP 0x00000000000E0000 000024 (v02 VBOX  )
[    0.091191] ACPI: XSDT 0x000000007FFF0030 00003C (v01 VBOX   VBOXXSDT 00000001 ASL  00000061)
[    0.091197] ACPI: FACP 0x000000007FFF00F0 0000F4 (v04 VBOX   VBOXFACP 00000001 ASL  00000061)
[    0.091204] ACPI: DSDT 0x000000007FFF02E0 002353 (v02 VBOX   VBOXBIOS 00000002 VBOX 00029BF3)
[    0.091208] ACPI: FACS 0x000000007FFF0200 000040
[    0.091212] ACPI: FACS 0x000000007FFF0200 000040
[    0.091215] ACPI: APIC 0x000000007FFF0240 000054 (v02 VBOX   VBOXAPIC 00000001 ASL  00000061)
[    0.091218] ACPI: SSDT 0x000000007FFF02A0 000038 (v01 VBOX   VBOXCPUT 00000002 VBOX 00029BF3)
[    0.091222] ACPI: Reserving FACP table memory at [mem 0x7fff00f0-0x7fff01e3]
[    0.091223] ACPI: Reserving DSDT table memory at [mem 0x7fff02e0-0x7fff2632]
[    0.091223] ACPI: Reserving FACS table memory at [mem 0x7fff0200-0x7fff023f]
[    0.091224] ACPI: Reserving FACS table memory at [mem 0x7fff0200-0x7fff023f]
[    0.091225] ACPI: Reserving APIC table memory at [mem 0x7fff0240-0x7fff0293]
[    0.091225] ACPI: Reserving SSDT table memory at [mem 0x7fff02a0-0x7fff02d7]
[    0.091241] ACPI: Local APIC address 0xfee00000
[    0.091430] No NUMA configuration found
[    0.091431] Faking a node at [mem 0x0000000000000000-0x000000007ffeffff]
[    0.091441] NODE_DATA(0) allocated [mem 0x7ffc5000-0x7ffeffff]
[    0.091722] Zone ranges:
[    0.091723]   DMA      [mem 0x0000000000001000-0x0000000000ffffff]
[    0.091724]   DMA32    [mem 0x0000000001000000-0x000000007ffeffff]
[    0.091725]   Normal   empty
[    0.091726]   Device   empty
[    0.091726] Movable zone start for each node
[    0.091728] Early memory node ranges
[    0.091729]   node   0: [mem 0x0000000000001000-0x000000000009efff]
[    0.091730]   node   0: [mem 0x0000000000100000-0x000000007ffeffff]
[    0.091733] Zeroed struct page in unavailable ranges: 114 pages
[    0.091734] Initmem setup node 0 [mem 0x0000000000001000-0x000000007ffeffff]
[    0.091735] On node 0 totalpages: 524174
[    0.091736]   DMA zone: 64 pages used for memmap
[    0.091737]   DMA zone: 21 pages reserved
[    0.091738]   DMA zone: 3998 pages, LIFO batch:0
[    0.091809]   DMA32 zone: 8128 pages used for memmap
[    0.091810]   DMA32 zone: 520176 pages, LIFO batch:63
[    0.100806] ACPI: PM-Timer IO Port: 0x4008
[    0.100809] ACPI: Local APIC address 0xfee00000
[    0.100874] IOAPIC[0]: apic_id 1, version 32, address 0xfec00000, GSI 0-23
[    0.100878] ACPI: INT_SRC_OVR (bus 0 bus_irq 0 global_irq 2 dfl dfl)
[    0.100879] ACPI: INT_SRC_OVR (bus 0 bus_irq 9 global_irq 9 low level)
[    0.100881] ACPI: IRQ0 used by override.
[    0.100882] ACPI: IRQ9 used by override.
[    0.100885] Using ACPI (MADT) for SMP configuration information
[    0.100891] smpboot: Allowing 1 CPUs, 0 hotplug CPUs
[    0.100914] PM: Registered nosave memory: [mem 0x00000000-0x00000fff]
[    0.100916] PM: Registered nosave memory: [mem 0x0009f000-0x0009ffff]
[    0.100916] PM: Registered nosave memory: [mem 0x000a0000-0x000effff]
[    0.100917] PM: Registered nosave memory: [mem 0x000f0000-0x000fffff]
[    0.100918] [mem 0x80000000-0xfebfffff] available for PCI devices
[    0.100919] Booting paravirtualized kernel on KVM
[    0.100923] clocksource: refined-jiffies: mask: 0xffffffff max_cycles: 0xffffffff, max_idle_ns: 7645519600211568 ns
[    0.100927] setup_percpu: NR_CPUS:8192 nr_cpumask_bits:1 nr_cpu_ids:1 nr_node_ids:1
[    0.101911] percpu: Embedded 60 pages/cpu s208896 r8192 d28672 u2097152
[    0.101916] pcpu-alloc: s208896 r8192 d28672 u2097152 alloc=1*2097152
[    0.101917] pcpu-alloc: [0] 0 
[    0.101944] Built 1 zonelists, mobility grouping on.  Total pages: 515961
[    0.101944] Policy zone: DMA32
[    0.101945] Kernel command line: BOOT_IMAGE=/boot/vmlinuz-5.4.243-mptcp root=UUID=98415a12-53b7-4144-8265-0f7ece09e445 ro quiet splash
[    0.102801] Dentry cache hash table entries: 262144 (order: 9, 2097152 bytes, linear)
[    0.103064] Inode-cache hash table entries: 131072 (order: 8, 1048576 bytes, linear)
[    0.103117] mem auto-init: stack:off, heap alloc:on, heap free:off
[    0.103119] Calgary: detecting Calgary via BIOS EBDA area
[    0.103120] Calgary: Unable to locate Rio Grande table in EBDA - bailing!
[    0.107390] Memory: 1967332K/2096696K available (14339K kernel code, 2398K rwdata, 4712K rodata, 2728K init, 17260K bss, 129364K reserved, 0K cma-reserved)
[    0.108295] SLUB: HWalign=64, Order=0-3, MinObjects=0, CPUs=1, Nodes=1
[    0.108311] ftrace: allocating 43186 entries in 169 pages
[    0.126374] rcu: Hierarchical RCU implementation.
[    0.126375] rcu: 	RCU restricting CPUs from NR_CPUS=8192 to nr_cpu_ids=1.
[    0.126377] 	Tasks RCU enabled.
[    0.126377] rcu: RCU calculated value of scheduler-enlistment delay is 25 jiffies.
[    0.126378] rcu: Adjusting geometry for rcu_fanout_leaf=16, nr_cpu_ids=1
[    0.129350] NR_IRQS: 524544, nr_irqs: 256, preallocated irqs: 16
[    0.129559] random: crng init done
[    0.138911] Console: colour VGA+ 80x25
[    0.138915] printk: console [tty0] enabled
[    0.138933] ACPI: Core revision 20190816
[    0.139023] APIC: Switch to symmetric I/O mode setup
[    0.139276] x2apic enabled
[    0.139512] Switched APIC routing to physical x2apic.
[    0.140647] ..TIMER: vector=0x30 apic1=0 pin1=2 apic2=-1 pin2=-1
[    0.140674] clocksource: tsc-early: mask: 0xffffffffffffffff max_cycles: 0x1e4530a99b6, max_idle_ns: 440795257976 ns
[    0.140679] Calibrating delay loop (skipped) preset value.. 4200.00 BogoMIPS (lpj=8400000)
[    0.140682] pid_max: default: 32768 minimum: 301
[    0.140709] LSM: Security Framework initializing
[    0.140718] Yama: becoming mindful.
[    0.140744] AppArmor: AppArmor initialized
[    0.140777] Mount-cache hash table entries: 4096 (order: 3, 32768 bytes, linear)
[    0.140781] Mountpoint-cache hash table entries: 4096 (order: 3, 32768 bytes, linear)
[    0.140791] *** VALIDATE tmpfs ***
[    0.140919] *** VALIDATE proc ***
[    0.140958] *** VALIDATE cgroup1 ***
[    0.140960] *** VALIDATE cgroup2 ***
[    0.141100] process: using mwait in idle threads
[    0.141105] Last level iTLB entries: 4KB 64, 2MB 8, 4MB 8
[    0.141106] Last level dTLB entries: 4KB 64, 2MB 0, 4MB 0, 1GB 4
[    0.141126] Spectre V1 : Mitigation: usercopy/swapgs barriers and __user pointer sanitization
[    0.141131] Spectre V2 : Mitigation: Retpolines
[    0.141132] Spectre V2 : Spectre v2 / SpectreRSB mitigation: Filling RSB on context switch
[    0.141132] Spectre V2 : Spectre v2 / SpectreRSB : Filling RSB on VMEXIT
[    0.141133] RETBleed: WARNING: Spectre v2 mitigation leaves CPU vulnerable to RETBleed attacks, data leaks possible!
[    0.141486] RETBleed: Vulnerable
[    0.141487] Speculative Store Bypass: Vulnerable
[    0.141491] TAA: Mitigation: TSX disabled
[    0.141492] MMIO Stale Data: Mitigation: Clear CPU buffers
[    0.145661] Freeing SMP alternatives memory: 40K
[    0.257721] smpboot: CPU0: Intel(R) Xeon(R) Silver 4216 CPU @ 2.10GHz (family: 0x6, model: 0x55, stepping: 0x7)
[    0.257880] Performance Events: unsupported p6 CPU model 85 no PMU driver, software events only.
[    0.257923] rcu: Hierarchical SRCU implementation.
[    0.258488] NMI watchdog: Perf NMI watchdog permanently disabled
[    0.258533] smp: Bringing up secondary CPUs ...
[    0.258535] smp: Brought up 1 node, 1 CPU
[    0.258536] smpboot: Max logical packages: 1
[    0.258537] smpboot: Total of 1 processors activated (4200.00 BogoMIPS)
[    0.259552] devtmpfs: initialized
[    0.259607] x86/mm: Memory block size: 128MB
[    0.260010] clocksource: jiffies: mask: 0xffffffff max_cycles: 0xffffffff, max_idle_ns: 7645041785100000 ns
[    0.260016] futex hash table entries: 256 (order: 2, 16384 bytes, linear)
[    0.260080] pinctrl core: initialized pinctrl subsystem
[    0.260189] PM: RTC time: 16:05:35, date: 2026-01-13
[    0.260307] NET: Registered protocol family 16
[    0.260390] audit: initializing netlink subsys (disabled)
[    0.260535] EISA bus registered
[    0.260537] cpuidle: using governor ladder
[    0.260538] cpuidle: using governor menu
[    0.260585] ACPI: bus type PCI registered
[    0.260586] acpiphp: ACPI Hot Plug PCI Controller Driver version: 0.5
[    0.260676] PCI: Using configuration type 1 for base access
[    0.261566] audit: type=2000 audit(1768291541.376:1): state=initialized audit_enabled=0 res=1
[    0.261671] HugeTLB registered 2.00 MiB page size, pre-allocated 0 pages
[    0.262706] ACPI: Added _OSI(Module Device)
[    0.262707] ACPI: Added _OSI(Processor Device)
[    0.262707] ACPI: Added _OSI(3.0 _SCP Extensions)
[    0.262708] ACPI: Added _OSI(Processor Aggregator Device)
[    0.262709] ACPI: Added _OSI(Linux-Dell-Video)
[    0.262710] ACPI: Added _OSI(Linux-Lenovo-NV-HDMI-Audio)
[    0.262711] ACPI: Added _OSI(Linux-HPI-Hybrid-Graphics)
[    0.264841] ACPI: 2 ACPI AML tables successfully acquired and loaded
[    0.266744] ACPI: Interpreter enabled
[    0.266756] ACPI: (supports S0 S5)
[    0.266758] ACPI: Using IOAPIC for interrupt routing
[    0.266991] PCI: Using host bridge windows from ACPI; if necessary, use "pci=nocrs" and report a bug
[    0.267121] ACPI: Enabled 2 GPEs in block 00 to 07
[    0.272588] ACPI: PCI Root Bridge [PCI0] (domain 0000 [bus 00-ff])
[    0.272593] acpi PNP0A03:00: _OSC: OS supports [ASPM ClockPM Segments MSI HPX-Type3]
[    0.273083] acpi PNP0A03:00: _OSC: not requesting OS control; OS requires [ExtendedConfig ASPM ClockPM MSI]
[    0.273092] acpi PNP0A03:00: fail to add MMCONFIG information, can't access extended PCI configuration space under this bridge.
[    0.273489] PCI host bridge to bus 0000:00
[    0.273492] pci_bus 0000:00: root bus resource [io  0x0000-0x0cf7 window]
[    0.273493] pci_bus 0000:00: root bus resource [io  0x0d00-0xffff window]
[    0.273494] pci_bus 0000:00: root bus resource [mem 0x000a0000-0x000bffff window]
[    0.273495] pci_bus 0000:00: root bus resource [mem 0x80000000-0xfdffffff window]
[    0.273497] pci_bus 0000:00: root bus resource [bus 00-ff]
[    0.273545] pci 0000:00:00.0: [8086:1237] type 00 class 0x060000
[    0.274510] pci 0000:00:01.0: [8086:7000] type 00 class 0x060100
[    0.275426] pci 0000:00:01.1: [8086:7111] type 00 class 0x01018a
[    0.275856] pci 0000:00:01.1: reg 0x20: [io  0xd000-0xd00f]
[    0.276010] pci 0000:00:01.1: legacy IDE quirk: reg 0x10: [io  0x01f0-0x01f7]
[    0.276011] pci 0000:00:01.1: legacy IDE quirk: reg 0x14: [io  0x03f6]
[    0.276012] pci 0000:00:01.1: legacy IDE quirk: reg 0x18: [io  0x0170-0x0177]
[    0.276013] pci 0000:00:01.1: legacy IDE quirk: reg 0x1c: [io  0x0376]
[    0.276576] pci 0000:00:02.0: [15ad:0405] type 00 class 0x030000
[    0.278917] pci 0000:00:02.0: reg 0x10: [io  0xd010-0xd01f]
[    0.284723] pci 0000:00:02.0: reg 0x14: [mem 0xe0000000-0xe7ffffff pref]
[    0.287844] pci 0000:00:02.0: reg 0x18: [mem 0xf0000000-0xf01fffff]
[    0.297470] pci 0000:00:03.0: [1022:2000] type 00 class 0x020000
[    0.298181] pci 0000:00:03.0: reg 0x10: [io  0xd020-0xd03f]
[    0.298815] pci 0000:00:03.0: reg 0x14: [mem 0xf0200000-0xf0200fff]
[    0.303197] pci 0000:00:04.0: [80ee:cafe] type 00 class 0x088000
[    0.303877] pci 0000:00:04.0: reg 0x10: [io  0xd040-0xd05f]
[    0.304480] pci 0000:00:04.0: reg 0x14: [mem 0xf0400000-0xf07fffff]
[    0.304789] pci 0000:00:04.0: reg 0x18: [mem 0xf0800000-0xf0803fff pref]
[    0.308302] pci 0000:00:07.0: [8086:7113] type 00 class 0x068000
[    0.308892] pci 0000:00:07.0: quirk: [io  0x4000-0x403f] claimed by PIIX4 ACPI
[    0.308902] pci 0000:00:07.0: quirk: [io  0x4100-0x410f] claimed by PIIX4 SMB
[    0.309511] pci 0000:00:08.0: [8086:100e] type 00 class 0x020000
[    0.310213] pci 0000:00:08.0: reg 0x10: [mem 0xf0820000-0xf083ffff]
[    0.311366] pci 0000:00:08.0: reg 0x18: [io  0xd060-0xd067]
[    0.314840] pci 0000:00:09.0: [8086:100e] type 00 class 0x020000
[    0.315550] pci 0000:00:09.0: reg 0x10: [mem 0xf0840000-0xf085ffff]
[    0.316790] pci 0000:00:09.0: reg 0x18: [io  0xd068-0xd06f]
[    0.325783] ACPI: PCI Interrupt Link [LNKA] (IRQs 5 9 10 *11)
[    0.326065] ACPI: PCI Interrupt Link [LNKB] (IRQs 5 9 *10 11)
[    0.326165] ACPI: PCI Interrupt Link [LNKC] (IRQs 5 *9 10 11)
[    0.326271] ACPI: PCI Interrupt Link [LNKD] (IRQs 5 9 10 *11)
[    0.328720] iommu: Default domain type: Translated 
[    0.328780] pci 0000:00:02.0: vgaarb: setting as boot VGA device
[    0.328782] pci 0000:00:02.0: vgaarb: VGA device added: decodes=io+mem,owns=io+mem,locks=none
[    0.328784] pci 0000:00:02.0: vgaarb: bridge control possible
[    0.328785] vgaarb: loaded
[    0.328992] SCSI subsystem initialized
[    0.329023] libata version 3.00 loaded.
[    0.329046] ACPI: bus type USB registered
[    0.329062] usbcore: registered new interface driver usbfs
[    0.329068] usbcore: registered new interface driver hub
[    0.329073] usbcore: registered new device driver usb
[    0.329101] pps_core: LinuxPPS API ver. 1 registered
[    0.329101] pps_core: Software ver. 5.3.6 - Copyright 2005-2007 Rodolfo Giometti <giometti@linux.it>
[    0.329103] PTP clock support registered
[    0.329138] EDAC MC: Ver: 3.0.0
[    0.329422] PCI: Using ACPI for IRQ routing
[    0.329423] PCI: pci_cache_line_size set to 64 bytes
[    0.329591] e820: reserve RAM buffer [mem 0x0009fc00-0x0009ffff]
[    0.329595] e820: reserve RAM buffer [mem 0x7fff0000-0x7fffffff]
[    0.330367] NetLabel: Initializing
[    0.330368] NetLabel:  domain hash size = 128
[    0.330368] NetLabel:  protocols = UNLABELED CIPSOv4 CALIPSO
[    0.330387] NetLabel:  unlabeled traffic allowed by default
[    0.331278] clocksource: Switched to clocksource kvm-clock
[    0.343113] *** VALIDATE bpf ***
[    0.343176] VFS: Disk quotas dquot_6.6.0
[    0.343188] VFS: Dquot-cache hash table entries: 512 (order 0, 4096 bytes)
[    0.343211] *** VALIDATE ramfs ***
[    0.343214] *** VALIDATE hugetlbfs ***
[    0.343294] AppArmor: AppArmor Filesystem Enabled
[    0.343321] pnp: PnP ACPI init
[    0.343389] pnp 00:00: Plug and Play ACPI device, IDs PNP0303 (active)
[    0.343475] pnp 00:01: Plug and Play ACPI device, IDs PNP0f03 (active)
[    0.344219] pnp: PnP ACPI: found 2 devices
[    0.345196] thermal_sys: Registered thermal governor 'fair_share'
[    0.345197] thermal_sys: Registered thermal governor 'bang_bang'
[    0.345197] thermal_sys: Registered thermal governor 'step_wise'
[    0.345198] thermal_sys: Registered thermal governor 'user_space'
[    0.345199] thermal_sys: Registered thermal governor 'power_allocator'
[    0.349710] clocksource: acpi_pm: mask: 0xffffff max_cycles: 0xffffff, max_idle_ns: 2085701024 ns
[    0.349750] pci_bus 0000:00: resource 4 [io  0x0000-0x0cf7 window]
[    0.349752] pci_bus 0000:00: resource 5 [io  0x0d00-0xffff window]
[    0.349753] pci_bus 0000:00: resource 6 [mem 0x000a0000-0x000bffff window]
[    0.349754] pci_bus 0000:00: resource 7 [mem 0x80000000-0xfdffffff window]
[    0.349811] NET: Registered protocol family 2
[    0.349885] IP idents hash table entries: 32768 (order: 6, 262144 bytes, linear)
[    0.350285] MPTCP tokens hash table entries: 8192 (order: 4, 65536 bytes, linear)
[    0.350305] MPTCP request tokens hash table entries: 8192 (order: 4, 65536 bytes, linear)
[    0.350329] default registered
[    0.350330] default registered
[    0.350330] MPTCP: Stable release v0.96
[    0.350336] tcp_listen_portaddr_hash hash table entries: 1024 (order: 2, 16384 bytes, linear)
[    0.350415] TCP established hash table entries: 16384 (order: 5, 131072 bytes, linear)
[    0.350482] TCP bind hash table entries: 16384 (order: 6, 262144 bytes, linear)
[    0.350507] TCP: Hash tables configured (established 16384 bind 16384)
[    0.351267] UDP hash table entries: 1024 (order: 3, 32768 bytes, linear)
[    0.351280] UDP-Lite hash table entries: 1024 (order: 3, 32768 bytes, linear)
[    0.351326] NET: Registered protocol family 1
[    0.351336] NET: Registered protocol family 44
[    0.351360] pci 0000:00:00.0: Limiting direct PCI/PCI transfers
[    0.351377] pci 0000:00:01.0: Activating ISA DMA hang workarounds
[    0.351442] pci 0000:00:02.0: Video device with shadowed ROM at [mem 0x000c0000-0x000dffff]
[    0.351510] PCI: CLS 0 bytes, default 64
[    0.351558] Trying to unpack rootfs image as initramfs...
[    0.536019] Freeing initrd memory: 47868K
[    0.536106] clocksource: tsc: mask: 0xffffffffffffffff max_cycles: 0x1e4530a99b6, max_idle_ns: 440795257976 ns
[    0.536116] clocksource: Switched to clocksource tsc
[    0.536156] platform rtc_cmos: registered platform RTC device (no PNP device found)
[    0.536186] check: Scanning for low memory corruption every 60 seconds
[    0.536290] Initialise system trusted keyrings
[    0.536290] Key type blacklist registered
[    0.536290] workingset: timestamp_bits=36 max_order=19 bucket_order=0
[    0.537934] zbud: loaded
[    0.538298] squashfs: version 4.0 (2009/01/31) Phillip Lougher
[    0.538432] fuse: init (API version 7.31)
[    0.538448] *** VALIDATE fuse ***
[    0.538450] *** VALIDATE fuse ***
[    0.538550] Platform Keyring initialized
[    0.541197] Key type asymmetric registered
[    0.541197] Asymmetric key parser 'x509' registered
[    0.541197] Block layer SCSI generic (bsg) driver version 0.4 loaded (major 244)
[    0.541197] io scheduler mq-deadline registered
[    0.541197] shpchp: Standard Hot Plug PCI Controller Driver version: 0.4
[    0.541914] ACPI: AC Adapter [AC] (on-line)
[    0.541964] input: Power Button as /devices/LNXSYSTM:00/LNXPWRBN:00/input/input0
[    0.541996] ACPI: Power Button [PWRF]
[    0.542075] input: Sleep Button as /devices/LNXSYSTM:00/LNXSLPBN:00/input/input1
[    0.542091] ACPI: Sleep Button [SLPF]
[    0.542351] Serial: 8250/16550 driver, 32 ports, IRQ sharing enabled
[    0.543504] Linux agpgart interface v0.103
[    0.639164] loop: module loaded
[    0.639313] ata_piix 0000:00:01.1: version 2.13
[    0.639723] scsi host0: ata_piix
[    0.639813] scsi host1: ata_piix
[    0.639839] ata1: PATA max UDMA/33 cmd 0x1f0 ctl 0x3f6 bmdma 0xd000 irq 14
[    0.639840] ata2: PATA max UDMA/33 cmd 0x170 ctl 0x376 bmdma 0xd008 irq 15
[    0.639921] tun: Universal TUN/TAP device driver, 1.6
[    0.640232] PPP generic driver version 2.4.2
[    0.640274] VFIO - User Level meta-driver version: 0.3
[    0.640512] ehci_hcd: USB 2.0 'Enhanced' Host Controller (EHCI) Driver
[    0.640517] ehci-pci: EHCI PCI platform driver
[    0.640532] ehci-platform: EHCI generic platform driver
[    0.640538] ohci_hcd: USB 1.1 'Open' Host Controller (OHCI) Driver
[    0.640539] ohci-pci: OHCI PCI platform driver
[    0.640546] ohci-platform: OHCI generic platform driver
[    0.640551] uhci_hcd: USB Universal Host Controller Interface driver
[    0.640616] i8042: PNP: PS/2 Controller [PNP0303:PS2K,PNP0f03:PS2M] at 0x60,0x64 irq 1,12
[    0.641062] serio: i8042 KBD port at 0x60,0x64 irq 1
[    0.641066] serio: i8042 AUX port at 0x60,0x64 irq 12
[    0.641154] mousedev: PS/2 mouse device common for all mice
[    0.641417] input: AT Translated Set 2 keyboard as /devices/platform/i8042/serio0/input/input2
[    0.641836] rtc_cmos rtc_cmos: registered as rtc0
[    0.641850] rtc_cmos rtc_cmos: alarms up to one day, 114 bytes nvram
[    0.641855] i2c /dev entries driver
[    0.641903] device-mapper: uevent: version 1.0.3
[    0.641946] device-mapper: ioctl: 4.41.0-ioctl (2019-09-16) initialised: dm-devel@redhat.com
[    0.641963] platform eisa.0: Probing EISA bus 0
[    0.641964] platform eisa.0: EISA: Cannot allocate resource for mainboard
[    0.641966] platform eisa.0: Cannot allocate resource for EISA slot 1
[    0.641967] platform eisa.0: Cannot allocate resource for EISA slot 2
[    0.641968] platform eisa.0: Cannot allocate resource for EISA slot 3
[    0.641969] platform eisa.0: Cannot allocate resource for EISA slot 4
[    0.641970] platform eisa.0: Cannot allocate resource for EISA slot 5
[    0.641971] platform eisa.0: Cannot allocate resource for EISA slot 6
[    0.641972] platform eisa.0: Cannot allocate resource for EISA slot 7
[    0.641973] platform eisa.0: Cannot allocate resource for EISA slot 8
[    0.641974] platform eisa.0: EISA: Detected 0 cards
[    0.641976] intel_pstate: CPU model not supported
[    0.641985] ledtrig-cpu: registered to indicate activity on CPUs
[    0.642040] drop_monitor: Initializing network drop monitor service
[    0.642200] NET: Registered protocol family 10
[    0.647283] Segment Routing with IPv6
[    0.647298] fullmesh registered
[    0.647298] ndiffports registered
[    0.647298] binder registered
[    0.647298] roundrobin registered
[    0.647298] redundant registered
[    0.647298] blest registered
[    0.647298] ecf registered
[    0.647298] NET: Registered protocol family 17
[    0.647298] Key type dns_resolver registered
[    0.647298] RAS: Correctable Errors collector initialized.
[    0.647298] IPI shorthand broadcast: enabled
[    0.647298] sched_clock: Marking stable (632172132, 11126197)->(644971557, -1673228)
[    0.647528] registered taskstats version 1
[    0.647537] Loading compiled-in X.509 certificates
[    0.648126] Loaded X.509 cert 'Build time autogenerated kernel key: 6909f3744cebb3d0de528d5887b96a727de79b1e'
[    0.648143] zswap: loaded using pool lzo/zbud
[    0.648197] Key type ._fscrypt registered
[    0.648198] Key type .fscrypt registered
[    0.653920] Key type big_key registered
[    0.656795] Key type encrypted registered
[    0.656798] AppArmor: AppArmor sha1 policy hashing enabled
[    0.656808] ima: No TPM chip found, activating TPM-bypass!
[    0.656812] ima: Allocated hash algorithm: sha1
[    0.656818] ima: No architecture policies found
[    0.656829] evm: Initialising EVM extended attributes:
[    0.656830] evm: security.selinux
[    0.656831] evm: security.SMACK64
[    0.656831] evm: security.SMACK64EXEC
[    0.656832] evm: security.SMACK64TRANSMUTE
[    0.656833] evm: security.SMACK64MMAP
[    0.656833] evm: security.apparmor
[    0.656834] evm: security.ima
[    0.656834] evm: security.capability
[    0.656835] evm: HMAC attrs: 0x1
[    0.657187] PM:   Magic number: 10:156:85
[    0.657308] rtc_cmos rtc_cmos: setting system clock to 2026-01-13T16:05:36 UTC (1768320336)
[    0.812546] ata1.00: ATA-6: VBOX HARDDISK, 1.0, max UDMA/133
[    0.812549] ata1.00: 209715200 sectors, multi 128: LBA 
[    0.813193] scsi 0:0:0:0: Direct-Access     ATA      VBOX HARDDISK    1.0  PQ: 0 ANSI: 5
[    0.813470] sd 0:0:0:0: [sda] 209715200 512-byte logical blocks: (107 GB/100 GiB)
[    0.813482] sd 0:0:0:0: [sda] Write Protect is off
[    0.813485] sd 0:0:0:0: [sda] Mode Sense: 00 3a 00 00
[    0.813505] sd 0:0:0:0: [sda] Write cache: enabled, read cache: enabled, doesn't support DPO or FUA
[    0.813806] sd 0:0:0:0: Attached scsi generic sg0 type 0
[    0.814568]  sda: sda1 sda2
[    0.823323] sd 0:0:0:0: [sda] Attached SCSI disk
[    0.826490] Freeing unused decrypted memory: 2040K
[    0.827427] Freeing unused kernel image memory: 2728K
[    0.827430] Write protecting the kernel read-only data: 22528k
[    0.828401] Freeing unused kernel image memory: 2036K
[    0.828958] Freeing unused kernel image memory: 1432K
[    0.854280] x86/mm: Checked W+X mappings: passed, no W+X pages found.
[    0.854286] Run /init as init process
[    0.961562] ACPI: Video Device [GFX0] (multi-head: yes  rom: no  post: no)
[    0.961635] input: Video Bus as /devices/LNXSYSTM:00/LNXSYBUS:00/PNP0A03:00/LNXVIDEO:00/input/input4
[    0.979839] e1000: Intel(R) PRO/1000 Network Driver - version 7.3.21-k8-NAPI
[    0.979840] e1000: Copyright (c) 1999-2006 Intel Corporation.
[    0.983417] piix4_smbus 0000:00:07.0: SMBus Host Controller at 0x4100, revision 0
[    0.990804] pcnet32: pcnet32.c:v1.35 21.Apr.2008 tsbogend@alpha.franken.de
[    1.001405] pcnet32: PCnet/FAST III 79C973 at 0xd020, 08:00:27:82:87:4c assigned IRQ 19
[    1.001450] pcnet32: Found PHY 0022:561b at address 0
[    1.001753] pcnet32: eth0: registered as PCnet/FAST III 79C973
[    1.006282] pcnet32: 1 cards_found
[    1.059785] pcnet32 0000:00:03.0 enp0s3: renamed from eth0
[    1.192815] input: ImExPS/2 Generic Explorer Mouse as /devices/platform/i8042/serio1/input/input5
[    1.391372] e1000 0000:00:08.0 eth0: (PCI:33MHz:32-bit) 08:00:27:73:4a:cc
[    1.391376] e1000 0000:00:08.0 eth0: Intel(R) PRO/1000 Network Connection
[    1.763458] e1000 0000:00:09.0 eth1: (PCI:33MHz:32-bit) 08:00:27:51:5a:99
[    1.763460] e1000 0000:00:09.0 eth1: Intel(R) PRO/1000 Network Connection
[    1.764626] e1000 0000:00:09.0 enp0s9: renamed from eth1
[    1.766448] e1000 0000:00:08.0 enp0s8: renamed from eth0
[    1.943297] EXT4-fs (sda2): mounted filesystem with ordered data mode. Opts: (null)
[    2.035610] systemd[1]: Inserted module 'autofs4'
[    2.045535] systemd[1]: systemd 245.4-4ubuntu3 running in system mode. (+PAM +AUDIT +SELINUX +IMA +APPARMOR +SMACK +SYSVINIT +UTMP +LIBCRYPTSETUP +GCRYPT +GNUTLS +ACL +XZ +LZ4 +SECCOMP +BLKID +ELFUTILS +KMOD +IDN2 -IDN +PCRE2 default-hierarchy=hybrid)
[    2.045564] systemd[1]: Detected virtualization oracle.
[    2.045568] systemd[1]: Detected architecture x86-64.
[    2.046852] systemd[1]: Set hostname to <ztg>.
[    2.172918] systemd[1]: /lib/systemd/system/dbus.socket:5: ListenStream= references a path below legacy directory /var/run/, updating /var/run/dbus/system_bus_socket â†’ /run/dbus/system_bus_socket; please update the unit file accordingly.
[    2.225222] systemd[1]: Created slice system-modprobe.slice.
[    2.225406] systemd[1]: Created slice User and Session Slice.
[    2.225448] systemd[1]: Started Forward Password Requests to Wall Directory Watch.
[    2.225607] systemd[1]: Set up automount Arbitrary Executable File Formats File System Automount Point.
[    2.225641] systemd[1]: Reached target User and Group Name Lookups.
[    2.225650] systemd[1]: Reached target Remote File Systems.
[    2.225659] systemd[1]: Reached target Slices.
[    2.226160] systemd[1]: Listening on Syslog Socket.
[    2.226223] systemd[1]: Listening on fsck to fsckd communication Socket.
[    2.226259] systemd[1]: Listening on initctl Compatibility Named Pipe.
[    2.226396] systemd[1]: Listening on Journal Audit Socket.
[    2.226446] systemd[1]: Listening on Journal Socket (/dev/log).
[    2.226512] systemd[1]: Listening on Journal Socket.
[    2.226577] systemd[1]: Listening on udev Control Socket.
[    2.226615] systemd[1]: Listening on udev Kernel Socket.
[    2.227407] systemd[1]: Mounting Huge Pages File System...
[    2.228318] systemd[1]: Mounting POSIX Message Queue File System...
[    2.229202] systemd[1]: Mounting Kernel Debug File System...
[    2.230006] systemd[1]: Mounting Kernel Trace File System...
[    2.231920] systemd[1]: Starting Journal Service...
[    2.255600] systemd[1]: Starting Set the console keyboard layout...
[    2.263651] systemd[1]: Starting Create list of static device nodes for the current kernel...
[    2.265442] systemd[1]: Starting Load Kernel Module drm...
[    2.266407] systemd[1]: Condition check resulted in Set Up Additional Binary Formats being skipped.
[    2.266481] systemd[1]: Condition check resulted in File System Check on Root Device being skipped.
[    2.277320] systemd[1]: Starting Load Kernel Modules...
[    2.282646] systemd[1]: Starting Remount Root and Kernel File Systems...
[    2.295906] systemd[1]: Starting udev Coldplug all Devices...
[    2.306615] systemd[1]: Starting Uncomplicated firewall...
[    2.310833] EXT4-fs (sda2): re-mounted. Opts: errors=remount-ro
[    2.329795] systemd[1]: Mounted Huge Pages File System.
[    2.329881] systemd[1]: Mounted POSIX Message Queue File System.
[    2.329953] systemd[1]: Mounted Kernel Debug File System.
[    2.330021] systemd[1]: Mounted Kernel Trace File System.
[    2.344763] systemd[1]: Finished Create list of static device nodes for the current kernel.
[    2.345093] systemd[1]: modprobe@drm.service: Succeeded.
[    2.351403] systemd[1]: Finished Load Kernel Module drm.
[    2.351789] systemd[1]: Finished Remount Root and Kernel File Systems.
[    2.353846] lp: driver loaded but no devices found
[    2.355158] systemd[1]: Finished Uncomplicated firewall.
[    2.366450] systemd[1]: Condition check resulted in Rebuild Hardware Database being skipped.
[    2.366490] systemd[1]: Condition check resulted in Platform Persistent Storage Archival being skipped.
[    2.368450] systemd[1]: Starting Load/Save Random Seed...
[    2.373591] systemd[1]: Starting Create System Users...
[    2.379006] ppdev: user-space parallel port driver
[    2.392741] systemd[1]: Finished Load/Save Random Seed.
[    2.395786] systemd[1]: Finished Create System Users.
[    2.397613] systemd[1]: Starting Create Static Device Nodes in /dev...
[    2.459733] systemd[1]: Finished Create Static Device Nodes in /dev.
[    2.460652] systemd[1]: Starting udev Kernel Device Manager...
[    2.475632] systemd[1]: Finished udev Coldplug all Devices.
[    2.478551] [drm] DMA map mode: Caching DMA mappings.
[    2.478641] [drm] Capabilities:
[    2.478641] [drm]   Rect copy.
[    2.478642] [drm]   Cursor.
[    2.478642] [drm]   Cursor bypass.
[    2.478642] [drm]   Cursor bypass 2.
[    2.478643] [drm]   Alpha cursor.
[    2.478643] [drm]   Extended Fifo.
[    2.478643] [drm]   Pitchlock.
[    2.478644] [drm]   Irq mask.
[    2.478644] [drm]   GMR.
[    2.478644] [drm]   Traces.
[    2.478645] [drm]   GMR2.
[    2.478645] [drm]   Screen Object 2.
[    2.478645] [drm]   Command Buffers.
[    2.478646] [drm]   Command Buffers 2.
[    2.478646] [drm]   Guest Backed Resources.
[    2.478647] [drm] Max GMR ids is 8192
[    2.478648] [drm] Max number of GMR pages is 1048576
[    2.478648] [drm] Max dedicated hypervisor surface memory is 393216 kiB
[    2.478649] [drm] Maximum display memory size is 131072 kiB
[    2.478649] [drm] VRAM at 0xe0000000 size is 131072 kiB
[    2.478650] [drm] MMIO at 0xf0000000 size is 2048 kiB
[    2.479974] [TTM] Zone  kernel: Available graphics memory: 1011738 KiB
[    2.479974] [TTM] Initializing pool allocator
[    2.479978] [TTM] Initializing DMA pool allocator
[    2.480009] [drm] Supports vblank timestamp caching Rev 2 (21.10.2013).
[    2.480010] [drm] No driver support for vblank timestamp query.
[    2.480275] [drm] Screen Target Display device initialized
[    2.480487] [drm] width 720
[    2.480496] [drm] height 400
[    2.480500] [drm] bpp 32
[    2.481047] [drm] Fifo max 0x00200000 min 0x00001000 cap 0x00000355
[    2.482122] [drm] Using command buffers with DMA pool.
[    2.482126] [drm] DX: no.
[    2.482127] [drm] Atomic: yes.
[    2.482127] [drm] SM4_1: no.
[    2.482148] [drm:vmw_host_log [vmwgfx]] *ERROR* Failed to send host log message.
[    2.483020] [drm:vmw_host_log [vmwgfx]] *ERROR* Failed to send host log message.
[    2.500644] fbcon: svgadrmfb (fb0) is primary device
[    2.502765] Console: switching to colour frame buffer device 100x37
[    2.510186] [drm] Initialized vmwgfx 2.15.0 20180704 for 0000:00:02.0 on minor 0
[    2.511238] systemd[1]: Finished Load Kernel Modules.
[    2.512131] systemd[1]: Mounting FUSE Control File System...
[    2.513295] systemd[1]: Mounting Kernel Configuration File System...
[    2.540552] systemd[1]: Starting Apply Kernel Variables...
[    2.541273] systemd[1]: Mounted FUSE Control File System.
[    2.541342] systemd[1]: Condition check resulted in VMware vmblock fuse mount being skipped.
[    2.565060] systemd[1]: Mounted Kernel Configuration File System.
[    2.567960] systemd[1]: Finished Set the console keyboard layout.
[    2.568053] systemd[1]: Reached target Local File Systems (Pre).
[    2.570008] systemd[1]: Mounting Mount unit for bare, revision 5...
[    2.571989] systemd[1]: Mounting Mount unit for core18, revision 1705...
[    2.580011] systemd[1]: Mounting Mount unit for gnome-3-34-1804, revision 24...
[    2.594493] systemd[1]: Mounting Mount unit for gtk-common-themes, revision 1506...
[    2.596753] systemd[1]: Mounting Mount unit for gtk-common-themes, revision 1535...
[    2.620743] systemd[1]: Mounting Mount unit for snap-store, revision 433...
[    2.625978] systemd[1]: Mounting Mount unit for snapd, revision 25935...
[    2.629854] systemd[1]: Finished Apply Kernel Variables.
[    2.645407] systemd[1]: Mounted Mount unit for bare, revision 5.
[    2.653793] systemd[1]: Mounted Mount unit for core18, revision 1705.
[    2.653885] systemd[1]: Mounted Mount unit for gnome-3-34-1804, revision 24.
[    2.653963] systemd[1]: Mounted Mount unit for gtk-common-themes, revision 1506.
[    2.660693] systemd[1]: Started udev Kernel Device Manager.
[    2.661485] systemd[1]: Starting Show Plymouth Boot Screen...
[    2.668712] systemd[1]: Received SIGRTMIN+20 from PID 285 (plymouthd).
[    2.697578] systemd[1]: Mounted Mount unit for snap-store, revision 433.
[    2.697879] systemd[1]: Started Show Plymouth Boot Screen.
[    2.699774] systemd[1]: Condition check resulted in Dispatch Password Requests to Console Directory Watch being skipped.
[    2.699872] systemd[1]: Started Forward Password Requests to Plymouth Directory Watch.
[    2.699949] systemd[1]: Reached target Local Encrypted Volumes.
[    2.746873] systemd[1]: Mounted Mount unit for gtk-common-themes, revision 1535.
[    2.747151] systemd[1]: Mounted Mount unit for snapd, revision 25935.
[    2.747307] systemd[1]: Reached target Local File Systems.
[    2.761697] systemd[1]: Starting Load AppArmor profiles...
[    2.767072] systemd[1]: Starting Set console font and keymap...
[    2.774571] systemd[1]: Starting Tell Plymouth To Write Out Runtime Data...
[    2.778869] systemd[1]: Condition check resulted in Store a System Token in an EFI Variable being skipped.
[    2.778901] systemd[1]: Condition check resulted in Commit a transient machine-id on disk being skipped.
[    2.779289] systemd[1]: Finished Set console font and keymap.
[    2.788524] systemd[1]: Received SIGRTMIN+20 from PID 285 (plymouthd).
[    2.789329] systemd[1]: plymouth-read-write.service: Succeeded.
[    2.789581] systemd[1]: Finished Tell Plymouth To Write Out Runtime Data.
[    2.811576] audit: type=1400 audit(1768320338.648:2): apparmor="STATUS" operation="profile_load" profile="unconfined" name="nvidia_modprobe" pid=301 comm="apparmor_parser"
[    2.811579] audit: type=1400 audit(1768320338.648:3): apparmor="STATUS" operation="profile_load" profile="unconfined" name="nvidia_modprobe//kmod" pid=301 comm="apparmor_parser"
[    2.826766] audit: type=1400 audit(1768320338.664:4): apparmor="STATUS" operation="profile_load" profile="unconfined" name="/usr/sbin/tcpdump" pid=302 comm="apparmor_parser"
[    2.872799] audit: type=1400 audit(1768320338.704:5): apparmor="STATUS" operation="profile_load" profile="unconfined" name="/usr/bin/evince" pid=304 comm="apparmor_parser"
[    2.872802] audit: type=1400 audit(1768320338.704:6): apparmor="STATUS" operation="profile_load" profile="unconfined" name="/usr/bin/evince//sanitized_helper" pid=304 comm="apparmor_parser"
[    2.872805] audit: type=1400 audit(1768320338.704:7): apparmor="STATUS" operation="profile_load" profile="unconfined" name="/usr/bin/evince-previewer" pid=304 comm="apparmor_parser"
[    2.872807] audit: type=1400 audit(1768320338.704:8): apparmor="STATUS" operation="profile_load" profile="unconfined" name="/usr/bin/evince-previewer//sanitized_helper" pid=304 comm="apparmor_parser"
[    2.872811] audit: type=1400 audit(1768320338.704:9): apparmor="STATUS" operation="profile_load" profile="unconfined" name="/usr/bin/evince-thumbnailer" pid=304 comm="apparmor_parser"
[    2.890714] audit: type=1400 audit(1768320338.728:10): apparmor="STATUS" operation="profile_load" profile="unconfined" name="/usr/lib/cups/backend/cups-pdf" pid=305 comm="apparmor_parser"
[    2.970950] systemd[1]: Finished Load AppArmor profiles.
[    2.971883] systemd[1]: Starting Load AppArmor profiles managed internally by snapd...
[    3.084623] systemd[1]: Finished Load AppArmor profiles managed internally by snapd.
[    3.252516] systemd[1]: Started Journal Service.
[    3.260323] systemd-journald[229]: Received client request to flush runtime journal.
[    3.263054] systemd-journald[229]: File /var/log/journal/c455b248004a419c87ce85eea238d727/system.journal corrupted or uncleanly shut down, renaming and replacing.
[    4.537572] RAPL PMU: API unit is 2^-32 Joules, 0 fixed counters, 10737418240 ms ovfl timer
[    4.545872] cryptd: max_cpu_qlen set to 1000
[    4.550884] AVX2 version of gcm_enc/dec engaged.
[    4.550885] AES CTR mode by8 optimization enabled
[    6.498055] Adding 1998844k swap on /dev/sda1.  Priority:-2 extents:1 across:1998844k FS
[    7.527523] kauditd_printk_skb: 30 callbacks suppressed
[    7.527525] audit: type=1400 audit(1768320343.364:41): apparmor="DENIED" operation="capable" profile="/usr/sbin/cups-browsed" pid=511 comm="cups-browsed" capability=23  capname="sys_nice"
[    8.903204] pcnet32 0000:00:03.0 enp0s3: link up, 100Mbps, full-duplex
[    8.937433] e1000: enp0s8 NIC Link is Up 1000 Mbps Full Duplex, Flow Control: RX
[    8.937722] IPv6: ADDRCONF(NETDEV_CHANGE): enp0s8: link becomes ready
[    8.967995] e1000: enp0s9 NIC Link is Up 1000 Mbps Full Duplex, Flow Control: RX
[    8.968284] IPv6: ADDRCONF(NETDEV_CHANGE): enp0s9: link becomes ready
[    9.626790] device enp0s3 entered promiscuous mode
[    9.643381] audit: type=1400 audit(1768320345.472:42): apparmor="DENIED" operation="open" profile="/usr/sbin/tcpdump" name="/proc/sys/kernel/random/boot_id" pid=632 comm="tcpdump" requested_mask="r" denied_mask="r" fsuid=0 ouid=0
[    9.643732] audit: type=1400 audit(1768320345.472:43): apparmor="DENIED" operation="open" profile="/usr/sbin/tcpdump" name="/proc/sys/kernel/random/boot_id" pid=632 comm="tcpdump" requested_mask="r" denied_mask="r" fsuid=0 ouid=0
[    9.643902] audit: type=1400 audit(1768320345.472:44): apparmor="DENIED" operation="open" profile="/usr/sbin/tcpdump" name="/proc/sys/kernel/random/boot_id" pid=632 comm="tcpdump" requested_mask="r" denied_mask="r" fsuid=0 ouid=0
[    9.644012] audit: type=1400 audit(1768320345.472:45): apparmor="DENIED" operation="open" profile="/usr/sbin/tcpdump" name="/proc/sys/kernel/random/boot_id" pid=632 comm="tcpdump" requested_mask="r" denied_mask="r" fsuid=0 ouid=0
[    9.658868] audit: type=1400 audit(1768320345.500:46): apparmor="DENIED" operation="open" profile="/usr/sbin/tcpdump" name="/proc/sys/kernel/random/boot_id" pid=633 comm="tcpdump" requested_mask="r" denied_mask="r" fsuid=0 ouid=0
[    9.659031] audit: type=1400 audit(1768320345.500:47): apparmor="DENIED" operation="open" profile="/usr/sbin/tcpdump" name="/proc/sys/kernel/random/boot_id" pid=633 comm="tcpdump" requested_mask="r" denied_mask="r" fsuid=0 ouid=0
[    9.659101] audit: type=1400 audit(1768320345.500:48): apparmor="DENIED" operation="open" profile="/usr/sbin/tcpdump" name="/proc/sys/kernel/random/boot_id" pid=633 comm="tcpdump" requested_mask="r" denied_mask="r" fsuid=0 ouid=0
[    9.659192] audit: type=1400 audit(1768320345.500:49): apparmor="DENIED" operation="open" profile="/usr/sbin/tcpdump" name="/proc/sys/kernel/random/boot_id" pid=633 comm="tcpdump" requested_mask="r" denied_mask="r" fsuid=0 ouid=0
[   15.506611] rfkill: input handler disabled
[  211.102487] AAAAA-TCP_FORW: name:enp0s3: saddr:16783984: daddr:100932208
[  211.137098] AAAAA-TCP_FORW: name:enp0s3: saddr:100932208: daddr:16783984
[  211.182243] AAAAA-TCP_FORW: name:enp0s3: saddr:100932208: daddr:16783984
[  211.362806] AAAAA-TCP_FORW: name:enp0s3: saddr:16783984: daddr:100932208
[  211.675560] AAAAA-TCP_FORW: name:enp0s3: saddr:16783984: daddr:100932208
[  211.775436] AAAAA-TCP_FORW: name:enp0s3: saddr:100932208: daddr:33561200
[  211.858929] AAAAA-TCP_FORW: name:enp0s3: saddr:16783984: daddr:100932208
[  212.172637] AAAAA-TCP_FORW: name:enp0s3: saddr:100932208: daddr:16783984
[  212.267850] AAAAA-TCP_FORW: name:enp0s3: saddr:100932208: daddr:16783984
[  212.709962] AAAAA-TCP_FORW: name:enp0s3: saddr:16783984: daddr:100932208
[  212.780146] AAAAA-TCP_FORW: name:enp0s3: saddr:100932208: daddr:16783984
[  212.880634] AAAAA-TCP_FORW: name:enp0s3: saddr:100932208: daddr:33561200
[  213.491643] AAAAA-TCP_FORW: name:enp0s3: saddr:33561200: daddr:100932208
[  213.547628] AAAAA-TCP_FORW: name:enp0s3: saddr:100932208: daddr:33561200
[  213.671636] AAAAA-TCP_FORW: name:enp0s3: saddr:16783984: daddr:100932208
[  213.771376] AAAAA-TCP_FORW: name:enp0s3: saddr:100932208: daddr:16783984
[  214.065394] AAAAA-TCP_FORW: name:enp0s3: saddr:16783984: daddr:100932208
[  214.074961] AAAAA-TCP_FORW: name:enp0s3: saddr:100932208: daddr:16783984
[  214.157437] AAAAA-TCP_FORW: name:enp0s3: saddr:33561200: daddr:100932208
[  214.185466] AAAAA-TCP_FORW: name:enp0s3: saddr:100932208: daddr:33561200
[  214.369290] AAAAA-TCP_FORW: name:enp0s3: saddr:33561200: daddr:100932208
[  214.602658] AAAAA-TCP_FORW: name:enp0s3: saddr:33561200: daddr:100932208
[  214.661842] AAAAA-TCP_FORW: name:enp0s3: saddr:16783984: daddr:100932208
[  214.691454] AAAAA-TCP_FORW: name:enp0s3: saddr:16783984: daddr:100932208
[  214.706710] AAAAA-TCP_FORW: name:enp0s3: saddr:100932208: daddr:16783984
[  214.755717] AAAAA-TCP_FORW: name:enp0s3: saddr:100932208: daddr:16783984
[  214.836304] AAAAA-TCP_FORW: name:enp0s3: saddr:33561200: daddr:100932208
[  215.042761] AAAAA-TCP_FORW: name:enp0s3: saddr:16783984: daddr:100932208
[  215.085439] AAAAA-TCP_FORW: name:enp0s3: saddr:100932208: daddr:16783984
[  215.107991] AAAAA-TCP_FORW: name:enp0s3: saddr:100932208: daddr:16783984
[  215.193304] AAAAA-TCP_FORW: name:enp0s3: saddr:16783984: daddr:100932208
[  215.257504] AAAAA-TCP_FORW: name:enp0s3: saddr:16783984: daddr:100932208
[  215.268738] AAAAA-TCP_FORW: name:enp0s3: saddr:100932208: daddr:33561200
[  215.316281] AAAAA-TCP_FORW: name:enp0s3: saddr:16783984: daddr:100932208
[  215.344305] AAAAA-TCP_FORW: name:enp0s3: saddr:100932208: daddr:16783984
[  215.421852] AAAAA-TCP_FORW: name:enp0s3: saddr:33561200: daddr:100932208
[  215.463363] AAAAA-TCP_FORW: name:enp0s3: saddr:100932208: daddr:33561200
[  215.521553] AAAAA-TCP_FORW: name:enp0s3: saddr:16783984: daddr:100932208
[  215.539104] AAAAA-TCP_FORW: name:enp0s3: saddr:100932208: daddr:16783984
[  215.580467] AAAAA-TCP_FORW: name:enp0s3: saddr:33561200: daddr:100932208
[  215.590691] AAAAA-TCP_FORW: name:enp0s3: saddr:100932208: daddr:16783984
[  215.610353] AAAAA-TCP_FORW: name:enp0s3: saddr:100932208: daddr:16783984
[  215.645755] AAAAA-TCP_FORW: name:enp0s3: saddr:100932208: daddr:16783984
[  215.677247] AAAAA-TCP_FORW: name:enp0s3: saddr:100932208: daddr:16783984
[  215.732507] AAAAA-TCP_FORW: name:enp0s3: saddr:100932208: daddr:16783984
[  215.746013] AAAAA-TCP_FORW: name:enp0s3: saddr:16783984: daddr:100932208
[  215.793520] AAAAA-TCP_FORW: name:enp0s3: saddr:100932208: daddr:16783984
[  215.805488] AAAAA-TCP_FORW: name:enp0s3: saddr:16783984: daddr:100932208
[  215.854183] AAAAA-TCP_FORW: name:enp0s3: saddr:100932208: daddr:16783984
[  215.866980] AAAAA-TCP_FORW: name:enp0s3: saddr:100932208: daddr:16783984
[  215.891035] AAAAA-TCP_FORW: name:enp0s3: saddr:16783984: daddr:100932208
[  215.911408] AAAAA-TCP_FORW: name:enp0s3: saddr:100932208: daddr:16783984
[  215.951851] AAAAA-TCP_FORW: name:enp0s3: saddr:100932208: daddr:16783984
[  216.031856] AAAAA-TCP_FORW: name:enp0s3: saddr:100932208: daddr:33561200
[  216.052422] AAAAA-TCP_FORW: name:enp0s3: saddr:16783984: daddr:100932208
[  216.077672] AAAAA-TCP_FORW: name:enp0s3: saddr:100932208: daddr:33561200
[  216.107675] AAAAA-TCP_FORW: name:enp0s3: saddr:16783984: daddr:100932208
[  216.109240] AAAAA-TCP_FORW: name:enp0s3: saddr:100932208: daddr:33561200
[  216.143189] AAAAA-TCP_FORW: name:enp0s3: saddr:100932208: daddr:33561200
[  216.182336] AAAAA-TCP_FORW: name:enp0s3: saddr:100932208: daddr:33561200
[  216.228818] AAAAA-TCP_FORW: name:enp0s3: saddr:100932208: daddr:33561200
[  216.237693] AAAAA-TCP_FORW: name:enp0s3: saddr:16783984: daddr:100932208
[  216.281766] AAAAA-TCP_FORW: name:enp0s3: saddr:100932208: daddr:33561200
[  216.301153] AAAAA-TCP_FORW: name:enp0s3: saddr:16783984: daddr:100932208
[  216.312767] AAAAA-TCP_FORW: name:enp0s3: saddr:100932208: daddr:33561200
[  216.357056] AAAAA-TCP_FORW: name:enp0s3: saddr:100932208: daddr:33561200
[  216.406340] AAAAA-TCP_FORW: name:enp0s3: saddr:100932208: daddr:33561200
[  216.420765] AAAAA-TCP_FORW: name:enp0s3: saddr:16783984: daddr:100932208
[  216.456655] AAAAA-TCP_FORW: name:enp0s3: saddr:100932208: daddr:16783984
[  216.473817] AAAAA-TCP_FORW: name:enp0s3: saddr:100932208: daddr:16783984
[  216.523983] AAAAA-TCP_FORW: name:enp0s3: saddr:100932208: daddr:33561200
[  216.560632] AAAAA-TCP_FORW: name:enp0s3: saddr:100932208: daddr:16783984
[  216.604904] AAAAA-TCP_FORW: name:enp0s3: saddr:100932208: daddr:16783984
[  216.665060] AAAAA-TCP_FORW: name:enp0s3: saddr:100932208: daddr:16783984
[  216.695820] AAAAA-TCP_FORW: name:enp0s3: saddr:16783984: daddr:100932208
[  216.712441] AAAAA-TCP_FORW: name:enp0s3: saddr:100932208: daddr:16783984
[  216.730309] AAAAA-TCP_FORW: name:enp0s3: saddr:16783984: daddr:100932208
[  216.804963] AAAAA-TCP_FORW: name:enp0s3: saddr:100932208: daddr:16783984
[  216.872405] AAAAA-TCP_FORW: name:enp0s3: saddr:100932208: daddr:16783984
[  216.914494] AAAAA-TCP_FORW: name:enp0s3: saddr:100932208: daddr:16783984
[  216.935454] AAAAA-TCP_FORW: name:enp0s3: saddr:33561200: daddr:100932208
[  216.982045] AAAAA-TCP_FORW: name:enp0s3: saddr:100932208: daddr:16783984
[  217.054392] AAAAA-TCP_FORW: name:enp0s3: saddr:100932208: daddr:33561200
[  217.175437] AAAAA-TCP_FORW: name:enp0s3: saddr:33561200: daddr:100932208
[  217.183812] AAAAA-TCP_FORW: name:enp0s3: saddr:100932208: daddr:16783984
[  217.303160] AAAAA-TCP_FORW: name:enp0s3: saddr:33561200: daddr:100932208
[  217.384239] AAAAA-TCP_FORW: name:enp0s3: saddr:100932208: daddr:16783984
[  217.418331] AAAAA-TCP_FORW: name:enp0s3: saddr:33561200: daddr:100932208
[  217.446513] AAAAA-TCP_FORW: name:enp0s3: saddr:100932208: daddr:16783984
[  217.474051] AAAAA-TCP_FORW: name:enp0s3: saddr:100932208: daddr:16783984
[  217.524921] AAAAA-TCP_FORW: name:enp0s3: saddr:100932208: daddr:16783984
[  217.574007] AAAAA-TCP_FORW: name:enp0s3: saddr:100932208: daddr:16783984
[  217.583282] AAAAA-TCP_FORW: name:enp0s3: saddr:33561200: daddr:100932208
[  217.754971] AAAAA-TCP_FORW: name:enp0s3: saddr:33561200: daddr:100932208
[  217.822323] AAAAA-TCP_FORW: name:enp0s3: saddr:33561200: daddr:100932208
[  217.835760] AAAAA-TCP_FORW: name:enp0s3: saddr:100932208: daddr:16783984
[  217.879420] AAAAA-TCP_FORW: name:enp0s3: saddr:100932208: daddr:16783984
[  217.905417] AAAAA-TCP_FORW: name:enp0s3: saddr:33561200: daddr:100932208
[  217.979359] AAAAA-TCP_FORW: name:enp0s3: saddr:100932208: daddr:33561200
[  218.028745] AAAAA-TCP_FORW: name:enp0s3: saddr:100932208: daddr:16783984
[  218.040927] AAAAA-TCP_FORW: name:enp0s3: saddr:33561200: daddr:100932208
[  218.063498] AAAAA-TCP_FORW: name:enp0s3: saddr:100932208: daddr:16783984
[  218.111021] AAAAA-TCP_FORW: name:enp0s3: saddr:100932208: daddr:33561200
[  218.168242] AAAAA-TCP_FORW: name:enp0s3: saddr:33561200: daddr:100932208
[  218.184042] AAAAA-TCP_FORW: name:enp0s3: saddr:100932208: daddr:33561200
[  218.241821] AAAAA-TCP_FORW: name:enp0s3: saddr:100932208: daddr:33561200
[  218.304354] AAAAA-TCP_FORW: name:enp0s3: saddr:100932208: daddr:33561200
[  218.337650] AAAAA-TCP_FORW: name:enp0s3: saddr:100932208: daddr:33561200
[  218.347709] AAAAA-TCP_FORW: name:enp0s3: saddr:16783984: daddr:100932208
[  218.380195] AAAAA-TCP_FORW: name:enp0s3: saddr:16783984: daddr:100932208
[  218.401024] AAAAA-TCP_FORW: name:enp0s3: saddr:100932208: daddr:33561200
[  218.452699] AAAAA-TCP_FORW: name:enp0s3: saddr:100932208: daddr:33561200
[  218.501193] AAAAA-TCP_FORW: name:enp0s3: saddr:100932208: daddr:33561200
[  218.549792] AAAAA-TCP_FORW: name:enp0s3: saddr:33561200: daddr:100932208
[  218.625507] AAAAA-TCP_FORW: name:enp0s3: saddr:16783984: daddr:100932208
[  218.637879] AAAAA-TCP_FORW: name:enp0s3: saddr:100932208: daddr:33561200
[  218.660098] AAAAA-TCP_FORW: name:enp0s3: saddr:16783984: daddr:100932208
[  218.688693] AAAAA-TCP_FORW: name:enp0s3: saddr:100932208: daddr:33561200
[  218.739267] AAAAA-TCP_FORW: name:enp0s3: saddr:16783984: daddr:100932208
[  218.776873] AAAAA-TCP_FORW: name:enp0s3: saddr:100932208: daddr:33561200
[  218.816493] AAAAA-TCP_FORW: name:enp0s3: saddr:100932208: daddr:33561200
[  218.847845] AAAAA-TCP_FORW: name:enp0s3: saddr:16783984: daddr:100932208
[  218.947926] AAAAA-TCP_FORW: name:enp0s3: saddr:100932208: daddr:33561200
[  218.965344] AAAAA-TCP_FORW: name:enp0s3: saddr:16783984: daddr:100932208
[  218.974687] AAAAA-TCP_FORW: name:enp0s3: saddr:100932208: daddr:33561200
[  219.046872] AAAAA-TCP_FORW: name:enp0s3: saddr:16783984: daddr:100932208
[  219.082064] AAAAA-TCP_FORW: name:enp0s3: saddr:16783984: daddr:100932208
[  219.097438] AAAAA-TCP_FORW: name:enp0s3: saddr:100932208: daddr:33561200
[  219.136266] AAAAA-TCP_FORW: name:enp0s3: saddr:100932208: daddr:33561200
[  219.182635] AAAAA-TCP_FORW: name:enp0s3: saddr:100932208: daddr:33561200
[  219.251951] AAAAA-TCP_FORW: name:enp0s3: saddr:100932208: daddr:33561200
[  219.269171] AAAAA-TCP_FORW: name:enp0s3: saddr:100932208: daddr:33561200
[  219.293396] AAAAA-TCP_FORW: name:enp0s3: saddr:16783984: daddr:100932208
[  219.321401] AAAAA-TCP_FORW: name:enp0s3: saddr:33561200: daddr:100932208
[  219.403062] AAAAA-TCP_FORW: name:enp0s3: saddr:16783984: daddr:100932208
[  219.439166] AAAAA-TCP_FORW: name:enp0s3: saddr:16783984: daddr:100932208
[  219.460987] AAAAA-TCP_FORW: name:enp0s3: saddr:16783984: daddr:100932208
[  219.476739] AAAAA-TCP_FORW: name:enp0s3: saddr:100932208: daddr:33561200
[  219.496641] AAAAA-TCP_FORW: name:enp0s3: saddr:100932208: daddr:16783984
[  219.552437] AAAAA-TCP_FORW: name:enp0s3: saddr:100932208: daddr:16783984
[  219.589779] AAAAA-TCP_FORW: name:enp0s3: saddr:100932208: daddr:16783984
[  219.608525] AAAAA-TCP_FORW: name:enp0s3: saddr:16783984: daddr:100932208
[  219.667421] AAAAA-TCP_FORW: name:enp0s3: saddr:100932208: daddr:16783984
[  219.735240] AAAAA-TCP_FORW: name:enp0s3: saddr:16783984: daddr:100932208
[  219.801191] AAAAA-TCP_FORW: name:enp0s3: saddr:16783984: daddr:100932208
[  220.317777] AAAAA-TCP_FORW: name:enp0s3: saddr:16783984: daddr:100932208
[  220.767570] AAAAA-TCP_FORW: name:enp0s3: saddr:33561200: daddr:100932208
[  220.822499] AAAAA-TCP_FORW: name:enp0s3: saddr:16783984: daddr:100932208
[  221.262010] AAAAA-TCP_FORW: name:enp0s3: saddr:33561200: daddr:100932208
[  221.346854] AAAAA-TCP_FORW: name:enp0s3: saddr:16783984: daddr:100932208
[  221.443066] AAAAA-TCP_FORW: name:enp0s3: saddr:33561200: daddr:100932208
[  221.664114] AAAAA-TCP_FORW: name:enp0s3: saddr:33561200: daddr:100932208
[  221.835262] AAAAA-TCP_FORW: name:enp0s3: saddr:33561200: daddr:100932208
[  221.866523] AAAAA-TCP_FORW: name:enp0s3: saddr:16783984: daddr:100932208
[  222.042698] AAAAA-TCP_FORW: name:enp0s3: saddr:33561200: daddr:100932208
[  222.267903] AAAAA-TCP_FORW: name:enp0s3: saddr:16783984: daddr:100932208
[  222.319866] AAAAA-TCP_FORW: name:enp0s3: saddr:16783984: daddr:100932208
[  222.466397] AAAAA-TCP_FORW: name:enp0s3: saddr:16783984: daddr:100932208
[  222.769376] AAAAA-TCP_FORW: name:enp0s3: saddr:16783984: daddr:100932208
[  222.938532] AAAAA-TCP_FORW: name:enp0s3: saddr:16783984: daddr:100932208
[  223.058589] AAAAA-TCP_FORW: name:enp0s3: saddr:33561200: daddr:100932208
[  223.149824] AAAAA-TCP_FORW: name:enp0s3: saddr:16783984: daddr:100932208
[  223.375916] AAAAA-TCP_FORW: name:enp0s3: saddr:33561200: daddr:100932208
[  223.420931] AAAAA-TCP_FORW: name:enp0s3: saddr:33561200: daddr:100932208
[  223.516191] AAAAA-TCP_FORW: name:enp0s3: saddr:16783984: daddr:100932208
[  223.612504] AAAAA-TCP_FORW: name:enp0s3: saddr:16783984: daddr:100932208
[  223.679833] AAAAA-TCP_FORW: name:enp0s3: saddr:16783984: daddr:100932208
[  223.747768] AAAAA-TCP_FORW: name:enp0s3: saddr:16783984: daddr:100932208
[  223.950505] AAAAA-TCP_FORW: name:enp0s3: saddr:33561200: daddr:100932208
[  224.072424] AAAAA-TCP_FORW: name:enp0s3: saddr:16783984: daddr:100932208
[  224.222266] AAAAA-TCP_FORW: name:enp0s3: saddr:16783984: daddr:100932208
[  224.411380] AAAAA-TCP_FORW: name:enp0s3: saddr:33561200: daddr:100932208
[  224.459378] AAAAA-TCP_FORW: name:enp0s3: saddr:33561200: daddr:100932208
[  224.731726] AAAAA-TCP_FORW: name:enp0s3: saddr:16783984: daddr:100932208
[  224.771001] AAAAA-TCP_FORW: name:enp0s3: saddr:33561200: daddr:100932208
[  224.816766] AAAAA-TCP_FORW: name:enp0s3: saddr:16783984: daddr:100932208
[  224.878729] AAAAA-TCP_FORW: name:enp0s3: saddr:16783984: daddr:100932208
[  224.919034] AAAAA-TCP_FORW: name:enp0s3: saddr:33561200: daddr:100932208
[  224.982125] AAAAA-TCP_FORW: name:enp0s3: saddr:16783984: daddr:100932208
[  224.984439] AAAAA-TCP_FORW: name:enp0s3: saddr:33561200: daddr:100932208
[  225.109191] AAAAA-TCP_FORW: name:enp0s3: saddr:16783984: daddr:100932208
[  225.167991] AAAAA-TCP_FORW: name:enp0s3: saddr:33561200: daddr:100932208
[  225.198874] AAAAA-TCP_FORW: name:enp0s3: saddr:33561200: daddr:100932208
[  225.262495] AAAAA-TCP_FORW: name:enp0s3: saddr:33561200: daddr:100932208
[  225.370595] AAAAA-TCP_FORW: name:enp0s3: saddr:16783984: daddr:100932208
[  225.423552] AAAAA-TCP_FORW: name:enp0s3: saddr:16783984: daddr:100932208
[  225.435352] AAAAA-TCP_FORW: name:enp0s3: saddr:33561200: daddr:100932208
[  225.506226] AAAAA-TCP_FORW: name:enp0s3: saddr:16783984: daddr:100932208
[  225.550272] AAAAA-TCP_FORW: name:enp0s3: saddr:33561200: daddr:100932208
[  225.581716] AAAAA-TCP_FORW: name:enp0s3: saddr:33561200: daddr:100932208
[  225.629508] AAAAA-TCP_FORW: name:enp0s3: saddr:33561200: daddr:100932208
[  225.699489] AAAAA-TCP_FORW: name:enp0s3: saddr:16783984: daddr:100932208
[  225.748956] AAAAA-TCP_FORW: name:enp0s3: saddr:33561200: daddr:100932208
[  225.788639] AAAAA-TCP_FORW: name:enp0s3: saddr:33561200: daddr:100932208
[  225.813740] AAAAA-TCP_FORW: name:enp0s3: saddr:33561200: daddr:100932208
[  225.842508] AAAAA-TCP_FORW: name:enp0s3: saddr:33561200: daddr:100932208
[  225.889565] AAAAA-TCP_FORW: name:enp0s3: saddr:16783984: daddr:100932208
[  225.918689] AAAAA-TCP_FORW: name:enp0s3: saddr:33561200: daddr:100932208
[  225.942853] AAAAA-TCP_FORW: name:enp0s3: saddr:16783984: daddr:100932208
[  225.989087] AAAAA-TCP_FORW: name:enp0s3: saddr:33561200: daddr:100932208
[  226.016540] AAAAA-TCP_FORW: name:enp0s3: saddr:16783984: daddr:100932208
[  226.044025] AAAAA-TCP_FORW: name:enp0s3: saddr:16783984: daddr:100932208
[  226.095611] AAAAA-TCP_FORW: name:enp0s3: saddr:33561200: daddr:100932208
[  226.121138] AAAAA-TCP_FORW: name:enp0s3: saddr:16783984: daddr:100932208
[  226.146425] AAAAA-TCP_FORW: name:enp0s3: saddr:16783984: daddr:100932208
[  226.528166] AAAAA-TCP_FORW: name:enp0s3: saddr:16783984: daddr:100932208
[  226.555895] AAAAA-TCP_FORW: name:enp0s3: saddr:16783984: daddr:100932208
[  226.599267] AAAAA-TCP_FORW: name:enp0s3: saddr:33561200: daddr:100932208
[  226.624632] AAAAA-TCP_FORW: name:enp0s3: saddr:33561200: daddr:100932208
[  226.653161] AAAAA-TCP_FORW: name:enp0s3: saddr:16783984: daddr:100932208
[  226.669329] AAAAA-TCP_FORW: name:enp0s3: saddr:33561200: daddr:100932208
[  226.775006] AAAAA-TCP_FORW: name:enp0s3: saddr:33561200: daddr:100932208
[  226.804825] AAAAA-TCP_FORW: name:enp0s3: saddr:33561200: daddr:100932208
[  226.834644] AAAAA-TCP_FORW: name:enp0s3: saddr:33561200: daddr:100932208
[  226.874498] AAAAA-TCP_FORW: name:enp0s3: saddr:16783984: daddr:100932208
[  226.901786] AAAAA-TCP_FORW: name:enp0s3: saddr:16783984: daddr:100932208
[  226.946727] AAAAA-TCP_FORW: name:enp0s3: saddr:16783984: daddr:100932208
[  226.976644] AAAAA-TCP_FORW: name:enp0s3: saddr:33561200: daddr:100932208
[  247.727452] AAAAA-TCP_FORW: name:enp0s3: saddr:33561200: daddr:100932208
[  248.001284] AAAAA-TCP_FORW: name:enp0s3: saddr:33561200: daddr:100932208
[  248.073594] AAAAA-TCP_FORW: name:enp0s3: saddr:33561200: daddr:100932208
[  248.291764] AAAAA-TCP_FORW: name:enp0s3: saddr:33561200: daddr:100932208
[  248.355337] AAAAA-TCP_FORW: name:enp0s3: saddr:33561200: daddr:100932208
[  248.573221] AAAAA-TCP_FORW: name:enp0s3: saddr:33561200: daddr:100932208
[  248.630888] AAAAA-TCP_FORW: name:enp0s3: saddr:33561200: daddr:100932208
[  248.750937] AAAAA-TCP_FORW: name:enp0s3: saddr:33561200: daddr:100932208
[  248.954952] AAAAA-TCP_FORW: name:enp0s3: saddr:33561200: daddr:100932208
[  249.061882] AAAAA-TCP_FORW: name:enp0s3: saddr:33561200: daddr:100932208
[  249.162179] AAAAA-TCP_FORW: name:enp0s3: saddr:33561200: daddr:100932208
[  249.235332] AAAAA-TCP_FORW: name:enp0s3: saddr:33561200: daddr:100932208
[  249.328603] AAAAA-TCP_FORW: name:enp0s3: saddr:33561200: daddr:100932208
[  249.568629] AAAAA-TCP_FORW: name:enp0s3: saddr:33561200: daddr:100932208
[  249.662752] AAAAA-TCP_FORW: name:enp0s3: saddr:33561200: daddr:100932208
[  249.774203] AAAAA-TCP_FORW: name:enp0s3: saddr:33561200: daddr:100932208
[  249.887243] AAAAA-TCP_FORW: name:enp0s3: saddr:33561200: daddr:100932208
[  250.020518] AAAAA-TCP_FORW: name:enp0s3: saddr:33561200: daddr:100932208
[  250.100974] AAAAA-TCP_FORW: name:enp0s3: saddr:33561200: daddr:100932208
[  250.148557] AAAAA-TCP_FORW: name:enp0s3: saddr:33561200: daddr:100932208
[  250.234878] AAAAA-TCP_FORW: name:enp0s3: saddr:33561200: daddr:100932208
[  250.409482] AAAAA-TCP_FORW: name:enp0s3: saddr:33561200: daddr:100932208
[  250.652113] AAAAA-TCP_FORW: name:enp0s3: saddr:33561200: daddr:100932208
[  250.750026] AAAAA-TCP_FORW: name:enp0s3: saddr:33561200: daddr:100932208
[  250.956739] AAAAA-TCP_FORW: name:enp0s3: saddr:33561200: daddr:100932208
[  251.128885] AAAAA-TCP_FORW: name:enp0s3: saddr:16783984: daddr:100932208
[  251.542061] AAAAA-TCP_FORW: name:enp0s3: saddr:16783984: daddr:100932208
[  251.754307] AAAAA-TCP_FORW: name:enp0s3: saddr:16783984: daddr:100932208
[  251.986407] AAAAA-TCP_FORW: name:enp0s3: saddr:16783984: daddr:100932208
[  252.018187] AAAAA-TCP_FORW: name:enp0s3: saddr:100932208: daddr:33561200
[  252.069725] AAAAA-TCP_FORW: name:enp0s3: saddr:100932208: daddr:33561200
[  252.162803] AAAAA-TCP_FORW: name:enp0s3: saddr:33561200: daddr:100932208
[  252.169908] AAAAA-TCP_FORW: name:enp0s3: saddr:100932208: daddr:33561200
[  252.265538] AAAAA-TCP_FORW: name:enp0s3: saddr:100932208: daddr:33561200
[  252.359031] AAAAA-TCP_FORW: name:enp0s3: saddr:33561200: daddr:100932208
[  252.370899] AAAAA-TCP_FORW: name:enp0s3: saddr:100932208: daddr:33561200
[  252.402360] AAAAA-TCP_FORW: name:enp0s3: saddr:16783984: daddr:100932208
[  252.415674] AAAAA-TCP_FORW: name:enp0s3: saddr:100932208: daddr:33561200
[  252.453823] AAAAA-TCP_FORW: name:enp0s3: saddr:100932208: daddr:33561200
[  252.523107] AAAAA-TCP_FORW: name:enp0s3: saddr:100932208: daddr:33561200
[  252.531523] AAAAA-TCP_FORW: name:enp0s3: saddr:16783984: daddr:100932208
[  252.569617] AAAAA-TCP_FORW: name:enp0s3: saddr:100932208: daddr:33561200
[  252.642908] AAAAA-TCP_FORW: name:enp0s3: saddr:16783984: daddr:100932208
[  252.675675] AAAAA-TCP_FORW: name:enp0s3: saddr:100932208: daddr:33561200
[  252.877015] AAAAA-TCP_FORW: name:enp0s3: saddr:100932208: daddr:33561200
[  252.929969] AAAAA-TCP_FORW: name:enp0s3: saddr:100932208: daddr:33561200
[  252.964022] AAAAA-TCP_FORW: name:enp0s3: saddr:16783984: daddr:100932208
[  252.996740] AAAAA-TCP_FORW: name:enp0s3: saddr:100932208: daddr:33561200
[  253.043290] AAAAA-TCP_FORW: name:enp0s3: saddr:100932208: daddr:16783984
[  253.167426] AAAAA-TCP_FORW: name:enp0s3: saddr:100932208: daddr:16783984
[  253.232120] AAAAA-TCP_FORW: name:enp0s3: saddr:16783984: daddr:100932208
[  253.291166] AAAAA-TCP_FORW: name:enp0s3: saddr:100932208: daddr:16783984
[  253.373097] AAAAA-TCP_FORW: name:enp0s3: saddr:100932208: daddr:16783984
[  253.383783] AAAAA-TCP_FORW: name:enp0s3: saddr:16783984: daddr:100932208
[  253.411530] AAAAA-TCP_FORW: name:enp0s3: saddr:100932208: daddr:33561200
[  253.485669] AAAAA-TCP_FORW: name:enp0s3: saddr:100932208: daddr:33561200
[  253.524742] AAAAA-TCP_FORW: name:enp0s3: saddr:100932208: daddr:16783984
[  253.552145] AAAAA-TCP_FORW: name:enp0s3: saddr:16783984: daddr:100932208
[  253.568499] AAAAA-TCP_FORW: name:enp0s3: saddr:100932208: daddr:16783984
[  253.579829] AAAAA-TCP_FORW: name:enp0s3: saddr:100932208: daddr:33561200
[  253.605371] AAAAA-TCP_FORW: name:enp0s3: saddr:100932208: daddr:33561200
[  253.627454] AAAAA-TCP_FORW: name:enp0s3: saddr:100932208: daddr:16783984
[  253.706623] AAAAA-TCP_FORW: name:enp0s3: saddr:100932208: daddr:33561200
[  253.757255] AAAAA-TCP_FORW: name:enp0s3: saddr:100932208: daddr:16783984
[  253.808527] AAAAA-TCP_FORW: name:enp0s3: saddr:100932208: daddr:33561200
[  253.820639] AAAAA-TCP_FORW: name:enp0s3: saddr:16783984: daddr:100932208
[  253.847365] AAAAA-TCP_FORW: name:enp0s3: saddr:100932208: daddr:33561200
[  253.857127] AAAAA-TCP_FORW: name:enp0s3: saddr:100932208: daddr:33561200
[  253.972223] AAAAA-TCP_FORW: name:enp0s3: saddr:33561200: daddr:100932208
[  253.984126] AAAAA-TCP_FORW: name:enp0s3: saddr:100932208: daddr:33561200
[  254.221620] AAAAA-TCP_FORW: name:enp0s3: saddr:33561200: daddr:100932208
[  254.299529] AAAAA-TCP_FORW: name:enp0s3: saddr:33561200: daddr:100932208
[  255.178777] AAAAA-TCP_FORW: name:enp0s3: saddr:33561200: daddr:100932208
[  255.297104] AAAAA-TCP_FORW: name:enp0s3: saddr:16783984: daddr:100932208
[  255.352412] AAAAA-TCP_FORW: name:enp0s3: saddr:33561200: daddr:100932208
[  255.482220] AAAAA-TCP_FORW: name:enp0s3: saddr:16783984: daddr:100932208
[  255.800589] AAAAA-TCP_FORW: name:enp0s3: saddr:16783984: daddr:100932208
[  256.472631] AAAAA-TCP_FORW: name:enp0s3: saddr:33561200: daddr:100932208
[  256.886037] AAAAA-TCP_FORW: name:enp0s3: saddr:33561200: daddr:100932208
[  257.482800] AAAAA-TCP_FORW: name:enp0s3: saddr:16783984: daddr:100932208
[  257.603671] AAAAA-TCP_FORW: name:enp0s3: saddr:33561200: daddr:100932208
[  257.764464] AAAAA-TCP_FORW: name:enp0s3: saddr:16783984: daddr:100932208
[  257.962334] AAAAA-TCP_FORW: name:enp0s3: saddr:16783984: daddr:100932208
[  258.116342] AAAAA-TCP_FORW: name:enp0s3: saddr:33561200: daddr:100932208
[  258.172358] AAAAA-TCP_FORW: name:enp0s3: saddr:33561200: daddr:100932208
[  258.360328] AAAAA-TCP_FORW: name:enp0s3: saddr:33561200: daddr:100932208
[  258.425455] AAAAA-TCP_FORW: name:enp0s3: saddr:33561200: daddr:100932208
[  258.542784] AAAAA-TCP_FORW: name:enp0s3: saddr:33561200: daddr:100932208
[  258.547490] AAAAA-TCP_FORW: name:enp0s3: saddr:33561200: daddr:100932208
[  259.160255] AAAAA-TCP_FORW: name:enp0s3: saddr:33561200: daddr:100932208
[  259.267204] AAAAA-TCP_FORW: name:enp0s3: saddr:33561200: daddr:100932208
[  259.302011] AAAAA-TCP_FORW: name:enp0s3: saddr:33561200: daddr:100932208
[  259.385995] AAAAA-TCP_FORW: name:enp0s3: saddr:33561200: daddr:100932208
[  259.511209] AAAAA-TCP_FORW: name:enp0s3: saddr:33561200: daddr:100932208
[  259.563834] AAAAA-TCP_FORW: name:enp0s3: saddr:33561200: daddr:100932208
[  259.635997] AAAAA-TCP_FORW: name:enp0s3: saddr:33561200: daddr:100932208
[  259.704215] AAAAA-TCP_FORW: name:enp0s3: saddr:16783984: daddr:100932208
[  259.750476] AAAAA-TCP_FORW: name:enp0s3: saddr:16783984: daddr:100932208
[  260.092220] AAAAA-TCP_FORW: name:enp0s3: saddr:16783984: daddr:100932208
[  260.178141] AAAAA-TCP_FORW: name:enp0s3: saddr:16783984: daddr:100932208
[  260.279395] AAAAA-TCP_FORW: name:enp0s3: saddr:33561200: daddr:100932208
[  260.343187] AAAAA-TCP_FORW: name:enp0s3: saddr:33561200: daddr:100932208
[  260.630454] AAAAA-TCP_FORW: name:enp0s3: saddr:16783984: daddr:100932208
[  260.692678] AAAAA-TCP_FORW: name:enp0s3: saddr:16783984: daddr:100932208
[  260.783666] AAAAA-TCP_FORW: name:enp0s3: saddr:33561200: daddr:100932208
[  261.162495] AAAAA-TCP_FORW: name:enp0s3: saddr:33561200: daddr:100932208
[  261.343803] AAAAA-TCP_FORW: name:enp0s3: saddr:16783984: daddr:100932208
[  261.454119] AAAAA-TCP_FORW: name:enp0s3: saddr:33561200: daddr:100932208
[  261.458947] AAAAA-TCP_FORW: name:enp0s3: saddr:33561200: daddr:100932208
[  261.551661] AAAAA-TCP_FORW: name:enp0s3: saddr:16783984: daddr:100932208
[  261.619983] AAAAA-TCP_FORW: name:enp0s3: saddr:33561200: daddr:100932208
[  261.701716] AAAAA-TCP_FORW: name:enp0s3: saddr:33561200: daddr:100932208
[  261.816602] AAAAA-TCP_FORW: name:enp0s3: saddr:33561200: daddr:100932208
[  261.890607] AAAAA-TCP_FORW: name:enp0s3: saddr:33561200: daddr:100932208
[  314.632282] AAAAA-TCP_FORW: name:enp0s3: saddr:16783984: daddr:100932208
[  314.957976] AAAAA-TCP_FORW: name:enp0s3: saddr:16783984: daddr:100932208
[  315.024725] AAAAA-TCP_FORW: name:enp0s3: saddr:16783984: daddr:100932208
[  315.384499] AAAAA-TCP_FORW: name:enp0s3: saddr:16783984: daddr:100932208
[  316.050527] AAAAA-TCP_FORW: name:enp0s3: saddr:16783984: daddr:100932208
[  316.124182] AAAAA-TCP_FORW: name:enp0s3: saddr:16783984: daddr:100932208
[  316.194211] AAAAA-TCP_FORW: name:enp0s3: saddr:16783984: daddr:100932208
[  316.350046] AAAAA-TCP_FORW: name:enp0s3: saddr:16783984: daddr:100932208
[  316.541575] AAAAA-TCP_FORW: name:enp0s3: saddr:16783984: daddr:100932208
[  316.648231] AAAAA-TCP_FORW: name:enp0s3: saddr:16783984: daddr:100932208
[  316.726524] AAAAA-TCP_FORW: name:enp0s3: saddr:16783984: daddr:100932208
[  316.866631] AAAAA-TCP_FORW: name:enp0s3: saddr:16783984: daddr:100932208
[  346.050341] AAAAA-TCP_FORW: name:enp0s3: saddr:100932208: daddr:33561200
[  346.206284] AAAAA-TCP_FORW: name:enp0s3: saddr:100932208: daddr:33561200
[  346.360258] AAAAA-TCP_FORW: name:enp0s3: saddr:100932208: daddr:33561200
[  346.545962] AAAAA-TCP_FORW: name:enp0s3: saddr:100932208: daddr:33561200
[  346.728337] AAAAA-TCP_FORW: name:enp0s3: saddr:100932208: daddr:33561200
[  346.892550] AAAAA-TCP_FORW: name:enp0s3: saddr:100932208: daddr:33561200
[  346.997883] AAAAA-TCP_FORW: name:enp0s3: saddr:100932208: daddr:33561200
[  347.107361] AAAAA-TCP_FORW: name:enp0s3: saddr:100932208: daddr:33561200
[  347.200989] AAAAA-TCP_FORW: name:enp0s3: saddr:100932208: daddr:33561200
[  347.316301] AAAAA-TCP_FORW: name:enp0s3: saddr:100932208: daddr:33561200
[  347.440416] AAAAA-TCP_FORW: name:enp0s3: saddr:100932208: daddr:33561200
[  347.591712] AAAAA-TCP_FORW: name:enp0s3: saddr:100932208: daddr:33561200
[  347.714115] AAAAA-TCP_FORW: name:enp0s3: saddr:100932208: daddr:33561200
[  347.813115] AAAAA-TCP_FORW: name:enp0s3: saddr:100932208: daddr:33561200
[  347.846431] AAAAA-TCP_FORW: name:enp0s3: saddr:100932208: daddr:33561200
[  347.936137] AAAAA-TCP_FORW: name:enp0s3: saddr:100932208: daddr:33561200
[  348.028166] AAAAA-TCP_FORW: name:enp0s3: saddr:100932208: daddr:33561200
[  348.104257] AAAAA-TCP_FORW: name:enp0s3: saddr:100932208: daddr:33561200
[  348.186039] AAAAA-TCP_FORW: name:enp0s3: saddr:100932208: daddr:33561200
[  348.254369] AAAAA-TCP_FORW: name:enp0s3: saddr:100932208: daddr:33561200
[  348.345572] AAAAA-TCP_FORW: name:enp0s3: saddr:100932208: daddr:33561200
[  348.435721] AAAAA-TCP_FORW: name:enp0s3: saddr:100932208: daddr:33561200
[  348.482851] AAAAA-TCP_FORW: name:enp0s3: saddr:100932208: daddr:33561200
[  348.545215] AAAAA-TCP_FORW: name:enp0s3: saddr:100932208: daddr:33561200
[  348.626979] AAAAA-TCP_FORW: name:enp0s3: saddr:100932208: daddr:33561200
[  348.736567] AAAAA-TCP_FORW: name:enp0s3: saddr:100932208: daddr:16783984
[  349.272564] AAAAA-TCP_FORW: name:enp0s3: saddr:100932208: daddr:33561200
[  349.328391] AAAAA-TCP_FORW: name:enp0s3: saddr:100932208: daddr:16783984
[  349.422315] AAAAA-TCP_FORW: name:enp0s3: saddr:100932208: daddr:33561200
[  349.454395] AAAAA-TCP_FORW: name:enp0s3: saddr:100932208: daddr:16783984
[  349.523079] AAAAA-TCP_FORW: name:enp0s3: saddr:100932208: daddr:16783984
[  349.642445] AAAAA-TCP_FORW: name:enp0s3: saddr:100932208: daddr:33561200
[  349.741632] AAAAA-TCP_FORW: name:enp0s3: saddr:100932208: daddr:33561200
[  349.788924] AAAAA-TCP_FORW: name:enp0s3: saddr:100932208: daddr:33561200
[  349.856866] AAAAA-TCP_FORW: name:enp0s3: saddr:100932208: daddr:33561200
[  349.982630] AAAAA-TCP_FORW: name:enp0s3: saddr:100932208: daddr:33561200
[  350.079909] AAAAA-TCP_FORW: name:enp0s3: saddr:100932208: daddr:33561200
[  350.136689] AAAAA-TCP_FORW: name:enp0s3: saddr:100932208: daddr:33561200
[  350.193892] AAAAA-TCP_FORW: name:enp0s3: saddr:100932208: daddr:33561200
[  350.911470] AAAAA-TCP_FORW: name:enp0s3: saddr:33561200: daddr:100932208
[  351.145027] AAAAA-TCP_FORW: name:enp0s3: saddr:33561200: daddr:100932208
[  351.364222] AAAAA-TCP_FORW: name:enp0s3: saddr:33561200: daddr:100932208
[  351.434503] AAAAA-TCP_FORW: name:enp0s3: saddr:33561200: daddr:100932208
[  351.504389] AAAAA-TCP_FORW: name:enp0s3: saddr:33561200: daddr:100932208
[  351.741019] AAAAA-TCP_FORW: name:enp0s3: saddr:33561200: daddr:100932208
[  352.043912] AAAAA-TCP_FORW: name:enp0s3: saddr:33561200: daddr:100932208
[  352.337031] AAAAA-TCP_FORW: name:enp0s3: saddr:33561200: daddr:100932208
[  352.508280] AAAAA-TCP_FORW: name:enp0s3: saddr:33561200: daddr:100932208
[  352.599304] AAAAA-TCP_FORW: name:enp0s3: saddr:33561200: daddr:100932208
[  352.973416] AAAAA-TCP_FORW: name:enp0s3: saddr:33561200: daddr:100932208
[  353.031719] AAAAA-TCP_FORW: name:enp0s3: saddr:33561200: daddr:100932208
[  353.100826] AAAAA-TCP_FORW: name:enp0s3: saddr:33561200: daddr:100932208
[  353.203270] AAAAA-TCP_FORW: name:enp0s3: saddr:33561200: daddr:100932208
[  353.297031] AAAAA-TCP_FORW: name:enp0s3: saddr:33561200: daddr:100932208
[  353.421216] AAAAA-TCP_FORW: name:enp0s3: saddr:16783984: daddr:100932208
[  353.507937] AAAAA-TCP_FORW: name:enp0s3: saddr:16783984: daddr:100932208
[  353.575293] AAAAA-TCP_FORW: name:enp0s3: saddr:16783984: daddr:100932208
[  353.633077] AAAAA-TCP_FORW: name:enp0s3: saddr:33561200: daddr:100932208
[  353.943348] AAAAA-TCP_FORW: name:enp0s3: saddr:16783984: daddr:100932208
[  354.175484] AAAAA-TCP_FORW: name:enp0s3: saddr:33561200: daddr:100932208
[  354.475740] AAAAA-TCP_FORW: name:enp0s3: saddr:16783984: daddr:100932208
[  354.597468] AAAAA-TCP_FORW: name:enp0s3: saddr:16783984: daddr:100932208
[  354.633761] AAAAA-TCP_FORW: name:enp0s3: saddr:16783984: daddr:100932208
[  354.813987] AAAAA-TCP_FORW: name:enp0s3: saddr:33561200: daddr:100932208
[  355.027312] AAAAA-TCP_FORW: name:enp0s3: saddr:33561200: daddr:100932208
[  355.317444] AAAAA-TCP_FORW: name:enp0s3: saddr:16783984: daddr:100932208
[  355.532746] AAAAA-TCP_FORW: name:enp0s3: saddr:33561200: daddr:100932208
[  562.065037] rfkill: input handler enabled
[  570.527333] rfkill: input handler disabled
[  775.485340] device enp0s3 left promiscuous mode
