[    0.000000] Linux version 5.4.243-mptcp (root@ztg) (gcc version 12.2.0 (Debian 12.2.0-14+deb12u1)) #53 SMP Wed Dec 24 23:28:15 CST 2025
[    0.000000] Command line: BOOT_IMAGE=/boot/vmlinuz-5.4.243-mptcp root=UUID=98415a12-53b7-4144-8265-0f7ece09e445 ro quiet splash
[    0.000000] KERNEL supported cpus:
[    0.000000]   Intel GenuineIntel
[    0.000000]   AMD AuthenticAMD
[    0.000000]   Hygon HygonGenuine
[    0.000000]   Centaur CentaurHauls
[    0.000000]   zhaoxin   Shanghai  
[    0.000000] x86/fpu: Supporting XSAVE feature 0x001: 'x87 floating point registers'
[    0.000000] x86/fpu: Supporting XSAVE feature 0x002: 'SSE registers'
[    0.000000] x86/fpu: Supporting XSAVE feature 0x004: 'AVX registers'
[    0.000000] x86/fpu: xstate_offset[2]:  576, xstate_sizes[2]:  256
[    0.000000] x86/fpu: Enabled xstate features 0x7, context size is 832 bytes, using 'standard' format.
[    0.000000] BIOS-provided physical RAM map:
[    0.000000] BIOS-e820: [mem 0x0000000000000000-0x000000000009fbff] usable
[    0.000000] BIOS-e820: [mem 0x000000000009fc00-0x000000000009ffff] reserved
[    0.000000] BIOS-e820: [mem 0x00000000000f0000-0x00000000000fffff] reserved
[    0.000000] BIOS-e820: [mem 0x0000000000100000-0x000000007ffeffff] usable
[    0.000000] BIOS-e820: [mem 0x000000007fff0000-0x000000007fffffff] ACPI data
[    0.000000] BIOS-e820: [mem 0x00000000fec00000-0x00000000fec00fff] reserved
[    0.000000] BIOS-e820: [mem 0x00000000fee00000-0x00000000fee00fff] reserved
[    0.000000] BIOS-e820: [mem 0x00000000fffc0000-0x00000000ffffffff] reserved
[    0.000000] NX (Execute Disable) protection: active
[    0.000000] SMBIOS 2.5 present.
[    0.000000] DMI: innotek GmbH VirtualBox/VirtualBox, BIOS VirtualBox 12/01/2006
[    0.000000] Hypervisor detected: KVM
[    0.000000] kvm-clock: Using msrs 4b564d01 and 4b564d00
[    0.000000] kvm-clock: cpu 0, msr ca01001, primary cpu clock
[    0.000000] kvm-clock: using sched offset of 4424301803 cycles
[    0.000004] clocksource: kvm-clock: mask: 0xffffffffffffffff max_cycles: 0x1cd42e4dffb, max_idle_ns: 881590591483 ns
[    0.000006] tsc: Detected 2100.000 MHz processor
[    0.001883] e820: update [mem 0x00000000-0x00000fff] usable ==> reserved
[    0.001885] e820: remove [mem 0x000a0000-0x000fffff] usable
[    0.001888] last_pfn = 0x7fff0 max_arch_pfn = 0x400000000
[    0.001959] MTRR default type: uncachable
[    0.001960] MTRR fixed ranges enabled:
[    0.001961]   00000-9FFFF write-back
[    0.001962]   A0000-BFFFF uncachable
[    0.001963]   C0000-FFFFF write-protect
[    0.001963] MTRR variable ranges enabled:
[    0.001964]   0 base 000000000000 mask 3FFF80000000 write-back
[    0.001965]   1 disabled
[    0.001966]   2 disabled
[    0.001966]   3 disabled
[    0.001966]   4 disabled
[    0.001967]   5 disabled
[    0.001967]   6 disabled
[    0.001968]   7 disabled
[    0.001968]   8 disabled
[    0.001968]   9 disabled
[    0.001969]   10 disabled
[    0.001969]   11 disabled
[    0.001970]   12 disabled
[    0.001970]   13 disabled
[    0.001971]   14 disabled
[    0.001971]   15 disabled
[    0.001988] x86/PAT: Configuration [0-7]: WB  WC  UC- UC  WB  WP  UC- WT  
[    0.002122] found SMP MP-table at [mem 0x0009fff0-0x0009ffff]
[    0.091584] check: Scanning 1 areas for low memory corruption
[    0.091849] RAMDISK: [mem 0x32271000-0x3512ffff]
[    0.091858] ACPI: Early table checksum verification disabled
[    0.091863] ACPI: RSDP 0x00000000000E0000 000024 (v02 VBOX  )
[    0.091869] ACPI: XSDT 0x000000007FFF0030 00003C (v01 VBOX   VBOXXSDT 00000001 ASL  00000061)
[    0.091875] ACPI: FACP 0x000000007FFF00F0 0000F4 (v04 VBOX   VBOXFACP 00000001 ASL  00000061)
[    0.091882] ACPI: DSDT 0x000000007FFF02E0 002353 (v02 VBOX   VBOXBIOS 00000002 VBOX 00029BF3)
[    0.091886] ACPI: FACS 0x000000007FFF0200 000040
[    0.091889] ACPI: FACS 0x000000007FFF0200 000040
[    0.091892] ACPI: APIC 0x000000007FFF0240 000054 (v02 VBOX   VBOXAPIC 00000001 ASL  00000061)
[    0.091896] ACPI: SSDT 0x000000007FFF02A0 000038 (v01 VBOX   VBOXCPUT 00000002 VBOX 00029BF3)
[    0.091899] ACPI: Reserving FACP table memory at [mem 0x7fff00f0-0x7fff01e3]
[    0.091900] ACPI: Reserving DSDT table memory at [mem 0x7fff02e0-0x7fff2632]
[    0.091901] ACPI: Reserving FACS table memory at [mem 0x7fff0200-0x7fff023f]
[    0.091902] ACPI: Reserving FACS table memory at [mem 0x7fff0200-0x7fff023f]
[    0.091902] ACPI: Reserving APIC table memory at [mem 0x7fff0240-0x7fff0293]
[    0.091903] ACPI: Reserving SSDT table memory at [mem 0x7fff02a0-0x7fff02d7]
[    0.091918] ACPI: Local APIC address 0xfee00000
[    0.092111] No NUMA configuration found
[    0.092112] Faking a node at [mem 0x0000000000000000-0x000000007ffeffff]
[    0.092122] NODE_DATA(0) allocated [mem 0x7ffc5000-0x7ffeffff]
[    0.092412] Zone ranges:
[    0.092413]   DMA      [mem 0x0000000000001000-0x0000000000ffffff]
[    0.092414]   DMA32    [mem 0x0000000001000000-0x000000007ffeffff]
[    0.092415]   Normal   empty
[    0.092416]   Device   empty
[    0.092417] Movable zone start for each node
[    0.092419] Early memory node ranges
[    0.092419]   node   0: [mem 0x0000000000001000-0x000000000009efff]
[    0.092420]   node   0: [mem 0x0000000000100000-0x000000007ffeffff]
[    0.092424] Zeroed struct page in unavailable ranges: 114 pages
[    0.092425] Initmem setup node 0 [mem 0x0000000000001000-0x000000007ffeffff]
[    0.092426] On node 0 totalpages: 524174
[    0.092428]   DMA zone: 64 pages used for memmap
[    0.092428]   DMA zone: 21 pages reserved
[    0.092429]   DMA zone: 3998 pages, LIFO batch:0
[    0.092502]   DMA32 zone: 8128 pages used for memmap
[    0.092503]   DMA32 zone: 520176 pages, LIFO batch:63
[    0.101930] ACPI: PM-Timer IO Port: 0x4008
[    0.101934] ACPI: Local APIC address 0xfee00000
[    0.102007] IOAPIC[0]: apic_id 1, version 32, address 0xfec00000, GSI 0-23
[    0.102011] ACPI: INT_SRC_OVR (bus 0 bus_irq 0 global_irq 2 dfl dfl)
[    0.102013] ACPI: INT_SRC_OVR (bus 0 bus_irq 9 global_irq 9 low level)
[    0.102015] ACPI: IRQ0 used by override.
[    0.102016] ACPI: IRQ9 used by override.
[    0.102018] Using ACPI (MADT) for SMP configuration information
[    0.102025] smpboot: Allowing 1 CPUs, 0 hotplug CPUs
[    0.102050] PM: Registered nosave memory: [mem 0x00000000-0x00000fff]
[    0.102052] PM: Registered nosave memory: [mem 0x0009f000-0x0009ffff]
[    0.102052] PM: Registered nosave memory: [mem 0x000a0000-0x000effff]
[    0.102053] PM: Registered nosave memory: [mem 0x000f0000-0x000fffff]
[    0.102054] [mem 0x80000000-0xfebfffff] available for PCI devices
[    0.102055] Booting paravirtualized kernel on KVM
[    0.102059] clocksource: refined-jiffies: mask: 0xffffffff max_cycles: 0xffffffff, max_idle_ns: 7645519600211568 ns
[    0.102064] setup_percpu: NR_CPUS:8192 nr_cpumask_bits:1 nr_cpu_ids:1 nr_node_ids:1
[    0.103062] percpu: Embedded 60 pages/cpu s208896 r8192 d28672 u2097152
[    0.103067] pcpu-alloc: s208896 r8192 d28672 u2097152 alloc=1*2097152
[    0.103068] pcpu-alloc: [0] 0 
[    0.103096] Built 1 zonelists, mobility grouping on.  Total pages: 515961
[    0.103097] Policy zone: DMA32
[    0.103098] Kernel command line: BOOT_IMAGE=/boot/vmlinuz-5.4.243-mptcp root=UUID=98415a12-53b7-4144-8265-0f7ece09e445 ro quiet splash
[    0.103941] Dentry cache hash table entries: 262144 (order: 9, 2097152 bytes, linear)
[    0.104204] Inode-cache hash table entries: 131072 (order: 8, 1048576 bytes, linear)
[    0.104268] mem auto-init: stack:off, heap alloc:on, heap free:off
[    0.104270] Calgary: detecting Calgary via BIOS EBDA area
[    0.104272] Calgary: Unable to locate Rio Grande table in EBDA - bailing!
[    0.109329] Memory: 1967332K/2096696K available (14339K kernel code, 2398K rwdata, 4712K rodata, 2728K init, 17260K bss, 129364K reserved, 0K cma-reserved)
[    0.110260] SLUB: HWalign=64, Order=0-3, MinObjects=0, CPUs=1, Nodes=1
[    0.110278] ftrace: allocating 43186 entries in 169 pages
[    0.128322] rcu: Hierarchical RCU implementation.
[    0.128324] rcu: 	RCU restricting CPUs from NR_CPUS=8192 to nr_cpu_ids=1.
[    0.128325] 	Tasks RCU enabled.
[    0.128326] rcu: RCU calculated value of scheduler-enlistment delay is 25 jiffies.
[    0.128327] rcu: Adjusting geometry for rcu_fanout_leaf=16, nr_cpu_ids=1
[    0.131332] NR_IRQS: 524544, nr_irqs: 256, preallocated irqs: 16
[    0.131551] random: crng init done
[    0.140893] Console: colour VGA+ 80x25
[    0.140897] printk: console [tty0] enabled
[    0.140917] ACPI: Core revision 20190816
[    0.141018] APIC: Switch to symmetric I/O mode setup
[    0.141267] x2apic enabled
[    0.141502] Switched APIC routing to physical x2apic.
[    0.142630] ..TIMER: vector=0x30 apic1=0 pin1=2 apic2=-1 pin2=-1
[    0.142656] clocksource: tsc-early: mask: 0xffffffffffffffff max_cycles: 0x1e4530a99b6, max_idle_ns: 440795257976 ns
[    0.142661] Calibrating delay loop (skipped) preset value.. 4200.00 BogoMIPS (lpj=8400000)
[    0.142664] pid_max: default: 32768 minimum: 301
[    0.142692] LSM: Security Framework initializing
[    0.142702] Yama: becoming mindful.
[    0.142729] AppArmor: AppArmor initialized
[    0.142763] Mount-cache hash table entries: 4096 (order: 3, 32768 bytes, linear)
[    0.142768] Mountpoint-cache hash table entries: 4096 (order: 3, 32768 bytes, linear)
[    0.142778] *** VALIDATE tmpfs ***
[    0.142912] *** VALIDATE proc ***
[    0.142955] *** VALIDATE cgroup1 ***
[    0.142956] *** VALIDATE cgroup2 ***
[    0.143101] process: using mwait in idle threads
[    0.143105] Last level iTLB entries: 4KB 64, 2MB 8, 4MB 8
[    0.143106] Last level dTLB entries: 4KB 64, 2MB 0, 4MB 0, 1GB 4
[    0.143127] Spectre V1 : Mitigation: usercopy/swapgs barriers and __user pointer sanitization
[    0.143132] Spectre V2 : Mitigation: Retpolines
[    0.143133] Spectre V2 : Spectre v2 / SpectreRSB mitigation: Filling RSB on context switch
[    0.143133] Spectre V2 : Spectre v2 / SpectreRSB : Filling RSB on VMEXIT
[    0.143134] RETBleed: WARNING: Spectre v2 mitigation leaves CPU vulnerable to RETBleed attacks, data leaks possible!
[    0.143490] RETBleed: Vulnerable
[    0.143491] Speculative Store Bypass: Vulnerable
[    0.143495] TAA: Mitigation: TSX disabled
[    0.143496] MMIO Stale Data: Mitigation: Clear CPU buffers
[    0.147724] Freeing SMP alternatives memory: 40K
[    0.259329] smpboot: CPU0: Intel(R) Xeon(R) Silver 4216 CPU @ 2.10GHz (family: 0x6, model: 0x55, stepping: 0x7)
[    0.259457] Performance Events: unsupported p6 CPU model 85 no PMU driver, software events only.
[    0.259496] rcu: Hierarchical SRCU implementation.
[    0.259973] NMI watchdog: Perf NMI watchdog permanently disabled
[    0.260011] smp: Bringing up secondary CPUs ...
[    0.260011] smp: Brought up 1 node, 1 CPU
[    0.260013] smpboot: Max logical packages: 1
[    0.260014] smpboot: Total of 1 processors activated (4200.00 BogoMIPS)
[    0.261003] devtmpfs: initialized
[    0.261050] x86/mm: Memory block size: 128MB
[    0.261415] clocksource: jiffies: mask: 0xffffffff max_cycles: 0xffffffff, max_idle_ns: 7645041785100000 ns
[    0.261421] futex hash table entries: 256 (order: 2, 16384 bytes, linear)
[    0.261464] pinctrl core: initialized pinctrl subsystem
[    0.261566] PM: RTC time: 16:25:31, date: 2026-01-11
[    0.261672] NET: Registered protocol family 16
[    0.261747] audit: initializing netlink subsys (disabled)
[    0.261873] EISA bus registered
[    0.261875] cpuidle: using governor ladder
[    0.261875] cpuidle: using governor menu
[    0.261912] ACPI: bus type PCI registered
[    0.261914] acpiphp: ACPI Hot Plug PCI Controller Driver version: 0.5
[    0.262020] PCI: Using configuration type 1 for base access
[    0.262994] audit: type=2000 audit(1768119937.299:1): state=initialized audit_enabled=0 res=1
[    0.263072] HugeTLB registered 2.00 MiB page size, pre-allocated 0 pages
[    0.263885] ACPI: Added _OSI(Module Device)
[    0.263886] ACPI: Added _OSI(Processor Device)
[    0.263887] ACPI: Added _OSI(3.0 _SCP Extensions)
[    0.263887] ACPI: Added _OSI(Processor Aggregator Device)
[    0.263888] ACPI: Added _OSI(Linux-Dell-Video)
[    0.263889] ACPI: Added _OSI(Linux-Lenovo-NV-HDMI-Audio)
[    0.263890] ACPI: Added _OSI(Linux-HPI-Hybrid-Graphics)
[    0.265879] ACPI: 2 ACPI AML tables successfully acquired and loaded
[    0.267487] ACPI: Interpreter enabled
[    0.267497] ACPI: (supports S0 S5)
[    0.267498] ACPI: Using IOAPIC for interrupt routing
[    0.267705] PCI: Using host bridge windows from ACPI; if necessary, use "pci=nocrs" and report a bug
[    0.267814] ACPI: Enabled 2 GPEs in block 00 to 07
[    0.273917] ACPI: PCI Root Bridge [PCI0] (domain 0000 [bus 00-ff])
[    0.273924] acpi PNP0A03:00: _OSC: OS supports [ASPM ClockPM Segments MSI HPX-Type3]
[    0.274393] acpi PNP0A03:00: _OSC: not requesting OS control; OS requires [ExtendedConfig ASPM ClockPM MSI]
[    0.274401] acpi PNP0A03:00: fail to add MMCONFIG information, can't access extended PCI configuration space under this bridge.
[    0.274826] PCI host bridge to bus 0000:00
[    0.274828] pci_bus 0000:00: root bus resource [io  0x0000-0x0cf7 window]
[    0.274830] pci_bus 0000:00: root bus resource [io  0x0d00-0xffff window]
[    0.274831] pci_bus 0000:00: root bus resource [mem 0x000a0000-0x000bffff window]
[    0.274832] pci_bus 0000:00: root bus resource [mem 0x80000000-0xfdffffff window]
[    0.274833] pci_bus 0000:00: root bus resource [bus 00-ff]
[    0.274878] pci 0000:00:00.0: [8086:1237] type 00 class 0x060000
[    0.275844] pci 0000:00:01.0: [8086:7000] type 00 class 0x060100
[    0.276619] pci 0000:00:01.1: [8086:7111] type 00 class 0x01018a
[    0.277010] pci 0000:00:01.1: reg 0x20: [io  0xd000-0xd00f]
[    0.277175] pci 0000:00:01.1: legacy IDE quirk: reg 0x10: [io  0x01f0-0x01f7]
[    0.277176] pci 0000:00:01.1: legacy IDE quirk: reg 0x14: [io  0x03f6]
[    0.277177] pci 0000:00:01.1: legacy IDE quirk: reg 0x18: [io  0x0170-0x0177]
[    0.277177] pci 0000:00:01.1: legacy IDE quirk: reg 0x1c: [io  0x0376]
[    0.277745] pci 0000:00:02.0: [15ad:0405] type 00 class 0x030000
[    0.280609] pci 0000:00:02.0: reg 0x10: [io  0xd010-0xd01f]
[    0.282707] pci 0000:00:02.0: reg 0x14: [mem 0xe0000000-0xe7ffffff pref]
[    0.286704] pci 0000:00:02.0: reg 0x18: [mem 0xf0000000-0xf01fffff]
[    0.297997] pci 0000:00:03.0: [1022:2000] type 00 class 0x020000
[    0.298781] pci 0000:00:03.0: reg 0x10: [io  0xd020-0xd03f]
[    0.299448] pci 0000:00:03.0: reg 0x14: [mem 0xf0200000-0xf0200fff]
[    0.303280] pci 0000:00:04.0: [80ee:cafe] type 00 class 0x088000
[    0.303990] pci 0000:00:04.0: reg 0x10: [io  0xd040-0xd05f]
[    0.304622] pci 0000:00:04.0: reg 0x14: [mem 0xf0400000-0xf07fffff]
[    0.305262] pci 0000:00:04.0: reg 0x18: [mem 0xf0800000-0xf0803fff pref]
[    0.308640] pci 0000:00:07.0: [8086:7113] type 00 class 0x068000
[    0.309199] pci 0000:00:07.0: quirk: [io  0x4000-0x403f] claimed by PIIX4 ACPI
[    0.309209] pci 0000:00:07.0: quirk: [io  0x4100-0x410f] claimed by PIIX4 SMB
[    0.310722] pci 0000:00:08.0: [8086:100e] type 00 class 0x020000
[    0.311449] pci 0000:00:08.0: reg 0x10: [mem 0xf0820000-0xf083ffff]
[    0.312615] pci 0000:00:08.0: reg 0x18: [io  0xd060-0xd067]
[    0.315535] pci 0000:00:09.0: [8086:100e] type 00 class 0x020000
[    0.316304] pci 0000:00:09.0: reg 0x10: [mem 0xf0840000-0xf085ffff]
[    0.317525] pci 0000:00:09.0: reg 0x18: [io  0xd068-0xd06f]
[    0.327669] ACPI: PCI Interrupt Link [LNKA] (IRQs 5 9 10 *11)
[    0.327953] ACPI: PCI Interrupt Link [LNKB] (IRQs 5 9 *10 11)
[    0.328053] ACPI: PCI Interrupt Link [LNKC] (IRQs 5 *9 10 11)
[    0.328159] ACPI: PCI Interrupt Link [LNKD] (IRQs 5 9 10 *11)
[    0.328429] iommu: Default domain type: Translated 
[    0.328488] pci 0000:00:02.0: vgaarb: setting as boot VGA device
[    0.328489] pci 0000:00:02.0: vgaarb: VGA device added: decodes=io+mem,owns=io+mem,locks=none
[    0.328492] pci 0000:00:02.0: vgaarb: bridge control possible
[    0.328492] vgaarb: loaded
[    0.328703] SCSI subsystem initialized
[    0.328734] libata version 3.00 loaded.
[    0.328757] ACPI: bus type USB registered
[    0.328773] usbcore: registered new interface driver usbfs
[    0.328778] usbcore: registered new interface driver hub
[    0.328786] usbcore: registered new device driver usb
[    0.328811] pps_core: LinuxPPS API ver. 1 registered
[    0.328811] pps_core: Software ver. 5.3.6 - Copyright 2005-2007 Rodolfo Giometti <giometti@linux.it>
[    0.328813] PTP clock support registered
[    0.328847] EDAC MC: Ver: 3.0.0
[    0.329134] PCI: Using ACPI for IRQ routing
[    0.329135] PCI: pci_cache_line_size set to 64 bytes
[    0.329311] e820: reserve RAM buffer [mem 0x0009fc00-0x0009ffff]
[    0.329315] e820: reserve RAM buffer [mem 0x7fff0000-0x7fffffff]
[    0.331407] NetLabel: Initializing
[    0.331408] NetLabel:  domain hash size = 128
[    0.331408] NetLabel:  protocols = UNLABELED CIPSOv4 CALIPSO
[    0.331428] NetLabel:  unlabeled traffic allowed by default
[    0.332413] clocksource: Switched to clocksource kvm-clock
[    0.344994] *** VALIDATE bpf ***
[    0.345055] VFS: Disk quotas dquot_6.6.0
[    0.345068] VFS: Dquot-cache hash table entries: 512 (order 0, 4096 bytes)
[    0.345091] *** VALIDATE ramfs ***
[    0.345094] *** VALIDATE hugetlbfs ***
[    0.345175] AppArmor: AppArmor Filesystem Enabled
[    0.345201] pnp: PnP ACPI init
[    0.345275] pnp 00:00: Plug and Play ACPI device, IDs PNP0303 (active)
[    0.345363] pnp 00:01: Plug and Play ACPI device, IDs PNP0f03 (active)
[    0.346121] pnp: PnP ACPI: found 2 devices
[    0.347078] thermal_sys: Registered thermal governor 'fair_share'
[    0.347078] thermal_sys: Registered thermal governor 'bang_bang'
[    0.347079] thermal_sys: Registered thermal governor 'step_wise'
[    0.347080] thermal_sys: Registered thermal governor 'user_space'
[    0.347080] thermal_sys: Registered thermal governor 'power_allocator'
[    0.351609] clocksource: acpi_pm: mask: 0xffffff max_cycles: 0xffffff, max_idle_ns: 2085701024 ns
[    0.351649] pci_bus 0000:00: resource 4 [io  0x0000-0x0cf7 window]
[    0.351651] pci_bus 0000:00: resource 5 [io  0x0d00-0xffff window]
[    0.351652] pci_bus 0000:00: resource 6 [mem 0x000a0000-0x000bffff window]
[    0.351653] pci_bus 0000:00: resource 7 [mem 0x80000000-0xfdffffff window]
[    0.351712] NET: Registered protocol family 2
[    0.351800] IP idents hash table entries: 32768 (order: 6, 262144 bytes, linear)
[    0.352211] MPTCP tokens hash table entries: 8192 (order: 4, 65536 bytes, linear)
[    0.352231] MPTCP request tokens hash table entries: 8192 (order: 4, 65536 bytes, linear)
[    0.352257] default registered
[    0.352257] default registered
[    0.352258] MPTCP: Stable release v0.96
[    0.352263] tcp_listen_portaddr_hash hash table entries: 1024 (order: 2, 16384 bytes, linear)
[    0.352341] TCP established hash table entries: 16384 (order: 5, 131072 bytes, linear)
[    0.352408] TCP bind hash table entries: 16384 (order: 6, 262144 bytes, linear)
[    0.352434] TCP: Hash tables configured (established 16384 bind 16384)
[    0.353128] UDP hash table entries: 1024 (order: 3, 32768 bytes, linear)
[    0.353140] UDP-Lite hash table entries: 1024 (order: 3, 32768 bytes, linear)
[    0.353174] NET: Registered protocol family 1
[    0.353183] NET: Registered protocol family 44
[    0.353207] pci 0000:00:00.0: Limiting direct PCI/PCI transfers
[    0.353219] pci 0000:00:01.0: Activating ISA DMA hang workarounds
[    0.353275] pci 0000:00:02.0: Video device with shadowed ROM at [mem 0x000c0000-0x000dffff]
[    0.353340] PCI: CLS 0 bytes, default 64
[    0.353386] Trying to unpack rootfs image as initramfs...
[    0.527723] Freeing initrd memory: 47868K
[    0.527723] clocksource: tsc: mask: 0xffffffffffffffff max_cycles: 0x1e4530a99b6, max_idle_ns: 440795257976 ns
[    0.527723] clocksource: Switched to clocksource tsc
[    0.527723] platform rtc_cmos: registered platform RTC device (no PNP device found)
[    0.527723] check: Scanning for low memory corruption every 60 seconds
[    0.527723] Initialise system trusted keyrings
[    0.527723] Key type blacklist registered
[    0.527723] workingset: timestamp_bits=36 max_order=19 bucket_order=0
[    0.527723] zbud: loaded
[    0.527723] squashfs: version 4.0 (2009/01/31) Phillip Lougher
[    0.527723] fuse: init (API version 7.31)
[    0.527723] *** VALIDATE fuse ***
[    0.527723] *** VALIDATE fuse ***
[    0.527723] Platform Keyring initialized
[    0.544378] Key type asymmetric registered
[    0.544380] Asymmetric key parser 'x509' registered
[    0.544390] Block layer SCSI generic (bsg) driver version 0.4 loaded (major 244)
[    0.544432] io scheduler mq-deadline registered
[    0.544553] shpchp: Standard Hot Plug PCI Controller Driver version: 0.4
[    0.544769] ACPI: AC Adapter [AC] (on-line)
[    0.544814] input: Power Button as /devices/LNXSYSTM:00/LNXPWRBN:00/input/input0
[    0.544844] ACPI: Power Button [PWRF]
[    0.544921] input: Sleep Button as /devices/LNXSYSTM:00/LNXSLPBN:00/input/input1
[    0.544935] ACPI: Sleep Button [SLPF]
[    0.545150] Serial: 8250/16550 driver, 32 ports, IRQ sharing enabled
[    0.546321] Linux agpgart interface v0.103
[    0.635156] loop: module loaded
[    0.635302] ata_piix 0000:00:01.1: version 2.13
[    0.635734] scsi host0: ata_piix
[    0.635837] scsi host1: ata_piix
[    0.635864] ata1: PATA max UDMA/33 cmd 0x1f0 ctl 0x3f6 bmdma 0xd000 irq 14
[    0.635865] ata2: PATA max UDMA/33 cmd 0x170 ctl 0x376 bmdma 0xd008 irq 15
[    0.635947] tun: Universal TUN/TAP device driver, 1.6
[    0.636257] PPP generic driver version 2.4.2
[    0.636299] VFIO - User Level meta-driver version: 0.3
[    0.636534] ehci_hcd: USB 2.0 'Enhanced' Host Controller (EHCI) Driver
[    0.636538] ehci-pci: EHCI PCI platform driver
[    0.636552] ehci-platform: EHCI generic platform driver
[    0.636558] ohci_hcd: USB 1.1 'Open' Host Controller (OHCI) Driver
[    0.636559] ohci-pci: OHCI PCI platform driver
[    0.636566] ohci-platform: OHCI generic platform driver
[    0.636570] uhci_hcd: USB Universal Host Controller Interface driver
[    0.636634] i8042: PNP: PS/2 Controller [PNP0303:PS2K,PNP0f03:PS2M] at 0x60,0x64 irq 1,12
[    0.637077] serio: i8042 KBD port at 0x60,0x64 irq 1
[    0.637080] serio: i8042 AUX port at 0x60,0x64 irq 12
[    0.637164] mousedev: PS/2 mouse device common for all mice
[    0.637418] input: AT Translated Set 2 keyboard as /devices/platform/i8042/serio0/input/input2
[    0.637815] rtc_cmos rtc_cmos: registered as rtc0
[    0.637829] rtc_cmos rtc_cmos: alarms up to one day, 114 bytes nvram
[    0.637834] i2c /dev entries driver
[    0.637876] device-mapper: uevent: version 1.0.3
[    0.637918] device-mapper: ioctl: 4.41.0-ioctl (2019-09-16) initialised: dm-devel@redhat.com
[    0.637934] platform eisa.0: Probing EISA bus 0
[    0.637935] platform eisa.0: EISA: Cannot allocate resource for mainboard
[    0.637936] platform eisa.0: Cannot allocate resource for EISA slot 1
[    0.637937] platform eisa.0: Cannot allocate resource for EISA slot 2
[    0.637938] platform eisa.0: Cannot allocate resource for EISA slot 3
[    0.637939] platform eisa.0: Cannot allocate resource for EISA slot 4
[    0.637940] platform eisa.0: Cannot allocate resource for EISA slot 5
[    0.637941] platform eisa.0: Cannot allocate resource for EISA slot 6
[    0.637942] platform eisa.0: Cannot allocate resource for EISA slot 7
[    0.637943] platform eisa.0: Cannot allocate resource for EISA slot 8
[    0.637944] platform eisa.0: EISA: Detected 0 cards
[    0.637947] intel_pstate: CPU model not supported
[    0.637956] ledtrig-cpu: registered to indicate activity on CPUs
[    0.638008] drop_monitor: Initializing network drop monitor service
[    0.638170] NET: Registered protocol family 10
[    0.639129] Segment Routing with IPv6
[    0.639129] fullmesh registered
[    0.639129] ndiffports registered
[    0.639129] binder registered
[    0.639129] roundrobin registered
[    0.639129] redundant registered
[    0.639129] blest registered
[    0.639129] ecf registered
[    0.639129] NET: Registered protocol family 17
[    0.639129] Key type dns_resolver registered
[    0.639129] RAS: Correctable Errors collector initialized.
[    0.639129] IPI shorthand broadcast: enabled
[    0.639129] sched_clock: Marking stable (624013111, 11116387)->(635612299, -482801)
[    0.643578] registered taskstats version 1
[    0.643586] Loading compiled-in X.509 certificates
[    0.644186] Loaded X.509 cert 'Build time autogenerated kernel key: 6909f3744cebb3d0de528d5887b96a727de79b1e'
[    0.644204] zswap: loaded using pool lzo/zbud
[    0.644258] Key type ._fscrypt registered
[    0.644259] Key type .fscrypt registered
[    0.648698] Key type big_key registered
[    0.650874] Key type encrypted registered
[    0.650876] AppArmor: AppArmor sha1 policy hashing enabled
[    0.650884] ima: No TPM chip found, activating TPM-bypass!
[    0.650888] ima: Allocated hash algorithm: sha1
[    0.650893] ima: No architecture policies found
[    0.650902] evm: Initialising EVM extended attributes:
[    0.650902] evm: security.selinux
[    0.650903] evm: security.SMACK64
[    0.650903] evm: security.SMACK64EXEC
[    0.650904] evm: security.SMACK64TRANSMUTE
[    0.650904] evm: security.SMACK64MMAP
[    0.650905] evm: security.apparmor
[    0.650906] evm: security.ima
[    0.650906] evm: security.capability
[    0.650907] evm: HMAC attrs: 0x1
[    0.651196] PM:   Magic number: 10:865:438
[    0.651312] rtc_cmos rtc_cmos: setting system clock to 2026-01-11T16:25:32 UTC (1768148732)
[    0.808079] ata1.00: ATA-6: VBOX HARDDISK, 1.0, max UDMA/133
[    0.808082] ata1.00: 209715200 sectors, multi 128: LBA 
[    0.808711] scsi 0:0:0:0: Direct-Access     ATA      VBOX HARDDISK    1.0  PQ: 0 ANSI: 5
[    0.808980] sd 0:0:0:0: [sda] 209715200 512-byte logical blocks: (107 GB/100 GiB)
[    0.808991] sd 0:0:0:0: [sda] Write Protect is off
[    0.808994] sd 0:0:0:0: [sda] Mode Sense: 00 3a 00 00
[    0.809013] sd 0:0:0:0: [sda] Write cache: enabled, read cache: enabled, doesn't support DPO or FUA
[    0.809234] sd 0:0:0:0: Attached scsi generic sg0 type 0
[    0.809953]  sda: sda1 sda2
[    0.819427] sd 0:0:0:0: [sda] Attached SCSI disk
[    0.824665] Freeing unused decrypted memory: 2040K
[    0.825985] Freeing unused kernel image memory: 2728K
[    0.825989] Write protecting the kernel read-only data: 22528k
[    0.827470] Freeing unused kernel image memory: 2036K
[    0.828284] Freeing unused kernel image memory: 1432K
[    0.864100] x86/mm: Checked W+X mappings: passed, no W+X pages found.
[    0.864105] Run /init as init process
[    0.973703] ACPI: Video Device [GFX0] (multi-head: yes  rom: no  post: no)
[    0.973777] input: Video Bus as /devices/LNXSYSTM:00/LNXSYBUS:00/PNP0A03:00/LNXVIDEO:00/input/input4
[    0.986124] pcnet32: pcnet32.c:v1.35 21.Apr.2008 tsbogend@alpha.franken.de
[    0.987012] pcnet32: PCnet/FAST III 79C973 at 0xd020, 08:00:27:67:f9:66 assigned IRQ 19
[    0.987056] pcnet32: Found PHY 0022:561b at address 0
[    0.988058] pcnet32: eth0: registered as PCnet/FAST III 79C973
[    0.989395] piix4_smbus 0000:00:07.0: SMBus Host Controller at 0x4100, revision 0
[    0.989755] pcnet32: 1 cards_found
[    0.993170] e1000: Intel(R) PRO/1000 Network Driver - version 7.3.21-k8-NAPI
[    0.993171] e1000: Copyright (c) 1999-2006 Intel Corporation.
[    1.058494] pcnet32 0000:00:03.0 enp0s3: renamed from eth0
[    1.205282] input: ImExPS/2 Generic Explorer Mouse as /devices/platform/i8042/serio1/input/input5
[    1.402666] e1000 0000:00:08.0 eth0: (PCI:33MHz:32-bit) 08:00:27:5c:02:6b
[    1.402671] e1000 0000:00:08.0 eth0: Intel(R) PRO/1000 Network Connection
[    1.775462] e1000 0000:00:09.0 eth1: (PCI:33MHz:32-bit) 08:00:27:70:83:be
[    1.775465] e1000 0000:00:09.0 eth1: Intel(R) PRO/1000 Network Connection
[    1.776604] e1000 0000:00:09.0 enp0s9: renamed from eth1
[    1.778376] e1000 0000:00:08.0 enp0s8: renamed from eth0
[    1.930563] EXT4-fs (sda2): mounted filesystem with ordered data mode. Opts: (null)
[    2.021018] systemd[1]: Inserted module 'autofs4'
[    2.032304] systemd[1]: systemd 245.4-4ubuntu3 running in system mode. (+PAM +AUDIT +SELINUX +IMA +APPARMOR +SMACK +SYSVINIT +UTMP +LIBCRYPTSETUP +GCRYPT +GNUTLS +ACL +XZ +LZ4 +SECCOMP +BLKID +ELFUTILS +KMOD +IDN2 -IDN +PCRE2 default-hierarchy=hybrid)
[    2.032335] systemd[1]: Detected virtualization oracle.
[    2.032338] systemd[1]: Detected architecture x86-64.
[    2.033624] systemd[1]: Set hostname to <ztg>.
[    2.159932] systemd[1]: /lib/systemd/system/dbus.socket:5: ListenStream= references a path below legacy directory /var/run/, updating /var/run/dbus/system_bus_socket â†’ /run/dbus/system_bus_socket; please update the unit file accordingly.
[    2.212508] systemd[1]: Created slice system-modprobe.slice.
[    2.212695] systemd[1]: Created slice User and Session Slice.
[    2.212741] systemd[1]: Started Forward Password Requests to Wall Directory Watch.
[    2.212914] systemd[1]: Set up automount Arbitrary Executable File Formats File System Automount Point.
[    2.212947] systemd[1]: Reached target User and Group Name Lookups.
[    2.212956] systemd[1]: Reached target Remote File Systems.
[    2.212964] systemd[1]: Reached target Slices.
[    2.213536] systemd[1]: Listening on Syslog Socket.
[    2.213606] systemd[1]: Listening on fsck to fsckd communication Socket.
[    2.213645] systemd[1]: Listening on initctl Compatibility Named Pipe.
[    2.213784] systemd[1]: Listening on Journal Audit Socket.
[    2.213835] systemd[1]: Listening on Journal Socket (/dev/log).
[    2.213904] systemd[1]: Listening on Journal Socket.
[    2.213967] systemd[1]: Listening on udev Control Socket.
[    2.214008] systemd[1]: Listening on udev Kernel Socket.
[    2.214784] systemd[1]: Mounting Huge Pages File System...
[    2.215779] systemd[1]: Mounting POSIX Message Queue File System...
[    2.216671] systemd[1]: Mounting Kernel Debug File System...
[    2.217472] systemd[1]: Mounting Kernel Trace File System...
[    2.219434] systemd[1]: Starting Journal Service...
[    2.241918] systemd[1]: Starting Set the console keyboard layout...
[    2.249712] systemd[1]: Starting Create list of static device nodes for the current kernel...
[    2.251577] systemd[1]: Starting Load Kernel Module drm...
[    2.252602] systemd[1]: Condition check resulted in Set Up Additional Binary Formats being skipped.
[    2.252648] systemd[1]: Condition check resulted in File System Check on Root Device being skipped.
[    2.258957] systemd[1]: Starting Load Kernel Modules...
[    2.259715] systemd[1]: Starting Remount Root and Kernel File Systems...
[    2.260486] systemd[1]: Starting udev Coldplug all Devices...
[    2.261227] systemd[1]: Starting Uncomplicated firewall...
[    2.262612] systemd[1]: Mounted Huge Pages File System.
[    2.262693] systemd[1]: Mounted POSIX Message Queue File System.
[    2.262766] systemd[1]: Mounted Kernel Debug File System.
[    2.262836] systemd[1]: Mounted Kernel Trace File System.
[    2.317118] systemd[1]: Finished Create list of static device nodes for the current kernel.
[    2.322599] systemd[1]: Finished Uncomplicated firewall.
[    2.323090] systemd[1]: modprobe@drm.service: Succeeded.
[    2.324058] systemd[1]: Finished Load Kernel Module drm.
[    2.325106] EXT4-fs (sda2): re-mounted. Opts: errors=remount-ro
[    2.328260] systemd[1]: Finished Remount Root and Kernel File Systems.
[    2.329101] systemd[1]: Condition check resulted in Rebuild Hardware Database being skipped.
[    2.329130] systemd[1]: Condition check resulted in Platform Persistent Storage Archival being skipped.
[    2.336421] systemd[1]: Starting Load/Save Random Seed...
[    2.341207] systemd[1]: Starting Create System Users...
[    2.356737] systemd[1]: Finished Load/Save Random Seed.
[    2.360538] lp: driver loaded but no devices found
[    2.363714] systemd[1]: Finished Create System Users.
[    2.364418] systemd[1]: Starting Create Static Device Nodes in /dev...
[    2.393990] ppdev: user-space parallel port driver
[    2.408597] systemd[1]: Finished Create Static Device Nodes in /dev.
[    2.409449] systemd[1]: Starting udev Kernel Device Manager...
[    2.441536] systemd[1]: Finished udev Coldplug all Devices.
[    2.480150] [drm] DMA map mode: Caching DMA mappings.
[    2.480212] [drm] Capabilities:
[    2.480212] [drm]   Rect copy.
[    2.480213] [drm]   Cursor.
[    2.480213] [drm]   Cursor bypass.
[    2.480213] [drm]   Cursor bypass 2.
[    2.480214] [drm]   Alpha cursor.
[    2.480214] [drm]   Extended Fifo.
[    2.480214] [drm]   Pitchlock.
[    2.480215] [drm]   Irq mask.
[    2.480215] [drm]   GMR.
[    2.480215] [drm]   Traces.
[    2.480216] [drm]   GMR2.
[    2.480216] [drm]   Screen Object 2.
[    2.480216] [drm]   Command Buffers.
[    2.480217] [drm]   Command Buffers 2.
[    2.480217] [drm]   Guest Backed Resources.
[    2.480218] [drm] Max GMR ids is 8192
[    2.480219] [drm] Max number of GMR pages is 1048576
[    2.480219] [drm] Max dedicated hypervisor surface memory is 393216 kiB
[    2.480220] [drm] Maximum display memory size is 131072 kiB
[    2.480220] [drm] VRAM at 0xe0000000 size is 131072 kiB
[    2.480221] [drm] MMIO at 0xf0000000 size is 2048 kiB
[    2.481452] [TTM] Zone  kernel: Available graphics memory: 1011738 KiB
[    2.481453] [TTM] Initializing pool allocator
[    2.481457] [TTM] Initializing DMA pool allocator
[    2.481485] [drm] Supports vblank timestamp caching Rev 2 (21.10.2013).
[    2.481485] [drm] No driver support for vblank timestamp query.
[    2.481707] [drm] Screen Target Display device initialized
[    2.481906] [drm] width 720
[    2.481915] [drm] height 400
[    2.481918] [drm] bpp 32
[    2.482464] [drm] Fifo max 0x00200000 min 0x00001000 cap 0x00000355
[    2.484373] [drm] Using command buffers with DMA pool.
[    2.484377] [drm] DX: no.
[    2.484377] [drm] Atomic: yes.
[    2.484378] [drm] SM4_1: no.
[    2.484397] [drm:vmw_host_log [vmwgfx]] *ERROR* Failed to send host log message.
[    2.485294] [drm:vmw_host_log [vmwgfx]] *ERROR* Failed to send host log message.
[    2.504258] fbcon: svgadrmfb (fb0) is primary device
[    2.507933] Console: switching to colour frame buffer device 100x37
[    2.513937] [drm] Initialized vmwgfx 2.15.0 20180704 for 0000:00:02.0 on minor 0
[    2.514905] systemd[1]: Finished Load Kernel Modules.
[    2.515896] systemd[1]: Mounting FUSE Control File System...
[    2.517067] systemd[1]: Mounting Kernel Configuration File System...
[    2.546812] systemd[1]: Starting Apply Kernel Variables...
[    2.549957] systemd[1]: Finished Set the console keyboard layout.
[    2.550065] systemd[1]: Reached target Local File Systems (Pre).
[    2.554070] systemd[1]: Mounting Mount unit for bare, revision 5...
[    2.557675] systemd[1]: Mounting Mount unit for core18, revision 1705...
[    2.562924] systemd[1]: Mounting Mount unit for gnome-3-34-1804, revision 24...
[    2.574870] systemd[1]: Mounting Mount unit for gtk-common-themes, revision 1506...
[    2.582956] systemd[1]: Mounting Mount unit for gtk-common-themes, revision 1535...
[    2.589617] systemd[1]: Mounting Mount unit for snap-store, revision 433...
[    2.623329] systemd[1]: Mounting Mount unit for snapd, revision 25935...
[    2.626070] systemd[1]: Mounted FUSE Control File System.
[    2.626176] systemd[1]: Mounted Kernel Configuration File System.
[    2.636772] systemd[1]: Finished Apply Kernel Variables.
[    2.639224] systemd[1]: Mounted Mount unit for bare, revision 5.
[    2.639315] systemd[1]: Mounted Mount unit for core18, revision 1705.
[    2.639379] systemd[1]: Condition check resulted in VMware vmblock fuse mount being skipped.
[    2.641896] systemd[1]: Started udev Kernel Device Manager.
[    2.642591] systemd[1]: Starting Show Plymouth Boot Screen...
[    2.648120] systemd[1]: Mounted Mount unit for gnome-3-34-1804, revision 24.
[    2.652010] systemd[1]: Received SIGRTMIN+20 from PID 280 (plymouthd).
[    2.678511] systemd[1]: Started Show Plymouth Boot Screen.
[    2.678776] systemd[1]: Condition check resulted in Dispatch Password Requests to Console Directory Watch being skipped.
[    2.678875] systemd[1]: Started Forward Password Requests to Plymouth Directory Watch.
[    2.678942] systemd[1]: Reached target Local Encrypted Volumes.
[    2.714539] systemd[1]: Mounted Mount unit for gtk-common-themes, revision 1506.
[    2.714811] systemd[1]: Mounted Mount unit for snap-store, revision 433.
[    2.746207] systemd[1]: Mounted Mount unit for snapd, revision 25935.
[    2.747583] systemd[1]: Mounted Mount unit for gtk-common-themes, revision 1535.
[    2.747711] systemd[1]: Reached target Local File Systems.
[    2.748514] systemd[1]: Starting Load AppArmor profiles...
[    2.749352] systemd[1]: Starting Set console font and keymap...
[    2.750138] systemd[1]: Starting Tell Plymouth To Write Out Runtime Data...
[    2.750217] systemd[1]: Condition check resulted in Store a System Token in an EFI Variable being skipped.
[    2.750273] systemd[1]: Condition check resulted in Commit a transient machine-id on disk being skipped.
[    2.768506] systemd[1]: Finished Set console font and keymap.
[    2.774626] systemd[1]: Received SIGRTMIN+20 from PID 280 (plymouthd).
[    2.775840] systemd[1]: plymouth-read-write.service: Succeeded.
[    2.776083] systemd[1]: Finished Tell Plymouth To Write Out Runtime Data.
[    2.799810] audit: type=1400 audit(1768148734.648:2): apparmor="STATUS" operation="profile_load" profile="unconfined" name="nvidia_modprobe" pid=299 comm="apparmor_parser"
[    2.799812] audit: type=1400 audit(1768148734.648:3): apparmor="STATUS" operation="profile_load" profile="unconfined" name="nvidia_modprobe//kmod" pid=299 comm="apparmor_parser"
[    2.809849] audit: type=1400 audit(1768148734.652:4): apparmor="STATUS" operation="profile_load" profile="unconfined" name="/usr/sbin/tcpdump" pid=300 comm="apparmor_parser"
[    2.860011] audit: type=1400 audit(1768148734.700:5): apparmor="STATUS" operation="profile_load" profile="unconfined" name="/usr/bin/evince" pid=302 comm="apparmor_parser"
[    2.860013] audit: type=1400 audit(1768148734.700:6): apparmor="STATUS" operation="profile_load" profile="unconfined" name="/usr/bin/evince//sanitized_helper" pid=302 comm="apparmor_parser"
[    2.860014] audit: type=1400 audit(1768148734.700:7): apparmor="STATUS" operation="profile_load" profile="unconfined" name="/usr/bin/evince-previewer" pid=302 comm="apparmor_parser"
[    2.860016] audit: type=1400 audit(1768148734.700:8): apparmor="STATUS" operation="profile_load" profile="unconfined" name="/usr/bin/evince-previewer//sanitized_helper" pid=302 comm="apparmor_parser"
[    2.860018] audit: type=1400 audit(1768148734.700:9): apparmor="STATUS" operation="profile_load" profile="unconfined" name="/usr/bin/evince-thumbnailer" pid=302 comm="apparmor_parser"
[    2.867891] audit: type=1400 audit(1768148734.712:10): apparmor="STATUS" operation="profile_load" profile="unconfined" name="/usr/lib/cups/backend/cups-pdf" pid=303 comm="apparmor_parser"
[    2.950099] systemd[1]: Finished Load AppArmor profiles.
[    2.951069] systemd[1]: Starting Load AppArmor profiles managed internally by snapd...
[    3.058347] systemd[1]: Finished Load AppArmor profiles managed internally by snapd.
[    3.193630] systemd[1]: Started Journal Service.
[    3.203775] systemd-journald[229]: Received client request to flush runtime journal.
[    3.205819] systemd-journald[229]: File /var/log/journal/c455b248004a419c87ce85eea238d727/system.journal corrupted or uncleanly shut down, renaming and replacing.
[    4.532383] RAPL PMU: API unit is 2^-32 Joules, 0 fixed counters, 10737418240 ms ovfl timer
[    4.564816] cryptd: max_cpu_qlen set to 1000
[    4.618090] AVX2 version of gcm_enc/dec engaged.
[    4.618091] AES CTR mode by8 optimization enabled
[    6.417915] Adding 1998844k swap on /dev/sda1.  Priority:-2 extents:1 across:1998844k FS
[    7.178080] kauditd_printk_skb: 30 callbacks suppressed
[    7.178081] audit: type=1400 audit(1768148739.020:41): apparmor="DENIED" operation="capable" profile="/usr/sbin/cups-browsed" pid=509 comm="cups-browsed" capability=23  capname="sys_nice"
[    8.751263] pcnet32 0000:00:03.0 enp0s3: link up, 100Mbps, full-duplex
[    8.794490] e1000: enp0s8 NIC Link is Up 1000 Mbps Full Duplex, Flow Control: RX
[    8.794764] IPv6: ADDRCONF(NETDEV_CHANGE): enp0s8: link becomes ready
[    8.819278] e1000: enp0s9 NIC Link is Up 1000 Mbps Full Duplex, Flow Control: RX
[    8.819575] IPv6: ADDRCONF(NETDEV_CHANGE): enp0s9: link becomes ready
[    9.451795] device enp0s3 entered promiscuous mode
[    9.472493] audit: type=1400 audit(1768148741.312:42): apparmor="DENIED" operation="open" profile="/usr/sbin/tcpdump" name="/proc/sys/kernel/random/boot_id" pid=624 comm="tcpdump" requested_mask="r" denied_mask="r" fsuid=0 ouid=0
[    9.472703] audit: type=1400 audit(1768148741.312:43): apparmor="DENIED" operation="open" profile="/usr/sbin/tcpdump" name="/proc/sys/kernel/random/boot_id" pid=624 comm="tcpdump" requested_mask="r" denied_mask="r" fsuid=0 ouid=0
[    9.472747] audit: type=1400 audit(1768148741.312:44): apparmor="DENIED" operation="open" profile="/usr/sbin/tcpdump" name="/proc/sys/kernel/random/boot_id" pid=624 comm="tcpdump" requested_mask="r" denied_mask="r" fsuid=0 ouid=0
[    9.472835] audit: type=1400 audit(1768148741.312:45): apparmor="DENIED" operation="open" profile="/usr/sbin/tcpdump" name="/proc/sys/kernel/random/boot_id" pid=624 comm="tcpdump" requested_mask="r" denied_mask="r" fsuid=0 ouid=0
[    9.476037] audit: type=1400 audit(1768148741.320:46): apparmor="DENIED" operation="open" profile="/usr/sbin/tcpdump" name="/proc/sys/kernel/random/boot_id" pid=625 comm="tcpdump" requested_mask="r" denied_mask="r" fsuid=0 ouid=0
[    9.476229] audit: type=1400 audit(1768148741.320:47): apparmor="DENIED" operation="open" profile="/usr/sbin/tcpdump" name="/proc/sys/kernel/random/boot_id" pid=625 comm="tcpdump" requested_mask="r" denied_mask="r" fsuid=0 ouid=0
[    9.476268] audit: type=1400 audit(1768148741.320:48): apparmor="DENIED" operation="open" profile="/usr/sbin/tcpdump" name="/proc/sys/kernel/random/boot_id" pid=625 comm="tcpdump" requested_mask="r" denied_mask="r" fsuid=0 ouid=0
[    9.476352] audit: type=1400 audit(1768148741.320:49): apparmor="DENIED" operation="open" profile="/usr/sbin/tcpdump" name="/proc/sys/kernel/random/boot_id" pid=625 comm="tcpdump" requested_mask="r" denied_mask="r" fsuid=0 ouid=0
[   15.411657] rfkill: input handler disabled
[  277.749762] AAAAA-TCP_FORW: name:enp0s3: saddr:16783984: daddr:100932208
[  277.958407] AAAAA-TCP_FORW: name:enp0s3: saddr:16783984: daddr:100932208
[  278.158109] AAAAA-TCP_FORW: name:enp0s3: saddr:16783984: daddr:100932208
[  278.194096] AAAAA-TCP_FORW: name:enp0s3: saddr:16783984: daddr:100932208
[  278.458842] AAAAA-TCP_FORW: name:enp0s3: saddr:16783984: daddr:100932208
[  278.652390] AAAAA-TCP_FORW: name:enp0s3: saddr:16783984: daddr:100932208
[  278.960408] AAAAA-TCP_FORW: name:enp0s3: saddr:16783984: daddr:100932208
[  279.344068] AAAAA-TCP_FORW: name:enp0s3: saddr:16783984: daddr:100932208
[  279.474682] AAAAA-TCP_FORW: name:enp0s3: saddr:16783984: daddr:100932208
[  279.538717] AAAAA-TCP_FORW: name:enp0s3: saddr:16783984: daddr:100932208
[  279.747814] AAAAA-TCP_FORW: name:enp0s3: saddr:16783984: daddr:100932208
[  279.887012] AAAAA-TCP_FORW: name:enp0s3: saddr:16783984: daddr:100932208
[  279.922257] AAAAA-TCP_FORW: name:enp0s3: saddr:16783984: daddr:100932208
[  280.153619] AAAAA-TCP_FORW: name:enp0s3: saddr:16783984: daddr:100932208
[  280.456528] AAAAA-TCP_FORW: name:enp0s3: saddr:16783984: daddr:100932208
[  280.866195] AAAAA-TCP_FORW: name:enp0s3: saddr:16783984: daddr:100932208
[  280.922571] AAAAA-TCP_FORW: name:enp0s3: saddr:16783984: daddr:100932208
[  281.146382] AAAAA-TCP_FORW: name:enp0s3: saddr:16783984: daddr:100932208
[  281.367370] AAAAA-TCP_FORW: name:enp0s3: saddr:16783984: daddr:100932208
[  281.552986] AAAAA-TCP_FORW: name:enp0s3: saddr:16783984: daddr:100932208
[  281.597155] AAAAA-TCP_FORW: name:enp0s3: saddr:16783984: daddr:100932208
[  282.016989] AAAAA-TCP_FORW: name:enp0s3: saddr:33561200: daddr:100932208
[  282.817052] AAAAA-TCP_FORW: name:enp0s3: saddr:33561200: daddr:100932208
[  283.024279] AAAAA-TCP_FORW: name:enp0s3: saddr:33561200: daddr:100932208
[  283.306041] AAAAA-TCP_FORW: name:enp0s3: saddr:33561200: daddr:100932208
[  515.230126] rfkill: input handler enabled
[  523.914341] rfkill: input handler disabled
[  806.355878] device enp0s3 left promiscuous mode
