[    0.000000] Linux version 5.4.243-mptcp (root@ztg) (gcc version 12.2.0 (Debian 12.2.0-14+deb12u1)) #53 SMP Wed Dec 24 23:28:15 CST 2025
[    0.000000] Command line: BOOT_IMAGE=/boot/vmlinuz-5.4.243-mptcp root=UUID=98415a12-53b7-4144-8265-0f7ece09e445 ro quiet splash
[    0.000000] KERNEL supported cpus:
[    0.000000]   Intel GenuineIntel
[    0.000000]   AMD AuthenticAMD
[    0.000000]   Hygon HygonGenuine
[    0.000000]   Centaur CentaurHauls
[    0.000000]   zhaoxin   Shanghai  
[    0.000000] x86/fpu: Supporting XSAVE feature 0x001: 'x87 floating point registers'
[    0.000000] x86/fpu: Supporting XSAVE feature 0x002: 'SSE registers'
[    0.000000] x86/fpu: Supporting XSAVE feature 0x004: 'AVX registers'
[    0.000000] x86/fpu: xstate_offset[2]:  576, xstate_sizes[2]:  256
[    0.000000] x86/fpu: Enabled xstate features 0x7, context size is 832 bytes, using 'standard' format.
[    0.000000] BIOS-provided physical RAM map:
[    0.000000] BIOS-e820: [mem 0x0000000000000000-0x000000000009fbff] usable
[    0.000000] BIOS-e820: [mem 0x000000000009fc00-0x000000000009ffff] reserved
[    0.000000] BIOS-e820: [mem 0x00000000000f0000-0x00000000000fffff] reserved
[    0.000000] BIOS-e820: [mem 0x0000000000100000-0x000000007ffeffff] usable
[    0.000000] BIOS-e820: [mem 0x000000007fff0000-0x000000007fffffff] ACPI data
[    0.000000] BIOS-e820: [mem 0x00000000fec00000-0x00000000fec00fff] reserved
[    0.000000] BIOS-e820: [mem 0x00000000fee00000-0x00000000fee00fff] reserved
[    0.000000] BIOS-e820: [mem 0x00000000fffc0000-0x00000000ffffffff] reserved
[    0.000000] NX (Execute Disable) protection: active
[    0.000000] SMBIOS 2.5 present.
[    0.000000] DMI: innotek GmbH VirtualBox/VirtualBox, BIOS VirtualBox 12/01/2006
[    0.000000] Hypervisor detected: KVM
[    0.000000] kvm-clock: Using msrs 4b564d01 and 4b564d00
[    0.000000] kvm-clock: cpu 0, msr 1d801001, primary cpu clock
[    0.000000] kvm-clock: using sched offset of 4437094888 cycles
[    0.000002] clocksource: kvm-clock: mask: 0xffffffffffffffff max_cycles: 0x1cd42e4dffb, max_idle_ns: 881590591483 ns
[    0.000005] tsc: Detected 2100.000 MHz processor
[    0.001893] e820: update [mem 0x00000000-0x00000fff] usable ==> reserved
[    0.001895] e820: remove [mem 0x000a0000-0x000fffff] usable
[    0.001899] last_pfn = 0x7fff0 max_arch_pfn = 0x400000000
[    0.001966] MTRR default type: uncachable
[    0.001967] MTRR fixed ranges enabled:
[    0.001968]   00000-9FFFF write-back
[    0.001969]   A0000-BFFFF uncachable
[    0.001970]   C0000-FFFFF write-protect
[    0.001970] MTRR variable ranges enabled:
[    0.001972]   0 base 000000000000 mask 3FFF80000000 write-back
[    0.001972]   1 disabled
[    0.001973]   2 disabled
[    0.001973]   3 disabled
[    0.001974]   4 disabled
[    0.001974]   5 disabled
[    0.001974]   6 disabled
[    0.001975]   7 disabled
[    0.001975]   8 disabled
[    0.001976]   9 disabled
[    0.001976]   10 disabled
[    0.001977]   11 disabled
[    0.001977]   12 disabled
[    0.001977]   13 disabled
[    0.001978]   14 disabled
[    0.001978]   15 disabled
[    0.001995] x86/PAT: Configuration [0-7]: WB  WC  UC- UC  WB  WP  UC- WT  
[    0.002127] found SMP MP-table at [mem 0x0009fff0-0x0009ffff]
[    0.094922] check: Scanning 1 areas for low memory corruption
[    0.095111] RAMDISK: [mem 0x32271000-0x3512ffff]
[    0.095119] ACPI: Early table checksum verification disabled
[    0.095124] ACPI: RSDP 0x00000000000E0000 000024 (v02 VBOX  )
[    0.095128] ACPI: XSDT 0x000000007FFF0030 00003C (v01 VBOX   VBOXXSDT 00000001 ASL  00000061)
[    0.095134] ACPI: FACP 0x000000007FFF00F0 0000F4 (v04 VBOX   VBOXFACP 00000001 ASL  00000061)
[    0.095141] ACPI: DSDT 0x000000007FFF02E0 002353 (v02 VBOX   VBOXBIOS 00000002 VBOX 00029BF3)
[    0.095145] ACPI: FACS 0x000000007FFF0200 000040
[    0.095148] ACPI: FACS 0x000000007FFF0200 000040
[    0.095151] ACPI: APIC 0x000000007FFF0240 000054 (v02 VBOX   VBOXAPIC 00000001 ASL  00000061)
[    0.095155] ACPI: SSDT 0x000000007FFF02A0 000038 (v01 VBOX   VBOXCPUT 00000002 VBOX 00029BF3)
[    0.095158] ACPI: Reserving FACP table memory at [mem 0x7fff00f0-0x7fff01e3]
[    0.095159] ACPI: Reserving DSDT table memory at [mem 0x7fff02e0-0x7fff2632]
[    0.095160] ACPI: Reserving FACS table memory at [mem 0x7fff0200-0x7fff023f]
[    0.095161] ACPI: Reserving FACS table memory at [mem 0x7fff0200-0x7fff023f]
[    0.095161] ACPI: Reserving APIC table memory at [mem 0x7fff0240-0x7fff0293]
[    0.095162] ACPI: Reserving SSDT table memory at [mem 0x7fff02a0-0x7fff02d7]
[    0.095175] ACPI: Local APIC address 0xfee00000
[    0.095368] No NUMA configuration found
[    0.095369] Faking a node at [mem 0x0000000000000000-0x000000007ffeffff]
[    0.095379] NODE_DATA(0) allocated [mem 0x7ffc5000-0x7ffeffff]
[    0.095640] Zone ranges:
[    0.095641]   DMA      [mem 0x0000000000001000-0x0000000000ffffff]
[    0.095642]   DMA32    [mem 0x0000000001000000-0x000000007ffeffff]
[    0.095643]   Normal   empty
[    0.095644]   Device   empty
[    0.095644] Movable zone start for each node
[    0.095646] Early memory node ranges
[    0.095647]   node   0: [mem 0x0000000000001000-0x000000000009efff]
[    0.095648]   node   0: [mem 0x0000000000100000-0x000000007ffeffff]
[    0.095651] Zeroed struct page in unavailable ranges: 114 pages
[    0.095652] Initmem setup node 0 [mem 0x0000000000001000-0x000000007ffeffff]
[    0.095654] On node 0 totalpages: 524174
[    0.095655]   DMA zone: 64 pages used for memmap
[    0.095655]   DMA zone: 21 pages reserved
[    0.095656]   DMA zone: 3998 pages, LIFO batch:0
[    0.095728]   DMA32 zone: 8128 pages used for memmap
[    0.095729]   DMA32 zone: 520176 pages, LIFO batch:63
[    0.104662] ACPI: PM-Timer IO Port: 0x4008
[    0.104666] ACPI: Local APIC address 0xfee00000
[    0.104738] IOAPIC[0]: apic_id 1, version 32, address 0xfec00000, GSI 0-23
[    0.104741] ACPI: INT_SRC_OVR (bus 0 bus_irq 0 global_irq 2 dfl dfl)
[    0.104743] ACPI: INT_SRC_OVR (bus 0 bus_irq 9 global_irq 9 low level)
[    0.104745] ACPI: IRQ0 used by override.
[    0.104746] ACPI: IRQ9 used by override.
[    0.104749] Using ACPI (MADT) for SMP configuration information
[    0.104756] smpboot: Allowing 1 CPUs, 0 hotplug CPUs
[    0.104779] PM: Registered nosave memory: [mem 0x00000000-0x00000fff]
[    0.104780] PM: Registered nosave memory: [mem 0x0009f000-0x0009ffff]
[    0.104780] PM: Registered nosave memory: [mem 0x000a0000-0x000effff]
[    0.104781] PM: Registered nosave memory: [mem 0x000f0000-0x000fffff]
[    0.104783] [mem 0x80000000-0xfebfffff] available for PCI devices
[    0.104784] Booting paravirtualized kernel on KVM
[    0.104786] clocksource: refined-jiffies: mask: 0xffffffff max_cycles: 0xffffffff, max_idle_ns: 7645519600211568 ns
[    0.104791] setup_percpu: NR_CPUS:8192 nr_cpumask_bits:1 nr_cpu_ids:1 nr_node_ids:1
[    0.105795] percpu: Embedded 60 pages/cpu s208896 r8192 d28672 u2097152
[    0.105800] pcpu-alloc: s208896 r8192 d28672 u2097152 alloc=1*2097152
[    0.105801] pcpu-alloc: [0] 0 
[    0.105827] Built 1 zonelists, mobility grouping on.  Total pages: 515961
[    0.105828] Policy zone: DMA32
[    0.105829] Kernel command line: BOOT_IMAGE=/boot/vmlinuz-5.4.243-mptcp root=UUID=98415a12-53b7-4144-8265-0f7ece09e445 ro quiet splash
[    0.106695] Dentry cache hash table entries: 262144 (order: 9, 2097152 bytes, linear)
[    0.106841] Inode-cache hash table entries: 131072 (order: 8, 1048576 bytes, linear)
[    0.106892] mem auto-init: stack:off, heap alloc:on, heap free:off
[    0.106895] Calgary: detecting Calgary via BIOS EBDA area
[    0.106896] Calgary: Unable to locate Rio Grande table in EBDA - bailing!
[    0.110989] Memory: 1967332K/2096696K available (14339K kernel code, 2398K rwdata, 4712K rodata, 2728K init, 17260K bss, 129364K reserved, 0K cma-reserved)
[    0.111908] SLUB: HWalign=64, Order=0-3, MinObjects=0, CPUs=1, Nodes=1
[    0.111924] ftrace: allocating 43186 entries in 169 pages
[    0.130155] rcu: Hierarchical RCU implementation.
[    0.130157] rcu: 	RCU restricting CPUs from NR_CPUS=8192 to nr_cpu_ids=1.
[    0.130158] 	Tasks RCU enabled.
[    0.130159] rcu: RCU calculated value of scheduler-enlistment delay is 25 jiffies.
[    0.130160] rcu: Adjusting geometry for rcu_fanout_leaf=16, nr_cpu_ids=1
[    0.133122] NR_IRQS: 524544, nr_irqs: 256, preallocated irqs: 16
[    0.133333] random: crng init done
[    0.142552] Console: colour VGA+ 80x25
[    0.142557] printk: console [tty0] enabled
[    0.142581] ACPI: Core revision 20190816
[    0.142682] APIC: Switch to symmetric I/O mode setup
[    0.142935] x2apic enabled
[    0.143172] Switched APIC routing to physical x2apic.
[    0.144304] ..TIMER: vector=0x30 apic1=0 pin1=2 apic2=-1 pin2=-1
[    0.144328] clocksource: tsc-early: mask: 0xffffffffffffffff max_cycles: 0x1e4530a99b6, max_idle_ns: 440795257976 ns
[    0.144334] Calibrating delay loop (skipped) preset value.. 4200.00 BogoMIPS (lpj=8400000)
[    0.144336] pid_max: default: 32768 minimum: 301
[    0.144365] LSM: Security Framework initializing
[    0.144374] Yama: becoming mindful.
[    0.144399] AppArmor: AppArmor initialized
[    0.144442] Mount-cache hash table entries: 4096 (order: 3, 32768 bytes, linear)
[    0.144446] Mountpoint-cache hash table entries: 4096 (order: 3, 32768 bytes, linear)
[    0.144456] *** VALIDATE tmpfs ***
[    0.144585] *** VALIDATE proc ***
[    0.144626] *** VALIDATE cgroup1 ***
[    0.144627] *** VALIDATE cgroup2 ***
[    0.144770] process: using mwait in idle threads
[    0.144775] Last level iTLB entries: 4KB 64, 2MB 8, 4MB 8
[    0.144775] Last level dTLB entries: 4KB 64, 2MB 0, 4MB 0, 1GB 4
[    0.144795] Spectre V1 : Mitigation: usercopy/swapgs barriers and __user pointer sanitization
[    0.144801] Spectre V2 : Mitigation: Retpolines
[    0.144801] Spectre V2 : Spectre v2 / SpectreRSB mitigation: Filling RSB on context switch
[    0.144802] Spectre V2 : Spectre v2 / SpectreRSB : Filling RSB on VMEXIT
[    0.144802] RETBleed: WARNING: Spectre v2 mitigation leaves CPU vulnerable to RETBleed attacks, data leaks possible!
[    0.145161] RETBleed: Vulnerable
[    0.145161] Speculative Store Bypass: Vulnerable
[    0.145167] TAA: Mitigation: TSX disabled
[    0.145167] MMIO Stale Data: Mitigation: Clear CPU buffers
[    0.149393] Freeing SMP alternatives memory: 40K
[    0.261601] smpboot: CPU0: Intel(R) Xeon(R) Silver 4216 CPU @ 2.10GHz (family: 0x6, model: 0x55, stepping: 0x7)
[    0.261745] Performance Events: unsupported p6 CPU model 85 no PMU driver, software events only.
[    0.261782] rcu: Hierarchical SRCU implementation.
[    0.262283] NMI watchdog: Perf NMI watchdog permanently disabled
[    0.262326] smp: Bringing up secondary CPUs ...
[    0.262327] smp: Brought up 1 node, 1 CPU
[    0.262328] smpboot: Max logical packages: 1
[    0.262330] smpboot: Total of 1 processors activated (4200.00 BogoMIPS)
[    0.263284] devtmpfs: initialized
[    0.263332] x86/mm: Memory block size: 128MB
[    0.263680] clocksource: jiffies: mask: 0xffffffff max_cycles: 0xffffffff, max_idle_ns: 7645041785100000 ns
[    0.263686] futex hash table entries: 256 (order: 2, 16384 bytes, linear)
[    0.263728] pinctrl core: initialized pinctrl subsystem
[    0.263831] PM: RTC time: 21:31:49, date: 2026-01-12
[    0.263937] NET: Registered protocol family 16
[    0.264010] audit: initializing netlink subsys (disabled)
[    0.264138] EISA bus registered
[    0.264139] cpuidle: using governor ladder
[    0.264140] cpuidle: using governor menu
[    0.264176] ACPI: bus type PCI registered
[    0.264178] acpiphp: ACPI Hot Plug PCI Controller Driver version: 0.5
[    0.264280] PCI: Using configuration type 1 for base access
[    0.264658] audit: type=2000 audit(1768224715.450:1): state=initialized audit_enabled=0 res=1
[    0.264742] HugeTLB registered 2.00 MiB page size, pre-allocated 0 pages
[    0.265558] ACPI: Added _OSI(Module Device)
[    0.265559] ACPI: Added _OSI(Processor Device)
[    0.265560] ACPI: Added _OSI(3.0 _SCP Extensions)
[    0.265560] ACPI: Added _OSI(Processor Aggregator Device)
[    0.265561] ACPI: Added _OSI(Linux-Dell-Video)
[    0.265562] ACPI: Added _OSI(Linux-Lenovo-NV-HDMI-Audio)
[    0.265563] ACPI: Added _OSI(Linux-HPI-Hybrid-Graphics)
[    0.267504] ACPI: 2 ACPI AML tables successfully acquired and loaded
[    0.269029] ACPI: Interpreter enabled
[    0.269038] ACPI: (supports S0 S5)
[    0.269039] ACPI: Using IOAPIC for interrupt routing
[    0.269244] PCI: Using host bridge windows from ACPI; if necessary, use "pci=nocrs" and report a bug
[    0.269353] ACPI: Enabled 2 GPEs in block 00 to 07
[    0.274159] ACPI: PCI Root Bridge [PCI0] (domain 0000 [bus 00-ff])
[    0.274164] acpi PNP0A03:00: _OSC: OS supports [ASPM ClockPM Segments MSI HPX-Type3]
[    0.274607] acpi PNP0A03:00: _OSC: not requesting OS control; OS requires [ExtendedConfig ASPM ClockPM MSI]
[    0.274615] acpi PNP0A03:00: fail to add MMCONFIG information, can't access extended PCI configuration space under this bridge.
[    0.274985] PCI host bridge to bus 0000:00
[    0.274987] pci_bus 0000:00: root bus resource [io  0x0000-0x0cf7 window]
[    0.274988] pci_bus 0000:00: root bus resource [io  0x0d00-0xffff window]
[    0.274990] pci_bus 0000:00: root bus resource [mem 0x000a0000-0x000bffff window]
[    0.274991] pci_bus 0000:00: root bus resource [mem 0x80000000-0xfdffffff window]
[    0.274992] pci_bus 0000:00: root bus resource [bus 00-ff]
[    0.275032] pci 0000:00:00.0: [8086:1237] type 00 class 0x060000
[    0.275962] pci 0000:00:01.0: [8086:7000] type 00 class 0x060100
[    0.276913] pci 0000:00:01.1: [8086:7111] type 00 class 0x01018a
[    0.277289] pci 0000:00:01.1: reg 0x20: [io  0xd000-0xd00f]
[    0.277443] pci 0000:00:01.1: legacy IDE quirk: reg 0x10: [io  0x01f0-0x01f7]
[    0.277444] pci 0000:00:01.1: legacy IDE quirk: reg 0x14: [io  0x03f6]
[    0.277444] pci 0000:00:01.1: legacy IDE quirk: reg 0x18: [io  0x0170-0x0177]
[    0.277445] pci 0000:00:01.1: legacy IDE quirk: reg 0x1c: [io  0x0376]
[    0.277983] pci 0000:00:02.0: [15ad:0405] type 00 class 0x030000
[    0.280410] pci 0000:00:02.0: reg 0x10: [io  0xd010-0xd01f]
[    0.283205] pci 0000:00:02.0: reg 0x14: [mem 0xe0000000-0xe7ffffff pref]
[    0.286195] pci 0000:00:02.0: reg 0x18: [mem 0xf0000000-0xf01fffff]
[    0.297137] pci 0000:00:03.0: [1022:2000] type 00 class 0x020000
[    0.297854] pci 0000:00:03.0: reg 0x10: [io  0xd020-0xd03f]
[    0.298503] pci 0000:00:03.0: reg 0x14: [mem 0xf0200000-0xf0200fff]
[    0.301840] pci 0000:00:04.0: [80ee:cafe] type 00 class 0x088000
[    0.302522] pci 0000:00:04.0: reg 0x10: [io  0xd040-0xd05f]
[    0.303142] pci 0000:00:04.0: reg 0x14: [mem 0xf0400000-0xf07fffff]
[    0.304951] pci 0000:00:04.0: reg 0x18: [mem 0xf0800000-0xf0803fff pref]
[    0.308373] pci 0000:00:07.0: [8086:7113] type 00 class 0x068000
[    0.308934] pci 0000:00:07.0: quirk: [io  0x4000-0x403f] claimed by PIIX4 ACPI
[    0.308944] pci 0000:00:07.0: quirk: [io  0x4100-0x410f] claimed by PIIX4 SMB
[    0.309555] pci 0000:00:08.0: [8086:100e] type 00 class 0x020000
[    0.310262] pci 0000:00:08.0: reg 0x10: [mem 0xf0820000-0xf083ffff]
[    0.311427] pci 0000:00:08.0: reg 0x18: [io  0xd060-0xd067]
[    0.314538] pci 0000:00:09.0: [8086:100e] type 00 class 0x020000
[    0.315266] pci 0000:00:09.0: reg 0x10: [mem 0xf0840000-0xf085ffff]
[    0.316446] pci 0000:00:09.0: reg 0x18: [io  0xd068-0xd06f]
[    0.325396] ACPI: PCI Interrupt Link [LNKA] (IRQs 5 9 10 *11)
[    0.325679] ACPI: PCI Interrupt Link [LNKB] (IRQs 5 9 *10 11)
[    0.325782] ACPI: PCI Interrupt Link [LNKC] (IRQs 5 *9 10 11)
[    0.325886] ACPI: PCI Interrupt Link [LNKD] (IRQs 5 9 10 *11)
[    0.328591] iommu: Default domain type: Translated 
[    0.328656] pci 0000:00:02.0: vgaarb: setting as boot VGA device
[    0.328657] pci 0000:00:02.0: vgaarb: VGA device added: decodes=io+mem,owns=io+mem,locks=none
[    0.328660] pci 0000:00:02.0: vgaarb: bridge control possible
[    0.328661] vgaarb: loaded
[    0.328874] SCSI subsystem initialized
[    0.328907] libata version 3.00 loaded.
[    0.328932] ACPI: bus type USB registered
[    0.328948] usbcore: registered new interface driver usbfs
[    0.328954] usbcore: registered new interface driver hub
[    0.328959] usbcore: registered new device driver usb
[    0.328988] pps_core: LinuxPPS API ver. 1 registered
[    0.328988] pps_core: Software ver. 5.3.6 - Copyright 2005-2007 Rodolfo Giometti <giometti@linux.it>
[    0.328990] PTP clock support registered
[    0.329025] EDAC MC: Ver: 3.0.0
[    0.329331] PCI: Using ACPI for IRQ routing
[    0.329333] PCI: pci_cache_line_size set to 64 bytes
[    0.329503] e820: reserve RAM buffer [mem 0x0009fc00-0x0009ffff]
[    0.329507] e820: reserve RAM buffer [mem 0x7fff0000-0x7fffffff]
[    0.330303] NetLabel: Initializing
[    0.330304] NetLabel:  domain hash size = 128
[    0.330304] NetLabel:  protocols = UNLABELED CIPSOv4 CALIPSO
[    0.330325] NetLabel:  unlabeled traffic allowed by default
[    0.331234] clocksource: Switched to clocksource kvm-clock
[    0.343314] *** VALIDATE bpf ***
[    0.343383] VFS: Disk quotas dquot_6.6.0
[    0.343396] VFS: Dquot-cache hash table entries: 512 (order 0, 4096 bytes)
[    0.343420] *** VALIDATE ramfs ***
[    0.343423] *** VALIDATE hugetlbfs ***
[    0.343509] AppArmor: AppArmor Filesystem Enabled
[    0.343538] pnp: PnP ACPI init
[    0.343595] pnp 00:00: Plug and Play ACPI device, IDs PNP0303 (active)
[    0.343705] pnp 00:01: Plug and Play ACPI device, IDs PNP0f03 (active)
[    0.344459] pnp: PnP ACPI: found 2 devices
[    0.345434] thermal_sys: Registered thermal governor 'fair_share'
[    0.345435] thermal_sys: Registered thermal governor 'bang_bang'
[    0.345436] thermal_sys: Registered thermal governor 'step_wise'
[    0.345436] thermal_sys: Registered thermal governor 'user_space'
[    0.345437] thermal_sys: Registered thermal governor 'power_allocator'
[    0.349969] clocksource: acpi_pm: mask: 0xffffff max_cycles: 0xffffff, max_idle_ns: 2085701024 ns
[    0.350012] pci_bus 0000:00: resource 4 [io  0x0000-0x0cf7 window]
[    0.350013] pci_bus 0000:00: resource 5 [io  0x0d00-0xffff window]
[    0.350014] pci_bus 0000:00: resource 6 [mem 0x000a0000-0x000bffff window]
[    0.350016] pci_bus 0000:00: resource 7 [mem 0x80000000-0xfdffffff window]
[    0.350078] NET: Registered protocol family 2
[    0.350154] IP idents hash table entries: 32768 (order: 6, 262144 bytes, linear)
[    0.350580] MPTCP tokens hash table entries: 8192 (order: 4, 65536 bytes, linear)
[    0.350600] MPTCP request tokens hash table entries: 8192 (order: 4, 65536 bytes, linear)
[    0.350625] default registered
[    0.350625] default registered
[    0.350626] MPTCP: Stable release v0.96
[    0.350630] tcp_listen_portaddr_hash hash table entries: 1024 (order: 2, 16384 bytes, linear)
[    0.350711] TCP established hash table entries: 16384 (order: 5, 131072 bytes, linear)
[    0.350777] TCP bind hash table entries: 16384 (order: 6, 262144 bytes, linear)
[    0.350802] TCP: Hash tables configured (established 16384 bind 16384)
[    0.351548] UDP hash table entries: 1024 (order: 3, 32768 bytes, linear)
[    0.351560] UDP-Lite hash table entries: 1024 (order: 3, 32768 bytes, linear)
[    0.351595] NET: Registered protocol family 1
[    0.351603] NET: Registered protocol family 44
[    0.351626] pci 0000:00:00.0: Limiting direct PCI/PCI transfers
[    0.351639] pci 0000:00:01.0: Activating ISA DMA hang workarounds
[    0.351696] pci 0000:00:02.0: Video device with shadowed ROM at [mem 0x000c0000-0x000dffff]
[    0.351759] PCI: CLS 0 bytes, default 64
[    0.351810] Trying to unpack rootfs image as initramfs...
[    0.527053] Freeing initrd memory: 47868K
[    0.527053] clocksource: tsc: mask: 0xffffffffffffffff max_cycles: 0x1e4530a99b6, max_idle_ns: 440795257976 ns
[    0.527053] clocksource: Switched to clocksource tsc
[    0.527053] platform rtc_cmos: registered platform RTC device (no PNP device found)
[    0.527053] check: Scanning for low memory corruption every 60 seconds
[    0.527053] Initialise system trusted keyrings
[    0.527053] Key type blacklist registered
[    0.527053] workingset: timestamp_bits=36 max_order=19 bucket_order=0
[    0.527053] zbud: loaded
[    0.527053] squashfs: version 4.0 (2009/01/31) Phillip Lougher
[    0.527053] fuse: init (API version 7.31)
[    0.527053] *** VALIDATE fuse ***
[    0.527053] *** VALIDATE fuse ***
[    0.527053] Platform Keyring initialized
[    0.542085] Key type asymmetric registered
[    0.542086] Asymmetric key parser 'x509' registered
[    0.542096] Block layer SCSI generic (bsg) driver version 0.4 loaded (major 244)
[    0.542137] io scheduler mq-deadline registered
[    0.542274] shpchp: Standard Hot Plug PCI Controller Driver version: 0.4
[    0.542481] ACPI: AC Adapter [AC] (on-line)
[    0.542525] input: Power Button as /devices/LNXSYSTM:00/LNXPWRBN:00/input/input0
[    0.542553] ACPI: Power Button [PWRF]
[    0.542639] input: Sleep Button as /devices/LNXSYSTM:00/LNXSLPBN:00/input/input1
[    0.542654] ACPI: Sleep Button [SLPF]
[    0.542914] Serial: 8250/16550 driver, 32 ports, IRQ sharing enabled
[    0.544081] Linux agpgart interface v0.103
[    0.639050] loop: module loaded
[    0.639198] ata_piix 0000:00:01.1: version 2.13
[    0.639601] scsi host0: ata_piix
[    0.639693] scsi host1: ata_piix
[    0.639719] ata1: PATA max UDMA/33 cmd 0x1f0 ctl 0x3f6 bmdma 0xd000 irq 14
[    0.639720] ata2: PATA max UDMA/33 cmd 0x170 ctl 0x376 bmdma 0xd008 irq 15
[    0.639800] tun: Universal TUN/TAP device driver, 1.6
[    0.640105] PPP generic driver version 2.4.2
[    0.640146] VFIO - User Level meta-driver version: 0.3
[    0.640382] ehci_hcd: USB 2.0 'Enhanced' Host Controller (EHCI) Driver
[    0.640387] ehci-pci: EHCI PCI platform driver
[    0.640402] ehci-platform: EHCI generic platform driver
[    0.640407] ohci_hcd: USB 1.1 'Open' Host Controller (OHCI) Driver
[    0.640409] ohci-pci: OHCI PCI platform driver
[    0.640416] ohci-platform: OHCI generic platform driver
[    0.640420] uhci_hcd: USB Universal Host Controller Interface driver
[    0.640490] i8042: PNP: PS/2 Controller [PNP0303:PS2K,PNP0f03:PS2M] at 0x60,0x64 irq 1,12
[    0.640939] serio: i8042 KBD port at 0x60,0x64 irq 1
[    0.640944] serio: i8042 AUX port at 0x60,0x64 irq 12
[    0.641031] mousedev: PS/2 mouse device common for all mice
[    0.641285] input: AT Translated Set 2 keyboard as /devices/platform/i8042/serio0/input/input2
[    0.641684] rtc_cmos rtc_cmos: registered as rtc0
[    0.641697] rtc_cmos rtc_cmos: alarms up to one day, 114 bytes nvram
[    0.641702] i2c /dev entries driver
[    0.641745] device-mapper: uevent: version 1.0.3
[    0.641789] device-mapper: ioctl: 4.41.0-ioctl (2019-09-16) initialised: dm-devel@redhat.com
[    0.641804] platform eisa.0: Probing EISA bus 0
[    0.641805] platform eisa.0: EISA: Cannot allocate resource for mainboard
[    0.641807] platform eisa.0: Cannot allocate resource for EISA slot 1
[    0.641808] platform eisa.0: Cannot allocate resource for EISA slot 2
[    0.641809] platform eisa.0: Cannot allocate resource for EISA slot 3
[    0.641810] platform eisa.0: Cannot allocate resource for EISA slot 4
[    0.641811] platform eisa.0: Cannot allocate resource for EISA slot 5
[    0.641811] platform eisa.0: Cannot allocate resource for EISA slot 6
[    0.641812] platform eisa.0: Cannot allocate resource for EISA slot 7
[    0.641813] platform eisa.0: Cannot allocate resource for EISA slot 8
[    0.641814] platform eisa.0: EISA: Detected 0 cards
[    0.641817] intel_pstate: CPU model not supported
[    0.641826] ledtrig-cpu: registered to indicate activity on CPUs
[    0.641880] drop_monitor: Initializing network drop monitor service
[    0.642038] NET: Registered protocol family 10
[    0.647186] Segment Routing with IPv6
[    0.647211] fullmesh registered
[    0.647211] ndiffports registered
[    0.647211] binder registered
[    0.647211] roundrobin registered
[    0.647211] redundant registered
[    0.647211] blest registered
[    0.647211] ecf registered
[    0.647211] NET: Registered protocol family 17
[    0.647211] Key type dns_resolver registered
[    0.647211] RAS: Correctable Errors collector initialized.
[    0.647211] IPI shorthand broadcast: enabled
[    0.647211] sched_clock: Marking stable (632204155, 11007684)->(645445740, -2233901)
[    0.647437] registered taskstats version 1
[    0.647445] Loading compiled-in X.509 certificates
[    0.648037] Loaded X.509 cert 'Build time autogenerated kernel key: 6909f3744cebb3d0de528d5887b96a727de79b1e'
[    0.648055] zswap: loaded using pool lzo/zbud
[    0.648109] Key type ._fscrypt registered
[    0.648110] Key type .fscrypt registered
[    0.652620] Key type big_key registered
[    0.654843] Key type encrypted registered
[    0.654845] AppArmor: AppArmor sha1 policy hashing enabled
[    0.654853] ima: No TPM chip found, activating TPM-bypass!
[    0.654857] ima: Allocated hash algorithm: sha1
[    0.654862] ima: No architecture policies found
[    0.654873] evm: Initialising EVM extended attributes:
[    0.654873] evm: security.selinux
[    0.654874] evm: security.SMACK64
[    0.654874] evm: security.SMACK64EXEC
[    0.654874] evm: security.SMACK64TRANSMUTE
[    0.654875] evm: security.SMACK64MMAP
[    0.654875] evm: security.apparmor
[    0.654876] evm: security.ima
[    0.654876] evm: security.capability
[    0.654877] evm: HMAC attrs: 0x1
[    0.655178] PM:   Magic number: 10:576:550
[    0.655191] tty ttyS26: hash matches
[    0.655211] acpi PNP0C0F:01: hash matches
[    0.655297] rtc_cmos rtc_cmos: setting system clock to 2026-01-12T21:31:50 UTC (1768253510)
[    0.810735] ata1.00: ATA-6: VBOX HARDDISK, 1.0, max UDMA/133
[    0.810737] ata1.00: 209715200 sectors, multi 128: LBA 
[    0.811509] scsi 0:0:0:0: Direct-Access     ATA      VBOX HARDDISK    1.0  PQ: 0 ANSI: 5
[    0.811681] sd 0:0:0:0: [sda] 209715200 512-byte logical blocks: (107 GB/100 GiB)
[    0.811689] sd 0:0:0:0: Attached scsi generic sg0 type 0
[    0.811711] sd 0:0:0:0: [sda] Write Protect is off
[    0.811713] sd 0:0:0:0: [sda] Mode Sense: 00 3a 00 00
[    0.811723] sd 0:0:0:0: [sda] Write cache: enabled, read cache: enabled, doesn't support DPO or FUA
[    0.812751]  sda: sda1 sda2
[    0.819168] sd 0:0:0:0: [sda] Attached SCSI disk
[    0.820956] Freeing unused decrypted memory: 2040K
[    0.821633] Freeing unused kernel image memory: 2728K
[    0.821635] Write protecting the kernel read-only data: 22528k
[    0.822293] Freeing unused kernel image memory: 2036K
[    0.822672] Freeing unused kernel image memory: 1432K
[    0.835634] x86/mm: Checked W+X mappings: passed, no W+X pages found.
[    0.835637] Run /init as init process
[    0.928597] ACPI: Video Device [GFX0] (multi-head: yes  rom: no  post: no)
[    0.928669] input: Video Bus as /devices/LNXSYSTM:00/LNXSYBUS:00/PNP0A03:00/LNXVIDEO:00/input/input4
[    0.942721] piix4_smbus 0000:00:07.0: SMBus Host Controller at 0x4100, revision 0
[    0.943962] pcnet32: pcnet32.c:v1.35 21.Apr.2008 tsbogend@alpha.franken.de
[    0.946652] e1000: Intel(R) PRO/1000 Network Driver - version 7.3.21-k8-NAPI
[    0.946653] e1000: Copyright (c) 1999-2006 Intel Corporation.
[    0.960453] pcnet32: PCnet/FAST III 79C973 at 0xd020, 08:00:27:a0:96:3a assigned IRQ 19
[    0.960499] pcnet32: Found PHY 0022:561b at address 0
[    0.960801] pcnet32: eth0: registered as PCnet/FAST III 79C973
[    0.960826] pcnet32: 1 cards_found
[    1.018767] pcnet32 0000:00:03.0 enp0s3: renamed from eth0
[    1.156588] input: ImExPS/2 Generic Explorer Mouse as /devices/platform/i8042/serio1/input/input5
[    1.367313] e1000 0000:00:08.0 eth0: (PCI:33MHz:32-bit) 08:00:27:28:63:ab
[    1.367318] e1000 0000:00:08.0 eth0: Intel(R) PRO/1000 Network Connection
[    1.751334] e1000 0000:00:09.0 eth1: (PCI:33MHz:32-bit) 08:00:27:e9:72:bf
[    1.751337] e1000 0000:00:09.0 eth1: Intel(R) PRO/1000 Network Connection
[    1.752516] e1000 0000:00:09.0 enp0s9: renamed from eth1
[    1.754295] e1000 0000:00:08.0 enp0s8: renamed from eth0
[    1.899947] EXT4-fs (sda2): mounted filesystem with ordered data mode. Opts: (null)
[    1.991666] systemd[1]: Inserted module 'autofs4'
[    2.003388] systemd[1]: systemd 245.4-4ubuntu3 running in system mode. (+PAM +AUDIT +SELINUX +IMA +APPARMOR +SMACK +SYSVINIT +UTMP +LIBCRYPTSETUP +GCRYPT +GNUTLS +ACL +XZ +LZ4 +SECCOMP +BLKID +ELFUTILS +KMOD +IDN2 -IDN +PCRE2 default-hierarchy=hybrid)
[    2.003419] systemd[1]: Detected virtualization oracle.
[    2.003422] systemd[1]: Detected architecture x86-64.
[    2.004717] systemd[1]: Set hostname to <ztg>.
[    2.133633] systemd[1]: /lib/systemd/system/dbus.socket:5: ListenStream= references a path below legacy directory /var/run/, updating /var/run/dbus/system_bus_socket â†’ /run/dbus/system_bus_socket; please update the unit file accordingly.
[    2.188144] systemd[1]: Created slice system-modprobe.slice.
[    2.188331] systemd[1]: Created slice User and Session Slice.
[    2.188376] systemd[1]: Started Forward Password Requests to Wall Directory Watch.
[    2.188540] systemd[1]: Set up automount Arbitrary Executable File Formats File System Automount Point.
[    2.188574] systemd[1]: Reached target User and Group Name Lookups.
[    2.188584] systemd[1]: Reached target Remote File Systems.
[    2.188593] systemd[1]: Reached target Slices.
[    2.189168] systemd[1]: Listening on Syslog Socket.
[    2.189239] systemd[1]: Listening on fsck to fsckd communication Socket.
[    2.189278] systemd[1]: Listening on initctl Compatibility Named Pipe.
[    2.189411] systemd[1]: Listening on Journal Audit Socket.
[    2.189462] systemd[1]: Listening on Journal Socket (/dev/log).
[    2.189529] systemd[1]: Listening on Journal Socket.
[    2.189592] systemd[1]: Listening on udev Control Socket.
[    2.189632] systemd[1]: Listening on udev Kernel Socket.
[    2.190398] systemd[1]: Mounting Huge Pages File System...
[    2.191383] systemd[1]: Mounting POSIX Message Queue File System...
[    2.192337] systemd[1]: Mounting Kernel Debug File System...
[    2.193212] systemd[1]: Mounting Kernel Trace File System...
[    2.195203] systemd[1]: Starting Journal Service...
[    2.221066] systemd[1]: Starting Set the console keyboard layout...
[    2.229251] systemd[1]: Starting Create list of static device nodes for the current kernel...
[    2.231396] systemd[1]: Starting Load Kernel Module drm...
[    2.232406] systemd[1]: Condition check resulted in Set Up Additional Binary Formats being skipped.
[    2.232451] systemd[1]: Condition check resulted in File System Check on Root Device being skipped.
[    2.244457] systemd[1]: Starting Load Kernel Modules...
[    2.249918] systemd[1]: Starting Remount Root and Kernel File Systems...
[    2.263311] systemd[1]: Starting udev Coldplug all Devices...
[    2.273756] systemd[1]: Starting Uncomplicated firewall...
[    2.275355] systemd[1]: Mounted Huge Pages File System.
[    2.275446] systemd[1]: Mounted POSIX Message Queue File System.
[    2.275522] systemd[1]: Mounted Kernel Debug File System.
[    2.275593] systemd[1]: Mounted Kernel Trace File System.
[    2.288267] EXT4-fs (sda2): re-mounted. Opts: errors=remount-ro
[    2.309954] systemd[1]: Finished Create list of static device nodes for the current kernel.
[    2.311321] systemd[1]: modprobe@drm.service: Succeeded.
[    2.321033] systemd[1]: Finished Load Kernel Module drm.
[    2.321908] systemd[1]: Finished Remount Root and Kernel File Systems.
[    2.323099] systemd[1]: Finished Uncomplicated firewall.
[    2.325591] lp: driver loaded but no devices found
[    2.344134] systemd[1]: Condition check resulted in Rebuild Hardware Database being skipped.
[    2.344180] systemd[1]: Condition check resulted in Platform Persistent Storage Archival being skipped.
[    2.344944] systemd[1]: Starting Load/Save Random Seed...
[    2.350509] systemd[1]: Starting Create System Users...
[    2.355758] ppdev: user-space parallel port driver
[    2.366760] systemd[1]: Finished Load/Save Random Seed.
[    2.374094] systemd[1]: Finished Create System Users.
[    2.374900] systemd[1]: Starting Create Static Device Nodes in /dev...
[    2.436370] systemd[1]: Finished Create Static Device Nodes in /dev.
[    2.437289] systemd[1]: Starting udev Kernel Device Manager...
[    2.444925] [drm] DMA map mode: Caching DMA mappings.
[    2.444989] [drm] Capabilities:
[    2.444989] [drm]   Rect copy.
[    2.444989] [drm]   Cursor.
[    2.444990] [drm]   Cursor bypass.
[    2.444990] [drm]   Cursor bypass 2.
[    2.444990] [drm]   Alpha cursor.
[    2.444991] [drm]   Extended Fifo.
[    2.444991] [drm]   Pitchlock.
[    2.444991] [drm]   Irq mask.
[    2.444992] [drm]   GMR.
[    2.444992] [drm]   Traces.
[    2.444992] [drm]   GMR2.
[    2.444993] [drm]   Screen Object 2.
[    2.444993] [drm]   Command Buffers.
[    2.444993] [drm]   Command Buffers 2.
[    2.444994] [drm]   Guest Backed Resources.
[    2.444995] [drm] Max GMR ids is 8192
[    2.444996] [drm] Max number of GMR pages is 1048576
[    2.444996] [drm] Max dedicated hypervisor surface memory is 393216 kiB
[    2.444997] [drm] Maximum display memory size is 131072 kiB
[    2.444998] [drm] VRAM at 0xe0000000 size is 131072 kiB
[    2.444998] [drm] MMIO at 0xf0000000 size is 2048 kiB
[    2.448186] [TTM] Zone  kernel: Available graphics memory: 1011738 KiB
[    2.448187] [TTM] Initializing pool allocator
[    2.448190] [TTM] Initializing DMA pool allocator
[    2.448220] [drm] Supports vblank timestamp caching Rev 2 (21.10.2013).
[    2.448221] [drm] No driver support for vblank timestamp query.
[    2.448452] [drm] Screen Target Display device initialized
[    2.448698] [drm] width 720
[    2.448710] [drm] height 400
[    2.448714] [drm] bpp 32
[    2.449234] [drm] Fifo max 0x00200000 min 0x00001000 cap 0x00000355
[    2.450332] [drm] Using command buffers with DMA pool.
[    2.450337] [drm] DX: no.
[    2.450337] [drm] Atomic: yes.
[    2.450337] [drm] SM4_1: no.
[    2.450357] [drm:vmw_host_log [vmwgfx]] *ERROR* Failed to send host log message.
[    2.451521] [drm:vmw_host_log [vmwgfx]] *ERROR* Failed to send host log message.
[    2.458610] systemd[1]: Finished udev Coldplug all Devices.
[    2.463563] fbcon: svgadrmfb (fb0) is primary device
[    2.465699] Console: switching to colour frame buffer device 100x37
[    2.476060] [drm] Initialized vmwgfx 2.15.0 20180704 for 0000:00:02.0 on minor 0
[    2.480018] systemd[1]: Finished Load Kernel Modules.
[    2.480947] systemd[1]: Mounting FUSE Control File System...
[    2.482119] systemd[1]: Mounting Kernel Configuration File System...
[    2.499118] systemd[1]: Starting Apply Kernel Variables...
[    2.520922] systemd[1]: Mounted FUSE Control File System.
[    2.521022] systemd[1]: Condition check resulted in VMware vmblock fuse mount being skipped.
[    2.521300] systemd[1]: Mounted Kernel Configuration File System.
[    2.530420] systemd[1]: Finished Set the console keyboard layout.
[    2.530543] systemd[1]: Reached target Local File Systems (Pre).
[    2.533045] systemd[1]: Mounting Mount unit for bare, revision 5...
[    2.552893] systemd[1]: Mounting Mount unit for core18, revision 1705...
[    2.561377] systemd[1]: Mounting Mount unit for gnome-3-34-1804, revision 24...
[    2.573517] systemd[1]: Mounting Mount unit for gtk-common-themes, revision 1506...
[    2.578462] systemd[1]: Mounting Mount unit for gtk-common-themes, revision 1535...
[    2.590259] systemd[1]: Mounting Mount unit for snap-store, revision 433...
[    2.610922] systemd[1]: Mounting Mount unit for snapd, revision 7264...
[    2.614044] systemd[1]: Finished Apply Kernel Variables.
[    2.617359] systemd[1]: Mounted Mount unit for bare, revision 5.
[    2.629007] systemd[1]: Mounted Mount unit for gnome-3-34-1804, revision 24.
[    2.642317] systemd[1]: Mounted Mount unit for core18, revision 1705.
[    2.653279] systemd[1]: Mounted Mount unit for gtk-common-themes, revision 1506.
[    2.659681] systemd[1]: Mounted Mount unit for gtk-common-themes, revision 1535.
[    2.663357] systemd[1]: Started udev Kernel Device Manager.
[    2.664165] systemd[1]: Starting Show Plymouth Boot Screen...
[    2.669938] systemd[1]: Received SIGRTMIN+20 from PID 280 (plymouthd).
[    2.673654] systemd[1]: Mounted Mount unit for snap-store, revision 433.
[    2.676790] systemd[1]: Mounted Mount unit for snapd, revision 7264.
[    2.677406] systemd[1]: Reached target Local File Systems.
[    2.684779] systemd[1]: Starting Load AppArmor profiles...
[    2.692230] systemd[1]: Starting Set console font and keymap...
[    2.713045] systemd[1]: Starting Tell Plymouth To Write Out Runtime Data...
[    2.720117] systemd[1]: Condition check resulted in Store a System Token in an EFI Variable being skipped.
[    2.720152] systemd[1]: Condition check resulted in Commit a transient machine-id on disk being skipped.
[    2.720290] systemd[1]: Started Show Plymouth Boot Screen.
[    2.720495] systemd[1]: Condition check resulted in Dispatch Password Requests to Console Directory Watch being skipped.
[    2.720583] systemd[1]: Started Forward Password Requests to Plymouth Directory Watch.
[    2.720924] systemd[1]: Reached target Local Encrypted Volumes.
[    2.721576] systemd[1]: Finished Set console font and keymap.
[    2.730674] systemd[1]: Received SIGRTMIN+20 from PID 280 (plymouthd).
[    2.732101] systemd[1]: plymouth-read-write.service: Succeeded.
[    2.732341] systemd[1]: Finished Tell Plymouth To Write Out Runtime Data.
[    2.761763] audit: type=1400 audit(1768253512.600:2): apparmor="STATUS" operation="profile_load" profile="unconfined" name="nvidia_modprobe" pid=300 comm="apparmor_parser"
[    2.761765] audit: type=1400 audit(1768253512.600:3): apparmor="STATUS" operation="profile_load" profile="unconfined" name="nvidia_modprobe//kmod" pid=300 comm="apparmor_parser"
[    2.769362] audit: type=1400 audit(1768253512.608:4): apparmor="STATUS" operation="profile_load" profile="unconfined" name="/usr/sbin/tcpdump" pid=301 comm="apparmor_parser"
[    2.815033] audit: type=1400 audit(1768253512.648:5): apparmor="STATUS" operation="profile_load" profile="unconfined" name="/usr/bin/evince" pid=303 comm="apparmor_parser"
[    2.815035] audit: type=1400 audit(1768253512.648:6): apparmor="STATUS" operation="profile_load" profile="unconfined" name="/usr/bin/evince//sanitized_helper" pid=303 comm="apparmor_parser"
[    2.815037] audit: type=1400 audit(1768253512.648:7): apparmor="STATUS" operation="profile_load" profile="unconfined" name="/usr/bin/evince-previewer" pid=303 comm="apparmor_parser"
[    2.815039] audit: type=1400 audit(1768253512.648:8): apparmor="STATUS" operation="profile_load" profile="unconfined" name="/usr/bin/evince-previewer//sanitized_helper" pid=303 comm="apparmor_parser"
[    2.815041] audit: type=1400 audit(1768253512.648:9): apparmor="STATUS" operation="profile_load" profile="unconfined" name="/usr/bin/evince-thumbnailer" pid=303 comm="apparmor_parser"
[    2.830056] audit: type=1400 audit(1768253512.668:10): apparmor="STATUS" operation="profile_load" profile="unconfined" name="/usr/lib/cups/backend/cups-pdf" pid=304 comm="apparmor_parser"
[    2.910949] systemd[1]: Finished Load AppArmor profiles.
[    2.911870] systemd[1]: Starting Load AppArmor profiles managed internally by snapd...
[    2.975922] systemd[1]: Finished Load AppArmor profiles managed internally by snapd.
[    3.196052] systemd[1]: Started Journal Service.
[    3.203172] systemd-journald[229]: Received client request to flush runtime journal.
[    3.209177] systemd-journald[229]: File /var/log/journal/c455b248004a419c87ce85eea238d727/system.journal corrupted or uncleanly shut down, renaming and replacing.
[    4.666335] RAPL PMU: API unit is 2^-32 Joules, 0 fixed counters, 10737418240 ms ovfl timer
[    4.739694] cryptd: max_cpu_qlen set to 1000
[    4.789156] AVX2 version of gcm_enc/dec engaged.
[    4.789157] AES CTR mode by8 optimization enabled
[    5.599189] Adding 1998844k swap on /dev/sda1.  Priority:-2 extents:1 across:1998844k FS
[    6.394607] kauditd_printk_skb: 30 callbacks suppressed
[    6.394608] audit: type=1400 audit(1768253516.236:41): apparmor="DENIED" operation="capable" profile="/usr/sbin/cups-browsed" pid=495 comm="cups-browsed" capability=23  capname="sys_nice"
[    7.680534] pcnet32 0000:00:03.0 enp0s3: link up, 100Mbps, full-duplex
[    7.717037] e1000: enp0s8 NIC Link is Up 1000 Mbps Full Duplex, Flow Control: RX
[    7.717329] IPv6: ADDRCONF(NETDEV_CHANGE): enp0s8: link becomes ready
[    7.728048] e1000: enp0s9 NIC Link is Up 1000 Mbps Full Duplex, Flow Control: RX
[    7.728337] IPv6: ADDRCONF(NETDEV_CHANGE): enp0s9: link becomes ready
[    8.278240] device enp0s3 entered promiscuous mode
[    8.306065] audit: type=1400 audit(1768253518.144:42): apparmor="DENIED" operation="open" profile="/usr/sbin/tcpdump" name="/proc/sys/kernel/random/boot_id" pid=671 comm="tcpdump" requested_mask="r" denied_mask="r" fsuid=0 ouid=0
[    8.306151] audit: type=1400 audit(1768253518.144:43): apparmor="DENIED" operation="open" profile="/usr/sbin/tcpdump" name="/proc/sys/kernel/random/boot_id" pid=671 comm="tcpdump" requested_mask="r" denied_mask="r" fsuid=0 ouid=0
[    8.306191] audit: type=1400 audit(1768253518.144:44): apparmor="DENIED" operation="open" profile="/usr/sbin/tcpdump" name="/proc/sys/kernel/random/boot_id" pid=671 comm="tcpdump" requested_mask="r" denied_mask="r" fsuid=0 ouid=0
[    8.306406] audit: type=1400 audit(1768253518.144:45): apparmor="DENIED" operation="open" profile="/usr/sbin/tcpdump" name="/proc/sys/kernel/random/boot_id" pid=671 comm="tcpdump" requested_mask="r" denied_mask="r" fsuid=0 ouid=0
[    8.310246] audit: type=1400 audit(1768253518.152:46): apparmor="DENIED" operation="open" profile="/usr/sbin/tcpdump" name="/proc/sys/kernel/random/boot_id" pid=672 comm="tcpdump" requested_mask="r" denied_mask="r" fsuid=0 ouid=0
[    8.310415] audit: type=1400 audit(1768253518.152:47): apparmor="DENIED" operation="open" profile="/usr/sbin/tcpdump" name="/proc/sys/kernel/random/boot_id" pid=672 comm="tcpdump" requested_mask="r" denied_mask="r" fsuid=0 ouid=0
[    8.310487] audit: type=1400 audit(1768253518.152:48): apparmor="DENIED" operation="open" profile="/usr/sbin/tcpdump" name="/proc/sys/kernel/random/boot_id" pid=672 comm="tcpdump" requested_mask="r" denied_mask="r" fsuid=0 ouid=0
[    8.310689] audit: type=1400 audit(1768253518.152:49): apparmor="DENIED" operation="open" profile="/usr/sbin/tcpdump" name="/proc/sys/kernel/random/boot_id" pid=672 comm="tcpdump" requested_mask="r" denied_mask="r" fsuid=0 ouid=0
[   12.787014] rfkill: input handler disabled
[  248.351475] AAAAA-TCP_FORW: name:enp0s3: saddr:16783984: daddr:100932208
[  248.715245] AAAAA-TCP_FORW: name:enp0s3: saddr:16783984: daddr:100932208
[  249.130496] AAAAA-TCP_FORW: name:enp0s3: saddr:16783984: daddr:100932208
[  249.392109] AAAAA-TCP_FORW: name:enp0s3: saddr:16783984: daddr:100932208
[  249.623960] AAAAA-TCP_FORW: name:enp0s3: saddr:33561200: daddr:100932208
[  599.502743] rfkill: input handler enabled
[  607.467691] rfkill: input handler disabled
[  978.882464] device enp0s3 left promiscuous mode
