[    0.000000] Linux version 5.4.243-mptcp (root@ztg) (gcc version 12.2.0 (Debian 12.2.0-14+deb12u1)) #53 SMP Wed Dec 24 23:28:15 CST 2025
[    0.000000] Command line: BOOT_IMAGE=/boot/vmlinuz-5.4.243-mptcp root=UUID=98415a12-53b7-4144-8265-0f7ece09e445 ro quiet splash
[    0.000000] KERNEL supported cpus:
[    0.000000]   Intel GenuineIntel
[    0.000000]   AMD AuthenticAMD
[    0.000000]   Hygon HygonGenuine
[    0.000000]   Centaur CentaurHauls
[    0.000000]   zhaoxin   Shanghai  
[    0.000000] x86/fpu: Supporting XSAVE feature 0x001: 'x87 floating point registers'
[    0.000000] x86/fpu: Supporting XSAVE feature 0x002: 'SSE registers'
[    0.000000] x86/fpu: Supporting XSAVE feature 0x004: 'AVX registers'
[    0.000000] x86/fpu: xstate_offset[2]:  576, xstate_sizes[2]:  256
[    0.000000] x86/fpu: Enabled xstate features 0x7, context size is 832 bytes, using 'standard' format.
[    0.000000] BIOS-provided physical RAM map:
[    0.000000] BIOS-e820: [mem 0x0000000000000000-0x000000000009fbff] usable
[    0.000000] BIOS-e820: [mem 0x000000000009fc00-0x000000000009ffff] reserved
[    0.000000] BIOS-e820: [mem 0x00000000000f0000-0x00000000000fffff] reserved
[    0.000000] BIOS-e820: [mem 0x0000000000100000-0x000000007ffeffff] usable
[    0.000000] BIOS-e820: [mem 0x000000007fff0000-0x000000007fffffff] ACPI data
[    0.000000] BIOS-e820: [mem 0x00000000fec00000-0x00000000fec00fff] reserved
[    0.000000] BIOS-e820: [mem 0x00000000fee00000-0x00000000fee00fff] reserved
[    0.000000] BIOS-e820: [mem 0x00000000fffc0000-0x00000000ffffffff] reserved
[    0.000000] NX (Execute Disable) protection: active
[    0.000000] SMBIOS 2.5 present.
[    0.000000] DMI: innotek GmbH VirtualBox/VirtualBox, BIOS VirtualBox 12/01/2006
[    0.000000] Hypervisor detected: KVM
[    0.000000] kvm-clock: Using msrs 4b564d01 and 4b564d00
[    0.000000] kvm-clock: cpu 0, msr 2c801001, primary cpu clock
[    0.000000] kvm-clock: using sched offset of 4438306364 cycles
[    0.000002] clocksource: kvm-clock: mask: 0xffffffffffffffff max_cycles: 0x1cd42e4dffb, max_idle_ns: 881590591483 ns
[    0.000005] tsc: Detected 2100.000 MHz processor
[    0.001860] e820: update [mem 0x00000000-0x00000fff] usable ==> reserved
[    0.001862] e820: remove [mem 0x000a0000-0x000fffff] usable
[    0.001866] last_pfn = 0x7fff0 max_arch_pfn = 0x400000000
[    0.001934] MTRR default type: uncachable
[    0.001935] MTRR fixed ranges enabled:
[    0.001936]   00000-9FFFF write-back
[    0.001937]   A0000-BFFFF uncachable
[    0.001937]   C0000-FFFFF write-protect
[    0.001938] MTRR variable ranges enabled:
[    0.001940]   0 base 000000000000 mask 3FFF80000000 write-back
[    0.001940]   1 disabled
[    0.001941]   2 disabled
[    0.001941]   3 disabled
[    0.001942]   4 disabled
[    0.001942]   5 disabled
[    0.001942]   6 disabled
[    0.001943]   7 disabled
[    0.001943]   8 disabled
[    0.001944]   9 disabled
[    0.001944]   10 disabled
[    0.001944]   11 disabled
[    0.001945]   12 disabled
[    0.001945]   13 disabled
[    0.001946]   14 disabled
[    0.001946]   15 disabled
[    0.001963] x86/PAT: Configuration [0-7]: WB  WC  UC- UC  WB  WP  UC- WT  
[    0.002096] found SMP MP-table at [mem 0x0009fff0-0x0009ffff]
[    0.091002] check: Scanning 1 areas for low memory corruption
[    0.091121] RAMDISK: [mem 0x32271000-0x3512ffff]
[    0.091129] ACPI: Early table checksum verification disabled
[    0.091134] ACPI: RSDP 0x00000000000E0000 000024 (v02 VBOX  )
[    0.091138] ACPI: XSDT 0x000000007FFF0030 00003C (v01 VBOX   VBOXXSDT 00000001 ASL  00000061)
[    0.091145] ACPI: FACP 0x000000007FFF00F0 0000F4 (v04 VBOX   VBOXFACP 00000001 ASL  00000061)
[    0.091151] ACPI: DSDT 0x000000007FFF02E0 002353 (v02 VBOX   VBOXBIOS 00000002 VBOX 00029BF3)
[    0.091156] ACPI: FACS 0x000000007FFF0200 000040
[    0.091159] ACPI: FACS 0x000000007FFF0200 000040
[    0.091162] ACPI: APIC 0x000000007FFF0240 000054 (v02 VBOX   VBOXAPIC 00000001 ASL  00000061)
[    0.091166] ACPI: SSDT 0x000000007FFF02A0 000038 (v01 VBOX   VBOXCPUT 00000002 VBOX 00029BF3)
[    0.091169] ACPI: Reserving FACP table memory at [mem 0x7fff00f0-0x7fff01e3]
[    0.091170] ACPI: Reserving DSDT table memory at [mem 0x7fff02e0-0x7fff2632]
[    0.091171] ACPI: Reserving FACS table memory at [mem 0x7fff0200-0x7fff023f]
[    0.091171] ACPI: Reserving FACS table memory at [mem 0x7fff0200-0x7fff023f]
[    0.091172] ACPI: Reserving APIC table memory at [mem 0x7fff0240-0x7fff0293]
[    0.091173] ACPI: Reserving SSDT table memory at [mem 0x7fff02a0-0x7fff02d7]
[    0.091187] ACPI: Local APIC address 0xfee00000
[    0.091375] No NUMA configuration found
[    0.091376] Faking a node at [mem 0x0000000000000000-0x000000007ffeffff]
[    0.091386] NODE_DATA(0) allocated [mem 0x7ffc5000-0x7ffeffff]
[    0.091648] Zone ranges:
[    0.091649]   DMA      [mem 0x0000000000001000-0x0000000000ffffff]
[    0.091650]   DMA32    [mem 0x0000000001000000-0x000000007ffeffff]
[    0.091651]   Normal   empty
[    0.091651]   Device   empty
[    0.091652] Movable zone start for each node
[    0.091654] Early memory node ranges
[    0.091655]   node   0: [mem 0x0000000000001000-0x000000000009efff]
[    0.091656]   node   0: [mem 0x0000000000100000-0x000000007ffeffff]
[    0.091659] Zeroed struct page in unavailable ranges: 114 pages
[    0.091660] Initmem setup node 0 [mem 0x0000000000001000-0x000000007ffeffff]
[    0.091661] On node 0 totalpages: 524174
[    0.091662]   DMA zone: 64 pages used for memmap
[    0.091663]   DMA zone: 21 pages reserved
[    0.091664]   DMA zone: 3998 pages, LIFO batch:0
[    0.091736]   DMA32 zone: 8128 pages used for memmap
[    0.091737]   DMA32 zone: 520176 pages, LIFO batch:63
[    0.100738] ACPI: PM-Timer IO Port: 0x4008
[    0.100742] ACPI: Local APIC address 0xfee00000
[    0.100811] IOAPIC[0]: apic_id 1, version 32, address 0xfec00000, GSI 0-23
[    0.100814] ACPI: INT_SRC_OVR (bus 0 bus_irq 0 global_irq 2 dfl dfl)
[    0.100816] ACPI: INT_SRC_OVR (bus 0 bus_irq 9 global_irq 9 low level)
[    0.100818] ACPI: IRQ0 used by override.
[    0.100819] ACPI: IRQ9 used by override.
[    0.100822] Using ACPI (MADT) for SMP configuration information
[    0.100829] smpboot: Allowing 1 CPUs, 0 hotplug CPUs
[    0.100851] PM: Registered nosave memory: [mem 0x00000000-0x00000fff]
[    0.100852] PM: Registered nosave memory: [mem 0x0009f000-0x0009ffff]
[    0.100853] PM: Registered nosave memory: [mem 0x000a0000-0x000effff]
[    0.100853] PM: Registered nosave memory: [mem 0x000f0000-0x000fffff]
[    0.100855] [mem 0x80000000-0xfebfffff] available for PCI devices
[    0.100856] Booting paravirtualized kernel on KVM
[    0.100859] clocksource: refined-jiffies: mask: 0xffffffff max_cycles: 0xffffffff, max_idle_ns: 7645519600211568 ns
[    0.100864] setup_percpu: NR_CPUS:8192 nr_cpumask_bits:1 nr_cpu_ids:1 nr_node_ids:1
[    0.101877] percpu: Embedded 60 pages/cpu s208896 r8192 d28672 u2097152
[    0.101882] pcpu-alloc: s208896 r8192 d28672 u2097152 alloc=1*2097152
[    0.101883] pcpu-alloc: [0] 0 
[    0.101910] Built 1 zonelists, mobility grouping on.  Total pages: 515961
[    0.101911] Policy zone: DMA32
[    0.101912] Kernel command line: BOOT_IMAGE=/boot/vmlinuz-5.4.243-mptcp root=UUID=98415a12-53b7-4144-8265-0f7ece09e445 ro quiet splash
[    0.102750] Dentry cache hash table entries: 262144 (order: 9, 2097152 bytes, linear)
[    0.102896] Inode-cache hash table entries: 131072 (order: 8, 1048576 bytes, linear)
[    0.102945] mem auto-init: stack:off, heap alloc:on, heap free:off
[    0.102948] Calgary: detecting Calgary via BIOS EBDA area
[    0.102949] Calgary: Unable to locate Rio Grande table in EBDA - bailing!
[    0.107085] Memory: 1967332K/2096696K available (14339K kernel code, 2398K rwdata, 4712K rodata, 2728K init, 17260K bss, 129364K reserved, 0K cma-reserved)
[    0.108020] SLUB: HWalign=64, Order=0-3, MinObjects=0, CPUs=1, Nodes=1
[    0.108037] ftrace: allocating 43186 entries in 169 pages
[    0.126223] rcu: Hierarchical RCU implementation.
[    0.126224] rcu: 	RCU restricting CPUs from NR_CPUS=8192 to nr_cpu_ids=1.
[    0.126225] 	Tasks RCU enabled.
[    0.126227] rcu: RCU calculated value of scheduler-enlistment delay is 25 jiffies.
[    0.126228] rcu: Adjusting geometry for rcu_fanout_leaf=16, nr_cpu_ids=1
[    0.129188] NR_IRQS: 524544, nr_irqs: 256, preallocated irqs: 16
[    0.129405] random: crng init done
[    0.138720] Console: colour VGA+ 80x25
[    0.138724] printk: console [tty0] enabled
[    0.138744] ACPI: Core revision 20190816
[    0.138845] APIC: Switch to symmetric I/O mode setup
[    0.139100] x2apic enabled
[    0.139341] Switched APIC routing to physical x2apic.
[    0.140491] ..TIMER: vector=0x30 apic1=0 pin1=2 apic2=-1 pin2=-1
[    0.140518] clocksource: tsc-early: mask: 0xffffffffffffffff max_cycles: 0x1e4530a99b6, max_idle_ns: 440795257976 ns
[    0.140524] Calibrating delay loop (skipped) preset value.. 4200.00 BogoMIPS (lpj=8400000)
[    0.140527] pid_max: default: 32768 minimum: 301
[    0.140555] LSM: Security Framework initializing
[    0.140565] Yama: becoming mindful.
[    0.140591] AppArmor: AppArmor initialized
[    0.140625] Mount-cache hash table entries: 4096 (order: 3, 32768 bytes, linear)
[    0.140629] Mountpoint-cache hash table entries: 4096 (order: 3, 32768 bytes, linear)
[    0.140639] *** VALIDATE tmpfs ***
[    0.140769] *** VALIDATE proc ***
[    0.140811] *** VALIDATE cgroup1 ***
[    0.140812] *** VALIDATE cgroup2 ***
[    0.140956] process: using mwait in idle threads
[    0.140961] Last level iTLB entries: 4KB 64, 2MB 8, 4MB 8
[    0.140962] Last level dTLB entries: 4KB 64, 2MB 0, 4MB 0, 1GB 4
[    0.140982] Spectre V1 : Mitigation: usercopy/swapgs barriers and __user pointer sanitization
[    0.140987] Spectre V2 : Mitigation: Retpolines
[    0.140988] Spectre V2 : Spectre v2 / SpectreRSB mitigation: Filling RSB on context switch
[    0.140988] Spectre V2 : Spectre v2 / SpectreRSB : Filling RSB on VMEXIT
[    0.140989] RETBleed: WARNING: Spectre v2 mitigation leaves CPU vulnerable to RETBleed attacks, data leaks possible!
[    0.141346] RETBleed: Vulnerable
[    0.141347] Speculative Store Bypass: Vulnerable
[    0.141352] TAA: Mitigation: TSX disabled
[    0.141352] MMIO Stale Data: Mitigation: Clear CPU buffers
[    0.145611] Freeing SMP alternatives memory: 40K
[    0.257840] smpboot: CPU0: Intel(R) Xeon(R) Silver 4216 CPU @ 2.10GHz (family: 0x6, model: 0x55, stepping: 0x7)
[    0.258001] Performance Events: unsupported p6 CPU model 85 no PMU driver, software events only.
[    0.258040] rcu: Hierarchical SRCU implementation.
[    0.258563] NMI watchdog: Perf NMI watchdog permanently disabled
[    0.258605] smp: Bringing up secondary CPUs ...
[    0.258607] smp: Brought up 1 node, 1 CPU
[    0.258608] smpboot: Max logical packages: 1
[    0.258609] smpboot: Total of 1 processors activated (4200.00 BogoMIPS)
[    0.259678] devtmpfs: initialized
[    0.259727] x86/mm: Memory block size: 128MB
[    0.260096] clocksource: jiffies: mask: 0xffffffff max_cycles: 0xffffffff, max_idle_ns: 7645041785100000 ns
[    0.260103] futex hash table entries: 256 (order: 2, 16384 bytes, linear)
[    0.260149] pinctrl core: initialized pinctrl subsystem
[    0.260256] PM: RTC time: 21:26:55, date: 2026-01-11
[    0.260366] NET: Registered protocol family 16
[    0.260442] audit: initializing netlink subsys (disabled)
[    0.260520] EISA bus registered
[    0.260520] cpuidle: using governor ladder
[    0.260520] cpuidle: using governor menu
[    0.260520] ACPI: bus type PCI registered
[    0.260520] acpiphp: ACPI Hot Plug PCI Controller Driver version: 0.5
[    0.260520] PCI: Using configuration type 1 for base access
[    0.261094] audit: type=2000 audit(1768138021.609:1): state=initialized audit_enabled=0 res=1
[    0.261179] HugeTLB registered 2.00 MiB page size, pre-allocated 0 pages
[    0.261998] ACPI: Added _OSI(Module Device)
[    0.261999] ACPI: Added _OSI(Processor Device)
[    0.261999] ACPI: Added _OSI(3.0 _SCP Extensions)
[    0.262000] ACPI: Added _OSI(Processor Aggregator Device)
[    0.262001] ACPI: Added _OSI(Linux-Dell-Video)
[    0.262002] ACPI: Added _OSI(Linux-Lenovo-NV-HDMI-Audio)
[    0.262003] ACPI: Added _OSI(Linux-HPI-Hybrid-Graphics)
[    0.263966] ACPI: 2 ACPI AML tables successfully acquired and loaded
[    0.265502] ACPI: Interpreter enabled
[    0.265512] ACPI: (supports S0 S5)
[    0.265514] ACPI: Using IOAPIC for interrupt routing
[    0.265720] PCI: Using host bridge windows from ACPI; if necessary, use "pci=nocrs" and report a bug
[    0.265826] ACPI: Enabled 2 GPEs in block 00 to 07
[    0.270680] ACPI: PCI Root Bridge [PCI0] (domain 0000 [bus 00-ff])
[    0.270685] acpi PNP0A03:00: _OSC: OS supports [ASPM ClockPM Segments MSI HPX-Type3]
[    0.271128] acpi PNP0A03:00: _OSC: not requesting OS control; OS requires [ExtendedConfig ASPM ClockPM MSI]
[    0.271136] acpi PNP0A03:00: fail to add MMCONFIG information, can't access extended PCI configuration space under this bridge.
[    0.271507] PCI host bridge to bus 0000:00
[    0.271509] pci_bus 0000:00: root bus resource [io  0x0000-0x0cf7 window]
[    0.271510] pci_bus 0000:00: root bus resource [io  0x0d00-0xffff window]
[    0.271512] pci_bus 0000:00: root bus resource [mem 0x000a0000-0x000bffff window]
[    0.271513] pci_bus 0000:00: root bus resource [mem 0x80000000-0xfdffffff window]
[    0.271514] pci_bus 0000:00: root bus resource [bus 00-ff]
[    0.271555] pci 0000:00:00.0: [8086:1237] type 00 class 0x060000
[    0.272610] pci 0000:00:01.0: [8086:7000] type 00 class 0x060100
[    0.273379] pci 0000:00:01.1: [8086:7111] type 00 class 0x01018a
[    0.273744] pci 0000:00:01.1: reg 0x20: [io  0xd000-0xd00f]
[    0.273896] pci 0000:00:01.1: legacy IDE quirk: reg 0x10: [io  0x01f0-0x01f7]
[    0.273897] pci 0000:00:01.1: legacy IDE quirk: reg 0x14: [io  0x03f6]
[    0.273898] pci 0000:00:01.1: legacy IDE quirk: reg 0x18: [io  0x0170-0x0177]
[    0.273898] pci 0000:00:01.1: legacy IDE quirk: reg 0x1c: [io  0x0376]
[    0.274436] pci 0000:00:02.0: [15ad:0405] type 00 class 0x030000
[    0.276600] pci 0000:00:02.0: reg 0x10: [io  0xd010-0xd01f]
[    0.280567] pci 0000:00:02.0: reg 0x14: [mem 0xe0000000-0xe7ffffff pref]
[    0.283171] pci 0000:00:02.0: reg 0x18: [mem 0xf0000000-0xf01fffff]
[    0.293342] pci 0000:00:03.0: [1022:2000] type 00 class 0x020000
[    0.294171] pci 0000:00:03.0: reg 0x10: [io  0xd020-0xd03f]
[    0.294920] pci 0000:00:03.0: reg 0x14: [mem 0xf0200000-0xf0200fff]
[    0.299160] pci 0000:00:04.0: [80ee:cafe] type 00 class 0x088000
[    0.299834] pci 0000:00:04.0: reg 0x10: [io  0xd040-0xd05f]
[    0.300458] pci 0000:00:04.0: reg 0x14: [mem 0xf0400000-0xf07fffff]
[    0.301143] pci 0000:00:04.0: reg 0x18: [mem 0xf0800000-0xf0803fff pref]
[    0.304564] pci 0000:00:07.0: [8086:7113] type 00 class 0x068000
[    0.305106] pci 0000:00:07.0: quirk: [io  0x4000-0x403f] claimed by PIIX4 ACPI
[    0.305117] pci 0000:00:07.0: quirk: [io  0x4100-0x410f] claimed by PIIX4 SMB
[    0.305725] pci 0000:00:08.0: [8086:100e] type 00 class 0x020000
[    0.306433] pci 0000:00:08.0: reg 0x10: [mem 0xf0820000-0xf083ffff]
[    0.307598] pci 0000:00:08.0: reg 0x18: [io  0xd060-0xd067]
[    0.310739] pci 0000:00:09.0: [8086:100e] type 00 class 0x020000
[    0.311442] pci 0000:00:09.0: reg 0x10: [mem 0xf0840000-0xf085ffff]
[    0.313214] pci 0000:00:09.0: reg 0x18: [io  0xd068-0xd06f]
[    0.321658] ACPI: PCI Interrupt Link [LNKA] (IRQs 5 9 10 *11)
[    0.324727] ACPI: PCI Interrupt Link [LNKB] (IRQs 5 9 *10 11)
[    0.324828] ACPI: PCI Interrupt Link [LNKC] (IRQs 5 *9 10 11)
[    0.324931] ACPI: PCI Interrupt Link [LNKD] (IRQs 5 9 10 *11)
[    0.325196] iommu: Default domain type: Translated 
[    0.325261] pci 0000:00:02.0: vgaarb: setting as boot VGA device
[    0.325262] pci 0000:00:02.0: vgaarb: VGA device added: decodes=io+mem,owns=io+mem,locks=none
[    0.325264] pci 0000:00:02.0: vgaarb: bridge control possible
[    0.325265] vgaarb: loaded
[    0.325479] SCSI subsystem initialized
[    0.325511] libata version 3.00 loaded.
[    0.325536] ACPI: bus type USB registered
[    0.325553] usbcore: registered new interface driver usbfs
[    0.325559] usbcore: registered new interface driver hub
[    0.325564] usbcore: registered new device driver usb
[    0.325593] pps_core: LinuxPPS API ver. 1 registered
[    0.325594] pps_core: Software ver. 5.3.6 - Copyright 2005-2007 Rodolfo Giometti <giometti@linux.it>
[    0.325596] PTP clock support registered
[    0.325630] EDAC MC: Ver: 3.0.0
[    0.325919] PCI: Using ACPI for IRQ routing
[    0.325920] PCI: pci_cache_line_size set to 64 bytes
[    0.326086] e820: reserve RAM buffer [mem 0x0009fc00-0x0009ffff]
[    0.326091] e820: reserve RAM buffer [mem 0x7fff0000-0x7fffffff]
[    0.326876] NetLabel: Initializing
[    0.326876] NetLabel:  domain hash size = 128
[    0.326877] NetLabel:  protocols = UNLABELED CIPSOv4 CALIPSO
[    0.326896] NetLabel:  unlabeled traffic allowed by default
[    0.327803] clocksource: Switched to clocksource kvm-clock
[    0.338992] *** VALIDATE bpf ***
[    0.339059] VFS: Disk quotas dquot_6.6.0
[    0.339072] VFS: Dquot-cache hash table entries: 512 (order 0, 4096 bytes)
[    0.339094] *** VALIDATE ramfs ***
[    0.339098] *** VALIDATE hugetlbfs ***
[    0.339182] AppArmor: AppArmor Filesystem Enabled
[    0.339209] pnp: PnP ACPI init
[    0.339274] pnp 00:00: Plug and Play ACPI device, IDs PNP0303 (active)
[    0.339360] pnp 00:01: Plug and Play ACPI device, IDs PNP0f03 (active)
[    0.340095] pnp: PnP ACPI: found 2 devices
[    0.341053] thermal_sys: Registered thermal governor 'fair_share'
[    0.341054] thermal_sys: Registered thermal governor 'bang_bang'
[    0.341055] thermal_sys: Registered thermal governor 'step_wise'
[    0.341055] thermal_sys: Registered thermal governor 'user_space'
[    0.341056] thermal_sys: Registered thermal governor 'power_allocator'
[    0.345584] clocksource: acpi_pm: mask: 0xffffff max_cycles: 0xffffff, max_idle_ns: 2085701024 ns
[    0.345625] pci_bus 0000:00: resource 4 [io  0x0000-0x0cf7 window]
[    0.345626] pci_bus 0000:00: resource 5 [io  0x0d00-0xffff window]
[    0.345627] pci_bus 0000:00: resource 6 [mem 0x000a0000-0x000bffff window]
[    0.345629] pci_bus 0000:00: resource 7 [mem 0x80000000-0xfdffffff window]
[    0.345688] NET: Registered protocol family 2
[    0.345763] IP idents hash table entries: 32768 (order: 6, 262144 bytes, linear)
[    0.346173] MPTCP tokens hash table entries: 8192 (order: 4, 65536 bytes, linear)
[    0.346193] MPTCP request tokens hash table entries: 8192 (order: 4, 65536 bytes, linear)
[    0.346217] default registered
[    0.346218] default registered
[    0.346218] MPTCP: Stable release v0.96
[    0.346223] tcp_listen_portaddr_hash hash table entries: 1024 (order: 2, 16384 bytes, linear)
[    0.346303] TCP established hash table entries: 16384 (order: 5, 131072 bytes, linear)
[    0.346370] TCP bind hash table entries: 16384 (order: 6, 262144 bytes, linear)
[    0.346396] TCP: Hash tables configured (established 16384 bind 16384)
[    0.347109] UDP hash table entries: 1024 (order: 3, 32768 bytes, linear)
[    0.347121] UDP-Lite hash table entries: 1024 (order: 3, 32768 bytes, linear)
[    0.347158] NET: Registered protocol family 1
[    0.347166] NET: Registered protocol family 44
[    0.347204] pci 0000:00:00.0: Limiting direct PCI/PCI transfers
[    0.347221] pci 0000:00:01.0: Activating ISA DMA hang workarounds
[    0.347273] pci 0000:00:02.0: Video device with shadowed ROM at [mem 0x000c0000-0x000dffff]
[    0.347338] PCI: CLS 0 bytes, default 64
[    0.347392] Trying to unpack rootfs image as initramfs...
[    0.524027] Freeing initrd memory: 47868K
[    0.524027] clocksource: tsc: mask: 0xffffffffffffffff max_cycles: 0x1e4530a99b6, max_idle_ns: 440795257976 ns
[    0.524027] clocksource: Switched to clocksource tsc
[    0.524027] platform rtc_cmos: registered platform RTC device (no PNP device found)
[    0.524027] check: Scanning for low memory corruption every 60 seconds
[    0.524027] Initialise system trusted keyrings
[    0.524027] Key type blacklist registered
[    0.524027] workingset: timestamp_bits=36 max_order=19 bucket_order=0
[    0.524027] zbud: loaded
[    0.524027] squashfs: version 4.0 (2009/01/31) Phillip Lougher
[    0.524027] fuse: init (API version 7.31)
[    0.524027] *** VALIDATE fuse ***
[    0.524027] *** VALIDATE fuse ***
[    0.524027] Platform Keyring initialized
[    0.539457] Key type asymmetric registered
[    0.539458] Asymmetric key parser 'x509' registered
[    0.539468] Block layer SCSI generic (bsg) driver version 0.4 loaded (major 244)
[    0.539509] io scheduler mq-deadline registered
[    0.539637] shpchp: Standard Hot Plug PCI Controller Driver version: 0.4
[    0.539840] ACPI: AC Adapter [AC] (on-line)
[    0.539883] input: Power Button as /devices/LNXSYSTM:00/LNXPWRBN:00/input/input0
[    0.539913] ACPI: Power Button [PWRF]
[    0.539986] input: Sleep Button as /devices/LNXSYSTM:00/LNXSLPBN:00/input/input1
[    0.540001] ACPI: Sleep Button [SLPF]
[    0.540223] Serial: 8250/16550 driver, 32 ports, IRQ sharing enabled
[    0.541460] Linux agpgart interface v0.103
[    0.631173] loop: module loaded
[    0.631331] ata_piix 0000:00:01.1: version 2.13
[    0.631735] scsi host0: ata_piix
[    0.631825] scsi host1: ata_piix
[    0.631852] ata1: PATA max UDMA/33 cmd 0x1f0 ctl 0x3f6 bmdma 0xd000 irq 14
[    0.631853] ata2: PATA max UDMA/33 cmd 0x170 ctl 0x376 bmdma 0xd008 irq 15
[    0.631938] tun: Universal TUN/TAP device driver, 1.6
[    0.632251] PPP generic driver version 2.4.2
[    0.632295] VFIO - User Level meta-driver version: 0.3
[    0.632536] ehci_hcd: USB 2.0 'Enhanced' Host Controller (EHCI) Driver
[    0.632539] ehci-pci: EHCI PCI platform driver
[    0.632555] ehci-platform: EHCI generic platform driver
[    0.632561] ohci_hcd: USB 1.1 'Open' Host Controller (OHCI) Driver
[    0.632562] ohci-pci: OHCI PCI platform driver
[    0.632570] ohci-platform: OHCI generic platform driver
[    0.632575] uhci_hcd: USB Universal Host Controller Interface driver
[    0.632638] i8042: PNP: PS/2 Controller [PNP0303:PS2K,PNP0f03:PS2M] at 0x60,0x64 irq 1,12
[    0.633084] serio: i8042 KBD port at 0x60,0x64 irq 1
[    0.633088] serio: i8042 AUX port at 0x60,0x64 irq 12
[    0.633176] mousedev: PS/2 mouse device common for all mice
[    0.633443] input: AT Translated Set 2 keyboard as /devices/platform/i8042/serio0/input/input2
[    0.633848] rtc_cmos rtc_cmos: registered as rtc0
[    0.633862] rtc_cmos rtc_cmos: alarms up to one day, 114 bytes nvram
[    0.633867] i2c /dev entries driver
[    0.633911] device-mapper: uevent: version 1.0.3
[    0.633958] device-mapper: ioctl: 4.41.0-ioctl (2019-09-16) initialised: dm-devel@redhat.com
[    0.633979] platform eisa.0: Probing EISA bus 0
[    0.633980] platform eisa.0: EISA: Cannot allocate resource for mainboard
[    0.633981] platform eisa.0: Cannot allocate resource for EISA slot 1
[    0.633982] platform eisa.0: Cannot allocate resource for EISA slot 2
[    0.633983] platform eisa.0: Cannot allocate resource for EISA slot 3
[    0.633984] platform eisa.0: Cannot allocate resource for EISA slot 4
[    0.633986] platform eisa.0: Cannot allocate resource for EISA slot 5
[    0.633986] platform eisa.0: Cannot allocate resource for EISA slot 6
[    0.633987] platform eisa.0: Cannot allocate resource for EISA slot 7
[    0.633988] platform eisa.0: Cannot allocate resource for EISA slot 8
[    0.633989] platform eisa.0: EISA: Detected 0 cards
[    0.633993] intel_pstate: CPU model not supported
[    0.634003] ledtrig-cpu: registered to indicate activity on CPUs
[    0.634059] drop_monitor: Initializing network drop monitor service
[    0.634223] NET: Registered protocol family 10
[    0.639288] Segment Routing with IPv6
[    0.639288] fullmesh registered
[    0.639288] ndiffports registered
[    0.639288] binder registered
[    0.639288] roundrobin registered
[    0.639288] redundant registered
[    0.639288] blest registered
[    0.639288] ecf registered
[    0.639288] NET: Registered protocol family 17
[    0.639288] Key type dns_resolver registered
[    0.639288] RAS: Correctable Errors collector initialized.
[    0.639288] IPI shorthand broadcast: enabled
[    0.639288] sched_clock: Marking stable (624163578, 11125366)->(638182670, -2893726)
[    0.639637] registered taskstats version 1
[    0.639646] Loading compiled-in X.509 certificates
[    0.640251] Loaded X.509 cert 'Build time autogenerated kernel key: 6909f3744cebb3d0de528d5887b96a727de79b1e'
[    0.640268] zswap: loaded using pool lzo/zbud
[    0.640326] Key type ._fscrypt registered
[    0.640326] Key type .fscrypt registered
[    0.645009] Key type big_key registered
[    0.647228] Key type encrypted registered
[    0.647231] AppArmor: AppArmor sha1 policy hashing enabled
[    0.647238] ima: No TPM chip found, activating TPM-bypass!
[    0.647242] ima: Allocated hash algorithm: sha1
[    0.647248] ima: No architecture policies found
[    0.647257] evm: Initialising EVM extended attributes:
[    0.647257] evm: security.selinux
[    0.647258] evm: security.SMACK64
[    0.647258] evm: security.SMACK64EXEC
[    0.647259] evm: security.SMACK64TRANSMUTE
[    0.647259] evm: security.SMACK64MMAP
[    0.647260] evm: security.apparmor
[    0.647260] evm: security.ima
[    0.647261] evm: security.capability
[    0.647261] evm: HMAC attrs: 0x1
[    0.647558] PM:   Magic number: 10:398:449
[    0.647667] rtc_cmos rtc_cmos: setting system clock to 2026-01-11T21:26:56 UTC (1768166816)
[    0.802952] ata1.00: ATA-6: VBOX HARDDISK, 1.0, max UDMA/133
[    0.802954] ata1.00: 209715200 sectors, multi 128: LBA 
[    0.803424] scsi 0:0:0:0: Direct-Access     ATA      VBOX HARDDISK    1.0  PQ: 0 ANSI: 5
[    0.803616] sd 0:0:0:0: [sda] 209715200 512-byte logical blocks: (107 GB/100 GiB)
[    0.803624] sd 0:0:0:0: [sda] Write Protect is off
[    0.803626] sd 0:0:0:0: [sda] Mode Sense: 00 3a 00 00
[    0.803638] sd 0:0:0:0: [sda] Write cache: enabled, read cache: enabled, doesn't support DPO or FUA
[    0.803851] sd 0:0:0:0: Attached scsi generic sg0 type 0
[    0.804406]  sda: sda1 sda2
[    0.815394] sd 0:0:0:0: [sda] Attached SCSI disk
[    0.818757] Freeing unused decrypted memory: 2040K
[    0.819747] Freeing unused kernel image memory: 2728K
[    0.819750] Write protecting the kernel read-only data: 22528k
[    0.820782] Freeing unused kernel image memory: 2036K
[    0.821346] Freeing unused kernel image memory: 1432K
[    0.847640] x86/mm: Checked W+X mappings: passed, no W+X pages found.
[    0.847644] Run /init as init process
[    0.954350] ACPI: Video Device [GFX0] (multi-head: yes  rom: no  post: no)
[    0.954422] input: Video Bus as /devices/LNXSYSTM:00/LNXSYBUS:00/PNP0A03:00/LNXVIDEO:00/input/input4
[    0.967205] pcnet32: pcnet32.c:v1.35 21.Apr.2008 tsbogend@alpha.franken.de
[    0.967947] pcnet32: PCnet/FAST III 79C973 at 0xd020, 08:00:27:4e:3b:77 assigned IRQ 19
[    0.967991] pcnet32: Found PHY 0022:561b at address 0
[    0.968301] pcnet32: eth0: registered as PCnet/FAST III 79C973
[    0.968706] pcnet32: 1 cards_found
[    0.970312] piix4_smbus 0000:00:07.0: SMBus Host Controller at 0x4100, revision 0
[    0.974100] e1000: Intel(R) PRO/1000 Network Driver - version 7.3.21-k8-NAPI
[    0.974101] e1000: Copyright (c) 1999-2006 Intel Corporation.
[    1.041414] pcnet32 0000:00:03.0 enp0s3: renamed from eth0
[    1.191801] input: ImExPS/2 Generic Explorer Mouse as /devices/platform/i8042/serio1/input/input5
[    1.379556] e1000 0000:00:08.0 eth0: (PCI:33MHz:32-bit) 08:00:27:6d:be:4b
[    1.379560] e1000 0000:00:08.0 eth0: Intel(R) PRO/1000 Network Connection
[    1.759473] e1000 0000:00:09.0 eth1: (PCI:33MHz:32-bit) 08:00:27:59:74:9c
[    1.759475] e1000 0000:00:09.0 eth1: Intel(R) PRO/1000 Network Connection
[    1.760636] e1000 0000:00:09.0 enp0s9: renamed from eth1
[    1.762608] e1000 0000:00:08.0 enp0s8: renamed from eth0
[    1.906892] EXT4-fs (sda2): mounted filesystem with ordered data mode. Opts: (null)
[    1.992757] systemd[1]: Inserted module 'autofs4'
[    2.003258] systemd[1]: systemd 245.4-4ubuntu3 running in system mode. (+PAM +AUDIT +SELINUX +IMA +APPARMOR +SMACK +SYSVINIT +UTMP +LIBCRYPTSETUP +GCRYPT +GNUTLS +ACL +XZ +LZ4 +SECCOMP +BLKID +ELFUTILS +KMOD +IDN2 -IDN +PCRE2 default-hierarchy=hybrid)
[    2.003288] systemd[1]: Detected virtualization oracle.
[    2.003292] systemd[1]: Detected architecture x86-64.
[    2.004590] systemd[1]: Set hostname to <ztg>.
[    2.134866] systemd[1]: /lib/systemd/system/dbus.socket:5: ListenStream= references a path below legacy directory /var/run/, updating /var/run/dbus/system_bus_socket â†’ /run/dbus/system_bus_socket; please update the unit file accordingly.
[    2.187822] systemd[1]: Created slice system-modprobe.slice.
[    2.188008] systemd[1]: Created slice User and Session Slice.
[    2.188053] systemd[1]: Started Forward Password Requests to Wall Directory Watch.
[    2.188221] systemd[1]: Set up automount Arbitrary Executable File Formats File System Automount Point.
[    2.188254] systemd[1]: Reached target User and Group Name Lookups.
[    2.188261] systemd[1]: Reached target Remote File Systems.
[    2.188270] systemd[1]: Reached target Slices.
[    2.188772] systemd[1]: Listening on Syslog Socket.
[    2.188839] systemd[1]: Listening on fsck to fsckd communication Socket.
[    2.188877] systemd[1]: Listening on initctl Compatibility Named Pipe.
[    2.189016] systemd[1]: Listening on Journal Audit Socket.
[    2.189069] systemd[1]: Listening on Journal Socket (/dev/log).
[    2.189136] systemd[1]: Listening on Journal Socket.
[    2.189200] systemd[1]: Listening on udev Control Socket.
[    2.189241] systemd[1]: Listening on udev Kernel Socket.
[    2.190018] systemd[1]: Mounting Huge Pages File System...
[    2.190968] systemd[1]: Mounting POSIX Message Queue File System...
[    2.191953] systemd[1]: Mounting Kernel Debug File System...
[    2.192796] systemd[1]: Mounting Kernel Trace File System...
[    2.194796] systemd[1]: Starting Journal Service...
[    2.218312] systemd[1]: Starting Set the console keyboard layout...
[    2.226203] systemd[1]: Starting Create list of static device nodes for the current kernel...
[    2.228111] systemd[1]: Starting Load Kernel Module drm...
[    2.229154] systemd[1]: Condition check resulted in Set Up Additional Binary Formats being skipped.
[    2.229203] systemd[1]: Condition check resulted in File System Check on Root Device being skipped.
[    2.243979] systemd[1]: Starting Load Kernel Modules...
[    2.245147] systemd[1]: Starting Remount Root and Kernel File Systems...
[    2.260810] systemd[1]: Starting udev Coldplug all Devices...
[    2.269536] systemd[1]: Starting Uncomplicated firewall...
[    2.271669] systemd[1]: Mounted Huge Pages File System.
[    2.271852] systemd[1]: Mounted POSIX Message Queue File System.
[    2.272012] systemd[1]: Mounted Kernel Debug File System.
[    2.272143] systemd[1]: Mounted Kernel Trace File System.
[    2.306084] EXT4-fs (sda2): re-mounted. Opts: errors=remount-ro
[    2.318344] systemd[1]: Finished Create list of static device nodes for the current kernel.
[    2.319455] systemd[1]: modprobe@drm.service: Succeeded.
[    2.319860] systemd[1]: Finished Load Kernel Module drm.
[    2.321041] systemd[1]: Finished Remount Root and Kernel File Systems.
[    2.321903] systemd[1]: Finished Uncomplicated firewall.
[    2.332649] lp: driver loaded but no devices found
[    2.335729] systemd[1]: Condition check resulted in Rebuild Hardware Database being skipped.
[    2.335765] systemd[1]: Condition check resulted in Platform Persistent Storage Archival being skipped.
[    2.336426] systemd[1]: Starting Load/Save Random Seed...
[    2.341316] systemd[1]: Starting Create System Users...
[    2.347270] ppdev: user-space parallel port driver
[    2.359346] systemd[1]: Finished Load/Save Random Seed.
[    2.362703] systemd[1]: Finished Create System Users.
[    2.363542] systemd[1]: Starting Create Static Device Nodes in /dev...
[    2.397433] systemd[1]: Finished Create Static Device Nodes in /dev.
[    2.398344] systemd[1]: Starting udev Kernel Device Manager...
[    2.429711] systemd[1]: Finished udev Coldplug all Devices.
[    2.443898] [drm] DMA map mode: Caching DMA mappings.
[    2.443964] [drm] Capabilities:
[    2.443965] [drm]   Rect copy.
[    2.443965] [drm]   Cursor.
[    2.443965] [drm]   Cursor bypass.
[    2.443966] [drm]   Cursor bypass 2.
[    2.443966] [drm]   Alpha cursor.
[    2.443966] [drm]   Extended Fifo.
[    2.443967] [drm]   Pitchlock.
[    2.443967] [drm]   Irq mask.
[    2.443967] [drm]   GMR.
[    2.443968] [drm]   Traces.
[    2.443968] [drm]   GMR2.
[    2.443969] [drm]   Screen Object 2.
[    2.443969] [drm]   Command Buffers.
[    2.443969] [drm]   Command Buffers 2.
[    2.443970] [drm]   Guest Backed Resources.
[    2.443971] [drm] Max GMR ids is 8192
[    2.443971] [drm] Max number of GMR pages is 1048576
[    2.443972] [drm] Max dedicated hypervisor surface memory is 393216 kiB
[    2.443972] [drm] Maximum display memory size is 131072 kiB
[    2.443973] [drm] VRAM at 0xe0000000 size is 131072 kiB
[    2.443974] [drm] MMIO at 0xf0000000 size is 2048 kiB
[    2.445596] [TTM] Zone  kernel: Available graphics memory: 1011738 KiB
[    2.445597] [TTM] Initializing pool allocator
[    2.445601] [TTM] Initializing DMA pool allocator
[    2.445630] [drm] Supports vblank timestamp caching Rev 2 (21.10.2013).
[    2.445630] [drm] No driver support for vblank timestamp query.
[    2.445868] [drm] Screen Target Display device initialized
[    2.446112] [drm] width 720
[    2.446124] [drm] height 400
[    2.446127] [drm] bpp 32
[    2.446702] [drm] Fifo max 0x00200000 min 0x00001000 cap 0x00000355
[    2.447906] [drm] Using command buffers with DMA pool.
[    2.447911] [drm] DX: no.
[    2.447912] [drm] Atomic: yes.
[    2.447912] [drm] SM4_1: no.
[    2.447940] [drm:vmw_host_log [vmwgfx]] *ERROR* Failed to send host log message.
[    2.448998] [drm:vmw_host_log [vmwgfx]] *ERROR* Failed to send host log message.
[    2.461543] fbcon: svgadrmfb (fb0) is primary device
[    2.464402] Console: switching to colour frame buffer device 100x37
[    2.499914] [drm] Initialized vmwgfx 2.15.0 20180704 for 0000:00:02.0 on minor 0
[    2.501901] systemd[1]: Finished Load Kernel Modules.
[    2.502902] systemd[1]: Mounting FUSE Control File System...
[    2.503803] systemd[1]: Mounting Kernel Configuration File System...
[    2.504639] systemd[1]: Starting Apply Kernel Variables...
[    2.520037] systemd[1]: Mounted FUSE Control File System.
[    2.520108] systemd[1]: Condition check resulted in VMware vmblock fuse mount being skipped.
[    2.523307] systemd[1]: Mounted Kernel Configuration File System.
[    2.529652] systemd[1]: Finished Set the console keyboard layout.
[    2.529743] systemd[1]: Reached target Local File Systems (Pre).
[    2.532372] systemd[1]: Mounting Mount unit for bare, revision 5...
[    2.539116] systemd[1]: Mounting Mount unit for core18, revision 1705...
[    2.544209] systemd[1]: Mounting Mount unit for gnome-3-34-1804, revision 24...
[    2.550020] systemd[1]: Mounting Mount unit for gtk-common-themes, revision 1506...
[    2.576545] systemd[1]: Mounting Mount unit for gtk-common-themes, revision 1535...
[    2.586988] systemd[1]: Mounting Mount unit for snap-store, revision 433...
[    2.594746] systemd[1]: Mounting Mount unit for snapd, revision 7264...
[    2.623448] systemd[1]: Finished Apply Kernel Variables.
[    2.624722] systemd[1]: Mounted Mount unit for bare, revision 5.
[    2.629534] systemd[1]: Mounted Mount unit for gnome-3-34-1804, revision 24.
[    2.635720] systemd[1]: Mounted Mount unit for gtk-common-themes, revision 1506.
[    2.656280] systemd[1]: Started udev Kernel Device Manager.
[    2.657003] systemd[1]: Starting Show Plymouth Boot Screen...
[    2.665394] systemd[1]: Mounted Mount unit for core18, revision 1705.
[    2.683680] systemd[1]: Received SIGRTMIN+20 from PID 279 (plymouthd).
[    2.703093] systemd[1]: Started Show Plymouth Boot Screen.
[    2.703414] systemd[1]: Condition check resulted in Dispatch Password Requests to Console Directory Watch being skipped.
[    2.703507] systemd[1]: Started Forward Password Requests to Plymouth Directory Watch.
[    2.703546] systemd[1]: Reached target Local Encrypted Volumes.
[    2.721415] systemd[1]: Mounted Mount unit for gtk-common-themes, revision 1535.
[    2.721642] systemd[1]: Mounted Mount unit for snap-store, revision 433.
[    2.721816] systemd[1]: Mounted Mount unit for snapd, revision 7264.
[    2.721969] systemd[1]: Reached target Local File Systems.
[    2.724890] systemd[1]: Starting Load AppArmor profiles...
[    2.725747] systemd[1]: Starting Set console font and keymap...
[    2.738941] systemd[1]: Starting Tell Plymouth To Write Out Runtime Data...
[    2.740574] systemd[1]: Condition check resulted in Store a System Token in an EFI Variable being skipped.
[    2.740622] systemd[1]: Condition check resulted in Commit a transient machine-id on disk being skipped.
[    2.744722] systemd[1]: Finished Set console font and keymap.
[    2.752156] systemd[1]: Received SIGRTMIN+20 from PID 279 (plymouthd).
[    2.753302] systemd[1]: plymouth-read-write.service: Succeeded.
[    2.753541] systemd[1]: Finished Tell Plymouth To Write Out Runtime Data.
[    2.775796] audit: type=1400 audit(1768166818.624:2): apparmor="STATUS" operation="profile_load" profile="unconfined" name="nvidia_modprobe" pid=300 comm="apparmor_parser"
[    2.775798] audit: type=1400 audit(1768166818.624:3): apparmor="STATUS" operation="profile_load" profile="unconfined" name="nvidia_modprobe//kmod" pid=300 comm="apparmor_parser"
[    2.782724] audit: type=1400 audit(1768166818.628:4): apparmor="STATUS" operation="profile_load" profile="unconfined" name="/usr/sbin/tcpdump" pid=301 comm="apparmor_parser"
[    2.830043] audit: type=1400 audit(1768166818.672:5): apparmor="STATUS" operation="profile_load" profile="unconfined" name="/usr/bin/evince" pid=303 comm="apparmor_parser"
[    2.830045] audit: type=1400 audit(1768166818.672:6): apparmor="STATUS" operation="profile_load" profile="unconfined" name="/usr/bin/evince//sanitized_helper" pid=303 comm="apparmor_parser"
[    2.830047] audit: type=1400 audit(1768166818.672:7): apparmor="STATUS" operation="profile_load" profile="unconfined" name="/usr/bin/evince-previewer" pid=303 comm="apparmor_parser"
[    2.830048] audit: type=1400 audit(1768166818.672:8): apparmor="STATUS" operation="profile_load" profile="unconfined" name="/usr/bin/evince-previewer//sanitized_helper" pid=303 comm="apparmor_parser"
[    2.830051] audit: type=1400 audit(1768166818.672:9): apparmor="STATUS" operation="profile_load" profile="unconfined" name="/usr/bin/evince-thumbnailer" pid=303 comm="apparmor_parser"
[    2.845811] audit: type=1400 audit(1768166818.696:10): apparmor="STATUS" operation="profile_load" profile="unconfined" name="/usr/lib/cups/backend/cups-pdf" pid=304 comm="apparmor_parser"
[    2.914776] systemd[1]: Finished Load AppArmor profiles.
[    2.915767] systemd[1]: Starting Load AppArmor profiles managed internally by snapd...
[    2.997128] systemd[1]: Finished Load AppArmor profiles managed internally by snapd.
[    3.182954] systemd[1]: Started Journal Service.
[    3.189915] systemd-journald[229]: Received client request to flush runtime journal.
[    3.194872] systemd-journald[229]: File /var/log/journal/c455b248004a419c87ce85eea238d727/system.journal corrupted or uncleanly shut down, renaming and replacing.
[    4.519117] RAPL PMU: API unit is 2^-32 Joules, 0 fixed counters, 10737418240 ms ovfl timer
[    4.588875] cryptd: max_cpu_qlen set to 1000
[    4.634527] AVX2 version of gcm_enc/dec engaged.
[    4.634528] AES CTR mode by8 optimization enabled
[    5.459605] Adding 1998844k swap on /dev/sda1.  Priority:-2 extents:1 across:1998844k FS
[    6.349733] kauditd_printk_skb: 30 callbacks suppressed
[    6.349735] audit: type=1400 audit(1768166822.196:41): apparmor="DENIED" operation="capable" profile="/usr/sbin/cups-browsed" pid=495 comm="cups-browsed" capability=23  capname="sys_nice"
[    7.479724] pcnet32 0000:00:03.0 enp0s3: link up, 100Mbps, full-duplex
[    7.515717] e1000: enp0s8 NIC Link is Up 1000 Mbps Full Duplex, Flow Control: RX
[    7.516015] IPv6: ADDRCONF(NETDEV_CHANGE): enp0s8: link becomes ready
[    7.527201] e1000: enp0s9 NIC Link is Up 1000 Mbps Full Duplex, Flow Control: RX
[    7.527522] IPv6: ADDRCONF(NETDEV_CHANGE): enp0s9: link becomes ready
[    8.069462] device enp0s3 entered promiscuous mode
[    8.083338] audit: type=1400 audit(1768166823.928:42): apparmor="DENIED" operation="open" profile="/usr/sbin/tcpdump" name="/proc/sys/kernel/random/boot_id" pid=669 comm="tcpdump" requested_mask="r" denied_mask="r" fsuid=0 ouid=0
[    8.083549] audit: type=1400 audit(1768166823.928:43): apparmor="DENIED" operation="open" profile="/usr/sbin/tcpdump" name="/proc/sys/kernel/random/boot_id" pid=669 comm="tcpdump" requested_mask="r" denied_mask="r" fsuid=0 ouid=0
[    8.083599] audit: type=1400 audit(1768166823.928:44): apparmor="DENIED" operation="open" profile="/usr/sbin/tcpdump" name="/proc/sys/kernel/random/boot_id" pid=669 comm="tcpdump" requested_mask="r" denied_mask="r" fsuid=0 ouid=0
[    8.083656] audit: type=1400 audit(1768166823.928:45): apparmor="DENIED" operation="open" profile="/usr/sbin/tcpdump" name="/proc/sys/kernel/random/boot_id" pid=669 comm="tcpdump" requested_mask="r" denied_mask="r" fsuid=0 ouid=0
[    8.085989] audit: type=1400 audit(1768166823.936:46): apparmor="DENIED" operation="open" profile="/usr/sbin/tcpdump" name="/proc/sys/kernel/random/boot_id" pid=670 comm="tcpdump" requested_mask="r" denied_mask="r" fsuid=0 ouid=0
[    8.087991] audit: type=1400 audit(1768166823.936:47): apparmor="DENIED" operation="open" profile="/usr/sbin/tcpdump" name="/proc/sys/kernel/random/boot_id" pid=670 comm="tcpdump" requested_mask="r" denied_mask="r" fsuid=0 ouid=0
[    8.088072] audit: type=1400 audit(1768166823.936:48): apparmor="DENIED" operation="open" profile="/usr/sbin/tcpdump" name="/proc/sys/kernel/random/boot_id" pid=670 comm="tcpdump" requested_mask="r" denied_mask="r" fsuid=0 ouid=0
[    8.088243] audit: type=1400 audit(1768166823.936:49): apparmor="DENIED" operation="open" profile="/usr/sbin/tcpdump" name="/proc/sys/kernel/random/boot_id" pid=670 comm="tcpdump" requested_mask="r" denied_mask="r" fsuid=0 ouid=0
[   12.387696] rfkill: input handler disabled
[  524.144664] rfkill: input handler enabled
[  533.109630] rfkill: input handler disabled
[  953.372335] device enp0s3 left promiscuous mode
