[    0.000000] Linux version 5.4.243-mptcp (root@ztg) (gcc version 12.2.0 (Debian 12.2.0-14+deb12u1)) #53 SMP Wed Dec 24 23:28:15 CST 2025
[    0.000000] Command line: BOOT_IMAGE=/boot/vmlinuz-5.4.243-mptcp root=UUID=98415a12-53b7-4144-8265-0f7ece09e445 ro quiet splash
[    0.000000] KERNEL supported cpus:
[    0.000000]   Intel GenuineIntel
[    0.000000]   AMD AuthenticAMD
[    0.000000]   Hygon HygonGenuine
[    0.000000]   Centaur CentaurHauls
[    0.000000]   zhaoxin   Shanghai  
[    0.000000] x86/fpu: Supporting XSAVE feature 0x001: 'x87 floating point registers'
[    0.000000] x86/fpu: Supporting XSAVE feature 0x002: 'SSE registers'
[    0.000000] x86/fpu: Supporting XSAVE feature 0x004: 'AVX registers'
[    0.000000] x86/fpu: xstate_offset[2]:  576, xstate_sizes[2]:  256
[    0.000000] x86/fpu: Enabled xstate features 0x7, context size is 832 bytes, using 'standard' format.
[    0.000000] BIOS-provided physical RAM map:
[    0.000000] BIOS-e820: [mem 0x0000000000000000-0x000000000009fbff] usable
[    0.000000] BIOS-e820: [mem 0x000000000009fc00-0x000000000009ffff] reserved
[    0.000000] BIOS-e820: [mem 0x00000000000f0000-0x00000000000fffff] reserved
[    0.000000] BIOS-e820: [mem 0x0000000000100000-0x000000007ffeffff] usable
[    0.000000] BIOS-e820: [mem 0x000000007fff0000-0x000000007fffffff] ACPI data
[    0.000000] BIOS-e820: [mem 0x00000000fec00000-0x00000000fec00fff] reserved
[    0.000000] BIOS-e820: [mem 0x00000000fee00000-0x00000000fee00fff] reserved
[    0.000000] BIOS-e820: [mem 0x00000000fffc0000-0x00000000ffffffff] reserved
[    0.000000] NX (Execute Disable) protection: active
[    0.000000] SMBIOS 2.5 present.
[    0.000000] DMI: innotek GmbH VirtualBox/VirtualBox, BIOS VirtualBox 12/01/2006
[    0.000000] Hypervisor detected: KVM
[    0.000000] kvm-clock: Using msrs 4b564d01 and 4b564d00
[    0.000000] kvm-clock: cpu 0, msr 6d801001, primary cpu clock
[    0.000000] kvm-clock: using sched offset of 4459543394 cycles
[    0.000002] clocksource: kvm-clock: mask: 0xffffffffffffffff max_cycles: 0x1cd42e4dffb, max_idle_ns: 881590591483 ns
[    0.000005] tsc: Detected 2100.000 MHz processor
[    0.001879] e820: update [mem 0x00000000-0x00000fff] usable ==> reserved
[    0.001880] e820: remove [mem 0x000a0000-0x000fffff] usable
[    0.001884] last_pfn = 0x7fff0 max_arch_pfn = 0x400000000
[    0.001952] MTRR default type: uncachable
[    0.001953] MTRR fixed ranges enabled:
[    0.001955]   00000-9FFFF write-back
[    0.001955]   A0000-BFFFF uncachable
[    0.001956]   C0000-FFFFF write-protect
[    0.001957] MTRR variable ranges enabled:
[    0.001958]   0 base 000000000000 mask 3FFF80000000 write-back
[    0.001959]   1 disabled
[    0.001959]   2 disabled
[    0.001960]   3 disabled
[    0.001960]   4 disabled
[    0.001960]   5 disabled
[    0.001961]   6 disabled
[    0.001961]   7 disabled
[    0.001962]   8 disabled
[    0.001962]   9 disabled
[    0.001963]   10 disabled
[    0.001963]   11 disabled
[    0.001963]   12 disabled
[    0.001964]   13 disabled
[    0.001964]   14 disabled
[    0.001965]   15 disabled
[    0.001981] x86/PAT: Configuration [0-7]: WB  WC  UC- UC  WB  WP  UC- WT  
[    0.002125] found SMP MP-table at [mem 0x0009fff0-0x0009ffff]
[    0.092573] check: Scanning 1 areas for low memory corruption
[    0.092716] RAMDISK: [mem 0x32271000-0x3512ffff]
[    0.092724] ACPI: Early table checksum verification disabled
[    0.092729] ACPI: RSDP 0x00000000000E0000 000024 (v02 VBOX  )
[    0.092734] ACPI: XSDT 0x000000007FFF0030 00003C (v01 VBOX   VBOXXSDT 00000001 ASL  00000061)
[    0.092740] ACPI: FACP 0x000000007FFF00F0 0000F4 (v04 VBOX   VBOXFACP 00000001 ASL  00000061)
[    0.092747] ACPI: DSDT 0x000000007FFF02E0 002353 (v02 VBOX   VBOXBIOS 00000002 VBOX 00029BF3)
[    0.092751] ACPI: FACS 0x000000007FFF0200 000040
[    0.092755] ACPI: FACS 0x000000007FFF0200 000040
[    0.092758] ACPI: APIC 0x000000007FFF0240 000054 (v02 VBOX   VBOXAPIC 00000001 ASL  00000061)
[    0.092761] ACPI: SSDT 0x000000007FFF02A0 000038 (v01 VBOX   VBOXCPUT 00000002 VBOX 00029BF3)
[    0.092765] ACPI: Reserving FACP table memory at [mem 0x7fff00f0-0x7fff01e3]
[    0.092766] ACPI: Reserving DSDT table memory at [mem 0x7fff02e0-0x7fff2632]
[    0.092766] ACPI: Reserving FACS table memory at [mem 0x7fff0200-0x7fff023f]
[    0.092767] ACPI: Reserving FACS table memory at [mem 0x7fff0200-0x7fff023f]
[    0.092768] ACPI: Reserving APIC table memory at [mem 0x7fff0240-0x7fff0293]
[    0.092768] ACPI: Reserving SSDT table memory at [mem 0x7fff02a0-0x7fff02d7]
[    0.092783] ACPI: Local APIC address 0xfee00000
[    0.092968] No NUMA configuration found
[    0.092970] Faking a node at [mem 0x0000000000000000-0x000000007ffeffff]
[    0.092980] NODE_DATA(0) allocated [mem 0x7ffc5000-0x7ffeffff]
[    0.093241] Zone ranges:
[    0.093241]   DMA      [mem 0x0000000000001000-0x0000000000ffffff]
[    0.093243]   DMA32    [mem 0x0000000001000000-0x000000007ffeffff]
[    0.093243]   Normal   empty
[    0.093244]   Device   empty
[    0.093245] Movable zone start for each node
[    0.093247] Early memory node ranges
[    0.093248]   node   0: [mem 0x0000000000001000-0x000000000009efff]
[    0.093248]   node   0: [mem 0x0000000000100000-0x000000007ffeffff]
[    0.093252] Zeroed struct page in unavailable ranges: 114 pages
[    0.093253] Initmem setup node 0 [mem 0x0000000000001000-0x000000007ffeffff]
[    0.093254] On node 0 totalpages: 524174
[    0.093255]   DMA zone: 64 pages used for memmap
[    0.093255]   DMA zone: 21 pages reserved
[    0.093256]   DMA zone: 3998 pages, LIFO batch:0
[    0.093328]   DMA32 zone: 8128 pages used for memmap
[    0.093328]   DMA32 zone: 520176 pages, LIFO batch:63
[    0.102307] ACPI: PM-Timer IO Port: 0x4008
[    0.102311] ACPI: Local APIC address 0xfee00000
[    0.102378] IOAPIC[0]: apic_id 1, version 32, address 0xfec00000, GSI 0-23
[    0.102382] ACPI: INT_SRC_OVR (bus 0 bus_irq 0 global_irq 2 dfl dfl)
[    0.102384] ACPI: INT_SRC_OVR (bus 0 bus_irq 9 global_irq 9 low level)
[    0.102386] ACPI: IRQ0 used by override.
[    0.102387] ACPI: IRQ9 used by override.
[    0.102389] Using ACPI (MADT) for SMP configuration information
[    0.102396] smpboot: Allowing 1 CPUs, 0 hotplug CPUs
[    0.102419] PM: Registered nosave memory: [mem 0x00000000-0x00000fff]
[    0.102420] PM: Registered nosave memory: [mem 0x0009f000-0x0009ffff]
[    0.102421] PM: Registered nosave memory: [mem 0x000a0000-0x000effff]
[    0.102421] PM: Registered nosave memory: [mem 0x000f0000-0x000fffff]
[    0.102423] [mem 0x80000000-0xfebfffff] available for PCI devices
[    0.102424] Booting paravirtualized kernel on KVM
[    0.102427] clocksource: refined-jiffies: mask: 0xffffffff max_cycles: 0xffffffff, max_idle_ns: 7645519600211568 ns
[    0.102432] setup_percpu: NR_CPUS:8192 nr_cpumask_bits:1 nr_cpu_ids:1 nr_node_ids:1
[    0.103454] percpu: Embedded 60 pages/cpu s208896 r8192 d28672 u2097152
[    0.103459] pcpu-alloc: s208896 r8192 d28672 u2097152 alloc=1*2097152
[    0.103460] pcpu-alloc: [0] 0 
[    0.103487] Built 1 zonelists, mobility grouping on.  Total pages: 515961
[    0.103488] Policy zone: DMA32
[    0.103489] Kernel command line: BOOT_IMAGE=/boot/vmlinuz-5.4.243-mptcp root=UUID=98415a12-53b7-4144-8265-0f7ece09e445 ro quiet splash
[    0.104349] Dentry cache hash table entries: 262144 (order: 9, 2097152 bytes, linear)
[    0.104497] Inode-cache hash table entries: 131072 (order: 8, 1048576 bytes, linear)
[    0.104547] mem auto-init: stack:off, heap alloc:on, heap free:off
[    0.104550] Calgary: detecting Calgary via BIOS EBDA area
[    0.104551] Calgary: Unable to locate Rio Grande table in EBDA - bailing!
[    0.108730] Memory: 1967332K/2096696K available (14339K kernel code, 2398K rwdata, 4712K rodata, 2728K init, 17260K bss, 129364K reserved, 0K cma-reserved)
[    0.109665] SLUB: HWalign=64, Order=0-3, MinObjects=0, CPUs=1, Nodes=1
[    0.109681] ftrace: allocating 43186 entries in 169 pages
[    0.127823] rcu: Hierarchical RCU implementation.
[    0.127824] rcu: 	RCU restricting CPUs from NR_CPUS=8192 to nr_cpu_ids=1.
[    0.127825] 	Tasks RCU enabled.
[    0.127826] rcu: RCU calculated value of scheduler-enlistment delay is 25 jiffies.
[    0.127827] rcu: Adjusting geometry for rcu_fanout_leaf=16, nr_cpu_ids=1
[    0.130790] NR_IRQS: 524544, nr_irqs: 256, preallocated irqs: 16
[    0.131004] random: crng init done
[    0.140289] Console: colour VGA+ 80x25
[    0.140293] printk: console [tty0] enabled
[    0.140314] ACPI: Core revision 20190816
[    0.140422] APIC: Switch to symmetric I/O mode setup
[    0.140672] x2apic enabled
[    0.140906] Switched APIC routing to physical x2apic.
[    0.142027] ..TIMER: vector=0x30 apic1=0 pin1=2 apic2=-1 pin2=-1
[    0.142061] clocksource: tsc-early: mask: 0xffffffffffffffff max_cycles: 0x1e4530a99b6, max_idle_ns: 440795257976 ns
[    0.142067] Calibrating delay loop (skipped) preset value.. 4200.00 BogoMIPS (lpj=8400000)
[    0.142070] pid_max: default: 32768 minimum: 301
[    0.142099] LSM: Security Framework initializing
[    0.142109] Yama: becoming mindful.
[    0.142137] AppArmor: AppArmor initialized
[    0.142172] Mount-cache hash table entries: 4096 (order: 3, 32768 bytes, linear)
[    0.142177] Mountpoint-cache hash table entries: 4096 (order: 3, 32768 bytes, linear)
[    0.142188] *** VALIDATE tmpfs ***
[    0.142323] *** VALIDATE proc ***
[    0.142365] *** VALIDATE cgroup1 ***
[    0.142366] *** VALIDATE cgroup2 ***
[    0.142511] process: using mwait in idle threads
[    0.142516] Last level iTLB entries: 4KB 64, 2MB 8, 4MB 8
[    0.142517] Last level dTLB entries: 4KB 64, 2MB 0, 4MB 0, 1GB 4
[    0.142537] Spectre V1 : Mitigation: usercopy/swapgs barriers and __user pointer sanitization
[    0.142542] Spectre V2 : Mitigation: Retpolines
[    0.142542] Spectre V2 : Spectre v2 / SpectreRSB mitigation: Filling RSB on context switch
[    0.142543] Spectre V2 : Spectre v2 / SpectreRSB : Filling RSB on VMEXIT
[    0.142544] RETBleed: WARNING: Spectre v2 mitigation leaves CPU vulnerable to RETBleed attacks, data leaks possible!
[    0.142899] RETBleed: Vulnerable
[    0.142900] Speculative Store Bypass: Vulnerable
[    0.142904] TAA: Mitigation: TSX disabled
[    0.142905] MMIO Stale Data: Mitigation: Clear CPU buffers
[    0.147157] Freeing SMP alternatives memory: 40K
[    0.259923] smpboot: CPU0: Intel(R) Xeon(R) Silver 4216 CPU @ 2.10GHz (family: 0x6, model: 0x55, stepping: 0x7)
[    0.260042] Performance Events: unsupported p6 CPU model 85 no PMU driver, software events only.
[    0.260089] rcu: Hierarchical SRCU implementation.
[    0.260573] NMI watchdog: Perf NMI watchdog permanently disabled
[    0.260613] smp: Bringing up secondary CPUs ...
[    0.260614] smp: Brought up 1 node, 1 CPU
[    0.260615] smpboot: Max logical packages: 1
[    0.260616] smpboot: Total of 1 processors activated (4200.00 BogoMIPS)
[    0.261576] devtmpfs: initialized
[    0.261624] x86/mm: Memory block size: 128MB
[    0.261974] clocksource: jiffies: mask: 0xffffffff max_cycles: 0xffffffff, max_idle_ns: 7645041785100000 ns
[    0.261981] futex hash table entries: 256 (order: 2, 16384 bytes, linear)
[    0.262024] pinctrl core: initialized pinctrl subsystem
[    0.262063] PM: RTC time: 20:06:39, date: 2026-01-12
[    0.262063] NET: Registered protocol family 16
[    0.262063] audit: initializing netlink subsys (disabled)
[    0.262063] EISA bus registered
[    0.262063] cpuidle: using governor ladder
[    0.262063] cpuidle: using governor menu
[    0.262063] ACPI: bus type PCI registered
[    0.262063] acpiphp: ACPI Hot Plug PCI Controller Driver version: 0.5
[    0.262063] PCI: Using configuration type 1 for base access
[    0.262398] audit: type=2000 audit(1768219606.190:1): state=initialized audit_enabled=0 res=1
[    0.262488] HugeTLB registered 2.00 MiB page size, pre-allocated 0 pages
[    0.263359] ACPI: Added _OSI(Module Device)
[    0.263360] ACPI: Added _OSI(Processor Device)
[    0.263360] ACPI: Added _OSI(3.0 _SCP Extensions)
[    0.263361] ACPI: Added _OSI(Processor Aggregator Device)
[    0.263362] ACPI: Added _OSI(Linux-Dell-Video)
[    0.263363] ACPI: Added _OSI(Linux-Lenovo-NV-HDMI-Audio)
[    0.263364] ACPI: Added _OSI(Linux-HPI-Hybrid-Graphics)
[    0.265309] ACPI: 2 ACPI AML tables successfully acquired and loaded
[    0.266841] ACPI: Interpreter enabled
[    0.266852] ACPI: (supports S0 S5)
[    0.266853] ACPI: Using IOAPIC for interrupt routing
[    0.267058] PCI: Using host bridge windows from ACPI; if necessary, use "pci=nocrs" and report a bug
[    0.267164] ACPI: Enabled 2 GPEs in block 00 to 07
[    0.272025] ACPI: PCI Root Bridge [PCI0] (domain 0000 [bus 00-ff])
[    0.272030] acpi PNP0A03:00: _OSC: OS supports [ASPM ClockPM Segments MSI HPX-Type3]
[    0.272486] acpi PNP0A03:00: _OSC: not requesting OS control; OS requires [ExtendedConfig ASPM ClockPM MSI]
[    0.272494] acpi PNP0A03:00: fail to add MMCONFIG information, can't access extended PCI configuration space under this bridge.
[    0.272873] PCI host bridge to bus 0000:00
[    0.272876] pci_bus 0000:00: root bus resource [io  0x0000-0x0cf7 window]
[    0.272877] pci_bus 0000:00: root bus resource [io  0x0d00-0xffff window]
[    0.272878] pci_bus 0000:00: root bus resource [mem 0x000a0000-0x000bffff window]
[    0.272879] pci_bus 0000:00: root bus resource [mem 0x80000000-0xfdffffff window]
[    0.272880] pci_bus 0000:00: root bus resource [bus 00-ff]
[    0.272920] pci 0000:00:00.0: [8086:1237] type 00 class 0x060000
[    0.273869] pci 0000:00:01.0: [8086:7000] type 00 class 0x060100
[    0.274693] pci 0000:00:01.1: [8086:7111] type 00 class 0x01018a
[    0.275074] pci 0000:00:01.1: reg 0x20: [io  0xd000-0xd00f]
[    0.275230] pci 0000:00:01.1: legacy IDE quirk: reg 0x10: [io  0x01f0-0x01f7]
[    0.275231] pci 0000:00:01.1: legacy IDE quirk: reg 0x14: [io  0x03f6]
[    0.275232] pci 0000:00:01.1: legacy IDE quirk: reg 0x18: [io  0x0170-0x0177]
[    0.275233] pci 0000:00:01.1: legacy IDE quirk: reg 0x1c: [io  0x0376]
[    0.275771] pci 0000:00:02.0: [15ad:0405] type 00 class 0x030000
[    0.278141] pci 0000:00:02.0: reg 0x10: [io  0xd010-0xd01f]
[    0.282108] pci 0000:00:02.0: reg 0x14: [mem 0xe0000000-0xe7ffffff pref]
[    0.284745] pci 0000:00:02.0: reg 0x18: [mem 0xf0000000-0xf01fffff]
[    0.294877] pci 0000:00:03.0: [1022:2000] type 00 class 0x020000
[    0.295581] pci 0000:00:03.0: reg 0x10: [io  0xd020-0xd03f]
[    0.296205] pci 0000:00:03.0: reg 0x14: [mem 0xf0200000-0xf0200fff]
[    0.300614] pci 0000:00:04.0: [80ee:cafe] type 00 class 0x088000
[    0.301284] pci 0000:00:04.0: reg 0x10: [io  0xd040-0xd05f]
[    0.301894] pci 0000:00:04.0: reg 0x14: [mem 0xf0400000-0xf07fffff]
[    0.302178] pci 0000:00:04.0: reg 0x18: [mem 0xf0800000-0xf0803fff pref]
[    0.306104] pci 0000:00:07.0: [8086:7113] type 00 class 0x068000
[    0.306655] pci 0000:00:07.0: quirk: [io  0x4000-0x403f] claimed by PIIX4 ACPI
[    0.306666] pci 0000:00:07.0: quirk: [io  0x4100-0x410f] claimed by PIIX4 SMB
[    0.307277] pci 0000:00:08.0: [8086:100e] type 00 class 0x020000
[    0.307982] pci 0000:00:08.0: reg 0x10: [mem 0xf0820000-0xf083ffff]
[    0.309144] pci 0000:00:08.0: reg 0x18: [io  0xd060-0xd067]
[    0.312797] pci 0000:00:09.0: [8086:100e] type 00 class 0x020000
[    0.313563] pci 0000:00:09.0: reg 0x10: [mem 0xf0840000-0xf085ffff]
[    0.314177] pci 0000:00:09.0: reg 0x18: [io  0xd068-0xd06f]
[    0.323195] ACPI: PCI Interrupt Link [LNKA] (IRQs 5 9 10 *11)
[    0.326118] ACPI: PCI Interrupt Link [LNKB] (IRQs 5 9 *10 11)
[    0.326220] ACPI: PCI Interrupt Link [LNKC] (IRQs 5 *9 10 11)
[    0.326323] ACPI: PCI Interrupt Link [LNKD] (IRQs 5 9 10 *11)
[    0.326599] iommu: Default domain type: Translated 
[    0.326665] pci 0000:00:02.0: vgaarb: setting as boot VGA device
[    0.326667] pci 0000:00:02.0: vgaarb: VGA device added: decodes=io+mem,owns=io+mem,locks=none
[    0.326669] pci 0000:00:02.0: vgaarb: bridge control possible
[    0.326670] vgaarb: loaded
[    0.326891] SCSI subsystem initialized
[    0.326923] libata version 3.00 loaded.
[    0.326949] ACPI: bus type USB registered
[    0.326965] usbcore: registered new interface driver usbfs
[    0.326971] usbcore: registered new interface driver hub
[    0.326976] usbcore: registered new device driver usb
[    0.327004] pps_core: LinuxPPS API ver. 1 registered
[    0.327005] pps_core: Software ver. 5.3.6 - Copyright 2005-2007 Rodolfo Giometti <giometti@linux.it>
[    0.327007] PTP clock support registered
[    0.327041] EDAC MC: Ver: 3.0.0
[    0.327332] PCI: Using ACPI for IRQ routing
[    0.327333] PCI: pci_cache_line_size set to 64 bytes
[    0.327501] e820: reserve RAM buffer [mem 0x0009fc00-0x0009ffff]
[    0.327505] e820: reserve RAM buffer [mem 0x7fff0000-0x7fffffff]
[    0.328327] NetLabel: Initializing
[    0.328328] NetLabel:  domain hash size = 128
[    0.328328] NetLabel:  protocols = UNLABELED CIPSOv4 CALIPSO
[    0.328348] NetLabel:  unlabeled traffic allowed by default
[    0.329261] clocksource: Switched to clocksource kvm-clock
[    0.340868] *** VALIDATE bpf ***
[    0.340934] VFS: Disk quotas dquot_6.6.0
[    0.340947] VFS: Dquot-cache hash table entries: 512 (order 0, 4096 bytes)
[    0.340971] *** VALIDATE ramfs ***
[    0.340974] *** VALIDATE hugetlbfs ***
[    0.341059] AppArmor: AppArmor Filesystem Enabled
[    0.341090] pnp: PnP ACPI init
[    0.341166] pnp 00:00: Plug and Play ACPI device, IDs PNP0303 (active)
[    0.341255] pnp 00:01: Plug and Play ACPI device, IDs PNP0f03 (active)
[    0.342010] pnp: PnP ACPI: found 2 devices
[    0.342975] thermal_sys: Registered thermal governor 'fair_share'
[    0.342976] thermal_sys: Registered thermal governor 'bang_bang'
[    0.342976] thermal_sys: Registered thermal governor 'step_wise'
[    0.342977] thermal_sys: Registered thermal governor 'user_space'
[    0.342978] thermal_sys: Registered thermal governor 'power_allocator'
[    0.347517] clocksource: acpi_pm: mask: 0xffffff max_cycles: 0xffffff, max_idle_ns: 2085701024 ns
[    0.347558] pci_bus 0000:00: resource 4 [io  0x0000-0x0cf7 window]
[    0.347559] pci_bus 0000:00: resource 5 [io  0x0d00-0xffff window]
[    0.347560] pci_bus 0000:00: resource 6 [mem 0x000a0000-0x000bffff window]
[    0.347562] pci_bus 0000:00: resource 7 [mem 0x80000000-0xfdffffff window]
[    0.347625] NET: Registered protocol family 2
[    0.347702] IP idents hash table entries: 32768 (order: 6, 262144 bytes, linear)
[    0.348110] MPTCP tokens hash table entries: 8192 (order: 4, 65536 bytes, linear)
[    0.348130] MPTCP request tokens hash table entries: 8192 (order: 4, 65536 bytes, linear)
[    0.348155] default registered
[    0.348155] default registered
[    0.348156] MPTCP: Stable release v0.96
[    0.348161] tcp_listen_portaddr_hash hash table entries: 1024 (order: 2, 16384 bytes, linear)
[    0.348242] TCP established hash table entries: 16384 (order: 5, 131072 bytes, linear)
[    0.348308] TCP bind hash table entries: 16384 (order: 6, 262144 bytes, linear)
[    0.348333] TCP: Hash tables configured (established 16384 bind 16384)
[    0.349040] UDP hash table entries: 1024 (order: 3, 32768 bytes, linear)
[    0.349052] UDP-Lite hash table entries: 1024 (order: 3, 32768 bytes, linear)
[    0.349087] NET: Registered protocol family 1
[    0.349097] NET: Registered protocol family 44
[    0.349122] pci 0000:00:00.0: Limiting direct PCI/PCI transfers
[    0.349134] pci 0000:00:01.0: Activating ISA DMA hang workarounds
[    0.349187] pci 0000:00:02.0: Video device with shadowed ROM at [mem 0x000c0000-0x000dffff]
[    0.349249] PCI: CLS 0 bytes, default 64
[    0.349298] Trying to unpack rootfs image as initramfs...
[    0.535188] Freeing initrd memory: 47868K
[    0.535290] clocksource: tsc: mask: 0xffffffffffffffff max_cycles: 0x1e4530a99b6, max_idle_ns: 440795257976 ns
[    0.535300] clocksource: Switched to clocksource tsc
[    0.535337] platform rtc_cmos: registered platform RTC device (no PNP device found)
[    0.535365] check: Scanning for low memory corruption every 60 seconds
[    0.535456] Initialise system trusted keyrings
[    0.535456] Key type blacklist registered
[    0.535456] workingset: timestamp_bits=36 max_order=19 bucket_order=0
[    0.535456] zbud: loaded
[    0.535456] squashfs: version 4.0 (2009/01/31) Phillip Lougher
[    0.535456] fuse: init (API version 7.31)
[    0.535456] *** VALIDATE fuse ***
[    0.535456] *** VALIDATE fuse ***
[    0.535456] Platform Keyring initialized
[    0.535456] Key type asymmetric registered
[    0.535456] Asymmetric key parser 'x509' registered
[    0.535456] Block layer SCSI generic (bsg) driver version 0.4 loaded (major 244)
[    0.535456] io scheduler mq-deadline registered
[    0.535456] shpchp: Standard Hot Plug PCI Controller Driver version: 0.4
[    0.541057] ACPI: AC Adapter [AC] (on-line)
[    0.541105] input: Power Button as /devices/LNXSYSTM:00/LNXPWRBN:00/input/input0
[    0.541133] ACPI: Power Button [PWRF]
[    0.541225] input: Sleep Button as /devices/LNXSYSTM:00/LNXSLPBN:00/input/input1
[    0.541241] ACPI: Sleep Button [SLPF]
[    0.541468] Serial: 8250/16550 driver, 32 ports, IRQ sharing enabled
[    0.542641] Linux agpgart interface v0.103
[    0.631106] loop: module loaded
[    0.631258] ata_piix 0000:00:01.1: version 2.13
[    0.631673] scsi host0: ata_piix
[    0.631761] scsi host1: ata_piix
[    0.631787] ata1: PATA max UDMA/33 cmd 0x1f0 ctl 0x3f6 bmdma 0xd000 irq 14
[    0.631788] ata2: PATA max UDMA/33 cmd 0x170 ctl 0x376 bmdma 0xd008 irq 15
[    0.631869] tun: Universal TUN/TAP device driver, 1.6
[    0.632169] PPP generic driver version 2.4.2
[    0.632211] VFIO - User Level meta-driver version: 0.3
[    0.632447] ehci_hcd: USB 2.0 'Enhanced' Host Controller (EHCI) Driver
[    0.632452] ehci-pci: EHCI PCI platform driver
[    0.632468] ehci-platform: EHCI generic platform driver
[    0.632473] ohci_hcd: USB 1.1 'Open' Host Controller (OHCI) Driver
[    0.632475] ohci-pci: OHCI PCI platform driver
[    0.632482] ohci-platform: OHCI generic platform driver
[    0.632487] uhci_hcd: USB Universal Host Controller Interface driver
[    0.632551] i8042: PNP: PS/2 Controller [PNP0303:PS2K,PNP0f03:PS2M] at 0x60,0x64 irq 1,12
[    0.632990] serio: i8042 KBD port at 0x60,0x64 irq 1
[    0.632994] serio: i8042 AUX port at 0x60,0x64 irq 12
[    0.633080] mousedev: PS/2 mouse device common for all mice
[    0.633341] input: AT Translated Set 2 keyboard as /devices/platform/i8042/serio0/input/input2
[    0.633742] rtc_cmos rtc_cmos: registered as rtc0
[    0.633754] rtc_cmos rtc_cmos: alarms up to one day, 114 bytes nvram
[    0.633759] i2c /dev entries driver
[    0.633802] device-mapper: uevent: version 1.0.3
[    0.633845] device-mapper: ioctl: 4.41.0-ioctl (2019-09-16) initialised: dm-devel@redhat.com
[    0.633861] platform eisa.0: Probing EISA bus 0
[    0.633863] platform eisa.0: EISA: Cannot allocate resource for mainboard
[    0.633864] platform eisa.0: Cannot allocate resource for EISA slot 1
[    0.633865] platform eisa.0: Cannot allocate resource for EISA slot 2
[    0.633866] platform eisa.0: Cannot allocate resource for EISA slot 3
[    0.633867] platform eisa.0: Cannot allocate resource for EISA slot 4
[    0.633868] platform eisa.0: Cannot allocate resource for EISA slot 5
[    0.633869] platform eisa.0: Cannot allocate resource for EISA slot 6
[    0.633870] platform eisa.0: Cannot allocate resource for EISA slot 7
[    0.633871] platform eisa.0: Cannot allocate resource for EISA slot 8
[    0.633872] platform eisa.0: EISA: Detected 0 cards
[    0.633875] intel_pstate: CPU model not supported
[    0.633885] ledtrig-cpu: registered to indicate activity on CPUs
[    0.633938] drop_monitor: Initializing network drop monitor service
[    0.634097] NET: Registered protocol family 10
[    0.639192] Segment Routing with IPv6
[    0.639221] fullmesh registered
[    0.639222] ndiffports registered
[    0.639224] binder registered
[    0.639225] roundrobin registered
[    0.639225] redundant registered
[    0.639226] blest registered
[    0.639226] ecf registered
[    0.639228] NET: Registered protocol family 17
[    0.639246] Key type dns_resolver registered
[    0.639246] RAS: Correctable Errors collector initialized.
[    0.639246] IPI shorthand broadcast: enabled
[    0.639246] sched_clock: Marking stable (624177228, 11069543)->(637884434, -2637663)
[    0.639449] registered taskstats version 1
[    0.639458] Loading compiled-in X.509 certificates
[    0.640048] Loaded X.509 cert 'Build time autogenerated kernel key: 6909f3744cebb3d0de528d5887b96a727de79b1e'
[    0.640068] zswap: loaded using pool lzo/zbud
[    0.640124] Key type ._fscrypt registered
[    0.640125] Key type .fscrypt registered
[    0.644650] Key type big_key registered
[    0.646859] Key type encrypted registered
[    0.646862] AppArmor: AppArmor sha1 policy hashing enabled
[    0.646870] ima: No TPM chip found, activating TPM-bypass!
[    0.646874] ima: Allocated hash algorithm: sha1
[    0.646880] ima: No architecture policies found
[    0.646889] evm: Initialising EVM extended attributes:
[    0.646890] evm: security.selinux
[    0.646890] evm: security.SMACK64
[    0.646890] evm: security.SMACK64EXEC
[    0.646891] evm: security.SMACK64TRANSMUTE
[    0.646891] evm: security.SMACK64MMAP
[    0.646892] evm: security.apparmor
[    0.646892] evm: security.ima
[    0.646893] evm: security.capability
[    0.646893] evm: HMAC attrs: 0x1
[    0.647192] PM:   Magic number: 10:58:144
[    0.647193] PM:   hash matches drivers/base/power/main.c:1831
[    0.647201] ata_port ata1: hash matches
[    0.647201]  ata1: hash matches
[    0.647323] rtc_cmos rtc_cmos: setting system clock to 2026-01-12T20:06:40 UTC (1768248400)
[    0.804038] ata1.00: ATA-6: VBOX HARDDISK, 1.0, max UDMA/133
[    0.804042] ata1.00: 209715200 sectors, multi 128: LBA 
[    0.804679] scsi 0:0:0:0: Direct-Access     ATA      VBOX HARDDISK    1.0  PQ: 0 ANSI: 5
[    0.804956] sd 0:0:0:0: [sda] 209715200 512-byte logical blocks: (107 GB/100 GiB)
[    0.804968] sd 0:0:0:0: [sda] Write Protect is off
[    0.804971] sd 0:0:0:0: [sda] Mode Sense: 00 3a 00 00
[    0.804990] sd 0:0:0:0: [sda] Write cache: enabled, read cache: enabled, doesn't support DPO or FUA
[    0.805295] sd 0:0:0:0: Attached scsi generic sg0 type 0
[    0.806305]  sda: sda1 sda2
[    0.815289] sd 0:0:0:0: [sda] Attached SCSI disk
[    0.818419] Freeing unused decrypted memory: 2040K
[    0.819359] Freeing unused kernel image memory: 2728K
[    0.819362] Write protecting the kernel read-only data: 22528k
[    0.820347] Freeing unused kernel image memory: 2036K
[    0.820882] Freeing unused kernel image memory: 1432K
[    0.845886] x86/mm: Checked W+X mappings: passed, no W+X pages found.
[    0.845891] Run /init as init process
[    0.950745] ACPI: Video Device [GFX0] (multi-head: yes  rom: no  post: no)
[    0.950817] input: Video Bus as /devices/LNXSYSTM:00/LNXSYBUS:00/PNP0A03:00/LNXVIDEO:00/input/input4
[    0.964076] pcnet32: pcnet32.c:v1.35 21.Apr.2008 tsbogend@alpha.franken.de
[    0.965599] piix4_smbus 0000:00:07.0: SMBus Host Controller at 0x4100, revision 0
[    0.968092] e1000: Intel(R) PRO/1000 Network Driver - version 7.3.21-k8-NAPI
[    0.968093] e1000: Copyright (c) 1999-2006 Intel Corporation.
[    0.978571] pcnet32: PCnet/FAST III 79C973 at 0xd020, 08:00:27:4d:a9:ac assigned IRQ 19
[    0.978617] pcnet32: Found PHY 0022:561b at address 0
[    0.978920] pcnet32: eth0: registered as PCnet/FAST III 79C973
[    0.984251] pcnet32: 1 cards_found
[    1.041761] pcnet32 0000:00:03.0 enp0s3: renamed from eth0
[    1.178341] input: ImExPS/2 Generic Explorer Mouse as /devices/platform/i8042/serio1/input/input5
[    1.375390] e1000 0000:00:08.0 eth0: (PCI:33MHz:32-bit) 08:00:27:c3:ac:c9
[    1.375395] e1000 0000:00:08.0 eth0: Intel(R) PRO/1000 Network Connection
[    1.747555] e1000 0000:00:09.0 eth1: (PCI:33MHz:32-bit) 08:00:27:3f:da:89
[    1.747558] e1000 0000:00:09.0 eth1: Intel(R) PRO/1000 Network Connection
[    1.748695] e1000 0000:00:09.0 enp0s9: renamed from eth1
[    1.750515] e1000 0000:00:08.0 enp0s8: renamed from eth0
[    2.362810] EXT4-fs (sda2): mounted filesystem with ordered data mode. Opts: (null)
[    2.513878] systemd[1]: Inserted module 'autofs4'
[    2.529158] systemd[1]: systemd 245.4-4ubuntu3 running in system mode. (+PAM +AUDIT +SELINUX +IMA +APPARMOR +SMACK +SYSVINIT +UTMP +LIBCRYPTSETUP +GCRYPT +GNUTLS +ACL +XZ +LZ4 +SECCOMP +BLKID +ELFUTILS +KMOD +IDN2 -IDN +PCRE2 default-hierarchy=hybrid)
[    2.529198] systemd[1]: Detected virtualization oracle.
[    2.529202] systemd[1]: Detected architecture x86-64.
[    2.530623] systemd[1]: Set hostname to <ztg>.
[    2.688831] systemd[1]: /lib/systemd/system/dbus.socket:5: ListenStream= references a path below legacy directory /var/run/, updating /var/run/dbus/system_bus_socket â†’ /run/dbus/system_bus_socket; please update the unit file accordingly.
[    2.756167] systemd[1]: Created slice system-modprobe.slice.
[    2.756353] systemd[1]: Created slice User and Session Slice.
[    2.756397] systemd[1]: Started Forward Password Requests to Wall Directory Watch.
[    2.756566] systemd[1]: Set up automount Arbitrary Executable File Formats File System Automount Point.
[    2.756598] systemd[1]: Reached target User and Group Name Lookups.
[    2.756607] systemd[1]: Reached target Remote File Systems.
[    2.756616] systemd[1]: Reached target Slices.
[    2.757165] systemd[1]: Listening on Syslog Socket.
[    2.757232] systemd[1]: Listening on fsck to fsckd communication Socket.
[    2.757271] systemd[1]: Listening on initctl Compatibility Named Pipe.
[    2.757407] systemd[1]: Listening on Journal Audit Socket.
[    2.757460] systemd[1]: Listening on Journal Socket (/dev/log).
[    2.757526] systemd[1]: Listening on Journal Socket.
[    2.757589] systemd[1]: Listening on udev Control Socket.
[    2.757641] systemd[1]: Listening on udev Kernel Socket.
[    2.758472] systemd[1]: Mounting Huge Pages File System...
[    2.759464] systemd[1]: Mounting POSIX Message Queue File System...
[    2.760322] systemd[1]: Mounting Kernel Debug File System...
[    2.761155] systemd[1]: Mounting Kernel Trace File System...
[    2.763371] systemd[1]: Starting Journal Service...
[    2.786117] systemd[1]: Starting Set the console keyboard layout...
[    2.793990] systemd[1]: Starting Create list of static device nodes for the current kernel...
[    2.796072] systemd[1]: Starting Load Kernel Module drm...
[    2.799162] systemd[1]: Condition check resulted in Set Up Additional Binary Formats being skipped.
[    2.799195] systemd[1]: Condition check resulted in File System Check on Root Device being skipped.
[    2.803104] systemd[1]: Starting Load Kernel Modules...
[    2.803851] systemd[1]: Starting Remount Root and Kernel File Systems...
[    2.804611] systemd[1]: Starting udev Coldplug all Devices...
[    2.805434] systemd[1]: Starting Uncomplicated firewall...
[    2.806872] systemd[1]: Mounted Huge Pages File System.
[    2.806960] systemd[1]: Mounted POSIX Message Queue File System.
[    2.807031] systemd[1]: Mounted Kernel Debug File System.
[    2.807098] systemd[1]: Mounted Kernel Trace File System.
[    2.860642] systemd[1]: Finished Create list of static device nodes for the current kernel.
[    2.866575] systemd[1]: Finished Uncomplicated firewall.
[    2.871625] systemd[1]: modprobe@drm.service: Succeeded.
[    2.871965] systemd[1]: Finished Load Kernel Module drm.
[    2.872708] EXT4-fs (sda2): re-mounted. Opts: errors=remount-ro
[    2.876574] systemd[1]: Finished Remount Root and Kernel File Systems.
[    2.878133] systemd[1]: Condition check resulted in Rebuild Hardware Database being skipped.
[    2.878166] systemd[1]: Condition check resulted in Platform Persistent Storage Archival being skipped.
[    2.879569] systemd[1]: Starting Load/Save Random Seed...
[    2.895524] systemd[1]: Starting Create System Users...
[    2.916811] systemd[1]: Finished Load/Save Random Seed.
[    2.919277] systemd[1]: Finished Create System Users.
[    2.920097] systemd[1]: Starting Create Static Device Nodes in /dev...
[    2.925898] lp: driver loaded but no devices found
[    2.966550] ppdev: user-space parallel port driver
[    2.984463] systemd[1]: Finished udev Coldplug all Devices.
[    2.988508] systemd[1]: Finished Create Static Device Nodes in /dev.
[    2.989394] systemd[1]: Starting udev Kernel Device Manager...
[    3.059601] systemd[1]: Finished Set the console keyboard layout.
[    3.059708] systemd[1]: Reached target Local File Systems (Pre).
[    3.060243] [drm] DMA map mode: Caching DMA mappings.
[    3.060326] [drm] Capabilities:
[    3.060327] [drm]   Rect copy.
[    3.060327] [drm]   Cursor.
[    3.060327] [drm]   Cursor bypass.
[    3.060328] [drm]   Cursor bypass 2.
[    3.060328] [drm]   Alpha cursor.
[    3.060328] [drm]   Extended Fifo.
[    3.060329] [drm]   Pitchlock.
[    3.060329] [drm]   Irq mask.
[    3.060329] [drm]   GMR.
[    3.060330] [drm]   Traces.
[    3.060330] [drm]   GMR2.
[    3.060330] [drm]   Screen Object 2.
[    3.060331] [drm]   Command Buffers.
[    3.060331] [drm]   Command Buffers 2.
[    3.060332] [drm]   Guest Backed Resources.
[    3.060333] [drm] Max GMR ids is 8192
[    3.060333] [drm] Max number of GMR pages is 1048576
[    3.060334] [drm] Max dedicated hypervisor surface memory is 393216 kiB
[    3.060334] [drm] Maximum display memory size is 131072 kiB
[    3.060335] [drm] VRAM at 0xe0000000 size is 131072 kiB
[    3.060335] [drm] MMIO at 0xf0000000 size is 2048 kiB
[    3.060690] [TTM] Zone  kernel: Available graphics memory: 1011738 KiB
[    3.060691] [TTM] Initializing pool allocator
[    3.060695] [TTM] Initializing DMA pool allocator
[    3.060724] [drm] Supports vblank timestamp caching Rev 2 (21.10.2013).
[    3.060724] [drm] No driver support for vblank timestamp query.
[    3.060948] [drm] Screen Target Display device initialized
[    3.061410] [drm] width 720
[    3.061418] [drm] height 400
[    3.061422] [drm] bpp 32
[    3.061946] [drm] Fifo max 0x00200000 min 0x00001000 cap 0x00000355
[    3.063150] [drm] Using command buffers with DMA pool.
[    3.063155] [drm] DX: no.
[    3.063155] [drm] Atomic: yes.
[    3.063156] [drm] SM4_1: no.
[    3.063174] [drm:vmw_host_log [vmwgfx]] *ERROR* Failed to send host log message.
[    3.064209] [drm:vmw_host_log [vmwgfx]] *ERROR* Failed to send host log message.
[    3.066228] systemd[1]: Mounting Mount unit for bare, revision 5...
[    3.072613] systemd[1]: Mounting Mount unit for core18, revision 1705...
[    3.085245] fbcon: svgadrmfb (fb0) is primary device
[    3.086919] systemd[1]: Mounting Mount unit for gnome-3-34-1804, revision 24...
[    3.090102] Console: switching to colour frame buffer device 100x37
[    3.096513] [drm] Initialized vmwgfx 2.15.0 20180704 for 0000:00:02.0 on minor 0
[    3.103667] systemd[1]: Mounting Mount unit for gtk-common-themes, revision 1506...
[    3.117490] systemd[1]: Mounting Mount unit for gtk-common-themes, revision 1535...
[    3.138403] systemd[1]: Mounting Mount unit for snap-store, revision 433...
[    3.142434] systemd[1]: Mounting Mount unit for snapd, revision 7264...
[    3.149027] systemd[1]: Finished Load Kernel Modules.
[    3.159917] systemd[1]: Mounting FUSE Control File System...
[    3.173133] systemd[1]: Mounting Kernel Configuration File System...
[    3.175774] systemd[1]: Starting Apply Kernel Variables...
[    3.204565] systemd[1]: Mounted Mount unit for bare, revision 5.
[    3.204674] systemd[1]: Mounted Mount unit for core18, revision 1705.
[    3.204759] systemd[1]: Mounted Mount unit for gnome-3-34-1804, revision 24.
[    3.204839] systemd[1]: Mounted Mount unit for gtk-common-themes, revision 1535.
[    3.204914] systemd[1]: Mounted FUSE Control File System.
[    3.204987] systemd[1]: Mounted Kernel Configuration File System.
[    3.205050] systemd[1]: Condition check resulted in VMware vmblock fuse mount being skipped.
[    3.214374] systemd[1]: Started udev Kernel Device Manager.
[    3.214679] systemd[1]: Mounted Mount unit for gtk-common-themes, revision 1506.
[    3.220172] systemd[1]: Starting Show Plymouth Boot Screen...
[    3.238827] systemd[1]: Finished Apply Kernel Variables.
[    3.248667] systemd[1]: Mounted Mount unit for snap-store, revision 433.
[    3.248786] systemd[1]: Mounted Mount unit for snapd, revision 7264.
[    3.249335] systemd[1]: Received SIGRTMIN+20 from PID 279 (plymouthd).
[    3.249419] systemd[1]: Reached target Local File Systems.
[    3.253909] systemd[1]: Starting Load AppArmor profiles...
[    3.262276] systemd[1]: Starting Set console font and keymap...
[    3.270114] systemd[1]: Starting Tell Plymouth To Write Out Runtime Data...
[    3.270237] systemd[1]: Condition check resulted in Store a System Token in an EFI Variable being skipped.
[    3.270287] systemd[1]: Condition check resulted in Commit a transient machine-id on disk being skipped.
[    3.273986] systemd[1]: Started Show Plymouth Boot Screen.
[    3.276796] systemd[1]: Finished Set console font and keymap.
[    3.276993] systemd[1]: Condition check resulted in Dispatch Password Requests to Console Directory Watch being skipped.
[    3.277076] systemd[1]: Started Forward Password Requests to Plymouth Directory Watch.
[    3.277142] systemd[1]: Reached target Local Encrypted Volumes.
[    3.283469] systemd[1]: Received SIGRTMIN+20 from PID 279 (plymouthd).
[    3.285673] systemd[1]: plymouth-read-write.service: Succeeded.
[    3.285911] systemd[1]: Finished Tell Plymouth To Write Out Runtime Data.
[    3.330934] audit: type=1400 audit(1768248403.176:2): apparmor="STATUS" operation="profile_load" profile="unconfined" name="nvidia_modprobe" pid=298 comm="apparmor_parser"
[    3.330937] audit: type=1400 audit(1768248403.176:3): apparmor="STATUS" operation="profile_load" profile="unconfined" name="nvidia_modprobe//kmod" pid=298 comm="apparmor_parser"
[    3.337262] audit: type=1400 audit(1768248403.184:4): apparmor="STATUS" operation="profile_load" profile="unconfined" name="/usr/sbin/tcpdump" pid=299 comm="apparmor_parser"
[    3.386256] audit: type=1400 audit(1768248403.224:5): apparmor="STATUS" operation="profile_load" profile="unconfined" name="/usr/bin/evince" pid=302 comm="apparmor_parser"
[    3.386260] audit: type=1400 audit(1768248403.224:6): apparmor="STATUS" operation="profile_load" profile="unconfined" name="/usr/bin/evince//sanitized_helper" pid=302 comm="apparmor_parser"
[    3.386263] audit: type=1400 audit(1768248403.224:7): apparmor="STATUS" operation="profile_load" profile="unconfined" name="/usr/bin/evince-previewer" pid=302 comm="apparmor_parser"
[    3.386265] audit: type=1400 audit(1768248403.224:8): apparmor="STATUS" operation="profile_load" profile="unconfined" name="/usr/bin/evince-previewer//sanitized_helper" pid=302 comm="apparmor_parser"
[    3.386268] audit: type=1400 audit(1768248403.224:9): apparmor="STATUS" operation="profile_load" profile="unconfined" name="/usr/bin/evince-thumbnailer" pid=302 comm="apparmor_parser"
[    3.418505] audit: type=1400 audit(1768248403.264:10): apparmor="STATUS" operation="profile_load" profile="unconfined" name="/usr/lib/cups/backend/cups-pdf" pid=305 comm="apparmor_parser"
[    3.514439] systemd[1]: Finished Load AppArmor profiles.
[    3.515673] systemd[1]: Starting Load AppArmor profiles managed internally by snapd...
[    3.588469] systemd[1]: Finished Load AppArmor profiles managed internally by snapd.
[    3.787083] systemd[1]: Started Journal Service.
[    3.797223] systemd-journald[229]: Received client request to flush runtime journal.
[    3.800345] systemd-journald[229]: File /var/log/journal/c455b248004a419c87ce85eea238d727/system.journal corrupted or uncleanly shut down, renaming and replacing.
[    5.182270] RAPL PMU: API unit is 2^-32 Joules, 0 fixed counters, 10737418240 ms ovfl timer
[    5.240375] cryptd: max_cpu_qlen set to 1000
[    5.278973] AVX2 version of gcm_enc/dec engaged.
[    5.278974] AES CTR mode by8 optimization enabled
[    6.142841] Adding 1998844k swap on /dev/sda1.  Priority:-2 extents:1 across:1998844k FS
[    7.087784] kauditd_printk_skb: 30 callbacks suppressed
[    7.087786] audit: type=1400 audit(1768248406.936:41): apparmor="DENIED" operation="capable" profile="/usr/sbin/cups-browsed" pid=501 comm="cups-browsed" capability=23  capname="sys_nice"
[    8.719550] pcnet32 0000:00:03.0 enp0s3: link up, 100Mbps, full-duplex
[    8.757209] e1000: enp0s8 NIC Link is Up 1000 Mbps Full Duplex, Flow Control: RX
[    8.757493] IPv6: ADDRCONF(NETDEV_CHANGE): enp0s8: link becomes ready
[    8.770271] e1000: enp0s9 NIC Link is Up 1000 Mbps Full Duplex, Flow Control: RX
[    8.770566] IPv6: ADDRCONF(NETDEV_CHANGE): enp0s9: link becomes ready
[    9.309097] device enp0s3 entered promiscuous mode
[    9.334600] audit: type=1400 audit(1768248409.184:42): apparmor="DENIED" operation="open" profile="/usr/sbin/tcpdump" name="/proc/sys/kernel/random/boot_id" pid=654 comm="tcpdump" requested_mask="r" denied_mask="r" fsuid=0 ouid=0
[    9.334911] audit: type=1400 audit(1768248409.184:43): apparmor="DENIED" operation="open" profile="/usr/sbin/tcpdump" name="/proc/sys/kernel/random/boot_id" pid=654 comm="tcpdump" requested_mask="r" denied_mask="r" fsuid=0 ouid=0
[    9.334959] audit: type=1400 audit(1768248409.184:44): apparmor="DENIED" operation="open" profile="/usr/sbin/tcpdump" name="/proc/sys/kernel/random/boot_id" pid=654 comm="tcpdump" requested_mask="r" denied_mask="r" fsuid=0 ouid=0
[    9.335042] audit: type=1400 audit(1768248409.184:45): apparmor="DENIED" operation="open" profile="/usr/sbin/tcpdump" name="/proc/sys/kernel/random/boot_id" pid=654 comm="tcpdump" requested_mask="r" denied_mask="r" fsuid=0 ouid=0
[    9.341074] audit: type=1400 audit(1768248409.188:46): apparmor="DENIED" operation="open" profile="/usr/sbin/tcpdump" name="/proc/sys/kernel/random/boot_id" pid=655 comm="tcpdump" requested_mask="r" denied_mask="r" fsuid=0 ouid=0
[    9.343220] audit: type=1400 audit(1768248409.188:47): apparmor="DENIED" operation="open" profile="/usr/sbin/tcpdump" name="/proc/sys/kernel/random/boot_id" pid=655 comm="tcpdump" requested_mask="r" denied_mask="r" fsuid=0 ouid=0
[    9.343266] audit: type=1400 audit(1768248409.188:48): apparmor="DENIED" operation="open" profile="/usr/sbin/tcpdump" name="/proc/sys/kernel/random/boot_id" pid=655 comm="tcpdump" requested_mask="r" denied_mask="r" fsuid=0 ouid=0
[    9.343391] audit: type=1400 audit(1768248409.188:49): apparmor="DENIED" operation="open" profile="/usr/sbin/tcpdump" name="/proc/sys/kernel/random/boot_id" pid=655 comm="tcpdump" requested_mask="r" denied_mask="r" fsuid=0 ouid=0
[   14.251867] rfkill: input handler disabled
[  660.104489] AAAAA-TCP_FORW: name:enp0s3: saddr:100932208: daddr:16783984
[  660.773571] AAAAA-TCP_FORW: name:enp0s3: saddr:100932208: daddr:16783984
[  660.990882] AAAAA-TCP_FORW: name:enp0s3: saddr:100932208: daddr:16783984
[  661.355445] AAAAA-TCP_FORW: name:enp0s3: saddr:100932208: daddr:33561200
[  661.454341] AAAAA-TCP_FORW: name:enp0s3: saddr:100932208: daddr:16783984
[  661.599217] AAAAA-TCP_FORW: name:enp0s3: saddr:100932208: daddr:16783984
[  661.784250] AAAAA-TCP_FORW: name:enp0s3: saddr:100932208: daddr:33561200
[  661.991092] AAAAA-TCP_FORW: name:enp0s3: saddr:100932208: daddr:16783984
[  662.215549] AAAAA-TCP_FORW: name:enp0s3: saddr:100932208: daddr:33561200
[  662.287456] AAAAA-TCP_FORW: name:enp0s3: saddr:100932208: daddr:16783984
[  662.617514] AAAAA-TCP_FORW: name:enp0s3: saddr:100932208: daddr:16783984
[  662.789883] AAAAA-TCP_FORW: name:enp0s3: saddr:100932208: daddr:16783984
[  662.913266] AAAAA-TCP_FORW: name:enp0s3: saddr:100932208: daddr:33561200
[  663.019711] AAAAA-TCP_FORW: name:enp0s3: saddr:100932208: daddr:33561200
[  663.113737] AAAAA-TCP_FORW: name:enp0s3: saddr:100932208: daddr:33561200
[  663.186689] AAAAA-TCP_FORW: name:enp0s3: saddr:100932208: daddr:33561200
[  663.278308] AAAAA-TCP_FORW: name:enp0s3: saddr:100932208: daddr:16783984
[  663.382925] AAAAA-TCP_FORW: name:enp0s3: saddr:100932208: daddr:16783984
[  663.476683] AAAAA-TCP_FORW: name:enp0s3: saddr:100932208: daddr:16783984
[  663.590399] AAAAA-TCP_FORW: name:enp0s3: saddr:100932208: daddr:16783984
[  663.680743] AAAAA-TCP_FORW: name:enp0s3: saddr:100932208: daddr:16783984
[  663.776113] AAAAA-TCP_FORW: name:enp0s3: saddr:100932208: daddr:16783984
[  663.816531] AAAAA-TCP_FORW: name:enp0s3: saddr:100932208: daddr:16783984
[  663.915815] AAAAA-TCP_FORW: name:enp0s3: saddr:100932208: daddr:16783984
[  664.055530] AAAAA-TCP_FORW: name:enp0s3: saddr:100932208: daddr:16783984
[  664.345908] AAAAA-TCP_FORW: name:enp0s3: saddr:100932208: daddr:16783984
[  664.696925] AAAAA-TCP_FORW: name:enp0s3: saddr:100932208: daddr:33561200
[  664.786913] AAAAA-TCP_FORW: name:enp0s3: saddr:100932208: daddr:33561200
[  664.889053] AAAAA-TCP_FORW: name:enp0s3: saddr:100932208: daddr:33561200
[  664.970844] AAAAA-TCP_FORW: name:enp0s3: saddr:100932208: daddr:33561200
[  665.058601] AAAAA-TCP_FORW: name:enp0s3: saddr:100932208: daddr:33561200
[  665.115871] AAAAA-TCP_FORW: name:enp0s3: saddr:100932208: daddr:33561200
[  665.231062] AAAAA-TCP_FORW: name:enp0s3: saddr:100932208: daddr:33561200
[  665.551390] AAAAA-TCP_FORW: name:enp0s3: saddr:100932208: daddr:33561200
[  665.718433] AAAAA-TCP_FORW: name:enp0s3: saddr:100932208: daddr:33561200
[  665.859073] AAAAA-TCP_FORW: name:enp0s3: saddr:100932208: daddr:33561200
[  665.960260] AAAAA-TCP_FORW: name:enp0s3: saddr:100932208: daddr:16783984
[  666.189436] AAAAA-TCP_FORW: name:enp0s3: saddr:100932208: daddr:16783984
[  666.354195] AAAAA-TCP_FORW: name:enp0s3: saddr:100932208: daddr:16783984
[  666.462347] AAAAA-TCP_FORW: name:enp0s3: saddr:100932208: daddr:16783984
[  666.636033] AAAAA-TCP_FORW: name:enp0s3: saddr:100932208: daddr:33561200
[  666.699447] AAAAA-TCP_FORW: name:enp0s3: saddr:100932208: daddr:16783984
[  666.798984] AAAAA-TCP_FORW: name:enp0s3: saddr:100932208: daddr:16783984
[  666.995837] AAAAA-TCP_FORW: name:enp0s3: saddr:100932208: daddr:16783984
[  667.154094] AAAAA-TCP_FORW: name:enp0s3: saddr:100932208: daddr:16783984
[  667.367315] AAAAA-TCP_FORW: name:enp0s3: saddr:100932208: daddr:16783984
[  667.481617] AAAAA-TCP_FORW: name:enp0s3: saddr:100932208: daddr:16783984
[  667.533485] AAAAA-TCP_FORW: name:enp0s3: saddr:100932208: daddr:16783984
[  667.578842] AAAAA-TCP_FORW: name:enp0s3: saddr:100932208: daddr:16783984
[  667.638920] AAAAA-TCP_FORW: name:enp0s3: saddr:100932208: daddr:33561200
[  667.724067] AAAAA-TCP_FORW: name:enp0s3: saddr:100932208: daddr:16783984
[  667.800203] AAAAA-TCP_FORW: name:enp0s3: saddr:100932208: daddr:33561200
[  667.947207] AAAAA-TCP_FORW: name:enp0s3: saddr:100932208: daddr:16783984
[  668.006525] AAAAA-TCP_FORW: name:enp0s3: saddr:100932208: daddr:16783984
[  668.089106] AAAAA-TCP_FORW: name:enp0s3: saddr:100932208: daddr:16783984
[  668.164797] AAAAA-TCP_FORW: name:enp0s3: saddr:100932208: daddr:16783984
[  668.266789] AAAAA-TCP_FORW: name:enp0s3: saddr:100932208: daddr:16783984
[  668.328506] AAAAA-TCP_FORW: name:enp0s3: saddr:100932208: daddr:16783984
[  668.411702] AAAAA-TCP_FORW: name:enp0s3: saddr:100932208: daddr:16783984
[  668.460028] AAAAA-TCP_FORW: name:enp0s3: saddr:100932208: daddr:16783984
[  668.513373] AAAAA-TCP_FORW: name:enp0s3: saddr:100932208: daddr:33561200
[  668.668184] AAAAA-TCP_FORW: name:enp0s3: saddr:100932208: daddr:33561200
[  668.781516] AAAAA-TCP_FORW: name:enp0s3: saddr:100932208: daddr:33561200
[  668.867934] AAAAA-TCP_FORW: name:enp0s3: saddr:100932208: daddr:33561200
[  668.953551] AAAAA-TCP_FORW: name:enp0s3: saddr:100932208: daddr:33561200
[  669.008156] AAAAA-TCP_FORW: name:enp0s3: saddr:100932208: daddr:33561200
[  670.602461] AAAAA-TCP_FORW: name:enp0s3: saddr:100932208: daddr:33561200
[  670.857692] AAAAA-TCP_FORW: name:enp0s3: saddr:100932208: daddr:33561200
[  670.988223] AAAAA-TCP_FORW: name:enp0s3: saddr:100932208: daddr:33561200
[  671.047289] AAAAA-TCP_FORW: name:enp0s3: saddr:100932208: daddr:33561200
[  671.254605] AAAAA-TCP_FORW: name:enp0s3: saddr:100932208: daddr:33561200
[  671.361797] AAAAA-TCP_FORW: name:enp0s3: saddr:100932208: daddr:33561200
[  671.467496] AAAAA-TCP_FORW: name:enp0s3: saddr:100932208: daddr:33561200
[  671.555450] AAAAA-TCP_FORW: name:enp0s3: saddr:100932208: daddr:33561200
[  671.641253] AAAAA-TCP_FORW: name:enp0s3: saddr:100932208: daddr:33561200
[  671.729231] AAAAA-TCP_FORW: name:enp0s3: saddr:100932208: daddr:33561200
[  671.736018] AAAAA-TCP_FORW: name:enp0s3: saddr:100932208: daddr:33561200
[  671.896826] AAAAA-TCP_FORW: name:enp0s3: saddr:100932208: daddr:33561200
[  671.899357] AAAAA-TCP_FORW: name:enp0s3: saddr:100932208: daddr:33561200
[  671.978272] AAAAA-TCP_FORW: name:enp0s3: saddr:100932208: daddr:16783984
[  672.078886] AAAAA-TCP_FORW: name:enp0s3: saddr:100932208: daddr:16783984
[  672.107226] AAAAA-TCP_FORW: name:enp0s3: saddr:100932208: daddr:16783984
[  672.206039] AAAAA-TCP_FORW: name:enp0s3: saddr:100932208: daddr:16783984
[  672.212360] AAAAA-TCP_FORW: name:enp0s3: saddr:100932208: daddr:16783984
[  672.291627] AAAAA-TCP_FORW: name:enp0s3: saddr:100932208: daddr:16783984
[  672.414342] AAAAA-TCP_FORW: name:enp0s3: saddr:100932208: daddr:16783984
[  672.422201] AAAAA-TCP_FORW: name:enp0s3: saddr:100932208: daddr:16783984
[  672.466014] AAAAA-TCP_FORW: name:enp0s3: saddr:100932208: daddr:16783984
[  672.546112] AAAAA-TCP_FORW: name:enp0s3: saddr:100932208: daddr:16783984
[  672.582374] AAAAA-TCP_FORW: name:enp0s3: saddr:100932208: daddr:16783984
[  672.727138] AAAAA-TCP_FORW: name:enp0s3: saddr:100932208: daddr:16783984
[  672.777074] AAAAA-TCP_FORW: name:enp0s3: saddr:100932208: daddr:16783984
[  672.837982] AAAAA-TCP_FORW: name:enp0s3: saddr:100932208: daddr:16783984
[  672.974790] AAAAA-TCP_FORW: name:enp0s3: saddr:100932208: daddr:16783984
[  672.977397] AAAAA-TCP_FORW: name:enp0s3: saddr:100932208: daddr:16783984
[  673.011491] AAAAA-TCP_FORW: name:enp0s3: saddr:100932208: daddr:16783984
[  673.107691] AAAAA-TCP_FORW: name:enp0s3: saddr:100932208: daddr:16783984
[  673.195656] AAAAA-TCP_FORW: name:enp0s3: saddr:100932208: daddr:16783984
[  673.233411] AAAAA-TCP_FORW: name:enp0s3: saddr:100932208: daddr:16783984
[  673.291691] AAAAA-TCP_FORW: name:enp0s3: saddr:100932208: daddr:16783984
[  673.350051] AAAAA-TCP_FORW: name:enp0s3: saddr:100932208: daddr:16783984
[  673.402135] AAAAA-TCP_FORW: name:enp0s3: saddr:100932208: daddr:16783984
[  673.427048] AAAAA-TCP_FORW: name:enp0s3: saddr:100932208: daddr:16783984
[  673.433089] AAAAA-TCP_FORW: name:enp0s3: saddr:100932208: daddr:16783984
[  673.477534] AAAAA-TCP_FORW: name:enp0s3: saddr:100932208: daddr:16783984
[  673.655426] AAAAA-TCP_FORW: name:enp0s3: saddr:100932208: daddr:16783984
[  673.694195] AAAAA-TCP_FORW: name:enp0s3: saddr:100932208: daddr:16783984
[  673.696815] AAAAA-TCP_FORW: name:enp0s3: saddr:100932208: daddr:16783984
[  673.785201] AAAAA-TCP_FORW: name:enp0s3: saddr:100932208: daddr:16783984
[  673.824115] AAAAA-TCP_FORW: name:enp0s3: saddr:100932208: daddr:16783984
[  673.921762] AAAAA-TCP_FORW: name:enp0s3: saddr:100932208: daddr:16783984
[  673.964437] AAAAA-TCP_FORW: name:enp0s3: saddr:100932208: daddr:16783984
[  674.045874] AAAAA-TCP_FORW: name:enp0s3: saddr:100932208: daddr:16783984
[  674.093949] AAAAA-TCP_FORW: name:enp0s3: saddr:100932208: daddr:16783984
[  674.173527] AAAAA-TCP_FORW: name:enp0s3: saddr:100932208: daddr:16783984
[  674.218919] AAAAA-TCP_FORW: name:enp0s3: saddr:100932208: daddr:16783984
[  674.321406] AAAAA-TCP_FORW: name:enp0s3: saddr:100932208: daddr:16783984
[  674.440747] AAAAA-TCP_FORW: name:enp0s3: saddr:100932208: daddr:33561200
[  674.533903] AAAAA-TCP_FORW: name:enp0s3: saddr:100932208: daddr:33561200
[  675.195060] AAAAA-TCP_FORW: name:enp0s3: saddr:100932208: daddr:33561200
[  675.290124] AAAAA-TCP_FORW: name:enp0s3: saddr:100932208: daddr:33561200
[  675.605303] AAAAA-TCP_FORW: name:enp0s3: saddr:100932208: daddr:16783984
[  675.667707] AAAAA-TCP_FORW: name:enp0s3: saddr:100932208: daddr:16783984
[  704.639551] AAAAA-TCP_FORW: name:enp0s3: saddr:100932208: daddr:33561200
[  705.052977] AAAAA-TCP_FORW: name:enp0s3: saddr:100932208: daddr:16783984
[  705.263213] AAAAA-TCP_FORW: name:enp0s3: saddr:100932208: daddr:16783984
[  705.432746] AAAAA-TCP_FORW: name:enp0s3: saddr:100932208: daddr:16783984
[  705.761762] AAAAA-TCP_FORW: name:enp0s3: saddr:100932208: daddr:16783984
[  706.333790] AAAAA-TCP_FORW: name:enp0s3: saddr:100932208: daddr:16783984
[  706.421305] AAAAA-TCP_FORW: name:enp0s3: saddr:100932208: daddr:16783984
[  707.130824] AAAAA-TCP_FORW: name:enp0s3: saddr:100932208: daddr:16783984
[  707.363685] AAAAA-TCP_FORW: name:enp0s3: saddr:100932208: daddr:16783984
[  707.670418] AAAAA-TCP_FORW: name:enp0s3: saddr:100932208: daddr:16783984
[  707.871827] AAAAA-TCP_FORW: name:enp0s3: saddr:100932208: daddr:16783984
[  708.122958] AAAAA-TCP_FORW: name:enp0s3: saddr:100932208: daddr:16783984
[  708.684255] AAAAA-TCP_FORW: name:enp0s3: saddr:100932208: daddr:16783984
[  709.437618] AAAAA-TCP_FORW: name:enp0s3: saddr:100932208: daddr:16783984
[  709.631696] AAAAA-TCP_FORW: name:enp0s3: saddr:100932208: daddr:16783984
[  710.726391] AAAAA-TCP_FORW: name:enp0s3: saddr:100932208: daddr:16783984
[  710.940878] AAAAA-TCP_FORW: name:enp0s3: saddr:100932208: daddr:16783984
[  711.037011] AAAAA-TCP_FORW: name:enp0s3: saddr:100932208: daddr:16783984
[  711.418113] AAAAA-TCP_FORW: name:enp0s3: saddr:100932208: daddr:16783984
[  711.763144] AAAAA-TCP_FORW: name:enp0s3: saddr:100932208: daddr:16783984
[  711.969940] AAAAA-TCP_FORW: name:enp0s3: saddr:100932208: daddr:16783984
[  712.005025] AAAAA-TCP_FORW: name:enp0s3: saddr:100932208: daddr:16783984
[  712.344947] AAAAA-TCP_FORW: name:enp0s3: saddr:100932208: daddr:16783984
[  712.387938] AAAAA-TCP_FORW: name:enp0s3: saddr:100932208: daddr:16783984
[  712.588186] AAAAA-TCP_FORW: name:enp0s3: saddr:100932208: daddr:16783984
[  712.640471] AAAAA-TCP_FORW: name:enp0s3: saddr:100932208: daddr:16783984
[  712.747453] AAAAA-TCP_FORW: name:enp0s3: saddr:100932208: daddr:16783984
[  712.796968] AAAAA-TCP_FORW: name:enp0s3: saddr:100932208: daddr:16783984
[  712.955788] AAAAA-TCP_FORW: name:enp0s3: saddr:100932208: daddr:16783984
[  713.206425] AAAAA-TCP_FORW: name:enp0s3: saddr:100932208: daddr:16783984
[  713.209025] AAAAA-TCP_FORW: name:enp0s3: saddr:100932208: daddr:16783984
[  713.317871] AAAAA-TCP_FORW: name:enp0s3: saddr:100932208: daddr:16783984
[  713.473280] AAAAA-TCP_FORW: name:enp0s3: saddr:100932208: daddr:16783984
[  713.675396] AAAAA-TCP_FORW: name:enp0s3: saddr:100932208: daddr:16783984
[  714.051731] AAAAA-TCP_FORW: name:enp0s3: saddr:100932208: daddr:16783984
[  714.224817] AAAAA-TCP_FORW: name:enp0s3: saddr:100932208: daddr:16783984
[  714.374049] AAAAA-TCP_FORW: name:enp0s3: saddr:100932208: daddr:16783984
[  714.501820] AAAAA-TCP_FORW: name:enp0s3: saddr:100932208: daddr:16783984
[  714.673429] AAAAA-TCP_FORW: name:enp0s3: saddr:100932208: daddr:16783984
[  715.149536] AAAAA-TCP_FORW: name:enp0s3: saddr:100932208: daddr:16783984
[  715.496981] AAAAA-TCP_FORW: name:enp0s3: saddr:100932208: daddr:16783984
[  716.265056] AAAAA-TCP_FORW: name:enp0s3: saddr:100932208: daddr:16783984
[  716.491501] AAAAA-TCP_FORW: name:enp0s3: saddr:100932208: daddr:16783984
[  716.607668] AAAAA-TCP_FORW: name:enp0s3: saddr:100932208: daddr:16783984
[  717.246237] AAAAA-TCP_FORW: name:enp0s3: saddr:100932208: daddr:16783984
[  717.358895] AAAAA-TCP_FORW: name:enp0s3: saddr:100932208: daddr:16783984
[  717.511803] AAAAA-TCP_FORW: name:enp0s3: saddr:100932208: daddr:16783984
[  717.574848] AAAAA-TCP_FORW: name:enp0s3: saddr:100932208: daddr:16783984
[  717.698555] AAAAA-TCP_FORW: name:enp0s3: saddr:100932208: daddr:16783984
[  718.001344] AAAAA-TCP_FORW: name:enp0s3: saddr:100932208: daddr:16783984
[  718.131379] AAAAA-TCP_FORW: name:enp0s3: saddr:100932208: daddr:16783984
[  718.409128] AAAAA-TCP_FORW: name:enp0s3: saddr:100932208: daddr:16783984
[  718.527389] AAAAA-TCP_FORW: name:enp0s3: saddr:100932208: daddr:16783984
[  718.829328] AAAAA-TCP_FORW: name:enp0s3: saddr:100932208: daddr:16783984
[  718.960702] AAAAA-TCP_FORW: name:enp0s3: saddr:100932208: daddr:16783984
[  719.058710] AAAAA-TCP_FORW: name:enp0s3: saddr:100932208: daddr:16783984
[  719.119126] AAAAA-TCP_FORW: name:enp0s3: saddr:100932208: daddr:16783984
[  719.313881] AAAAA-TCP_FORW: name:enp0s3: saddr:100932208: daddr:16783984
[  719.558155] AAAAA-TCP_FORW: name:enp0s3: saddr:100932208: daddr:16783984
[  719.684196] AAAAA-TCP_FORW: name:enp0s3: saddr:100932208: daddr:16783984
[  719.866626] AAAAA-TCP_FORW: name:enp0s3: saddr:100932208: daddr:16783984
[  720.029195] AAAAA-TCP_FORW: name:enp0s3: saddr:100932208: daddr:16783984
[  720.101871] AAAAA-TCP_FORW: name:enp0s3: saddr:100932208: daddr:16783984
[  720.275430] AAAAA-TCP_FORW: name:enp0s3: saddr:100932208: daddr:16783984
[  720.376723] AAAAA-TCP_FORW: name:enp0s3: saddr:100932208: daddr:16783984
[  720.530168] AAAAA-TCP_FORW: name:enp0s3: saddr:100932208: daddr:16783984
[  720.758534] AAAAA-TCP_FORW: name:enp0s3: saddr:100932208: daddr:16783984
[  720.823784] AAAAA-TCP_FORW: name:enp0s3: saddr:100932208: daddr:16783984
[  720.986290] AAAAA-TCP_FORW: name:enp0s3: saddr:100932208: daddr:16783984
[  721.181882] AAAAA-TCP_FORW: name:enp0s3: saddr:100932208: daddr:16783984
[  721.326692] AAAAA-TCP_FORW: name:enp0s3: saddr:100932208: daddr:33561200
[  721.450343] AAAAA-TCP_FORW: name:enp0s3: saddr:100932208: daddr:16783984
[  721.643047] AAAAA-TCP_FORW: name:enp0s3: saddr:100932208: daddr:16783984
[  721.757193] AAAAA-TCP_FORW: name:enp0s3: saddr:100932208: daddr:16783984
[  721.878255] AAAAA-TCP_FORW: name:enp0s3: saddr:100932208: daddr:16783984
[  721.942828] AAAAA-TCP_FORW: name:enp0s3: saddr:100932208: daddr:16783984
[  722.038640] AAAAA-TCP_FORW: name:enp0s3: saddr:100932208: daddr:16783984
[  722.106997] AAAAA-TCP_FORW: name:enp0s3: saddr:100932208: daddr:16783984
[  722.424198] AAAAA-TCP_FORW: name:enp0s3: saddr:100932208: daddr:16783984
[  722.557595] AAAAA-TCP_FORW: name:enp0s3: saddr:100932208: daddr:16783984
[  722.722364] AAAAA-TCP_FORW: name:enp0s3: saddr:100932208: daddr:16783984
[  722.924646] AAAAA-TCP_FORW: name:enp0s3: saddr:100932208: daddr:16783984
[  723.047766] AAAAA-TCP_FORW: name:enp0s3: saddr:100932208: daddr:16783984
[  723.129101] AAAAA-TCP_FORW: name:enp0s3: saddr:100932208: daddr:16783984
[  723.244290] AAAAA-TCP_FORW: name:enp0s3: saddr:100932208: daddr:16783984
[  723.398387] AAAAA-TCP_FORW: name:enp0s3: saddr:100932208: daddr:16783984
[  723.542334] AAAAA-TCP_FORW: name:enp0s3: saddr:100932208: daddr:16783984
[  723.669876] AAAAA-TCP_FORW: name:enp0s3: saddr:100932208: daddr:16783984
[  723.780293] AAAAA-TCP_FORW: name:enp0s3: saddr:100932208: daddr:16783984
[  723.985487] AAAAA-TCP_FORW: name:enp0s3: saddr:100932208: daddr:33561200
[  724.070577] AAAAA-TCP_FORW: name:enp0s3: saddr:100932208: daddr:33561200
[  724.156868] AAAAA-TCP_FORW: name:enp0s3: saddr:100932208: daddr:33561200
[  724.274564] AAAAA-TCP_FORW: name:enp0s3: saddr:100932208: daddr:16783984
[  724.369746] AAAAA-TCP_FORW: name:enp0s3: saddr:100932208: daddr:16783984
[  724.516925] AAAAA-TCP_FORW: name:enp0s3: saddr:100932208: daddr:16783984
[  724.621931] AAAAA-TCP_FORW: name:enp0s3: saddr:100932208: daddr:16783984
[  724.776575] AAAAA-TCP_FORW: name:enp0s3: saddr:100932208: daddr:16783984
[  724.871422] AAAAA-TCP_FORW: name:enp0s3: saddr:100932208: daddr:16783984
[  725.168833] AAAAA-TCP_FORW: name:enp0s3: saddr:100932208: daddr:16783984
[  725.297201] AAAAA-TCP_FORW: name:enp0s3: saddr:100932208: daddr:16783984
[  725.389317] AAAAA-TCP_FORW: name:enp0s3: saddr:100932208: daddr:16783984
[  725.570915] AAAAA-TCP_FORW: name:enp0s3: saddr:100932208: daddr:16783984
[  725.657608] AAAAA-TCP_FORW: name:enp0s3: saddr:100932208: daddr:16783984
[  725.782237] AAAAA-TCP_FORW: name:enp0s3: saddr:100932208: daddr:16783984
[  725.898597] AAAAA-TCP_FORW: name:enp0s3: saddr:100932208: daddr:16783984
[  726.054806] AAAAA-TCP_FORW: name:enp0s3: saddr:100932208: daddr:16783984
[  726.217658] AAAAA-TCP_FORW: name:enp0s3: saddr:100932208: daddr:16783984
[  726.466039] AAAAA-TCP_FORW: name:enp0s3: saddr:100932208: daddr:33561200
[  726.563886] AAAAA-TCP_FORW: name:enp0s3: saddr:100932208: daddr:33561200
[  726.631996] AAAAA-TCP_FORW: name:enp0s3: saddr:100932208: daddr:33561200
[  726.733033] AAAAA-TCP_FORW: name:enp0s3: saddr:100932208: daddr:33561200
[  726.785253] AAAAA-TCP_FORW: name:enp0s3: saddr:100932208: daddr:16783984
[  726.886009] AAAAA-TCP_FORW: name:enp0s3: saddr:100932208: daddr:16783984
[  727.026316] AAAAA-TCP_FORW: name:enp0s3: saddr:100932208: daddr:16783984
[  727.283602] AAAAA-TCP_FORW: name:enp0s3: saddr:100932208: daddr:16783984
[  727.362815] AAAAA-TCP_FORW: name:enp0s3: saddr:100932208: daddr:16783984
[  727.506173] AAAAA-TCP_FORW: name:enp0s3: saddr:100932208: daddr:16783984
[  727.745953] AAAAA-TCP_FORW: name:enp0s3: saddr:100932208: daddr:16783984
[  727.865088] AAAAA-TCP_FORW: name:enp0s3: saddr:100932208: daddr:16783984
[  728.192568] AAAAA-TCP_FORW: name:enp0s3: saddr:100932208: daddr:16783984
[  728.374216] AAAAA-TCP_FORW: name:enp0s3: saddr:100932208: daddr:33561200
[  728.503035] AAAAA-TCP_FORW: name:enp0s3: saddr:100932208: daddr:33561200
[  728.580878] AAAAA-TCP_FORW: name:enp0s3: saddr:100932208: daddr:33561200
[  728.727251] AAAAA-TCP_FORW: name:enp0s3: saddr:100932208: daddr:33561200
[  728.908059] AAAAA-TCP_FORW: name:enp0s3: saddr:100932208: daddr:33561200
[  728.989877] AAAAA-TCP_FORW: name:enp0s3: saddr:100932208: daddr:33561200
[  729.106504] AAAAA-TCP_FORW: name:enp0s3: saddr:100932208: daddr:33561200
[  729.194364] AAAAA-TCP_FORW: name:enp0s3: saddr:100932208: daddr:16783984
[  729.276201] AAAAA-TCP_FORW: name:enp0s3: saddr:100932208: daddr:16783984
[  729.343775] AAAAA-TCP_FORW: name:enp0s3: saddr:100932208: daddr:16783984
[  729.384213] AAAAA-TCP_FORW: name:enp0s3: saddr:100932208: daddr:16783984
[  729.479605] AAAAA-TCP_FORW: name:enp0s3: saddr:100932208: daddr:16783984
[  729.519745] AAAAA-TCP_FORW: name:enp0s3: saddr:100932208: daddr:16783984
[  729.617794] AAAAA-TCP_FORW: name:enp0s3: saddr:100932208: daddr:16783984
[  729.703693] AAAAA-TCP_FORW: name:enp0s3: saddr:100932208: daddr:16783984
[  729.726049] AAAAA-TCP_FORW: name:enp0s3: saddr:100932208: daddr:16783984
[  729.810514] AAAAA-TCP_FORW: name:enp0s3: saddr:100932208: daddr:16783984
[  729.927526] AAAAA-TCP_FORW: name:enp0s3: saddr:100932208: daddr:33561200
[  730.009538] AAAAA-TCP_FORW: name:enp0s3: saddr:100932208: daddr:33561200
[  730.223534] AAAAA-TCP_FORW: name:enp0s3: saddr:100932208: daddr:33561200
[  730.322927] AAAAA-TCP_FORW: name:enp0s3: saddr:100932208: daddr:33561200
[  730.417675] AAAAA-TCP_FORW: name:enp0s3: saddr:100932208: daddr:33561200
[  730.604432] AAAAA-TCP_FORW: name:enp0s3: saddr:100932208: daddr:33561200
[  730.686767] AAAAA-TCP_FORW: name:enp0s3: saddr:100932208: daddr:33561200
[  730.764825] AAAAA-TCP_FORW: name:enp0s3: saddr:100932208: daddr:33561200
[  730.862783] AAAAA-TCP_FORW: name:enp0s3: saddr:100932208: daddr:16783984
[  730.941286] AAAAA-TCP_FORW: name:enp0s3: saddr:100932208: daddr:16783984
[  731.023277] AAAAA-TCP_FORW: name:enp0s3: saddr:100932208: daddr:16783984
[  731.114082] AAAAA-TCP_FORW: name:enp0s3: saddr:100932208: daddr:16783984
[  731.187741] AAAAA-TCP_FORW: name:enp0s3: saddr:100932208: daddr:16783984
[  731.252515] AAAAA-TCP_FORW: name:enp0s3: saddr:100932208: daddr:16783984
[  731.349240] AAAAA-TCP_FORW: name:enp0s3: saddr:100932208: daddr:16783984
[  731.491813] AAAAA-TCP_FORW: name:enp0s3: saddr:100932208: daddr:16783984
[  731.625851] AAAAA-TCP_FORW: name:enp0s3: saddr:100932208: daddr:16783984
[  731.719095] AAAAA-TCP_FORW: name:enp0s3: saddr:100932208: daddr:16783984
[  731.822131] AAAAA-TCP_FORW: name:enp0s3: saddr:100932208: daddr:33561200
[  731.897754] AAAAA-TCP_FORW: name:enp0s3: saddr:100932208: daddr:33561200
[  731.980997] AAAAA-TCP_FORW: name:enp0s3: saddr:100932208: daddr:33561200
[  732.108074] AAAAA-TCP_FORW: name:enp0s3: saddr:100932208: daddr:33561200
[  732.224496] AAAAA-TCP_FORW: name:enp0s3: saddr:100932208: daddr:33561200
[  732.332394] AAAAA-TCP_FORW: name:enp0s3: saddr:100932208: daddr:33561200
[  732.457942] AAAAA-TCP_FORW: name:enp0s3: saddr:100932208: daddr:33561200
[  732.555214] AAAAA-TCP_FORW: name:enp0s3: saddr:100932208: daddr:33561200
[  732.664310] AAAAA-TCP_FORW: name:enp0s3: saddr:100932208: daddr:16783984
[  732.775742] AAAAA-TCP_FORW: name:enp0s3: saddr:100932208: daddr:16783984
[  732.894598] AAAAA-TCP_FORW: name:enp0s3: saddr:100932208: daddr:16783984
[  733.072301] AAAAA-TCP_FORW: name:enp0s3: saddr:100932208: daddr:16783984
[  733.211037] AAAAA-TCP_FORW: name:enp0s3: saddr:100932208: daddr:16783984
[  733.378839] AAAAA-TCP_FORW: name:enp0s3: saddr:100932208: daddr:16783984
[  733.530936] AAAAA-TCP_FORW: name:enp0s3: saddr:100932208: daddr:16783984
[  733.733771] AAAAA-TCP_FORW: name:enp0s3: saddr:100932208: daddr:16783984
[  733.919702] AAAAA-TCP_FORW: name:enp0s3: saddr:100932208: daddr:16783984
[  734.023300] AAAAA-TCP_FORW: name:enp0s3: saddr:100932208: daddr:16783984
[  734.244811] AAAAA-TCP_FORW: name:enp0s3: saddr:100932208: daddr:33561200
[  734.362522] AAAAA-TCP_FORW: name:enp0s3: saddr:100932208: daddr:33561200
[  734.512829] AAAAA-TCP_FORW: name:enp0s3: saddr:100932208: daddr:33561200
[  734.636475] AAAAA-TCP_FORW: name:enp0s3: saddr:100932208: daddr:33561200
[  734.781671] AAAAA-TCP_FORW: name:enp0s3: saddr:100932208: daddr:33561200
[  734.899162] AAAAA-TCP_FORW: name:enp0s3: saddr:100932208: daddr:33561200
[  735.025781] AAAAA-TCP_FORW: name:enp0s3: saddr:100932208: daddr:33561200
[  735.188388] AAAAA-TCP_FORW: name:enp0s3: saddr:100932208: daddr:33561200
[  735.283002] AAAAA-TCP_FORW: name:enp0s3: saddr:100932208: daddr:16783984
[  735.452913] AAAAA-TCP_FORW: name:enp0s3: saddr:100932208: daddr:16783984
[  735.663758] AAAAA-TCP_FORW: name:enp0s3: saddr:100932208: daddr:16783984
[  735.910682] AAAAA-TCP_FORW: name:enp0s3: saddr:100932208: daddr:16783984
[  736.010895] AAAAA-TCP_FORW: name:enp0s3: saddr:100932208: daddr:16783984
[  736.169907] AAAAA-TCP_FORW: name:enp0s3: saddr:100932208: daddr:16783984
[  736.259859] AAAAA-TCP_FORW: name:enp0s3: saddr:100932208: daddr:16783984
[  736.405887] AAAAA-TCP_FORW: name:enp0s3: saddr:100932208: daddr:16783984
[  736.492065] AAAAA-TCP_FORW: name:enp0s3: saddr:100932208: daddr:16783984
[  736.690412] AAAAA-TCP_FORW: name:enp0s3: saddr:100932208: daddr:33561200
[  736.815242] AAAAA-TCP_FORW: name:enp0s3: saddr:100932208: daddr:33561200
[  736.948366] AAAAA-TCP_FORW: name:enp0s3: saddr:100932208: daddr:33561200
[  737.076207] AAAAA-TCP_FORW: name:enp0s3: saddr:100932208: daddr:33561200
[  737.176609] AAAAA-TCP_FORW: name:enp0s3: saddr:100932208: daddr:33561200
[  737.292891] AAAAA-TCP_FORW: name:enp0s3: saddr:100932208: daddr:33561200
[  737.374266] AAAAA-TCP_FORW: name:enp0s3: saddr:100932208: daddr:33561200
[  737.534365] AAAAA-TCP_FORW: name:enp0s3: saddr:100932208: daddr:33561200
[  737.763146] AAAAA-TCP_FORW: name:enp0s3: saddr:100932208: daddr:16783984
[  737.881940] AAAAA-TCP_FORW: name:enp0s3: saddr:100932208: daddr:16783984
[  737.965458] AAAAA-TCP_FORW: name:enp0s3: saddr:100932208: daddr:16783984
[  738.077655] AAAAA-TCP_FORW: name:enp0s3: saddr:100932208: daddr:16783984
[  738.158872] AAAAA-TCP_FORW: name:enp0s3: saddr:100932208: daddr:16783984
[  738.270671] AAAAA-TCP_FORW: name:enp0s3: saddr:100932208: daddr:16783984
[  738.392188] AAAAA-TCP_FORW: name:enp0s3: saddr:100932208: daddr:16783984
[  738.571804] AAAAA-TCP_FORW: name:enp0s3: saddr:100932208: daddr:16783984
[  738.807585] AAAAA-TCP_FORW: name:enp0s3: saddr:100932208: daddr:16783984
[  738.946827] AAAAA-TCP_FORW: name:enp0s3: saddr:100932208: daddr:16783984
[  739.100746] AAAAA-TCP_FORW: name:enp0s3: saddr:100932208: daddr:33561200
[  739.282494] AAAAA-TCP_FORW: name:enp0s3: saddr:100932208: daddr:33561200
[  739.433391] AAAAA-TCP_FORW: name:enp0s3: saddr:100932208: daddr:33561200
[  739.544293] AAAAA-TCP_FORW: name:enp0s3: saddr:100932208: daddr:33561200
[  739.739035] AAAAA-TCP_FORW: name:enp0s3: saddr:100932208: daddr:33561200
[  740.108773] AAAAA-TCP_FORW: name:enp0s3: saddr:100932208: daddr:16783984
[  740.223848] AAAAA-TCP_FORW: name:enp0s3: saddr:100932208: daddr:16783984
[  740.500337] AAAAA-TCP_FORW: name:enp0s3: saddr:100932208: daddr:16783984
[  741.023651] AAAAA-TCP_FORW: name:enp0s3: saddr:100932208: daddr:16783984
[  741.123807] AAAAA-TCP_FORW: name:enp0s3: saddr:100932208: daddr:16783984
[  741.244042] AAAAA-TCP_FORW: name:enp0s3: saddr:100932208: daddr:33561200
[  741.338718] AAAAA-TCP_FORW: name:enp0s3: saddr:100932208: daddr:33561200
[  741.659160] AAAAA-TCP_FORW: name:enp0s3: saddr:100932208: daddr:33561200
[  741.796487] AAAAA-TCP_FORW: name:enp0s3: saddr:100932208: daddr:33561200
[  742.051056] AAAAA-TCP_FORW: name:enp0s3: saddr:100932208: daddr:16783984
[  742.150214] AAAAA-TCP_FORW: name:enp0s3: saddr:100932208: daddr:16783984
[  742.426615] AAAAA-TCP_FORW: name:enp0s3: saddr:100932208: daddr:16783984
[  742.869778] AAAAA-TCP_FORW: name:enp0s3: saddr:100932208: daddr:16783984
[  743.151833] AAAAA-TCP_FORW: name:enp0s3: saddr:100932208: daddr:16783984
[  743.305739] AAAAA-TCP_FORW: name:enp0s3: saddr:100932208: daddr:33561200
[  743.495675] AAAAA-TCP_FORW: name:enp0s3: saddr:100932208: daddr:33561200
[  743.793545] AAAAA-TCP_FORW: name:enp0s3: saddr:100932208: daddr:33561200
[  743.935413] AAAAA-TCP_FORW: name:enp0s3: saddr:100932208: daddr:33561200
[  744.268329] AAAAA-TCP_FORW: name:enp0s3: saddr:100932208: daddr:16783984
[  744.379348] AAAAA-TCP_FORW: name:enp0s3: saddr:100932208: daddr:16783984
[  744.674048] AAAAA-TCP_FORW: name:enp0s3: saddr:100932208: daddr:16783984
[  749.136136] AAAAA-TCP_FORW: name:enp0s3: saddr:100932208: daddr:33561200
[  749.248092] AAAAA-TCP_FORW: name:enp0s3: saddr:100932208: daddr:16783984
[  749.377865] AAAAA-TCP_FORW: name:enp0s3: saddr:100932208: daddr:16783984
[  749.468326] AAAAA-TCP_FORW: name:enp0s3: saddr:100932208: daddr:16783984
[  749.605253] AAAAA-TCP_FORW: name:enp0s3: saddr:100932208: daddr:16783984
[  749.689030] AAAAA-TCP_FORW: name:enp0s3: saddr:100932208: daddr:16783984
[  749.783982] AAAAA-TCP_FORW: name:enp0s3: saddr:100932208: daddr:33561200
[  749.869109] AAAAA-TCP_FORW: name:enp0s3: saddr:100932208: daddr:33561200
[  749.963794] AAAAA-TCP_FORW: name:enp0s3: saddr:100932208: daddr:16783984
[  750.081476] AAAAA-TCP_FORW: name:enp0s3: saddr:100932208: daddr:16783984
[  750.234172] AAAAA-TCP_FORW: name:enp0s3: saddr:100932208: daddr:33561200
[  750.294253] AAAAA-TCP_FORW: name:enp0s3: saddr:100932208: daddr:33561200
[  750.544708] AAAAA-TCP_FORW: name:enp0s3: saddr:100932208: daddr:33561200
[  750.641029] AAAAA-TCP_FORW: name:enp0s3: saddr:100932208: daddr:16783984
[  750.727541] AAAAA-TCP_FORW: name:enp0s3: saddr:100932208: daddr:33561200
[  750.785950] AAAAA-TCP_FORW: name:enp0s3: saddr:100932208: daddr:16783984
[  750.885351] AAAAA-TCP_FORW: name:enp0s3: saddr:100932208: daddr:33561200
[  750.925595] AAAAA-TCP_FORW: name:enp0s3: saddr:100932208: daddr:16783984
[  751.002558] AAAAA-TCP_FORW: name:enp0s3: saddr:100932208: daddr:16783984
[  751.121702] AAAAA-TCP_FORW: name:enp0s3: saddr:100932208: daddr:16783984
[  751.194859] AAAAA-TCP_FORW: name:enp0s3: saddr:100932208: daddr:16783984
[  751.267233] AAAAA-TCP_FORW: name:enp0s3: saddr:100932208: daddr:33561200
[  751.336826] AAAAA-TCP_FORW: name:enp0s3: saddr:100932208: daddr:33561200
[  751.390734] AAAAA-TCP_FORW: name:enp0s3: saddr:100932208: daddr:33561200
[  751.426062] AAAAA-TCP_FORW: name:enp0s3: saddr:100932208: daddr:33561200
[  751.549107] AAAAA-TCP_FORW: name:enp0s3: saddr:100932208: daddr:16783984
[  751.654491] AAAAA-TCP_FORW: name:enp0s3: saddr:100932208: daddr:16783984
[  751.740806] AAAAA-TCP_FORW: name:enp0s3: saddr:100932208: daddr:16783984
[  751.780952] AAAAA-TCP_FORW: name:enp0s3: saddr:100932208: daddr:33561200
[  751.851226] AAAAA-TCP_FORW: name:enp0s3: saddr:100932208: daddr:16783984
[  751.899367] AAAAA-TCP_FORW: name:enp0s3: saddr:100932208: daddr:16783984
[  751.976987] AAAAA-TCP_FORW: name:enp0s3: saddr:100932208: daddr:16783984
[  752.092509] AAAAA-TCP_FORW: name:enp0s3: saddr:100932208: daddr:16783984
[  752.158986] AAAAA-TCP_FORW: name:enp0s3: saddr:100932208: daddr:33561200
[  752.232256] AAAAA-TCP_FORW: name:enp0s3: saddr:100932208: daddr:33561200
[  752.357594] AAAAA-TCP_FORW: name:enp0s3: saddr:100932208: daddr:33561200
[  752.450189] AAAAA-TCP_FORW: name:enp0s3: saddr:100932208: daddr:33561200
[  752.520370] AAAAA-TCP_FORW: name:enp0s3: saddr:100932208: daddr:16783984
[  752.566731] AAAAA-TCP_FORW: name:enp0s3: saddr:100932208: daddr:16783984
[  752.652321] AAAAA-TCP_FORW: name:enp0s3: saddr:100932208: daddr:33561200
[  752.736114] AAAAA-TCP_FORW: name:enp0s3: saddr:100932208: daddr:16783984
[  752.770521] AAAAA-TCP_FORW: name:enp0s3: saddr:100932208: daddr:16783984
[  752.870727] AAAAA-TCP_FORW: name:enp0s3: saddr:100932208: daddr:16783984
[  752.922216] AAAAA-TCP_FORW: name:enp0s3: saddr:100932208: daddr:16783984
[  752.999957] AAAAA-TCP_FORW: name:enp0s3: saddr:100932208: daddr:33561200
[  753.082414] AAAAA-TCP_FORW: name:enp0s3: saddr:100932208: daddr:33561200
[  753.126476] AAAAA-TCP_FORW: name:enp0s3: saddr:100932208: daddr:16783984
[  753.211390] AAAAA-TCP_FORW: name:enp0s3: saddr:100932208: daddr:33561200
[  753.260947] AAAAA-TCP_FORW: name:enp0s3: saddr:100932208: daddr:33561200
[  753.277022] AAAAA-TCP_FORW: name:enp0s3: saddr:100932208: daddr:16783984
[  753.394550] AAAAA-TCP_FORW: name:enp0s3: saddr:100932208: daddr:16783984
[  753.464805] AAAAA-TCP_FORW: name:enp0s3: saddr:100932208: daddr:33561200
[  753.492607] AAAAA-TCP_FORW: name:enp0s3: saddr:100932208: daddr:16783984
[  753.557386] AAAAA-TCP_FORW: name:enp0s3: saddr:100932208: daddr:16783984
[  753.598786] AAAAA-TCP_FORW: name:enp0s3: saddr:100932208: daddr:16783984
[  753.722055] AAAAA-TCP_FORW: name:enp0s3: saddr:100932208: daddr:16783984
[  753.830923] AAAAA-TCP_FORW: name:enp0s3: saddr:100932208: daddr:33561200
[  753.962683] AAAAA-TCP_FORW: name:enp0s3: saddr:100932208: daddr:33561200
[  754.048102] AAAAA-TCP_FORW: name:enp0s3: saddr:100932208: daddr:33561200
[  754.159624] AAAAA-TCP_FORW: name:enp0s3: saddr:100932208: daddr:33561200
[  754.264769] AAAAA-TCP_FORW: name:enp0s3: saddr:100932208: daddr:16783984
[  754.336671] AAAAA-TCP_FORW: name:enp0s3: saddr:100932208: daddr:16783984
[  754.422021] AAAAA-TCP_FORW: name:enp0s3: saddr:100932208: daddr:16783984
[  754.498690] AAAAA-TCP_FORW: name:enp0s3: saddr:100932208: daddr:33561200
[  754.580952] AAAAA-TCP_FORW: name:enp0s3: saddr:100932208: daddr:16783984
[  754.656220] AAAAA-TCP_FORW: name:enp0s3: saddr:100932208: daddr:16783984
[  754.703397] AAAAA-TCP_FORW: name:enp0s3: saddr:100932208: daddr:16783984
[  754.805014] AAAAA-TCP_FORW: name:enp0s3: saddr:100932208: daddr:16783984
[  754.932678] AAAAA-TCP_FORW: name:enp0s3: saddr:100932208: daddr:33561200
[  754.974335] AAAAA-TCP_FORW: name:enp0s3: saddr:100932208: daddr:33561200
[  755.120989] AAAAA-TCP_FORW: name:enp0s3: saddr:100932208: daddr:33561200
[  755.184414] AAAAA-TCP_FORW: name:enp0s3: saddr:100932208: daddr:33561200
[  755.268349] AAAAA-TCP_FORW: name:enp0s3: saddr:100932208: daddr:16783984
[  755.314948] AAAAA-TCP_FORW: name:enp0s3: saddr:100932208: daddr:16783984
[  755.399898] AAAAA-TCP_FORW: name:enp0s3: saddr:100932208: daddr:16783984
[  755.441792] AAAAA-TCP_FORW: name:enp0s3: saddr:100932208: daddr:16783984
[  755.567840] AAAAA-TCP_FORW: name:enp0s3: saddr:100932208: daddr:16783984
[  755.596964] AAAAA-TCP_FORW: name:enp0s3: saddr:100932208: daddr:16783984
[  755.632291] AAAAA-TCP_FORW: name:enp0s3: saddr:100932208: daddr:33561200
[  755.720674] AAAAA-TCP_FORW: name:enp0s3: saddr:100932208: daddr:33561200
[  755.810714] AAAAA-TCP_FORW: name:enp0s3: saddr:100932208: daddr:33561200
[  755.850232] AAAAA-TCP_FORW: name:enp0s3: saddr:100932208: daddr:16783984
[  755.889297] AAAAA-TCP_FORW: name:enp0s3: saddr:100932208: daddr:33561200
[  755.974767] AAAAA-TCP_FORW: name:enp0s3: saddr:100932208: daddr:33561200
[  756.052924] AAAAA-TCP_FORW: name:enp0s3: saddr:100932208: daddr:33561200
[  756.092228] AAAAA-TCP_FORW: name:enp0s3: saddr:100932208: daddr:16783984
[  756.165195] AAAAA-TCP_FORW: name:enp0s3: saddr:100932208: daddr:16783984
[  756.238291] AAAAA-TCP_FORW: name:enp0s3: saddr:100932208: daddr:16783984
[  756.313978] AAAAA-TCP_FORW: name:enp0s3: saddr:100932208: daddr:16783984
[  756.364731] AAAAA-TCP_FORW: name:enp0s3: saddr:100932208: daddr:16783984
[  756.421679] AAAAA-TCP_FORW: name:enp0s3: saddr:100932208: daddr:16783984
[  756.507405] AAAAA-TCP_FORW: name:enp0s3: saddr:100932208: daddr:33561200
[  756.560140] AAAAA-TCP_FORW: name:enp0s3: saddr:100932208: daddr:33561200
[  756.631621] AAAAA-TCP_FORW: name:enp0s3: saddr:100932208: daddr:33561200
[  756.708520] AAAAA-TCP_FORW: name:enp0s3: saddr:100932208: daddr:33561200
[  756.777297] AAAAA-TCP_FORW: name:enp0s3: saddr:100932208: daddr:16783984
[  756.828225] AAAAA-TCP_FORW: name:enp0s3: saddr:100932208: daddr:33561200
[  756.847742] AAAAA-TCP_FORW: name:enp0s3: saddr:100932208: daddr:33561200
[  756.919902] AAAAA-TCP_FORW: name:enp0s3: saddr:100932208: daddr:16783984
[  756.976813] AAAAA-TCP_FORW: name:enp0s3: saddr:100932208: daddr:16783984
[  757.054053] AAAAA-TCP_FORW: name:enp0s3: saddr:100932208: daddr:16783984
[  757.151909] AAAAA-TCP_FORW: name:enp0s3: saddr:100932208: daddr:16783984
[  757.227197] AAAAA-TCP_FORW: name:enp0s3: saddr:100932208: daddr:16783984
[  757.287002] AAAAA-TCP_FORW: name:enp0s3: saddr:100932208: daddr:16783984
[  757.356233] AAAAA-TCP_FORW: name:enp0s3: saddr:100932208: daddr:16783984
[  757.409905] AAAAA-TCP_FORW: name:enp0s3: saddr:100932208: daddr:33561200
[  757.447395] AAAAA-TCP_FORW: name:enp0s3: saddr:100932208: daddr:33561200
[  757.502285] AAAAA-TCP_FORW: name:enp0s3: saddr:100932208: daddr:33561200
[  757.603613] AAAAA-TCP_FORW: name:enp0s3: saddr:100932208: daddr:33561200
[  757.681703] AAAAA-TCP_FORW: name:enp0s3: saddr:100932208: daddr:33561200
[  757.702405] AAAAA-TCP_FORW: name:enp0s3: saddr:100932208: daddr:33561200
[  757.800426] AAAAA-TCP_FORW: name:enp0s3: saddr:100932208: daddr:16783984
[  757.839775] AAAAA-TCP_FORW: name:enp0s3: saddr:100932208: daddr:16783984
[  757.935245] AAAAA-TCP_FORW: name:enp0s3: saddr:100932208: daddr:16783984
[  758.008016] AAAAA-TCP_FORW: name:enp0s3: saddr:100932208: daddr:16783984
[  758.084631] AAAAA-TCP_FORW: name:enp0s3: saddr:100932208: daddr:16783984
[  758.126439] AAAAA-TCP_FORW: name:enp0s3: saddr:100932208: daddr:16783984
[  758.193130] AAAAA-TCP_FORW: name:enp0s3: saddr:100932208: daddr:16783984
[  758.250079] AAAAA-TCP_FORW: name:enp0s3: saddr:100932208: daddr:33561200
[  758.302328] AAAAA-TCP_FORW: name:enp0s3: saddr:100932208: daddr:33561200
[  758.435931] AAAAA-TCP_FORW: name:enp0s3: saddr:100932208: daddr:16783984
[  758.493376] AAAAA-TCP_FORW: name:enp0s3: saddr:100932208: daddr:33561200
[  758.551480] AAAAA-TCP_FORW: name:enp0s3: saddr:100932208: daddr:33561200
[  758.575029] AAAAA-TCP_FORW: name:enp0s3: saddr:100932208: daddr:33561200
[  758.633618] AAAAA-TCP_FORW: name:enp0s3: saddr:100932208: daddr:16783984
[  758.697994] AAAAA-TCP_FORW: name:enp0s3: saddr:100932208: daddr:16783984
[  758.747888] AAAAA-TCP_FORW: name:enp0s3: saddr:100932208: daddr:33561200
[  758.826675] AAAAA-TCP_FORW: name:enp0s3: saddr:100932208: daddr:16783984
[  758.914426] AAAAA-TCP_FORW: name:enp0s3: saddr:100932208: daddr:16783984
[  759.024116] AAAAA-TCP_FORW: name:enp0s3: saddr:100932208: daddr:16783984
[  759.102908] AAAAA-TCP_FORW: name:enp0s3: saddr:100932208: daddr:16783984
[  759.182910] AAAAA-TCP_FORW: name:enp0s3: saddr:100932208: daddr:33561200
[  759.243728] AAAAA-TCP_FORW: name:enp0s3: saddr:100932208: daddr:33561200
[  759.348255] AAAAA-TCP_FORW: name:enp0s3: saddr:100932208: daddr:16783984
[  759.421617] AAAAA-TCP_FORW: name:enp0s3: saddr:100932208: daddr:33561200
[  759.457808] AAAAA-TCP_FORW: name:enp0s3: saddr:100932208: daddr:33561200
[  759.502512] AAAAA-TCP_FORW: name:enp0s3: saddr:100932208: daddr:16783984
[  778.745279] AAAAA-TCP_FORW: name:enp0s3: saddr:100932208: daddr:33561200
[  778.908524] AAAAA-TCP_FORW: name:enp0s3: saddr:100932208: daddr:33561200
[  778.972394] AAAAA-TCP_FORW: name:enp0s3: saddr:100932208: daddr:33561200
[  779.146060] AAAAA-TCP_FORW: name:enp0s3: saddr:100932208: daddr:33561200
[  779.381410] AAAAA-TCP_FORW: name:enp0s3: saddr:100932208: daddr:33561200
[  782.874712] AAAAA-TCP_FORW: name:enp0s3: saddr:100932208: daddr:16783984
[  783.070862] AAAAA-TCP_FORW: name:enp0s3: saddr:100932208: daddr:33561200
[  783.317138] AAAAA-TCP_FORW: name:enp0s3: saddr:100932208: daddr:33561200
[  784.017126] AAAAA-TCP_FORW: name:enp0s3: saddr:100932208: daddr:33561200
[  784.113586] AAAAA-TCP_FORW: name:enp0s3: saddr:100932208: daddr:33561200
[  784.213525] AAAAA-TCP_FORW: name:enp0s3: saddr:100932208: daddr:16783984
[  784.416890] AAAAA-TCP_FORW: name:enp0s3: saddr:100932208: daddr:16783984
[  784.516407] AAAAA-TCP_FORW: name:enp0s3: saddr:100932208: daddr:16783984
[  784.635010] AAAAA-TCP_FORW: name:enp0s3: saddr:100932208: daddr:16783984
[  785.038318] AAAAA-TCP_FORW: name:enp0s3: saddr:100932208: daddr:16783984
[  785.137345] AAAAA-TCP_FORW: name:enp0s3: saddr:100932208: daddr:16783984
[  785.181638] AAAAA-TCP_FORW: name:enp0s3: saddr:100932208: daddr:16783984
[  785.339681] AAAAA-TCP_FORW: name:enp0s3: saddr:100932208: daddr:33561200
[  785.435467] AAAAA-TCP_FORW: name:enp0s3: saddr:100932208: daddr:16783984
[  785.555766] AAAAA-TCP_FORW: name:enp0s3: saddr:100932208: daddr:33561200
[  785.653083] AAAAA-TCP_FORW: name:enp0s3: saddr:100932208: daddr:33561200
[  785.843207] AAAAA-TCP_FORW: name:enp0s3: saddr:100932208: daddr:33561200
[  785.936557] AAAAA-TCP_FORW: name:enp0s3: saddr:100932208: daddr:33561200
[  786.013978] AAAAA-TCP_FORW: name:enp0s3: saddr:100932208: daddr:33561200
[  786.209267] AAAAA-TCP_FORW: name:enp0s3: saddr:100932208: daddr:33561200
[  786.447558] AAAAA-TCP_FORW: name:enp0s3: saddr:100932208: daddr:33561200
[  786.650822] AAAAA-TCP_FORW: name:enp0s3: saddr:100932208: daddr:16783984
[  786.738716] AAAAA-TCP_FORW: name:enp0s3: saddr:100932208: daddr:16783984
[  787.105186] AAAAA-TCP_FORW: name:enp0s3: saddr:100932208: daddr:16783984
[  787.338219] AAAAA-TCP_FORW: name:enp0s3: saddr:100932208: daddr:16783984
[  787.477371] AAAAA-TCP_FORW: name:enp0s3: saddr:100932208: daddr:16783984
[  787.646846] AAAAA-TCP_FORW: name:enp0s3: saddr:100932208: daddr:16783984
[  787.790053] AAAAA-TCP_FORW: name:enp0s3: saddr:100932208: daddr:33561200
[  787.838638] AAAAA-TCP_FORW: name:enp0s3: saddr:100932208: daddr:33561200
[  787.977193] AAAAA-TCP_FORW: name:enp0s3: saddr:100932208: daddr:16783984
[  788.212168] AAAAA-TCP_FORW: name:enp0s3: saddr:100932208: daddr:33561200
[  788.343082] AAAAA-TCP_FORW: name:enp0s3: saddr:100932208: daddr:33561200
[  788.349401] AAAAA-TCP_FORW: name:enp0s3: saddr:33561200: daddr:100932208
[  788.420727] AAAAA-TCP_FORW: name:enp0s3: saddr:100932208: daddr:16783984
[  788.549873] AAAAA-TCP_FORW: name:enp0s3: saddr:100932208: daddr:33561200
[  788.657645] AAAAA-TCP_FORW: name:enp0s3: saddr:16783984: daddr:100932208
[  788.687637] AAAAA-TCP_FORW: name:enp0s3: saddr:100932208: daddr:33561200
[  788.716434] AAAAA-TCP_FORW: name:enp0s3: saddr:100932208: daddr:33561200
[  788.812754] AAAAA-TCP_FORW: name:enp0s3: saddr:33561200: daddr:100932208
[  788.859186] AAAAA-TCP_FORW: name:enp0s3: saddr:100932208: daddr:33561200
[  788.967896] AAAAA-TCP_FORW: name:enp0s3: saddr:33561200: daddr:100932208
[  789.015988] AAAAA-TCP_FORW: name:enp0s3: saddr:33561200: daddr:100932208
[  789.111173] AAAAA-TCP_FORW: name:enp0s3: saddr:100932208: daddr:16783984
[  789.140502] AAAAA-TCP_FORW: name:enp0s3: saddr:100932208: daddr:16783984
[  789.186221] AAAAA-TCP_FORW: name:enp0s3: saddr:100932208: daddr:16783984
[  789.202694] AAAAA-TCP_FORW: name:enp0s3: saddr:33561200: daddr:100932208
[  789.241737] AAAAA-TCP_FORW: name:enp0s3: saddr:100932208: daddr:16783984
[  789.382946] AAAAA-TCP_FORW: name:enp0s3: saddr:100932208: daddr:16783984
[  789.422562] AAAAA-TCP_FORW: name:enp0s3: saddr:100932208: daddr:16783984
[  789.487749] AAAAA-TCP_FORW: name:enp0s3: saddr:16783984: daddr:100932208
[  789.521726] AAAAA-TCP_FORW: name:enp0s3: saddr:16783984: daddr:100932208
[  789.583652] AAAAA-TCP_FORW: name:enp0s3: saddr:100932208: daddr:33561200
[  789.605562] AAAAA-TCP_FORW: name:enp0s3: saddr:16783984: daddr:100932208
[  789.657085] AAAAA-TCP_FORW: name:enp0s3: saddr:100932208: daddr:33561200
[  789.687701] AAAAA-TCP_FORW: name:enp0s3: saddr:100932208: daddr:16783984
[  789.805640] AAAAA-TCP_FORW: name:enp0s3: saddr:16783984: daddr:100932208
[  789.899269] AAAAA-TCP_FORW: name:enp0s3: saddr:100932208: daddr:33561200
[  789.914136] AAAAA-TCP_FORW: name:enp0s3: saddr:16783984: daddr:100932208
[  789.971050] AAAAA-TCP_FORW: name:enp0s3: saddr:16783984: daddr:100932208
[  790.014374] AAAAA-TCP_FORW: name:enp0s3: saddr:100932208: daddr:16783984
[  790.084455] AAAAA-TCP_FORW: name:enp0s3: saddr:100932208: daddr:33561200
[  790.102122] AAAAA-TCP_FORW: name:enp0s3: saddr:100932208: daddr:33561200
[  790.144979] AAAAA-TCP_FORW: name:enp0s3: saddr:100932208: daddr:33561200
[  790.175136] AAAAA-TCP_FORW: name:enp0s3: saddr:100932208: daddr:33561200
[  790.248057] AAAAA-TCP_FORW: name:enp0s3: saddr:33561200: daddr:100932208
[  790.279467] AAAAA-TCP_FORW: name:enp0s3: saddr:100932208: daddr:16783984
[  790.491894] AAAAA-TCP_FORW: name:enp0s3: saddr:33561200: daddr:100932208
[  790.538588] AAAAA-TCP_FORW: name:enp0s3: saddr:100932208: daddr:16783984
[  790.570217] AAAAA-TCP_FORW: name:enp0s3: saddr:16783984: daddr:100932208
[  790.673028] AAAAA-TCP_FORW: name:enp0s3: saddr:100932208: daddr:16783984
[  790.850529] AAAAA-TCP_FORW: name:enp0s3: saddr:100932208: daddr:16783984
[  790.937934] AAAAA-TCP_FORW: name:enp0s3: saddr:100932208: daddr:16783984
[  791.061172] AAAAA-TCP_FORW: name:enp0s3: saddr:100932208: daddr:33561200
[  791.145002] AAAAA-TCP_FORW: name:enp0s3: saddr:100932208: daddr:33561200
[  791.307663] AAAAA-TCP_FORW: name:enp0s3: saddr:100932208: daddr:33561200
[  791.369812] AAAAA-TCP_FORW: name:enp0s3: saddr:100932208: daddr:16783984
[  791.484896] AAAAA-TCP_FORW: name:enp0s3: saddr:100932208: daddr:16783984
[  791.560792] AAAAA-TCP_FORW: name:enp0s3: saddr:100932208: daddr:16783984
[  791.661412] AAAAA-TCP_FORW: name:enp0s3: saddr:100932208: daddr:16783984
[  791.716193] AAAAA-TCP_FORW: name:enp0s3: saddr:100932208: daddr:33561200
[  791.837581] AAAAA-TCP_FORW: name:enp0s3: saddr:100932208: daddr:33561200
[  791.931483] AAAAA-TCP_FORW: name:enp0s3: saddr:100932208: daddr:33561200
[  792.020716] AAAAA-TCP_FORW: name:enp0s3: saddr:100932208: daddr:33561200
[  792.065778] AAAAA-TCP_FORW: name:enp0s3: saddr:100932208: daddr:33561200
[  792.195644] AAAAA-TCP_FORW: name:enp0s3: saddr:100932208: daddr:16783984
[  792.269945] AAAAA-TCP_FORW: name:enp0s3: saddr:100932208: daddr:16783984
[  792.472155] AAAAA-TCP_FORW: name:enp0s3: saddr:100932208: daddr:16783984
[  792.546838] AAAAA-TCP_FORW: name:enp0s3: saddr:100932208: daddr:16783984
[  792.634949] AAAAA-TCP_FORW: name:enp0s3: saddr:100932208: daddr:16783984
[  792.704652] AAAAA-TCP_FORW: name:enp0s3: saddr:100932208: daddr:16783984
[  792.810743] AAAAA-TCP_FORW: name:enp0s3: saddr:100932208: daddr:33561200
[  792.907326] AAAAA-TCP_FORW: name:enp0s3: saddr:100932208: daddr:33561200
[  792.984947] AAAAA-TCP_FORW: name:enp0s3: saddr:100932208: daddr:33561200
[  793.102207] AAAAA-TCP_FORW: name:enp0s3: saddr:100932208: daddr:16783984
[  793.191710] AAAAA-TCP_FORW: name:enp0s3: saddr:100932208: daddr:16783984
[  793.280802] AAAAA-TCP_FORW: name:enp0s3: saddr:100932208: daddr:16783984
[  793.368565] AAAAA-TCP_FORW: name:enp0s3: saddr:100932208: daddr:16783984
[  793.544336] AAAAA-TCP_FORW: name:enp0s3: saddr:100932208: daddr:33561200
[  793.615495] AAAAA-TCP_FORW: name:enp0s3: saddr:100932208: daddr:33561200
[  793.674262] AAAAA-TCP_FORW: name:enp0s3: saddr:100932208: daddr:33561200
[  793.751888] AAAAA-TCP_FORW: name:enp0s3: saddr:100932208: daddr:33561200
[  793.820257] AAAAA-TCP_FORW: name:enp0s3: saddr:100932208: daddr:16783984
[  793.897647] AAAAA-TCP_FORW: name:enp0s3: saddr:100932208: daddr:16783984
[  794.000003] AAAAA-TCP_FORW: name:enp0s3: saddr:100932208: daddr:16783984
[  794.084423] AAAAA-TCP_FORW: name:enp0s3: saddr:100932208: daddr:16783984
[  794.237318] AAAAA-TCP_FORW: name:enp0s3: saddr:100932208: daddr:16783984
[  794.474647] AAAAA-TCP_FORW: name:enp0s3: saddr:100932208: daddr:33561200
[  794.537171] AAAAA-TCP_FORW: name:enp0s3: saddr:100932208: daddr:33561200
[  794.608112] AAAAA-TCP_FORW: name:enp0s3: saddr:100932208: daddr:33561200
[  794.707150] AAAAA-TCP_FORW: name:enp0s3: saddr:100932208: daddr:16783984
[  794.861568] AAAAA-TCP_FORW: name:enp0s3: saddr:100932208: daddr:16783984
[  794.980889] AAAAA-TCP_FORW: name:enp0s3: saddr:100932208: daddr:16783984
[  795.114898] AAAAA-TCP_FORW: name:enp0s3: saddr:100932208: daddr:16783984
[  795.225313] AAAAA-TCP_FORW: name:enp0s3: saddr:100932208: daddr:33561200
[  795.360092] AAAAA-TCP_FORW: name:enp0s3: saddr:100932208: daddr:33561200
[  795.478166] AAAAA-TCP_FORW: name:enp0s3: saddr:100932208: daddr:33561200
[  795.583821] AAAAA-TCP_FORW: name:enp0s3: saddr:100932208: daddr:33561200
[  795.740549] AAAAA-TCP_FORW: name:enp0s3: saddr:100932208: daddr:16783984
[  795.835116] AAAAA-TCP_FORW: name:enp0s3: saddr:100932208: daddr:16783984
[  795.963592] AAAAA-TCP_FORW: name:enp0s3: saddr:100932208: daddr:16783984
[  796.088021] AAAAA-TCP_FORW: name:enp0s3: saddr:100932208: daddr:16783984
[  796.156235] AAAAA-TCP_FORW: name:enp0s3: saddr:100932208: daddr:16783984
[  796.202192] AAAAA-TCP_FORW: name:enp0s3: saddr:100932208: daddr:33561200
[  796.355200] AAAAA-TCP_FORW: name:enp0s3: saddr:100932208: daddr:33561200
[  796.456747] AAAAA-TCP_FORW: name:enp0s3: saddr:100932208: daddr:33561200
[  796.513231] AAAAA-TCP_FORW: name:enp0s3: saddr:100932208: daddr:33561200
[  796.588807] AAAAA-TCP_FORW: name:enp0s3: saddr:100932208: daddr:16783984
[  796.720345] AAAAA-TCP_FORW: name:enp0s3: saddr:100932208: daddr:16783984
[  796.872936] AAAAA-TCP_FORW: name:enp0s3: saddr:100932208: daddr:16783984
[  796.923353] AAAAA-TCP_FORW: name:enp0s3: saddr:100932208: daddr:16783984
[  797.175148] AAAAA-TCP_FORW: name:enp0s3: saddr:100932208: daddr:16783984
[  797.368451] AAAAA-TCP_FORW: name:enp0s3: saddr:100932208: daddr:33561200
[  797.475567] AAAAA-TCP_FORW: name:enp0s3: saddr:100932208: daddr:33561200
[  797.616411] AAAAA-TCP_FORW: name:enp0s3: saddr:100932208: daddr:33561200
[  797.713181] AAAAA-TCP_FORW: name:enp0s3: saddr:100932208: daddr:33561200
[  797.789984] AAAAA-TCP_FORW: name:enp0s3: saddr:100932208: daddr:16783984
[  797.922430] AAAAA-TCP_FORW: name:enp0s3: saddr:100932208: daddr:16783984
[  798.006321] AAAAA-TCP_FORW: name:enp0s3: saddr:100932208: daddr:16783984
[  798.125715] AAAAA-TCP_FORW: name:enp0s3: saddr:100932208: daddr:16783984
[  798.466513] AAAAA-TCP_FORW: name:enp0s3: saddr:100932208: daddr:16783984
[  798.554104] AAAAA-TCP_FORW: name:enp0s3: saddr:100932208: daddr:33561200
[  798.626597] AAAAA-TCP_FORW: name:enp0s3: saddr:100932208: daddr:33561200
[  799.034118] AAAAA-TCP_FORW: name:enp0s3: saddr:100932208: daddr:33561200
[  799.189517] AAAAA-TCP_FORW: name:enp0s3: saddr:100932208: daddr:33561200
[  799.266232] AAAAA-TCP_FORW: name:enp0s3: saddr:100932208: daddr:16783984
[  799.669513] AAAAA-TCP_FORW: name:enp0s3: saddr:100932208: daddr:16783984
[  799.928367] AAAAA-TCP_FORW: name:enp0s3: saddr:100932208: daddr:16783984
[  800.159549] AAAAA-TCP_FORW: name:enp0s3: saddr:100932208: daddr:16783984
[  800.269932] AAAAA-TCP_FORW: name:enp0s3: saddr:100932208: daddr:16783984
[  800.388021] AAAAA-TCP_FORW: name:enp0s3: saddr:100932208: daddr:33561200
[  800.488885] AAAAA-TCP_FORW: name:enp0s3: saddr:100932208: daddr:33561200
[  800.646309] AAAAA-TCP_FORW: name:enp0s3: saddr:100932208: daddr:33561200
[  800.768214] AAAAA-TCP_FORW: name:enp0s3: saddr:100932208: daddr:33561200
[  800.880275] AAAAA-TCP_FORW: name:enp0s3: saddr:100932208: daddr:16783984
[  801.114078] AAAAA-TCP_FORW: name:enp0s3: saddr:100932208: daddr:16783984
[  801.361478] AAAAA-TCP_FORW: name:enp0s3: saddr:100932208: daddr:16783984
[  801.496754] AAAAA-TCP_FORW: name:enp0s3: saddr:100932208: daddr:16783984
[  801.632916] AAAAA-TCP_FORW: name:enp0s3: saddr:100932208: daddr:16783984
[  801.774976] AAAAA-TCP_FORW: name:enp0s3: saddr:100932208: daddr:33561200
[  801.878874] AAAAA-TCP_FORW: name:enp0s3: saddr:100932208: daddr:33561200
[  802.100394] AAAAA-TCP_FORW: name:enp0s3: saddr:100932208: daddr:33561200
[  802.224156] AAAAA-TCP_FORW: name:enp0s3: saddr:100932208: daddr:33561200
[  802.366246] AAAAA-TCP_FORW: name:enp0s3: saddr:100932208: daddr:16783984
[  802.532200] AAAAA-TCP_FORW: name:enp0s3: saddr:100932208: daddr:16783984
[  802.599710] AAAAA-TCP_FORW: name:enp0s3: saddr:100932208: daddr:33561200
[  802.711148] AAAAA-TCP_FORW: name:enp0s3: saddr:100932208: daddr:16783984
[  802.800611] AAAAA-TCP_FORW: name:enp0s3: saddr:100932208: daddr:16783984
[  802.925398] AAAAA-TCP_FORW: name:enp0s3: saddr:100932208: daddr:16783984
[  803.056006] AAAAA-TCP_FORW: name:enp0s3: saddr:100932208: daddr:33561200
[  803.213418] AAAAA-TCP_FORW: name:enp0s3: saddr:100932208: daddr:33561200
[  803.274145] AAAAA-TCP_FORW: name:enp0s3: saddr:100932208: daddr:33561200
[  803.348363] AAAAA-TCP_FORW: name:enp0s3: saddr:100932208: daddr:33561200
[  803.443803] AAAAA-TCP_FORW: name:enp0s3: saddr:100932208: daddr:16783984
[  803.705065] AAAAA-TCP_FORW: name:enp0s3: saddr:100932208: daddr:16783984
[  803.811594] AAAAA-TCP_FORW: name:enp0s3: saddr:100932208: daddr:33561200
[  803.991305] AAAAA-TCP_FORW: name:enp0s3: saddr:100932208: daddr:16783984
[  804.111046] AAAAA-TCP_FORW: name:enp0s3: saddr:100932208: daddr:16783984
[  804.236704] AAAAA-TCP_FORW: name:enp0s3: saddr:100932208: daddr:16783984
[  804.343330] AAAAA-TCP_FORW: name:enp0s3: saddr:100932208: daddr:33561200
[  804.501620] AAAAA-TCP_FORW: name:enp0s3: saddr:100932208: daddr:33561200
[  804.742670] AAAAA-TCP_FORW: name:enp0s3: saddr:100932208: daddr:33561200
[  804.880472] AAAAA-TCP_FORW: name:enp0s3: saddr:100932208: daddr:33561200
[  805.004831] AAAAA-TCP_FORW: name:enp0s3: saddr:100932208: daddr:16783984
[  805.131324] AAAAA-TCP_FORW: name:enp0s3: saddr:100932208: daddr:16783984
[  805.245195] AAAAA-TCP_FORW: name:enp0s3: saddr:100932208: daddr:33561200
[  805.339560] AAAAA-TCP_FORW: name:enp0s3: saddr:100932208: daddr:33561200
[  805.427196] AAAAA-TCP_FORW: name:enp0s3: saddr:100932208: daddr:33561200
[  805.579431] AAAAA-TCP_FORW: name:enp0s3: saddr:100932208: daddr:33561200
[  805.721327] AAAAA-TCP_FORW: name:enp0s3: saddr:100932208: daddr:33561200
[  806.404018] AAAAA-TCP_FORW: name:enp0s3: saddr:100932208: daddr:33561200
[  806.516847] AAAAA-TCP_FORW: name:enp0s3: saddr:100932208: daddr:33561200
[  806.701018] AAAAA-TCP_FORW: name:enp0s3: saddr:100932208: daddr:16783984
[  807.180608] AAAAA-TCP_FORW: name:enp0s3: saddr:100932208: daddr:33561200
[  807.274169] AAAAA-TCP_FORW: name:enp0s3: saddr:100932208: daddr:16783984
[  807.795988] AAAAA-TCP_FORW: name:enp0s3: saddr:100932208: daddr:16783984
[  808.115460] AAAAA-TCP_FORW: name:enp0s3: saddr:100932208: daddr:33561200
[  809.666865] AAAAA-TCP_FORW: name:enp0s3: saddr:100932208: daddr:33561200
[  811.067282] AAAAA-TCP_FORW: name:enp0s3: saddr:100932208: daddr:33561200
[  811.215989] AAAAA-TCP_FORW: name:enp0s3: saddr:100932208: daddr:33561200
[  812.678511] AAAAA-TCP_FORW: name:enp0s3: saddr:100932208: daddr:33561200
[  812.808714] AAAAA-TCP_FORW: name:enp0s3: saddr:100932208: daddr:33561200
[  812.974481] AAAAA-TCP_FORW: name:enp0s3: saddr:100932208: daddr:16783984
[  942.390499] rfkill: input handler enabled
[  951.040147] rfkill: input handler disabled
[ 1282.750647] device enp0s3 left promiscuous mode
