[    0.000000] Linux version 5.4.243-mptcp (root@ztg) (gcc version 12.2.0 (Debian 12.2.0-14+deb12u1)) #53 SMP Wed Dec 24 23:28:15 CST 2025
[    0.000000] Command line: BOOT_IMAGE=/boot/vmlinuz-5.4.243-mptcp root=UUID=98415a12-53b7-4144-8265-0f7ece09e445 ro quiet splash
[    0.000000] KERNEL supported cpus:
[    0.000000]   Intel GenuineIntel
[    0.000000]   AMD AuthenticAMD
[    0.000000]   Hygon HygonGenuine
[    0.000000]   Centaur CentaurHauls
[    0.000000]   zhaoxin   Shanghai  
[    0.000000] x86/fpu: Supporting XSAVE feature 0x001: 'x87 floating point registers'
[    0.000000] x86/fpu: Supporting XSAVE feature 0x002: 'SSE registers'
[    0.000000] x86/fpu: Supporting XSAVE feature 0x004: 'AVX registers'
[    0.000000] x86/fpu: xstate_offset[2]:  576, xstate_sizes[2]:  256
[    0.000000] x86/fpu: Enabled xstate features 0x7, context size is 832 bytes, using 'standard' format.
[    0.000000] BIOS-provided physical RAM map:
[    0.000000] BIOS-e820: [mem 0x0000000000000000-0x000000000009fbff] usable
[    0.000000] BIOS-e820: [mem 0x000000000009fc00-0x000000000009ffff] reserved
[    0.000000] BIOS-e820: [mem 0x00000000000f0000-0x00000000000fffff] reserved
[    0.000000] BIOS-e820: [mem 0x0000000000100000-0x000000007ffeffff] usable
[    0.000000] BIOS-e820: [mem 0x000000007fff0000-0x000000007fffffff] ACPI data
[    0.000000] BIOS-e820: [mem 0x00000000fec00000-0x00000000fec00fff] reserved
[    0.000000] BIOS-e820: [mem 0x00000000fee00000-0x00000000fee00fff] reserved
[    0.000000] BIOS-e820: [mem 0x00000000fffc0000-0x00000000ffffffff] reserved
[    0.000000] NX (Execute Disable) protection: active
[    0.000000] SMBIOS 2.5 present.
[    0.000000] DMI: innotek GmbH VirtualBox/VirtualBox, BIOS VirtualBox 12/01/2006
[    0.000000] Hypervisor detected: KVM
[    0.000000] kvm-clock: Using msrs 4b564d01 and 4b564d00
[    0.000000] kvm-clock: cpu 0, msr 7d801001, primary cpu clock
[    0.000000] kvm-clock: using sched offset of 4441747569 cycles
[    0.000003] clocksource: kvm-clock: mask: 0xffffffffffffffff max_cycles: 0x1cd42e4dffb, max_idle_ns: 881590591483 ns
[    0.000005] tsc: Detected 2100.000 MHz processor
[    0.001879] e820: update [mem 0x00000000-0x00000fff] usable ==> reserved
[    0.001881] e820: remove [mem 0x000a0000-0x000fffff] usable
[    0.001885] last_pfn = 0x7fff0 max_arch_pfn = 0x400000000
[    0.001954] MTRR default type: uncachable
[    0.001955] MTRR fixed ranges enabled:
[    0.001956]   00000-9FFFF write-back
[    0.001957]   A0000-BFFFF uncachable
[    0.001958]   C0000-FFFFF write-protect
[    0.001959] MTRR variable ranges enabled:
[    0.001960]   0 base 000000000000 mask 3FFF80000000 write-back
[    0.001961]   1 disabled
[    0.001961]   2 disabled
[    0.001962]   3 disabled
[    0.001962]   4 disabled
[    0.001963]   5 disabled
[    0.001963]   6 disabled
[    0.001964]   7 disabled
[    0.001964]   8 disabled
[    0.001964]   9 disabled
[    0.001965]   10 disabled
[    0.001965]   11 disabled
[    0.001966]   12 disabled
[    0.001966]   13 disabled
[    0.001967]   14 disabled
[    0.001967]   15 disabled
[    0.001984] x86/PAT: Configuration [0-7]: WB  WC  UC- UC  WB  WP  UC- WT  
[    0.002119] found SMP MP-table at [mem 0x0009fff0-0x0009ffff]
[    0.090554] check: Scanning 1 areas for low memory corruption
[    0.090755] RAMDISK: [mem 0x32271000-0x3512ffff]
[    0.090763] ACPI: Early table checksum verification disabled
[    0.090769] ACPI: RSDP 0x00000000000E0000 000024 (v02 VBOX  )
[    0.090773] ACPI: XSDT 0x000000007FFF0030 00003C (v01 VBOX   VBOXXSDT 00000001 ASL  00000061)
[    0.090780] ACPI: FACP 0x000000007FFF00F0 0000F4 (v04 VBOX   VBOXFACP 00000001 ASL  00000061)
[    0.090787] ACPI: DSDT 0x000000007FFF02E0 002353 (v02 VBOX   VBOXBIOS 00000002 VBOX 00029BF3)
[    0.090791] ACPI: FACS 0x000000007FFF0200 000040
[    0.090794] ACPI: FACS 0x000000007FFF0200 000040
[    0.090798] ACPI: APIC 0x000000007FFF0240 000054 (v02 VBOX   VBOXAPIC 00000001 ASL  00000061)
[    0.090801] ACPI: SSDT 0x000000007FFF02A0 000038 (v01 VBOX   VBOXCPUT 00000002 VBOX 00029BF3)
[    0.090805] ACPI: Reserving FACP table memory at [mem 0x7fff00f0-0x7fff01e3]
[    0.090805] ACPI: Reserving DSDT table memory at [mem 0x7fff02e0-0x7fff2632]
[    0.090806] ACPI: Reserving FACS table memory at [mem 0x7fff0200-0x7fff023f]
[    0.090807] ACPI: Reserving FACS table memory at [mem 0x7fff0200-0x7fff023f]
[    0.090807] ACPI: Reserving APIC table memory at [mem 0x7fff0240-0x7fff0293]
[    0.090808] ACPI: Reserving SSDT table memory at [mem 0x7fff02a0-0x7fff02d7]
[    0.090822] ACPI: Local APIC address 0xfee00000
[    0.091013] No NUMA configuration found
[    0.091014] Faking a node at [mem 0x0000000000000000-0x000000007ffeffff]
[    0.091024] NODE_DATA(0) allocated [mem 0x7ffc5000-0x7ffeffff]
[    0.091306] Zone ranges:
[    0.091307]   DMA      [mem 0x0000000000001000-0x0000000000ffffff]
[    0.091308]   DMA32    [mem 0x0000000001000000-0x000000007ffeffff]
[    0.091309]   Normal   empty
[    0.091310]   Device   empty
[    0.091310] Movable zone start for each node
[    0.091312] Early memory node ranges
[    0.091313]   node   0: [mem 0x0000000000001000-0x000000000009efff]
[    0.091314]   node   0: [mem 0x0000000000100000-0x000000007ffeffff]
[    0.091317] Zeroed struct page in unavailable ranges: 114 pages
[    0.091318] Initmem setup node 0 [mem 0x0000000000001000-0x000000007ffeffff]
[    0.091319] On node 0 totalpages: 524174
[    0.091321]   DMA zone: 64 pages used for memmap
[    0.091321]   DMA zone: 21 pages reserved
[    0.091322]   DMA zone: 3998 pages, LIFO batch:0
[    0.091393]   DMA32 zone: 8128 pages used for memmap
[    0.091394]   DMA32 zone: 520176 pages, LIFO batch:63
[    0.100279] ACPI: PM-Timer IO Port: 0x4008
[    0.100283] ACPI: Local APIC address 0xfee00000
[    0.100353] IOAPIC[0]: apic_id 1, version 32, address 0xfec00000, GSI 0-23
[    0.100356] ACPI: INT_SRC_OVR (bus 0 bus_irq 0 global_irq 2 dfl dfl)
[    0.100358] ACPI: INT_SRC_OVR (bus 0 bus_irq 9 global_irq 9 low level)
[    0.100360] ACPI: IRQ0 used by override.
[    0.100361] ACPI: IRQ9 used by override.
[    0.100363] Using ACPI (MADT) for SMP configuration information
[    0.100370] smpboot: Allowing 1 CPUs, 0 hotplug CPUs
[    0.100392] PM: Registered nosave memory: [mem 0x00000000-0x00000fff]
[    0.100393] PM: Registered nosave memory: [mem 0x0009f000-0x0009ffff]
[    0.100393] PM: Registered nosave memory: [mem 0x000a0000-0x000effff]
[    0.100394] PM: Registered nosave memory: [mem 0x000f0000-0x000fffff]
[    0.100396] [mem 0x80000000-0xfebfffff] available for PCI devices
[    0.100397] Booting paravirtualized kernel on KVM
[    0.100400] clocksource: refined-jiffies: mask: 0xffffffff max_cycles: 0xffffffff, max_idle_ns: 7645519600211568 ns
[    0.100405] setup_percpu: NR_CPUS:8192 nr_cpumask_bits:1 nr_cpu_ids:1 nr_node_ids:1
[    0.101408] percpu: Embedded 60 pages/cpu s208896 r8192 d28672 u2097152
[    0.101413] pcpu-alloc: s208896 r8192 d28672 u2097152 alloc=1*2097152
[    0.101414] pcpu-alloc: [0] 0 
[    0.101442] Built 1 zonelists, mobility grouping on.  Total pages: 515961
[    0.101442] Policy zone: DMA32
[    0.101443] Kernel command line: BOOT_IMAGE=/boot/vmlinuz-5.4.243-mptcp root=UUID=98415a12-53b7-4144-8265-0f7ece09e445 ro quiet splash
[    0.102287] Dentry cache hash table entries: 262144 (order: 9, 2097152 bytes, linear)
[    0.102551] Inode-cache hash table entries: 131072 (order: 8, 1048576 bytes, linear)
[    0.102601] mem auto-init: stack:off, heap alloc:on, heap free:off
[    0.102604] Calgary: detecting Calgary via BIOS EBDA area
[    0.102606] Calgary: Unable to locate Rio Grande table in EBDA - bailing!
[    0.106712] Memory: 1967332K/2096696K available (14339K kernel code, 2398K rwdata, 4712K rodata, 2728K init, 17260K bss, 129364K reserved, 0K cma-reserved)
[    0.107676] SLUB: HWalign=64, Order=0-3, MinObjects=0, CPUs=1, Nodes=1
[    0.107692] ftrace: allocating 43186 entries in 169 pages
[    0.125801] rcu: Hierarchical RCU implementation.
[    0.125802] rcu: 	RCU restricting CPUs from NR_CPUS=8192 to nr_cpu_ids=1.
[    0.125803] 	Tasks RCU enabled.
[    0.125804] rcu: RCU calculated value of scheduler-enlistment delay is 25 jiffies.
[    0.125805] rcu: Adjusting geometry for rcu_fanout_leaf=16, nr_cpu_ids=1
[    0.128775] NR_IRQS: 524544, nr_irqs: 256, preallocated irqs: 16
[    0.128998] random: crng init done
[    0.138359] Console: colour VGA+ 80x25
[    0.138364] printk: console [tty0] enabled
[    0.138384] ACPI: Core revision 20190816
[    0.138482] APIC: Switch to symmetric I/O mode setup
[    0.138731] x2apic enabled
[    0.138969] Switched APIC routing to physical x2apic.
[    0.140101] ..TIMER: vector=0x30 apic1=0 pin1=2 apic2=-1 pin2=-1
[    0.140127] clocksource: tsc-early: mask: 0xffffffffffffffff max_cycles: 0x1e4530a99b6, max_idle_ns: 440795257976 ns
[    0.140133] Calibrating delay loop (skipped) preset value.. 4200.00 BogoMIPS (lpj=8400000)
[    0.140135] pid_max: default: 32768 minimum: 301
[    0.140162] LSM: Security Framework initializing
[    0.140171] Yama: becoming mindful.
[    0.140197] AppArmor: AppArmor initialized
[    0.140231] Mount-cache hash table entries: 4096 (order: 3, 32768 bytes, linear)
[    0.140236] Mountpoint-cache hash table entries: 4096 (order: 3, 32768 bytes, linear)
[    0.140246] *** VALIDATE tmpfs ***
[    0.140375] *** VALIDATE proc ***
[    0.140416] *** VALIDATE cgroup1 ***
[    0.140418] *** VALIDATE cgroup2 ***
[    0.140569] process: using mwait in idle threads
[    0.140574] Last level iTLB entries: 4KB 64, 2MB 8, 4MB 8
[    0.140574] Last level dTLB entries: 4KB 64, 2MB 0, 4MB 0, 1GB 4
[    0.140611] Spectre V1 : Mitigation: usercopy/swapgs barriers and __user pointer sanitization
[    0.140622] Spectre V2 : Mitigation: Retpolines
[    0.140623] Spectre V2 : Spectre v2 / SpectreRSB mitigation: Filling RSB on context switch
[    0.140623] Spectre V2 : Spectre v2 / SpectreRSB : Filling RSB on VMEXIT
[    0.140624] RETBleed: WARNING: Spectre v2 mitigation leaves CPU vulnerable to RETBleed attacks, data leaks possible!
[    0.140981] RETBleed: Vulnerable
[    0.140981] Speculative Store Bypass: Vulnerable
[    0.140986] TAA: Mitigation: TSX disabled
[    0.140987] MMIO Stale Data: Mitigation: Clear CPU buffers
[    0.145190] Freeing SMP alternatives memory: 40K
[    0.257277] smpboot: CPU0: Intel(R) Xeon(R) Silver 4216 CPU @ 2.10GHz (family: 0x6, model: 0x55, stepping: 0x7)
[    0.257399] Performance Events: unsupported p6 CPU model 85 no PMU driver, software events only.
[    0.257439] rcu: Hierarchical SRCU implementation.
[    0.257917] NMI watchdog: Perf NMI watchdog permanently disabled
[    0.257957] smp: Bringing up secondary CPUs ...
[    0.257958] smp: Brought up 1 node, 1 CPU
[    0.257958] smpboot: Max logical packages: 1
[    0.257960] smpboot: Total of 1 processors activated (4200.00 BogoMIPS)
[    0.258937] devtmpfs: initialized
[    0.258986] x86/mm: Memory block size: 128MB
[    0.259338] clocksource: jiffies: mask: 0xffffffff max_cycles: 0xffffffff, max_idle_ns: 7645041785100000 ns
[    0.259344] futex hash table entries: 256 (order: 2, 16384 bytes, linear)
[    0.259386] pinctrl core: initialized pinctrl subsystem
[    0.259487] PM: RTC time: 09:18:28, date: 2026-01-13
[    0.259595] NET: Registered protocol family 16
[    0.259668] audit: initializing netlink subsys (disabled)
[    0.259794] EISA bus registered
[    0.259795] cpuidle: using governor ladder
[    0.259796] cpuidle: using governor menu
[    0.259832] ACPI: bus type PCI registered
[    0.259834] acpiphp: ACPI Hot Plug PCI Controller Driver version: 0.5
[    0.259935] PCI: Using configuration type 1 for base access
[    0.260417] audit: type=2000 audit(1768267114.610:1): state=initialized audit_enabled=0 res=1
[    0.260497] HugeTLB registered 2.00 MiB page size, pre-allocated 0 pages
[    0.261328] ACPI: Added _OSI(Module Device)
[    0.261329] ACPI: Added _OSI(Processor Device)
[    0.261329] ACPI: Added _OSI(3.0 _SCP Extensions)
[    0.261330] ACPI: Added _OSI(Processor Aggregator Device)
[    0.261331] ACPI: Added _OSI(Linux-Dell-Video)
[    0.261332] ACPI: Added _OSI(Linux-Lenovo-NV-HDMI-Audio)
[    0.261333] ACPI: Added _OSI(Linux-HPI-Hybrid-Graphics)
[    0.263275] ACPI: 2 ACPI AML tables successfully acquired and loaded
[    0.264793] ACPI: Interpreter enabled
[    0.264802] ACPI: (supports S0 S5)
[    0.264803] ACPI: Using IOAPIC for interrupt routing
[    0.265019] PCI: Using host bridge windows from ACPI; if necessary, use "pci=nocrs" and report a bug
[    0.265127] ACPI: Enabled 2 GPEs in block 00 to 07
[    0.269944] ACPI: PCI Root Bridge [PCI0] (domain 0000 [bus 00-ff])
[    0.269949] acpi PNP0A03:00: _OSC: OS supports [ASPM ClockPM Segments MSI HPX-Type3]
[    0.270392] acpi PNP0A03:00: _OSC: not requesting OS control; OS requires [ExtendedConfig ASPM ClockPM MSI]
[    0.270400] acpi PNP0A03:00: fail to add MMCONFIG information, can't access extended PCI configuration space under this bridge.
[    0.270770] PCI host bridge to bus 0000:00
[    0.270772] pci_bus 0000:00: root bus resource [io  0x0000-0x0cf7 window]
[    0.270773] pci_bus 0000:00: root bus resource [io  0x0d00-0xffff window]
[    0.270775] pci_bus 0000:00: root bus resource [mem 0x000a0000-0x000bffff window]
[    0.270776] pci_bus 0000:00: root bus resource [mem 0x80000000-0xfdffffff window]
[    0.270777] pci_bus 0000:00: root bus resource [bus 00-ff]
[    0.270824] pci 0000:00:00.0: [8086:1237] type 00 class 0x060000
[    0.271755] pci 0000:00:01.0: [8086:7000] type 00 class 0x060100
[    0.272652] pci 0000:00:01.1: [8086:7111] type 00 class 0x01018a
[    0.273031] pci 0000:00:01.1: reg 0x20: [io  0xd000-0xd00f]
[    0.273183] pci 0000:00:01.1: legacy IDE quirk: reg 0x10: [io  0x01f0-0x01f7]
[    0.273184] pci 0000:00:01.1: legacy IDE quirk: reg 0x14: [io  0x03f6]
[    0.273185] pci 0000:00:01.1: legacy IDE quirk: reg 0x18: [io  0x0170-0x0177]
[    0.273185] pci 0000:00:01.1: legacy IDE quirk: reg 0x1c: [io  0x0376]
[    0.273723] pci 0000:00:02.0: [15ad:0405] type 00 class 0x030000
[    0.276213] pci 0000:00:02.0: reg 0x10: [io  0xd010-0xd01f]
[    0.280180] pci 0000:00:02.0: reg 0x14: [mem 0xe0000000-0xe7ffffff pref]
[    0.283194] pci 0000:00:02.0: reg 0x18: [mem 0xf0000000-0xf01fffff]
[    0.294785] pci 0000:00:03.0: [1022:2000] type 00 class 0x020000
[    0.296288] pci 0000:00:03.0: reg 0x10: [io  0xd020-0xd03f]
[    0.297144] pci 0000:00:03.0: reg 0x14: [mem 0xf0200000-0xf0200fff]
[    0.300986] pci 0000:00:04.0: [80ee:cafe] type 00 class 0x088000
[    0.301711] pci 0000:00:04.0: reg 0x10: [io  0xd040-0xd05f]
[    0.302361] pci 0000:00:04.0: reg 0x14: [mem 0xf0400000-0xf07fffff]
[    0.303002] pci 0000:00:04.0: reg 0x18: [mem 0xf0800000-0xf0803fff pref]
[    0.306741] pci 0000:00:07.0: [8086:7113] type 00 class 0x068000
[    0.307282] pci 0000:00:07.0: quirk: [io  0x4000-0x403f] claimed by PIIX4 ACPI
[    0.307293] pci 0000:00:07.0: quirk: [io  0x4100-0x410f] claimed by PIIX4 SMB
[    0.307870] pci 0000:00:08.0: [1022:2000] type 00 class 0x020000
[    0.308249] pci 0000:00:08.0: reg 0x10: [io  0xd060-0xd07f]
[    0.308888] pci 0000:00:08.0: reg 0x14: [mem 0xf0804000-0xf0804fff]
[    0.312637] pci 0000:00:09.0: [8086:100e] type 00 class 0x020000
[    0.313363] pci 0000:00:09.0: reg 0x10: [mem 0xf0820000-0xf083ffff]
[    0.314550] pci 0000:00:09.0: reg 0x18: [io  0xd080-0xd087]
[    0.325178] ACPI: PCI Interrupt Link [LNKA] (IRQs 5 9 10 *11)
[    0.325461] ACPI: PCI Interrupt Link [LNKB] (IRQs 5 9 *10 11)
[    0.325563] ACPI: PCI Interrupt Link [LNKC] (IRQs 5 *9 10 11)
[    0.325667] ACPI: PCI Interrupt Link [LNKD] (IRQs 5 9 10 *11)
[    0.325933] iommu: Default domain type: Translated 
[    0.325995] pci 0000:00:02.0: vgaarb: setting as boot VGA device
[    0.325997] pci 0000:00:02.0: vgaarb: VGA device added: decodes=io+mem,owns=io+mem,locks=none
[    0.325999] pci 0000:00:02.0: vgaarb: bridge control possible
[    0.326000] vgaarb: loaded
[    0.326215] SCSI subsystem initialized
[    0.326250] libata version 3.00 loaded.
[    0.326273] ACPI: bus type USB registered
[    0.326290] usbcore: registered new interface driver usbfs
[    0.326296] usbcore: registered new interface driver hub
[    0.326301] usbcore: registered new device driver usb
[    0.326327] pps_core: LinuxPPS API ver. 1 registered
[    0.326328] pps_core: Software ver. 5.3.6 - Copyright 2005-2007 Rodolfo Giometti <giometti@linux.it>
[    0.326330] PTP clock support registered
[    0.326364] EDAC MC: Ver: 3.0.0
[    0.326657] PCI: Using ACPI for IRQ routing
[    0.326658] PCI: pci_cache_line_size set to 64 bytes
[    0.326829] e820: reserve RAM buffer [mem 0x0009fc00-0x0009ffff]
[    0.326833] e820: reserve RAM buffer [mem 0x7fff0000-0x7fffffff]
[    0.328136] NetLabel: Initializing
[    0.328137] NetLabel:  domain hash size = 128
[    0.328137] NetLabel:  protocols = UNLABELED CIPSOv4 CALIPSO
[    0.328158] NetLabel:  unlabeled traffic allowed by default
[    0.329083] clocksource: Switched to clocksource kvm-clock
[    0.340357] *** VALIDATE bpf ***
[    0.340357] VFS: Disk quotas dquot_6.6.0
[    0.340357] VFS: Dquot-cache hash table entries: 512 (order 0, 4096 bytes)
[    0.340357] *** VALIDATE ramfs ***
[    0.340357] *** VALIDATE hugetlbfs ***
[    0.340357] AppArmor: AppArmor Filesystem Enabled
[    0.340357] pnp: PnP ACPI init
[    0.340357] pnp 00:00: Plug and Play ACPI device, IDs PNP0303 (active)
[    0.343178] pnp 00:01: Plug and Play ACPI device, IDs PNP0f03 (active)
[    0.343936] pnp: PnP ACPI: found 2 devices
[    0.344938] thermal_sys: Registered thermal governor 'fair_share'
[    0.344939] thermal_sys: Registered thermal governor 'bang_bang'
[    0.344940] thermal_sys: Registered thermal governor 'step_wise'
[    0.344940] thermal_sys: Registered thermal governor 'user_space'
[    0.344941] thermal_sys: Registered thermal governor 'power_allocator'
[    0.349472] clocksource: acpi_pm: mask: 0xffffff max_cycles: 0xffffff, max_idle_ns: 2085701024 ns
[    0.349513] pci_bus 0000:00: resource 4 [io  0x0000-0x0cf7 window]
[    0.349515] pci_bus 0000:00: resource 5 [io  0x0d00-0xffff window]
[    0.349516] pci_bus 0000:00: resource 6 [mem 0x000a0000-0x000bffff window]
[    0.349517] pci_bus 0000:00: resource 7 [mem 0x80000000-0xfdffffff window]
[    0.349578] NET: Registered protocol family 2
[    0.349654] IP idents hash table entries: 32768 (order: 6, 262144 bytes, linear)
[    0.350063] MPTCP tokens hash table entries: 8192 (order: 4, 65536 bytes, linear)
[    0.350083] MPTCP request tokens hash table entries: 8192 (order: 4, 65536 bytes, linear)
[    0.350110] default registered
[    0.350110] default registered
[    0.350111] MPTCP: Stable release v0.96
[    0.350116] tcp_listen_portaddr_hash hash table entries: 1024 (order: 2, 16384 bytes, linear)
[    0.350196] TCP established hash table entries: 16384 (order: 5, 131072 bytes, linear)
[    0.350261] TCP bind hash table entries: 16384 (order: 6, 262144 bytes, linear)
[    0.350286] TCP: Hash tables configured (established 16384 bind 16384)
[    0.350992] UDP hash table entries: 1024 (order: 3, 32768 bytes, linear)
[    0.351004] UDP-Lite hash table entries: 1024 (order: 3, 32768 bytes, linear)
[    0.351038] NET: Registered protocol family 1
[    0.351047] NET: Registered protocol family 44
[    0.351099] pci 0000:00:00.0: Limiting direct PCI/PCI transfers
[    0.351112] pci 0000:00:01.0: Activating ISA DMA hang workarounds
[    0.351192] pci 0000:00:02.0: Video device with shadowed ROM at [mem 0x000c0000-0x000dffff]
[    0.351257] PCI: CLS 0 bytes, default 64
[    0.351312] Trying to unpack rootfs image as initramfs...
[    0.523899] Freeing initrd memory: 47868K
[    0.523899] clocksource: tsc: mask: 0xffffffffffffffff max_cycles: 0x1e4530a99b6, max_idle_ns: 440795257976 ns
[    0.523899] clocksource: Switched to clocksource tsc
[    0.523899] platform rtc_cmos: registered platform RTC device (no PNP device found)
[    0.523899] check: Scanning for low memory corruption every 60 seconds
[    0.523899] Initialise system trusted keyrings
[    0.523899] Key type blacklist registered
[    0.523899] workingset: timestamp_bits=36 max_order=19 bucket_order=0
[    0.523899] zbud: loaded
[    0.523899] squashfs: version 4.0 (2009/01/31) Phillip Lougher
[    0.523899] fuse: init (API version 7.31)
[    0.523899] *** VALIDATE fuse ***
[    0.523899] *** VALIDATE fuse ***
[    0.523899] Platform Keyring initialized
[    0.539165] Key type asymmetric registered
[    0.539166] Asymmetric key parser 'x509' registered
[    0.539176] Block layer SCSI generic (bsg) driver version 0.4 loaded (major 244)
[    0.539219] io scheduler mq-deadline registered
[    0.539343] shpchp: Standard Hot Plug PCI Controller Driver version: 0.4
[    0.539548] ACPI: AC Adapter [AC] (on-line)
[    0.539594] input: Power Button as /devices/LNXSYSTM:00/LNXPWRBN:00/input/input0
[    0.539624] ACPI: Power Button [PWRF]
[    0.539699] input: Sleep Button as /devices/LNXSYSTM:00/LNXSLPBN:00/input/input1
[    0.539714] ACPI: Sleep Button [SLPF]
[    0.539942] Serial: 8250/16550 driver, 32 ports, IRQ sharing enabled
[    0.541108] Linux agpgart interface v0.103
[    0.631178] loop: module loaded
[    0.631326] ata_piix 0000:00:01.1: version 2.13
[    0.631740] scsi host0: ata_piix
[    0.631830] scsi host1: ata_piix
[    0.631856] ata1: PATA max UDMA/33 cmd 0x1f0 ctl 0x3f6 bmdma 0xd000 irq 14
[    0.631858] ata2: PATA max UDMA/33 cmd 0x170 ctl 0x376 bmdma 0xd008 irq 15
[    0.631940] tun: Universal TUN/TAP device driver, 1.6
[    0.632254] PPP generic driver version 2.4.2
[    0.632297] VFIO - User Level meta-driver version: 0.3
[    0.632544] ehci_hcd: USB 2.0 'Enhanced' Host Controller (EHCI) Driver
[    0.632549] ehci-pci: EHCI PCI platform driver
[    0.632565] ehci-platform: EHCI generic platform driver
[    0.632571] ohci_hcd: USB 1.1 'Open' Host Controller (OHCI) Driver
[    0.632572] ohci-pci: OHCI PCI platform driver
[    0.632579] ohci-platform: OHCI generic platform driver
[    0.632583] uhci_hcd: USB Universal Host Controller Interface driver
[    0.632649] i8042: PNP: PS/2 Controller [PNP0303:PS2K,PNP0f03:PS2M] at 0x60,0x64 irq 1,12
[    0.633086] serio: i8042 KBD port at 0x60,0x64 irq 1
[    0.633089] serio: i8042 AUX port at 0x60,0x64 irq 12
[    0.633175] mousedev: PS/2 mouse device common for all mice
[    0.633437] input: AT Translated Set 2 keyboard as /devices/platform/i8042/serio0/input/input2
[    0.633832] rtc_cmos rtc_cmos: registered as rtc0
[    0.633844] rtc_cmos rtc_cmos: alarms up to one day, 114 bytes nvram
[    0.633850] i2c /dev entries driver
[    0.633893] device-mapper: uevent: version 1.0.3
[    0.633936] device-mapper: ioctl: 4.41.0-ioctl (2019-09-16) initialised: dm-devel@redhat.com
[    0.633952] platform eisa.0: Probing EISA bus 0
[    0.633953] platform eisa.0: EISA: Cannot allocate resource for mainboard
[    0.633954] platform eisa.0: Cannot allocate resource for EISA slot 1
[    0.633955] platform eisa.0: Cannot allocate resource for EISA slot 2
[    0.633956] platform eisa.0: Cannot allocate resource for EISA slot 3
[    0.633957] platform eisa.0: Cannot allocate resource for EISA slot 4
[    0.633958] platform eisa.0: Cannot allocate resource for EISA slot 5
[    0.633959] platform eisa.0: Cannot allocate resource for EISA slot 6
[    0.633960] platform eisa.0: Cannot allocate resource for EISA slot 7
[    0.633961] platform eisa.0: Cannot allocate resource for EISA slot 8
[    0.633962] platform eisa.0: EISA: Detected 0 cards
[    0.633965] intel_pstate: CPU model not supported
[    0.633975] ledtrig-cpu: registered to indicate activity on CPUs
[    0.634032] drop_monitor: Initializing network drop monitor service
[    0.634192] NET: Registered protocol family 10
[    0.639309] Segment Routing with IPv6
[    0.639320] fullmesh registered
[    0.639320] ndiffports registered
[    0.639320] binder registered
[    0.639320] roundrobin registered
[    0.639320] redundant registered
[    0.639320] blest registered
[    0.639320] ecf registered
[    0.639320] NET: Registered protocol family 17
[    0.639320] Key type dns_resolver registered
[    0.639320] RAS: Correctable Errors collector initialized.
[    0.639320] IPI shorthand broadcast: enabled
[    0.639320] sched_clock: Marking stable (624177997, 11142643)->(636190585, -869945)
[    0.639556] registered taskstats version 1
[    0.639565] Loading compiled-in X.509 certificates
[    0.640153] Loaded X.509 cert 'Build time autogenerated kernel key: 6909f3744cebb3d0de528d5887b96a727de79b1e'
[    0.640172] zswap: loaded using pool lzo/zbud
[    0.640224] Key type ._fscrypt registered
[    0.640224] Key type .fscrypt registered
[    0.644699] Key type big_key registered
[    0.646904] Key type encrypted registered
[    0.646907] AppArmor: AppArmor sha1 policy hashing enabled
[    0.646915] ima: No TPM chip found, activating TPM-bypass!
[    0.646919] ima: Allocated hash algorithm: sha1
[    0.646924] ima: No architecture policies found
[    0.646933] evm: Initialising EVM extended attributes:
[    0.646933] evm: security.selinux
[    0.646934] evm: security.SMACK64
[    0.646934] evm: security.SMACK64EXEC
[    0.646935] evm: security.SMACK64TRANSMUTE
[    0.646935] evm: security.SMACK64MMAP
[    0.646936] evm: security.apparmor
[    0.646936] evm: security.ima
[    0.646937] evm: security.capability
[    0.646937] evm: HMAC attrs: 0x1
[    0.647232] PM:   Magic number: 10:170:323
[    0.647251] tty tty48: hash matches
[    0.647359] rtc_cmos rtc_cmos: setting system clock to 2026-01-13T09:18:29 UTC (1768295909)
[    0.804011] ata1.00: ATA-6: VBOX HARDDISK, 1.0, max UDMA/133
[    0.804014] ata1.00: 209715200 sectors, multi 128: LBA 
[    0.804636] scsi 0:0:0:0: Direct-Access     ATA      VBOX HARDDISK    1.0  PQ: 0 ANSI: 5
[    0.804924] sd 0:0:0:0: [sda] 209715200 512-byte logical blocks: (107 GB/100 GiB)
[    0.804935] sd 0:0:0:0: [sda] Write Protect is off
[    0.804938] sd 0:0:0:0: [sda] Mode Sense: 00 3a 00 00
[    0.804957] sd 0:0:0:0: [sda] Write cache: enabled, read cache: enabled, doesn't support DPO or FUA
[    0.805257] sd 0:0:0:0: Attached scsi generic sg0 type 0
[    0.806200]  sda: sda1 sda2
[    0.815474] sd 0:0:0:0: [sda] Attached SCSI disk
[    0.820713] Freeing unused decrypted memory: 2040K
[    0.822085] Freeing unused kernel image memory: 2728K
[    0.822089] Write protecting the kernel read-only data: 22528k
[    0.823582] Freeing unused kernel image memory: 2036K
[    0.824374] Freeing unused kernel image memory: 1432K
[    0.859848] x86/mm: Checked W+X mappings: passed, no W+X pages found.
[    0.859853] Run /init as init process
[    0.970984] ACPI: Video Device [GFX0] (multi-head: yes  rom: no  post: no)
[    0.971056] input: Video Bus as /devices/LNXSYSTM:00/LNXSYBUS:00/PNP0A03:00/LNXVIDEO:00/input/input4
[    0.982660] pcnet32: pcnet32.c:v1.35 21.Apr.2008 tsbogend@alpha.franken.de
[    0.984371] piix4_smbus 0000:00:07.0: SMBus Host Controller at 0x4100, revision 0
[    0.988359] pcnet32: PCnet/FAST III 79C973 at 0xd020, 08:00:27:d9:68:00 assigned IRQ 19
[    0.988403] pcnet32: Found PHY 0022:561b at address 0
[    0.988702] pcnet32: eth0: registered as PCnet/FAST III 79C973
[    0.991258] e1000: Intel(R) PRO/1000 Network Driver - version 7.3.21-k8-NAPI
[    0.991259] e1000: Copyright (c) 1999-2006 Intel Corporation.
[    1.001826] pcnet32: PCnet/FAST III 79C973 at 0xd060, 08:00:27:a9:e9:06 assigned IRQ 16
[    1.001871] pcnet32: Found PHY 0022:561b at address 0
[    1.002180] pcnet32: eth1: registered as PCnet/FAST III 79C973
[    1.002201] pcnet32: 2 cards_found
[    1.062974] pcnet32 0000:00:03.0 enp0s3: renamed from eth0
[    1.065436] pcnet32 0000:00:08.0 enp0s8: renamed from eth1
[    1.202564] input: ImExPS/2 Generic Explorer Mouse as /devices/platform/i8042/serio1/input/input5
[    1.399377] e1000 0000:00:09.0 eth0: (PCI:33MHz:32-bit) 08:00:27:59:ef:51
[    1.399381] e1000 0000:00:09.0 eth0: Intel(R) PRO/1000 Network Connection
[    1.400492] e1000 0000:00:09.0 enp0s9: renamed from eth0
[    1.546949] EXT4-fs (sda2): mounted filesystem with ordered data mode. Opts: (null)
[    1.637047] systemd[1]: Inserted module 'autofs4'
[    1.649682] systemd[1]: systemd 245.4-4ubuntu3 running in system mode. (+PAM +AUDIT +SELINUX +IMA +APPARMOR +SMACK +SYSVINIT +UTMP +LIBCRYPTSETUP +GCRYPT +GNUTLS +ACL +XZ +LZ4 +SECCOMP +BLKID +ELFUTILS +KMOD +IDN2 -IDN +PCRE2 default-hierarchy=hybrid)
[    1.649713] systemd[1]: Detected virtualization oracle.
[    1.649719] systemd[1]: Detected architecture x86-64.
[    1.651016] systemd[1]: Set hostname to <ztg>.
[    1.775419] systemd[1]: /lib/systemd/system/dbus.socket:5: ListenStream= references a path below legacy directory /var/run/, updating /var/run/dbus/system_bus_socket â†’ /run/dbus/system_bus_socket; please update the unit file accordingly.
[    1.829960] systemd[1]: Created slice system-modprobe.slice.
[    1.830143] systemd[1]: Created slice User and Session Slice.
[    1.830189] systemd[1]: Started Forward Password Requests to Wall Directory Watch.
[    1.830348] systemd[1]: Set up automount Arbitrary Executable File Formats File System Automount Point.
[    1.830379] systemd[1]: Reached target User and Group Name Lookups.
[    1.830388] systemd[1]: Reached target Remote File Systems.
[    1.830397] systemd[1]: Reached target Slices.
[    1.830962] systemd[1]: Listening on Syslog Socket.
[    1.831032] systemd[1]: Listening on fsck to fsckd communication Socket.
[    1.831070] systemd[1]: Listening on initctl Compatibility Named Pipe.
[    1.831251] systemd[1]: Listening on Journal Audit Socket.
[    1.831310] systemd[1]: Listening on Journal Socket (/dev/log).
[    1.831380] systemd[1]: Listening on Journal Socket.
[    1.831444] systemd[1]: Listening on udev Control Socket.
[    1.831482] systemd[1]: Listening on udev Kernel Socket.
[    1.832243] systemd[1]: Mounting Huge Pages File System...
[    1.833150] systemd[1]: Mounting POSIX Message Queue File System...
[    1.833999] systemd[1]: Mounting Kernel Debug File System...
[    1.834872] systemd[1]: Mounting Kernel Trace File System...
[    1.836807] systemd[1]: Starting Journal Service...
[    1.861322] systemd[1]: Starting Set the console keyboard layout...
[    1.869252] systemd[1]: Starting Create list of static device nodes for the current kernel...
[    1.871045] systemd[1]: Starting Load Kernel Module drm...
[    1.874329] systemd[1]: Condition check resulted in Set Up Additional Binary Formats being skipped.
[    1.874365] systemd[1]: Condition check resulted in File System Check on Root Device being skipped.
[    1.877394] systemd[1]: Starting Load Kernel Modules...
[    1.878126] systemd[1]: Starting Remount Root and Kernel File Systems...
[    1.878897] systemd[1]: Starting udev Coldplug all Devices...
[    1.907433] systemd[1]: Starting Uncomplicated firewall...
[    1.908961] systemd[1]: Mounted Huge Pages File System.
[    1.909062] systemd[1]: Mounted POSIX Message Queue File System.
[    1.909137] systemd[1]: Mounted Kernel Debug File System.
[    1.909205] systemd[1]: Mounted Kernel Trace File System.
[    1.916898] EXT4-fs (sda2): re-mounted. Opts: errors=remount-ro
[    1.938550] systemd[1]: Finished Create list of static device nodes for the current kernel.
[    1.961210] systemd[1]: Finished Remount Root and Kernel File Systems.
[    1.962266] systemd[1]: Finished Uncomplicated firewall.
[    1.962574] systemd[1]: modprobe@drm.service: Succeeded.
[    1.977978] systemd[1]: Finished Load Kernel Module drm.
[    1.978666] systemd[1]: Condition check resulted in Rebuild Hardware Database being skipped.
[    1.978712] systemd[1]: Condition check resulted in Platform Persistent Storage Archival being skipped.
[    1.979392] systemd[1]: Starting Load/Save Random Seed...
[    1.981237] lp: driver loaded but no devices found
[    1.987405] systemd[1]: Starting Create System Users...
[    1.997905] systemd[1]: Finished Load/Save Random Seed.
[    1.998941] ppdev: user-space parallel port driver
[    2.004759] systemd[1]: Finished Create System Users.
[    2.005465] systemd[1]: Starting Create Static Device Nodes in /dev...
[    2.034892] systemd[1]: Finished udev Coldplug all Devices.
[    2.040897] systemd[1]: Finished Create Static Device Nodes in /dev.
[    2.041706] systemd[1]: Starting udev Kernel Device Manager...
[    2.089025] [drm] DMA map mode: Caching DMA mappings.
[    2.089089] [drm] Capabilities:
[    2.089090] [drm]   Rect copy.
[    2.089090] [drm]   Cursor.
[    2.089090] [drm]   Cursor bypass.
[    2.089091] [drm]   Cursor bypass 2.
[    2.089091] [drm]   Alpha cursor.
[    2.089091] [drm]   Extended Fifo.
[    2.089092] [drm]   Pitchlock.
[    2.089092] [drm]   Irq mask.
[    2.089092] [drm]   GMR.
[    2.089093] [drm]   Traces.
[    2.089093] [drm]   GMR2.
[    2.089093] [drm]   Screen Object 2.
[    2.089094] [drm]   Command Buffers.
[    2.089094] [drm]   Command Buffers 2.
[    2.089094] [drm]   Guest Backed Resources.
[    2.089095] [drm] Max GMR ids is 8192
[    2.089096] [drm] Max number of GMR pages is 1048576
[    2.089096] [drm] Max dedicated hypervisor surface memory is 393216 kiB
[    2.089097] [drm] Maximum display memory size is 131072 kiB
[    2.089098] [drm] VRAM at 0xe0000000 size is 131072 kiB
[    2.089098] [drm] MMIO at 0xf0000000 size is 2048 kiB
[    2.089952] [TTM] Zone  kernel: Available graphics memory: 1011738 KiB
[    2.089953] [TTM] Initializing pool allocator
[    2.090053] [TTM] Initializing DMA pool allocator
[    2.090103] [drm] Supports vblank timestamp caching Rev 2 (21.10.2013).
[    2.090104] [drm] No driver support for vblank timestamp query.
[    2.090322] [drm] Screen Target Display device initialized
[    2.090535] [drm] width 720
[    2.090544] [drm] height 400
[    2.090547] [drm] bpp 32
[    2.091109] [drm] Fifo max 0x00200000 min 0x00001000 cap 0x00000355
[    2.093573] [drm] Using command buffers with DMA pool.
[    2.093577] [drm] DX: no.
[    2.093577] [drm] Atomic: yes.
[    2.093578] [drm] SM4_1: no.
[    2.093597] [drm:vmw_host_log [vmwgfx]] *ERROR* Failed to send host log message.
[    2.094490] [drm:vmw_host_log [vmwgfx]] *ERROR* Failed to send host log message.
[    2.122964] fbcon: svgadrmfb (fb0) is primary device
[    2.125002] Console: switching to colour frame buffer device 100x37
[    2.130477] [drm] Initialized vmwgfx 2.15.0 20180704 for 0000:00:02.0 on minor 0
[    2.132357] systemd[1]: Finished Load Kernel Modules.
[    2.133269] systemd[1]: Mounting FUSE Control File System...
[    2.134419] systemd[1]: Mounting Kernel Configuration File System...
[    2.151527] systemd[1]: Starting Apply Kernel Variables...
[    2.154952] systemd[1]: Finished Set the console keyboard layout.
[    2.155072] systemd[1]: Reached target Local File Systems (Pre).
[    2.160667] systemd[1]: Mounting Mount unit for bare, revision 5...
[    2.169463] systemd[1]: Mounting Mount unit for core18, revision 1705...
[    2.179584] systemd[1]: Mounting Mount unit for gnome-3-34-1804, revision 24...
[    2.192630] systemd[1]: Mounting Mount unit for gtk-common-themes, revision 1506...
[    2.201121] systemd[1]: Mounting Mount unit for gtk-common-themes, revision 1535...
[    2.208342] systemd[1]: Mounting Mount unit for snap-store, revision 433...
[    2.221390] systemd[1]: Mounting Mount unit for snapd, revision 7264...
[    2.238494] systemd[1]: Mounted FUSE Control File System.
[    2.238633] systemd[1]: Mounted Kernel Configuration File System.
[    2.243522] systemd[1]: Finished Apply Kernel Variables.
[    2.244508] systemd[1]: Mounted Mount unit for bare, revision 5.
[    2.244597] systemd[1]: Mounted Mount unit for gnome-3-34-1804, revision 24.
[    2.244662] systemd[1]: Condition check resulted in VMware vmblock fuse mount being skipped.
[    2.249574] systemd[1]: Mounted Mount unit for core18, revision 1705.
[    2.263058] systemd[1]: Started udev Kernel Device Manager.
[    2.266369] systemd[1]: Starting Show Plymouth Boot Screen...
[    2.269197] systemd[1]: Received SIGRTMIN+20 from PID 275 (plymouthd).
[    2.273243] systemd[1]: Mounted Mount unit for gtk-common-themes, revision 1506.
[    2.275022] systemd[1]: Mounted Mount unit for gtk-common-themes, revision 1535.
[    2.287165] systemd[1]: Started Show Plymouth Boot Screen.
[    2.287342] systemd[1]: Condition check resulted in Dispatch Password Requests to Console Directory Watch being skipped.
[    2.287424] systemd[1]: Started Forward Password Requests to Plymouth Directory Watch.
[    2.287511] systemd[1]: Reached target Local Encrypted Volumes.
[    2.322465] systemd[1]: Mounted Mount unit for snap-store, revision 433.
[    2.322704] systemd[1]: Mounted Mount unit for snapd, revision 7264.
[    2.322856] systemd[1]: Reached target Local File Systems.
[    2.325961] systemd[1]: Starting Load AppArmor profiles...
[    2.326838] systemd[1]: Starting Set console font and keymap...
[    2.339941] systemd[1]: Starting Tell Plymouth To Write Out Runtime Data...
[    2.341304] systemd[1]: Condition check resulted in Store a System Token in an EFI Variable being skipped.
[    2.341361] systemd[1]: Condition check resulted in Commit a transient machine-id on disk being skipped.
[    2.343768] systemd[1]: Finished Set console font and keymap.
[    2.352724] systemd[1]: Received SIGRTMIN+20 from PID 275 (plymouthd).
[    2.354091] systemd[1]: plymouth-read-write.service: Succeeded.
[    2.354335] systemd[1]: Finished Tell Plymouth To Write Out Runtime Data.
[    2.391763] audit: type=1400 audit(1768295911.240:2): apparmor="STATUS" operation="profile_load" profile="unconfined" name="nvidia_modprobe" pid=300 comm="apparmor_parser"
[    2.391765] audit: type=1400 audit(1768295911.240:3): apparmor="STATUS" operation="profile_load" profile="unconfined" name="nvidia_modprobe//kmod" pid=300 comm="apparmor_parser"
[    2.396650] audit: type=1400 audit(1768295911.244:4): apparmor="STATUS" operation="profile_load" profile="unconfined" name="/usr/sbin/tcpdump" pid=301 comm="apparmor_parser"
[    2.424441] audit: type=1400 audit(1768295911.264:5): apparmor="STATUS" operation="profile_load" profile="unconfined" name="/usr/bin/evince" pid=303 comm="apparmor_parser"
[    2.424442] audit: type=1400 audit(1768295911.264:6): apparmor="STATUS" operation="profile_load" profile="unconfined" name="/usr/bin/evince//sanitized_helper" pid=303 comm="apparmor_parser"
[    2.424444] audit: type=1400 audit(1768295911.264:7): apparmor="STATUS" operation="profile_load" profile="unconfined" name="/usr/bin/evince-previewer" pid=303 comm="apparmor_parser"
[    2.424446] audit: type=1400 audit(1768295911.264:8): apparmor="STATUS" operation="profile_load" profile="unconfined" name="/usr/bin/evince-previewer//sanitized_helper" pid=303 comm="apparmor_parser"
[    2.424448] audit: type=1400 audit(1768295911.264:9): apparmor="STATUS" operation="profile_load" profile="unconfined" name="/usr/bin/evince-thumbnailer" pid=303 comm="apparmor_parser"
[    2.465370] audit: type=1400 audit(1768295911.312:10): apparmor="STATUS" operation="profile_load" profile="unconfined" name="/usr/lib/cups/backend/cups-pdf" pid=304 comm="apparmor_parser"
[    2.527050] systemd[1]: Finished Load AppArmor profiles.
[    2.527985] systemd[1]: Starting Load AppArmor profiles managed internally by snapd...
[    2.593302] systemd[1]: Finished Load AppArmor profiles managed internally by snapd.
[    2.814727] systemd[1]: Started Journal Service.
[    2.821628] systemd-journald[229]: Received client request to flush runtime journal.
[    2.826599] systemd-journald[229]: File /var/log/journal/c455b248004a419c87ce85eea238d727/system.journal corrupted or uncleanly shut down, renaming and replacing.
[    4.073122] RAPL PMU: API unit is 2^-32 Joules, 0 fixed counters, 10737418240 ms ovfl timer
[    4.104801] cryptd: max_cpu_qlen set to 1000
[    4.237398] AVX2 version of gcm_enc/dec engaged.
[    4.237399] AES CTR mode by8 optimization enabled
[    5.014539] Adding 1998844k swap on /dev/sda1.  Priority:-2 extents:1 across:1998844k FS
[    5.877844] kauditd_printk_skb: 30 callbacks suppressed
[    5.877845] audit: type=1400 audit(1768295914.724:41): apparmor="DENIED" operation="capable" profile="/usr/sbin/cups-browsed" pid=498 comm="cups-browsed" capability=23  capname="sys_nice"
[    7.050500] pcnet32 0000:00:03.0 enp0s3: link up, 100Mbps, full-duplex
[    7.064484] pcnet32 0000:00:08.0 enp0s8: link up, 100Mbps, full-duplex
[    7.092497] e1000: enp0s9 NIC Link is Up 1000 Mbps Full Duplex, Flow Control: RX
[    7.092786] IPv6: ADDRCONF(NETDEV_CHANGE): enp0s9: link becomes ready
[    7.519076] device enp0s3 entered promiscuous mode
[    7.525097] device enp0s8 entered promiscuous mode
[    7.567572] audit: type=1400 audit(1768295916.416:42): apparmor="DENIED" operation="open" profile="/usr/sbin/tcpdump" name="/proc/sys/kernel/random/boot_id" pid=630 comm="tcpdump" requested_mask="r" denied_mask="r" fsuid=0 ouid=0
[    7.567770] audit: type=1400 audit(1768295916.416:43): apparmor="DENIED" operation="open" profile="/usr/sbin/tcpdump" name="/proc/sys/kernel/random/boot_id" pid=630 comm="tcpdump" requested_mask="r" denied_mask="r" fsuid=0 ouid=0
[    7.567894] audit: type=1400 audit(1768295916.416:44): apparmor="DENIED" operation="open" profile="/usr/sbin/tcpdump" name="/proc/sys/kernel/random/boot_id" pid=630 comm="tcpdump" requested_mask="r" denied_mask="r" fsuid=0 ouid=0
[    7.567949] audit: type=1400 audit(1768295916.416:45): apparmor="DENIED" operation="open" profile="/usr/sbin/tcpdump" name="/proc/sys/kernel/random/boot_id" pid=630 comm="tcpdump" requested_mask="r" denied_mask="r" fsuid=0 ouid=0
[    7.571846] audit: type=1400 audit(1768295916.416:46): apparmor="DENIED" operation="open" profile="/usr/sbin/tcpdump" name="/proc/sys/kernel/random/boot_id" pid=631 comm="tcpdump" requested_mask="r" denied_mask="r" fsuid=0 ouid=0
[    7.571981] audit: type=1400 audit(1768295916.416:47): apparmor="DENIED" operation="open" profile="/usr/sbin/tcpdump" name="/proc/sys/kernel/random/boot_id" pid=632 comm="tcpdump" requested_mask="r" denied_mask="r" fsuid=0 ouid=0
[    7.572144] audit: type=1400 audit(1768295916.416:48): apparmor="DENIED" operation="open" profile="/usr/sbin/tcpdump" name="/proc/sys/kernel/random/boot_id" pid=631 comm="tcpdump" requested_mask="r" denied_mask="r" fsuid=0 ouid=0
[    7.572581] audit: type=1400 audit(1768295916.424:49): apparmor="DENIED" operation="open" profile="/usr/sbin/tcpdump" name="/proc/sys/kernel/random/boot_id" pid=631 comm="tcpdump" requested_mask="r" denied_mask="r" fsuid=0 ouid=0
[    7.572637] audit: type=1400 audit(1768295916.424:50): apparmor="DENIED" operation="open" profile="/usr/sbin/tcpdump" name="/proc/sys/kernel/random/boot_id" pid=632 comm="tcpdump" requested_mask="r" denied_mask="r" fsuid=0 ouid=0
[   12.061501] rfkill: input handler disabled
[  277.705429] AAAAA-TCP_FORW: name:enp0s8: saddr:100932208: daddr:16783984
[  278.231181] AAAAA-TCP_FORW: name:enp0s8: saddr:100932208: daddr:16783984
[  278.232152] AAAAA-TCP_FORW: name:enp0s3: saddr:16783984: daddr:100932208
[  278.796477] AAAAA-TCP_FORW: name:enp0s8: saddr:100932208: daddr:16783984
[  278.797321] AAAAA-TCP_FORW: name:enp0s3: saddr:16783984: daddr:100932208
[  278.851864] AAAAA-TCP_FORW: name:enp0s8: saddr:100932208: daddr:16783984
[  278.852672] AAAAA-TCP_FORW: name:enp0s3: saddr:16783984: daddr:100932208
[  278.852762] AAAAA-TCP_FORW: name:enp0s3: saddr:16783984: daddr:100932208
[  279.087117] AAAAA-TCP_FORW: name:enp0s3: saddr:33561200: daddr:100932208
[  279.373900] AAAAA-TCP_FORW: name:enp0s3: saddr:16783984: daddr:100932208
[  279.493820] AAAAA-TCP_FORW: name:enp0s3: saddr:33561200: daddr:100932208
[  279.630694] AAAAA-TCP_FORW: name:enp0s3: saddr:16783984: daddr:100932208
[  279.824097] AAAAA-TCP_FORW: name:enp0s3: saddr:16783984: daddr:100932208
[  279.824134] AAAAA-TCP_FORW: name:enp0s3: saddr:33561200: daddr:100932208
[  280.017477] AAAAA-TCP_FORW: name:enp0s3: saddr:33561200: daddr:100932208
[  280.411524] AAAAA-TCP_FORW: name:enp0s3: saddr:16783984: daddr:100932208
[  280.603969] AAAAA-TCP_FORW: name:enp0s3: saddr:16783984: daddr:100932208
[  280.727843] AAAAA-TCP_FORW: name:enp0s3: saddr:16783984: daddr:100932208
[  280.729019] AAAAA-TCP_FORW: name:enp0s3: saddr:33561200: daddr:100932208
[  280.858147] AAAAA-TCP_FORW: name:enp0s3: saddr:33561200: daddr:100932208
[  280.970296] AAAAA-TCP_FORW: name:enp0s3: saddr:33561200: daddr:100932208
[  281.040603] AAAAA-TCP_FORW: name:enp0s3: saddr:33561200: daddr:100932208
[  281.205121] AAAAA-TCP_FORW: name:enp0s3: saddr:16783984: daddr:100932208
[  281.339381] AAAAA-TCP_FORW: name:enp0s3: saddr:16783984: daddr:100932208
[  353.519175] AAAAA-TCP_FORW: name:enp0s3: saddr:16783984: daddr:100932208
[  353.621145] AAAAA-TCP_FORW: name:enp0s3: saddr:16783984: daddr:100932208
[  353.749918] AAAAA-TCP_FORW: name:enp0s3: saddr:16783984: daddr:100932208
[  353.976849] AAAAA-TCP_FORW: name:enp0s3: saddr:16783984: daddr:100932208
[  354.062961] AAAAA-TCP_FORW: name:enp0s3: saddr:16783984: daddr:100932208
[  354.161502] AAAAA-TCP_FORW: name:enp0s3: saddr:16783984: daddr:100932208
[  354.293300] AAAAA-TCP_FORW: name:enp0s3: saddr:16783984: daddr:100932208
[  354.323489] AAAAA-TCP_FORW: name:enp0s3: saddr:33561200: daddr:100932208
[  354.383951] AAAAA-TCP_FORW: name:enp0s3: saddr:33561200: daddr:100932208
[  354.470963] AAAAA-TCP_FORW: name:enp0s3: saddr:33561200: daddr:100932208
[  354.554151] AAAAA-TCP_FORW: name:enp0s3: saddr:33561200: daddr:100932208
[  354.693417] AAAAA-TCP_FORW: name:enp0s3: saddr:33561200: daddr:100932208
[  354.789165] AAAAA-TCP_FORW: name:enp0s3: saddr:33561200: daddr:100932208
[  354.886395] AAAAA-TCP_FORW: name:enp0s3: saddr:33561200: daddr:100932208
[  355.016570] AAAAA-TCP_FORW: name:enp0s3: saddr:33561200: daddr:100932208
[  355.152813] AAAAA-TCP_FORW: name:enp0s3: saddr:33561200: daddr:100932208
[  355.256713] AAAAA-TCP_FORW: name:enp0s3: saddr:33561200: daddr:100932208
[  355.349115] AAAAA-TCP_FORW: name:enp0s3: saddr:33561200: daddr:100932208
[  355.418144] AAAAA-TCP_FORW: name:enp0s3: saddr:33561200: daddr:100932208
[  355.486733] AAAAA-TCP_FORW: name:enp0s3: saddr:33561200: daddr:100932208
[  355.566490] AAAAA-TCP_FORW: name:enp0s3: saddr:33561200: daddr:100932208
[  355.621699] AAAAA-TCP_FORW: name:enp0s3: saddr:33561200: daddr:100932208
[  355.695293] AAAAA-TCP_FORW: name:enp0s3: saddr:33561200: daddr:100932208
[  355.825582] AAAAA-TCP_FORW: name:enp0s3: saddr:33561200: daddr:100932208
[  355.905079] AAAAA-TCP_FORW: name:enp0s3: saddr:16783984: daddr:100932208
[  355.929512] AAAAA-TCP_FORW: name:enp0s3: saddr:33561200: daddr:100932208
[  355.979617] AAAAA-TCP_FORW: name:enp0s3: saddr:16783984: daddr:100932208
[  356.045859] AAAAA-TCP_FORW: name:enp0s3: saddr:16783984: daddr:100932208
[  356.154437] AAAAA-TCP_FORW: name:enp0s3: saddr:16783984: daddr:100932208
[  356.219953] AAAAA-TCP_FORW: name:enp0s3: saddr:16783984: daddr:100932208
[  356.304771] AAAAA-TCP_FORW: name:enp0s3: saddr:16783984: daddr:100932208
[  356.398513] AAAAA-TCP_FORW: name:enp0s3: saddr:16783984: daddr:100932208
[  356.497108] AAAAA-TCP_FORW: name:enp0s3: saddr:16783984: daddr:100932208
[  356.568567] AAAAA-TCP_FORW: name:enp0s3: saddr:16783984: daddr:100932208
[  356.641162] AAAAA-TCP_FORW: name:enp0s3: saddr:16783984: daddr:100932208
[  356.713604] AAAAA-TCP_FORW: name:enp0s3: saddr:33561200: daddr:100932208
[  356.739227] AAAAA-TCP_FORW: name:enp0s3: saddr:33561200: daddr:100932208
[  356.834382] AAAAA-TCP_FORW: name:enp0s3: saddr:33561200: daddr:100932208
[  356.912649] AAAAA-TCP_FORW: name:enp0s3: saddr:33561200: daddr:100932208
[  356.943103] AAAAA-TCP_FORW: name:enp0s3: saddr:33561200: daddr:100932208
[  357.026612] AAAAA-TCP_FORW: name:enp0s3: saddr:33561200: daddr:100932208
[  357.054639] AAAAA-TCP_FORW: name:enp0s3: saddr:33561200: daddr:100932208
[  357.100964] AAAAA-TCP_FORW: name:enp0s3: saddr:33561200: daddr:100932208
[  357.215243] AAAAA-TCP_FORW: name:enp0s3: saddr:16783984: daddr:100932208
[  357.318998] AAAAA-TCP_FORW: name:enp0s3: saddr:16783984: daddr:100932208
[  357.380273] AAAAA-TCP_FORW: name:enp0s3: saddr:16783984: daddr:100932208
[  357.444075] AAAAA-TCP_FORW: name:enp0s3: saddr:33561200: daddr:100932208
[  357.515303] AAAAA-TCP_FORW: name:enp0s3: saddr:33561200: daddr:100932208
[  357.601730] AAAAA-TCP_FORW: name:enp0s3: saddr:33561200: daddr:100932208
[  357.662222] AAAAA-TCP_FORW: name:enp0s3: saddr:33561200: daddr:100932208
[  357.758435] AAAAA-TCP_FORW: name:enp0s3: saddr:33561200: daddr:100932208
[  357.843183] AAAAA-TCP_FORW: name:enp0s3: saddr:33561200: daddr:100932208
[  357.892150] AAAAA-TCP_FORW: name:enp0s3: saddr:16783984: daddr:100932208
[  357.947537] AAAAA-TCP_FORW: name:enp0s3: saddr:16783984: daddr:100932208
[  358.059422] AAAAA-TCP_FORW: name:enp0s3: saddr:16783984: daddr:100932208
[  358.217464] AAAAA-TCP_FORW: name:enp0s3: saddr:16783984: daddr:100932208
[  358.295881] AAAAA-TCP_FORW: name:enp0s3: saddr:16783984: daddr:100932208
[  358.383159] AAAAA-TCP_FORW: name:enp0s3: saddr:16783984: daddr:100932208
[  358.443281] AAAAA-TCP_FORW: name:enp0s3: saddr:16783984: daddr:100932208
[  358.507000] AAAAA-TCP_FORW: name:enp0s3: saddr:16783984: daddr:100932208
[  358.558097] AAAAA-TCP_FORW: name:enp0s3: saddr:16783984: daddr:100932208
[  358.682058] AAAAA-TCP_FORW: name:enp0s3: saddr:16783984: daddr:100932208
[  358.782313] AAAAA-TCP_FORW: name:enp0s3: saddr:16783984: daddr:100932208
[  358.860113] AAAAA-TCP_FORW: name:enp0s3: saddr:16783984: daddr:100932208
[  358.952255] AAAAA-TCP_FORW: name:enp0s3: saddr:16783984: daddr:100932208
[  358.984536] AAAAA-TCP_FORW: name:enp0s3: saddr:33561200: daddr:100932208
[  359.041718] AAAAA-TCP_FORW: name:enp0s3: saddr:33561200: daddr:100932208
[  359.125059] AAAAA-TCP_FORW: name:enp0s3: saddr:33561200: daddr:100932208
[  359.225455] AAAAA-TCP_FORW: name:enp0s3: saddr:16783984: daddr:100932208
[  359.314375] AAAAA-TCP_FORW: name:enp0s3: saddr:16783984: daddr:100932208
[  359.398748] AAAAA-TCP_FORW: name:enp0s3: saddr:16783984: daddr:100932208
[  359.450375] AAAAA-TCP_FORW: name:enp0s3: saddr:16783984: daddr:100932208
[  359.565610] AAAAA-TCP_FORW: name:enp0s3: saddr:33561200: daddr:100932208
[  410.046884] AAAAA-TCP_FORW: name:enp0s3: saddr:33561200: daddr:100932208
[  410.150932] AAAAA-TCP_FORW: name:enp0s3: saddr:33561200: daddr:100932208
[  410.296458] AAAAA-TCP_FORW: name:enp0s3: saddr:33561200: daddr:100932208
[  410.435041] AAAAA-TCP_FORW: name:enp0s3: saddr:33561200: daddr:100932208
[  410.518874] AAAAA-TCP_FORW: name:enp0s3: saddr:33561200: daddr:100932208
[  410.632311] AAAAA-TCP_FORW: name:enp0s3: saddr:33561200: daddr:100932208
[  410.793193] AAAAA-TCP_FORW: name:enp0s3: saddr:16783984: daddr:100932208
[  410.919515] AAAAA-TCP_FORW: name:enp0s3: saddr:16783984: daddr:100932208
[  411.016330] AAAAA-TCP_FORW: name:enp0s3: saddr:16783984: daddr:100932208
[  411.113461] AAAAA-TCP_FORW: name:enp0s3: saddr:16783984: daddr:100932208
[  411.209526] AAAAA-TCP_FORW: name:enp0s3: saddr:16783984: daddr:100932208
[  411.274071] AAAAA-TCP_FORW: name:enp0s3: saddr:16783984: daddr:100932208
[  411.375736] AAAAA-TCP_FORW: name:enp0s3: saddr:16783984: daddr:100932208
[  411.479249] AAAAA-TCP_FORW: name:enp0s3: saddr:33561200: daddr:100932208
[  411.567343] AAAAA-TCP_FORW: name:enp0s3: saddr:33561200: daddr:100932208
[  411.640449] AAAAA-TCP_FORW: name:enp0s3: saddr:33561200: daddr:100932208
[  411.768434] AAAAA-TCP_FORW: name:enp0s3: saddr:33561200: daddr:100932208
[  411.815540] AAAAA-TCP_FORW: name:enp0s3: saddr:33561200: daddr:100932208
[  411.901870] AAAAA-TCP_FORW: name:enp0s3: saddr:16783984: daddr:100932208
[  411.985306] AAAAA-TCP_FORW: name:enp0s3: saddr:16783984: daddr:100932208
[  412.090778] AAAAA-TCP_FORW: name:enp0s3: saddr:16783984: daddr:100932208
[  412.188877] AAAAA-TCP_FORW: name:enp0s3: saddr:16783984: daddr:100932208
[  412.272761] AAAAA-TCP_FORW: name:enp0s3: saddr:33561200: daddr:100932208
[  412.343713] AAAAA-TCP_FORW: name:enp0s3: saddr:33561200: daddr:100932208
[  412.431440] AAAAA-TCP_FORW: name:enp0s3: saddr:33561200: daddr:100932208
[  412.525024] AAAAA-TCP_FORW: name:enp0s3: saddr:16783984: daddr:100932208
[  412.591836] AAAAA-TCP_FORW: name:enp0s3: saddr:16783984: daddr:100932208
[  412.698928] AAAAA-TCP_FORW: name:enp0s3: saddr:33561200: daddr:100932208
[  412.699089] AAAAA-TCP_FORW: name:enp0s3: saddr:33561200: daddr:100932208
[  412.699483] AAAAA-TCP_FORW: name:enp0s3: saddr:33561200: daddr:100932208
[  412.808391] AAAAA-TCP_FORW: name:enp0s3: saddr:16783984: daddr:100932208
[  412.875517] AAAAA-TCP_FORW: name:enp0s3: saddr:16783984: daddr:100932208
[  412.875559] AAAAA-TCP_FORW: name:enp0s3: saddr:33561200: daddr:100932208
[  413.037900] AAAAA-TCP_FORW: name:enp0s3: saddr:16783984: daddr:100932208
[  413.351990] AAAAA-TCP_FORW: name:enp0s3: saddr:16783984: daddr:100932208
[  413.433179] AAAAA-TCP_FORW: name:enp0s3: saddr:33561200: daddr:100932208
[  413.541405] AAAAA-TCP_FORW: name:enp0s3: saddr:16783984: daddr:100932208
[  413.666440] AAAAA-TCP_FORW: name:enp0s3: saddr:33561200: daddr:100932208
[  414.554543] AAAAA-TCP_FORW: name:enp0s3: saddr:33561200: daddr:100932208
[  414.841356] AAAAA-TCP_FORW: name:enp0s3: saddr:33561200: daddr:100932208
[  414.841402] AAAAA-TCP_FORW: name:enp0s3: saddr:16783984: daddr:100932208
[  415.760626] AAAAA-TCP_FORW: name:enp0s3: saddr:33561200: daddr:100932208
[  587.795161] rfkill: input handler enabled
[  597.282780] rfkill: input handler disabled
[  846.101325] device enp0s3 left promiscuous mode
[  846.102805] device enp0s8 left promiscuous mode
