[    0.000000] Linux version 5.4.243-mptcp (root@ztg) (gcc version 12.2.0 (Debian 12.2.0-14+deb12u1)) #53 SMP Wed Dec 24 23:28:15 CST 2025
[    0.000000] Command line: BOOT_IMAGE=/boot/vmlinuz-5.4.243-mptcp root=UUID=98415a12-53b7-4144-8265-0f7ece09e445 ro quiet splash
[    0.000000] KERNEL supported cpus:
[    0.000000]   Intel GenuineIntel
[    0.000000]   AMD AuthenticAMD
[    0.000000]   Hygon HygonGenuine
[    0.000000]   Centaur CentaurHauls
[    0.000000]   zhaoxin   Shanghai  
[    0.000000] x86/fpu: Supporting XSAVE feature 0x001: 'x87 floating point registers'
[    0.000000] x86/fpu: Supporting XSAVE feature 0x002: 'SSE registers'
[    0.000000] x86/fpu: Supporting XSAVE feature 0x004: 'AVX registers'
[    0.000000] x86/fpu: xstate_offset[2]:  576, xstate_sizes[2]:  256
[    0.000000] x86/fpu: Enabled xstate features 0x7, context size is 832 bytes, using 'standard' format.
[    0.000000] BIOS-provided physical RAM map:
[    0.000000] BIOS-e820: [mem 0x0000000000000000-0x000000000009fbff] usable
[    0.000000] BIOS-e820: [mem 0x000000000009fc00-0x000000000009ffff] reserved
[    0.000000] BIOS-e820: [mem 0x00000000000f0000-0x00000000000fffff] reserved
[    0.000000] BIOS-e820: [mem 0x0000000000100000-0x000000007ffeffff] usable
[    0.000000] BIOS-e820: [mem 0x000000007fff0000-0x000000007fffffff] ACPI data
[    0.000000] BIOS-e820: [mem 0x00000000fec00000-0x00000000fec00fff] reserved
[    0.000000] BIOS-e820: [mem 0x00000000fee00000-0x00000000fee00fff] reserved
[    0.000000] BIOS-e820: [mem 0x00000000fffc0000-0x00000000ffffffff] reserved
[    0.000000] NX (Execute Disable) protection: active
[    0.000000] SMBIOS 2.5 present.
[    0.000000] DMI: innotek GmbH VirtualBox/VirtualBox, BIOS VirtualBox 12/01/2006
[    0.000000] Hypervisor detected: KVM
[    0.000000] kvm-clock: Using msrs 4b564d01 and 4b564d00
[    0.000000] kvm-clock: cpu 0, msr 2d401001, primary cpu clock
[    0.000000] kvm-clock: using sched offset of 4583534238 cycles
[    0.000004] clocksource: kvm-clock: mask: 0xffffffffffffffff max_cycles: 0x1cd42e4dffb, max_idle_ns: 881590591483 ns
[    0.000007] tsc: Detected 2100.000 MHz processor
[    0.002058] e820: update [mem 0x00000000-0x00000fff] usable ==> reserved
[    0.002060] e820: remove [mem 0x000a0000-0x000fffff] usable
[    0.002064] last_pfn = 0x7fff0 max_arch_pfn = 0x400000000
[    0.002135] MTRR default type: uncachable
[    0.002136] MTRR fixed ranges enabled:
[    0.002137]   00000-9FFFF write-back
[    0.002138]   A0000-BFFFF uncachable
[    0.002139]   C0000-FFFFF write-protect
[    0.002139] MTRR variable ranges enabled:
[    0.002141]   0 base 000000000000 mask 3FFF80000000 write-back
[    0.002141]   1 disabled
[    0.002142]   2 disabled
[    0.002142]   3 disabled
[    0.002143]   4 disabled
[    0.002143]   5 disabled
[    0.002144]   6 disabled
[    0.002144]   7 disabled
[    0.002144]   8 disabled
[    0.002145]   9 disabled
[    0.002145]   10 disabled
[    0.002146]   11 disabled
[    0.002146]   12 disabled
[    0.002147]   13 disabled
[    0.002147]   14 disabled
[    0.002147]   15 disabled
[    0.002167] x86/PAT: Configuration [0-7]: WB  WC  UC- UC  WB  WP  UC- WT  
[    0.002327] found SMP MP-table at [mem 0x0009fff0-0x0009ffff]
[    0.113462] check: Scanning 1 areas for low memory corruption
[    0.113630] RAMDISK: [mem 0x32271000-0x3512ffff]
[    0.113639] ACPI: Early table checksum verification disabled
[    0.113647] ACPI: RSDP 0x00000000000E0000 000024 (v02 VBOX  )
[    0.113652] ACPI: XSDT 0x000000007FFF0030 00003C (v01 VBOX   VBOXXSDT 00000001 ASL  00000061)
[    0.113660] ACPI: FACP 0x000000007FFF00F0 0000F4 (v04 VBOX   VBOXFACP 00000001 ASL  00000061)
[    0.113668] ACPI: DSDT 0x000000007FFF02E0 002353 (v02 VBOX   VBOXBIOS 00000002 VBOX 00029BF3)
[    0.113673] ACPI: FACS 0x000000007FFF0200 000040
[    0.113677] ACPI: FACS 0x000000007FFF0200 000040
[    0.113681] ACPI: APIC 0x000000007FFF0240 000054 (v02 VBOX   VBOXAPIC 00000001 ASL  00000061)
[    0.113685] ACPI: SSDT 0x000000007FFF02A0 000038 (v01 VBOX   VBOXCPUT 00000002 VBOX 00029BF3)
[    0.113689] ACPI: Reserving FACP table memory at [mem 0x7fff00f0-0x7fff01e3]
[    0.113690] ACPI: Reserving DSDT table memory at [mem 0x7fff02e0-0x7fff2632]
[    0.113690] ACPI: Reserving FACS table memory at [mem 0x7fff0200-0x7fff023f]
[    0.113691] ACPI: Reserving FACS table memory at [mem 0x7fff0200-0x7fff023f]
[    0.113692] ACPI: Reserving APIC table memory at [mem 0x7fff0240-0x7fff0293]
[    0.113693] ACPI: Reserving SSDT table memory at [mem 0x7fff02a0-0x7fff02d7]
[    0.113710] ACPI: Local APIC address 0xfee00000
[    0.113930] No NUMA configuration found
[    0.113931] Faking a node at [mem 0x0000000000000000-0x000000007ffeffff]
[    0.113942] NODE_DATA(0) allocated [mem 0x7ffc5000-0x7ffeffff]
[    0.114232] Zone ranges:
[    0.114233]   DMA      [mem 0x0000000000001000-0x0000000000ffffff]
[    0.114234]   DMA32    [mem 0x0000000001000000-0x000000007ffeffff]
[    0.114235]   Normal   empty
[    0.114236]   Device   empty
[    0.114237] Movable zone start for each node
[    0.114239] Early memory node ranges
[    0.114240]   node   0: [mem 0x0000000000001000-0x000000000009efff]
[    0.114240]   node   0: [mem 0x0000000000100000-0x000000007ffeffff]
[    0.114245] Zeroed struct page in unavailable ranges: 114 pages
[    0.114246] Initmem setup node 0 [mem 0x0000000000001000-0x000000007ffeffff]
[    0.114247] On node 0 totalpages: 524174
[    0.114249]   DMA zone: 64 pages used for memmap
[    0.114249]   DMA zone: 21 pages reserved
[    0.114250]   DMA zone: 3998 pages, LIFO batch:0
[    0.114328]   DMA32 zone: 8128 pages used for memmap
[    0.114328]   DMA32 zone: 520176 pages, LIFO batch:63
[    0.124126] ACPI: PM-Timer IO Port: 0x4008
[    0.124130] ACPI: Local APIC address 0xfee00000
[    0.124203] IOAPIC[0]: apic_id 1, version 32, address 0xfec00000, GSI 0-23
[    0.124207] ACPI: INT_SRC_OVR (bus 0 bus_irq 0 global_irq 2 dfl dfl)
[    0.124209] ACPI: INT_SRC_OVR (bus 0 bus_irq 9 global_irq 9 low level)
[    0.124212] ACPI: IRQ0 used by override.
[    0.124213] ACPI: IRQ9 used by override.
[    0.124216] Using ACPI (MADT) for SMP configuration information
[    0.124225] smpboot: Allowing 1 CPUs, 0 hotplug CPUs
[    0.124252] PM: Registered nosave memory: [mem 0x00000000-0x00000fff]
[    0.124253] PM: Registered nosave memory: [mem 0x0009f000-0x0009ffff]
[    0.124254] PM: Registered nosave memory: [mem 0x000a0000-0x000effff]
[    0.124254] PM: Registered nosave memory: [mem 0x000f0000-0x000fffff]
[    0.124256] [mem 0x80000000-0xfebfffff] available for PCI devices
[    0.124257] Booting paravirtualized kernel on KVM
[    0.124261] clocksource: refined-jiffies: mask: 0xffffffff max_cycles: 0xffffffff, max_idle_ns: 7645519600211568 ns
[    0.124266] setup_percpu: NR_CPUS:8192 nr_cpumask_bits:1 nr_cpu_ids:1 nr_node_ids:1
[    0.125929] percpu: Embedded 60 pages/cpu s208896 r8192 d28672 u2097152
[    0.125934] pcpu-alloc: s208896 r8192 d28672 u2097152 alloc=1*2097152
[    0.125935] pcpu-alloc: [0] 0 
[    0.125964] Built 1 zonelists, mobility grouping on.  Total pages: 515961
[    0.125965] Policy zone: DMA32
[    0.125967] Kernel command line: BOOT_IMAGE=/boot/vmlinuz-5.4.243-mptcp root=UUID=98415a12-53b7-4144-8265-0f7ece09e445 ro quiet splash
[    0.127193] Dentry cache hash table entries: 262144 (order: 9, 2097152 bytes, linear)
[    0.127460] Inode-cache hash table entries: 131072 (order: 8, 1048576 bytes, linear)
[    0.127519] mem auto-init: stack:off, heap alloc:on, heap free:off
[    0.127522] Calgary: detecting Calgary via BIOS EBDA area
[    0.127523] Calgary: Unable to locate Rio Grande table in EBDA - bailing!
[    0.132843] Memory: 1967332K/2096696K available (14339K kernel code, 2398K rwdata, 4712K rodata, 2728K init, 17260K bss, 129364K reserved, 0K cma-reserved)
[    0.134176] SLUB: HWalign=64, Order=0-3, MinObjects=0, CPUs=1, Nodes=1
[    0.134195] ftrace: allocating 43186 entries in 169 pages
[    0.154538] rcu: Hierarchical RCU implementation.
[    0.154540] rcu: 	RCU restricting CPUs from NR_CPUS=8192 to nr_cpu_ids=1.
[    0.154541] 	Tasks RCU enabled.
[    0.154543] rcu: RCU calculated value of scheduler-enlistment delay is 25 jiffies.
[    0.154544] rcu: Adjusting geometry for rcu_fanout_leaf=16, nr_cpu_ids=1
[    0.157605] NR_IRQS: 524544, nr_irqs: 256, preallocated irqs: 16
[    0.157828] random: crng init done
[    0.167108] Console: colour VGA+ 80x25
[    0.167114] printk: console [tty0] enabled
[    0.167138] ACPI: Core revision 20190816
[    0.167246] APIC: Switch to symmetric I/O mode setup
[    0.167496] x2apic enabled
[    0.167732] Switched APIC routing to physical x2apic.
[    0.168850] ..TIMER: vector=0x30 apic1=0 pin1=2 apic2=-1 pin2=-1
[    0.168876] clocksource: tsc-early: mask: 0xffffffffffffffff max_cycles: 0x1e4530a99b6, max_idle_ns: 440795257976 ns
[    0.168882] Calibrating delay loop (skipped) preset value.. 4200.00 BogoMIPS (lpj=8400000)
[    0.168885] pid_max: default: 32768 minimum: 301
[    0.168916] LSM: Security Framework initializing
[    0.168927] Yama: becoming mindful.
[    0.168958] AppArmor: AppArmor initialized
[    0.168998] Mount-cache hash table entries: 4096 (order: 3, 32768 bytes, linear)
[    0.169004] Mountpoint-cache hash table entries: 4096 (order: 3, 32768 bytes, linear)
[    0.169017] *** VALIDATE tmpfs ***
[    0.169167] *** VALIDATE proc ***
[    0.169217] *** VALIDATE cgroup1 ***
[    0.169219] *** VALIDATE cgroup2 ***
[    0.169373] process: using mwait in idle threads
[    0.169378] Last level iTLB entries: 4KB 64, 2MB 8, 4MB 8
[    0.169379] Last level dTLB entries: 4KB 64, 2MB 0, 4MB 0, 1GB 4
[    0.169403] Spectre V1 : Mitigation: usercopy/swapgs barriers and __user pointer sanitization
[    0.169409] Spectre V2 : Mitigation: Retpolines
[    0.169410] Spectre V2 : Spectre v2 / SpectreRSB mitigation: Filling RSB on context switch
[    0.169410] Spectre V2 : Spectre v2 / SpectreRSB : Filling RSB on VMEXIT
[    0.169411] RETBleed: WARNING: Spectre v2 mitigation leaves CPU vulnerable to RETBleed attacks, data leaks possible!
[    0.169775] RETBleed: Vulnerable
[    0.169775] Speculative Store Bypass: Vulnerable
[    0.169781] TAA: Mitigation: TSX disabled
[    0.169781] MMIO Stale Data: Mitigation: Clear CPU buffers
[    0.174471] Freeing SMP alternatives memory: 40K
[    0.286784] smpboot: CPU0: Intel(R) Xeon(R) Silver 4216 CPU @ 2.10GHz (family: 0x6, model: 0x55, stepping: 0x7)
[    0.286963] Performance Events: unsupported p6 CPU model 85 no PMU driver, software events only.
[    0.287012] rcu: Hierarchical SRCU implementation.
[    0.287666] NMI watchdog: Perf NMI watchdog permanently disabled
[    0.287727] smp: Bringing up secondary CPUs ...
[    0.287729] smp: Brought up 1 node, 1 CPU
[    0.287730] smpboot: Max logical packages: 1
[    0.287731] smpboot: Total of 1 processors activated (4200.00 BogoMIPS)
[    0.288878] devtmpfs: initialized
[    0.288878] x86/mm: Memory block size: 128MB
[    0.288878] clocksource: jiffies: mask: 0xffffffff max_cycles: 0xffffffff, max_idle_ns: 7645041785100000 ns
[    0.288878] futex hash table entries: 256 (order: 2, 16384 bytes, linear)
[    0.288878] pinctrl core: initialized pinctrl subsystem
[    0.288878] PM: RTC time: 20:07:14, date: 2026-01-12
[    0.288878] NET: Registered protocol family 16
[    0.288878] audit: initializing netlink subsys (disabled)
[    0.288878] EISA bus registered
[    0.288878] cpuidle: using governor ladder
[    0.288878] cpuidle: using governor menu
[    0.288878] ACPI: bus type PCI registered
[    0.288878] acpiphp: ACPI Hot Plug PCI Controller Driver version: 0.5
[    0.288878] PCI: Using configuration type 1 for base access
[    0.290825] audit: type=2000 audit(1768219641.269:1): state=initialized audit_enabled=0 res=1
[    0.290957] HugeTLB registered 2.00 MiB page size, pre-allocated 0 pages
[    0.293167] ACPI: Added _OSI(Module Device)
[    0.293168] ACPI: Added _OSI(Processor Device)
[    0.293168] ACPI: Added _OSI(3.0 _SCP Extensions)
[    0.293169] ACPI: Added _OSI(Processor Aggregator Device)
[    0.293171] ACPI: Added _OSI(Linux-Dell-Video)
[    0.293172] ACPI: Added _OSI(Linux-Lenovo-NV-HDMI-Audio)
[    0.293173] ACPI: Added _OSI(Linux-HPI-Hybrid-Graphics)
[    0.295958] ACPI: 2 ACPI AML tables successfully acquired and loaded
[    0.297654] ACPI: Interpreter enabled
[    0.297667] ACPI: (supports S0 S5)
[    0.297668] ACPI: Using IOAPIC for interrupt routing
[    0.297879] PCI: Using host bridge windows from ACPI; if necessary, use "pci=nocrs" and report a bug
[    0.297993] ACPI: Enabled 2 GPEs in block 00 to 07
[    0.303244] ACPI: PCI Root Bridge [PCI0] (domain 0000 [bus 00-ff])
[    0.303250] acpi PNP0A03:00: _OSC: OS supports [ASPM ClockPM Segments MSI HPX-Type3]
[    0.303694] acpi PNP0A03:00: _OSC: not requesting OS control; OS requires [ExtendedConfig ASPM ClockPM MSI]
[    0.303703] acpi PNP0A03:00: fail to add MMCONFIG information, can't access extended PCI configuration space under this bridge.
[    0.304126] PCI host bridge to bus 0000:00
[    0.304128] pci_bus 0000:00: root bus resource [io  0x0000-0x0cf7 window]
[    0.304130] pci_bus 0000:00: root bus resource [io  0x0d00-0xffff window]
[    0.304131] pci_bus 0000:00: root bus resource [mem 0x000a0000-0x000bffff window]
[    0.304132] pci_bus 0000:00: root bus resource [mem 0x80000000-0xfdffffff window]
[    0.304133] pci_bus 0000:00: root bus resource [bus 00-ff]
[    0.304186] pci 0000:00:00.0: [8086:1237] type 00 class 0x060000
[    0.305259] pci 0000:00:01.0: [8086:7000] type 00 class 0x060100
[    0.306139] pci 0000:00:01.1: [8086:7111] type 00 class 0x01018a
[    0.306569] pci 0000:00:01.1: reg 0x20: [io  0xd000-0xd00f]
[    0.306744] pci 0000:00:01.1: legacy IDE quirk: reg 0x10: [io  0x01f0-0x01f7]
[    0.306745] pci 0000:00:01.1: legacy IDE quirk: reg 0x14: [io  0x03f6]
[    0.306746] pci 0000:00:01.1: legacy IDE quirk: reg 0x18: [io  0x0170-0x0177]
[    0.306747] pci 0000:00:01.1: legacy IDE quirk: reg 0x1c: [io  0x0376]
[    0.307312] pci 0000:00:02.0: [15ad:0405] type 00 class 0x030000
[    0.310756] pci 0000:00:02.0: reg 0x10: [io  0xd010-0xd01f]
[    0.312924] pci 0000:00:02.0: reg 0x14: [mem 0xe0000000-0xe7ffffff pref]
[    0.316929] pci 0000:00:02.0: reg 0x18: [mem 0xf0000000-0xf01fffff]
[    0.327492] pci 0000:00:03.0: [1022:2000] type 00 class 0x020000
[    0.328198] pci 0000:00:03.0: reg 0x10: [io  0xd020-0xd03f]
[    0.328826] pci 0000:00:03.0: reg 0x14: [mem 0xf0200000-0xf0200fff]
[    0.332476] pci 0000:00:04.0: [80ee:cafe] type 00 class 0x088000
[    0.333004] pci 0000:00:04.0: reg 0x10: [io  0xd040-0xd05f]
[    0.333630] pci 0000:00:04.0: reg 0x14: [mem 0xf0400000-0xf07fffff]
[    0.334250] pci 0000:00:04.0: reg 0x18: [mem 0xf0800000-0xf0803fff pref]
[    0.337905] pci 0000:00:07.0: [8086:7113] type 00 class 0x068000
[    0.338533] pci 0000:00:07.0: quirk: [io  0x4000-0x403f] claimed by PIIX4 ACPI
[    0.338545] pci 0000:00:07.0: quirk: [io  0x4100-0x410f] claimed by PIIX4 SMB
[    0.339197] pci 0000:00:08.0: [8086:100e] type 00 class 0x020000
[    0.339933] pci 0000:00:08.0: reg 0x10: [mem 0xf0820000-0xf083ffff]
[    0.341001] pci 0000:00:08.0: reg 0x18: [io  0xd060-0xd067]
[    0.344958] pci 0000:00:09.0: [8086:100e] type 00 class 0x020000
[    0.345694] pci 0000:00:09.0: reg 0x10: [mem 0xf0840000-0xf085ffff]
[    0.346876] pci 0000:00:09.0: reg 0x18: [io  0xd068-0xd06f]
[    0.357771] ACPI: PCI Interrupt Link [LNKA] (IRQs 5 9 10 *11)
[    0.358060] ACPI: PCI Interrupt Link [LNKB] (IRQs 5 9 *10 11)
[    0.358173] ACPI: PCI Interrupt Link [LNKC] (IRQs 5 *9 10 11)
[    0.358296] ACPI: PCI Interrupt Link [LNKD] (IRQs 5 9 10 *11)
[    0.358594] iommu: Default domain type: Translated 
[    0.358667] pci 0000:00:02.0: vgaarb: setting as boot VGA device
[    0.358669] pci 0000:00:02.0: vgaarb: VGA device added: decodes=io+mem,owns=io+mem,locks=none
[    0.358671] pci 0000:00:02.0: vgaarb: bridge control possible
[    0.358672] vgaarb: loaded
[    0.358911] SCSI subsystem initialized
[    0.358952] libata version 3.00 loaded.
[    0.358979] ACPI: bus type USB registered
[    0.358999] usbcore: registered new interface driver usbfs
[    0.359005] usbcore: registered new interface driver hub
[    0.359011] usbcore: registered new device driver usb
[    0.359044] pps_core: LinuxPPS API ver. 1 registered
[    0.359045] pps_core: Software ver. 5.3.6 - Copyright 2005-2007 Rodolfo Giometti <giometti@linux.it>
[    0.359047] PTP clock support registered
[    0.359093] EDAC MC: Ver: 3.0.0
[    0.359433] PCI: Using ACPI for IRQ routing
[    0.359434] PCI: pci_cache_line_size set to 64 bytes
[    0.359631] e820: reserve RAM buffer [mem 0x0009fc00-0x0009ffff]
[    0.359635] e820: reserve RAM buffer [mem 0x7fff0000-0x7fffffff]
[    0.360837] NetLabel: Initializing
[    0.360838] NetLabel:  domain hash size = 128
[    0.360838] NetLabel:  protocols = UNLABELED CIPSOv4 CALIPSO
[    0.360861] NetLabel:  unlabeled traffic allowed by default
[    0.361911] clocksource: Switched to clocksource kvm-clock
[    0.378242] *** VALIDATE bpf ***
[    0.378310] VFS: Disk quotas dquot_6.6.0
[    0.378326] VFS: Dquot-cache hash table entries: 512 (order 0, 4096 bytes)
[    0.378353] *** VALIDATE ramfs ***
[    0.378356] *** VALIDATE hugetlbfs ***
[    0.378455] AppArmor: AppArmor Filesystem Enabled
[    0.378482] pnp: PnP ACPI init
[    0.378552] pnp 00:00: Plug and Play ACPI device, IDs PNP0303 (active)
[    0.378625] pnp 00:01: Plug and Play ACPI device, IDs PNP0f03 (active)
[    0.379457] pnp: PnP ACPI: found 2 devices
[    0.380644] thermal_sys: Registered thermal governor 'fair_share'
[    0.380645] thermal_sys: Registered thermal governor 'bang_bang'
[    0.380645] thermal_sys: Registered thermal governor 'step_wise'
[    0.380646] thermal_sys: Registered thermal governor 'user_space'
[    0.380647] thermal_sys: Registered thermal governor 'power_allocator'
[    0.385167] clocksource: acpi_pm: mask: 0xffffff max_cycles: 0xffffff, max_idle_ns: 2085701024 ns
[    0.385213] pci_bus 0000:00: resource 4 [io  0x0000-0x0cf7 window]
[    0.385215] pci_bus 0000:00: resource 5 [io  0x0d00-0xffff window]
[    0.385216] pci_bus 0000:00: resource 6 [mem 0x000a0000-0x000bffff window]
[    0.385217] pci_bus 0000:00: resource 7 [mem 0x80000000-0xfdffffff window]
[    0.385287] NET: Registered protocol family 2
[    0.385410] IP idents hash table entries: 32768 (order: 6, 262144 bytes, linear)
[    0.385912] MPTCP tokens hash table entries: 8192 (order: 4, 65536 bytes, linear)
[    0.385943] MPTCP request tokens hash table entries: 8192 (order: 4, 65536 bytes, linear)
[    0.385970] default registered
[    0.385971] default registered
[    0.385971] MPTCP: Stable release v0.96
[    0.385979] tcp_listen_portaddr_hash hash table entries: 1024 (order: 2, 16384 bytes, linear)
[    0.386115] TCP established hash table entries: 16384 (order: 5, 131072 bytes, linear)
[    0.386211] TCP bind hash table entries: 16384 (order: 6, 262144 bytes, linear)
[    0.386237] TCP: Hash tables configured (established 16384 bind 16384)
[    0.387359] UDP hash table entries: 1024 (order: 3, 32768 bytes, linear)
[    0.387375] UDP-Lite hash table entries: 1024 (order: 3, 32768 bytes, linear)
[    0.387417] NET: Registered protocol family 1
[    0.387427] NET: Registered protocol family 44
[    0.387450] pci 0000:00:00.0: Limiting direct PCI/PCI transfers
[    0.387470] pci 0000:00:01.0: Activating ISA DMA hang workarounds
[    0.387538] pci 0000:00:02.0: Video device with shadowed ROM at [mem 0x000c0000-0x000dffff]
[    0.387611] PCI: CLS 0 bytes, default 64
[    0.387669] Trying to unpack rootfs image as initramfs...
[    0.596355] Freeing initrd memory: 47868K
[    0.596355] clocksource: tsc: mask: 0xffffffffffffffff max_cycles: 0x1e4530a99b6, max_idle_ns: 440795257976 ns
[    0.596355] clocksource: Switched to clocksource tsc
[    0.596355] platform rtc_cmos: registered platform RTC device (no PNP device found)
[    0.596355] check: Scanning for low memory corruption every 60 seconds
[    0.596355] Initialise system trusted keyrings
[    0.596355] Key type blacklist registered
[    0.596355] workingset: timestamp_bits=36 max_order=19 bucket_order=0
[    0.596355] zbud: loaded
[    0.596355] squashfs: version 4.0 (2009/01/31) Phillip Lougher
[    0.596355] fuse: init (API version 7.31)
[    0.596355] *** VALIDATE fuse ***
[    0.596355] *** VALIDATE fuse ***
[    0.596355] Platform Keyring initialized
[    0.611486] Key type asymmetric registered
[    0.611487] Asymmetric key parser 'x509' registered
[    0.611500] Block layer SCSI generic (bsg) driver version 0.4 loaded (major 244)
[    0.611543] io scheduler mq-deadline registered
[    0.611681] shpchp: Standard Hot Plug PCI Controller Driver version: 0.4
[    0.611942] ACPI: AC Adapter [AC] (on-line)
[    0.611991] input: Power Button as /devices/LNXSYSTM:00/LNXPWRBN:00/input/input0
[    0.612035] ACPI: Power Button [PWRF]
[    0.612142] input: Sleep Button as /devices/LNXSYSTM:00/LNXSLPBN:00/input/input1
[    0.612163] ACPI: Sleep Button [SLPF]
[    0.612428] Serial: 8250/16550 driver, 32 ports, IRQ sharing enabled
[    0.613685] Linux agpgart interface v0.103
[    0.707159] loop: module loaded
[    0.707413] ata_piix 0000:00:01.1: version 2.13
[    0.708093] scsi host0: ata_piix
[    0.708230] scsi host1: ata_piix
[    0.708272] ata1: PATA max UDMA/33 cmd 0x1f0 ctl 0x3f6 bmdma 0xd000 irq 14
[    0.708273] ata2: PATA max UDMA/33 cmd 0x170 ctl 0x376 bmdma 0xd008 irq 15
[    0.708410] tun: Universal TUN/TAP device driver, 1.6
[    0.708820] PPP generic driver version 2.4.2
[    0.708892] VFIO - User Level meta-driver version: 0.3
[    0.709224] ehci_hcd: USB 2.0 'Enhanced' Host Controller (EHCI) Driver
[    0.709231] ehci-pci: EHCI PCI platform driver
[    0.709251] ehci-platform: EHCI generic platform driver
[    0.709260] ohci_hcd: USB 1.1 'Open' Host Controller (OHCI) Driver
[    0.709263] ohci-pci: OHCI PCI platform driver
[    0.709273] ohci-platform: OHCI generic platform driver
[    0.709280] uhci_hcd: USB Universal Host Controller Interface driver
[    0.709374] i8042: PNP: PS/2 Controller [PNP0303:PS2K,PNP0f03:PS2M] at 0x60,0x64 irq 1,12
[    0.709957] serio: i8042 KBD port at 0x60,0x64 irq 1
[    0.709963] serio: i8042 AUX port at 0x60,0x64 irq 12
[    0.710101] mousedev: PS/2 mouse device common for all mice
[    0.710473] input: AT Translated Set 2 keyboard as /devices/platform/i8042/serio0/input/input2
[    0.711039] rtc_cmos rtc_cmos: registered as rtc0
[    0.711058] rtc_cmos rtc_cmos: alarms up to one day, 114 bytes nvram
[    0.711066] i2c /dev entries driver
[    0.711090] device-mapper: uevent: version 1.0.3
[    0.711090] device-mapper: ioctl: 4.41.0-ioctl (2019-09-16) initialised: dm-devel@redhat.com
[    0.711090] platform eisa.0: Probing EISA bus 0
[    0.711090] platform eisa.0: EISA: Cannot allocate resource for mainboard
[    0.711090] platform eisa.0: Cannot allocate resource for EISA slot 1
[    0.711090] platform eisa.0: Cannot allocate resource for EISA slot 2
[    0.711090] platform eisa.0: Cannot allocate resource for EISA slot 3
[    0.711090] platform eisa.0: Cannot allocate resource for EISA slot 4
[    0.711090] platform eisa.0: Cannot allocate resource for EISA slot 5
[    0.711090] platform eisa.0: Cannot allocate resource for EISA slot 6
[    0.711090] platform eisa.0: Cannot allocate resource for EISA slot 7
[    0.711090] platform eisa.0: Cannot allocate resource for EISA slot 8
[    0.711090] platform eisa.0: EISA: Detected 0 cards
[    0.711090] intel_pstate: CPU model not supported
[    0.711290] ledtrig-cpu: registered to indicate activity on CPUs
[    0.711379] drop_monitor: Initializing network drop monitor service
[    0.711617] NET: Registered protocol family 10
[    0.715268] Segment Routing with IPv6
[    0.715268] fullmesh registered
[    0.715268] ndiffports registered
[    0.715268] binder registered
[    0.715268] roundrobin registered
[    0.715268] redundant registered
[    0.715268] blest registered
[    0.715268] ecf registered
[    0.715268] NET: Registered protocol family 17
[    0.715268] Key type dns_resolver registered
[    0.715268] RAS: Correctable Errors collector initialized.
[    0.715268] IPI shorthand broadcast: enabled
[    0.715268] sched_clock: Marking stable (700206654, 11061838)->(712667477, -1398985)
[    0.719414] registered taskstats version 1
[    0.719428] Loading compiled-in X.509 certificates
[    0.720554] Loaded X.509 cert 'Build time autogenerated kernel key: 6909f3744cebb3d0de528d5887b96a727de79b1e'
[    0.720582] zswap: loaded using pool lzo/zbud
[    0.720664] Key type ._fscrypt registered
[    0.720665] Key type .fscrypt registered
[    0.725879] Key type big_key registered
[    0.728373] Key type encrypted registered
[    0.728377] AppArmor: AppArmor sha1 policy hashing enabled
[    0.728386] ima: No TPM chip found, activating TPM-bypass!
[    0.728392] ima: Allocated hash algorithm: sha1
[    0.728399] ima: No architecture policies found
[    0.728410] evm: Initialising EVM extended attributes:
[    0.728411] evm: security.selinux
[    0.728412] evm: security.SMACK64
[    0.728412] evm: security.SMACK64EXEC
[    0.728412] evm: security.SMACK64TRANSMUTE
[    0.728413] evm: security.SMACK64MMAP
[    0.728413] evm: security.apparmor
[    0.728414] evm: security.ima
[    0.728415] evm: security.capability
[    0.728416] evm: HMAC attrs: 0x1
[    0.728763] PM:   Magic number: 10:58:144
[    0.728764] PM:   hash matches drivers/base/power/main.c:1831
[    0.728774] ata_port ata1: hash matches
[    0.728775]  ata1: hash matches
[    0.728853] rtc_cmos rtc_cmos: setting system clock to 2026-01-12T20:07:15 UTC (1768248435)
[    0.879209] ata1.00: ATA-6: VBOX HARDDISK, 1.0, max UDMA/133
[    0.879212] ata1.00: 209715200 sectors, multi 128: LBA 
[    0.879679] scsi 0:0:0:0: Direct-Access     ATA      VBOX HARDDISK    1.0  PQ: 0 ANSI: 5
[    0.879900] sd 0:0:0:0: [sda] 209715200 512-byte logical blocks: (107 GB/100 GiB)
[    0.879908] sd 0:0:0:0: [sda] Write Protect is off
[    0.879909] sd 0:0:0:0: [sda] Mode Sense: 00 3a 00 00
[    0.879919] sd 0:0:0:0: [sda] Write cache: enabled, read cache: enabled, doesn't support DPO or FUA
[    0.880186] sd 0:0:0:0: Attached scsi generic sg0 type 0
[    0.880741]  sda: sda1 sda2
[    0.891306] sd 0:0:0:0: [sda] Attached SCSI disk
[    0.893895] Freeing unused decrypted memory: 2040K
[    0.894700] Freeing unused kernel image memory: 2728K
[    0.894704] Write protecting the kernel read-only data: 22528k
[    0.895509] Freeing unused kernel image memory: 2036K
[    0.895954] Freeing unused kernel image memory: 1432K
[    0.912177] x86/mm: Checked W+X mappings: passed, no W+X pages found.
[    0.912183] Run /init as init process
[    1.048867] ACPI: Video Device [GFX0] (multi-head: yes  rom: no  post: no)
[    1.048965] input: Video Bus as /devices/LNXSYSTM:00/LNXSYBUS:00/PNP0A03:00/LNXVIDEO:00/input/input4
[    1.066374] pcnet32: pcnet32.c:v1.35 21.Apr.2008 tsbogend@alpha.franken.de
[    1.070923] e1000: Intel(R) PRO/1000 Network Driver - version 7.3.21-k8-NAPI
[    1.070924] e1000: Copyright (c) 1999-2006 Intel Corporation.
[    1.085758] piix4_smbus 0000:00:07.0: SMBus Host Controller at 0x4100, revision 0
[    1.096005] pcnet32: PCnet/FAST III 79C973 at 0xd020, 08:00:27:58:e4:db assigned IRQ 19
[    1.096076] pcnet32: Found PHY 0022:561b at address 0
[    1.096478] pcnet32: eth0: registered as PCnet/FAST III 79C973
[    1.102023] pcnet32: 1 cards_found
[    1.154773] pcnet32 0000:00:03.0 enp0s3: renamed from eth0
[    1.298167] input: ImExPS/2 Generic Explorer Mouse as /devices/platform/i8042/serio1/input/input5
[    1.495385] e1000 0000:00:08.0 eth0: (PCI:33MHz:32-bit) 08:00:27:9c:fd:ae
[    1.495390] e1000 0000:00:08.0 eth0: Intel(R) PRO/1000 Network Connection
[    1.871423] e1000 0000:00:09.0 eth1: (PCI:33MHz:32-bit) 08:00:27:ca:f6:e7
[    1.871426] e1000 0000:00:09.0 eth1: Intel(R) PRO/1000 Network Connection
[    1.872611] e1000 0000:00:09.0 enp0s9: renamed from eth1
[    1.874401] e1000 0000:00:08.0 enp0s8: renamed from eth0
[    2.513811] EXT4-fs (sda2): mounted filesystem with ordered data mode. Opts: (null)
[    2.660930] systemd[1]: Inserted module 'autofs4'
[    2.673819] systemd[1]: systemd 245.4-4ubuntu3 running in system mode. (+PAM +AUDIT +SELINUX +IMA +APPARMOR +SMACK +SYSVINIT +UTMP +LIBCRYPTSETUP +GCRYPT +GNUTLS +ACL +XZ +LZ4 +SECCOMP +BLKID +ELFUTILS +KMOD +IDN2 -IDN +PCRE2 default-hierarchy=hybrid)
[    2.673852] systemd[1]: Detected virtualization oracle.
[    2.673855] systemd[1]: Detected architecture x86-64.
[    2.675298] systemd[1]: Set hostname to <ztg>.
[    2.836206] systemd[1]: /lib/systemd/system/dbus.socket:5: ListenStream= references a path below legacy directory /var/run/, updating /var/run/dbus/system_bus_socket â†’ /run/dbus/system_bus_socket; please update the unit file accordingly.
[    2.914767] systemd[1]: Created slice system-modprobe.slice.
[    2.914953] systemd[1]: Created slice User and Session Slice.
[    2.915000] systemd[1]: Started Forward Password Requests to Wall Directory Watch.
[    2.915224] systemd[1]: Set up automount Arbitrary Executable File Formats File System Automount Point.
[    2.915264] systemd[1]: Reached target User and Group Name Lookups.
[    2.915273] systemd[1]: Reached target Remote File Systems.
[    2.915282] systemd[1]: Reached target Slices.
[    2.915843] systemd[1]: Listening on Syslog Socket.
[    2.915914] systemd[1]: Listening on fsck to fsckd communication Socket.
[    2.915952] systemd[1]: Listening on initctl Compatibility Named Pipe.
[    2.916107] systemd[1]: Listening on Journal Audit Socket.
[    2.916161] systemd[1]: Listening on Journal Socket (/dev/log).
[    2.916234] systemd[1]: Listening on Journal Socket.
[    2.916298] systemd[1]: Listening on udev Control Socket.
[    2.916336] systemd[1]: Listening on udev Kernel Socket.
[    2.917117] systemd[1]: Mounting Huge Pages File System...
[    2.918014] systemd[1]: Mounting POSIX Message Queue File System...
[    2.918872] systemd[1]: Mounting Kernel Debug File System...
[    2.919785] systemd[1]: Mounting Kernel Trace File System...
[    2.921978] systemd[1]: Starting Journal Service...
[    2.947537] systemd[1]: Starting Set the console keyboard layout...
[    2.953518] systemd[1]: Starting Create list of static device nodes for the current kernel...
[    2.958944] systemd[1]: Starting Load Kernel Module drm...
[    2.962370] systemd[1]: Condition check resulted in Set Up Additional Binary Formats being skipped.
[    2.962411] systemd[1]: Condition check resulted in File System Check on Root Device being skipped.
[    2.969273] systemd[1]: Starting Load Kernel Modules...
[    2.970076] systemd[1]: Starting Remount Root and Kernel File Systems...
[    2.970846] systemd[1]: Starting udev Coldplug all Devices...
[    2.997152] systemd[1]: Starting Uncomplicated firewall...
[    3.008303] systemd[1]: Mounted Huge Pages File System.
[    3.008395] systemd[1]: Mounted POSIX Message Queue File System.
[    3.008468] systemd[1]: Mounted Kernel Debug File System.
[    3.008537] systemd[1]: Mounted Kernel Trace File System.
[    3.012018] EXT4-fs (sda2): re-mounted. Opts: errors=remount-ro
[    3.016665] systemd[1]: Finished Create list of static device nodes for the current kernel.
[    3.044287] systemd[1]: Finished Remount Root and Kernel File Systems.
[    3.044603] systemd[1]: modprobe@drm.service: Succeeded.
[    3.062386] systemd[1]: Finished Load Kernel Module drm.
[    3.063451] systemd[1]: Finished Uncomplicated firewall.
[    3.081014] systemd[1]: Condition check resulted in Rebuild Hardware Database being skipped.
[    3.081063] systemd[1]: Condition check resulted in Platform Persistent Storage Archival being skipped.
[    3.081856] systemd[1]: Starting Load/Save Random Seed...
[    3.082738] systemd[1]: Starting Create System Users...
[    3.116350] systemd[1]: Finished Load/Save Random Seed.
[    3.117876] lp: driver loaded but no devices found
[    3.122390] systemd[1]: Finished Create System Users.
[    3.123451] systemd[1]: Starting Create Static Device Nodes in /dev...
[    3.130906] systemd[1]: Finished udev Coldplug all Devices.
[    3.151326] ppdev: user-space parallel port driver
[    3.165912] systemd[1]: Finished Create Static Device Nodes in /dev.
[    3.166847] systemd[1]: Starting udev Kernel Device Manager...
[    3.202295] systemd[1]: Finished Set the console keyboard layout.
[    3.202411] systemd[1]: Reached target Local File Systems (Pre).
[    3.209605] systemd[1]: Mounting Mount unit for bare, revision 5...
[    3.240130] systemd[1]: Mounting Mount unit for core18, revision 1705...
[    3.247085] [drm] DMA map mode: Caching DMA mappings.
[    3.247170] [drm] Capabilities:
[    3.247171] [drm]   Rect copy.
[    3.247171] [drm]   Cursor.
[    3.247171] [drm]   Cursor bypass.
[    3.247172] [drm]   Cursor bypass 2.
[    3.247172] [drm]   Alpha cursor.
[    3.247173] [drm]   Extended Fifo.
[    3.247173] [drm]   Pitchlock.
[    3.247173] [drm]   Irq mask.
[    3.247174] [drm]   GMR.
[    3.247174] [drm]   Traces.
[    3.247174] [drm]   GMR2.
[    3.247175] [drm]   Screen Object 2.
[    3.247175] [drm]   Command Buffers.
[    3.247175] [drm]   Command Buffers 2.
[    3.247176] [drm]   Guest Backed Resources.
[    3.247177] [drm] Max GMR ids is 8192
[    3.247177] [drm] Max number of GMR pages is 1048576
[    3.247178] [drm] Max dedicated hypervisor surface memory is 393216 kiB
[    3.247178] [drm] Maximum display memory size is 131072 kiB
[    3.247179] [drm] VRAM at 0xe0000000 size is 131072 kiB
[    3.247180] [drm] MMIO at 0xf0000000 size is 2048 kiB
[    3.248239] systemd[1]: Mounting Mount unit for gnome-3-34-1804, revision 24...
[    3.252101] [TTM] Zone  kernel: Available graphics memory: 1011738 KiB
[    3.252102] [TTM] Initializing pool allocator
[    3.252105] [TTM] Initializing DMA pool allocator
[    3.252138] [drm] Supports vblank timestamp caching Rev 2 (21.10.2013).
[    3.252138] [drm] No driver support for vblank timestamp query.
[    3.252377] [drm] Screen Target Display device initialized
[    3.252652] [drm] width 720
[    3.252661] [drm] height 400
[    3.252665] [drm] bpp 32
[    3.253187] [drm] Fifo max 0x00200000 min 0x00001000 cap 0x00000355
[    3.254253] [drm] Using command buffers with DMA pool.
[    3.254257] [drm] DX: no.
[    3.254258] [drm] Atomic: yes.
[    3.254258] [drm] SM4_1: no.
[    3.254280] [drm:vmw_host_log [vmwgfx]] *ERROR* Failed to send host log message.
[    3.256864] [drm:vmw_host_log [vmwgfx]] *ERROR* Failed to send host log message.
[    3.268833] systemd[1]: Mounting Mount unit for gtk-common-themes, revision 1506...
[    3.272410] fbcon: svgadrmfb (fb0) is primary device
[    3.274575] Console: switching to colour frame buffer device 100x37
[    3.281124] systemd[1]: Mounting Mount unit for gtk-common-themes, revision 1535...
[    3.283319] [drm] Initialized vmwgfx 2.15.0 20180704 for 0000:00:02.0 on minor 0
[    3.288348] systemd[1]: Mounting Mount unit for snap-store, revision 433...
[    3.315325] systemd[1]: Mounting Mount unit for snapd, revision 25935...
[    3.317817] systemd[1]: Mounting Mount unit for snapd, revision 7264...
[    3.324989] systemd[1]: Finished Load Kernel Modules.
[    3.325153] systemd[1]: Mounted Mount unit for bare, revision 5.
[    3.346973] systemd[1]: Mounting FUSE Control File System...
[    3.348669] systemd[1]: Mounting Kernel Configuration File System...
[    3.349544] systemd[1]: Starting Apply Kernel Variables...
[    3.374828] systemd[1]: Mounted Mount unit for core18, revision 1705.
[    3.374929] systemd[1]: Mounted Mount unit for gnome-3-34-1804, revision 24.
[    3.375010] systemd[1]: Mounted FUSE Control File System.
[    3.375085] systemd[1]: Mounted Kernel Configuration File System.
[    3.376166] systemd[1]: Condition check resulted in VMware vmblock fuse mount being skipped.
[    3.411733] systemd[1]: Started udev Kernel Device Manager.
[    3.411859] systemd[1]: Mounted Mount unit for gtk-common-themes, revision 1506.
[    3.414728] systemd[1]: Starting Show Plymouth Boot Screen...
[    3.422132] systemd[1]: Mounted Mount unit for gtk-common-themes, revision 1535.
[    3.422291] systemd[1]: Mounted Mount unit for snap-store, revision 433.
[    3.423627] systemd[1]: Finished Apply Kernel Variables.
[    3.423797] systemd[1]: Received SIGRTMIN+20 from PID 281 (plymouthd).
[    3.439433] systemd[1]: Mounted Mount unit for snapd, revision 25935.
[    3.439690] systemd[1]: Mounted Mount unit for snapd, revision 7264.
[    3.439871] systemd[1]: Started Show Plymouth Boot Screen.
[    3.440070] systemd[1]: Condition check resulted in Dispatch Password Requests to Console Directory Watch being skipped.
[    3.440154] systemd[1]: Started Forward Password Requests to Plymouth Directory Watch.
[    3.441575] systemd[1]: Reached target Local Encrypted Volumes.
[    3.441640] systemd[1]: Reached target Local File Systems.
[    3.442485] systemd[1]: Starting Load AppArmor profiles...
[    3.444908] systemd[1]: Starting Set console font and keymap...
[    3.460300] systemd[1]: Starting Tell Plymouth To Write Out Runtime Data...
[    3.460622] systemd[1]: Condition check resulted in Store a System Token in an EFI Variable being skipped.
[    3.460653] systemd[1]: Condition check resulted in Commit a transient machine-id on disk being skipped.
[    3.478664] systemd[1]: Received SIGRTMIN+20 from PID 281 (plymouthd).
[    3.479534] systemd[1]: plymouth-read-write.service: Succeeded.
[    3.480126] systemd[1]: Finished Tell Plymouth To Write Out Runtime Data.
[    3.495700] systemd[1]: Finished Set console font and keymap.
[    3.542673] audit: type=1400 audit(1768248438.308:2): apparmor="STATUS" operation="profile_load" profile="unconfined" name="nvidia_modprobe" pid=303 comm="apparmor_parser"
[    3.542678] audit: type=1400 audit(1768248438.308:3): apparmor="STATUS" operation="profile_load" profile="unconfined" name="nvidia_modprobe//kmod" pid=303 comm="apparmor_parser"
[    3.552020] audit: type=1400 audit(1768248438.320:4): apparmor="STATUS" operation="profile_load" profile="unconfined" name="/usr/sbin/tcpdump" pid=304 comm="apparmor_parser"
[    3.609945] audit: type=1400 audit(1768248438.364:5): apparmor="STATUS" operation="profile_load" profile="unconfined" name="/usr/bin/evince" pid=306 comm="apparmor_parser"
[    3.609949] audit: type=1400 audit(1768248438.364:6): apparmor="STATUS" operation="profile_load" profile="unconfined" name="/usr/bin/evince//sanitized_helper" pid=306 comm="apparmor_parser"
[    3.609951] audit: type=1400 audit(1768248438.364:7): apparmor="STATUS" operation="profile_load" profile="unconfined" name="/usr/bin/evince-previewer" pid=306 comm="apparmor_parser"
[    3.609954] audit: type=1400 audit(1768248438.364:8): apparmor="STATUS" operation="profile_load" profile="unconfined" name="/usr/bin/evince-previewer//sanitized_helper" pid=306 comm="apparmor_parser"
[    3.609956] audit: type=1400 audit(1768248438.364:9): apparmor="STATUS" operation="profile_load" profile="unconfined" name="/usr/bin/evince-thumbnailer" pid=306 comm="apparmor_parser"
[    3.647663] audit: type=1400 audit(1768248438.412:10): apparmor="STATUS" operation="profile_load" profile="unconfined" name="/usr/lib/cups/backend/cups-pdf" pid=307 comm="apparmor_parser"
[    3.732376] systemd[1]: Finished Load AppArmor profiles.
[    3.733354] systemd[1]: Starting Load AppArmor profiles managed internally by snapd...
[    4.093341] systemd[1]: Started Journal Service.
[    4.100332] systemd-journald[229]: Received client request to flush runtime journal.
[    4.104149] systemd-journald[229]: File /var/log/journal/c455b248004a419c87ce85eea238d727/system.journal corrupted or uncleanly shut down, renaming and replacing.
[    5.992420] RAPL PMU: API unit is 2^-32 Joules, 0 fixed counters, 10737418240 ms ovfl timer
[    6.088403] kauditd_printk_skb: 24 callbacks suppressed
[    6.088404] audit: type=1400 audit(1768248440.856:35): apparmor="STATUS" operation="profile_load" profile="unconfined" name="/snap/snapd/25935/usr/lib/snapd/snap-confine" pid=326 comm="apparmor_parser"
[    6.089018] audit: type=1400 audit(1768248440.856:36): apparmor="STATUS" operation="profile_load" profile="unconfined" name="/snap/snapd/25935/usr/lib/snapd/snap-confine//mount-namespace-capture-helper" pid=326 comm="apparmor_parser"
[    6.109132] audit: type=1400 audit(1768248440.876:37): apparmor="STATUS" operation="profile_load" profile="unconfined" name="snap.snap-store.snap-store" pid=344 comm="apparmor_parser"
[    6.120694] audit: type=1400 audit(1768248440.888:38): apparmor="STATUS" operation="profile_load" profile="unconfined" name="snap.snap-store.ubuntu-software" pid=345 comm="apparmor_parser"
[    6.138950] audit: type=1400 audit(1768248440.904:39): apparmor="STATUS" operation="profile_load" profile="unconfined" name="snap.snap-store.ubuntu-software-local-file" pid=347 comm="apparmor_parser"
[    6.148741] audit: type=1400 audit(1768248440.916:40): apparmor="STATUS" operation="profile_load" profile="unconfined" name="snap-update-ns.snap-store" pid=348 comm="apparmor_parser"
[    6.152215] cryptd: max_cpu_qlen set to 1000
[    6.183793] AVX2 version of gcm_enc/dec engaged.
[    6.183794] AES CTR mode by8 optimization enabled
[    8.161434] Adding 1998844k swap on /dev/sda1.  Priority:-2 extents:1 across:1998844k FS
[    9.259719] audit: type=1400 audit(1768248444.024:41): apparmor="DENIED" operation="capable" profile="/usr/sbin/cups-browsed" pid=529 comm="cups-browsed" capability=23  capname="sys_nice"
[   11.303849] pcnet32 0000:00:03.0 enp0s3: link up, 100Mbps, full-duplex
[   11.341436] e1000: enp0s8 NIC Link is Up 1000 Mbps Full Duplex, Flow Control: RX
[   11.341840] IPv6: ADDRCONF(NETDEV_CHANGE): enp0s8: link becomes ready
[   11.368591] e1000: enp0s9 NIC Link is Up 1000 Mbps Full Duplex, Flow Control: RX
[   11.368865] IPv6: ADDRCONF(NETDEV_CHANGE): enp0s9: link becomes ready
[   12.040218] device enp0s3 entered promiscuous mode
[   12.088132] audit: type=1400 audit(1768248446.848:42): apparmor="DENIED" operation="open" profile="/usr/sbin/tcpdump" name="/proc/sys/kernel/random/boot_id" pid=641 comm="tcpdump" requested_mask="r" denied_mask="r" fsuid=0 ouid=0
[   12.088408] audit: type=1400 audit(1768248446.848:43): apparmor="DENIED" operation="open" profile="/usr/sbin/tcpdump" name="/proc/sys/kernel/random/boot_id" pid=641 comm="tcpdump" requested_mask="r" denied_mask="r" fsuid=0 ouid=0
[   12.088487] audit: type=1400 audit(1768248446.848:44): apparmor="DENIED" operation="open" profile="/usr/sbin/tcpdump" name="/proc/sys/kernel/random/boot_id" pid=641 comm="tcpdump" requested_mask="r" denied_mask="r" fsuid=0 ouid=0
[   12.088577] audit: type=1400 audit(1768248446.848:45): apparmor="DENIED" operation="open" profile="/usr/sbin/tcpdump" name="/proc/sys/kernel/random/boot_id" pid=641 comm="tcpdump" requested_mask="r" denied_mask="r" fsuid=0 ouid=0
[   12.092439] audit: type=1400 audit(1768248446.860:46): apparmor="DENIED" operation="open" profile="/usr/sbin/tcpdump" name="/proc/sys/kernel/random/boot_id" pid=642 comm="tcpdump" requested_mask="r" denied_mask="r" fsuid=0 ouid=0
[   12.092640] audit: type=1400 audit(1768248446.860:47): apparmor="DENIED" operation="open" profile="/usr/sbin/tcpdump" name="/proc/sys/kernel/random/boot_id" pid=642 comm="tcpdump" requested_mask="r" denied_mask="r" fsuid=0 ouid=0
[   12.092680] audit: type=1400 audit(1768248446.860:48): apparmor="DENIED" operation="open" profile="/usr/sbin/tcpdump" name="/proc/sys/kernel/random/boot_id" pid=642 comm="tcpdump" requested_mask="r" denied_mask="r" fsuid=0 ouid=0
[   12.092737] audit: type=1400 audit(1768248446.860:49): apparmor="DENIED" operation="open" profile="/usr/sbin/tcpdump" name="/proc/sys/kernel/random/boot_id" pid=642 comm="tcpdump" requested_mask="r" denied_mask="r" fsuid=0 ouid=0
[   18.436804] rfkill: input handler disabled
[  629.206297] AAAAA-TCP_FORW: name:enp0s3: saddr:16783984: daddr:100932208
[  629.317848] AAAAA-TCP_FORW: name:enp0s3: saddr:16783984: daddr:100932208
[  629.431196] AAAAA-TCP_FORW: name:enp0s3: saddr:16783984: daddr:100932208
[  629.528051] AAAAA-TCP_FORW: name:enp0s3: saddr:16783984: daddr:100932208
[  629.833854] AAAAA-TCP_FORW: name:enp0s3: saddr:33561200: daddr:100932208
[  629.940121] AAAAA-TCP_FORW: name:enp0s3: saddr:33561200: daddr:100932208
[  630.024837] AAAAA-TCP_FORW: name:enp0s3: saddr:33561200: daddr:100932208
[  630.095148] AAAAA-TCP_FORW: name:enp0s3: saddr:33561200: daddr:100932208
[  630.169243] AAAAA-TCP_FORW: name:enp0s3: saddr:33561200: daddr:100932208
[  630.259355] AAAAA-TCP_FORW: name:enp0s3: saddr:33561200: daddr:100932208
[  630.406906] AAAAA-TCP_FORW: name:enp0s3: saddr:33561200: daddr:100932208
[  630.868623] AAAAA-TCP_FORW: name:enp0s3: saddr:33561200: daddr:100932208
[  630.995653] AAAAA-TCP_FORW: name:enp0s3: saddr:33561200: daddr:100932208
[  631.276093] AAAAA-TCP_FORW: name:enp0s3: saddr:33561200: daddr:100932208
[  631.360737] AAAAA-TCP_FORW: name:enp0s3: saddr:16783984: daddr:100932208
[  631.505153] AAAAA-TCP_FORW: name:enp0s3: saddr:16783984: daddr:100932208
[  631.703249] AAAAA-TCP_FORW: name:enp0s3: saddr:16783984: daddr:100932208
[  631.826221] AAAAA-TCP_FORW: name:enp0s3: saddr:16783984: daddr:100932208
[  631.969797] AAAAA-TCP_FORW: name:enp0s3: saddr:33561200: daddr:100932208
[  632.072576] AAAAA-TCP_FORW: name:enp0s3: saddr:16783984: daddr:100932208
[  632.154636] AAAAA-TCP_FORW: name:enp0s3: saddr:16783984: daddr:100932208
[  632.192670] AAAAA-TCP_FORW: name:enp0s3: saddr:16783984: daddr:100932208
[  632.261724] AAAAA-TCP_FORW: name:enp0s3: saddr:16783984: daddr:100932208
[  632.480664] AAAAA-TCP_FORW: name:enp0s3: saddr:16783984: daddr:100932208
[  632.591389] AAAAA-TCP_FORW: name:enp0s3: saddr:16783984: daddr:100932208
[  632.644146] AAAAA-TCP_FORW: name:enp0s3: saddr:16783984: daddr:100932208
[  632.702521] AAAAA-TCP_FORW: name:enp0s3: saddr:16783984: daddr:100932208
[  632.782040] AAAAA-TCP_FORW: name:enp0s3: saddr:33561200: daddr:100932208
[  632.883651] AAAAA-TCP_FORW: name:enp0s3: saddr:16783984: daddr:100932208
[  632.937747] AAAAA-TCP_FORW: name:enp0s3: saddr:33561200: daddr:100932208
[  633.054865] AAAAA-TCP_FORW: name:enp0s3: saddr:16783984: daddr:100932208
[  633.125022] AAAAA-TCP_FORW: name:enp0s3: saddr:16783984: daddr:100932208
[  633.206811] AAAAA-TCP_FORW: name:enp0s3: saddr:16783984: daddr:100932208
[  633.283022] AAAAA-TCP_FORW: name:enp0s3: saddr:16783984: daddr:100932208
[  633.374472] AAAAA-TCP_FORW: name:enp0s3: saddr:16783984: daddr:100932208
[  633.453723] AAAAA-TCP_FORW: name:enp0s3: saddr:16783984: daddr:100932208
[  633.528607] AAAAA-TCP_FORW: name:enp0s3: saddr:16783984: daddr:100932208
[  633.583885] AAAAA-TCP_FORW: name:enp0s3: saddr:16783984: daddr:100932208
[  633.635410] AAAAA-TCP_FORW: name:enp0s3: saddr:33561200: daddr:100932208
[  633.786850] AAAAA-TCP_FORW: name:enp0s3: saddr:33561200: daddr:100932208
[  633.890043] AAAAA-TCP_FORW: name:enp0s3: saddr:33561200: daddr:100932208
[  634.087612] AAAAA-TCP_FORW: name:enp0s3: saddr:33561200: daddr:100932208
[  634.140649] AAAAA-TCP_FORW: name:enp0s3: saddr:33561200: daddr:100932208
[  634.196796] AAAAA-TCP_FORW: name:enp0s3: saddr:33561200: daddr:100932208
[  635.711317] AAAAA-TCP_FORW: name:enp0s3: saddr:33561200: daddr:100932208
[  635.984815] AAAAA-TCP_FORW: name:enp0s3: saddr:33561200: daddr:100932208
[  636.097333] AAAAA-TCP_FORW: name:enp0s3: saddr:33561200: daddr:100932208
[  636.156190] AAAAA-TCP_FORW: name:enp0s3: saddr:33561200: daddr:100932208
[  636.365066] AAAAA-TCP_FORW: name:enp0s3: saddr:33561200: daddr:100932208
[  636.471922] AAAAA-TCP_FORW: name:enp0s3: saddr:33561200: daddr:100932208
[  636.615573] AAAAA-TCP_FORW: name:enp0s3: saddr:33561200: daddr:100932208
[  636.713373] AAAAA-TCP_FORW: name:enp0s3: saddr:33561200: daddr:100932208
[  636.797795] AAAAA-TCP_FORW: name:enp0s3: saddr:33561200: daddr:100932208
[  636.889138] AAAAA-TCP_FORW: name:enp0s3: saddr:33561200: daddr:100932208
[  636.962473] AAAAA-TCP_FORW: name:enp0s3: saddr:33561200: daddr:100932208
[  637.105901] AAAAA-TCP_FORW: name:enp0s3: saddr:33561200: daddr:100932208
[  637.164294] AAAAA-TCP_FORW: name:enp0s3: saddr:33561200: daddr:100932208
[  637.264596] AAAAA-TCP_FORW: name:enp0s3: saddr:16783984: daddr:100932208
[  637.333740] AAAAA-TCP_FORW: name:enp0s3: saddr:16783984: daddr:100932208
[  637.379214] AAAAA-TCP_FORW: name:enp0s3: saddr:16783984: daddr:100932208
[  637.470884] AAAAA-TCP_FORW: name:enp0s3: saddr:16783984: daddr:100932208
[  637.564243] AAAAA-TCP_FORW: name:enp0s3: saddr:16783984: daddr:100932208
[  637.628008] AAAAA-TCP_FORW: name:enp0s3: saddr:16783984: daddr:100932208
[  637.807232] AAAAA-TCP_FORW: name:enp0s3: saddr:16783984: daddr:100932208
[  637.904507] AAAAA-TCP_FORW: name:enp0s3: saddr:16783984: daddr:100932208
[  637.971770] AAAAA-TCP_FORW: name:enp0s3: saddr:16783984: daddr:100932208
[  638.047898] AAAAA-TCP_FORW: name:enp0s3: saddr:16783984: daddr:100932208
[  638.096425] AAAAA-TCP_FORW: name:enp0s3: saddr:16783984: daddr:100932208
[  638.178450] AAAAA-TCP_FORW: name:enp0s3: saddr:16783984: daddr:100932208
[  638.253502] AAAAA-TCP_FORW: name:enp0s3: saddr:16783984: daddr:100932208
[  638.322040] AAAAA-TCP_FORW: name:enp0s3: saddr:16783984: daddr:100932208
[  638.376869] AAAAA-TCP_FORW: name:enp0s3: saddr:16783984: daddr:100932208
[  638.441001] AAAAA-TCP_FORW: name:enp0s3: saddr:16783984: daddr:100932208
[  638.518712] AAAAA-TCP_FORW: name:enp0s3: saddr:16783984: daddr:100932208
[  638.634520] AAAAA-TCP_FORW: name:enp0s3: saddr:16783984: daddr:100932208
[  638.736172] AAAAA-TCP_FORW: name:enp0s3: saddr:16783984: daddr:100932208
[  638.839953] AAAAA-TCP_FORW: name:enp0s3: saddr:16783984: daddr:100932208
[  638.963462] AAAAA-TCP_FORW: name:enp0s3: saddr:16783984: daddr:100932208
[  639.108646] AAAAA-TCP_FORW: name:enp0s3: saddr:16783984: daddr:100932208
[  639.181690] AAAAA-TCP_FORW: name:enp0s3: saddr:16783984: daddr:100932208
[  639.303286] AAAAA-TCP_FORW: name:enp0s3: saddr:16783984: daddr:100932208
[  639.442201] AAAAA-TCP_FORW: name:enp0s3: saddr:16783984: daddr:100932208
[  639.491429] AAAAA-TCP_FORW: name:enp0s3: saddr:16783984: daddr:100932208
[  639.527594] AAAAA-TCP_FORW: name:enp0s3: saddr:16783984: daddr:100932208
[  639.611760] AAAAA-TCP_FORW: name:enp0s3: saddr:16783984: daddr:100932208
[  639.642498] AAAAA-TCP_FORW: name:enp0s3: saddr:16783984: daddr:100932208
[  639.675298] AAAAA-TCP_FORW: name:enp0s3: saddr:16783984: daddr:100932208
[  639.807024] AAAAA-TCP_FORW: name:enp0s3: saddr:33561200: daddr:100932208
[  639.864383] AAAAA-TCP_FORW: name:enp0s3: saddr:33561200: daddr:100932208
[  640.302641] AAAAA-TCP_FORW: name:enp0s3: saddr:33561200: daddr:100932208
[  640.396924] AAAAA-TCP_FORW: name:enp0s3: saddr:33561200: daddr:100932208
[  640.721069] AAAAA-TCP_FORW: name:enp0s3: saddr:16783984: daddr:100932208
[  640.796608] AAAAA-TCP_FORW: name:enp0s3: saddr:16783984: daddr:100932208
[  660.975729] AAAAA-TCP_FORW: name:enp0s3: saddr:100932208: daddr:16783984
[  661.086146] AAAAA-TCP_FORW: name:enp0s3: saddr:16783984: daddr:100932208
[  661.555445] AAAAA-TCP_FORW: name:enp0s3: saddr:100932208: daddr:16783984
[  661.743450] AAAAA-TCP_FORW: name:enp0s3: saddr:100932208: daddr:16783984
[  661.840206] AAAAA-TCP_FORW: name:enp0s3: saddr:100932208: daddr:16783984
[  662.404862] AAAAA-TCP_FORW: name:enp0s3: saddr:100932208: daddr:16783984
[  662.427099] AAAAA-TCP_FORW: name:enp0s3: saddr:16783984: daddr:100932208
[  662.634759] AAAAA-TCP_FORW: name:enp0s3: saddr:100932208: daddr:16783984
[  662.699989] AAAAA-TCP_FORW: name:enp0s3: saddr:16783984: daddr:100932208
[  662.889615] AAAAA-TCP_FORW: name:enp0s3: saddr:16783984: daddr:100932208
[  663.346752] AAAAA-TCP_FORW: name:enp0s3: saddr:100932208: daddr:16783984
[  663.588855] AAAAA-TCP_FORW: name:enp0s3: saddr:16783984: daddr:100932208
[  663.697069] AAAAA-TCP_FORW: name:enp0s3: saddr:100932208: daddr:16783984
[  663.727284] AAAAA-TCP_FORW: name:enp0s3: saddr:16783984: daddr:100932208
[  663.824881] AAAAA-TCP_FORW: name:enp0s3: saddr:100932208: daddr:16783984
[  663.928622] AAAAA-TCP_FORW: name:enp0s3: saddr:100932208: daddr:16783984
[  664.056502] AAAAA-TCP_FORW: name:enp0s3: saddr:100932208: daddr:16783984
[  664.285502] AAAAA-TCP_FORW: name:enp0s3: saddr:100932208: daddr:16783984
[  664.649187] AAAAA-TCP_FORW: name:enp0s3: saddr:16783984: daddr:100932208
[  664.652670] AAAAA-TCP_FORW: name:enp0s3: saddr:100932208: daddr:16783984
[  664.762589] AAAAA-TCP_FORW: name:enp0s3: saddr:100932208: daddr:16783984
[  665.143223] AAAAA-TCP_FORW: name:enp0s3: saddr:16783984: daddr:100932208
[  665.257156] AAAAA-TCP_FORW: name:enp0s3: saddr:100932208: daddr:16783984
[  665.278802] AAAAA-TCP_FORW: name:enp0s3: saddr:16783984: daddr:100932208
[  665.401714] AAAAA-TCP_FORW: name:enp0s3: saddr:16783984: daddr:100932208
[  665.509542] AAAAA-TCP_FORW: name:enp0s3: saddr:100932208: daddr:16783984
[  665.528111] AAAAA-TCP_FORW: name:enp0s3: saddr:100932208: daddr:16783984
[  665.605052] AAAAA-TCP_FORW: name:enp0s3: saddr:16783984: daddr:100932208
[  665.708978] AAAAA-TCP_FORW: name:enp0s3: saddr:16783984: daddr:100932208
[  665.797368] AAAAA-TCP_FORW: name:enp0s3: saddr:100932208: daddr:16783984
[  665.999656] AAAAA-TCP_FORW: name:enp0s3: saddr:16783984: daddr:100932208
[  666.049271] AAAAA-TCP_FORW: name:enp0s3: saddr:100932208: daddr:16783984
[  666.156266] AAAAA-TCP_FORW: name:enp0s3: saddr:16783984: daddr:100932208
[  666.345825] AAAAA-TCP_FORW: name:enp0s3: saddr:100932208: daddr:16783984
[  666.585020] AAAAA-TCP_FORW: name:enp0s3: saddr:100932208: daddr:16783984
[  666.616909] AAAAA-TCP_FORW: name:enp0s3: saddr:16783984: daddr:100932208
[  666.781098] AAAAA-TCP_FORW: name:enp0s3: saddr:100932208: daddr:16783984
[  666.832362] AAAAA-TCP_FORW: name:enp0s3: saddr:100932208: daddr:16783984
[  667.069870] AAAAA-TCP_FORW: name:enp0s3: saddr:100932208: daddr:16783984
[  667.188282] AAAAA-TCP_FORW: name:enp0s3: saddr:100932208: daddr:16783984
[  667.216936] AAAAA-TCP_FORW: name:enp0s3: saddr:16783984: daddr:100932208
[  667.298809] AAAAA-TCP_FORW: name:enp0s3: saddr:100932208: daddr:33561200
[  667.323828] AAAAA-TCP_FORW: name:enp0s3: saddr:16783984: daddr:100932208
[  667.404920] AAAAA-TCP_FORW: name:enp0s3: saddr:100932208: daddr:33561200
[  667.613103] AAAAA-TCP_FORW: name:enp0s3: saddr:100932208: daddr:33561200
[  667.752665] AAAAA-TCP_FORW: name:enp0s3: saddr:16783984: daddr:100932208
[  667.775237] AAAAA-TCP_FORW: name:enp0s3: saddr:100932208: daddr:33561200
[  667.958733] AAAAA-TCP_FORW: name:enp0s3: saddr:100932208: daddr:33561200
[  667.984293] AAAAA-TCP_FORW: name:enp0s3: saddr:100932208: daddr:33561200
[  668.099911] AAAAA-TCP_FORW: name:enp0s3: saddr:16783984: daddr:100932208
[  668.110716] AAAAA-TCP_FORW: name:enp0s3: saddr:100932208: daddr:33561200
[  668.211049] AAAAA-TCP_FORW: name:enp0s3: saddr:100932208: daddr:33561200
[  668.214808] AAAAA-TCP_FORW: name:enp0s3: saddr:100932208: daddr:33561200
[  668.318546] AAAAA-TCP_FORW: name:enp0s3: saddr:100932208: daddr:33561200
[  668.340744] AAAAA-TCP_FORW: name:enp0s3: saddr:16783984: daddr:100932208
[  668.414615] AAAAA-TCP_FORW: name:enp0s3: saddr:100932208: daddr:33561200
[  668.487517] AAAAA-TCP_FORW: name:enp0s3: saddr:100932208: daddr:33561200
[  668.505160] AAAAA-TCP_FORW: name:enp0s3: saddr:16783984: daddr:100932208
[  668.659342] AAAAA-TCP_FORW: name:enp0s3: saddr:16783984: daddr:100932208
[  668.773163] AAAAA-TCP_FORW: name:enp0s3: saddr:16783984: daddr:100932208
[  669.400213] AAAAA-TCP_FORW: name:enp0s3: saddr:16783984: daddr:100932208
[  669.498333] AAAAA-TCP_FORW: name:enp0s3: saddr:16783984: daddr:100932208
[  671.652755] AAAAA-TCP_FORW: name:enp0s3: saddr:100932208: daddr:16783984
[  671.740562] AAAAA-TCP_FORW: name:enp0s3: saddr:100932208: daddr:16783984
[  671.838550] AAAAA-TCP_FORW: name:enp0s3: saddr:100932208: daddr:16783984
[  671.938570] AAAAA-TCP_FORW: name:enp0s3: saddr:100932208: daddr:16783984
[  671.944687] AAAAA-TCP_FORW: name:enp0s3: saddr:100932208: daddr:16783984
[  680.355599] AAAAA-TCP_FORW: name:enp0s3: saddr:16783984: daddr:100932208
[  680.606618] AAAAA-TCP_FORW: name:enp0s3: saddr:16783984: daddr:100932208
[  681.429608] AAAAA-TCP_FORW: name:enp0s3: saddr:16783984: daddr:100932208
[  681.601713] AAAAA-TCP_FORW: name:enp0s3: saddr:16783984: daddr:100932208
[  681.719464] AAAAA-TCP_FORW: name:enp0s3: saddr:16783984: daddr:100932208
[  682.359323] AAAAA-TCP_FORW: name:enp0s3: saddr:16783984: daddr:100932208
[  682.478546] AAAAA-TCP_FORW: name:enp0s3: saddr:16783984: daddr:100932208
[  682.621939] AAAAA-TCP_FORW: name:enp0s3: saddr:16783984: daddr:100932208
[  682.732383] AAAAA-TCP_FORW: name:enp0s3: saddr:16783984: daddr:100932208
[  682.863673] AAAAA-TCP_FORW: name:enp0s3: saddr:16783984: daddr:100932208
[  683.116430] AAAAA-TCP_FORW: name:enp0s3: saddr:16783984: daddr:100932208
[  683.238425] AAAAA-TCP_FORW: name:enp0s3: saddr:16783984: daddr:100932208
[  683.519291] AAAAA-TCP_FORW: name:enp0s3: saddr:16783984: daddr:100932208
[  683.639563] AAAAA-TCP_FORW: name:enp0s3: saddr:16783984: daddr:100932208
[  683.939065] AAAAA-TCP_FORW: name:enp0s3: saddr:16783984: daddr:100932208
[  684.067571] AAAAA-TCP_FORW: name:enp0s3: saddr:16783984: daddr:100932208
[  684.168666] AAAAA-TCP_FORW: name:enp0s3: saddr:16783984: daddr:100932208
[  684.230290] AAAAA-TCP_FORW: name:enp0s3: saddr:16783984: daddr:100932208
[  684.423459] AAAAA-TCP_FORW: name:enp0s3: saddr:16783984: daddr:100932208
[  684.796646] AAAAA-TCP_FORW: name:enp0s3: saddr:16783984: daddr:100932208
[  684.977182] AAAAA-TCP_FORW: name:enp0s3: saddr:16783984: daddr:100932208
[  685.141425] AAAAA-TCP_FORW: name:enp0s3: saddr:16783984: daddr:100932208
[  685.242527] AAAAA-TCP_FORW: name:enp0s3: saddr:16783984: daddr:100932208
[  685.385192] AAAAA-TCP_FORW: name:enp0s3: saddr:16783984: daddr:100932208
[  685.585241] AAAAA-TCP_FORW: name:enp0s3: saddr:16783984: daddr:100932208
[  685.648517] AAAAA-TCP_FORW: name:enp0s3: saddr:16783984: daddr:100932208
[  685.870443] AAAAA-TCP_FORW: name:enp0s3: saddr:16783984: daddr:100932208
[  685.977515] AAAAA-TCP_FORW: name:enp0s3: saddr:16783984: daddr:100932208
[  686.094525] AAAAA-TCP_FORW: name:enp0s3: saddr:16783984: daddr:100932208
[  686.301992] AAAAA-TCP_FORW: name:enp0s3: saddr:16783984: daddr:100932208
[  686.437654] AAAAA-TCP_FORW: name:enp0s3: saddr:33561200: daddr:100932208
[  686.589027] AAAAA-TCP_FORW: name:enp0s3: saddr:16783984: daddr:100932208
[  686.752234] AAAAA-TCP_FORW: name:enp0s3: saddr:16783984: daddr:100932208
[  686.907387] AAAAA-TCP_FORW: name:enp0s3: saddr:16783984: daddr:100932208
[  687.051373] AAAAA-TCP_FORW: name:enp0s3: saddr:16783984: daddr:100932208
[  687.295893] AAAAA-TCP_FORW: name:enp0s3: saddr:16783984: daddr:100932208
[  687.734261] AAAAA-TCP_FORW: name:enp0s3: saddr:16783984: daddr:100932208
[  687.829078] AAAAA-TCP_FORW: name:enp0s3: saddr:16783984: daddr:100932208
[  688.035889] AAAAA-TCP_FORW: name:enp0s3: saddr:16783984: daddr:100932208
[  688.157132] AAAAA-TCP_FORW: name:enp0s3: saddr:16783984: daddr:100932208
[  688.237016] AAAAA-TCP_FORW: name:enp0s3: saddr:16783984: daddr:100932208
[  688.351229] AAAAA-TCP_FORW: name:enp0s3: saddr:16783984: daddr:100932208
[  688.504304] AAAAA-TCP_FORW: name:enp0s3: saddr:16783984: daddr:100932208
[  688.658809] AAAAA-TCP_FORW: name:enp0s3: saddr:16783984: daddr:100932208
[  688.778503] AAAAA-TCP_FORW: name:enp0s3: saddr:16783984: daddr:100932208
[  688.893306] AAAAA-TCP_FORW: name:enp0s3: saddr:16783984: daddr:100932208
[  689.093104] AAAAA-TCP_FORW: name:enp0s3: saddr:33561200: daddr:100932208
[  689.180016] AAAAA-TCP_FORW: name:enp0s3: saddr:33561200: daddr:100932208
[  689.278961] AAAAA-TCP_FORW: name:enp0s3: saddr:33561200: daddr:100932208
[  689.484907] AAAAA-TCP_FORW: name:enp0s3: saddr:16783984: daddr:100932208
[  689.624642] AAAAA-TCP_FORW: name:enp0s3: saddr:16783984: daddr:100932208
[  689.730939] AAAAA-TCP_FORW: name:enp0s3: saddr:16783984: daddr:100932208
[  689.883224] AAAAA-TCP_FORW: name:enp0s3: saddr:16783984: daddr:100932208
[  689.981228] AAAAA-TCP_FORW: name:enp0s3: saddr:16783984: daddr:100932208
[  690.277288] AAAAA-TCP_FORW: name:enp0s3: saddr:16783984: daddr:100932208
[  690.404475] AAAAA-TCP_FORW: name:enp0s3: saddr:16783984: daddr:100932208
[  690.502803] AAAAA-TCP_FORW: name:enp0s3: saddr:16783984: daddr:100932208
[  690.682646] AAAAA-TCP_FORW: name:enp0s3: saddr:16783984: daddr:100932208
[  690.765410] AAAAA-TCP_FORW: name:enp0s3: saddr:16783984: daddr:100932208
[  690.891853] AAAAA-TCP_FORW: name:enp0s3: saddr:16783984: daddr:100932208
[  691.007309] AAAAA-TCP_FORW: name:enp0s3: saddr:16783984: daddr:100932208
[  691.170736] AAAAA-TCP_FORW: name:enp0s3: saddr:16783984: daddr:100932208
[  691.325278] AAAAA-TCP_FORW: name:enp0s3: saddr:16783984: daddr:100932208
[  691.574769] AAAAA-TCP_FORW: name:enp0s3: saddr:33561200: daddr:100932208
[  691.671175] AAAAA-TCP_FORW: name:enp0s3: saddr:33561200: daddr:100932208
[  691.756801] AAAAA-TCP_FORW: name:enp0s3: saddr:33561200: daddr:100932208
[  691.844603] AAAAA-TCP_FORW: name:enp0s3: saddr:33561200: daddr:100932208
[  691.947194] AAAAA-TCP_FORW: name:enp0s3: saddr:16783984: daddr:100932208
[  692.042510] AAAAA-TCP_FORW: name:enp0s3: saddr:16783984: daddr:100932208
[  692.132575] AAAAA-TCP_FORW: name:enp0s3: saddr:16783984: daddr:100932208
[  692.391825] AAAAA-TCP_FORW: name:enp0s3: saddr:16783984: daddr:100932208
[  692.470725] AAAAA-TCP_FORW: name:enp0s3: saddr:16783984: daddr:100932208
[  692.621622] AAAAA-TCP_FORW: name:enp0s3: saddr:16783984: daddr:100932208
[  692.870796] AAAAA-TCP_FORW: name:enp0s3: saddr:16783984: daddr:100932208
[  693.017166] AAAAA-TCP_FORW: name:enp0s3: saddr:16783984: daddr:100932208
[  693.302106] AAAAA-TCP_FORW: name:enp0s3: saddr:16783984: daddr:100932208
[  693.487737] AAAAA-TCP_FORW: name:enp0s3: saddr:33561200: daddr:100932208
[  693.625549] AAAAA-TCP_FORW: name:enp0s3: saddr:33561200: daddr:100932208
[  693.775929] AAAAA-TCP_FORW: name:enp0s3: saddr:33561200: daddr:100932208
[  693.907103] AAAAA-TCP_FORW: name:enp0s3: saddr:33561200: daddr:100932208
[  694.021881] AAAAA-TCP_FORW: name:enp0s3: saddr:33561200: daddr:100932208
[  694.113003] AAAAA-TCP_FORW: name:enp0s3: saddr:33561200: daddr:100932208
[  694.214777] AAAAA-TCP_FORW: name:enp0s3: saddr:33561200: daddr:100932208
[  694.331627] AAAAA-TCP_FORW: name:enp0s3: saddr:16783984: daddr:100932208
[  694.429211] AAAAA-TCP_FORW: name:enp0s3: saddr:16783984: daddr:100932208
[  694.545730] AAAAA-TCP_FORW: name:enp0s3: saddr:16783984: daddr:100932208
[  694.675626] AAAAA-TCP_FORW: name:enp0s3: saddr:16783984: daddr:100932208
[  694.707961] AAAAA-TCP_FORW: name:enp0s3: saddr:16783984: daddr:100932208
[  694.809212] AAAAA-TCP_FORW: name:enp0s3: saddr:16783984: daddr:100932208
[  694.894394] AAAAA-TCP_FORW: name:enp0s3: saddr:16783984: daddr:100932208
[  694.953623] AAAAA-TCP_FORW: name:enp0s3: saddr:16783984: daddr:100932208
[  695.032489] AAAAA-TCP_FORW: name:enp0s3: saddr:16783984: daddr:100932208
[  695.069013] AAAAA-TCP_FORW: name:enp0s3: saddr:16783984: daddr:100932208
[  695.132870] AAAAA-TCP_FORW: name:enp0s3: saddr:33561200: daddr:100932208
[  695.182852] AAAAA-TCP_FORW: name:enp0s3: saddr:33561200: daddr:100932208
[  695.335638] AAAAA-TCP_FORW: name:enp0s3: saddr:33561200: daddr:100932208
[  695.434851] AAAAA-TCP_FORW: name:enp0s3: saddr:33561200: daddr:100932208
[  695.557329] AAAAA-TCP_FORW: name:enp0s3: saddr:33561200: daddr:100932208
[  695.714064] AAAAA-TCP_FORW: name:enp0s3: saddr:33561200: daddr:100932208
[  695.796984] AAAAA-TCP_FORW: name:enp0s3: saddr:33561200: daddr:100932208
[  695.878955] AAAAA-TCP_FORW: name:enp0s3: saddr:33561200: daddr:100932208
[  695.990757] AAAAA-TCP_FORW: name:enp0s3: saddr:16783984: daddr:100932208
[  696.090635] AAAAA-TCP_FORW: name:enp0s3: saddr:16783984: daddr:100932208
[  696.171252] AAAAA-TCP_FORW: name:enp0s3: saddr:16783984: daddr:100932208
[  696.263184] AAAAA-TCP_FORW: name:enp0s3: saddr:16783984: daddr:100932208
[  696.381533] AAAAA-TCP_FORW: name:enp0s3: saddr:16783984: daddr:100932208
[  696.479148] AAAAA-TCP_FORW: name:enp0s3: saddr:16783984: daddr:100932208
[  696.563771] AAAAA-TCP_FORW: name:enp0s3: saddr:16783984: daddr:100932208
[  696.678359] AAAAA-TCP_FORW: name:enp0s3: saddr:16783984: daddr:100932208
[  696.794679] AAAAA-TCP_FORW: name:enp0s3: saddr:16783984: daddr:100932208
[  696.867303] AAAAA-TCP_FORW: name:enp0s3: saddr:16783984: daddr:100932208
[  696.950565] AAAAA-TCP_FORW: name:enp0s3: saddr:33561200: daddr:100932208
[  697.047674] AAAAA-TCP_FORW: name:enp0s3: saddr:33561200: daddr:100932208
[  697.170910] AAAAA-TCP_FORW: name:enp0s3: saddr:33561200: daddr:100932208
[  697.249138] AAAAA-TCP_FORW: name:enp0s3: saddr:33561200: daddr:100932208
[  697.331237] AAAAA-TCP_FORW: name:enp0s3: saddr:33561200: daddr:100932208
[  697.440571] AAAAA-TCP_FORW: name:enp0s3: saddr:33561200: daddr:100932208
[  697.575334] AAAAA-TCP_FORW: name:enp0s3: saddr:33561200: daddr:100932208
[  697.664630] AAAAA-TCP_FORW: name:enp0s3: saddr:33561200: daddr:100932208
[  697.774868] AAAAA-TCP_FORW: name:enp0s3: saddr:16783984: daddr:100932208
[  697.884219] AAAAA-TCP_FORW: name:enp0s3: saddr:16783984: daddr:100932208
[  698.001098] AAAAA-TCP_FORW: name:enp0s3: saddr:16783984: daddr:100932208
[  698.187395] AAAAA-TCP_FORW: name:enp0s3: saddr:16783984: daddr:100932208
[  698.318951] AAAAA-TCP_FORW: name:enp0s3: saddr:16783984: daddr:100932208
[  698.488112] AAAAA-TCP_FORW: name:enp0s3: saddr:16783984: daddr:100932208
[  698.641572] AAAAA-TCP_FORW: name:enp0s3: saddr:16783984: daddr:100932208
[  698.842875] AAAAA-TCP_FORW: name:enp0s3: saddr:16783984: daddr:100932208
[  699.040018] AAAAA-TCP_FORW: name:enp0s3: saddr:16783984: daddr:100932208
[  699.129547] AAAAA-TCP_FORW: name:enp0s3: saddr:16783984: daddr:100932208
[  699.353544] AAAAA-TCP_FORW: name:enp0s3: saddr:33561200: daddr:100932208
[  699.468863] AAAAA-TCP_FORW: name:enp0s3: saddr:33561200: daddr:100932208
[  699.620797] AAAAA-TCP_FORW: name:enp0s3: saddr:33561200: daddr:100932208
[  699.776263] AAAAA-TCP_FORW: name:enp0s3: saddr:33561200: daddr:100932208
[  699.890686] AAAAA-TCP_FORW: name:enp0s3: saddr:33561200: daddr:100932208
[  700.007350] AAAAA-TCP_FORW: name:enp0s3: saddr:33561200: daddr:100932208
[  700.140053] AAAAA-TCP_FORW: name:enp0s3: saddr:33561200: daddr:100932208
[  700.295470] AAAAA-TCP_FORW: name:enp0s3: saddr:33561200: daddr:100932208
[  700.394767] AAAAA-TCP_FORW: name:enp0s3: saddr:16783984: daddr:100932208
[  700.561769] AAAAA-TCP_FORW: name:enp0s3: saddr:16783984: daddr:100932208
[  700.775672] AAAAA-TCP_FORW: name:enp0s3: saddr:16783984: daddr:100932208
[  701.036736] AAAAA-TCP_FORW: name:enp0s3: saddr:16783984: daddr:100932208
[  701.128716] AAAAA-TCP_FORW: name:enp0s3: saddr:16783984: daddr:100932208
[  701.279815] AAAAA-TCP_FORW: name:enp0s3: saddr:16783984: daddr:100932208
[  701.410962] AAAAA-TCP_FORW: name:enp0s3: saddr:16783984: daddr:100932208
[  701.527076] AAAAA-TCP_FORW: name:enp0s3: saddr:16783984: daddr:100932208
[  701.618982] AAAAA-TCP_FORW: name:enp0s3: saddr:16783984: daddr:100932208
[  701.799192] AAAAA-TCP_FORW: name:enp0s3: saddr:33561200: daddr:100932208
[  701.926555] AAAAA-TCP_FORW: name:enp0s3: saddr:33561200: daddr:100932208
[  702.060919] AAAAA-TCP_FORW: name:enp0s3: saddr:33561200: daddr:100932208
[  702.184177] AAAAA-TCP_FORW: name:enp0s3: saddr:33561200: daddr:100932208
[  702.283254] AAAAA-TCP_FORW: name:enp0s3: saddr:33561200: daddr:100932208
[  702.403874] AAAAA-TCP_FORW: name:enp0s3: saddr:33561200: daddr:100932208
[  702.480460] AAAAA-TCP_FORW: name:enp0s3: saddr:33561200: daddr:100932208
[  702.657922] AAAAA-TCP_FORW: name:enp0s3: saddr:33561200: daddr:100932208
[  702.869825] AAAAA-TCP_FORW: name:enp0s3: saddr:16783984: daddr:100932208
[  702.987793] AAAAA-TCP_FORW: name:enp0s3: saddr:16783984: daddr:100932208
[  703.075189] AAAAA-TCP_FORW: name:enp0s3: saddr:16783984: daddr:100932208
[  703.184935] AAAAA-TCP_FORW: name:enp0s3: saddr:16783984: daddr:100932208
[  703.264437] AAAAA-TCP_FORW: name:enp0s3: saddr:16783984: daddr:100932208
[  703.379643] AAAAA-TCP_FORW: name:enp0s3: saddr:16783984: daddr:100932208
[  703.505924] AAAAA-TCP_FORW: name:enp0s3: saddr:16783984: daddr:100932208
[  703.681551] AAAAA-TCP_FORW: name:enp0s3: saddr:16783984: daddr:100932208
[  703.929343] AAAAA-TCP_FORW: name:enp0s3: saddr:16783984: daddr:100932208
[  704.055147] AAAAA-TCP_FORW: name:enp0s3: saddr:16783984: daddr:100932208
[  704.209334] AAAAA-TCP_FORW: name:enp0s3: saddr:33561200: daddr:100932208
[  704.412466] AAAAA-TCP_FORW: name:enp0s3: saddr:33561200: daddr:100932208
[  704.541039] AAAAA-TCP_FORW: name:enp0s3: saddr:33561200: daddr:100932208
[  704.650986] AAAAA-TCP_FORW: name:enp0s3: saddr:33561200: daddr:100932208
[  704.850095] AAAAA-TCP_FORW: name:enp0s3: saddr:33561200: daddr:100932208
[  705.220771] AAAAA-TCP_FORW: name:enp0s3: saddr:16783984: daddr:100932208
[  705.333172] AAAAA-TCP_FORW: name:enp0s3: saddr:16783984: daddr:100932208
[  705.608586] AAAAA-TCP_FORW: name:enp0s3: saddr:16783984: daddr:100932208
[  706.135467] AAAAA-TCP_FORW: name:enp0s3: saddr:16783984: daddr:100932208
[  706.242570] AAAAA-TCP_FORW: name:enp0s3: saddr:16783984: daddr:100932208
[  706.370822] AAAAA-TCP_FORW: name:enp0s3: saddr:33561200: daddr:100932208
[  706.460825] AAAAA-TCP_FORW: name:enp0s3: saddr:33561200: daddr:100932208
[  706.772491] AAAAA-TCP_FORW: name:enp0s3: saddr:33561200: daddr:100932208
[  706.905792] AAAAA-TCP_FORW: name:enp0s3: saddr:33561200: daddr:100932208
[  707.175826] AAAAA-TCP_FORW: name:enp0s3: saddr:16783984: daddr:100932208
[  707.272266] AAAAA-TCP_FORW: name:enp0s3: saddr:16783984: daddr:100932208
[  707.547895] AAAAA-TCP_FORW: name:enp0s3: saddr:16783984: daddr:100932208
[  707.979567] AAAAA-TCP_FORW: name:enp0s3: saddr:16783984: daddr:100932208
[  708.288815] AAAAA-TCP_FORW: name:enp0s3: saddr:16783984: daddr:100932208
[  708.415152] AAAAA-TCP_FORW: name:enp0s3: saddr:33561200: daddr:100932208
[  708.603888] AAAAA-TCP_FORW: name:enp0s3: saddr:33561200: daddr:100932208
[  708.903667] AAAAA-TCP_FORW: name:enp0s3: saddr:33561200: daddr:100932208
[  709.044515] AAAAA-TCP_FORW: name:enp0s3: saddr:33561200: daddr:100932208
[  709.402160] AAAAA-TCP_FORW: name:enp0s3: saddr:16783984: daddr:100932208
[  709.486278] AAAAA-TCP_FORW: name:enp0s3: saddr:16783984: daddr:100932208
[  709.784181] AAAAA-TCP_FORW: name:enp0s3: saddr:16783984: daddr:100932208
[  710.150827] AAAAA-TCP_FORW: name:enp0s3: saddr:100932208: daddr:16783984
[  710.213665] AAAAA-TCP_FORW: name:enp0s3: saddr:16783984: daddr:100932208
[  710.404661] AAAAA-TCP_FORW: name:enp0s3: saddr:100932208: daddr:16783984
[  710.468179] AAAAA-TCP_FORW: name:enp0s3: saddr:16783984: daddr:100932208
[  710.544688] AAAAA-TCP_FORW: name:enp0s3: saddr:100932208: daddr:33561200
[  710.665897] AAAAA-TCP_FORW: name:enp0s3: saddr:33561200: daddr:100932208
[  710.695814] AAAAA-TCP_FORW: name:enp0s3: saddr:100932208: daddr:33561200
[  710.769308] AAAAA-TCP_FORW: name:enp0s3: saddr:33561200: daddr:100932208
[  710.996311] AAAAA-TCP_FORW: name:enp0s3: saddr:100932208: daddr:33561200
[  711.045530] AAAAA-TCP_FORW: name:enp0s3: saddr:33561200: daddr:100932208
[  711.109357] AAAAA-TCP_FORW: name:enp0s3: saddr:100932208: daddr:33561200
[  711.138577] AAAAA-TCP_FORW: name:enp0s3: saddr:33561200: daddr:100932208
[  711.473101] AAAAA-TCP_FORW: name:enp0s3: saddr:100932208: daddr:16783984
[  711.549489] AAAAA-TCP_FORW: name:enp0s3: saddr:16783984: daddr:100932208
[  711.568081] AAAAA-TCP_FORW: name:enp0s3: saddr:100932208: daddr:16783984
[  711.655207] AAAAA-TCP_FORW: name:enp0s3: saddr:100932208: daddr:16783984
[  711.701481] AAAAA-TCP_FORW: name:enp0s3: saddr:16783984: daddr:100932208
[  711.768770] AAAAA-TCP_FORW: name:enp0s3: saddr:16783984: daddr:100932208
[  711.967552] AAAAA-TCP_FORW: name:enp0s3: saddr:100932208: daddr:16783984
[  711.984720] AAAAA-TCP_FORW: name:enp0s3: saddr:16783984: daddr:100932208
[  712.084514] AAAAA-TCP_FORW: name:enp0s3: saddr:100932208: daddr:16783984
[  712.093582] AAAAA-TCP_FORW: name:enp0s3: saddr:16783984: daddr:100932208
[  712.259583] AAAAA-TCP_FORW: name:enp0s3: saddr:100932208: daddr:33561200
[  712.326524] AAAAA-TCP_FORW: name:enp0s3: saddr:33561200: daddr:100932208
[  712.373839] AAAAA-TCP_FORW: name:enp0s3: saddr:100932208: daddr:33561200
[  712.464105] AAAAA-TCP_FORW: name:enp0s3: saddr:33561200: daddr:100932208
[  712.561324] AAAAA-TCP_FORW: name:enp0s3: saddr:100932208: daddr:33561200
[  712.568445] AAAAA-TCP_FORW: name:enp0s3: saddr:33561200: daddr:100932208
[  712.703168] AAAAA-TCP_FORW: name:enp0s3: saddr:100932208: daddr:33561200
[  712.714092] AAAAA-TCP_FORW: name:enp0s3: saddr:33561200: daddr:100932208
[  712.880841] AAAAA-TCP_FORW: name:enp0s3: saddr:100932208: daddr:16783984
[  712.889195] AAAAA-TCP_FORW: name:enp0s3: saddr:16783984: daddr:100932208
[  712.930122] AAAAA-TCP_FORW: name:enp0s3: saddr:100932208: daddr:16783984
[  712.997084] AAAAA-TCP_FORW: name:enp0s3: saddr:16783984: daddr:100932208
[  713.012442] AAAAA-TCP_FORW: name:enp0s3: saddr:100932208: daddr:16783984
[  713.103268] AAAAA-TCP_FORW: name:enp0s3: saddr:100932208: daddr:16783984
[  713.122468] AAAAA-TCP_FORW: name:enp0s3: saddr:16783984: daddr:100932208
[  713.153067] AAAAA-TCP_FORW: name:enp0s3: saddr:100932208: daddr:16783984
[  713.182233] AAAAA-TCP_FORW: name:enp0s3: saddr:16783984: daddr:100932208
[  713.192971] AAAAA-TCP_FORW: name:enp0s3: saddr:100932208: daddr:33561200
[  713.285465] AAAAA-TCP_FORW: name:enp0s3: saddr:16783984: daddr:100932208
[  713.295564] AAAAA-TCP_FORW: name:enp0s3: saddr:100932208: daddr:33561200
[  713.358140] AAAAA-TCP_FORW: name:enp0s3: saddr:100932208: daddr:33561200
[  713.395324] AAAAA-TCP_FORW: name:enp0s3: saddr:33561200: daddr:100932208
[  713.435351] AAAAA-TCP_FORW: name:enp0s3: saddr:100932208: daddr:33561200
[  713.490373] AAAAA-TCP_FORW: name:enp0s3: saddr:100932208: daddr:16783984
[  713.522078] AAAAA-TCP_FORW: name:enp0s3: saddr:33561200: daddr:100932208
[  713.542413] AAAAA-TCP_FORW: name:enp0s3: saddr:100932208: daddr:16783984
[  713.566735] AAAAA-TCP_FORW: name:enp0s3: saddr:100932208: daddr:16783984
[  713.595307] AAAAA-TCP_FORW: name:enp0s3: saddr:33561200: daddr:100932208
[  713.616021] AAAAA-TCP_FORW: name:enp0s3: saddr:100932208: daddr:16783984
[  713.662905] AAAAA-TCP_FORW: name:enp0s3: saddr:100932208: daddr:16783984
[  713.679329] AAAAA-TCP_FORW: name:enp0s3: saddr:33561200: daddr:100932208
[  713.708718] AAAAA-TCP_FORW: name:enp0s3: saddr:100932208: daddr:16783984
[  713.728724] AAAAA-TCP_FORW: name:enp0s3: saddr:16783984: daddr:100932208
[  713.744888] AAAAA-TCP_FORW: name:enp0s3: saddr:100932208: daddr:33561200
[  713.821048] AAAAA-TCP_FORW: name:enp0s3: saddr:100932208: daddr:33561200
[  713.834237] AAAAA-TCP_FORW: name:enp0s3: saddr:16783984: daddr:100932208
[  713.909470] AAAAA-TCP_FORW: name:enp0s3: saddr:100932208: daddr:33561200
[  714.017591] AAAAA-TCP_FORW: name:enp0s3: saddr:16783984: daddr:100932208
[  714.124608] AAAAA-TCP_FORW: name:enp0s3: saddr:100932208: daddr:33561200
[  714.160383] AAAAA-TCP_FORW: name:enp0s3: saddr:16783984: daddr:100932208
[  714.205523] AAAAA-TCP_FORW: name:enp0s3: saddr:16783984: daddr:100932208
[  714.246281] AAAAA-TCP_FORW: name:enp0s3: saddr:33561200: daddr:100932208
[  714.319471] AAAAA-TCP_FORW: name:enp0s3: saddr:16783984: daddr:100932208
[  714.355930] AAAAA-TCP_FORW: name:enp0s3: saddr:16783984: daddr:100932208
[  714.414764] AAAAA-TCP_FORW: name:enp0s3: saddr:33561200: daddr:100932208
[  714.448750] AAAAA-TCP_FORW: name:enp0s3: saddr:33561200: daddr:100932208
[  714.485928] AAAAA-TCP_FORW: name:enp0s3: saddr:16783984: daddr:100932208
[  714.530444] AAAAA-TCP_FORW: name:enp0s3: saddr:33561200: daddr:100932208
[  714.603409] AAAAA-TCP_FORW: name:enp0s3: saddr:16783984: daddr:100932208
[  714.651766] AAAAA-TCP_FORW: name:enp0s3: saddr:33561200: daddr:100932208
[  714.713100] AAAAA-TCP_FORW: name:enp0s3: saddr:16783984: daddr:100932208
[  714.796764] AAAAA-TCP_FORW: name:enp0s3: saddr:16783984: daddr:100932208
[  714.892417] AAAAA-TCP_FORW: name:enp0s3: saddr:33561200: daddr:100932208
[  714.979195] AAAAA-TCP_FORW: name:enp0s3: saddr:33561200: daddr:100932208
[  715.114004] AAAAA-TCP_FORW: name:enp0s3: saddr:16783984: daddr:100932208
[  715.273153] AAAAA-TCP_FORW: name:enp0s3: saddr:16783984: daddr:100932208
[  715.352901] AAAAA-TCP_FORW: name:enp0s3: saddr:33561200: daddr:100932208
[  715.443278] AAAAA-TCP_FORW: name:enp0s3: saddr:33561200: daddr:100932208
[  715.652552] AAAAA-TCP_FORW: name:enp0s3: saddr:33561200: daddr:100932208
[  715.834673] AAAAA-TCP_FORW: name:enp0s3: saddr:33561200: daddr:100932208
[  715.897659] AAAAA-TCP_FORW: name:enp0s3: saddr:16783984: daddr:100932208
[  715.994728] AAAAA-TCP_FORW: name:enp0s3: saddr:33561200: daddr:100932208
[  716.111438] AAAAA-TCP_FORW: name:enp0s3: saddr:16783984: daddr:100932208
[  716.302661] AAAAA-TCP_FORW: name:enp0s3: saddr:16783984: daddr:100932208
[  716.381673] AAAAA-TCP_FORW: name:enp0s3: saddr:33561200: daddr:100932208
[  716.465987] AAAAA-TCP_FORW: name:enp0s3: saddr:33561200: daddr:100932208
[  716.506068] AAAAA-TCP_FORW: name:enp0s3: saddr:33561200: daddr:100932208
[  716.585700] AAAAA-TCP_FORW: name:enp0s3: saddr:33561200: daddr:100932208
[  716.760616] AAAAA-TCP_FORW: name:enp0s3: saddr:16783984: daddr:100932208
[  716.927404] AAAAA-TCP_FORW: name:enp0s3: saddr:33561200: daddr:100932208
[  717.017369] AAAAA-TCP_FORW: name:enp0s3: saddr:16783984: daddr:100932208
[  717.148503] AAAAA-TCP_FORW: name:enp0s3: saddr:16783984: daddr:100932208
[  717.276571] AAAAA-TCP_FORW: name:enp0s3: saddr:33561200: daddr:100932208
[  717.353880] AAAAA-TCP_FORW: name:enp0s3: saddr:33561200: daddr:100932208
[  717.378224] AAAAA-TCP_FORW: name:enp0s3: saddr:16783984: daddr:100932208
[  717.472919] AAAAA-TCP_FORW: name:enp0s3: saddr:33561200: daddr:100932208
[  717.565440] AAAAA-TCP_FORW: name:enp0s3: saddr:33561200: daddr:100932208
[  717.675621] AAAAA-TCP_FORW: name:enp0s3: saddr:16783984: daddr:100932208
[  717.760126] AAAAA-TCP_FORW: name:enp0s3: saddr:33561200: daddr:100932208
[  717.917938] AAAAA-TCP_FORW: name:enp0s3: saddr:16783984: daddr:100932208
[  718.029399] AAAAA-TCP_FORW: name:enp0s3: saddr:16783984: daddr:100932208
[  718.109041] AAAAA-TCP_FORW: name:enp0s3: saddr:33561200: daddr:100932208
[  718.232056] AAAAA-TCP_FORW: name:enp0s3: saddr:33561200: daddr:100932208
[  718.388402] AAAAA-TCP_FORW: name:enp0s3: saddr:33561200: daddr:100932208
[  718.433283] AAAAA-TCP_FORW: name:enp0s3: saddr:16783984: daddr:100932208
[  718.548447] AAAAA-TCP_FORW: name:enp0s3: saddr:16783984: daddr:100932208
[  718.734363] AAAAA-TCP_FORW: name:enp0s3: saddr:33561200: daddr:100932208
[  718.811801] AAAAA-TCP_FORW: name:enp0s3: saddr:16783984: daddr:100932208
[  718.999969] AAAAA-TCP_FORW: name:enp0s3: saddr:16783984: daddr:100932208
[  719.267900] AAAAA-TCP_FORW: name:enp0s3: saddr:33561200: daddr:100932208
[  719.457547] AAAAA-TCP_FORW: name:enp0s3: saddr:33561200: daddr:100932208
[  719.572363] AAAAA-TCP_FORW: name:enp0s3: saddr:16783984: daddr:100932208
[  719.703216] AAAAA-TCP_FORW: name:enp0s3: saddr:16783984: daddr:100932208
[  719.832220] AAAAA-TCP_FORW: name:enp0s3: saddr:16783984: daddr:100932208
[  719.887867] AAAAA-TCP_FORW: name:enp0s3: saddr:33561200: daddr:100932208
[  720.092867] AAAAA-TCP_FORW: name:enp0s3: saddr:33561200: daddr:100932208
[  720.160986] AAAAA-TCP_FORW: name:enp0s3: saddr:16783984: daddr:100932208
[  720.298994] AAAAA-TCP_FORW: name:enp0s3: saddr:33561200: daddr:100932208
[  720.424340] AAAAA-TCP_FORW: name:enp0s3: saddr:16783984: daddr:100932208
[  720.560544] AAAAA-TCP_FORW: name:enp0s3: saddr:16783984: daddr:100932208
[  720.722888] AAAAA-TCP_FORW: name:enp0s3: saddr:16783984: daddr:100932208
[  720.829365] AAAAA-TCP_FORW: name:enp0s3: saddr:33561200: daddr:100932208
[  720.995419] AAAAA-TCP_FORW: name:enp0s3: saddr:33561200: daddr:100932208
[  721.106674] AAAAA-TCP_FORW: name:enp0s3: saddr:16783984: daddr:100932208
[  721.182188] AAAAA-TCP_FORW: name:enp0s3: saddr:33561200: daddr:100932208
[  721.273384] AAAAA-TCP_FORW: name:enp0s3: saddr:16783984: daddr:100932208
[  721.435730] AAAAA-TCP_FORW: name:enp0s3: saddr:16783984: daddr:100932208
[  721.544049] AAAAA-TCP_FORW: name:enp0s3: saddr:16783984: daddr:100932208
[  721.666461] AAAAA-TCP_FORW: name:enp0s3: saddr:33561200: daddr:100932208
[  721.815715] AAAAA-TCP_FORW: name:enp0s3: saddr:33561200: daddr:100932208
[  721.988840] AAAAA-TCP_FORW: name:enp0s3: saddr:33561200: daddr:100932208
[  722.028359] AAAAA-TCP_FORW: name:enp0s3: saddr:16783984: daddr:100932208
[  722.174833] AAAAA-TCP_FORW: name:enp0s3: saddr:16783984: daddr:100932208
[  722.287946] AAAAA-TCP_FORW: name:enp0s3: saddr:16783984: daddr:100932208
[  722.402908] AAAAA-TCP_FORW: name:enp0s3: saddr:16783984: daddr:100932208
[  722.569199] AAAAA-TCP_FORW: name:enp0s3: saddr:33561200: daddr:100932208
[  722.646020] AAAAA-TCP_FORW: name:enp0s3: saddr:16783984: daddr:100932208
[  722.715320] AAAAA-TCP_FORW: name:enp0s3: saddr:33561200: daddr:100932208
[  722.814255] AAAAA-TCP_FORW: name:enp0s3: saddr:33561200: daddr:100932208
[  722.963242] AAAAA-TCP_FORW: name:enp0s3: saddr:16783984: daddr:100932208
[  723.028538] AAAAA-TCP_FORW: name:enp0s3: saddr:33561200: daddr:100932208
[  723.114780] AAAAA-TCP_FORW: name:enp0s3: saddr:16783984: daddr:100932208
[  723.243064] AAAAA-TCP_FORW: name:enp0s3: saddr:16783984: daddr:100932208
[  723.421189] AAAAA-TCP_FORW: name:enp0s3: saddr:33561200: daddr:100932208
[  723.470235] AAAAA-TCP_FORW: name:enp0s3: saddr:16783984: daddr:100932208
[  723.692760] AAAAA-TCP_FORW: name:enp0s3: saddr:33561200: daddr:100932208
[  723.768175] AAAAA-TCP_FORW: name:enp0s3: saddr:16783984: daddr:100932208
[  723.906969] AAAAA-TCP_FORW: name:enp0s3: saddr:16783984: daddr:100932208
[  723.966029] AAAAA-TCP_FORW: name:enp0s3: saddr:33561200: daddr:100932208
[  724.234959] AAAAA-TCP_FORW: name:enp0s3: saddr:16783984: daddr:100932208
[  724.299310] AAAAA-TCP_FORW: name:enp0s3: saddr:33561200: daddr:100932208
[  724.379823] AAAAA-TCP_FORW: name:enp0s3: saddr:16783984: daddr:100932208
[  724.461246] AAAAA-TCP_FORW: name:enp0s3: saddr:33561200: daddr:100932208
[  724.621702] AAAAA-TCP_FORW: name:enp0s3: saddr:33561200: daddr:100932208
[  724.705970] AAAAA-TCP_FORW: name:enp0s3: saddr:16783984: daddr:100932208
[  724.760572] AAAAA-TCP_FORW: name:enp0s3: saddr:16783984: daddr:100932208
[  743.804234] AAAAA-TCP_FORW: name:enp0s3: saddr:100932208: daddr:33561200
[  743.854172] AAAAA-TCP_FORW: name:enp0s3: saddr:33561200: daddr:100932208
[  743.912065] AAAAA-TCP_FORW: name:enp0s3: saddr:100932208: daddr:33561200
[  743.969433] AAAAA-TCP_FORW: name:enp0s3: saddr:100932208: daddr:33561200
[  744.115435] AAAAA-TCP_FORW: name:enp0s3: saddr:100932208: daddr:33561200
[  744.275458] AAAAA-TCP_FORW: name:enp0s3: saddr:100932208: daddr:33561200
[  744.442087] AAAAA-TCP_FORW: name:enp0s3: saddr:100932208: daddr:33561200
[  744.796628] AAAAA-TCP_FORW: name:enp0s3: saddr:100932208: daddr:16783984
[  744.988432] AAAAA-TCP_FORW: name:enp0s3: saddr:100932208: daddr:16783984
[  745.143034] AAAAA-TCP_FORW: name:enp0s3: saddr:100932208: daddr:16783984
[  745.333821] AAAAA-TCP_FORW: name:enp0s3: saddr:100932208: daddr:16783984
[  745.506602] AAAAA-TCP_FORW: name:enp0s3: saddr:100932208: daddr:16783984
[  745.738436] AAAAA-TCP_FORW: name:enp0s3: saddr:100932208: daddr:16783984
[  745.821204] AAAAA-TCP_FORW: name:enp0s3: saddr:100932208: daddr:16783984
[  745.978006] AAAAA-TCP_FORW: name:enp0s3: saddr:100932208: daddr:16783984
[  746.304155] AAAAA-TCP_FORW: name:enp0s3: saddr:100932208: daddr:33561200
[  746.845994] AAAAA-TCP_FORW: name:enp0s3: saddr:100932208: daddr:33561200
[  747.136896] AAAAA-TCP_FORW: name:enp0s3: saddr:100932208: daddr:33561200
[  750.877291] AAAAA-TCP_FORW: name:enp0s3: saddr:33561200: daddr:100932208
[  751.012299] AAAAA-TCP_FORW: name:enp0s3: saddr:33561200: daddr:100932208
[  751.167876] AAAAA-TCP_FORW: name:enp0s3: saddr:33561200: daddr:100932208
[  751.369874] AAAAA-TCP_FORW: name:enp0s3: saddr:33561200: daddr:100932208
[  751.420441] AAAAA-TCP_FORW: name:enp0s3: saddr:33561200: daddr:100932208
[  751.614541] AAAAA-TCP_FORW: name:enp0s3: saddr:33561200: daddr:100932208
[  751.767177] AAAAA-TCP_FORW: name:enp0s3: saddr:33561200: daddr:100932208
[  751.859124] AAAAA-TCP_FORW: name:enp0s3: saddr:16783984: daddr:100932208
[  751.982869] AAAAA-TCP_FORW: name:enp0s3: saddr:16783984: daddr:100932208
[  752.224772] AAAAA-TCP_FORW: name:enp0s3: saddr:16783984: daddr:100932208
[  752.445356] AAAAA-TCP_FORW: name:enp0s3: saddr:16783984: daddr:100932208
[  752.585213] AAAAA-TCP_FORW: name:enp0s3: saddr:16783984: daddr:100932208
[  752.834848] AAAAA-TCP_FORW: name:enp0s3: saddr:16783984: daddr:100932208
[  752.926284] AAAAA-TCP_FORW: name:enp0s3: saddr:33561200: daddr:100932208
[  752.995508] AAAAA-TCP_FORW: name:enp0s3: saddr:33561200: daddr:100932208
[  753.099012] AAAAA-TCP_FORW: name:enp0s3: saddr:16783984: daddr:100932208
[  753.671529] AAAAA-TCP_FORW: name:enp0s3: saddr:33561200: daddr:100932208
[  753.989966] AAAAA-TCP_FORW: name:enp0s3: saddr:16783984: daddr:100932208
[  754.251684] AAAAA-TCP_FORW: name:enp0s3: saddr:33561200: daddr:100932208
[  754.409774] AAAAA-TCP_FORW: name:enp0s3: saddr:33561200: daddr:100932208
[  754.471277] AAAAA-TCP_FORW: name:enp0s3: saddr:33561200: daddr:100932208
[  754.804053] AAAAA-TCP_FORW: name:enp0s3: saddr:33561200: daddr:100932208
[  755.208814] AAAAA-TCP_FORW: name:enp0s3: saddr:16783984: daddr:100932208
[  755.292518] AAAAA-TCP_FORW: name:enp0s3: saddr:16783984: daddr:100932208
[  755.428506] AAAAA-TCP_FORW: name:enp0s3: saddr:16783984: daddr:100932208
[  755.793534] AAAAA-TCP_FORW: name:enp0s3: saddr:16783984: daddr:100932208
[  755.857423] AAAAA-TCP_FORW: name:enp0s3: saddr:33561200: daddr:100932208
[  755.893544] AAAAA-TCP_FORW: name:enp0s3: saddr:16783984: daddr:100932208
[  755.929486] AAAAA-TCP_FORW: name:enp0s3: saddr:16783984: daddr:100932208
[  755.986948] AAAAA-TCP_FORW: name:enp0s3: saddr:16783984: daddr:100932208
[  756.086808] AAAAA-TCP_FORW: name:enp0s3: saddr:33561200: daddr:100932208
[  756.135157] AAAAA-TCP_FORW: name:enp0s3: saddr:33561200: daddr:100932208
[  756.289439] AAAAA-TCP_FORW: name:enp0s3: saddr:33561200: daddr:100932208
[  756.369527] AAAAA-TCP_FORW: name:enp0s3: saddr:33561200: daddr:100932208
[  756.679553] AAAAA-TCP_FORW: name:enp0s3: saddr:33561200: daddr:100932208
[  756.755989] AAAAA-TCP_FORW: name:enp0s3: saddr:16783984: daddr:100932208
[  756.960645] AAAAA-TCP_FORW: name:enp0s3: saddr:33561200: daddr:100932208
[  757.078683] AAAAA-TCP_FORW: name:enp0s3: saddr:16783984: daddr:100932208
[  757.394350] AAAAA-TCP_FORW: name:enp0s3: saddr:16783984: daddr:100932208
[  757.447744] AAAAA-TCP_FORW: name:enp0s3: saddr:16783984: daddr:100932208
[  757.541139] AAAAA-TCP_FORW: name:enp0s3: saddr:16783984: daddr:100932208
[  757.617702] AAAAA-TCP_FORW: name:enp0s3: saddr:33561200: daddr:100932208
[  757.679219] AAAAA-TCP_FORW: name:enp0s3: saddr:33561200: daddr:100932208
[  757.853693] AAAAA-TCP_FORW: name:enp0s3: saddr:33561200: daddr:100932208
[  757.953233] AAAAA-TCP_FORW: name:enp0s3: saddr:16783984: daddr:100932208
[  757.993433] AAAAA-TCP_FORW: name:enp0s3: saddr:16783984: daddr:100932208
[  758.059957] AAAAA-TCP_FORW: name:enp0s3: saddr:16783984: daddr:100932208
[  758.145045] AAAAA-TCP_FORW: name:enp0s3: saddr:16783984: daddr:100932208
[  758.332587] AAAAA-TCP_FORW: name:enp0s3: saddr:33561200: daddr:100932208
[  758.430092] AAAAA-TCP_FORW: name:enp0s3: saddr:33561200: daddr:100932208
[  758.529240] AAAAA-TCP_FORW: name:enp0s3: saddr:33561200: daddr:100932208
[  758.684228] AAAAA-TCP_FORW: name:enp0s3: saddr:33561200: daddr:100932208
[  758.801591] AAAAA-TCP_FORW: name:enp0s3: saddr:16783984: daddr:100932208
[  758.887390] AAAAA-TCP_FORW: name:enp0s3: saddr:16783984: daddr:100932208
[  758.942951] AAAAA-TCP_FORW: name:enp0s3: saddr:16783984: daddr:100932208
[  759.013374] AAAAA-TCP_FORW: name:enp0s3: saddr:16783984: daddr:100932208
[  759.072969] AAAAA-TCP_FORW: name:enp0s3: saddr:16783984: daddr:100932208
[  759.156712] AAAAA-TCP_FORW: name:enp0s3: saddr:33561200: daddr:100932208
[  759.238165] AAAAA-TCP_FORW: name:enp0s3: saddr:33561200: daddr:100932208
[  759.317525] AAAAA-TCP_FORW: name:enp0s3: saddr:33561200: daddr:100932208
[  759.384623] AAAAA-TCP_FORW: name:enp0s3: saddr:16783984: daddr:100932208
[  759.458017] AAAAA-TCP_FORW: name:enp0s3: saddr:16783984: daddr:100932208
[  759.526020] AAAAA-TCP_FORW: name:enp0s3: saddr:16783984: daddr:100932208
[  759.586424] AAAAA-TCP_FORW: name:enp0s3: saddr:16783984: daddr:100932208
[  759.662322] AAAAA-TCP_FORW: name:enp0s3: saddr:33561200: daddr:100932208
[  759.731286] AAAAA-TCP_FORW: name:enp0s3: saddr:33561200: daddr:100932208
[  759.872691] AAAAA-TCP_FORW: name:enp0s3: saddr:33561200: daddr:100932208
[  759.942112] AAAAA-TCP_FORW: name:enp0s3: saddr:33561200: daddr:100932208
[  760.023812] AAAAA-TCP_FORW: name:enp0s3: saddr:16783984: daddr:100932208
[  760.110293] AAAAA-TCP_FORW: name:enp0s3: saddr:16783984: daddr:100932208
[  760.174936] AAAAA-TCP_FORW: name:enp0s3: saddr:16783984: daddr:100932208
[  760.240341] AAAAA-TCP_FORW: name:enp0s3: saddr:16783984: daddr:100932208
[  760.349141] AAAAA-TCP_FORW: name:enp0s3: saddr:16783984: daddr:100932208
[  760.408035] AAAAA-TCP_FORW: name:enp0s3: saddr:33561200: daddr:100932208
[  760.646853] AAAAA-TCP_FORW: name:enp0s3: saddr:33561200: daddr:100932208
[  760.732713] AAAAA-TCP_FORW: name:enp0s3: saddr:33561200: daddr:100932208
[  760.802591] AAAAA-TCP_FORW: name:enp0s3: saddr:16783984: daddr:100932208
[  760.999998] AAAAA-TCP_FORW: name:enp0s3: saddr:16783984: daddr:100932208
[  761.044602] AAAAA-TCP_FORW: name:enp0s3: saddr:16783984: daddr:100932208
[  761.173988] AAAAA-TCP_FORW: name:enp0s3: saddr:16783984: daddr:100932208
[  761.270826] AAAAA-TCP_FORW: name:enp0s3: saddr:33561200: daddr:100932208
[  761.356154] AAAAA-TCP_FORW: name:enp0s3: saddr:33561200: daddr:100932208
[  761.528122] AAAAA-TCP_FORW: name:enp0s3: saddr:33561200: daddr:100932208
[  761.641619] AAAAA-TCP_FORW: name:enp0s3: saddr:33561200: daddr:100932208
[  761.747637] AAAAA-TCP_FORW: name:enp0s3: saddr:16783984: daddr:100932208
[  761.903085] AAAAA-TCP_FORW: name:enp0s3: saddr:16783984: daddr:100932208
[  762.075706] AAAAA-TCP_FORW: name:enp0s3: saddr:16783984: daddr:100932208
[  762.196014] AAAAA-TCP_FORW: name:enp0s3: saddr:16783984: daddr:100932208
[  762.358990] AAAAA-TCP_FORW: name:enp0s3: saddr:16783984: daddr:100932208
[  762.456641] AAAAA-TCP_FORW: name:enp0s3: saddr:33561200: daddr:100932208
[  762.687060] AAAAA-TCP_FORW: name:enp0s3: saddr:33561200: daddr:100932208
[  762.773073] AAAAA-TCP_FORW: name:enp0s3: saddr:33561200: daddr:100932208
[  762.865446] AAAAA-TCP_FORW: name:enp0s3: saddr:33561200: daddr:100932208
[  762.940622] AAAAA-TCP_FORW: name:enp0s3: saddr:16783984: daddr:100932208
[  763.064809] AAAAA-TCP_FORW: name:enp0s3: saddr:16783984: daddr:100932208
[  763.248575] AAAAA-TCP_FORW: name:enp0s3: saddr:16783984: daddr:100932208
[  763.345641] AAAAA-TCP_FORW: name:enp0s3: saddr:16783984: daddr:100932208
[  763.407167] AAAAA-TCP_FORW: name:enp0s3: saddr:16783984: daddr:100932208
[  763.488608] AAAAA-TCP_FORW: name:enp0s3: saddr:33561200: daddr:100932208
[  763.552016] AAAAA-TCP_FORW: name:enp0s3: saddr:33561200: daddr:100932208
[  763.710540] AAAAA-TCP_FORW: name:enp0s3: saddr:33561200: daddr:100932208
[  763.805914] AAAAA-TCP_FORW: name:enp0s3: saddr:33561200: daddr:100932208
[  763.908690] AAAAA-TCP_FORW: name:enp0s3: saddr:16783984: daddr:100932208
[  763.978226] AAAAA-TCP_FORW: name:enp0s3: saddr:16783984: daddr:100932208
[  764.078261] AAAAA-TCP_FORW: name:enp0s3: saddr:16783984: daddr:100932208
[  764.176458] AAAAA-TCP_FORW: name:enp0s3: saddr:16783984: daddr:100932208
[  764.305575] AAAAA-TCP_FORW: name:enp0s3: saddr:16783984: daddr:100932208
[  764.463896] AAAAA-TCP_FORW: name:enp0s3: saddr:33561200: daddr:100932208
[  764.568846] AAAAA-TCP_FORW: name:enp0s3: saddr:33561200: daddr:100932208
[  764.671508] AAAAA-TCP_FORW: name:enp0s3: saddr:33561200: daddr:100932208
[  764.741967] AAAAA-TCP_FORW: name:enp0s3: saddr:33561200: daddr:100932208
[  764.842574] AAAAA-TCP_FORW: name:enp0s3: saddr:16783984: daddr:100932208
[  764.926210] AAAAA-TCP_FORW: name:enp0s3: saddr:16783984: daddr:100932208
[  765.039527] AAAAA-TCP_FORW: name:enp0s3: saddr:16783984: daddr:100932208
[  765.269744] AAAAA-TCP_FORW: name:enp0s3: saddr:16783984: daddr:100932208
[  765.422306] AAAAA-TCP_FORW: name:enp0s3: saddr:16783984: daddr:100932208
[  765.498212] AAAAA-TCP_FORW: name:enp0s3: saddr:33561200: daddr:100932208
[  765.638427] AAAAA-TCP_FORW: name:enp0s3: saddr:33561200: daddr:100932208
[  765.756513] AAAAA-TCP_FORW: name:enp0s3: saddr:33561200: daddr:100932208
[  765.875259] AAAAA-TCP_FORW: name:enp0s3: saddr:33561200: daddr:100932208
[  766.016600] AAAAA-TCP_FORW: name:enp0s3: saddr:16783984: daddr:100932208
[  766.224230] AAAAA-TCP_FORW: name:enp0s3: saddr:16783984: daddr:100932208
[  766.467845] AAAAA-TCP_FORW: name:enp0s3: saddr:16783984: daddr:100932208
[  766.606895] AAAAA-TCP_FORW: name:enp0s3: saddr:16783984: daddr:100932208
[  766.739130] AAAAA-TCP_FORW: name:enp0s3: saddr:16783984: daddr:100932208
[  766.881235] AAAAA-TCP_FORW: name:enp0s3: saddr:33561200: daddr:100932208
[  767.031258] AAAAA-TCP_FORW: name:enp0s3: saddr:33561200: daddr:100932208
[  767.212993] AAAAA-TCP_FORW: name:enp0s3: saddr:33561200: daddr:100932208
[  767.382376] AAAAA-TCP_FORW: name:enp0s3: saddr:33561200: daddr:100932208
[  767.476336] AAAAA-TCP_FORW: name:enp0s3: saddr:16783984: daddr:100932208
[  767.640802] AAAAA-TCP_FORW: name:enp0s3: saddr:16783984: daddr:100932208
[  767.739177] AAAAA-TCP_FORW: name:enp0s3: saddr:33561200: daddr:100932208
[  767.799407] AAAAA-TCP_FORW: name:enp0s3: saddr:33561200: daddr:100932208
[  767.833954] AAAAA-TCP_FORW: name:enp0s3: saddr:33561200: daddr:100932208
[  767.930708] AAAAA-TCP_FORW: name:enp0s3: saddr:16783984: daddr:100932208
[  767.985728] AAAAA-TCP_FORW: name:enp0s3: saddr:33561200: daddr:100932208
[  768.048899] AAAAA-TCP_FORW: name:enp0s3: saddr:16783984: daddr:100932208
[  768.139439] AAAAA-TCP_FORW: name:enp0s3: saddr:16783984: daddr:100932208
[  768.514452] AAAAA-TCP_FORW: name:enp0s3: saddr:33561200: daddr:100932208
[  768.580889] AAAAA-TCP_FORW: name:enp0s3: saddr:16783984: daddr:100932208
[  768.611178] AAAAA-TCP_FORW: name:enp0s3: saddr:33561200: daddr:100932208
[  768.812416] AAAAA-TCP_FORW: name:enp0s3: saddr:16783984: daddr:100932208
[  768.917917] AAAAA-TCP_FORW: name:enp0s3: saddr:33561200: daddr:100932208
[  769.098477] AAAAA-TCP_FORW: name:enp0s3: saddr:16783984: daddr:100932208
[  769.234968] AAAAA-TCP_FORW: name:enp0s3: saddr:16783984: daddr:100932208
[  769.349525] AAAAA-TCP_FORW: name:enp0s3: saddr:16783984: daddr:100932208
[  769.667390] AAAAA-TCP_FORW: name:enp0s3: saddr:33561200: daddr:100932208
[  769.751679] AAAAA-TCP_FORW: name:enp0s3: saddr:16783984: daddr:100932208
[  769.866002] AAAAA-TCP_FORW: name:enp0s3: saddr:33561200: daddr:100932208
[  770.115322] AAAAA-TCP_FORW: name:enp0s3: saddr:16783984: daddr:100932208
[  770.243855] AAAAA-TCP_FORW: name:enp0s3: saddr:16783984: daddr:100932208
[  770.533493] AAAAA-TCP_FORW: name:enp0s3: saddr:33561200: daddr:100932208
[  771.233911] AAAAA-TCP_FORW: name:enp0s3: saddr:16783984: daddr:100932208
[  771.512357] AAAAA-TCP_FORW: name:enp0s3: saddr:33561200: daddr:100932208
[  772.391010] AAAAA-TCP_FORW: name:enp0s3: saddr:16783984: daddr:100932208
[  773.224338] AAAAA-TCP_FORW: name:enp0s3: saddr:33561200: daddr:100932208
[  773.283909] AAAAA-TCP_FORW: name:enp0s3: saddr:33561200: daddr:100932208
[  774.696151] AAAAA-TCP_FORW: name:enp0s3: saddr:33561200: daddr:100932208
[  774.777815] AAAAA-TCP_FORW: name:enp0s3: saddr:33561200: daddr:100932208
[  777.794911] AAAAA-TCP_FORW: name:enp0s3: saddr:33561200: daddr:100932208
[  777.863659] AAAAA-TCP_FORW: name:enp0s3: saddr:33561200: daddr:100932208
[  777.983711] AAAAA-TCP_FORW: name:enp0s3: saddr:16783984: daddr:100932208
[  972.831893] rfkill: input handler enabled
[  982.195197] rfkill: input handler disabled
[ 1428.279474] device enp0s3 left promiscuous mode
