[    0.000000] Linux version 5.4.243-mptcp (root@ztg) (gcc version 12.2.0 (Debian 12.2.0-14+deb12u1)) #53 SMP Wed Dec 24 23:28:15 CST 2025
[    0.000000] Command line: BOOT_IMAGE=/boot/vmlinuz-5.4.243-mptcp root=UUID=98415a12-53b7-4144-8265-0f7ece09e445 ro quiet splash
[    0.000000] KERNEL supported cpus:
[    0.000000]   Intel GenuineIntel
[    0.000000]   AMD AuthenticAMD
[    0.000000]   Hygon HygonGenuine
[    0.000000]   Centaur CentaurHauls
[    0.000000]   zhaoxin   Shanghai  
[    0.000000] x86/fpu: Supporting XSAVE feature 0x001: 'x87 floating point registers'
[    0.000000] x86/fpu: Supporting XSAVE feature 0x002: 'SSE registers'
[    0.000000] x86/fpu: Supporting XSAVE feature 0x004: 'AVX registers'
[    0.000000] x86/fpu: xstate_offset[2]:  576, xstate_sizes[2]:  256
[    0.000000] x86/fpu: Enabled xstate features 0x7, context size is 832 bytes, using 'standard' format.
[    0.000000] BIOS-provided physical RAM map:
[    0.000000] BIOS-e820: [mem 0x0000000000000000-0x000000000009fbff] usable
[    0.000000] BIOS-e820: [mem 0x000000000009fc00-0x000000000009ffff] reserved
[    0.000000] BIOS-e820: [mem 0x00000000000f0000-0x00000000000fffff] reserved
[    0.000000] BIOS-e820: [mem 0x0000000000100000-0x000000007ffeffff] usable
[    0.000000] BIOS-e820: [mem 0x000000007fff0000-0x000000007fffffff] ACPI data
[    0.000000] BIOS-e820: [mem 0x00000000fec00000-0x00000000fec00fff] reserved
[    0.000000] BIOS-e820: [mem 0x00000000fee00000-0x00000000fee00fff] reserved
[    0.000000] BIOS-e820: [mem 0x00000000fffc0000-0x00000000ffffffff] reserved
[    0.000000] NX (Execute Disable) protection: active
[    0.000000] SMBIOS 2.5 present.
[    0.000000] DMI: innotek GmbH VirtualBox/VirtualBox, BIOS VirtualBox 12/01/2006
[    0.000000] Hypervisor detected: KVM
[    0.000000] kvm-clock: Using msrs 4b564d01 and 4b564d00
[    0.000000] kvm-clock: cpu 0, msr 47001001, primary cpu clock
[    0.000000] kvm-clock: using sched offset of 4443511602 cycles
[    0.000002] clocksource: kvm-clock: mask: 0xffffffffffffffff max_cycles: 0x1cd42e4dffb, max_idle_ns: 881590591483 ns
[    0.000005] tsc: Detected 2100.000 MHz processor
[    0.001868] e820: update [mem 0x00000000-0x00000fff] usable ==> reserved
[    0.001870] e820: remove [mem 0x000a0000-0x000fffff] usable
[    0.001874] last_pfn = 0x7fff0 max_arch_pfn = 0x400000000
[    0.001941] MTRR default type: uncachable
[    0.001943] MTRR fixed ranges enabled:
[    0.001944]   00000-9FFFF write-back
[    0.001944]   A0000-BFFFF uncachable
[    0.001945]   C0000-FFFFF write-protect
[    0.001946] MTRR variable ranges enabled:
[    0.001948]   0 base 000000000000 mask 3FFF80000000 write-back
[    0.001948]   1 disabled
[    0.001949]   2 disabled
[    0.001949]   3 disabled
[    0.001950]   4 disabled
[    0.001950]   5 disabled
[    0.001951]   6 disabled
[    0.001951]   7 disabled
[    0.001951]   8 disabled
[    0.001952]   9 disabled
[    0.001952]   10 disabled
[    0.001953]   11 disabled
[    0.001953]   12 disabled
[    0.001954]   13 disabled
[    0.001954]   14 disabled
[    0.001954]   15 disabled
[    0.001970] x86/PAT: Configuration [0-7]: WB  WC  UC- UC  WB  WP  UC- WT  
[    0.002103] found SMP MP-table at [mem 0x0009fff0-0x0009ffff]
[    0.090967] check: Scanning 1 areas for low memory corruption
[    0.091225] RAMDISK: [mem 0x32271000-0x3512ffff]
[    0.091234] ACPI: Early table checksum verification disabled
[    0.091240] ACPI: RSDP 0x00000000000E0000 000024 (v02 VBOX  )
[    0.091245] ACPI: XSDT 0x000000007FFF0030 00003C (v01 VBOX   VBOXXSDT 00000001 ASL  00000061)
[    0.091251] ACPI: FACP 0x000000007FFF00F0 0000F4 (v04 VBOX   VBOXFACP 00000001 ASL  00000061)
[    0.091258] ACPI: DSDT 0x000000007FFF02E0 002353 (v02 VBOX   VBOXBIOS 00000002 VBOX 00029BF3)
[    0.091262] ACPI: FACS 0x000000007FFF0200 000040
[    0.091265] ACPI: FACS 0x000000007FFF0200 000040
[    0.091268] ACPI: APIC 0x000000007FFF0240 000054 (v02 VBOX   VBOXAPIC 00000001 ASL  00000061)
[    0.091272] ACPI: SSDT 0x000000007FFF02A0 000038 (v01 VBOX   VBOXCPUT 00000002 VBOX 00029BF3)
[    0.091275] ACPI: Reserving FACP table memory at [mem 0x7fff00f0-0x7fff01e3]
[    0.091276] ACPI: Reserving DSDT table memory at [mem 0x7fff02e0-0x7fff2632]
[    0.091277] ACPI: Reserving FACS table memory at [mem 0x7fff0200-0x7fff023f]
[    0.091278] ACPI: Reserving FACS table memory at [mem 0x7fff0200-0x7fff023f]
[    0.091278] ACPI: Reserving APIC table memory at [mem 0x7fff0240-0x7fff0293]
[    0.091279] ACPI: Reserving SSDT table memory at [mem 0x7fff02a0-0x7fff02d7]
[    0.091294] ACPI: Local APIC address 0xfee00000
[    0.091479] No NUMA configuration found
[    0.091480] Faking a node at [mem 0x0000000000000000-0x000000007ffeffff]
[    0.091490] NODE_DATA(0) allocated [mem 0x7ffc5000-0x7ffeffff]
[    0.091751] Zone ranges:
[    0.091752]   DMA      [mem 0x0000000000001000-0x0000000000ffffff]
[    0.091754]   DMA32    [mem 0x0000000001000000-0x000000007ffeffff]
[    0.091755]   Normal   empty
[    0.091755]   Device   empty
[    0.091756] Movable zone start for each node
[    0.091758] Early memory node ranges
[    0.091759]   node   0: [mem 0x0000000000001000-0x000000000009efff]
[    0.091760]   node   0: [mem 0x0000000000100000-0x000000007ffeffff]
[    0.091763] Zeroed struct page in unavailable ranges: 114 pages
[    0.091764] Initmem setup node 0 [mem 0x0000000000001000-0x000000007ffeffff]
[    0.091765] On node 0 totalpages: 524174
[    0.091766]   DMA zone: 64 pages used for memmap
[    0.091767]   DMA zone: 21 pages reserved
[    0.091768]   DMA zone: 3998 pages, LIFO batch:0
[    0.091839]   DMA32 zone: 8128 pages used for memmap
[    0.091839]   DMA32 zone: 520176 pages, LIFO batch:63
[    0.100717] ACPI: PM-Timer IO Port: 0x4008
[    0.100720] ACPI: Local APIC address 0xfee00000
[    0.100786] IOAPIC[0]: apic_id 1, version 32, address 0xfec00000, GSI 0-23
[    0.100789] ACPI: INT_SRC_OVR (bus 0 bus_irq 0 global_irq 2 dfl dfl)
[    0.100791] ACPI: INT_SRC_OVR (bus 0 bus_irq 9 global_irq 9 low level)
[    0.100793] ACPI: IRQ0 used by override.
[    0.100794] ACPI: IRQ9 used by override.
[    0.100796] Using ACPI (MADT) for SMP configuration information
[    0.100802] smpboot: Allowing 1 CPUs, 0 hotplug CPUs
[    0.100824] PM: Registered nosave memory: [mem 0x00000000-0x00000fff]
[    0.100825] PM: Registered nosave memory: [mem 0x0009f000-0x0009ffff]
[    0.100825] PM: Registered nosave memory: [mem 0x000a0000-0x000effff]
[    0.100826] PM: Registered nosave memory: [mem 0x000f0000-0x000fffff]
[    0.100828] [mem 0x80000000-0xfebfffff] available for PCI devices
[    0.100828] Booting paravirtualized kernel on KVM
[    0.100831] clocksource: refined-jiffies: mask: 0xffffffff max_cycles: 0xffffffff, max_idle_ns: 7645519600211568 ns
[    0.100836] setup_percpu: NR_CPUS:8192 nr_cpumask_bits:1 nr_cpu_ids:1 nr_node_ids:1
[    0.101832] percpu: Embedded 60 pages/cpu s208896 r8192 d28672 u2097152
[    0.101837] pcpu-alloc: s208896 r8192 d28672 u2097152 alloc=1*2097152
[    0.101838] pcpu-alloc: [0] 0 
[    0.101865] Built 1 zonelists, mobility grouping on.  Total pages: 515961
[    0.101865] Policy zone: DMA32
[    0.101867] Kernel command line: BOOT_IMAGE=/boot/vmlinuz-5.4.243-mptcp root=UUID=98415a12-53b7-4144-8265-0f7ece09e445 ro quiet splash
[    0.102683] Dentry cache hash table entries: 262144 (order: 9, 2097152 bytes, linear)
[    0.102829] Inode-cache hash table entries: 131072 (order: 8, 1048576 bytes, linear)
[    0.102880] mem auto-init: stack:off, heap alloc:on, heap free:off
[    0.102883] Calgary: detecting Calgary via BIOS EBDA area
[    0.102884] Calgary: Unable to locate Rio Grande table in EBDA - bailing!
[    0.106902] Memory: 1967332K/2096696K available (14339K kernel code, 2398K rwdata, 4712K rodata, 2728K init, 17260K bss, 129364K reserved, 0K cma-reserved)
[    0.107822] SLUB: HWalign=64, Order=0-3, MinObjects=0, CPUs=1, Nodes=1
[    0.107838] ftrace: allocating 43186 entries in 169 pages
[    0.126030] rcu: Hierarchical RCU implementation.
[    0.126032] rcu: 	RCU restricting CPUs from NR_CPUS=8192 to nr_cpu_ids=1.
[    0.126033] 	Tasks RCU enabled.
[    0.126034] rcu: RCU calculated value of scheduler-enlistment delay is 25 jiffies.
[    0.126035] rcu: Adjusting geometry for rcu_fanout_leaf=16, nr_cpu_ids=1
[    0.128999] NR_IRQS: 524544, nr_irqs: 256, preallocated irqs: 16
[    0.129212] random: crng init done
[    0.141100] Console: colour VGA+ 80x25
[    0.141104] printk: console [tty0] enabled
[    0.141124] ACPI: Core revision 20190816
[    0.141216] APIC: Switch to symmetric I/O mode setup
[    0.141466] x2apic enabled
[    0.141705] Switched APIC routing to physical x2apic.
[    0.142836] ..TIMER: vector=0x30 apic1=0 pin1=2 apic2=-1 pin2=-1
[    0.142864] clocksource: tsc-early: mask: 0xffffffffffffffff max_cycles: 0x1e4530a99b6, max_idle_ns: 440795257976 ns
[    0.142870] Calibrating delay loop (skipped) preset value.. 4200.00 BogoMIPS (lpj=8400000)
[    0.142872] pid_max: default: 32768 minimum: 301
[    0.142900] LSM: Security Framework initializing
[    0.142909] Yama: becoming mindful.
[    0.142934] AppArmor: AppArmor initialized
[    0.142968] Mount-cache hash table entries: 4096 (order: 3, 32768 bytes, linear)
[    0.142973] Mountpoint-cache hash table entries: 4096 (order: 3, 32768 bytes, linear)
[    0.142983] *** VALIDATE tmpfs ***
[    0.143113] *** VALIDATE proc ***
[    0.143155] *** VALIDATE cgroup1 ***
[    0.143156] *** VALIDATE cgroup2 ***
[    0.143298] process: using mwait in idle threads
[    0.143303] Last level iTLB entries: 4KB 64, 2MB 8, 4MB 8
[    0.143303] Last level dTLB entries: 4KB 64, 2MB 0, 4MB 0, 1GB 4
[    0.143324] Spectre V1 : Mitigation: usercopy/swapgs barriers and __user pointer sanitization
[    0.143330] Spectre V2 : Mitigation: Retpolines
[    0.143330] Spectre V2 : Spectre v2 / SpectreRSB mitigation: Filling RSB on context switch
[    0.143331] Spectre V2 : Spectre v2 / SpectreRSB : Filling RSB on VMEXIT
[    0.143332] RETBleed: WARNING: Spectre v2 mitigation leaves CPU vulnerable to RETBleed attacks, data leaks possible!
[    0.143686] RETBleed: Vulnerable
[    0.143686] Speculative Store Bypass: Vulnerable
[    0.143691] TAA: Mitigation: TSX disabled
[    0.143691] MMIO Stale Data: Mitigation: Clear CPU buffers
[    0.147887] Freeing SMP alternatives memory: 40K
[    0.260884] smpboot: CPU0: Intel(R) Xeon(R) Silver 4216 CPU @ 2.10GHz (family: 0x6, model: 0x55, stepping: 0x7)
[    0.261030] Performance Events: unsupported p6 CPU model 85 no PMU driver, software events only.
[    0.261067] rcu: Hierarchical SRCU implementation.
[    0.261553] NMI watchdog: Perf NMI watchdog permanently disabled
[    0.261593] smp: Bringing up secondary CPUs ...
[    0.261594] smp: Brought up 1 node, 1 CPU
[    0.261595] smpboot: Max logical packages: 1
[    0.261596] smpboot: Total of 1 processors activated (4200.00 BogoMIPS)
[    0.262544] devtmpfs: initialized
[    0.262592] x86/mm: Memory block size: 128MB
[    0.262866] clocksource: jiffies: mask: 0xffffffff max_cycles: 0xffffffff, max_idle_ns: 7645041785100000 ns
[    0.262866] futex hash table entries: 256 (order: 2, 16384 bytes, linear)
[    0.262866] pinctrl core: initialized pinctrl subsystem
[    0.262866] PM: RTC time: 14:50:04, date: 2026-01-13
[    0.262866] NET: Registered protocol family 16
[    0.262866] audit: initializing netlink subsys (disabled)
[    0.262866] EISA bus registered
[    0.262866] cpuidle: using governor ladder
[    0.262866] cpuidle: using governor menu
[    0.262866] ACPI: bus type PCI registered
[    0.262866] acpiphp: ACPI Hot Plug PCI Controller Driver version: 0.5
[    0.262866] PCI: Using configuration type 1 for base access
[    0.263141] audit: type=2000 audit(1768287011.263:1): state=initialized audit_enabled=0 res=1
[    0.263220] HugeTLB registered 2.00 MiB page size, pre-allocated 0 pages
[    0.264028] ACPI: Added _OSI(Module Device)
[    0.264028] ACPI: Added _OSI(Processor Device)
[    0.264029] ACPI: Added _OSI(3.0 _SCP Extensions)
[    0.264030] ACPI: Added _OSI(Processor Aggregator Device)
[    0.264030] ACPI: Added _OSI(Linux-Dell-Video)
[    0.264031] ACPI: Added _OSI(Linux-Lenovo-NV-HDMI-Audio)
[    0.264032] ACPI: Added _OSI(Linux-HPI-Hybrid-Graphics)
[    0.265990] ACPI: 2 ACPI AML tables successfully acquired and loaded
[    0.267484] ACPI: Interpreter enabled
[    0.267493] ACPI: (supports S0 S5)
[    0.267495] ACPI: Using IOAPIC for interrupt routing
[    0.267699] PCI: Using host bridge windows from ACPI; if necessary, use "pci=nocrs" and report a bug
[    0.267803] ACPI: Enabled 2 GPEs in block 00 to 07
[    0.272719] ACPI: PCI Root Bridge [PCI0] (domain 0000 [bus 00-ff])
[    0.272724] acpi PNP0A03:00: _OSC: OS supports [ASPM ClockPM Segments MSI HPX-Type3]
[    0.273179] acpi PNP0A03:00: _OSC: not requesting OS control; OS requires [ExtendedConfig ASPM ClockPM MSI]
[    0.273186] acpi PNP0A03:00: fail to add MMCONFIG information, can't access extended PCI configuration space under this bridge.
[    0.273580] PCI host bridge to bus 0000:00
[    0.273582] pci_bus 0000:00: root bus resource [io  0x0000-0x0cf7 window]
[    0.273583] pci_bus 0000:00: root bus resource [io  0x0d00-0xffff window]
[    0.273585] pci_bus 0000:00: root bus resource [mem 0x000a0000-0x000bffff window]
[    0.273586] pci_bus 0000:00: root bus resource [mem 0x80000000-0xfdffffff window]
[    0.273587] pci_bus 0000:00: root bus resource [bus 00-ff]
[    0.273646] pci 0000:00:00.0: [8086:1237] type 00 class 0x060000
[    0.274866] pci 0000:00:01.0: [8086:7000] type 00 class 0x060100
[    0.275147] pci 0000:00:01.1: [8086:7111] type 00 class 0x01018a
[    0.275517] pci 0000:00:01.1: reg 0x20: [io  0xd000-0xd00f]
[    0.275667] pci 0000:00:01.1: legacy IDE quirk: reg 0x10: [io  0x01f0-0x01f7]
[    0.275668] pci 0000:00:01.1: legacy IDE quirk: reg 0x14: [io  0x03f6]
[    0.275669] pci 0000:00:01.1: legacy IDE quirk: reg 0x18: [io  0x0170-0x0177]
[    0.275670] pci 0000:00:01.1: legacy IDE quirk: reg 0x1c: [io  0x0376]
[    0.276199] pci 0000:00:02.0: [15ad:0405] type 00 class 0x030000
[    0.280777] pci 0000:00:02.0: reg 0x10: [io  0xd010-0xd01f]
[    0.282913] pci 0000:00:02.0: reg 0x14: [mem 0xe0000000-0xe7ffffff pref]
[    0.285554] pci 0000:00:02.0: reg 0x18: [mem 0xf0000000-0xf01fffff]
[    0.295668] pci 0000:00:03.0: [1022:2000] type 00 class 0x020000
[    0.296359] pci 0000:00:03.0: reg 0x10: [io  0xd020-0xd03f]
[    0.299015] pci 0000:00:03.0: reg 0x14: [mem 0xf0200000-0xf0200fff]
[    0.302601] pci 0000:00:04.0: [80ee:cafe] type 00 class 0x088000
[    0.302980] pci 0000:00:04.0: reg 0x10: [io  0xd040-0xd05f]
[    0.303583] pci 0000:00:04.0: reg 0x14: [mem 0xf0400000-0xf07fffff]
[    0.304190] pci 0000:00:04.0: reg 0x18: [mem 0xf0800000-0xf0803fff pref]
[    0.307600] pci 0000:00:07.0: [8086:7113] type 00 class 0x068000
[    0.308132] pci 0000:00:07.0: quirk: [io  0x4000-0x403f] claimed by PIIX4 ACPI
[    0.308142] pci 0000:00:07.0: quirk: [io  0x4100-0x410f] claimed by PIIX4 SMB
[    0.308754] pci 0000:00:08.0: [8086:100e] type 00 class 0x020000
[    0.309455] pci 0000:00:08.0: reg 0x10: [mem 0xf0820000-0xf083ffff]
[    0.310602] pci 0000:00:08.0: reg 0x18: [io  0xd060-0xd067]
[    0.313581] pci 0000:00:09.0: [8086:100e] type 00 class 0x020000
[    0.314984] pci 0000:00:09.0: reg 0x10: [mem 0xf0840000-0xf085ffff]
[    0.316125] pci 0000:00:09.0: reg 0x18: [io  0xd068-0xd06f]
[    0.327027] ACPI: PCI Interrupt Link [LNKA] (IRQs 5 9 10 *11)
[    0.327307] ACPI: PCI Interrupt Link [LNKB] (IRQs 5 9 *10 11)
[    0.327411] ACPI: PCI Interrupt Link [LNKC] (IRQs 5 *9 10 11)
[    0.327510] ACPI: PCI Interrupt Link [LNKD] (IRQs 5 9 10 *11)
[    0.327774] iommu: Default domain type: Translated 
[    0.327834] pci 0000:00:02.0: vgaarb: setting as boot VGA device
[    0.327836] pci 0000:00:02.0: vgaarb: VGA device added: decodes=io+mem,owns=io+mem,locks=none
[    0.327838] pci 0000:00:02.0: vgaarb: bridge control possible
[    0.327838] vgaarb: loaded
[    0.328048] SCSI subsystem initialized
[    0.328081] libata version 3.00 loaded.
[    0.328105] ACPI: bus type USB registered
[    0.328122] usbcore: registered new interface driver usbfs
[    0.328128] usbcore: registered new interface driver hub
[    0.328133] usbcore: registered new device driver usb
[    0.328159] pps_core: LinuxPPS API ver. 1 registered
[    0.328159] pps_core: Software ver. 5.3.6 - Copyright 2005-2007 Rodolfo Giometti <giometti@linux.it>
[    0.328161] PTP clock support registered
[    0.328196] EDAC MC: Ver: 3.0.0
[    0.328471] PCI: Using ACPI for IRQ routing
[    0.328473] PCI: pci_cache_line_size set to 64 bytes
[    0.328638] e820: reserve RAM buffer [mem 0x0009fc00-0x0009ffff]
[    0.328642] e820: reserve RAM buffer [mem 0x7fff0000-0x7fffffff]
[    0.329436] NetLabel: Initializing
[    0.329436] NetLabel:  domain hash size = 128
[    0.329437] NetLabel:  protocols = UNLABELED CIPSOv4 CALIPSO
[    0.329456] NetLabel:  unlabeled traffic allowed by default
[    0.330357] clocksource: Switched to clocksource kvm-clock
[    0.337772] *** VALIDATE bpf ***
[    0.337772] VFS: Disk quotas dquot_6.6.0
[    0.337772] VFS: Dquot-cache hash table entries: 512 (order 0, 4096 bytes)
[    0.337772] *** VALIDATE ramfs ***
[    0.337772] *** VALIDATE hugetlbfs ***
[    0.337772] AppArmor: AppArmor Filesystem Enabled
[    0.337772] pnp: PnP ACPI init
[    0.337772] pnp 00:00: Plug and Play ACPI device, IDs PNP0303 (active)
[    0.341680] pnp 00:01: Plug and Play ACPI device, IDs PNP0f03 (active)
[    0.342432] pnp: PnP ACPI: found 2 devices
[    0.343393] thermal_sys: Registered thermal governor 'fair_share'
[    0.343394] thermal_sys: Registered thermal governor 'bang_bang'
[    0.343394] thermal_sys: Registered thermal governor 'step_wise'
[    0.343395] thermal_sys: Registered thermal governor 'user_space'
[    0.343395] thermal_sys: Registered thermal governor 'power_allocator'
[    0.347943] clocksource: acpi_pm: mask: 0xffffff max_cycles: 0xffffff, max_idle_ns: 2085701024 ns
[    0.347983] pci_bus 0000:00: resource 4 [io  0x0000-0x0cf7 window]
[    0.347985] pci_bus 0000:00: resource 5 [io  0x0d00-0xffff window]
[    0.347986] pci_bus 0000:00: resource 6 [mem 0x000a0000-0x000bffff window]
[    0.347987] pci_bus 0000:00: resource 7 [mem 0x80000000-0xfdffffff window]
[    0.348047] NET: Registered protocol family 2
[    0.348121] IP idents hash table entries: 32768 (order: 6, 262144 bytes, linear)
[    0.348526] MPTCP tokens hash table entries: 8192 (order: 4, 65536 bytes, linear)
[    0.348546] MPTCP request tokens hash table entries: 8192 (order: 4, 65536 bytes, linear)
[    0.348571] default registered
[    0.348571] default registered
[    0.348572] MPTCP: Stable release v0.96
[    0.348577] tcp_listen_portaddr_hash hash table entries: 1024 (order: 2, 16384 bytes, linear)
[    0.348656] TCP established hash table entries: 16384 (order: 5, 131072 bytes, linear)
[    0.348721] TCP bind hash table entries: 16384 (order: 6, 262144 bytes, linear)
[    0.348746] TCP: Hash tables configured (established 16384 bind 16384)
[    0.349423] UDP hash table entries: 1024 (order: 3, 32768 bytes, linear)
[    0.349435] UDP-Lite hash table entries: 1024 (order: 3, 32768 bytes, linear)
[    0.349467] NET: Registered protocol family 1
[    0.349476] NET: Registered protocol family 44
[    0.349506] pci 0000:00:00.0: Limiting direct PCI/PCI transfers
[    0.349521] pci 0000:00:01.0: Activating ISA DMA hang workarounds
[    0.349573] pci 0000:00:02.0: Video device with shadowed ROM at [mem 0x000c0000-0x000dffff]
[    0.349635] PCI: CLS 0 bytes, default 64
[    0.349683] Trying to unpack rootfs image as initramfs...
[    0.522621] Freeing initrd memory: 47868K
[    0.522621] clocksource: tsc: mask: 0xffffffffffffffff max_cycles: 0x1e4530a99b6, max_idle_ns: 440795257976 ns
[    0.522621] clocksource: Switched to clocksource tsc
[    0.522621] platform rtc_cmos: registered platform RTC device (no PNP device found)
[    0.522621] check: Scanning for low memory corruption every 60 seconds
[    0.522621] Initialise system trusted keyrings
[    0.522621] Key type blacklist registered
[    0.522621] workingset: timestamp_bits=36 max_order=19 bucket_order=0
[    0.522621] zbud: loaded
[    0.522621] squashfs: version 4.0 (2009/01/31) Phillip Lougher
[    0.522621] fuse: init (API version 7.31)
[    0.522621] *** VALIDATE fuse ***
[    0.522621] *** VALIDATE fuse ***
[    0.522621] Platform Keyring initialized
[    0.522621] Key type asymmetric registered
[    0.522621] Asymmetric key parser 'x509' registered
[    0.522621] Block layer SCSI generic (bsg) driver version 0.4 loaded (major 244)
[    0.522621] io scheduler mq-deadline registered
[    0.522621] shpchp: Standard Hot Plug PCI Controller Driver version: 0.4
[    0.536667] ACPI: AC Adapter [AC] (on-line)
[    0.536719] input: Power Button as /devices/LNXSYSTM:00/LNXPWRBN:00/input/input0
[    0.536750] ACPI: Power Button [PWRF]
[    0.536843] input: Sleep Button as /devices/LNXSYSTM:00/LNXSLPBN:00/input/input1
[    0.536861] ACPI: Sleep Button [SLPF]
[    0.537160] Serial: 8250/16550 driver, 32 ports, IRQ sharing enabled
[    0.538810] Linux agpgart interface v0.103
[    0.633748] loop: module loaded
[    0.633986] ata_piix 0000:00:01.1: version 2.13
[    0.634688] scsi host0: ata_piix
[    0.634842] scsi host1: ata_piix
[    0.634890] ata1: PATA max UDMA/33 cmd 0x1f0 ctl 0x3f6 bmdma 0xd000 irq 14
[    0.634892] ata2: PATA max UDMA/33 cmd 0x170 ctl 0x376 bmdma 0xd008 irq 15
[    0.635023] tun: Universal TUN/TAP device driver, 1.6
[    0.635531] PPP generic driver version 2.4.2
[    0.635607] VFIO - User Level meta-driver version: 0.3
[    0.636008] ehci_hcd: USB 2.0 'Enhanced' Host Controller (EHCI) Driver
[    0.636016] ehci-pci: EHCI PCI platform driver
[    0.636039] ehci-platform: EHCI generic platform driver
[    0.636050] ohci_hcd: USB 1.1 'Open' Host Controller (OHCI) Driver
[    0.636053] ohci-pci: OHCI PCI platform driver
[    0.636065] ohci-platform: OHCI generic platform driver
[    0.636073] uhci_hcd: USB Universal Host Controller Interface driver
[    0.636180] i8042: PNP: PS/2 Controller [PNP0303:PS2K,PNP0f03:PS2M] at 0x60,0x64 irq 1,12
[    0.636875] serio: i8042 KBD port at 0x60,0x64 irq 1
[    0.636881] serio: i8042 AUX port at 0x60,0x64 irq 12
[    0.637035] mousedev: PS/2 mouse device common for all mice
[    0.637478] input: AT Translated Set 2 keyboard as /devices/platform/i8042/serio0/input/input2
[    0.638449] rtc_cmos rtc_cmos: registered as rtc0
[    0.638482] rtc_cmos rtc_cmos: alarms up to one day, 114 bytes nvram
[    0.638497] i2c /dev entries driver
[    0.638600] device-mapper: uevent: version 1.0.3
[    0.638691] device-mapper: ioctl: 4.41.0-ioctl (2019-09-16) initialised: dm-devel@redhat.com
[    0.638724] platform eisa.0: Probing EISA bus 0
[    0.638727] platform eisa.0: EISA: Cannot allocate resource for mainboard
[    0.638730] platform eisa.0: Cannot allocate resource for EISA slot 1
[    0.638731] platform eisa.0: Cannot allocate resource for EISA slot 2
[    0.638733] platform eisa.0: Cannot allocate resource for EISA slot 3
[    0.638735] platform eisa.0: Cannot allocate resource for EISA slot 4
[    0.638736] platform eisa.0: Cannot allocate resource for EISA slot 5
[    0.638738] platform eisa.0: Cannot allocate resource for EISA slot 6
[    0.638740] platform eisa.0: Cannot allocate resource for EISA slot 7
[    0.638741] platform eisa.0: Cannot allocate resource for EISA slot 8
[    0.638743] platform eisa.0: EISA: Detected 0 cards
[    0.638748] intel_pstate: CPU model not supported
[    0.638766] ledtrig-cpu: registered to indicate activity on CPUs
[    0.638886] drop_monitor: Initializing network drop monitor service
[    0.639207] NET: Registered protocol family 10
[    0.646113] Segment Routing with IPv6
[    0.646113] fullmesh registered
[    0.646113] ndiffports registered
[    0.646113] binder registered
[    0.646113] roundrobin registered
[    0.646113] redundant registered
[    0.646113] blest registered
[    0.646113] ecf registered
[    0.646113] NET: Registered protocol family 17
[    0.646113] Key type dns_resolver registered
[    0.646113] RAS: Correctable Errors collector initialized.
[    0.646113] IPI shorthand broadcast: enabled
[    0.646113] sched_clock: Marking stable (628449402, 13663884)->(645543037, -3429751)
[    0.648780] registered taskstats version 1
[    0.648797] Loading compiled-in X.509 certificates
[    0.649849] Loaded X.509 cert 'Build time autogenerated kernel key: 6909f3744cebb3d0de528d5887b96a727de79b1e'
[    0.649882] zswap: loaded using pool lzo/zbud
[    0.649980] Key type ._fscrypt registered
[    0.649981] Key type .fscrypt registered
[    0.657209] Key type big_key registered
[    0.661122] Key type encrypted registered
[    0.661127] AppArmor: AppArmor sha1 policy hashing enabled
[    0.661139] ima: No TPM chip found, activating TPM-bypass!
[    0.661145] ima: Allocated hash algorithm: sha1
[    0.661154] ima: No architecture policies found
[    0.661171] evm: Initialising EVM extended attributes:
[    0.661173] evm: security.selinux
[    0.661173] evm: security.SMACK64
[    0.661174] evm: security.SMACK64EXEC
[    0.661175] evm: security.SMACK64TRANSMUTE
[    0.661176] evm: security.SMACK64MMAP
[    0.661176] evm: security.apparmor
[    0.661177] evm: security.ima
[    0.661178] evm: security.capability
[    0.661179] evm: HMAC attrs: 0x1
[    0.661686] PM:   Magic number: 10:218:839
[    0.661870] rtc_cmos rtc_cmos: setting system clock to 2026-01-13T14:50:05 UTC (1768315805)
[    0.805876] ata1.00: ATA-6: VBOX HARDDISK, 1.0, max UDMA/133
[    0.805879] ata1.00: 209715200 sectors, multi 128: LBA 
[    0.806403] scsi 0:0:0:0: Direct-Access     ATA      VBOX HARDDISK    1.0  PQ: 0 ANSI: 5
[    0.806644] sd 0:0:0:0: [sda] 209715200 512-byte logical blocks: (107 GB/100 GiB)
[    0.806653] sd 0:0:0:0: [sda] Write Protect is off
[    0.806655] sd 0:0:0:0: [sda] Mode Sense: 00 3a 00 00
[    0.806668] sd 0:0:0:0: [sda] Write cache: enabled, read cache: enabled, doesn't support DPO or FUA
[    0.806936] sd 0:0:0:0: Attached scsi generic sg0 type 0
[    0.807530]  sda: sda1 sda2
[    0.817972] sd 0:0:0:0: [sda] Attached SCSI disk
[    0.822242] Freeing unused decrypted memory: 2040K
[    0.823675] Freeing unused kernel image memory: 2728K
[    0.823679] Write protecting the kernel read-only data: 22528k
[    0.825102] Freeing unused kernel image memory: 2036K
[    0.825935] Freeing unused kernel image memory: 1432K
[    0.855034] x86/mm: Checked W+X mappings: passed, no W+X pages found.
[    0.855039] Run /init as init process
[    0.956446] ACPI: Video Device [GFX0] (multi-head: yes  rom: no  post: no)
[    0.956529] input: Video Bus as /devices/LNXSYSTM:00/LNXSYBUS:00/PNP0A03:00/LNXVIDEO:00/input/input4
[    0.970662] pcnet32: pcnet32.c:v1.35 21.Apr.2008 tsbogend@alpha.franken.de
[    0.971637] pcnet32: PCnet/FAST III 79C973 at 0xd020, 08:00:27:db:b7:57 assigned IRQ 19
[    0.971685] pcnet32: Found PHY 0022:561b at address 0
[    0.972027] pcnet32: eth0: registered as PCnet/FAST III 79C973
[    0.976378] e1000: Intel(R) PRO/1000 Network Driver - version 7.3.21-k8-NAPI
[    0.976379] e1000: Copyright (c) 1999-2006 Intel Corporation.
[    0.983948] pcnet32: 1 cards_found
[    0.995606] piix4_smbus 0000:00:07.0: SMBus Host Controller at 0x4100, revision 0
[    1.065478] pcnet32 0000:00:03.0 enp0s3: renamed from eth0
[    1.203412] input: ImExPS/2 Generic Explorer Mouse as /devices/platform/i8042/serio1/input/input5
[    1.414034] e1000 0000:00:08.0 eth0: (PCI:33MHz:32-bit) 08:00:27:7c:71:13
[    1.414050] e1000 0000:00:08.0 eth0: Intel(R) PRO/1000 Network Connection
[    1.786095] e1000 0000:00:09.0 eth1: (PCI:33MHz:32-bit) 08:00:27:c6:3a:9d
[    1.786098] e1000 0000:00:09.0 eth1: Intel(R) PRO/1000 Network Connection
[    1.787382] e1000 0000:00:09.0 enp0s9: renamed from eth1
[    1.789269] e1000 0000:00:08.0 enp0s8: renamed from eth0
[    1.950423] EXT4-fs (sda2): mounted filesystem with ordered data mode. Opts: (null)
[    2.047697] systemd[1]: Inserted module 'autofs4'
[    2.059786] systemd[1]: systemd 245.4-4ubuntu3 running in system mode. (+PAM +AUDIT +SELINUX +IMA +APPARMOR +SMACK +SYSVINIT +UTMP +LIBCRYPTSETUP +GCRYPT +GNUTLS +ACL +XZ +LZ4 +SECCOMP +BLKID +ELFUTILS +KMOD +IDN2 -IDN +PCRE2 default-hierarchy=hybrid)
[    2.059820] systemd[1]: Detected virtualization oracle.
[    2.059824] systemd[1]: Detected architecture x86-64.
[    2.061160] systemd[1]: Set hostname to <ztg>.
[    2.194065] systemd[1]: /lib/systemd/system/dbus.socket:5: ListenStream= references a path below legacy directory /var/run/, updating /var/run/dbus/system_bus_socket â†’ /run/dbus/system_bus_socket; please update the unit file accordingly.
[    2.246666] systemd[1]: Created slice system-modprobe.slice.
[    2.246859] systemd[1]: Created slice User and Session Slice.
[    2.246906] systemd[1]: Started Forward Password Requests to Wall Directory Watch.
[    2.247077] systemd[1]: Set up automount Arbitrary Executable File Formats File System Automount Point.
[    2.247109] systemd[1]: Reached target User and Group Name Lookups.
[    2.247117] systemd[1]: Reached target Remote File Systems.
[    2.247125] systemd[1]: Reached target Slices.
[    2.247687] systemd[1]: Listening on Syslog Socket.
[    2.247758] systemd[1]: Listening on fsck to fsckd communication Socket.
[    2.247797] systemd[1]: Listening on initctl Compatibility Named Pipe.
[    2.247940] systemd[1]: Listening on Journal Audit Socket.
[    2.248000] systemd[1]: Listening on Journal Socket (/dev/log).
[    2.248068] systemd[1]: Listening on Journal Socket.
[    2.248133] systemd[1]: Listening on udev Control Socket.
[    2.248173] systemd[1]: Listening on udev Kernel Socket.
[    2.249001] systemd[1]: Mounting Huge Pages File System...
[    2.250086] systemd[1]: Mounting POSIX Message Queue File System...
[    2.251043] systemd[1]: Mounting Kernel Debug File System...
[    2.251965] systemd[1]: Mounting Kernel Trace File System...
[    2.254573] systemd[1]: Starting Journal Service...
[    2.279969] systemd[1]: Starting Set the console keyboard layout...
[    2.285344] systemd[1]: Starting Create list of static device nodes for the current kernel...
[    2.290136] systemd[1]: Starting Load Kernel Module drm...
[    2.292496] systemd[1]: Condition check resulted in Set Up Additional Binary Formats being skipped.
[    2.292546] systemd[1]: Condition check resulted in File System Check on Root Device being skipped.
[    2.305845] systemd[1]: Starting Load Kernel Modules...
[    2.309942] systemd[1]: Starting Remount Root and Kernel File Systems...
[    2.314827] systemd[1]: Starting udev Coldplug all Devices...
[    2.339398] systemd[1]: Starting Uncomplicated firewall...
[    2.340807] systemd[1]: Mounted Huge Pages File System.
[    2.340903] systemd[1]: Mounted POSIX Message Queue File System.
[    2.340984] systemd[1]: Mounted Kernel Debug File System.
[    2.341060] systemd[1]: Mounted Kernel Trace File System.
[    2.353934] EXT4-fs (sda2): re-mounted. Opts: errors=remount-ro
[    2.356026] systemd[1]: Finished Create list of static device nodes for the current kernel.
[    2.358433] systemd[1]: Finished Remount Root and Kernel File Systems.
[    2.358713] systemd[1]: modprobe@drm.service: Succeeded.
[    2.360303] systemd[1]: Finished Load Kernel Module drm.
[    2.378327] systemd[1]: Finished Uncomplicated firewall.
[    2.385394] systemd[1]: Condition check resulted in Rebuild Hardware Database being skipped.
[    2.385433] systemd[1]: Condition check resulted in Platform Persistent Storage Archival being skipped.
[    2.386301] systemd[1]: Starting Load/Save Random Seed...
[    2.392126] systemd[1]: Starting Create System Users...
[    2.400024] lp: driver loaded but no devices found
[    2.419878] systemd[1]: Finished Load/Save Random Seed.
[    2.423596] ppdev: user-space parallel port driver
[    2.431047] systemd[1]: Finished Create System Users.
[    2.431904] systemd[1]: Starting Create Static Device Nodes in /dev...
[    2.459398] systemd[1]: Finished Create Static Device Nodes in /dev.
[    2.460258] systemd[1]: Starting udev Kernel Device Manager...
[    2.500421] systemd[1]: Finished udev Coldplug all Devices.
[    2.503950] [drm] DMA map mode: Caching DMA mappings.
[    2.504014] [drm] Capabilities:
[    2.504014] [drm]   Rect copy.
[    2.504015] [drm]   Cursor.
[    2.504015] [drm]   Cursor bypass.
[    2.504015] [drm]   Cursor bypass 2.
[    2.504016] [drm]   Alpha cursor.
[    2.504016] [drm]   Extended Fifo.
[    2.504017] [drm]   Pitchlock.
[    2.504017] [drm]   Irq mask.
[    2.504017] [drm]   GMR.
[    2.504018] [drm]   Traces.
[    2.504018] [drm]   GMR2.
[    2.504019] [drm]   Screen Object 2.
[    2.504019] [drm]   Command Buffers.
[    2.504019] [drm]   Command Buffers 2.
[    2.504020] [drm]   Guest Backed Resources.
[    2.504021] [drm] Max GMR ids is 8192
[    2.504022] [drm] Max number of GMR pages is 1048576
[    2.504022] [drm] Max dedicated hypervisor surface memory is 393216 kiB
[    2.504023] [drm] Maximum display memory size is 131072 kiB
[    2.504023] [drm] VRAM at 0xe0000000 size is 131072 kiB
[    2.504024] [drm] MMIO at 0xf0000000 size is 2048 kiB
[    2.506064] [TTM] Zone  kernel: Available graphics memory: 1011738 KiB
[    2.506065] [TTM] Initializing pool allocator
[    2.506069] [TTM] Initializing DMA pool allocator
[    2.506126] [drm] Supports vblank timestamp caching Rev 2 (21.10.2013).
[    2.506126] [drm] No driver support for vblank timestamp query.
[    2.506371] [drm] Screen Target Display device initialized
[    2.506723] [drm] width 720
[    2.506732] [drm] height 400
[    2.506735] [drm] bpp 32
[    2.507284] [drm] Fifo max 0x00200000 min 0x00001000 cap 0x00000355
[    2.508944] [drm] Using command buffers with DMA pool.
[    2.508948] [drm] DX: no.
[    2.508949] [drm] Atomic: yes.
[    2.508949] [drm] SM4_1: no.
[    2.508972] [drm:vmw_host_log [vmwgfx]] *ERROR* Failed to send host log message.
[    2.514304] [drm:vmw_host_log [vmwgfx]] *ERROR* Failed to send host log message.
[    2.545748] fbcon: svgadrmfb (fb0) is primary device
[    2.548203] Console: switching to colour frame buffer device 100x37
[    2.555674] [drm] Initialized vmwgfx 2.15.0 20180704 for 0000:00:02.0 on minor 0
[    2.557222] systemd[1]: Finished Load Kernel Modules.
[    2.558360] systemd[1]: Mounting FUSE Control File System...
[    2.560129] systemd[1]: Mounting Kernel Configuration File System...
[    2.587265] systemd[1]: Starting Apply Kernel Variables...
[    2.607313] systemd[1]: Finished Set the console keyboard layout.
[    2.608125] systemd[1]: Mounted FUSE Control File System.
[    2.608210] systemd[1]: Reached target Local File Systems (Pre).
[    2.608231] systemd[1]: Condition check resulted in VMware vmblock fuse mount being skipped.
[    2.611656] systemd[1]: Mounting Mount unit for bare, revision 5...
[    2.615070] systemd[1]: Mounting Mount unit for core18, revision 1705...
[    2.620570] systemd[1]: Mounting Mount unit for gnome-3-34-1804, revision 24...
[    2.645474] systemd[1]: Mounting Mount unit for gtk-common-themes, revision 1506...
[    2.647550] systemd[1]: Mounting Mount unit for gtk-common-themes, revision 1535...
[    2.657623] systemd[1]: Mounting Mount unit for snap-store, revision 433...
[    2.664027] systemd[1]: Mounting Mount unit for snapd, revision 7264...
[    2.665314] systemd[1]: Mounted Kernel Configuration File System.
[    2.679253] systemd[1]: Finished Apply Kernel Variables.
[    2.688772] systemd[1]: Mounted Mount unit for bare, revision 5.
[    2.690546] systemd[1]: Started udev Kernel Device Manager.
[    2.691253] systemd[1]: Starting Show Plymouth Boot Screen...
[    2.700694] systemd[1]: Received SIGRTMIN+20 from PID 274 (plymouthd).
[    2.711541] systemd[1]: Mounted Mount unit for gnome-3-34-1804, revision 24.
[    2.714336] systemd[1]: Mounted Mount unit for gtk-common-themes, revision 1506.
[    2.714523] systemd[1]: Started Show Plymouth Boot Screen.
[    2.714711] systemd[1]: Condition check resulted in Dispatch Password Requests to Console Directory Watch being skipped.
[    2.714808] systemd[1]: Started Forward Password Requests to Plymouth Directory Watch.
[    2.715907] systemd[1]: Reached target Local Encrypted Volumes.
[    2.779812] systemd[1]: Mounted Mount unit for core18, revision 1705.
[    2.783825] systemd[1]: Mounted Mount unit for gtk-common-themes, revision 1535.
[    2.784083] systemd[1]: Mounted Mount unit for snapd, revision 7264.
[    2.814094] systemd[1]: Mounted Mount unit for snap-store, revision 433.
[    2.814339] systemd[1]: Reached target Local File Systems.
[    2.815360] systemd[1]: Starting Load AppArmor profiles...
[    2.822483] systemd[1]: Starting Set console font and keymap...
[    2.832380] systemd[1]: Starting Tell Plymouth To Write Out Runtime Data...
[    2.835412] systemd[1]: Condition check resulted in Store a System Token in an EFI Variable being skipped.
[    2.835447] systemd[1]: Condition check resulted in Commit a transient machine-id on disk being skipped.
[    2.837998] systemd[1]: Finished Set console font and keymap.
[    2.857841] systemd[1]: Received SIGRTMIN+20 from PID 274 (plymouthd).
[    2.858727] systemd[1]: plymouth-read-write.service: Succeeded.
[    2.858981] systemd[1]: Finished Tell Plymouth To Write Out Runtime Data.
[    2.881569] audit: type=1400 audit(1768315807.712:2): apparmor="STATUS" operation="profile_load" profile="unconfined" name="nvidia_modprobe" pid=299 comm="apparmor_parser"
[    2.881571] audit: type=1400 audit(1768315807.712:3): apparmor="STATUS" operation="profile_load" profile="unconfined" name="nvidia_modprobe//kmod" pid=299 comm="apparmor_parser"
[    2.888061] audit: type=1400 audit(1768315807.724:4): apparmor="STATUS" operation="profile_load" profile="unconfined" name="/usr/sbin/tcpdump" pid=300 comm="apparmor_parser"
[    2.938481] audit: type=1400 audit(1768315807.768:5): apparmor="STATUS" operation="profile_load" profile="unconfined" name="/usr/bin/evince" pid=302 comm="apparmor_parser"
[    2.938482] audit: type=1400 audit(1768315807.768:6): apparmor="STATUS" operation="profile_load" profile="unconfined" name="/usr/bin/evince//sanitized_helper" pid=302 comm="apparmor_parser"
[    2.938484] audit: type=1400 audit(1768315807.768:7): apparmor="STATUS" operation="profile_load" profile="unconfined" name="/usr/bin/evince-previewer" pid=302 comm="apparmor_parser"
[    2.938486] audit: type=1400 audit(1768315807.768:8): apparmor="STATUS" operation="profile_load" profile="unconfined" name="/usr/bin/evince-previewer//sanitized_helper" pid=302 comm="apparmor_parser"
[    2.938487] audit: type=1400 audit(1768315807.768:9): apparmor="STATUS" operation="profile_load" profile="unconfined" name="/usr/bin/evince-thumbnailer" pid=302 comm="apparmor_parser"
[    2.952244] audit: type=1400 audit(1768315807.788:10): apparmor="STATUS" operation="profile_load" profile="unconfined" name="/usr/lib/cups/backend/cups-pdf" pid=303 comm="apparmor_parser"
[    3.017138] systemd[1]: Finished Load AppArmor profiles.
[    3.018428] systemd[1]: Starting Load AppArmor profiles managed internally by snapd...
[    3.097061] systemd[1]: Finished Load AppArmor profiles managed internally by snapd.
[    3.245930] systemd[1]: Started Journal Service.
[    3.256001] systemd-journald[229]: Received client request to flush runtime journal.
[    3.260375] systemd-journald[229]: File /var/log/journal/c455b248004a419c87ce85eea238d727/system.journal corrupted or uncleanly shut down, renaming and replacing.
[    4.632837] RAPL PMU: API unit is 2^-32 Joules, 0 fixed counters, 10737418240 ms ovfl timer
[    4.708606] cryptd: max_cpu_qlen set to 1000
[    4.761189] AVX2 version of gcm_enc/dec engaged.
[    4.761190] AES CTR mode by8 optimization enabled
[    5.598002] Adding 1998844k swap on /dev/sda1.  Priority:-2 extents:1 across:1998844k FS
[    6.558990] kauditd_printk_skb: 30 callbacks suppressed
[    6.558992] audit: type=1400 audit(1768315811.392:41): apparmor="DENIED" operation="capable" profile="/usr/sbin/cups-browsed" pid=497 comm="cups-browsed" capability=23  capname="sys_nice"
[    7.732868] pcnet32 0000:00:03.0 enp0s3: link up, 100Mbps, full-duplex
[    7.766786] e1000: enp0s8 NIC Link is Up 1000 Mbps Full Duplex, Flow Control: RX
[    7.767082] IPv6: ADDRCONF(NETDEV_CHANGE): enp0s8: link becomes ready
[    7.782138] e1000: enp0s9 NIC Link is Up 1000 Mbps Full Duplex, Flow Control: RX
[    7.782450] IPv6: ADDRCONF(NETDEV_CHANGE): enp0s9: link becomes ready
[    8.328052] device enp0s3 entered promiscuous mode
[    8.358312] audit: type=1400 audit(1768315813.188:42): apparmor="DENIED" operation="open" profile="/usr/sbin/tcpdump" name="/proc/sys/kernel/random/boot_id" pid=636 comm="tcpdump" requested_mask="r" denied_mask="r" fsuid=0 ouid=0
[    8.358553] audit: type=1400 audit(1768315813.188:43): apparmor="DENIED" operation="open" profile="/usr/sbin/tcpdump" name="/proc/sys/kernel/random/boot_id" pid=636 comm="tcpdump" requested_mask="r" denied_mask="r" fsuid=0 ouid=0
[    8.358639] audit: type=1400 audit(1768315813.188:44): apparmor="DENIED" operation="open" profile="/usr/sbin/tcpdump" name="/proc/sys/kernel/random/boot_id" pid=636 comm="tcpdump" requested_mask="r" denied_mask="r" fsuid=0 ouid=0
[    8.358735] audit: type=1400 audit(1768315813.188:45): apparmor="DENIED" operation="open" profile="/usr/sbin/tcpdump" name="/proc/sys/kernel/random/boot_id" pid=636 comm="tcpdump" requested_mask="r" denied_mask="r" fsuid=0 ouid=0
[    8.366248] audit: type=1400 audit(1768315813.200:46): apparmor="DENIED" operation="open" profile="/usr/sbin/tcpdump" name="/proc/sys/kernel/random/boot_id" pid=637 comm="tcpdump" requested_mask="r" denied_mask="r" fsuid=0 ouid=0
[    8.366330] audit: type=1400 audit(1768315813.200:47): apparmor="DENIED" operation="open" profile="/usr/sbin/tcpdump" name="/proc/sys/kernel/random/boot_id" pid=637 comm="tcpdump" requested_mask="r" denied_mask="r" fsuid=0 ouid=0
[    8.366369] audit: type=1400 audit(1768315813.200:48): apparmor="DENIED" operation="open" profile="/usr/sbin/tcpdump" name="/proc/sys/kernel/random/boot_id" pid=637 comm="tcpdump" requested_mask="r" denied_mask="r" fsuid=0 ouid=0
[    8.366386] audit: type=1400 audit(1768315813.200:49): apparmor="DENIED" operation="open" profile="/usr/sbin/tcpdump" name="/proc/sys/kernel/random/boot_id" pid=637 comm="tcpdump" requested_mask="r" denied_mask="r" fsuid=0 ouid=0
[   12.939122] rfkill: input handler disabled
[  154.799564] rfkill: input handler enabled
[  163.542053] rfkill: input handler disabled
[  309.814604] AAAAA-TCP_FORW: name:enp0s3: saddr:16783984: daddr:100932208
[  310.464266] AAAAA-TCP_FORW: name:enp0s3: saddr:100932208: daddr:16783984
[  310.647317] AAAAA-TCP_FORW: name:enp0s3: saddr:100932208: daddr:16783984
[  569.417543] device enp0s3 left promiscuous mode
