[    0.000000] Linux version 5.4.243-mptcp (root@ztg) (gcc version 12.2.0 (Debian 12.2.0-14+deb12u1)) #53 SMP Wed Dec 24 23:28:15 CST 2025
[    0.000000] Command line: BOOT_IMAGE=/boot/vmlinuz-5.4.243-mptcp root=UUID=98415a12-53b7-4144-8265-0f7ece09e445 ro quiet splash
[    0.000000] KERNEL supported cpus:
[    0.000000]   Intel GenuineIntel
[    0.000000]   AMD AuthenticAMD
[    0.000000]   Hygon HygonGenuine
[    0.000000]   Centaur CentaurHauls
[    0.000000]   zhaoxin   Shanghai  
[    0.000000] x86/fpu: Supporting XSAVE feature 0x001: 'x87 floating point registers'
[    0.000000] x86/fpu: Supporting XSAVE feature 0x002: 'SSE registers'
[    0.000000] x86/fpu: Supporting XSAVE feature 0x004: 'AVX registers'
[    0.000000] x86/fpu: xstate_offset[2]:  576, xstate_sizes[2]:  256
[    0.000000] x86/fpu: Enabled xstate features 0x7, context size is 832 bytes, using 'standard' format.
[    0.000000] BIOS-provided physical RAM map:
[    0.000000] BIOS-e820: [mem 0x0000000000000000-0x000000000009fbff] usable
[    0.000000] BIOS-e820: [mem 0x000000000009fc00-0x000000000009ffff] reserved
[    0.000000] BIOS-e820: [mem 0x00000000000f0000-0x00000000000fffff] reserved
[    0.000000] BIOS-e820: [mem 0x0000000000100000-0x000000007ffeffff] usable
[    0.000000] BIOS-e820: [mem 0x000000007fff0000-0x000000007fffffff] ACPI data
[    0.000000] BIOS-e820: [mem 0x00000000fec00000-0x00000000fec00fff] reserved
[    0.000000] BIOS-e820: [mem 0x00000000fee00000-0x00000000fee00fff] reserved
[    0.000000] BIOS-e820: [mem 0x00000000fffc0000-0x00000000ffffffff] reserved
[    0.000000] NX (Execute Disable) protection: active
[    0.000000] SMBIOS 2.5 present.
[    0.000000] DMI: innotek GmbH VirtualBox/VirtualBox, BIOS VirtualBox 12/01/2006
[    0.000000] Hypervisor detected: KVM
[    0.000000] kvm-clock: Using msrs 4b564d01 and 4b564d00
[    0.000000] kvm-clock: cpu 0, msr 77c01001, primary cpu clock
[    0.000000] kvm-clock: using sched offset of 4440954381 cycles
[    0.000003] clocksource: kvm-clock: mask: 0xffffffffffffffff max_cycles: 0x1cd42e4dffb, max_idle_ns: 881590591483 ns
[    0.000005] tsc: Detected 2100.000 MHz processor
[    0.001872] e820: update [mem 0x00000000-0x00000fff] usable ==> reserved
[    0.001874] e820: remove [mem 0x000a0000-0x000fffff] usable
[    0.001878] last_pfn = 0x7fff0 max_arch_pfn = 0x400000000
[    0.001945] MTRR default type: uncachable
[    0.001946] MTRR fixed ranges enabled:
[    0.001947]   00000-9FFFF write-back
[    0.001948]   A0000-BFFFF uncachable
[    0.001949]   C0000-FFFFF write-protect
[    0.001949] MTRR variable ranges enabled:
[    0.001951]   0 base 000000000000 mask 3FFF80000000 write-back
[    0.001951]   1 disabled
[    0.001952]   2 disabled
[    0.001952]   3 disabled
[    0.001953]   4 disabled
[    0.001953]   5 disabled
[    0.001953]   6 disabled
[    0.001954]   7 disabled
[    0.001954]   8 disabled
[    0.001955]   9 disabled
[    0.001955]   10 disabled
[    0.001955]   11 disabled
[    0.001956]   12 disabled
[    0.001956]   13 disabled
[    0.001957]   14 disabled
[    0.001957]   15 disabled
[    0.001975] x86/PAT: Configuration [0-7]: WB  WC  UC- UC  WB  WP  UC- WT  
[    0.002108] found SMP MP-table at [mem 0x0009fff0-0x0009ffff]
[    0.092306] check: Scanning 1 areas for low memory corruption
[    0.092548] RAMDISK: [mem 0x32271000-0x3512ffff]
[    0.092557] ACPI: Early table checksum verification disabled
[    0.092563] ACPI: RSDP 0x00000000000E0000 000024 (v02 VBOX  )
[    0.092568] ACPI: XSDT 0x000000007FFF0030 00003C (v01 VBOX   VBOXXSDT 00000001 ASL  00000061)
[    0.092574] ACPI: FACP 0x000000007FFF00F0 0000F4 (v04 VBOX   VBOXFACP 00000001 ASL  00000061)
[    0.092581] ACPI: DSDT 0x000000007FFF02E0 002353 (v02 VBOX   VBOXBIOS 00000002 VBOX 00029BF3)
[    0.092585] ACPI: FACS 0x000000007FFF0200 000040
[    0.092588] ACPI: FACS 0x000000007FFF0200 000040
[    0.092592] ACPI: APIC 0x000000007FFF0240 000054 (v02 VBOX   VBOXAPIC 00000001 ASL  00000061)
[    0.092595] ACPI: SSDT 0x000000007FFF02A0 000038 (v01 VBOX   VBOXCPUT 00000002 VBOX 00029BF3)
[    0.092598] ACPI: Reserving FACP table memory at [mem 0x7fff00f0-0x7fff01e3]
[    0.092599] ACPI: Reserving DSDT table memory at [mem 0x7fff02e0-0x7fff2632]
[    0.092600] ACPI: Reserving FACS table memory at [mem 0x7fff0200-0x7fff023f]
[    0.092601] ACPI: Reserving FACS table memory at [mem 0x7fff0200-0x7fff023f]
[    0.092601] ACPI: Reserving APIC table memory at [mem 0x7fff0240-0x7fff0293]
[    0.092602] ACPI: Reserving SSDT table memory at [mem 0x7fff02a0-0x7fff02d7]
[    0.092615] ACPI: Local APIC address 0xfee00000
[    0.092801] No NUMA configuration found
[    0.092802] Faking a node at [mem 0x0000000000000000-0x000000007ffeffff]
[    0.092813] NODE_DATA(0) allocated [mem 0x7ffc5000-0x7ffeffff]
[    0.093074] Zone ranges:
[    0.093075]   DMA      [mem 0x0000000000001000-0x0000000000ffffff]
[    0.093077]   DMA32    [mem 0x0000000001000000-0x000000007ffeffff]
[    0.093078]   Normal   empty
[    0.093078]   Device   empty
[    0.093079] Movable zone start for each node
[    0.093081] Early memory node ranges
[    0.093082]   node   0: [mem 0x0000000000001000-0x000000000009efff]
[    0.093083]   node   0: [mem 0x0000000000100000-0x000000007ffeffff]
[    0.093086] Zeroed struct page in unavailable ranges: 114 pages
[    0.093087] Initmem setup node 0 [mem 0x0000000000001000-0x000000007ffeffff]
[    0.093088] On node 0 totalpages: 524174
[    0.093089]   DMA zone: 64 pages used for memmap
[    0.093090]   DMA zone: 21 pages reserved
[    0.093091]   DMA zone: 3998 pages, LIFO batch:0
[    0.093162]   DMA32 zone: 8128 pages used for memmap
[    0.093162]   DMA32 zone: 520176 pages, LIFO batch:63
[    0.102096] ACPI: PM-Timer IO Port: 0x4008
[    0.102100] ACPI: Local APIC address 0xfee00000
[    0.102174] IOAPIC[0]: apic_id 1, version 32, address 0xfec00000, GSI 0-23
[    0.102177] ACPI: INT_SRC_OVR (bus 0 bus_irq 0 global_irq 2 dfl dfl)
[    0.102180] ACPI: INT_SRC_OVR (bus 0 bus_irq 9 global_irq 9 low level)
[    0.102182] ACPI: IRQ0 used by override.
[    0.102183] ACPI: IRQ9 used by override.
[    0.102185] Using ACPI (MADT) for SMP configuration information
[    0.102192] smpboot: Allowing 1 CPUs, 0 hotplug CPUs
[    0.102217] PM: Registered nosave memory: [mem 0x00000000-0x00000fff]
[    0.102218] PM: Registered nosave memory: [mem 0x0009f000-0x0009ffff]
[    0.102219] PM: Registered nosave memory: [mem 0x000a0000-0x000effff]
[    0.102219] PM: Registered nosave memory: [mem 0x000f0000-0x000fffff]
[    0.102221] [mem 0x80000000-0xfebfffff] available for PCI devices
[    0.102222] Booting paravirtualized kernel on KVM
[    0.102225] clocksource: refined-jiffies: mask: 0xffffffff max_cycles: 0xffffffff, max_idle_ns: 7645519600211568 ns
[    0.102230] setup_percpu: NR_CPUS:8192 nr_cpumask_bits:1 nr_cpu_ids:1 nr_node_ids:1
[    0.103227] percpu: Embedded 60 pages/cpu s208896 r8192 d28672 u2097152
[    0.103243] pcpu-alloc: s208896 r8192 d28672 u2097152 alloc=1*2097152
[    0.103244] pcpu-alloc: [0] 0 
[    0.103271] Built 1 zonelists, mobility grouping on.  Total pages: 515961
[    0.103272] Policy zone: DMA32
[    0.103273] Kernel command line: BOOT_IMAGE=/boot/vmlinuz-5.4.243-mptcp root=UUID=98415a12-53b7-4144-8265-0f7ece09e445 ro quiet splash
[    0.104105] Dentry cache hash table entries: 262144 (order: 9, 2097152 bytes, linear)
[    0.104252] Inode-cache hash table entries: 131072 (order: 8, 1048576 bytes, linear)
[    0.104302] mem auto-init: stack:off, heap alloc:on, heap free:off
[    0.104305] Calgary: detecting Calgary via BIOS EBDA area
[    0.104306] Calgary: Unable to locate Rio Grande table in EBDA - bailing!
[    0.108348] Memory: 1967332K/2096696K available (14339K kernel code, 2398K rwdata, 4712K rodata, 2728K init, 17260K bss, 129364K reserved, 0K cma-reserved)
[    0.109261] SLUB: HWalign=64, Order=0-3, MinObjects=0, CPUs=1, Nodes=1
[    0.109278] ftrace: allocating 43186 entries in 169 pages
[    0.127369] rcu: Hierarchical RCU implementation.
[    0.127371] rcu: 	RCU restricting CPUs from NR_CPUS=8192 to nr_cpu_ids=1.
[    0.127372] 	Tasks RCU enabled.
[    0.127373] rcu: RCU calculated value of scheduler-enlistment delay is 25 jiffies.
[    0.127374] rcu: Adjusting geometry for rcu_fanout_leaf=16, nr_cpu_ids=1
[    0.130329] NR_IRQS: 524544, nr_irqs: 256, preallocated irqs: 16
[    0.130548] random: crng init done
[    0.139840] Console: colour VGA+ 80x25
[    0.139845] printk: console [tty0] enabled
[    0.139865] ACPI: Core revision 20190816
[    0.139962] APIC: Switch to symmetric I/O mode setup
[    0.140212] x2apic enabled
[    0.140451] Switched APIC routing to physical x2apic.
[    0.141577] ..TIMER: vector=0x30 apic1=0 pin1=2 apic2=-1 pin2=-1
[    0.141602] clocksource: tsc-early: mask: 0xffffffffffffffff max_cycles: 0x1e4530a99b6, max_idle_ns: 440795257976 ns
[    0.141607] Calibrating delay loop (skipped) preset value.. 4200.00 BogoMIPS (lpj=8400000)
[    0.141610] pid_max: default: 32768 minimum: 301
[    0.141637] LSM: Security Framework initializing
[    0.141647] Yama: becoming mindful.
[    0.141672] AppArmor: AppArmor initialized
[    0.141706] Mount-cache hash table entries: 4096 (order: 3, 32768 bytes, linear)
[    0.141711] Mountpoint-cache hash table entries: 4096 (order: 3, 32768 bytes, linear)
[    0.141721] *** VALIDATE tmpfs ***
[    0.141849] *** VALIDATE proc ***
[    0.141890] *** VALIDATE cgroup1 ***
[    0.141891] *** VALIDATE cgroup2 ***
[    0.142033] process: using mwait in idle threads
[    0.142038] Last level iTLB entries: 4KB 64, 2MB 8, 4MB 8
[    0.142039] Last level dTLB entries: 4KB 64, 2MB 0, 4MB 0, 1GB 4
[    0.142058] Spectre V1 : Mitigation: usercopy/swapgs barriers and __user pointer sanitization
[    0.142064] Spectre V2 : Mitigation: Retpolines
[    0.142064] Spectre V2 : Spectre v2 / SpectreRSB mitigation: Filling RSB on context switch
[    0.142065] Spectre V2 : Spectre v2 / SpectreRSB : Filling RSB on VMEXIT
[    0.142065] RETBleed: WARNING: Spectre v2 mitigation leaves CPU vulnerable to RETBleed attacks, data leaks possible!
[    0.142417] RETBleed: Vulnerable
[    0.142418] Speculative Store Bypass: Vulnerable
[    0.142422] TAA: Mitigation: TSX disabled
[    0.142422] MMIO Stale Data: Mitigation: Clear CPU buffers
[    0.146650] Freeing SMP alternatives memory: 40K
[    0.258967] smpboot: CPU0: Intel(R) Xeon(R) Silver 4216 CPU @ 2.10GHz (family: 0x6, model: 0x55, stepping: 0x7)
[    0.259112] Performance Events: unsupported p6 CPU model 85 no PMU driver, software events only.
[    0.259149] rcu: Hierarchical SRCU implementation.
[    0.259625] NMI watchdog: Perf NMI watchdog permanently disabled
[    0.259664] smp: Bringing up secondary CPUs ...
[    0.259665] smp: Brought up 1 node, 1 CPU
[    0.259666] smpboot: Max logical packages: 1
[    0.259667] smpboot: Total of 1 processors activated (4200.00 BogoMIPS)
[    0.260645] devtmpfs: initialized
[    0.260693] x86/mm: Memory block size: 128MB
[    0.261062] clocksource: jiffies: mask: 0xffffffff max_cycles: 0xffffffff, max_idle_ns: 7645041785100000 ns
[    0.261068] futex hash table entries: 256 (order: 2, 16384 bytes, linear)
[    0.261113] pinctrl core: initialized pinctrl subsystem
[    0.261215] PM: RTC time: 16:05:11, date: 2026-01-13
[    0.261324] NET: Registered protocol family 16
[    0.261397] audit: initializing netlink subsys (disabled)
[    0.261526] EISA bus registered
[    0.261527] cpuidle: using governor ladder
[    0.261528] cpuidle: using governor menu
[    0.261564] ACPI: bus type PCI registered
[    0.261566] acpiphp: ACPI Hot Plug PCI Controller Driver version: 0.5
[    0.261604] PCI: Using configuration type 1 for base access
[    0.261937] audit: type=2000 audit(1768291518.233:1): state=initialized audit_enabled=0 res=1
[    0.262016] HugeTLB registered 2.00 MiB page size, pre-allocated 0 pages
[    0.262827] ACPI: Added _OSI(Module Device)
[    0.262827] ACPI: Added _OSI(Processor Device)
[    0.262828] ACPI: Added _OSI(3.0 _SCP Extensions)
[    0.262829] ACPI: Added _OSI(Processor Aggregator Device)
[    0.262830] ACPI: Added _OSI(Linux-Dell-Video)
[    0.262831] ACPI: Added _OSI(Linux-Lenovo-NV-HDMI-Audio)
[    0.262831] ACPI: Added _OSI(Linux-HPI-Hybrid-Graphics)
[    0.264796] ACPI: 2 ACPI AML tables successfully acquired and loaded
[    0.266312] ACPI: Interpreter enabled
[    0.266321] ACPI: (supports S0 S5)
[    0.266323] ACPI: Using IOAPIC for interrupt routing
[    0.266528] PCI: Using host bridge windows from ACPI; if necessary, use "pci=nocrs" and report a bug
[    0.266634] ACPI: Enabled 2 GPEs in block 00 to 07
[    0.271451] ACPI: PCI Root Bridge [PCI0] (domain 0000 [bus 00-ff])
[    0.271456] acpi PNP0A03:00: _OSC: OS supports [ASPM ClockPM Segments MSI HPX-Type3]
[    0.271902] acpi PNP0A03:00: _OSC: not requesting OS control; OS requires [ExtendedConfig ASPM ClockPM MSI]
[    0.271910] acpi PNP0A03:00: fail to add MMCONFIG information, can't access extended PCI configuration space under this bridge.
[    0.272278] PCI host bridge to bus 0000:00
[    0.272281] pci_bus 0000:00: root bus resource [io  0x0000-0x0cf7 window]
[    0.272282] pci_bus 0000:00: root bus resource [io  0x0d00-0xffff window]
[    0.272283] pci_bus 0000:00: root bus resource [mem 0x000a0000-0x000bffff window]
[    0.272284] pci_bus 0000:00: root bus resource [mem 0x80000000-0xfdffffff window]
[    0.272285] pci_bus 0000:00: root bus resource [bus 00-ff]
[    0.272329] pci 0000:00:00.0: [8086:1237] type 00 class 0x060000
[    0.273269] pci 0000:00:01.0: [8086:7000] type 00 class 0x060100
[    0.274183] pci 0000:00:01.1: [8086:7111] type 00 class 0x01018a
[    0.274559] pci 0000:00:01.1: reg 0x20: [io  0xd000-0xd00f]
[    0.274713] pci 0000:00:01.1: legacy IDE quirk: reg 0x10: [io  0x01f0-0x01f7]
[    0.274714] pci 0000:00:01.1: legacy IDE quirk: reg 0x14: [io  0x03f6]
[    0.274715] pci 0000:00:01.1: legacy IDE quirk: reg 0x18: [io  0x0170-0x0177]
[    0.274716] pci 0000:00:01.1: legacy IDE quirk: reg 0x1c: [io  0x0376]
[    0.275252] pci 0000:00:02.0: [15ad:0405] type 00 class 0x030000
[    0.277684] pci 0000:00:02.0: reg 0x10: [io  0xd010-0xd01f]
[    0.280487] pci 0000:00:02.0: reg 0x14: [mem 0xe0000000-0xe7ffffff pref]
[    0.284321] pci 0000:00:02.0: reg 0x18: [mem 0xf0000000-0xf01fffff]
[    0.294415] pci 0000:00:03.0: [1022:2000] type 00 class 0x020000
[    0.295107] pci 0000:00:03.0: reg 0x10: [io  0xd020-0xd03f]
[    0.295720] pci 0000:00:03.0: reg 0x14: [mem 0xf0200000-0xf0200fff]
[    0.300164] pci 0000:00:04.0: [80ee:cafe] type 00 class 0x088000
[    0.300834] pci 0000:00:04.0: reg 0x10: [io  0xd040-0xd05f]
[    0.301439] pci 0000:00:04.0: reg 0x14: [mem 0xf0400000-0xf07fffff]
[    0.301719] pci 0000:00:04.0: reg 0x18: [mem 0xf0800000-0xf0803fff pref]
[    0.305238] pci 0000:00:07.0: [8086:7113] type 00 class 0x068000
[    0.305969] pci 0000:00:07.0: quirk: [io  0x4000-0x403f] claimed by PIIX4 ACPI
[    0.305979] pci 0000:00:07.0: quirk: [io  0x4100-0x410f] claimed by PIIX4 SMB
[    0.306588] pci 0000:00:08.0: [8086:100e] type 00 class 0x020000
[    0.307297] pci 0000:00:08.0: reg 0x10: [mem 0xf0820000-0xf083ffff]
[    0.308457] pci 0000:00:08.0: reg 0x18: [io  0xd060-0xd067]
[    0.311242] pci 0000:00:09.0: [8086:100e] type 00 class 0x020000
[    0.311994] pci 0000:00:09.0: reg 0x10: [mem 0xf0840000-0xf085ffff]
[    0.313723] pci 0000:00:09.0: reg 0x18: [io  0xd068-0xd06f]
[    0.322632] ACPI: PCI Interrupt Link [LNKA] (IRQs 5 9 10 *11)
[    0.322913] ACPI: PCI Interrupt Link [LNKB] (IRQs 5 9 *10 11)
[    0.323018] ACPI: PCI Interrupt Link [LNKC] (IRQs 5 *9 10 11)
[    0.323120] ACPI: PCI Interrupt Link [LNKD] (IRQs 5 9 10 *11)
[    0.323389] iommu: Default domain type: Translated 
[    0.323450] pci 0000:00:02.0: vgaarb: setting as boot VGA device
[    0.323452] pci 0000:00:02.0: vgaarb: VGA device added: decodes=io+mem,owns=io+mem,locks=none
[    0.323454] pci 0000:00:02.0: vgaarb: bridge control possible
[    0.323454] vgaarb: loaded
[    0.325789] SCSI subsystem initialized
[    0.325821] libata version 3.00 loaded.
[    0.325844] ACPI: bus type USB registered
[    0.325860] usbcore: registered new interface driver usbfs
[    0.325866] usbcore: registered new interface driver hub
[    0.325871] usbcore: registered new device driver usb
[    0.325900] pps_core: LinuxPPS API ver. 1 registered
[    0.325901] pps_core: Software ver. 5.3.6 - Copyright 2005-2007 Rodolfo Giometti <giometti@linux.it>
[    0.325903] PTP clock support registered
[    0.325937] EDAC MC: Ver: 3.0.0
[    0.326232] PCI: Using ACPI for IRQ routing
[    0.326233] PCI: pci_cache_line_size set to 64 bytes
[    0.326401] e820: reserve RAM buffer [mem 0x0009fc00-0x0009ffff]
[    0.326405] e820: reserve RAM buffer [mem 0x7fff0000-0x7fffffff]
[    0.327180] NetLabel: Initializing
[    0.327181] NetLabel:  domain hash size = 128
[    0.327181] NetLabel:  protocols = UNLABELED CIPSOv4 CALIPSO
[    0.327201] NetLabel:  unlabeled traffic allowed by default
[    0.328111] clocksource: Switched to clocksource kvm-clock
[    0.339965] *** VALIDATE bpf ***
[    0.340024] VFS: Disk quotas dquot_6.6.0
[    0.340036] VFS: Dquot-cache hash table entries: 512 (order 0, 4096 bytes)
[    0.340059] *** VALIDATE ramfs ***
[    0.340062] *** VALIDATE hugetlbfs ***
[    0.340141] AppArmor: AppArmor Filesystem Enabled
[    0.340166] pnp: PnP ACPI init
[    0.340230] pnp 00:00: Plug and Play ACPI device, IDs PNP0303 (active)
[    0.340315] pnp 00:01: Plug and Play ACPI device, IDs PNP0f03 (active)
[    0.341065] pnp: PnP ACPI: found 2 devices
[    0.342079] thermal_sys: Registered thermal governor 'fair_share'
[    0.342080] thermal_sys: Registered thermal governor 'bang_bang'
[    0.342080] thermal_sys: Registered thermal governor 'step_wise'
[    0.342081] thermal_sys: Registered thermal governor 'user_space'
[    0.342082] thermal_sys: Registered thermal governor 'power_allocator'
[    0.346610] clocksource: acpi_pm: mask: 0xffffff max_cycles: 0xffffff, max_idle_ns: 2085701024 ns
[    0.346650] pci_bus 0000:00: resource 4 [io  0x0000-0x0cf7 window]
[    0.346652] pci_bus 0000:00: resource 5 [io  0x0d00-0xffff window]
[    0.346653] pci_bus 0000:00: resource 6 [mem 0x000a0000-0x000bffff window]
[    0.346654] pci_bus 0000:00: resource 7 [mem 0x80000000-0xfdffffff window]
[    0.346714] NET: Registered protocol family 2
[    0.346788] IP idents hash table entries: 32768 (order: 6, 262144 bytes, linear)
[    0.347114] MPTCP tokens hash table entries: 8192 (order: 4, 65536 bytes, linear)
[    0.347114] MPTCP request tokens hash table entries: 8192 (order: 4, 65536 bytes, linear)
[    0.347114] default registered
[    0.347114] default registered
[    0.347114] MPTCP: Stable release v0.96
[    0.347114] tcp_listen_portaddr_hash hash table entries: 1024 (order: 2, 16384 bytes, linear)
[    0.347114] TCP established hash table entries: 16384 (order: 5, 131072 bytes, linear)
[    0.347114] TCP bind hash table entries: 16384 (order: 6, 262144 bytes, linear)
[    0.347114] TCP: Hash tables configured (established 16384 bind 16384)
[    0.348131] UDP hash table entries: 1024 (order: 3, 32768 bytes, linear)
[    0.348143] UDP-Lite hash table entries: 1024 (order: 3, 32768 bytes, linear)
[    0.348180] NET: Registered protocol family 1
[    0.348188] NET: Registered protocol family 44
[    0.348210] pci 0000:00:00.0: Limiting direct PCI/PCI transfers
[    0.348223] pci 0000:00:01.0: Activating ISA DMA hang workarounds
[    0.348280] pci 0000:00:02.0: Video device with shadowed ROM at [mem 0x000c0000-0x000dffff]
[    0.348344] PCI: CLS 0 bytes, default 64
[    0.348391] Trying to unpack rootfs image as initramfs...
[    0.519525] Freeing initrd memory: 47868K
[    0.519525] clocksource: tsc: mask: 0xffffffffffffffff max_cycles: 0x1e4530a99b6, max_idle_ns: 440795257976 ns
[    0.519525] clocksource: Switched to clocksource tsc
[    0.519525] platform rtc_cmos: registered platform RTC device (no PNP device found)
[    0.519525] check: Scanning for low memory corruption every 60 seconds
[    0.519525] Initialise system trusted keyrings
[    0.519525] Key type blacklist registered
[    0.519525] workingset: timestamp_bits=36 max_order=19 bucket_order=0
[    0.519525] zbud: loaded
[    0.519525] squashfs: version 4.0 (2009/01/31) Phillip Lougher
[    0.519525] fuse: init (API version 7.31)
[    0.519525] *** VALIDATE fuse ***
[    0.519525] *** VALIDATE fuse ***
[    0.519525] Platform Keyring initialized
[    0.519525] Key type asymmetric registered
[    0.519525] Asymmetric key parser 'x509' registered
[    0.519525] Block layer SCSI generic (bsg) driver version 0.4 loaded (major 244)
[    0.519525] io scheduler mq-deadline registered
[    0.519525] shpchp: Standard Hot Plug PCI Controller Driver version: 0.4
[    0.533423] ACPI: AC Adapter [AC] (on-line)
[    0.533471] input: Power Button as /devices/LNXSYSTM:00/LNXPWRBN:00/input/input0
[    0.533497] ACPI: Power Button [PWRF]
[    0.533581] input: Sleep Button as /devices/LNXSYSTM:00/LNXSLPBN:00/input/input1
[    0.533596] ACPI: Sleep Button [SLPF]
[    0.533826] Serial: 8250/16550 driver, 32 ports, IRQ sharing enabled
[    0.534962] Linux agpgart interface v0.103
[    0.623102] loop: module loaded
[    0.623251] ata_piix 0000:00:01.1: version 2.13
[    0.623658] scsi host0: ata_piix
[    0.623748] scsi host1: ata_piix
[    0.623775] ata1: PATA max UDMA/33 cmd 0x1f0 ctl 0x3f6 bmdma 0xd000 irq 14
[    0.623776] ata2: PATA max UDMA/33 cmd 0x170 ctl 0x376 bmdma 0xd008 irq 15
[    0.623856] tun: Universal TUN/TAP device driver, 1.6
[    0.624160] PPP generic driver version 2.4.2
[    0.624201] VFIO - User Level meta-driver version: 0.3
[    0.624442] ehci_hcd: USB 2.0 'Enhanced' Host Controller (EHCI) Driver
[    0.624447] ehci-pci: EHCI PCI platform driver
[    0.624462] ehci-platform: EHCI generic platform driver
[    0.624468] ohci_hcd: USB 1.1 'Open' Host Controller (OHCI) Driver
[    0.624469] ohci-pci: OHCI PCI platform driver
[    0.624477] ohci-platform: OHCI generic platform driver
[    0.624481] uhci_hcd: USB Universal Host Controller Interface driver
[    0.624548] i8042: PNP: PS/2 Controller [PNP0303:PS2K,PNP0f03:PS2M] at 0x60,0x64 irq 1,12
[    0.624986] serio: i8042 KBD port at 0x60,0x64 irq 1
[    0.624989] serio: i8042 AUX port at 0x60,0x64 irq 12
[    0.625077] mousedev: PS/2 mouse device common for all mice
[    0.625344] input: AT Translated Set 2 keyboard as /devices/platform/i8042/serio0/input/input2
[    0.625747] rtc_cmos rtc_cmos: registered as rtc0
[    0.625760] rtc_cmos rtc_cmos: alarms up to one day, 114 bytes nvram
[    0.625765] i2c /dev entries driver
[    0.625808] device-mapper: uevent: version 1.0.3
[    0.625850] device-mapper: ioctl: 4.41.0-ioctl (2019-09-16) initialised: dm-devel@redhat.com
[    0.625866] platform eisa.0: Probing EISA bus 0
[    0.625867] platform eisa.0: EISA: Cannot allocate resource for mainboard
[    0.625868] platform eisa.0: Cannot allocate resource for EISA slot 1
[    0.625870] platform eisa.0: Cannot allocate resource for EISA slot 2
[    0.625871] platform eisa.0: Cannot allocate resource for EISA slot 3
[    0.625871] platform eisa.0: Cannot allocate resource for EISA slot 4
[    0.625872] platform eisa.0: Cannot allocate resource for EISA slot 5
[    0.625873] platform eisa.0: Cannot allocate resource for EISA slot 6
[    0.625874] platform eisa.0: Cannot allocate resource for EISA slot 7
[    0.625875] platform eisa.0: Cannot allocate resource for EISA slot 8
[    0.625876] platform eisa.0: EISA: Detected 0 cards
[    0.625879] intel_pstate: CPU model not supported
[    0.625887] ledtrig-cpu: registered to indicate activity on CPUs
[    0.625942] drop_monitor: Initializing network drop monitor service
[    0.626100] NET: Registered protocol family 10
[    0.631210] Segment Routing with IPv6
[    0.631240] fullmesh registered
[    0.631240] ndiffports registered
[    0.631240] binder registered
[    0.631240] roundrobin registered
[    0.631240] redundant registered
[    0.631240] blest registered
[    0.631240] ecf registered
[    0.631240] NET: Registered protocol family 17
[    0.631240] Key type dns_resolver registered
[    0.631240] RAS: Correctable Errors collector initialized.
[    0.631240] IPI shorthand broadcast: enabled
[    0.631240] sched_clock: Marking stable (616174534, 11066051)->(629174687, -1934102)
[    0.631481] registered taskstats version 1
[    0.631490] Loading compiled-in X.509 certificates
[    0.632166] Loaded X.509 cert 'Build time autogenerated kernel key: 6909f3744cebb3d0de528d5887b96a727de79b1e'
[    0.632185] zswap: loaded using pool lzo/zbud
[    0.632244] Key type ._fscrypt registered
[    0.632245] Key type .fscrypt registered
[    0.636850] Key type big_key registered
[    0.639047] Key type encrypted registered
[    0.639050] AppArmor: AppArmor sha1 policy hashing enabled
[    0.639058] ima: No TPM chip found, activating TPM-bypass!
[    0.639062] ima: Allocated hash algorithm: sha1
[    0.639067] ima: No architecture policies found
[    0.639076] evm: Initialising EVM extended attributes:
[    0.639076] evm: security.selinux
[    0.639077] evm: security.SMACK64
[    0.639077] evm: security.SMACK64EXEC
[    0.639078] evm: security.SMACK64TRANSMUTE
[    0.639078] evm: security.SMACK64MMAP
[    0.639079] evm: security.apparmor
[    0.639079] evm: security.ima
[    0.639080] evm: security.capability
[    0.639080] evm: HMAC attrs: 0x1
[    0.639376] PM:   Magic number: 10:156:85
[    0.639503] rtc_cmos rtc_cmos: setting system clock to 2026-01-13T16:05:12 UTC (1768320312)
[    0.795999] ata1.00: ATA-6: VBOX HARDDISK, 1.0, max UDMA/133
[    0.796002] ata1.00: 209715200 sectors, multi 128: LBA 
[    0.796633] scsi 0:0:0:0: Direct-Access     ATA      VBOX HARDDISK    1.0  PQ: 0 ANSI: 5
[    0.796915] sd 0:0:0:0: [sda] 209715200 512-byte logical blocks: (107 GB/100 GiB)
[    0.796928] sd 0:0:0:0: [sda] Write Protect is off
[    0.796931] sd 0:0:0:0: [sda] Mode Sense: 00 3a 00 00
[    0.796950] sd 0:0:0:0: [sda] Write cache: enabled, read cache: enabled, doesn't support DPO or FUA
[    0.797258] sd 0:0:0:0: Attached scsi generic sg0 type 0
[    0.798216]  sda: sda1 sda2
[    0.807390] sd 0:0:0:0: [sda] Attached SCSI disk
[    0.812631] Freeing unused decrypted memory: 2040K
[    0.813995] Freeing unused kernel image memory: 2728K
[    0.813999] Write protecting the kernel read-only data: 22528k
[    0.815488] Freeing unused kernel image memory: 2036K
[    0.816275] Freeing unused kernel image memory: 1432K
[    0.852637] x86/mm: Checked W+X mappings: passed, no W+X pages found.
[    0.852643] Run /init as init process
[    0.960995] ACPI: Video Device [GFX0] (multi-head: yes  rom: no  post: no)
[    0.961069] input: Video Bus as /devices/LNXSYSTM:00/LNXSYBUS:00/PNP0A03:00/LNXVIDEO:00/input/input4
[    0.972606] pcnet32: pcnet32.c:v1.35 21.Apr.2008 tsbogend@alpha.franken.de
[    0.979240] e1000: Intel(R) PRO/1000 Network Driver - version 7.3.21-k8-NAPI
[    0.979241] e1000: Copyright (c) 1999-2006 Intel Corporation.
[    0.983504] piix4_smbus 0000:00:07.0: SMBus Host Controller at 0x4100, revision 0
[    0.985087] pcnet32: PCnet/FAST III 79C973 at 0xd020, 08:00:27:2f:64:a0 assigned IRQ 19
[    0.985135] pcnet32: Found PHY 0022:561b at address 0
[    0.985451] pcnet32: eth0: registered as PCnet/FAST III 79C973
[    0.991900] pcnet32: 1 cards_found
[    1.057395] pcnet32 0000:00:03.0 enp0s3: renamed from eth0
[    1.192620] input: ImExPS/2 Generic Explorer Mouse as /devices/platform/i8042/serio1/input/input5
[    1.391360] e1000 0000:00:08.0 eth0: (PCI:33MHz:32-bit) 08:00:27:e9:03:6b
[    1.391364] e1000 0000:00:08.0 eth0: Intel(R) PRO/1000 Network Connection
[    1.763794] e1000 0000:00:09.0 eth1: (PCI:33MHz:32-bit) 08:00:27:26:07:09
[    1.763797] e1000 0000:00:09.0 eth1: Intel(R) PRO/1000 Network Connection
[    1.764933] e1000 0000:00:09.0 enp0s9: renamed from eth1
[    1.766727] e1000 0000:00:08.0 enp0s8: renamed from eth0
[    1.943764] EXT4-fs (sda2): mounted filesystem with ordered data mode. Opts: (null)
[    2.025898] systemd[1]: Inserted module 'autofs4'
[    2.036607] systemd[1]: systemd 245.4-4ubuntu3 running in system mode. (+PAM +AUDIT +SELINUX +IMA +APPARMOR +SMACK +SYSVINIT +UTMP +LIBCRYPTSETUP +GCRYPT +GNUTLS +ACL +XZ +LZ4 +SECCOMP +BLKID +ELFUTILS +KMOD +IDN2 -IDN +PCRE2 default-hierarchy=hybrid)
[    2.036639] systemd[1]: Detected virtualization oracle.
[    2.036642] systemd[1]: Detected architecture x86-64.
[    2.037938] systemd[1]: Set hostname to <ztg>.
[    2.162441] systemd[1]: /lib/systemd/system/dbus.socket:5: ListenStream= references a path below legacy directory /var/run/, updating /var/run/dbus/system_bus_socket â†’ /run/dbus/system_bus_socket; please update the unit file accordingly.
[    2.213346] systemd[1]: Created slice system-modprobe.slice.
[    2.213547] systemd[1]: Created slice User and Session Slice.
[    2.213593] systemd[1]: Started Forward Password Requests to Wall Directory Watch.
[    2.213758] systemd[1]: Set up automount Arbitrary Executable File Formats File System Automount Point.
[    2.213792] systemd[1]: Reached target User and Group Name Lookups.
[    2.213801] systemd[1]: Reached target Remote File Systems.
[    2.213809] systemd[1]: Reached target Slices.
[    2.214304] systemd[1]: Listening on Syslog Socket.
[    2.214371] systemd[1]: Listening on fsck to fsckd communication Socket.
[    2.214408] systemd[1]: Listening on initctl Compatibility Named Pipe.
[    2.214547] systemd[1]: Listening on Journal Audit Socket.
[    2.214597] systemd[1]: Listening on Journal Socket (/dev/log).
[    2.214666] systemd[1]: Listening on Journal Socket.
[    2.214729] systemd[1]: Listening on udev Control Socket.
[    2.214767] systemd[1]: Listening on udev Kernel Socket.
[    2.215569] systemd[1]: Mounting Huge Pages File System...
[    2.216502] systemd[1]: Mounting POSIX Message Queue File System...
[    2.217380] systemd[1]: Mounting Kernel Debug File System...
[    2.218192] systemd[1]: Mounting Kernel Trace File System...
[    2.220089] systemd[1]: Starting Journal Service...
[    2.243727] systemd[1]: Starting Set the console keyboard layout...
[    2.252324] systemd[1]: Starting Create list of static device nodes for the current kernel...
[    2.254111] systemd[1]: Starting Load Kernel Module drm...
[    2.255196] systemd[1]: Condition check resulted in Set Up Additional Binary Formats being skipped.
[    2.255276] systemd[1]: Condition check resulted in File System Check on Root Device being skipped.
[    2.263293] systemd[1]: Starting Load Kernel Modules...
[    2.276106] systemd[1]: Starting Remount Root and Kernel File Systems...
[    2.281519] systemd[1]: Starting udev Coldplug all Devices...
[    2.294717] systemd[1]: Starting Uncomplicated firewall...
[    2.300173] systemd[1]: Mounted Huge Pages File System.
[    2.300266] systemd[1]: Mounted POSIX Message Queue File System.
[    2.300341] systemd[1]: Mounted Kernel Debug File System.
[    2.300410] systemd[1]: Mounted Kernel Trace File System.
[    2.303384] EXT4-fs (sda2): re-mounted. Opts: errors=remount-ro
[    2.307329] systemd[1]: Finished Create list of static device nodes for the current kernel.
[    2.308380] systemd[1]: modprobe@drm.service: Succeeded.
[    2.311414] systemd[1]: Finished Load Kernel Module drm.
[    2.346531] systemd[1]: Finished Remount Root and Kernel File Systems.
[    2.346979] systemd[1]: Finished Uncomplicated firewall.
[    2.348936] lp: driver loaded but no devices found
[    2.350593] systemd[1]: Condition check resulted in Rebuild Hardware Database being skipped.
[    2.350637] systemd[1]: Condition check resulted in Platform Persistent Storage Archival being skipped.
[    2.351413] systemd[1]: Starting Load/Save Random Seed...
[    2.357793] systemd[1]: Starting Create System Users...
[    2.363209] ppdev: user-space parallel port driver
[    2.384262] systemd[1]: Finished Load/Save Random Seed.
[    2.389257] systemd[1]: Finished Create System Users.
[    2.393441] systemd[1]: Starting Create Static Device Nodes in /dev...
[    2.422153] systemd[1]: Finished Create Static Device Nodes in /dev.
[    2.423055] systemd[1]: Starting udev Kernel Device Manager...
[    2.470026] [drm] DMA map mode: Caching DMA mappings.
[    2.470098] [drm] Capabilities:
[    2.470098] [drm]   Rect copy.
[    2.470098] [drm]   Cursor.
[    2.470099] [drm]   Cursor bypass.
[    2.470099] [drm]   Cursor bypass 2.
[    2.470100] [drm]   Alpha cursor.
[    2.470100] [drm]   Extended Fifo.
[    2.470100] [drm]   Pitchlock.
[    2.470101] [drm]   Irq mask.
[    2.470101] [drm]   GMR.
[    2.470101] [drm]   Traces.
[    2.470102] [drm]   GMR2.
[    2.470102] [drm]   Screen Object 2.
[    2.470102] [drm]   Command Buffers.
[    2.470103] [drm]   Command Buffers 2.
[    2.470103] [drm]   Guest Backed Resources.
[    2.470104] [drm] Max GMR ids is 8192
[    2.470105] [drm] Max number of GMR pages is 1048576
[    2.470105] [drm] Max dedicated hypervisor surface memory is 393216 kiB
[    2.470106] [drm] Maximum display memory size is 131072 kiB
[    2.470106] [drm] VRAM at 0xe0000000 size is 131072 kiB
[    2.470107] [drm] MMIO at 0xf0000000 size is 2048 kiB
[    2.474838] systemd[1]: Finished udev Coldplug all Devices.
[    2.476034] [TTM] Zone  kernel: Available graphics memory: 1011738 KiB
[    2.476035] [TTM] Initializing pool allocator
[    2.476038] [TTM] Initializing DMA pool allocator
[    2.476071] [drm] Supports vblank timestamp caching Rev 2 (21.10.2013).
[    2.476071] [drm] No driver support for vblank timestamp query.
[    2.476306] [drm] Screen Target Display device initialized
[    2.476552] [drm] width 720
[    2.476561] [drm] height 400
[    2.476565] [drm] bpp 32
[    2.477088] [drm] Fifo max 0x00200000 min 0x00001000 cap 0x00000355
[    2.478139] [drm] Using command buffers with DMA pool.
[    2.478143] [drm] DX: no.
[    2.478143] [drm] Atomic: yes.
[    2.478144] [drm] SM4_1: no.
[    2.478165] [drm:vmw_host_log [vmwgfx]] *ERROR* Failed to send host log message.
[    2.479437] [drm:vmw_host_log [vmwgfx]] *ERROR* Failed to send host log message.
[    2.491338] fbcon: svgadrmfb (fb0) is primary device
[    2.493453] Console: switching to colour frame buffer device 100x37
[    2.497871] [drm] Initialized vmwgfx 2.15.0 20180704 for 0000:00:02.0 on minor 0
[    2.498802] systemd[1]: Finished Load Kernel Modules.
[    2.499790] systemd[1]: Mounting FUSE Control File System...
[    2.500916] systemd[1]: Mounting Kernel Configuration File System...
[    2.538306] systemd[1]: Starting Apply Kernel Variables...
[    2.538967] systemd[1]: Mounted Kernel Configuration File System.
[    2.542611] systemd[1]: Mounted FUSE Control File System.
[    2.542673] systemd[1]: Condition check resulted in VMware vmblock fuse mount being skipped.
[    2.545067] systemd[1]: Finished Set the console keyboard layout.
[    2.545169] systemd[1]: Reached target Local File Systems (Pre).
[    2.549289] systemd[1]: Mounting Mount unit for bare, revision 5...
[    2.555527] systemd[1]: Mounting Mount unit for core18, revision 1705...
[    2.560695] systemd[1]: Mounting Mount unit for gnome-3-34-1804, revision 24...
[    2.572068] systemd[1]: Mounting Mount unit for gtk-common-themes, revision 1506...
[    2.574805] systemd[1]: Mounting Mount unit for gtk-common-themes, revision 1535...
[    2.600518] systemd[1]: Mounting Mount unit for snap-store, revision 433...
[    2.609138] systemd[1]: Mounting Mount unit for snapd, revision 25935...
[    2.623284] systemd[1]: Finished Apply Kernel Variables.
[    2.625995] systemd[1]: Mounted Mount unit for bare, revision 5.
[    2.626088] systemd[1]: Mounted Mount unit for core18, revision 1705.
[    2.629908] systemd[1]: Mounted Mount unit for gnome-3-34-1804, revision 24.
[    2.635679] systemd[1]: Mounted Mount unit for gtk-common-themes, revision 1506.
[    2.649326] systemd[1]: Mounted Mount unit for snap-store, revision 433.
[    2.650918] systemd[1]: Started udev Kernel Device Manager.
[    2.651723] systemd[1]: Starting Show Plymouth Boot Screen...
[    2.659471] systemd[1]: Received SIGRTMIN+20 from PID 289 (plymouthd).
[    2.662116] systemd[1]: Mounted Mount unit for gtk-common-themes, revision 1535.
[    2.663311] systemd[1]: Mounted Mount unit for snapd, revision 25935.
[    2.679543] systemd[1]: Reached target Local File Systems.
[    2.684451] systemd[1]: Starting Load AppArmor profiles...
[    2.689646] systemd[1]: Starting Set console font and keymap...
[    2.698476] systemd[1]: Starting Tell Plymouth To Write Out Runtime Data...
[    2.702412] systemd[1]: Condition check resulted in Store a System Token in an EFI Variable being skipped.
[    2.702442] systemd[1]: Condition check resulted in Commit a transient machine-id on disk being skipped.
[    2.702565] systemd[1]: Started Show Plymouth Boot Screen.
[    2.702762] systemd[1]: Condition check resulted in Dispatch Password Requests to Console Directory Watch being skipped.
[    2.702843] systemd[1]: Started Forward Password Requests to Plymouth Directory Watch.
[    2.703169] systemd[1]: Reached target Local Encrypted Volumes.
[    2.705325] systemd[1]: Finished Set console font and keymap.
[    2.708133] systemd[1]: Received SIGRTMIN+20 from PID 289 (plymouthd).
[    2.708946] systemd[1]: plymouth-read-write.service: Succeeded.
[    2.709185] systemd[1]: Finished Tell Plymouth To Write Out Runtime Data.
[    2.740026] audit: type=1400 audit(1768320314.596:2): apparmor="STATUS" operation="profile_load" profile="unconfined" name="nvidia_modprobe" pid=301 comm="apparmor_parser"
[    2.740029] audit: type=1400 audit(1768320314.596:3): apparmor="STATUS" operation="profile_load" profile="unconfined" name="nvidia_modprobe//kmod" pid=301 comm="apparmor_parser"
[    2.752122] audit: type=1400 audit(1768320314.608:4): apparmor="STATUS" operation="profile_load" profile="unconfined" name="/usr/sbin/tcpdump" pid=302 comm="apparmor_parser"
[    2.798786] audit: type=1400 audit(1768320314.648:5): apparmor="STATUS" operation="profile_load" profile="unconfined" name="/usr/bin/evince" pid=304 comm="apparmor_parser"
[    2.798789] audit: type=1400 audit(1768320314.648:6): apparmor="STATUS" operation="profile_load" profile="unconfined" name="/usr/bin/evince//sanitized_helper" pid=304 comm="apparmor_parser"
[    2.798790] audit: type=1400 audit(1768320314.648:7): apparmor="STATUS" operation="profile_load" profile="unconfined" name="/usr/bin/evince-previewer" pid=304 comm="apparmor_parser"
[    2.798792] audit: type=1400 audit(1768320314.648:8): apparmor="STATUS" operation="profile_load" profile="unconfined" name="/usr/bin/evince-previewer//sanitized_helper" pid=304 comm="apparmor_parser"
[    2.798793] audit: type=1400 audit(1768320314.648:9): apparmor="STATUS" operation="profile_load" profile="unconfined" name="/usr/bin/evince-thumbnailer" pid=304 comm="apparmor_parser"
[    2.816895] audit: type=1400 audit(1768320314.672:10): apparmor="STATUS" operation="profile_load" profile="unconfined" name="/usr/lib/cups/backend/cups-pdf" pid=305 comm="apparmor_parser"
[    2.898922] systemd[1]: Finished Load AppArmor profiles.
[    2.900091] systemd[1]: Starting Load AppArmor profiles managed internally by snapd...
[    3.025941] systemd[1]: Finished Load AppArmor profiles managed internally by snapd.
[    3.220946] systemd[1]: Started Journal Service.
[    3.240962] systemd-journald[229]: Received client request to flush runtime journal.
[    3.244438] systemd-journald[229]: File /var/log/journal/c455b248004a419c87ce85eea238d727/system.journal corrupted or uncleanly shut down, renaming and replacing.
[    4.597213] RAPL PMU: API unit is 2^-32 Joules, 0 fixed counters, 10737418240 ms ovfl timer
[    4.645226] cryptd: max_cpu_qlen set to 1000
[    4.722861] AVX2 version of gcm_enc/dec engaged.
[    4.722862] AES CTR mode by8 optimization enabled
[    6.521302] Adding 1998844k swap on /dev/sda1.  Priority:-2 extents:1 across:1998844k FS
[    7.550872] kauditd_printk_skb: 30 callbacks suppressed
[    7.550874] audit: type=1400 audit(1768320319.404:41): apparmor="DENIED" operation="capable" profile="/usr/sbin/cups-browsed" pid=506 comm="cups-browsed" capability=23  capname="sys_nice"
[    8.904691] pcnet32 0000:00:03.0 enp0s3: link up, 100Mbps, full-duplex
[    8.947257] e1000: enp0s8 NIC Link is Up 1000 Mbps Full Duplex, Flow Control: RX
[    8.947551] IPv6: ADDRCONF(NETDEV_CHANGE): enp0s8: link becomes ready
[    8.967914] e1000: enp0s9 NIC Link is Up 1000 Mbps Full Duplex, Flow Control: RX
[    8.968211] IPv6: ADDRCONF(NETDEV_CHANGE): enp0s9: link becomes ready
[    9.607143] device enp0s3 entered promiscuous mode
[    9.639435] audit: type=1400 audit(1768320321.488:42): apparmor="DENIED" operation="open" profile="/usr/sbin/tcpdump" name="/proc/sys/kernel/random/boot_id" pid=628 comm="tcpdump" requested_mask="r" denied_mask="r" fsuid=0 ouid=0
[    9.640039] audit: type=1400 audit(1768320321.488:43): apparmor="DENIED" operation="open" profile="/usr/sbin/tcpdump" name="/proc/sys/kernel/random/boot_id" pid=628 comm="tcpdump" requested_mask="r" denied_mask="r" fsuid=0 ouid=0
[    9.640204] audit: type=1400 audit(1768320321.488:44): apparmor="DENIED" operation="open" profile="/usr/sbin/tcpdump" name="/proc/sys/kernel/random/boot_id" pid=628 comm="tcpdump" requested_mask="r" denied_mask="r" fsuid=0 ouid=0
[    9.640397] audit: type=1400 audit(1768320321.488:45): apparmor="DENIED" operation="open" profile="/usr/sbin/tcpdump" name="/proc/sys/kernel/random/boot_id" pid=628 comm="tcpdump" requested_mask="r" denied_mask="r" fsuid=0 ouid=0
[    9.651482] audit: type=1400 audit(1768320321.508:46): apparmor="DENIED" operation="open" profile="/usr/sbin/tcpdump" name="/proc/sys/kernel/random/boot_id" pid=629 comm="tcpdump" requested_mask="r" denied_mask="r" fsuid=0 ouid=0
[    9.653624] audit: type=1400 audit(1768320321.512:47): apparmor="DENIED" operation="open" profile="/usr/sbin/tcpdump" name="/proc/sys/kernel/random/boot_id" pid=629 comm="tcpdump" requested_mask="r" denied_mask="r" fsuid=0 ouid=0
[    9.653795] audit: type=1400 audit(1768320321.512:48): apparmor="DENIED" operation="open" profile="/usr/sbin/tcpdump" name="/proc/sys/kernel/random/boot_id" pid=629 comm="tcpdump" requested_mask="r" denied_mask="r" fsuid=0 ouid=0
[    9.653994] audit: type=1400 audit(1768320321.512:49): apparmor="DENIED" operation="open" profile="/usr/sbin/tcpdump" name="/proc/sys/kernel/random/boot_id" pid=629 comm="tcpdump" requested_mask="r" denied_mask="r" fsuid=0 ouid=0
[   15.666507] rfkill: input handler disabled
[  538.054152] rfkill: input handler enabled
[  546.726845] rfkill: input handler disabled
[  731.762263] device enp0s3 left promiscuous mode
