[    0.000000] Linux version 5.4.243-mptcp (root@ztg) (gcc version 12.2.0 (Debian 12.2.0-14+deb12u1)) #53 SMP Wed Dec 24 23:28:15 CST 2025
[    0.000000] Command line: BOOT_IMAGE=/boot/vmlinuz-5.4.243-mptcp root=UUID=98415a12-53b7-4144-8265-0f7ece09e445 ro quiet splash
[    0.000000] KERNEL supported cpus:
[    0.000000]   Intel GenuineIntel
[    0.000000]   AMD AuthenticAMD
[    0.000000]   Hygon HygonGenuine
[    0.000000]   Centaur CentaurHauls
[    0.000000]   zhaoxin   Shanghai  
[    0.000000] x86/fpu: Supporting XSAVE feature 0x001: 'x87 floating point registers'
[    0.000000] x86/fpu: Supporting XSAVE feature 0x002: 'SSE registers'
[    0.000000] x86/fpu: Supporting XSAVE feature 0x004: 'AVX registers'
[    0.000000] x86/fpu: xstate_offset[2]:  576, xstate_sizes[2]:  256
[    0.000000] x86/fpu: Enabled xstate features 0x7, context size is 832 bytes, using 'standard' format.
[    0.000000] BIOS-provided physical RAM map:
[    0.000000] BIOS-e820: [mem 0x0000000000000000-0x000000000009fbff] usable
[    0.000000] BIOS-e820: [mem 0x000000000009fc00-0x000000000009ffff] reserved
[    0.000000] BIOS-e820: [mem 0x00000000000f0000-0x00000000000fffff] reserved
[    0.000000] BIOS-e820: [mem 0x0000000000100000-0x000000007ffeffff] usable
[    0.000000] BIOS-e820: [mem 0x000000007fff0000-0x000000007fffffff] ACPI data
[    0.000000] BIOS-e820: [mem 0x00000000fec00000-0x00000000fec00fff] reserved
[    0.000000] BIOS-e820: [mem 0x00000000fee00000-0x00000000fee00fff] reserved
[    0.000000] BIOS-e820: [mem 0x00000000fffc0000-0x00000000ffffffff] reserved
[    0.000000] NX (Execute Disable) protection: active
[    0.000000] SMBIOS 2.5 present.
[    0.000000] DMI: innotek GmbH VirtualBox/VirtualBox, BIOS VirtualBox 12/01/2006
[    0.000000] Hypervisor detected: KVM
[    0.000000] kvm-clock: Using msrs 4b564d01 and 4b564d00
[    0.000000] kvm-clock: cpu 0, msr 6da01001, primary cpu clock
[    0.000000] kvm-clock: using sched offset of 4438207126 cycles
[    0.000003] clocksource: kvm-clock: mask: 0xffffffffffffffff max_cycles: 0x1cd42e4dffb, max_idle_ns: 881590591483 ns
[    0.000005] tsc: Detected 2100.000 MHz processor
[    0.001888] e820: update [mem 0x00000000-0x00000fff] usable ==> reserved
[    0.001890] e820: remove [mem 0x000a0000-0x000fffff] usable
[    0.001894] last_pfn = 0x7fff0 max_arch_pfn = 0x400000000
[    0.001962] MTRR default type: uncachable
[    0.001963] MTRR fixed ranges enabled:
[    0.001964]   00000-9FFFF write-back
[    0.001965]   A0000-BFFFF uncachable
[    0.001966]   C0000-FFFFF write-protect
[    0.001966] MTRR variable ranges enabled:
[    0.001968]   0 base 000000000000 mask 3FFF80000000 write-back
[    0.001968]   1 disabled
[    0.001969]   2 disabled
[    0.001969]   3 disabled
[    0.001969]   4 disabled
[    0.001970]   5 disabled
[    0.001970]   6 disabled
[    0.001971]   7 disabled
[    0.001971]   8 disabled
[    0.001972]   9 disabled
[    0.001972]   10 disabled
[    0.001972]   11 disabled
[    0.001973]   12 disabled
[    0.001973]   13 disabled
[    0.001974]   14 disabled
[    0.001974]   15 disabled
[    0.001990] x86/PAT: Configuration [0-7]: WB  WC  UC- UC  WB  WP  UC- WT  
[    0.002123] found SMP MP-table at [mem 0x0009fff0-0x0009ffff]
[    0.093970] check: Scanning 1 areas for low memory corruption
[    0.094227] RAMDISK: [mem 0x32271000-0x3512ffff]
[    0.094235] ACPI: Early table checksum verification disabled
[    0.094241] ACPI: RSDP 0x00000000000E0000 000024 (v02 VBOX  )
[    0.094245] ACPI: XSDT 0x000000007FFF0030 00003C (v01 VBOX   VBOXXSDT 00000001 ASL  00000061)
[    0.094252] ACPI: FACP 0x000000007FFF00F0 0000F4 (v04 VBOX   VBOXFACP 00000001 ASL  00000061)
[    0.094258] ACPI: DSDT 0x000000007FFF02E0 002353 (v02 VBOX   VBOXBIOS 00000002 VBOX 00029BF3)
[    0.094262] ACPI: FACS 0x000000007FFF0200 000040
[    0.094266] ACPI: FACS 0x000000007FFF0200 000040
[    0.094269] ACPI: APIC 0x000000007FFF0240 000054 (v02 VBOX   VBOXAPIC 00000001 ASL  00000061)
[    0.094273] ACPI: SSDT 0x000000007FFF02A0 000038 (v01 VBOX   VBOXCPUT 00000002 VBOX 00029BF3)
[    0.094276] ACPI: Reserving FACP table memory at [mem 0x7fff00f0-0x7fff01e3]
[    0.094277] ACPI: Reserving DSDT table memory at [mem 0x7fff02e0-0x7fff2632]
[    0.094278] ACPI: Reserving FACS table memory at [mem 0x7fff0200-0x7fff023f]
[    0.094278] ACPI: Reserving FACS table memory at [mem 0x7fff0200-0x7fff023f]
[    0.094279] ACPI: Reserving APIC table memory at [mem 0x7fff0240-0x7fff0293]
[    0.094280] ACPI: Reserving SSDT table memory at [mem 0x7fff02a0-0x7fff02d7]
[    0.094295] ACPI: Local APIC address 0xfee00000
[    0.094485] No NUMA configuration found
[    0.094486] Faking a node at [mem 0x0000000000000000-0x000000007ffeffff]
[    0.094496] NODE_DATA(0) allocated [mem 0x7ffc5000-0x7ffeffff]
[    0.094756] Zone ranges:
[    0.094757]   DMA      [mem 0x0000000000001000-0x0000000000ffffff]
[    0.094758]   DMA32    [mem 0x0000000001000000-0x000000007ffeffff]
[    0.094759]   Normal   empty
[    0.094760]   Device   empty
[    0.094760] Movable zone start for each node
[    0.094762] Early memory node ranges
[    0.094763]   node   0: [mem 0x0000000000001000-0x000000000009efff]
[    0.094764]   node   0: [mem 0x0000000000100000-0x000000007ffeffff]
[    0.094767] Zeroed struct page in unavailable ranges: 114 pages
[    0.094768] Initmem setup node 0 [mem 0x0000000000001000-0x000000007ffeffff]
[    0.094769] On node 0 totalpages: 524174
[    0.094770]   DMA zone: 64 pages used for memmap
[    0.094771]   DMA zone: 21 pages reserved
[    0.094772]   DMA zone: 3998 pages, LIFO batch:0
[    0.094843]   DMA32 zone: 8128 pages used for memmap
[    0.094844]   DMA32 zone: 520176 pages, LIFO batch:63
[    0.103827] ACPI: PM-Timer IO Port: 0x4008
[    0.103832] ACPI: Local APIC address 0xfee00000
[    0.103900] IOAPIC[0]: apic_id 1, version 32, address 0xfec00000, GSI 0-23
[    0.103904] ACPI: INT_SRC_OVR (bus 0 bus_irq 0 global_irq 2 dfl dfl)
[    0.103906] ACPI: INT_SRC_OVR (bus 0 bus_irq 9 global_irq 9 low level)
[    0.103907] ACPI: IRQ0 used by override.
[    0.103909] ACPI: IRQ9 used by override.
[    0.103911] Using ACPI (MADT) for SMP configuration information
[    0.103920] smpboot: Allowing 1 CPUs, 0 hotplug CPUs
[    0.103943] PM: Registered nosave memory: [mem 0x00000000-0x00000fff]
[    0.103944] PM: Registered nosave memory: [mem 0x0009f000-0x0009ffff]
[    0.103945] PM: Registered nosave memory: [mem 0x000a0000-0x000effff]
[    0.103945] PM: Registered nosave memory: [mem 0x000f0000-0x000fffff]
[    0.103947] [mem 0x80000000-0xfebfffff] available for PCI devices
[    0.103948] Booting paravirtualized kernel on KVM
[    0.103951] clocksource: refined-jiffies: mask: 0xffffffff max_cycles: 0xffffffff, max_idle_ns: 7645519600211568 ns
[    0.103956] setup_percpu: NR_CPUS:8192 nr_cpumask_bits:1 nr_cpu_ids:1 nr_node_ids:1
[    0.104952] percpu: Embedded 60 pages/cpu s208896 r8192 d28672 u2097152
[    0.104957] pcpu-alloc: s208896 r8192 d28672 u2097152 alloc=1*2097152
[    0.104958] pcpu-alloc: [0] 0 
[    0.104984] Built 1 zonelists, mobility grouping on.  Total pages: 515961
[    0.104985] Policy zone: DMA32
[    0.104987] Kernel command line: BOOT_IMAGE=/boot/vmlinuz-5.4.243-mptcp root=UUID=98415a12-53b7-4144-8265-0f7ece09e445 ro quiet splash
[    0.105847] Dentry cache hash table entries: 262144 (order: 9, 2097152 bytes, linear)
[    0.105993] Inode-cache hash table entries: 131072 (order: 8, 1048576 bytes, linear)
[    0.106044] mem auto-init: stack:off, heap alloc:on, heap free:off
[    0.106046] Calgary: detecting Calgary via BIOS EBDA area
[    0.106048] Calgary: Unable to locate Rio Grande table in EBDA - bailing!
[    0.110197] Memory: 1967332K/2096696K available (14339K kernel code, 2398K rwdata, 4712K rodata, 2728K init, 17260K bss, 129364K reserved, 0K cma-reserved)
[    0.111120] SLUB: HWalign=64, Order=0-3, MinObjects=0, CPUs=1, Nodes=1
[    0.111137] ftrace: allocating 43186 entries in 169 pages
[    0.129449] rcu: Hierarchical RCU implementation.
[    0.129451] rcu: 	RCU restricting CPUs from NR_CPUS=8192 to nr_cpu_ids=1.
[    0.129452] 	Tasks RCU enabled.
[    0.129453] rcu: RCU calculated value of scheduler-enlistment delay is 25 jiffies.
[    0.129454] rcu: Adjusting geometry for rcu_fanout_leaf=16, nr_cpu_ids=1
[    0.132429] NR_IRQS: 524544, nr_irqs: 256, preallocated irqs: 16
[    0.132656] random: crng init done
[    0.141970] Console: colour VGA+ 80x25
[    0.141974] printk: console [tty0] enabled
[    0.141996] ACPI: Core revision 20190816
[    0.142098] APIC: Switch to symmetric I/O mode setup
[    0.142350] x2apic enabled
[    0.142585] Switched APIC routing to physical x2apic.
[    0.143735] ..TIMER: vector=0x30 apic1=0 pin1=2 apic2=-1 pin2=-1
[    0.143762] clocksource: tsc-early: mask: 0xffffffffffffffff max_cycles: 0x1e4530a99b6, max_idle_ns: 440795257976 ns
[    0.143768] Calibrating delay loop (skipped) preset value.. 4200.00 BogoMIPS (lpj=8400000)
[    0.143770] pid_max: default: 32768 minimum: 301
[    0.143801] LSM: Security Framework initializing
[    0.143810] Yama: becoming mindful.
[    0.143836] AppArmor: AppArmor initialized
[    0.143871] Mount-cache hash table entries: 4096 (order: 3, 32768 bytes, linear)
[    0.143875] Mountpoint-cache hash table entries: 4096 (order: 3, 32768 bytes, linear)
[    0.143886] *** VALIDATE tmpfs ***
[    0.144014] *** VALIDATE proc ***
[    0.144054] *** VALIDATE cgroup1 ***
[    0.144055] *** VALIDATE cgroup2 ***
[    0.144198] process: using mwait in idle threads
[    0.144203] Last level iTLB entries: 4KB 64, 2MB 8, 4MB 8
[    0.144204] Last level dTLB entries: 4KB 64, 2MB 0, 4MB 0, 1GB 4
[    0.144223] Spectre V1 : Mitigation: usercopy/swapgs barriers and __user pointer sanitization
[    0.144229] Spectre V2 : Mitigation: Retpolines
[    0.144229] Spectre V2 : Spectre v2 / SpectreRSB mitigation: Filling RSB on context switch
[    0.144230] Spectre V2 : Spectre v2 / SpectreRSB : Filling RSB on VMEXIT
[    0.144230] RETBleed: WARNING: Spectre v2 mitigation leaves CPU vulnerable to RETBleed attacks, data leaks possible!
[    0.144593] RETBleed: Vulnerable
[    0.144593] Speculative Store Bypass: Vulnerable
[    0.144598] TAA: Mitigation: TSX disabled
[    0.144599] MMIO Stale Data: Mitigation: Clear CPU buffers
[    0.148857] Freeing SMP alternatives memory: 40K
[    0.261274] smpboot: CPU0: Intel(R) Xeon(R) Silver 4216 CPU @ 2.10GHz (family: 0x6, model: 0x55, stepping: 0x7)
[    0.261449] Performance Events: unsupported p6 CPU model 85 no PMU driver, software events only.
[    0.261486] rcu: Hierarchical SRCU implementation.
[    0.261991] NMI watchdog: Perf NMI watchdog permanently disabled
[    0.262032] smp: Bringing up secondary CPUs ...
[    0.262033] smp: Brought up 1 node, 1 CPU
[    0.262034] smpboot: Max logical packages: 1
[    0.262036] smpboot: Total of 1 processors activated (4200.00 BogoMIPS)
[    0.263069] devtmpfs: initialized
[    0.263118] x86/mm: Memory block size: 128MB
[    0.263535] clocksource: jiffies: mask: 0xffffffff max_cycles: 0xffffffff, max_idle_ns: 7645041785100000 ns
[    0.263542] futex hash table entries: 256 (order: 2, 16384 bytes, linear)
[    0.263593] pinctrl core: initialized pinctrl subsystem
[    0.263699] PM: RTC time: 21:31:55, date: 2026-01-12
[    0.263764] NET: Registered protocol family 16
[    0.263764] audit: initializing netlink subsys (disabled)
[    0.263764] EISA bus registered
[    0.263764] cpuidle: using governor ladder
[    0.263764] cpuidle: using governor menu
[    0.263764] ACPI: bus type PCI registered
[    0.263764] acpiphp: ACPI Hot Plug PCI Controller Driver version: 0.5
[    0.263764] PCI: Using configuration type 1 for base access
[    0.264548] audit: type=2000 audit(1768224721.271:1): state=initialized audit_enabled=0 res=1
[    0.264631] HugeTLB registered 2.00 MiB page size, pre-allocated 0 pages
[    0.265587] ACPI: Added _OSI(Module Device)
[    0.265588] ACPI: Added _OSI(Processor Device)
[    0.265588] ACPI: Added _OSI(3.0 _SCP Extensions)
[    0.265589] ACPI: Added _OSI(Processor Aggregator Device)
[    0.265590] ACPI: Added _OSI(Linux-Dell-Video)
[    0.265591] ACPI: Added _OSI(Linux-Lenovo-NV-HDMI-Audio)
[    0.265592] ACPI: Added _OSI(Linux-HPI-Hybrid-Graphics)
[    0.267576] ACPI: 2 ACPI AML tables successfully acquired and loaded
[    0.269112] ACPI: Interpreter enabled
[    0.269122] ACPI: (supports S0 S5)
[    0.269123] ACPI: Using IOAPIC for interrupt routing
[    0.269329] PCI: Using host bridge windows from ACPI; if necessary, use "pci=nocrs" and report a bug
[    0.269436] ACPI: Enabled 2 GPEs in block 00 to 07
[    0.275645] ACPI: PCI Root Bridge [PCI0] (domain 0000 [bus 00-ff])
[    0.275652] acpi PNP0A03:00: _OSC: OS supports [ASPM ClockPM Segments MSI HPX-Type3]
[    0.276349] acpi PNP0A03:00: _OSC: not requesting OS control; OS requires [ExtendedConfig ASPM ClockPM MSI]
[    0.276360] acpi PNP0A03:00: fail to add MMCONFIG information, can't access extended PCI configuration space under this bridge.
[    0.276855] PCI host bridge to bus 0000:00
[    0.276858] pci_bus 0000:00: root bus resource [io  0x0000-0x0cf7 window]
[    0.276860] pci_bus 0000:00: root bus resource [io  0x0d00-0xffff window]
[    0.276861] pci_bus 0000:00: root bus resource [mem 0x000a0000-0x000bffff window]
[    0.276862] pci_bus 0000:00: root bus resource [mem 0x80000000-0xfdffffff window]
[    0.276864] pci_bus 0000:00: root bus resource [bus 00-ff]
[    0.276915] pci 0000:00:00.0: [8086:1237] type 00 class 0x060000
[    0.278088] pci 0000:00:01.0: [8086:7000] type 00 class 0x060100
[    0.279052] pci 0000:00:01.1: [8086:7111] type 00 class 0x01018a
[    0.279548] pci 0000:00:01.1: reg 0x20: [io  0xd000-0xd00f]
[    0.279746] pci 0000:00:01.1: legacy IDE quirk: reg 0x10: [io  0x01f0-0x01f7]
[    0.279747] pci 0000:00:01.1: legacy IDE quirk: reg 0x14: [io  0x03f6]
[    0.279749] pci 0000:00:01.1: legacy IDE quirk: reg 0x18: [io  0x0170-0x0177]
[    0.279751] pci 0000:00:01.1: legacy IDE quirk: reg 0x1c: [io  0x0376]
[    0.280421] pci 0000:00:02.0: [15ad:0405] type 00 class 0x030000
[    0.283864] pci 0000:00:02.0: reg 0x10: [io  0xd010-0xd01f]
[    0.287157] pci 0000:00:02.0: reg 0x14: [mem 0xe0000000-0xe7ffffff pref]
[    0.289980] pci 0000:00:02.0: reg 0x18: [mem 0xf0000000-0xf01fffff]
[    0.304607] pci 0000:00:03.0: [1022:2000] type 00 class 0x020000
[    0.305507] pci 0000:00:03.0: reg 0x10: [io  0xd020-0xd03f]
[    0.306304] pci 0000:00:03.0: reg 0x14: [mem 0xf0200000-0xf0200fff]
[    0.310818] pci 0000:00:04.0: [80ee:cafe] type 00 class 0x088000
[    0.311640] pci 0000:00:04.0: reg 0x10: [io  0xd040-0xd05f]
[    0.311910] pci 0000:00:04.0: reg 0x14: [mem 0xf0400000-0xf07fffff]
[    0.312653] pci 0000:00:04.0: reg 0x18: [mem 0xf0800000-0xf0803fff pref]
[    0.317351] pci 0000:00:07.0: [8086:7113] type 00 class 0x068000
[    0.318050] pci 0000:00:07.0: quirk: [io  0x4000-0x403f] claimed by PIIX4 ACPI
[    0.318062] pci 0000:00:07.0: quirk: [io  0x4100-0x410f] claimed by PIIX4 SMB
[    0.318818] pci 0000:00:08.0: [8086:100e] type 00 class 0x020000
[    0.319695] pci 0000:00:08.0: reg 0x10: [mem 0xf0820000-0xf083ffff]
[    0.321176] pci 0000:00:08.0: reg 0x18: [io  0xd060-0xd067]
[    0.325093] pci 0000:00:09.0: [8086:100e] type 00 class 0x020000
[    0.326019] pci 0000:00:09.0: reg 0x10: [mem 0xf0840000-0xf085ffff]
[    0.327485] pci 0000:00:09.0: reg 0x18: [io  0xd068-0xd06f]
[    0.340955] ACPI: PCI Interrupt Link [LNKA] (IRQs 5 9 10 *11)
[    0.341364] ACPI: PCI Interrupt Link [LNKB] (IRQs 5 9 *10 11)
[    0.341509] ACPI: PCI Interrupt Link [LNKC] (IRQs 5 *9 10 11)
[    0.341650] ACPI: PCI Interrupt Link [LNKD] (IRQs 5 9 10 *11)
[    0.341991] iommu: Default domain type: Translated 
[    0.342063] pci 0000:00:02.0: vgaarb: setting as boot VGA device
[    0.342065] pci 0000:00:02.0: vgaarb: VGA device added: decodes=io+mem,owns=io+mem,locks=none
[    0.342068] pci 0000:00:02.0: vgaarb: bridge control possible
[    0.342068] vgaarb: loaded
[    0.342333] SCSI subsystem initialized
[    0.342373] libata version 3.00 loaded.
[    0.342406] ACPI: bus type USB registered
[    0.342427] usbcore: registered new interface driver usbfs
[    0.342435] usbcore: registered new interface driver hub
[    0.342445] usbcore: registered new device driver usb
[    0.342485] pps_core: LinuxPPS API ver. 1 registered
[    0.342485] pps_core: Software ver. 5.3.6 - Copyright 2005-2007 Rodolfo Giometti <giometti@linux.it>
[    0.342489] PTP clock support registered
[    0.342532] EDAC MC: Ver: 3.0.0
[    0.342905] PCI: Using ACPI for IRQ routing
[    0.342906] PCI: pci_cache_line_size set to 64 bytes
[    0.343122] e820: reserve RAM buffer [mem 0x0009fc00-0x0009ffff]
[    0.343127] e820: reserve RAM buffer [mem 0x7fff0000-0x7fffffff]
[    0.343784] NetLabel: Initializing
[    0.343785] NetLabel:  domain hash size = 128
[    0.343786] NetLabel:  protocols = UNLABELED CIPSOv4 CALIPSO
[    0.343811] NetLabel:  unlabeled traffic allowed by default
[    0.344942] clocksource: Switched to clocksource kvm-clock
[    0.361019] *** VALIDATE bpf ***
[    0.361086] VFS: Disk quotas dquot_6.6.0
[    0.361098] VFS: Dquot-cache hash table entries: 512 (order 0, 4096 bytes)
[    0.361121] *** VALIDATE ramfs ***
[    0.361124] *** VALIDATE hugetlbfs ***
[    0.361208] AppArmor: AppArmor Filesystem Enabled
[    0.361237] pnp: PnP ACPI init
[    0.361311] pnp 00:00: Plug and Play ACPI device, IDs PNP0303 (active)
[    0.361399] pnp 00:01: Plug and Play ACPI device, IDs PNP0f03 (active)
[    0.362173] pnp: PnP ACPI: found 2 devices
[    0.363214] thermal_sys: Registered thermal governor 'fair_share'
[    0.363215] thermal_sys: Registered thermal governor 'bang_bang'
[    0.363216] thermal_sys: Registered thermal governor 'step_wise'
[    0.363216] thermal_sys: Registered thermal governor 'user_space'
[    0.363217] thermal_sys: Registered thermal governor 'power_allocator'
[    0.367762] clocksource: acpi_pm: mask: 0xffffff max_cycles: 0xffffff, max_idle_ns: 2085701024 ns
[    0.367802] pci_bus 0000:00: resource 4 [io  0x0000-0x0cf7 window]
[    0.367804] pci_bus 0000:00: resource 5 [io  0x0d00-0xffff window]
[    0.367805] pci_bus 0000:00: resource 6 [mem 0x000a0000-0x000bffff window]
[    0.367806] pci_bus 0000:00: resource 7 [mem 0x80000000-0xfdffffff window]
[    0.367870] NET: Registered protocol family 2
[    0.367945] IP idents hash table entries: 32768 (order: 6, 262144 bytes, linear)
[    0.368362] MPTCP tokens hash table entries: 8192 (order: 4, 65536 bytes, linear)
[    0.368382] MPTCP request tokens hash table entries: 8192 (order: 4, 65536 bytes, linear)
[    0.368408] default registered
[    0.368409] default registered
[    0.368409] MPTCP: Stable release v0.96
[    0.368415] tcp_listen_portaddr_hash hash table entries: 1024 (order: 2, 16384 bytes, linear)
[    0.368495] TCP established hash table entries: 16384 (order: 5, 131072 bytes, linear)
[    0.368561] TCP bind hash table entries: 16384 (order: 6, 262144 bytes, linear)
[    0.368586] TCP: Hash tables configured (established 16384 bind 16384)
[    0.369288] UDP hash table entries: 1024 (order: 3, 32768 bytes, linear)
[    0.369299] UDP-Lite hash table entries: 1024 (order: 3, 32768 bytes, linear)
[    0.369336] NET: Registered protocol family 1
[    0.369344] NET: Registered protocol family 44
[    0.369368] pci 0000:00:00.0: Limiting direct PCI/PCI transfers
[    0.369381] pci 0000:00:01.0: Activating ISA DMA hang workarounds
[    0.369440] pci 0000:00:02.0: Video device with shadowed ROM at [mem 0x000c0000-0x000dffff]
[    0.369505] PCI: CLS 0 bytes, default 64
[    0.369556] Trying to unpack rootfs image as initramfs...
[    0.563247] Freeing initrd memory: 47868K
[    0.563247] clocksource: tsc: mask: 0xffffffffffffffff max_cycles: 0x1e4530a99b6, max_idle_ns: 440795257976 ns
[    0.563247] clocksource: Switched to clocksource tsc
[    0.563247] platform rtc_cmos: registered platform RTC device (no PNP device found)
[    0.563247] check: Scanning for low memory corruption every 60 seconds
[    0.563247] Initialise system trusted keyrings
[    0.563247] Key type blacklist registered
[    0.563247] workingset: timestamp_bits=36 max_order=19 bucket_order=0
[    0.563247] zbud: loaded
[    0.563247] squashfs: version 4.0 (2009/01/31) Phillip Lougher
[    0.563247] fuse: init (API version 7.31)
[    0.563247] *** VALIDATE fuse ***
[    0.563247] *** VALIDATE fuse ***
[    0.563247] Platform Keyring initialized
[    0.576630] Key type asymmetric registered
[    0.576631] Asymmetric key parser 'x509' registered
[    0.576640] Block layer SCSI generic (bsg) driver version 0.4 loaded (major 244)
[    0.576679] io scheduler mq-deadline registered
[    0.576802] shpchp: Standard Hot Plug PCI Controller Driver version: 0.4
[    0.577068] ACPI: AC Adapter [AC] (on-line)
[    0.577114] input: Power Button as /devices/LNXSYSTM:00/LNXPWRBN:00/input/input0
[    0.577145] ACPI: Power Button [PWRF]
[    0.577223] input: Sleep Button as /devices/LNXSYSTM:00/LNXSLPBN:00/input/input1
[    0.577238] ACPI: Sleep Button [SLPF]
[    0.577475] Serial: 8250/16550 driver, 32 ports, IRQ sharing enabled
[    0.578677] Linux agpgart interface v0.103
[    0.667196] loop: module loaded
[    0.667395] ata_piix 0000:00:01.1: version 2.13
[    0.667813] scsi host0: ata_piix
[    0.667913] scsi host1: ata_piix
[    0.667939] ata1: PATA max UDMA/33 cmd 0x1f0 ctl 0x3f6 bmdma 0xd000 irq 14
[    0.667940] ata2: PATA max UDMA/33 cmd 0x170 ctl 0x376 bmdma 0xd008 irq 15
[    0.668024] tun: Universal TUN/TAP device driver, 1.6
[    0.668358] PPP generic driver version 2.4.2
[    0.668403] VFIO - User Level meta-driver version: 0.3
[    0.668647] ehci_hcd: USB 2.0 'Enhanced' Host Controller (EHCI) Driver
[    0.668655] ehci-pci: EHCI PCI platform driver
[    0.668670] ehci-platform: EHCI generic platform driver
[    0.668675] ohci_hcd: USB 1.1 'Open' Host Controller (OHCI) Driver
[    0.668677] ohci-pci: OHCI PCI platform driver
[    0.668684] ohci-platform: OHCI generic platform driver
[    0.668688] uhci_hcd: USB Universal Host Controller Interface driver
[    0.668753] i8042: PNP: PS/2 Controller [PNP0303:PS2K,PNP0f03:PS2M] at 0x60,0x64 irq 1,12
[    0.669192] serio: i8042 KBD port at 0x60,0x64 irq 1
[    0.669196] serio: i8042 AUX port at 0x60,0x64 irq 12
[    0.669283] mousedev: PS/2 mouse device common for all mice
[    0.669541] input: AT Translated Set 2 keyboard as /devices/platform/i8042/serio0/input/input2
[    0.669942] rtc_cmos rtc_cmos: registered as rtc0
[    0.669956] rtc_cmos rtc_cmos: alarms up to one day, 114 bytes nvram
[    0.669961] i2c /dev entries driver
[    0.670006] device-mapper: uevent: version 1.0.3
[    0.670051] device-mapper: ioctl: 4.41.0-ioctl (2019-09-16) initialised: dm-devel@redhat.com
[    0.670067] platform eisa.0: Probing EISA bus 0
[    0.670068] platform eisa.0: EISA: Cannot allocate resource for mainboard
[    0.670069] platform eisa.0: Cannot allocate resource for EISA slot 1
[    0.670070] platform eisa.0: Cannot allocate resource for EISA slot 2
[    0.670072] platform eisa.0: Cannot allocate resource for EISA slot 3
[    0.670072] platform eisa.0: Cannot allocate resource for EISA slot 4
[    0.670073] platform eisa.0: Cannot allocate resource for EISA slot 5
[    0.670074] platform eisa.0: Cannot allocate resource for EISA slot 6
[    0.670075] platform eisa.0: Cannot allocate resource for EISA slot 7
[    0.670076] platform eisa.0: Cannot allocate resource for EISA slot 8
[    0.670077] platform eisa.0: EISA: Detected 0 cards
[    0.670080] intel_pstate: CPU model not supported
[    0.670090] ledtrig-cpu: registered to indicate activity on CPUs
[    0.670146] drop_monitor: Initializing network drop monitor service
[    0.670305] NET: Registered protocol family 10
[    0.675288] Segment Routing with IPv6
[    0.675288] fullmesh registered
[    0.675288] ndiffports registered
[    0.675288] binder registered
[    0.675288] roundrobin registered
[    0.675288] redundant registered
[    0.675288] blest registered
[    0.675288] ecf registered
[    0.675288] NET: Registered protocol family 17
[    0.675288] Key type dns_resolver registered
[    0.675288] RAS: Correctable Errors collector initialized.
[    0.675288] IPI shorthand broadcast: enabled
[    0.675288] sched_clock: Marking stable (660170369, 11117657)->(672108632, -820606)
[    0.675726] registered taskstats version 1
[    0.675735] Loading compiled-in X.509 certificates
[    0.676324] Loaded X.509 cert 'Build time autogenerated kernel key: 6909f3744cebb3d0de528d5887b96a727de79b1e'
[    0.676341] zswap: loaded using pool lzo/zbud
[    0.676395] Key type ._fscrypt registered
[    0.676396] Key type .fscrypt registered
[    0.680969] Key type big_key registered
[    0.683266] Key type encrypted registered
[    0.683269] AppArmor: AppArmor sha1 policy hashing enabled
[    0.683276] ima: No TPM chip found, activating TPM-bypass!
[    0.683280] ima: Allocated hash algorithm: sha1
[    0.683286] ima: No architecture policies found
[    0.683298] evm: Initialising EVM extended attributes:
[    0.683298] evm: security.selinux
[    0.683299] evm: security.SMACK64
[    0.683299] evm: security.SMACK64EXEC
[    0.683300] evm: security.SMACK64TRANSMUTE
[    0.683300] evm: security.SMACK64MMAP
[    0.683301] evm: security.apparmor
[    0.683301] evm: security.ima
[    0.683302] evm: security.capability
[    0.683302] evm: HMAC attrs: 0x1
[    0.683627] PM:   Magic number: 10:576:550
[    0.683639] tty ttyS26: hash matches
[    0.683662] acpi PNP0C0F:01: hash matches
[    0.683766] rtc_cmos rtc_cmos: setting system clock to 2026-01-12T21:31:56 UTC (1768253516)
[    0.839820] ata1.00: ATA-6: VBOX HARDDISK, 1.0, max UDMA/133
[    0.839824] ata1.00: 209715200 sectors, multi 128: LBA 
[    0.840518] scsi 0:0:0:0: Direct-Access     ATA      VBOX HARDDISK    1.0  PQ: 0 ANSI: 5
[    0.840846] sd 0:0:0:0: [sda] 209715200 512-byte logical blocks: (107 GB/100 GiB)
[    0.840862] sd 0:0:0:0: [sda] Write Protect is off
[    0.840865] sd 0:0:0:0: [sda] Mode Sense: 00 3a 00 00
[    0.840889] sd 0:0:0:0: [sda] Write cache: enabled, read cache: enabled, doesn't support DPO or FUA
[    0.841188] sd 0:0:0:0: Attached scsi generic sg0 type 0
[    0.841891]  sda: sda1 sda2
[    0.851277] sd 0:0:0:0: [sda] Attached SCSI disk
[    0.853913] Freeing unused decrypted memory: 2040K
[    0.854910] Freeing unused kernel image memory: 2728K
[    0.854914] Write protecting the kernel read-only data: 22528k
[    0.856008] Freeing unused kernel image memory: 2036K
[    0.856596] Freeing unused kernel image memory: 1432K
[    0.879341] x86/mm: Checked W+X mappings: passed, no W+X pages found.
[    0.879347] Run /init as init process
[    0.977888] ACPI: Video Device [GFX0] (multi-head: yes  rom: no  post: no)
[    0.977960] input: Video Bus as /devices/LNXSYSTM:00/LNXSYBUS:00/PNP0A03:00/LNXVIDEO:00/input/input4
[    0.991396] pcnet32: pcnet32.c:v1.35 21.Apr.2008 tsbogend@alpha.franken.de
[    0.993086] piix4_smbus 0000:00:07.0: SMBus Host Controller at 0x4100, revision 0
[    0.995580] e1000: Intel(R) PRO/1000 Network Driver - version 7.3.21-k8-NAPI
[    0.995581] e1000: Copyright (c) 1999-2006 Intel Corporation.
[    1.006230] pcnet32: PCnet/FAST III 79C973 at 0xd020, 08:00:27:a5:4a:35 assigned IRQ 19
[    1.006275] pcnet32: Found PHY 0022:561b at address 0
[    1.006591] pcnet32: eth0: registered as PCnet/FAST III 79C973
[    1.012430] pcnet32: 1 cards_found
[    1.064270] pcnet32 0000:00:03.0 enp0s3: renamed from eth0
[    1.206901] input: ImExPS/2 Generic Explorer Mouse as /devices/platform/i8042/serio1/input/input5
[    1.403834] e1000 0000:00:08.0 eth0: (PCI:33MHz:32-bit) 08:00:27:c9:23:16
[    1.403838] e1000 0000:00:08.0 eth0: Intel(R) PRO/1000 Network Connection
[    1.775523] e1000 0000:00:09.0 eth1: (PCI:33MHz:32-bit) 08:00:27:f3:76:f7
[    1.775525] e1000 0000:00:09.0 eth1: Intel(R) PRO/1000 Network Connection
[    1.776659] e1000 0000:00:09.0 enp0s9: renamed from eth1
[    1.778431] e1000 0000:00:08.0 enp0s8: renamed from eth0
[    1.926046] EXT4-fs (sda2): mounted filesystem with ordered data mode. Opts: (null)
[    2.006867] systemd[1]: Inserted module 'autofs4'
[    2.015851] systemd[1]: systemd 245.4-4ubuntu3 running in system mode. (+PAM +AUDIT +SELINUX +IMA +APPARMOR +SMACK +SYSVINIT +UTMP +LIBCRYPTSETUP +GCRYPT +GNUTLS +ACL +XZ +LZ4 +SECCOMP +BLKID +ELFUTILS +KMOD +IDN2 -IDN +PCRE2 default-hierarchy=hybrid)
[    2.015883] systemd[1]: Detected virtualization oracle.
[    2.015889] systemd[1]: Detected architecture x86-64.
[    2.017157] systemd[1]: Set hostname to <ztg>.
[    2.139911] systemd[1]: /lib/systemd/system/dbus.socket:5: ListenStream= references a path below legacy directory /var/run/, updating /var/run/dbus/system_bus_socket â†’ /run/dbus/system_bus_socket; please update the unit file accordingly.
[    2.194924] systemd[1]: Created slice system-modprobe.slice.
[    2.195109] systemd[1]: Created slice User and Session Slice.
[    2.195154] systemd[1]: Started Forward Password Requests to Wall Directory Watch.
[    2.195320] systemd[1]: Set up automount Arbitrary Executable File Formats File System Automount Point.
[    2.195353] systemd[1]: Reached target User and Group Name Lookups.
[    2.195361] systemd[1]: Reached target Remote File Systems.
[    2.195369] systemd[1]: Reached target Slices.
[    2.195901] systemd[1]: Listening on Syslog Socket.
[    2.195972] systemd[1]: Listening on fsck to fsckd communication Socket.
[    2.196011] systemd[1]: Listening on initctl Compatibility Named Pipe.
[    2.196147] systemd[1]: Listening on Journal Audit Socket.
[    2.196197] systemd[1]: Listening on Journal Socket (/dev/log).
[    2.196265] systemd[1]: Listening on Journal Socket.
[    2.196328] systemd[1]: Listening on udev Control Socket.
[    2.196368] systemd[1]: Listening on udev Kernel Socket.
[    2.197123] systemd[1]: Mounting Huge Pages File System...
[    2.198036] systemd[1]: Mounting POSIX Message Queue File System...
[    2.198941] systemd[1]: Mounting Kernel Debug File System...
[    2.199759] systemd[1]: Mounting Kernel Trace File System...
[    2.201705] systemd[1]: Starting Journal Service...
[    2.225063] systemd[1]: Starting Set the console keyboard layout...
[    2.233164] systemd[1]: Starting Create list of static device nodes for the current kernel...
[    2.234996] systemd[1]: Starting Load Kernel Module drm...
[    2.238943] systemd[1]: Condition check resulted in Set Up Additional Binary Formats being skipped.
[    2.238986] systemd[1]: Condition check resulted in File System Check on Root Device being skipped.
[    2.247055] systemd[1]: Starting Load Kernel Modules...
[    2.255096] systemd[1]: Starting Remount Root and Kernel File Systems...
[    2.265972] systemd[1]: Starting udev Coldplug all Devices...
[    2.276496] EXT4-fs (sda2): re-mounted. Opts: errors=remount-ro
[    2.276851] systemd[1]: Starting Uncomplicated firewall...
[    2.278391] systemd[1]: Mounted Huge Pages File System.
[    2.278477] systemd[1]: Mounted POSIX Message Queue File System.
[    2.278566] systemd[1]: Mounted Kernel Debug File System.
[    2.278637] systemd[1]: Mounted Kernel Trace File System.
[    2.316028] systemd[1]: Finished Create list of static device nodes for the current kernel.
[    2.316313] systemd[1]: modprobe@drm.service: Succeeded.
[    2.316713] systemd[1]: Finished Load Kernel Module drm.
[    2.317276] systemd[1]: Finished Remount Root and Kernel File Systems.
[    2.323693] systemd[1]: Finished Uncomplicated firewall.
[    2.325860] lp: driver loaded but no devices found
[    2.327329] systemd[1]: Condition check resulted in Rebuild Hardware Database being skipped.
[    2.327387] systemd[1]: Condition check resulted in Platform Persistent Storage Archival being skipped.
[    2.335000] systemd[1]: Starting Load/Save Random Seed...
[    2.341585] systemd[1]: Starting Create System Users...
[    2.348890] ppdev: user-space parallel port driver
[    2.353708] systemd[1]: Finished Load/Save Random Seed.
[    2.361054] systemd[1]: Finished Create System Users.
[    2.361781] systemd[1]: Starting Create Static Device Nodes in /dev...
[    2.386042] systemd[1]: Finished Create Static Device Nodes in /dev.
[    2.386929] systemd[1]: Starting udev Kernel Device Manager...
[    2.447289] systemd[1]: Finished udev Coldplug all Devices.
[    2.448382] [drm] DMA map mode: Caching DMA mappings.
[    2.448474] [drm] Capabilities:
[    2.448475] [drm]   Rect copy.
[    2.448475] [drm]   Cursor.
[    2.448475] [drm]   Cursor bypass.
[    2.448476] [drm]   Cursor bypass 2.
[    2.448476] [drm]   Alpha cursor.
[    2.448476] [drm]   Extended Fifo.
[    2.448477] [drm]   Pitchlock.
[    2.448477] [drm]   Irq mask.
[    2.448477] [drm]   GMR.
[    2.448478] [drm]   Traces.
[    2.448478] [drm]   GMR2.
[    2.448479] [drm]   Screen Object 2.
[    2.448479] [drm]   Command Buffers.
[    2.448479] [drm]   Command Buffers 2.
[    2.448480] [drm]   Guest Backed Resources.
[    2.448481] [drm] Max GMR ids is 8192
[    2.448481] [drm] Max number of GMR pages is 1048576
[    2.448482] [drm] Max dedicated hypervisor surface memory is 393216 kiB
[    2.448482] [drm] Maximum display memory size is 131072 kiB
[    2.448483] [drm] VRAM at 0xe0000000 size is 131072 kiB
[    2.448484] [drm] MMIO at 0xf0000000 size is 2048 kiB
[    2.449552] [TTM] Zone  kernel: Available graphics memory: 1011738 KiB
[    2.449553] [TTM] Initializing pool allocator
[    2.449557] [TTM] Initializing DMA pool allocator
[    2.449587] [drm] Supports vblank timestamp caching Rev 2 (21.10.2013).
[    2.449587] [drm] No driver support for vblank timestamp query.
[    2.449813] [drm] Screen Target Display device initialized
[    2.450041] [drm] width 720
[    2.450050] [drm] height 400
[    2.450053] [drm] bpp 32
[    2.450612] [drm] Fifo max 0x00200000 min 0x00001000 cap 0x00000355
[    2.453167] [drm] Using command buffers with DMA pool.
[    2.453174] [drm] DX: no.
[    2.453174] [drm] Atomic: yes.
[    2.453175] [drm] SM4_1: no.
[    2.453202] [drm:vmw_host_log [vmwgfx]] *ERROR* Failed to send host log message.
[    2.454336] [drm:vmw_host_log [vmwgfx]] *ERROR* Failed to send host log message.
[    2.495076] fbcon: svgadrmfb (fb0) is primary device
[    2.497755] Console: switching to colour frame buffer device 100x37
[    2.504739] systemd[1]: Finished Set the console keyboard layout.
[    2.504876] systemd[1]: Reached target Local File Systems (Pre).
[    2.505607] [drm] Initialized vmwgfx 2.15.0 20180704 for 0000:00:02.0 on minor 0
[    2.508003] systemd[1]: Mounting Mount unit for bare, revision 5...
[    2.511443] systemd[1]: Mounting Mount unit for core18, revision 1705...
[    2.536096] systemd[1]: Mounting Mount unit for gnome-3-34-1804, revision 24...
[    2.553897] systemd[1]: Mounting Mount unit for gtk-common-themes, revision 1506...
[    2.556281] systemd[1]: Mounting Mount unit for gtk-common-themes, revision 1535...
[    2.561031] systemd[1]: Mounting Mount unit for snap-store, revision 433...
[    2.564318] systemd[1]: Mounting Mount unit for snapd, revision 25935...
[    2.589876] systemd[1]: Finished Load Kernel Modules.
[    2.596333] systemd[1]: Mounting FUSE Control File System...
[    2.604094] systemd[1]: Mounting Kernel Configuration File System...
[    2.607992] systemd[1]: Starting Apply Kernel Variables...
[    2.617404] systemd[1]: Mounted Mount unit for bare, revision 5.
[    2.617505] systemd[1]: Mounted Mount unit for core18, revision 1705.
[    2.617583] systemd[1]: Mounted Mount unit for gnome-3-34-1804, revision 24.
[    2.617655] systemd[1]: Mounted FUSE Control File System.
[    2.617716] systemd[1]: Condition check resulted in VMware vmblock fuse mount being skipped.
[    2.633546] systemd[1]: Mounted Mount unit for gtk-common-themes, revision 1506.
[    2.633637] systemd[1]: Mounted Kernel Configuration File System.
[    2.639580] systemd[1]: Started udev Kernel Device Manager.
[    2.644612] systemd[1]: Finished Apply Kernel Variables.
[    2.645407] systemd[1]: Starting Show Plymouth Boot Screen...
[    2.653700] systemd[1]: Received SIGRTMIN+20 from PID 280 (plymouthd).
[    2.670692] systemd[1]: Started Show Plymouth Boot Screen.
[    2.670880] systemd[1]: Condition check resulted in Dispatch Password Requests to Console Directory Watch being skipped.
[    2.670965] systemd[1]: Started Forward Password Requests to Plymouth Directory Watch.
[    2.671054] systemd[1]: Reached target Local Encrypted Volumes.
[    2.706054] systemd[1]: Mounted Mount unit for gtk-common-themes, revision 1535.
[    2.707797] systemd[1]: Mounted Mount unit for snap-store, revision 433.
[    2.707993] systemd[1]: Mounted Mount unit for snapd, revision 25935.
[    2.708145] systemd[1]: Reached target Local File Systems.
[    2.709029] systemd[1]: Starting Load AppArmor profiles...
[    2.711989] systemd[1]: Starting Set console font and keymap...
[    2.723787] systemd[1]: Starting Tell Plymouth To Write Out Runtime Data...
[    2.729959] systemd[1]: Condition check resulted in Store a System Token in an EFI Variable being skipped.
[    2.729991] systemd[1]: Condition check resulted in Commit a transient machine-id on disk being skipped.
[    2.730719] systemd[1]: Finished Set console font and keymap.
[    2.738602] systemd[1]: Received SIGRTMIN+20 from PID 280 (plymouthd).
[    2.740053] systemd[1]: plymouth-read-write.service: Succeeded.
[    2.740286] systemd[1]: Finished Tell Plymouth To Write Out Runtime Data.
[    2.760174] audit: type=1400 audit(1768253518.572:2): apparmor="STATUS" operation="profile_load" profile="unconfined" name="nvidia_modprobe" pid=299 comm="apparmor_parser"
[    2.760176] audit: type=1400 audit(1768253518.572:3): apparmor="STATUS" operation="profile_load" profile="unconfined" name="nvidia_modprobe//kmod" pid=299 comm="apparmor_parser"
[    2.770278] audit: type=1400 audit(1768253518.580:4): apparmor="STATUS" operation="profile_load" profile="unconfined" name="/usr/sbin/tcpdump" pid=300 comm="apparmor_parser"
[    2.825125] audit: type=1400 audit(1768253518.632:5): apparmor="STATUS" operation="profile_load" profile="unconfined" name="/usr/bin/evince" pid=302 comm="apparmor_parser"
[    2.825128] audit: type=1400 audit(1768253518.632:6): apparmor="STATUS" operation="profile_load" profile="unconfined" name="/usr/bin/evince//sanitized_helper" pid=302 comm="apparmor_parser"
[    2.825130] audit: type=1400 audit(1768253518.632:7): apparmor="STATUS" operation="profile_load" profile="unconfined" name="/usr/bin/evince-previewer" pid=302 comm="apparmor_parser"
[    2.825134] audit: type=1400 audit(1768253518.632:8): apparmor="STATUS" operation="profile_load" profile="unconfined" name="/usr/bin/evince-previewer//sanitized_helper" pid=302 comm="apparmor_parser"
[    2.825135] audit: type=1400 audit(1768253518.632:9): apparmor="STATUS" operation="profile_load" profile="unconfined" name="/usr/bin/evince-thumbnailer" pid=302 comm="apparmor_parser"
[    2.838219] audit: type=1400 audit(1768253518.652:10): apparmor="STATUS" operation="profile_load" profile="unconfined" name="/usr/lib/cups/backend/cups-pdf" pid=303 comm="apparmor_parser"
[    2.920078] systemd[1]: Finished Load AppArmor profiles.
[    2.920994] systemd[1]: Starting Load AppArmor profiles managed internally by snapd...
[    3.039978] systemd[1]: Finished Load AppArmor profiles managed internally by snapd.
[    3.191890] systemd[1]: Started Journal Service.
[    3.199854] systemd-journald[229]: Received client request to flush runtime journal.
[    3.202820] systemd-journald[229]: File /var/log/journal/c455b248004a419c87ce85eea238d727/system.journal corrupted or uncleanly shut down, renaming and replacing.
[    4.491839] RAPL PMU: API unit is 2^-32 Joules, 0 fixed counters, 10737418240 ms ovfl timer
[    4.536046] cryptd: max_cpu_qlen set to 1000
[    4.614374] AVX2 version of gcm_enc/dec engaged.
[    4.614375] AES CTR mode by8 optimization enabled
[    6.482454] Adding 1998844k swap on /dev/sda1.  Priority:-2 extents:1 across:1998844k FS
[    7.263305] kauditd_printk_skb: 30 callbacks suppressed
[    7.263306] audit: type=1400 audit(1768253523.076:41): apparmor="DENIED" operation="capable" profile="/usr/sbin/cups-browsed" pid=504 comm="cups-browsed" capability=23  capname="sys_nice"
[    8.823181] pcnet32 0000:00:03.0 enp0s3: link up, 100Mbps, full-duplex
[    8.858501] e1000: enp0s8 NIC Link is Up 1000 Mbps Full Duplex, Flow Control: RX
[    8.858785] IPv6: ADDRCONF(NETDEV_CHANGE): enp0s8: link becomes ready
[    8.882214] e1000: enp0s9 NIC Link is Up 1000 Mbps Full Duplex, Flow Control: RX
[    8.882501] IPv6: ADDRCONF(NETDEV_CHANGE): enp0s9: link becomes ready
[    9.534086] device enp0s3 entered promiscuous mode
[    9.556003] audit: type=1400 audit(1768253525.368:42): apparmor="DENIED" operation="open" profile="/usr/sbin/tcpdump" name="/proc/sys/kernel/random/boot_id" pid=616 comm="tcpdump" requested_mask="r" denied_mask="r" fsuid=0 ouid=0
[    9.556204] audit: type=1400 audit(1768253525.368:43): apparmor="DENIED" operation="open" profile="/usr/sbin/tcpdump" name="/proc/sys/kernel/random/boot_id" pid=616 comm="tcpdump" requested_mask="r" denied_mask="r" fsuid=0 ouid=0
[    9.556312] audit: type=1400 audit(1768253525.368:44): apparmor="DENIED" operation="open" profile="/usr/sbin/tcpdump" name="/proc/sys/kernel/random/boot_id" pid=616 comm="tcpdump" requested_mask="r" denied_mask="r" fsuid=0 ouid=0
[    9.556513] audit: type=1400 audit(1768253525.368:45): apparmor="DENIED" operation="open" profile="/usr/sbin/tcpdump" name="/proc/sys/kernel/random/boot_id" pid=616 comm="tcpdump" requested_mask="r" denied_mask="r" fsuid=0 ouid=0
[    9.562963] audit: type=1400 audit(1768253525.376:46): apparmor="DENIED" operation="open" profile="/usr/sbin/tcpdump" name="/proc/sys/kernel/random/boot_id" pid=617 comm="tcpdump" requested_mask="r" denied_mask="r" fsuid=0 ouid=0
[    9.563083] audit: type=1400 audit(1768253525.376:47): apparmor="DENIED" operation="open" profile="/usr/sbin/tcpdump" name="/proc/sys/kernel/random/boot_id" pid=617 comm="tcpdump" requested_mask="r" denied_mask="r" fsuid=0 ouid=0
[    9.563210] audit: type=1400 audit(1768253525.376:48): apparmor="DENIED" operation="open" profile="/usr/sbin/tcpdump" name="/proc/sys/kernel/random/boot_id" pid=617 comm="tcpdump" requested_mask="r" denied_mask="r" fsuid=0 ouid=0
[    9.563267] audit: type=1400 audit(1768253525.376:49): apparmor="DENIED" operation="open" profile="/usr/sbin/tcpdump" name="/proc/sys/kernel/random/boot_id" pid=617 comm="tcpdump" requested_mask="r" denied_mask="r" fsuid=0 ouid=0
[   15.777002] rfkill: input handler disabled
[  213.396686] AAAAA-TCP_FORW: name:enp0s3: saddr:16783984: daddr:100932208
[  213.906845] AAAAA-TCP_FORW: name:enp0s3: saddr:16783984: daddr:100932208
[  214.058431] AAAAA-TCP_FORW: name:enp0s3: saddr:16783984: daddr:100932208
[  214.142280] AAAAA-TCP_FORW: name:enp0s3: saddr:16783984: daddr:100932208
[  244.764438] AAAAA-TCP_FORW: name:enp0s3: saddr:16783984: daddr:100932208
[  244.946708] AAAAA-TCP_FORW: name:enp0s3: saddr:33561200: daddr:100932208
[  245.093179] AAAAA-TCP_FORW: name:enp0s3: saddr:33561200: daddr:100932208
[  245.474716] AAAAA-TCP_FORW: name:enp0s3: saddr:33561200: daddr:100932208
[  245.588984] AAAAA-TCP_FORW: name:enp0s3: saddr:33561200: daddr:100932208
[  245.781725] AAAAA-TCP_FORW: name:enp0s3: saddr:33561200: daddr:100932208
[  245.840025] AAAAA-TCP_FORW: name:enp0s3: saddr:33561200: daddr:100932208
[  245.963705] AAAAA-TCP_FORW: name:enp0s3: saddr:16783984: daddr:100932208
[  246.038270] AAAAA-TCP_FORW: name:enp0s3: saddr:16783984: daddr:100932208
[  246.206866] AAAAA-TCP_FORW: name:enp0s3: saddr:16783984: daddr:100932208
[  246.306761] AAAAA-TCP_FORW: name:enp0s3: saddr:33561200: daddr:100932208
[  246.406508] AAAAA-TCP_FORW: name:enp0s3: saddr:33561200: daddr:100932208
[  246.634254] AAAAA-TCP_FORW: name:enp0s3: saddr:16783984: daddr:100932208
[  246.762030] AAAAA-TCP_FORW: name:enp0s3: saddr:16783984: daddr:100932208
[  246.966521] AAAAA-TCP_FORW: name:enp0s3: saddr:33561200: daddr:100932208
[  247.083374] AAAAA-TCP_FORW: name:enp0s3: saddr:16783984: daddr:100932208
[  247.221019] AAAAA-TCP_FORW: name:enp0s3: saddr:16783984: daddr:100932208
[  247.649077] AAAAA-TCP_FORW: name:enp0s3: saddr:16783984: daddr:100932208
[  247.814606] AAAAA-TCP_FORW: name:enp0s3: saddr:16783984: daddr:100932208
[  247.986785] AAAAA-TCP_FORW: name:enp0s3: saddr:16783984: daddr:100932208
[  248.176005] AAAAA-TCP_FORW: name:enp0s3: saddr:16783984: daddr:100932208
[  248.253648] AAAAA-TCP_FORW: name:enp0s3: saddr:16783984: daddr:100932208
[  248.475256] AAAAA-TCP_FORW: name:enp0s3: saddr:16783984: daddr:100932208
[  248.682828] AAAAA-TCP_FORW: name:enp0s3: saddr:16783984: daddr:100932208
[  248.760516] AAAAA-TCP_FORW: name:enp0s3: saddr:16783984: daddr:100932208
[  248.849149] AAAAA-TCP_FORW: name:enp0s3: saddr:33561200: daddr:100932208
[  248.947564] AAAAA-TCP_FORW: name:enp0s3: saddr:33561200: daddr:100932208
[  248.994298] AAAAA-TCP_FORW: name:enp0s3: saddr:33561200: daddr:100932208
[  249.093217] AAAAA-TCP_FORW: name:enp0s3: saddr:16783984: daddr:100932208
[  249.196742] AAAAA-TCP_FORW: name:enp0s3: saddr:16783984: daddr:100932208
[  249.304939] AAAAA-TCP_FORW: name:enp0s3: saddr:16783984: daddr:100932208
[  249.374249] AAAAA-TCP_FORW: name:enp0s3: saddr:33561200: daddr:100932208
[  249.575448] AAAAA-TCP_FORW: name:enp0s3: saddr:33561200: daddr:100932208
[  249.699075] AAAAA-TCP_FORW: name:enp0s3: saddr:33561200: daddr:100932208
[  249.786682] AAAAA-TCP_FORW: name:enp0s3: saddr:33561200: daddr:100932208
[  249.919086] AAAAA-TCP_FORW: name:enp0s3: saddr:33561200: daddr:100932208
[  250.006817] AAAAA-TCP_FORW: name:enp0s3: saddr:16783984: daddr:100932208
[  250.105083] AAAAA-TCP_FORW: name:enp0s3: saddr:16783984: daddr:100932208
[  250.187459] AAAAA-TCP_FORW: name:enp0s3: saddr:16783984: daddr:100932208
[  250.425619] AAAAA-TCP_FORW: name:enp0s3: saddr:16783984: daddr:100932208
[  250.584107] AAAAA-TCP_FORW: name:enp0s3: saddr:33561200: daddr:100932208
[  250.767710] AAAAA-TCP_FORW: name:enp0s3: saddr:33561200: daddr:100932208
[  250.985329] AAAAA-TCP_FORW: name:enp0s3: saddr:16783984: daddr:100932208
[  251.096464] AAAAA-TCP_FORW: name:enp0s3: saddr:16783984: daddr:100932208
[  251.405056] AAAAA-TCP_FORW: name:enp0s3: saddr:33561200: daddr:100932208
[  252.129361] AAAAA-TCP_FORW: name:enp0s3: saddr:16783984: daddr:100932208
[  252.364329] AAAAA-TCP_FORW: name:enp0s3: saddr:16783984: daddr:100932208
[  253.332335] AAAAA-TCP_FORW: name:enp0s3: saddr:16783984: daddr:100932208
[  253.586172] AAAAA-TCP_FORW: name:enp0s3: saddr:16783984: daddr:100932208
[  253.815590] AAAAA-TCP_FORW: name:enp0s3: saddr:16783984: daddr:100932208
[  253.905450] AAAAA-TCP_FORW: name:enp0s3: saddr:16783984: daddr:100932208
[  254.083147] AAAAA-TCP_FORW: name:enp0s3: saddr:16783984: daddr:100932208
[  254.157044] AAAAA-TCP_FORW: name:enp0s3: saddr:16783984: daddr:100932208
[  254.304464] AAAAA-TCP_FORW: name:enp0s3: saddr:16783984: daddr:100932208
[  258.865127] AAAAA-TCP_FORW: name:enp0s3: saddr:16783984: daddr:100932208
[  259.008187] AAAAA-TCP_FORW: name:enp0s3: saddr:16783984: daddr:100932208
[  259.480149] AAAAA-TCP_FORW: name:enp0s3: saddr:16783984: daddr:100932208
[  259.795314] AAAAA-TCP_FORW: name:enp0s3: saddr:33561200: daddr:100932208
[  259.967869] AAAAA-TCP_FORW: name:enp0s3: saddr:33561200: daddr:100932208
[  260.190379] AAAAA-TCP_FORW: name:enp0s3: saddr:16783984: daddr:100932208
[  260.282285] AAAAA-TCP_FORW: name:enp0s3: saddr:16783984: daddr:100932208
[  274.631666] AAAAA-TCP_FORW: name:enp0s3: saddr:33561200: daddr:100932208
[  274.809100] AAAAA-TCP_FORW: name:enp0s3: saddr:33561200: daddr:100932208
[  275.021381] AAAAA-TCP_FORW: name:enp0s3: saddr:33561200: daddr:100932208
[  275.137089] AAAAA-TCP_FORW: name:enp0s3: saddr:33561200: daddr:100932208
[  275.362819] AAAAA-TCP_FORW: name:enp0s3: saddr:33561200: daddr:100932208
[  275.452154] AAAAA-TCP_FORW: name:enp0s3: saddr:33561200: daddr:100932208
[  275.536805] AAAAA-TCP_FORW: name:enp0s3: saddr:16783984: daddr:100932208
[  275.603095] AAAAA-TCP_FORW: name:enp0s3: saddr:16783984: daddr:100932208
[  275.758302] AAAAA-TCP_FORW: name:enp0s3: saddr:16783984: daddr:100932208
[  275.884124] AAAAA-TCP_FORW: name:enp0s3: saddr:16783984: daddr:100932208
[  275.934753] AAAAA-TCP_FORW: name:enp0s3: saddr:16783984: daddr:100932208
[  276.108465] AAAAA-TCP_FORW: name:enp0s3: saddr:16783984: daddr:100932208
[  307.216267] AAAAA-TCP_FORW: name:enp0s3: saddr:100932208: daddr:16783984
[  307.266699] AAAAA-TCP_FORW: name:enp0s3: saddr:100932208: daddr:16783984
[  307.288780] AAAAA-TCP_FORW: name:enp0s3: saddr:16783984: daddr:100932208
[  307.343123] AAAAA-TCP_FORW: name:enp0s3: saddr:100932208: daddr:16783984
[  307.362270] AAAAA-TCP_FORW: name:enp0s3: saddr:16783984: daddr:100932208
[  307.402237] AAAAA-TCP_FORW: name:enp0s3: saddr:100932208: daddr:16783984
[  307.450080] AAAAA-TCP_FORW: name:enp0s3: saddr:100932208: daddr:16783984
[  307.503958] AAAAA-TCP_FORW: name:enp0s3: saddr:100932208: daddr:16783984
[  307.565001] AAAAA-TCP_FORW: name:enp0s3: saddr:100932208: daddr:16783984
[  307.655442] AAAAA-TCP_FORW: name:enp0s3: saddr:16783984: daddr:100932208
[  307.666371] AAAAA-TCP_FORW: name:enp0s3: saddr:100932208: daddr:33561200
[  307.710123] AAAAA-TCP_FORW: name:enp0s3: saddr:100932208: daddr:33561200
[  307.761575] AAAAA-TCP_FORW: name:enp0s3: saddr:100932208: daddr:16783984
[  307.831560] AAAAA-TCP_FORW: name:enp0s3: saddr:100932208: daddr:16783984
[  307.885473] AAAAA-TCP_FORW: name:enp0s3: saddr:16783984: daddr:100932208
[  307.923864] AAAAA-TCP_FORW: name:enp0s3: saddr:16783984: daddr:100932208
[  307.979718] AAAAA-TCP_FORW: name:enp0s3: saddr:16783984: daddr:100932208
[  308.051325] AAAAA-TCP_FORW: name:enp0s3: saddr:16783984: daddr:100932208
[  308.174548] AAAAA-TCP_FORW: name:enp0s3: saddr:33561200: daddr:100932208
[  308.176568] AAAAA-TCP_FORW: name:enp0s3: saddr:100932208: daddr:16783984
[  308.233926] AAAAA-TCP_FORW: name:enp0s3: saddr:33561200: daddr:100932208
[  308.268943] AAAAA-TCP_FORW: name:enp0s3: saddr:16783984: daddr:100932208
[  308.307973] AAAAA-TCP_FORW: name:enp0s3: saddr:16783984: daddr:100932208
[  308.398287] AAAAA-TCP_FORW: name:enp0s3: saddr:100932208: daddr:16783984
[  308.469820] AAAAA-TCP_FORW: name:enp0s3: saddr:100932208: daddr:16783984
[  308.530381] AAAAA-TCP_FORW: name:enp0s3: saddr:16783984: daddr:100932208
[  308.628398] AAAAA-TCP_FORW: name:enp0s3: saddr:16783984: daddr:100932208
[  308.719798] AAAAA-TCP_FORW: name:enp0s3: saddr:16783984: daddr:100932208
[  308.882931] AAAAA-TCP_FORW: name:enp0s3: saddr:33561200: daddr:100932208
[  308.933289] AAAAA-TCP_FORW: name:enp0s3: saddr:16783984: daddr:100932208
[  309.006590] AAAAA-TCP_FORW: name:enp0s3: saddr:33561200: daddr:100932208
[  309.272381] AAAAA-TCP_FORW: name:enp0s3: saddr:16783984: daddr:100932208
[  309.351724] AAAAA-TCP_FORW: name:enp0s3: saddr:16783984: daddr:100932208
[  309.402007] AAAAA-TCP_FORW: name:enp0s3: saddr:16783984: daddr:100932208
[  309.451955] AAAAA-TCP_FORW: name:enp0s3: saddr:16783984: daddr:100932208
[  309.537914] AAAAA-TCP_FORW: name:enp0s3: saddr:16783984: daddr:100932208
[  309.852981] AAAAA-TCP_FORW: name:enp0s3: saddr:16783984: daddr:100932208
[  310.251450] AAAAA-TCP_FORW: name:enp0s3: saddr:16783984: daddr:100932208
[  605.669411] rfkill: input handler enabled
[  614.472894] rfkill: input handler disabled
[  988.350478] device enp0s3 left promiscuous mode
