[    0.000000] Linux version 5.4.243-mptcp (root@ztg) (gcc version 12.2.0 (Debian 12.2.0-14+deb12u1)) #53 SMP Wed Dec 24 23:28:15 CST 2025
[    0.000000] Command line: BOOT_IMAGE=/boot/vmlinuz-5.4.243-mptcp root=UUID=98415a12-53b7-4144-8265-0f7ece09e445 ro quiet splash
[    0.000000] KERNEL supported cpus:
[    0.000000]   Intel GenuineIntel
[    0.000000]   AMD AuthenticAMD
[    0.000000]   Hygon HygonGenuine
[    0.000000]   Centaur CentaurHauls
[    0.000000]   zhaoxin   Shanghai  
[    0.000000] x86/fpu: Supporting XSAVE feature 0x001: 'x87 floating point registers'
[    0.000000] x86/fpu: Supporting XSAVE feature 0x002: 'SSE registers'
[    0.000000] x86/fpu: Supporting XSAVE feature 0x004: 'AVX registers'
[    0.000000] x86/fpu: xstate_offset[2]:  576, xstate_sizes[2]:  256
[    0.000000] x86/fpu: Enabled xstate features 0x7, context size is 832 bytes, using 'standard' format.
[    0.000000] BIOS-provided physical RAM map:
[    0.000000] BIOS-e820: [mem 0x0000000000000000-0x000000000009fbff] usable
[    0.000000] BIOS-e820: [mem 0x000000000009fc00-0x000000000009ffff] reserved
[    0.000000] BIOS-e820: [mem 0x00000000000f0000-0x00000000000fffff] reserved
[    0.000000] BIOS-e820: [mem 0x0000000000100000-0x000000007ffeffff] usable
[    0.000000] BIOS-e820: [mem 0x000000007fff0000-0x000000007fffffff] ACPI data
[    0.000000] BIOS-e820: [mem 0x00000000fec00000-0x00000000fec00fff] reserved
[    0.000000] BIOS-e820: [mem 0x00000000fee00000-0x00000000fee00fff] reserved
[    0.000000] BIOS-e820: [mem 0x00000000fffc0000-0x00000000ffffffff] reserved
[    0.000000] NX (Execute Disable) protection: active
[    0.000000] SMBIOS 2.5 present.
[    0.000000] DMI: innotek GmbH VirtualBox/VirtualBox, BIOS VirtualBox 12/01/2006
[    0.000000] Hypervisor detected: KVM
[    0.000000] kvm-clock: Using msrs 4b564d01 and 4b564d00
[    0.000000] kvm-clock: cpu 0, msr 1d401001, primary cpu clock
[    0.000000] kvm-clock: using sched offset of 4422676955 cycles
[    0.000003] clocksource: kvm-clock: mask: 0xffffffffffffffff max_cycles: 0x1cd42e4dffb, max_idle_ns: 881590591483 ns
[    0.000006] tsc: Detected 2100.000 MHz processor
[    0.001888] e820: update [mem 0x00000000-0x00000fff] usable ==> reserved
[    0.001890] e820: remove [mem 0x000a0000-0x000fffff] usable
[    0.001894] last_pfn = 0x7fff0 max_arch_pfn = 0x400000000
[    0.001961] MTRR default type: uncachable
[    0.001962] MTRR fixed ranges enabled:
[    0.001963]   00000-9FFFF write-back
[    0.001964]   A0000-BFFFF uncachable
[    0.001964]   C0000-FFFFF write-protect
[    0.001965] MTRR variable ranges enabled:
[    0.001966]   0 base 000000000000 mask 3FFF80000000 write-back
[    0.001967]   1 disabled
[    0.001967]   2 disabled
[    0.001968]   3 disabled
[    0.001968]   4 disabled
[    0.001969]   5 disabled
[    0.001969]   6 disabled
[    0.001970]   7 disabled
[    0.001970]   8 disabled
[    0.001970]   9 disabled
[    0.001971]   10 disabled
[    0.001971]   11 disabled
[    0.001972]   12 disabled
[    0.001972]   13 disabled
[    0.001973]   14 disabled
[    0.001973]   15 disabled
[    0.001989] x86/PAT: Configuration [0-7]: WB  WC  UC- UC  WB  WP  UC- WT  
[    0.002124] found SMP MP-table at [mem 0x0009fff0-0x0009ffff]
[    0.091273] check: Scanning 1 areas for low memory corruption
[    0.091430] RAMDISK: [mem 0x32271000-0x3512ffff]
[    0.091438] ACPI: Early table checksum verification disabled
[    0.091443] ACPI: RSDP 0x00000000000E0000 000024 (v02 VBOX  )
[    0.091447] ACPI: XSDT 0x000000007FFF0030 00003C (v01 VBOX   VBOXXSDT 00000001 ASL  00000061)
[    0.091454] ACPI: FACP 0x000000007FFF00F0 0000F4 (v04 VBOX   VBOXFACP 00000001 ASL  00000061)
[    0.091460] ACPI: DSDT 0x000000007FFF02E0 002353 (v02 VBOX   VBOXBIOS 00000002 VBOX 00029BF3)
[    0.091464] ACPI: FACS 0x000000007FFF0200 000040
[    0.091468] ACPI: FACS 0x000000007FFF0200 000040
[    0.091471] ACPI: APIC 0x000000007FFF0240 000054 (v02 VBOX   VBOXAPIC 00000001 ASL  00000061)
[    0.091475] ACPI: SSDT 0x000000007FFF02A0 000038 (v01 VBOX   VBOXCPUT 00000002 VBOX 00029BF3)
[    0.091478] ACPI: Reserving FACP table memory at [mem 0x7fff00f0-0x7fff01e3]
[    0.091479] ACPI: Reserving DSDT table memory at [mem 0x7fff02e0-0x7fff2632]
[    0.091480] ACPI: Reserving FACS table memory at [mem 0x7fff0200-0x7fff023f]
[    0.091480] ACPI: Reserving FACS table memory at [mem 0x7fff0200-0x7fff023f]
[    0.091481] ACPI: Reserving APIC table memory at [mem 0x7fff0240-0x7fff0293]
[    0.091482] ACPI: Reserving SSDT table memory at [mem 0x7fff02a0-0x7fff02d7]
[    0.091496] ACPI: Local APIC address 0xfee00000
[    0.091682] No NUMA configuration found
[    0.091683] Faking a node at [mem 0x0000000000000000-0x000000007ffeffff]
[    0.091693] NODE_DATA(0) allocated [mem 0x7ffc5000-0x7ffeffff]
[    0.091953] Zone ranges:
[    0.091954]   DMA      [mem 0x0000000000001000-0x0000000000ffffff]
[    0.091955]   DMA32    [mem 0x0000000001000000-0x000000007ffeffff]
[    0.091956]   Normal   empty
[    0.091957]   Device   empty
[    0.091957] Movable zone start for each node
[    0.091959] Early memory node ranges
[    0.091960]   node   0: [mem 0x0000000000001000-0x000000000009efff]
[    0.091961]   node   0: [mem 0x0000000000100000-0x000000007ffeffff]
[    0.091964] Zeroed struct page in unavailable ranges: 114 pages
[    0.091965] Initmem setup node 0 [mem 0x0000000000001000-0x000000007ffeffff]
[    0.091966] On node 0 totalpages: 524174
[    0.091967]   DMA zone: 64 pages used for memmap
[    0.091968]   DMA zone: 21 pages reserved
[    0.091969]   DMA zone: 3998 pages, LIFO batch:0
[    0.092039]   DMA32 zone: 8128 pages used for memmap
[    0.092040]   DMA32 zone: 520176 pages, LIFO batch:63
[    0.100921] ACPI: PM-Timer IO Port: 0x4008
[    0.100924] ACPI: Local APIC address 0xfee00000
[    0.100990] IOAPIC[0]: apic_id 1, version 32, address 0xfec00000, GSI 0-23
[    0.100993] ACPI: INT_SRC_OVR (bus 0 bus_irq 0 global_irq 2 dfl dfl)
[    0.100995] ACPI: INT_SRC_OVR (bus 0 bus_irq 9 global_irq 9 low level)
[    0.100997] ACPI: IRQ0 used by override.
[    0.100998] ACPI: IRQ9 used by override.
[    0.101000] Using ACPI (MADT) for SMP configuration information
[    0.101006] smpboot: Allowing 1 CPUs, 0 hotplug CPUs
[    0.101027] PM: Registered nosave memory: [mem 0x00000000-0x00000fff]
[    0.101028] PM: Registered nosave memory: [mem 0x0009f000-0x0009ffff]
[    0.101029] PM: Registered nosave memory: [mem 0x000a0000-0x000effff]
[    0.101029] PM: Registered nosave memory: [mem 0x000f0000-0x000fffff]
[    0.101031] [mem 0x80000000-0xfebfffff] available for PCI devices
[    0.101032] Booting paravirtualized kernel on KVM
[    0.101035] clocksource: refined-jiffies: mask: 0xffffffff max_cycles: 0xffffffff, max_idle_ns: 7645519600211568 ns
[    0.101040] setup_percpu: NR_CPUS:8192 nr_cpumask_bits:1 nr_cpu_ids:1 nr_node_ids:1
[    0.102153] percpu: Embedded 60 pages/cpu s208896 r8192 d28672 u2097152
[    0.102163] pcpu-alloc: s208896 r8192 d28672 u2097152 alloc=1*2097152
[    0.102164] pcpu-alloc: [0] 0 
[    0.102206] Built 1 zonelists, mobility grouping on.  Total pages: 515961
[    0.102207] Policy zone: DMA32
[    0.102210] Kernel command line: BOOT_IMAGE=/boot/vmlinuz-5.4.243-mptcp root=UUID=98415a12-53b7-4144-8265-0f7ece09e445 ro quiet splash
[    0.103154] Dentry cache hash table entries: 262144 (order: 9, 2097152 bytes, linear)
[    0.103301] Inode-cache hash table entries: 131072 (order: 8, 1048576 bytes, linear)
[    0.103352] mem auto-init: stack:off, heap alloc:on, heap free:off
[    0.103354] Calgary: detecting Calgary via BIOS EBDA area
[    0.103355] Calgary: Unable to locate Rio Grande table in EBDA - bailing!
[    0.107506] Memory: 1967332K/2096696K available (14339K kernel code, 2398K rwdata, 4712K rodata, 2728K init, 17260K bss, 129364K reserved, 0K cma-reserved)
[    0.108410] SLUB: HWalign=64, Order=0-3, MinObjects=0, CPUs=1, Nodes=1
[    0.108426] ftrace: allocating 43186 entries in 169 pages
[    0.126460] rcu: Hierarchical RCU implementation.
[    0.126462] rcu: 	RCU restricting CPUs from NR_CPUS=8192 to nr_cpu_ids=1.
[    0.126463] 	Tasks RCU enabled.
[    0.126464] rcu: RCU calculated value of scheduler-enlistment delay is 25 jiffies.
[    0.126464] rcu: Adjusting geometry for rcu_fanout_leaf=16, nr_cpu_ids=1
[    0.129438] NR_IRQS: 524544, nr_irqs: 256, preallocated irqs: 16
[    0.129647] random: crng init done
[    0.139008] Console: colour VGA+ 80x25
[    0.139013] printk: console [tty0] enabled
[    0.139033] ACPI: Core revision 20190816
[    0.139144] APIC: Switch to symmetric I/O mode setup
[    0.139447] x2apic enabled
[    0.139768] Switched APIC routing to physical x2apic.
[    0.140958] ..TIMER: vector=0x30 apic1=0 pin1=2 apic2=-1 pin2=-1
[    0.140983] clocksource: tsc-early: mask: 0xffffffffffffffff max_cycles: 0x1e4530a99b6, max_idle_ns: 440795257976 ns
[    0.140988] Calibrating delay loop (skipped) preset value.. 4200.00 BogoMIPS (lpj=8400000)
[    0.140990] pid_max: default: 32768 minimum: 301
[    0.141022] LSM: Security Framework initializing
[    0.141031] Yama: becoming mindful.
[    0.141058] AppArmor: AppArmor initialized
[    0.141090] Mount-cache hash table entries: 4096 (order: 3, 32768 bytes, linear)
[    0.141095] Mountpoint-cache hash table entries: 4096 (order: 3, 32768 bytes, linear)
[    0.141105] *** VALIDATE tmpfs ***
[    0.141232] *** VALIDATE proc ***
[    0.141273] *** VALIDATE cgroup1 ***
[    0.141274] *** VALIDATE cgroup2 ***
[    0.141437] process: using mwait in idle threads
[    0.141443] Last level iTLB entries: 4KB 64, 2MB 8, 4MB 8
[    0.141444] Last level dTLB entries: 4KB 64, 2MB 0, 4MB 0, 1GB 4
[    0.141484] Spectre V1 : Mitigation: usercopy/swapgs barriers and __user pointer sanitization
[    0.141496] Spectre V2 : Mitigation: Retpolines
[    0.141497] Spectre V2 : Spectre v2 / SpectreRSB mitigation: Filling RSB on context switch
[    0.141497] Spectre V2 : Spectre v2 / SpectreRSB : Filling RSB on VMEXIT
[    0.141498] RETBleed: WARNING: Spectre v2 mitigation leaves CPU vulnerable to RETBleed attacks, data leaks possible!
[    0.141939] RETBleed: Vulnerable
[    0.141940] Speculative Store Bypass: Vulnerable
[    0.141947] TAA: Mitigation: TSX disabled
[    0.141948] MMIO Stale Data: Mitigation: Clear CPU buffers
[    0.146080] Freeing SMP alternatives memory: 40K
[    0.258398] smpboot: CPU0: Intel(R) Xeon(R) Silver 4216 CPU @ 2.10GHz (family: 0x6, model: 0x55, stepping: 0x7)
[    0.258522] Performance Events: unsupported p6 CPU model 85 no PMU driver, software events only.
[    0.258556] rcu: Hierarchical SRCU implementation.
[    0.259117] NMI watchdog: Perf NMI watchdog permanently disabled
[    0.259158] smp: Bringing up secondary CPUs ...
[    0.259159] smp: Brought up 1 node, 1 CPU
[    0.259160] smpboot: Max logical packages: 1
[    0.259162] smpboot: Total of 1 processors activated (4200.00 BogoMIPS)
[    0.260133] devtmpfs: initialized
[    0.260181] x86/mm: Memory block size: 128MB
[    0.260562] clocksource: jiffies: mask: 0xffffffff max_cycles: 0xffffffff, max_idle_ns: 7645041785100000 ns
[    0.260568] futex hash table entries: 256 (order: 2, 16384 bytes, linear)
[    0.260620] pinctrl core: initialized pinctrl subsystem
[    0.260736] PM: RTC time: 21:32:00, date: 2026-01-12
[    0.260847] NET: Registered protocol family 16
[    0.260938] audit: initializing netlink subsys (disabled)
[    0.260985] EISA bus registered
[    0.260985] cpuidle: using governor ladder
[    0.260985] cpuidle: using governor menu
[    0.260985] ACPI: bus type PCI registered
[    0.260985] acpiphp: ACPI Hot Plug PCI Controller Driver version: 0.5
[    0.260985] PCI: Using configuration type 1 for base access
[    0.261604] audit: type=2000 audit(1768224727.074:1): state=initialized audit_enabled=0 res=1
[    0.261693] HugeTLB registered 2.00 MiB page size, pre-allocated 0 pages
[    0.262544] ACPI: Added _OSI(Module Device)
[    0.262545] ACPI: Added _OSI(Processor Device)
[    0.262546] ACPI: Added _OSI(3.0 _SCP Extensions)
[    0.262546] ACPI: Added _OSI(Processor Aggregator Device)
[    0.262547] ACPI: Added _OSI(Linux-Dell-Video)
[    0.262548] ACPI: Added _OSI(Linux-Lenovo-NV-HDMI-Audio)
[    0.262549] ACPI: Added _OSI(Linux-HPI-Hybrid-Graphics)
[    0.264604] ACPI: 2 ACPI AML tables successfully acquired and loaded
[    0.266265] ACPI: Interpreter enabled
[    0.266274] ACPI: (supports S0 S5)
[    0.266276] ACPI: Using IOAPIC for interrupt routing
[    0.266499] PCI: Using host bridge windows from ACPI; if necessary, use "pci=nocrs" and report a bug
[    0.266612] ACPI: Enabled 2 GPEs in block 00 to 07
[    0.272503] ACPI: PCI Root Bridge [PCI0] (domain 0000 [bus 00-ff])
[    0.272508] acpi PNP0A03:00: _OSC: OS supports [ASPM ClockPM Segments MSI HPX-Type3]
[    0.273171] acpi PNP0A03:00: _OSC: not requesting OS control; OS requires [ExtendedConfig ASPM ClockPM MSI]
[    0.273180] acpi PNP0A03:00: fail to add MMCONFIG information, can't access extended PCI configuration space under this bridge.
[    0.273585] PCI host bridge to bus 0000:00
[    0.273588] pci_bus 0000:00: root bus resource [io  0x0000-0x0cf7 window]
[    0.273589] pci_bus 0000:00: root bus resource [io  0x0d00-0xffff window]
[    0.273590] pci_bus 0000:00: root bus resource [mem 0x000a0000-0x000bffff window]
[    0.273591] pci_bus 0000:00: root bus resource [mem 0x80000000-0xfdffffff window]
[    0.273593] pci_bus 0000:00: root bus resource [bus 00-ff]
[    0.273638] pci 0000:00:00.0: [8086:1237] type 00 class 0x060000
[    0.274618] pci 0000:00:01.0: [8086:7000] type 00 class 0x060100
[    0.275435] pci 0000:00:01.1: [8086:7111] type 00 class 0x01018a
[    0.275832] pci 0000:00:01.1: reg 0x20: [io  0xd000-0xd00f]
[    0.275987] pci 0000:00:01.1: legacy IDE quirk: reg 0x10: [io  0x01f0-0x01f7]
[    0.275988] pci 0000:00:01.1: legacy IDE quirk: reg 0x14: [io  0x03f6]
[    0.275989] pci 0000:00:01.1: legacy IDE quirk: reg 0x18: [io  0x0170-0x0177]
[    0.275990] pci 0000:00:01.1: legacy IDE quirk: reg 0x1c: [io  0x0376]
[    0.276599] pci 0000:00:02.0: [15ad:0405] type 00 class 0x030000
[    0.278978] pci 0000:00:02.0: reg 0x10: [io  0xd010-0xd01f]
[    0.283138] pci 0000:00:02.0: reg 0x14: [mem 0xe0000000-0xe7ffffff pref]
[    0.285037] pci 0000:00:02.0: reg 0x18: [mem 0xf0000000-0xf01fffff]
[    0.297582] pci 0000:00:03.0: [1022:2000] type 00 class 0x020000
[    0.298247] pci 0000:00:03.0: reg 0x10: [io  0xd020-0xd03f]
[    0.298847] pci 0000:00:03.0: reg 0x14: [mem 0xf0200000-0xf0200fff]
[    0.302315] pci 0000:00:04.0: [80ee:cafe] type 00 class 0x088000
[    0.302981] pci 0000:00:04.0: reg 0x10: [io  0xd040-0xd05f]
[    0.303595] pci 0000:00:04.0: reg 0x14: [mem 0xf0400000-0xf07fffff]
[    0.304202] pci 0000:00:04.0: reg 0x18: [mem 0xf0800000-0xf0803fff pref]
[    0.307473] pci 0000:00:07.0: [8086:7113] type 00 class 0x068000
[    0.308012] pci 0000:00:07.0: quirk: [io  0x4000-0x403f] claimed by PIIX4 ACPI
[    0.308021] pci 0000:00:07.0: quirk: [io  0x4100-0x410f] claimed by PIIX4 SMB
[    0.308629] pci 0000:00:08.0: [8086:100e] type 00 class 0x020000
[    0.309097] pci 0000:00:08.0: reg 0x10: [mem 0xf0820000-0xf083ffff]
[    0.310244] pci 0000:00:08.0: reg 0x18: [io  0xd060-0xd067]
[    0.314010] pci 0000:00:09.0: [8086:100e] type 00 class 0x020000
[    0.314709] pci 0000:00:09.0: reg 0x10: [mem 0xf0840000-0xf085ffff]
[    0.315864] pci 0000:00:09.0: reg 0x18: [io  0xd068-0xd06f]
[    0.325932] ACPI: PCI Interrupt Link [LNKA] (IRQs 5 9 10 *11)
[    0.326213] ACPI: PCI Interrupt Link [LNKB] (IRQs 5 9 *10 11)
[    0.326317] ACPI: PCI Interrupt Link [LNKC] (IRQs 5 *9 10 11)
[    0.326417] ACPI: PCI Interrupt Link [LNKD] (IRQs 5 9 10 *11)
[    0.326666] iommu: Default domain type: Translated 
[    0.326730] pci 0000:00:02.0: vgaarb: setting as boot VGA device
[    0.326732] pci 0000:00:02.0: vgaarb: VGA device added: decodes=io+mem,owns=io+mem,locks=none
[    0.326734] pci 0000:00:02.0: vgaarb: bridge control possible
[    0.326734] vgaarb: loaded
[    0.326938] SCSI subsystem initialized
[    0.326971] libata version 3.00 loaded.
[    0.326994] ACPI: bus type USB registered
[    0.327009] usbcore: registered new interface driver usbfs
[    0.327015] usbcore: registered new interface driver hub
[    0.327020] usbcore: registered new device driver usb
[    0.327047] pps_core: LinuxPPS API ver. 1 registered
[    0.327047] pps_core: Software ver. 5.3.6 - Copyright 2005-2007 Rodolfo Giometti <giometti@linux.it>
[    0.327049] PTP clock support registered
[    0.327083] EDAC MC: Ver: 3.0.0
[    0.327365] PCI: Using ACPI for IRQ routing
[    0.327366] PCI: pci_cache_line_size set to 64 bytes
[    0.327535] e820: reserve RAM buffer [mem 0x0009fc00-0x0009ffff]
[    0.327538] e820: reserve RAM buffer [mem 0x7fff0000-0x7fffffff]
[    0.329001] NetLabel: Initializing
[    0.329002] NetLabel:  domain hash size = 128
[    0.329002] NetLabel:  protocols = UNLABELED CIPSOv4 CALIPSO
[    0.329022] NetLabel:  unlabeled traffic allowed by default
[    0.329914] clocksource: Switched to clocksource kvm-clock
[    0.343241] *** VALIDATE bpf ***
[    0.343295] VFS: Disk quotas dquot_6.6.0
[    0.343307] VFS: Dquot-cache hash table entries: 512 (order 0, 4096 bytes)
[    0.343328] *** VALIDATE ramfs ***
[    0.343331] *** VALIDATE hugetlbfs ***
[    0.343408] AppArmor: AppArmor Filesystem Enabled
[    0.343430] pnp: PnP ACPI init
[    0.343491] pnp 00:00: Plug and Play ACPI device, IDs PNP0303 (active)
[    0.343574] pnp 00:01: Plug and Play ACPI device, IDs PNP0f03 (active)
[    0.344297] pnp: PnP ACPI: found 2 devices
[    0.345247] thermal_sys: Registered thermal governor 'fair_share'
[    0.345247] thermal_sys: Registered thermal governor 'bang_bang'
[    0.345248] thermal_sys: Registered thermal governor 'step_wise'
[    0.345248] thermal_sys: Registered thermal governor 'user_space'
[    0.345249] thermal_sys: Registered thermal governor 'power_allocator'
[    0.349761] clocksource: acpi_pm: mask: 0xffffff max_cycles: 0xffffff, max_idle_ns: 2085701024 ns
[    0.349800] pci_bus 0000:00: resource 4 [io  0x0000-0x0cf7 window]
[    0.349801] pci_bus 0000:00: resource 5 [io  0x0d00-0xffff window]
[    0.349803] pci_bus 0000:00: resource 6 [mem 0x000a0000-0x000bffff window]
[    0.349804] pci_bus 0000:00: resource 7 [mem 0x80000000-0xfdffffff window]
[    0.349860] NET: Registered protocol family 2
[    0.349932] IP idents hash table entries: 32768 (order: 6, 262144 bytes, linear)
[    0.350327] MPTCP tokens hash table entries: 8192 (order: 4, 65536 bytes, linear)
[    0.350347] MPTCP request tokens hash table entries: 8192 (order: 4, 65536 bytes, linear)
[    0.350372] default registered
[    0.350373] default registered
[    0.350373] MPTCP: Stable release v0.96
[    0.350378] tcp_listen_portaddr_hash hash table entries: 1024 (order: 2, 16384 bytes, linear)
[    0.350468] TCP established hash table entries: 16384 (order: 5, 131072 bytes, linear)
[    0.350532] TCP bind hash table entries: 16384 (order: 6, 262144 bytes, linear)
[    0.350557] TCP: Hash tables configured (established 16384 bind 16384)
[    0.351235] UDP hash table entries: 1024 (order: 3, 32768 bytes, linear)
[    0.351265] UDP-Lite hash table entries: 1024 (order: 3, 32768 bytes, linear)
[    0.351299] NET: Registered protocol family 1
[    0.351307] NET: Registered protocol family 44
[    0.351325] pci 0000:00:00.0: Limiting direct PCI/PCI transfers
[    0.351337] pci 0000:00:01.0: Activating ISA DMA hang workarounds
[    0.351408] pci 0000:00:02.0: Video device with shadowed ROM at [mem 0x000c0000-0x000dffff]
[    0.351468] PCI: CLS 0 bytes, default 64
[    0.351516] Trying to unpack rootfs image as initramfs...
[    0.515803] Freeing initrd memory: 47868K
[    0.515803] clocksource: tsc: mask: 0xffffffffffffffff max_cycles: 0x1e4530a99b6, max_idle_ns: 440795257976 ns
[    0.515803] clocksource: Switched to clocksource tsc
[    0.515803] platform rtc_cmos: registered platform RTC device (no PNP device found)
[    0.515803] check: Scanning for low memory corruption every 60 seconds
[    0.515803] Initialise system trusted keyrings
[    0.515803] Key type blacklist registered
[    0.515803] workingset: timestamp_bits=36 max_order=19 bucket_order=0
[    0.515803] zbud: loaded
[    0.515803] squashfs: version 4.0 (2009/01/31) Phillip Lougher
[    0.515803] fuse: init (API version 7.31)
[    0.515803] *** VALIDATE fuse ***
[    0.515803] *** VALIDATE fuse ***
[    0.515803] Platform Keyring initialized
[    0.527918] Key type asymmetric registered
[    0.527920] Asymmetric key parser 'x509' registered
[    0.527930] Block layer SCSI generic (bsg) driver version 0.4 loaded (major 244)
[    0.527967] io scheduler mq-deadline registered
[    0.528086] shpchp: Standard Hot Plug PCI Controller Driver version: 0.4
[    0.528291] ACPI: AC Adapter [AC] (on-line)
[    0.528336] input: Power Button as /devices/LNXSYSTM:00/LNXPWRBN:00/input/input0
[    0.528365] ACPI: Power Button [PWRF]
[    0.528438] input: Sleep Button as /devices/LNXSYSTM:00/LNXSLPBN:00/input/input1
[    0.528454] ACPI: Sleep Button [SLPF]
[    0.528687] Serial: 8250/16550 driver, 32 ports, IRQ sharing enabled
[    0.529835] Linux agpgart interface v0.103
[    0.619382] loop: module loaded
[    0.619511] ata_piix 0000:00:01.1: version 2.13
[    0.619897] scsi host0: ata_piix
[    0.619982] scsi host1: ata_piix
[    0.620008] ata1: PATA max UDMA/33 cmd 0x1f0 ctl 0x3f6 bmdma 0xd000 irq 14
[    0.620009] ata2: PATA max UDMA/33 cmd 0x170 ctl 0x376 bmdma 0xd008 irq 15
[    0.620084] tun: Universal TUN/TAP device driver, 1.6
[    0.620381] PPP generic driver version 2.4.2
[    0.620421] VFIO - User Level meta-driver version: 0.3
[    0.620653] ehci_hcd: USB 2.0 'Enhanced' Host Controller (EHCI) Driver
[    0.620658] ehci-pci: EHCI PCI platform driver
[    0.620670] ehci-platform: EHCI generic platform driver
[    0.620676] ohci_hcd: USB 1.1 'Open' Host Controller (OHCI) Driver
[    0.620677] ohci-pci: OHCI PCI platform driver
[    0.620684] ohci-platform: OHCI generic platform driver
[    0.620689] uhci_hcd: USB Universal Host Controller Interface driver
[    0.620750] i8042: PNP: PS/2 Controller [PNP0303:PS2K,PNP0f03:PS2M] at 0x60,0x64 irq 1,12
[    0.621190] serio: i8042 KBD port at 0x60,0x64 irq 1
[    0.621194] serio: i8042 AUX port at 0x60,0x64 irq 12
[    0.621277] mousedev: PS/2 mouse device common for all mice
[    0.621523] input: AT Translated Set 2 keyboard as /devices/platform/i8042/serio0/input/input2
[    0.621919] rtc_cmos rtc_cmos: registered as rtc0
[    0.621932] rtc_cmos rtc_cmos: alarms up to one day, 114 bytes nvram
[    0.621937] i2c /dev entries driver
[    0.621977] device-mapper: uevent: version 1.0.3
[    0.622018] device-mapper: ioctl: 4.41.0-ioctl (2019-09-16) initialised: dm-devel@redhat.com
[    0.622034] platform eisa.0: Probing EISA bus 0
[    0.622035] platform eisa.0: EISA: Cannot allocate resource for mainboard
[    0.622036] platform eisa.0: Cannot allocate resource for EISA slot 1
[    0.622037] platform eisa.0: Cannot allocate resource for EISA slot 2
[    0.622038] platform eisa.0: Cannot allocate resource for EISA slot 3
[    0.622039] platform eisa.0: Cannot allocate resource for EISA slot 4
[    0.622040] platform eisa.0: Cannot allocate resource for EISA slot 5
[    0.622041] platform eisa.0: Cannot allocate resource for EISA slot 6
[    0.622042] platform eisa.0: Cannot allocate resource for EISA slot 7
[    0.622043] platform eisa.0: Cannot allocate resource for EISA slot 8
[    0.622044] platform eisa.0: EISA: Detected 0 cards
[    0.622047] intel_pstate: CPU model not supported
[    0.622055] ledtrig-cpu: registered to indicate activity on CPUs
[    0.622105] drop_monitor: Initializing network drop monitor service
[    0.622262] NET: Registered protocol family 10
[    0.627330] Segment Routing with IPv6
[    0.627359] fullmesh registered
[    0.627360] ndiffports registered
[    0.627362] binder registered
[    0.627362] roundrobin registered
[    0.627363] redundant registered
[    0.627363] blest registered
[    0.627364] ecf registered
[    0.627365] NET: Registered protocol family 17
[    0.627396] Key type dns_resolver registered
[    0.627493] RAS: Correctable Errors collector initialized.
[    0.627507] IPI shorthand broadcast: enabled
[    0.627512] sched_clock: Marking stable (612164435, 11347910)->(624166921, -654576)
[    0.627564] registered taskstats version 1
[    0.627571] Loading compiled-in X.509 certificates
[    0.628158] Loaded X.509 cert 'Build time autogenerated kernel key: 6909f3744cebb3d0de528d5887b96a727de79b1e'
[    0.628175] zswap: loaded using pool lzo/zbud
[    0.628225] Key type ._fscrypt registered
[    0.628226] Key type .fscrypt registered
[    0.632719] Key type big_key registered
[    0.634908] Key type encrypted registered
[    0.634911] AppArmor: AppArmor sha1 policy hashing enabled
[    0.634918] ima: No TPM chip found, activating TPM-bypass!
[    0.634921] ima: Allocated hash algorithm: sha1
[    0.634926] ima: No architecture policies found
[    0.634935] evm: Initialising EVM extended attributes:
[    0.634935] evm: security.selinux
[    0.634936] evm: security.SMACK64
[    0.634936] evm: security.SMACK64EXEC
[    0.634937] evm: security.SMACK64TRANSMUTE
[    0.634937] evm: security.SMACK64MMAP
[    0.634938] evm: security.apparmor
[    0.634938] evm: security.ima
[    0.634939] evm: security.capability
[    0.634939] evm: HMAC attrs: 0x1
[    0.635225] PM:   Magic number: 10:576:550
[    0.635232] tty ttyS26: hash matches
[    0.635248] acpi PNP0C0F:01: hash matches
[    0.635332] rtc_cmos rtc_cmos: setting system clock to 2026-01-12T21:32:01 UTC (1768253521)
[    0.791522] ata1.00: ATA-6: VBOX HARDDISK, 1.0, max UDMA/133
[    0.791524] ata1.00: 209715200 sectors, multi 128: LBA 
[    0.792015] scsi 0:0:0:0: Direct-Access     ATA      VBOX HARDDISK    1.0  PQ: 0 ANSI: 5
[    0.792216] sd 0:0:0:0: [sda] 209715200 512-byte logical blocks: (107 GB/100 GiB)
[    0.792225] sd 0:0:0:0: [sda] Write Protect is off
[    0.792227] sd 0:0:0:0: [sda] Mode Sense: 00 3a 00 00
[    0.792240] sd 0:0:0:0: [sda] Write cache: enabled, read cache: enabled, doesn't support DPO or FUA
[    0.792462] sd 0:0:0:0: Attached scsi generic sg0 type 0
[    0.793283]  sda: sda1 sda2
[    0.803496] sd 0:0:0:0: [sda] Attached SCSI disk
[    0.805822] Freeing unused decrypted memory: 2040K
[    0.806631] Freeing unused kernel image memory: 2728K
[    0.806633] Write protecting the kernel read-only data: 22528k
[    0.807404] Freeing unused kernel image memory: 2036K
[    0.807840] Freeing unused kernel image memory: 1432K
[    0.825297] x86/mm: Checked W+X mappings: passed, no W+X pages found.
[    0.825300] Run /init as init process
[    0.922431] ACPI: Video Device [GFX0] (multi-head: yes  rom: no  post: no)
[    0.922501] input: Video Bus as /devices/LNXSYSTM:00/LNXSYBUS:00/PNP0A03:00/LNXVIDEO:00/input/input4
[    0.933718] pcnet32: pcnet32.c:v1.35 21.Apr.2008 tsbogend@alpha.franken.de
[    0.935251] piix4_smbus 0000:00:07.0: SMBus Host Controller at 0x4100, revision 0
[    0.937774] e1000: Intel(R) PRO/1000 Network Driver - version 7.3.21-k8-NAPI
[    0.937775] e1000: Copyright (c) 1999-2006 Intel Corporation.
[    0.945276] pcnet32: PCnet/FAST III 79C973 at 0xd020, 08:00:27:ff:a5:25 assigned IRQ 19
[    0.945323] pcnet32: Found PHY 0022:561b at address 0
[    0.945618] pcnet32: eth0: registered as PCnet/FAST III 79C973
[    0.953455] pcnet32: 1 cards_found
[    1.014643] pcnet32 0000:00:03.0 enp0s3: renamed from eth0
[    1.152782] input: ImExPS/2 Generic Explorer Mouse as /devices/platform/i8042/serio1/input/input5
[    1.344155] e1000 0000:00:08.0 eth0: (PCI:33MHz:32-bit) 08:00:27:37:b8:a2
[    1.344159] e1000 0000:00:08.0 eth0: Intel(R) PRO/1000 Network Connection
[    1.715648] e1000 0000:00:09.0 eth1: (PCI:33MHz:32-bit) 08:00:27:66:62:8c
[    1.715651] e1000 0000:00:09.0 eth1: Intel(R) PRO/1000 Network Connection
[    1.716811] e1000 0000:00:09.0 enp0s9: renamed from eth1
[    1.718635] e1000 0000:00:08.0 enp0s8: renamed from eth0
[    1.866681] EXT4-fs (sda2): mounted filesystem with ordered data mode. Opts: (null)
[    1.962009] systemd[1]: Inserted module 'autofs4'
[    1.972521] systemd[1]: systemd 245.4-4ubuntu3 running in system mode. (+PAM +AUDIT +SELINUX +IMA +APPARMOR +SMACK +SYSVINIT +UTMP +LIBCRYPTSETUP +GCRYPT +GNUTLS +ACL +XZ +LZ4 +SECCOMP +BLKID +ELFUTILS +KMOD +IDN2 -IDN +PCRE2 default-hierarchy=hybrid)
[    1.972556] systemd[1]: Detected virtualization oracle.
[    1.972559] systemd[1]: Detected architecture x86-64.
[    1.973907] systemd[1]: Set hostname to <ztg>.
[    2.109560] systemd[1]: /lib/systemd/system/dbus.socket:5: ListenStream= references a path below legacy directory /var/run/, updating /var/run/dbus/system_bus_socket â†’ /run/dbus/system_bus_socket; please update the unit file accordingly.
[    2.164301] systemd[1]: Created slice system-modprobe.slice.
[    2.164500] systemd[1]: Created slice User and Session Slice.
[    2.164548] systemd[1]: Started Forward Password Requests to Wall Directory Watch.
[    2.164729] systemd[1]: Set up automount Arbitrary Executable File Formats File System Automount Point.
[    2.164766] systemd[1]: Reached target User and Group Name Lookups.
[    2.164774] systemd[1]: Reached target Remote File Systems.
[    2.164783] systemd[1]: Reached target Slices.
[    2.165360] systemd[1]: Listening on Syslog Socket.
[    2.165434] systemd[1]: Listening on fsck to fsckd communication Socket.
[    2.165475] systemd[1]: Listening on initctl Compatibility Named Pipe.
[    2.165621] systemd[1]: Listening on Journal Audit Socket.
[    2.165676] systemd[1]: Listening on Journal Socket (/dev/log).
[    2.165749] systemd[1]: Listening on Journal Socket.
[    2.165815] systemd[1]: Listening on udev Control Socket.
[    2.165855] systemd[1]: Listening on udev Kernel Socket.
[    2.166739] systemd[1]: Mounting Huge Pages File System...
[    2.167839] systemd[1]: Mounting POSIX Message Queue File System...
[    2.168789] systemd[1]: Mounting Kernel Debug File System...
[    2.170020] systemd[1]: Mounting Kernel Trace File System...
[    2.193011] systemd[1]: Starting Journal Service...
[    2.195376] systemd[1]: Starting Set the console keyboard layout...
[    2.206300] systemd[1]: Starting Create list of static device nodes for the current kernel...
[    2.209232] systemd[1]: Starting Load Kernel Module drm...
[    2.212968] systemd[1]: Condition check resulted in Set Up Additional Binary Formats being skipped.
[    2.213007] systemd[1]: Condition check resulted in File System Check on Root Device being skipped.
[    2.220356] systemd[1]: Starting Load Kernel Modules...
[    2.221178] systemd[1]: Starting Remount Root and Kernel File Systems...
[    2.222001] systemd[1]: Starting udev Coldplug all Devices...
[    2.222838] systemd[1]: Starting Uncomplicated firewall...
[    2.277477] systemd[1]: Mounted Huge Pages File System.
[    2.277579] systemd[1]: Mounted POSIX Message Queue File System.
[    2.277661] systemd[1]: Mounted Kernel Debug File System.
[    2.277739] systemd[1]: Mounted Kernel Trace File System.
[    2.284849] systemd[1]: Finished Create list of static device nodes for the current kernel.
[    2.285186] systemd[1]: modprobe@drm.service: Succeeded.
[    2.285722] EXT4-fs (sda2): re-mounted. Opts: errors=remount-ro
[    2.287198] systemd[1]: Finished Load Kernel Module drm.
[    2.290435] systemd[1]: Finished Remount Root and Kernel File Systems.
[    2.292815] systemd[1]: Finished Uncomplicated firewall.
[    2.297374] systemd[1]: Condition check resulted in Rebuild Hardware Database being skipped.
[    2.297439] systemd[1]: Condition check resulted in Platform Persistent Storage Archival being skipped.
[    2.298222] systemd[1]: Starting Load/Save Random Seed...
[    2.308508] systemd[1]: Starting Create System Users...
[    2.322335] lp: driver loaded but no devices found
[    2.327516] systemd[1]: Finished Load/Save Random Seed.
[    2.330530] ppdev: user-space parallel port driver
[    2.337398] systemd[1]: Finished Create System Users.
[    2.338281] systemd[1]: Starting Create Static Device Nodes in /dev...
[    2.391532] systemd[1]: Finished Create Static Device Nodes in /dev.
[    2.392742] systemd[1]: Starting udev Kernel Device Manager...
[    2.422859] systemd[1]: Finished udev Coldplug all Devices.
[    2.432787] [drm] DMA map mode: Caching DMA mappings.
[    2.432850] [drm] Capabilities:
[    2.432850] [drm]   Rect copy.
[    2.432851] [drm]   Cursor.
[    2.432851] [drm]   Cursor bypass.
[    2.432851] [drm]   Cursor bypass 2.
[    2.432852] [drm]   Alpha cursor.
[    2.432852] [drm]   Extended Fifo.
[    2.432852] [drm]   Pitchlock.
[    2.432853] [drm]   Irq mask.
[    2.432853] [drm]   GMR.
[    2.432854] [drm]   Traces.
[    2.432854] [drm]   GMR2.
[    2.432854] [drm]   Screen Object 2.
[    2.432855] [drm]   Command Buffers.
[    2.432855] [drm]   Command Buffers 2.
[    2.432855] [drm]   Guest Backed Resources.
[    2.432857] [drm] Max GMR ids is 8192
[    2.432857] [drm] Max number of GMR pages is 1048576
[    2.432858] [drm] Max dedicated hypervisor surface memory is 393216 kiB
[    2.432858] [drm] Maximum display memory size is 131072 kiB
[    2.432859] [drm] VRAM at 0xe0000000 size is 131072 kiB
[    2.432860] [drm] MMIO at 0xf0000000 size is 2048 kiB
[    2.434166] [TTM] Zone  kernel: Available graphics memory: 1011738 KiB
[    2.434167] [TTM] Initializing pool allocator
[    2.434172] [TTM] Initializing DMA pool allocator
[    2.434205] [drm] Supports vblank timestamp caching Rev 2 (21.10.2013).
[    2.434206] [drm] No driver support for vblank timestamp query.
[    2.434496] [drm] Screen Target Display device initialized
[    2.434807] [drm] width 720
[    2.434816] [drm] height 400
[    2.434820] [drm] bpp 32
[    2.435357] [drm] Fifo max 0x00200000 min 0x00001000 cap 0x00000355
[    2.438039] [drm] Using command buffers with DMA pool.
[    2.438044] [drm] DX: no.
[    2.438045] [drm] Atomic: yes.
[    2.438045] [drm] SM4_1: no.
[    2.438069] [drm:vmw_host_log [vmwgfx]] *ERROR* Failed to send host log message.
[    2.438983] [drm:vmw_host_log [vmwgfx]] *ERROR* Failed to send host log message.
[    2.479318] fbcon: svgadrmfb (fb0) is primary device
[    2.482296] Console: switching to colour frame buffer device 100x37
[    2.488763] systemd[1]: Finished Set the console keyboard layout.
[    2.488900] systemd[1]: Reached target Local File Systems (Pre).
[    2.489465] [drm] Initialized vmwgfx 2.15.0 20180704 for 0000:00:02.0 on minor 0
[    2.492377] systemd[1]: Mounting Mount unit for bare, revision 5...
[    2.514420] systemd[1]: Mounting Mount unit for core18, revision 1705...
[    2.516637] systemd[1]: Mounting Mount unit for gnome-3-34-1804, revision 24...
[    2.535629] systemd[1]: Mounting Mount unit for gtk-common-themes, revision 1506...
[    2.539766] systemd[1]: Mounting Mount unit for gtk-common-themes, revision 1535...
[    2.543927] systemd[1]: Mounting Mount unit for snap-store, revision 433...
[    2.569455] systemd[1]: Mounting Mount unit for snapd, revision 25935...
[    2.574294] systemd[1]: Finished Load Kernel Modules.
[    2.578464] systemd[1]: Mounting FUSE Control File System...
[    2.591180] systemd[1]: Mounting Kernel Configuration File System...
[    2.596556] systemd[1]: Starting Apply Kernel Variables...
[    2.617140] systemd[1]: Started udev Kernel Device Manager.
[    2.617271] systemd[1]: Mounted Mount unit for bare, revision 5.
[    2.617375] systemd[1]: Mounted Mount unit for gnome-3-34-1804, revision 24.
[    2.617460] systemd[1]: Mounted FUSE Control File System.
[    2.617537] systemd[1]: Mounted Kernel Configuration File System.
[    2.617607] systemd[1]: Condition check resulted in VMware vmblock fuse mount being skipped.
[    2.637746] systemd[1]: Starting Show Plymouth Boot Screen...
[    2.650191] systemd[1]: Mounted Mount unit for core18, revision 1705.
[    2.650382] systemd[1]: Mounted Mount unit for gtk-common-themes, revision 1506.
[    2.652562] systemd[1]: Finished Apply Kernel Variables.
[    2.653296] systemd[1]: Received SIGRTMIN+20 from PID 284 (plymouthd).
[    2.674791] systemd[1]: Started Show Plymouth Boot Screen.
[    2.674997] systemd[1]: Condition check resulted in Dispatch Password Requests to Console Directory Watch being skipped.
[    2.675100] systemd[1]: Started Forward Password Requests to Plymouth Directory Watch.
[    2.675135] systemd[1]: Reached target Local Encrypted Volumes.
[    2.694765] systemd[1]: Mounted Mount unit for gtk-common-themes, revision 1535.
[    2.708687] systemd[1]: Mounted Mount unit for snap-store, revision 433.
[    2.708904] systemd[1]: Mounted Mount unit for snapd, revision 25935.
[    2.709066] systemd[1]: Reached target Local File Systems.
[    2.710147] systemd[1]: Starting Load AppArmor profiles...
[    2.716064] systemd[1]: Starting Set console font and keymap...
[    2.723201] systemd[1]: Starting Tell Plymouth To Write Out Runtime Data...
[    2.729717] systemd[1]: Condition check resulted in Store a System Token in an EFI Variable being skipped.
[    2.729755] systemd[1]: Condition check resulted in Commit a transient machine-id on disk being skipped.
[    2.730781] systemd[1]: Finished Set console font and keymap.
[    2.736665] systemd[1]: Received SIGRTMIN+20 from PID 284 (plymouthd).
[    2.737823] systemd[1]: plymouth-read-write.service: Succeeded.
[    2.738096] systemd[1]: Finished Tell Plymouth To Write Out Runtime Data.
[    2.768740] audit: type=1400 audit(1768253523.632:2): apparmor="STATUS" operation="profile_load" profile="unconfined" name="nvidia_modprobe" pid=303 comm="apparmor_parser"
[    2.768742] audit: type=1400 audit(1768253523.632:3): apparmor="STATUS" operation="profile_load" profile="unconfined" name="nvidia_modprobe//kmod" pid=303 comm="apparmor_parser"
[    2.776093] audit: type=1400 audit(1768253523.640:4): apparmor="STATUS" operation="profile_load" profile="unconfined" name="/usr/sbin/tcpdump" pid=304 comm="apparmor_parser"
[    2.821027] audit: type=1400 audit(1768253523.676:5): apparmor="STATUS" operation="profile_load" profile="unconfined" name="/usr/bin/evince" pid=306 comm="apparmor_parser"
[    2.821029] audit: type=1400 audit(1768253523.676:6): apparmor="STATUS" operation="profile_load" profile="unconfined" name="/usr/bin/evince//sanitized_helper" pid=306 comm="apparmor_parser"
[    2.821031] audit: type=1400 audit(1768253523.676:7): apparmor="STATUS" operation="profile_load" profile="unconfined" name="/usr/bin/evince-previewer" pid=306 comm="apparmor_parser"
[    2.821032] audit: type=1400 audit(1768253523.676:8): apparmor="STATUS" operation="profile_load" profile="unconfined" name="/usr/bin/evince-previewer//sanitized_helper" pid=306 comm="apparmor_parser"
[    2.821034] audit: type=1400 audit(1768253523.676:9): apparmor="STATUS" operation="profile_load" profile="unconfined" name="/usr/bin/evince-thumbnailer" pid=306 comm="apparmor_parser"
[    2.857567] audit: type=1400 audit(1768253523.720:10): apparmor="STATUS" operation="profile_load" profile="unconfined" name="/usr/lib/cups/backend/cups-pdf" pid=307 comm="apparmor_parser"
[    2.921029] systemd[1]: Finished Load AppArmor profiles.
[    2.922040] systemd[1]: Starting Load AppArmor profiles managed internally by snapd...
[    3.030010] systemd[1]: Finished Load AppArmor profiles managed internally by snapd.
[    3.203947] systemd[1]: Started Journal Service.
[    3.214505] systemd-journald[229]: Received client request to flush runtime journal.
[    3.217563] systemd-journald[229]: File /var/log/journal/c455b248004a419c87ce85eea238d727/system.journal corrupted or uncleanly shut down, renaming and replacing.
[    4.500325] RAPL PMU: API unit is 2^-32 Joules, 0 fixed counters, 10737418240 ms ovfl timer
[    4.532833] cryptd: max_cpu_qlen set to 1000
[    4.609713] AVX2 version of gcm_enc/dec engaged.
[    4.609714] AES CTR mode by8 optimization enabled
[    6.514873] Adding 1998844k swap on /dev/sda1.  Priority:-2 extents:1 across:1998844k FS
[    7.488518] kauditd_printk_skb: 30 callbacks suppressed
[    7.488519] audit: type=1400 audit(1768253528.352:41): apparmor="DENIED" operation="capable" profile="/usr/sbin/cups-browsed" pid=509 comm="cups-browsed" capability=23  capname="sys_nice"
[    9.054433] pcnet32 0000:00:03.0 enp0s3: link up, 100Mbps, full-duplex
[    9.088687] e1000: enp0s8 NIC Link is Up 1000 Mbps Full Duplex, Flow Control: RX
[    9.088980] IPv6: ADDRCONF(NETDEV_CHANGE): enp0s8: link becomes ready
[    9.118326] e1000: enp0s9 NIC Link is Up 1000 Mbps Full Duplex, Flow Control: RX
[    9.118612] IPv6: ADDRCONF(NETDEV_CHANGE): enp0s9: link becomes ready
[    9.770616] device enp0s3 entered promiscuous mode
[    9.793263] audit: type=1400 audit(1768253530.652:42): apparmor="DENIED" operation="open" profile="/usr/sbin/tcpdump" name="/proc/sys/kernel/random/boot_id" pid=625 comm="tcpdump" requested_mask="r" denied_mask="r" fsuid=0 ouid=0
[    9.793470] audit: type=1400 audit(1768253530.652:43): apparmor="DENIED" operation="open" profile="/usr/sbin/tcpdump" name="/proc/sys/kernel/random/boot_id" pid=625 comm="tcpdump" requested_mask="r" denied_mask="r" fsuid=0 ouid=0
[    9.793581] audit: type=1400 audit(1768253530.652:44): apparmor="DENIED" operation="open" profile="/usr/sbin/tcpdump" name="/proc/sys/kernel/random/boot_id" pid=625 comm="tcpdump" requested_mask="r" denied_mask="r" fsuid=0 ouid=0
[    9.793637] audit: type=1400 audit(1768253530.652:45): apparmor="DENIED" operation="open" profile="/usr/sbin/tcpdump" name="/proc/sys/kernel/random/boot_id" pid=625 comm="tcpdump" requested_mask="r" denied_mask="r" fsuid=0 ouid=0
[    9.802174] audit: type=1400 audit(1768253530.656:46): apparmor="DENIED" operation="open" profile="/usr/sbin/tcpdump" name="/proc/sys/kernel/random/boot_id" pid=626 comm="tcpdump" requested_mask="r" denied_mask="r" fsuid=0 ouid=0
[    9.802336] audit: type=1400 audit(1768253530.656:47): apparmor="DENIED" operation="open" profile="/usr/sbin/tcpdump" name="/proc/sys/kernel/random/boot_id" pid=626 comm="tcpdump" requested_mask="r" denied_mask="r" fsuid=0 ouid=0
[    9.802408] audit: type=1400 audit(1768253530.656:48): apparmor="DENIED" operation="open" profile="/usr/sbin/tcpdump" name="/proc/sys/kernel/random/boot_id" pid=626 comm="tcpdump" requested_mask="r" denied_mask="r" fsuid=0 ouid=0
[    9.802489] audit: type=1400 audit(1768253530.656:49): apparmor="DENIED" operation="open" profile="/usr/sbin/tcpdump" name="/proc/sys/kernel/random/boot_id" pid=626 comm="tcpdump" requested_mask="r" denied_mask="r" fsuid=0 ouid=0
[   15.856437] rfkill: input handler disabled
[  239.704259] AAAAA-TCP_FORW: name:enp0s3: saddr:33561200: daddr:100932208
[  239.823075] AAAAA-TCP_FORW: name:enp0s3: saddr:33561200: daddr:100932208
[  240.174611] AAAAA-TCP_FORW: name:enp0s3: saddr:33561200: daddr:100932208
[  240.273215] AAAAA-TCP_FORW: name:enp0s3: saddr:33561200: daddr:100932208
[  240.357771] AAAAA-TCP_FORW: name:enp0s3: saddr:16783984: daddr:100932208
[  240.457500] AAAAA-TCP_FORW: name:enp0s3: saddr:16783984: daddr:100932208
[  240.700011] AAAAA-TCP_FORW: name:enp0s3: saddr:16783984: daddr:100932208
[  240.958043] AAAAA-TCP_FORW: name:enp0s3: saddr:33561200: daddr:100932208
[  241.081727] AAAAA-TCP_FORW: name:enp0s3: saddr:33561200: daddr:100932208
[  241.444033] AAAAA-TCP_FORW: name:enp0s3: saddr:16783984: daddr:100932208
[  241.606185] AAAAA-TCP_FORW: name:enp0s3: saddr:16783984: daddr:100932208
[  242.027701] AAAAA-TCP_FORW: name:enp0s3: saddr:33561200: daddr:100932208
[  242.295341] AAAAA-TCP_FORW: name:enp0s3: saddr:16783984: daddr:100932208
[  242.535945] AAAAA-TCP_FORW: name:enp0s3: saddr:16783984: daddr:100932208
[  268.988111] AAAAA-TCP_FORW: name:enp0s3: saddr:33561200: daddr:100932208
[  269.204978] AAAAA-TCP_FORW: name:enp0s3: saddr:33561200: daddr:100932208
[  269.343942] AAAAA-TCP_FORW: name:enp0s3: saddr:33561200: daddr:100932208
[  269.541129] AAAAA-TCP_FORW: name:enp0s3: saddr:33561200: daddr:100932208
[  269.679027] AAAAA-TCP_FORW: name:enp0s3: saddr:33561200: daddr:100932208
[  269.741546] AAAAA-TCP_FORW: name:enp0s3: saddr:16783984: daddr:100932208
[  269.877489] AAAAA-TCP_FORW: name:enp0s3: saddr:16783984: daddr:100932208
[  270.000823] AAAAA-TCP_FORW: name:enp0s3: saddr:16783984: daddr:100932208
[  270.124619] AAAAA-TCP_FORW: name:enp0s3: saddr:16783984: daddr:100932208
[  270.214255] AAAAA-TCP_FORW: name:enp0s3: saddr:16783984: daddr:100932208
[  270.289544] AAAAA-TCP_FORW: name:enp0s3: saddr:16783984: daddr:100932208
[  301.763580] AAAAA-TCP_FORW: name:enp0s3: saddr:16783984: daddr:100932208
[  301.974453] AAAAA-TCP_FORW: name:enp0s3: saddr:16783984: daddr:100932208
[  302.310582] AAAAA-TCP_FORW: name:enp0s3: saddr:16783984: daddr:100932208
[  302.514570] AAAAA-TCP_FORW: name:enp0s3: saddr:16783984: daddr:100932208
[  302.556298] AAAAA-TCP_FORW: name:enp0s3: saddr:16783984: daddr:100932208
[  302.672040] AAAAA-TCP_FORW: name:enp0s3: saddr:16783984: daddr:100932208
[  302.736842] AAAAA-TCP_FORW: name:enp0s3: saddr:16783984: daddr:100932208
[  302.949582] AAAAA-TCP_FORW: name:enp0s3: saddr:33561200: daddr:100932208
[  303.134511] AAAAA-TCP_FORW: name:enp0s3: saddr:33561200: daddr:100932208
[  303.347020] AAAAA-TCP_FORW: name:enp0s3: saddr:16783984: daddr:100932208
[  303.407390] AAAAA-TCP_FORW: name:enp0s3: saddr:16783984: daddr:100932208
[  303.638021] AAAAA-TCP_FORW: name:enp0s3: saddr:16783984: daddr:100932208
[  303.793188] AAAAA-TCP_FORW: name:enp0s3: saddr:16783984: daddr:100932208
[  303.893726] AAAAA-TCP_FORW: name:enp0s3: saddr:16783984: daddr:100932208
[  304.285601] AAAAA-TCP_FORW: name:enp0s3: saddr:33561200: daddr:100932208
[  304.585546] AAAAA-TCP_FORW: name:enp0s3: saddr:16783984: daddr:100932208
[  304.929042] AAAAA-TCP_FORW: name:enp0s3: saddr:33561200: daddr:100932208
[  305.138533] AAAAA-TCP_FORW: name:enp0s3: saddr:16783984: daddr:100932208
[  305.289288] AAAAA-TCP_FORW: name:enp0s3: saddr:16783984: daddr:100932208
[  305.368182] AAAAA-TCP_FORW: name:enp0s3: saddr:16783984: daddr:100932208
[  305.511553] AAAAA-TCP_FORW: name:enp0s3: saddr:16783984: daddr:100932208
[  305.614569] AAAAA-TCP_FORW: name:enp0s3: saddr:16783984: daddr:100932208
[  305.839013] AAAAA-TCP_FORW: name:enp0s3: saddr:16783984: daddr:100932208
[  306.084787] AAAAA-TCP_FORW: name:enp0s3: saddr:16783984: daddr:100932208
[  610.267090] rfkill: input handler enabled
[  619.408184] rfkill: input handler disabled
[ 1000.870299] device enp0s3 left promiscuous mode
