[    0.000000] Linux version 5.4.243-mptcp (root@ztg) (gcc version 12.2.0 (Debian 12.2.0-14+deb12u1)) #53 SMP Wed Dec 24 23:28:15 CST 2025
[    0.000000] Command line: BOOT_IMAGE=/boot/vmlinuz-5.4.243-mptcp root=UUID=98415a12-53b7-4144-8265-0f7ece09e445 ro quiet splash
[    0.000000] KERNEL supported cpus:
[    0.000000]   Intel GenuineIntel
[    0.000000]   AMD AuthenticAMD
[    0.000000]   Hygon HygonGenuine
[    0.000000]   Centaur CentaurHauls
[    0.000000]   zhaoxin   Shanghai  
[    0.000000] x86/fpu: Supporting XSAVE feature 0x001: 'x87 floating point registers'
[    0.000000] x86/fpu: Supporting XSAVE feature 0x002: 'SSE registers'
[    0.000000] x86/fpu: Supporting XSAVE feature 0x004: 'AVX registers'
[    0.000000] x86/fpu: xstate_offset[2]:  576, xstate_sizes[2]:  256
[    0.000000] x86/fpu: Enabled xstate features 0x7, context size is 832 bytes, using 'standard' format.
[    0.000000] BIOS-provided physical RAM map:
[    0.000000] BIOS-e820: [mem 0x0000000000000000-0x000000000009fbff] usable
[    0.000000] BIOS-e820: [mem 0x000000000009fc00-0x000000000009ffff] reserved
[    0.000000] BIOS-e820: [mem 0x00000000000f0000-0x00000000000fffff] reserved
[    0.000000] BIOS-e820: [mem 0x0000000000100000-0x000000007ffeffff] usable
[    0.000000] BIOS-e820: [mem 0x000000007fff0000-0x000000007fffffff] ACPI data
[    0.000000] BIOS-e820: [mem 0x00000000fec00000-0x00000000fec00fff] reserved
[    0.000000] BIOS-e820: [mem 0x00000000fee00000-0x00000000fee00fff] reserved
[    0.000000] BIOS-e820: [mem 0x00000000fffc0000-0x00000000ffffffff] reserved
[    0.000000] NX (Execute Disable) protection: active
[    0.000000] SMBIOS 2.5 present.
[    0.000000] DMI: innotek GmbH VirtualBox/VirtualBox, BIOS VirtualBox 12/01/2006
[    0.000000] Hypervisor detected: KVM
[    0.000000] kvm-clock: Using msrs 4b564d01 and 4b564d00
[    0.000000] kvm-clock: cpu 0, msr 4ee01001, primary cpu clock
[    0.000000] kvm-clock: using sched offset of 4637770668 cycles
[    0.000003] clocksource: kvm-clock: mask: 0xffffffffffffffff max_cycles: 0x1cd42e4dffb, max_idle_ns: 881590591483 ns
[    0.000006] tsc: Detected 2100.000 MHz processor
[    0.001900] e820: update [mem 0x00000000-0x00000fff] usable ==> reserved
[    0.001902] e820: remove [mem 0x000a0000-0x000fffff] usable
[    0.001906] last_pfn = 0x7fff0 max_arch_pfn = 0x400000000
[    0.001976] MTRR default type: uncachable
[    0.001977] MTRR fixed ranges enabled:
[    0.001978]   00000-9FFFF write-back
[    0.001979]   A0000-BFFFF uncachable
[    0.001980]   C0000-FFFFF write-protect
[    0.001981] MTRR variable ranges enabled:
[    0.001982]   0 base 000000000000 mask 3FFF80000000 write-back
[    0.001983]   1 disabled
[    0.001983]   2 disabled
[    0.001984]   3 disabled
[    0.001984]   4 disabled
[    0.001984]   5 disabled
[    0.001985]   6 disabled
[    0.001985]   7 disabled
[    0.001986]   8 disabled
[    0.001986]   9 disabled
[    0.001986]   10 disabled
[    0.001987]   11 disabled
[    0.001987]   12 disabled
[    0.001988]   13 disabled
[    0.001988]   14 disabled
[    0.001989]   15 disabled
[    0.002006] x86/PAT: Configuration [0-7]: WB  WC  UC- UC  WB  WP  UC- WT  
[    0.002157] found SMP MP-table at [mem 0x0009fff0-0x0009ffff]
[    0.100616] check: Scanning 1 areas for low memory corruption
[    0.100768] RAMDISK: [mem 0x32271000-0x3512ffff]
[    0.100778] ACPI: Early table checksum verification disabled
[    0.100785] ACPI: RSDP 0x00000000000E0000 000024 (v02 VBOX  )
[    0.100790] ACPI: XSDT 0x000000007FFF0030 00003C (v01 VBOX   VBOXXSDT 00000001 ASL  00000061)
[    0.100797] ACPI: FACP 0x000000007FFF00F0 0000F4 (v04 VBOX   VBOXFACP 00000001 ASL  00000061)
[    0.100804] ACPI: DSDT 0x000000007FFF02E0 002353 (v02 VBOX   VBOXBIOS 00000002 VBOX 00029BF3)
[    0.100809] ACPI: FACS 0x000000007FFF0200 000040
[    0.100812] ACPI: FACS 0x000000007FFF0200 000040
[    0.100815] ACPI: APIC 0x000000007FFF0240 000054 (v02 VBOX   VBOXAPIC 00000001 ASL  00000061)
[    0.100819] ACPI: SSDT 0x000000007FFF02A0 000038 (v01 VBOX   VBOXCPUT 00000002 VBOX 00029BF3)
[    0.100822] ACPI: Reserving FACP table memory at [mem 0x7fff00f0-0x7fff01e3]
[    0.100823] ACPI: Reserving DSDT table memory at [mem 0x7fff02e0-0x7fff2632]
[    0.100824] ACPI: Reserving FACS table memory at [mem 0x7fff0200-0x7fff023f]
[    0.100825] ACPI: Reserving FACS table memory at [mem 0x7fff0200-0x7fff023f]
[    0.100826] ACPI: Reserving APIC table memory at [mem 0x7fff0240-0x7fff0293]
[    0.100826] ACPI: Reserving SSDT table memory at [mem 0x7fff02a0-0x7fff02d7]
[    0.100843] ACPI: Local APIC address 0xfee00000
[    0.101050] No NUMA configuration found
[    0.101051] Faking a node at [mem 0x0000000000000000-0x000000007ffeffff]
[    0.101062] NODE_DATA(0) allocated [mem 0x7ffc5000-0x7ffeffff]
[    0.101350] Zone ranges:
[    0.101351]   DMA      [mem 0x0000000000001000-0x0000000000ffffff]
[    0.101353]   DMA32    [mem 0x0000000001000000-0x000000007ffeffff]
[    0.101354]   Normal   empty
[    0.101354]   Device   empty
[    0.101355] Movable zone start for each node
[    0.101357] Early memory node ranges
[    0.101358]   node   0: [mem 0x0000000000001000-0x000000000009efff]
[    0.101359]   node   0: [mem 0x0000000000100000-0x000000007ffeffff]
[    0.101362] Zeroed struct page in unavailable ranges: 114 pages
[    0.101363] Initmem setup node 0 [mem 0x0000000000001000-0x000000007ffeffff]
[    0.101364] On node 0 totalpages: 524174
[    0.101366]   DMA zone: 64 pages used for memmap
[    0.101367]   DMA zone: 21 pages reserved
[    0.101368]   DMA zone: 3998 pages, LIFO batch:0
[    0.101445]   DMA32 zone: 8128 pages used for memmap
[    0.101445]   DMA32 zone: 520176 pages, LIFO batch:63
[    0.111089] ACPI: PM-Timer IO Port: 0x4008
[    0.111093] ACPI: Local APIC address 0xfee00000
[    0.111164] IOAPIC[0]: apic_id 1, version 32, address 0xfec00000, GSI 0-23
[    0.111168] ACPI: INT_SRC_OVR (bus 0 bus_irq 0 global_irq 2 dfl dfl)
[    0.111170] ACPI: INT_SRC_OVR (bus 0 bus_irq 9 global_irq 9 low level)
[    0.111173] ACPI: IRQ0 used by override.
[    0.111174] ACPI: IRQ9 used by override.
[    0.111176] Using ACPI (MADT) for SMP configuration information
[    0.111184] smpboot: Allowing 1 CPUs, 0 hotplug CPUs
[    0.111210] PM: Registered nosave memory: [mem 0x00000000-0x00000fff]
[    0.111212] PM: Registered nosave memory: [mem 0x0009f000-0x0009ffff]
[    0.111213] PM: Registered nosave memory: [mem 0x000a0000-0x000effff]
[    0.111213] PM: Registered nosave memory: [mem 0x000f0000-0x000fffff]
[    0.111215] [mem 0x80000000-0xfebfffff] available for PCI devices
[    0.111216] Booting paravirtualized kernel on KVM
[    0.111221] clocksource: refined-jiffies: mask: 0xffffffff max_cycles: 0xffffffff, max_idle_ns: 7645519600211568 ns
[    0.111226] setup_percpu: NR_CPUS:8192 nr_cpumask_bits:1 nr_cpu_ids:1 nr_node_ids:1
[    0.112838] percpu: Embedded 60 pages/cpu s208896 r8192 d28672 u2097152
[    0.112843] pcpu-alloc: s208896 r8192 d28672 u2097152 alloc=1*2097152
[    0.112844] pcpu-alloc: [0] 0 
[    0.112874] Built 1 zonelists, mobility grouping on.  Total pages: 515961
[    0.112875] Policy zone: DMA32
[    0.112876] Kernel command line: BOOT_IMAGE=/boot/vmlinuz-5.4.243-mptcp root=UUID=98415a12-53b7-4144-8265-0f7ece09e445 ro quiet splash
[    0.114108] Dentry cache hash table entries: 262144 (order: 9, 2097152 bytes, linear)
[    0.114375] Inode-cache hash table entries: 131072 (order: 8, 1048576 bytes, linear)
[    0.114431] mem auto-init: stack:off, heap alloc:on, heap free:off
[    0.114434] Calgary: detecting Calgary via BIOS EBDA area
[    0.114436] Calgary: Unable to locate Rio Grande table in EBDA - bailing!
[    0.119738] Memory: 1967332K/2096696K available (14339K kernel code, 2398K rwdata, 4712K rodata, 2728K init, 17260K bss, 129364K reserved, 0K cma-reserved)
[    0.121028] SLUB: HWalign=64, Order=0-3, MinObjects=0, CPUs=1, Nodes=1
[    0.121047] ftrace: allocating 43186 entries in 169 pages
[    0.142323] rcu: Hierarchical RCU implementation.
[    0.142326] rcu: 	RCU restricting CPUs from NR_CPUS=8192 to nr_cpu_ids=1.
[    0.142327] 	Tasks RCU enabled.
[    0.142328] rcu: RCU calculated value of scheduler-enlistment delay is 25 jiffies.
[    0.142329] rcu: Adjusting geometry for rcu_fanout_leaf=16, nr_cpu_ids=1
[    0.145359] NR_IRQS: 524544, nr_irqs: 256, preallocated irqs: 16
[    0.145586] random: crng init done
[    0.154847] Console: colour VGA+ 80x25
[    0.154854] printk: console [tty0] enabled
[    0.154878] ACPI: Core revision 20190816
[    0.154980] APIC: Switch to symmetric I/O mode setup
[    0.155229] x2apic enabled
[    0.155465] Switched APIC routing to physical x2apic.
[    0.156592] ..TIMER: vector=0x30 apic1=0 pin1=2 apic2=-1 pin2=-1
[    0.156617] clocksource: tsc-early: mask: 0xffffffffffffffff max_cycles: 0x1e4530a99b6, max_idle_ns: 440795257976 ns
[    0.156623] Calibrating delay loop (skipped) preset value.. 4200.00 BogoMIPS (lpj=8400000)
[    0.156626] pid_max: default: 32768 minimum: 301
[    0.156654] LSM: Security Framework initializing
[    0.156665] Yama: becoming mindful.
[    0.156695] AppArmor: AppArmor initialized
[    0.156733] Mount-cache hash table entries: 4096 (order: 3, 32768 bytes, linear)
[    0.156739] Mountpoint-cache hash table entries: 4096 (order: 3, 32768 bytes, linear)
[    0.156752] *** VALIDATE tmpfs ***
[    0.156893] *** VALIDATE proc ***
[    0.156942] *** VALIDATE cgroup1 ***
[    0.156944] *** VALIDATE cgroup2 ***
[    0.157091] process: using mwait in idle threads
[    0.157096] Last level iTLB entries: 4KB 64, 2MB 8, 4MB 8
[    0.157097] Last level dTLB entries: 4KB 64, 2MB 0, 4MB 0, 1GB 4
[    0.157120] Spectre V1 : Mitigation: usercopy/swapgs barriers and __user pointer sanitization
[    0.157126] Spectre V2 : Mitigation: Retpolines
[    0.157127] Spectre V2 : Spectre v2 / SpectreRSB mitigation: Filling RSB on context switch
[    0.157127] Spectre V2 : Spectre v2 / SpectreRSB : Filling RSB on VMEXIT
[    0.157128] RETBleed: WARNING: Spectre v2 mitigation leaves CPU vulnerable to RETBleed attacks, data leaks possible!
[    0.157478] RETBleed: Vulnerable
[    0.157478] Speculative Store Bypass: Vulnerable
[    0.157484] TAA: Mitigation: TSX disabled
[    0.157485] MMIO Stale Data: Mitigation: Clear CPU buffers
[    0.162237] Freeing SMP alternatives memory: 40K
[    0.274476] smpboot: CPU0: Intel(R) Xeon(R) Silver 4216 CPU @ 2.10GHz (family: 0x6, model: 0x55, stepping: 0x7)
[    0.274667] Performance Events: unsupported p6 CPU model 85 no PMU driver, software events only.
[    0.274716] rcu: Hierarchical SRCU implementation.
[    0.275292] NMI watchdog: Perf NMI watchdog permanently disabled
[    0.275341] smp: Bringing up secondary CPUs ...
[    0.275342] smp: Brought up 1 node, 1 CPU
[    0.275343] smpboot: Max logical packages: 1
[    0.275344] smpboot: Total of 1 processors activated (4200.00 BogoMIPS)
[    0.276619] devtmpfs: initialized
[    0.276619] x86/mm: Memory block size: 128MB
[    0.276619] clocksource: jiffies: mask: 0xffffffff max_cycles: 0xffffffff, max_idle_ns: 7645041785100000 ns
[    0.276619] futex hash table entries: 256 (order: 2, 16384 bytes, linear)
[    0.276619] pinctrl core: initialized pinctrl subsystem
[    0.276619] PM: RTC time: 20:06:45, date: 2026-01-12
[    0.276619] NET: Registered protocol family 16
[    0.276619] audit: initializing netlink subsys (disabled)
[    0.276619] EISA bus registered
[    0.276619] cpuidle: using governor ladder
[    0.276619] cpuidle: using governor menu
[    0.276619] ACPI: bus type PCI registered
[    0.276619] acpiphp: ACPI Hot Plug PCI Controller Driver version: 0.5
[    0.276619] PCI: Using configuration type 1 for base access
[    0.277917] audit: type=2000 audit(1768219612.278:1): state=initialized audit_enabled=0 res=1
[    0.278017] HugeTLB registered 2.00 MiB page size, pre-allocated 0 pages
[    0.278931] ACPI: Added _OSI(Module Device)
[    0.278932] ACPI: Added _OSI(Processor Device)
[    0.278932] ACPI: Added _OSI(3.0 _SCP Extensions)
[    0.278933] ACPI: Added _OSI(Processor Aggregator Device)
[    0.278934] ACPI: Added _OSI(Linux-Dell-Video)
[    0.278935] ACPI: Added _OSI(Linux-Lenovo-NV-HDMI-Audio)
[    0.278936] ACPI: Added _OSI(Linux-HPI-Hybrid-Graphics)
[    0.281027] ACPI: 2 ACPI AML tables successfully acquired and loaded
[    0.282575] ACPI: Interpreter enabled
[    0.282586] ACPI: (supports S0 S5)
[    0.282587] ACPI: Using IOAPIC for interrupt routing
[    0.282793] PCI: Using host bridge windows from ACPI; if necessary, use "pci=nocrs" and report a bug
[    0.282901] ACPI: Enabled 2 GPEs in block 00 to 07
[    0.287792] ACPI: PCI Root Bridge [PCI0] (domain 0000 [bus 00-ff])
[    0.287797] acpi PNP0A03:00: _OSC: OS supports [ASPM ClockPM Segments MSI HPX-Type3]
[    0.288242] acpi PNP0A03:00: _OSC: not requesting OS control; OS requires [ExtendedConfig ASPM ClockPM MSI]
[    0.288250] acpi PNP0A03:00: fail to add MMCONFIG information, can't access extended PCI configuration space under this bridge.
[    0.288619] PCI host bridge to bus 0000:00
[    0.288619] pci_bus 0000:00: root bus resource [io  0x0000-0x0cf7 window]
[    0.288619] pci_bus 0000:00: root bus resource [io  0x0d00-0xffff window]
[    0.288619] pci_bus 0000:00: root bus resource [mem 0x000a0000-0x000bffff window]
[    0.288619] pci_bus 0000:00: root bus resource [mem 0x80000000-0xfdffffff window]
[    0.288619] pci_bus 0000:00: root bus resource [bus 00-ff]
[    0.288709] pci 0000:00:00.0: [8086:1237] type 00 class 0x060000
[    0.289696] pci 0000:00:01.0: [8086:7000] type 00 class 0x060100
[    0.290471] pci 0000:00:01.1: [8086:7111] type 00 class 0x01018a
[    0.290850] pci 0000:00:01.1: reg 0x20: [io  0xd000-0xd00f]
[    0.291006] pci 0000:00:01.1: legacy IDE quirk: reg 0x10: [io  0x01f0-0x01f7]
[    0.291007] pci 0000:00:01.1: legacy IDE quirk: reg 0x14: [io  0x03f6]
[    0.291008] pci 0000:00:01.1: legacy IDE quirk: reg 0x18: [io  0x0170-0x0177]
[    0.291009] pci 0000:00:01.1: legacy IDE quirk: reg 0x1c: [io  0x0376]
[    0.291549] pci 0000:00:02.0: [15ad:0405] type 00 class 0x030000
[    0.294798] pci 0000:00:02.0: reg 0x10: [io  0xd010-0xd01f]
[    0.298856] pci 0000:00:02.0: reg 0x14: [mem 0xe0000000-0xe7ffffff pref]
[    0.300664] pci 0000:00:02.0: reg 0x18: [mem 0xf0000000-0xf01fffff]
[    0.313327] pci 0000:00:03.0: [1022:2000] type 00 class 0x020000
[    0.314012] pci 0000:00:03.0: reg 0x10: [io  0xd020-0xd03f]
[    0.314617] pci 0000:00:03.0: reg 0x14: [mem 0xf0200000-0xf0200fff]
[    0.318019] pci 0000:00:04.0: [80ee:cafe] type 00 class 0x088000
[    0.318688] pci 0000:00:04.0: reg 0x10: [io  0xd040-0xd05f]
[    0.319297] pci 0000:00:04.0: reg 0x14: [mem 0xf0400000-0xf07fffff]
[    0.319903] pci 0000:00:04.0: reg 0x18: [mem 0xf0800000-0xf0803fff pref]
[    0.323138] pci 0000:00:07.0: [8086:7113] type 00 class 0x068000
[    0.323711] pci 0000:00:07.0: quirk: [io  0x4000-0x403f] claimed by PIIX4 ACPI
[    0.323721] pci 0000:00:07.0: quirk: [io  0x4100-0x410f] claimed by PIIX4 SMB
[    0.325218] pci 0000:00:08.0: [8086:100e] type 00 class 0x020000
[    0.325925] pci 0000:00:08.0: reg 0x10: [mem 0xf0820000-0xf083ffff]
[    0.327089] pci 0000:00:08.0: reg 0x18: [io  0xd060-0xd067]
[    0.330542] pci 0000:00:09.0: [8086:100e] type 00 class 0x020000
[    0.331256] pci 0000:00:09.0: reg 0x10: [mem 0xf0840000-0xf085ffff]
[    0.332415] pci 0000:00:09.0: reg 0x18: [io  0xd068-0xd06f]
[    0.342071] ACPI: PCI Interrupt Link [LNKA] (IRQs 5 9 10 *11)
[    0.342452] ACPI: PCI Interrupt Link [LNKB] (IRQs 5 9 *10 11)
[    0.342578] ACPI: PCI Interrupt Link [LNKC] (IRQs 5 *9 10 11)
[    0.342706] ACPI: PCI Interrupt Link [LNKD] (IRQs 5 9 10 *11)
[    0.343203] iommu: Default domain type: Translated 
[    0.343313] pci 0000:00:02.0: vgaarb: setting as boot VGA device
[    0.343315] pci 0000:00:02.0: vgaarb: VGA device added: decodes=io+mem,owns=io+mem,locks=none
[    0.343318] pci 0000:00:02.0: vgaarb: bridge control possible
[    0.343318] vgaarb: loaded
[    0.343648] SCSI subsystem initialized
[    0.343688] libata version 3.00 loaded.
[    0.343733] ACPI: bus type USB registered
[    0.343759] usbcore: registered new interface driver usbfs
[    0.343766] usbcore: registered new interface driver hub
[    0.343773] usbcore: registered new device driver usb
[    0.343830] pps_core: LinuxPPS API ver. 1 registered
[    0.343831] pps_core: Software ver. 5.3.6 - Copyright 2005-2007 Rodolfo Giometti <giometti@linux.it>
[    0.343833] PTP clock support registered
[    0.343898] EDAC MC: Ver: 3.0.0
[    0.344651] PCI: Using ACPI for IRQ routing
[    0.344653] PCI: pci_cache_line_size set to 64 bytes
[    0.344836] e820: reserve RAM buffer [mem 0x0009fc00-0x0009ffff]
[    0.344840] e820: reserve RAM buffer [mem 0x7fff0000-0x7fffffff]
[    0.346035] NetLabel: Initializing
[    0.346036] NetLabel:  domain hash size = 128
[    0.346036] NetLabel:  protocols = UNLABELED CIPSOv4 CALIPSO
[    0.346058] NetLabel:  unlabeled traffic allowed by default
[    0.347080] clocksource: Switched to clocksource kvm-clock
[    0.361889] *** VALIDATE bpf ***
[    0.361969] VFS: Disk quotas dquot_6.6.0
[    0.361986] VFS: Dquot-cache hash table entries: 512 (order 0, 4096 bytes)
[    0.362014] *** VALIDATE ramfs ***
[    0.362017] *** VALIDATE hugetlbfs ***
[    0.362117] AppArmor: AppArmor Filesystem Enabled
[    0.362158] pnp: PnP ACPI init
[    0.362226] pnp 00:00: Plug and Play ACPI device, IDs PNP0303 (active)
[    0.362295] pnp 00:01: Plug and Play ACPI device, IDs PNP0f03 (active)
[    0.363045] pnp: PnP ACPI: found 2 devices
[    0.364095] thermal_sys: Registered thermal governor 'fair_share'
[    0.364096] thermal_sys: Registered thermal governor 'bang_bang'
[    0.364097] thermal_sys: Registered thermal governor 'step_wise'
[    0.364097] thermal_sys: Registered thermal governor 'user_space'
[    0.364098] thermal_sys: Registered thermal governor 'power_allocator'
[    0.368635] clocksource: acpi_pm: mask: 0xffffff max_cycles: 0xffffff, max_idle_ns: 2085701024 ns
[    0.368678] pci_bus 0000:00: resource 4 [io  0x0000-0x0cf7 window]
[    0.368680] pci_bus 0000:00: resource 5 [io  0x0d00-0xffff window]
[    0.368681] pci_bus 0000:00: resource 6 [mem 0x000a0000-0x000bffff window]
[    0.368682] pci_bus 0000:00: resource 7 [mem 0x80000000-0xfdffffff window]
[    0.368745] NET: Registered protocol family 2
[    0.368858] IP idents hash table entries: 32768 (order: 6, 262144 bytes, linear)
[    0.369341] MPTCP tokens hash table entries: 8192 (order: 4, 65536 bytes, linear)
[    0.369371] MPTCP request tokens hash table entries: 8192 (order: 4, 65536 bytes, linear)
[    0.369397] default registered
[    0.369398] default registered
[    0.369398] MPTCP: Stable release v0.96
[    0.369405] tcp_listen_portaddr_hash hash table entries: 1024 (order: 2, 16384 bytes, linear)
[    0.369539] TCP established hash table entries: 16384 (order: 5, 131072 bytes, linear)
[    0.369638] TCP bind hash table entries: 16384 (order: 6, 262144 bytes, linear)
[    0.369663] TCP: Hash tables configured (established 16384 bind 16384)
[    0.370764] UDP hash table entries: 1024 (order: 3, 32768 bytes, linear)
[    0.370781] UDP-Lite hash table entries: 1024 (order: 3, 32768 bytes, linear)
[    0.370821] NET: Registered protocol family 1
[    0.370831] NET: Registered protocol family 44
[    0.370852] pci 0000:00:00.0: Limiting direct PCI/PCI transfers
[    0.370865] pci 0000:00:01.0: Activating ISA DMA hang workarounds
[    0.370924] pci 0000:00:02.0: Video device with shadowed ROM at [mem 0x000c0000-0x000dffff]
[    0.371007] PCI: CLS 0 bytes, default 64
[    0.371098] Trying to unpack rootfs image as initramfs...
[    0.602766] Freeing initrd memory: 47868K
[    0.602900] clocksource: tsc: mask: 0xffffffffffffffff max_cycles: 0x1e4530a99b6, max_idle_ns: 440795257976 ns
[    0.602912] clocksource: Switched to clocksource tsc
[    0.602967] platform rtc_cmos: registered platform RTC device (no PNP device found)
[    0.603007] check: Scanning for low memory corruption every 60 seconds
[    0.603417] Initialise system trusted keyrings
[    0.603428] Key type blacklist registered
[    0.603484] workingset: timestamp_bits=36 max_order=19 bucket_order=0
[    0.604383] zbud: loaded
[    0.604383] squashfs: version 4.0 (2009/01/31) Phillip Lougher
[    0.604383] fuse: init (API version 7.31)
[    0.604383] *** VALIDATE fuse ***
[    0.604383] *** VALIDATE fuse ***
[    0.604383] Platform Keyring initialized
[    0.604383] Key type asymmetric registered
[    0.604383] Asymmetric key parser 'x509' registered
[    0.604383] Block layer SCSI generic (bsg) driver version 0.4 loaded (major 244)
[    0.604383] io scheduler mq-deadline registered
[    0.604383] shpchp: Standard Hot Plug PCI Controller Driver version: 0.4
[    0.609113] ACPI: AC Adapter [AC] (on-line)
[    0.609165] input: Power Button as /devices/LNXSYSTM:00/LNXPWRBN:00/input/input0
[    0.609198] ACPI: Power Button [PWRF]
[    0.609289] input: Sleep Button as /devices/LNXSYSTM:00/LNXSLPBN:00/input/input1
[    0.609306] ACPI: Sleep Button [SLPF]
[    0.609564] Serial: 8250/16550 driver, 32 ports, IRQ sharing enabled
[    0.610809] Linux agpgart interface v0.103
[    0.699085] loop: module loaded
[    0.699287] ata_piix 0000:00:01.1: version 2.13
[    0.699770] scsi host0: ata_piix
[    0.699880] scsi host1: ata_piix
[    0.699909] ata1: PATA max UDMA/33 cmd 0x1f0 ctl 0x3f6 bmdma 0xd000 irq 14
[    0.699910] ata2: PATA max UDMA/33 cmd 0x170 ctl 0x376 bmdma 0xd008 irq 15
[    0.700021] tun: Universal TUN/TAP device driver, 1.6
[    0.700354] PPP generic driver version 2.4.2
[    0.700402] VFIO - User Level meta-driver version: 0.3
[    0.700667] ehci_hcd: USB 2.0 'Enhanced' Host Controller (EHCI) Driver
[    0.700674] ehci-pci: EHCI PCI platform driver
[    0.700701] ehci-platform: EHCI generic platform driver
[    0.700710] ohci_hcd: USB 1.1 'Open' Host Controller (OHCI) Driver
[    0.700713] ohci-pci: OHCI PCI platform driver
[    0.700724] ohci-platform: OHCI generic platform driver
[    0.700731] uhci_hcd: USB Universal Host Controller Interface driver
[    0.700834] i8042: PNP: PS/2 Controller [PNP0303:PS2K,PNP0f03:PS2M] at 0x60,0x64 irq 1,12
[    0.701330] serio: i8042 KBD port at 0x60,0x64 irq 1
[    0.701335] serio: i8042 AUX port at 0x60,0x64 irq 12
[    0.701450] mousedev: PS/2 mouse device common for all mice
[    0.701754] input: AT Translated Set 2 keyboard as /devices/platform/i8042/serio0/input/input2
[    0.702219] rtc_cmos rtc_cmos: registered as rtc0
[    0.702235] rtc_cmos rtc_cmos: alarms up to one day, 114 bytes nvram
[    0.702240] i2c /dev entries driver
[    0.702297] device-mapper: uevent: version 1.0.3
[    0.702351] device-mapper: ioctl: 4.41.0-ioctl (2019-09-16) initialised: dm-devel@redhat.com
[    0.702373] platform eisa.0: Probing EISA bus 0
[    0.702374] platform eisa.0: EISA: Cannot allocate resource for mainboard
[    0.702376] platform eisa.0: Cannot allocate resource for EISA slot 1
[    0.702377] platform eisa.0: Cannot allocate resource for EISA slot 2
[    0.702378] platform eisa.0: Cannot allocate resource for EISA slot 3
[    0.702379] platform eisa.0: Cannot allocate resource for EISA slot 4
[    0.702380] platform eisa.0: Cannot allocate resource for EISA slot 5
[    0.702381] platform eisa.0: Cannot allocate resource for EISA slot 6
[    0.702382] platform eisa.0: Cannot allocate resource for EISA slot 7
[    0.702383] platform eisa.0: Cannot allocate resource for EISA slot 8
[    0.702384] platform eisa.0: EISA: Detected 0 cards
[    0.702387] intel_pstate: CPU model not supported
[    0.702399] ledtrig-cpu: registered to indicate activity on CPUs
[    0.702475] drop_monitor: Initializing network drop monitor service
[    0.702670] NET: Registered protocol family 10
[    0.707287] Segment Routing with IPv6
[    0.707287] fullmesh registered
[    0.707287] ndiffports registered
[    0.707287] binder registered
[    0.707287] roundrobin registered
[    0.707287] redundant registered
[    0.707287] blest registered
[    0.707287] ecf registered
[    0.707287] NET: Registered protocol family 17
[    0.707287] Key type dns_resolver registered
[    0.707287] RAS: Correctable Errors collector initialized.
[    0.707287] IPI shorthand broadcast: enabled
[    0.707287] sched_clock: Marking stable (692242610, 11044794)->(707173841, -3886437)
[    0.708677] registered taskstats version 1
[    0.708688] Loading compiled-in X.509 certificates
[    0.709288] Loaded X.509 cert 'Build time autogenerated kernel key: 6909f3744cebb3d0de528d5887b96a727de79b1e'
[    0.709312] zswap: loaded using pool lzo/zbud
[    0.709375] Key type ._fscrypt registered
[    0.709376] Key type .fscrypt registered
[    0.713923] Key type big_key registered
[    0.716131] Key type encrypted registered
[    0.716134] AppArmor: AppArmor sha1 policy hashing enabled
[    0.716143] ima: No TPM chip found, activating TPM-bypass!
[    0.716147] ima: Allocated hash algorithm: sha1
[    0.716153] ima: No architecture policies found
[    0.716164] evm: Initialising EVM extended attributes:
[    0.716165] evm: security.selinux
[    0.716166] evm: security.SMACK64
[    0.716166] evm: security.SMACK64EXEC
[    0.716167] evm: security.SMACK64TRANSMUTE
[    0.716167] evm: security.SMACK64MMAP
[    0.716167] evm: security.apparmor
[    0.716168] evm: security.ima
[    0.716169] evm: security.capability
[    0.716169] evm: HMAC attrs: 0x1
[    0.716502] PM:   Magic number: 10:58:144
[    0.716504] PM:   hash matches drivers/base/power/main.c:1831
[    0.716510] ata_port ata1: hash matches
[    0.716511]  ata1: hash matches
[    0.716628] rtc_cmos rtc_cmos: setting system clock to 2026-01-12T20:06:46 UTC (1768248406)
[    0.871863] ata1.00: ATA-6: VBOX HARDDISK, 1.0, max UDMA/133
[    0.871866] ata1.00: 209715200 sectors, multi 128: LBA 
[    0.872511] scsi 0:0:0:0: Direct-Access     ATA      VBOX HARDDISK    1.0  PQ: 0 ANSI: 5
[    0.872818] sd 0:0:0:0: [sda] 209715200 512-byte logical blocks: (107 GB/100 GiB)
[    0.872830] sd 0:0:0:0: [sda] Write Protect is off
[    0.872834] sd 0:0:0:0: [sda] Mode Sense: 00 3a 00 00
[    0.872872] sd 0:0:0:0: [sda] Write cache: enabled, read cache: enabled, doesn't support DPO or FUA
[    0.873252] sd 0:0:0:0: Attached scsi generic sg0 type 0
[    0.873999]  sda: sda1 sda2
[    0.886416] sd 0:0:0:0: [sda] Attached SCSI disk
[    0.889688] Freeing unused decrypted memory: 2040K
[    0.890960] Freeing unused kernel image memory: 2728K
[    0.890963] Write protecting the kernel read-only data: 22528k
[    0.892161] Freeing unused kernel image memory: 2036K
[    0.892850] Freeing unused kernel image memory: 1432K
[    0.917444] x86/mm: Checked W+X mappings: passed, no W+X pages found.
[    0.917452] Run /init as init process
[    1.032118] ACPI: Video Device [GFX0] (multi-head: yes  rom: no  post: no)
[    1.032202] input: Video Bus as /devices/LNXSYSTM:00/LNXSYBUS:00/PNP0A03:00/LNXVIDEO:00/input/input4
[    1.046067] pcnet32: pcnet32.c:v1.35 21.Apr.2008 tsbogend@alpha.franken.de
[    1.047852] piix4_smbus 0000:00:07.0: SMBus Host Controller at 0x4100, revision 0
[    1.050416] e1000: Intel(R) PRO/1000 Network Driver - version 7.3.21-k8-NAPI
[    1.050417] e1000: Copyright (c) 1999-2006 Intel Corporation.
[    1.061373] pcnet32: PCnet/FAST III 79C973 at 0xd020, 08:00:27:00:34:37 assigned IRQ 19
[    1.061424] pcnet32: Found PHY 0022:561b at address 0
[    1.061754] pcnet32: eth0: registered as PCnet/FAST III 79C973
[    1.068657] pcnet32: 1 cards_found
[    1.134870] pcnet32 0000:00:03.0 enp0s3: renamed from eth0
[    1.262430] input: ImExPS/2 Generic Explorer Mouse as /devices/platform/i8042/serio1/input/input5
[    1.459487] e1000 0000:00:08.0 eth0: (PCI:33MHz:32-bit) 08:00:27:82:3e:c7
[    1.459493] e1000 0000:00:08.0 eth0: Intel(R) PRO/1000 Network Connection
[    1.835483] e1000 0000:00:09.0 eth1: (PCI:33MHz:32-bit) 08:00:27:21:0d:0b
[    1.835486] e1000 0000:00:09.0 eth1: Intel(R) PRO/1000 Network Connection
[    1.836695] e1000 0000:00:09.0 enp0s9: renamed from eth1
[    1.838539] e1000 0000:00:08.0 enp0s8: renamed from eth0
[    2.452518] EXT4-fs (sda2): mounted filesystem with ordered data mode. Opts: (null)
[    2.632640] systemd[1]: Inserted module 'autofs4'
[    2.647764] systemd[1]: systemd 245.4-4ubuntu3 running in system mode. (+PAM +AUDIT +SELINUX +IMA +APPARMOR +SMACK +SYSVINIT +UTMP +LIBCRYPTSETUP +GCRYPT +GNUTLS +ACL +XZ +LZ4 +SECCOMP +BLKID +ELFUTILS +KMOD +IDN2 -IDN +PCRE2 default-hierarchy=hybrid)
[    2.647801] systemd[1]: Detected virtualization oracle.
[    2.647807] systemd[1]: Detected architecture x86-64.
[    2.649245] systemd[1]: Set hostname to <ztg>.
[    2.807250] systemd[1]: /lib/systemd/system/dbus.socket:5: ListenStream= references a path below legacy directory /var/run/, updating /var/run/dbus/system_bus_socket â†’ /run/dbus/system_bus_socket; please update the unit file accordingly.
[    2.886299] systemd[1]: Created slice system-modprobe.slice.
[    2.886484] systemd[1]: Created slice User and Session Slice.
[    2.886530] systemd[1]: Started Forward Password Requests to Wall Directory Watch.
[    2.886701] systemd[1]: Set up automount Arbitrary Executable File Formats File System Automount Point.
[    2.886737] systemd[1]: Reached target User and Group Name Lookups.
[    2.886747] systemd[1]: Reached target Remote File Systems.
[    2.886754] systemd[1]: Reached target Slices.
[    2.887319] systemd[1]: Listening on Syslog Socket.
[    2.887389] systemd[1]: Listening on fsck to fsckd communication Socket.
[    2.887428] systemd[1]: Listening on initctl Compatibility Named Pipe.
[    2.887565] systemd[1]: Listening on Journal Audit Socket.
[    2.887617] systemd[1]: Listening on Journal Socket (/dev/log).
[    2.887685] systemd[1]: Listening on Journal Socket.
[    2.887749] systemd[1]: Listening on udev Control Socket.
[    2.887787] systemd[1]: Listening on udev Kernel Socket.
[    2.888552] systemd[1]: Mounting Huge Pages File System...
[    2.889475] systemd[1]: Mounting POSIX Message Queue File System...
[    2.890345] systemd[1]: Mounting Kernel Debug File System...
[    2.891250] systemd[1]: Mounting Kernel Trace File System...
[    2.893394] systemd[1]: Starting Journal Service...
[    2.918161] systemd[1]: Starting Set the console keyboard layout...
[    2.926222] systemd[1]: Starting Create list of static device nodes for the current kernel...
[    2.928195] systemd[1]: Starting Load Kernel Module drm...
[    2.929512] systemd[1]: Condition check resulted in Set Up Additional Binary Formats being skipped.
[    2.929561] systemd[1]: Condition check resulted in File System Check on Root Device being skipped.
[    2.934501] systemd[1]: Starting Load Kernel Modules...
[    2.939521] systemd[1]: Starting Remount Root and Kernel File Systems...
[    2.950290] systemd[1]: Starting udev Coldplug all Devices...
[    2.975791] systemd[1]: Starting Uncomplicated firewall...
[    2.986081] EXT4-fs (sda2): re-mounted. Opts: errors=remount-ro
[    2.991958] systemd[1]: Mounted Huge Pages File System.
[    2.992053] systemd[1]: Mounted POSIX Message Queue File System.
[    2.992127] systemd[1]: Mounted Kernel Debug File System.
[    2.992198] systemd[1]: Mounted Kernel Trace File System.
[    3.005635] systemd[1]: Finished Create list of static device nodes for the current kernel.
[    3.007031] systemd[1]: Finished Remount Root and Kernel File Systems.
[    3.007606] systemd[1]: Finished Uncomplicated firewall.
[    3.007828] systemd[1]: modprobe@drm.service: Succeeded.
[    3.015452] systemd[1]: Finished Load Kernel Module drm.
[    3.032492] systemd[1]: Condition check resulted in Rebuild Hardware Database being skipped.
[    3.032544] systemd[1]: Condition check resulted in Platform Persistent Storage Archival being skipped.
[    3.033580] systemd[1]: Starting Load/Save Random Seed...
[    3.039680] systemd[1]: Starting Create System Users...
[    3.047358] lp: driver loaded but no devices found
[    3.057379] systemd[1]: Finished Load/Save Random Seed.
[    3.058860] systemd[1]: Finished Create System Users.
[    3.059729] systemd[1]: Starting Create Static Device Nodes in /dev...
[    3.097641] ppdev: user-space parallel port driver
[    3.112044] systemd[1]: Finished Create Static Device Nodes in /dev.
[    3.112983] systemd[1]: Starting udev Kernel Device Manager...
[    3.124610] systemd[1]: Finished udev Coldplug all Devices.
[    3.182963] [drm] DMA map mode: Caching DMA mappings.
[    3.183053] [drm] Capabilities:
[    3.183054] [drm]   Rect copy.
[    3.183054] [drm]   Cursor.
[    3.183054] [drm]   Cursor bypass.
[    3.183055] [drm]   Cursor bypass 2.
[    3.183055] [drm]   Alpha cursor.
[    3.183055] [drm]   Extended Fifo.
[    3.183056] [drm]   Pitchlock.
[    3.183056] [drm]   Irq mask.
[    3.183056] [drm]   GMR.
[    3.183057] [drm]   Traces.
[    3.183057] [drm]   GMR2.
[    3.183057] [drm]   Screen Object 2.
[    3.183058] [drm]   Command Buffers.
[    3.183058] [drm]   Command Buffers 2.
[    3.183058] [drm]   Guest Backed Resources.
[    3.183059] [drm] Max GMR ids is 8192
[    3.183060] [drm] Max number of GMR pages is 1048576
[    3.183061] [drm] Max dedicated hypervisor surface memory is 393216 kiB
[    3.183061] [drm] Maximum display memory size is 131072 kiB
[    3.183062] [drm] VRAM at 0xe0000000 size is 131072 kiB
[    3.183062] [drm] MMIO at 0xf0000000 size is 2048 kiB
[    3.184164] [TTM] Zone  kernel: Available graphics memory: 1011738 KiB
[    3.184165] [TTM] Initializing pool allocator
[    3.184170] [TTM] Initializing DMA pool allocator
[    3.184198] [drm] Supports vblank timestamp caching Rev 2 (21.10.2013).
[    3.184199] [drm] No driver support for vblank timestamp query.
[    3.184455] [drm] Screen Target Display device initialized
[    3.184654] [drm] width 720
[    3.184663] [drm] height 400
[    3.184667] [drm] bpp 32
[    3.185188] [drm] Fifo max 0x00200000 min 0x00001000 cap 0x00000355
[    3.186312] [drm] Using command buffers with DMA pool.
[    3.186318] [drm] DX: no.
[    3.186319] [drm] Atomic: yes.
[    3.186319] [drm] SM4_1: no.
[    3.186337] [drm:vmw_host_log [vmwgfx]] *ERROR* Failed to send host log message.
[    3.187463] [drm:vmw_host_log [vmwgfx]] *ERROR* Failed to send host log message.
[    3.196801] fbcon: svgadrmfb (fb0) is primary device
[    3.201879] systemd[1]: Finished Set the console keyboard layout.
[    3.201985] systemd[1]: Reached target Local File Systems (Pre).
[    3.203668] Console: switching to colour frame buffer device 100x37
[    3.208773] systemd[1]: Mounting Mount unit for bare, revision 5...
[    3.212101] [drm] Initialized vmwgfx 2.15.0 20180704 for 0000:00:02.0 on minor 0
[    3.213910] systemd[1]: Mounting Mount unit for core18, revision 1705...
[    3.235167] systemd[1]: Mounting Mount unit for gnome-3-34-1804, revision 24...
[    3.251343] systemd[1]: Mounting Mount unit for gtk-common-themes, revision 1506...
[    3.254410] systemd[1]: Mounting Mount unit for gtk-common-themes, revision 1535...
[    3.261748] systemd[1]: Mounting Mount unit for snap-store, revision 433...
[    3.274018] systemd[1]: Mounting Mount unit for snapd, revision 7264...
[    3.306068] systemd[1]: Finished Load Kernel Modules.
[    3.306243] systemd[1]: Mounted Mount unit for bare, revision 5.
[    3.306556] systemd[1]: Mounted Mount unit for core18, revision 1705.
[    3.310500] systemd[1]: Mounting FUSE Control File System...
[    3.314026] systemd[1]: Mounting Kernel Configuration File System...
[    3.324202] systemd[1]: Starting Apply Kernel Variables...
[    3.325893] systemd[1]: Started udev Kernel Device Manager.
[    3.326045] systemd[1]: Mounted Mount unit for gnome-3-34-1804, revision 24.
[    3.369283] systemd[1]: Starting Show Plymouth Boot Screen...
[    3.371404] systemd[1]: Mounted Mount unit for gtk-common-themes, revision 1506.
[    3.375056] systemd[1]: Mounted Mount unit for gtk-common-themes, revision 1535.
[    3.375702] systemd[1]: Mounted Mount unit for snap-store, revision 433.
[    3.375985] systemd[1]: Mounted Mount unit for snapd, revision 7264.
[    3.376273] systemd[1]: Mounted FUSE Control File System.
[    3.379452] systemd[1]: Mounted Kernel Configuration File System.
[    3.379871] systemd[1]: Finished Apply Kernel Variables.
[    3.380547] systemd[1]: Received SIGRTMIN+20 from PID 281 (plymouthd).
[    3.380647] systemd[1]: Reached target Local File Systems.
[    3.380801] systemd[1]: Condition check resulted in VMware vmblock fuse mount being skipped.
[    3.386029] systemd[1]: Starting Load AppArmor profiles...
[    3.392923] systemd[1]: Starting Set console font and keymap...
[    3.400081] systemd[1]: Starting Tell Plymouth To Write Out Runtime Data...
[    3.400244] systemd[1]: Condition check resulted in Store a System Token in an EFI Variable being skipped.
[    3.400285] systemd[1]: Condition check resulted in Commit a transient machine-id on disk being skipped.
[    3.400497] systemd[1]: Started Show Plymouth Boot Screen.
[    3.406190] systemd[1]: Finished Set console font and keymap.
[    3.406399] systemd[1]: Condition check resulted in Dispatch Password Requests to Console Directory Watch being skipped.
[    3.406483] systemd[1]: Started Forward Password Requests to Plymouth Directory Watch.
[    3.406554] systemd[1]: Reached target Local Encrypted Volumes.
[    3.419704] systemd[1]: Received SIGRTMIN+20 from PID 281 (plymouthd).
[    3.420634] systemd[1]: plymouth-read-write.service: Succeeded.
[    3.420906] systemd[1]: Finished Tell Plymouth To Write Out Runtime Data.
[    3.480365] audit: type=1400 audit(1768248409.260:2): apparmor="STATUS" operation="profile_load" profile="unconfined" name="nvidia_modprobe" pid=300 comm="apparmor_parser"
[    3.480367] audit: type=1400 audit(1768248409.260:3): apparmor="STATUS" operation="profile_load" profile="unconfined" name="nvidia_modprobe//kmod" pid=300 comm="apparmor_parser"
[    3.487965] audit: type=1400 audit(1768248409.268:4): apparmor="STATUS" operation="profile_load" profile="unconfined" name="/usr/sbin/tcpdump" pid=301 comm="apparmor_parser"
[    3.515246] audit: type=1400 audit(1768248409.284:5): apparmor="STATUS" operation="profile_load" profile="unconfined" name="/usr/bin/evince" pid=303 comm="apparmor_parser"
[    3.515249] audit: type=1400 audit(1768248409.284:6): apparmor="STATUS" operation="profile_load" profile="unconfined" name="/usr/bin/evince//sanitized_helper" pid=303 comm="apparmor_parser"
[    3.515251] audit: type=1400 audit(1768248409.284:7): apparmor="STATUS" operation="profile_load" profile="unconfined" name="/usr/bin/evince-previewer" pid=303 comm="apparmor_parser"
[    3.515253] audit: type=1400 audit(1768248409.284:8): apparmor="STATUS" operation="profile_load" profile="unconfined" name="/usr/bin/evince-previewer//sanitized_helper" pid=303 comm="apparmor_parser"
[    3.515255] audit: type=1400 audit(1768248409.284:9): apparmor="STATUS" operation="profile_load" profile="unconfined" name="/usr/bin/evince-thumbnailer" pid=303 comm="apparmor_parser"
[    3.547062] audit: type=1400 audit(1768248409.324:10): apparmor="STATUS" operation="profile_load" profile="unconfined" name="/usr/lib/cups/backend/cups-pdf" pid=304 comm="apparmor_parser"
[    3.623568] systemd[1]: Finished Load AppArmor profiles.
[    3.624520] systemd[1]: Starting Load AppArmor profiles managed internally by snapd...
[    3.692319] systemd[1]: Finished Load AppArmor profiles managed internally by snapd.
[    3.908433] systemd[1]: Started Journal Service.
[    3.919936] systemd-journald[229]: Received client request to flush runtime journal.
[    3.922556] systemd-journald[229]: File /var/log/journal/c455b248004a419c87ce85eea238d727/system.journal corrupted or uncleanly shut down, renaming and replacing.
[    5.361144] RAPL PMU: API unit is 2^-32 Joules, 0 fixed counters, 10737418240 ms ovfl timer
[    5.395633] cryptd: max_cpu_qlen set to 1000
[    5.526742] AVX2 version of gcm_enc/dec engaged.
[    5.526743] AES CTR mode by8 optimization enabled
[    6.337611] Adding 1998844k swap on /dev/sda1.  Priority:-2 extents:1 across:1998844k FS
[    7.361572] kauditd_printk_skb: 30 callbacks suppressed
[    7.361574] audit: type=1400 audit(1768248413.140:41): apparmor="DENIED" operation="capable" profile="/usr/sbin/cups-browsed" pid=503 comm="cups-browsed" capability=23  capname="sys_nice"
[    8.937384] pcnet32 0000:00:03.0 enp0s3: link up, 100Mbps, full-duplex
[    8.973978] e1000: enp0s8 NIC Link is Up 1000 Mbps Full Duplex, Flow Control: RX
[    8.974251] IPv6: ADDRCONF(NETDEV_CHANGE): enp0s8: link becomes ready
[    8.986123] e1000: enp0s9 NIC Link is Up 1000 Mbps Full Duplex, Flow Control: RX
[    8.986419] IPv6: ADDRCONF(NETDEV_CHANGE): enp0s9: link becomes ready
[    9.532893] device enp0s3 entered promiscuous mode
[    9.560238] audit: type=1400 audit(1768248415.336:42): apparmor="DENIED" operation="open" profile="/usr/sbin/tcpdump" name="/proc/sys/kernel/random/boot_id" pid=660 comm="tcpdump" requested_mask="r" denied_mask="r" fsuid=0 ouid=0
[    9.560585] audit: type=1400 audit(1768248415.336:43): apparmor="DENIED" operation="open" profile="/usr/sbin/tcpdump" name="/proc/sys/kernel/random/boot_id" pid=660 comm="tcpdump" requested_mask="r" denied_mask="r" fsuid=0 ouid=0
[    9.560639] audit: type=1400 audit(1768248415.336:44): apparmor="DENIED" operation="open" profile="/usr/sbin/tcpdump" name="/proc/sys/kernel/random/boot_id" pid=660 comm="tcpdump" requested_mask="r" denied_mask="r" fsuid=0 ouid=0
[    9.560883] audit: type=1400 audit(1768248415.336:45): apparmor="DENIED" operation="open" profile="/usr/sbin/tcpdump" name="/proc/sys/kernel/random/boot_id" pid=660 comm="tcpdump" requested_mask="r" denied_mask="r" fsuid=0 ouid=0
[    9.569887] audit: type=1400 audit(1768248415.344:46): apparmor="DENIED" operation="open" profile="/usr/sbin/tcpdump" name="/proc/sys/kernel/random/boot_id" pid=661 comm="tcpdump" requested_mask="r" denied_mask="r" fsuid=0 ouid=0
[    9.570112] audit: type=1400 audit(1768248415.344:47): apparmor="DENIED" operation="open" profile="/usr/sbin/tcpdump" name="/proc/sys/kernel/random/boot_id" pid=661 comm="tcpdump" requested_mask="r" denied_mask="r" fsuid=0 ouid=0
[    9.570172] audit: type=1400 audit(1768248415.344:48): apparmor="DENIED" operation="open" profile="/usr/sbin/tcpdump" name="/proc/sys/kernel/random/boot_id" pid=661 comm="tcpdump" requested_mask="r" denied_mask="r" fsuid=0 ouid=0
[    9.570250] audit: type=1400 audit(1768248415.344:49): apparmor="DENIED" operation="open" profile="/usr/sbin/tcpdump" name="/proc/sys/kernel/random/boot_id" pid=661 comm="tcpdump" requested_mask="r" denied_mask="r" fsuid=0 ouid=0
[   14.750235] rfkill: input handler disabled
[  654.152883] AAAAA-TCP_FORW: name:enp0s3: saddr:100932208: daddr:16783984
[  654.825687] AAAAA-TCP_FORW: name:enp0s3: saddr:100932208: daddr:16783984
[  654.922944] AAAAA-TCP_FORW: name:enp0s3: saddr:100932208: daddr:16783984
[  655.370532] AAAAA-TCP_FORW: name:enp0s3: saddr:100932208: daddr:33561200
[  655.450497] AAAAA-TCP_FORW: name:enp0s3: saddr:100932208: daddr:16783984
[  655.499589] AAAAA-TCP_FORW: name:enp0s3: saddr:100932208: daddr:16783984
[  655.792664] AAAAA-TCP_FORW: name:enp0s3: saddr:100932208: daddr:33561200
[  656.000352] AAAAA-TCP_FORW: name:enp0s3: saddr:100932208: daddr:16783984
[  656.327151] AAAAA-TCP_FORW: name:enp0s3: saddr:100932208: daddr:33561200
[  656.401800] AAAAA-TCP_FORW: name:enp0s3: saddr:100932208: daddr:16783984
[  656.656610] AAAAA-TCP_FORW: name:enp0s3: saddr:100932208: daddr:16783984
[  656.721380] AAAAA-TCP_FORW: name:enp0s3: saddr:100932208: daddr:16783984
[  657.029158] AAAAA-TCP_FORW: name:enp0s3: saddr:100932208: daddr:33561200
[  657.135695] AAAAA-TCP_FORW: name:enp0s3: saddr:100932208: daddr:33561200
[  657.216108] AAAAA-TCP_FORW: name:enp0s3: saddr:100932208: daddr:33561200
[  657.268666] AAAAA-TCP_FORW: name:enp0s3: saddr:100932208: daddr:33561200
[  657.332107] AAAAA-TCP_FORW: name:enp0s3: saddr:100932208: daddr:16783984
[  657.385610] AAAAA-TCP_FORW: name:enp0s3: saddr:100932208: daddr:16783984
[  657.430241] AAAAA-TCP_FORW: name:enp0s3: saddr:100932208: daddr:16783984
[  657.473106] AAAAA-TCP_FORW: name:enp0s3: saddr:100932208: daddr:16783984
[  657.523114] AAAAA-TCP_FORW: name:enp0s3: saddr:100932208: daddr:16783984
[  657.616369] AAAAA-TCP_FORW: name:enp0s3: saddr:100932208: daddr:16783984
[  657.682711] AAAAA-TCP_FORW: name:enp0s3: saddr:100932208: daddr:16783984
[  657.759162] AAAAA-TCP_FORW: name:enp0s3: saddr:100932208: daddr:16783984
[  657.807586] AAAAA-TCP_FORW: name:enp0s3: saddr:100932208: daddr:16783984
[  657.884375] AAAAA-TCP_FORW: name:enp0s3: saddr:100932208: daddr:16783984
[  657.943983] AAAAA-TCP_FORW: name:enp0s3: saddr:100932208: daddr:33561200
[  657.991532] AAAAA-TCP_FORW: name:enp0s3: saddr:100932208: daddr:33561200
[  658.078882] AAAAA-TCP_FORW: name:enp0s3: saddr:100932208: daddr:33561200
[  658.113044] AAAAA-TCP_FORW: name:enp0s3: saddr:100932208: daddr:33561200
[  658.159948] AAAAA-TCP_FORW: name:enp0s3: saddr:100932208: daddr:33561200
[  658.224927] AAAAA-TCP_FORW: name:enp0s3: saddr:100932208: daddr:33561200
[  658.281422] AAAAA-TCP_FORW: name:enp0s3: saddr:100932208: daddr:33561200
[  658.397141] AAAAA-TCP_FORW: name:enp0s3: saddr:100932208: daddr:33561200
[  658.475495] AAAAA-TCP_FORW: name:enp0s3: saddr:100932208: daddr:33561200
[  658.539009] AAAAA-TCP_FORW: name:enp0s3: saddr:100932208: daddr:33561200
[  658.625063] AAAAA-TCP_FORW: name:enp0s3: saddr:100932208: daddr:16783984
[  658.697764] AAAAA-TCP_FORW: name:enp0s3: saddr:100932208: daddr:16783984
[  659.023049] AAAAA-TCP_FORW: name:enp0s3: saddr:100932208: daddr:16783984
[  659.128971] AAAAA-TCP_FORW: name:enp0s3: saddr:100932208: daddr:16783984
[  659.157735] AAAAA-TCP_FORW: name:enp0s3: saddr:100932208: daddr:33561200
[  659.214091] AAAAA-TCP_FORW: name:enp0s3: saddr:100932208: daddr:16783984
[  659.262860] AAAAA-TCP_FORW: name:enp0s3: saddr:100932208: daddr:16783984
[  659.330570] AAAAA-TCP_FORW: name:enp0s3: saddr:100932208: daddr:16783984
[  659.427142] AAAAA-TCP_FORW: name:enp0s3: saddr:100932208: daddr:16783984
[  659.571870] AAAAA-TCP_FORW: name:enp0s3: saddr:100932208: daddr:16783984
[  659.651034] AAAAA-TCP_FORW: name:enp0s3: saddr:100932208: daddr:16783984
[  659.779118] AAAAA-TCP_FORW: name:enp0s3: saddr:100932208: daddr:16783984
[  659.897994] AAAAA-TCP_FORW: name:enp0s3: saddr:100932208: daddr:16783984
[  660.029901] AAAAA-TCP_FORW: name:enp0s3: saddr:100932208: daddr:33561200
[  660.187641] AAAAA-TCP_FORW: name:enp0s3: saddr:100932208: daddr:16783984
[  660.334353] AAAAA-TCP_FORW: name:enp0s3: saddr:100932208: daddr:33561200
[  660.684152] AAAAA-TCP_FORW: name:enp0s3: saddr:100932208: daddr:16783984
[  660.727007] AAAAA-TCP_FORW: name:enp0s3: saddr:100932208: daddr:16783984
[  660.834318] AAAAA-TCP_FORW: name:enp0s3: saddr:100932208: daddr:16783984
[  660.912723] AAAAA-TCP_FORW: name:enp0s3: saddr:100932208: daddr:16783984
[  660.990657] AAAAA-TCP_FORW: name:enp0s3: saddr:100932208: daddr:16783984
[  661.077563] AAAAA-TCP_FORW: name:enp0s3: saddr:100932208: daddr:16783984
[  661.141402] AAAAA-TCP_FORW: name:enp0s3: saddr:100932208: daddr:16783984
[  661.227547] AAAAA-TCP_FORW: name:enp0s3: saddr:100932208: daddr:16783984
[  661.323770] AAAAA-TCP_FORW: name:enp0s3: saddr:100932208: daddr:33561200
[  661.409197] AAAAA-TCP_FORW: name:enp0s3: saddr:100932208: daddr:33561200
[  661.452267] AAAAA-TCP_FORW: name:enp0s3: saddr:100932208: daddr:33561200
[  661.475170] AAAAA-TCP_FORW: name:enp0s3: saddr:100932208: daddr:33561200
[  661.537995] AAAAA-TCP_FORW: name:enp0s3: saddr:100932208: daddr:33561200
[  661.575502] AAAAA-TCP_FORW: name:enp0s3: saddr:100932208: daddr:33561200
[  662.171232] AAAAA-TCP_FORW: name:enp0s3: saddr:33561200: daddr:100932208
[  662.195065] AAAAA-TCP_FORW: name:enp0s3: saddr:33561200: daddr:100932208
[  662.246878] AAAAA-TCP_FORW: name:enp0s3: saddr:33561200: daddr:100932208
[  662.305222] AAAAA-TCP_FORW: name:enp0s3: saddr:33561200: daddr:100932208
[  662.349667] AAAAA-TCP_FORW: name:enp0s3: saddr:33561200: daddr:100932208
[  662.370271] AAAAA-TCP_FORW: name:enp0s3: saddr:33561200: daddr:100932208
[  662.413182] AAAAA-TCP_FORW: name:enp0s3: saddr:33561200: daddr:100932208
[  662.442295] AAAAA-TCP_FORW: name:enp0s3: saddr:16783984: daddr:100932208
[  662.562331] AAAAA-TCP_FORW: name:enp0s3: saddr:16783984: daddr:100932208
[  662.618949] AAAAA-TCP_FORW: name:enp0s3: saddr:16783984: daddr:100932208
[  662.670537] AAAAA-TCP_FORW: name:enp0s3: saddr:16783984: daddr:100932208
[  662.715936] AAAAA-TCP_FORW: name:enp0s3: saddr:33561200: daddr:100932208
[  662.751665] AAAAA-TCP_FORW: name:enp0s3: saddr:16783984: daddr:100932208
[  662.833140] AAAAA-TCP_FORW: name:enp0s3: saddr:16783984: daddr:100932208
[  662.884571] AAAAA-TCP_FORW: name:enp0s3: saddr:16783984: daddr:100932208
[  662.971855] AAAAA-TCP_FORW: name:enp0s3: saddr:16783984: daddr:100932208
[  663.018202] AAAAA-TCP_FORW: name:enp0s3: saddr:16783984: daddr:100932208
[  663.086362] AAAAA-TCP_FORW: name:enp0s3: saddr:16783984: daddr:100932208
[  663.180740] AAAAA-TCP_FORW: name:enp0s3: saddr:16783984: daddr:100932208
[  663.239260] AAAAA-TCP_FORW: name:enp0s3: saddr:16783984: daddr:100932208
[  663.283612] AAAAA-TCP_FORW: name:enp0s3: saddr:100932208: daddr:33561200
[  663.292589] AAAAA-TCP_FORW: name:enp0s3: saddr:16783984: daddr:100932208
[  663.315706] AAAAA-TCP_FORW: name:enp0s3: saddr:16783984: daddr:100932208
[  663.351540] AAAAA-TCP_FORW: name:enp0s3: saddr:100932208: daddr:33561200
[  663.376238] AAAAA-TCP_FORW: name:enp0s3: saddr:16783984: daddr:100932208
[  663.389741] AAAAA-TCP_FORW: name:enp0s3: saddr:100932208: daddr:33561200
[  663.430330] AAAAA-TCP_FORW: name:enp0s3: saddr:100932208: daddr:33561200
[  663.441589] AAAAA-TCP_FORW: name:enp0s3: saddr:33561200: daddr:100932208
[  663.473114] AAAAA-TCP_FORW: name:enp0s3: saddr:100932208: daddr:33561200
[  663.484039] AAAAA-TCP_FORW: name:enp0s3: saddr:33561200: daddr:100932208
[  663.516080] AAAAA-TCP_FORW: name:enp0s3: saddr:100932208: daddr:33561200
[  663.528437] AAAAA-TCP_FORW: name:enp0s3: saddr:16783984: daddr:100932208
[  663.570654] AAAAA-TCP_FORW: name:enp0s3: saddr:100932208: daddr:33561200
[  663.583231] AAAAA-TCP_FORW: name:enp0s3: saddr:16783984: daddr:100932208
[  663.639130] AAAAA-TCP_FORW: name:enp0s3: saddr:16783984: daddr:100932208
[  663.641177] AAAAA-TCP_FORW: name:enp0s3: saddr:100932208: daddr:33561200
[  663.689170] AAAAA-TCP_FORW: name:enp0s3: saddr:16783984: daddr:100932208
[  663.707269] AAAAA-TCP_FORW: name:enp0s3: saddr:100932208: daddr:33561200
[  663.718026] AAAAA-TCP_FORW: name:enp0s3: saddr:16783984: daddr:100932208
[  663.763342] AAAAA-TCP_FORW: name:enp0s3: saddr:16783984: daddr:100932208
[  663.783404] AAAAA-TCP_FORW: name:enp0s3: saddr:100932208: daddr:33561200
[  663.850534] AAAAA-TCP_FORW: name:enp0s3: saddr:100932208: daddr:33561200
[  663.857095] AAAAA-TCP_FORW: name:enp0s3: saddr:100932208: daddr:33561200
[  663.884816] AAAAA-TCP_FORW: name:enp0s3: saddr:33561200: daddr:100932208
[  663.887108] AAAAA-TCP_FORW: name:enp0s3: saddr:33561200: daddr:100932208
[  663.902704] AAAAA-TCP_FORW: name:enp0s3: saddr:100932208: daddr:33561200
[  663.910475] AAAAA-TCP_FORW: name:enp0s3: saddr:33561200: daddr:100932208
[  663.982839] AAAAA-TCP_FORW: name:enp0s3: saddr:100932208: daddr:33561200
[  664.022689] AAAAA-TCP_FORW: name:enp0s3: saddr:100932208: daddr:33561200
[  664.037373] AAAAA-TCP_FORW: name:enp0s3: saddr:33561200: daddr:100932208
[  664.068772] AAAAA-TCP_FORW: name:enp0s3: saddr:33561200: daddr:100932208
[  664.080433] AAAAA-TCP_FORW: name:enp0s3: saddr:100932208: daddr:16783984
[  664.111545] AAAAA-TCP_FORW: name:enp0s3: saddr:33561200: daddr:100932208
[  664.131575] AAAAA-TCP_FORW: name:enp0s3: saddr:100932208: daddr:16783984
[  664.220105] AAAAA-TCP_FORW: name:enp0s3: saddr:100932208: daddr:16783984
[  664.263004] AAAAA-TCP_FORW: name:enp0s3: saddr:100932208: daddr:16783984
[  664.308612] AAAAA-TCP_FORW: name:enp0s3: saddr:100932208: daddr:16783984
[  664.341309] AAAAA-TCP_FORW: name:enp0s3: saddr:100932208: daddr:16783984
[  664.409227] AAAAA-TCP_FORW: name:enp0s3: saddr:100932208: daddr:16783984
[  664.473565] AAAAA-TCP_FORW: name:enp0s3: saddr:100932208: daddr:16783984
[  664.496149] AAAAA-TCP_FORW: name:enp0s3: saddr:100932208: daddr:16783984
[  664.559726] AAAAA-TCP_FORW: name:enp0s3: saddr:100932208: daddr:16783984
[  664.595590] AAAAA-TCP_FORW: name:enp0s3: saddr:100932208: daddr:16783984
[  664.611031] AAAAA-TCP_FORW: name:enp0s3: saddr:100932208: daddr:16783984
[  664.668106] AAAAA-TCP_FORW: name:enp0s3: saddr:100932208: daddr:16783984
[  664.708731] AAAAA-TCP_FORW: name:enp0s3: saddr:100932208: daddr:16783984
[  664.733634] AAAAA-TCP_FORW: name:enp0s3: saddr:33561200: daddr:100932208
[  664.763072] AAAAA-TCP_FORW: name:enp0s3: saddr:100932208: daddr:16783984
[  664.823445] AAAAA-TCP_FORW: name:enp0s3: saddr:100932208: daddr:16783984
[  664.910797] AAAAA-TCP_FORW: name:enp0s3: saddr:100932208: daddr:16783984
[  665.006151] AAAAA-TCP_FORW: name:enp0s3: saddr:33561200: daddr:100932208
[  665.011223] AAAAA-TCP_FORW: name:enp0s3: saddr:100932208: daddr:16783984
[  665.046915] AAAAA-TCP_FORW: name:enp0s3: saddr:100932208: daddr:16783984
[  665.088008] AAAAA-TCP_FORW: name:enp0s3: saddr:100932208: daddr:16783984
[  665.122587] AAAAA-TCP_FORW: name:enp0s3: saddr:33561200: daddr:100932208
[  665.143068] AAAAA-TCP_FORW: name:enp0s3: saddr:100932208: daddr:16783984
[  665.192268] AAAAA-TCP_FORW: name:enp0s3: saddr:100932208: daddr:16783984
[  665.231886] AAAAA-TCP_FORW: name:enp0s3: saddr:33561200: daddr:100932208
[  665.247771] AAAAA-TCP_FORW: name:enp0s3: saddr:100932208: daddr:16783984
[  665.298395] AAAAA-TCP_FORW: name:enp0s3: saddr:100932208: daddr:16783984
[  665.362345] AAAAA-TCP_FORW: name:enp0s3: saddr:100932208: daddr:16783984
[  665.416444] AAAAA-TCP_FORW: name:enp0s3: saddr:100932208: daddr:16783984
[  665.509720] AAAAA-TCP_FORW: name:enp0s3: saddr:33561200: daddr:100932208
[  665.533059] AAAAA-TCP_FORW: name:enp0s3: saddr:100932208: daddr:16783984
[  665.559922] AAAAA-TCP_FORW: name:enp0s3: saddr:33561200: daddr:100932208
[  665.607165] AAAAA-TCP_FORW: name:enp0s3: saddr:100932208: daddr:16783984
[  665.659245] AAAAA-TCP_FORW: name:enp0s3: saddr:100932208: daddr:16783984
[  665.717038] AAAAA-TCP_FORW: name:enp0s3: saddr:100932208: daddr:16783984
[  665.810769] AAAAA-TCP_FORW: name:enp0s3: saddr:100932208: daddr:16783984
[  665.828360] AAAAA-TCP_FORW: name:enp0s3: saddr:33561200: daddr:100932208
[  665.889756] AAAAA-TCP_FORW: name:enp0s3: saddr:100932208: daddr:16783984
[  665.922163] AAAAA-TCP_FORW: name:enp0s3: saddr:33561200: daddr:100932208
[  665.943727] AAAAA-TCP_FORW: name:enp0s3: saddr:100932208: daddr:16783984
[  665.967996] AAAAA-TCP_FORW: name:enp0s3: saddr:33561200: daddr:100932208
[  665.992263] AAAAA-TCP_FORW: name:enp0s3: saddr:100932208: daddr:16783984
[  666.031492] AAAAA-TCP_FORW: name:enp0s3: saddr:33561200: daddr:100932208
[  666.041121] AAAAA-TCP_FORW: name:enp0s3: saddr:100932208: daddr:16783984
[  666.076888] AAAAA-TCP_FORW: name:enp0s3: saddr:100932208: daddr:16783984
[  666.087139] AAAAA-TCP_FORW: name:enp0s3: saddr:33561200: daddr:100932208
[  666.141032] AAAAA-TCP_FORW: name:enp0s3: saddr:100932208: daddr:16783984
[  666.155527] AAAAA-TCP_FORW: name:enp0s3: saddr:33561200: daddr:100932208
[  666.229399] AAAAA-TCP_FORW: name:enp0s3: saddr:100932208: daddr:16783984
[  666.310092] AAAAA-TCP_FORW: name:enp0s3: saddr:33561200: daddr:100932208
[  666.367664] AAAAA-TCP_FORW: name:enp0s3: saddr:100932208: daddr:16783984
[  666.383127] AAAAA-TCP_FORW: name:enp0s3: saddr:100932208: daddr:16783984
[  666.451031] AAAAA-TCP_FORW: name:enp0s3: saddr:16783984: daddr:100932208
[  666.602678] AAAAA-TCP_FORW: name:enp0s3: saddr:100932208: daddr:33561200
[  666.611535] AAAAA-TCP_FORW: name:enp0s3: saddr:16783984: daddr:100932208
[  666.647685] AAAAA-TCP_FORW: name:enp0s3: saddr:100932208: daddr:33561200
[  666.686148] AAAAA-TCP_FORW: name:enp0s3: saddr:16783984: daddr:100932208
[  666.794138] AAAAA-TCP_FORW: name:enp0s3: saddr:16783984: daddr:100932208
[  666.823770] AAAAA-TCP_FORW: name:enp0s3: saddr:16783984: daddr:100932208
[  666.892952] AAAAA-TCP_FORW: name:enp0s3: saddr:16783984: daddr:100932208
[  666.979524] AAAAA-TCP_FORW: name:enp0s3: saddr:16783984: daddr:100932208
[  667.063333] AAAAA-TCP_FORW: name:enp0s3: saddr:16783984: daddr:100932208
[  667.145674] AAAAA-TCP_FORW: name:enp0s3: saddr:16783984: daddr:100932208
[  667.245494] AAAAA-TCP_FORW: name:enp0s3: saddr:16783984: daddr:100932208
[  667.293842] AAAAA-TCP_FORW: name:enp0s3: saddr:16783984: daddr:100932208
[  667.368244] AAAAA-TCP_FORW: name:enp0s3: saddr:16783984: daddr:100932208
[  667.437784] AAAAA-TCP_FORW: name:enp0s3: saddr:16783984: daddr:100932208
[  667.486345] AAAAA-TCP_FORW: name:enp0s3: saddr:16783984: daddr:100932208
[  667.511534] AAAAA-TCP_FORW: name:enp0s3: saddr:16783984: daddr:100932208
[  667.605060] AAAAA-TCP_FORW: name:enp0s3: saddr:16783984: daddr:100932208
[  667.623786] AAAAA-TCP_FORW: name:enp0s3: saddr:16783984: daddr:100932208
[  667.791933] AAAAA-TCP_FORW: name:enp0s3: saddr:16783984: daddr:100932208
[  667.841019] AAAAA-TCP_FORW: name:enp0s3: saddr:16783984: daddr:100932208
[  667.913171] AAAAA-TCP_FORW: name:enp0s3: saddr:16783984: daddr:100932208
[  668.016086] AAAAA-TCP_FORW: name:enp0s3: saddr:16783984: daddr:100932208
[  668.085103] AAAAA-TCP_FORW: name:enp0s3: saddr:100932208: daddr:33561200
[  668.129961] AAAAA-TCP_FORW: name:enp0s3: saddr:16783984: daddr:100932208
[  668.205887] AAAAA-TCP_FORW: name:enp0s3: saddr:16783984: daddr:100932208
[  668.259580] AAAAA-TCP_FORW: name:enp0s3: saddr:100932208: daddr:33561200
[  668.326724] AAAAA-TCP_FORW: name:enp0s3: saddr:16783984: daddr:100932208
[  668.464456] AAAAA-TCP_FORW: name:enp0s3: saddr:16783984: daddr:100932208
[  668.564732] AAAAA-TCP_FORW: name:enp0s3: saddr:16783984: daddr:100932208
[  668.636108] AAAAA-TCP_FORW: name:enp0s3: saddr:16783984: daddr:100932208
[  668.833432] AAAAA-TCP_FORW: name:enp0s3: saddr:16783984: daddr:100932208
[  668.898108] AAAAA-TCP_FORW: name:enp0s3: saddr:16783984: daddr:100932208
[  668.938971] AAAAA-TCP_FORW: name:enp0s3: saddr:16783984: daddr:100932208
[  668.974345] AAAAA-TCP_FORW: name:enp0s3: saddr:33561200: daddr:100932208
[  668.990633] AAAAA-TCP_FORW: name:enp0s3: saddr:33561200: daddr:100932208
[  669.324857] AAAAA-TCP_FORW: name:enp0s3: saddr:33561200: daddr:100932208
[  669.420544] AAAAA-TCP_FORW: name:enp0s3: saddr:33561200: daddr:100932208
[  669.519354] AAAAA-TCP_FORW: name:enp0s3: saddr:100932208: daddr:16783984
[  669.555937] AAAAA-TCP_FORW: name:enp0s3: saddr:100932208: daddr:16783984
[  669.772608] AAAAA-TCP_FORW: name:enp0s3: saddr:16783984: daddr:100932208
[  669.849038] AAAAA-TCP_FORW: name:enp0s3: saddr:16783984: daddr:100932208
[  698.046811] AAAAA-TCP_FORW: name:enp0s3: saddr:100932208: daddr:33561200
[  698.698785] AAAAA-TCP_FORW: name:enp0s3: saddr:100932208: daddr:16783984
[  698.798658] AAAAA-TCP_FORW: name:enp0s3: saddr:100932208: daddr:16783984
[  698.874324] AAAAA-TCP_FORW: name:enp0s3: saddr:100932208: daddr:16783984
[  698.947048] AAAAA-TCP_FORW: name:enp0s3: saddr:100932208: daddr:16783984
[  699.242796] AAAAA-TCP_FORW: name:enp0s3: saddr:100932208: daddr:16783984
[  699.306450] AAAAA-TCP_FORW: name:enp0s3: saddr:100932208: daddr:16783984
[  699.708594] AAAAA-TCP_FORW: name:enp0s3: saddr:100932208: daddr:16783984
[  699.737975] AAAAA-TCP_FORW: name:enp0s3: saddr:100932208: daddr:16783984
[  699.811380] AAAAA-TCP_FORW: name:enp0s3: saddr:100932208: daddr:16783984
[  699.864928] AAAAA-TCP_FORW: name:enp0s3: saddr:100932208: daddr:16783984
[  700.191114] AAAAA-TCP_FORW: name:enp0s3: saddr:100932208: daddr:16783984
[  700.295394] AAAAA-TCP_FORW: name:enp0s3: saddr:100932208: daddr:16783984
[  700.593294] AAAAA-TCP_FORW: name:enp0s3: saddr:100932208: daddr:16783984
[  700.639425] AAAAA-TCP_FORW: name:enp0s3: saddr:100932208: daddr:16783984
[  701.171248] AAAAA-TCP_FORW: name:enp0s3: saddr:100932208: daddr:16783984
[  701.335403] AAAAA-TCP_FORW: name:enp0s3: saddr:100932208: daddr:16783984
[  701.426532] AAAAA-TCP_FORW: name:enp0s3: saddr:100932208: daddr:16783984
[  701.577661] AAAAA-TCP_FORW: name:enp0s3: saddr:100932208: daddr:16783984
[  701.701514] AAAAA-TCP_FORW: name:enp0s3: saddr:100932208: daddr:16783984
[  701.899961] AAAAA-TCP_FORW: name:enp0s3: saddr:100932208: daddr:16783984
[  702.060467] AAAAA-TCP_FORW: name:enp0s3: saddr:100932208: daddr:16783984
[  702.134871] AAAAA-TCP_FORW: name:enp0s3: saddr:100932208: daddr:16783984
[  702.231526] AAAAA-TCP_FORW: name:enp0s3: saddr:100932208: daddr:16783984
[  702.388605] AAAAA-TCP_FORW: name:enp0s3: saddr:100932208: daddr:16783984
[  702.492244] AAAAA-TCP_FORW: name:enp0s3: saddr:100932208: daddr:16783984
[  702.578556] AAAAA-TCP_FORW: name:enp0s3: saddr:100932208: daddr:16783984
[  702.667302] AAAAA-TCP_FORW: name:enp0s3: saddr:100932208: daddr:16783984
[  702.776479] AAAAA-TCP_FORW: name:enp0s3: saddr:100932208: daddr:16783984
[  702.868625] AAAAA-TCP_FORW: name:enp0s3: saddr:100932208: daddr:16783984
[  702.954506] AAAAA-TCP_FORW: name:enp0s3: saddr:100932208: daddr:16783984
[  703.029313] AAAAA-TCP_FORW: name:enp0s3: saddr:100932208: daddr:16783984
[  703.165688] AAAAA-TCP_FORW: name:enp0s3: saddr:100932208: daddr:16783984
[  703.303481] AAAAA-TCP_FORW: name:enp0s3: saddr:100932208: daddr:16783984
[  703.371246] AAAAA-TCP_FORW: name:enp0s3: saddr:100932208: daddr:16783984
[  703.407994] AAAAA-TCP_FORW: name:enp0s3: saddr:100932208: daddr:16783984
[  703.528985] AAAAA-TCP_FORW: name:enp0s3: saddr:100932208: daddr:16783984
[  703.644328] AAAAA-TCP_FORW: name:enp0s3: saddr:100932208: daddr:16783984
[  703.842912] AAAAA-TCP_FORW: name:enp0s3: saddr:100932208: daddr:16783984
[  704.061289] AAAAA-TCP_FORW: name:enp0s3: saddr:100932208: daddr:16783984
[  704.226259] AAAAA-TCP_FORW: name:enp0s3: saddr:100932208: daddr:16783984
[  704.470396] AAAAA-TCP_FORW: name:enp0s3: saddr:100932208: daddr:16783984
[  704.528357] AAAAA-TCP_FORW: name:enp0s3: saddr:100932208: daddr:16783984
[  704.794335] AAAAA-TCP_FORW: name:enp0s3: saddr:100932208: daddr:16783984
[  705.112018] AAAAA-TCP_FORW: name:enp0s3: saddr:100932208: daddr:16783984
[  705.231151] AAAAA-TCP_FORW: name:enp0s3: saddr:100932208: daddr:16783984
[  705.626992] AAAAA-TCP_FORW: name:enp0s3: saddr:100932208: daddr:16783984
[  706.847637] AAAAA-TCP_FORW: name:enp0s3: saddr:100932208: daddr:16783984
[  707.251946] AAAAA-TCP_FORW: name:enp0s3: saddr:100932208: daddr:16783984
[  707.543703] AAAAA-TCP_FORW: name:enp0s3: saddr:100932208: daddr:16783984
[  708.842468] AAAAA-TCP_FORW: name:enp0s3: saddr:100932208: daddr:16783984
[  709.188887] AAAAA-TCP_FORW: name:enp0s3: saddr:100932208: daddr:16783984
[  709.872820] AAAAA-TCP_FORW: name:enp0s3: saddr:100932208: daddr:16783984
[  710.076687] AAAAA-TCP_FORW: name:enp0s3: saddr:100932208: daddr:16783984
[  710.216285] AAAAA-TCP_FORW: name:enp0s3: saddr:100932208: daddr:16783984
[  710.513948] AAAAA-TCP_FORW: name:enp0s3: saddr:100932208: daddr:16783984
[  710.948968] AAAAA-TCP_FORW: name:enp0s3: saddr:100932208: daddr:16783984
[  711.085538] AAAAA-TCP_FORW: name:enp0s3: saddr:100932208: daddr:16783984
[  711.138673] AAAAA-TCP_FORW: name:enp0s3: saddr:100932208: daddr:16783984
[  711.394343] AAAAA-TCP_FORW: name:enp0s3: saddr:100932208: daddr:16783984
[  711.458143] AAAAA-TCP_FORW: name:enp0s3: saddr:100932208: daddr:16783984
[  711.587339] AAAAA-TCP_FORW: name:enp0s3: saddr:100932208: daddr:16783984
[  711.650697] AAAAA-TCP_FORW: name:enp0s3: saddr:100932208: daddr:16783984
[  711.724156] AAAAA-TCP_FORW: name:enp0s3: saddr:100932208: daddr:16783984
[  711.984683] AAAAA-TCP_FORW: name:enp0s3: saddr:100932208: daddr:16783984
[  712.182784] AAAAA-TCP_FORW: name:enp0s3: saddr:100932208: daddr:16783984
[  712.849464] AAAAA-TCP_FORW: name:enp0s3: saddr:100932208: daddr:16783984
[  713.057564] AAAAA-TCP_FORW: name:enp0s3: saddr:100932208: daddr:16783984
[  713.152807] AAAAA-TCP_FORW: name:enp0s3: saddr:100932208: daddr:16783984
[  713.792709] AAAAA-TCP_FORW: name:enp0s3: saddr:100932208: daddr:16783984
[  713.851235] AAAAA-TCP_FORW: name:enp0s3: saddr:100932208: daddr:16783984
[  714.201448] AAAAA-TCP_FORW: name:enp0s3: saddr:100932208: daddr:16783984
[  714.361659] AAAAA-TCP_FORW: name:enp0s3: saddr:100932208: daddr:16783984
[  714.522807] AAAAA-TCP_FORW: name:enp0s3: saddr:100932208: daddr:16783984
[  714.741081] AAAAA-TCP_FORW: name:enp0s3: saddr:100932208: daddr:16783984
[  715.155277] AAAAA-TCP_FORW: name:enp0s3: saddr:100932208: daddr:16783984
[  715.228704] AAAAA-TCP_FORW: name:enp0s3: saddr:100932208: daddr:33561200
[  715.291576] AAAAA-TCP_FORW: name:enp0s3: saddr:100932208: daddr:16783984
[  715.719010] AAAAA-TCP_FORW: name:enp0s3: saddr:100932208: daddr:16783984
[  715.853660] AAAAA-TCP_FORW: name:enp0s3: saddr:100932208: daddr:16783984
[  715.994233] AAAAA-TCP_FORW: name:enp0s3: saddr:100932208: daddr:16783984
[  716.058867] AAAAA-TCP_FORW: name:enp0s3: saddr:100932208: daddr:16783984
[  716.152728] AAAAA-TCP_FORW: name:enp0s3: saddr:100932208: daddr:16783984
[  716.204289] AAAAA-TCP_FORW: name:enp0s3: saddr:100932208: daddr:16783984
[  716.536921] AAAAA-TCP_FORW: name:enp0s3: saddr:100932208: daddr:16783984
[  716.673523] AAAAA-TCP_FORW: name:enp0s3: saddr:100932208: daddr:16783984
[  716.804268] AAAAA-TCP_FORW: name:enp0s3: saddr:100932208: daddr:16783984
[  716.967778] AAAAA-TCP_FORW: name:enp0s3: saddr:100932208: daddr:16783984
[  717.148540] AAAAA-TCP_FORW: name:enp0s3: saddr:100932208: daddr:16783984
[  717.201579] AAAAA-TCP_FORW: name:enp0s3: saddr:100932208: daddr:16783984
[  717.348259] AAAAA-TCP_FORW: name:enp0s3: saddr:100932208: daddr:16783984
[  717.514390] AAAAA-TCP_FORW: name:enp0s3: saddr:100932208: daddr:16783984
[  717.658251] AAAAA-TCP_FORW: name:enp0s3: saddr:100932208: daddr:16783984
[  717.785656] AAAAA-TCP_FORW: name:enp0s3: saddr:100932208: daddr:16783984
[  717.896181] AAAAA-TCP_FORW: name:enp0s3: saddr:100932208: daddr:16783984
[  718.101710] AAAAA-TCP_FORW: name:enp0s3: saddr:100932208: daddr:33561200
[  718.185246] AAAAA-TCP_FORW: name:enp0s3: saddr:100932208: daddr:33561200
[  718.221509] AAAAA-TCP_FORW: name:enp0s3: saddr:100932208: daddr:33561200
[  718.258404] AAAAA-TCP_FORW: name:enp0s3: saddr:100932208: daddr:16783984
[  718.479237] AAAAA-TCP_FORW: name:enp0s3: saddr:100932208: daddr:16783984
[  718.626650] AAAAA-TCP_FORW: name:enp0s3: saddr:100932208: daddr:16783984
[  718.706940] AAAAA-TCP_FORW: name:enp0s3: saddr:100932208: daddr:16783984
[  718.892811] AAAAA-TCP_FORW: name:enp0s3: saddr:100932208: daddr:16783984
[  718.980460] AAAAA-TCP_FORW: name:enp0s3: saddr:100932208: daddr:16783984
[  719.285032] AAAAA-TCP_FORW: name:enp0s3: saddr:100932208: daddr:16783984
[  719.374433] AAAAA-TCP_FORW: name:enp0s3: saddr:100932208: daddr:16783984
[  719.504100] AAAAA-TCP_FORW: name:enp0s3: saddr:100932208: daddr:16783984
[  719.686555] AAAAA-TCP_FORW: name:enp0s3: saddr:100932208: daddr:16783984
[  719.756701] AAAAA-TCP_FORW: name:enp0s3: saddr:100932208: daddr:16783984
[  719.896307] AAAAA-TCP_FORW: name:enp0s3: saddr:100932208: daddr:16783984
[  720.014575] AAAAA-TCP_FORW: name:enp0s3: saddr:100932208: daddr:16783984
[  720.170745] AAAAA-TCP_FORW: name:enp0s3: saddr:100932208: daddr:16783984
[  720.333324] AAAAA-TCP_FORW: name:enp0s3: saddr:100932208: daddr:16783984
[  720.580620] AAAAA-TCP_FORW: name:enp0s3: saddr:100932208: daddr:33561200
[  720.663586] AAAAA-TCP_FORW: name:enp0s3: saddr:100932208: daddr:33561200
[  720.721048] AAAAA-TCP_FORW: name:enp0s3: saddr:100932208: daddr:33561200
[  720.799519] AAAAA-TCP_FORW: name:enp0s3: saddr:100932208: daddr:33561200
[  720.839198] AAAAA-TCP_FORW: name:enp0s3: saddr:100932208: daddr:16783984
[  720.968754] AAAAA-TCP_FORW: name:enp0s3: saddr:100932208: daddr:16783984
[  721.142575] AAAAA-TCP_FORW: name:enp0s3: saddr:100932208: daddr:16783984
[  721.398361] AAAAA-TCP_FORW: name:enp0s3: saddr:100932208: daddr:16783984
[  721.465410] AAAAA-TCP_FORW: name:enp0s3: saddr:100932208: daddr:16783984
[  721.621594] AAAAA-TCP_FORW: name:enp0s3: saddr:100932208: daddr:16783984
[  721.861119] AAAAA-TCP_FORW: name:enp0s3: saddr:100932208: daddr:16783984
[  721.978790] AAAAA-TCP_FORW: name:enp0s3: saddr:100932208: daddr:16783984
[  722.305437] AAAAA-TCP_FORW: name:enp0s3: saddr:100932208: daddr:16783984
[  722.488903] AAAAA-TCP_FORW: name:enp0s3: saddr:100932208: daddr:33561200
[  722.570897] AAAAA-TCP_FORW: name:enp0s3: saddr:100932208: daddr:33561200
[  722.696072] AAAAA-TCP_FORW: name:enp0s3: saddr:100932208: daddr:33561200
[  722.778033] AAAAA-TCP_FORW: name:enp0s3: saddr:100932208: daddr:33561200
[  722.866341] AAAAA-TCP_FORW: name:enp0s3: saddr:100932208: daddr:33561200
[  722.987058] AAAAA-TCP_FORW: name:enp0s3: saddr:100932208: daddr:33561200
[  723.073789] AAAAA-TCP_FORW: name:enp0s3: saddr:100932208: daddr:33561200
[  723.149220] AAAAA-TCP_FORW: name:enp0s3: saddr:100932208: daddr:16783984
[  723.215854] AAAAA-TCP_FORW: name:enp0s3: saddr:100932208: daddr:16783984
[  723.290728] AAAAA-TCP_FORW: name:enp0s3: saddr:100932208: daddr:16783984
[  723.426984] AAAAA-TCP_FORW: name:enp0s3: saddr:100932208: daddr:16783984
[  723.477726] AAAAA-TCP_FORW: name:enp0s3: saddr:100932208: daddr:16783984
[  723.564525] AAAAA-TCP_FORW: name:enp0s3: saddr:100932208: daddr:16783984
[  723.679072] AAAAA-TCP_FORW: name:enp0s3: saddr:100932208: daddr:16783984
[  723.751385] AAAAA-TCP_FORW: name:enp0s3: saddr:100932208: daddr:16783984
[  723.793126] AAAAA-TCP_FORW: name:enp0s3: saddr:100932208: daddr:16783984
[  723.892396] AAAAA-TCP_FORW: name:enp0s3: saddr:100932208: daddr:16783984
[  724.040347] AAAAA-TCP_FORW: name:enp0s3: saddr:100932208: daddr:33561200
[  724.071744] AAAAA-TCP_FORW: name:enp0s3: saddr:100932208: daddr:33561200
[  724.172038] AAAAA-TCP_FORW: name:enp0s3: saddr:100932208: daddr:33561200
[  724.247197] AAAAA-TCP_FORW: name:enp0s3: saddr:100932208: daddr:33561200
[  724.321440] AAAAA-TCP_FORW: name:enp0s3: saddr:100932208: daddr:33561200
[  724.386739] AAAAA-TCP_FORW: name:enp0s3: saddr:100932208: daddr:33561200
[  724.530185] AAAAA-TCP_FORW: name:enp0s3: saddr:100932208: daddr:33561200
[  724.690557] AAAAA-TCP_FORW: name:enp0s3: saddr:100932208: daddr:33561200
[  724.773908] AAAAA-TCP_FORW: name:enp0s3: saddr:100932208: daddr:16783984
[  724.817958] AAAAA-TCP_FORW: name:enp0s3: saddr:100932208: daddr:16783984
[  724.968352] AAAAA-TCP_FORW: name:enp0s3: saddr:100932208: daddr:16783984
[  725.072572] AAAAA-TCP_FORW: name:enp0s3: saddr:100932208: daddr:16783984
[  725.292275] AAAAA-TCP_FORW: name:enp0s3: saddr:100932208: daddr:16783984
[  725.347769] AAAAA-TCP_FORW: name:enp0s3: saddr:100932208: daddr:16783984
[  725.441853] AAAAA-TCP_FORW: name:enp0s3: saddr:100932208: daddr:16783984
[  725.606482] AAAAA-TCP_FORW: name:enp0s3: saddr:100932208: daddr:16783984
[  725.680511] AAAAA-TCP_FORW: name:enp0s3: saddr:100932208: daddr:16783984
[  725.759432] AAAAA-TCP_FORW: name:enp0s3: saddr:100932208: daddr:16783984
[  725.865456] AAAAA-TCP_FORW: name:enp0s3: saddr:100932208: daddr:33561200
[  725.952004] AAAAA-TCP_FORW: name:enp0s3: saddr:100932208: daddr:33561200
[  726.048091] AAAAA-TCP_FORW: name:enp0s3: saddr:100932208: daddr:33561200
[  726.134241] AAAAA-TCP_FORW: name:enp0s3: saddr:100932208: daddr:33561200
[  726.304319] AAAAA-TCP_FORW: name:enp0s3: saddr:100932208: daddr:33561200
[  726.447088] AAAAA-TCP_FORW: name:enp0s3: saddr:100932208: daddr:33561200
[  726.562144] AAAAA-TCP_FORW: name:enp0s3: saddr:100932208: daddr:33561200
[  726.655147] AAAAA-TCP_FORW: name:enp0s3: saddr:100932208: daddr:33561200
[  726.775641] AAAAA-TCP_FORW: name:enp0s3: saddr:100932208: daddr:16783984
[  726.891968] AAAAA-TCP_FORW: name:enp0s3: saddr:100932208: daddr:16783984
[  727.010549] AAAAA-TCP_FORW: name:enp0s3: saddr:100932208: daddr:16783984
[  727.188139] AAAAA-TCP_FORW: name:enp0s3: saddr:100932208: daddr:16783984
[  727.326973] AAAAA-TCP_FORW: name:enp0s3: saddr:100932208: daddr:16783984
[  727.493214] AAAAA-TCP_FORW: name:enp0s3: saddr:100932208: daddr:16783984
[  727.645360] AAAAA-TCP_FORW: name:enp0s3: saddr:100932208: daddr:16783984
[  727.846006] AAAAA-TCP_FORW: name:enp0s3: saddr:100932208: daddr:16783984
[  728.035285] AAAAA-TCP_FORW: name:enp0s3: saddr:100932208: daddr:16783984
[  728.138010] AAAAA-TCP_FORW: name:enp0s3: saddr:100932208: daddr:16783984
[  728.359382] AAAAA-TCP_FORW: name:enp0s3: saddr:100932208: daddr:33561200
[  728.477005] AAAAA-TCP_FORW: name:enp0s3: saddr:100932208: daddr:33561200
[  728.624053] AAAAA-TCP_FORW: name:enp0s3: saddr:100932208: daddr:33561200
[  728.684200] AAAAA-TCP_FORW: name:enp0s3: saddr:100932208: daddr:33561200
[  728.897462] AAAAA-TCP_FORW: name:enp0s3: saddr:100932208: daddr:33561200
[  729.010524] AAAAA-TCP_FORW: name:enp0s3: saddr:100932208: daddr:33561200
[  729.127142] AAAAA-TCP_FORW: name:enp0s3: saddr:100932208: daddr:33561200
[  729.267854] AAAAA-TCP_FORW: name:enp0s3: saddr:100932208: daddr:33561200
[  729.374795] AAAAA-TCP_FORW: name:enp0s3: saddr:100932208: daddr:16783984
[  729.568814] AAAAA-TCP_FORW: name:enp0s3: saddr:100932208: daddr:16783984
[  729.778372] AAAAA-TCP_FORW: name:enp0s3: saddr:100932208: daddr:16783984
[  730.018866] AAAAA-TCP_FORW: name:enp0s3: saddr:100932208: daddr:16783984
[  730.101519] AAAAA-TCP_FORW: name:enp0s3: saddr:100932208: daddr:16783984
[  730.284482] AAAAA-TCP_FORW: name:enp0s3: saddr:100932208: daddr:16783984
[  730.372207] AAAAA-TCP_FORW: name:enp0s3: saddr:100932208: daddr:16783984
[  730.506084] AAAAA-TCP_FORW: name:enp0s3: saddr:100932208: daddr:16783984
[  730.576121] AAAAA-TCP_FORW: name:enp0s3: saddr:100932208: daddr:16783984
[  730.806555] AAAAA-TCP_FORW: name:enp0s3: saddr:100932208: daddr:33561200
[  730.818925] AAAAA-TCP_FORW: name:enp0s3: saddr:100932208: daddr:33561200
[  730.973937] AAAAA-TCP_FORW: name:enp0s3: saddr:100932208: daddr:33561200
[  731.190007] AAAAA-TCP_FORW: name:enp0s3: saddr:100932208: daddr:33561200
[  731.292813] AAAAA-TCP_FORW: name:enp0s3: saddr:100932208: daddr:33561200
[  731.407390] AAAAA-TCP_FORW: name:enp0s3: saddr:100932208: daddr:33561200
[  731.472241] AAAAA-TCP_FORW: name:enp0s3: saddr:100932208: daddr:33561200
[  731.647915] AAAAA-TCP_FORW: name:enp0s3: saddr:100932208: daddr:33561200
[  731.869348] AAAAA-TCP_FORW: name:enp0s3: saddr:100932208: daddr:16783984
[  731.996122] AAAAA-TCP_FORW: name:enp0s3: saddr:100932208: daddr:16783984
[  732.067671] AAAAA-TCP_FORW: name:enp0s3: saddr:100932208: daddr:16783984
[  732.191140] AAAAA-TCP_FORW: name:enp0s3: saddr:100932208: daddr:16783984
[  732.273548] AAAAA-TCP_FORW: name:enp0s3: saddr:100932208: daddr:16783984
[  732.385338] AAAAA-TCP_FORW: name:enp0s3: saddr:100932208: daddr:16783984
[  732.504649] AAAAA-TCP_FORW: name:enp0s3: saddr:100932208: daddr:16783984
[  732.685450] AAAAA-TCP_FORW: name:enp0s3: saddr:100932208: daddr:16783984
[  732.922135] AAAAA-TCP_FORW: name:enp0s3: saddr:100932208: daddr:16783984
[  733.045463] AAAAA-TCP_FORW: name:enp0s3: saddr:100932208: daddr:16783984
[  733.215310] AAAAA-TCP_FORW: name:enp0s3: saddr:100932208: daddr:33561200
[  733.397648] AAAAA-TCP_FORW: name:enp0s3: saddr:100932208: daddr:33561200
[  733.547824] AAAAA-TCP_FORW: name:enp0s3: saddr:100932208: daddr:33561200
[  733.637833] AAAAA-TCP_FORW: name:enp0s3: saddr:100932208: daddr:33561200
[  733.852924] AAAAA-TCP_FORW: name:enp0s3: saddr:100932208: daddr:33561200
[  734.224191] AAAAA-TCP_FORW: name:enp0s3: saddr:100932208: daddr:16783984
[  734.329715] AAAAA-TCP_FORW: name:enp0s3: saddr:100932208: daddr:16783984
[  734.614480] AAAAA-TCP_FORW: name:enp0s3: saddr:100932208: daddr:16783984
[  735.137330] AAAAA-TCP_FORW: name:enp0s3: saddr:100932208: daddr:16783984
[  735.196247] AAAAA-TCP_FORW: name:enp0s3: saddr:100932208: daddr:16783984
[  735.358584] AAAAA-TCP_FORW: name:enp0s3: saddr:100932208: daddr:33561200
[  735.451397] AAAAA-TCP_FORW: name:enp0s3: saddr:100932208: daddr:33561200
[  735.773686] AAAAA-TCP_FORW: name:enp0s3: saddr:100932208: daddr:33561200
[  735.912100] AAAAA-TCP_FORW: name:enp0s3: saddr:100932208: daddr:33561200
[  736.162804] AAAAA-TCP_FORW: name:enp0s3: saddr:100932208: daddr:16783984
[  736.259659] AAAAA-TCP_FORW: name:enp0s3: saddr:100932208: daddr:16783984
[  736.541181] AAAAA-TCP_FORW: name:enp0s3: saddr:100932208: daddr:16783984
[  736.973198] AAAAA-TCP_FORW: name:enp0s3: saddr:100932208: daddr:16783984
[  737.267341] AAAAA-TCP_FORW: name:enp0s3: saddr:100932208: daddr:16783984
[  737.420024] AAAAA-TCP_FORW: name:enp0s3: saddr:100932208: daddr:33561200
[  737.608770] AAAAA-TCP_FORW: name:enp0s3: saddr:100932208: daddr:33561200
[  737.908161] AAAAA-TCP_FORW: name:enp0s3: saddr:100932208: daddr:33561200
[  738.006942] AAAAA-TCP_FORW: name:enp0s3: saddr:100932208: daddr:33561200
[  738.365632] AAAAA-TCP_FORW: name:enp0s3: saddr:100932208: daddr:16783984
[  738.493696] AAAAA-TCP_FORW: name:enp0s3: saddr:100932208: daddr:16783984
[  738.788248] AAAAA-TCP_FORW: name:enp0s3: saddr:100932208: daddr:16783984
[  739.166661] AAAAA-TCP_FORW: name:enp0s3: saddr:100932208: daddr:16783984
[  739.418561] AAAAA-TCP_FORW: name:enp0s3: saddr:100932208: daddr:16783984
[  739.560185] AAAAA-TCP_FORW: name:enp0s3: saddr:100932208: daddr:33561200
[  739.710375] AAAAA-TCP_FORW: name:enp0s3: saddr:100932208: daddr:33561200
[  740.010789] AAAAA-TCP_FORW: name:enp0s3: saddr:100932208: daddr:33561200
[  740.123971] AAAAA-TCP_FORW: name:enp0s3: saddr:100932208: daddr:33561200
[  740.488002] AAAAA-TCP_FORW: name:enp0s3: saddr:100932208: daddr:16783984
[  740.584277] AAAAA-TCP_FORW: name:enp0s3: saddr:100932208: daddr:16783984
[  740.612434] AAAAA-TCP_FORW: name:enp0s3: saddr:100932208: daddr:16783984
[  740.982151] AAAAA-TCP_FORW: name:enp0s3: saddr:100932208: daddr:16783984
[  741.099091] AAAAA-TCP_FORW: name:enp0s3: saddr:100932208: daddr:16783984
[  741.274242] AAAAA-TCP_FORW: name:enp0s3: saddr:100932208: daddr:33561200
[  741.388413] AAAAA-TCP_FORW: name:enp0s3: saddr:100932208: daddr:33561200
[  741.575058] AAAAA-TCP_FORW: name:enp0s3: saddr:100932208: daddr:33561200
[  741.717820] AAAAA-TCP_FORW: name:enp0s3: saddr:100932208: daddr:33561200
[  741.893606] AAAAA-TCP_FORW: name:enp0s3: saddr:100932208: daddr:16783984
[  741.940584] AAAAA-TCP_FORW: name:enp0s3: saddr:100932208: daddr:16783984
[  741.965643] AAAAA-TCP_FORW: name:enp0s3: saddr:100932208: daddr:16783984
[  742.045341] AAAAA-TCP_FORW: name:enp0s3: saddr:100932208: daddr:16783984
[  742.105083] AAAAA-TCP_FORW: name:enp0s3: saddr:100932208: daddr:16783984
[  742.148417] AAAAA-TCP_FORW: name:enp0s3: saddr:100932208: daddr:33561200
[  742.216202] AAAAA-TCP_FORW: name:enp0s3: saddr:100932208: daddr:33561200
[  742.285530] AAAAA-TCP_FORW: name:enp0s3: saddr:100932208: daddr:33561200
[  742.333612] AAAAA-TCP_FORW: name:enp0s3: saddr:100932208: daddr:33561200
[  742.382909] AAAAA-TCP_FORW: name:enp0s3: saddr:100932208: daddr:16783984
[  742.425464] AAAAA-TCP_FORW: name:enp0s3: saddr:100932208: daddr:16783984
[  742.442399] AAAAA-TCP_FORW: name:enp0s3: saddr:100932208: daddr:16783984
[  742.494243] AAAAA-TCP_FORW: name:enp0s3: saddr:100932208: daddr:16783984
[  742.528008] AAAAA-TCP_FORW: name:enp0s3: saddr:100932208: daddr:16783984
[  742.579180] AAAAA-TCP_FORW: name:enp0s3: saddr:100932208: daddr:16783984
[  742.674666] AAAAA-TCP_FORW: name:enp0s3: saddr:100932208: daddr:33561200
[  742.815520] AAAAA-TCP_FORW: name:enp0s3: saddr:100932208: daddr:33561200
[  742.887115] AAAAA-TCP_FORW: name:enp0s3: saddr:100932208: daddr:33561200
[  743.139316] AAAAA-TCP_FORW: name:enp0s3: saddr:100932208: daddr:33561200
[  743.250389] AAAAA-TCP_FORW: name:enp0s3: saddr:100932208: daddr:33561200
[  743.362463] AAAAA-TCP_FORW: name:enp0s3: saddr:100932208: daddr:16783984
[  743.492439] AAAAA-TCP_FORW: name:enp0s3: saddr:100932208: daddr:16783984
[  743.581378] AAAAA-TCP_FORW: name:enp0s3: saddr:100932208: daddr:16783984
[  743.719949] AAAAA-TCP_FORW: name:enp0s3: saddr:100932208: daddr:16783984
[  743.787302] AAAAA-TCP_FORW: name:enp0s3: saddr:100932208: daddr:16783984
[  743.871240] AAAAA-TCP_FORW: name:enp0s3: saddr:100932208: daddr:33561200
[  743.929993] AAAAA-TCP_FORW: name:enp0s3: saddr:100932208: daddr:33561200
[  743.977655] AAAAA-TCP_FORW: name:enp0s3: saddr:100932208: daddr:16783984
[  744.031843] AAAAA-TCP_FORW: name:enp0s3: saddr:100932208: daddr:16783984
[  744.127315] AAAAA-TCP_FORW: name:enp0s3: saddr:100932208: daddr:33561200
[  744.270865] AAAAA-TCP_FORW: name:enp0s3: saddr:100932208: daddr:33561200
[  744.339540] AAAAA-TCP_FORW: name:enp0s3: saddr:100932208: daddr:33561200
[  744.492014] AAAAA-TCP_FORW: name:enp0s3: saddr:100932208: daddr:16783984
[  744.536267] AAAAA-TCP_FORW: name:enp0s3: saddr:100932208: daddr:33561200
[  744.586412] AAAAA-TCP_FORW: name:enp0s3: saddr:100932208: daddr:16783984
[  744.812005] AAAAA-TCP_FORW: name:enp0s3: saddr:100932208: daddr:33561200
[  744.877762] AAAAA-TCP_FORW: name:enp0s3: saddr:100932208: daddr:16783984
[  744.957777] AAAAA-TCP_FORW: name:enp0s3: saddr:100932208: daddr:16783984
[  745.025904] AAAAA-TCP_FORW: name:enp0s3: saddr:100932208: daddr:16783984
[  745.094258] AAAAA-TCP_FORW: name:enp0s3: saddr:100932208: daddr:16783984
[  745.180642] AAAAA-TCP_FORW: name:enp0s3: saddr:100932208: daddr:33561200
[  745.219761] AAAAA-TCP_FORW: name:enp0s3: saddr:100932208: daddr:33561200
[  745.261250] AAAAA-TCP_FORW: name:enp0s3: saddr:100932208: daddr:33561200
[  745.362819] AAAAA-TCP_FORW: name:enp0s3: saddr:100932208: daddr:33561200
[  745.407592] AAAAA-TCP_FORW: name:enp0s3: saddr:100932208: daddr:16783984
[  745.493086] AAAAA-TCP_FORW: name:enp0s3: saddr:100932208: daddr:16783984
[  745.581182] AAAAA-TCP_FORW: name:enp0s3: saddr:100932208: daddr:16783984
[  745.634100] AAAAA-TCP_FORW: name:enp0s3: saddr:100932208: daddr:33561200
[  745.690388] AAAAA-TCP_FORW: name:enp0s3: saddr:100932208: daddr:16783984
[  745.737846] AAAAA-TCP_FORW: name:enp0s3: saddr:100932208: daddr:16783984
[  745.795009] AAAAA-TCP_FORW: name:enp0s3: saddr:100932208: daddr:16783984
[  745.839531] AAAAA-TCP_FORW: name:enp0s3: saddr:100932208: daddr:16783984
[  745.880484] AAAAA-TCP_FORW: name:enp0s3: saddr:100932208: daddr:33561200
[  745.907740] AAAAA-TCP_FORW: name:enp0s3: saddr:100932208: daddr:33561200
[  745.963989] AAAAA-TCP_FORW: name:enp0s3: saddr:100932208: daddr:33561200
[  746.068329] AAAAA-TCP_FORW: name:enp0s3: saddr:100932208: daddr:33561200
[  746.075024] AAAAA-TCP_FORW: name:enp0s3: saddr:100932208: daddr:16783984
[  746.156044] AAAAA-TCP_FORW: name:enp0s3: saddr:100932208: daddr:16783984
[  746.223806] AAAAA-TCP_FORW: name:enp0s3: saddr:100932208: daddr:33561200
[  746.263396] AAAAA-TCP_FORW: name:enp0s3: saddr:100932208: daddr:16783984
[  746.330209] AAAAA-TCP_FORW: name:enp0s3: saddr:100932208: daddr:16783984
[  746.416474] AAAAA-TCP_FORW: name:enp0s3: saddr:100932208: daddr:16783984
[  746.448876] AAAAA-TCP_FORW: name:enp0s3: saddr:100932208: daddr:16783984
[  746.526205] AAAAA-TCP_FORW: name:enp0s3: saddr:100932208: daddr:33561200
[  746.607958] AAAAA-TCP_FORW: name:enp0s3: saddr:100932208: daddr:33561200
[  746.659836] AAAAA-TCP_FORW: name:enp0s3: saddr:100932208: daddr:16783984
[  746.725706] AAAAA-TCP_FORW: name:enp0s3: saddr:100932208: daddr:33561200
[  746.756757] AAAAA-TCP_FORW: name:enp0s3: saddr:100932208: daddr:33561200
[  746.797118] AAAAA-TCP_FORW: name:enp0s3: saddr:100932208: daddr:16783984
[  746.845598] AAAAA-TCP_FORW: name:enp0s3: saddr:100932208: daddr:16783984
[  746.884526] AAAAA-TCP_FORW: name:enp0s3: saddr:100932208: daddr:33561200
[  746.960887] AAAAA-TCP_FORW: name:enp0s3: saddr:100932208: daddr:16783984
[  747.026207] AAAAA-TCP_FORW: name:enp0s3: saddr:100932208: daddr:16783984
[  747.108796] AAAAA-TCP_FORW: name:enp0s3: saddr:100932208: daddr:16783984
[  747.160493] AAAAA-TCP_FORW: name:enp0s3: saddr:100932208: daddr:16783984
[  747.220154] AAAAA-TCP_FORW: name:enp0s3: saddr:100932208: daddr:33561200
[  747.267304] AAAAA-TCP_FORW: name:enp0s3: saddr:100932208: daddr:33561200
[  747.419494] AAAAA-TCP_FORW: name:enp0s3: saddr:100932208: daddr:33561200
[  747.517285] AAAAA-TCP_FORW: name:enp0s3: saddr:100932208: daddr:33561200
[  747.665693] AAAAA-TCP_FORW: name:enp0s3: saddr:100932208: daddr:16783984
[  747.746068] AAAAA-TCP_FORW: name:enp0s3: saddr:100932208: daddr:16783984
[  747.875109] AAAAA-TCP_FORW: name:enp0s3: saddr:100932208: daddr:16783984
[  747.913957] AAAAA-TCP_FORW: name:enp0s3: saddr:100932208: daddr:33561200
[  747.970078] AAAAA-TCP_FORW: name:enp0s3: saddr:100932208: daddr:16783984
[  748.004535] AAAAA-TCP_FORW: name:enp0s3: saddr:100932208: daddr:16783984
[  748.076610] AAAAA-TCP_FORW: name:enp0s3: saddr:100932208: daddr:16783984
[  748.190619] AAAAA-TCP_FORW: name:enp0s3: saddr:100932208: daddr:16783984
[  748.441730] AAAAA-TCP_FORW: name:enp0s3: saddr:100932208: daddr:33561200
[  748.511004] AAAAA-TCP_FORW: name:enp0s3: saddr:100932208: daddr:33561200
[  748.571670] AAAAA-TCP_FORW: name:enp0s3: saddr:100932208: daddr:33561200
[  748.660480] AAAAA-TCP_FORW: name:enp0s3: saddr:100932208: daddr:33561200
[  748.677302] AAAAA-TCP_FORW: name:enp0s3: saddr:100932208: daddr:16783984
[  748.758601] AAAAA-TCP_FORW: name:enp0s3: saddr:100932208: daddr:16783984
[  748.836553] AAAAA-TCP_FORW: name:enp0s3: saddr:100932208: daddr:16783984
[  748.898149] AAAAA-TCP_FORW: name:enp0s3: saddr:100932208: daddr:16783984
[  748.993378] AAAAA-TCP_FORW: name:enp0s3: saddr:100932208: daddr:16783984
[  749.013675] AAAAA-TCP_FORW: name:enp0s3: saddr:100932208: daddr:16783984
[  749.038810] AAAAA-TCP_FORW: name:enp0s3: saddr:100932208: daddr:33561200
[  749.222952] AAAAA-TCP_FORW: name:enp0s3: saddr:100932208: daddr:33561200
[  749.226398] AAAAA-TCP_FORW: name:enp0s3: saddr:100932208: daddr:33561200
[  749.341087] AAAAA-TCP_FORW: name:enp0s3: saddr:100932208: daddr:16783984
[  749.372036] AAAAA-TCP_FORW: name:enp0s3: saddr:100932208: daddr:33561200
[  749.411507] AAAAA-TCP_FORW: name:enp0s3: saddr:100932208: daddr:33561200
[  749.459377] AAAAA-TCP_FORW: name:enp0s3: saddr:100932208: daddr:33561200
[  749.501038] AAAAA-TCP_FORW: name:enp0s3: saddr:100932208: daddr:16783984
[  749.539595] AAAAA-TCP_FORW: name:enp0s3: saddr:100932208: daddr:16783984
[  749.633042] AAAAA-TCP_FORW: name:enp0s3: saddr:100932208: daddr:16783984
[  749.662968] AAAAA-TCP_FORW: name:enp0s3: saddr:100932208: daddr:16783984
[  749.781844] AAAAA-TCP_FORW: name:enp0s3: saddr:100932208: daddr:16783984
[  749.813638] AAAAA-TCP_FORW: name:enp0s3: saddr:100932208: daddr:16783984
[  749.873787] AAAAA-TCP_FORW: name:enp0s3: saddr:100932208: daddr:33561200
[  749.913129] AAAAA-TCP_FORW: name:enp0s3: saddr:100932208: daddr:33561200
[  750.042277] AAAAA-TCP_FORW: name:enp0s3: saddr:100932208: daddr:33561200
[  750.076001] AAAAA-TCP_FORW: name:enp0s3: saddr:100932208: daddr:33561200
[  750.142007] AAAAA-TCP_FORW: name:enp0s3: saddr:100932208: daddr:16783984
[  750.237240] AAAAA-TCP_FORW: name:enp0s3: saddr:100932208: daddr:33561200
[  750.306201] AAAAA-TCP_FORW: name:enp0s3: saddr:100932208: daddr:33561200
[  750.407780] AAAAA-TCP_FORW: name:enp0s3: saddr:100932208: daddr:16783984
[  750.421158] AAAAA-TCP_FORW: name:enp0s3: saddr:100932208: daddr:16783984
[  750.500642] AAAAA-TCP_FORW: name:enp0s3: saddr:100932208: daddr:16783984
[  750.548700] AAAAA-TCP_FORW: name:enp0s3: saddr:100932208: daddr:16783984
[  750.604067] AAAAA-TCP_FORW: name:enp0s3: saddr:100932208: daddr:16783984
[  750.647683] AAAAA-TCP_FORW: name:enp0s3: saddr:100932208: daddr:16783984
[  750.670992] AAAAA-TCP_FORW: name:enp0s3: saddr:100932208: daddr:16783984
[  750.736996] AAAAA-TCP_FORW: name:enp0s3: saddr:100932208: daddr:33561200
[  750.811115] AAAAA-TCP_FORW: name:enp0s3: saddr:100932208: daddr:33561200
[  750.867145] AAAAA-TCP_FORW: name:enp0s3: saddr:100932208: daddr:33561200
[  750.914639] AAAAA-TCP_FORW: name:enp0s3: saddr:100932208: daddr:33561200
[  751.025867] AAAAA-TCP_FORW: name:enp0s3: saddr:100932208: daddr:33561200
[  751.073686] AAAAA-TCP_FORW: name:enp0s3: saddr:100932208: daddr:33561200
[  751.146427] AAAAA-TCP_FORW: name:enp0s3: saddr:100932208: daddr:16783984
[  751.212748] AAAAA-TCP_FORW: name:enp0s3: saddr:100932208: daddr:16783984
[  751.287263] AAAAA-TCP_FORW: name:enp0s3: saddr:100932208: daddr:16783984
[  751.322289] AAAAA-TCP_FORW: name:enp0s3: saddr:100932208: daddr:16783984
[  751.386653] AAAAA-TCP_FORW: name:enp0s3: saddr:100932208: daddr:16783984
[  751.447412] AAAAA-TCP_FORW: name:enp0s3: saddr:100932208: daddr:16783984
[  751.491788] AAAAA-TCP_FORW: name:enp0s3: saddr:100932208: daddr:16783984
[  751.610684] AAAAA-TCP_FORW: name:enp0s3: saddr:100932208: daddr:33561200
[  751.675765] AAAAA-TCP_FORW: name:enp0s3: saddr:100932208: daddr:33561200
[  751.711421] AAAAA-TCP_FORW: name:enp0s3: saddr:100932208: daddr:16783984
[  751.777395] AAAAA-TCP_FORW: name:enp0s3: saddr:100932208: daddr:33561200
[  751.860140] AAAAA-TCP_FORW: name:enp0s3: saddr:100932208: daddr:33561200
[  751.907445] AAAAA-TCP_FORW: name:enp0s3: saddr:100932208: daddr:33561200
[  752.005011] AAAAA-TCP_FORW: name:enp0s3: saddr:100932208: daddr:16783984
[  752.038601] AAAAA-TCP_FORW: name:enp0s3: saddr:100932208: daddr:16783984
[  752.097960] AAAAA-TCP_FORW: name:enp0s3: saddr:100932208: daddr:33561200
[  752.185070] AAAAA-TCP_FORW: name:enp0s3: saddr:100932208: daddr:16783984
[  752.292724] AAAAA-TCP_FORW: name:enp0s3: saddr:100932208: daddr:16783984
[  752.381224] AAAAA-TCP_FORW: name:enp0s3: saddr:100932208: daddr:16783984
[  752.408599] AAAAA-TCP_FORW: name:enp0s3: saddr:100932208: daddr:16783984
[  752.470407] AAAAA-TCP_FORW: name:enp0s3: saddr:100932208: daddr:33561200
[  752.511622] AAAAA-TCP_FORW: name:enp0s3: saddr:100932208: daddr:33561200
[  752.583308] AAAAA-TCP_FORW: name:enp0s3: saddr:100932208: daddr:16783984
[  752.904499] AAAAA-TCP_FORW: name:enp0s3: saddr:100932208: daddr:33561200
[  752.968083] AAAAA-TCP_FORW: name:enp0s3: saddr:100932208: daddr:33561200
[  753.093022] AAAAA-TCP_FORW: name:enp0s3: saddr:100932208: daddr:16783984
[  774.920858] AAAAA-TCP_FORW: name:enp0s3: saddr:100932208: daddr:16783984
[  775.079848] AAAAA-TCP_FORW: name:enp0s3: saddr:100932208: daddr:33561200
[  775.247244] AAAAA-TCP_FORW: name:enp0s3: saddr:100932208: daddr:33561200
[  776.193988] AAAAA-TCP_FORW: name:enp0s3: saddr:100932208: daddr:33561200
[  776.245007] AAAAA-TCP_FORW: name:enp0s3: saddr:100932208: daddr:33561200
[  776.454924] AAAAA-TCP_FORW: name:enp0s3: saddr:100932208: daddr:16783984
[  776.678559] AAAAA-TCP_FORW: name:enp0s3: saddr:100932208: daddr:16783984
[  776.766359] AAAAA-TCP_FORW: name:enp0s3: saddr:100932208: daddr:16783984
[  776.863716] AAAAA-TCP_FORW: name:enp0s3: saddr:100932208: daddr:16783984
[  777.282111] AAAAA-TCP_FORW: name:enp0s3: saddr:100932208: daddr:16783984
[  777.455932] AAAAA-TCP_FORW: name:enp0s3: saddr:100932208: daddr:16783984
[  777.625487] AAAAA-TCP_FORW: name:enp0s3: saddr:100932208: daddr:16783984
[  777.744147] AAAAA-TCP_FORW: name:enp0s3: saddr:100932208: daddr:33561200
[  777.846081] AAAAA-TCP_FORW: name:enp0s3: saddr:100932208: daddr:16783984
[  778.329589] AAAAA-TCP_FORW: name:enp0s3: saddr:100932208: daddr:33561200
[  778.470331] AAAAA-TCP_FORW: name:enp0s3: saddr:100932208: daddr:33561200
[  778.813962] AAAAA-TCP_FORW: name:enp0s3: saddr:100932208: daddr:33561200
[  778.925857] AAAAA-TCP_FORW: name:enp0s3: saddr:100932208: daddr:33561200
[  779.013833] AAAAA-TCP_FORW: name:enp0s3: saddr:100932208: daddr:33561200
[  779.345410] AAAAA-TCP_FORW: name:enp0s3: saddr:100932208: daddr:33561200
[  779.710243] AAAAA-TCP_FORW: name:enp0s3: saddr:100932208: daddr:33561200
[  779.985134] AAAAA-TCP_FORW: name:enp0s3: saddr:33561200: daddr:100932208
[  779.999648] AAAAA-TCP_FORW: name:enp0s3: saddr:100932208: daddr:16783984
[  780.076807] AAAAA-TCP_FORW: name:enp0s3: saddr:100932208: daddr:16783984
[  780.098253] AAAAA-TCP_FORW: name:enp0s3: saddr:33561200: daddr:100932208
[  780.203224] AAAAA-TCP_FORW: name:enp0s3: saddr:100932208: daddr:16783984
[  780.255125] AAAAA-TCP_FORW: name:enp0s3: saddr:33561200: daddr:100932208
[  780.344643] AAAAA-TCP_FORW: name:enp0s3: saddr:100932208: daddr:16783984
[  780.391267] AAAAA-TCP_FORW: name:enp0s3: saddr:33561200: daddr:100932208
[  780.488680] AAAAA-TCP_FORW: name:enp0s3: saddr:100932208: daddr:16783984
[  780.604912] AAAAA-TCP_FORW: name:enp0s3: saddr:33561200: daddr:100932208
[  780.657843] AAAAA-TCP_FORW: name:enp0s3: saddr:100932208: daddr:16783984
[  780.706537] AAAAA-TCP_FORW: name:enp0s3: saddr:33561200: daddr:100932208
[  780.735931] AAAAA-TCP_FORW: name:enp0s3: saddr:100932208: daddr:33561200
[  780.755322] AAAAA-TCP_FORW: name:enp0s3: saddr:100932208: daddr:33561200
[  780.825906] AAAAA-TCP_FORW: name:enp0s3: saddr:33561200: daddr:100932208
[  780.949417] AAAAA-TCP_FORW: name:enp0s3: saddr:100932208: daddr:16783984
[  780.972964] AAAAA-TCP_FORW: name:enp0s3: saddr:16783984: daddr:100932208
[  781.107594] AAAAA-TCP_FORW: name:enp0s3: saddr:16783984: daddr:100932208
[  781.330385] AAAAA-TCP_FORW: name:enp0s3: saddr:100932208: daddr:33561200
[  781.345256] AAAAA-TCP_FORW: name:enp0s3: saddr:16783984: daddr:100932208
[  781.384174] AAAAA-TCP_FORW: name:enp0s3: saddr:100932208: daddr:33561200
[  781.507729] AAAAA-TCP_FORW: name:enp0s3: saddr:100932208: daddr:16783984
[  781.554366] AAAAA-TCP_FORW: name:enp0s3: saddr:16783984: daddr:100932208
[  781.582969] AAAAA-TCP_FORW: name:enp0s3: saddr:100932208: daddr:33561200
[  781.613969] AAAAA-TCP_FORW: name:enp0s3: saddr:16783984: daddr:100932208
[  781.710281] AAAAA-TCP_FORW: name:enp0s3: saddr:100932208: daddr:33561200
[  781.860315] AAAAA-TCP_FORW: name:enp0s3: saddr:100932208: daddr:33561200
[  781.925760] AAAAA-TCP_FORW: name:enp0s3: saddr:16783984: daddr:100932208
[  782.032137] AAAAA-TCP_FORW: name:enp0s3: saddr:100932208: daddr:33561200
[  782.050872] AAAAA-TCP_FORW: name:enp0s3: saddr:33561200: daddr:100932208
[  782.071705] AAAAA-TCP_FORW: name:enp0s3: saddr:33561200: daddr:100932208
[  782.167198] AAAAA-TCP_FORW: name:enp0s3: saddr:16783984: daddr:100932208
[  782.202337] AAAAA-TCP_FORW: name:enp0s3: saddr:100932208: daddr:16783984
[  782.266097] AAAAA-TCP_FORW: name:enp0s3: saddr:100932208: daddr:16783984
[  782.413889] AAAAA-TCP_FORW: name:enp0s3: saddr:100932208: daddr:16783984
[  782.620446] AAAAA-TCP_FORW: name:enp0s3: saddr:100932208: daddr:16783984
[  782.692405] AAAAA-TCP_FORW: name:enp0s3: saddr:33561200: daddr:100932208
[  782.720543] AAAAA-TCP_FORW: name:enp0s3: saddr:100932208: daddr:16783984
[  782.948897] AAAAA-TCP_FORW: name:enp0s3: saddr:100932208: daddr:16783984
[  783.034943] AAAAA-TCP_FORW: name:enp0s3: saddr:16783984: daddr:100932208
[  783.073575] AAAAA-TCP_FORW: name:enp0s3: saddr:100932208: daddr:33561200
[  783.142576] AAAAA-TCP_FORW: name:enp0s3: saddr:100932208: daddr:33561200
[  783.175907] AAAAA-TCP_FORW: name:enp0s3: saddr:100932208: daddr:16783984
[  783.273052] AAAAA-TCP_FORW: name:enp0s3: saddr:33561200: daddr:100932208
[  783.430682] AAAAA-TCP_FORW: name:enp0s3: saddr:33561200: daddr:100932208
[  783.462479] AAAAA-TCP_FORW: name:enp0s3: saddr:100932208: daddr:33561200
[  783.520808] AAAAA-TCP_FORW: name:enp0s3: saddr:33561200: daddr:100932208
[  783.651949] AAAAA-TCP_FORW: name:enp0s3: saddr:100932208: daddr:16783984
[  783.826068] AAAAA-TCP_FORW: name:enp0s3: saddr:33561200: daddr:100932208
[  783.956603] AAAAA-TCP_FORW: name:enp0s3: saddr:100932208: daddr:33561200
[  783.993926] AAAAA-TCP_FORW: name:enp0s3: saddr:100932208: daddr:33561200
[  784.062719] AAAAA-TCP_FORW: name:enp0s3: saddr:100932208: daddr:33561200
[  784.166553] AAAAA-TCP_FORW: name:enp0s3: saddr:100932208: daddr:33561200
[  784.229697] AAAAA-TCP_FORW: name:enp0s3: saddr:16783984: daddr:100932208
[  784.336657] AAAAA-TCP_FORW: name:enp0s3: saddr:100932208: daddr:16783984
[  784.378687] AAAAA-TCP_FORW: name:enp0s3: saddr:16783984: daddr:100932208
[  784.449470] AAAAA-TCP_FORW: name:enp0s3: saddr:16783984: daddr:100932208
[  784.530674] AAAAA-TCP_FORW: name:enp0s3: saddr:100932208: daddr:16783984
[  784.620133] AAAAA-TCP_FORW: name:enp0s3: saddr:100932208: daddr:16783984
[  784.687651] AAAAA-TCP_FORW: name:enp0s3: saddr:100932208: daddr:16783984
[  784.909930] AAAAA-TCP_FORW: name:enp0s3: saddr:100932208: daddr:16783984
[  785.175714] AAAAA-TCP_FORW: name:enp0s3: saddr:100932208: daddr:33561200
[  785.235094] AAAAA-TCP_FORW: name:enp0s3: saddr:100932208: daddr:33561200
[  785.423900] AAAAA-TCP_FORW: name:enp0s3: saddr:100932208: daddr:33561200
[  785.486074] AAAAA-TCP_FORW: name:enp0s3: saddr:100932208: daddr:16783984
[  785.582075] AAAAA-TCP_FORW: name:enp0s3: saddr:100932208: daddr:16783984
[  785.635104] AAAAA-TCP_FORW: name:enp0s3: saddr:100932208: daddr:16783984
[  785.735993] AAAAA-TCP_FORW: name:enp0s3: saddr:100932208: daddr:16783984
[  785.832400] AAAAA-TCP_FORW: name:enp0s3: saddr:100932208: daddr:33561200
[  785.953828] AAAAA-TCP_FORW: name:enp0s3: saddr:100932208: daddr:33561200
[  785.997236] AAAAA-TCP_FORW: name:enp0s3: saddr:100932208: daddr:33561200
[  786.066110] AAAAA-TCP_FORW: name:enp0s3: saddr:100932208: daddr:33561200
[  786.180362] AAAAA-TCP_FORW: name:enp0s3: saddr:100932208: daddr:33561200
[  786.240108] AAAAA-TCP_FORW: name:enp0s3: saddr:16783984: daddr:100932208
[  786.277463] AAAAA-TCP_FORW: name:enp0s3: saddr:100932208: daddr:16783984
[  786.349965] AAAAA-TCP_FORW: name:enp0s3: saddr:100932208: daddr:16783984
[  786.519532] AAAAA-TCP_FORW: name:enp0s3: saddr:100932208: daddr:16783984
[  786.647613] AAAAA-TCP_FORW: name:enp0s3: saddr:100932208: daddr:16783984
[  786.750079] AAAAA-TCP_FORW: name:enp0s3: saddr:100932208: daddr:16783984
[  786.820816] AAAAA-TCP_FORW: name:enp0s3: saddr:100932208: daddr:16783984
[  786.899799] AAAAA-TCP_FORW: name:enp0s3: saddr:100932208: daddr:33561200
[  786.964696] AAAAA-TCP_FORW: name:enp0s3: saddr:100932208: daddr:33561200
[  787.015151] AAAAA-TCP_FORW: name:enp0s3: saddr:100932208: daddr:33561200
[  787.216555] AAAAA-TCP_FORW: name:enp0s3: saddr:100932208: daddr:16783984
[  787.297014] AAAAA-TCP_FORW: name:enp0s3: saddr:100932208: daddr:16783984
[  787.396986] AAAAA-TCP_FORW: name:enp0s3: saddr:100932208: daddr:16783984
[  787.484784] AAAAA-TCP_FORW: name:enp0s3: saddr:100932208: daddr:16783984
[  787.563579] AAAAA-TCP_FORW: name:enp0s3: saddr:100932208: daddr:33561200
[  787.644465] AAAAA-TCP_FORW: name:enp0s3: saddr:100932208: daddr:33561200
[  787.784215] AAAAA-TCP_FORW: name:enp0s3: saddr:100932208: daddr:33561200
[  787.864604] AAAAA-TCP_FORW: name:enp0s3: saddr:100932208: daddr:33561200
[  787.934655] AAAAA-TCP_FORW: name:enp0s3: saddr:100932208: daddr:16783984
[  788.004856] AAAAA-TCP_FORW: name:enp0s3: saddr:100932208: daddr:16783984
[  788.109856] AAAAA-TCP_FORW: name:enp0s3: saddr:100932208: daddr:16783984
[  788.198813] AAAAA-TCP_FORW: name:enp0s3: saddr:100932208: daddr:16783984
[  788.351552] AAAAA-TCP_FORW: name:enp0s3: saddr:100932208: daddr:16783984
[  788.529517] AAAAA-TCP_FORW: name:enp0s3: saddr:100932208: daddr:33561200
[  788.619836] AAAAA-TCP_FORW: name:enp0s3: saddr:100932208: daddr:33561200
[  788.713942] AAAAA-TCP_FORW: name:enp0s3: saddr:100932208: daddr:33561200
[  788.823378] AAAAA-TCP_FORW: name:enp0s3: saddr:100932208: daddr:16783984
[  788.932565] AAAAA-TCP_FORW: name:enp0s3: saddr:100932208: daddr:16783984
[  789.027098] AAAAA-TCP_FORW: name:enp0s3: saddr:100932208: daddr:16783984
[  789.152722] AAAAA-TCP_FORW: name:enp0s3: saddr:100932208: daddr:16783984
[  789.218548] AAAAA-TCP_FORW: name:enp0s3: saddr:100932208: daddr:33561200
[  789.290816] AAAAA-TCP_FORW: name:enp0s3: saddr:100932208: daddr:33561200
[  789.353709] AAAAA-TCP_FORW: name:enp0s3: saddr:100932208: daddr:33561200
[  789.413559] AAAAA-TCP_FORW: name:enp0s3: saddr:100932208: daddr:33561200
[  789.543646] AAAAA-TCP_FORW: name:enp0s3: saddr:100932208: daddr:16783984
