[    0.000000] Linux version 5.4.243-mptcp (root@ztg) (gcc version 12.2.0 (Debian 12.2.0-14+deb12u1)) #53 SMP Wed Dec 24 23:28:15 CST 2025
[    0.000000] Command line: BOOT_IMAGE=/boot/vmlinuz-5.4.243-mptcp root=UUID=98415a12-53b7-4144-8265-0f7ece09e445 ro quiet splash
[    0.000000] KERNEL supported cpus:
[    0.000000]   Intel GenuineIntel
[    0.000000]   AMD AuthenticAMD
[    0.000000]   Hygon HygonGenuine
[    0.000000]   Centaur CentaurHauls
[    0.000000]   zhaoxin   Shanghai  
[    0.000000] x86/fpu: Supporting XSAVE feature 0x001: 'x87 floating point registers'
[    0.000000] x86/fpu: Supporting XSAVE feature 0x002: 'SSE registers'
[    0.000000] x86/fpu: Supporting XSAVE feature 0x004: 'AVX registers'
[    0.000000] x86/fpu: xstate_offset[2]:  576, xstate_sizes[2]:  256
[    0.000000] x86/fpu: Enabled xstate features 0x7, context size is 832 bytes, using 'standard' format.
[    0.000000] BIOS-provided physical RAM map:
[    0.000000] BIOS-e820: [mem 0x0000000000000000-0x000000000009fbff] usable
[    0.000000] BIOS-e820: [mem 0x000000000009fc00-0x000000000009ffff] reserved
[    0.000000] BIOS-e820: [mem 0x00000000000f0000-0x00000000000fffff] reserved
[    0.000000] BIOS-e820: [mem 0x0000000000100000-0x000000007ffeffff] usable
[    0.000000] BIOS-e820: [mem 0x000000007fff0000-0x000000007fffffff] ACPI data
[    0.000000] BIOS-e820: [mem 0x00000000fec00000-0x00000000fec00fff] reserved
[    0.000000] BIOS-e820: [mem 0x00000000fee00000-0x00000000fee00fff] reserved
[    0.000000] BIOS-e820: [mem 0x00000000fffc0000-0x00000000ffffffff] reserved
[    0.000000] NX (Execute Disable) protection: active
[    0.000000] SMBIOS 2.5 present.
[    0.000000] DMI: innotek GmbH VirtualBox/VirtualBox, BIOS VirtualBox 12/01/2006
[    0.000000] Hypervisor detected: KVM
[    0.000000] kvm-clock: Using msrs 4b564d01 and 4b564d00
[    0.000000] kvm-clock: cpu 0, msr 14601001, primary cpu clock
[    0.000000] kvm-clock: using sched offset of 4468390269 cycles
[    0.000003] clocksource: kvm-clock: mask: 0xffffffffffffffff max_cycles: 0x1cd42e4dffb, max_idle_ns: 881590591483 ns
[    0.000005] tsc: Detected 2100.000 MHz processor
[    0.001879] e820: update [mem 0x00000000-0x00000fff] usable ==> reserved
[    0.001881] e820: remove [mem 0x000a0000-0x000fffff] usable
[    0.001885] last_pfn = 0x7fff0 max_arch_pfn = 0x400000000
[    0.001953] MTRR default type: uncachable
[    0.001954] MTRR fixed ranges enabled:
[    0.001955]   00000-9FFFF write-back
[    0.001956]   A0000-BFFFF uncachable
[    0.001957]   C0000-FFFFF write-protect
[    0.001957] MTRR variable ranges enabled:
[    0.001959]   0 base 000000000000 mask 3FFF80000000 write-back
[    0.001959]   1 disabled
[    0.001960]   2 disabled
[    0.001960]   3 disabled
[    0.001961]   4 disabled
[    0.001961]   5 disabled
[    0.001961]   6 disabled
[    0.001962]   7 disabled
[    0.001962]   8 disabled
[    0.001963]   9 disabled
[    0.001963]   10 disabled
[    0.001964]   11 disabled
[    0.001964]   12 disabled
[    0.001965]   13 disabled
[    0.001965]   14 disabled
[    0.001965]   15 disabled
[    0.001982] x86/PAT: Configuration [0-7]: WB  WC  UC- UC  WB  WP  UC- WT  
[    0.002115] found SMP MP-table at [mem 0x0009fff0-0x0009ffff]
[    0.092046] check: Scanning 1 areas for low memory corruption
[    0.092301] RAMDISK: [mem 0x32271000-0x3512ffff]
[    0.092310] ACPI: Early table checksum verification disabled
[    0.092315] ACPI: RSDP 0x00000000000E0000 000024 (v02 VBOX  )
[    0.092320] ACPI: XSDT 0x000000007FFF0030 00003C (v01 VBOX   VBOXXSDT 00000001 ASL  00000061)
[    0.092326] ACPI: FACP 0x000000007FFF00F0 0000F4 (v04 VBOX   VBOXFACP 00000001 ASL  00000061)
[    0.092332] ACPI: DSDT 0x000000007FFF02E0 002353 (v02 VBOX   VBOXBIOS 00000002 VBOX 00029BF3)
[    0.092336] ACPI: FACS 0x000000007FFF0200 000040
[    0.092340] ACPI: FACS 0x000000007FFF0200 000040
[    0.092343] ACPI: APIC 0x000000007FFF0240 000054 (v02 VBOX   VBOXAPIC 00000001 ASL  00000061)
[    0.092347] ACPI: SSDT 0x000000007FFF02A0 000038 (v01 VBOX   VBOXCPUT 00000002 VBOX 00029BF3)
[    0.092350] ACPI: Reserving FACP table memory at [mem 0x7fff00f0-0x7fff01e3]
[    0.092351] ACPI: Reserving DSDT table memory at [mem 0x7fff02e0-0x7fff2632]
[    0.092352] ACPI: Reserving FACS table memory at [mem 0x7fff0200-0x7fff023f]
[    0.092352] ACPI: Reserving FACS table memory at [mem 0x7fff0200-0x7fff023f]
[    0.092353] ACPI: Reserving APIC table memory at [mem 0x7fff0240-0x7fff0293]
[    0.092354] ACPI: Reserving SSDT table memory at [mem 0x7fff02a0-0x7fff02d7]
[    0.092368] ACPI: Local APIC address 0xfee00000
[    0.092556] No NUMA configuration found
[    0.092557] Faking a node at [mem 0x0000000000000000-0x000000007ffeffff]
[    0.092568] NODE_DATA(0) allocated [mem 0x7ffc5000-0x7ffeffff]
[    0.092829] Zone ranges:
[    0.092830]   DMA      [mem 0x0000000000001000-0x0000000000ffffff]
[    0.092832]   DMA32    [mem 0x0000000001000000-0x000000007ffeffff]
[    0.092832]   Normal   empty
[    0.092833]   Device   empty
[    0.092834] Movable zone start for each node
[    0.092836] Early memory node ranges
[    0.092836]   node   0: [mem 0x0000000000001000-0x000000000009efff]
[    0.092837]   node   0: [mem 0x0000000000100000-0x000000007ffeffff]
[    0.092841] Zeroed struct page in unavailable ranges: 114 pages
[    0.092842] Initmem setup node 0 [mem 0x0000000000001000-0x000000007ffeffff]
[    0.092843] On node 0 totalpages: 524174
[    0.092844]   DMA zone: 64 pages used for memmap
[    0.092845]   DMA zone: 21 pages reserved
[    0.092846]   DMA zone: 3998 pages, LIFO batch:0
[    0.092918]   DMA32 zone: 8128 pages used for memmap
[    0.092919]   DMA32 zone: 520176 pages, LIFO batch:63
[    0.101910] ACPI: PM-Timer IO Port: 0x4008
[    0.101914] ACPI: Local APIC address 0xfee00000
[    0.101983] IOAPIC[0]: apic_id 1, version 32, address 0xfec00000, GSI 0-23
[    0.101986] ACPI: INT_SRC_OVR (bus 0 bus_irq 0 global_irq 2 dfl dfl)
[    0.101988] ACPI: INT_SRC_OVR (bus 0 bus_irq 9 global_irq 9 low level)
[    0.101990] ACPI: IRQ0 used by override.
[    0.101991] ACPI: IRQ9 used by override.
[    0.101993] Using ACPI (MADT) for SMP configuration information
[    0.102000] smpboot: Allowing 1 CPUs, 0 hotplug CPUs
[    0.102022] PM: Registered nosave memory: [mem 0x00000000-0x00000fff]
[    0.102024] PM: Registered nosave memory: [mem 0x0009f000-0x0009ffff]
[    0.102024] PM: Registered nosave memory: [mem 0x000a0000-0x000effff]
[    0.102025] PM: Registered nosave memory: [mem 0x000f0000-0x000fffff]
[    0.102026] [mem 0x80000000-0xfebfffff] available for PCI devices
[    0.102028] Booting paravirtualized kernel on KVM
[    0.102031] clocksource: refined-jiffies: mask: 0xffffffff max_cycles: 0xffffffff, max_idle_ns: 7645519600211568 ns
[    0.102035] setup_percpu: NR_CPUS:8192 nr_cpumask_bits:1 nr_cpu_ids:1 nr_node_ids:1
[    0.103045] percpu: Embedded 60 pages/cpu s208896 r8192 d28672 u2097152
[    0.103050] pcpu-alloc: s208896 r8192 d28672 u2097152 alloc=1*2097152
[    0.103051] pcpu-alloc: [0] 0 
[    0.103078] Built 1 zonelists, mobility grouping on.  Total pages: 515961
[    0.103079] Policy zone: DMA32
[    0.103080] Kernel command line: BOOT_IMAGE=/boot/vmlinuz-5.4.243-mptcp root=UUID=98415a12-53b7-4144-8265-0f7ece09e445 ro quiet splash
[    0.103916] Dentry cache hash table entries: 262144 (order: 9, 2097152 bytes, linear)
[    0.104063] Inode-cache hash table entries: 131072 (order: 8, 1048576 bytes, linear)
[    0.104114] mem auto-init: stack:off, heap alloc:on, heap free:off
[    0.104117] Calgary: detecting Calgary via BIOS EBDA area
[    0.104118] Calgary: Unable to locate Rio Grande table in EBDA - bailing!
[    0.108125] Memory: 1967332K/2096696K available (14339K kernel code, 2398K rwdata, 4712K rodata, 2728K init, 17260K bss, 129364K reserved, 0K cma-reserved)
[    0.109043] SLUB: HWalign=64, Order=0-3, MinObjects=0, CPUs=1, Nodes=1
[    0.109060] ftrace: allocating 43186 entries in 169 pages
[    0.127148] rcu: Hierarchical RCU implementation.
[    0.127150] rcu: 	RCU restricting CPUs from NR_CPUS=8192 to nr_cpu_ids=1.
[    0.127151] 	Tasks RCU enabled.
[    0.127153] rcu: RCU calculated value of scheduler-enlistment delay is 25 jiffies.
[    0.127154] rcu: Adjusting geometry for rcu_fanout_leaf=16, nr_cpu_ids=1
[    0.130120] NR_IRQS: 524544, nr_irqs: 256, preallocated irqs: 16
[    0.130333] random: crng init done
[    0.139614] Console: colour VGA+ 80x25
[    0.139618] printk: console [tty0] enabled
[    0.139637] ACPI: Core revision 20190816
[    0.139735] APIC: Switch to symmetric I/O mode setup
[    0.139988] x2apic enabled
[    0.140225] Switched APIC routing to physical x2apic.
[    0.141364] ..TIMER: vector=0x30 apic1=0 pin1=2 apic2=-1 pin2=-1
[    0.141388] clocksource: tsc-early: mask: 0xffffffffffffffff max_cycles: 0x1e4530a99b6, max_idle_ns: 440795257976 ns
[    0.141394] Calibrating delay loop (skipped) preset value.. 4200.00 BogoMIPS (lpj=8400000)
[    0.141396] pid_max: default: 32768 minimum: 301
[    0.141423] LSM: Security Framework initializing
[    0.141433] Yama: becoming mindful.
[    0.141457] AppArmor: AppArmor initialized
[    0.141492] Mount-cache hash table entries: 4096 (order: 3, 32768 bytes, linear)
[    0.141497] Mountpoint-cache hash table entries: 4096 (order: 3, 32768 bytes, linear)
[    0.141506] *** VALIDATE tmpfs ***
[    0.141635] *** VALIDATE proc ***
[    0.141677] *** VALIDATE cgroup1 ***
[    0.141678] *** VALIDATE cgroup2 ***
[    0.141818] process: using mwait in idle threads
[    0.141823] Last level iTLB entries: 4KB 64, 2MB 8, 4MB 8
[    0.141824] Last level dTLB entries: 4KB 64, 2MB 0, 4MB 0, 1GB 4
[    0.141844] Spectre V1 : Mitigation: usercopy/swapgs barriers and __user pointer sanitization
[    0.141849] Spectre V2 : Mitigation: Retpolines
[    0.141850] Spectre V2 : Spectre v2 / SpectreRSB mitigation: Filling RSB on context switch
[    0.141850] Spectre V2 : Spectre v2 / SpectreRSB : Filling RSB on VMEXIT
[    0.141851] RETBleed: WARNING: Spectre v2 mitigation leaves CPU vulnerable to RETBleed attacks, data leaks possible!
[    0.142210] RETBleed: Vulnerable
[    0.142211] Speculative Store Bypass: Vulnerable
[    0.142215] TAA: Mitigation: TSX disabled
[    0.142216] MMIO Stale Data: Mitigation: Clear CPU buffers
[    0.146425] Freeing SMP alternatives memory: 40K
[    0.258672] smpboot: CPU0: Intel(R) Xeon(R) Silver 4216 CPU @ 2.10GHz (family: 0x6, model: 0x55, stepping: 0x7)
[    0.258795] Performance Events: unsupported p6 CPU model 85 no PMU driver, software events only.
[    0.258832] rcu: Hierarchical SRCU implementation.
[    0.259309] NMI watchdog: Perf NMI watchdog permanently disabled
[    0.259347] smp: Bringing up secondary CPUs ...
[    0.259348] smp: Brought up 1 node, 1 CPU
[    0.259349] smpboot: Max logical packages: 1
[    0.259350] smpboot: Total of 1 processors activated (4200.00 BogoMIPS)
[    0.260309] devtmpfs: initialized
[    0.260356] x86/mm: Memory block size: 128MB
[    0.260701] clocksource: jiffies: mask: 0xffffffff max_cycles: 0xffffffff, max_idle_ns: 7645041785100000 ns
[    0.260707] futex hash table entries: 256 (order: 2, 16384 bytes, linear)
[    0.260750] pinctrl core: initialized pinctrl subsystem
[    0.260851] PM: RTC time: 14:50:50, date: 2026-01-13
[    0.260971] NET: Registered protocol family 16
[    0.261046] audit: initializing netlink subsys (disabled)
[    0.261173] EISA bus registered
[    0.261174] cpuidle: using governor ladder
[    0.261175] cpuidle: using governor menu
[    0.261210] ACPI: bus type PCI registered
[    0.261212] acpiphp: ACPI Hot Plug PCI Controller Driver version: 0.5
[    0.261314] PCI: Using configuration type 1 for base access
[    0.261683] audit: type=2000 audit(1768287057.116:1): state=initialized audit_enabled=0 res=1
[    0.261766] HugeTLB registered 2.00 MiB page size, pre-allocated 0 pages
[    0.262580] ACPI: Added _OSI(Module Device)
[    0.262581] ACPI: Added _OSI(Processor Device)
[    0.262582] ACPI: Added _OSI(3.0 _SCP Extensions)
[    0.262582] ACPI: Added _OSI(Processor Aggregator Device)
[    0.262583] ACPI: Added _OSI(Linux-Dell-Video)
[    0.262584] ACPI: Added _OSI(Linux-Lenovo-NV-HDMI-Audio)
[    0.262585] ACPI: Added _OSI(Linux-HPI-Hybrid-Graphics)
[    0.264846] ACPI: 2 ACPI AML tables successfully acquired and loaded
[    0.266354] ACPI: Interpreter enabled
[    0.266364] ACPI: (supports S0 S5)
[    0.266365] ACPI: Using IOAPIC for interrupt routing
[    0.266572] PCI: Using host bridge windows from ACPI; if necessary, use "pci=nocrs" and report a bug
[    0.266679] ACPI: Enabled 2 GPEs in block 00 to 07
[    0.271522] ACPI: PCI Root Bridge [PCI0] (domain 0000 [bus 00-ff])
[    0.271528] acpi PNP0A03:00: _OSC: OS supports [ASPM ClockPM Segments MSI HPX-Type3]
[    0.271970] acpi PNP0A03:00: _OSC: not requesting OS control; OS requires [ExtendedConfig ASPM ClockPM MSI]
[    0.271979] acpi PNP0A03:00: fail to add MMCONFIG information, can't access extended PCI configuration space under this bridge.
[    0.272349] PCI host bridge to bus 0000:00
[    0.272351] pci_bus 0000:00: root bus resource [io  0x0000-0x0cf7 window]
[    0.272352] pci_bus 0000:00: root bus resource [io  0x0d00-0xffff window]
[    0.272354] pci_bus 0000:00: root bus resource [mem 0x000a0000-0x000bffff window]
[    0.272355] pci_bus 0000:00: root bus resource [mem 0x80000000-0xfdffffff window]
[    0.272356] pci_bus 0000:00: root bus resource [bus 00-ff]
[    0.272396] pci 0000:00:00.0: [8086:1237] type 00 class 0x060000
[    0.273469] pci 0000:00:01.0: [8086:7000] type 00 class 0x060100
[    0.274219] pci 0000:00:01.1: [8086:7111] type 00 class 0x01018a
[    0.274598] pci 0000:00:01.1: reg 0x20: [io  0xd000-0xd00f]
[    0.274754] pci 0000:00:01.1: legacy IDE quirk: reg 0x10: [io  0x01f0-0x01f7]
[    0.274755] pci 0000:00:01.1: legacy IDE quirk: reg 0x14: [io  0x03f6]
[    0.274756] pci 0000:00:01.1: legacy IDE quirk: reg 0x18: [io  0x0170-0x0177]
[    0.274757] pci 0000:00:01.1: legacy IDE quirk: reg 0x1c: [io  0x0376]
[    0.275296] pci 0000:00:02.0: [15ad:0405] type 00 class 0x030000
[    0.277468] pci 0000:00:02.0: reg 0x10: [io  0xd010-0xd01f]
[    0.281437] pci 0000:00:02.0: reg 0x14: [mem 0xe0000000-0xe7ffffff pref]
[    0.284032] pci 0000:00:02.0: reg 0x18: [mem 0xf0000000-0xf01fffff]
[    0.294234] pci 0000:00:03.0: [1022:2000] type 00 class 0x020000
[    0.294994] pci 0000:00:03.0: reg 0x10: [io  0xd020-0xd03f]
[    0.295673] pci 0000:00:03.0: reg 0x14: [mem 0xf0200000-0xf0200fff]
[    0.299904] pci 0000:00:04.0: [80ee:cafe] type 00 class 0x088000
[    0.300571] pci 0000:00:04.0: reg 0x10: [io  0xd040-0xd05f]
[    0.301173] pci 0000:00:04.0: reg 0x14: [mem 0xf0400000-0xf07fffff]
[    0.301509] pci 0000:00:04.0: reg 0x18: [mem 0xf0800000-0xf0803fff pref]
[    0.305019] pci 0000:00:07.0: [8086:7113] type 00 class 0x068000
[    0.305740] pci 0000:00:07.0: quirk: [io  0x4000-0x403f] claimed by PIIX4 ACPI
[    0.305754] pci 0000:00:07.0: quirk: [io  0x4100-0x410f] claimed by PIIX4 SMB
[    0.306358] pci 0000:00:08.0: [8086:100e] type 00 class 0x020000
[    0.307062] pci 0000:00:08.0: reg 0x10: [mem 0xf0820000-0xf083ffff]
[    0.308223] pci 0000:00:08.0: reg 0x18: [io  0xd060-0xd067]
[    0.311030] pci 0000:00:09.0: [8086:100e] type 00 class 0x020000
[    0.311773] pci 0000:00:09.0: reg 0x10: [mem 0xf0840000-0xf085ffff]
[    0.313502] pci 0000:00:09.0: reg 0x18: [io  0xd068-0xd06f]
[    0.322407] ACPI: PCI Interrupt Link [LNKA] (IRQs 5 9 10 *11)
[    0.322686] ACPI: PCI Interrupt Link [LNKB] (IRQs 5 9 *10 11)
[    0.322792] ACPI: PCI Interrupt Link [LNKC] (IRQs 5 *9 10 11)
[    0.322891] ACPI: PCI Interrupt Link [LNKD] (IRQs 5 9 10 *11)
[    0.323134] iommu: Default domain type: Translated 
[    0.323193] pci 0000:00:02.0: vgaarb: setting as boot VGA device
[    0.323195] pci 0000:00:02.0: vgaarb: VGA device added: decodes=io+mem,owns=io+mem,locks=none
[    0.325393] pci 0000:00:02.0: vgaarb: bridge control possible
[    0.325394] vgaarb: loaded
[    0.325596] SCSI subsystem initialized
[    0.325627] libata version 3.00 loaded.
[    0.325651] ACPI: bus type USB registered
[    0.325667] usbcore: registered new interface driver usbfs
[    0.325673] usbcore: registered new interface driver hub
[    0.325678] usbcore: registered new device driver usb
[    0.325706] pps_core: LinuxPPS API ver. 1 registered
[    0.325706] pps_core: Software ver. 5.3.6 - Copyright 2005-2007 Rodolfo Giometti <giometti@linux.it>
[    0.325708] PTP clock support registered
[    0.325742] EDAC MC: Ver: 3.0.0
[    0.326026] PCI: Using ACPI for IRQ routing
[    0.326027] PCI: pci_cache_line_size set to 64 bytes
[    0.326201] e820: reserve RAM buffer [mem 0x0009fc00-0x0009ffff]
[    0.326205] e820: reserve RAM buffer [mem 0x7fff0000-0x7fffffff]
[    0.326994] NetLabel: Initializing
[    0.326995] NetLabel:  domain hash size = 128
[    0.326995] NetLabel:  protocols = UNLABELED CIPSOv4 CALIPSO
[    0.327014] NetLabel:  unlabeled traffic allowed by default
[    0.327909] clocksource: Switched to clocksource kvm-clock
[    0.339779] *** VALIDATE bpf ***
[    0.339834] VFS: Disk quotas dquot_6.6.0
[    0.339847] VFS: Dquot-cache hash table entries: 512 (order 0, 4096 bytes)
[    0.339868] *** VALIDATE ramfs ***
[    0.339871] *** VALIDATE hugetlbfs ***
[    0.339952] AppArmor: AppArmor Filesystem Enabled
[    0.339976] pnp: PnP ACPI init
[    0.340038] pnp 00:00: Plug and Play ACPI device, IDs PNP0303 (active)
[    0.340122] pnp 00:01: Plug and Play ACPI device, IDs PNP0f03 (active)
[    0.340865] pnp: PnP ACPI: found 2 devices
[    0.341865] thermal_sys: Registered thermal governor 'fair_share'
[    0.341866] thermal_sys: Registered thermal governor 'bang_bang'
[    0.341867] thermal_sys: Registered thermal governor 'step_wise'
[    0.341867] thermal_sys: Registered thermal governor 'user_space'
[    0.341868] thermal_sys: Registered thermal governor 'power_allocator'
[    0.346397] clocksource: acpi_pm: mask: 0xffffff max_cycles: 0xffffff, max_idle_ns: 2085701024 ns
[    0.346435] pci_bus 0000:00: resource 4 [io  0x0000-0x0cf7 window]
[    0.346437] pci_bus 0000:00: resource 5 [io  0x0d00-0xffff window]
[    0.346438] pci_bus 0000:00: resource 6 [mem 0x000a0000-0x000bffff window]
[    0.346439] pci_bus 0000:00: resource 7 [mem 0x80000000-0xfdffffff window]
[    0.346493] NET: Registered protocol family 2
[    0.346567] IP idents hash table entries: 32768 (order: 6, 262144 bytes, linear)
[    0.346963] MPTCP tokens hash table entries: 8192 (order: 4, 65536 bytes, linear)
[    0.346983] MPTCP request tokens hash table entries: 8192 (order: 4, 65536 bytes, linear)
[    0.347008] default registered
[    0.347008] default registered
[    0.347008] MPTCP: Stable release v0.96
[    0.347013] tcp_listen_portaddr_hash hash table entries: 1024 (order: 2, 16384 bytes, linear)
[    0.347092] TCP established hash table entries: 16384 (order: 5, 131072 bytes, linear)
[    0.347158] TCP bind hash table entries: 16384 (order: 6, 262144 bytes, linear)
[    0.347184] TCP: Hash tables configured (established 16384 bind 16384)
[    0.347900] UDP hash table entries: 1024 (order: 3, 32768 bytes, linear)
[    0.347912] UDP-Lite hash table entries: 1024 (order: 3, 32768 bytes, linear)
[    0.347946] NET: Registered protocol family 1
[    0.347954] NET: Registered protocol family 44
[    0.347976] pci 0000:00:00.0: Limiting direct PCI/PCI transfers
[    0.347989] pci 0000:00:01.0: Activating ISA DMA hang workarounds
[    0.348041] pci 0000:00:02.0: Video device with shadowed ROM at [mem 0x000c0000-0x000dffff]
[    0.348105] PCI: CLS 0 bytes, default 64
[    0.348149] Trying to unpack rootfs image as initramfs...
[    0.520346] Freeing initrd memory: 47868K
[    0.520439] clocksource: tsc: mask: 0xffffffffffffffff max_cycles: 0x1e4530a99b6, max_idle_ns: 440795257976 ns
[    0.520448] clocksource: Switched to clocksource tsc
[    0.520486] platform rtc_cmos: registered platform RTC device (no PNP device found)
[    0.520515] check: Scanning for low memory corruption every 60 seconds
[    0.520819] Initialise system trusted keyrings
[    0.520828] Key type blacklist registered
[    0.520871] workingset: timestamp_bits=36 max_order=19 bucket_order=0
[    0.522184] zbud: loaded
[    0.522539] squashfs: version 4.0 (2009/01/31) Phillip Lougher
[    0.522666] fuse: init (API version 7.31)
[    0.522682] *** VALIDATE fuse ***
[    0.522683] *** VALIDATE fuse ***
[    0.522786] Platform Keyring initialized
[    0.522913] Key type asymmetric registered
[    0.522913] Asymmetric key parser 'x509' registered
[    0.522913] Block layer SCSI generic (bsg) driver version 0.4 loaded (major 244)
[    0.522913] io scheduler mq-deadline registered
[    0.522913] shpchp: Standard Hot Plug PCI Controller Driver version: 0.4
[    0.526322] ACPI: AC Adapter [AC] (on-line)
[    0.526367] input: Power Button as /devices/LNXSYSTM:00/LNXPWRBN:00/input/input0
[    0.526394] ACPI: Power Button [PWRF]
[    0.526479] input: Sleep Button as /devices/LNXSYSTM:00/LNXSLPBN:00/input/input1
[    0.526494] ACPI: Sleep Button [SLPF]
[    0.526731] Serial: 8250/16550 driver, 32 ports, IRQ sharing enabled
[    0.527899] Linux agpgart interface v0.103
[    0.623114] loop: module loaded
[    0.623254] ata_piix 0000:00:01.1: version 2.13
[    0.623655] scsi host0: ata_piix
[    0.623742] scsi host1: ata_piix
[    0.623768] ata1: PATA max UDMA/33 cmd 0x1f0 ctl 0x3f6 bmdma 0xd000 irq 14
[    0.623769] ata2: PATA max UDMA/33 cmd 0x170 ctl 0x376 bmdma 0xd008 irq 15
[    0.623843] tun: Universal TUN/TAP device driver, 1.6
[    0.624150] PPP generic driver version 2.4.2
[    0.624199] VFIO - User Level meta-driver version: 0.3
[    0.624453] ehci_hcd: USB 2.0 'Enhanced' Host Controller (EHCI) Driver
[    0.624458] ehci-pci: EHCI PCI platform driver
[    0.624470] ehci-platform: EHCI generic platform driver
[    0.624476] ohci_hcd: USB 1.1 'Open' Host Controller (OHCI) Driver
[    0.624478] ohci-pci: OHCI PCI platform driver
[    0.624486] ohci-platform: OHCI generic platform driver
[    0.624491] uhci_hcd: USB Universal Host Controller Interface driver
[    0.624557] i8042: PNP: PS/2 Controller [PNP0303:PS2K,PNP0f03:PS2M] at 0x60,0x64 irq 1,12
[    0.625000] serio: i8042 KBD port at 0x60,0x64 irq 1
[    0.625004] serio: i8042 AUX port at 0x60,0x64 irq 12
[    0.625090] mousedev: PS/2 mouse device common for all mice
[    0.625333] input: AT Translated Set 2 keyboard as /devices/platform/i8042/serio0/input/input2
[    0.625739] rtc_cmos rtc_cmos: registered as rtc0
[    0.625752] rtc_cmos rtc_cmos: alarms up to one day, 114 bytes nvram
[    0.625757] i2c /dev entries driver
[    0.625797] device-mapper: uevent: version 1.0.3
[    0.625838] device-mapper: ioctl: 4.41.0-ioctl (2019-09-16) initialised: dm-devel@redhat.com
[    0.625855] platform eisa.0: Probing EISA bus 0
[    0.625856] platform eisa.0: EISA: Cannot allocate resource for mainboard
[    0.625857] platform eisa.0: Cannot allocate resource for EISA slot 1
[    0.625858] platform eisa.0: Cannot allocate resource for EISA slot 2
[    0.625859] platform eisa.0: Cannot allocate resource for EISA slot 3
[    0.625860] platform eisa.0: Cannot allocate resource for EISA slot 4
[    0.625861] platform eisa.0: Cannot allocate resource for EISA slot 5
[    0.625862] platform eisa.0: Cannot allocate resource for EISA slot 6
[    0.625863] platform eisa.0: Cannot allocate resource for EISA slot 7
[    0.625864] platform eisa.0: Cannot allocate resource for EISA slot 8
[    0.625865] platform eisa.0: EISA: Detected 0 cards
[    0.625868] intel_pstate: CPU model not supported
[    0.625875] ledtrig-cpu: registered to indicate activity on CPUs
[    0.625926] drop_monitor: Initializing network drop monitor service
[    0.626099] NET: Registered protocol family 10
[    0.631243] Segment Routing with IPv6
[    0.631243] fullmesh registered
[    0.631243] ndiffports registered
[    0.631243] binder registered
[    0.631243] roundrobin registered
[    0.631243] redundant registered
[    0.631243] blest registered
[    0.631243] ecf registered
[    0.631243] NET: Registered protocol family 17
[    0.631243] Key type dns_resolver registered
[    0.631243] RAS: Correctable Errors collector initialized.
[    0.631243] IPI shorthand broadcast: enabled
[    0.631243] sched_clock: Marking stable (616176965, 11066663)->(629237484, -1993856)
[    0.631660] registered taskstats version 1
[    0.631671] Loading compiled-in X.509 certificates
[    0.632505] Loaded X.509 cert 'Build time autogenerated kernel key: 6909f3744cebb3d0de528d5887b96a727de79b1e'
[    0.632527] zswap: loaded using pool lzo/zbud
[    0.632593] Key type ._fscrypt registered
[    0.632594] Key type .fscrypt registered
[    0.637581] Key type big_key registered
[    0.639977] Key type encrypted registered
[    0.639980] AppArmor: AppArmor sha1 policy hashing enabled
[    0.639990] ima: No TPM chip found, activating TPM-bypass!
[    0.639994] ima: Allocated hash algorithm: sha1
[    0.640000] ima: No architecture policies found
[    0.640012] evm: Initialising EVM extended attributes:
[    0.640013] evm: security.selinux
[    0.640014] evm: security.SMACK64
[    0.640014] evm: security.SMACK64EXEC
[    0.640015] evm: security.SMACK64TRANSMUTE
[    0.640016] evm: security.SMACK64MMAP
[    0.640016] evm: security.apparmor
[    0.640017] evm: security.ima
[    0.640018] evm: security.capability
[    0.640018] evm: HMAC attrs: 0x1
[    0.640356] PM:   Magic number: 10:218:839
[    0.640487] rtc_cmos rtc_cmos: setting system clock to 2026-01-13T14:50:51 UTC (1768315851)
[    0.794614] ata1.00: ATA-6: VBOX HARDDISK, 1.0, max UDMA/133
[    0.794616] ata1.00: 209715200 sectors, multi 128: LBA 
[    0.795039] scsi 0:0:0:0: Direct-Access     ATA      VBOX HARDDISK    1.0  PQ: 0 ANSI: 5
[    0.795241] sd 0:0:0:0: [sda] 209715200 512-byte logical blocks: (107 GB/100 GiB)
[    0.795248] sd 0:0:0:0: [sda] Write Protect is off
[    0.795250] sd 0:0:0:0: [sda] Mode Sense: 00 3a 00 00
[    0.795260] sd 0:0:0:0: [sda] Write cache: enabled, read cache: enabled, doesn't support DPO or FUA
[    0.795446] sd 0:0:0:0: Attached scsi generic sg0 type 0
[    0.796059]  sda: sda1 sda2
[    0.807275] sd 0:0:0:0: [sda] Attached SCSI disk
[    0.809793] Freeing unused decrypted memory: 2040K
[    0.810582] Freeing unused kernel image memory: 2728K
[    0.810586] Write protecting the kernel read-only data: 22528k
[    0.811433] Freeing unused kernel image memory: 2036K
[    0.811888] Freeing unused kernel image memory: 1432K
[    0.825201] x86/mm: Checked W+X mappings: passed, no W+X pages found.
[    0.825205] Run /init as init process
[    0.915388] ACPI: Video Device [GFX0] (multi-head: yes  rom: no  post: no)
[    0.915458] input: Video Bus as /devices/LNXSYSTM:00/LNXSYBUS:00/PNP0A03:00/LNXVIDEO:00/input/input4
[    0.928732] pcnet32: pcnet32.c:v1.35 21.Apr.2008 tsbogend@alpha.franken.de
[    0.930232] piix4_smbus 0000:00:07.0: SMBus Host Controller at 0x4100, revision 0
[    0.932711] e1000: Intel(R) PRO/1000 Network Driver - version 7.3.21-k8-NAPI
[    0.932712] e1000: Copyright (c) 1999-2006 Intel Corporation.
[    0.944117] pcnet32: PCnet/FAST III 79C973 at 0xd020, 08:00:27:4c:6e:18 assigned IRQ 19
[    0.944161] pcnet32: Found PHY 0022:561b at address 0
[    0.944462] pcnet32: eth0: registered as PCnet/FAST III 79C973
[    0.950222] pcnet32: 1 cards_found
[    1.007500] pcnet32 0000:00:03.0 enp0s3: renamed from eth0
[    1.146303] input: ImExPS/2 Generic Explorer Mouse as /devices/platform/i8042/serio1/input/input5
[    1.339512] e1000 0000:00:08.0 eth0: (PCI:33MHz:32-bit) 08:00:27:0d:d5:ad
[    1.339518] e1000 0000:00:08.0 eth0: Intel(R) PRO/1000 Network Connection
[    1.711527] e1000 0000:00:09.0 eth1: (PCI:33MHz:32-bit) 08:00:27:3e:25:4a
[    1.711531] e1000 0000:00:09.0 eth1: Intel(R) PRO/1000 Network Connection
[    1.712843] e1000 0000:00:09.0 enp0s9: renamed from eth1
[    1.714758] e1000 0000:00:08.0 enp0s8: renamed from eth0
[    1.856808] EXT4-fs (sda2): mounted filesystem with ordered data mode. Opts: (null)
[    1.949238] systemd[1]: Inserted module 'autofs4'
[    1.959696] systemd[1]: systemd 245.4-4ubuntu3 running in system mode. (+PAM +AUDIT +SELINUX +IMA +APPARMOR +SMACK +SYSVINIT +UTMP +LIBCRYPTSETUP +GCRYPT +GNUTLS +ACL +XZ +LZ4 +SECCOMP +BLKID +ELFUTILS +KMOD +IDN2 -IDN +PCRE2 default-hierarchy=hybrid)
[    1.959730] systemd[1]: Detected virtualization oracle.
[    1.959734] systemd[1]: Detected architecture x86-64.
[    1.961074] systemd[1]: Set hostname to <ztg>.
[    2.093583] systemd[1]: /lib/systemd/system/dbus.socket:5: ListenStream= references a path below legacy directory /var/run/, updating /var/run/dbus/system_bus_socket â†’ /run/dbus/system_bus_socket; please update the unit file accordingly.
[    2.146456] systemd[1]: Created slice system-modprobe.slice.
[    2.146650] systemd[1]: Created slice User and Session Slice.
[    2.146696] systemd[1]: Started Forward Password Requests to Wall Directory Watch.
[    2.146882] systemd[1]: Set up automount Arbitrary Executable File Formats File System Automount Point.
[    2.146918] systemd[1]: Reached target User and Group Name Lookups.
[    2.146927] systemd[1]: Reached target Remote File Systems.
[    2.146936] systemd[1]: Reached target Slices.
[    2.147639] systemd[1]: Listening on Syslog Socket.
[    2.147710] systemd[1]: Listening on fsck to fsckd communication Socket.
[    2.147750] systemd[1]: Listening on initctl Compatibility Named Pipe.
[    2.147895] systemd[1]: Listening on Journal Audit Socket.
[    2.147947] systemd[1]: Listening on Journal Socket (/dev/log).
[    2.148019] systemd[1]: Listening on Journal Socket.
[    2.148084] systemd[1]: Listening on udev Control Socket.
[    2.148124] systemd[1]: Listening on udev Kernel Socket.
[    2.148980] systemd[1]: Mounting Huge Pages File System...
[    2.150042] systemd[1]: Mounting POSIX Message Queue File System...
[    2.151016] systemd[1]: Mounting Kernel Debug File System...
[    2.152298] systemd[1]: Mounting Kernel Trace File System...
[    2.178397] systemd[1]: Starting Journal Service...
[    2.187516] systemd[1]: Starting Set the console keyboard layout...
[    2.190683] systemd[1]: Starting Create list of static device nodes for the current kernel...
[    2.195345] systemd[1]: Starting Load Kernel Module drm...
[    2.202214] systemd[1]: Condition check resulted in Set Up Additional Binary Formats being skipped.
[    2.202482] systemd[1]: Condition check resulted in File System Check on Root Device being skipped.
[    2.209441] systemd[1]: Starting Load Kernel Modules...
[    2.214519] systemd[1]: Starting Remount Root and Kernel File Systems...
[    2.239268] systemd[1]: Starting udev Coldplug all Devices...
[    2.248566] systemd[1]: Starting Uncomplicated firewall...
[    2.253148] systemd[1]: Mounted Huge Pages File System.
[    2.253258] systemd[1]: Mounted POSIX Message Queue File System.
[    2.253348] systemd[1]: Mounted Kernel Debug File System.
[    2.253428] systemd[1]: Mounted Kernel Trace File System.
[    2.274728] EXT4-fs (sda2): re-mounted. Opts: errors=remount-ro
[    2.276320] systemd[1]: Finished Create list of static device nodes for the current kernel.
[    2.277681] systemd[1]: modprobe@drm.service: Succeeded.
[    2.279078] systemd[1]: Finished Load Kernel Module drm.
[    2.285669] systemd[1]: Finished Remount Root and Kernel File Systems.
[    2.288719] systemd[1]: Finished Uncomplicated firewall.
[    2.305957] systemd[1]: Condition check resulted in Rebuild Hardware Database being skipped.
[    2.306008] systemd[1]: Condition check resulted in Platform Persistent Storage Archival being skipped.
[    2.307138] systemd[1]: Starting Load/Save Random Seed...
[    2.310985] lp: driver loaded but no devices found
[    2.321222] systemd[1]: Starting Create System Users...
[    2.328380] systemd[1]: Finished Load/Save Random Seed.
[    2.329518] ppdev: user-space parallel port driver
[    2.337819] systemd[1]: Finished Create System Users.
[    2.338750] systemd[1]: Starting Create Static Device Nodes in /dev...
[    2.372290] systemd[1]: Finished Create Static Device Nodes in /dev.
[    2.373197] systemd[1]: Starting udev Kernel Device Manager...
[    2.421231] systemd[1]: Finished udev Coldplug all Devices.
[    2.424569] [drm] DMA map mode: Caching DMA mappings.
[    2.424631] [drm] Capabilities:
[    2.424631] [drm]   Rect copy.
[    2.424632] [drm]   Cursor.
[    2.424632] [drm]   Cursor bypass.
[    2.424632] [drm]   Cursor bypass 2.
[    2.424633] [drm]   Alpha cursor.
[    2.424633] [drm]   Extended Fifo.
[    2.424633] [drm]   Pitchlock.
[    2.424634] [drm]   Irq mask.
[    2.424634] [drm]   GMR.
[    2.424634] [drm]   Traces.
[    2.424635] [drm]   GMR2.
[    2.424635] [drm]   Screen Object 2.
[    2.424635] [drm]   Command Buffers.
[    2.424636] [drm]   Command Buffers 2.
[    2.424636] [drm]   Guest Backed Resources.
[    2.424637] [drm] Max GMR ids is 8192
[    2.424638] [drm] Max number of GMR pages is 1048576
[    2.424638] [drm] Max dedicated hypervisor surface memory is 393216 kiB
[    2.424639] [drm] Maximum display memory size is 131072 kiB
[    2.424639] [drm] VRAM at 0xe0000000 size is 131072 kiB
[    2.424640] [drm] MMIO at 0xf0000000 size is 2048 kiB
[    2.425597] [TTM] Zone  kernel: Available graphics memory: 1011738 KiB
[    2.425598] [TTM] Initializing pool allocator
[    2.425601] [TTM] Initializing DMA pool allocator
[    2.425631] [drm] Supports vblank timestamp caching Rev 2 (21.10.2013).
[    2.425631] [drm] No driver support for vblank timestamp query.
[    2.425864] [drm] Screen Target Display device initialized
[    2.426188] [drm] width 720
[    2.426197] [drm] height 400
[    2.426200] [drm] bpp 32
[    2.426753] [drm] Fifo max 0x00200000 min 0x00001000 cap 0x00000355
[    2.429385] [drm] Using command buffers with DMA pool.
[    2.429390] [drm] DX: no.
[    2.429390] [drm] Atomic: yes.
[    2.429390] [drm] SM4_1: no.
[    2.429409] [drm:vmw_host_log [vmwgfx]] *ERROR* Failed to send host log message.
[    2.430316] [drm:vmw_host_log [vmwgfx]] *ERROR* Failed to send host log message.
[    2.465269] fbcon: svgadrmfb (fb0) is primary device
[    2.467715] Console: switching to colour frame buffer device 100x37
[    2.475079] [drm] Initialized vmwgfx 2.15.0 20180704 for 0000:00:02.0 on minor 0
[    2.476588] systemd[1]: Finished Load Kernel Modules.
[    2.477606] systemd[1]: Mounting FUSE Control File System...
[    2.478883] systemd[1]: Mounting Kernel Configuration File System...
[    2.496347] systemd[1]: Starting Apply Kernel Variables...
[    2.497524] systemd[1]: Finished Set the console keyboard layout.
[    2.497662] systemd[1]: Reached target Local File Systems (Pre).
[    2.502485] systemd[1]: Mounting Mount unit for bare, revision 5...
[    2.514533] systemd[1]: Mounting Mount unit for core18, revision 1705...
[    2.520935] systemd[1]: Mounting Mount unit for gnome-3-34-1804, revision 24...
[    2.543624] systemd[1]: Mounting Mount unit for gtk-common-themes, revision 1506...
[    2.550331] systemd[1]: Mounting Mount unit for gtk-common-themes, revision 1535...
[    2.560293] systemd[1]: Mounting Mount unit for snap-store, revision 433...
[    2.566469] systemd[1]: Mounting Mount unit for snapd, revision 7264...
[    2.591909] systemd[1]: Mounted FUSE Control File System.
[    2.592014] systemd[1]: Mounted Kernel Configuration File System.
[    2.595174] systemd[1]: Finished Apply Kernel Variables.
[    2.595325] systemd[1]: Mounted Mount unit for bare, revision 5.
[    2.595388] systemd[1]: Condition check resulted in VMware vmblock fuse mount being skipped.
[    2.617750] systemd[1]: Started udev Kernel Device Manager.
[    2.618502] systemd[1]: Starting Show Plymouth Boot Screen...
[    2.641996] systemd[1]: Mounted Mount unit for gnome-3-34-1804, revision 24.
[    2.648019] systemd[1]: Received SIGRTMIN+20 from PID 286 (plymouthd).
[    2.669371] systemd[1]: Mounted Mount unit for gtk-common-themes, revision 1506.
[    2.669659] systemd[1]: Started Show Plymouth Boot Screen.
[    2.669850] systemd[1]: Condition check resulted in Dispatch Password Requests to Console Directory Watch being skipped.
[    2.669945] systemd[1]: Started Forward Password Requests to Plymouth Directory Watch.
[    2.670012] systemd[1]: Reached target Local Encrypted Volumes.
[    2.674073] systemd[1]: Mounted Mount unit for core18, revision 1705.
[    2.707838] systemd[1]: Mounted Mount unit for snap-store, revision 433.
[    2.740704] systemd[1]: Mounted Mount unit for gtk-common-themes, revision 1535.
[    2.740949] systemd[1]: Mounted Mount unit for snapd, revision 7264.
[    2.741116] systemd[1]: Reached target Local File Systems.
[    2.743630] systemd[1]: Starting Load AppArmor profiles...
[    2.749281] systemd[1]: Starting Set console font and keymap...
[    2.760041] systemd[1]: Starting Tell Plymouth To Write Out Runtime Data...
[    2.761682] systemd[1]: Condition check resulted in Store a System Token in an EFI Variable being skipped.
[    2.761712] systemd[1]: Condition check resulted in Commit a transient machine-id on disk being skipped.
[    2.764104] systemd[1]: Finished Set console font and keymap.
[    2.774069] systemd[1]: Received SIGRTMIN+20 from PID 286 (plymouthd).
[    2.775372] systemd[1]: plymouth-read-write.service: Succeeded.
[    2.775654] systemd[1]: Finished Tell Plymouth To Write Out Runtime Data.
[    2.803779] audit: type=1400 audit(1768315853.660:2): apparmor="STATUS" operation="profile_load" profile="unconfined" name="nvidia_modprobe" pid=300 comm="apparmor_parser"
[    2.803781] audit: type=1400 audit(1768315853.660:3): apparmor="STATUS" operation="profile_load" profile="unconfined" name="nvidia_modprobe//kmod" pid=300 comm="apparmor_parser"
[    2.814476] audit: type=1400 audit(1768315853.668:4): apparmor="STATUS" operation="profile_load" profile="unconfined" name="/usr/sbin/tcpdump" pid=301 comm="apparmor_parser"
[    2.860664] audit: type=1400 audit(1768315853.708:5): apparmor="STATUS" operation="profile_load" profile="unconfined" name="/usr/bin/evince" pid=303 comm="apparmor_parser"
[    2.860666] audit: type=1400 audit(1768315853.708:6): apparmor="STATUS" operation="profile_load" profile="unconfined" name="/usr/bin/evince//sanitized_helper" pid=303 comm="apparmor_parser"
[    2.860668] audit: type=1400 audit(1768315853.708:7): apparmor="STATUS" operation="profile_load" profile="unconfined" name="/usr/bin/evince-previewer" pid=303 comm="apparmor_parser"
[    2.860672] audit: type=1400 audit(1768315853.708:8): apparmor="STATUS" operation="profile_load" profile="unconfined" name="/usr/bin/evince-previewer//sanitized_helper" pid=303 comm="apparmor_parser"
[    2.860673] audit: type=1400 audit(1768315853.708:9): apparmor="STATUS" operation="profile_load" profile="unconfined" name="/usr/bin/evince-thumbnailer" pid=303 comm="apparmor_parser"
[    2.876864] audit: type=1400 audit(1768315853.732:10): apparmor="STATUS" operation="profile_load" profile="unconfined" name="/usr/lib/cups/backend/cups-pdf" pid=304 comm="apparmor_parser"
[    2.955618] systemd[1]: Finished Load AppArmor profiles.
[    2.956725] systemd[1]: Starting Load AppArmor profiles managed internally by snapd...
[    3.023240] systemd[1]: Finished Load AppArmor profiles managed internally by snapd.
[    3.133253] systemd[1]: Started Journal Service.
[    3.140933] systemd-journald[229]: Received client request to flush runtime journal.
[    3.146286] systemd-journald[229]: File /var/log/journal/c455b248004a419c87ce85eea238d727/system.journal corrupted or uncleanly shut down, renaming and replacing.
[    4.483023] RAPL PMU: API unit is 2^-32 Joules, 0 fixed counters, 10737418240 ms ovfl timer
[    4.510823] cryptd: max_cpu_qlen set to 1000
[    4.603859] AVX2 version of gcm_enc/dec engaged.
[    4.603860] AES CTR mode by8 optimization enabled
[    5.467317] Adding 1998844k swap on /dev/sda1.  Priority:-2 extents:1 across:1998844k FS
[    6.454885] kauditd_printk_skb: 30 callbacks suppressed
[    6.454886] audit: type=1400 audit(1768315857.308:41): apparmor="DENIED" operation="capable" profile="/usr/sbin/cups-browsed" pid=495 comm="cups-browsed" capability=23  capname="sys_nice"
[    7.622686] pcnet32 0000:00:03.0 enp0s3: link up, 100Mbps, full-duplex
[    7.658542] e1000: enp0s8 NIC Link is Up 1000 Mbps Full Duplex, Flow Control: RX
[    7.658816] IPv6: ADDRCONF(NETDEV_CHANGE): enp0s8: link becomes ready
[    7.671127] e1000: enp0s9 NIC Link is Up 1000 Mbps Full Duplex, Flow Control: RX
[    7.671448] IPv6: ADDRCONF(NETDEV_CHANGE): enp0s9: link becomes ready
[    8.204742] device enp0s3 entered promiscuous mode
[    8.221578] audit: type=1400 audit(1768315859.072:42): apparmor="DENIED" operation="open" profile="/usr/sbin/tcpdump" name="/proc/sys/kernel/random/boot_id" pid=660 comm="tcpdump" requested_mask="r" denied_mask="r" fsuid=0 ouid=0
[    8.221857] audit: type=1400 audit(1768315859.072:43): apparmor="DENIED" operation="open" profile="/usr/sbin/tcpdump" name="/proc/sys/kernel/random/boot_id" pid=660 comm="tcpdump" requested_mask="r" denied_mask="r" fsuid=0 ouid=0
[    8.221961] audit: type=1400 audit(1768315859.072:44): apparmor="DENIED" operation="open" profile="/usr/sbin/tcpdump" name="/proc/sys/kernel/random/boot_id" pid=660 comm="tcpdump" requested_mask="r" denied_mask="r" fsuid=0 ouid=0
[    8.222161] audit: type=1400 audit(1768315859.072:45): apparmor="DENIED" operation="open" profile="/usr/sbin/tcpdump" name="/proc/sys/kernel/random/boot_id" pid=660 comm="tcpdump" requested_mask="r" denied_mask="r" fsuid=0 ouid=0
[    8.230101] audit: type=1400 audit(1768315859.084:46): apparmor="DENIED" operation="open" profile="/usr/sbin/tcpdump" name="/proc/sys/kernel/random/boot_id" pid=661 comm="tcpdump" requested_mask="r" denied_mask="r" fsuid=0 ouid=0
[    8.230299] audit: type=1400 audit(1768315859.084:47): apparmor="DENIED" operation="open" profile="/usr/sbin/tcpdump" name="/proc/sys/kernel/random/boot_id" pid=661 comm="tcpdump" requested_mask="r" denied_mask="r" fsuid=0 ouid=0
[    8.230340] audit: type=1400 audit(1768315859.084:48): apparmor="DENIED" operation="open" profile="/usr/sbin/tcpdump" name="/proc/sys/kernel/random/boot_id" pid=661 comm="tcpdump" requested_mask="r" denied_mask="r" fsuid=0 ouid=0
[    8.230423] audit: type=1400 audit(1768315859.084:49): apparmor="DENIED" operation="open" profile="/usr/sbin/tcpdump" name="/proc/sys/kernel/random/boot_id" pid=661 comm="tcpdump" requested_mask="r" denied_mask="r" fsuid=0 ouid=0
[   12.914827] rfkill: input handler disabled
[  369.882231] AAAAA-TCP_FORW: name:enp0s3: saddr:33561200: daddr:100932208
[  369.977558] AAAAA-TCP_FORW: name:enp0s3: saddr:16783984: daddr:100932208
[  370.050573] AAAAA-TCP_FORW: name:enp0s3: saddr:16783984: daddr:100932208
[  370.205130] AAAAA-TCP_FORW: name:enp0s3: saddr:33561200: daddr:100932208
[  370.242674] AAAAA-TCP_FORW: name:enp0s3: saddr:16783984: daddr:100932208
[  370.268049] AAAAA-TCP_FORW: name:enp0s3: saddr:33561200: daddr:100932208
[  370.359855] AAAAA-TCP_FORW: name:enp0s3: saddr:33561200: daddr:100932208
[  370.403336] AAAAA-TCP_FORW: name:enp0s3: saddr:16783984: daddr:100932208
[  370.530167] AAAAA-TCP_FORW: name:enp0s3: saddr:33561200: daddr:100932208
[  371.167232] AAAAA-TCP_FORW: name:enp0s3: saddr:16783984: daddr:100932208
[  797.248589] rfkill: input handler enabled
[  806.175414] rfkill: input handler disabled
[  986.518799] device enp0s3 left promiscuous mode
