[    0.000000] Linux version 5.4.243-mptcp (root@ztg) (gcc version 12.2.0 (Debian 12.2.0-14+deb12u1)) #53 SMP Wed Dec 24 23:28:15 CST 2025
[    0.000000] Command line: BOOT_IMAGE=/boot/vmlinuz-5.4.243-mptcp root=UUID=98415a12-53b7-4144-8265-0f7ece09e445 ro quiet splash
[    0.000000] KERNEL supported cpus:
[    0.000000]   Intel GenuineIntel
[    0.000000]   AMD AuthenticAMD
[    0.000000]   Hygon HygonGenuine
[    0.000000]   Centaur CentaurHauls
[    0.000000]   zhaoxin   Shanghai  
[    0.000000] x86/fpu: Supporting XSAVE feature 0x001: 'x87 floating point registers'
[    0.000000] x86/fpu: Supporting XSAVE feature 0x002: 'SSE registers'
[    0.000000] x86/fpu: Supporting XSAVE feature 0x004: 'AVX registers'
[    0.000000] x86/fpu: xstate_offset[2]:  576, xstate_sizes[2]:  256
[    0.000000] x86/fpu: Enabled xstate features 0x7, context size is 832 bytes, using 'standard' format.
[    0.000000] BIOS-provided physical RAM map:
[    0.000000] BIOS-e820: [mem 0x0000000000000000-0x000000000009fbff] usable
[    0.000000] BIOS-e820: [mem 0x000000000009fc00-0x000000000009ffff] reserved
[    0.000000] BIOS-e820: [mem 0x00000000000f0000-0x00000000000fffff] reserved
[    0.000000] BIOS-e820: [mem 0x0000000000100000-0x000000007ffeffff] usable
[    0.000000] BIOS-e820: [mem 0x000000007fff0000-0x000000007fffffff] ACPI data
[    0.000000] BIOS-e820: [mem 0x00000000fec00000-0x00000000fec00fff] reserved
[    0.000000] BIOS-e820: [mem 0x00000000fee00000-0x00000000fee00fff] reserved
[    0.000000] BIOS-e820: [mem 0x00000000fffc0000-0x00000000ffffffff] reserved
[    0.000000] NX (Execute Disable) protection: active
[    0.000000] SMBIOS 2.5 present.
[    0.000000] DMI: innotek GmbH VirtualBox/VirtualBox, BIOS VirtualBox 12/01/2006
[    0.000000] Hypervisor detected: KVM
[    0.000000] kvm-clock: Using msrs 4b564d01 and 4b564d00
[    0.000000] kvm-clock: cpu 0, msr 21601001, primary cpu clock
[    0.000000] kvm-clock: using sched offset of 4430794594 cycles
[    0.000003] clocksource: kvm-clock: mask: 0xffffffffffffffff max_cycles: 0x1cd42e4dffb, max_idle_ns: 881590591483 ns
[    0.000006] tsc: Detected 2100.000 MHz processor
[    0.001927] e820: update [mem 0x00000000-0x00000fff] usable ==> reserved
[    0.001930] e820: remove [mem 0x000a0000-0x000fffff] usable
[    0.001934] last_pfn = 0x7fff0 max_arch_pfn = 0x400000000
[    0.002002] MTRR default type: uncachable
[    0.002004] MTRR fixed ranges enabled:
[    0.002005]   00000-9FFFF write-back
[    0.002006]   A0000-BFFFF uncachable
[    0.002007]   C0000-FFFFF write-protect
[    0.002008] MTRR variable ranges enabled:
[    0.002009]   0 base 000000000000 mask 3FFF80000000 write-back
[    0.002010]   1 disabled
[    0.002010]   2 disabled
[    0.002011]   3 disabled
[    0.002011]   4 disabled
[    0.002012]   5 disabled
[    0.002013]   6 disabled
[    0.002013]   7 disabled
[    0.002014]   8 disabled
[    0.002015]   9 disabled
[    0.002015]   10 disabled
[    0.002016]   11 disabled
[    0.002016]   12 disabled
[    0.002017]   13 disabled
[    0.002017]   14 disabled
[    0.002018]   15 disabled
[    0.002038] x86/PAT: Configuration [0-7]: WB  WC  UC- UC  WB  WP  UC- WT  
[    0.002175] found SMP MP-table at [mem 0x0009fff0-0x0009ffff]
[    0.092701] check: Scanning 1 areas for low memory corruption
[    0.092912] RAMDISK: [mem 0x32271000-0x3512ffff]
[    0.092920] ACPI: Early table checksum verification disabled
[    0.092925] ACPI: RSDP 0x00000000000E0000 000024 (v02 VBOX  )
[    0.092930] ACPI: XSDT 0x000000007FFF0030 00003C (v01 VBOX   VBOXXSDT 00000001 ASL  00000061)
[    0.092936] ACPI: FACP 0x000000007FFF00F0 0000F4 (v04 VBOX   VBOXFACP 00000001 ASL  00000061)
[    0.092943] ACPI: DSDT 0x000000007FFF02E0 002353 (v02 VBOX   VBOXBIOS 00000002 VBOX 00029BF3)
[    0.092947] ACPI: FACS 0x000000007FFF0200 000040
[    0.092950] ACPI: FACS 0x000000007FFF0200 000040
[    0.092953] ACPI: APIC 0x000000007FFF0240 000054 (v02 VBOX   VBOXAPIC 00000001 ASL  00000061)
[    0.092957] ACPI: SSDT 0x000000007FFF02A0 000038 (v01 VBOX   VBOXCPUT 00000002 VBOX 00029BF3)
[    0.092960] ACPI: Reserving FACP table memory at [mem 0x7fff00f0-0x7fff01e3]
[    0.092961] ACPI: Reserving DSDT table memory at [mem 0x7fff02e0-0x7fff2632]
[    0.092962] ACPI: Reserving FACS table memory at [mem 0x7fff0200-0x7fff023f]
[    0.092962] ACPI: Reserving FACS table memory at [mem 0x7fff0200-0x7fff023f]
[    0.092963] ACPI: Reserving APIC table memory at [mem 0x7fff0240-0x7fff0293]
[    0.092964] ACPI: Reserving SSDT table memory at [mem 0x7fff02a0-0x7fff02d7]
[    0.092979] ACPI: Local APIC address 0xfee00000
[    0.093164] No NUMA configuration found
[    0.093165] Faking a node at [mem 0x0000000000000000-0x000000007ffeffff]
[    0.093175] NODE_DATA(0) allocated [mem 0x7ffc5000-0x7ffeffff]
[    0.093436] Zone ranges:
[    0.093437]   DMA      [mem 0x0000000000001000-0x0000000000ffffff]
[    0.093438]   DMA32    [mem 0x0000000001000000-0x000000007ffeffff]
[    0.093439]   Normal   empty
[    0.093440]   Device   empty
[    0.093441] Movable zone start for each node
[    0.093442] Early memory node ranges
[    0.093443]   node   0: [mem 0x0000000000001000-0x000000000009efff]
[    0.093444]   node   0: [mem 0x0000000000100000-0x000000007ffeffff]
[    0.093447] Zeroed struct page in unavailable ranges: 114 pages
[    0.093448] Initmem setup node 0 [mem 0x0000000000001000-0x000000007ffeffff]
[    0.093449] On node 0 totalpages: 524174
[    0.093451]   DMA zone: 64 pages used for memmap
[    0.093451]   DMA zone: 21 pages reserved
[    0.093452]   DMA zone: 3998 pages, LIFO batch:0
[    0.093523]   DMA32 zone: 8128 pages used for memmap
[    0.093524]   DMA32 zone: 520176 pages, LIFO batch:63
[    0.102435] ACPI: PM-Timer IO Port: 0x4008
[    0.102438] ACPI: Local APIC address 0xfee00000
[    0.102504] IOAPIC[0]: apic_id 1, version 32, address 0xfec00000, GSI 0-23
[    0.102508] ACPI: INT_SRC_OVR (bus 0 bus_irq 0 global_irq 2 dfl dfl)
[    0.102509] ACPI: INT_SRC_OVR (bus 0 bus_irq 9 global_irq 9 low level)
[    0.102511] ACPI: IRQ0 used by override.
[    0.102512] ACPI: IRQ9 used by override.
[    0.102515] Using ACPI (MADT) for SMP configuration information
[    0.102521] smpboot: Allowing 1 CPUs, 0 hotplug CPUs
[    0.102543] PM: Registered nosave memory: [mem 0x00000000-0x00000fff]
[    0.102544] PM: Registered nosave memory: [mem 0x0009f000-0x0009ffff]
[    0.102545] PM: Registered nosave memory: [mem 0x000a0000-0x000effff]
[    0.102545] PM: Registered nosave memory: [mem 0x000f0000-0x000fffff]
[    0.102547] [mem 0x80000000-0xfebfffff] available for PCI devices
[    0.102548] Booting paravirtualized kernel on KVM
[    0.102551] clocksource: refined-jiffies: mask: 0xffffffff max_cycles: 0xffffffff, max_idle_ns: 7645519600211568 ns
[    0.102555] setup_percpu: NR_CPUS:8192 nr_cpumask_bits:1 nr_cpu_ids:1 nr_node_ids:1
[    0.103553] percpu: Embedded 60 pages/cpu s208896 r8192 d28672 u2097152
[    0.103557] pcpu-alloc: s208896 r8192 d28672 u2097152 alloc=1*2097152
[    0.103558] pcpu-alloc: [0] 0 
[    0.103585] Built 1 zonelists, mobility grouping on.  Total pages: 515961
[    0.103586] Policy zone: DMA32
[    0.103587] Kernel command line: BOOT_IMAGE=/boot/vmlinuz-5.4.243-mptcp root=UUID=98415a12-53b7-4144-8265-0f7ece09e445 ro quiet splash
[    0.104454] Dentry cache hash table entries: 262144 (order: 9, 2097152 bytes, linear)
[    0.104601] Inode-cache hash table entries: 131072 (order: 8, 1048576 bytes, linear)
[    0.104650] mem auto-init: stack:off, heap alloc:on, heap free:off
[    0.104653] Calgary: detecting Calgary via BIOS EBDA area
[    0.104654] Calgary: Unable to locate Rio Grande table in EBDA - bailing!
[    0.108912] Memory: 1967332K/2096696K available (14339K kernel code, 2398K rwdata, 4712K rodata, 2728K init, 17260K bss, 129364K reserved, 0K cma-reserved)
[    0.109836] SLUB: HWalign=64, Order=0-3, MinObjects=0, CPUs=1, Nodes=1
[    0.109853] ftrace: allocating 43186 entries in 169 pages
[    0.128059] rcu: Hierarchical RCU implementation.
[    0.128061] rcu: 	RCU restricting CPUs from NR_CPUS=8192 to nr_cpu_ids=1.
[    0.128062] 	Tasks RCU enabled.
[    0.128063] rcu: RCU calculated value of scheduler-enlistment delay is 25 jiffies.
[    0.128064] rcu: Adjusting geometry for rcu_fanout_leaf=16, nr_cpu_ids=1
[    0.131062] NR_IRQS: 524544, nr_irqs: 256, preallocated irqs: 16
[    0.131269] random: crng init done
[    0.140518] Console: colour VGA+ 80x25
[    0.140523] printk: console [tty0] enabled
[    0.140546] ACPI: Core revision 20190816
[    0.140657] APIC: Switch to symmetric I/O mode setup
[    0.140911] x2apic enabled
[    0.141178] Switched APIC routing to physical x2apic.
[    0.142345] ..TIMER: vector=0x30 apic1=0 pin1=2 apic2=-1 pin2=-1
[    0.142370] clocksource: tsc-early: mask: 0xffffffffffffffff max_cycles: 0x1e4530a99b6, max_idle_ns: 440795257976 ns
[    0.142377] Calibrating delay loop (skipped) preset value.. 4200.00 BogoMIPS (lpj=8400000)
[    0.142379] pid_max: default: 32768 minimum: 301
[    0.142410] LSM: Security Framework initializing
[    0.142420] Yama: becoming mindful.
[    0.142447] AppArmor: AppArmor initialized
[    0.142481] Mount-cache hash table entries: 4096 (order: 3, 32768 bytes, linear)
[    0.142487] Mountpoint-cache hash table entries: 4096 (order: 3, 32768 bytes, linear)
[    0.142496] *** VALIDATE tmpfs ***
[    0.142627] *** VALIDATE proc ***
[    0.142667] *** VALIDATE cgroup1 ***
[    0.142669] *** VALIDATE cgroup2 ***
[    0.142813] process: using mwait in idle threads
[    0.142817] Last level iTLB entries: 4KB 64, 2MB 8, 4MB 8
[    0.142818] Last level dTLB entries: 4KB 64, 2MB 0, 4MB 0, 1GB 4
[    0.142839] Spectre V1 : Mitigation: usercopy/swapgs barriers and __user pointer sanitization
[    0.142844] Spectre V2 : Mitigation: Retpolines
[    0.142845] Spectre V2 : Spectre v2 / SpectreRSB mitigation: Filling RSB on context switch
[    0.142845] Spectre V2 : Spectre v2 / SpectreRSB : Filling RSB on VMEXIT
[    0.142846] RETBleed: WARNING: Spectre v2 mitigation leaves CPU vulnerable to RETBleed attacks, data leaks possible!
[    0.143199] RETBleed: Vulnerable
[    0.143200] Speculative Store Bypass: Vulnerable
[    0.143205] TAA: Mitigation: TSX disabled
[    0.143205] MMIO Stale Data: Mitigation: Clear CPU buffers
[    0.147509] Freeing SMP alternatives memory: 40K
[    0.259409] smpboot: CPU0: Intel(R) Xeon(R) Silver 4216 CPU @ 2.10GHz (family: 0x6, model: 0x55, stepping: 0x7)
[    0.259566] Performance Events: unsupported p6 CPU model 85 no PMU driver, software events only.
[    0.259606] rcu: Hierarchical SRCU implementation.
[    0.260154] NMI watchdog: Perf NMI watchdog permanently disabled
[    0.260196] smp: Bringing up secondary CPUs ...
[    0.260197] smp: Brought up 1 node, 1 CPU
[    0.260198] smpboot: Max logical packages: 1
[    0.260200] smpboot: Total of 1 processors activated (4200.00 BogoMIPS)
[    0.261245] devtmpfs: initialized
[    0.261306] x86/mm: Memory block size: 128MB
[    0.261717] clocksource: jiffies: mask: 0xffffffff max_cycles: 0xffffffff, max_idle_ns: 7645041785100000 ns
[    0.261723] futex hash table entries: 256 (order: 2, 16384 bytes, linear)
[    0.261768] pinctrl core: initialized pinctrl subsystem
[    0.261871] PM: RTC time: 09:18:50, date: 2026-01-13
[    0.261980] NET: Registered protocol family 16
[    0.262056] audit: initializing netlink subsys (disabled)
[    0.262184] EISA bus registered
[    0.262185] cpuidle: using governor ladder
[    0.262186] cpuidle: using governor menu
[    0.262222] ACPI: bus type PCI registered
[    0.262224] acpiphp: ACPI Hot Plug PCI Controller Driver version: 0.5
[    0.262326] PCI: Using configuration type 1 for base access
[    0.263068] audit: type=2000 audit(1768267136.404:1): state=initialized audit_enabled=0 res=1
[    0.263149] HugeTLB registered 2.00 MiB page size, pre-allocated 0 pages
[    0.263966] ACPI: Added _OSI(Module Device)
[    0.263967] ACPI: Added _OSI(Processor Device)
[    0.263967] ACPI: Added _OSI(3.0 _SCP Extensions)
[    0.263968] ACPI: Added _OSI(Processor Aggregator Device)
[    0.263969] ACPI: Added _OSI(Linux-Dell-Video)
[    0.263970] ACPI: Added _OSI(Linux-Lenovo-NV-HDMI-Audio)
[    0.263971] ACPI: Added _OSI(Linux-HPI-Hybrid-Graphics)
[    0.265940] ACPI: 2 ACPI AML tables successfully acquired and loaded
[    0.267431] ACPI: Interpreter enabled
[    0.267441] ACPI: (supports S0 S5)
[    0.267443] ACPI: Using IOAPIC for interrupt routing
[    0.267648] PCI: Using host bridge windows from ACPI; if necessary, use "pci=nocrs" and report a bug
[    0.267755] ACPI: Enabled 2 GPEs in block 00 to 07
[    0.272615] ACPI: PCI Root Bridge [PCI0] (domain 0000 [bus 00-ff])
[    0.272620] acpi PNP0A03:00: _OSC: OS supports [ASPM ClockPM Segments MSI HPX-Type3]
[    0.273064] acpi PNP0A03:00: _OSC: not requesting OS control; OS requires [ExtendedConfig ASPM ClockPM MSI]
[    0.273072] acpi PNP0A03:00: fail to add MMCONFIG information, can't access extended PCI configuration space under this bridge.
[    0.273464] PCI host bridge to bus 0000:00
[    0.273470] pci_bus 0000:00: root bus resource [io  0x0000-0x0cf7 window]
[    0.273472] pci_bus 0000:00: root bus resource [io  0x0d00-0xffff window]
[    0.273473] pci_bus 0000:00: root bus resource [mem 0x000a0000-0x000bffff window]
[    0.273475] pci_bus 0000:00: root bus resource [mem 0x80000000-0xfdffffff window]
[    0.273477] pci_bus 0000:00: root bus resource [bus 00-ff]
[    0.273525] pci 0000:00:00.0: [8086:1237] type 00 class 0x060000
[    0.274460] pci 0000:00:01.0: [8086:7000] type 00 class 0x060100
[    0.275205] pci 0000:00:01.1: [8086:7111] type 00 class 0x01018a
[    0.275578] pci 0000:00:01.1: reg 0x20: [io  0xd000-0xd00f]
[    0.275735] pci 0000:00:01.1: legacy IDE quirk: reg 0x10: [io  0x01f0-0x01f7]
[    0.275736] pci 0000:00:01.1: legacy IDE quirk: reg 0x14: [io  0x03f6]
[    0.275737] pci 0000:00:01.1: legacy IDE quirk: reg 0x18: [io  0x0170-0x0177]
[    0.275737] pci 0000:00:01.1: legacy IDE quirk: reg 0x1c: [io  0x0376]
[    0.276284] pci 0000:00:02.0: [15ad:0405] type 00 class 0x030000
[    0.278450] pci 0000:00:02.0: reg 0x10: [io  0xd010-0xd01f]
[    0.282417] pci 0000:00:02.0: reg 0x14: [mem 0xe0000000-0xe7ffffff pref]
[    0.285114] pci 0000:00:02.0: reg 0x18: [mem 0xf0000000-0xf01fffff]
[    0.295175] pci 0000:00:03.0: [1022:2000] type 00 class 0x020000
[    0.295865] pci 0000:00:03.0: reg 0x10: [io  0xd020-0xd03f]
[    0.296478] pci 0000:00:03.0: reg 0x14: [mem 0xf0200000-0xf0200fff]
[    0.300946] pci 0000:00:04.0: [80ee:cafe] type 00 class 0x088000
[    0.301611] pci 0000:00:04.0: reg 0x10: [io  0xd040-0xd05f]
[    0.302219] pci 0000:00:04.0: reg 0x14: [mem 0xf0400000-0xf07fffff]
[    0.302483] pci 0000:00:04.0: reg 0x18: [mem 0xf0800000-0xf0803fff pref]
[    0.305986] pci 0000:00:07.0: [8086:7113] type 00 class 0x068000
[    0.306609] pci 0000:00:07.0: quirk: [io  0x4000-0x403f] claimed by PIIX4 ACPI
[    0.306619] pci 0000:00:07.0: quirk: [io  0x4100-0x410f] claimed by PIIX4 SMB
[    0.307231] pci 0000:00:08.0: [8086:100e] type 00 class 0x020000
[    0.308032] pci 0000:00:08.0: reg 0x10: [mem 0xf0820000-0xf083ffff]
[    0.309281] pci 0000:00:08.0: reg 0x18: [io  0xd060-0xd067]
[    0.312656] pci 0000:00:09.0: [8086:100e] type 00 class 0x020000
[    0.313368] pci 0000:00:09.0: reg 0x10: [mem 0xf0840000-0xf085ffff]
[    0.315049] pci 0000:00:09.0: reg 0x18: [io  0xd068-0xd06f]
[    0.323509] ACPI: PCI Interrupt Link [LNKA] (IRQs 5 9 10 *11)
[    0.326538] ACPI: PCI Interrupt Link [LNKB] (IRQs 5 9 *10 11)
[    0.326641] ACPI: PCI Interrupt Link [LNKC] (IRQs 5 *9 10 11)
[    0.326741] ACPI: PCI Interrupt Link [LNKD] (IRQs 5 9 10 *11)
[    0.327004] iommu: Default domain type: Translated 
[    0.327064] pci 0000:00:02.0: vgaarb: setting as boot VGA device
[    0.327066] pci 0000:00:02.0: vgaarb: VGA device added: decodes=io+mem,owns=io+mem,locks=none
[    0.327068] pci 0000:00:02.0: vgaarb: bridge control possible
[    0.327069] vgaarb: loaded
[    0.327281] SCSI subsystem initialized
[    0.327316] libata version 3.00 loaded.
[    0.327338] ACPI: bus type USB registered
[    0.327355] usbcore: registered new interface driver usbfs
[    0.327361] usbcore: registered new interface driver hub
[    0.327366] usbcore: registered new device driver usb
[    0.327394] pps_core: LinuxPPS API ver. 1 registered
[    0.327395] pps_core: Software ver. 5.3.6 - Copyright 2005-2007 Rodolfo Giometti <giometti@linux.it>
[    0.327397] PTP clock support registered
[    0.327431] EDAC MC: Ver: 3.0.0
[    0.327722] PCI: Using ACPI for IRQ routing
[    0.327724] PCI: pci_cache_line_size set to 64 bytes
[    0.327895] e820: reserve RAM buffer [mem 0x0009fc00-0x0009ffff]
[    0.327898] e820: reserve RAM buffer [mem 0x7fff0000-0x7fffffff]
[    0.328681] NetLabel: Initializing
[    0.328682] NetLabel:  domain hash size = 128
[    0.328682] NetLabel:  protocols = UNLABELED CIPSOv4 CALIPSO
[    0.328702] NetLabel:  unlabeled traffic allowed by default
[    0.329620] clocksource: Switched to clocksource kvm-clock
[    0.340800] *** VALIDATE bpf ***
[    0.340865] VFS: Disk quotas dquot_6.6.0
[    0.340878] VFS: Dquot-cache hash table entries: 512 (order 0, 4096 bytes)
[    0.340901] *** VALIDATE ramfs ***
[    0.340904] *** VALIDATE hugetlbfs ***
[    0.340991] AppArmor: AppArmor Filesystem Enabled
[    0.341018] pnp: PnP ACPI init
[    0.341092] pnp 00:00: Plug and Play ACPI device, IDs PNP0303 (active)
[    0.341160] pnp 00:01: Plug and Play ACPI device, IDs PNP0f03 (active)
[    0.341990] pnp: PnP ACPI: found 2 devices
[    0.342960] thermal_sys: Registered thermal governor 'fair_share'
[    0.342961] thermal_sys: Registered thermal governor 'bang_bang'
[    0.342961] thermal_sys: Registered thermal governor 'step_wise'
[    0.342962] thermal_sys: Registered thermal governor 'user_space'
[    0.342963] thermal_sys: Registered thermal governor 'power_allocator'
[    0.347494] clocksource: acpi_pm: mask: 0xffffff max_cycles: 0xffffff, max_idle_ns: 2085701024 ns
[    0.347535] pci_bus 0000:00: resource 4 [io  0x0000-0x0cf7 window]
[    0.347537] pci_bus 0000:00: resource 5 [io  0x0d00-0xffff window]
[    0.347538] pci_bus 0000:00: resource 6 [mem 0x000a0000-0x000bffff window]
[    0.347539] pci_bus 0000:00: resource 7 [mem 0x80000000-0xfdffffff window]
[    0.347599] NET: Registered protocol family 2
[    0.347673] IP idents hash table entries: 32768 (order: 6, 262144 bytes, linear)
[    0.348084] MPTCP tokens hash table entries: 8192 (order: 4, 65536 bytes, linear)
[    0.348104] MPTCP request tokens hash table entries: 8192 (order: 4, 65536 bytes, linear)
[    0.348129] default registered
[    0.348129] default registered
[    0.348130] MPTCP: Stable release v0.96
[    0.348135] tcp_listen_portaddr_hash hash table entries: 1024 (order: 2, 16384 bytes, linear)
[    0.348215] TCP established hash table entries: 16384 (order: 5, 131072 bytes, linear)
[    0.348281] TCP bind hash table entries: 16384 (order: 6, 262144 bytes, linear)
[    0.348306] TCP: Hash tables configured (established 16384 bind 16384)
[    0.349026] UDP hash table entries: 1024 (order: 3, 32768 bytes, linear)
[    0.349037] UDP-Lite hash table entries: 1024 (order: 3, 32768 bytes, linear)
[    0.349071] NET: Registered protocol family 1
[    0.349080] NET: Registered protocol family 44
[    0.349101] pci 0000:00:00.0: Limiting direct PCI/PCI transfers
[    0.349116] pci 0000:00:01.0: Activating ISA DMA hang workarounds
[    0.349171] pci 0000:00:02.0: Video device with shadowed ROM at [mem 0x000c0000-0x000dffff]
[    0.349235] PCI: CLS 0 bytes, default 64
[    0.349287] Trying to unpack rootfs image as initramfs...
[    0.523407] Freeing initrd memory: 47868K
[    0.523407] clocksource: tsc: mask: 0xffffffffffffffff max_cycles: 0x1e4530a99b6, max_idle_ns: 440795257976 ns
[    0.523407] clocksource: Switched to clocksource tsc
[    0.523407] platform rtc_cmos: registered platform RTC device (no PNP device found)
[    0.523407] check: Scanning for low memory corruption every 60 seconds
[    0.523407] Initialise system trusted keyrings
[    0.523407] Key type blacklist registered
[    0.523407] workingset: timestamp_bits=36 max_order=19 bucket_order=0
[    0.523407] zbud: loaded
[    0.523407] squashfs: version 4.0 (2009/01/31) Phillip Lougher
[    0.523407] fuse: init (API version 7.31)
[    0.523407] *** VALIDATE fuse ***
[    0.523407] *** VALIDATE fuse ***
[    0.523407] Platform Keyring initialized
[    0.523407] Key type asymmetric registered
[    0.523407] Asymmetric key parser 'x509' registered
[    0.523407] Block layer SCSI generic (bsg) driver version 0.4 loaded (major 244)
[    0.523407] io scheduler mq-deadline registered
[    0.538610] shpchp: Standard Hot Plug PCI Controller Driver version: 0.4
[    0.538814] ACPI: AC Adapter [AC] (on-line)
[    0.538858] input: Power Button as /devices/LNXSYSTM:00/LNXPWRBN:00/input/input0
[    0.538885] ACPI: Power Button [PWRF]
[    0.538973] input: Sleep Button as /devices/LNXSYSTM:00/LNXSLPBN:00/input/input1
[    0.538988] ACPI: Sleep Button [SLPF]
[    0.539240] Serial: 8250/16550 driver, 32 ports, IRQ sharing enabled
[    0.540384] Linux agpgart interface v0.103
[    0.635170] loop: module loaded
[    0.635326] ata_piix 0000:00:01.1: version 2.13
[    0.635733] scsi host0: ata_piix
[    0.635823] scsi host1: ata_piix
[    0.635849] ata1: PATA max UDMA/33 cmd 0x1f0 ctl 0x3f6 bmdma 0xd000 irq 14
[    0.635850] ata2: PATA max UDMA/33 cmd 0x170 ctl 0x376 bmdma 0xd008 irq 15
[    0.635931] tun: Universal TUN/TAP device driver, 1.6
[    0.636230] PPP generic driver version 2.4.2
[    0.636273] VFIO - User Level meta-driver version: 0.3
[    0.636508] ehci_hcd: USB 2.0 'Enhanced' Host Controller (EHCI) Driver
[    0.636513] ehci-pci: EHCI PCI platform driver
[    0.636529] ehci-platform: EHCI generic platform driver
[    0.636534] ohci_hcd: USB 1.1 'Open' Host Controller (OHCI) Driver
[    0.636536] ohci-pci: OHCI PCI platform driver
[    0.636543] ohci-platform: OHCI generic platform driver
[    0.636547] uhci_hcd: USB Universal Host Controller Interface driver
[    0.636612] i8042: PNP: PS/2 Controller [PNP0303:PS2K,PNP0f03:PS2M] at 0x60,0x64 irq 1,12
[    0.637049] serio: i8042 KBD port at 0x60,0x64 irq 1
[    0.637053] serio: i8042 AUX port at 0x60,0x64 irq 12
[    0.637139] mousedev: PS/2 mouse device common for all mice
[    0.637388] input: AT Translated Set 2 keyboard as /devices/platform/i8042/serio0/input/input2
[    0.637789] rtc_cmos rtc_cmos: registered as rtc0
[    0.637802] rtc_cmos rtc_cmos: alarms up to one day, 114 bytes nvram
[    0.637807] i2c /dev entries driver
[    0.637850] device-mapper: uevent: version 1.0.3
[    0.637894] device-mapper: ioctl: 4.41.0-ioctl (2019-09-16) initialised: dm-devel@redhat.com
[    0.637910] platform eisa.0: Probing EISA bus 0
[    0.637912] platform eisa.0: EISA: Cannot allocate resource for mainboard
[    0.637913] platform eisa.0: Cannot allocate resource for EISA slot 1
[    0.637914] platform eisa.0: Cannot allocate resource for EISA slot 2
[    0.637915] platform eisa.0: Cannot allocate resource for EISA slot 3
[    0.637916] platform eisa.0: Cannot allocate resource for EISA slot 4
[    0.637917] platform eisa.0: Cannot allocate resource for EISA slot 5
[    0.637918] platform eisa.0: Cannot allocate resource for EISA slot 6
[    0.637919] platform eisa.0: Cannot allocate resource for EISA slot 7
[    0.637920] platform eisa.0: Cannot allocate resource for EISA slot 8
[    0.637921] platform eisa.0: EISA: Detected 0 cards
[    0.637923] intel_pstate: CPU model not supported
[    0.637933] ledtrig-cpu: registered to indicate activity on CPUs
[    0.637988] drop_monitor: Initializing network drop monitor service
[    0.638166] NET: Registered protocol family 10
[    0.643250] Segment Routing with IPv6
[    0.643250] fullmesh registered
[    0.643250] ndiffports registered
[    0.643250] binder registered
[    0.643250] roundrobin registered
[    0.643250] redundant registered
[    0.643250] blest registered
[    0.643250] ecf registered
[    0.643250] NET: Registered protocol family 17
[    0.643250] Key type dns_resolver registered
[    0.643250] RAS: Correctable Errors collector initialized.
[    0.643250] IPI shorthand broadcast: enabled
[    0.643250] sched_clock: Marking stable (628137664, 11113220)->(641679190, -2428306)
[    0.643524] registered taskstats version 1
[    0.643532] Loading compiled-in X.509 certificates
[    0.644130] Loaded X.509 cert 'Build time autogenerated kernel key: 6909f3744cebb3d0de528d5887b96a727de79b1e'
[    0.644148] zswap: loaded using pool lzo/zbud
[    0.644204] Key type ._fscrypt registered
[    0.644204] Key type .fscrypt registered
[    0.649296] Key type big_key registered
[    0.651539] Key type encrypted registered
[    0.651542] AppArmor: AppArmor sha1 policy hashing enabled
[    0.651550] ima: No TPM chip found, activating TPM-bypass!
[    0.651554] ima: Allocated hash algorithm: sha1
[    0.651560] ima: No architecture policies found
[    0.651568] evm: Initialising EVM extended attributes:
[    0.651569] evm: security.selinux
[    0.651570] evm: security.SMACK64
[    0.651570] evm: security.SMACK64EXEC
[    0.651570] evm: security.SMACK64TRANSMUTE
[    0.651571] evm: security.SMACK64MMAP
[    0.651571] evm: security.apparmor
[    0.651572] evm: security.ima
[    0.651572] evm: security.capability
[    0.651573] evm: HMAC attrs: 0x1
[    0.651869] PM:   Magic number: 10:170:323
[    0.651889] tty tty48: hash matches
[    0.651994] rtc_cmos rtc_cmos: setting system clock to 2026-01-13T09:18:51 UTC (1768295931)
[    0.808131] ata1.00: ATA-6: VBOX HARDDISK, 1.0, max UDMA/133
[    0.808135] ata1.00: 209715200 sectors, multi 128: LBA 
[    0.808768] scsi 0:0:0:0: Direct-Access     ATA      VBOX HARDDISK    1.0  PQ: 0 ANSI: 5
[    0.809045] sd 0:0:0:0: [sda] 209715200 512-byte logical blocks: (107 GB/100 GiB)
[    0.809057] sd 0:0:0:0: [sda] Write Protect is off
[    0.809060] sd 0:0:0:0: [sda] Mode Sense: 00 3a 00 00
[    0.809078] sd 0:0:0:0: [sda] Write cache: enabled, read cache: enabled, doesn't support DPO or FUA
[    0.809385] sd 0:0:0:0: Attached scsi generic sg0 type 0
[    0.810200]  sda: sda1 sda2
[    0.819331] sd 0:0:0:0: [sda] Attached SCSI disk
[    0.821431] Freeing unused decrypted memory: 2040K
[    0.822151] Freeing unused kernel image memory: 2728K
[    0.822154] Write protecting the kernel read-only data: 22528k
[    0.822912] Freeing unused kernel image memory: 2036K
[    0.823345] Freeing unused kernel image memory: 1432K
[    0.837932] x86/mm: Checked W+X mappings: passed, no W+X pages found.
[    0.837935] Run /init as init process
[    0.940853] ACPI: Video Device [GFX0] (multi-head: yes  rom: no  post: no)
[    0.940925] input: Video Bus as /devices/LNXSYSTM:00/LNXSYBUS:00/PNP0A03:00/LNXVIDEO:00/input/input4
[    0.953895] pcnet32: pcnet32.c:v1.35 21.Apr.2008 tsbogend@alpha.franken.de
[    0.954626] pcnet32: PCnet/FAST III 79C973 at 0xd020, 08:00:27:e6:88:ff assigned IRQ 19
[    0.954670] pcnet32: Found PHY 0022:561b at address 0
[    0.954972] pcnet32: eth0: registered as PCnet/FAST III 79C973
[    0.955499] pcnet32: 1 cards_found
[    0.957295] piix4_smbus 0000:00:07.0: SMBus Host Controller at 0x4100, revision 0
[    0.961331] e1000: Intel(R) PRO/1000 Network Driver - version 7.3.21-k8-NAPI
[    0.961332] e1000: Copyright (c) 1999-2006 Intel Corporation.
[    1.034541] pcnet32 0000:00:03.0 enp0s3: renamed from eth0
[    1.173248] input: ImExPS/2 Generic Explorer Mouse as /devices/platform/i8042/serio1/input/input5
[    1.367426] e1000 0000:00:08.0 eth0: (PCI:33MHz:32-bit) 08:00:27:ae:87:a1
[    1.367430] e1000 0000:00:08.0 eth0: Intel(R) PRO/1000 Network Connection
[    1.739421] e1000 0000:00:09.0 eth1: (PCI:33MHz:32-bit) 08:00:27:8d:86:4c
[    1.739424] e1000 0000:00:09.0 eth1: Intel(R) PRO/1000 Network Connection
[    1.740561] e1000 0000:00:09.0 enp0s9: renamed from eth1
[    1.742337] e1000 0000:00:08.0 enp0s8: renamed from eth0
[    1.893031] EXT4-fs (sda2): mounted filesystem with ordered data mode. Opts: (null)
[    1.984370] systemd[1]: Inserted module 'autofs4'
[    1.995858] systemd[1]: systemd 245.4-4ubuntu3 running in system mode. (+PAM +AUDIT +SELINUX +IMA +APPARMOR +SMACK +SYSVINIT +UTMP +LIBCRYPTSETUP +GCRYPT +GNUTLS +ACL +XZ +LZ4 +SECCOMP +BLKID +ELFUTILS +KMOD +IDN2 -IDN +PCRE2 default-hierarchy=hybrid)
[    1.995889] systemd[1]: Detected virtualization oracle.
[    1.995892] systemd[1]: Detected architecture x86-64.
[    1.997176] systemd[1]: Set hostname to <ztg>.
[    2.122381] systemd[1]: /lib/systemd/system/dbus.socket:5: ListenStream= references a path below legacy directory /var/run/, updating /var/run/dbus/system_bus_socket â†’ /run/dbus/system_bus_socket; please update the unit file accordingly.
[    2.173261] systemd[1]: Created slice system-modprobe.slice.
[    2.173446] systemd[1]: Created slice User and Session Slice.
[    2.173492] systemd[1]: Started Forward Password Requests to Wall Directory Watch.
[    2.173657] systemd[1]: Set up automount Arbitrary Executable File Formats File System Automount Point.
[    2.173690] systemd[1]: Reached target User and Group Name Lookups.
[    2.173699] systemd[1]: Reached target Remote File Systems.
[    2.173708] systemd[1]: Reached target Slices.
[    2.174229] systemd[1]: Listening on Syslog Socket.
[    2.174319] systemd[1]: Listening on fsck to fsckd communication Socket.
[    2.174371] systemd[1]: Listening on initctl Compatibility Named Pipe.
[    2.174565] systemd[1]: Listening on Journal Audit Socket.
[    2.174631] systemd[1]: Listening on Journal Socket (/dev/log).
[    2.174716] systemd[1]: Listening on Journal Socket.
[    2.174804] systemd[1]: Listening on udev Control Socket.
[    2.174858] systemd[1]: Listening on udev Kernel Socket.
[    2.175918] systemd[1]: Mounting Huge Pages File System...
[    2.176820] systemd[1]: Mounting POSIX Message Queue File System...
[    2.177715] systemd[1]: Mounting Kernel Debug File System...
[    2.178559] systemd[1]: Mounting Kernel Trace File System...
[    2.180546] systemd[1]: Starting Journal Service...
[    2.206128] systemd[1]: Starting Set the console keyboard layout...
[    2.213934] systemd[1]: Starting Create list of static device nodes for the current kernel...
[    2.215789] systemd[1]: Starting Load Kernel Module drm...
[    2.216804] systemd[1]: Condition check resulted in Set Up Additional Binary Formats being skipped.
[    2.216845] systemd[1]: Condition check resulted in File System Check on Root Device being skipped.
[    2.228109] systemd[1]: Starting Load Kernel Modules...
[    2.236989] systemd[1]: Starting Remount Root and Kernel File Systems...
[    2.246724] systemd[1]: Starting udev Coldplug all Devices...
[    2.254519] systemd[1]: Starting Uncomplicated firewall...
[    2.255464] EXT4-fs (sda2): re-mounted. Opts: errors=remount-ro
[    2.284547] systemd[1]: Mounted Huge Pages File System.
[    2.284637] systemd[1]: Mounted POSIX Message Queue File System.
[    2.284711] systemd[1]: Mounted Kernel Debug File System.
[    2.284781] systemd[1]: Mounted Kernel Trace File System.
[    2.302849] systemd[1]: Finished Create list of static device nodes for the current kernel.
[    2.303157] systemd[1]: modprobe@drm.service: Succeeded.
[    2.309438] systemd[1]: Finished Load Kernel Module drm.
[    2.309835] systemd[1]: Finished Remount Root and Kernel File Systems.
[    2.311898] lp: driver loaded but no devices found
[    2.313179] systemd[1]: Finished Uncomplicated firewall.
[    2.324885] systemd[1]: Condition check resulted in Rebuild Hardware Database being skipped.
[    2.324923] systemd[1]: Condition check resulted in Platform Persistent Storage Archival being skipped.
[    2.325615] systemd[1]: Starting Load/Save Random Seed...
[    2.327706] ppdev: user-space parallel port driver
[    2.334958] systemd[1]: Starting Create System Users...
[    2.348950] systemd[1]: Finished Load/Save Random Seed.
[    2.355584] systemd[1]: Finished Create System Users.
[    2.356391] systemd[1]: Starting Create Static Device Nodes in /dev...
[    2.409377] systemd[1]: Finished udev Coldplug all Devices.
[    2.410355] [drm] DMA map mode: Caching DMA mappings.
[    2.410429] [drm] Capabilities:
[    2.410429] [drm]   Rect copy.
[    2.410430] [drm]   Cursor.
[    2.410430] [drm]   Cursor bypass.
[    2.410430] [drm]   Cursor bypass 2.
[    2.410431] [drm]   Alpha cursor.
[    2.410431] [drm]   Extended Fifo.
[    2.410431] [drm]   Pitchlock.
[    2.410432] [drm]   Irq mask.
[    2.410432] [drm]   GMR.
[    2.410432] [drm]   Traces.
[    2.410433] [drm]   GMR2.
[    2.410433] [drm]   Screen Object 2.
[    2.410433] [drm]   Command Buffers.
[    2.410434] [drm]   Command Buffers 2.
[    2.410434] [drm]   Guest Backed Resources.
[    2.410435] [drm] Max GMR ids is 8192
[    2.410436] [drm] Max number of GMR pages is 1048576
[    2.410436] [drm] Max dedicated hypervisor surface memory is 393216 kiB
[    2.410437] [drm] Maximum display memory size is 131072 kiB
[    2.410438] [drm] VRAM at 0xe0000000 size is 131072 kiB
[    2.410438] [drm] MMIO at 0xf0000000 size is 2048 kiB
[    2.411635] systemd[1]: Finished Create Static Device Nodes in /dev.
[    2.412547] systemd[1]: Starting udev Kernel Device Manager...
[    2.419645] [TTM] Zone  kernel: Available graphics memory: 1011738 KiB
[    2.419646] [TTM] Initializing pool allocator
[    2.419651] [TTM] Initializing DMA pool allocator
[    2.419681] [drm] Supports vblank timestamp caching Rev 2 (21.10.2013).
[    2.419681] [drm] No driver support for vblank timestamp query.
[    2.419943] [drm] Screen Target Display device initialized
[    2.420196] [drm] width 720
[    2.420206] [drm] height 400
[    2.420209] [drm] bpp 32
[    2.420731] [drm] Fifo max 0x00200000 min 0x00001000 cap 0x00000355
[    2.421817] [drm] Using command buffers with DMA pool.
[    2.421821] [drm] DX: no.
[    2.421821] [drm] Atomic: yes.
[    2.421822] [drm] SM4_1: no.
[    2.421844] [drm:vmw_host_log [vmwgfx]] *ERROR* Failed to send host log message.
[    2.422758] [drm:vmw_host_log [vmwgfx]] *ERROR* Failed to send host log message.
[    2.437517] fbcon: svgadrmfb (fb0) is primary device
[    2.439650] Console: switching to colour frame buffer device 100x37
[    2.448680] [drm] Initialized vmwgfx 2.15.0 20180704 for 0000:00:02.0 on minor 0
[    2.449661] systemd[1]: Finished Load Kernel Modules.
[    2.450628] systemd[1]: Mounting FUSE Control File System...
[    2.451895] systemd[1]: Mounting Kernel Configuration File System...
[    2.478449] systemd[1]: Starting Apply Kernel Variables...
[    2.483552] systemd[1]: Mounted FUSE Control File System.
[    2.483634] systemd[1]: Condition check resulted in VMware vmblock fuse mount being skipped.
[    2.485405] systemd[1]: Mounted Kernel Configuration File System.
[    2.506610] systemd[1]: Finished Set the console keyboard layout.
[    2.506749] systemd[1]: Reached target Local File Systems (Pre).
[    2.511791] systemd[1]: Mounting Mount unit for bare, revision 5...
[    2.514584] systemd[1]: Mounting Mount unit for core18, revision 1705...
[    2.539029] systemd[1]: Mounting Mount unit for gnome-3-34-1804, revision 24...
[    2.553832] systemd[1]: Mounting Mount unit for gtk-common-themes, revision 1506...
[    2.557074] systemd[1]: Mounting Mount unit for gtk-common-themes, revision 1535...
[    2.560033] systemd[1]: Mounting Mount unit for snap-store, revision 433...
[    2.564586] systemd[1]: Mounting Mount unit for snapd, revision 7264...
[    2.589444] systemd[1]: Finished Apply Kernel Variables.
[    2.618469] systemd[1]: Mounted Mount unit for bare, revision 5.
[    2.618566] systemd[1]: Mounted Mount unit for gnome-3-34-1804, revision 24.
[    2.626124] systemd[1]: Mounted Mount unit for gtk-common-themes, revision 1506.
[    2.653499] systemd[1]: Mounted Mount unit for core18, revision 1705.
[    2.656502] systemd[1]: Started udev Kernel Device Manager.
[    2.658177] systemd[1]: Starting Show Plymouth Boot Screen...
[    2.684003] systemd[1]: Mounted Mount unit for snap-store, revision 433.
[    2.684593] systemd[1]: Received SIGRTMIN+20 from PID 277 (plymouthd).
[    2.701700] systemd[1]: Started Show Plymouth Boot Screen.
[    2.701867] systemd[1]: Condition check resulted in Dispatch Password Requests to Console Directory Watch being skipped.
[    2.701961] systemd[1]: Started Forward Password Requests to Plymouth Directory Watch.
[    2.701995] systemd[1]: Reached target Local Encrypted Volumes.
[    2.721328] systemd[1]: Mounted Mount unit for gtk-common-themes, revision 1535.
[    2.721565] systemd[1]: Mounted Mount unit for snapd, revision 7264.
[    2.721718] systemd[1]: Reached target Local File Systems.
[    2.724038] systemd[1]: Starting Load AppArmor profiles...
[    2.724892] systemd[1]: Starting Set console font and keymap...
[    2.731557] systemd[1]: Starting Tell Plymouth To Write Out Runtime Data...
[    2.736885] systemd[1]: Condition check resulted in Store a System Token in an EFI Variable being skipped.
[    2.736934] systemd[1]: Condition check resulted in Commit a transient machine-id on disk being skipped.
[    2.743462] systemd[1]: Finished Set console font and keymap.
[    2.748334] systemd[1]: Received SIGRTMIN+20 from PID 277 (plymouthd).
[    2.750129] systemd[1]: plymouth-read-write.service: Succeeded.
[    2.750375] systemd[1]: Finished Tell Plymouth To Write Out Runtime Data.
[    2.787502] audit: type=1400 audit(1768295933.632:2): apparmor="STATUS" operation="profile_load" profile="unconfined" name="nvidia_modprobe" pid=301 comm="apparmor_parser"
[    2.787504] audit: type=1400 audit(1768295933.632:3): apparmor="STATUS" operation="profile_load" profile="unconfined" name="nvidia_modprobe//kmod" pid=301 comm="apparmor_parser"
[    2.794239] audit: type=1400 audit(1768295933.636:4): apparmor="STATUS" operation="profile_load" profile="unconfined" name="/usr/sbin/tcpdump" pid=302 comm="apparmor_parser"
[    2.851857] audit: type=1400 audit(1768295933.688:5): apparmor="STATUS" operation="profile_load" profile="unconfined" name="/usr/bin/evince" pid=304 comm="apparmor_parser"
[    2.851859] audit: type=1400 audit(1768295933.688:6): apparmor="STATUS" operation="profile_load" profile="unconfined" name="/usr/bin/evince//sanitized_helper" pid=304 comm="apparmor_parser"
[    2.851860] audit: type=1400 audit(1768295933.688:7): apparmor="STATUS" operation="profile_load" profile="unconfined" name="/usr/bin/evince-previewer" pid=304 comm="apparmor_parser"
[    2.851862] audit: type=1400 audit(1768295933.688:8): apparmor="STATUS" operation="profile_load" profile="unconfined" name="/usr/bin/evince-previewer//sanitized_helper" pid=304 comm="apparmor_parser"
[    2.851863] audit: type=1400 audit(1768295933.688:9): apparmor="STATUS" operation="profile_load" profile="unconfined" name="/usr/bin/evince-thumbnailer" pid=304 comm="apparmor_parser"
[    2.856339] audit: type=1400 audit(1768295933.700:10): apparmor="STATUS" operation="profile_load" profile="unconfined" name="/usr/lib/cups/backend/cups-pdf" pid=305 comm="apparmor_parser"
[    2.932045] systemd[1]: Finished Load AppArmor profiles.
[    2.932985] systemd[1]: Starting Load AppArmor profiles managed internally by snapd...
[    2.997789] systemd[1]: Finished Load AppArmor profiles managed internally by snapd.
[    3.112903] systemd[1]: Started Journal Service.
[    3.122700] systemd-journald[229]: Received client request to flush runtime journal.
[    3.125199] systemd-journald[229]: File /var/log/journal/c455b248004a419c87ce85eea238d727/system.journal corrupted or uncleanly shut down, renaming and replacing.
[    4.417772] RAPL PMU: API unit is 2^-32 Joules, 0 fixed counters, 10737418240 ms ovfl timer
[    4.480426] cryptd: max_cpu_qlen set to 1000
[    4.544312] AVX2 version of gcm_enc/dec engaged.
[    4.544313] AES CTR mode by8 optimization enabled
[    5.355865] Adding 1998844k swap on /dev/sda1.  Priority:-2 extents:1 across:1998844k FS
[    6.223320] kauditd_printk_skb: 30 callbacks suppressed
[    6.223321] audit: type=1400 audit(1768295937.060:41): apparmor="DENIED" operation="capable" profile="/usr/sbin/cups-browsed" pid=495 comm="cups-browsed" capability=23  capname="sys_nice"
[    7.401464] pcnet32 0000:00:03.0 enp0s3: link up, 100Mbps, full-duplex
[    7.437745] e1000: enp0s8 NIC Link is Up 1000 Mbps Full Duplex, Flow Control: RX
[    7.438036] IPv6: ADDRCONF(NETDEV_CHANGE): enp0s8: link becomes ready
[    7.448418] e1000: enp0s9 NIC Link is Up 1000 Mbps Full Duplex, Flow Control: RX
[    7.448708] IPv6: ADDRCONF(NETDEV_CHANGE): enp0s9: link becomes ready
[    7.959011] device enp0s3 entered promiscuous mode
[    7.981692] audit: type=1400 audit(1768295938.824:42): apparmor="DENIED" operation="open" profile="/usr/sbin/tcpdump" name="/proc/sys/kernel/random/boot_id" pid=659 comm="tcpdump" requested_mask="r" denied_mask="r" fsuid=0 ouid=0
[    7.981941] audit: type=1400 audit(1768295938.824:43): apparmor="DENIED" operation="open" profile="/usr/sbin/tcpdump" name="/proc/sys/kernel/random/boot_id" pid=659 comm="tcpdump" requested_mask="r" denied_mask="r" fsuid=0 ouid=0
[    7.981992] audit: type=1400 audit(1768295938.824:44): apparmor="DENIED" operation="open" profile="/usr/sbin/tcpdump" name="/proc/sys/kernel/random/boot_id" pid=659 comm="tcpdump" requested_mask="r" denied_mask="r" fsuid=0 ouid=0
[    7.982048] audit: type=1400 audit(1768295938.824:45): apparmor="DENIED" operation="open" profile="/usr/sbin/tcpdump" name="/proc/sys/kernel/random/boot_id" pid=659 comm="tcpdump" requested_mask="r" denied_mask="r" fsuid=0 ouid=0
[    7.985462] audit: type=1400 audit(1768295938.824:46): apparmor="DENIED" operation="open" profile="/usr/sbin/tcpdump" name="/proc/sys/kernel/random/boot_id" pid=660 comm="tcpdump" requested_mask="r" denied_mask="r" fsuid=0 ouid=0
[    7.986237] audit: type=1400 audit(1768295938.824:47): apparmor="DENIED" operation="open" profile="/usr/sbin/tcpdump" name="/proc/sys/kernel/random/boot_id" pid=660 comm="tcpdump" requested_mask="r" denied_mask="r" fsuid=0 ouid=0
[    7.986275] audit: type=1400 audit(1768295938.824:48): apparmor="DENIED" operation="open" profile="/usr/sbin/tcpdump" name="/proc/sys/kernel/random/boot_id" pid=660 comm="tcpdump" requested_mask="r" denied_mask="r" fsuid=0 ouid=0
[    7.986293] audit: type=1400 audit(1768295938.824:49): apparmor="DENIED" operation="open" profile="/usr/sbin/tcpdump" name="/proc/sys/kernel/random/boot_id" pid=660 comm="tcpdump" requested_mask="r" denied_mask="r" fsuid=0 ouid=0
[   12.578349] rfkill: input handler disabled
[  256.914050] AAAAA-TCP_FORW: name:enp0s3: saddr:16783984: daddr:100932208
[  257.215696] AAAAA-TCP_FORW: name:enp0s3: saddr:100932208: daddr:33561200
[  257.376637] AAAAA-TCP_FORW: name:enp0s3: saddr:100932208: daddr:16783984
[  257.479241] AAAAA-TCP_FORW: name:enp0s3: saddr:100932208: daddr:16783984
[  257.631926] AAAAA-TCP_FORW: name:enp0s3: saddr:100932208: daddr:33561200
[  257.737065] AAAAA-TCP_FORW: name:enp0s3: saddr:100932208: daddr:16783984
[  257.837422] AAAAA-TCP_FORW: name:enp0s3: saddr:100932208: daddr:16783984
[  257.990294] AAAAA-TCP_FORW: name:enp0s3: saddr:100932208: daddr:16783984
[  258.133427] AAAAA-TCP_FORW: name:enp0s3: saddr:100932208: daddr:33561200
[  258.510020] AAAAA-TCP_FORW: name:enp0s3: saddr:100932208: daddr:33561200
[  258.576416] AAAAA-TCP_FORW: name:enp0s3: saddr:100932208: daddr:16783984
[  258.768535] AAAAA-TCP_FORW: name:enp0s3: saddr:100932208: daddr:16783984
[  258.834611] AAAAA-TCP_FORW: name:enp0s3: saddr:100932208: daddr:16783984
[  259.021878] AAAAA-TCP_FORW: name:enp0s3: saddr:100932208: daddr:33561200
[  259.134802] AAAAA-TCP_FORW: name:enp0s3: saddr:100932208: daddr:33561200
[  259.206718] AAAAA-TCP_FORW: name:enp0s3: saddr:100932208: daddr:33561200
[  259.298829] AAAAA-TCP_FORW: name:enp0s3: saddr:100932208: daddr:33561200
[  259.357361] AAAAA-TCP_FORW: name:enp0s3: saddr:100932208: daddr:16783984
[  259.450172] AAAAA-TCP_FORW: name:enp0s3: saddr:100932208: daddr:16783984
[  259.564632] AAAAA-TCP_FORW: name:enp0s3: saddr:100932208: daddr:16783984
[  259.642351] AAAAA-TCP_FORW: name:enp0s3: saddr:100932208: daddr:16783984
[  259.695893] AAAAA-TCP_FORW: name:enp0s3: saddr:100932208: daddr:16783984
[  259.771341] AAAAA-TCP_FORW: name:enp0s3: saddr:100932208: daddr:16783984
[  259.917534] AAAAA-TCP_FORW: name:enp0s3: saddr:100932208: daddr:16783984
[  259.961948] AAAAA-TCP_FORW: name:enp0s3: saddr:16783984: daddr:100932208
[  260.032777] AAAAA-TCP_FORW: name:enp0s3: saddr:100932208: daddr:16783984
[  260.144473] AAAAA-TCP_FORW: name:enp0s3: saddr:100932208: daddr:16783984
[  260.164998] AAAAA-TCP_FORW: name:enp0s3: saddr:16783984: daddr:100932208
[  260.220504] AAAAA-TCP_FORW: name:enp0s3: saddr:100932208: daddr:16783984
[  260.274343] AAAAA-TCP_FORW: name:enp0s3: saddr:16783984: daddr:100932208
[  260.347284] AAAAA-TCP_FORW: name:enp0s3: saddr:100932208: daddr:33561200
[  260.435966] AAAAA-TCP_FORW: name:enp0s3: saddr:16783984: daddr:100932208
[  260.509667] AAAAA-TCP_FORW: name:enp0s3: saddr:100932208: daddr:33561200
[  260.551044] AAAAA-TCP_FORW: name:enp0s3: saddr:33561200: daddr:100932208
[  260.579927] AAAAA-TCP_FORW: name:enp0s3: saddr:100932208: daddr:33561200
[  260.647912] AAAAA-TCP_FORW: name:enp0s3: saddr:100932208: daddr:33561200
[  260.696994] AAAAA-TCP_FORW: name:enp0s3: saddr:33561200: daddr:100932208
[  260.724046] AAAAA-TCP_FORW: name:enp0s3: saddr:100932208: daddr:33561200
[  260.811256] AAAAA-TCP_FORW: name:enp0s3: saddr:33561200: daddr:100932208
[  260.852569] AAAAA-TCP_FORW: name:enp0s3: saddr:100932208: daddr:33561200
[  260.891578] AAAAA-TCP_FORW: name:enp0s3: saddr:33561200: daddr:100932208
[  261.019484] AAAAA-TCP_FORW: name:enp0s3: saddr:33561200: daddr:100932208
[  261.053464] AAAAA-TCP_FORW: name:enp0s3: saddr:100932208: daddr:33561200
[  261.116749] AAAAA-TCP_FORW: name:enp0s3: saddr:100932208: daddr:33561200
[  261.200780] AAAAA-TCP_FORW: name:enp0s3: saddr:33561200: daddr:100932208
[  261.319395] AAAAA-TCP_FORW: name:enp0s3: saddr:100932208: daddr:33561200
[  261.440374] AAAAA-TCP_FORW: name:enp0s3: saddr:100932208: daddr:33561200
[  261.502870] AAAAA-TCP_FORW: name:enp0s3: saddr:33561200: daddr:100932208
[  261.554979] AAAAA-TCP_FORW: name:enp0s3: saddr:33561200: daddr:100932208
[  261.568119] AAAAA-TCP_FORW: name:enp0s3: saddr:100932208: daddr:16783984
[  261.626006] AAAAA-TCP_FORW: name:enp0s3: saddr:100932208: daddr:16783984
[  261.656024] AAAAA-TCP_FORW: name:enp0s3: saddr:100932208: daddr:16783984
[  261.695639] AAAAA-TCP_FORW: name:enp0s3: saddr:33561200: daddr:100932208
[  261.750985] AAAAA-TCP_FORW: name:enp0s3: saddr:33561200: daddr:100932208
[  261.785648] AAAAA-TCP_FORW: name:enp0s3: saddr:100932208: daddr:16783984
[  261.858865] AAAAA-TCP_FORW: name:enp0s3: saddr:100932208: daddr:33561200
[  261.887592] AAAAA-TCP_FORW: name:enp0s3: saddr:16783984: daddr:100932208
[  261.933682] AAAAA-TCP_FORW: name:enp0s3: saddr:16783984: daddr:100932208
[  261.992647] AAAAA-TCP_FORW: name:enp0s3: saddr:16783984: daddr:100932208
[  262.015368] AAAAA-TCP_FORW: name:enp0s3: saddr:100932208: daddr:16783984
[  262.051540] AAAAA-TCP_FORW: name:enp0s3: saddr:100932208: daddr:33561200
[  262.189702] AAAAA-TCP_FORW: name:enp0s3: saddr:100932208: daddr:16783984
[  262.210376] AAAAA-TCP_FORW: name:enp0s3: saddr:16783984: daddr:100932208
[  262.246256] AAAAA-TCP_FORW: name:enp0s3: saddr:100932208: daddr:16783984
[  262.270272] AAAAA-TCP_FORW: name:enp0s3: saddr:33561200: daddr:100932208
[  262.397147] AAAAA-TCP_FORW: name:enp0s3: saddr:100932208: daddr:16783984
[  262.439222] AAAAA-TCP_FORW: name:enp0s3: saddr:100932208: daddr:16783984
[  262.513267] AAAAA-TCP_FORW: name:enp0s3: saddr:16783984: daddr:100932208
[  262.575542] AAAAA-TCP_FORW: name:enp0s3: saddr:100932208: daddr:16783984
[  262.584213] AAAAA-TCP_FORW: name:enp0s3: saddr:33561200: daddr:100932208
[  262.635823] AAAAA-TCP_FORW: name:enp0s3: saddr:16783984: daddr:100932208
[  262.655362] AAAAA-TCP_FORW: name:enp0s3: saddr:100932208: daddr:16783984
[  262.718901] AAAAA-TCP_FORW: name:enp0s3: saddr:16783984: daddr:100932208
[  262.746641] AAAAA-TCP_FORW: name:enp0s3: saddr:100932208: daddr:16783984
[  262.788963] AAAAA-TCP_FORW: name:enp0s3: saddr:100932208: daddr:16783984
[  262.810444] AAAAA-TCP_FORW: name:enp0s3: saddr:100932208: daddr:16783984
[  262.860470] AAAAA-TCP_FORW: name:enp0s3: saddr:16783984: daddr:100932208
[  262.923255] AAAAA-TCP_FORW: name:enp0s3: saddr:100932208: daddr:16783984
[  262.938515] AAAAA-TCP_FORW: name:enp0s3: saddr:16783984: daddr:100932208
[  262.966464] AAAAA-TCP_FORW: name:enp0s3: saddr:100932208: daddr:16783984
[  263.001620] AAAAA-TCP_FORW: name:enp0s3: saddr:100932208: daddr:16783984
[  263.018405] AAAAA-TCP_FORW: name:enp0s3: saddr:16783984: daddr:100932208
[  263.032293] AAAAA-TCP_FORW: name:enp0s3: saddr:100932208: daddr:16783984
[  263.094490] AAAAA-TCP_FORW: name:enp0s3: saddr:100932208: daddr:16783984
[  263.152706] AAAAA-TCP_FORW: name:enp0s3: saddr:100932208: daddr:16783984
[  263.184878] AAAAA-TCP_FORW: name:enp0s3: saddr:100932208: daddr:16783984
[  263.199601] AAAAA-TCP_FORW: name:enp0s3: saddr:16783984: daddr:100932208
[  263.298058] AAAAA-TCP_FORW: name:enp0s3: saddr:16783984: daddr:100932208
[  263.351958] AAAAA-TCP_FORW: name:enp0s3: saddr:16783984: daddr:100932208
[  263.382498] AAAAA-TCP_FORW: name:enp0s3: saddr:100932208: daddr:33561200
[  263.403787] AAAAA-TCP_FORW: name:enp0s3: saddr:16783984: daddr:100932208
[  263.489561] AAAAA-TCP_FORW: name:enp0s3: saddr:100932208: daddr:16783984
[  263.511937] AAAAA-TCP_FORW: name:enp0s3: saddr:16783984: daddr:100932208
[  263.529874] AAAAA-TCP_FORW: name:enp0s3: saddr:100932208: daddr:16783984
[  263.585506] AAAAA-TCP_FORW: name:enp0s3: saddr:100932208: daddr:33561200
[  263.610476] AAAAA-TCP_FORW: name:enp0s3: saddr:16783984: daddr:100932208
[  263.668823] AAAAA-TCP_FORW: name:enp0s3: saddr:100932208: daddr:33561200
[  263.684477] AAAAA-TCP_FORW: name:enp0s3: saddr:16783984: daddr:100932208
[  263.752799] AAAAA-TCP_FORW: name:enp0s3: saddr:16783984: daddr:100932208
[  263.837661] AAAAA-TCP_FORW: name:enp0s3: saddr:16783984: daddr:100932208
[  263.880009] AAAAA-TCP_FORW: name:enp0s3: saddr:16783984: daddr:100932208
[  263.900988] AAAAA-TCP_FORW: name:enp0s3: saddr:100932208: daddr:33561200
[  263.927255] AAAAA-TCP_FORW: name:enp0s3: saddr:100932208: daddr:33561200
[  264.068432] AAAAA-TCP_FORW: name:enp0s3: saddr:33561200: daddr:100932208
[  264.154263] AAAAA-TCP_FORW: name:enp0s3: saddr:16783984: daddr:100932208
[  264.245799] AAAAA-TCP_FORW: name:enp0s3: saddr:100932208: daddr:33561200
[  264.258037] AAAAA-TCP_FORW: name:enp0s3: saddr:16783984: daddr:100932208
[  264.307237] AAAAA-TCP_FORW: name:enp0s3: saddr:100932208: daddr:33561200
[  264.359717] AAAAA-TCP_FORW: name:enp0s3: saddr:33561200: daddr:100932208
[  264.382226] AAAAA-TCP_FORW: name:enp0s3: saddr:100932208: daddr:33561200
[  264.418159] AAAAA-TCP_FORW: name:enp0s3: saddr:100932208: daddr:33561200
[  264.437057] AAAAA-TCP_FORW: name:enp0s3: saddr:33561200: daddr:100932208
[  264.547711] AAAAA-TCP_FORW: name:enp0s3: saddr:100932208: daddr:33561200
[  264.581530] AAAAA-TCP_FORW: name:enp0s3: saddr:100932208: daddr:33561200
[  264.594485] AAAAA-TCP_FORW: name:enp0s3: saddr:33561200: daddr:100932208
[  264.628712] AAAAA-TCP_FORW: name:enp0s3: saddr:33561200: daddr:100932208
[  264.716286] AAAAA-TCP_FORW: name:enp0s3: saddr:100932208: daddr:33561200
[  264.746516] AAAAA-TCP_FORW: name:enp0s3: saddr:100932208: daddr:33561200
[  264.986999] AAAAA-TCP_FORW: name:enp0s3: saddr:100932208: daddr:33561200
[  265.010975] AAAAA-TCP_FORW: name:enp0s3: saddr:33561200: daddr:100932208
[  265.043889] AAAAA-TCP_FORW: name:enp0s3: saddr:100932208: daddr:33561200
[  265.089966] AAAAA-TCP_FORW: name:enp0s3: saddr:33561200: daddr:100932208
[  265.121183] AAAAA-TCP_FORW: name:enp0s3: saddr:100932208: daddr:33561200
[  265.143504] AAAAA-TCP_FORW: name:enp0s3: saddr:100932208: daddr:33561200
[  265.177789] AAAAA-TCP_FORW: name:enp0s3: saddr:33561200: daddr:100932208
[  265.200854] AAAAA-TCP_FORW: name:enp0s3: saddr:33561200: daddr:100932208
[  265.350224] AAAAA-TCP_FORW: name:enp0s3: saddr:100932208: daddr:33561200
[  265.362566] AAAAA-TCP_FORW: name:enp0s3: saddr:33561200: daddr:100932208
[  265.433750] AAAAA-TCP_FORW: name:enp0s3: saddr:33561200: daddr:100932208
[  265.460793] AAAAA-TCP_FORW: name:enp0s3: saddr:100932208: daddr:33561200
[  265.474821] AAAAA-TCP_FORW: name:enp0s3: saddr:100932208: daddr:33561200
[  265.505622] AAAAA-TCP_FORW: name:enp0s3: saddr:100932208: daddr:33561200
[  265.540602] AAAAA-TCP_FORW: name:enp0s3: saddr:33561200: daddr:100932208
[  265.605194] AAAAA-TCP_FORW: name:enp0s3: saddr:33561200: daddr:100932208
[  265.614077] AAAAA-TCP_FORW: name:enp0s3: saddr:100932208: daddr:16783984
[  265.661905] AAAAA-TCP_FORW: name:enp0s3: saddr:100932208: daddr:16783984
[  265.684104] AAAAA-TCP_FORW: name:enp0s3: saddr:33561200: daddr:100932208
[  265.828605] AAAAA-TCP_FORW: name:enp0s3: saddr:33561200: daddr:100932208
[  265.842751] AAAAA-TCP_FORW: name:enp0s3: saddr:100932208: daddr:16783984
[  265.869700] AAAAA-TCP_FORW: name:enp0s3: saddr:100932208: daddr:16783984
[  265.946359] AAAAA-TCP_FORW: name:enp0s3: saddr:100932208: daddr:16783984
[  265.966223] AAAAA-TCP_FORW: name:enp0s3: saddr:100932208: daddr:16783984
[  265.983106] AAAAA-TCP_FORW: name:enp0s3: saddr:33561200: daddr:100932208
[  266.003981] AAAAA-TCP_FORW: name:enp0s3: saddr:100932208: daddr:16783984
[  266.061740] AAAAA-TCP_FORW: name:enp0s3: saddr:100932208: daddr:16783984
[  266.090581] AAAAA-TCP_FORW: name:enp0s3: saddr:33561200: daddr:100932208
[  266.124590] AAAAA-TCP_FORW: name:enp0s3: saddr:100932208: daddr:16783984
[  266.331599] AAAAA-TCP_FORW: name:enp0s3: saddr:33561200: daddr:100932208
[  266.524882] AAAAA-TCP_FORW: name:enp0s3: saddr:33561200: daddr:100932208
[  266.563020] AAAAA-TCP_FORW: name:enp0s3: saddr:100932208: daddr:16783984
[  266.608299] AAAAA-TCP_FORW: name:enp0s3: saddr:100932208: daddr:16783984
[  266.683947] AAAAA-TCP_FORW: name:enp0s3: saddr:100932208: daddr:16783984
[  266.697218] AAAAA-TCP_FORW: name:enp0s3: saddr:33561200: daddr:100932208
[  266.731368] AAAAA-TCP_FORW: name:enp0s3: saddr:16783984: daddr:100932208
[  266.762698] AAAAA-TCP_FORW: name:enp0s3: saddr:16783984: daddr:100932208
[  266.841682] AAAAA-TCP_FORW: name:enp0s3: saddr:100932208: daddr:16783984
[  266.933108] AAAAA-TCP_FORW: name:enp0s3: saddr:16783984: daddr:100932208
[  266.958573] AAAAA-TCP_FORW: name:enp0s3: saddr:100932208: daddr:16783984
[  266.991770] AAAAA-TCP_FORW: name:enp0s3: saddr:16783984: daddr:100932208
[  267.031926] AAAAA-TCP_FORW: name:enp0s3: saddr:16783984: daddr:100932208
[  267.060250] AAAAA-TCP_FORW: name:enp0s3: saddr:100932208: daddr:16783984
[  267.077809] AAAAA-TCP_FORW: name:enp0s3: saddr:16783984: daddr:100932208
[  267.152177] AAAAA-TCP_FORW: name:enp0s3: saddr:100932208: daddr:16783984
[  267.167268] AAAAA-TCP_FORW: name:enp0s3: saddr:16783984: daddr:100932208
[  267.195466] AAAAA-TCP_FORW: name:enp0s3: saddr:16783984: daddr:100932208
[  267.299649] AAAAA-TCP_FORW: name:enp0s3: saddr:100932208: daddr:16783984
[  267.322851] AAAAA-TCP_FORW: name:enp0s3: saddr:16783984: daddr:100932208
[  267.375119] AAAAA-TCP_FORW: name:enp0s3: saddr:100932208: daddr:16783984
[  267.436726] AAAAA-TCP_FORW: name:enp0s3: saddr:100932208: daddr:16783984
[  267.470871] AAAAA-TCP_FORW: name:enp0s3: saddr:100932208: daddr:16783984
[  267.551249] AAAAA-TCP_FORW: name:enp0s3: saddr:100932208: daddr:16783984
[  267.590160] AAAAA-TCP_FORW: name:enp0s3: saddr:16783984: daddr:100932208
[  267.642053] AAAAA-TCP_FORW: name:enp0s3: saddr:16783984: daddr:100932208
[  267.653882] AAAAA-TCP_FORW: name:enp0s3: saddr:100932208: daddr:16783984
[  267.704514] AAAAA-TCP_FORW: name:enp0s3: saddr:16783984: daddr:100932208
[  267.726117] AAAAA-TCP_FORW: name:enp0s3: saddr:100932208: daddr:16783984
[  267.784922] AAAAA-TCP_FORW: name:enp0s3: saddr:100932208: daddr:16783984
[  267.878861] AAAAA-TCP_FORW: name:enp0s3: saddr:100932208: daddr:16783984
[  267.917989] AAAAA-TCP_FORW: name:enp0s3: saddr:100932208: daddr:16783984
[  267.944387] AAAAA-TCP_FORW: name:enp0s3: saddr:16783984: daddr:100932208
[  268.037407] AAAAA-TCP_FORW: name:enp0s3: saddr:16783984: daddr:100932208
[  268.055573] AAAAA-TCP_FORW: name:enp0s3: saddr:100932208: daddr:16783984
[  268.078026] AAAAA-TCP_FORW: name:enp0s3: saddr:100932208: daddr:16783984
[  268.150740] AAAAA-TCP_FORW: name:enp0s3: saddr:100932208: daddr:16783984
[  268.207526] AAAAA-TCP_FORW: name:enp0s3: saddr:16783984: daddr:100932208
[  268.243161] AAAAA-TCP_FORW: name:enp0s3: saddr:100932208: daddr:16783984
[  268.289852] AAAAA-TCP_FORW: name:enp0s3: saddr:100932208: daddr:16783984
[  268.315327] AAAAA-TCP_FORW: name:enp0s3: saddr:16783984: daddr:100932208
[  268.329468] AAAAA-TCP_FORW: name:enp0s3: saddr:100932208: daddr:16783984
[  268.432966] AAAAA-TCP_FORW: name:enp0s3: saddr:100932208: daddr:33561200
[  268.468416] AAAAA-TCP_FORW: name:enp0s3: saddr:16783984: daddr:100932208
[  268.513482] AAAAA-TCP_FORW: name:enp0s3: saddr:100932208: daddr:33561200
[  268.548784] AAAAA-TCP_FORW: name:enp0s3: saddr:100932208: daddr:33561200
[  268.564913] AAAAA-TCP_FORW: name:enp0s3: saddr:16783984: daddr:100932208
[  268.590346] AAAAA-TCP_FORW: name:enp0s3: saddr:100932208: daddr:33561200
[  268.626719] AAAAA-TCP_FORW: name:enp0s3: saddr:16783984: daddr:100932208
[  268.674707] AAAAA-TCP_FORW: name:enp0s3: saddr:100932208: daddr:33561200
[  268.747796] AAAAA-TCP_FORW: name:enp0s3: saddr:100932208: daddr:33561200
[  268.808444] AAAAA-TCP_FORW: name:enp0s3: saddr:100932208: daddr:33561200
[  268.836666] AAAAA-TCP_FORW: name:enp0s3: saddr:16783984: daddr:100932208
[  268.859337] AAAAA-TCP_FORW: name:enp0s3: saddr:100932208: daddr:33561200
[  268.886763] AAAAA-TCP_FORW: name:enp0s3: saddr:100932208: daddr:33561200
[  268.908185] AAAAA-TCP_FORW: name:enp0s3: saddr:16783984: daddr:100932208
[  268.994883] AAAAA-TCP_FORW: name:enp0s3: saddr:16783984: daddr:100932208
[  269.021129] AAAAA-TCP_FORW: name:enp0s3: saddr:100932208: daddr:33561200
[  269.124219] AAAAA-TCP_FORW: name:enp0s3: saddr:100932208: daddr:33561200
[  269.160552] AAAAA-TCP_FORW: name:enp0s3: saddr:16783984: daddr:100932208
[  269.203252] AAAAA-TCP_FORW: name:enp0s3: saddr:100932208: daddr:33561200
[  269.228953] AAAAA-TCP_FORW: name:enp0s3: saddr:100932208: daddr:33561200
[  269.263626] AAAAA-TCP_FORW: name:enp0s3: saddr:16783984: daddr:100932208
[  269.338634] AAAAA-TCP_FORW: name:enp0s3: saddr:100932208: daddr:33561200
[  269.372637] AAAAA-TCP_FORW: name:enp0s3: saddr:100932208: daddr:33561200
[  269.395602] AAAAA-TCP_FORW: name:enp0s3: saddr:16783984: daddr:100932208
[  269.496038] AAAAA-TCP_FORW: name:enp0s3: saddr:100932208: daddr:33561200
[  269.507660] AAAAA-TCP_FORW: name:enp0s3: saddr:33561200: daddr:100932208
[  269.541460] AAAAA-TCP_FORW: name:enp0s3: saddr:100932208: daddr:33561200
[  269.560276] AAAAA-TCP_FORW: name:enp0s3: saddr:33561200: daddr:100932208
[  269.599323] AAAAA-TCP_FORW: name:enp0s3: saddr:33561200: daddr:100932208
[  269.640966] AAAAA-TCP_FORW: name:enp0s3: saddr:33561200: daddr:100932208
[  269.651388] AAAAA-TCP_FORW: name:enp0s3: saddr:100932208: daddr:33561200
[  269.709700] AAAAA-TCP_FORW: name:enp0s3: saddr:33561200: daddr:100932208
[  269.723628] AAAAA-TCP_FORW: name:enp0s3: saddr:100932208: daddr:33561200
[  269.758613] AAAAA-TCP_FORW: name:enp0s3: saddr:33561200: daddr:100932208
[  269.805925] AAAAA-TCP_FORW: name:enp0s3: saddr:33561200: daddr:100932208
[  269.842395] AAAAA-TCP_FORW: name:enp0s3: saddr:100932208: daddr:33561200
[  269.877515] AAAAA-TCP_FORW: name:enp0s3: saddr:33561200: daddr:100932208
[  269.918378] AAAAA-TCP_FORW: name:enp0s3: saddr:33561200: daddr:100932208
[  269.934321] AAAAA-TCP_FORW: name:enp0s3: saddr:100932208: daddr:33561200
[  269.936867] AAAAA-TCP_FORW: name:enp0s3: saddr:100932208: daddr:33561200
[  269.972706] AAAAA-TCP_FORW: name:enp0s3: saddr:100932208: daddr:33561200
[  270.050406] AAAAA-TCP_FORW: name:enp0s3: saddr:100932208: daddr:33561200
[  270.095162] AAAAA-TCP_FORW: name:enp0s3: saddr:33561200: daddr:100932208
[  270.147748] AAAAA-TCP_FORW: name:enp0s3: saddr:33561200: daddr:100932208
[  270.174434] AAAAA-TCP_FORW: name:enp0s3: saddr:100932208: daddr:33561200
[  270.227938] AAAAA-TCP_FORW: name:enp0s3: saddr:33561200: daddr:100932208
[  270.265730] AAAAA-TCP_FORW: name:enp0s3: saddr:33561200: daddr:100932208
[  270.306280] AAAAA-TCP_FORW: name:enp0s3: saddr:100932208: daddr:33561200
[  270.328785] AAAAA-TCP_FORW: name:enp0s3: saddr:33561200: daddr:100932208
[  270.432373] AAAAA-TCP_FORW: name:enp0s3: saddr:33561200: daddr:100932208
[  270.455896] AAAAA-TCP_FORW: name:enp0s3: saddr:100932208: daddr:33561200
[  270.533966] AAAAA-TCP_FORW: name:enp0s3: saddr:33561200: daddr:100932208
[  270.560105] AAAAA-TCP_FORW: name:enp0s3: saddr:100932208: daddr:33561200
[  270.622554] AAAAA-TCP_FORW: name:enp0s3: saddr:100932208: daddr:33561200
[  270.655110] AAAAA-TCP_FORW: name:enp0s3: saddr:100932208: daddr:33561200
[  270.675109] AAAAA-TCP_FORW: name:enp0s3: saddr:100932208: daddr:33561200
[  270.687278] AAAAA-TCP_FORW: name:enp0s3: saddr:33561200: daddr:100932208
[  270.858192] AAAAA-TCP_FORW: name:enp0s3: saddr:33561200: daddr:100932208
[  270.943695] AAAAA-TCP_FORW: name:enp0s3: saddr:33561200: daddr:100932208
[  271.048167] AAAAA-TCP_FORW: name:enp0s3: saddr:100932208: daddr:16783984
[  271.064680] AAAAA-TCP_FORW: name:enp0s3: saddr:100932208: daddr:16783984
[  271.088909] AAAAA-TCP_FORW: name:enp0s3: saddr:33561200: daddr:100932208
[  271.185143] AAAAA-TCP_FORW: name:enp0s3: saddr:100932208: daddr:16783984
[  271.229581] AAAAA-TCP_FORW: name:enp0s3: saddr:100932208: daddr:16783984
[  271.276124] AAAAA-TCP_FORW: name:enp0s3: saddr:33561200: daddr:100932208
[  271.328633] AAAAA-TCP_FORW: name:enp0s3: saddr:33561200: daddr:100932208
[  271.339604] AAAAA-TCP_FORW: name:enp0s3: saddr:100932208: daddr:16783984
[  271.380836] AAAAA-TCP_FORW: name:enp0s3: saddr:33561200: daddr:100932208
[  271.429632] AAAAA-TCP_FORW: name:enp0s3: saddr:33561200: daddr:100932208
[  271.442330] AAAAA-TCP_FORW: name:enp0s3: saddr:100932208: daddr:16783984
[  271.530170] AAAAA-TCP_FORW: name:enp0s3: saddr:100932208: daddr:16783984
[  271.549144] AAAAA-TCP_FORW: name:enp0s3: saddr:33561200: daddr:100932208
[  271.568277] AAAAA-TCP_FORW: name:enp0s3: saddr:100932208: daddr:16783984
[  271.721508] AAAAA-TCP_FORW: name:enp0s3: saddr:33561200: daddr:100932208
[  271.757670] AAAAA-TCP_FORW: name:enp0s3: saddr:100932208: daddr:16783984
[  271.841129] AAAAA-TCP_FORW: name:enp0s3: saddr:33561200: daddr:100932208
[  271.859653] AAAAA-TCP_FORW: name:enp0s3: saddr:100932208: daddr:16783984
[  271.904363] AAAAA-TCP_FORW: name:enp0s3: saddr:33561200: daddr:100932208
[  271.950597] AAAAA-TCP_FORW: name:enp0s3: saddr:33561200: daddr:100932208
[  271.967322] AAAAA-TCP_FORW: name:enp0s3: saddr:100932208: daddr:16783984
[  272.000184] AAAAA-TCP_FORW: name:enp0s3: saddr:33561200: daddr:100932208
[  272.030321] AAAAA-TCP_FORW: name:enp0s3: saddr:100932208: daddr:16783984
[  272.047086] AAAAA-TCP_FORW: name:enp0s3: saddr:33561200: daddr:100932208
[  272.097006] AAAAA-TCP_FORW: name:enp0s3: saddr:100932208: daddr:16783984
[  272.162993] AAAAA-TCP_FORW: name:enp0s3: saddr:100932208: daddr:16783984
[  272.193253] AAAAA-TCP_FORW: name:enp0s3: saddr:100932208: daddr:16783984
[  272.221147] AAAAA-TCP_FORW: name:enp0s3: saddr:100932208: daddr:16783984
[  272.280915] AAAAA-TCP_FORW: name:enp0s3: saddr:100932208: daddr:16783984
[  272.334841] AAAAA-TCP_FORW: name:enp0s3: saddr:16783984: daddr:100932208
[  272.384215] AAAAA-TCP_FORW: name:enp0s3: saddr:16783984: daddr:100932208
[  272.403157] AAAAA-TCP_FORW: name:enp0s3: saddr:100932208: daddr:16783984
[  272.418250] AAAAA-TCP_FORW: name:enp0s3: saddr:100932208: daddr:16783984
[  272.516690] AAAAA-TCP_FORW: name:enp0s3: saddr:16783984: daddr:100932208
[  272.528670] AAAAA-TCP_FORW: name:enp0s3: saddr:100932208: daddr:16783984
[  272.599316] AAAAA-TCP_FORW: name:enp0s3: saddr:100932208: daddr:16783984
[  272.622530] AAAAA-TCP_FORW: name:enp0s3: saddr:16783984: daddr:100932208
[  272.634779] AAAAA-TCP_FORW: name:enp0s3: saddr:100932208: daddr:16783984
[  272.657647] AAAAA-TCP_FORW: name:enp0s3: saddr:100932208: daddr:16783984
[  272.690365] AAAAA-TCP_FORW: name:enp0s3: saddr:100932208: daddr:16783984
[  272.740293] AAAAA-TCP_FORW: name:enp0s3: saddr:16783984: daddr:100932208
[  272.804771] AAAAA-TCP_FORW: name:enp0s3: saddr:100932208: daddr:16783984
[  272.854340] AAAAA-TCP_FORW: name:enp0s3: saddr:16783984: daddr:100932208
[  272.884415] AAAAA-TCP_FORW: name:enp0s3: saddr:100932208: daddr:16783984
[  272.899156] AAAAA-TCP_FORW: name:enp0s3: saddr:16783984: daddr:100932208
[  272.961696] AAAAA-TCP_FORW: name:enp0s3: saddr:100932208: daddr:16783984
[  272.982372] AAAAA-TCP_FORW: name:enp0s3: saddr:16783984: daddr:100932208
[  273.039570] AAAAA-TCP_FORW: name:enp0s3: saddr:100932208: daddr:16783984
[  273.120139] AAAAA-TCP_FORW: name:enp0s3: saddr:16783984: daddr:100932208
[  273.149678] AAAAA-TCP_FORW: name:enp0s3: saddr:100932208: daddr:33561200
[  273.223691] AAAAA-TCP_FORW: name:enp0s3: saddr:16783984: daddr:100932208
[  273.313926] AAAAA-TCP_FORW: name:enp0s3: saddr:100932208: daddr:33561200
[  273.338039] AAAAA-TCP_FORW: name:enp0s3: saddr:16783984: daddr:100932208
[  273.369740] AAAAA-TCP_FORW: name:enp0s3: saddr:100932208: daddr:33561200
[  273.442359] AAAAA-TCP_FORW: name:enp0s3: saddr:16783984: daddr:100932208
[  273.485555] AAAAA-TCP_FORW: name:enp0s3: saddr:100932208: daddr:33561200
[  273.488171] AAAAA-TCP_FORW: name:enp0s3: saddr:100932208: daddr:33561200
[  273.507818] AAAAA-TCP_FORW: name:enp0s3: saddr:16783984: daddr:100932208
[  273.529007] AAAAA-TCP_FORW: name:enp0s3: saddr:100932208: daddr:33561200
[  273.545888] AAAAA-TCP_FORW: name:enp0s3: saddr:16783984: daddr:100932208
[  273.588328] AAAAA-TCP_FORW: name:enp0s3: saddr:16783984: daddr:100932208
[  273.636397] AAAAA-TCP_FORW: name:enp0s3: saddr:16783984: daddr:100932208
[  273.661553] AAAAA-TCP_FORW: name:enp0s3: saddr:100932208: daddr:33561200
[  273.719316] AAAAA-TCP_FORW: name:enp0s3: saddr:100932208: daddr:33561200
[  273.730381] AAAAA-TCP_FORW: name:enp0s3: saddr:16783984: daddr:100932208
[  273.771461] AAAAA-TCP_FORW: name:enp0s3: saddr:100932208: daddr:33561200
[  273.801442] AAAAA-TCP_FORW: name:enp0s3: saddr:100932208: daddr:33561200
[  273.857038] AAAAA-TCP_FORW: name:enp0s3: saddr:100932208: daddr:33561200
[  273.870852] AAAAA-TCP_FORW: name:enp0s3: saddr:16783984: daddr:100932208
[  273.919932] AAAAA-TCP_FORW: name:enp0s3: saddr:100932208: daddr:33561200
[  273.944822] AAAAA-TCP_FORW: name:enp0s3: saddr:100932208: daddr:33561200
[  273.983469] AAAAA-TCP_FORW: name:enp0s3: saddr:16783984: daddr:100932208
[  274.081630] AAAAA-TCP_FORW: name:enp0s3: saddr:16783984: daddr:100932208
[  274.098818] AAAAA-TCP_FORW: name:enp0s3: saddr:100932208: daddr:33561200
[  274.131928] AAAAA-TCP_FORW: name:enp0s3: saddr:100932208: daddr:33561200
[  274.200941] AAAAA-TCP_FORW: name:enp0s3: saddr:16783984: daddr:100932208
[  274.290364] AAAAA-TCP_FORW: name:enp0s3: saddr:100932208: daddr:33561200
[  274.326852] AAAAA-TCP_FORW: name:enp0s3: saddr:16783984: daddr:100932208
[  274.347960] AAAAA-TCP_FORW: name:enp0s3: saddr:100932208: daddr:33561200
[  274.396337] AAAAA-TCP_FORW: name:enp0s3: saddr:100932208: daddr:33561200
[  274.428764] AAAAA-TCP_FORW: name:enp0s3: saddr:100932208: daddr:33561200
[  274.447744] AAAAA-TCP_FORW: name:enp0s3: saddr:16783984: daddr:100932208
[  274.496399] AAAAA-TCP_FORW: name:enp0s3: saddr:100932208: daddr:33561200
[  274.522416] AAAAA-TCP_FORW: name:enp0s3: saddr:33561200: daddr:100932208
[  274.575463] AAAAA-TCP_FORW: name:enp0s3: saddr:100932208: daddr:33561200
[  274.596279] AAAAA-TCP_FORW: name:enp0s3: saddr:33561200: daddr:100932208
[  274.651534] AAAAA-TCP_FORW: name:enp0s3: saddr:100932208: daddr:33561200
[  274.671312] AAAAA-TCP_FORW: name:enp0s3: saddr:33561200: daddr:100932208
[  274.686543] AAAAA-TCP_FORW: name:enp0s3: saddr:100932208: daddr:33561200
[  274.742953] AAAAA-TCP_FORW: name:enp0s3: saddr:33561200: daddr:100932208
[  274.764320] AAAAA-TCP_FORW: name:enp0s3: saddr:100932208: daddr:33561200
[  274.785470] AAAAA-TCP_FORW: name:enp0s3: saddr:33561200: daddr:100932208
[  274.834519] AAAAA-TCP_FORW: name:enp0s3: saddr:33561200: daddr:100932208
[  274.849605] AAAAA-TCP_FORW: name:enp0s3: saddr:100932208: daddr:33561200
[  274.890244] AAAAA-TCP_FORW: name:enp0s3: saddr:100932208: daddr:33561200
[  274.983370] AAAAA-TCP_FORW: name:enp0s3: saddr:33561200: daddr:100932208
[  275.042852] AAAAA-TCP_FORW: name:enp0s3: saddr:33561200: daddr:100932208
[  275.069581] AAAAA-TCP_FORW: name:enp0s3: saddr:100932208: daddr:33561200
[  275.099086] AAAAA-TCP_FORW: name:enp0s3: saddr:100932208: daddr:33561200
[  275.115380] AAAAA-TCP_FORW: name:enp0s3: saddr:33561200: daddr:100932208
[  275.176368] AAAAA-TCP_FORW: name:enp0s3: saddr:33561200: daddr:100932208
[  275.213228] AAAAA-TCP_FORW: name:enp0s3: saddr:33561200: daddr:100932208
[  275.246098] AAAAA-TCP_FORW: name:enp0s3: saddr:33561200: daddr:100932208
[  275.279200] AAAAA-TCP_FORW: name:enp0s3: saddr:100932208: daddr:33561200
[  275.295375] AAAAA-TCP_FORW: name:enp0s3: saddr:33561200: daddr:100932208
[  275.317881] AAAAA-TCP_FORW: name:enp0s3: saddr:100932208: daddr:33561200
[  275.430180] AAAAA-TCP_FORW: name:enp0s3: saddr:33561200: daddr:100932208
[  275.480486] AAAAA-TCP_FORW: name:enp0s3: saddr:33561200: daddr:100932208
[  275.547340] AAAAA-TCP_FORW: name:enp0s3: saddr:33561200: daddr:100932208
[  275.611811] AAAAA-TCP_FORW: name:enp0s3: saddr:33561200: daddr:100932208
[  275.663481] AAAAA-TCP_FORW: name:enp0s3: saddr:33561200: daddr:100932208
[  275.685924] AAAAA-TCP_FORW: name:enp0s3: saddr:100932208: daddr:16783984
[  275.703065] AAAAA-TCP_FORW: name:enp0s3: saddr:33561200: daddr:100932208
[  275.761971] AAAAA-TCP_FORW: name:enp0s3: saddr:100932208: daddr:16783984
[  275.799205] AAAAA-TCP_FORW: name:enp0s3: saddr:33561200: daddr:100932208
[  275.809142] AAAAA-TCP_FORW: name:enp0s3: saddr:100932208: daddr:16783984
[  275.861472] AAAAA-TCP_FORW: name:enp0s3: saddr:100932208: daddr:16783984
[  275.896120] AAAAA-TCP_FORW: name:enp0s3: saddr:33561200: daddr:100932208
[  275.979671] AAAAA-TCP_FORW: name:enp0s3: saddr:33561200: daddr:100932208
[  276.041659] AAAAA-TCP_FORW: name:enp0s3: saddr:33561200: daddr:100932208
[  276.124600] AAAAA-TCP_FORW: name:enp0s3: saddr:33561200: daddr:100932208
[  276.241175] AAAAA-TCP_FORW: name:enp0s3: saddr:33561200: daddr:100932208
[  276.283473] AAAAA-TCP_FORW: name:enp0s3: saddr:33561200: daddr:100932208
[  276.390736] AAAAA-TCP_FORW: name:enp0s3: saddr:33561200: daddr:100932208
[  276.413123] AAAAA-TCP_FORW: name:enp0s3: saddr:33561200: daddr:100932208
[  276.538630] AAAAA-TCP_FORW: name:enp0s3: saddr:33561200: daddr:100932208
[  276.604384] AAAAA-TCP_FORW: name:enp0s3: saddr:33561200: daddr:100932208
[  276.842496] AAAAA-TCP_FORW: name:enp0s3: saddr:16783984: daddr:100932208
[  276.948262] AAAAA-TCP_FORW: name:enp0s3: saddr:16783984: daddr:100932208
[  277.085920] AAAAA-TCP_FORW: name:enp0s3: saddr:16783984: daddr:100932208
[  277.124277] AAAAA-TCP_FORW: name:enp0s3: saddr:16783984: daddr:100932208
[  278.361616] AAAAA-TCP_FORW: name:enp0s3: saddr:100932208: daddr:33561200
[  278.375662] AAAAA-TCP_FORW: name:enp0s3: saddr:33561200: daddr:100932208
[  289.175674] AAAAA-TCP_FORW: name:enp0s3: saddr:100932208: daddr:33561200
[  289.243394] AAAAA-TCP_FORW: name:enp0s3: saddr:100932208: daddr:16783984
[  289.340657] AAAAA-TCP_FORW: name:enp0s3: saddr:100932208: daddr:33561200
[  289.395187] AAAAA-TCP_FORW: name:enp0s3: saddr:100932208: daddr:33561200
[  289.474588] AAAAA-TCP_FORW: name:enp0s3: saddr:100932208: daddr:33561200
[  289.585572] AAAAA-TCP_FORW: name:enp0s3: saddr:100932208: daddr:33561200
[  289.729938] AAAAA-TCP_FORW: name:enp0s3: saddr:100932208: daddr:33561200
[  289.847625] AAAAA-TCP_FORW: name:enp0s3: saddr:100932208: daddr:33561200
[  289.913408] AAAAA-TCP_FORW: name:enp0s3: saddr:100932208: daddr:33561200
[  290.006524] AAAAA-TCP_FORW: name:enp0s3: saddr:100932208: daddr:33561200
[  290.158367] AAAAA-TCP_FORW: name:enp0s3: saddr:100932208: daddr:33561200
[  290.313466] AAAAA-TCP_FORW: name:enp0s3: saddr:100932208: daddr:16783984
[  290.424010] AAAAA-TCP_FORW: name:enp0s3: saddr:100932208: daddr:16783984
[  290.569861] AAAAA-TCP_FORW: name:enp0s3: saddr:100932208: daddr:16783984
[  290.723446] AAAAA-TCP_FORW: name:enp0s3: saddr:100932208: daddr:16783984
[  290.988955] AAAAA-TCP_FORW: name:enp0s3: saddr:100932208: daddr:16783984
[  291.074835] AAAAA-TCP_FORW: name:enp0s3: saddr:100932208: daddr:16783984
[  291.261778] AAAAA-TCP_FORW: name:enp0s3: saddr:100932208: daddr:16783984
[  291.390169] AAAAA-TCP_FORW: name:enp0s3: saddr:100932208: daddr:16783984
[  291.484244] AAAAA-TCP_FORW: name:enp0s3: saddr:100932208: daddr:16783984
[  291.571513] AAAAA-TCP_FORW: name:enp0s3: saddr:100932208: daddr:16783984
[  291.787639] AAAAA-TCP_FORW: name:enp0s3: saddr:100932208: daddr:16783984
[  291.878729] AAAAA-TCP_FORW: name:enp0s3: saddr:100932208: daddr:16783984
[  291.989325] AAAAA-TCP_FORW: name:enp0s3: saddr:100932208: daddr:16783984
[  292.042847] AAAAA-TCP_FORW: name:enp0s3: saddr:100932208: daddr:33561200
[  292.179611] AAAAA-TCP_FORW: name:enp0s3: saddr:100932208: daddr:33561200
[  292.288095] AAAAA-TCP_FORW: name:enp0s3: saddr:100932208: daddr:33561200
[  292.378709] AAAAA-TCP_FORW: name:enp0s3: saddr:100932208: daddr:33561200
[  292.502929] AAAAA-TCP_FORW: name:enp0s3: saddr:100932208: daddr:33561200
[  292.602246] AAAAA-TCP_FORW: name:enp0s3: saddr:100932208: daddr:16783984
[  292.681440] AAAAA-TCP_FORW: name:enp0s3: saddr:100932208: daddr:16783984
[  292.769886] AAAAA-TCP_FORW: name:enp0s3: saddr:100932208: daddr:16783984
[  292.863606] AAAAA-TCP_FORW: name:enp0s3: saddr:100932208: daddr:16783984
[  292.975421] AAAAA-TCP_FORW: name:enp0s3: saddr:100932208: daddr:33561200
[  293.089754] AAAAA-TCP_FORW: name:enp0s3: saddr:100932208: daddr:33561200
[  293.166919] AAAAA-TCP_FORW: name:enp0s3: saddr:100932208: daddr:16783984
[  293.415353] AAAAA-TCP_FORW: name:enp0s3: saddr:100932208: daddr:16783984
[  293.509630] AAAAA-TCP_FORW: name:enp0s3: saddr:100932208: daddr:33561200
[  293.517490] AAAAA-TCP_FORW: name:enp0s3: saddr:33561200: daddr:100932208
[  293.581616] AAAAA-TCP_FORW: name:enp0s3: saddr:100932208: daddr:16783984
[  293.610676] AAAAA-TCP_FORW: name:enp0s3: saddr:16783984: daddr:100932208
[  293.637301] AAAAA-TCP_FORW: name:enp0s3: saddr:100932208: daddr:16783984
[  293.692772] AAAAA-TCP_FORW: name:enp0s3: saddr:100932208: daddr:33561200
[  293.735667] AAAAA-TCP_FORW: name:enp0s3: saddr:100932208: daddr:33561200
[  293.747666] AAAAA-TCP_FORW: name:enp0s3: saddr:16783984: daddr:100932208
[  293.829091] AAAAA-TCP_FORW: name:enp0s3: saddr:33561200: daddr:100932208
[  293.835389] AAAAA-TCP_FORW: name:enp0s3: saddr:100932208: daddr:33561200
[  293.896054] AAAAA-TCP_FORW: name:enp0s3: saddr:33561200: daddr:100932208
[  293.900861] AAAAA-TCP_FORW: name:enp0s3: saddr:100932208: daddr:33561200
[  293.978542] AAAAA-TCP_FORW: name:enp0s3: saddr:100932208: daddr:33561200
[  294.085460] AAAAA-TCP_FORW: name:enp0s3: saddr:33561200: daddr:100932208
[  294.165604] AAAAA-TCP_FORW: name:enp0s3: saddr:100932208: daddr:33561200
[  294.209442] AAAAA-TCP_FORW: name:enp0s3: saddr:100932208: daddr:33561200
[  294.232873] AAAAA-TCP_FORW: name:enp0s3: saddr:33561200: daddr:100932208
[  294.265944] AAAAA-TCP_FORW: name:enp0s3: saddr:100932208: daddr:33561200
[  294.295413] AAAAA-TCP_FORW: name:enp0s3: saddr:33561200: daddr:100932208
[  294.321987] AAAAA-TCP_FORW: name:enp0s3: saddr:100932208: daddr:33561200
[  294.363315] AAAAA-TCP_FORW: name:enp0s3: saddr:33561200: daddr:100932208
[  294.420710] AAAAA-TCP_FORW: name:enp0s3: saddr:100932208: daddr:33561200
[  294.493693] AAAAA-TCP_FORW: name:enp0s3: saddr:100932208: daddr:33561200
[  294.503045] AAAAA-TCP_FORW: name:enp0s3: saddr:33561200: daddr:100932208
[  294.545409] AAAAA-TCP_FORW: name:enp0s3: saddr:100932208: daddr:33561200
[  294.597280] AAAAA-TCP_FORW: name:enp0s3: saddr:33561200: daddr:100932208
[  294.619088] AAAAA-TCP_FORW: name:enp0s3: saddr:100932208: daddr:33561200
[  294.665375] AAAAA-TCP_FORW: name:enp0s3: saddr:100932208: daddr:33561200
[  294.687654] AAAAA-TCP_FORW: name:enp0s3: saddr:33561200: daddr:100932208
[  294.773882] AAAAA-TCP_FORW: name:enp0s3: saddr:33561200: daddr:100932208
[  294.836671] AAAAA-TCP_FORW: name:enp0s3: saddr:33561200: daddr:100932208
[  294.902656] AAAAA-TCP_FORW: name:enp0s3: saddr:100932208: daddr:33561200
[  294.953299] AAAAA-TCP_FORW: name:enp0s3: saddr:33561200: daddr:100932208
[  295.014171] AAAAA-TCP_FORW: name:enp0s3: saddr:100932208: daddr:33561200
[  295.046493] AAAAA-TCP_FORW: name:enp0s3: saddr:33561200: daddr:100932208
[  295.103849] AAAAA-TCP_FORW: name:enp0s3: saddr:33561200: daddr:100932208
[  295.133924] AAAAA-TCP_FORW: name:enp0s3: saddr:100932208: daddr:33561200
[  295.239827] AAAAA-TCP_FORW: name:enp0s3: saddr:33561200: daddr:100932208
[  295.327392] AAAAA-TCP_FORW: name:enp0s3: saddr:33561200: daddr:100932208
[  295.349219] AAAAA-TCP_FORW: name:enp0s3: saddr:100932208: daddr:33561200
[  295.378249] AAAAA-TCP_FORW: name:enp0s3: saddr:100932208: daddr:16783984
[  295.444671] AAAAA-TCP_FORW: name:enp0s3: saddr:100932208: daddr:16783984
[  295.472675] AAAAA-TCP_FORW: name:enp0s3: saddr:33561200: daddr:100932208
[  295.586164] AAAAA-TCP_FORW: name:enp0s3: saddr:33561200: daddr:100932208
[  295.669332] AAAAA-TCP_FORW: name:enp0s3: saddr:16783984: daddr:100932208
[  295.713348] AAAAA-TCP_FORW: name:enp0s3: saddr:100932208: daddr:16783984
[  295.748246] AAAAA-TCP_FORW: name:enp0s3: saddr:16783984: daddr:100932208
[  295.863026] AAAAA-TCP_FORW: name:enp0s3: saddr:100932208: daddr:16783984
[  295.883777] AAAAA-TCP_FORW: name:enp0s3: saddr:16783984: daddr:100932208
[  295.983573] AAAAA-TCP_FORW: name:enp0s3: saddr:100932208: daddr:16783984
[  295.999898] AAAAA-TCP_FORW: name:enp0s3: saddr:16783984: daddr:100932208
[  296.031353] AAAAA-TCP_FORW: name:enp0s3: saddr:100932208: daddr:16783984
[  296.118041] AAAAA-TCP_FORW: name:enp0s3: saddr:16783984: daddr:100932208
[  296.133619] AAAAA-TCP_FORW: name:enp0s3: saddr:100932208: daddr:16783984
[  296.136209] AAAAA-TCP_FORW: name:enp0s3: saddr:100932208: daddr:16783984
[  296.171256] AAAAA-TCP_FORW: name:enp0s3: saddr:100932208: daddr:16783984
[  296.190473] AAAAA-TCP_FORW: name:enp0s3: saddr:16783984: daddr:100932208
[  296.213872] AAAAA-TCP_FORW: name:enp0s3: saddr:100932208: daddr:16783984
[  296.259037] AAAAA-TCP_FORW: name:enp0s3: saddr:16783984: daddr:100932208
[  296.286192] AAAAA-TCP_FORW: name:enp0s3: saddr:16783984: daddr:100932208
[  296.296115] AAAAA-TCP_FORW: name:enp0s3: saddr:100932208: daddr:16783984
[  296.302201] AAAAA-TCP_FORW: name:enp0s3: saddr:100932208: daddr:16783984
[  296.337662] AAAAA-TCP_FORW: name:enp0s3: saddr:16783984: daddr:100932208
[  296.397721] AAAAA-TCP_FORW: name:enp0s3: saddr:16783984: daddr:100932208
[  296.428346] AAAAA-TCP_FORW: name:enp0s3: saddr:100932208: daddr:16783984
[  296.433745] AAAAA-TCP_FORW: name:enp0s3: saddr:100932208: daddr:16783984
[  296.490769] AAAAA-TCP_FORW: name:enp0s3: saddr:100932208: daddr:16783984
[  296.506702] AAAAA-TCP_FORW: name:enp0s3: saddr:100932208: daddr:16783984
[  296.541760] AAAAA-TCP_FORW: name:enp0s3: saddr:16783984: daddr:100932208
[  296.554918] AAAAA-TCP_FORW: name:enp0s3: saddr:100932208: daddr:16783984
[  296.557493] AAAAA-TCP_FORW: name:enp0s3: saddr:100932208: daddr:16783984
[  296.597357] AAAAA-TCP_FORW: name:enp0s3: saddr:100932208: daddr:16783984
[  296.604411] AAAAA-TCP_FORW: name:enp0s3: saddr:16783984: daddr:100932208
[  296.686429] AAAAA-TCP_FORW: name:enp0s3: saddr:100932208: daddr:16783984
[  296.728308] AAAAA-TCP_FORW: name:enp0s3: saddr:16783984: daddr:100932208
[  296.758265] AAAAA-TCP_FORW: name:enp0s3: saddr:100932208: daddr:33561200
[  296.814848] AAAAA-TCP_FORW: name:enp0s3: saddr:16783984: daddr:100932208
[  296.828839] AAAAA-TCP_FORW: name:enp0s3: saddr:100932208: daddr:33561200
[  296.835404] AAAAA-TCP_FORW: name:enp0s3: saddr:100932208: daddr:33561200
[  296.930024] AAAAA-TCP_FORW: name:enp0s3: saddr:100932208: daddr:33561200
[  296.937632] AAAAA-TCP_FORW: name:enp0s3: saddr:16783984: daddr:100932208
[  296.967078] AAAAA-TCP_FORW: name:enp0s3: saddr:16783984: daddr:100932208
[  297.106679] AAAAA-TCP_FORW: name:enp0s3: saddr:100932208: daddr:33561200
[  297.122020] AAAAA-TCP_FORW: name:enp0s3: saddr:16783984: daddr:100932208
[  297.194709] AAAAA-TCP_FORW: name:enp0s3: saddr:100932208: daddr:33561200
[  297.212102] AAAAA-TCP_FORW: name:enp0s3: saddr:16783984: daddr:100932208
[  297.282849] AAAAA-TCP_FORW: name:enp0s3: saddr:16783984: daddr:100932208
[  297.395244] AAAAA-TCP_FORW: name:enp0s3: saddr:16783984: daddr:100932208
[  297.481559] AAAAA-TCP_FORW: name:enp0s3: saddr:100932208: daddr:33561200
[  297.521800] AAAAA-TCP_FORW: name:enp0s3: saddr:33561200: daddr:100932208
[  297.534304] AAAAA-TCP_FORW: name:enp0s3: saddr:100932208: daddr:33561200
[  297.536882] AAAAA-TCP_FORW: name:enp0s3: saddr:100932208: daddr:16783984
[  297.590232] AAAAA-TCP_FORW: name:enp0s3: saddr:33561200: daddr:100932208
[  297.654557] AAAAA-TCP_FORW: name:enp0s3: saddr:100932208: daddr:16783984
[  297.680409] AAAAA-TCP_FORW: name:enp0s3: saddr:33561200: daddr:100932208
[  297.774600] AAAAA-TCP_FORW: name:enp0s3: saddr:100932208: daddr:16783984
[  297.797933] AAAAA-TCP_FORW: name:enp0s3: saddr:33561200: daddr:100932208
[  297.819218] AAAAA-TCP_FORW: name:enp0s3: saddr:100932208: daddr:16783984
[  297.931295] AAAAA-TCP_FORW: name:enp0s3: saddr:100932208: daddr:16783984
[  297.959164] AAAAA-TCP_FORW: name:enp0s3: saddr:33561200: daddr:100932208
[  297.972927] AAAAA-TCP_FORW: name:enp0s3: saddr:100932208: daddr:16783984
[  297.978499] AAAAA-TCP_FORW: name:enp0s3: saddr:100932208: daddr:16783984
[  298.031532] AAAAA-TCP_FORW: name:enp0s3: saddr:33561200: daddr:100932208
[  298.042991] AAAAA-TCP_FORW: name:enp0s3: saddr:100932208: daddr:33561200
[  298.123719] AAAAA-TCP_FORW: name:enp0s3: saddr:100932208: daddr:33561200
[  298.178751] AAAAA-TCP_FORW: name:enp0s3: saddr:33561200: daddr:100932208
[  298.261684] AAAAA-TCP_FORW: name:enp0s3: saddr:33561200: daddr:100932208
[  298.304275] AAAAA-TCP_FORW: name:enp0s3: saddr:16783984: daddr:100932208
[  298.371172] AAAAA-TCP_FORW: name:enp0s3: saddr:16783984: daddr:100932208
[  298.463480] AAAAA-TCP_FORW: name:enp0s3: saddr:100932208: daddr:33561200
[  298.483429] AAAAA-TCP_FORW: name:enp0s3: saddr:16783984: daddr:100932208
[  298.597651] AAAAA-TCP_FORW: name:enp0s3: saddr:16783984: daddr:100932208
[  298.656595] AAAAA-TCP_FORW: name:enp0s3: saddr:16783984: daddr:100932208
[  298.739801] AAAAA-TCP_FORW: name:enp0s3: saddr:100932208: daddr:33561200
[  299.018811] AAAAA-TCP_FORW: name:enp0s3: saddr:100932208: daddr:33561200
[  299.159957] AAAAA-TCP_FORW: name:enp0s3: saddr:100932208: daddr:33561200
[  299.616486] AAAAA-TCP_FORW: name:enp0s3: saddr:100932208: daddr:33561200
[  299.843269] AAAAA-TCP_FORW: name:enp0s3: saddr:100932208: daddr:33561200
[  299.961522] AAAAA-TCP_FORW: name:enp0s3: saddr:100932208: daddr:33561200
[  300.410576] AAAAA-TCP_FORW: name:enp0s3: saddr:100932208: daddr:16783984
[  300.733273] AAAAA-TCP_FORW: name:enp0s3: saddr:100932208: daddr:16783984
[  300.800339] AAAAA-TCP_FORW: name:enp0s3: saddr:100932208: daddr:16783984
[  300.923378] AAAAA-TCP_FORW: name:enp0s3: saddr:100932208: daddr:16783984
[  301.004627] AAAAA-TCP_FORW: name:enp0s3: saddr:100932208: daddr:16783984
[  301.140235] AAAAA-TCP_FORW: name:enp0s3: saddr:100932208: daddr:16783984
[  301.204036] AAAAA-TCP_FORW: name:enp0s3: saddr:100932208: daddr:16783984
[  301.299011] AAAAA-TCP_FORW: name:enp0s3: saddr:100932208: daddr:16783984
[  301.392710] AAAAA-TCP_FORW: name:enp0s3: saddr:100932208: daddr:16783984
[  301.588310] AAAAA-TCP_FORW: name:enp0s3: saddr:100932208: daddr:33561200
[  301.702401] AAAAA-TCP_FORW: name:enp0s3: saddr:100932208: daddr:33561200
[  301.741172] AAAAA-TCP_FORW: name:enp0s3: saddr:100932208: daddr:33561200
[  301.852932] AAAAA-TCP_FORW: name:enp0s3: saddr:100932208: daddr:33561200
[  301.960178] AAAAA-TCP_FORW: name:enp0s3: saddr:100932208: daddr:33561200
[  302.028545] AAAAA-TCP_FORW: name:enp0s3: saddr:100932208: daddr:33561200
[  302.214913] AAAAA-TCP_FORW: name:enp0s3: saddr:100932208: daddr:33561200
[  302.334875] AAAAA-TCP_FORW: name:enp0s3: saddr:100932208: daddr:33561200
[  302.469641] AAAAA-TCP_FORW: name:enp0s3: saddr:100932208: daddr:33561200
[  302.472546] AAAAA-TCP_FORW: name:enp0s3: saddr:100932208: daddr:16783984
[  302.608271] AAAAA-TCP_FORW: name:enp0s3: saddr:100932208: daddr:33561200
[  302.705886] AAAAA-TCP_FORW: name:enp0s3: saddr:100932208: daddr:16783984
[  303.010663] AAAAA-TCP_FORW: name:enp0s3: saddr:100932208: daddr:16783984
[  303.053836] AAAAA-TCP_FORW: name:enp0s3: saddr:100932208: daddr:16783984
[  303.143756] AAAAA-TCP_FORW: name:enp0s3: saddr:100932208: daddr:16783984
[  303.177218] AAAAA-TCP_FORW: name:enp0s3: saddr:100932208: daddr:16783984
[  303.340241] AAAAA-TCP_FORW: name:enp0s3: saddr:100932208: daddr:16783984
[  303.430166] AAAAA-TCP_FORW: name:enp0s3: saddr:100932208: daddr:16783984
[  303.574690] AAAAA-TCP_FORW: name:enp0s3: saddr:100932208: daddr:16783984
[  303.681233] AAAAA-TCP_FORW: name:enp0s3: saddr:100932208: daddr:16783984
[  303.758769] AAAAA-TCP_FORW: name:enp0s3: saddr:100932208: daddr:16783984
[  303.942720] AAAAA-TCP_FORW: name:enp0s3: saddr:100932208: daddr:16783984
[  304.077880] AAAAA-TCP_FORW: name:enp0s3: saddr:100932208: daddr:16783984
[  304.123670] AAAAA-TCP_FORW: name:enp0s3: saddr:100932208: daddr:16783984
[  304.242802] AAAAA-TCP_FORW: name:enp0s3: saddr:100932208: daddr:16783984
[  304.325222] AAAAA-TCP_FORW: name:enp0s3: saddr:100932208: daddr:16783984
[  304.406854] AAAAA-TCP_FORW: name:enp0s3: saddr:100932208: daddr:16783984
[  304.465377] AAAAA-TCP_FORW: name:enp0s3: saddr:100932208: daddr:16783984
[  304.570499] AAAAA-TCP_FORW: name:enp0s3: saddr:100932208: daddr:16783984
[  304.649926] AAAAA-TCP_FORW: name:enp0s3: saddr:100932208: daddr:16783984
[  304.744504] AAAAA-TCP_FORW: name:enp0s3: saddr:100932208: daddr:16783984
[  304.960031] AAAAA-TCP_FORW: name:enp0s3: saddr:100932208: daddr:16783984
[  305.184422] AAAAA-TCP_FORW: name:enp0s3: saddr:100932208: daddr:16783984
[  305.258725] AAAAA-TCP_FORW: name:enp0s3: saddr:100932208: daddr:16783984
[  305.345947] AAAAA-TCP_FORW: name:enp0s3: saddr:100932208: daddr:16783984
[  305.408924] AAAAA-TCP_FORW: name:enp0s3: saddr:100932208: daddr:16783984
[  305.492329] AAAAA-TCP_FORW: name:enp0s3: saddr:100932208: daddr:33561200
[  305.573583] AAAAA-TCP_FORW: name:enp0s3: saddr:100932208: daddr:33561200
[  305.820544] AAAAA-TCP_FORW: name:enp0s3: saddr:100932208: daddr:33561200
[  305.911642] AAAAA-TCP_FORW: name:enp0s3: saddr:100932208: daddr:33561200
[  306.030997] AAAAA-TCP_FORW: name:enp0s3: saddr:100932208: daddr:33561200
[  306.105802] AAAAA-TCP_FORW: name:enp0s3: saddr:100932208: daddr:33561200
[  306.208044] AAAAA-TCP_FORW: name:enp0s3: saddr:100932208: daddr:33561200
[  306.215727] AAAAA-TCP_FORW: name:enp0s3: saddr:100932208: daddr:33561200
[  306.348342] AAAAA-TCP_FORW: name:enp0s3: saddr:100932208: daddr:33561200
[  306.375869] AAAAA-TCP_FORW: name:enp0s3: saddr:100932208: daddr:33561200
[  306.513847] AAAAA-TCP_FORW: name:enp0s3: saddr:100932208: daddr:33561200
[  306.556661] AAAAA-TCP_FORW: name:enp0s3: saddr:100932208: daddr:33561200
[  306.644322] AAAAA-TCP_FORW: name:enp0s3: saddr:100932208: daddr:33561200
[  306.826435] AAAAA-TCP_FORW: name:enp0s3: saddr:100932208: daddr:33561200
[  306.941925] AAAAA-TCP_FORW: name:enp0s3: saddr:100932208: daddr:33561200
[  307.053642] AAAAA-TCP_FORW: name:enp0s3: saddr:100932208: daddr:33561200
[  307.117940] AAAAA-TCP_FORW: name:enp0s3: saddr:100932208: daddr:16783984
[  307.193118] AAAAA-TCP_FORW: name:enp0s3: saddr:100932208: daddr:16783984
[  307.292395] AAAAA-TCP_FORW: name:enp0s3: saddr:100932208: daddr:16783984
[  307.347328] AAAAA-TCP_FORW: name:enp0s3: saddr:100932208: daddr:16783984
[  307.569218] AAAAA-TCP_FORW: name:enp0s3: saddr:100932208: daddr:16783984
[  307.700190] AAAAA-TCP_FORW: name:enp0s3: saddr:100932208: daddr:16783984
[  307.869006] AAAAA-TCP_FORW: name:enp0s3: saddr:100932208: daddr:16783984
[  307.948209] AAAAA-TCP_FORW: name:enp0s3: saddr:100932208: daddr:16783984
[  308.077688] AAAAA-TCP_FORW: name:enp0s3: saddr:100932208: daddr:16783984
[  308.187432] AAAAA-TCP_FORW: name:enp0s3: saddr:100932208: daddr:16783984
[  308.282164] AAAAA-TCP_FORW: name:enp0s3: saddr:100932208: daddr:16783984
[  308.448633] AAAAA-TCP_FORW: name:enp0s3: saddr:100932208: daddr:16783984
[  308.572107] AAAAA-TCP_FORW: name:enp0s3: saddr:100932208: daddr:16783984
[  308.910560] AAAAA-TCP_FORW: name:enp0s3: saddr:100932208: daddr:16783984
[  308.976173] AAAAA-TCP_FORW: name:enp0s3: saddr:100932208: daddr:16783984
[  309.149627] AAAAA-TCP_FORW: name:enp0s3: saddr:100932208: daddr:16783984
[  309.234447] AAAAA-TCP_FORW: name:enp0s3: saddr:100932208: daddr:16783984
[  309.363115] AAAAA-TCP_FORW: name:enp0s3: saddr:100932208: daddr:16783984
[  309.463876] AAAAA-TCP_FORW: name:enp0s3: saddr:100932208: daddr:16783984
[  309.470252] AAAAA-TCP_FORW: name:enp0s3: saddr:100932208: daddr:16783984
[  310.210215] AAAAA-TCP_FORW: name:enp0s3: saddr:100932208: daddr:33561200
[  310.542391] AAAAA-TCP_FORW: name:enp0s3: saddr:100932208: daddr:33561200
[  310.556996] AAAAA-TCP_FORW: name:enp0s3: saddr:16783984: daddr:100932208
[  310.637349] AAAAA-TCP_FORW: name:enp0s3: saddr:16783984: daddr:100932208
[  310.739779] AAAAA-TCP_FORW: name:enp0s3: saddr:100932208: daddr:33561200
[  310.928922] AAAAA-TCP_FORW: name:enp0s3: saddr:16783984: daddr:100932208
[  311.011145] AAAAA-TCP_FORW: name:enp0s3: saddr:100932208: daddr:33561200
[  311.024943] AAAAA-TCP_FORW: name:enp0s3: saddr:16783984: daddr:100932208
[  311.214125] AAAAA-TCP_FORW: name:enp0s3: saddr:16783984: daddr:100932208
[  311.257801] AAAAA-TCP_FORW: name:enp0s3: saddr:16783984: daddr:100932208
[  311.300537] AAAAA-TCP_FORW: name:enp0s3: saddr:100932208: daddr:33561200
[  311.348696] AAAAA-TCP_FORW: name:enp0s3: saddr:16783984: daddr:100932208
[  311.558810] AAAAA-TCP_FORW: name:enp0s3: saddr:33561200: daddr:100932208
[  311.616832] AAAAA-TCP_FORW: name:enp0s3: saddr:100932208: daddr:33561200
[  311.691790] AAAAA-TCP_FORW: name:enp0s3: saddr:33561200: daddr:100932208
[  311.750010] AAAAA-TCP_FORW: name:enp0s3: saddr:100932208: daddr:33561200
[  312.007192] AAAAA-TCP_FORW: name:enp0s3: saddr:33561200: daddr:100932208
[  312.170109] AAAAA-TCP_FORW: name:enp0s3: saddr:33561200: daddr:100932208
[  312.406777] AAAAA-TCP_FORW: name:enp0s3: saddr:33561200: daddr:100932208
[  312.663039] AAAAA-TCP_FORW: name:enp0s3: saddr:33561200: daddr:100932208
[  312.882543] AAAAA-TCP_FORW: name:enp0s3: saddr:33561200: daddr:100932208
[  313.040190] AAAAA-TCP_FORW: name:enp0s3: saddr:100932208: daddr:33561200
[  313.181089] AAAAA-TCP_FORW: name:enp0s3: saddr:100932208: daddr:33561200
[  313.266116] AAAAA-TCP_FORW: name:enp0s3: saddr:100932208: daddr:33561200
[  313.334093] AAAAA-TCP_FORW: name:enp0s3: saddr:100932208: daddr:33561200
[  313.443595] AAAAA-TCP_FORW: name:enp0s3: saddr:33561200: daddr:100932208
[  313.679559] AAAAA-TCP_FORW: name:enp0s3: saddr:33561200: daddr:100932208
[  313.801869] AAAAA-TCP_FORW: name:enp0s3: saddr:33561200: daddr:100932208
[  313.912842] AAAAA-TCP_FORW: name:enp0s3: saddr:33561200: daddr:100932208
[  315.319907] AAAAA-TCP_FORW: name:enp0s3: saddr:100932208: daddr:16783984
[  315.331492] AAAAA-TCP_FORW: name:enp0s3: saddr:16783984: daddr:100932208
[  315.414342] AAAAA-TCP_FORW: name:enp0s3: saddr:100932208: daddr:33561200
[  315.451662] AAAAA-TCP_FORW: name:enp0s3: saddr:33561200: daddr:100932208
[  315.575754] AAAAA-TCP_FORW: name:enp0s3: saddr:100932208: daddr:33561200
[  315.581030] AAAAA-TCP_FORW: name:enp0s3: saddr:33561200: daddr:100932208
[  321.961561] AAAAA-TCP_FORW: name:enp0s3: saddr:100932208: daddr:16783984
[  322.056769] AAAAA-TCP_FORW: name:enp0s3: saddr:100932208: daddr:33561200
[  322.137847] AAAAA-TCP_FORW: name:enp0s3: saddr:100932208: daddr:33561200
[  322.201279] AAAAA-TCP_FORW: name:enp0s3: saddr:100932208: daddr:33561200
[  322.296740] AAAAA-TCP_FORW: name:enp0s3: saddr:100932208: daddr:33561200
[  322.368798] AAAAA-TCP_FORW: name:enp0s3: saddr:100932208: daddr:33561200
[  322.440870] AAAAA-TCP_FORW: name:enp0s3: saddr:100932208: daddr:16783984
[  322.541106] AAAAA-TCP_FORW: name:enp0s3: saddr:100932208: daddr:16783984
[  322.687915] AAAAA-TCP_FORW: name:enp0s3: saddr:100932208: daddr:16783984
[  322.786886] AAAAA-TCP_FORW: name:enp0s3: saddr:100932208: daddr:16783984
[  322.900233] AAAAA-TCP_FORW: name:enp0s3: saddr:100932208: daddr:16783984
[  323.015550] AAAAA-TCP_FORW: name:enp0s3: saddr:100932208: daddr:16783984
[  323.147396] AAAAA-TCP_FORW: name:enp0s3: saddr:100932208: daddr:16783984
[  323.233982] AAAAA-TCP_FORW: name:enp0s3: saddr:100932208: daddr:16783984
[  323.317280] AAAAA-TCP_FORW: name:enp0s3: saddr:100932208: daddr:33561200
[  323.427131] AAAAA-TCP_FORW: name:enp0s3: saddr:100932208: daddr:33561200
[  323.467314] AAAAA-TCP_FORW: name:enp0s3: saddr:100932208: daddr:16783984
[  323.606718] AAAAA-TCP_FORW: name:enp0s3: saddr:100932208: daddr:16783984
[  323.713697] AAAAA-TCP_FORW: name:enp0s3: saddr:100932208: daddr:16783984
[  323.800672] AAAAA-TCP_FORW: name:enp0s3: saddr:100932208: daddr:16783984
[  323.885384] AAAAA-TCP_FORW: name:enp0s3: saddr:100932208: daddr:33561200
[  323.973455] AAAAA-TCP_FORW: name:enp0s3: saddr:100932208: daddr:33561200
[  324.059738] AAAAA-TCP_FORW: name:enp0s3: saddr:100932208: daddr:16783984
[  324.165319] AAAAA-TCP_FORW: name:enp0s3: saddr:100932208: daddr:16783984
[  324.252780] AAAAA-TCP_FORW: name:enp0s3: saddr:100932208: daddr:16783984
[  324.331979] AAAAA-TCP_FORW: name:enp0s3: saddr:100932208: daddr:16783984
[  324.400805] AAAAA-TCP_FORW: name:enp0s3: saddr:100932208: daddr:16783984
[  324.484181] AAAAA-TCP_FORW: name:enp0s3: saddr:100932208: daddr:33561200
[  324.590913] AAAAA-TCP_FORW: name:enp0s3: saddr:100932208: daddr:33561200
[  324.669118] AAAAA-TCP_FORW: name:enp0s3: saddr:100932208: daddr:33561200
[  324.751873] AAAAA-TCP_FORW: name:enp0s3: saddr:100932208: daddr:33561200
[  324.829472] AAAAA-TCP_FORW: name:enp0s3: saddr:100932208: daddr:33561200
[  324.912558] AAAAA-TCP_FORW: name:enp0s3: saddr:100932208: daddr:33561200
[  324.986164] AAAAA-TCP_FORW: name:enp0s3: saddr:100932208: daddr:16783984
[  325.043201] AAAAA-TCP_FORW: name:enp0s3: saddr:100932208: daddr:16783984
[  325.164760] AAAAA-TCP_FORW: name:enp0s3: saddr:100932208: daddr:16783984
[  325.219671] AAAAA-TCP_FORW: name:enp0s3: saddr:100932208: daddr:16783984
[  325.313259] AAAAA-TCP_FORW: name:enp0s3: saddr:100932208: daddr:16783984
[  325.355186] AAAAA-TCP_FORW: name:enp0s3: saddr:100932208: daddr:33561200
[  325.450214] AAAAA-TCP_FORW: name:enp0s3: saddr:100932208: daddr:33561200
[  325.545019] AAAAA-TCP_FORW: name:enp0s3: saddr:100932208: daddr:16783984
[  325.643572] AAAAA-TCP_FORW: name:enp0s3: saddr:100932208: daddr:16783984
[  325.714710] AAAAA-TCP_FORW: name:enp0s3: saddr:100932208: daddr:33561200
[  325.798059] AAAAA-TCP_FORW: name:enp0s3: saddr:100932208: daddr:33561200
[  325.831757] AAAAA-TCP_FORW: name:enp0s3: saddr:100932208: daddr:16783984
[  325.927066] AAAAA-TCP_FORW: name:enp0s3: saddr:100932208: daddr:16783984
[  326.014260] AAAAA-TCP_FORW: name:enp0s3: saddr:100932208: daddr:16783984
[  326.124263] AAAAA-TCP_FORW: name:enp0s3: saddr:100932208: daddr:16783984
[  326.191735] AAAAA-TCP_FORW: name:enp0s3: saddr:100932208: daddr:16783984
[  326.270230] AAAAA-TCP_FORW: name:enp0s3: saddr:100932208: daddr:16783984
[  326.380861] AAAAA-TCP_FORW: name:enp0s3: saddr:100932208: daddr:33561200
[  326.537598] AAAAA-TCP_FORW: name:enp0s3: saddr:100932208: daddr:33561200
[  326.611300] AAAAA-TCP_FORW: name:enp0s3: saddr:100932208: daddr:33561200
[  326.693747] AAAAA-TCP_FORW: name:enp0s3: saddr:100932208: daddr:33561200
[  326.817284] AAAAA-TCP_FORW: name:enp0s3: saddr:100932208: daddr:33561200
[  326.880232] AAAAA-TCP_FORW: name:enp0s3: saddr:100932208: daddr:33561200
[  326.977773] AAAAA-TCP_FORW: name:enp0s3: saddr:100932208: daddr:33561200
[  327.064648] AAAAA-TCP_FORW: name:enp0s3: saddr:100932208: daddr:33561200
[  327.160404] AAAAA-TCP_FORW: name:enp0s3: saddr:100932208: daddr:16783984
[  327.208221] AAAAA-TCP_FORW: name:enp0s3: saddr:100932208: daddr:16783984
[  327.316714] AAAAA-TCP_FORW: name:enp0s3: saddr:100932208: daddr:16783984
[  327.439238] AAAAA-TCP_FORW: name:enp0s3: saddr:100932208: daddr:16783984
[  327.551059] AAAAA-TCP_FORW: name:enp0s3: saddr:100932208: daddr:16783984
[  327.632009] AAAAA-TCP_FORW: name:enp0s3: saddr:100932208: daddr:16783984
[  327.714360] AAAAA-TCP_FORW: name:enp0s3: saddr:100932208: daddr:33561200
[  327.765030] AAAAA-TCP_FORW: name:enp0s3: saddr:100932208: daddr:33561200
[  327.881113] AAAAA-TCP_FORW: name:enp0s3: saddr:100932208: daddr:33561200
[  327.976094] AAAAA-TCP_FORW: name:enp0s3: saddr:100932208: daddr:33561200
[  328.052933] AAAAA-TCP_FORW: name:enp0s3: saddr:100932208: daddr:16783984
[  328.143497] AAAAA-TCP_FORW: name:enp0s3: saddr:100932208: daddr:16783984
[  328.228025] AAAAA-TCP_FORW: name:enp0s3: saddr:100932208: daddr:33561200
[  328.300125] AAAAA-TCP_FORW: name:enp0s3: saddr:100932208: daddr:33561200
[  328.400454] AAAAA-TCP_FORW: name:enp0s3: saddr:100932208: daddr:33561200
[  328.470357] AAAAA-TCP_FORW: name:enp0s3: saddr:100932208: daddr:16783984
[  328.555451] AAAAA-TCP_FORW: name:enp0s3: saddr:100932208: daddr:16783984
[  328.629391] AAAAA-TCP_FORW: name:enp0s3: saddr:100932208: daddr:16783984
[  328.690497] AAAAA-TCP_FORW: name:enp0s3: saddr:100932208: daddr:16783984
[  328.810002] AAAAA-TCP_FORW: name:enp0s3: saddr:100932208: daddr:16783984
[  328.884497] AAAAA-TCP_FORW: name:enp0s3: saddr:100932208: daddr:16783984
[  328.954489] AAAAA-TCP_FORW: name:enp0s3: saddr:100932208: daddr:33561200
[  329.020510] AAAAA-TCP_FORW: name:enp0s3: saddr:100932208: daddr:33561200
[  329.062026] AAAAA-TCP_FORW: name:enp0s3: saddr:100932208: daddr:33561200
[  329.192087] AAAAA-TCP_FORW: name:enp0s3: saddr:100932208: daddr:33561200
[  329.273492] AAAAA-TCP_FORW: name:enp0s3: saddr:100932208: daddr:33561200
[  329.372586] AAAAA-TCP_FORW: name:enp0s3: saddr:100932208: daddr:33561200
[  329.450129] AAAAA-TCP_FORW: name:enp0s3: saddr:100932208: daddr:33561200
[  329.526723] AAAAA-TCP_FORW: name:enp0s3: saddr:100932208: daddr:33561200
[  329.606897] AAAAA-TCP_FORW: name:enp0s3: saddr:100932208: daddr:33561200
[  329.682702] AAAAA-TCP_FORW: name:enp0s3: saddr:100932208: daddr:33561200
[  329.767817] AAAAA-TCP_FORW: name:enp0s3: saddr:100932208: daddr:33561200
[  329.847037] AAAAA-TCP_FORW: name:enp0s3: saddr:100932208: daddr:33561200
[  329.923602] AAAAA-TCP_FORW: name:enp0s3: saddr:100932208: daddr:16783984
[  329.997229] AAAAA-TCP_FORW: name:enp0s3: saddr:100932208: daddr:16783984
[  330.084657] AAAAA-TCP_FORW: name:enp0s3: saddr:100932208: daddr:16783984
[  330.164769] AAAAA-TCP_FORW: name:enp0s3: saddr:100932208: daddr:16783984
[  330.254452] AAAAA-TCP_FORW: name:enp0s3: saddr:100932208: daddr:16783984
[  330.327655] AAAAA-TCP_FORW: name:enp0s3: saddr:100932208: daddr:16783984
[  330.410786] AAAAA-TCP_FORW: name:enp0s3: saddr:100932208: daddr:16783984
[  330.472690] AAAAA-TCP_FORW: name:enp0s3: saddr:100932208: daddr:33561200
[  330.572039] AAAAA-TCP_FORW: name:enp0s3: saddr:100932208: daddr:33561200
[  330.663600] AAAAA-TCP_FORW: name:enp0s3: saddr:100932208: daddr:33561200
