[    0.000000] Linux version 5.4.243-mptcp (root@ztg) (gcc version 12.2.0 (Debian 12.2.0-14+deb12u1)) #53 SMP Wed Dec 24 23:28:15 CST 2025
[    0.000000] Command line: BOOT_IMAGE=/boot/vmlinuz-5.4.243-mptcp root=UUID=98415a12-53b7-4144-8265-0f7ece09e445 ro quiet splash
[    0.000000] KERNEL supported cpus:
[    0.000000]   Intel GenuineIntel
[    0.000000]   AMD AuthenticAMD
[    0.000000]   Hygon HygonGenuine
[    0.000000]   Centaur CentaurHauls
[    0.000000]   zhaoxin   Shanghai  
[    0.000000] x86/fpu: Supporting XSAVE feature 0x001: 'x87 floating point registers'
[    0.000000] x86/fpu: Supporting XSAVE feature 0x002: 'SSE registers'
[    0.000000] x86/fpu: Supporting XSAVE feature 0x004: 'AVX registers'
[    0.000000] x86/fpu: xstate_offset[2]:  576, xstate_sizes[2]:  256
[    0.000000] x86/fpu: Enabled xstate features 0x7, context size is 832 bytes, using 'standard' format.
[    0.000000] BIOS-provided physical RAM map:
[    0.000000] BIOS-e820: [mem 0x0000000000000000-0x000000000009fbff] usable
[    0.000000] BIOS-e820: [mem 0x000000000009fc00-0x000000000009ffff] reserved
[    0.000000] BIOS-e820: [mem 0x00000000000f0000-0x00000000000fffff] reserved
[    0.000000] BIOS-e820: [mem 0x0000000000100000-0x000000007ffeffff] usable
[    0.000000] BIOS-e820: [mem 0x000000007fff0000-0x000000007fffffff] ACPI data
[    0.000000] BIOS-e820: [mem 0x00000000fec00000-0x00000000fec00fff] reserved
[    0.000000] BIOS-e820: [mem 0x00000000fee00000-0x00000000fee00fff] reserved
[    0.000000] BIOS-e820: [mem 0x00000000fffc0000-0x00000000ffffffff] reserved
[    0.000000] NX (Execute Disable) protection: active
[    0.000000] SMBIOS 2.5 present.
[    0.000000] DMI: innotek GmbH VirtualBox/VirtualBox, BIOS VirtualBox 12/01/2006
[    0.000000] Hypervisor detected: KVM
[    0.000000] kvm-clock: Using msrs 4b564d01 and 4b564d00
[    0.000000] kvm-clock: cpu 0, msr 39601001, primary cpu clock
[    0.000000] kvm-clock: using sched offset of 4559526893 cycles
[    0.000003] clocksource: kvm-clock: mask: 0xffffffffffffffff max_cycles: 0x1cd42e4dffb, max_idle_ns: 881590591483 ns
[    0.000005] tsc: Detected 2100.000 MHz processor
[    0.001903] e820: update [mem 0x00000000-0x00000fff] usable ==> reserved
[    0.001905] e820: remove [mem 0x000a0000-0x000fffff] usable
[    0.001909] last_pfn = 0x7fff0 max_arch_pfn = 0x400000000
[    0.001977] MTRR default type: uncachable
[    0.001978] MTRR fixed ranges enabled:
[    0.001979]   00000-9FFFF write-back
[    0.001980]   A0000-BFFFF uncachable
[    0.001981]   C0000-FFFFF write-protect
[    0.001981] MTRR variable ranges enabled:
[    0.001983]   0 base 000000000000 mask 3FFF80000000 write-back
[    0.001984]   1 disabled
[    0.001984]   2 disabled
[    0.001984]   3 disabled
[    0.001985]   4 disabled
[    0.001985]   5 disabled
[    0.001986]   6 disabled
[    0.001986]   7 disabled
[    0.001986]   8 disabled
[    0.001987]   9 disabled
[    0.001987]   10 disabled
[    0.001988]   11 disabled
[    0.001988]   12 disabled
[    0.001989]   13 disabled
[    0.001989]   14 disabled
[    0.001990]   15 disabled
[    0.002006] x86/PAT: Configuration [0-7]: WB  WC  UC- UC  WB  WP  UC- WT  
[    0.002140] found SMP MP-table at [mem 0x0009fff0-0x0009ffff]
[    0.094359] check: Scanning 1 areas for low memory corruption
[    0.094547] RAMDISK: [mem 0x32271000-0x3512ffff]
[    0.094556] ACPI: Early table checksum verification disabled
[    0.094561] ACPI: RSDP 0x00000000000E0000 000024 (v02 VBOX  )
[    0.094566] ACPI: XSDT 0x000000007FFF0030 00003C (v01 VBOX   VBOXXSDT 00000001 ASL  00000061)
[    0.094572] ACPI: FACP 0x000000007FFF00F0 0000F4 (v04 VBOX   VBOXFACP 00000001 ASL  00000061)
[    0.094579] ACPI: DSDT 0x000000007FFF02E0 002353 (v02 VBOX   VBOXBIOS 00000002 VBOX 00029BF3)
[    0.094583] ACPI: FACS 0x000000007FFF0200 000040
[    0.094586] ACPI: FACS 0x000000007FFF0200 000040
[    0.094589] ACPI: APIC 0x000000007FFF0240 000054 (v02 VBOX   VBOXAPIC 00000001 ASL  00000061)
[    0.094593] ACPI: SSDT 0x000000007FFF02A0 000038 (v01 VBOX   VBOXCPUT 00000002 VBOX 00029BF3)
[    0.094596] ACPI: Reserving FACP table memory at [mem 0x7fff00f0-0x7fff01e3]
[    0.094597] ACPI: Reserving DSDT table memory at [mem 0x7fff02e0-0x7fff2632]
[    0.094598] ACPI: Reserving FACS table memory at [mem 0x7fff0200-0x7fff023f]
[    0.094598] ACPI: Reserving FACS table memory at [mem 0x7fff0200-0x7fff023f]
[    0.094599] ACPI: Reserving APIC table memory at [mem 0x7fff0240-0x7fff0293]
[    0.094600] ACPI: Reserving SSDT table memory at [mem 0x7fff02a0-0x7fff02d7]
[    0.094615] ACPI: Local APIC address 0xfee00000
[    0.094805] No NUMA configuration found
[    0.094806] Faking a node at [mem 0x0000000000000000-0x000000007ffeffff]
[    0.094816] NODE_DATA(0) allocated [mem 0x7ffc5000-0x7ffeffff]
[    0.095078] Zone ranges:
[    0.095079]   DMA      [mem 0x0000000000001000-0x0000000000ffffff]
[    0.095080]   DMA32    [mem 0x0000000001000000-0x000000007ffeffff]
[    0.095081]   Normal   empty
[    0.095082]   Device   empty
[    0.095083] Movable zone start for each node
[    0.095085] Early memory node ranges
[    0.095086]   node   0: [mem 0x0000000000001000-0x000000000009efff]
[    0.095086]   node   0: [mem 0x0000000000100000-0x000000007ffeffff]
[    0.095089] Zeroed struct page in unavailable ranges: 114 pages
[    0.095090] Initmem setup node 0 [mem 0x0000000000001000-0x000000007ffeffff]
[    0.095091] On node 0 totalpages: 524174
[    0.095093]   DMA zone: 64 pages used for memmap
[    0.095093]   DMA zone: 21 pages reserved
[    0.095094]   DMA zone: 3998 pages, LIFO batch:0
[    0.095166]   DMA32 zone: 8128 pages used for memmap
[    0.095166]   DMA32 zone: 520176 pages, LIFO batch:63
[    0.104168] ACPI: PM-Timer IO Port: 0x4008
[    0.104173] ACPI: Local APIC address 0xfee00000
[    0.104242] IOAPIC[0]: apic_id 1, version 32, address 0xfec00000, GSI 0-23
[    0.104245] ACPI: INT_SRC_OVR (bus 0 bus_irq 0 global_irq 2 dfl dfl)
[    0.104247] ACPI: INT_SRC_OVR (bus 0 bus_irq 9 global_irq 9 low level)
[    0.104248] ACPI: IRQ0 used by override.
[    0.104249] ACPI: IRQ9 used by override.
[    0.104252] Using ACPI (MADT) for SMP configuration information
[    0.104259] smpboot: Allowing 1 CPUs, 0 hotplug CPUs
[    0.104282] PM: Registered nosave memory: [mem 0x00000000-0x00000fff]
[    0.104283] PM: Registered nosave memory: [mem 0x0009f000-0x0009ffff]
[    0.104283] PM: Registered nosave memory: [mem 0x000a0000-0x000effff]
[    0.104284] PM: Registered nosave memory: [mem 0x000f0000-0x000fffff]
[    0.104286] [mem 0x80000000-0xfebfffff] available for PCI devices
[    0.104287] Booting paravirtualized kernel on KVM
[    0.104290] clocksource: refined-jiffies: mask: 0xffffffff max_cycles: 0xffffffff, max_idle_ns: 7645519600211568 ns
[    0.104295] setup_percpu: NR_CPUS:8192 nr_cpumask_bits:1 nr_cpu_ids:1 nr_node_ids:1
[    0.105321] percpu: Embedded 60 pages/cpu s208896 r8192 d28672 u2097152
[    0.105326] pcpu-alloc: s208896 r8192 d28672 u2097152 alloc=1*2097152
[    0.105327] pcpu-alloc: [0] 0 
[    0.105354] Built 1 zonelists, mobility grouping on.  Total pages: 515961
[    0.105354] Policy zone: DMA32
[    0.105356] Kernel command line: BOOT_IMAGE=/boot/vmlinuz-5.4.243-mptcp root=UUID=98415a12-53b7-4144-8265-0f7ece09e445 ro quiet splash
[    0.106262] Dentry cache hash table entries: 262144 (order: 9, 2097152 bytes, linear)
[    0.106410] Inode-cache hash table entries: 131072 (order: 8, 1048576 bytes, linear)
[    0.106461] mem auto-init: stack:off, heap alloc:on, heap free:off
[    0.106464] Calgary: detecting Calgary via BIOS EBDA area
[    0.106465] Calgary: Unable to locate Rio Grande table in EBDA - bailing!
[    0.110703] Memory: 1967332K/2096696K available (14339K kernel code, 2398K rwdata, 4712K rodata, 2728K init, 17260K bss, 129364K reserved, 0K cma-reserved)
[    0.111634] SLUB: HWalign=64, Order=0-3, MinObjects=0, CPUs=1, Nodes=1
[    0.111652] ftrace: allocating 43186 entries in 169 pages
[    0.129964] rcu: Hierarchical RCU implementation.
[    0.129966] rcu: 	RCU restricting CPUs from NR_CPUS=8192 to nr_cpu_ids=1.
[    0.129967] 	Tasks RCU enabled.
[    0.129968] rcu: RCU calculated value of scheduler-enlistment delay is 25 jiffies.
[    0.129969] rcu: Adjusting geometry for rcu_fanout_leaf=16, nr_cpu_ids=1
[    0.132926] NR_IRQS: 524544, nr_irqs: 256, preallocated irqs: 16
[    0.133141] random: crng init done
[    0.142440] Console: colour VGA+ 80x25
[    0.142444] printk: console [tty0] enabled
[    0.142467] ACPI: Core revision 20190816
[    0.142573] APIC: Switch to symmetric I/O mode setup
[    0.142828] x2apic enabled
[    0.143068] Switched APIC routing to physical x2apic.
[    0.144205] ..TIMER: vector=0x30 apic1=0 pin1=2 apic2=-1 pin2=-1
[    0.144230] clocksource: tsc-early: mask: 0xffffffffffffffff max_cycles: 0x1e4530a99b6, max_idle_ns: 440795257976 ns
[    0.144236] Calibrating delay loop (skipped) preset value.. 4200.00 BogoMIPS (lpj=8400000)
[    0.144239] pid_max: default: 32768 minimum: 301
[    0.144268] LSM: Security Framework initializing
[    0.144277] Yama: becoming mindful.
[    0.144304] AppArmor: AppArmor initialized
[    0.144338] Mount-cache hash table entries: 4096 (order: 3, 32768 bytes, linear)
[    0.144343] Mountpoint-cache hash table entries: 4096 (order: 3, 32768 bytes, linear)
[    0.144354] *** VALIDATE tmpfs ***
[    0.144486] *** VALIDATE proc ***
[    0.144528] *** VALIDATE cgroup1 ***
[    0.144529] *** VALIDATE cgroup2 ***
[    0.144674] process: using mwait in idle threads
[    0.144679] Last level iTLB entries: 4KB 64, 2MB 8, 4MB 8
[    0.144680] Last level dTLB entries: 4KB 64, 2MB 0, 4MB 0, 1GB 4
[    0.144699] Spectre V1 : Mitigation: usercopy/swapgs barriers and __user pointer sanitization
[    0.144705] Spectre V2 : Mitigation: Retpolines
[    0.144706] Spectre V2 : Spectre v2 / SpectreRSB mitigation: Filling RSB on context switch
[    0.144706] Spectre V2 : Spectre v2 / SpectreRSB : Filling RSB on VMEXIT
[    0.144707] RETBleed: WARNING: Spectre v2 mitigation leaves CPU vulnerable to RETBleed attacks, data leaks possible!
[    0.145060] RETBleed: Vulnerable
[    0.145060] Speculative Store Bypass: Vulnerable
[    0.145065] TAA: Mitigation: TSX disabled
[    0.145066] MMIO Stale Data: Mitigation: Clear CPU buffers
[    0.149371] Freeing SMP alternatives memory: 40K
[    0.261688] smpboot: CPU0: Intel(R) Xeon(R) Silver 4216 CPU @ 2.10GHz (family: 0x6, model: 0x55, stepping: 0x7)
[    0.261843] Performance Events: unsupported p6 CPU model 85 no PMU driver, software events only.
[    0.261882] rcu: Hierarchical SRCU implementation.
[    0.262371] NMI watchdog: Perf NMI watchdog permanently disabled
[    0.262411] smp: Bringing up secondary CPUs ...
[    0.262412] smp: Brought up 1 node, 1 CPU
[    0.262413] smpboot: Max logical packages: 1
[    0.262414] smpboot: Total of 1 processors activated (4200.00 BogoMIPS)
[    0.263441] devtmpfs: initialized
[    0.263495] x86/mm: Memory block size: 128MB
[    0.263872] clocksource: jiffies: mask: 0xffffffff max_cycles: 0xffffffff, max_idle_ns: 7645041785100000 ns
[    0.263878] futex hash table entries: 256 (order: 2, 16384 bytes, linear)
[    0.263925] pinctrl core: initialized pinctrl subsystem
[    0.264031] PM: RTC time: 20:07:26, date: 2026-01-12
[    0.264143] NET: Registered protocol family 16
[    0.264223] audit: initializing netlink subsys (disabled)
[    0.264233] EISA bus registered
[    0.264233] cpuidle: using governor ladder
[    0.264233] cpuidle: using governor menu
[    0.264233] ACPI: bus type PCI registered
[    0.264233] acpiphp: ACPI Hot Plug PCI Controller Driver version: 0.5
[    0.264233] PCI: Using configuration type 1 for base access
[    0.264835] audit: type=2000 audit(1768219652.795:1): state=initialized audit_enabled=0 res=1
[    0.264918] HugeTLB registered 2.00 MiB page size, pre-allocated 0 pages
[    0.265761] ACPI: Added _OSI(Module Device)
[    0.265761] ACPI: Added _OSI(Processor Device)
[    0.265762] ACPI: Added _OSI(3.0 _SCP Extensions)
[    0.265763] ACPI: Added _OSI(Processor Aggregator Device)
[    0.265764] ACPI: Added _OSI(Linux-Dell-Video)
[    0.265765] ACPI: Added _OSI(Linux-Lenovo-NV-HDMI-Audio)
[    0.265765] ACPI: Added _OSI(Linux-HPI-Hybrid-Graphics)
[    0.267806] ACPI: 2 ACPI AML tables successfully acquired and loaded
[    0.269525] ACPI: Interpreter enabled
[    0.269535] ACPI: (supports S0 S5)
[    0.269537] ACPI: Using IOAPIC for interrupt routing
[    0.269745] PCI: Using host bridge windows from ACPI; if necessary, use "pci=nocrs" and report a bug
[    0.269854] ACPI: Enabled 2 GPEs in block 00 to 07
[    0.274813] ACPI: PCI Root Bridge [PCI0] (domain 0000 [bus 00-ff])
[    0.274820] acpi PNP0A03:00: _OSC: OS supports [ASPM ClockPM Segments MSI HPX-Type3]
[    0.275281] acpi PNP0A03:00: _OSC: not requesting OS control; OS requires [ExtendedConfig ASPM ClockPM MSI]
[    0.275290] acpi PNP0A03:00: fail to add MMCONFIG information, can't access extended PCI configuration space under this bridge.
[    0.275671] PCI host bridge to bus 0000:00
[    0.275674] pci_bus 0000:00: root bus resource [io  0x0000-0x0cf7 window]
[    0.275675] pci_bus 0000:00: root bus resource [io  0x0d00-0xffff window]
[    0.275676] pci_bus 0000:00: root bus resource [mem 0x000a0000-0x000bffff window]
[    0.275677] pci_bus 0000:00: root bus resource [mem 0x80000000-0xfdffffff window]
[    0.275678] pci_bus 0000:00: root bus resource [bus 00-ff]
[    0.275722] pci 0000:00:00.0: [8086:1237] type 00 class 0x060000
[    0.276808] pci 0000:00:01.0: [8086:7000] type 00 class 0x060100
[    0.277610] pci 0000:00:01.1: [8086:7111] type 00 class 0x01018a
[    0.277990] pci 0000:00:01.1: reg 0x20: [io  0xd000-0xd00f]
[    0.278146] pci 0000:00:01.1: legacy IDE quirk: reg 0x10: [io  0x01f0-0x01f7]
[    0.278147] pci 0000:00:01.1: legacy IDE quirk: reg 0x14: [io  0x03f6]
[    0.278148] pci 0000:00:01.1: legacy IDE quirk: reg 0x18: [io  0x0170-0x0177]
[    0.278149] pci 0000:00:01.1: legacy IDE quirk: reg 0x1c: [io  0x0376]
[    0.278687] pci 0000:00:02.0: [15ad:0405] type 00 class 0x030000
[    0.280311] pci 0000:00:02.0: reg 0x10: [io  0xd010-0xd01f]
[    0.284280] pci 0000:00:02.0: reg 0x14: [mem 0xe0000000-0xe7ffffff pref]
[    0.286902] pci 0000:00:02.0: reg 0x18: [mem 0xf0000000-0xf01fffff]
[    0.297061] pci 0000:00:03.0: [1022:2000] type 00 class 0x020000
[    0.297765] pci 0000:00:03.0: reg 0x10: [io  0xd020-0xd03f]
[    0.298393] pci 0000:00:03.0: reg 0x14: [mem 0xf0200000-0xf0200fff]
[    0.303353] pci 0000:00:04.0: [80ee:cafe] type 00 class 0x088000
[    0.304059] pci 0000:00:04.0: reg 0x10: [io  0xd040-0xd05f]
[    0.304347] pci 0000:00:04.0: reg 0x14: [mem 0xf0400000-0xf07fffff]
[    0.304962] pci 0000:00:04.0: reg 0x18: [mem 0xf0800000-0xf0803fff pref]
[    0.308279] pci 0000:00:07.0: [8086:7113] type 00 class 0x068000
[    0.308839] pci 0000:00:07.0: quirk: [io  0x4000-0x403f] claimed by PIIX4 ACPI
[    0.308850] pci 0000:00:07.0: quirk: [io  0x4100-0x410f] claimed by PIIX4 SMB
[    0.309479] pci 0000:00:08.0: [8086:100e] type 00 class 0x020000
[    0.310268] pci 0000:00:08.0: reg 0x10: [mem 0xf0820000-0xf083ffff]
[    0.312346] pci 0000:00:08.0: reg 0x18: [io  0xd060-0xd067]
[    0.315599] pci 0000:00:09.0: [8086:100e] type 00 class 0x020000
[    0.316352] pci 0000:00:09.0: reg 0x10: [mem 0xf0840000-0xf085ffff]
[    0.317503] pci 0000:00:09.0: reg 0x18: [io  0xd068-0xd06f]
[    0.328442] ACPI: PCI Interrupt Link [LNKA] (IRQs 5 9 10 *11)
[    0.328722] ACPI: PCI Interrupt Link [LNKB] (IRQs 5 9 *10 11)
[    0.328829] ACPI: PCI Interrupt Link [LNKC] (IRQs 5 *9 10 11)
[    0.328928] ACPI: PCI Interrupt Link [LNKD] (IRQs 5 9 10 *11)
[    0.329193] iommu: Default domain type: Translated 
[    0.329253] pci 0000:00:02.0: vgaarb: setting as boot VGA device
[    0.329255] pci 0000:00:02.0: vgaarb: VGA device added: decodes=io+mem,owns=io+mem,locks=none
[    0.329257] pci 0000:00:02.0: vgaarb: bridge control possible
[    0.329258] vgaarb: loaded
[    0.329469] SCSI subsystem initialized
[    0.329499] libata version 3.00 loaded.
[    0.329524] ACPI: bus type USB registered
[    0.329539] usbcore: registered new interface driver usbfs
[    0.329545] usbcore: registered new interface driver hub
[    0.329550] usbcore: registered new device driver usb
[    0.329580] pps_core: LinuxPPS API ver. 1 registered
[    0.329580] pps_core: Software ver. 5.3.6 - Copyright 2005-2007 Rodolfo Giometti <giometti@linux.it>
[    0.329583] PTP clock support registered
[    0.329619] EDAC MC: Ver: 3.0.0
[    0.329905] PCI: Using ACPI for IRQ routing
[    0.329906] PCI: pci_cache_line_size set to 64 bytes
[    0.330089] e820: reserve RAM buffer [mem 0x0009fc00-0x0009ffff]
[    0.330093] e820: reserve RAM buffer [mem 0x7fff0000-0x7fffffff]
[    0.330882] NetLabel: Initializing
[    0.330883] NetLabel:  domain hash size = 128
[    0.330883] NetLabel:  protocols = UNLABELED CIPSOv4 CALIPSO
[    0.330904] NetLabel:  unlabeled traffic allowed by default
[    0.331816] clocksource: Switched to clocksource kvm-clock
[    0.342968] *** VALIDATE bpf ***
[    0.343032] VFS: Disk quotas dquot_6.6.0
[    0.343046] VFS: Dquot-cache hash table entries: 512 (order 0, 4096 bytes)
[    0.343069] *** VALIDATE ramfs ***
[    0.343072] *** VALIDATE hugetlbfs ***
[    0.343155] AppArmor: AppArmor Filesystem Enabled
[    0.343183] pnp: PnP ACPI init
[    0.343258] pnp 00:00: Plug and Play ACPI device, IDs PNP0303 (active)
[    0.343347] pnp 00:01: Plug and Play ACPI device, IDs PNP0f03 (active)
[    0.344086] pnp: PnP ACPI: found 2 devices
[    0.345040] thermal_sys: Registered thermal governor 'fair_share'
[    0.345041] thermal_sys: Registered thermal governor 'bang_bang'
[    0.345041] thermal_sys: Registered thermal governor 'step_wise'
[    0.345042] thermal_sys: Registered thermal governor 'user_space'
[    0.345043] thermal_sys: Registered thermal governor 'power_allocator'
[    0.349555] clocksource: acpi_pm: mask: 0xffffff max_cycles: 0xffffff, max_idle_ns: 2085701024 ns
[    0.349597] pci_bus 0000:00: resource 4 [io  0x0000-0x0cf7 window]
[    0.349598] pci_bus 0000:00: resource 5 [io  0x0d00-0xffff window]
[    0.349600] pci_bus 0000:00: resource 6 [mem 0x000a0000-0x000bffff window]
[    0.349601] pci_bus 0000:00: resource 7 [mem 0x80000000-0xfdffffff window]
[    0.349661] NET: Registered protocol family 2
[    0.349737] IP idents hash table entries: 32768 (order: 6, 262144 bytes, linear)
[    0.350148] MPTCP tokens hash table entries: 8192 (order: 4, 65536 bytes, linear)
[    0.350168] MPTCP request tokens hash table entries: 8192 (order: 4, 65536 bytes, linear)
[    0.350193] default registered
[    0.350194] default registered
[    0.350194] MPTCP: Stable release v0.96
[    0.350199] tcp_listen_portaddr_hash hash table entries: 1024 (order: 2, 16384 bytes, linear)
[    0.350281] TCP established hash table entries: 16384 (order: 5, 131072 bytes, linear)
[    0.350350] TCP bind hash table entries: 16384 (order: 6, 262144 bytes, linear)
[    0.350375] TCP: Hash tables configured (established 16384 bind 16384)
[    0.351113] UDP hash table entries: 1024 (order: 3, 32768 bytes, linear)
[    0.351128] UDP-Lite hash table entries: 1024 (order: 3, 32768 bytes, linear)
[    0.351198] NET: Registered protocol family 1
[    0.351208] NET: Registered protocol family 44
[    0.351232] pci 0000:00:00.0: Limiting direct PCI/PCI transfers
[    0.351245] pci 0000:00:01.0: Activating ISA DMA hang workarounds
[    0.351300] pci 0000:00:02.0: Video device with shadowed ROM at [mem 0x000c0000-0x000dffff]
[    0.351363] PCI: CLS 0 bytes, default 64
[    0.351412] Trying to unpack rootfs image as initramfs...
[    0.527533] Freeing initrd memory: 47868K
[    0.527533] clocksource: tsc: mask: 0xffffffffffffffff max_cycles: 0x1e4530a99b6, max_idle_ns: 440795257976 ns
[    0.527533] clocksource: Switched to clocksource tsc
[    0.527533] platform rtc_cmos: registered platform RTC device (no PNP device found)
[    0.527533] check: Scanning for low memory corruption every 60 seconds
[    0.527533] Initialise system trusted keyrings
[    0.527533] Key type blacklist registered
[    0.527533] workingset: timestamp_bits=36 max_order=19 bucket_order=0
[    0.527533] zbud: loaded
[    0.527533] squashfs: version 4.0 (2009/01/31) Phillip Lougher
[    0.527533] fuse: init (API version 7.31)
[    0.527533] *** VALIDATE fuse ***
[    0.527533] *** VALIDATE fuse ***
[    0.527533] Platform Keyring initialized
[    0.542709] Key type asymmetric registered
[    0.542710] Asymmetric key parser 'x509' registered
[    0.542720] Block layer SCSI generic (bsg) driver version 0.4 loaded (major 244)
[    0.542759] io scheduler mq-deadline registered
[    0.542887] shpchp: Standard Hot Plug PCI Controller Driver version: 0.4
[    0.543096] ACPI: AC Adapter [AC] (on-line)
[    0.543142] input: Power Button as /devices/LNXSYSTM:00/LNXPWRBN:00/input/input0
[    0.543171] ACPI: Power Button [PWRF]
[    0.543249] input: Sleep Button as /devices/LNXSYSTM:00/LNXSLPBN:00/input/input1
[    0.543264] ACPI: Sleep Button [SLPF]
[    0.543494] Serial: 8250/16550 driver, 32 ports, IRQ sharing enabled
[    0.544648] Linux agpgart interface v0.103
[    0.635183] loop: module loaded
[    0.635407] ata_piix 0000:00:01.1: version 2.13
[    0.635976] scsi host0: ata_piix
[    0.636106] scsi host1: ata_piix
[    0.636147] ata1: PATA max UDMA/33 cmd 0x1f0 ctl 0x3f6 bmdma 0xd000 irq 14
[    0.636149] ata2: PATA max UDMA/33 cmd 0x170 ctl 0x376 bmdma 0xd008 irq 15
[    0.636263] tun: Universal TUN/TAP device driver, 1.6
[    0.636663] PPP generic driver version 2.4.2
[    0.636731] VFIO - User Level meta-driver version: 0.3
[    0.637049] ehci_hcd: USB 2.0 'Enhanced' Host Controller (EHCI) Driver
[    0.637057] ehci-pci: EHCI PCI platform driver
[    0.637078] ehci-platform: EHCI generic platform driver
[    0.637086] ohci_hcd: USB 1.1 'Open' Host Controller (OHCI) Driver
[    0.637089] ohci-pci: OHCI PCI platform driver
[    0.637099] ohci-platform: OHCI generic platform driver
[    0.637106] uhci_hcd: USB Universal Host Controller Interface driver
[    0.637194] i8042: PNP: PS/2 Controller [PNP0303:PS2K,PNP0f03:PS2M] at 0x60,0x64 irq 1,12
[    0.637752] serio: i8042 KBD port at 0x60,0x64 irq 1
[    0.637759] serio: i8042 AUX port at 0x60,0x64 irq 12
[    0.637898] mousedev: PS/2 mouse device common for all mice
[    0.638270] input: AT Translated Set 2 keyboard as /devices/platform/i8042/serio0/input/input2
[    0.638819] rtc_cmos rtc_cmos: registered as rtc0
[    0.638838] rtc_cmos rtc_cmos: alarms up to one day, 114 bytes nvram
[    0.638846] i2c /dev entries driver
[    0.638905] device-mapper: uevent: version 1.0.3
[    0.638972] device-mapper: ioctl: 4.41.0-ioctl (2019-09-16) initialised: dm-devel@redhat.com
[    0.638995] platform eisa.0: Probing EISA bus 0
[    0.638997] platform eisa.0: EISA: Cannot allocate resource for mainboard
[    0.638999] platform eisa.0: Cannot allocate resource for EISA slot 1
[    0.639001] platform eisa.0: Cannot allocate resource for EISA slot 2
[    0.639002] platform eisa.0: Cannot allocate resource for EISA slot 3
[    0.639004] platform eisa.0: Cannot allocate resource for EISA slot 4
[    0.639005] platform eisa.0: Cannot allocate resource for EISA slot 5
[    0.639007] platform eisa.0: Cannot allocate resource for EISA slot 6
[    0.639008] platform eisa.0: Cannot allocate resource for EISA slot 7
[    0.639010] platform eisa.0: Cannot allocate resource for EISA slot 8
[    0.639011] platform eisa.0: EISA: Detected 0 cards
[    0.639015] intel_pstate: CPU model not supported
[    0.639027] ledtrig-cpu: registered to indicate activity on CPUs
[    0.639100] drop_monitor: Initializing network drop monitor service
[    0.639384] NET: Registered protocol family 10
[    0.643335] Segment Routing with IPv6
[    0.643335] fullmesh registered
[    0.643335] ndiffports registered
[    0.643335] binder registered
[    0.643335] roundrobin registered
[    0.643335] redundant registered
[    0.643335] blest registered
[    0.643335] ecf registered
[    0.643335] NET: Registered protocol family 17
[    0.643335] Key type dns_resolver registered
[    0.643335] RAS: Correctable Errors collector initialized.
[    0.643335] IPI shorthand broadcast: enabled
[    0.643335] sched_clock: Marking stable (628232795, 11102209)->(642395086, -3060082)
[    0.647058] registered taskstats version 1
[    0.647070] Loading compiled-in X.509 certificates
[    0.648101] Loaded X.509 cert 'Build time autogenerated kernel key: 6909f3744cebb3d0de528d5887b96a727de79b1e'
[    0.648128] zswap: loaded using pool lzo/zbud
[    0.648211] Key type ._fscrypt registered
[    0.648212] Key type .fscrypt registered
[    0.654845] Key type big_key registered
[    0.658399] Key type encrypted registered
[    0.658402] AppArmor: AppArmor sha1 policy hashing enabled
[    0.658413] ima: No TPM chip found, activating TPM-bypass!
[    0.658418] ima: Allocated hash algorithm: sha1
[    0.658425] ima: No architecture policies found
[    0.658439] evm: Initialising EVM extended attributes:
[    0.658440] evm: security.selinux
[    0.658441] evm: security.SMACK64
[    0.658441] evm: security.SMACK64EXEC
[    0.658442] evm: security.SMACK64TRANSMUTE
[    0.658443] evm: security.SMACK64MMAP
[    0.658443] evm: security.apparmor
[    0.658444] evm: security.ima
[    0.658445] evm: security.capability
[    0.658445] evm: HMAC attrs: 0x1
[    0.658841] PM:   Magic number: 10:58:144
[    0.658843] PM:   hash matches drivers/base/power/main.c:1831
[    0.658853] ata_port ata1: hash matches
[    0.658854]  ata1: hash matches
[    0.658946] rtc_cmos rtc_cmos: setting system clock to 2026-01-12T20:07:27 UTC (1768248447)
[    0.806858] ata1.00: ATA-6: VBOX HARDDISK, 1.0, max UDMA/133
[    0.806860] ata1.00: 209715200 sectors, multi 128: LBA 
[    0.807331] scsi 0:0:0:0: Direct-Access     ATA      VBOX HARDDISK    1.0  PQ: 0 ANSI: 5
[    0.807550] sd 0:0:0:0: [sda] 209715200 512-byte logical blocks: (107 GB/100 GiB)
[    0.807559] sd 0:0:0:0: [sda] Write Protect is off
[    0.807561] sd 0:0:0:0: [sda] Mode Sense: 00 3a 00 00
[    0.807575] sd 0:0:0:0: [sda] Write cache: enabled, read cache: enabled, doesn't support DPO or FUA
[    0.807816] sd 0:0:0:0: Attached scsi generic sg0 type 0
[    0.808483]  sda: sda1 sda2
[    0.819333] sd 0:0:0:0: [sda] Attached SCSI disk
[    0.821848] Freeing unused decrypted memory: 2040K
[    0.822682] Freeing unused kernel image memory: 2728K
[    0.822685] Write protecting the kernel read-only data: 22528k
[    0.823362] Freeing unused kernel image memory: 2036K
[    0.823743] Freeing unused kernel image memory: 1432K
[    0.839336] x86/mm: Checked W+X mappings: passed, no W+X pages found.
[    0.839343] Run /init as init process
[    0.942074] ACPI: Video Device [GFX0] (multi-head: yes  rom: no  post: no)
[    0.942147] input: Video Bus as /devices/LNXSYSTM:00/LNXSYBUS:00/PNP0A03:00/LNXVIDEO:00/input/input4
[    0.958404] pcnet32: pcnet32.c:v1.35 21.Apr.2008 tsbogend@alpha.franken.de
[    0.960224] piix4_smbus 0000:00:07.0: SMBus Host Controller at 0x4100, revision 0
[    0.963332] e1000: Intel(R) PRO/1000 Network Driver - version 7.3.21-k8-NAPI
[    0.963333] e1000: Copyright (c) 1999-2006 Intel Corporation.
[    0.965994] pcnet32: PCnet/FAST III 79C973 at 0xd020, 08:00:27:fb:97:3e assigned IRQ 19
[    0.966040] pcnet32: Found PHY 0022:561b at address 0
[    0.966345] pcnet32: eth0: registered as PCnet/FAST III 79C973
[    0.980622] pcnet32: 1 cards_found
[    1.040970] pcnet32 0000:00:03.0 enp0s3: renamed from eth0
[    1.172912] input: ImExPS/2 Generic Explorer Mouse as /devices/platform/i8042/serio1/input/input5
[    1.383545] e1000 0000:00:08.0 eth0: (PCI:33MHz:32-bit) 08:00:27:27:24:90
[    1.383550] e1000 0000:00:08.0 eth0: Intel(R) PRO/1000 Network Connection
[    1.759518] e1000 0000:00:09.0 eth1: (PCI:33MHz:32-bit) 08:00:27:fd:2b:e1
[    1.759521] e1000 0000:00:09.0 eth1: Intel(R) PRO/1000 Network Connection
[    1.760644] e1000 0000:00:08.0 enp0s8: renamed from eth0
[    1.762461] e1000 0000:00:09.0 enp0s9: renamed from eth1
[    2.476243] EXT4-fs (sda2): mounted filesystem with ordered data mode. Opts: (null)
[    2.660288] systemd[1]: Inserted module 'autofs4'
[    2.678807] systemd[1]: systemd 245.4-4ubuntu3 running in system mode. (+PAM +AUDIT +SELINUX +IMA +APPARMOR +SMACK +SYSVINIT +UTMP +LIBCRYPTSETUP +GCRYPT +GNUTLS +ACL +XZ +LZ4 +SECCOMP +BLKID +ELFUTILS +KMOD +IDN2 -IDN +PCRE2 default-hierarchy=hybrid)
[    2.678839] systemd[1]: Detected virtualization oracle.
[    2.678843] systemd[1]: Detected architecture x86-64.
[    2.680303] systemd[1]: Set hostname to <ztg>.
[    2.846353] systemd[1]: /lib/systemd/system/dbus.socket:5: ListenStream= references a path below legacy directory /var/run/, updating /var/run/dbus/system_bus_socket â†’ /run/dbus/system_bus_socket; please update the unit file accordingly.
[    2.933131] systemd[1]: Created slice system-modprobe.slice.
[    2.933316] systemd[1]: Created slice User and Session Slice.
[    2.933363] systemd[1]: Started Forward Password Requests to Wall Directory Watch.
[    2.933533] systemd[1]: Set up automount Arbitrary Executable File Formats File System Automount Point.
[    2.933567] systemd[1]: Reached target User and Group Name Lookups.
[    2.933576] systemd[1]: Reached target Remote File Systems.
[    2.933584] systemd[1]: Reached target Slices.
[    2.934363] systemd[1]: Listening on Syslog Socket.
[    2.934433] systemd[1]: Listening on fsck to fsckd communication Socket.
[    2.934486] systemd[1]: Listening on initctl Compatibility Named Pipe.
[    2.934628] systemd[1]: Listening on Journal Audit Socket.
[    2.934680] systemd[1]: Listening on Journal Socket (/dev/log).
[    2.934749] systemd[1]: Listening on Journal Socket.
[    2.934815] systemd[1]: Listening on udev Control Socket.
[    2.934857] systemd[1]: Listening on udev Kernel Socket.
[    2.935686] systemd[1]: Mounting Huge Pages File System...
[    2.936627] systemd[1]: Mounting POSIX Message Queue File System...
[    2.937520] systemd[1]: Mounting Kernel Debug File System...
[    2.938381] systemd[1]: Mounting Kernel Trace File System...
[    2.940330] systemd[1]: Starting Journal Service...
[    2.971479] systemd[1]: Starting Set the console keyboard layout...
[    2.975307] systemd[1]: Starting Create list of static device nodes for the current kernel...
[    2.980813] systemd[1]: Starting Load Kernel Module drm...
[    2.982259] systemd[1]: Condition check resulted in Set Up Additional Binary Formats being skipped.
[    2.982304] systemd[1]: Condition check resulted in File System Check on Root Device being skipped.
[    2.989034] systemd[1]: Starting Load Kernel Modules...
[    2.989784] systemd[1]: Starting Remount Root and Kernel File Systems...
[    2.990567] systemd[1]: Starting udev Coldplug all Devices...
[    3.034363] systemd[1]: Starting Uncomplicated firewall...
[    3.035734] systemd[1]: Mounted Huge Pages File System.
[    3.035830] systemd[1]: Mounted POSIX Message Queue File System.
[    3.035907] systemd[1]: Mounted Kernel Debug File System.
[    3.035980] systemd[1]: Mounted Kernel Trace File System.
[    3.059583] systemd[1]: Finished Create list of static device nodes for the current kernel.
[    3.062531] systemd[1]: Finished Uncomplicated firewall.
[    3.062668] EXT4-fs (sda2): re-mounted. Opts: errors=remount-ro
[    3.066921] systemd[1]: Finished Remount Root and Kernel File Systems.
[    3.073554] systemd[1]: Condition check resulted in Rebuild Hardware Database being skipped.
[    3.073590] systemd[1]: Condition check resulted in Platform Persistent Storage Archival being skipped.
[    3.075929] systemd[1]: Starting Load/Save Random Seed...
[    3.086407] systemd[1]: Starting Create System Users...
[    3.086694] systemd[1]: modprobe@drm.service: Succeeded.
[    3.088158] systemd[1]: Finished Load Kernel Module drm.
[    3.091522] lp: driver loaded but no devices found
[    3.112519] systemd[1]: Finished Load/Save Random Seed.
[    3.115309] systemd[1]: Finished Create System Users.
[    3.116166] systemd[1]: Starting Create Static Device Nodes in /dev...
[    3.122111] ppdev: user-space parallel port driver
[    3.136212] systemd[1]: Finished Create Static Device Nodes in /dev.
[    3.137058] systemd[1]: Starting udev Kernel Device Manager...
[    3.195375] systemd[1]: Finished udev Coldplug all Devices.
[    3.240437] [drm] DMA map mode: Caching DMA mappings.
[    3.240528] [drm] Capabilities:
[    3.240528] [drm]   Rect copy.
[    3.240528] [drm]   Cursor.
[    3.240529] [drm]   Cursor bypass.
[    3.240529] [drm]   Cursor bypass 2.
[    3.240530] [drm]   Alpha cursor.
[    3.240530] [drm]   Extended Fifo.
[    3.240530] [drm]   Pitchlock.
[    3.240531] [drm]   Irq mask.
[    3.240531] [drm]   GMR.
[    3.240531] [drm]   Traces.
[    3.240532] [drm]   GMR2.
[    3.240532] [drm]   Screen Object 2.
[    3.240533] [drm]   Command Buffers.
[    3.240533] [drm]   Command Buffers 2.
[    3.240533] [drm]   Guest Backed Resources.
[    3.240534] [drm] Max GMR ids is 8192
[    3.240535] [drm] Max number of GMR pages is 1048576
[    3.240536] [drm] Max dedicated hypervisor surface memory is 393216 kiB
[    3.240536] [drm] Maximum display memory size is 131072 kiB
[    3.240537] [drm] VRAM at 0xe0000000 size is 131072 kiB
[    3.240537] [drm] MMIO at 0xf0000000 size is 2048 kiB
[    3.241209] [TTM] Zone  kernel: Available graphics memory: 1011738 KiB
[    3.241210] [TTM] Initializing pool allocator
[    3.241214] [TTM] Initializing DMA pool allocator
[    3.241246] [drm] Supports vblank timestamp caching Rev 2 (21.10.2013).
[    3.241246] [drm] No driver support for vblank timestamp query.
[    3.241503] [drm] Screen Target Display device initialized
[    3.241752] [drm] width 720
[    3.241764] [drm] height 400
[    3.241768] [drm] bpp 32
[    3.242316] [drm] Fifo max 0x00200000 min 0x00001000 cap 0x00000355
[    3.243416] [drm] Using command buffers with DMA pool.
[    3.243421] [drm] DX: no.
[    3.243421] [drm] Atomic: yes.
[    3.243422] [drm] SM4_1: no.
[    3.243444] [drm:vmw_host_log [vmwgfx]] *ERROR* Failed to send host log message.
[    3.244828] [drm:vmw_host_log [vmwgfx]] *ERROR* Failed to send host log message.
[    3.254557] fbcon: svgadrmfb (fb0) is primary device
[    3.259353] Console: switching to colour frame buffer device 100x37
[    3.263740] [drm] Initialized vmwgfx 2.15.0 20180704 for 0000:00:02.0 on minor 0
[    3.264796] systemd[1]: Finished Set the console keyboard layout.
[    3.264914] systemd[1]: Reached target Local File Systems (Pre).
[    3.269856] systemd[1]: Mounting Mount unit for bare, revision 5...
[    3.293046] systemd[1]: Mounting Mount unit for core18, revision 1705...
[    3.297073] systemd[1]: Mounting Mount unit for gnome-3-34-1804, revision 24...
[    3.308562] systemd[1]: Mounting Mount unit for gtk-common-themes, revision 1506...
[    3.313951] systemd[1]: Mounting Mount unit for gtk-common-themes, revision 1535...
[    3.324750] systemd[1]: Mounting Mount unit for snap-store, revision 433...
[    3.343808] systemd[1]: Mounting Mount unit for snapd, revision 25935...
[    3.352747] systemd[1]: Mounting Mount unit for snapd, revision 7264...
[    3.369252] systemd[1]: Finished Load Kernel Modules.
[    3.374412] systemd[1]: Mounted Mount unit for bare, revision 5.
[    3.374523] systemd[1]: Mounted Mount unit for core18, revision 1705.
[    3.374601] systemd[1]: Mounted Mount unit for gnome-3-34-1804, revision 24.
[    3.376560] systemd[1]: Mounting FUSE Control File System...
[    3.399446] systemd[1]: Mounting Kernel Configuration File System...
[    3.407431] systemd[1]: Starting Apply Kernel Variables...
[    3.409160] systemd[1]: Started udev Kernel Device Manager.
[    3.433134] systemd[1]: Starting Show Plymouth Boot Screen...
[    3.434834] systemd[1]: Mounted Mount unit for gtk-common-themes, revision 1506.
[    3.440994] systemd[1]: Mounted Mount unit for gtk-common-themes, revision 1535.
[    3.441339] systemd[1]: Mounted Mount unit for snapd, revision 7264.
[    3.441770] systemd[1]: Mounted FUSE Control File System.
[    3.442151] systemd[1]: Mounted Kernel Configuration File System.
[    3.442994] systemd[1]: Received SIGRTMIN+20 from PID 283 (plymouthd).
[    3.443095] systemd[1]: Condition check resulted in VMware vmblock fuse mount being skipped.
[    3.447815] systemd[1]: Finished Apply Kernel Variables.
[    3.471222] systemd[1]: Mounted Mount unit for snap-store, revision 433.
[    3.471455] systemd[1]: Mounted Mount unit for snapd, revision 25935.
[    3.471633] systemd[1]: Started Show Plymouth Boot Screen.
[    3.471804] systemd[1]: Condition check resulted in Dispatch Password Requests to Console Directory Watch being skipped.
[    3.471886] systemd[1]: Started Forward Password Requests to Plymouth Directory Watch.
[    3.486857] systemd[1]: Reached target Local Encrypted Volumes.
[    3.486931] systemd[1]: Reached target Local File Systems.
[    3.487825] systemd[1]: Starting Load AppArmor profiles...
[    3.494435] systemd[1]: Starting Set console font and keymap...
[    3.504033] systemd[1]: Starting Tell Plymouth To Write Out Runtime Data...
[    3.504168] systemd[1]: Condition check resulted in Store a System Token in an EFI Variable being skipped.
[    3.504216] systemd[1]: Condition check resulted in Commit a transient machine-id on disk being skipped.
[    3.506271] systemd[1]: Finished Set console font and keymap.
[    3.516228] systemd[1]: Received SIGRTMIN+20 from PID 283 (plymouthd).
[    3.518104] systemd[1]: plymouth-read-write.service: Succeeded.
[    3.518350] systemd[1]: Finished Tell Plymouth To Write Out Runtime Data.
[    3.552296] audit: type=1400 audit(1768248450.392:2): apparmor="STATUS" operation="profile_load" profile="unconfined" name="nvidia_modprobe" pid=303 comm="apparmor_parser"
[    3.552299] audit: type=1400 audit(1768248450.392:3): apparmor="STATUS" operation="profile_load" profile="unconfined" name="nvidia_modprobe//kmod" pid=303 comm="apparmor_parser"
[    3.558299] audit: type=1400 audit(1768248450.396:4): apparmor="STATUS" operation="profile_load" profile="unconfined" name="/usr/sbin/tcpdump" pid=304 comm="apparmor_parser"
[    3.605272] audit: type=1400 audit(1768248450.436:5): apparmor="STATUS" operation="profile_load" profile="unconfined" name="/usr/bin/evince" pid=306 comm="apparmor_parser"
[    3.605274] audit: type=1400 audit(1768248450.436:6): apparmor="STATUS" operation="profile_load" profile="unconfined" name="/usr/bin/evince//sanitized_helper" pid=306 comm="apparmor_parser"
[    3.605276] audit: type=1400 audit(1768248450.436:7): apparmor="STATUS" operation="profile_load" profile="unconfined" name="/usr/bin/evince-previewer" pid=306 comm="apparmor_parser"
[    3.605278] audit: type=1400 audit(1768248450.436:8): apparmor="STATUS" operation="profile_load" profile="unconfined" name="/usr/bin/evince-previewer//sanitized_helper" pid=306 comm="apparmor_parser"
[    3.605279] audit: type=1400 audit(1768248450.436:9): apparmor="STATUS" operation="profile_load" profile="unconfined" name="/usr/bin/evince-thumbnailer" pid=306 comm="apparmor_parser"
[    3.620380] audit: type=1400 audit(1768248450.460:10): apparmor="STATUS" operation="profile_load" profile="unconfined" name="/usr/lib/cups/backend/cups-pdf" pid=307 comm="apparmor_parser"
[    3.702978] systemd[1]: Finished Load AppArmor profiles.
[    3.703878] systemd[1]: Starting Load AppArmor profiles managed internally by snapd...
[    3.820633] systemd[1]: Finished Load AppArmor profiles managed internally by snapd.
[    3.952896] systemd[1]: Started Journal Service.
[    3.964874] systemd-journald[229]: Received client request to flush runtime journal.
[    3.967889] systemd-journald[229]: File /var/log/journal/c455b248004a419c87ce85eea238d727/system.journal corrupted or uncleanly shut down, renaming and replacing.
[    5.262412] RAPL PMU: API unit is 2^-32 Joules, 0 fixed counters, 10737418240 ms ovfl timer
[    5.302170] cryptd: max_cpu_qlen set to 1000
[    5.340467] AVX2 version of gcm_enc/dec engaged.
[    5.340468] AES CTR mode by8 optimization enabled
[    7.401841] Adding 1998844k swap on /dev/sda1.  Priority:-2 extents:1 across:1998844k FS
[    8.567269] kauditd_printk_skb: 30 callbacks suppressed
[    8.567270] audit: type=1400 audit(1768248455.408:41): apparmor="DENIED" operation="capable" profile="/usr/sbin/cups-browsed" pid=529 comm="cups-browsed" capability=23  capname="sys_nice"
[   10.603850] pcnet32 0000:00:03.0 enp0s3: link up, 100Mbps, full-duplex
[   10.647027] e1000: enp0s8 NIC Link is Up 1000 Mbps Full Duplex, Flow Control: RX
[   10.647301] IPv6: ADDRCONF(NETDEV_CHANGE): enp0s8: link becomes ready
[   10.677467] e1000: enp0s9 NIC Link is Up 1000 Mbps Full Duplex, Flow Control: RX
[   10.677762] IPv6: ADDRCONF(NETDEV_CHANGE): enp0s9: link becomes ready
[   11.314952] device enp0s3 entered promiscuous mode
[   11.354507] audit: type=1400 audit(1768248458.188:42): apparmor="DENIED" operation="open" profile="/usr/sbin/tcpdump" name="/proc/sys/kernel/random/boot_id" pid=644 comm="tcpdump" requested_mask="r" denied_mask="r" fsuid=0 ouid=0
[   11.354737] audit: type=1400 audit(1768248458.188:43): apparmor="DENIED" operation="open" profile="/usr/sbin/tcpdump" name="/proc/sys/kernel/random/boot_id" pid=644 comm="tcpdump" requested_mask="r" denied_mask="r" fsuid=0 ouid=0
[   11.354781] audit: type=1400 audit(1768248458.188:44): apparmor="DENIED" operation="open" profile="/usr/sbin/tcpdump" name="/proc/sys/kernel/random/boot_id" pid=644 comm="tcpdump" requested_mask="r" denied_mask="r" fsuid=0 ouid=0
[   11.354838] audit: type=1400 audit(1768248458.188:45): apparmor="DENIED" operation="open" profile="/usr/sbin/tcpdump" name="/proc/sys/kernel/random/boot_id" pid=644 comm="tcpdump" requested_mask="r" denied_mask="r" fsuid=0 ouid=0
[   11.356710] audit: type=1400 audit(1768248458.196:46): apparmor="DENIED" operation="open" profile="/usr/sbin/tcpdump" name="/proc/sys/kernel/random/boot_id" pid=645 comm="tcpdump" requested_mask="r" denied_mask="r" fsuid=0 ouid=0
[   11.357083] audit: type=1400 audit(1768248458.196:47): apparmor="DENIED" operation="open" profile="/usr/sbin/tcpdump" name="/proc/sys/kernel/random/boot_id" pid=645 comm="tcpdump" requested_mask="r" denied_mask="r" fsuid=0 ouid=0
[   11.357157] audit: type=1400 audit(1768248458.196:48): apparmor="DENIED" operation="open" profile="/usr/sbin/tcpdump" name="/proc/sys/kernel/random/boot_id" pid=645 comm="tcpdump" requested_mask="r" denied_mask="r" fsuid=0 ouid=0
[   11.357248] audit: type=1400 audit(1768248458.196:49): apparmor="DENIED" operation="open" profile="/usr/sbin/tcpdump" name="/proc/sys/kernel/random/boot_id" pid=645 comm="tcpdump" requested_mask="r" denied_mask="r" fsuid=0 ouid=0
[   18.608994] rfkill: input handler disabled
[  613.711048] AAAAA-TCP_FORW: name:enp0s3: saddr:16783984: daddr:100932208
[  614.394292] AAAAA-TCP_FORW: name:enp0s3: saddr:16783984: daddr:100932208
[  614.572289] AAAAA-TCP_FORW: name:enp0s3: saddr:16783984: daddr:100932208
[  614.654012] AAAAA-TCP_FORW: name:enp0s3: saddr:16783984: daddr:100932208
[  614.956778] AAAAA-TCP_FORW: name:enp0s3: saddr:33561200: daddr:100932208
[  615.223689] AAAAA-TCP_FORW: name:enp0s3: saddr:16783984: daddr:100932208
[  615.322569] AAAAA-TCP_FORW: name:enp0s3: saddr:33561200: daddr:100932208
[  615.504120] AAAAA-TCP_FORW: name:enp0s3: saddr:16783984: daddr:100932208
[  615.547961] AAAAA-TCP_FORW: name:enp0s3: saddr:33561200: daddr:100932208
[  615.905815] AAAAA-TCP_FORW: name:enp0s3: saddr:16783984: daddr:100932208
[  616.129444] AAAAA-TCP_FORW: name:enp0s3: saddr:16783984: daddr:100932208
[  616.304140] AAAAA-TCP_FORW: name:enp0s3: saddr:16783984: daddr:100932208
[  616.351761] AAAAA-TCP_FORW: name:enp0s3: saddr:33561200: daddr:100932208
[  616.443592] AAAAA-TCP_FORW: name:enp0s3: saddr:33561200: daddr:100932208
[  616.525718] AAAAA-TCP_FORW: name:enp0s3: saddr:33561200: daddr:100932208
[  616.643172] AAAAA-TCP_FORW: name:enp0s3: saddr:33561200: daddr:100932208
[  616.796393] AAAAA-TCP_FORW: name:enp0s3: saddr:16783984: daddr:100932208
[  616.890455] AAAAA-TCP_FORW: name:enp0s3: saddr:16783984: daddr:100932208
[  616.992219] AAAAA-TCP_FORW: name:enp0s3: saddr:16783984: daddr:100932208
[  617.201058] AAAAA-TCP_FORW: name:enp0s3: saddr:16783984: daddr:100932208
[  617.295017] AAAAA-TCP_FORW: name:enp0s3: saddr:16783984: daddr:100932208
[  617.508474] AAAAA-TCP_FORW: name:enp0s3: saddr:16783984: daddr:100932208
[  660.931047] AAAAA-TCP_FORW: name:enp0s3: saddr:16783984: daddr:100932208
[  661.398776] AAAAA-TCP_FORW: name:enp0s3: saddr:16783984: daddr:100932208
[  661.690959] AAAAA-TCP_FORW: name:enp0s3: saddr:16783984: daddr:100932208
[  661.917995] AAAAA-TCP_FORW: name:enp0s3: saddr:16783984: daddr:100932208
[  662.109665] AAAAA-TCP_FORW: name:enp0s3: saddr:16783984: daddr:100932208
[  662.200142] AAAAA-TCP_FORW: name:enp0s3: saddr:16783984: daddr:100932208
[  662.419483] AAAAA-TCP_FORW: name:enp0s3: saddr:16783984: daddr:100932208
[  662.542227] AAAAA-TCP_FORW: name:enp0s3: saddr:16783984: daddr:100932208
[  662.666540] AAAAA-TCP_FORW: name:enp0s3: saddr:16783984: daddr:100932208
[  662.819307] AAAAA-TCP_FORW: name:enp0s3: saddr:16783984: daddr:100932208
[  662.905093] AAAAA-TCP_FORW: name:enp0s3: saddr:16783984: daddr:100932208
[  662.970672] AAAAA-TCP_FORW: name:enp0s3: saddr:16783984: daddr:100932208
[  663.142231] AAAAA-TCP_FORW: name:enp0s3: saddr:16783984: daddr:100932208
[  664.290416] AAAAA-TCP_FORW: name:enp0s3: saddr:16783984: daddr:100932208
[  664.452994] AAAAA-TCP_FORW: name:enp0s3: saddr:16783984: daddr:100932208
[  664.609737] AAAAA-TCP_FORW: name:enp0s3: saddr:16783984: daddr:100932208
[  664.923462] AAAAA-TCP_FORW: name:enp0s3: saddr:16783984: daddr:100932208
[  665.277197] AAAAA-TCP_FORW: name:enp0s3: saddr:16783984: daddr:100932208
[  665.475246] AAAAA-TCP_FORW: name:enp0s3: saddr:16783984: daddr:100932208
[  665.647170] AAAAA-TCP_FORW: name:enp0s3: saddr:16783984: daddr:100932208
[  665.933431] AAAAA-TCP_FORW: name:enp0s3: saddr:16783984: daddr:100932208
[  666.201887] AAAAA-TCP_FORW: name:enp0s3: saddr:16783984: daddr:100932208
[  666.255930] AAAAA-TCP_FORW: name:enp0s3: saddr:16783984: daddr:100932208
[  666.317187] AAAAA-TCP_FORW: name:enp0s3: saddr:16783984: daddr:100932208
[  666.477035] AAAAA-TCP_FORW: name:enp0s3: saddr:16783984: daddr:100932208
[  666.659608] AAAAA-TCP_FORW: name:enp0s3: saddr:16783984: daddr:100932208
[  666.866500] AAAAA-TCP_FORW: name:enp0s3: saddr:16783984: daddr:100932208
[  667.013845] AAAAA-TCP_FORW: name:enp0s3: saddr:16783984: daddr:100932208
[  667.108394] AAAAA-TCP_FORW: name:enp0s3: saddr:16783984: daddr:100932208
[  667.205170] AAAAA-TCP_FORW: name:enp0s3: saddr:16783984: daddr:100932208
[  667.332555] AAAAA-TCP_FORW: name:enp0s3: saddr:16783984: daddr:100932208
[  667.473302] AAAAA-TCP_FORW: name:enp0s3: saddr:16783984: daddr:100932208
[  667.729987] AAAAA-TCP_FORW: name:enp0s3: saddr:16783984: daddr:100932208
[  668.024059] AAAAA-TCP_FORW: name:enp0s3: saddr:16783984: daddr:100932208
[  668.212028] AAAAA-TCP_FORW: name:enp0s3: saddr:16783984: daddr:100932208
[  997.807714] rfkill: input handler enabled
[ 1006.473746] rfkill: input handler disabled
[ 1449.923153] device enp0s3 left promiscuous mode
