[    0.000000] Linux version 5.4.243-mptcp (root@ztg) (gcc version 12.2.0 (Debian 12.2.0-14+deb12u1)) #53 SMP Wed Dec 24 23:28:15 CST 2025
[    0.000000] Command line: BOOT_IMAGE=/boot/vmlinuz-5.4.243-mptcp root=UUID=98415a12-53b7-4144-8265-0f7ece09e445 ro quiet splash
[    0.000000] KERNEL supported cpus:
[    0.000000]   Intel GenuineIntel
[    0.000000]   AMD AuthenticAMD
[    0.000000]   Hygon HygonGenuine
[    0.000000]   Centaur CentaurHauls
[    0.000000]   zhaoxin   Shanghai  
[    0.000000] x86/fpu: Supporting XSAVE feature 0x001: 'x87 floating point registers'
[    0.000000] x86/fpu: Supporting XSAVE feature 0x002: 'SSE registers'
[    0.000000] x86/fpu: Supporting XSAVE feature 0x004: 'AVX registers'
[    0.000000] x86/fpu: xstate_offset[2]:  576, xstate_sizes[2]:  256
[    0.000000] x86/fpu: Enabled xstate features 0x7, context size is 832 bytes, using 'standard' format.
[    0.000000] BIOS-provided physical RAM map:
[    0.000000] BIOS-e820: [mem 0x0000000000000000-0x000000000009fbff] usable
[    0.000000] BIOS-e820: [mem 0x000000000009fc00-0x000000000009ffff] reserved
[    0.000000] BIOS-e820: [mem 0x00000000000f0000-0x00000000000fffff] reserved
[    0.000000] BIOS-e820: [mem 0x0000000000100000-0x000000007ffeffff] usable
[    0.000000] BIOS-e820: [mem 0x000000007fff0000-0x000000007fffffff] ACPI data
[    0.000000] BIOS-e820: [mem 0x00000000fec00000-0x00000000fec00fff] reserved
[    0.000000] BIOS-e820: [mem 0x00000000fee00000-0x00000000fee00fff] reserved
[    0.000000] BIOS-e820: [mem 0x00000000fffc0000-0x00000000ffffffff] reserved
[    0.000000] NX (Execute Disable) protection: active
[    0.000000] SMBIOS 2.5 present.
[    0.000000] DMI: innotek GmbH VirtualBox/VirtualBox, BIOS VirtualBox 12/01/2006
[    0.000000] Hypervisor detected: KVM
[    0.000000] kvm-clock: Using msrs 4b564d01 and 4b564d00
[    0.000000] kvm-clock: cpu 0, msr 4c601001, primary cpu clock
[    0.000001] kvm-clock: using sched offset of 4442586748 cycles
[    0.000003] clocksource: kvm-clock: mask: 0xffffffffffffffff max_cycles: 0x1cd42e4dffb, max_idle_ns: 881590591483 ns
[    0.000006] tsc: Detected 2100.000 MHz processor
[    0.001888] e820: update [mem 0x00000000-0x00000fff] usable ==> reserved
[    0.001890] e820: remove [mem 0x000a0000-0x000fffff] usable
[    0.001894] last_pfn = 0x7fff0 max_arch_pfn = 0x400000000
[    0.001963] MTRR default type: uncachable
[    0.001963] MTRR fixed ranges enabled:
[    0.001965]   00000-9FFFF write-back
[    0.001965]   A0000-BFFFF uncachable
[    0.001966]   C0000-FFFFF write-protect
[    0.001967] MTRR variable ranges enabled:
[    0.001968]   0 base 000000000000 mask 3FFF80000000 write-back
[    0.001969]   1 disabled
[    0.001969]   2 disabled
[    0.001970]   3 disabled
[    0.001970]   4 disabled
[    0.001971]   5 disabled
[    0.001971]   6 disabled
[    0.001971]   7 disabled
[    0.001972]   8 disabled
[    0.001972]   9 disabled
[    0.001973]   10 disabled
[    0.001973]   11 disabled
[    0.001974]   12 disabled
[    0.001974]   13 disabled
[    0.001974]   14 disabled
[    0.001975]   15 disabled
[    0.001991] x86/PAT: Configuration [0-7]: WB  WC  UC- UC  WB  WP  UC- WT  
[    0.002125] found SMP MP-table at [mem 0x0009fff0-0x0009ffff]
[    0.092515] check: Scanning 1 areas for low memory corruption
[    0.092632] RAMDISK: [mem 0x32271000-0x3512ffff]
[    0.092641] ACPI: Early table checksum verification disabled
[    0.092646] ACPI: RSDP 0x00000000000E0000 000024 (v02 VBOX  )
[    0.092650] ACPI: XSDT 0x000000007FFF0030 00003C (v01 VBOX   VBOXXSDT 00000001 ASL  00000061)
[    0.092656] ACPI: FACP 0x000000007FFF00F0 0000F4 (v04 VBOX   VBOXFACP 00000001 ASL  00000061)
[    0.092663] ACPI: DSDT 0x000000007FFF02E0 002353 (v02 VBOX   VBOXBIOS 00000002 VBOX 00029BF3)
[    0.092667] ACPI: FACS 0x000000007FFF0200 000040
[    0.092671] ACPI: FACS 0x000000007FFF0200 000040
[    0.092674] ACPI: APIC 0x000000007FFF0240 000054 (v02 VBOX   VBOXAPIC 00000001 ASL  00000061)
[    0.092678] ACPI: SSDT 0x000000007FFF02A0 000038 (v01 VBOX   VBOXCPUT 00000002 VBOX 00029BF3)
[    0.092681] ACPI: Reserving FACP table memory at [mem 0x7fff00f0-0x7fff01e3]
[    0.092682] ACPI: Reserving DSDT table memory at [mem 0x7fff02e0-0x7fff2632]
[    0.092683] ACPI: Reserving FACS table memory at [mem 0x7fff0200-0x7fff023f]
[    0.092683] ACPI: Reserving FACS table memory at [mem 0x7fff0200-0x7fff023f]
[    0.092684] ACPI: Reserving APIC table memory at [mem 0x7fff0240-0x7fff0293]
[    0.092685] ACPI: Reserving SSDT table memory at [mem 0x7fff02a0-0x7fff02d7]
[    0.092700] ACPI: Local APIC address 0xfee00000
[    0.092887] No NUMA configuration found
[    0.092888] Faking a node at [mem 0x0000000000000000-0x000000007ffeffff]
[    0.092898] NODE_DATA(0) allocated [mem 0x7ffc5000-0x7ffeffff]
[    0.093158] Zone ranges:
[    0.093159]   DMA      [mem 0x0000000000001000-0x0000000000ffffff]
[    0.093160]   DMA32    [mem 0x0000000001000000-0x000000007ffeffff]
[    0.093161]   Normal   empty
[    0.093162]   Device   empty
[    0.093163] Movable zone start for each node
[    0.093164] Early memory node ranges
[    0.093165]   node   0: [mem 0x0000000000001000-0x000000000009efff]
[    0.093166]   node   0: [mem 0x0000000000100000-0x000000007ffeffff]
[    0.093169] Zeroed struct page in unavailable ranges: 114 pages
[    0.093170] Initmem setup node 0 [mem 0x0000000000001000-0x000000007ffeffff]
[    0.093171] On node 0 totalpages: 524174
[    0.093172]   DMA zone: 64 pages used for memmap
[    0.093173]   DMA zone: 21 pages reserved
[    0.093174]   DMA zone: 3998 pages, LIFO batch:0
[    0.093243]   DMA32 zone: 8128 pages used for memmap
[    0.093243]   DMA32 zone: 520176 pages, LIFO batch:63
[    0.102181] ACPI: PM-Timer IO Port: 0x4008
[    0.102185] ACPI: Local APIC address 0xfee00000
[    0.102252] IOAPIC[0]: apic_id 1, version 32, address 0xfec00000, GSI 0-23
[    0.102255] ACPI: INT_SRC_OVR (bus 0 bus_irq 0 global_irq 2 dfl dfl)
[    0.102257] ACPI: INT_SRC_OVR (bus 0 bus_irq 9 global_irq 9 low level)
[    0.102259] ACPI: IRQ0 used by override.
[    0.102260] ACPI: IRQ9 used by override.
[    0.102262] Using ACPI (MADT) for SMP configuration information
[    0.102270] smpboot: Allowing 1 CPUs, 0 hotplug CPUs
[    0.102293] PM: Registered nosave memory: [mem 0x00000000-0x00000fff]
[    0.102295] PM: Registered nosave memory: [mem 0x0009f000-0x0009ffff]
[    0.102295] PM: Registered nosave memory: [mem 0x000a0000-0x000effff]
[    0.102296] PM: Registered nosave memory: [mem 0x000f0000-0x000fffff]
[    0.102297] [mem 0x80000000-0xfebfffff] available for PCI devices
[    0.102298] Booting paravirtualized kernel on KVM
[    0.102301] clocksource: refined-jiffies: mask: 0xffffffff max_cycles: 0xffffffff, max_idle_ns: 7645519600211568 ns
[    0.102306] setup_percpu: NR_CPUS:8192 nr_cpumask_bits:1 nr_cpu_ids:1 nr_node_ids:1
[    0.103316] percpu: Embedded 60 pages/cpu s208896 r8192 d28672 u2097152
[    0.103321] pcpu-alloc: s208896 r8192 d28672 u2097152 alloc=1*2097152
[    0.103322] pcpu-alloc: [0] 0 
[    0.103348] Built 1 zonelists, mobility grouping on.  Total pages: 515961
[    0.103349] Policy zone: DMA32
[    0.103350] Kernel command line: BOOT_IMAGE=/boot/vmlinuz-5.4.243-mptcp root=UUID=98415a12-53b7-4144-8265-0f7ece09e445 ro quiet splash
[    0.104188] Dentry cache hash table entries: 262144 (order: 9, 2097152 bytes, linear)
[    0.104338] Inode-cache hash table entries: 131072 (order: 8, 1048576 bytes, linear)
[    0.104405] mem auto-init: stack:off, heap alloc:on, heap free:off
[    0.104408] Calgary: detecting Calgary via BIOS EBDA area
[    0.104410] Calgary: Unable to locate Rio Grande table in EBDA - bailing!
[    0.108529] Memory: 1967332K/2096696K available (14339K kernel code, 2398K rwdata, 4712K rodata, 2728K init, 17260K bss, 129364K reserved, 0K cma-reserved)
[    0.109451] SLUB: HWalign=64, Order=0-3, MinObjects=0, CPUs=1, Nodes=1
[    0.109467] ftrace: allocating 43186 entries in 169 pages
[    0.127562] rcu: Hierarchical RCU implementation.
[    0.127564] rcu: 	RCU restricting CPUs from NR_CPUS=8192 to nr_cpu_ids=1.
[    0.127565] 	Tasks RCU enabled.
[    0.127566] rcu: RCU calculated value of scheduler-enlistment delay is 25 jiffies.
[    0.127567] rcu: Adjusting geometry for rcu_fanout_leaf=16, nr_cpu_ids=1
[    0.130525] NR_IRQS: 524544, nr_irqs: 256, preallocated irqs: 16
[    0.130737] random: crng init done
[    0.140090] Console: colour VGA+ 80x25
[    0.140094] printk: console [tty0] enabled
[    0.140116] ACPI: Core revision 20190816
[    0.140216] APIC: Switch to symmetric I/O mode setup
[    0.140464] x2apic enabled
[    0.140699] Switched APIC routing to physical x2apic.
[    0.141839] ..TIMER: vector=0x30 apic1=0 pin1=2 apic2=-1 pin2=-1
[    0.141865] clocksource: tsc-early: mask: 0xffffffffffffffff max_cycles: 0x1e4530a99b6, max_idle_ns: 440795257976 ns
[    0.141871] Calibrating delay loop (skipped) preset value.. 4200.00 BogoMIPS (lpj=8400000)
[    0.141873] pid_max: default: 32768 minimum: 301
[    0.141902] LSM: Security Framework initializing
[    0.141911] Yama: becoming mindful.
[    0.141937] AppArmor: AppArmor initialized
[    0.141971] Mount-cache hash table entries: 4096 (order: 3, 32768 bytes, linear)
[    0.141975] Mountpoint-cache hash table entries: 4096 (order: 3, 32768 bytes, linear)
[    0.141985] *** VALIDATE tmpfs ***
[    0.142114] *** VALIDATE proc ***
[    0.142153] *** VALIDATE cgroup1 ***
[    0.142154] *** VALIDATE cgroup2 ***
[    0.142295] process: using mwait in idle threads
[    0.142299] Last level iTLB entries: 4KB 64, 2MB 8, 4MB 8
[    0.142300] Last level dTLB entries: 4KB 64, 2MB 0, 4MB 0, 1GB 4
[    0.142319] Spectre V1 : Mitigation: usercopy/swapgs barriers and __user pointer sanitization
[    0.142325] Spectre V2 : Mitigation: Retpolines
[    0.142325] Spectre V2 : Spectre v2 / SpectreRSB mitigation: Filling RSB on context switch
[    0.142326] Spectre V2 : Spectre v2 / SpectreRSB : Filling RSB on VMEXIT
[    0.142326] RETBleed: WARNING: Spectre v2 mitigation leaves CPU vulnerable to RETBleed attacks, data leaks possible!
[    0.142680] RETBleed: Vulnerable
[    0.142681] Speculative Store Bypass: Vulnerable
[    0.142685] TAA: Mitigation: TSX disabled
[    0.142686] MMIO Stale Data: Mitigation: Clear CPU buffers
[    0.146894] Freeing SMP alternatives memory: 40K
[    0.259326] smpboot: CPU0: Intel(R) Xeon(R) Silver 4216 CPU @ 2.10GHz (family: 0x6, model: 0x55, stepping: 0x7)
[    0.259475] Performance Events: unsupported p6 CPU model 85 no PMU driver, software events only.
[    0.259513] rcu: Hierarchical SRCU implementation.
[    0.259986] NMI watchdog: Perf NMI watchdog permanently disabled
[    0.260023] smp: Bringing up secondary CPUs ...
[    0.260024] smp: Brought up 1 node, 1 CPU
[    0.260025] smpboot: Max logical packages: 1
[    0.260026] smpboot: Total of 1 processors activated (4200.00 BogoMIPS)
[    0.260984] devtmpfs: initialized
[    0.261030] x86/mm: Memory block size: 128MB
[    0.261379] clocksource: jiffies: mask: 0xffffffff max_cycles: 0xffffffff, max_idle_ns: 7645041785100000 ns
[    0.261385] futex hash table entries: 256 (order: 2, 16384 bytes, linear)
[    0.261427] pinctrl core: initialized pinctrl subsystem
[    0.261528] PM: RTC time: 21:31:37, date: 2026-01-12
[    0.261634] NET: Registered protocol family 16
[    0.261708] audit: initializing netlink subsys (disabled)
[    0.261833] EISA bus registered
[    0.261835] cpuidle: using governor ladder
[    0.261835] cpuidle: using governor menu
[    0.261867] ACPI: bus type PCI registered
[    0.261867] acpiphp: ACPI Hot Plug PCI Controller Driver version: 0.5
[    0.261867] PCI: Using configuration type 1 for base access
[    0.262148] audit: type=2000 audit(1768224703.825:1): state=initialized audit_enabled=0 res=1
[    0.262229] HugeTLB registered 2.00 MiB page size, pre-allocated 0 pages
[    0.263042] ACPI: Added _OSI(Module Device)
[    0.263043] ACPI: Added _OSI(Processor Device)
[    0.263044] ACPI: Added _OSI(3.0 _SCP Extensions)
[    0.263044] ACPI: Added _OSI(Processor Aggregator Device)
[    0.263045] ACPI: Added _OSI(Linux-Dell-Video)
[    0.263046] ACPI: Added _OSI(Linux-Lenovo-NV-HDMI-Audio)
[    0.263047] ACPI: Added _OSI(Linux-HPI-Hybrid-Graphics)
[    0.264985] ACPI: 2 ACPI AML tables successfully acquired and loaded
[    0.266533] ACPI: Interpreter enabled
[    0.266543] ACPI: (supports S0 S5)
[    0.266544] ACPI: Using IOAPIC for interrupt routing
[    0.266749] PCI: Using host bridge windows from ACPI; if necessary, use "pci=nocrs" and report a bug
[    0.266854] ACPI: Enabled 2 GPEs in block 00 to 07
[    0.271705] ACPI: PCI Root Bridge [PCI0] (domain 0000 [bus 00-ff])
[    0.271710] acpi PNP0A03:00: _OSC: OS supports [ASPM ClockPM Segments MSI HPX-Type3]
[    0.272234] acpi PNP0A03:00: _OSC: not requesting OS control; OS requires [ExtendedConfig ASPM ClockPM MSI]
[    0.272247] acpi PNP0A03:00: fail to add MMCONFIG information, can't access extended PCI configuration space under this bridge.
[    0.272831] PCI host bridge to bus 0000:00
[    0.272834] pci_bus 0000:00: root bus resource [io  0x0000-0x0cf7 window]
[    0.272836] pci_bus 0000:00: root bus resource [io  0x0d00-0xffff window]
[    0.272837] pci_bus 0000:00: root bus resource [mem 0x000a0000-0x000bffff window]
[    0.272838] pci_bus 0000:00: root bus resource [mem 0x80000000-0xfdffffff window]
[    0.272840] pci_bus 0000:00: root bus resource [bus 00-ff]
[    0.272895] pci 0000:00:00.0: [8086:1237] type 00 class 0x060000
[    0.273984] pci 0000:00:01.0: [8086:7000] type 00 class 0x060100
[    0.274871] pci 0000:00:01.1: [8086:7111] type 00 class 0x01018a
[    0.275244] pci 0000:00:01.1: reg 0x20: [io  0xd000-0xd00f]
[    0.275417] pci 0000:00:01.1: legacy IDE quirk: reg 0x10: [io  0x01f0-0x01f7]
[    0.275418] pci 0000:00:01.1: legacy IDE quirk: reg 0x14: [io  0x03f6]
[    0.275419] pci 0000:00:01.1: legacy IDE quirk: reg 0x18: [io  0x0170-0x0177]
[    0.275420] pci 0000:00:01.1: legacy IDE quirk: reg 0x1c: [io  0x0376]
[    0.276091] pci 0000:00:02.0: [15ad:0405] type 00 class 0x030000
[    0.279780] pci 0000:00:02.0: reg 0x10: [io  0xd010-0xd01f]
[    0.281914] pci 0000:00:02.0: reg 0x14: [mem 0xe0000000-0xe7ffffff pref]
[    0.284567] pci 0000:00:02.0: reg 0x18: [mem 0xf0000000-0xf01fffff]
[    0.294651] pci 0000:00:03.0: [1022:2000] type 00 class 0x020000
[    0.295349] pci 0000:00:03.0: reg 0x10: [io  0xd020-0xd03f]
[    0.298012] pci 0000:00:03.0: reg 0x14: [mem 0xf0200000-0xf0200fff]
[    0.301533] pci 0000:00:04.0: [80ee:cafe] type 00 class 0x088000
[    0.301986] pci 0000:00:04.0: reg 0x10: [io  0xd040-0xd05f]
[    0.302595] pci 0000:00:04.0: reg 0x14: [mem 0xf0400000-0xf07fffff]
[    0.303211] pci 0000:00:04.0: reg 0x18: [mem 0xf0800000-0xf0803fff pref]
[    0.306712] pci 0000:00:07.0: [8086:7113] type 00 class 0x068000
[    0.307243] pci 0000:00:07.0: quirk: [io  0x4000-0x403f] claimed by PIIX4 ACPI
[    0.307256] pci 0000:00:07.0: quirk: [io  0x4100-0x410f] claimed by PIIX4 SMB
[    0.307863] pci 0000:00:08.0: [8086:100e] type 00 class 0x020000
[    0.308588] pci 0000:00:08.0: reg 0x10: [mem 0xf0820000-0xf083ffff]
[    0.309767] pci 0000:00:08.0: reg 0x18: [io  0xd060-0xd067]
[    0.313278] pci 0000:00:09.0: [8086:100e] type 00 class 0x020000
[    0.313985] pci 0000:00:09.0: reg 0x10: [mem 0xf0840000-0xf085ffff]
[    0.315167] pci 0000:00:09.0: reg 0x18: [io  0xd068-0xd06f]
[    0.326607] ACPI: PCI Interrupt Link [LNKA] (IRQs 5 9 10 *11)
[    0.326887] ACPI: PCI Interrupt Link [LNKB] (IRQs 5 9 *10 11)
[    0.326989] ACPI: PCI Interrupt Link [LNKC] (IRQs 5 *9 10 11)
[    0.327090] ACPI: PCI Interrupt Link [LNKD] (IRQs 5 9 10 *11)
[    0.327358] iommu: Default domain type: Translated 
[    0.327423] pci 0000:00:02.0: vgaarb: setting as boot VGA device
[    0.327425] pci 0000:00:02.0: vgaarb: VGA device added: decodes=io+mem,owns=io+mem,locks=none
[    0.327428] pci 0000:00:02.0: vgaarb: bridge control possible
[    0.327428] vgaarb: loaded
[    0.327643] SCSI subsystem initialized
[    0.327678] libata version 3.00 loaded.
[    0.327702] ACPI: bus type USB registered
[    0.327719] usbcore: registered new interface driver usbfs
[    0.327725] usbcore: registered new interface driver hub
[    0.327730] usbcore: registered new device driver usb
[    0.327756] pps_core: LinuxPPS API ver. 1 registered
[    0.327756] pps_core: Software ver. 5.3.6 - Copyright 2005-2007 Rodolfo Giometti <giometti@linux.it>
[    0.327758] PTP clock support registered
[    0.327795] EDAC MC: Ver: 3.0.0
[    0.328078] PCI: Using ACPI for IRQ routing
[    0.328079] PCI: pci_cache_line_size set to 64 bytes
[    0.328249] e820: reserve RAM buffer [mem 0x0009fc00-0x0009ffff]
[    0.328253] e820: reserve RAM buffer [mem 0x7fff0000-0x7fffffff]
[    0.329072] NetLabel: Initializing
[    0.329072] NetLabel:  domain hash size = 128
[    0.329073] NetLabel:  protocols = UNLABELED CIPSOv4 CALIPSO
[    0.329094] NetLabel:  unlabeled traffic allowed by default
[    0.330043] clocksource: Switched to clocksource kvm-clock
[    0.344654] *** VALIDATE bpf ***
[    0.344716] VFS: Disk quotas dquot_6.6.0
[    0.344730] VFS: Dquot-cache hash table entries: 512 (order 0, 4096 bytes)
[    0.344753] *** VALIDATE ramfs ***
[    0.344756] *** VALIDATE hugetlbfs ***
[    0.344839] AppArmor: AppArmor Filesystem Enabled
[    0.344866] pnp: PnP ACPI init
[    0.344933] pnp 00:00: Plug and Play ACPI device, IDs PNP0303 (active)
[    0.345002] pnp 00:01: Plug and Play ACPI device, IDs PNP0f03 (active)
[    0.345739] pnp: PnP ACPI: found 2 devices
[    0.346702] thermal_sys: Registered thermal governor 'fair_share'
[    0.346703] thermal_sys: Registered thermal governor 'bang_bang'
[    0.346704] thermal_sys: Registered thermal governor 'step_wise'
[    0.346704] thermal_sys: Registered thermal governor 'user_space'
[    0.346705] thermal_sys: Registered thermal governor 'power_allocator'
[    0.351232] clocksource: acpi_pm: mask: 0xffffff max_cycles: 0xffffff, max_idle_ns: 2085701024 ns
[    0.351273] pci_bus 0000:00: resource 4 [io  0x0000-0x0cf7 window]
[    0.351274] pci_bus 0000:00: resource 5 [io  0x0d00-0xffff window]
[    0.351275] pci_bus 0000:00: resource 6 [mem 0x000a0000-0x000bffff window]
[    0.351277] pci_bus 0000:00: resource 7 [mem 0x80000000-0xfdffffff window]
[    0.351337] NET: Registered protocol family 2
[    0.351411] IP idents hash table entries: 32768 (order: 6, 262144 bytes, linear)
[    0.351819] MPTCP tokens hash table entries: 8192 (order: 4, 65536 bytes, linear)
[    0.351838] MPTCP request tokens hash table entries: 8192 (order: 4, 65536 bytes, linear)
[    0.351864] default registered
[    0.351864] default registered
[    0.351865] MPTCP: Stable release v0.96
[    0.351870] tcp_listen_portaddr_hash hash table entries: 1024 (order: 2, 16384 bytes, linear)
[    0.351950] TCP established hash table entries: 16384 (order: 5, 131072 bytes, linear)
[    0.352016] TCP bind hash table entries: 16384 (order: 6, 262144 bytes, linear)
[    0.352042] TCP: Hash tables configured (established 16384 bind 16384)
[    0.352765] UDP hash table entries: 1024 (order: 3, 32768 bytes, linear)
[    0.352776] UDP-Lite hash table entries: 1024 (order: 3, 32768 bytes, linear)
[    0.352811] NET: Registered protocol family 1
[    0.352820] NET: Registered protocol family 44
[    0.352841] pci 0000:00:00.0: Limiting direct PCI/PCI transfers
[    0.352854] pci 0000:00:01.0: Activating ISA DMA hang workarounds
[    0.352910] pci 0000:00:02.0: Video device with shadowed ROM at [mem 0x000c0000-0x000dffff]
[    0.352973] PCI: CLS 0 bytes, default 64
[    0.353021] Trying to unpack rootfs image as initramfs...
[    0.527373] Freeing initrd memory: 47868K
[    0.527373] clocksource: tsc: mask: 0xffffffffffffffff max_cycles: 0x1e4530a99b6, max_idle_ns: 440795257976 ns
[    0.527373] clocksource: Switched to clocksource tsc
[    0.527373] platform rtc_cmos: registered platform RTC device (no PNP device found)
[    0.527373] check: Scanning for low memory corruption every 60 seconds
[    0.527373] Initialise system trusted keyrings
[    0.527373] Key type blacklist registered
[    0.527373] workingset: timestamp_bits=36 max_order=19 bucket_order=0
[    0.527373] zbud: loaded
[    0.527373] squashfs: version 4.0 (2009/01/31) Phillip Lougher
[    0.527373] fuse: init (API version 7.31)
[    0.527373] *** VALIDATE fuse ***
[    0.527373] *** VALIDATE fuse ***
[    0.527373] Platform Keyring initialized
[    0.527373] Key type asymmetric registered
[    0.527373] Asymmetric key parser 'x509' registered
[    0.527373] Block layer SCSI generic (bsg) driver version 0.4 loaded (major 244)
[    0.527373] io scheduler mq-deadline registered
[    0.527373] shpchp: Standard Hot Plug PCI Controller Driver version: 0.4
[    0.541397] ACPI: AC Adapter [AC] (on-line)
[    0.541447] input: Power Button as /devices/LNXSYSTM:00/LNXPWRBN:00/input/input0
[    0.541473] ACPI: Power Button [PWRF]
[    0.541549] input: Sleep Button as /devices/LNXSYSTM:00/LNXSLPBN:00/input/input1
[    0.541563] ACPI: Sleep Button [SLPF]
[    0.541781] Serial: 8250/16550 driver, 32 ports, IRQ sharing enabled
[    0.542962] Linux agpgart interface v0.103
[    0.639171] loop: module loaded
[    0.639320] ata_piix 0000:00:01.1: version 2.13
[    0.639727] scsi host0: ata_piix
[    0.639817] scsi host1: ata_piix
[    0.639843] ata1: PATA max UDMA/33 cmd 0x1f0 ctl 0x3f6 bmdma 0xd000 irq 14
[    0.639844] ata2: PATA max UDMA/33 cmd 0x170 ctl 0x376 bmdma 0xd008 irq 15
[    0.639927] tun: Universal TUN/TAP device driver, 1.6
[    0.640232] PPP generic driver version 2.4.2
[    0.640274] VFIO - User Level meta-driver version: 0.3
[    0.640509] ehci_hcd: USB 2.0 'Enhanced' Host Controller (EHCI) Driver
[    0.640514] ehci-pci: EHCI PCI platform driver
[    0.640528] ehci-platform: EHCI generic platform driver
[    0.640534] ohci_hcd: USB 1.1 'Open' Host Controller (OHCI) Driver
[    0.640536] ohci-pci: OHCI PCI platform driver
[    0.640542] ohci-platform: OHCI generic platform driver
[    0.640547] uhci_hcd: USB Universal Host Controller Interface driver
[    0.640611] i8042: PNP: PS/2 Controller [PNP0303:PS2K,PNP0f03:PS2M] at 0x60,0x64 irq 1,12
[    0.641045] serio: i8042 KBD port at 0x60,0x64 irq 1
[    0.641049] serio: i8042 AUX port at 0x60,0x64 irq 12
[    0.641135] mousedev: PS/2 mouse device common for all mice
[    0.641387] input: AT Translated Set 2 keyboard as /devices/platform/i8042/serio0/input/input2
[    0.641784] rtc_cmos rtc_cmos: registered as rtc0
[    0.641798] rtc_cmos rtc_cmos: alarms up to one day, 114 bytes nvram
[    0.641803] i2c /dev entries driver
[    0.641846] device-mapper: uevent: version 1.0.3
[    0.641888] device-mapper: ioctl: 4.41.0-ioctl (2019-09-16) initialised: dm-devel@redhat.com
[    0.641904] platform eisa.0: Probing EISA bus 0
[    0.641905] platform eisa.0: EISA: Cannot allocate resource for mainboard
[    0.641906] platform eisa.0: Cannot allocate resource for EISA slot 1
[    0.641907] platform eisa.0: Cannot allocate resource for EISA slot 2
[    0.641908] platform eisa.0: Cannot allocate resource for EISA slot 3
[    0.641909] platform eisa.0: Cannot allocate resource for EISA slot 4
[    0.641910] platform eisa.0: Cannot allocate resource for EISA slot 5
[    0.641911] platform eisa.0: Cannot allocate resource for EISA slot 6
[    0.641912] platform eisa.0: Cannot allocate resource for EISA slot 7
[    0.641913] platform eisa.0: Cannot allocate resource for EISA slot 8
[    0.641914] platform eisa.0: EISA: Detected 0 cards
[    0.641917] intel_pstate: CPU model not supported
[    0.641926] ledtrig-cpu: registered to indicate activity on CPUs
[    0.641979] drop_monitor: Initializing network drop monitor service
[    0.642152] NET: Registered protocol family 10
[    0.647282] Segment Routing with IPv6
[    0.647305] fullmesh registered
[    0.647305] ndiffports registered
[    0.647305] binder registered
[    0.647305] roundrobin registered
[    0.647305] redundant registered
[    0.647305] blest registered
[    0.647305] ecf registered
[    0.647305] NET: Registered protocol family 17
[    0.647305] Key type dns_resolver registered
[    0.647305] RAS: Correctable Errors collector initialized.
[    0.647305] IPI shorthand broadcast: enabled
[    0.647305] sched_clock: Marking stable (632166396, 11139372)->(642942690, 363078)
[    0.647530] registered taskstats version 1
[    0.647539] Loading compiled-in X.509 certificates
[    0.648125] Loaded X.509 cert 'Build time autogenerated kernel key: 6909f3744cebb3d0de528d5887b96a727de79b1e'
[    0.648144] zswap: loaded using pool lzo/zbud
[    0.648200] Key type ._fscrypt registered
[    0.648200] Key type .fscrypt registered
[    0.652674] Key type big_key registered
[    0.654874] Key type encrypted registered
[    0.654876] AppArmor: AppArmor sha1 policy hashing enabled
[    0.654883] ima: No TPM chip found, activating TPM-bypass!
[    0.654887] ima: Allocated hash algorithm: sha1
[    0.654892] ima: No architecture policies found
[    0.654902] evm: Initialising EVM extended attributes:
[    0.654902] evm: security.selinux
[    0.654903] evm: security.SMACK64
[    0.654903] evm: security.SMACK64EXEC
[    0.654904] evm: security.SMACK64TRANSMUTE
[    0.654904] evm: security.SMACK64MMAP
[    0.654905] evm: security.apparmor
[    0.654905] evm: security.ima
[    0.654906] evm: security.capability
[    0.654906] evm: HMAC attrs: 0x1
[    0.655196] PM:   Magic number: 10:576:550
[    0.655207] tty ttyS26: hash matches
[    0.655227] acpi PNP0C0F:01: hash matches
[    0.655322] rtc_cmos rtc_cmos: setting system clock to 2026-01-12T21:31:38 UTC (1768253498)
[    0.812390] ata1.00: ATA-6: VBOX HARDDISK, 1.0, max UDMA/133
[    0.812394] ata1.00: 209715200 sectors, multi 128: LBA 
[    0.813056] scsi 0:0:0:0: Direct-Access     ATA      VBOX HARDDISK    1.0  PQ: 0 ANSI: 5
[    0.813353] sd 0:0:0:0: [sda] 209715200 512-byte logical blocks: (107 GB/100 GiB)
[    0.813365] sd 0:0:0:0: [sda] Write Protect is off
[    0.813368] sd 0:0:0:0: [sda] Mode Sense: 00 3a 00 00
[    0.813389] sd 0:0:0:0: [sda] Write cache: enabled, read cache: enabled, doesn't support DPO or FUA
[    0.813710] sd 0:0:0:0: Attached scsi generic sg0 type 0
[    0.814553]  sda: sda1 sda2
[    0.823468] sd 0:0:0:0: [sda] Attached SCSI disk
[    0.828704] Freeing unused decrypted memory: 2040K
[    0.830024] Freeing unused kernel image memory: 2728K
[    0.830029] Write protecting the kernel read-only data: 22528k
[    0.831540] Freeing unused kernel image memory: 2036K
[    0.832338] Freeing unused kernel image memory: 1432K
[    0.868673] x86/mm: Checked W+X mappings: passed, no W+X pages found.
[    0.868678] Run /init as init process
[    0.983076] ACPI: Video Device [GFX0] (multi-head: yes  rom: no  post: no)
[    0.983149] input: Video Bus as /devices/LNXSYSTM:00/LNXSYBUS:00/PNP0A03:00/LNXVIDEO:00/input/input4
[    0.999112] piix4_smbus 0000:00:07.0: SMBus Host Controller at 0x4100, revision 0
[    1.001567] e1000: Intel(R) PRO/1000 Network Driver - version 7.3.21-k8-NAPI
[    1.001568] e1000: Copyright (c) 1999-2006 Intel Corporation.
[    1.011485] pcnet32: pcnet32.c:v1.35 21.Apr.2008 tsbogend@alpha.franken.de
[    1.021334] pcnet32: PCnet/FAST III 79C973 at 0xd020, 08:00:27:84:0e:49 assigned IRQ 19
[    1.021376] pcnet32: Found PHY 0022:561b at address 0
[    1.021677] pcnet32: eth0: registered as PCnet/FAST III 79C973
[    1.027591] pcnet32: 1 cards_found
[    1.080292] pcnet32 0000:00:03.0 enp0s3: renamed from eth0
[    1.214549] input: ImExPS/2 Generic Explorer Mouse as /devices/platform/i8042/serio1/input/input5
[    1.411418] e1000 0000:00:08.0 eth0: (PCI:33MHz:32-bit) 08:00:27:4c:d7:27
[    1.411421] e1000 0000:00:08.0 eth0: Intel(R) PRO/1000 Network Connection
[    1.783468] e1000 0000:00:09.0 eth1: (PCI:33MHz:32-bit) 08:00:27:28:ef:6e
[    1.783471] e1000 0000:00:09.0 eth1: Intel(R) PRO/1000 Network Connection
[    1.784616] e1000 0000:00:09.0 enp0s9: renamed from eth1
[    1.786409] e1000 0000:00:08.0 enp0s8: renamed from eth0
[    1.932123] EXT4-fs (sda2): mounted filesystem with ordered data mode. Opts: (null)
[    2.011918] systemd[1]: Inserted module 'autofs4'
[    2.020944] systemd[1]: systemd 245.4-4ubuntu3 running in system mode. (+PAM +AUDIT +SELINUX +IMA +APPARMOR +SMACK +SYSVINIT +UTMP +LIBCRYPTSETUP +GCRYPT +GNUTLS +ACL +XZ +LZ4 +SECCOMP +BLKID +ELFUTILS +KMOD +IDN2 -IDN +PCRE2 default-hierarchy=hybrid)
[    2.020975] systemd[1]: Detected virtualization oracle.
[    2.020978] systemd[1]: Detected architecture x86-64.
[    2.022264] systemd[1]: Set hostname to <ztg>.
[    2.142966] systemd[1]: /lib/systemd/system/dbus.socket:5: ListenStream= references a path below legacy directory /var/run/, updating /var/run/dbus/system_bus_socket â†’ /run/dbus/system_bus_socket; please update the unit file accordingly.
[    2.193321] systemd[1]: Created slice system-modprobe.slice.
[    2.193507] systemd[1]: Created slice User and Session Slice.
[    2.193551] systemd[1]: Started Forward Password Requests to Wall Directory Watch.
[    2.193714] systemd[1]: Set up automount Arbitrary Executable File Formats File System Automount Point.
[    2.193747] systemd[1]: Reached target User and Group Name Lookups.
[    2.193757] systemd[1]: Reached target Remote File Systems.
[    2.193765] systemd[1]: Reached target Slices.
[    2.194252] systemd[1]: Listening on Syslog Socket.
[    2.194318] systemd[1]: Listening on fsck to fsckd communication Socket.
[    2.194355] systemd[1]: Listening on initctl Compatibility Named Pipe.
[    2.194493] systemd[1]: Listening on Journal Audit Socket.
[    2.194543] systemd[1]: Listening on Journal Socket (/dev/log).
[    2.194609] systemd[1]: Listening on Journal Socket.
[    2.194674] systemd[1]: Listening on udev Control Socket.
[    2.194713] systemd[1]: Listening on udev Kernel Socket.
[    2.195520] systemd[1]: Mounting Huge Pages File System...
[    2.196413] systemd[1]: Mounting POSIX Message Queue File System...
[    2.197282] systemd[1]: Mounting Kernel Debug File System...
[    2.198116] systemd[1]: Mounting Kernel Trace File System...
[    2.200050] systemd[1]: Starting Journal Service...
[    2.221153] systemd[1]: Starting Set the console keyboard layout...
[    2.229080] systemd[1]: Starting Create list of static device nodes for the current kernel...
[    2.230848] systemd[1]: Starting Load Kernel Module drm...
[    2.231835] systemd[1]: Condition check resulted in Set Up Additional Binary Formats being skipped.
[    2.231884] systemd[1]: Condition check resulted in File System Check on Root Device being skipped.
[    2.245425] systemd[1]: Starting Load Kernel Modules...
[    2.250832] systemd[1]: Starting Remount Root and Kernel File Systems...
[    2.261822] systemd[1]: Starting udev Coldplug all Devices...
[    2.291085] systemd[1]: Starting Uncomplicated firewall...
[    2.291489] EXT4-fs (sda2): re-mounted. Opts: errors=remount-ro
[    2.293350] systemd[1]: Mounted Huge Pages File System.
[    2.293437] systemd[1]: Mounted POSIX Message Queue File System.
[    2.293507] systemd[1]: Mounted Kernel Debug File System.
[    2.293575] systemd[1]: Mounted Kernel Trace File System.
[    2.315140] systemd[1]: Finished Create list of static device nodes for the current kernel.
[    2.315409] systemd[1]: modprobe@drm.service: Succeeded.
[    2.316931] systemd[1]: Finished Load Kernel Module drm.
[    2.317334] systemd[1]: Finished Remount Root and Kernel File Systems.
[    2.323226] systemd[1]: Finished Uncomplicated firewall.
[    2.324761] systemd[1]: Condition check resulted in Rebuild Hardware Database being skipped.
[    2.324817] systemd[1]: Condition check resulted in Platform Persistent Storage Archival being skipped.
[    2.340776] systemd[1]: Starting Load/Save Random Seed...
[    2.345817] systemd[1]: Starting Create System Users...
[    2.351875] lp: driver loaded but no devices found
[    2.357481] systemd[1]: Finished Load/Save Random Seed.
[    2.360673] ppdev: user-space parallel port driver
[    2.364464] systemd[1]: Finished Create System Users.
[    2.365223] systemd[1]: Starting Create Static Device Nodes in /dev...
[    2.401331] systemd[1]: Finished Create Static Device Nodes in /dev.
[    2.402200] systemd[1]: Starting udev Kernel Device Manager...
[    2.410061] systemd[1]: Finished udev Coldplug all Devices.
[    2.448416] [drm] DMA map mode: Caching DMA mappings.
[    2.448477] [drm] Capabilities:
[    2.448478] [drm]   Rect copy.
[    2.448478] [drm]   Cursor.
[    2.448479] [drm]   Cursor bypass.
[    2.448479] [drm]   Cursor bypass 2.
[    2.448479] [drm]   Alpha cursor.
[    2.448480] [drm]   Extended Fifo.
[    2.448480] [drm]   Pitchlock.
[    2.448480] [drm]   Irq mask.
[    2.448481] [drm]   GMR.
[    2.448481] [drm]   Traces.
[    2.448481] [drm]   GMR2.
[    2.448482] [drm]   Screen Object 2.
[    2.448482] [drm]   Command Buffers.
[    2.448482] [drm]   Command Buffers 2.
[    2.448483] [drm]   Guest Backed Resources.
[    2.448484] [drm] Max GMR ids is 8192
[    2.448484] [drm] Max number of GMR pages is 1048576
[    2.448485] [drm] Max dedicated hypervisor surface memory is 393216 kiB
[    2.448485] [drm] Maximum display memory size is 131072 kiB
[    2.448486] [drm] VRAM at 0xe0000000 size is 131072 kiB
[    2.448486] [drm] MMIO at 0xf0000000 size is 2048 kiB
[    2.451681] [TTM] Zone  kernel: Available graphics memory: 1011738 KiB
[    2.451682] [TTM] Initializing pool allocator
[    2.451686] [TTM] Initializing DMA pool allocator
[    2.451717] [drm] Supports vblank timestamp caching Rev 2 (21.10.2013).
[    2.451717] [drm] No driver support for vblank timestamp query.
[    2.452175] [drm] Screen Target Display device initialized
[    2.452379] [drm] width 720
[    2.452388] [drm] height 400
[    2.452392] [drm] bpp 32
[    2.452919] [drm] Fifo max 0x00200000 min 0x00001000 cap 0x00000355
[    2.453973] [drm] Using command buffers with DMA pool.
[    2.453977] [drm] DX: no.
[    2.453977] [drm] Atomic: yes.
[    2.453978] [drm] SM4_1: no.
[    2.453996] [drm:vmw_host_log [vmwgfx]] *ERROR* Failed to send host log message.
[    2.454895] [drm:vmw_host_log [vmwgfx]] *ERROR* Failed to send host log message.
[    2.479546] fbcon: svgadrmfb (fb0) is primary device
[    2.484745] Console: switching to colour frame buffer device 100x37
[    2.490698] [drm] Initialized vmwgfx 2.15.0 20180704 for 0000:00:02.0 on minor 0
[    2.491734] systemd[1]: Finished Load Kernel Modules.
[    2.492636] systemd[1]: Mounting FUSE Control File System...
[    2.494011] systemd[1]: Mounting Kernel Configuration File System...
[    2.503677] systemd[1]: Starting Apply Kernel Variables...
[    2.510038] systemd[1]: Finished Set the console keyboard layout.
[    2.510714] systemd[1]: Mounted FUSE Control File System.
[    2.510782] systemd[1]: Reached target Local File Systems (Pre).
[    2.510800] systemd[1]: Condition check resulted in VMware vmblock fuse mount being skipped.
[    2.527990] systemd[1]: Mounting Mount unit for bare, revision 5...
[    2.534205] systemd[1]: Mounting Mount unit for core18, revision 1705...
[    2.551582] systemd[1]: Mounting Mount unit for gnome-3-34-1804, revision 24...
[    2.555763] systemd[1]: Mounting Mount unit for gtk-common-themes, revision 1506...
[    2.564765] systemd[1]: Mounting Mount unit for gtk-common-themes, revision 1535...
[    2.586809] systemd[1]: Mounting Mount unit for snap-store, revision 433...
[    2.594136] systemd[1]: Mounting Mount unit for snapd, revision 25935...
[    2.598969] systemd[1]: Mounted Kernel Configuration File System.
[    2.610388] systemd[1]: Finished Apply Kernel Variables.
[    2.611672] systemd[1]: Mounted Mount unit for bare, revision 5.
[    2.611759] systemd[1]: Mounted Mount unit for core18, revision 1705.
[    2.611831] systemd[1]: Mounted Mount unit for gnome-3-34-1804, revision 24.
[    2.633977] systemd[1]: Started udev Kernel Device Manager.
[    2.636875] systemd[1]: Starting Show Plymouth Boot Screen...
[    2.639075] systemd[1]: Received SIGRTMIN+20 from PID 271 (plymouthd).
[    2.650434] systemd[1]: Mounted Mount unit for gtk-common-themes, revision 1506.
[    2.665305] systemd[1]: Started Show Plymouth Boot Screen.
[    2.665556] systemd[1]: Condition check resulted in Dispatch Password Requests to Console Directory Watch being skipped.
[    2.665650] systemd[1]: Started Forward Password Requests to Plymouth Directory Watch.
[    2.665718] systemd[1]: Reached target Local Encrypted Volumes.
[    2.715106] systemd[1]: Mounted Mount unit for gtk-common-themes, revision 1535.
[    2.715342] systemd[1]: Mounted Mount unit for snap-store, revision 433.
[    2.715520] systemd[1]: Mounted Mount unit for snapd, revision 25935.
[    2.715664] systemd[1]: Reached target Local File Systems.
[    2.718033] systemd[1]: Starting Load AppArmor profiles...
[    2.718924] systemd[1]: Starting Set console font and keymap...
[    2.733233] systemd[1]: Starting Tell Plymouth To Write Out Runtime Data...
[    2.733365] systemd[1]: Condition check resulted in Store a System Token in an EFI Variable being skipped.
[    2.733421] systemd[1]: Condition check resulted in Commit a transient machine-id on disk being skipped.
[    2.737176] systemd[1]: Finished Set console font and keymap.
[    2.746506] systemd[1]: Received SIGRTMIN+20 from PID 271 (plymouthd).
[    2.748574] systemd[1]: plymouth-read-write.service: Succeeded.
[    2.748802] systemd[1]: Finished Tell Plymouth To Write Out Runtime Data.
[    2.763421] audit: type=1400 audit(1768253500.604:2): apparmor="STATUS" operation="profile_load" profile="unconfined" name="nvidia_modprobe" pid=300 comm="apparmor_parser"
[    2.763423] audit: type=1400 audit(1768253500.604:3): apparmor="STATUS" operation="profile_load" profile="unconfined" name="nvidia_modprobe//kmod" pid=300 comm="apparmor_parser"
[    2.773744] audit: type=1400 audit(1768253500.612:4): apparmor="STATUS" operation="profile_load" profile="unconfined" name="/usr/sbin/tcpdump" pid=301 comm="apparmor_parser"
[    2.818034] audit: type=1400 audit(1768253500.652:5): apparmor="STATUS" operation="profile_load" profile="unconfined" name="/usr/bin/evince" pid=303 comm="apparmor_parser"
[    2.818036] audit: type=1400 audit(1768253500.652:6): apparmor="STATUS" operation="profile_load" profile="unconfined" name="/usr/bin/evince//sanitized_helper" pid=303 comm="apparmor_parser"
[    2.818037] audit: type=1400 audit(1768253500.652:7): apparmor="STATUS" operation="profile_load" profile="unconfined" name="/usr/bin/evince-previewer" pid=303 comm="apparmor_parser"
[    2.818039] audit: type=1400 audit(1768253500.652:8): apparmor="STATUS" operation="profile_load" profile="unconfined" name="/usr/bin/evince-previewer//sanitized_helper" pid=303 comm="apparmor_parser"
[    2.818040] audit: type=1400 audit(1768253500.652:9): apparmor="STATUS" operation="profile_load" profile="unconfined" name="/usr/bin/evince-thumbnailer" pid=303 comm="apparmor_parser"
[    2.846389] audit: type=1400 audit(1768253500.688:10): apparmor="STATUS" operation="profile_load" profile="unconfined" name="/usr/lib/cups/backend/cups-pdf" pid=304 comm="apparmor_parser"
[    2.908626] systemd[1]: Finished Load AppArmor profiles.
[    2.909561] systemd[1]: Starting Load AppArmor profiles managed internally by snapd...
[    3.016565] systemd[1]: Finished Load AppArmor profiles managed internally by snapd.
[    3.179819] systemd[1]: Started Journal Service.
[    3.189965] systemd-journald[229]: Received client request to flush runtime journal.
[    3.192934] systemd-journald[229]: File /var/log/journal/c455b248004a419c87ce85eea238d727/system.journal corrupted or uncleanly shut down, renaming and replacing.
[    4.365358] RAPL PMU: API unit is 2^-32 Joules, 0 fixed counters, 10737418240 ms ovfl timer
[    4.394401] cryptd: max_cpu_qlen set to 1000
[    4.438508] AVX2 version of gcm_enc/dec engaged.
[    4.438509] AES CTR mode by8 optimization enabled
[    6.361238] Adding 1998844k swap on /dev/sda1.  Priority:-2 extents:1 across:1998844k FS
[    7.194852] kauditd_printk_skb: 30 callbacks suppressed
[    7.194853] audit: type=1400 audit(1768253505.036:41): apparmor="DENIED" operation="capable" profile="/usr/sbin/cups-browsed" pid=507 comm="cups-browsed" capability=23  capname="sys_nice"
[    8.777376] pcnet32 0000:00:03.0 enp0s3: link up, 100Mbps, full-duplex
[    8.820457] e1000: enp0s8 NIC Link is Up 1000 Mbps Full Duplex, Flow Control: RX
[    8.820750] IPv6: ADDRCONF(NETDEV_CHANGE): enp0s8: link becomes ready
[    8.843745] e1000: enp0s9 NIC Link is Up 1000 Mbps Full Duplex, Flow Control: RX
[    8.844033] IPv6: ADDRCONF(NETDEV_CHANGE): enp0s9: link becomes ready
[    9.557010] device enp0s3 entered promiscuous mode
[    9.582568] audit: type=1400 audit(1768253507.424:42): apparmor="DENIED" operation="open" profile="/usr/sbin/tcpdump" name="/proc/sys/kernel/random/boot_id" pid=656 comm="tcpdump" requested_mask="r" denied_mask="r" fsuid=0 ouid=0
[    9.584656] audit: type=1400 audit(1768253507.424:43): apparmor="DENIED" operation="open" profile="/usr/sbin/tcpdump" name="/proc/sys/kernel/random/boot_id" pid=656 comm="tcpdump" requested_mask="r" denied_mask="r" fsuid=0 ouid=0
[    9.584828] audit: type=1400 audit(1768253507.424:44): apparmor="DENIED" operation="open" profile="/usr/sbin/tcpdump" name="/proc/sys/kernel/random/boot_id" pid=656 comm="tcpdump" requested_mask="r" denied_mask="r" fsuid=0 ouid=0
[    9.585240] audit: type=1400 audit(1768253507.424:45): apparmor="DENIED" operation="open" profile="/usr/sbin/tcpdump" name="/proc/sys/kernel/random/boot_id" pid=656 comm="tcpdump" requested_mask="r" denied_mask="r" fsuid=0 ouid=0
[    9.600666] audit: type=1400 audit(1768253507.440:46): apparmor="DENIED" operation="open" profile="/usr/sbin/tcpdump" name="/proc/sys/kernel/random/boot_id" pid=657 comm="tcpdump" requested_mask="r" denied_mask="r" fsuid=0 ouid=0
[    9.600885] audit: type=1400 audit(1768253507.440:47): apparmor="DENIED" operation="open" profile="/usr/sbin/tcpdump" name="/proc/sys/kernel/random/boot_id" pid=657 comm="tcpdump" requested_mask="r" denied_mask="r" fsuid=0 ouid=0
[    9.600923] audit: type=1400 audit(1768253507.440:48): apparmor="DENIED" operation="open" profile="/usr/sbin/tcpdump" name="/proc/sys/kernel/random/boot_id" pid=657 comm="tcpdump" requested_mask="r" denied_mask="r" fsuid=0 ouid=0
[    9.600940] audit: type=1400 audit(1768253507.440:49): apparmor="DENIED" operation="open" profile="/usr/sbin/tcpdump" name="/proc/sys/kernel/random/boot_id" pid=657 comm="tcpdump" requested_mask="r" denied_mask="r" fsuid=0 ouid=0
[   15.594881] rfkill: input handler disabled
[  259.695035] AAAAA-TCP_FORW: name:enp0s3: saddr:16783984: daddr:100932208
[  260.161509] AAAAA-TCP_FORW: name:enp0s3: saddr:16783984: daddr:100932208
[  260.592160] AAAAA-TCP_FORW: name:enp0s3: saddr:16783984: daddr:100932208
[  260.733507] AAAAA-TCP_FORW: name:enp0s3: saddr:16783984: daddr:100932208
[  260.829860] AAAAA-TCP_FORW: name:enp0s3: saddr:33561200: daddr:100932208
[  587.197761] rfkill: input handler enabled
[  596.556755] rfkill: input handler disabled
[  954.754890] device enp0s3 left promiscuous mode
