[    0.000000] Linux version 5.4.243-mptcp (root@ztg) (gcc version 12.2.0 (Debian 12.2.0-14+deb12u1)) #53 SMP Wed Dec 24 23:28:15 CST 2025
[    0.000000] Command line: BOOT_IMAGE=/boot/vmlinuz-5.4.243-mptcp root=UUID=98415a12-53b7-4144-8265-0f7ece09e445 ro quiet splash
[    0.000000] KERNEL supported cpus:
[    0.000000]   Intel GenuineIntel
[    0.000000]   AMD AuthenticAMD
[    0.000000]   Hygon HygonGenuine
[    0.000000]   Centaur CentaurHauls
[    0.000000]   zhaoxin   Shanghai  
[    0.000000] x86/fpu: Supporting XSAVE feature 0x001: 'x87 floating point registers'
[    0.000000] x86/fpu: Supporting XSAVE feature 0x002: 'SSE registers'
[    0.000000] x86/fpu: Supporting XSAVE feature 0x004: 'AVX registers'
[    0.000000] x86/fpu: xstate_offset[2]:  576, xstate_sizes[2]:  256
[    0.000000] x86/fpu: Enabled xstate features 0x7, context size is 832 bytes, using 'standard' format.
[    0.000000] BIOS-provided physical RAM map:
[    0.000000] BIOS-e820: [mem 0x0000000000000000-0x000000000009fbff] usable
[    0.000000] BIOS-e820: [mem 0x000000000009fc00-0x000000000009ffff] reserved
[    0.000000] BIOS-e820: [mem 0x00000000000f0000-0x00000000000fffff] reserved
[    0.000000] BIOS-e820: [mem 0x0000000000100000-0x000000007ffeffff] usable
[    0.000000] BIOS-e820: [mem 0x000000007fff0000-0x000000007fffffff] ACPI data
[    0.000000] BIOS-e820: [mem 0x00000000fec00000-0x00000000fec00fff] reserved
[    0.000000] BIOS-e820: [mem 0x00000000fee00000-0x00000000fee00fff] reserved
[    0.000000] BIOS-e820: [mem 0x00000000fffc0000-0x00000000ffffffff] reserved
[    0.000000] NX (Execute Disable) protection: active
[    0.000000] SMBIOS 2.5 present.
[    0.000000] DMI: innotek GmbH VirtualBox/VirtualBox, BIOS VirtualBox 12/01/2006
[    0.000000] Hypervisor detected: KVM
[    0.000000] kvm-clock: Using msrs 4b564d01 and 4b564d00
[    0.000000] kvm-clock: cpu 0, msr ac01001, primary cpu clock
[    0.000000] kvm-clock: using sched offset of 4539571828 cycles
[    0.000003] clocksource: kvm-clock: mask: 0xffffffffffffffff max_cycles: 0x1cd42e4dffb, max_idle_ns: 881590591483 ns
[    0.000005] tsc: Detected 2100.000 MHz processor
[    0.001873] e820: update [mem 0x00000000-0x00000fff] usable ==> reserved
[    0.001875] e820: remove [mem 0x000a0000-0x000fffff] usable
[    0.001879] last_pfn = 0x7fff0 max_arch_pfn = 0x400000000
[    0.001947] MTRR default type: uncachable
[    0.001947] MTRR fixed ranges enabled:
[    0.001949]   00000-9FFFF write-back
[    0.001949]   A0000-BFFFF uncachable
[    0.001950]   C0000-FFFFF write-protect
[    0.001951] MTRR variable ranges enabled:
[    0.001952]   0 base 000000000000 mask 3FFF80000000 write-back
[    0.001953]   1 disabled
[    0.001953]   2 disabled
[    0.001954]   3 disabled
[    0.001954]   4 disabled
[    0.001954]   5 disabled
[    0.001955]   6 disabled
[    0.001955]   7 disabled
[    0.001956]   8 disabled
[    0.001956]   9 disabled
[    0.001957]   10 disabled
[    0.001957]   11 disabled
[    0.001957]   12 disabled
[    0.001958]   13 disabled
[    0.001958]   14 disabled
[    0.001959]   15 disabled
[    0.001975] x86/PAT: Configuration [0-7]: WB  WC  UC- UC  WB  WP  UC- WT  
[    0.002107] found SMP MP-table at [mem 0x0009fff0-0x0009ffff]
[    0.092990] check: Scanning 1 areas for low memory corruption
[    0.093157] RAMDISK: [mem 0x32271000-0x3512ffff]
[    0.093165] ACPI: Early table checksum verification disabled
[    0.093169] ACPI: RSDP 0x00000000000E0000 000024 (v02 VBOX  )
[    0.093174] ACPI: XSDT 0x000000007FFF0030 00003C (v01 VBOX   VBOXXSDT 00000001 ASL  00000061)
[    0.093180] ACPI: FACP 0x000000007FFF00F0 0000F4 (v04 VBOX   VBOXFACP 00000001 ASL  00000061)
[    0.093186] ACPI: DSDT 0x000000007FFF02E0 002353 (v02 VBOX   VBOXBIOS 00000002 VBOX 00029BF3)
[    0.093190] ACPI: FACS 0x000000007FFF0200 000040
[    0.093193] ACPI: FACS 0x000000007FFF0200 000040
[    0.093197] ACPI: APIC 0x000000007FFF0240 000054 (v02 VBOX   VBOXAPIC 00000001 ASL  00000061)
[    0.093200] ACPI: SSDT 0x000000007FFF02A0 000038 (v01 VBOX   VBOXCPUT 00000002 VBOX 00029BF3)
[    0.093203] ACPI: Reserving FACP table memory at [mem 0x7fff00f0-0x7fff01e3]
[    0.093204] ACPI: Reserving DSDT table memory at [mem 0x7fff02e0-0x7fff2632]
[    0.093205] ACPI: Reserving FACS table memory at [mem 0x7fff0200-0x7fff023f]
[    0.093206] ACPI: Reserving FACS table memory at [mem 0x7fff0200-0x7fff023f]
[    0.093206] ACPI: Reserving APIC table memory at [mem 0x7fff0240-0x7fff0293]
[    0.093207] ACPI: Reserving SSDT table memory at [mem 0x7fff02a0-0x7fff02d7]
[    0.093220] ACPI: Local APIC address 0xfee00000
[    0.093403] No NUMA configuration found
[    0.093405] Faking a node at [mem 0x0000000000000000-0x000000007ffeffff]
[    0.093415] NODE_DATA(0) allocated [mem 0x7ffc5000-0x7ffeffff]
[    0.093675] Zone ranges:
[    0.093676]   DMA      [mem 0x0000000000001000-0x0000000000ffffff]
[    0.093677]   DMA32    [mem 0x0000000001000000-0x000000007ffeffff]
[    0.093678]   Normal   empty
[    0.093679]   Device   empty
[    0.093679] Movable zone start for each node
[    0.093681] Early memory node ranges
[    0.093682]   node   0: [mem 0x0000000000001000-0x000000000009efff]
[    0.093683]   node   0: [mem 0x0000000000100000-0x000000007ffeffff]
[    0.093686] Zeroed struct page in unavailable ranges: 114 pages
[    0.093687] Initmem setup node 0 [mem 0x0000000000001000-0x000000007ffeffff]
[    0.093688] On node 0 totalpages: 524174
[    0.093689]   DMA zone: 64 pages used for memmap
[    0.093690]   DMA zone: 21 pages reserved
[    0.093691]   DMA zone: 3998 pages, LIFO batch:0
[    0.093763]   DMA32 zone: 8128 pages used for memmap
[    0.093764]   DMA32 zone: 520176 pages, LIFO batch:63
[    0.102664] ACPI: PM-Timer IO Port: 0x4008
[    0.102667] ACPI: Local APIC address 0xfee00000
[    0.102730] IOAPIC[0]: apic_id 1, version 32, address 0xfec00000, GSI 0-23
[    0.102733] ACPI: INT_SRC_OVR (bus 0 bus_irq 0 global_irq 2 dfl dfl)
[    0.102735] ACPI: INT_SRC_OVR (bus 0 bus_irq 9 global_irq 9 low level)
[    0.102737] ACPI: IRQ0 used by override.
[    0.102738] ACPI: IRQ9 used by override.
[    0.102740] Using ACPI (MADT) for SMP configuration information
[    0.102746] smpboot: Allowing 1 CPUs, 0 hotplug CPUs
[    0.102765] PM: Registered nosave memory: [mem 0x00000000-0x00000fff]
[    0.102767] PM: Registered nosave memory: [mem 0x0009f000-0x0009ffff]
[    0.102767] PM: Registered nosave memory: [mem 0x000a0000-0x000effff]
[    0.102768] PM: Registered nosave memory: [mem 0x000f0000-0x000fffff]
[    0.102769] [mem 0x80000000-0xfebfffff] available for PCI devices
[    0.102770] Booting paravirtualized kernel on KVM
[    0.102772] clocksource: refined-jiffies: mask: 0xffffffff max_cycles: 0xffffffff, max_idle_ns: 7645519600211568 ns
[    0.102777] setup_percpu: NR_CPUS:8192 nr_cpumask_bits:1 nr_cpu_ids:1 nr_node_ids:1
[    0.103779] percpu: Embedded 60 pages/cpu s208896 r8192 d28672 u2097152
[    0.103784] pcpu-alloc: s208896 r8192 d28672 u2097152 alloc=1*2097152
[    0.103785] pcpu-alloc: [0] 0 
[    0.103810] Built 1 zonelists, mobility grouping on.  Total pages: 515961
[    0.103811] Policy zone: DMA32
[    0.103812] Kernel command line: BOOT_IMAGE=/boot/vmlinuz-5.4.243-mptcp root=UUID=98415a12-53b7-4144-8265-0f7ece09e445 ro quiet splash
[    0.104633] Dentry cache hash table entries: 262144 (order: 9, 2097152 bytes, linear)
[    0.104779] Inode-cache hash table entries: 131072 (order: 8, 1048576 bytes, linear)
[    0.104827] mem auto-init: stack:off, heap alloc:on, heap free:off
[    0.104830] Calgary: detecting Calgary via BIOS EBDA area
[    0.104831] Calgary: Unable to locate Rio Grande table in EBDA - bailing!
[    0.108913] Memory: 1967332K/2096696K available (14339K kernel code, 2398K rwdata, 4712K rodata, 2728K init, 17260K bss, 129364K reserved, 0K cma-reserved)
[    0.109828] SLUB: HWalign=64, Order=0-3, MinObjects=0, CPUs=1, Nodes=1
[    0.109844] ftrace: allocating 43186 entries in 169 pages
[    0.127808] rcu: Hierarchical RCU implementation.
[    0.127809] rcu: 	RCU restricting CPUs from NR_CPUS=8192 to nr_cpu_ids=1.
[    0.127810] 	Tasks RCU enabled.
[    0.127811] rcu: RCU calculated value of scheduler-enlistment delay is 25 jiffies.
[    0.127812] rcu: Adjusting geometry for rcu_fanout_leaf=16, nr_cpu_ids=1
[    0.130795] NR_IRQS: 524544, nr_irqs: 256, preallocated irqs: 16
[    0.130999] random: crng init done
[    0.140265] Console: colour VGA+ 80x25
[    0.140269] printk: console [tty0] enabled
[    0.140286] ACPI: Core revision 20190816
[    0.140373] APIC: Switch to symmetric I/O mode setup
[    0.140620] x2apic enabled
[    0.140857] Switched APIC routing to physical x2apic.
[    0.141976] ..TIMER: vector=0x30 apic1=0 pin1=2 apic2=-1 pin2=-1
[    0.142000] clocksource: tsc-early: mask: 0xffffffffffffffff max_cycles: 0x1e4530a99b6, max_idle_ns: 440795257976 ns
[    0.142004] Calibrating delay loop (skipped) preset value.. 4200.00 BogoMIPS (lpj=8400000)
[    0.142007] pid_max: default: 32768 minimum: 301
[    0.142033] LSM: Security Framework initializing
[    0.142042] Yama: becoming mindful.
[    0.142066] AppArmor: AppArmor initialized
[    0.142098] Mount-cache hash table entries: 4096 (order: 3, 32768 bytes, linear)
[    0.142102] Mountpoint-cache hash table entries: 4096 (order: 3, 32768 bytes, linear)
[    0.142112] *** VALIDATE tmpfs ***
[    0.142238] *** VALIDATE proc ***
[    0.142276] *** VALIDATE cgroup1 ***
[    0.142277] *** VALIDATE cgroup2 ***
[    0.142414] process: using mwait in idle threads
[    0.142418] Last level iTLB entries: 4KB 64, 2MB 8, 4MB 8
[    0.142419] Last level dTLB entries: 4KB 64, 2MB 0, 4MB 0, 1GB 4
[    0.142438] Spectre V1 : Mitigation: usercopy/swapgs barriers and __user pointer sanitization
[    0.142443] Spectre V2 : Mitigation: Retpolines
[    0.142443] Spectre V2 : Spectre v2 / SpectreRSB mitigation: Filling RSB on context switch
[    0.142444] Spectre V2 : Spectre v2 / SpectreRSB : Filling RSB on VMEXIT
[    0.142445] RETBleed: WARNING: Spectre v2 mitigation leaves CPU vulnerable to RETBleed attacks, data leaks possible!
[    0.142797] RETBleed: Vulnerable
[    0.142797] Speculative Store Bypass: Vulnerable
[    0.142802] TAA: Mitigation: TSX disabled
[    0.142802] MMIO Stale Data: Mitigation: Clear CPU buffers
[    0.146966] Freeing SMP alternatives memory: 40K
[    0.259398] smpboot: CPU0: Intel(R) Xeon(R) Silver 4216 CPU @ 2.10GHz (family: 0x6, model: 0x55, stepping: 0x7)
[    0.259501] Performance Events: unsupported p6 CPU model 85 no PMU driver, software events only.
[    0.259533] rcu: Hierarchical SRCU implementation.
[    0.259991] NMI watchdog: Perf NMI watchdog permanently disabled
[    0.260023] smp: Bringing up secondary CPUs ...
[    0.260024] smp: Brought up 1 node, 1 CPU
[    0.260025] smpboot: Max logical packages: 1
[    0.260026] smpboot: Total of 1 processors activated (4200.00 BogoMIPS)
[    0.260942] devtmpfs: initialized
[    0.260985] x86/mm: Memory block size: 128MB
[    0.261310] clocksource: jiffies: mask: 0xffffffff max_cycles: 0xffffffff, max_idle_ns: 7645041785100000 ns
[    0.261315] futex hash table entries: 256 (order: 2, 16384 bytes, linear)
[    0.261353] pinctrl core: initialized pinctrl subsystem
[    0.261464] PM: RTC time: 20:06:06, date: 2026-01-12
[    0.261564] NET: Registered protocol family 16
[    0.261636] audit: initializing netlink subsys (disabled)
[    0.261754] EISA bus registered
[    0.261756] cpuidle: using governor ladder
[    0.261757] cpuidle: using governor menu
[    0.261791] ACPI: bus type PCI registered
[    0.261792] acpiphp: ACPI Hot Plug PCI Controller Driver version: 0.5
[    0.261892] PCI: Using configuration type 1 for base access
[    0.262111] audit: type=2000 audit(1768219572.484:1): state=initialized audit_enabled=0 res=1
[    0.262183] HugeTLB registered 2.00 MiB page size, pre-allocated 0 pages
[    0.262948] ACPI: Added _OSI(Module Device)
[    0.262949] ACPI: Added _OSI(Processor Device)
[    0.262949] ACPI: Added _OSI(3.0 _SCP Extensions)
[    0.262950] ACPI: Added _OSI(Processor Aggregator Device)
[    0.262951] ACPI: Added _OSI(Linux-Dell-Video)
[    0.262952] ACPI: Added _OSI(Linux-Lenovo-NV-HDMI-Audio)
[    0.262953] ACPI: Added _OSI(Linux-HPI-Hybrid-Graphics)
[    0.264917] ACPI: 2 ACPI AML tables successfully acquired and loaded
[    0.266541] ACPI: Interpreter enabled
[    0.266551] ACPI: (supports S0 S5)
[    0.266551] ACPI: Using IOAPIC for interrupt routing
[    0.266756] PCI: Using host bridge windows from ACPI; if necessary, use "pci=nocrs" and report a bug
[    0.266863] ACPI: Enabled 2 GPEs in block 00 to 07
[    0.271676] ACPI: PCI Root Bridge [PCI0] (domain 0000 [bus 00-ff])
[    0.271680] acpi PNP0A03:00: _OSC: OS supports [ASPM ClockPM Segments MSI HPX-Type3]
[    0.272135] acpi PNP0A03:00: _OSC: not requesting OS control; OS requires [ExtendedConfig ASPM ClockPM MSI]
[    0.272142] acpi PNP0A03:00: fail to add MMCONFIG information, can't access extended PCI configuration space under this bridge.
[    0.272510] PCI host bridge to bus 0000:00
[    0.272513] pci_bus 0000:00: root bus resource [io  0x0000-0x0cf7 window]
[    0.272514] pci_bus 0000:00: root bus resource [io  0x0d00-0xffff window]
[    0.272515] pci_bus 0000:00: root bus resource [mem 0x000a0000-0x000bffff window]
[    0.272516] pci_bus 0000:00: root bus resource [mem 0x80000000-0xfdffffff window]
[    0.272517] pci_bus 0000:00: root bus resource [bus 00-ff]
[    0.272562] pci 0000:00:00.0: [8086:1237] type 00 class 0x060000
[    0.273499] pci 0000:00:01.0: [8086:7000] type 00 class 0x060100
[    0.274245] pci 0000:00:01.1: [8086:7111] type 00 class 0x01018a
[    0.274615] pci 0000:00:01.1: reg 0x20: [io  0xd000-0xd00f]
[    0.274767] pci 0000:00:01.1: legacy IDE quirk: reg 0x10: [io  0x01f0-0x01f7]
[    0.274768] pci 0000:00:01.1: legacy IDE quirk: reg 0x14: [io  0x03f6]
[    0.274769] pci 0000:00:01.1: legacy IDE quirk: reg 0x18: [io  0x0170-0x0177]
[    0.274770] pci 0000:00:01.1: legacy IDE quirk: reg 0x1c: [io  0x0376]
[    0.275309] pci 0000:00:02.0: [15ad:0405] type 00 class 0x030000
[    0.278080] pci 0000:00:02.0: reg 0x10: [io  0xd010-0xd01f]
[    0.280885] pci 0000:00:02.0: reg 0x14: [mem 0xe0000000-0xe7ffffff pref]
[    0.282049] pci 0000:00:02.0: reg 0x18: [mem 0xf0000000-0xf01fffff]
[    0.294624] pci 0000:00:03.0: [1022:2000] type 00 class 0x020000
[    0.295297] pci 0000:00:03.0: reg 0x10: [io  0xd020-0xd03f]
[    0.295903] pci 0000:00:03.0: reg 0x14: [mem 0xf0200000-0xf0200fff]
[    0.299365] pci 0000:00:04.0: [80ee:cafe] type 00 class 0x088000
[    0.300046] pci 0000:00:04.0: reg 0x10: [io  0xd040-0xd05f]
[    0.300653] pci 0000:00:04.0: reg 0x14: [mem 0xf0400000-0xf07fffff]
[    0.301264] pci 0000:00:04.0: reg 0x18: [mem 0xf0800000-0xf0803fff pref]
[    0.304496] pci 0000:00:07.0: [8086:7113] type 00 class 0x068000
[    0.305044] pci 0000:00:07.0: quirk: [io  0x4000-0x403f] claimed by PIIX4 ACPI
[    0.305057] pci 0000:00:07.0: quirk: [io  0x4100-0x410f] claimed by PIIX4 SMB
[    0.306503] pci 0000:00:08.0: [1022:2000] type 00 class 0x020000
[    0.307162] pci 0000:00:08.0: reg 0x10: [io  0xd060-0xd07f]
[    0.307767] pci 0000:00:08.0: reg 0x14: [mem 0xf0804000-0xf0804fff]
[    0.310802] pci 0000:00:09.0: [8086:100e] type 00 class 0x020000
[    0.311502] pci 0000:00:09.0: reg 0x10: [mem 0xf0820000-0xf083ffff]
[    0.312669] pci 0000:00:09.0: reg 0x18: [io  0xd080-0xd087]
[    0.322917] ACPI: PCI Interrupt Link [LNKA] (IRQs 5 9 10 *11)
[    0.323200] ACPI: PCI Interrupt Link [LNKB] (IRQs 5 9 *10 11)
[    0.323300] ACPI: PCI Interrupt Link [LNKC] (IRQs 5 *9 10 11)
[    0.323405] ACPI: PCI Interrupt Link [LNKD] (IRQs 5 9 10 *11)
[    0.323636] iommu: Default domain type: Translated 
[    0.323689] pci 0000:00:02.0: vgaarb: setting as boot VGA device
[    0.323690] pci 0000:00:02.0: vgaarb: VGA device added: decodes=io+mem,owns=io+mem,locks=none
[    0.323692] pci 0000:00:02.0: vgaarb: bridge control possible
[    0.323693] vgaarb: loaded
[    0.323884] SCSI subsystem initialized
[    0.323912] libata version 3.00 loaded.
[    0.323935] ACPI: bus type USB registered
[    0.323951] usbcore: registered new interface driver usbfs
[    0.323957] usbcore: registered new interface driver hub
[    0.323962] usbcore: registered new device driver usb
[    0.323989] pps_core: LinuxPPS API ver. 1 registered
[    0.323989] pps_core: Software ver. 5.3.6 - Copyright 2005-2007 Rodolfo Giometti <giometti@linux.it>
[    0.323991] PTP clock support registered
[    0.324026] EDAC MC: Ver: 3.0.0
[    0.324307] PCI: Using ACPI for IRQ routing
[    0.324308] PCI: pci_cache_line_size set to 64 bytes
[    0.324478] e820: reserve RAM buffer [mem 0x0009fc00-0x0009ffff]
[    0.324482] e820: reserve RAM buffer [mem 0x7fff0000-0x7fffffff]
[    0.326017] NetLabel: Initializing
[    0.326018] NetLabel:  domain hash size = 128
[    0.326018] NetLabel:  protocols = UNLABELED CIPSOv4 CALIPSO
[    0.326038] NetLabel:  unlabeled traffic allowed by default
[    0.326925] clocksource: Switched to clocksource kvm-clock
[    0.339081] *** VALIDATE bpf ***
[    0.339081] VFS: Disk quotas dquot_6.6.0
[    0.339081] VFS: Dquot-cache hash table entries: 512 (order 0, 4096 bytes)
[    0.339081] *** VALIDATE ramfs ***
[    0.339081] *** VALIDATE hugetlbfs ***
[    0.339081] AppArmor: AppArmor Filesystem Enabled
[    0.339081] pnp: PnP ACPI init
[    0.339081] pnp 00:00: Plug and Play ACPI device, IDs PNP0303 (active)
[    0.340628] pnp 00:01: Plug and Play ACPI device, IDs PNP0f03 (active)
[    0.341371] pnp: PnP ACPI: found 2 devices
[    0.342358] thermal_sys: Registered thermal governor 'fair_share'
[    0.342358] thermal_sys: Registered thermal governor 'bang_bang'
[    0.342359] thermal_sys: Registered thermal governor 'step_wise'
[    0.342360] thermal_sys: Registered thermal governor 'user_space'
[    0.342360] thermal_sys: Registered thermal governor 'power_allocator'
[    0.346889] clocksource: acpi_pm: mask: 0xffffff max_cycles: 0xffffff, max_idle_ns: 2085701024 ns
[    0.346927] pci_bus 0000:00: resource 4 [io  0x0000-0x0cf7 window]
[    0.346928] pci_bus 0000:00: resource 5 [io  0x0d00-0xffff window]
[    0.346929] pci_bus 0000:00: resource 6 [mem 0x000a0000-0x000bffff window]
[    0.346930] pci_bus 0000:00: resource 7 [mem 0x80000000-0xfdffffff window]
[    0.346985] NET: Registered protocol family 2
[    0.347057] IP idents hash table entries: 32768 (order: 6, 262144 bytes, linear)
[    0.347392] MPTCP tokens hash table entries: 8192 (order: 4, 65536 bytes, linear)
[    0.347392] MPTCP request tokens hash table entries: 8192 (order: 4, 65536 bytes, linear)
[    0.347392] default registered
[    0.347392] default registered
[    0.347392] MPTCP: Stable release v0.96
[    0.347392] tcp_listen_portaddr_hash hash table entries: 1024 (order: 2, 16384 bytes, linear)
[    0.347392] TCP established hash table entries: 16384 (order: 5, 131072 bytes, linear)
[    0.347392] TCP bind hash table entries: 16384 (order: 6, 262144 bytes, linear)
[    0.347392] TCP: Hash tables configured (established 16384 bind 16384)
[    0.348405] UDP hash table entries: 1024 (order: 3, 32768 bytes, linear)
[    0.348416] UDP-Lite hash table entries: 1024 (order: 3, 32768 bytes, linear)
[    0.348450] NET: Registered protocol family 1
[    0.348458] NET: Registered protocol family 44
[    0.348479] pci 0000:00:00.0: Limiting direct PCI/PCI transfers
[    0.348492] pci 0000:00:01.0: Activating ISA DMA hang workarounds
[    0.348543] pci 0000:00:02.0: Video device with shadowed ROM at [mem 0x000c0000-0x000dffff]
[    0.348607] PCI: CLS 0 bytes, default 64
[    0.348651] Trying to unpack rootfs image as initramfs...
[    0.515014] Freeing initrd memory: 47868K
[    0.515014] clocksource: tsc: mask: 0xffffffffffffffff max_cycles: 0x1e4530a99b6, max_idle_ns: 440795257976 ns
[    0.515014] clocksource: Switched to clocksource tsc
[    0.515014] platform rtc_cmos: registered platform RTC device (no PNP device found)
[    0.515014] check: Scanning for low memory corruption every 60 seconds
[    0.515014] Initialise system trusted keyrings
[    0.515014] Key type blacklist registered
[    0.515014] workingset: timestamp_bits=36 max_order=19 bucket_order=0
[    0.515014] zbud: loaded
[    0.515014] squashfs: version 4.0 (2009/01/31) Phillip Lougher
[    0.515014] fuse: init (API version 7.31)
[    0.515014] *** VALIDATE fuse ***
[    0.515014] *** VALIDATE fuse ***
[    0.515014] Platform Keyring initialized
[    0.515014] Key type asymmetric registered
[    0.515014] Asymmetric key parser 'x509' registered
[    0.515014] Block layer SCSI generic (bsg) driver version 0.4 loaded (major 244)
[    0.515014] io scheduler mq-deadline registered
[    0.515014] shpchp: Standard Hot Plug PCI Controller Driver version: 0.4
[    0.528907] ACPI: AC Adapter [AC] (on-line)
[    0.528951] input: Power Button as /devices/LNXSYSTM:00/LNXPWRBN:00/input/input0
[    0.528978] ACPI: Power Button [PWRF]
[    0.529060] input: Sleep Button as /devices/LNXSYSTM:00/LNXSLPBN:00/input/input1
[    0.529075] ACPI: Sleep Button [SLPF]
[    0.529292] Serial: 8250/16550 driver, 32 ports, IRQ sharing enabled
[    0.530451] Linux agpgart interface v0.103
[    0.619055] loop: module loaded
[    0.619184] ata_piix 0000:00:01.1: version 2.13
[    0.619586] scsi host0: ata_piix
[    0.619672] scsi host1: ata_piix
[    0.619699] ata1: PATA max UDMA/33 cmd 0x1f0 ctl 0x3f6 bmdma 0xd000 irq 14
[    0.619699] ata2: PATA max UDMA/33 cmd 0x170 ctl 0x376 bmdma 0xd008 irq 15
[    0.619771] tun: Universal TUN/TAP device driver, 1.6
[    0.620071] PPP generic driver version 2.4.2
[    0.620111] VFIO - User Level meta-driver version: 0.3
[    0.620339] ehci_hcd: USB 2.0 'Enhanced' Host Controller (EHCI) Driver
[    0.620343] ehci-pci: EHCI PCI platform driver
[    0.620355] ehci-platform: EHCI generic platform driver
[    0.620360] ohci_hcd: USB 1.1 'Open' Host Controller (OHCI) Driver
[    0.620362] ohci-pci: OHCI PCI platform driver
[    0.620369] ohci-platform: OHCI generic platform driver
[    0.620374] uhci_hcd: USB Universal Host Controller Interface driver
[    0.620434] i8042: PNP: PS/2 Controller [PNP0303:PS2K,PNP0f03:PS2M] at 0x60,0x64 irq 1,12
[    0.620863] serio: i8042 KBD port at 0x60,0x64 irq 1
[    0.620867] serio: i8042 AUX port at 0x60,0x64 irq 12
[    0.620949] mousedev: PS/2 mouse device common for all mice
[    0.621190] input: AT Translated Set 2 keyboard as /devices/platform/i8042/serio0/input/input2
[    0.621579] rtc_cmos rtc_cmos: registered as rtc0
[    0.621593] rtc_cmos rtc_cmos: alarms up to one day, 114 bytes nvram
[    0.621598] i2c /dev entries driver
[    0.621637] device-mapper: uevent: version 1.0.3
[    0.621678] device-mapper: ioctl: 4.41.0-ioctl (2019-09-16) initialised: dm-devel@redhat.com
[    0.621693] platform eisa.0: Probing EISA bus 0
[    0.621695] platform eisa.0: EISA: Cannot allocate resource for mainboard
[    0.621696] platform eisa.0: Cannot allocate resource for EISA slot 1
[    0.621697] platform eisa.0: Cannot allocate resource for EISA slot 2
[    0.621698] platform eisa.0: Cannot allocate resource for EISA slot 3
[    0.621699] platform eisa.0: Cannot allocate resource for EISA slot 4
[    0.621700] platform eisa.0: Cannot allocate resource for EISA slot 5
[    0.621701] platform eisa.0: Cannot allocate resource for EISA slot 6
[    0.621702] platform eisa.0: Cannot allocate resource for EISA slot 7
[    0.621703] platform eisa.0: Cannot allocate resource for EISA slot 8
[    0.621704] platform eisa.0: EISA: Detected 0 cards
[    0.621706] intel_pstate: CPU model not supported
[    0.621714] ledtrig-cpu: registered to indicate activity on CPUs
[    0.621761] drop_monitor: Initializing network drop monitor service
[    0.621917] NET: Registered protocol family 10
[    0.626940] Segment Routing with IPv6
[    0.626968] fullmesh registered
[    0.626969] ndiffports registered
[    0.626971] binder registered
[    0.626972] roundrobin registered
[    0.626973] redundant registered
[    0.626973] blest registered
[    0.626974] ecf registered
[    0.626975] NET: Registered protocol family 17
[    0.627004] Key type dns_resolver registered
[    0.627103] RAS: Correctable Errors collector initialized.
[    0.627116] IPI shorthand broadcast: enabled
[    0.627129] sched_clock: Marking stable (612149148, 11012076)->(623486871, -325647)
[    0.627173] registered taskstats version 1
[    0.627181] Loading compiled-in X.509 certificates
[    0.627781] Loaded X.509 cert 'Build time autogenerated kernel key: 6909f3744cebb3d0de528d5887b96a727de79b1e'
[    0.627798] zswap: loaded using pool lzo/zbud
[    0.627848] Key type ._fscrypt registered
[    0.627848] Key type .fscrypt registered
[    0.632309] Key type big_key registered
[    0.634491] Key type encrypted registered
[    0.634493] AppArmor: AppArmor sha1 policy hashing enabled
[    0.634500] ima: No TPM chip found, activating TPM-bypass!
[    0.634504] ima: Allocated hash algorithm: sha1
[    0.634509] ima: No architecture policies found
[    0.634518] evm: Initialising EVM extended attributes:
[    0.634519] evm: security.selinux
[    0.634519] evm: security.SMACK64
[    0.634520] evm: security.SMACK64EXEC
[    0.634520] evm: security.SMACK64TRANSMUTE
[    0.634520] evm: security.SMACK64MMAP
[    0.634521] evm: security.apparmor
[    0.634521] evm: security.ima
[    0.634522] evm: security.capability
[    0.634522] evm: HMAC attrs: 0x1
[    0.634806] PM:   Magic number: 10:58:144
[    0.634807] PM:   hash matches drivers/base/power/main.c:1831
[    0.634812] ata_port ata1: hash matches
[    0.634813]  ata1: hash matches
[    0.634912] rtc_cmos rtc_cmos: setting system clock to 2026-01-12T20:06:07 UTC (1768248367)
[    0.795118] ata1.00: ATA-6: VBOX HARDDISK, 1.0, max UDMA/133
[    0.795121] ata1.00: 209715200 sectors, multi 128: LBA 
[    0.795777] scsi 0:0:0:0: Direct-Access     ATA      VBOX HARDDISK    1.0  PQ: 0 ANSI: 5
[    0.796045] sd 0:0:0:0: [sda] 209715200 512-byte logical blocks: (107 GB/100 GiB)
[    0.796056] sd 0:0:0:0: [sda] Write Protect is off
[    0.796059] sd 0:0:0:0: [sda] Mode Sense: 00 3a 00 00
[    0.796078] sd 0:0:0:0: [sda] Write cache: enabled, read cache: enabled, doesn't support DPO or FUA
[    0.796290] sd 0:0:0:0: Attached scsi generic sg0 type 0
[    0.797703]  sda: sda1 sda2
[    0.807352] sd 0:0:0:0: [sda] Attached SCSI disk
[    0.812563] Freeing unused decrypted memory: 2040K
[    0.813872] Freeing unused kernel image memory: 2728K
[    0.813877] Write protecting the kernel read-only data: 22528k
[    0.815365] Freeing unused kernel image memory: 2036K
[    0.816148] Freeing unused kernel image memory: 1432K
[    0.852230] x86/mm: Checked W+X mappings: passed, no W+X pages found.
[    0.852234] Run /init as init process
[    0.963021] ACPI: Video Device [GFX0] (multi-head: yes  rom: no  post: no)
[    0.963087] input: Video Bus as /devices/LNXSYSTM:00/LNXSYBUS:00/PNP0A03:00/LNXVIDEO:00/input/input4
[    0.974633] piix4_smbus 0000:00:07.0: SMBus Host Controller at 0x4100, revision 0
[    0.976123] pcnet32: pcnet32.c:v1.35 21.Apr.2008 tsbogend@alpha.franken.de
[    0.978647] e1000: Intel(R) PRO/1000 Network Driver - version 7.3.21-k8-NAPI
[    0.978648] e1000: Copyright (c) 1999-2006 Intel Corporation.
[    0.982432] pcnet32: PCnet/FAST III 79C973 at 0xd020, 08:00:27:fe:57:e4 assigned IRQ 19
[    0.982474] pcnet32: Found PHY 0022:561b at address 0
[    0.982764] pcnet32: eth0: registered as PCnet/FAST III 79C973
[    0.992941] pcnet32: PCnet/FAST III 79C973 at 0xd060, 08:00:27:d4:30:4e assigned IRQ 16
[    0.992984] pcnet32: Found PHY 0022:561b at address 0
[    0.993271] pcnet32: eth1: registered as PCnet/FAST III 79C973
[    0.993291] pcnet32: 2 cards_found
[    1.054061] pcnet32 0000:00:03.0 enp0s3: renamed from eth0
[    1.056140] pcnet32 0000:00:08.0 enp0s8: renamed from eth1
[    1.193899] input: ImExPS/2 Generic Explorer Mouse as /devices/platform/i8042/serio1/input/input5
[    1.391485] e1000 0000:00:09.0 eth0: (PCI:33MHz:32-bit) 08:00:27:bb:5a:aa
[    1.391488] e1000 0000:00:09.0 eth0: Intel(R) PRO/1000 Network Connection
[    1.392397] e1000 0000:00:09.0 enp0s9: renamed from eth0
[    2.103700] EXT4-fs (sda2): mounted filesystem with ordered data mode. Opts: (null)
[    2.253826] systemd[1]: Inserted module 'autofs4'
[    2.266692] systemd[1]: systemd 245.4-4ubuntu3 running in system mode. (+PAM +AUDIT +SELINUX +IMA +APPARMOR +SMACK +SYSVINIT +UTMP +LIBCRYPTSETUP +GCRYPT +GNUTLS +ACL +XZ +LZ4 +SECCOMP +BLKID +ELFUTILS +KMOD +IDN2 -IDN +PCRE2 default-hierarchy=hybrid)
[    2.266721] systemd[1]: Detected virtualization oracle.
[    2.266727] systemd[1]: Detected architecture x86-64.
[    2.268148] systemd[1]: Set hostname to <ztg>.
[    2.423214] systemd[1]: /lib/systemd/system/dbus.socket:5: ListenStream= references a path below legacy directory /var/run/, updating /var/run/dbus/system_bus_socket â†’ /run/dbus/system_bus_socket; please update the unit file accordingly.
[    2.489771] systemd[1]: Created slice system-modprobe.slice.
[    2.489951] systemd[1]: Created slice User and Session Slice.
[    2.489994] systemd[1]: Started Forward Password Requests to Wall Directory Watch.
[    2.490148] systemd[1]: Set up automount Arbitrary Executable File Formats File System Automount Point.
[    2.490178] systemd[1]: Reached target User and Group Name Lookups.
[    2.490187] systemd[1]: Reached target Remote File Systems.
[    2.490194] systemd[1]: Reached target Slices.
[    2.490718] systemd[1]: Listening on Syslog Socket.
[    2.490785] systemd[1]: Listening on fsck to fsckd communication Socket.
[    2.490823] systemd[1]: Listening on initctl Compatibility Named Pipe.
[    2.490983] systemd[1]: Listening on Journal Audit Socket.
[    2.491041] systemd[1]: Listening on Journal Socket (/dev/log).
[    2.491107] systemd[1]: Listening on Journal Socket.
[    2.491170] systemd[1]: Listening on udev Control Socket.
[    2.491207] systemd[1]: Listening on udev Kernel Socket.
[    2.491915] systemd[1]: Mounting Huge Pages File System...
[    2.492784] systemd[1]: Mounting POSIX Message Queue File System...
[    2.493630] systemd[1]: Mounting Kernel Debug File System...
[    2.494477] systemd[1]: Mounting Kernel Trace File System...
[    2.496360] systemd[1]: Starting Journal Service...
[    2.517861] systemd[1]: Starting Set the console keyboard layout...
[    2.525484] systemd[1]: Starting Create list of static device nodes for the current kernel...
[    2.527495] systemd[1]: Starting Load Kernel Module drm...
[    2.530482] systemd[1]: Condition check resulted in Set Up Additional Binary Formats being skipped.
[    2.530511] systemd[1]: Condition check resulted in File System Check on Root Device being skipped.
[    2.534273] systemd[1]: Starting Load Kernel Modules...
[    2.534973] systemd[1]: Starting Remount Root and Kernel File Systems...
[    2.548618] systemd[1]: Starting udev Coldplug all Devices...
[    2.570372] systemd[1]: Starting Uncomplicated firewall...
[    2.582601] EXT4-fs (sda2): re-mounted. Opts: errors=remount-ro
[    2.601963] systemd[1]: Mounted Huge Pages File System.
[    2.602048] systemd[1]: Mounted POSIX Message Queue File System.
[    2.602119] systemd[1]: Mounted Kernel Debug File System.
[    2.602186] systemd[1]: Mounted Kernel Trace File System.
[    2.608368] systemd[1]: Finished Create list of static device nodes for the current kernel.
[    2.608652] systemd[1]: modprobe@drm.service: Succeeded.
[    2.609003] systemd[1]: Finished Load Kernel Module drm.
[    2.610255] systemd[1]: Finished Remount Root and Kernel File Systems.
[    2.611032] systemd[1]: Finished Uncomplicated firewall.
[    2.621883] systemd[1]: Condition check resulted in Rebuild Hardware Database being skipped.
[    2.621920] systemd[1]: Condition check resulted in Platform Persistent Storage Archival being skipped.
[    2.622532] systemd[1]: Starting Load/Save Random Seed...
[    2.623229] systemd[1]: Starting Create System Users...
[    2.650379] systemd[1]: Finished Load/Save Random Seed.
[    2.651470] lp: driver loaded but no devices found
[    2.663150] systemd[1]: Finished Create System Users.
[    2.663844] systemd[1]: Starting Create Static Device Nodes in /dev...
[    2.668434] ppdev: user-space parallel port driver
[    2.685685] systemd[1]: Finished Create Static Device Nodes in /dev.
[    2.686427] systemd[1]: Starting udev Kernel Device Manager...
[    2.713891] systemd[1]: Finished udev Coldplug all Devices.
[    2.748899] [drm] DMA map mode: Caching DMA mappings.
[    2.748984] [drm] Capabilities:
[    2.748984] [drm]   Rect copy.
[    2.748984] [drm]   Cursor.
[    2.748985] [drm]   Cursor bypass.
[    2.748985] [drm]   Cursor bypass 2.
[    2.748986] [drm]   Alpha cursor.
[    2.748986] [drm]   Extended Fifo.
[    2.748986] [drm]   Pitchlock.
[    2.748987] [drm]   Irq mask.
[    2.748987] [drm]   GMR.
[    2.748987] [drm]   Traces.
[    2.748988] [drm]   GMR2.
[    2.748988] [drm]   Screen Object 2.
[    2.748988] [drm]   Command Buffers.
[    2.748989] [drm]   Command Buffers 2.
[    2.748989] [drm]   Guest Backed Resources.
[    2.748990] [drm] Max GMR ids is 8192
[    2.748991] [drm] Max number of GMR pages is 1048576
[    2.748991] [drm] Max dedicated hypervisor surface memory is 393216 kiB
[    2.748992] [drm] Maximum display memory size is 131072 kiB
[    2.748992] [drm] VRAM at 0xe0000000 size is 131072 kiB
[    2.748993] [drm] MMIO at 0xf0000000 size is 2048 kiB
[    2.749596] [TTM] Zone  kernel: Available graphics memory: 1011738 KiB
[    2.749597] [TTM] Initializing pool allocator
[    2.749600] [TTM] Initializing DMA pool allocator
[    2.749628] [drm] Supports vblank timestamp caching Rev 2 (21.10.2013).
[    2.749628] [drm] No driver support for vblank timestamp query.
[    2.749867] [drm] Screen Target Display device initialized
[    2.750060] [drm] width 720
[    2.750069] [drm] height 400
[    2.750072] [drm] bpp 32
[    2.750568] [drm] Fifo max 0x00200000 min 0x00001000 cap 0x00000355
[    2.754456] [drm] Using command buffers with DMA pool.
[    2.754460] [drm] DX: no.
[    2.754460] [drm] Atomic: yes.
[    2.754461] [drm] SM4_1: no.
[    2.754479] [drm:vmw_host_log [vmwgfx]] *ERROR* Failed to send host log message.
[    2.755561] [drm:vmw_host_log [vmwgfx]] *ERROR* Failed to send host log message.
[    2.769058] fbcon: svgadrmfb (fb0) is primary device
[    2.771708] Console: switching to colour frame buffer device 100x37
[    2.777246] [drm] Initialized vmwgfx 2.15.0 20180704 for 0000:00:02.0 on minor 0
[    2.778128] systemd[1]: Finished Load Kernel Modules.
[    2.779405] systemd[1]: Mounting FUSE Control File System...
[    2.781483] systemd[1]: Mounting Kernel Configuration File System...
[    2.797544] systemd[1]: Starting Apply Kernel Variables...
[    2.831046] systemd[1]: Finished Set the console keyboard layout.
[    2.831185] systemd[1]: Mounted FUSE Control File System.
[    2.831277] systemd[1]: Mounted Kernel Configuration File System.
[    2.831332] systemd[1]: Reached target Local File Systems (Pre).
[    2.831351] systemd[1]: Condition check resulted in VMware vmblock fuse mount being skipped.
[    2.836346] systemd[1]: Mounting Mount unit for bare, revision 5...
[    2.840039] systemd[1]: Mounting Mount unit for core18, revision 1705...
[    2.846437] systemd[1]: Mounting Mount unit for gnome-3-34-1804, revision 24...
[    2.849307] systemd[1]: Mounting Mount unit for gtk-common-themes, revision 1506...
[    2.860941] systemd[1]: Mounting Mount unit for gtk-common-themes, revision 1535...
[    2.871772] systemd[1]: Mounting Mount unit for snap-store, revision 433...
[    2.874866] systemd[1]: Mounting Mount unit for snapd, revision 25935...
[    2.888580] systemd[1]: Mounting Mount unit for snapd, revision 7264...
[    2.921671] systemd[1]: Finished Apply Kernel Variables.
[    2.922968] systemd[1]: Started udev Kernel Device Manager.
[    2.923055] systemd[1]: Mounted Mount unit for bare, revision 5.
[    2.923135] systemd[1]: Mounted Mount unit for core18, revision 1705.
[    2.923208] systemd[1]: Mounted Mount unit for gnome-3-34-1804, revision 24.
[    2.926722] systemd[1]: Starting Show Plymouth Boot Screen...
[    2.934867] systemd[1]: Mounted Mount unit for gtk-common-themes, revision 1506.
[    2.934956] systemd[1]: Received SIGRTMIN+20 from PID 281 (plymouthd).
[    2.955037] systemd[1]: Started Show Plymouth Boot Screen.
[    2.955229] systemd[1]: Condition check resulted in Dispatch Password Requests to Console Directory Watch being skipped.
[    2.955441] systemd[1]: Started Forward Password Requests to Plymouth Directory Watch.
[    2.957418] systemd[1]: Reached target Local Encrypted Volumes.
[    2.978573] systemd[1]: Mounted Mount unit for gtk-common-themes, revision 1535.
[    3.020071] systemd[1]: Mounted Mount unit for snap-store, revision 433.
[    3.043252] systemd[1]: Mounted Mount unit for snapd, revision 25935.
[    3.045556] systemd[1]: Mounted Mount unit for snapd, revision 7264.
[    3.045748] systemd[1]: Reached target Local File Systems.
[    3.046564] systemd[1]: Starting Load AppArmor profiles...
[    3.048765] systemd[1]: Starting Set console font and keymap...
[    3.063885] systemd[1]: Starting Tell Plymouth To Write Out Runtime Data...
[    3.065712] systemd[1]: Condition check resulted in Store a System Token in an EFI Variable being skipped.
[    3.065740] systemd[1]: Condition check resulted in Commit a transient machine-id on disk being skipped.
[    3.068269] systemd[1]: Finished Set console font and keymap.
[    3.082501] systemd[1]: Received SIGRTMIN+20 from PID 281 (plymouthd).
[    3.083501] systemd[1]: plymouth-read-write.service: Succeeded.
[    3.083737] systemd[1]: Finished Tell Plymouth To Write Out Runtime Data.
[    3.109340] audit: type=1400 audit(1768248369.972:2): apparmor="STATUS" operation="profile_load" profile="unconfined" name="nvidia_modprobe" pid=302 comm="apparmor_parser"
[    3.109342] audit: type=1400 audit(1768248369.972:3): apparmor="STATUS" operation="profile_load" profile="unconfined" name="nvidia_modprobe//kmod" pid=302 comm="apparmor_parser"
[    3.118774] audit: type=1400 audit(1768248369.980:4): apparmor="STATUS" operation="profile_load" profile="unconfined" name="/usr/sbin/tcpdump" pid=303 comm="apparmor_parser"
[    3.170182] audit: type=1400 audit(1768248370.024:5): apparmor="STATUS" operation="profile_load" profile="unconfined" name="/usr/bin/evince" pid=305 comm="apparmor_parser"
[    3.170184] audit: type=1400 audit(1768248370.024:6): apparmor="STATUS" operation="profile_load" profile="unconfined" name="/usr/bin/evince//sanitized_helper" pid=305 comm="apparmor_parser"
[    3.170185] audit: type=1400 audit(1768248370.024:7): apparmor="STATUS" operation="profile_load" profile="unconfined" name="/usr/bin/evince-previewer" pid=305 comm="apparmor_parser"
[    3.170187] audit: type=1400 audit(1768248370.024:8): apparmor="STATUS" operation="profile_load" profile="unconfined" name="/usr/bin/evince-previewer//sanitized_helper" pid=305 comm="apparmor_parser"
[    3.170189] audit: type=1400 audit(1768248370.024:9): apparmor="STATUS" operation="profile_load" profile="unconfined" name="/usr/bin/evince-thumbnailer" pid=305 comm="apparmor_parser"
[    3.186508] audit: type=1400 audit(1768248370.048:10): apparmor="STATUS" operation="profile_load" profile="unconfined" name="/usr/lib/cups/backend/cups-pdf" pid=306 comm="apparmor_parser"
[    3.244442] systemd[1]: Finished Load AppArmor profiles.
[    3.245297] systemd[1]: Starting Load AppArmor profiles managed internally by snapd...
[    3.362498] systemd[1]: Finished Load AppArmor profiles managed internally by snapd.
[    3.489113] systemd[1]: Started Journal Service.
[    3.496586] systemd-journald[229]: Received client request to flush runtime journal.
[    3.500493] systemd-journald[229]: File /var/log/journal/c455b248004a419c87ce85eea238d727/system.journal corrupted or uncleanly shut down, renaming and replacing.
[    4.732441] RAPL PMU: API unit is 2^-32 Joules, 0 fixed counters, 10737418240 ms ovfl timer
[    4.775948] cryptd: max_cpu_qlen set to 1000
[    4.854340] AVX2 version of gcm_enc/dec engaged.
[    4.854341] AES CTR mode by8 optimization enabled
[    6.635115] Adding 1998844k swap on /dev/sda1.  Priority:-2 extents:1 across:1998844k FS
[    7.673404] kauditd_printk_skb: 30 callbacks suppressed
[    7.673405] audit: type=1400 audit(1768248374.536:41): apparmor="DENIED" operation="capable" profile="/usr/sbin/cups-browsed" pid=531 comm="cups-browsed" capability=23  capname="sys_nice"
[    9.465965] pcnet32 0000:00:03.0 enp0s3: link up, 100Mbps, full-duplex
[    9.484694] pcnet32 0000:00:08.0 enp0s8: link up, 100Mbps, full-duplex
[    9.515606] e1000: enp0s9 NIC Link is Up 1000 Mbps Full Duplex, Flow Control: RX
[    9.515900] IPv6: ADDRCONF(NETDEV_CHANGE): enp0s9: link becomes ready
[   10.065620] device enp0s3 entered promiscuous mode
[   10.066824] device enp0s8 entered promiscuous mode
[   10.108222] audit: type=1400 audit(1768248376.968:42): apparmor="DENIED" operation="open" profile="/usr/sbin/tcpdump" name="/proc/sys/kernel/random/boot_id" pid=640 comm="tcpdump" requested_mask="r" denied_mask="r" fsuid=0 ouid=0
[   10.108413] audit: type=1400 audit(1768248376.968:43): apparmor="DENIED" operation="open" profile="/usr/sbin/tcpdump" name="/proc/sys/kernel/random/boot_id" pid=640 comm="tcpdump" requested_mask="r" denied_mask="r" fsuid=0 ouid=0
[   10.108489] audit: type=1400 audit(1768248376.968:44): apparmor="DENIED" operation="open" profile="/usr/sbin/tcpdump" name="/proc/sys/kernel/random/boot_id" pid=640 comm="tcpdump" requested_mask="r" denied_mask="r" fsuid=0 ouid=0
[   10.108580] audit: type=1400 audit(1768248376.968:45): apparmor="DENIED" operation="open" profile="/usr/sbin/tcpdump" name="/proc/sys/kernel/random/boot_id" pid=640 comm="tcpdump" requested_mask="r" denied_mask="r" fsuid=0 ouid=0
[   10.110876] audit: type=1400 audit(1768248376.968:46): apparmor="DENIED" operation="open" profile="/usr/sbin/tcpdump" name="/proc/sys/kernel/random/boot_id" pid=641 comm="tcpdump" requested_mask="r" denied_mask="r" fsuid=0 ouid=0
[   10.111101] audit: type=1400 audit(1768248376.968:47): apparmor="DENIED" operation="open" profile="/usr/sbin/tcpdump" name="/proc/sys/kernel/random/boot_id" pid=641 comm="tcpdump" requested_mask="r" denied_mask="r" fsuid=0 ouid=0
[   10.111141] audit: type=1400 audit(1768248376.968:48): apparmor="DENIED" operation="open" profile="/usr/sbin/tcpdump" name="/proc/sys/kernel/random/boot_id" pid=641 comm="tcpdump" requested_mask="r" denied_mask="r" fsuid=0 ouid=0
[   10.111227] audit: type=1400 audit(1768248376.968:49): apparmor="DENIED" operation="open" profile="/usr/sbin/tcpdump" name="/proc/sys/kernel/random/boot_id" pid=642 comm="tcpdump" requested_mask="r" denied_mask="r" fsuid=0 ouid=0
[   10.111327] audit: type=1400 audit(1768248376.968:50): apparmor="DENIED" operation="open" profile="/usr/sbin/tcpdump" name="/proc/sys/kernel/random/boot_id" pid=641 comm="tcpdump" requested_mask="r" denied_mask="r" fsuid=0 ouid=0
[   15.954990] rfkill: input handler disabled
[  693.972356] AAAAA-TCP_RECV: name:enp0s3: saddr:100932208: daddr:16783984: srtt_us:0: RTT:0: ssthresh:2147483647: cwnd:10: delivered:0: lost:0: retrans:0
[  693.973217] AAAAA-TCP_SEND: name:enp0s8: saddr:16783984: daddr:100932208: srtt_us:0: RTT:0: ssthresh:0: cwnd:0: delivered:0: lost:0: retrans:0
[  694.680467] AAAAA-TCP_SEND: name:enp0s8: saddr:16783984: daddr:100932208: srtt_us:5664328: RTT:708041: ssthresh:2147483647: cwnd:10: delivered:1: lost:0: retrans:0
[  694.856916] AAAAA-TCP_RECV: name:enp0s3: saddr:100932208: daddr:16783984: srtt_us:5664328: RTT:708041: ssthresh:2147483647: cwnd:10: delivered:1: lost:0: retrans:0
[  694.856956] AAAAA-TCP_SEND: name:enp0s8: saddr:16783984: daddr:100932208: srtt_us:5664328: RTT:708041: ssthresh:2147483647: cwnd:10: delivered:1: lost:0: retrans:0
[  694.857406] AAAAA-TCP_SEND: name:enp0s8: saddr:16783984: daddr:100932208: srtt_us:5664328: RTT:708041: ssthresh:2147483647: cwnd:10: delivered:1: lost:0: retrans:0
[  695.236577] AAAAA-TCP_RECV: name:enp0s3: saddr:100932208: daddr:33561200: srtt_us:0: RTT:0: ssthresh:2147483647: cwnd:10: delivered:0: lost:0: retrans:0
[  695.236626] AAAAA-TCP_SEND: name:enp0s8: saddr:33561200: daddr:100932208: srtt_us:0: RTT:0: ssthresh:0: cwnd:0: delivered:0: lost:0: retrans:0
[  695.303830] AAAAA-TCP_RECV: name:enp0s3: saddr:100932208: daddr:16783984: srtt_us:5664328: RTT:708041: ssthresh:2147483647: cwnd:10: delivered:1: lost:0: retrans:0
[  695.509157] AAAAA-TCP_RECV: name:enp0s3: saddr:100932208: daddr:16783984: srtt_us:5402734: RTT:675341: ssthresh:2147483647: cwnd:10: delivered:2: lost:0: retrans:0
[  695.509194] AAAAA-TCP_SEND: name:enp0s8: saddr:16783984: daddr:100932208: srtt_us:5402734: RTT:675341: ssthresh:2147483647: cwnd:10: delivered:2: lost:0: retrans:0
[  695.607775] AAAAA-TCP_SEND: name:enp0s8: saddr:33561200: daddr:100932208: srtt_us:2969048: RTT:371131: ssthresh:2147483647: cwnd:10: delivered:1: lost:0: retrans:0
[  695.781730] AAAAA-TCP_RECV: name:enp0s3: saddr:100932208: daddr:16783984: srtt_us:5402734: RTT:675341: ssthresh:2147483647: cwnd:10: delivered:2: lost:0: retrans:0
[  695.781761] AAAAA-TCP_SEND: name:enp0s8: saddr:16783984: daddr:100932208: srtt_us:5402734: RTT:675341: ssthresh:2147483647: cwnd:10: delivered:2: lost:0: retrans:0
[  695.781910] AAAAA-TCP_SEND: name:enp0s8: saddr:33561200: daddr:100932208: srtt_us:2969048: RTT:371131: ssthresh:2147483647: cwnd:10: delivered:1: lost:0: retrans:0
[  696.007713] AAAAA-TCP_RECV: name:enp0s3: saddr:100932208: daddr:33561200: srtt_us:2969048: RTT:371131: ssthresh:2147483647: cwnd:10: delivered:1: lost:0: retrans:0
[  696.191261] AAAAA-TCP_RECV: name:enp0s3: saddr:100932208: daddr:16783984: srtt_us:0: RTT:0: ssthresh:2147483647: cwnd:10: delivered:0: lost:0: retrans:0
[  696.191302] AAAAA-TCP_SEND: name:enp0s8: saddr:16783984: daddr:100932208: srtt_us:0: RTT:0: ssthresh:0: cwnd:0: delivered:0: lost:0: retrans:0
[  696.415006] AAAAA-TCP_SEND: name:enp0s8: saddr:16783984: daddr:100932208: srtt_us:1789488: RTT:223686: ssthresh:2147483647: cwnd:10: delivered:1: lost:0: retrans:0
[  696.581177] AAAAA-TCP_RECV: name:enp0s3: saddr:100932208: daddr:16783984: srtt_us:1789488: RTT:223686: ssthresh:2147483647: cwnd:10: delivered:1: lost:0: retrans:0
[  696.581215] AAAAA-TCP_SEND: name:enp0s8: saddr:16783984: daddr:100932208: srtt_us:1789488: RTT:223686: ssthresh:2147483647: cwnd:10: delivered:1: lost:0: retrans:0
[  696.582381] AAAAA-TCP_SEND: name:enp0s8: saddr:33561200: daddr:100932208: srtt_us:2823738: RTT:352967: ssthresh:2147483647: cwnd:10: delivered:2: lost:0: retrans:0
[  696.706268] AAAAA-TCP_RECV: name:enp0s3: saddr:100932208: daddr:33561200: srtt_us:0: RTT:0: ssthresh:2147483647: cwnd:10: delivered:0: lost:0: retrans:0
[  696.706304] AAAAA-TCP_SEND: name:enp0s8: saddr:33561200: daddr:100932208: srtt_us:0: RTT:0: ssthresh:0: cwnd:0: delivered:0: lost:0: retrans:0
[  696.810442] AAAAA-TCP_RECV: name:enp0s3: saddr:100932208: daddr:33561200: srtt_us:2823738: RTT:352967: ssthresh:2147483647: cwnd:10: delivered:2: lost:0: retrans:0
[  696.810472] AAAAA-TCP_SEND: name:enp0s8: saddr:33561200: daddr:100932208: srtt_us:2823738: RTT:352967: ssthresh:2147483647: cwnd:10: delivered:2: lost:0: retrans:0
[  696.927200] AAAAA-TCP_SEND: name:enp0s8: saddr:33561200: daddr:100932208: srtt_us:1767088: RTT:220886: ssthresh:2147483647: cwnd:10: delivered:1: lost:0: retrans:0
[  697.020114] AAAAA-TCP_RECV: name:enp0s3: saddr:100932208: daddr:33561200: srtt_us:2698862: RTT:337357: ssthresh:2147483647: cwnd:10: delivered:3: lost:0: retrans:0
[  697.082329] AAAAA-TCP_RECV: name:enp0s3: saddr:100932208: daddr:16783984: srtt_us:1789488: RTT:223686: ssthresh:2147483647: cwnd:10: delivered:1: lost:0: retrans:0
[  697.082356] AAAAA-TCP_SEND: name:enp0s8: saddr:16783984: daddr:100932208: srtt_us:1789488: RTT:223686: ssthresh:2147483647: cwnd:10: delivered:1: lost:0: retrans:0
[  697.175503] AAAAA-TCP_RECV: name:enp0s3: saddr:100932208: daddr:16783984: srtt_us:1789488: RTT:223686: ssthresh:2147483647: cwnd:10: delivered:1: lost:0: retrans:0
[  697.175528] AAAAA-TCP_SEND: name:enp0s8: saddr:16783984: daddr:100932208: srtt_us:1789488: RTT:223686: ssthresh:2147483647: cwnd:10: delivered:1: lost:0: retrans:0
[  697.276509] AAAAA-TCP_RECV: name:enp0s3: saddr:100932208: daddr:16783984: srtt_us:1789488: RTT:223686: ssthresh:2147483647: cwnd:10: delivered:1: lost:0: retrans:0
[  697.276532] AAAAA-TCP_SEND: name:enp0s8: saddr:16783984: daddr:100932208: srtt_us:1789488: RTT:223686: ssthresh:2147483647: cwnd:10: delivered:1: lost:0: retrans:0
[  697.486515] AAAAA-TCP_RECV: name:enp0s3: saddr:100932208: daddr:16783984: srtt_us:1789488: RTT:223686: ssthresh:2147483647: cwnd:10: delivered:1: lost:0: retrans:0
[  697.486538] AAAAA-TCP_SEND: name:enp0s8: saddr:16783984: daddr:100932208: srtt_us:1789488: RTT:223686: ssthresh:2147483647: cwnd:10: delivered:1: lost:0: retrans:0
[  697.579525] AAAAA-TCP_RECV: name:enp0s3: saddr:100932208: daddr:16783984: srtt_us:1789488: RTT:223686: ssthresh:2147483647: cwnd:10: delivered:1: lost:0: retrans:0
[  697.579551] AAAAA-TCP_SEND: name:enp0s8: saddr:16783984: daddr:100932208: srtt_us:1789488: RTT:223686: ssthresh:2147483647: cwnd:10: delivered:1: lost:0: retrans:0
[  697.792547] AAAAA-TCP_RECV: name:enp0s3: saddr:100932208: daddr:16783984: srtt_us:1789488: RTT:223686: ssthresh:2147483647: cwnd:10: delivered:1: lost:0: retrans:0
[  697.792590] AAAAA-TCP_SEND: name:enp0s8: saddr:16783984: daddr:100932208: srtt_us:1789488: RTT:223686: ssthresh:2147483647: cwnd:10: delivered:1: lost:0: retrans:0
[  697.876938] AAAAA-TCP_RECV: name:enp0s3: saddr:100932208: daddr:16783984: srtt_us:1789488: RTT:223686: ssthresh:2147483647: cwnd:10: delivered:1: lost:0: retrans:0
[  697.876980] AAAAA-TCP_SEND: name:enp0s3: saddr:16783984: daddr:100932208: srtt_us:1789488: RTT:223686: ssthresh:2147483647: cwnd:10: delivered:1: lost:0: retrans:0
[  698.001169] AAAAA-TCP_RECV: name:enp0s3: saddr:100932208: daddr:16783984: srtt_us:1789488: RTT:223686: ssthresh:2147483647: cwnd:10: delivered:1: lost:0: retrans:0
[  698.001204] AAAAA-TCP_SEND: name:enp0s3: saddr:16783984: daddr:100932208: srtt_us:1789488: RTT:223686: ssthresh:2147483647: cwnd:10: delivered:1: lost:0: retrans:0
[  698.095506] AAAAA-TCP_RECV: name:enp0s3: saddr:100932208: daddr:16783984: srtt_us:1789488: RTT:223686: ssthresh:2147483647: cwnd:10: delivered:1: lost:0: retrans:0
[  698.095538] AAAAA-TCP_SEND: name:enp0s3: saddr:16783984: daddr:100932208: srtt_us:1789488: RTT:223686: ssthresh:2147483647: cwnd:10: delivered:1: lost:0: retrans:0
[  698.157246] AAAAA-TCP_RECV: name:enp0s3: saddr:100932208: daddr:16783984: srtt_us:1789488: RTT:223686: ssthresh:2147483647: cwnd:10: delivered:1: lost:0: retrans:0
[  698.157261] AAAAA-TCP_SEND: name:enp0s3: saddr:16783984: daddr:100932208: srtt_us:1789488: RTT:223686: ssthresh:2147483647: cwnd:10: delivered:1: lost:0: retrans:0
[  698.518719] AAAAA-TCP_RECV: name:enp0s3: saddr:100932208: daddr:33561200: srtt_us:1767088: RTT:220886: ssthresh:2147483647: cwnd:10: delivered:1: lost:0: retrans:0
[  698.518756] AAAAA-TCP_SEND: name:enp0s3: saddr:33561200: daddr:100932208: srtt_us:1767088: RTT:220886: ssthresh:2147483647: cwnd:10: delivered:1: lost:0: retrans:0
[  698.621095] AAAAA-TCP_RECV: name:enp0s3: saddr:100932208: daddr:33561200: srtt_us:1767088: RTT:220886: ssthresh:2147483647: cwnd:10: delivered:1: lost:0: retrans:0
[  698.621113] AAAAA-TCP_SEND: name:enp0s3: saddr:33561200: daddr:100932208: srtt_us:1767088: RTT:220886: ssthresh:2147483647: cwnd:10: delivered:1: lost:0: retrans:0
[  698.707188] AAAAA-TCP_RECV: name:enp0s3: saddr:100932208: daddr:33561200: srtt_us:1767088: RTT:220886: ssthresh:2147483647: cwnd:10: delivered:1: lost:0: retrans:0
[  698.707215] AAAAA-TCP_SEND: name:enp0s3: saddr:33561200: daddr:100932208: srtt_us:1767088: RTT:220886: ssthresh:2147483647: cwnd:10: delivered:1: lost:0: retrans:0
[  698.762064] AAAAA-TCP_RECV: name:enp0s3: saddr:100932208: daddr:33561200: srtt_us:1767088: RTT:220886: ssthresh:2147483647: cwnd:10: delivered:1: lost:0: retrans:0
[  698.762088] AAAAA-TCP_SEND: name:enp0s3: saddr:33561200: daddr:100932208: srtt_us:1767088: RTT:220886: ssthresh:2147483647: cwnd:10: delivered:1: lost:0: retrans:0
[  698.849843] AAAAA-TCP_RECV: name:enp0s3: saddr:100932208: daddr:33561200: srtt_us:1767088: RTT:220886: ssthresh:2147483647: cwnd:10: delivered:1: lost:0: retrans:0
[  698.849869] AAAAA-TCP_SEND: name:enp0s3: saddr:33561200: daddr:100932208: srtt_us:1767088: RTT:220886: ssthresh:2147483647: cwnd:10: delivered:1: lost:0: retrans:0
[  698.942381] AAAAA-TCP_RECV: name:enp0s3: saddr:100932208: daddr:33561200: srtt_us:1767088: RTT:220886: ssthresh:2147483647: cwnd:10: delivered:1: lost:0: retrans:0
[  698.942404] AAAAA-TCP_SEND: name:enp0s3: saddr:33561200: daddr:100932208: srtt_us:1767088: RTT:220886: ssthresh:2147483647: cwnd:10: delivered:1: lost:0: retrans:0
[  699.089389] AAAAA-TCP_RECV: name:enp0s3: saddr:100932208: daddr:33561200: srtt_us:1767088: RTT:220886: ssthresh:2147483647: cwnd:10: delivered:1: lost:0: retrans:0
[  699.089415] AAAAA-TCP_SEND: name:enp0s3: saddr:33561200: daddr:100932208: srtt_us:1767088: RTT:220886: ssthresh:2147483647: cwnd:10: delivered:1: lost:0: retrans:0
[  699.514405] AAAAA-TCP_RECV: name:enp0s3: saddr:100932208: daddr:33561200: srtt_us:1767088: RTT:220886: ssthresh:2147483647: cwnd:10: delivered:1: lost:0: retrans:0
[  699.514428] AAAAA-TCP_SEND: name:enp0s3: saddr:33561200: daddr:100932208: srtt_us:1767088: RTT:220886: ssthresh:2147483647: cwnd:10: delivered:1: lost:0: retrans:0
[  699.680218] AAAAA-TCP_RECV: name:enp0s3: saddr:100932208: daddr:33561200: srtt_us:1767088: RTT:220886: ssthresh:2147483647: cwnd:10: delivered:1: lost:0: retrans:0
[  699.680252] AAAAA-TCP_SEND: name:enp0s3: saddr:33561200: daddr:100932208: srtt_us:1767088: RTT:220886: ssthresh:2147483647: cwnd:10: delivered:1: lost:0: retrans:0
[  699.953769] AAAAA-TCP_RECV: name:enp0s3: saddr:100932208: daddr:33561200: srtt_us:1767088: RTT:220886: ssthresh:2147483647: cwnd:10: delivered:1: lost:0: retrans:0
[  699.953790] AAAAA-TCP_SEND: name:enp0s3: saddr:33561200: daddr:100932208: srtt_us:1767088: RTT:220886: ssthresh:2147483647: cwnd:10: delivered:1: lost:0: retrans:0
[  700.045096] AAAAA-TCP_RECV: name:enp0s3: saddr:100932208: daddr:16783984: srtt_us:1789488: RTT:223686: ssthresh:2147483647: cwnd:10: delivered:1: lost:0: retrans:0
[  700.045131] AAAAA-TCP_SEND: name:enp0s3: saddr:16783984: daddr:100932208: srtt_us:1789488: RTT:223686: ssthresh:2147483647: cwnd:10: delivered:1: lost:0: retrans:0
[  700.189602] AAAAA-TCP_RECV: name:enp0s3: saddr:100932208: daddr:16783984: srtt_us:1789488: RTT:223686: ssthresh:2147483647: cwnd:10: delivered:1: lost:0: retrans:0
[  700.189647] AAAAA-TCP_SEND: name:enp0s3: saddr:16783984: daddr:100932208: srtt_us:1789488: RTT:223686: ssthresh:2147483647: cwnd:10: delivered:1: lost:0: retrans:0
[  700.386271] AAAAA-TCP_RECV: name:enp0s3: saddr:100932208: daddr:16783984: srtt_us:1789488: RTT:223686: ssthresh:2147483647: cwnd:10: delivered:1: lost:0: retrans:0
[  700.386316] AAAAA-TCP_SEND: name:enp0s3: saddr:16783984: daddr:100932208: srtt_us:1789488: RTT:223686: ssthresh:2147483647: cwnd:10: delivered:1: lost:0: retrans:0
[  700.510844] AAAAA-TCP_RECV: name:enp0s3: saddr:100932208: daddr:16783984: srtt_us:1789488: RTT:223686: ssthresh:2147483647: cwnd:10: delivered:1: lost:0: retrans:0
[  700.510878] AAAAA-TCP_SEND: name:enp0s3: saddr:16783984: daddr:100932208: srtt_us:1789488: RTT:223686: ssthresh:2147483647: cwnd:10: delivered:1: lost:0: retrans:0
[  700.652231] AAAAA-TCP_RECV: name:enp0s3: saddr:100932208: daddr:33561200: srtt_us:1767088: RTT:220886: ssthresh:2147483647: cwnd:10: delivered:1: lost:0: retrans:0
[  700.652249] AAAAA-TCP_SEND: name:enp0s3: saddr:33561200: daddr:100932208: srtt_us:1767088: RTT:220886: ssthresh:2147483647: cwnd:10: delivered:1: lost:0: retrans:0
[  700.713732] AAAAA-TCP_RECV: name:enp0s3: saddr:100932208: daddr:16783984: srtt_us:1789488: RTT:223686: ssthresh:2147483647: cwnd:10: delivered:1: lost:0: retrans:0
[  700.713768] AAAAA-TCP_SEND: name:enp0s3: saddr:16783984: daddr:100932208: srtt_us:1789488: RTT:223686: ssthresh:2147483647: cwnd:10: delivered:1: lost:0: retrans:0
[  700.792515] AAAAA-TCP_RECV: name:enp0s3: saddr:100932208: daddr:16783984: srtt_us:1789488: RTT:223686: ssthresh:2147483647: cwnd:10: delivered:1: lost:0: retrans:0
[  700.792531] AAAAA-TCP_SEND: name:enp0s3: saddr:16783984: daddr:100932208: srtt_us:1789488: RTT:223686: ssthresh:2147483647: cwnd:10: delivered:1: lost:0: retrans:0
[  700.861575] AAAAA-TCP_RECV: name:enp0s3: saddr:100932208: daddr:16783984: srtt_us:1789488: RTT:223686: ssthresh:2147483647: cwnd:10: delivered:1: lost:0: retrans:0
[  700.861615] AAAAA-TCP_SEND: name:enp0s3: saddr:16783984: daddr:100932208: srtt_us:1789488: RTT:223686: ssthresh:2147483647: cwnd:10: delivered:1: lost:0: retrans:0
[  700.945328] AAAAA-TCP_RECV: name:enp0s3: saddr:100932208: daddr:16783984: srtt_us:1789488: RTT:223686: ssthresh:2147483647: cwnd:10: delivered:1: lost:0: retrans:0
[  700.945373] AAAAA-TCP_SEND: name:enp0s3: saddr:16783984: daddr:100932208: srtt_us:1789488: RTT:223686: ssthresh:2147483647: cwnd:10: delivered:1: lost:0: retrans:0
[  701.160771] AAAAA-TCP_RECV: name:enp0s3: saddr:100932208: daddr:16783984: srtt_us:1789488: RTT:223686: ssthresh:2147483647: cwnd:10: delivered:1: lost:0: retrans:0
[  701.160851] AAAAA-TCP_SEND: name:enp0s3: saddr:16783984: daddr:100932208: srtt_us:1789488: RTT:223686: ssthresh:2147483647: cwnd:10: delivered:1: lost:0: retrans:0
[  701.274225] AAAAA-TCP_RECV: name:enp0s3: saddr:100932208: daddr:16783984: srtt_us:1789488: RTT:223686: ssthresh:2147483647: cwnd:10: delivered:1: lost:0: retrans:0
[  701.274280] AAAAA-TCP_SEND: name:enp0s3: saddr:16783984: daddr:100932208: srtt_us:1789488: RTT:223686: ssthresh:2147483647: cwnd:10: delivered:1: lost:0: retrans:0
[  701.326521] AAAAA-TCP_RECV: name:enp0s3: saddr:100932208: daddr:16783984: srtt_us:1789488: RTT:223686: ssthresh:2147483647: cwnd:10: delivered:1: lost:0: retrans:0
[  701.326558] AAAAA-TCP_SEND: name:enp0s3: saddr:16783984: daddr:100932208: srtt_us:1789488: RTT:223686: ssthresh:2147483647: cwnd:10: delivered:1: lost:0: retrans:0
[  701.386984] AAAAA-TCP_RECV: name:enp0s3: saddr:100932208: daddr:16783984: srtt_us:1789488: RTT:223686: ssthresh:2147483647: cwnd:10: delivered:1: lost:0: retrans:0
[  701.387021] AAAAA-TCP_SEND: name:enp0s3: saddr:16783984: daddr:100932208: srtt_us:1789488: RTT:223686: ssthresh:2147483647: cwnd:10: delivered:1: lost:0: retrans:0
[  701.460145] AAAAA-TCP_RECV: name:enp0s3: saddr:100932208: daddr:33561200: srtt_us:1767088: RTT:220886: ssthresh:2147483647: cwnd:10: delivered:1: lost:0: retrans:0
[  701.460174] AAAAA-TCP_SEND: name:enp0s3: saddr:33561200: daddr:100932208: srtt_us:1767088: RTT:220886: ssthresh:2147483647: cwnd:10: delivered:1: lost:0: retrans:0
[  701.566674] AAAAA-TCP_RECV: name:enp0s3: saddr:100932208: daddr:16783984: srtt_us:1789488: RTT:223686: ssthresh:2147483647: cwnd:10: delivered:1: lost:0: retrans:0
[  701.566712] AAAAA-TCP_SEND: name:enp0s3: saddr:16783984: daddr:100932208: srtt_us:1789488: RTT:223686: ssthresh:2147483647: cwnd:10: delivered:1: lost:0: retrans:0
[  701.618783] AAAAA-TCP_RECV: name:enp0s3: saddr:100932208: daddr:33561200: srtt_us:1767088: RTT:220886: ssthresh:2147483647: cwnd:10: delivered:1: lost:0: retrans:0
[  701.618808] AAAAA-TCP_SEND: name:enp0s3: saddr:33561200: daddr:100932208: srtt_us:1767088: RTT:220886: ssthresh:2147483647: cwnd:10: delivered:1: lost:0: retrans:0
[  701.738404] AAAAA-TCP_RECV: name:enp0s3: saddr:100932208: daddr:16783984: srtt_us:1789488: RTT:223686: ssthresh:2147483647: cwnd:10: delivered:1: lost:0: retrans:0
[  701.738448] AAAAA-TCP_SEND: name:enp0s3: saddr:16783984: daddr:100932208: srtt_us:1789488: RTT:223686: ssthresh:2147483647: cwnd:10: delivered:1: lost:0: retrans:0
[  701.809478] AAAAA-TCP_RECV: name:enp0s3: saddr:100932208: daddr:16783984: srtt_us:1789488: RTT:223686: ssthresh:2147483647: cwnd:10: delivered:1: lost:0: retrans:0
[  701.809511] AAAAA-TCP_SEND: name:enp0s3: saddr:16783984: daddr:100932208: srtt_us:1789488: RTT:223686: ssthresh:2147483647: cwnd:10: delivered:1: lost:0: retrans:0
[  701.880361] AAAAA-TCP_RECV: name:enp0s3: saddr:100932208: daddr:16783984: srtt_us:1789488: RTT:223686: ssthresh:2147483647: cwnd:10: delivered:1: lost:0: retrans:0
[  701.880400] AAAAA-TCP_SEND: name:enp0s3: saddr:16783984: daddr:100932208: srtt_us:1789488: RTT:223686: ssthresh:2147483647: cwnd:10: delivered:1: lost:0: retrans:0
[  701.963950] AAAAA-TCP_RECV: name:enp0s3: saddr:100932208: daddr:16783984: srtt_us:1789488: RTT:223686: ssthresh:2147483647: cwnd:10: delivered:1: lost:0: retrans:0
[  701.963967] AAAAA-TCP_SEND: name:enp0s3: saddr:16783984: daddr:100932208: srtt_us:1789488: RTT:223686: ssthresh:2147483647: cwnd:10: delivered:1: lost:0: retrans:0
[  702.058057] AAAAA-TCP_RECV: name:enp0s3: saddr:100932208: daddr:16783984: srtt_us:1789488: RTT:223686: ssthresh:2147483647: cwnd:10: delivered:1: lost:0: retrans:0
[  702.058133] AAAAA-TCP_SEND: name:enp0s3: saddr:16783984: daddr:100932208: srtt_us:1789488: RTT:223686: ssthresh:2147483647: cwnd:10: delivered:1: lost:0: retrans:0
[  702.137221] AAAAA-TCP_RECV: name:enp0s3: saddr:100932208: daddr:16783984: srtt_us:1789488: RTT:223686: ssthresh:2147483647: cwnd:10: delivered:1: lost:0: retrans:0
[  702.137257] AAAAA-TCP_SEND: name:enp0s3: saddr:16783984: daddr:100932208: srtt_us:1789488: RTT:223686: ssthresh:2147483647: cwnd:10: delivered:1: lost:0: retrans:0
[  702.204109] AAAAA-TCP_RECV: name:enp0s3: saddr:100932208: daddr:16783984: srtt_us:1789488: RTT:223686: ssthresh:2147483647: cwnd:10: delivered:1: lost:0: retrans:0
[  702.204149] AAAAA-TCP_SEND: name:enp0s3: saddr:16783984: daddr:100932208: srtt_us:1789488: RTT:223686: ssthresh:2147483647: cwnd:10: delivered:1: lost:0: retrans:0
[  702.264559] AAAAA-TCP_RECV: name:enp0s3: saddr:100932208: daddr:16783984: srtt_us:1789488: RTT:223686: ssthresh:2147483647: cwnd:10: delivered:1: lost:0: retrans:0
[  702.264594] AAAAA-TCP_SEND: name:enp0s3: saddr:16783984: daddr:100932208: srtt_us:1789488: RTT:223686: ssthresh:2147483647: cwnd:10: delivered:1: lost:0: retrans:0
[  702.319801] AAAAA-TCP_RECV: name:enp0s3: saddr:100932208: daddr:33561200: srtt_us:1767088: RTT:220886: ssthresh:2147483647: cwnd:10: delivered:1: lost:0: retrans:0
[  702.319832] AAAAA-TCP_SEND: name:enp0s3: saddr:33561200: daddr:100932208: srtt_us:1767088: RTT:220886: ssthresh:2147483647: cwnd:10: delivered:1: lost:0: retrans:0
[  702.471144] AAAAA-TCP_RECV: name:enp0s3: saddr:100932208: daddr:33561200: srtt_us:1767088: RTT:220886: ssthresh:2147483647: cwnd:10: delivered:1: lost:0: retrans:0
[  702.471190] AAAAA-TCP_SEND: name:enp0s3: saddr:33561200: daddr:100932208: srtt_us:1767088: RTT:220886: ssthresh:2147483647: cwnd:10: delivered:1: lost:0: retrans:0
[  702.572932] AAAAA-TCP_RECV: name:enp0s3: saddr:100932208: daddr:33561200: srtt_us:1767088: RTT:220886: ssthresh:2147483647: cwnd:10: delivered:1: lost:0: retrans:0
[  702.572973] AAAAA-TCP_SEND: name:enp0s3: saddr:33561200: daddr:100932208: srtt_us:1767088: RTT:220886: ssthresh:2147483647: cwnd:10: delivered:1: lost:0: retrans:0
[  702.764890] AAAAA-TCP_RECV: name:enp0s3: saddr:100932208: daddr:33561200: srtt_us:1767088: RTT:220886: ssthresh:2147483647: cwnd:10: delivered:1: lost:0: retrans:0
[  702.764932] AAAAA-TCP_SEND: name:enp0s3: saddr:33561200: daddr:100932208: srtt_us:1767088: RTT:220886: ssthresh:2147483647: cwnd:10: delivered:1: lost:0: retrans:0
[  702.823220] AAAAA-TCP_RECV: name:enp0s3: saddr:100932208: daddr:33561200: srtt_us:1767088: RTT:220886: ssthresh:2147483647: cwnd:10: delivered:1: lost:0: retrans:0
[  702.823257] AAAAA-TCP_SEND: name:enp0s3: saddr:33561200: daddr:100932208: srtt_us:1767088: RTT:220886: ssthresh:2147483647: cwnd:10: delivered:1: lost:0: retrans:0
[  702.880729] AAAAA-TCP_RECV: name:enp0s3: saddr:100932208: daddr:33561200: srtt_us:1767088: RTT:220886: ssthresh:2147483647: cwnd:10: delivered:1: lost:0: retrans:0
[  702.880764] AAAAA-TCP_SEND: name:enp0s3: saddr:33561200: daddr:100932208: srtt_us:1767088: RTT:220886: ssthresh:2147483647: cwnd:10: delivered:1: lost:0: retrans:0
[  704.394875] AAAAA-TCP_RECV: name:enp0s3: saddr:100932208: daddr:33561200: srtt_us:1767088: RTT:220886: ssthresh:2147483647: cwnd:10: delivered:1: lost:0: retrans:0
[  704.394913] AAAAA-TCP_SEND: name:enp0s3: saddr:33561200: daddr:100932208: srtt_us:1767088: RTT:220886: ssthresh:2147483647: cwnd:10: delivered:1: lost:0: retrans:0
[  704.667272] AAAAA-TCP_RECV: name:enp0s3: saddr:100932208: daddr:33561200: srtt_us:1767088: RTT:220886: ssthresh:2147483647: cwnd:10: delivered:1: lost:0: retrans:0
[  704.667314] AAAAA-TCP_SEND: name:enp0s3: saddr:33561200: daddr:100932208: srtt_us:1767088: RTT:220886: ssthresh:2147483647: cwnd:10: delivered:1: lost:0: retrans:0
[  704.781722] AAAAA-TCP_RECV: name:enp0s3: saddr:100932208: daddr:33561200: srtt_us:1767088: RTT:220886: ssthresh:2147483647: cwnd:10: delivered:1: lost:0: retrans:0
[  704.781760] AAAAA-TCP_SEND: name:enp0s3: saddr:33561200: daddr:100932208: srtt_us:1767088: RTT:220886: ssthresh:2147483647: cwnd:10: delivered:1: lost:0: retrans:0
[  704.838445] AAAAA-TCP_RECV: name:enp0s3: saddr:100932208: daddr:33561200: srtt_us:1767088: RTT:220886: ssthresh:2147483647: cwnd:10: delivered:1: lost:0: retrans:0
[  704.838498] AAAAA-TCP_SEND: name:enp0s3: saddr:33561200: daddr:100932208: srtt_us:1767088: RTT:220886: ssthresh:2147483647: cwnd:10: delivered:1: lost:0: retrans:0
[  705.048042] AAAAA-TCP_RECV: name:enp0s3: saddr:100932208: daddr:33561200: srtt_us:1767088: RTT:220886: ssthresh:2147483647: cwnd:10: delivered:1: lost:0: retrans:0
[  705.048083] AAAAA-TCP_SEND: name:enp0s3: saddr:33561200: daddr:100932208: srtt_us:1767088: RTT:220886: ssthresh:2147483647: cwnd:10: delivered:1: lost:0: retrans:0
[  705.156279] AAAAA-TCP_RECV: name:enp0s3: saddr:100932208: daddr:33561200: srtt_us:1767088: RTT:220886: ssthresh:2147483647: cwnd:10: delivered:1: lost:0: retrans:0
[  705.156358] AAAAA-TCP_SEND: name:enp0s3: saddr:33561200: daddr:100932208: srtt_us:1767088: RTT:220886: ssthresh:2147483647: cwnd:10: delivered:1: lost:0: retrans:0
[  705.300181] AAAAA-TCP_RECV: name:enp0s3: saddr:100932208: daddr:33561200: srtt_us:1767088: RTT:220886: ssthresh:2147483647: cwnd:10: delivered:1: lost:0: retrans:0
[  705.300261] AAAAA-TCP_SEND: name:enp0s3: saddr:33561200: daddr:100932208: srtt_us:1767088: RTT:220886: ssthresh:2147483647: cwnd:10: delivered:1: lost:0: retrans:0
[  705.358604] AAAAA-TCP_RECV: name:enp0s3: saddr:100932208: daddr:33561200: srtt_us:1767088: RTT:220886: ssthresh:2147483647: cwnd:10: delivered:1: lost:0: retrans:0
[  705.358667] AAAAA-TCP_SEND: name:enp0s3: saddr:33561200: daddr:100932208: srtt_us:1767088: RTT:220886: ssthresh:2147483647: cwnd:10: delivered:1: lost:0: retrans:0
[  705.433390] AAAAA-TCP_RECV: name:enp0s3: saddr:100932208: daddr:33561200: srtt_us:1767088: RTT:220886: ssthresh:2147483647: cwnd:10: delivered:1: lost:0: retrans:0
[  705.433430] AAAAA-TCP_SEND: name:enp0s3: saddr:33561200: daddr:100932208: srtt_us:1767088: RTT:220886: ssthresh:2147483647: cwnd:10: delivered:1: lost:0: retrans:0
[  705.521258] AAAAA-TCP_RECV: name:enp0s3: saddr:100932208: daddr:33561200: srtt_us:1767088: RTT:220886: ssthresh:2147483647: cwnd:10: delivered:1: lost:0: retrans:0
[  705.521301] AAAAA-TCP_SEND: name:enp0s3: saddr:33561200: daddr:100932208: srtt_us:1767088: RTT:220886: ssthresh:2147483647: cwnd:10: delivered:1: lost:0: retrans:0
[  705.646903] AAAAA-TCP_RECV: name:enp0s3: saddr:100932208: daddr:33561200: srtt_us:1767088: RTT:220886: ssthresh:2147483647: cwnd:10: delivered:1: lost:0: retrans:0
[  705.646951] AAAAA-TCP_SEND: name:enp0s3: saddr:33561200: daddr:100932208: srtt_us:1767088: RTT:220886: ssthresh:2147483647: cwnd:10: delivered:1: lost:0: retrans:0
[  705.790326] AAAAA-TCP_RECV: name:enp0s3: saddr:100932208: daddr:33561200: srtt_us:1767088: RTT:220886: ssthresh:2147483647: cwnd:10: delivered:1: lost:0: retrans:0
[  705.790353] AAAAA-TCP_SEND: name:enp0s3: saddr:33561200: daddr:100932208: srtt_us:1767088: RTT:220886: ssthresh:2147483647: cwnd:10: delivered:1: lost:0: retrans:0
[  705.844862] AAAAA-TCP_RECV: name:enp0s3: saddr:100932208: daddr:33561200: srtt_us:1767088: RTT:220886: ssthresh:2147483647: cwnd:10: delivered:1: lost:0: retrans:0
[  705.844885] AAAAA-TCP_SEND: name:enp0s3: saddr:33561200: daddr:100932208: srtt_us:1767088: RTT:220886: ssthresh:2147483647: cwnd:10: delivered:1: lost:0: retrans:0
[  705.877028] AAAAA-TCP_RECV: name:enp0s3: saddr:100932208: daddr:16783984: srtt_us:1789488: RTT:223686: ssthresh:2147483647: cwnd:10: delivered:1: lost:0: retrans:0
[  705.877054] AAAAA-TCP_SEND: name:enp0s3: saddr:16783984: daddr:100932208: srtt_us:1789488: RTT:223686: ssthresh:2147483647: cwnd:10: delivered:1: lost:0: retrans:0
[  705.973194] AAAAA-TCP_RECV: name:enp0s3: saddr:100932208: daddr:16783984: srtt_us:1789488: RTT:223686: ssthresh:2147483647: cwnd:10: delivered:1: lost:0: retrans:0
[  705.973219] AAAAA-TCP_SEND: name:enp0s3: saddr:16783984: daddr:100932208: srtt_us:1789488: RTT:223686: ssthresh:2147483647: cwnd:10: delivered:1: lost:0: retrans:0
[  706.062318] AAAAA-TCP_RECV: name:enp0s3: saddr:100932208: daddr:16783984: srtt_us:1789488: RTT:223686: ssthresh:2147483647: cwnd:10: delivered:1: lost:0: retrans:0
[  706.062341] AAAAA-TCP_SEND: name:enp0s3: saddr:16783984: daddr:100932208: srtt_us:1789488: RTT:223686: ssthresh:2147483647: cwnd:10: delivered:1: lost:0: retrans:0
[  706.140017] AAAAA-TCP_RECV: name:enp0s3: saddr:100932208: daddr:16783984: srtt_us:1789488: RTT:223686: ssthresh:2147483647: cwnd:10: delivered:1: lost:0: retrans:0
[  706.140041] AAAAA-TCP_SEND: name:enp0s3: saddr:16783984: daddr:100932208: srtt_us:1789488: RTT:223686: ssthresh:2147483647: cwnd:10: delivered:1: lost:0: retrans:0
[  706.241835] AAAAA-TCP_RECV: name:enp0s3: saddr:100932208: daddr:16783984: srtt_us:1789488: RTT:223686: ssthresh:2147483647: cwnd:10: delivered:1: lost:0: retrans:0
[  706.241861] AAAAA-TCP_SEND: name:enp0s3: saddr:16783984: daddr:100932208: srtt_us:1789488: RTT:223686: ssthresh:2147483647: cwnd:10: delivered:1: lost:0: retrans:0
[  706.310679] AAAAA-TCP_RECV: name:enp0s3: saddr:100932208: daddr:16783984: srtt_us:1789488: RTT:223686: ssthresh:2147483647: cwnd:10: delivered:1: lost:0: retrans:0
[  706.310701] AAAAA-TCP_SEND: name:enp0s3: saddr:16783984: daddr:100932208: srtt_us:1789488: RTT:223686: ssthresh:2147483647: cwnd:10: delivered:1: lost:0: retrans:0
[  706.480786] AAAAA-TCP_RECV: name:enp0s3: saddr:100932208: daddr:16783984: srtt_us:1789488: RTT:223686: ssthresh:2147483647: cwnd:10: delivered:1: lost:0: retrans:0
[  706.480809] AAAAA-TCP_SEND: name:enp0s3: saddr:16783984: daddr:100932208: srtt_us:1789488: RTT:223686: ssthresh:2147483647: cwnd:10: delivered:1: lost:0: retrans:0
[  706.588952] AAAAA-TCP_RECV: name:enp0s3: saddr:100932208: daddr:16783984: srtt_us:1789488: RTT:223686: ssthresh:2147483647: cwnd:10: delivered:1: lost:0: retrans:0
[  706.588977] AAAAA-TCP_SEND: name:enp0s3: saddr:16783984: daddr:100932208: srtt_us:1789488: RTT:223686: ssthresh:2147483647: cwnd:10: delivered:1: lost:0: retrans:0
[  706.655715] AAAAA-TCP_RECV: name:enp0s3: saddr:100932208: daddr:16783984: srtt_us:1789488: RTT:223686: ssthresh:2147483647: cwnd:10: delivered:1: lost:0: retrans:0
[  706.655739] AAAAA-TCP_SEND: name:enp0s3: saddr:16783984: daddr:100932208: srtt_us:1789488: RTT:223686: ssthresh:2147483647: cwnd:10: delivered:1: lost:0: retrans:0
[  706.714503] AAAAA-TCP_RECV: name:enp0s3: saddr:100932208: daddr:16783984: srtt_us:1789488: RTT:223686: ssthresh:2147483647: cwnd:10: delivered:1: lost:0: retrans:0
[  706.714525] AAAAA-TCP_SEND: name:enp0s3: saddr:16783984: daddr:100932208: srtt_us:1789488: RTT:223686: ssthresh:2147483647: cwnd:10: delivered:1: lost:0: retrans:0
[  706.780836] AAAAA-TCP_RECV: name:enp0s3: saddr:100932208: daddr:16783984: srtt_us:1789488: RTT:223686: ssthresh:2147483647: cwnd:10: delivered:1: lost:0: retrans:0
[  706.780860] AAAAA-TCP_SEND: name:enp0s3: saddr:16783984: daddr:100932208: srtt_us:1789488: RTT:223686: ssthresh:2147483647: cwnd:10: delivered:1: lost:0: retrans:0
[  706.852910] AAAAA-TCP_RECV: name:enp0s3: saddr:100932208: daddr:16783984: srtt_us:1789488: RTT:223686: ssthresh:2147483647: cwnd:10: delivered:1: lost:0: retrans:0
[  706.852933] AAAAA-TCP_SEND: name:enp0s3: saddr:16783984: daddr:100932208: srtt_us:1789488: RTT:223686: ssthresh:2147483647: cwnd:10: delivered:1: lost:0: retrans:0
[  706.934276] AAAAA-TCP_RECV: name:enp0s3: saddr:100932208: daddr:16783984: srtt_us:1789488: RTT:223686: ssthresh:2147483647: cwnd:10: delivered:1: lost:0: retrans:0
[  706.934300] AAAAA-TCP_SEND: name:enp0s3: saddr:16783984: daddr:100932208: srtt_us:1789488: RTT:223686: ssthresh:2147483647: cwnd:10: delivered:1: lost:0: retrans:0
[  707.001365] AAAAA-TCP_RECV: name:enp0s3: saddr:100932208: daddr:16783984: srtt_us:1789488: RTT:223686: ssthresh:2147483647: cwnd:10: delivered:1: lost:0: retrans:0
[  707.001388] AAAAA-TCP_SEND: name:enp0s3: saddr:16783984: daddr:100932208: srtt_us:1789488: RTT:223686: ssthresh:2147483647: cwnd:10: delivered:1: lost:0: retrans:0
[  707.061170] AAAAA-TCP_RECV: name:enp0s3: saddr:100932208: daddr:16783984: srtt_us:1789488: RTT:223686: ssthresh:2147483647: cwnd:10: delivered:1: lost:0: retrans:0
[  707.061194] AAAAA-TCP_SEND: name:enp0s3: saddr:16783984: daddr:100932208: srtt_us:1789488: RTT:223686: ssthresh:2147483647: cwnd:10: delivered:1: lost:0: retrans:0
[  707.099156] AAAAA-TCP_RECV: name:enp0s3: saddr:100932208: daddr:16783984: srtt_us:1789488: RTT:223686: ssthresh:2147483647: cwnd:10: delivered:1: lost:0: retrans:0
[  707.099178] AAAAA-TCP_SEND: name:enp0s3: saddr:16783984: daddr:100932208: srtt_us:1789488: RTT:223686: ssthresh:2147483647: cwnd:10: delivered:1: lost:0: retrans:0
[  707.163033] AAAAA-TCP_RECV: name:enp0s3: saddr:100932208: daddr:16783984: srtt_us:1789488: RTT:223686: ssthresh:2147483647: cwnd:10: delivered:1: lost:0: retrans:0
[  707.203066] AAAAA-TCP_SEND: name:enp0s3: saddr:16783984: daddr:100932208: srtt_us:1789488: RTT:223686: ssthresh:2147483647: cwnd:10: delivered:1: lost:0: retrans:0
[  707.237254] AAAAA-TCP_RECV: name:enp0s3: saddr:100932208: daddr:16783984: srtt_us:1789488: RTT:223686: ssthresh:2147483647: cwnd:10: delivered:1: lost:0: retrans:0
[  707.318592] AAAAA-TCP_RECV: name:enp0s3: saddr:100932208: daddr:16783984: srtt_us:1789488: RTT:223686: ssthresh:2147483647: cwnd:10: delivered:1: lost:0: retrans:0
[  707.318614] AAAAA-TCP_SEND: name:enp0s3: saddr:16783984: daddr:100932208: srtt_us:1789488: RTT:223686: ssthresh:2147483647: cwnd:10: delivered:1: lost:0: retrans:0
[  707.357124] AAAAA-TCP_RECV: name:enp0s3: saddr:100932208: daddr:16783984: srtt_us:1789488: RTT:223686: ssthresh:2147483647: cwnd:10: delivered:1: lost:0: retrans:0
[  707.419728] AAAAA-TCP_RECV: name:enp0s3: saddr:100932208: daddr:16783984: srtt_us:1789488: RTT:223686: ssthresh:2147483647: cwnd:10: delivered:1: lost:0: retrans:0
[  707.419750] AAAAA-TCP_SEND: name:enp0s3: saddr:16783984: daddr:100932208: srtt_us:1789488: RTT:223686: ssthresh:2147483647: cwnd:10: delivered:1: lost:0: retrans:0
[  707.478253] AAAAA-TCP_RECV: name:enp0s3: saddr:100932208: daddr:16783984: srtt_us:1789488: RTT:223686: ssthresh:2147483647: cwnd:10: delivered:1: lost:0: retrans:0
[  707.523664] AAAAA-TCP_RECV: name:enp0s3: saddr:100932208: daddr:16783984: srtt_us:1789488: RTT:223686: ssthresh:2147483647: cwnd:10: delivered:1: lost:0: retrans:0
[  707.523686] AAAAA-TCP_SEND: name:enp0s3: saddr:16783984: daddr:100932208: srtt_us:1789488: RTT:223686: ssthresh:2147483647: cwnd:10: delivered:1: lost:0: retrans:0
[  707.565317] AAAAA-TCP_RECV: name:enp0s3: saddr:100932208: daddr:16783984: srtt_us:1789488: RTT:223686: ssthresh:2147483647: cwnd:10: delivered:1: lost:0: retrans:0
[  707.647809] AAAAA-TCP_RECV: name:enp0s3: saddr:100932208: daddr:16783984: srtt_us:1789488: RTT:223686: ssthresh:2147483647: cwnd:10: delivered:1: lost:0: retrans:0
[  707.647834] AAAAA-TCP_SEND: name:enp0s3: saddr:16783984: daddr:100932208: srtt_us:1789488: RTT:223686: ssthresh:2147483647: cwnd:10: delivered:1: lost:0: retrans:0
[  707.733583] AAAAA-TCP_RECV: name:enp0s3: saddr:100932208: daddr:16783984: srtt_us:1789488: RTT:223686: ssthresh:2147483647: cwnd:10: delivered:1: lost:0: retrans:0
[  707.790974] AAAAA-TCP_RECV: name:enp0s3: saddr:100932208: daddr:16783984: srtt_us:1789488: RTT:223686: ssthresh:2147483647: cwnd:10: delivered:1: lost:0: retrans:0
[  707.790998] AAAAA-TCP_SEND: name:enp0s3: saddr:16783984: daddr:100932208: srtt_us:1789488: RTT:223686: ssthresh:2147483647: cwnd:10: delivered:1: lost:0: retrans:0
[  707.851179] AAAAA-TCP_RECV: name:enp0s3: saddr:100932208: daddr:16783984: srtt_us:1789488: RTT:223686: ssthresh:2147483647: cwnd:10: delivered:1: lost:0: retrans:0
[  707.866048] AAAAA-TCP_RECV: name:enp0s3: saddr:100932208: daddr:16783984: srtt_us:1789488: RTT:223686: ssthresh:2147483647: cwnd:10: delivered:1: lost:0: retrans:0
[  707.866069] AAAAA-TCP_SEND: name:enp0s3: saddr:16783984: daddr:100932208: srtt_us:1789488: RTT:223686: ssthresh:2147483647: cwnd:10: delivered:1: lost:0: retrans:0
[  707.951612] AAAAA-TCP_RECV: name:enp0s3: saddr:100932208: daddr:16783984: srtt_us:1789488: RTT:223686: ssthresh:2147483647: cwnd:10: delivered:1: lost:0: retrans:0
[  707.987499] AAAAA-TCP_RECV: name:enp0s3: saddr:100932208: daddr:16783984: srtt_us:1789488: RTT:223686: ssthresh:2147483647: cwnd:10: delivered:1: lost:0: retrans:0
[  707.987522] AAAAA-TCP_SEND: name:enp0s3: saddr:16783984: daddr:100932208: srtt_us:1789488: RTT:223686: ssthresh:2147483647: cwnd:10: delivered:1: lost:0: retrans:0
[  708.075980] AAAAA-TCP_RECV: name:enp0s3: saddr:100932208: daddr:16783984: srtt_us:1789488: RTT:223686: ssthresh:2147483647: cwnd:10: delivered:1: lost:0: retrans:0
[  708.123242] AAAAA-TCP_RECV: name:enp0s3: saddr:100932208: daddr:16783984: srtt_us:1789488: RTT:223686: ssthresh:2147483647: cwnd:10: delivered:1: lost:0: retrans:0
[  708.123265] AAAAA-TCP_SEND: name:enp0s3: saddr:16783984: daddr:100932208: srtt_us:1789488: RTT:223686: ssthresh:2147483647: cwnd:10: delivered:1: lost:0: retrans:0
[  708.158284] AAAAA-TCP_RECV: name:enp0s3: saddr:100932208: daddr:16783984: srtt_us:1789488: RTT:223686: ssthresh:2147483647: cwnd:10: delivered:1: lost:0: retrans:0
[  708.158307] AAAAA-TCP_SEND: name:enp0s3: saddr:16783984: daddr:100932208: srtt_us:1789488: RTT:223686: ssthresh:2147483647: cwnd:10: delivered:1: lost:0: retrans:0
[  708.207507] AAAAA-TCP_RECV: name:enp0s3: saddr:100932208: daddr:16783984: srtt_us:1789488: RTT:223686: ssthresh:2147483647: cwnd:10: delivered:1: lost:0: retrans:0
[  708.207528] AAAAA-TCP_SEND: name:enp0s3: saddr:16783984: daddr:100932208: srtt_us:1789488: RTT:223686: ssthresh:2147483647: cwnd:10: delivered:1: lost:0: retrans:0
[  708.248288] AAAAA-TCP_RECV: name:enp0s3: saddr:100932208: daddr:16783984: srtt_us:1789488: RTT:223686: ssthresh:2147483647: cwnd:10: delivered:1: lost:0: retrans:0
[  708.249347] AAAAA-TCP_SEND: name:enp0s3: saddr:16783984: daddr:100932208: srtt_us:1789488: RTT:223686: ssthresh:2147483647: cwnd:10: delivered:1: lost:0: retrans:0
[  708.277144] AAAAA-TCP_RECV: name:enp0s3: saddr:100932208: daddr:16783984: srtt_us:1789488: RTT:223686: ssthresh:2147483647: cwnd:10: delivered:1: lost:0: retrans:0
[  708.278195] AAAAA-TCP_SEND: name:enp0s3: saddr:16783984: daddr:100932208: srtt_us:1789488: RTT:223686: ssthresh:2147483647: cwnd:10: delivered:1: lost:0: retrans:0
[  708.351671] AAAAA-TCP_RECV: name:enp0s3: saddr:100932208: daddr:16783984: srtt_us:1789488: RTT:223686: ssthresh:2147483647: cwnd:10: delivered:1: lost:0: retrans:0
[  708.352722] AAAAA-TCP_SEND: name:enp0s3: saddr:16783984: daddr:100932208: srtt_us:1789488: RTT:223686: ssthresh:2147483647: cwnd:10: delivered:1: lost:0: retrans:0
[  708.491445] AAAAA-TCP_RECV: name:enp0s3: saddr:100932208: daddr:33561200: srtt_us:1767088: RTT:220886: ssthresh:2147483647: cwnd:10: delivered:1: lost:0: retrans:0
[  708.491468] AAAAA-TCP_SEND: name:enp0s3: saddr:33561200: daddr:100932208: srtt_us:1767088: RTT:220886: ssthresh:2147483647: cwnd:10: delivered:1: lost:0: retrans:0
[  708.548841] AAAAA-TCP_RECV: name:enp0s3: saddr:100932208: daddr:33561200: srtt_us:1767088: RTT:220886: ssthresh:2147483647: cwnd:10: delivered:1: lost:0: retrans:0
[  708.548866] AAAAA-TCP_SEND: name:enp0s3: saddr:33561200: daddr:100932208: srtt_us:1767088: RTT:220886: ssthresh:2147483647: cwnd:10: delivered:1: lost:0: retrans:0
[  708.985659] AAAAA-TCP_RECV: name:enp0s3: saddr:100932208: daddr:33561200: srtt_us:1767088: RTT:220886: ssthresh:2147483647: cwnd:10: delivered:1: lost:0: retrans:0
[  708.985698] AAAAA-TCP_SEND: name:enp0s3: saddr:33561200: daddr:100932208: srtt_us:1767088: RTT:220886: ssthresh:2147483647: cwnd:10: delivered:1: lost:0: retrans:0
[  709.081309] AAAAA-TCP_RECV: name:enp0s3: saddr:100932208: daddr:33561200: srtt_us:1767088: RTT:220886: ssthresh:2147483647: cwnd:10: delivered:1: lost:0: retrans:0
[  709.081346] AAAAA-TCP_SEND: name:enp0s3: saddr:33561200: daddr:100932208: srtt_us:1767088: RTT:220886: ssthresh:2147483647: cwnd:10: delivered:1: lost:0: retrans:0
[  709.396542] AAAAA-TCP_RECV: name:enp0s3: saddr:100932208: daddr:16783984: srtt_us:1789488: RTT:223686: ssthresh:2147483647: cwnd:10: delivered:1: lost:0: retrans:0
[  709.396580] AAAAA-TCP_SEND: name:enp0s3: saddr:16783984: daddr:100932208: srtt_us:1789488: RTT:223686: ssthresh:2147483647: cwnd:10: delivered:1: lost:0: retrans:0
[  709.479835] AAAAA-TCP_RECV: name:enp0s3: saddr:100932208: daddr:16783984: srtt_us:1789488: RTT:223686: ssthresh:2147483647: cwnd:10: delivered:1: lost:0: retrans:0
[  709.479868] AAAAA-TCP_SEND: name:enp0s3: saddr:16783984: daddr:100932208: srtt_us:1789488: RTT:223686: ssthresh:2147483647: cwnd:10: delivered:1: lost:0: retrans:0
[  729.770306] AAAAA-TCP_RECV: name:enp0s3: saddr:100932208: daddr:16783984: srtt_us:1789488: RTT:223686: ssthresh:2147483647: cwnd:10: delivered:1: lost:0: retrans:0
[  729.770370] AAAAA-TCP_SEND: name:enp0s3: saddr:16783984: daddr:100932208: srtt_us:1789488: RTT:223686: ssthresh:2147483647: cwnd:10: delivered:1: lost:0: retrans:0
[  731.110880] AAAAA-TCP_RECV: name:enp0s3: saddr:100932208: daddr:16783984: srtt_us:1789488: RTT:223686: ssthresh:2147483647: cwnd:10: delivered:1: lost:0: retrans:0
[  731.110958] AAAAA-TCP_SEND: name:enp0s3: saddr:16783984: daddr:100932208: srtt_us:1789488: RTT:223686: ssthresh:2147483647: cwnd:10: delivered:1: lost:0: retrans:0
[  731.385101] AAAAA-TCP_RECV: name:enp0s3: saddr:100932208: daddr:16783984: srtt_us:1789488: RTT:223686: ssthresh:2147483647: cwnd:10: delivered:1: lost:0: retrans:0
[  731.385164] AAAAA-TCP_SEND: name:enp0s3: saddr:16783984: daddr:100932208: srtt_us:1789488: RTT:223686: ssthresh:2147483647: cwnd:10: delivered:1: lost:0: retrans:0
[  731.573390] AAAAA-TCP_RECV: name:enp0s3: saddr:100932208: daddr:16783984: srtt_us:1789488: RTT:223686: ssthresh:2147483647: cwnd:10: delivered:1: lost:0: retrans:0
[  731.573413] AAAAA-TCP_SEND: name:enp0s3: saddr:16783984: daddr:100932208: srtt_us:1789488: RTT:223686: ssthresh:2147483647: cwnd:10: delivered:1: lost:0: retrans:0
[  732.269910] AAAAA-TCP_RECV: name:enp0s3: saddr:100932208: daddr:16783984: srtt_us:1789488: RTT:223686: ssthresh:2147483647: cwnd:10: delivered:1: lost:0: retrans:0
[  732.269953] AAAAA-TCP_SEND: name:enp0s3: saddr:16783984: daddr:100932208: srtt_us:1789488: RTT:223686: ssthresh:2147483647: cwnd:10: delivered:1: lost:0: retrans:0
[  732.411719] AAAAA-TCP_RECV: name:enp0s3: saddr:100932208: daddr:16783984: srtt_us:1789488: RTT:223686: ssthresh:2147483647: cwnd:10: delivered:1: lost:0: retrans:0
[  732.411756] AAAAA-TCP_SEND: name:enp0s3: saddr:16783984: daddr:100932208: srtt_us:1789488: RTT:223686: ssthresh:2147483647: cwnd:10: delivered:1: lost:0: retrans:0
[  733.333367] AAAAA-TCP_RECV: name:enp0s3: saddr:100932208: daddr:16783984: srtt_us:1789488: RTT:223686: ssthresh:2147483647: cwnd:10: delivered:1: lost:0: retrans:0
[  733.333452] AAAAA-TCP_SEND: name:enp0s3: saddr:16783984: daddr:100932208: srtt_us:1789488: RTT:223686: ssthresh:2147483647: cwnd:10: delivered:1: lost:0: retrans:0
[  733.827194] AAAAA-TCP_RECV: name:enp0s3: saddr:100932208: daddr:16783984: srtt_us:1789488: RTT:223686: ssthresh:2147483647: cwnd:10: delivered:1: lost:0: retrans:0
[  733.827242] AAAAA-TCP_SEND: name:enp0s3: saddr:16783984: daddr:100932208: srtt_us:1789488: RTT:223686: ssthresh:2147483647: cwnd:10: delivered:1: lost:0: retrans:0
[  733.963028] AAAAA-TCP_RECV: name:enp0s3: saddr:100932208: daddr:16783984: srtt_us:1789488: RTT:223686: ssthresh:2147483647: cwnd:10: delivered:1: lost:0: retrans:0
[  733.963071] AAAAA-TCP_SEND: name:enp0s3: saddr:16783984: daddr:100932208: srtt_us:1789488: RTT:223686: ssthresh:2147483647: cwnd:10: delivered:1: lost:0: retrans:0
[  734.085077] AAAAA-TCP_RECV: name:enp0s3: saddr:100932208: daddr:16783984: srtt_us:1789488: RTT:223686: ssthresh:2147483647: cwnd:10: delivered:1: lost:0: retrans:0
[  734.085115] AAAAA-TCP_SEND: name:enp0s3: saddr:16783984: daddr:100932208: srtt_us:1789488: RTT:223686: ssthresh:2147483647: cwnd:10: delivered:1: lost:0: retrans:0
[  734.288499] AAAAA-TCP_RECV: name:enp0s3: saddr:100932208: daddr:16783984: srtt_us:1789488: RTT:223686: ssthresh:2147483647: cwnd:10: delivered:1: lost:0: retrans:0
[  734.288522] AAAAA-TCP_SEND: name:enp0s3: saddr:16783984: daddr:100932208: srtt_us:1789488: RTT:223686: ssthresh:2147483647: cwnd:10: delivered:1: lost:0: retrans:0
[  734.377541] AAAAA-TCP_RECV: name:enp0s3: saddr:100932208: daddr:16783984: srtt_us:1789488: RTT:223686: ssthresh:2147483647: cwnd:10: delivered:1: lost:0: retrans:0
[  734.377578] AAAAA-TCP_SEND: name:enp0s3: saddr:16783984: daddr:100932208: srtt_us:1789488: RTT:223686: ssthresh:2147483647: cwnd:10: delivered:1: lost:0: retrans:0
[  734.683530] AAAAA-TCP_RECV: name:enp0s3: saddr:100932208: daddr:16783984: srtt_us:1789488: RTT:223686: ssthresh:2147483647: cwnd:10: delivered:1: lost:0: retrans:0
[  734.683573] AAAAA-TCP_SEND: name:enp0s3: saddr:16783984: daddr:100932208: srtt_us:1789488: RTT:223686: ssthresh:2147483647: cwnd:10: delivered:1: lost:0: retrans:0
[  734.772633] AAAAA-TCP_RECV: name:enp0s3: saddr:100932208: daddr:16783984: srtt_us:1789488: RTT:223686: ssthresh:2147483647: cwnd:10: delivered:1: lost:0: retrans:0
[  734.772671] AAAAA-TCP_SEND: name:enp0s3: saddr:16783984: daddr:100932208: srtt_us:1789488: RTT:223686: ssthresh:2147483647: cwnd:10: delivered:1: lost:0: retrans:0
[  735.282826] AAAAA-TCP_RECV: name:enp0s3: saddr:100932208: daddr:16783984: srtt_us:1789488: RTT:223686: ssthresh:2147483647: cwnd:10: delivered:1: lost:0: retrans:0
[  735.282866] AAAAA-TCP_SEND: name:enp0s3: saddr:16783984: daddr:100932208: srtt_us:1789488: RTT:223686: ssthresh:2147483647: cwnd:10: delivered:1: lost:0: retrans:0
[  735.900807] AAAAA-TCP_RECV: name:enp0s3: saddr:100932208: daddr:16783984: srtt_us:1789488: RTT:223686: ssthresh:2147483647: cwnd:10: delivered:1: lost:0: retrans:0
[  735.900885] AAAAA-TCP_SEND: name:enp0s3: saddr:16783984: daddr:100932208: srtt_us:1789488: RTT:223686: ssthresh:2147483647: cwnd:10: delivered:1: lost:0: retrans:0
[  735.999885] AAAAA-TCP_RECV: name:enp0s3: saddr:100932208: daddr:16783984: srtt_us:1789488: RTT:223686: ssthresh:2147483647: cwnd:10: delivered:1: lost:0: retrans:0
[  735.999918] AAAAA-TCP_SEND: name:enp0s3: saddr:16783984: daddr:100932208: srtt_us:1789488: RTT:223686: ssthresh:2147483647: cwnd:10: delivered:1: lost:0: retrans:0
[  736.435090] AAAAA-TCP_RECV: name:enp0s3: saddr:100932208: daddr:16783984: srtt_us:1789488: RTT:223686: ssthresh:2147483647: cwnd:10: delivered:1: lost:0: retrans:0
[  736.435123] AAAAA-TCP_SEND: name:enp0s3: saddr:16783984: daddr:100932208: srtt_us:1789488: RTT:223686: ssthresh:2147483647: cwnd:10: delivered:1: lost:0: retrans:0
[  736.782986] AAAAA-TCP_RECV: name:enp0s3: saddr:100932208: daddr:16783984: srtt_us:1789488: RTT:223686: ssthresh:2147483647: cwnd:10: delivered:1: lost:0: retrans:0
[  736.783030] AAAAA-TCP_SEND: name:enp0s3: saddr:16783984: daddr:100932208: srtt_us:1789488: RTT:223686: ssthresh:2147483647: cwnd:10: delivered:1: lost:0: retrans:0
[  737.025002] AAAAA-TCP_RECV: name:enp0s3: saddr:100932208: daddr:16783984: srtt_us:1789488: RTT:223686: ssthresh:2147483647: cwnd:10: delivered:1: lost:0: retrans:0
[  737.025044] AAAAA-TCP_SEND: name:enp0s3: saddr:16783984: daddr:100932208: srtt_us:1789488: RTT:223686: ssthresh:2147483647: cwnd:10: delivered:1: lost:0: retrans:0
[  737.131704] AAAAA-TCP_RECV: name:enp0s3: saddr:100932208: daddr:16783984: srtt_us:1789488: RTT:223686: ssthresh:2147483647: cwnd:10: delivered:1: lost:0: retrans:0
[  737.131770] AAAAA-TCP_SEND: name:enp0s3: saddr:16783984: daddr:100932208: srtt_us:1789488: RTT:223686: ssthresh:2147483647: cwnd:10: delivered:1: lost:0: retrans:0
[  737.339493] AAAAA-TCP_RECV: name:enp0s3: saddr:100932208: daddr:16783984: srtt_us:1789488: RTT:223686: ssthresh:2147483647: cwnd:10: delivered:1: lost:0: retrans:0
[  737.339520] AAAAA-TCP_SEND: name:enp0s3: saddr:16783984: daddr:100932208: srtt_us:1789488: RTT:223686: ssthresh:2147483647: cwnd:10: delivered:1: lost:0: retrans:0
[  737.450109] AAAAA-TCP_RECV: name:enp0s3: saddr:100932208: daddr:16783984: srtt_us:1789488: RTT:223686: ssthresh:2147483647: cwnd:10: delivered:1: lost:0: retrans:0
[  737.450154] AAAAA-TCP_SEND: name:enp0s3: saddr:16783984: daddr:100932208: srtt_us:1789488: RTT:223686: ssthresh:2147483647: cwnd:10: delivered:1: lost:0: retrans:0
[  738.084524] AAAAA-TCP_RECV: name:enp0s3: saddr:100932208: daddr:16783984: srtt_us:1789488: RTT:223686: ssthresh:2147483647: cwnd:10: delivered:1: lost:0: retrans:0
[  738.084583] AAAAA-TCP_SEND: name:enp0s3: saddr:16783984: daddr:100932208: srtt_us:1789488: RTT:223686: ssthresh:2147483647: cwnd:10: delivered:1: lost:0: retrans:0
[  738.156897] AAAAA-TCP_RECV: name:enp0s3: saddr:100932208: daddr:16783984: srtt_us:1789488: RTT:223686: ssthresh:2147483647: cwnd:10: delivered:1: lost:0: retrans:0
[  738.156930] AAAAA-TCP_SEND: name:enp0s3: saddr:16783984: daddr:100932208: srtt_us:1789488: RTT:223686: ssthresh:2147483647: cwnd:10: delivered:1: lost:0: retrans:0
[  738.356643] AAAAA-TCP_RECV: name:enp0s3: saddr:100932208: daddr:33561200: srtt_us:1767088: RTT:220886: ssthresh:2147483647: cwnd:10: delivered:1: lost:0: retrans:0
[  738.435854] AAAAA-TCP_RECV: name:enp0s3: saddr:100932208: daddr:33561200: srtt_us:1767088: RTT:220886: ssthresh:2147483647: cwnd:10: delivered:1: lost:0: retrans:0
[  738.528760] AAAAA-TCP_RECV: name:enp0s3: saddr:100932208: daddr:33561200: srtt_us:1767088: RTT:220886: ssthresh:2147483647: cwnd:10: delivered:1: lost:0: retrans:0
[  738.640273] AAAAA-TCP_RECV: name:enp0s3: saddr:100932208: daddr:33561200: srtt_us:1767088: RTT:220886: ssthresh:2147483647: cwnd:10: delivered:1: lost:0: retrans:0
[  738.843939] AAAAA-TCP_RECV: name:enp0s3: saddr:100932208: daddr:16783984: srtt_us:1789488: RTT:223686: ssthresh:2147483647: cwnd:10: delivered:1: lost:0: retrans:0
[  739.056067] AAAAA-TCP_RECV: name:enp0s3: saddr:100932208: daddr:16783984: srtt_us:1789488: RTT:223686: ssthresh:2147483647: cwnd:10: delivered:1: lost:0: retrans:0
[  739.113356] AAAAA-TCP_RECV: name:enp0s3: saddr:100932208: daddr:33561200: srtt_us:1767088: RTT:220886: ssthresh:2147483647: cwnd:10: delivered:1: lost:0: retrans:0
[  739.223406] AAAAA-TCP_RECV: name:enp0s3: saddr:100932208: daddr:16783984: srtt_us:1789488: RTT:223686: ssthresh:2147483647: cwnd:10: delivered:1: lost:0: retrans:0
[  739.321649] AAAAA-TCP_RECV: name:enp0s3: saddr:100932208: daddr:33561200: srtt_us:1767088: RTT:220886: ssthresh:2147483647: cwnd:10: delivered:1: lost:0: retrans:0
[  739.355015] AAAAA-TCP_RECV: name:enp0s3: saddr:100932208: daddr:33561200: srtt_us:1767088: RTT:220886: ssthresh:2147483647: cwnd:10: delivered:1: lost:0: retrans:0
[  739.552395] AAAAA-TCP_RECV: name:enp0s3: saddr:100932208: daddr:16783984: srtt_us:1789488: RTT:223686: ssthresh:2147483647: cwnd:10: delivered:1: lost:0: retrans:0
[  740.031103] AAAAA-TCP_RECV: name:enp0s3: saddr:100932208: daddr:33561200: srtt_us:1767088: RTT:220886: ssthresh:2147483647: cwnd:10: delivered:1: lost:0: retrans:0
[  740.124573] AAAAA-TCP_RECV: name:enp0s3: saddr:100932208: daddr:16783984: srtt_us:1789488: RTT:223686: ssthresh:2147483647: cwnd:10: delivered:1: lost:0: retrans:0
[  740.234751] AAAAA-TCP_RECV: name:enp0s3: saddr:100932208: daddr:33561200: srtt_us:1767088: RTT:220886: ssthresh:2147483647: cwnd:10: delivered:1: lost:0: retrans:0
[  740.289632] AAAAA-TCP_RECV: name:enp0s3: saddr:100932208: daddr:16783984: srtt_us:1789488: RTT:223686: ssthresh:2147483647: cwnd:10: delivered:1: lost:0: retrans:0
[  740.369969] AAAAA-TCP_RECV: name:enp0s3: saddr:100932208: daddr:33561200: srtt_us:1767088: RTT:220886: ssthresh:2147483647: cwnd:10: delivered:1: lost:0: retrans:0
[  740.458731] AAAAA-TCP_RECV: name:enp0s3: saddr:100932208: daddr:33561200: srtt_us:1767088: RTT:220886: ssthresh:2147483647: cwnd:10: delivered:1: lost:0: retrans:0
[  740.561308] AAAAA-TCP_RECV: name:enp0s3: saddr:100932208: daddr:33561200: srtt_us:1767088: RTT:220886: ssthresh:2147483647: cwnd:10: delivered:1: lost:0: retrans:0
[  740.667898] AAAAA-TCP_RECV: name:enp0s3: saddr:100932208: daddr:33561200: srtt_us:1767088: RTT:220886: ssthresh:2147483647: cwnd:10: delivered:1: lost:0: retrans:0
[  741.216133] AAAAA-TCP_RECV: name:enp0s3: saddr:100932208: daddr:16783984: srtt_us:1789488: RTT:223686: ssthresh:2147483647: cwnd:10: delivered:1: lost:0: retrans:0
[  741.216184] AAAAA-TCP_SEND: name:enp0s8: saddr:16783984: daddr:100932208: srtt_us:1789488: RTT:223686: ssthresh:2147483647: cwnd:10: delivered:1: lost:0: retrans:0
[  741.680907] AAAAA-TCP_RECV: name:enp0s3: saddr:100932208: daddr:16783984: srtt_us:1789488: RTT:223686: ssthresh:2147483647: cwnd:10: delivered:1: lost:0: retrans:0
[  741.680952] AAAAA-TCP_SEND: name:enp0s8: saddr:16783984: daddr:100932208: srtt_us:1789488: RTT:223686: ssthresh:2147483647: cwnd:10: delivered:1: lost:0: retrans:0
[  741.975093] AAAAA-TCP_RECV: name:enp0s3: saddr:100932208: daddr:16783984: srtt_us:1789488: RTT:223686: ssthresh:2147483647: cwnd:10: delivered:1: lost:0: retrans:0
[  741.975133] AAAAA-TCP_SEND: name:enp0s8: saddr:16783984: daddr:100932208: srtt_us:1789488: RTT:223686: ssthresh:2147483647: cwnd:10: delivered:1: lost:0: retrans:0
[  742.191670] AAAAA-TCP_RECV: name:enp0s3: saddr:100932208: daddr:16783984: srtt_us:1789488: RTT:223686: ssthresh:2147483647: cwnd:10: delivered:1: lost:0: retrans:0
[  742.191704] AAAAA-TCP_SEND: name:enp0s8: saddr:16783984: daddr:100932208: srtt_us:1789488: RTT:223686: ssthresh:2147483647: cwnd:10: delivered:1: lost:0: retrans:0
[  742.394525] AAAAA-TCP_RECV: name:enp0s3: saddr:100932208: daddr:16783984: srtt_us:1789488: RTT:223686: ssthresh:2147483647: cwnd:10: delivered:1: lost:0: retrans:0
[  742.394553] AAAAA-TCP_SEND: name:enp0s8: saddr:16783984: daddr:100932208: srtt_us:1789488: RTT:223686: ssthresh:2147483647: cwnd:10: delivered:1: lost:0: retrans:0
[  742.480987] AAAAA-TCP_RECV: name:enp0s3: saddr:100932208: daddr:16783984: srtt_us:1789488: RTT:223686: ssthresh:2147483647: cwnd:10: delivered:1: lost:0: retrans:0
[  742.481009] AAAAA-TCP_SEND: name:enp0s8: saddr:16783984: daddr:100932208: srtt_us:1789488: RTT:223686: ssthresh:2147483647: cwnd:10: delivered:1: lost:0: retrans:0
[  742.705382] AAAAA-TCP_RECV: name:enp0s3: saddr:100932208: daddr:16783984: srtt_us:1789488: RTT:223686: ssthresh:2147483647: cwnd:10: delivered:1: lost:0: retrans:0
[  742.705410] AAAAA-TCP_SEND: name:enp0s8: saddr:16783984: daddr:100932208: srtt_us:1789488: RTT:223686: ssthresh:2147483647: cwnd:10: delivered:1: lost:0: retrans:0
[  742.822240] AAAAA-TCP_RECV: name:enp0s3: saddr:100932208: daddr:16783984: srtt_us:1789488: RTT:223686: ssthresh:2147483647: cwnd:10: delivered:1: lost:0: retrans:0
[  742.822265] AAAAA-TCP_SEND: name:enp0s8: saddr:16783984: daddr:100932208: srtt_us:1789488: RTT:223686: ssthresh:2147483647: cwnd:10: delivered:1: lost:0: retrans:0
[  742.935931] AAAAA-TCP_RECV: name:enp0s3: saddr:100932208: daddr:16783984: srtt_us:1789488: RTT:223686: ssthresh:2147483647: cwnd:10: delivered:1: lost:0: retrans:0
[  742.935952] AAAAA-TCP_SEND: name:enp0s8: saddr:16783984: daddr:100932208: srtt_us:1789488: RTT:223686: ssthresh:2147483647: cwnd:10: delivered:1: lost:0: retrans:0
[  743.104388] AAAAA-TCP_RECV: name:enp0s3: saddr:100932208: daddr:16783984: srtt_us:1789488: RTT:223686: ssthresh:2147483647: cwnd:10: delivered:1: lost:0: retrans:0
[  743.104411] AAAAA-TCP_SEND: name:enp0s8: saddr:16783984: daddr:100932208: srtt_us:1789488: RTT:223686: ssthresh:2147483647: cwnd:10: delivered:1: lost:0: retrans:0
[  743.163822] AAAAA-TCP_RECV: name:enp0s3: saddr:100932208: daddr:16783984: srtt_us:1789488: RTT:223686: ssthresh:2147483647: cwnd:10: delivered:1: lost:0: retrans:0
[  743.163844] AAAAA-TCP_SEND: name:enp0s8: saddr:16783984: daddr:100932208: srtt_us:1789488: RTT:223686: ssthresh:2147483647: cwnd:10: delivered:1: lost:0: retrans:0
[  743.228722] AAAAA-TCP_RECV: name:enp0s3: saddr:100932208: daddr:16783984: srtt_us:1789488: RTT:223686: ssthresh:2147483647: cwnd:10: delivered:1: lost:0: retrans:0
[  743.228743] AAAAA-TCP_SEND: name:enp0s8: saddr:16783984: daddr:100932208: srtt_us:1789488: RTT:223686: ssthresh:2147483647: cwnd:10: delivered:1: lost:0: retrans:0
[  743.424321] AAAAA-TCP_RECV: name:enp0s3: saddr:100932208: daddr:16783984: srtt_us:1789488: RTT:223686: ssthresh:2147483647: cwnd:10: delivered:1: lost:0: retrans:0
[  743.424343] AAAAA-TCP_SEND: name:enp0s8: saddr:16783984: daddr:100932208: srtt_us:1789488: RTT:223686: ssthresh:2147483647: cwnd:10: delivered:1: lost:0: retrans:0
[  744.575772] AAAAA-TCP_RECV: name:enp0s3: saddr:100932208: daddr:16783984: srtt_us:1789488: RTT:223686: ssthresh:2147483647: cwnd:10: delivered:1: lost:0: retrans:0
[  744.575816] AAAAA-TCP_SEND: name:enp0s8: saddr:16783984: daddr:100932208: srtt_us:1789488: RTT:223686: ssthresh:2147483647: cwnd:10: delivered:1: lost:0: retrans:0
[  744.736955] AAAAA-TCP_RECV: name:enp0s3: saddr:100932208: daddr:16783984: srtt_us:1789488: RTT:223686: ssthresh:2147483647: cwnd:10: delivered:1: lost:0: retrans:0
[  744.736986] AAAAA-TCP_SEND: name:enp0s8: saddr:16783984: daddr:100932208: srtt_us:1789488: RTT:223686: ssthresh:2147483647: cwnd:10: delivered:1: lost:0: retrans:0
[  744.892563] AAAAA-TCP_RECV: name:enp0s3: saddr:100932208: daddr:16783984: srtt_us:1789488: RTT:223686: ssthresh:2147483647: cwnd:10: delivered:1: lost:0: retrans:0
[  744.892593] AAAAA-TCP_SEND: name:enp0s8: saddr:16783984: daddr:100932208: srtt_us:1789488: RTT:223686: ssthresh:2147483647: cwnd:10: delivered:1: lost:0: retrans:0
[  745.208854] AAAAA-TCP_RECV: name:enp0s3: saddr:100932208: daddr:16783984: srtt_us:1789488: RTT:223686: ssthresh:2147483647: cwnd:10: delivered:1: lost:0: retrans:0
[  745.208883] AAAAA-TCP_SEND: name:enp0s8: saddr:16783984: daddr:100932208: srtt_us:1789488: RTT:223686: ssthresh:2147483647: cwnd:10: delivered:1: lost:0: retrans:0
[  745.553933] AAAAA-TCP_RECV: name:enp0s3: saddr:100932208: daddr:16783984: srtt_us:1789488: RTT:223686: ssthresh:2147483647: cwnd:10: delivered:1: lost:0: retrans:0
[  745.553963] AAAAA-TCP_SEND: name:enp0s8: saddr:16783984: daddr:100932208: srtt_us:1789488: RTT:223686: ssthresh:2147483647: cwnd:10: delivered:1: lost:0: retrans:0
[  745.760619] AAAAA-TCP_RECV: name:enp0s3: saddr:100932208: daddr:16783984: srtt_us:1789488: RTT:223686: ssthresh:2147483647: cwnd:10: delivered:1: lost:0: retrans:0
[  745.760647] AAAAA-TCP_SEND: name:enp0s8: saddr:16783984: daddr:100932208: srtt_us:1789488: RTT:223686: ssthresh:2147483647: cwnd:10: delivered:1: lost:0: retrans:0
