[    0.000000] Linux version 5.4.243-mptcp (root@ztg) (gcc version 12.2.0 (Debian 12.2.0-14+deb12u1)) #53 SMP Wed Dec 24 23:28:15 CST 2025
[    0.000000] Command line: BOOT_IMAGE=/boot/vmlinuz-5.4.243-mptcp root=UUID=98415a12-53b7-4144-8265-0f7ece09e445 ro quiet splash
[    0.000000] KERNEL supported cpus:
[    0.000000]   Intel GenuineIntel
[    0.000000]   AMD AuthenticAMD
[    0.000000]   Hygon HygonGenuine
[    0.000000]   Centaur CentaurHauls
[    0.000000]   zhaoxin   Shanghai  
[    0.000000] x86/fpu: Supporting XSAVE feature 0x001: 'x87 floating point registers'
[    0.000000] x86/fpu: Supporting XSAVE feature 0x002: 'SSE registers'
[    0.000000] x86/fpu: Supporting XSAVE feature 0x004: 'AVX registers'
[    0.000000] x86/fpu: xstate_offset[2]:  576, xstate_sizes[2]:  256
[    0.000000] x86/fpu: Enabled xstate features 0x7, context size is 832 bytes, using 'standard' format.
[    0.000000] BIOS-provided physical RAM map:
[    0.000000] BIOS-e820: [mem 0x0000000000000000-0x000000000009fbff] usable
[    0.000000] BIOS-e820: [mem 0x000000000009fc00-0x000000000009ffff] reserved
[    0.000000] BIOS-e820: [mem 0x00000000000f0000-0x00000000000fffff] reserved
[    0.000000] BIOS-e820: [mem 0x0000000000100000-0x000000007ffeffff] usable
[    0.000000] BIOS-e820: [mem 0x000000007fff0000-0x000000007fffffff] ACPI data
[    0.000000] BIOS-e820: [mem 0x00000000fec00000-0x00000000fec00fff] reserved
[    0.000000] BIOS-e820: [mem 0x00000000fee00000-0x00000000fee00fff] reserved
[    0.000000] BIOS-e820: [mem 0x00000000fffc0000-0x00000000ffffffff] reserved
[    0.000000] NX (Execute Disable) protection: active
[    0.000000] SMBIOS 2.5 present.
[    0.000000] DMI: innotek GmbH VirtualBox/VirtualBox, BIOS VirtualBox 12/01/2006
[    0.000000] Hypervisor detected: KVM
[    0.000000] kvm-clock: Using msrs 4b564d01 and 4b564d00
[    0.000000] kvm-clock: cpu 0, msr 28001001, primary cpu clock
[    0.000000] kvm-clock: using sched offset of 4430824107 cycles
[    0.000003] clocksource: kvm-clock: mask: 0xffffffffffffffff max_cycles: 0x1cd42e4dffb, max_idle_ns: 881590591483 ns
[    0.000005] tsc: Detected 2100.000 MHz processor
[    0.001892] e820: update [mem 0x00000000-0x00000fff] usable ==> reserved
[    0.001894] e820: remove [mem 0x000a0000-0x000fffff] usable
[    0.001898] last_pfn = 0x7fff0 max_arch_pfn = 0x400000000
[    0.001965] MTRR default type: uncachable
[    0.001966] MTRR fixed ranges enabled:
[    0.001967]   00000-9FFFF write-back
[    0.001968]   A0000-BFFFF uncachable
[    0.001968]   C0000-FFFFF write-protect
[    0.001969] MTRR variable ranges enabled:
[    0.001971]   0 base 000000000000 mask 3FFF80000000 write-back
[    0.001971]   1 disabled
[    0.001972]   2 disabled
[    0.001972]   3 disabled
[    0.001972]   4 disabled
[    0.001973]   5 disabled
[    0.001973]   6 disabled
[    0.001974]   7 disabled
[    0.001974]   8 disabled
[    0.001975]   9 disabled
[    0.001975]   10 disabled
[    0.001975]   11 disabled
[    0.001976]   12 disabled
[    0.001976]   13 disabled
[    0.001977]   14 disabled
[    0.001977]   15 disabled
[    0.001993] x86/PAT: Configuration [0-7]: WB  WC  UC- UC  WB  WP  UC- WT  
[    0.002125] found SMP MP-table at [mem 0x0009fff0-0x0009ffff]
[    0.092973] check: Scanning 1 areas for low memory corruption
[    0.093187] RAMDISK: [mem 0x32271000-0x3512ffff]
[    0.093196] ACPI: Early table checksum verification disabled
[    0.093201] ACPI: RSDP 0x00000000000E0000 000024 (v02 VBOX  )
[    0.093206] ACPI: XSDT 0x000000007FFF0030 00003C (v01 VBOX   VBOXXSDT 00000001 ASL  00000061)
[    0.093212] ACPI: FACP 0x000000007FFF00F0 0000F4 (v04 VBOX   VBOXFACP 00000001 ASL  00000061)
[    0.093219] ACPI: DSDT 0x000000007FFF02E0 002353 (v02 VBOX   VBOXBIOS 00000002 VBOX 00029BF3)
[    0.093223] ACPI: FACS 0x000000007FFF0200 000040
[    0.093226] ACPI: FACS 0x000000007FFF0200 000040
[    0.093229] ACPI: APIC 0x000000007FFF0240 000054 (v02 VBOX   VBOXAPIC 00000001 ASL  00000061)
[    0.093233] ACPI: SSDT 0x000000007FFF02A0 000038 (v01 VBOX   VBOXCPUT 00000002 VBOX 00029BF3)
[    0.093236] ACPI: Reserving FACP table memory at [mem 0x7fff00f0-0x7fff01e3]
[    0.093237] ACPI: Reserving DSDT table memory at [mem 0x7fff02e0-0x7fff2632]
[    0.093238] ACPI: Reserving FACS table memory at [mem 0x7fff0200-0x7fff023f]
[    0.093238] ACPI: Reserving FACS table memory at [mem 0x7fff0200-0x7fff023f]
[    0.093239] ACPI: Reserving APIC table memory at [mem 0x7fff0240-0x7fff0293]
[    0.093240] ACPI: Reserving SSDT table memory at [mem 0x7fff02a0-0x7fff02d7]
[    0.093255] ACPI: Local APIC address 0xfee00000
[    0.093443] No NUMA configuration found
[    0.093444] Faking a node at [mem 0x0000000000000000-0x000000007ffeffff]
[    0.093454] NODE_DATA(0) allocated [mem 0x7ffc5000-0x7ffeffff]
[    0.093726] Zone ranges:
[    0.093728]   DMA      [mem 0x0000000000001000-0x0000000000ffffff]
[    0.093729]   DMA32    [mem 0x0000000001000000-0x000000007ffeffff]
[    0.093730]   Normal   empty
[    0.093731]   Device   empty
[    0.093731] Movable zone start for each node
[    0.093733] Early memory node ranges
[    0.093734]   node   0: [mem 0x0000000000001000-0x000000000009efff]
[    0.093735]   node   0: [mem 0x0000000000100000-0x000000007ffeffff]
[    0.093738] Zeroed struct page in unavailable ranges: 114 pages
[    0.093739] Initmem setup node 0 [mem 0x0000000000001000-0x000000007ffeffff]
[    0.093740] On node 0 totalpages: 524174
[    0.093741]   DMA zone: 64 pages used for memmap
[    0.093742]   DMA zone: 21 pages reserved
[    0.093743]   DMA zone: 3998 pages, LIFO batch:0
[    0.093813]   DMA32 zone: 8128 pages used for memmap
[    0.093814]   DMA32 zone: 520176 pages, LIFO batch:63
[    0.102731] ACPI: PM-Timer IO Port: 0x4008
[    0.102735] ACPI: Local APIC address 0xfee00000
[    0.102802] IOAPIC[0]: apic_id 1, version 32, address 0xfec00000, GSI 0-23
[    0.102805] ACPI: INT_SRC_OVR (bus 0 bus_irq 0 global_irq 2 dfl dfl)
[    0.102807] ACPI: INT_SRC_OVR (bus 0 bus_irq 9 global_irq 9 low level)
[    0.102809] ACPI: IRQ0 used by override.
[    0.102810] ACPI: IRQ9 used by override.
[    0.102812] Using ACPI (MADT) for SMP configuration information
[    0.102820] smpboot: Allowing 1 CPUs, 0 hotplug CPUs
[    0.102842] PM: Registered nosave memory: [mem 0x00000000-0x00000fff]
[    0.102843] PM: Registered nosave memory: [mem 0x0009f000-0x0009ffff]
[    0.102844] PM: Registered nosave memory: [mem 0x000a0000-0x000effff]
[    0.102844] PM: Registered nosave memory: [mem 0x000f0000-0x000fffff]
[    0.102846] [mem 0x80000000-0xfebfffff] available for PCI devices
[    0.102848] Booting paravirtualized kernel on KVM
[    0.102851] clocksource: refined-jiffies: mask: 0xffffffff max_cycles: 0xffffffff, max_idle_ns: 7645519600211568 ns
[    0.102856] setup_percpu: NR_CPUS:8192 nr_cpumask_bits:1 nr_cpu_ids:1 nr_node_ids:1
[    0.103843] percpu: Embedded 60 pages/cpu s208896 r8192 d28672 u2097152
[    0.103848] pcpu-alloc: s208896 r8192 d28672 u2097152 alloc=1*2097152
[    0.103849] pcpu-alloc: [0] 0 
[    0.103875] Built 1 zonelists, mobility grouping on.  Total pages: 515961
[    0.103875] Policy zone: DMA32
[    0.103876] Kernel command line: BOOT_IMAGE=/boot/vmlinuz-5.4.243-mptcp root=UUID=98415a12-53b7-4144-8265-0f7ece09e445 ro quiet splash
[    0.104710] Dentry cache hash table entries: 262144 (order: 9, 2097152 bytes, linear)
[    0.104856] Inode-cache hash table entries: 131072 (order: 8, 1048576 bytes, linear)
[    0.104906] mem auto-init: stack:off, heap alloc:on, heap free:off
[    0.104909] Calgary: detecting Calgary via BIOS EBDA area
[    0.104910] Calgary: Unable to locate Rio Grande table in EBDA - bailing!
[    0.109038] Memory: 1967332K/2096696K available (14339K kernel code, 2398K rwdata, 4712K rodata, 2728K init, 17260K bss, 129364K reserved, 0K cma-reserved)
[    0.109949] SLUB: HWalign=64, Order=0-3, MinObjects=0, CPUs=1, Nodes=1
[    0.109966] ftrace: allocating 43186 entries in 169 pages
[    0.128129] rcu: Hierarchical RCU implementation.
[    0.128131] rcu: 	RCU restricting CPUs from NR_CPUS=8192 to nr_cpu_ids=1.
[    0.128132] 	Tasks RCU enabled.
[    0.128133] rcu: RCU calculated value of scheduler-enlistment delay is 25 jiffies.
[    0.128134] rcu: Adjusting geometry for rcu_fanout_leaf=16, nr_cpu_ids=1
[    0.131093] NR_IRQS: 524544, nr_irqs: 256, preallocated irqs: 16
[    0.131307] random: crng init done
[    0.140607] Console: colour VGA+ 80x25
[    0.140611] printk: console [tty0] enabled
[    0.140632] ACPI: Core revision 20190816
[    0.140727] APIC: Switch to symmetric I/O mode setup
[    0.140975] x2apic enabled
[    0.141212] Switched APIC routing to physical x2apic.
[    0.142338] ..TIMER: vector=0x30 apic1=0 pin1=2 apic2=-1 pin2=-1
[    0.142365] clocksource: tsc-early: mask: 0xffffffffffffffff max_cycles: 0x1e4530a99b6, max_idle_ns: 440795257976 ns
[    0.142371] Calibrating delay loop (skipped) preset value.. 4200.00 BogoMIPS (lpj=8400000)
[    0.142373] pid_max: default: 32768 minimum: 301
[    0.142402] LSM: Security Framework initializing
[    0.142411] Yama: becoming mindful.
[    0.142438] AppArmor: AppArmor initialized
[    0.142471] Mount-cache hash table entries: 4096 (order: 3, 32768 bytes, linear)
[    0.142476] Mountpoint-cache hash table entries: 4096 (order: 3, 32768 bytes, linear)
[    0.142486] *** VALIDATE tmpfs ***
[    0.142616] *** VALIDATE proc ***
[    0.142658] *** VALIDATE cgroup1 ***
[    0.142659] *** VALIDATE cgroup2 ***
[    0.142803] process: using mwait in idle threads
[    0.142807] Last level iTLB entries: 4KB 64, 2MB 8, 4MB 8
[    0.142808] Last level dTLB entries: 4KB 64, 2MB 0, 4MB 0, 1GB 4
[    0.142828] Spectre V1 : Mitigation: usercopy/swapgs barriers and __user pointer sanitization
[    0.142835] Spectre V2 : Mitigation: Retpolines
[    0.142836] Spectre V2 : Spectre v2 / SpectreRSB mitigation: Filling RSB on context switch
[    0.142836] Spectre V2 : Spectre v2 / SpectreRSB : Filling RSB on VMEXIT
[    0.142837] RETBleed: WARNING: Spectre v2 mitigation leaves CPU vulnerable to RETBleed attacks, data leaks possible!
[    0.143188] RETBleed: Vulnerable
[    0.143188] Speculative Store Bypass: Vulnerable
[    0.143193] TAA: Mitigation: TSX disabled
[    0.143193] MMIO Stale Data: Mitigation: Clear CPU buffers
[    0.147437] Freeing SMP alternatives memory: 40K
[    0.259814] smpboot: CPU0: Intel(R) Xeon(R) Silver 4216 CPU @ 2.10GHz (family: 0x6, model: 0x55, stepping: 0x7)
[    0.259961] Performance Events: unsupported p6 CPU model 85 no PMU driver, software events only.
[    0.259999] rcu: Hierarchical SRCU implementation.
[    0.260476] NMI watchdog: Perf NMI watchdog permanently disabled
[    0.260514] smp: Bringing up secondary CPUs ...
[    0.260515] smp: Brought up 1 node, 1 CPU
[    0.260516] smpboot: Max logical packages: 1
[    0.260517] smpboot: Total of 1 processors activated (4200.00 BogoMIPS)
[    0.261482] devtmpfs: initialized
[    0.261531] x86/mm: Memory block size: 128MB
[    0.261881] clocksource: jiffies: mask: 0xffffffff max_cycles: 0xffffffff, max_idle_ns: 7645041785100000 ns
[    0.261887] futex hash table entries: 256 (order: 2, 16384 bytes, linear)
[    0.261931] pinctrl core: initialized pinctrl subsystem
[    0.262034] PM: RTC time: 16:04:42, date: 2026-01-13
[    0.262141] NET: Registered protocol family 16
[    0.262215] audit: initializing netlink subsys (disabled)
[    0.262340] EISA bus registered
[    0.262342] cpuidle: using governor ladder
[    0.262343] cpuidle: using governor menu
[    0.262367] ACPI: bus type PCI registered
[    0.262367] acpiphp: ACPI Hot Plug PCI Controller Driver version: 0.5
[    0.262367] PCI: Using configuration type 1 for base access
[    0.262684] audit: type=2000 audit(1768291489.238:1): state=initialized audit_enabled=0 res=1
[    0.262763] HugeTLB registered 2.00 MiB page size, pre-allocated 0 pages
[    0.263574] ACPI: Added _OSI(Module Device)
[    0.263575] ACPI: Added _OSI(Processor Device)
[    0.263575] ACPI: Added _OSI(3.0 _SCP Extensions)
[    0.263576] ACPI: Added _OSI(Processor Aggregator Device)
[    0.263577] ACPI: Added _OSI(Linux-Dell-Video)
[    0.263578] ACPI: Added _OSI(Linux-Lenovo-NV-HDMI-Audio)
[    0.263578] ACPI: Added _OSI(Linux-HPI-Hybrid-Graphics)
[    0.265533] ACPI: 2 ACPI AML tables successfully acquired and loaded
[    0.267186] ACPI: Interpreter enabled
[    0.267196] ACPI: (supports S0 S5)
[    0.267197] ACPI: Using IOAPIC for interrupt routing
[    0.267402] PCI: Using host bridge windows from ACPI; if necessary, use "pci=nocrs" and report a bug
[    0.267511] ACPI: Enabled 2 GPEs in block 00 to 07
[    0.272341] ACPI: PCI Root Bridge [PCI0] (domain 0000 [bus 00-ff])
[    0.272347] acpi PNP0A03:00: _OSC: OS supports [ASPM ClockPM Segments MSI HPX-Type3]
[    0.272791] acpi PNP0A03:00: _OSC: not requesting OS control; OS requires [ExtendedConfig ASPM ClockPM MSI]
[    0.272799] acpi PNP0A03:00: fail to add MMCONFIG information, can't access extended PCI configuration space under this bridge.
[    0.273173] PCI host bridge to bus 0000:00
[    0.273175] pci_bus 0000:00: root bus resource [io  0x0000-0x0cf7 window]
[    0.273177] pci_bus 0000:00: root bus resource [io  0x0d00-0xffff window]
[    0.273178] pci_bus 0000:00: root bus resource [mem 0x000a0000-0x000bffff window]
[    0.273179] pci_bus 0000:00: root bus resource [mem 0x80000000-0xfdffffff window]
[    0.273180] pci_bus 0000:00: root bus resource [bus 00-ff]
[    0.273223] pci 0000:00:00.0: [8086:1237] type 00 class 0x060000
[    0.274173] pci 0000:00:01.0: [8086:7000] type 00 class 0x060100
[    0.274971] pci 0000:00:01.1: [8086:7111] type 00 class 0x01018a
[    0.275351] pci 0000:00:01.1: reg 0x20: [io  0xd000-0xd00f]
[    0.275505] pci 0000:00:01.1: legacy IDE quirk: reg 0x10: [io  0x01f0-0x01f7]
[    0.275506] pci 0000:00:01.1: legacy IDE quirk: reg 0x14: [io  0x03f6]
[    0.275507] pci 0000:00:01.1: legacy IDE quirk: reg 0x18: [io  0x0170-0x0177]
[    0.275508] pci 0000:00:01.1: legacy IDE quirk: reg 0x1c: [io  0x0376]
[    0.276048] pci 0000:00:02.0: [15ad:0405] type 00 class 0x030000
[    0.278447] pci 0000:00:02.0: reg 0x10: [io  0xd010-0xd01f]
[    0.282413] pci 0000:00:02.0: reg 0x14: [mem 0xe0000000-0xe7ffffff pref]
[    0.285201] pci 0000:00:02.0: reg 0x18: [mem 0xf0000000-0xf01fffff]
[    0.295183] pci 0000:00:03.0: [1022:2000] type 00 class 0x020000
[    0.296094] pci 0000:00:03.0: reg 0x10: [io  0xd020-0xd03f]
[    0.298522] pci 0000:00:03.0: reg 0x14: [mem 0xf0200000-0xf0200fff]
[    0.302730] pci 0000:00:04.0: [80ee:cafe] type 00 class 0x088000
[    0.303481] pci 0000:00:04.0: reg 0x10: [io  0xd040-0xd05f]
[    0.304160] pci 0000:00:04.0: reg 0x14: [mem 0xf0400000-0xf07fffff]
[    0.304821] pci 0000:00:04.0: reg 0x18: [mem 0xf0800000-0xf0803fff pref]
[    0.308380] pci 0000:00:07.0: [8086:7113] type 00 class 0x068000
[    0.308927] pci 0000:00:07.0: quirk: [io  0x4000-0x403f] claimed by PIIX4 ACPI
[    0.308938] pci 0000:00:07.0: quirk: [io  0x4100-0x410f] claimed by PIIX4 SMB
[    0.309561] pci 0000:00:08.0: [8086:100e] type 00 class 0x020000
[    0.310464] pci 0000:00:08.0: reg 0x10: [mem 0xf0820000-0xf083ffff]
[    0.311789] pci 0000:00:08.0: reg 0x18: [io  0xd060-0xd067]
[    0.315443] pci 0000:00:09.0: [8086:100e] type 00 class 0x020000
[    0.316235] pci 0000:00:09.0: reg 0x10: [mem 0xf0840000-0xf085ffff]
[    0.317488] pci 0000:00:09.0: reg 0x18: [io  0xd068-0xd06f]
[    0.327359] ACPI: PCI Interrupt Link [LNKA] (IRQs 5 9 10 *11)
[    0.327642] ACPI: PCI Interrupt Link [LNKB] (IRQs 5 9 *10 11)
[    0.327745] ACPI: PCI Interrupt Link [LNKC] (IRQs 5 *9 10 11)
[    0.327848] ACPI: PCI Interrupt Link [LNKD] (IRQs 5 9 10 *11)
[    0.328114] iommu: Default domain type: Translated 
[    0.328177] pci 0000:00:02.0: vgaarb: setting as boot VGA device
[    0.328179] pci 0000:00:02.0: vgaarb: VGA device added: decodes=io+mem,owns=io+mem,locks=none
[    0.328181] pci 0000:00:02.0: vgaarb: bridge control possible
[    0.328181] vgaarb: loaded
[    0.328394] SCSI subsystem initialized
[    0.328429] libata version 3.00 loaded.
[    0.328449] ACPI: bus type USB registered
[    0.328465] usbcore: registered new interface driver usbfs
[    0.328471] usbcore: registered new interface driver hub
[    0.328476] usbcore: registered new device driver usb
[    0.328516] pps_core: LinuxPPS API ver. 1 registered
[    0.328516] pps_core: Software ver. 5.3.6 - Copyright 2005-2007 Rodolfo Giometti <giometti@linux.it>
[    0.328518] PTP clock support registered
[    0.328554] EDAC MC: Ver: 3.0.0
[    0.330453] PCI: Using ACPI for IRQ routing
[    0.330455] PCI: pci_cache_line_size set to 64 bytes
[    0.330629] e820: reserve RAM buffer [mem 0x0009fc00-0x0009ffff]
[    0.330632] e820: reserve RAM buffer [mem 0x7fff0000-0x7fffffff]
[    0.331425] NetLabel: Initializing
[    0.331426] NetLabel:  domain hash size = 128
[    0.331426] NetLabel:  protocols = UNLABELED CIPSOv4 CALIPSO
[    0.331446] NetLabel:  unlabeled traffic allowed by default
[    0.332351] clocksource: Switched to clocksource kvm-clock
[    0.343161] *** VALIDATE bpf ***
[    0.343161] VFS: Disk quotas dquot_6.6.0
[    0.343161] VFS: Dquot-cache hash table entries: 512 (order 0, 4096 bytes)
[    0.343161] *** VALIDATE ramfs ***
[    0.343161] *** VALIDATE hugetlbfs ***
[    0.343161] AppArmor: AppArmor Filesystem Enabled
[    0.343161] pnp: PnP ACPI init
[    0.343161] pnp 00:00: Plug and Play ACPI device, IDs PNP0303 (active)
[    0.344981] pnp 00:01: Plug and Play ACPI device, IDs PNP0f03 (active)
[    0.345737] pnp: PnP ACPI: found 2 devices
[    0.346700] thermal_sys: Registered thermal governor 'fair_share'
[    0.346701] thermal_sys: Registered thermal governor 'bang_bang'
[    0.346702] thermal_sys: Registered thermal governor 'step_wise'
[    0.346702] thermal_sys: Registered thermal governor 'user_space'
[    0.346703] thermal_sys: Registered thermal governor 'power_allocator'
[    0.351230] clocksource: acpi_pm: mask: 0xffffff max_cycles: 0xffffff, max_idle_ns: 2085701024 ns
[    0.351270] pci_bus 0000:00: resource 4 [io  0x0000-0x0cf7 window]
[    0.351271] pci_bus 0000:00: resource 5 [io  0x0d00-0xffff window]
[    0.351273] pci_bus 0000:00: resource 6 [mem 0x000a0000-0x000bffff window]
[    0.351274] pci_bus 0000:00: resource 7 [mem 0x80000000-0xfdffffff window]
[    0.351332] NET: Registered protocol family 2
[    0.351406] IP idents hash table entries: 32768 (order: 6, 262144 bytes, linear)
[    0.351805] MPTCP tokens hash table entries: 8192 (order: 4, 65536 bytes, linear)
[    0.351825] MPTCP request tokens hash table entries: 8192 (order: 4, 65536 bytes, linear)
[    0.351849] default registered
[    0.351850] default registered
[    0.351850] MPTCP: Stable release v0.96
[    0.351855] tcp_listen_portaddr_hash hash table entries: 1024 (order: 2, 16384 bytes, linear)
[    0.351932] TCP established hash table entries: 16384 (order: 5, 131072 bytes, linear)
[    0.351997] TCP bind hash table entries: 16384 (order: 6, 262144 bytes, linear)
[    0.352023] TCP: Hash tables configured (established 16384 bind 16384)
[    0.352729] UDP hash table entries: 1024 (order: 3, 32768 bytes, linear)
[    0.352741] UDP-Lite hash table entries: 1024 (order: 3, 32768 bytes, linear)
[    0.352774] NET: Registered protocol family 1
[    0.352782] NET: Registered protocol family 44
[    0.352805] pci 0000:00:00.0: Limiting direct PCI/PCI transfers
[    0.352817] pci 0000:00:01.0: Activating ISA DMA hang workarounds
[    0.352871] pci 0000:00:02.0: Video device with shadowed ROM at [mem 0x000c0000-0x000dffff]
[    0.352934] PCI: CLS 0 bytes, default 64
[    0.352981] Trying to unpack rootfs image as initramfs...
[    0.524127] Freeing initrd memory: 47868K
[    0.524127] clocksource: tsc: mask: 0xffffffffffffffff max_cycles: 0x1e4530a99b6, max_idle_ns: 440795257976 ns
[    0.524127] clocksource: Switched to clocksource tsc
[    0.524127] platform rtc_cmos: registered platform RTC device (no PNP device found)
[    0.524127] check: Scanning for low memory corruption every 60 seconds
[    0.524127] Initialise system trusted keyrings
[    0.524127] Key type blacklist registered
[    0.524127] workingset: timestamp_bits=36 max_order=19 bucket_order=0
[    0.524127] zbud: loaded
[    0.524127] squashfs: version 4.0 (2009/01/31) Phillip Lougher
[    0.524127] fuse: init (API version 7.31)
[    0.524127] *** VALIDATE fuse ***
[    0.524127] *** VALIDATE fuse ***
[    0.524127] Platform Keyring initialized
[    0.536382] Key type asymmetric registered
[    0.536384] Asymmetric key parser 'x509' registered
[    0.536394] Block layer SCSI generic (bsg) driver version 0.4 loaded (major 244)
[    0.536430] io scheduler mq-deadline registered
[    0.536550] shpchp: Standard Hot Plug PCI Controller Driver version: 0.4
[    0.536749] ACPI: AC Adapter [AC] (on-line)
[    0.536794] input: Power Button as /devices/LNXSYSTM:00/LNXPWRBN:00/input/input0
[    0.536822] ACPI: Power Button [PWRF]
[    0.536896] input: Sleep Button as /devices/LNXSYSTM:00/LNXSLPBN:00/input/input1
[    0.536910] ACPI: Sleep Button [SLPF]
[    0.537133] Serial: 8250/16550 driver, 32 ports, IRQ sharing enabled
[    0.538285] Linux agpgart interface v0.103
[    0.627103] loop: module loaded
[    0.627251] ata_piix 0000:00:01.1: version 2.13
[    0.627663] scsi host0: ata_piix
[    0.627754] scsi host1: ata_piix
[    0.627781] ata1: PATA max UDMA/33 cmd 0x1f0 ctl 0x3f6 bmdma 0xd000 irq 14
[    0.627782] ata2: PATA max UDMA/33 cmd 0x170 ctl 0x376 bmdma 0xd008 irq 15
[    0.627863] tun: Universal TUN/TAP device driver, 1.6
[    0.628176] PPP generic driver version 2.4.2
[    0.628221] VFIO - User Level meta-driver version: 0.3
[    0.628457] ehci_hcd: USB 2.0 'Enhanced' Host Controller (EHCI) Driver
[    0.628462] ehci-pci: EHCI PCI platform driver
[    0.628478] ehci-platform: EHCI generic platform driver
[    0.628483] ohci_hcd: USB 1.1 'Open' Host Controller (OHCI) Driver
[    0.628485] ohci-pci: OHCI PCI platform driver
[    0.628492] ohci-platform: OHCI generic platform driver
[    0.628496] uhci_hcd: USB Universal Host Controller Interface driver
[    0.628562] i8042: PNP: PS/2 Controller [PNP0303:PS2K,PNP0f03:PS2M] at 0x60,0x64 irq 1,12
[    0.628997] serio: i8042 KBD port at 0x60,0x64 irq 1
[    0.629001] serio: i8042 AUX port at 0x60,0x64 irq 12
[    0.629087] mousedev: PS/2 mouse device common for all mice
[    0.629345] input: AT Translated Set 2 keyboard as /devices/platform/i8042/serio0/input/input2
[    0.629748] rtc_cmos rtc_cmos: registered as rtc0
[    0.629761] rtc_cmos rtc_cmos: alarms up to one day, 114 bytes nvram
[    0.629766] i2c /dev entries driver
[    0.629811] device-mapper: uevent: version 1.0.3
[    0.629854] device-mapper: ioctl: 4.41.0-ioctl (2019-09-16) initialised: dm-devel@redhat.com
[    0.629869] platform eisa.0: Probing EISA bus 0
[    0.629871] platform eisa.0: EISA: Cannot allocate resource for mainboard
[    0.629872] platform eisa.0: Cannot allocate resource for EISA slot 1
[    0.629873] platform eisa.0: Cannot allocate resource for EISA slot 2
[    0.629874] platform eisa.0: Cannot allocate resource for EISA slot 3
[    0.629875] platform eisa.0: Cannot allocate resource for EISA slot 4
[    0.629876] platform eisa.0: Cannot allocate resource for EISA slot 5
[    0.629877] platform eisa.0: Cannot allocate resource for EISA slot 6
[    0.629878] platform eisa.0: Cannot allocate resource for EISA slot 7
[    0.629879] platform eisa.0: Cannot allocate resource for EISA slot 8
[    0.629880] platform eisa.0: EISA: Detected 0 cards
[    0.629883] intel_pstate: CPU model not supported
[    0.629892] ledtrig-cpu: registered to indicate activity on CPUs
[    0.629946] drop_monitor: Initializing network drop monitor service
[    0.630106] NET: Registered protocol family 10
[    0.635190] Segment Routing with IPv6
[    0.635221] fullmesh registered
[    0.635222] ndiffports registered
[    0.635224] binder registered
[    0.635225] roundrobin registered
[    0.635225] redundant registered
[    0.635226] blest registered
[    0.635227] ecf registered
[    0.635228] NET: Registered protocol family 17
[    0.635244] Key type dns_resolver registered
[    0.635244] RAS: Correctable Errors collector initialized.
[    0.635244] IPI shorthand broadcast: enabled
[    0.635244] sched_clock: Marking stable (620174311, 11070460)->(632601034, -1356263)
[    0.635435] registered taskstats version 1
[    0.635445] Loading compiled-in X.509 certificates
[    0.636033] Loaded X.509 cert 'Build time autogenerated kernel key: 6909f3744cebb3d0de528d5887b96a727de79b1e'
[    0.636052] zswap: loaded using pool lzo/zbud
[    0.636104] Key type ._fscrypt registered
[    0.636105] Key type .fscrypt registered
[    0.640557] Key type big_key registered
[    0.642758] Key type encrypted registered
[    0.642760] AppArmor: AppArmor sha1 policy hashing enabled
[    0.642768] ima: No TPM chip found, activating TPM-bypass!
[    0.642771] ima: Allocated hash algorithm: sha1
[    0.642776] ima: No architecture policies found
[    0.642785] evm: Initialising EVM extended attributes:
[    0.642786] evm: security.selinux
[    0.642787] evm: security.SMACK64
[    0.642787] evm: security.SMACK64EXEC
[    0.642787] evm: security.SMACK64TRANSMUTE
[    0.642788] evm: security.SMACK64MMAP
[    0.642788] evm: security.apparmor
[    0.642789] evm: security.ima
[    0.642789] evm: security.capability
[    0.642790] evm: HMAC attrs: 0x1
[    0.643083] PM:   Magic number: 10:156:85
[    0.643204] rtc_cmos rtc_cmos: setting system clock to 2026-01-13T16:04:43 UTC (1768320283)
[    0.800029] ata1.00: ATA-6: VBOX HARDDISK, 1.0, max UDMA/133
[    0.800032] ata1.00: 209715200 sectors, multi 128: LBA 
[    0.800668] scsi 0:0:0:0: Direct-Access     ATA      VBOX HARDDISK    1.0  PQ: 0 ANSI: 5
[    0.800938] sd 0:0:0:0: [sda] 209715200 512-byte logical blocks: (107 GB/100 GiB)
[    0.800950] sd 0:0:0:0: [sda] Write Protect is off
[    0.800953] sd 0:0:0:0: [sda] Mode Sense: 00 3a 00 00
[    0.800972] sd 0:0:0:0: [sda] Write cache: enabled, read cache: enabled, doesn't support DPO or FUA
[    0.801193] sd 0:0:0:0: Attached scsi generic sg0 type 0
[    0.802541]  sda: sda1 sda2
[    0.811260] sd 0:0:0:0: [sda] Attached SCSI disk
[    0.814395] Freeing unused decrypted memory: 2040K
[    0.815324] Freeing unused kernel image memory: 2728K
[    0.815327] Write protecting the kernel read-only data: 22528k
[    0.816313] Freeing unused kernel image memory: 2036K
[    0.816849] Freeing unused kernel image memory: 1432K
[    0.841771] x86/mm: Checked W+X mappings: passed, no W+X pages found.
[    0.841775] Run /init as init process
[    0.948230] ACPI: Video Device [GFX0] (multi-head: yes  rom: no  post: no)
[    0.948301] input: Video Bus as /devices/LNXSYSTM:00/LNXSYBUS:00/PNP0A03:00/LNXVIDEO:00/input/input4
[    0.959370] pcnet32: pcnet32.c:v1.35 21.Apr.2008 tsbogend@alpha.franken.de
[    0.961034] piix4_smbus 0000:00:07.0: SMBus Host Controller at 0x4100, revision 0
[    0.965077] e1000: Intel(R) PRO/1000 Network Driver - version 7.3.21-k8-NAPI
[    0.965078] e1000: Copyright (c) 1999-2006 Intel Corporation.
[    0.975671] pcnet32: PCnet/FAST III 79C973 at 0xd020, 08:00:27:d2:69:7c assigned IRQ 19
[    0.975714] pcnet32: Found PHY 0022:561b at address 0
[    0.976012] pcnet32: eth0: registered as PCnet/FAST III 79C973
[    0.976032] pcnet32: 1 cards_found
[    1.033513] pcnet32 0000:00:03.0 enp0s3: renamed from eth0
[    1.184069] input: ImExPS/2 Generic Explorer Mouse as /devices/platform/i8042/serio1/input/input5
[    1.371452] e1000 0000:00:08.0 eth0: (PCI:33MHz:32-bit) 08:00:27:b2:56:8e
[    1.371456] e1000 0000:00:08.0 eth0: Intel(R) PRO/1000 Network Connection
[    1.743438] e1000 0000:00:09.0 eth1: (PCI:33MHz:32-bit) 08:00:27:51:a9:55
[    1.743441] e1000 0000:00:09.0 eth1: Intel(R) PRO/1000 Network Connection
[    1.744593] e1000 0000:00:09.0 enp0s9: renamed from eth1
[    1.746387] e1000 0000:00:08.0 enp0s8: renamed from eth0
[    1.931752] EXT4-fs (sda2): mounted filesystem with ordered data mode. Opts: (null)
[    2.024133] systemd[1]: Inserted module 'autofs4'
[    2.036840] systemd[1]: systemd 245.4-4ubuntu3 running in system mode. (+PAM +AUDIT +SELINUX +IMA +APPARMOR +SMACK +SYSVINIT +UTMP +LIBCRYPTSETUP +GCRYPT +GNUTLS +ACL +XZ +LZ4 +SECCOMP +BLKID +ELFUTILS +KMOD +IDN2 -IDN +PCRE2 default-hierarchy=hybrid)
[    2.036871] systemd[1]: Detected virtualization oracle.
[    2.036875] systemd[1]: Detected architecture x86-64.
[    2.038161] systemd[1]: Set hostname to <ztg>.
[    2.162616] systemd[1]: /lib/systemd/system/dbus.socket:5: ListenStream= references a path below legacy directory /var/run/, updating /var/run/dbus/system_bus_socket â†’ /run/dbus/system_bus_socket; please update the unit file accordingly.
[    2.214800] systemd[1]: Created slice system-modprobe.slice.
[    2.214982] systemd[1]: Created slice User and Session Slice.
[    2.215028] systemd[1]: Started Forward Password Requests to Wall Directory Watch.
[    2.215258] systemd[1]: Set up automount Arbitrary Executable File Formats File System Automount Point.
[    2.215298] systemd[1]: Reached target User and Group Name Lookups.
[    2.215308] systemd[1]: Reached target Remote File Systems.
[    2.215316] systemd[1]: Reached target Slices.
[    2.215868] systemd[1]: Listening on Syslog Socket.
[    2.215934] systemd[1]: Listening on fsck to fsckd communication Socket.
[    2.215973] systemd[1]: Listening on initctl Compatibility Named Pipe.
[    2.216105] systemd[1]: Listening on Journal Audit Socket.
[    2.216158] systemd[1]: Listening on Journal Socket (/dev/log).
[    2.216238] systemd[1]: Listening on Journal Socket.
[    2.216301] systemd[1]: Listening on udev Control Socket.
[    2.216339] systemd[1]: Listening on udev Kernel Socket.
[    2.217089] systemd[1]: Mounting Huge Pages File System...
[    2.217986] systemd[1]: Mounting POSIX Message Queue File System...
[    2.218855] systemd[1]: Mounting Kernel Debug File System...
[    2.219748] systemd[1]: Mounting Kernel Trace File System...
[    2.221647] systemd[1]: Starting Journal Service...
[    2.246106] systemd[1]: Starting Set the console keyboard layout...
[    2.254223] systemd[1]: Starting Create list of static device nodes for the current kernel...
[    2.256315] systemd[1]: Starting Load Kernel Module drm...
[    2.257447] systemd[1]: Condition check resulted in Set Up Additional Binary Formats being skipped.
[    2.257490] systemd[1]: Condition check resulted in File System Check on Root Device being skipped.
[    2.271017] systemd[1]: Starting Load Kernel Modules...
[    2.279839] systemd[1]: Starting Remount Root and Kernel File Systems...
[    2.287104] systemd[1]: Starting udev Coldplug all Devices...
[    2.297055] systemd[1]: Starting Uncomplicated firewall...
[    2.298692] systemd[1]: Mounted Huge Pages File System.
[    2.298785] systemd[1]: Mounted POSIX Message Queue File System.
[    2.298864] systemd[1]: Mounted Kernel Debug File System.
[    2.298939] systemd[1]: Mounted Kernel Trace File System.
[    2.299800] EXT4-fs (sda2): re-mounted. Opts: errors=remount-ro
[    2.312534] systemd[1]: Finished Create list of static device nodes for the current kernel.
[    2.313415] systemd[1]: modprobe@drm.service: Succeeded.
[    2.314169] systemd[1]: Finished Load Kernel Module drm.
[    2.330837] systemd[1]: Finished Remount Root and Kernel File Systems.
[    2.332970] lp: driver loaded but no devices found
[    2.349632] systemd[1]: Finished Uncomplicated firewall.
[    2.361764] systemd[1]: Condition check resulted in Rebuild Hardware Database being skipped.
[    2.361803] systemd[1]: Condition check resulted in Platform Persistent Storage Archival being skipped.
[    2.362512] systemd[1]: Starting Load/Save Random Seed...
[    2.364386] ppdev: user-space parallel port driver
[    2.373215] systemd[1]: Starting Create System Users...
[    2.382837] systemd[1]: Finished Load/Save Random Seed.
[    2.388457] systemd[1]: Finished Create System Users.
[    2.391307] systemd[1]: Starting Create Static Device Nodes in /dev...
[    2.425385] systemd[1]: Finished udev Coldplug all Devices.
[    2.427093] systemd[1]: Finished Create Static Device Nodes in /dev.
[    2.427935] systemd[1]: Starting udev Kernel Device Manager...
[    2.451197] [drm] DMA map mode: Caching DMA mappings.
[    2.451260] [drm] Capabilities:
[    2.451260] [drm]   Rect copy.
[    2.451261] [drm]   Cursor.
[    2.451261] [drm]   Cursor bypass.
[    2.451261] [drm]   Cursor bypass 2.
[    2.451262] [drm]   Alpha cursor.
[    2.451262] [drm]   Extended Fifo.
[    2.451262] [drm]   Pitchlock.
[    2.451263] [drm]   Irq mask.
[    2.451263] [drm]   GMR.
[    2.451263] [drm]   Traces.
[    2.451264] [drm]   GMR2.
[    2.451264] [drm]   Screen Object 2.
[    2.451265] [drm]   Command Buffers.
[    2.451265] [drm]   Command Buffers 2.
[    2.451265] [drm]   Guest Backed Resources.
[    2.451266] [drm] Max GMR ids is 8192
[    2.451267] [drm] Max number of GMR pages is 1048576
[    2.451267] [drm] Max dedicated hypervisor surface memory is 393216 kiB
[    2.451268] [drm] Maximum display memory size is 131072 kiB
[    2.451268] [drm] VRAM at 0xe0000000 size is 131072 kiB
[    2.451269] [drm] MMIO at 0xf0000000 size is 2048 kiB
[    2.470122] [TTM] Zone  kernel: Available graphics memory: 1011738 KiB
[    2.470123] [TTM] Initializing pool allocator
[    2.470127] [TTM] Initializing DMA pool allocator
[    2.470156] [drm] Supports vblank timestamp caching Rev 2 (21.10.2013).
[    2.470156] [drm] No driver support for vblank timestamp query.
[    2.470391] [drm] Screen Target Display device initialized
[    2.470621] [drm] width 720
[    2.470636] [drm] height 400
[    2.470639] [drm] bpp 32
[    2.471181] [drm] Fifo max 0x00200000 min 0x00001000 cap 0x00000355
[    2.472491] [drm] Using command buffers with DMA pool.
[    2.472497] [drm] DX: no.
[    2.472497] [drm] Atomic: yes.
[    2.472498] [drm] SM4_1: no.
[    2.472518] [drm:vmw_host_log [vmwgfx]] *ERROR* Failed to send host log message.
[    2.473430] [drm:vmw_host_log [vmwgfx]] *ERROR* Failed to send host log message.
[    2.484012] fbcon: svgadrmfb (fb0) is primary device
[    2.486652] Console: switching to colour frame buffer device 100x37
[    2.491382] [drm] Initialized vmwgfx 2.15.0 20180704 for 0000:00:02.0 on minor 0
[    2.492375] systemd[1]: Finished Load Kernel Modules.
[    2.493291] systemd[1]: Mounting FUSE Control File System...
[    2.494419] systemd[1]: Mounting Kernel Configuration File System...
[    2.511592] systemd[1]: Starting Apply Kernel Variables...
[    2.523786] systemd[1]: Mounted FUSE Control File System.
[    2.523858] systemd[1]: Condition check resulted in VMware vmblock fuse mount being skipped.
[    2.527924] systemd[1]: Mounted Kernel Configuration File System.
[    2.536242] systemd[1]: Finished Set the console keyboard layout.
[    2.536334] systemd[1]: Reached target Local File Systems (Pre).
[    2.538799] systemd[1]: Mounting Mount unit for bare, revision 5...
[    2.551243] systemd[1]: Mounting Mount unit for core18, revision 1705...
[    2.552952] systemd[1]: Mounting Mount unit for gnome-3-34-1804, revision 24...
[    2.557033] systemd[1]: Mounting Mount unit for gtk-common-themes, revision 1506...
[    2.568409] systemd[1]: Mounting Mount unit for gtk-common-themes, revision 1535...
[    2.591404] systemd[1]: Mounting Mount unit for snap-store, revision 433...
[    2.599542] systemd[1]: Mounting Mount unit for snapd, revision 25935...
[    2.604425] systemd[1]: Finished Apply Kernel Variables.
[    2.638010] systemd[1]: Mounted Mount unit for bare, revision 5.
[    2.638108] systemd[1]: Mounted Mount unit for gtk-common-themes, revision 1506.
[    2.645176] systemd[1]: Mounted Mount unit for gnome-3-34-1804, revision 24.
[    2.653650] systemd[1]: Started udev Kernel Device Manager.
[    2.654416] systemd[1]: Starting Show Plymouth Boot Screen...
[    2.670454] systemd[1]: Received SIGRTMIN+20 from PID 275 (plymouthd).
[    2.693857] systemd[1]: Mounted Mount unit for core18, revision 1705.
[    2.694127] systemd[1]: Mounted Mount unit for gtk-common-themes, revision 1535.
[    2.694308] systemd[1]: Started Show Plymouth Boot Screen.
[    2.694481] systemd[1]: Condition check resulted in Dispatch Password Requests to Console Directory Watch being skipped.
[    2.694561] systemd[1]: Started Forward Password Requests to Plymouth Directory Watch.
[    2.694624] systemd[1]: Reached target Local Encrypted Volumes.
[    2.714876] systemd[1]: Mounted Mount unit for snap-store, revision 433.
[    2.715101] systemd[1]: Mounted Mount unit for snapd, revision 25935.
[    2.715254] systemd[1]: Reached target Local File Systems.
[    2.716065] systemd[1]: Starting Load AppArmor profiles...
[    2.718891] systemd[1]: Starting Set console font and keymap...
[    2.741709] systemd[1]: Starting Tell Plymouth To Write Out Runtime Data...
[    2.743444] systemd[1]: Condition check resulted in Store a System Token in an EFI Variable being skipped.
[    2.743507] systemd[1]: Condition check resulted in Commit a transient machine-id on disk being skipped.
[    2.745953] systemd[1]: Finished Set console font and keymap.
[    2.754932] systemd[1]: Received SIGRTMIN+20 from PID 275 (plymouthd).
[    2.755792] systemd[1]: plymouth-read-write.service: Succeeded.
[    2.756017] systemd[1]: Finished Tell Plymouth To Write Out Runtime Data.
[    2.778134] audit: type=1400 audit(1768320285.628:2): apparmor="STATUS" operation="profile_load" profile="unconfined" name="nvidia_modprobe" pid=300 comm="apparmor_parser"
[    2.778136] audit: type=1400 audit(1768320285.628:3): apparmor="STATUS" operation="profile_load" profile="unconfined" name="nvidia_modprobe//kmod" pid=300 comm="apparmor_parser"
[    2.802199] audit: type=1400 audit(1768320285.652:4): apparmor="STATUS" operation="profile_load" profile="unconfined" name="/usr/sbin/tcpdump" pid=301 comm="apparmor_parser"
[    2.829480] audit: type=1400 audit(1768320285.676:5): apparmor="STATUS" operation="profile_load" profile="unconfined" name="/usr/bin/evince" pid=303 comm="apparmor_parser"
[    2.829482] audit: type=1400 audit(1768320285.676:6): apparmor="STATUS" operation="profile_load" profile="unconfined" name="/usr/bin/evince//sanitized_helper" pid=303 comm="apparmor_parser"
[    2.829483] audit: type=1400 audit(1768320285.676:7): apparmor="STATUS" operation="profile_load" profile="unconfined" name="/usr/bin/evince-previewer" pid=303 comm="apparmor_parser"
[    2.829486] audit: type=1400 audit(1768320285.676:8): apparmor="STATUS" operation="profile_load" profile="unconfined" name="/usr/bin/evince-previewer//sanitized_helper" pid=303 comm="apparmor_parser"
[    2.829487] audit: type=1400 audit(1768320285.676:9): apparmor="STATUS" operation="profile_load" profile="unconfined" name="/usr/bin/evince-thumbnailer" pid=303 comm="apparmor_parser"
[    2.860769] audit: type=1400 audit(1768320285.716:10): apparmor="STATUS" operation="profile_load" profile="unconfined" name="/usr/lib/cups/backend/cups-pdf" pid=304 comm="apparmor_parser"
[    2.926200] systemd[1]: Finished Load AppArmor profiles.
[    2.927122] systemd[1]: Starting Load AppArmor profiles managed internally by snapd...
[    3.040946] systemd[1]: Finished Load AppArmor profiles managed internally by snapd.
[    3.197223] systemd[1]: Started Journal Service.
[    3.206898] systemd-journald[229]: Received client request to flush runtime journal.
[    3.210385] systemd-journald[229]: File /var/log/journal/c455b248004a419c87ce85eea238d727/system.journal corrupted or uncleanly shut down, renaming and replacing.
[    4.448002] RAPL PMU: API unit is 2^-32 Joules, 0 fixed counters, 10737418240 ms ovfl timer
[    4.503463] cryptd: max_cpu_qlen set to 1000
[    4.565309] AVX2 version of gcm_enc/dec engaged.
[    4.565309] AES CTR mode by8 optimization enabled
[    6.338474] Adding 1998844k swap on /dev/sda1.  Priority:-2 extents:1 across:1998844k FS
[    7.412284] kauditd_printk_skb: 30 callbacks suppressed
[    7.412285] audit: type=1400 audit(1768320290.264:41): apparmor="DENIED" operation="capable" profile="/usr/sbin/cups-browsed" pid=510 comm="cups-browsed" capability=23  capname="sys_nice"
[    8.764817] pcnet32 0000:00:03.0 enp0s3: link up, 100Mbps, full-duplex
[    8.805869] e1000: enp0s8 NIC Link is Up 1000 Mbps Full Duplex, Flow Control: RX
[    8.806167] IPv6: ADDRCONF(NETDEV_CHANGE): enp0s8: link becomes ready
[    8.828274] e1000: enp0s9 NIC Link is Up 1000 Mbps Full Duplex, Flow Control: RX
[    8.828581] IPv6: ADDRCONF(NETDEV_CHANGE): enp0s9: link becomes ready
[    9.500744] device enp0s3 entered promiscuous mode
[    9.529853] audit: type=1400 audit(1768320292.380:42): apparmor="DENIED" operation="open" profile="/usr/sbin/tcpdump" name="/proc/sys/kernel/random/boot_id" pid=631 comm="tcpdump" requested_mask="r" denied_mask="r" fsuid=0 ouid=0
[    9.530108] audit: type=1400 audit(1768320292.380:43): apparmor="DENIED" operation="open" profile="/usr/sbin/tcpdump" name="/proc/sys/kernel/random/boot_id" pid=631 comm="tcpdump" requested_mask="r" denied_mask="r" fsuid=0 ouid=0
[    9.530162] audit: type=1400 audit(1768320292.380:44): apparmor="DENIED" operation="open" profile="/usr/sbin/tcpdump" name="/proc/sys/kernel/random/boot_id" pid=631 comm="tcpdump" requested_mask="r" denied_mask="r" fsuid=0 ouid=0
[    9.530283] audit: type=1400 audit(1768320292.380:45): apparmor="DENIED" operation="open" profile="/usr/sbin/tcpdump" name="/proc/sys/kernel/random/boot_id" pid=631 comm="tcpdump" requested_mask="r" denied_mask="r" fsuid=0 ouid=0
[    9.531634] audit: type=1400 audit(1768320292.380:46): apparmor="DENIED" operation="open" profile="/usr/sbin/tcpdump" name="/proc/sys/kernel/random/boot_id" pid=632 comm="tcpdump" requested_mask="r" denied_mask="r" fsuid=0 ouid=0
[    9.531780] audit: type=1400 audit(1768320292.380:47): apparmor="DENIED" operation="open" profile="/usr/sbin/tcpdump" name="/proc/sys/kernel/random/boot_id" pid=632 comm="tcpdump" requested_mask="r" denied_mask="r" fsuid=0 ouid=0
[    9.531817] audit: type=1400 audit(1768320292.380:48): apparmor="DENIED" operation="open" profile="/usr/sbin/tcpdump" name="/proc/sys/kernel/random/boot_id" pid=632 comm="tcpdump" requested_mask="r" denied_mask="r" fsuid=0 ouid=0
[    9.531890] audit: type=1400 audit(1768320292.380:49): apparmor="DENIED" operation="open" profile="/usr/sbin/tcpdump" name="/proc/sys/kernel/random/boot_id" pid=632 comm="tcpdump" requested_mask="r" denied_mask="r" fsuid=0 ouid=0
[   15.649805] rfkill: input handler disabled
[  367.960048] AAAAA-TCP_FORW: name:enp0s3: saddr:16783984: daddr:100932208
[  368.041924] AAAAA-TCP_FORW: name:enp0s3: saddr:16783984: daddr:100932208
[  368.102071] AAAAA-TCP_FORW: name:enp0s3: saddr:16783984: daddr:100932208
[  368.214919] AAAAA-TCP_FORW: name:enp0s3: saddr:16783984: daddr:100932208
[  368.377859] AAAAA-TCP_FORW: name:enp0s3: saddr:16783984: daddr:100932208
[  368.484416] AAAAA-TCP_FORW: name:enp0s3: saddr:16783984: daddr:100932208
[  368.601873] AAAAA-TCP_FORW: name:enp0s3: saddr:16783984: daddr:100932208
[  368.823418] AAAAA-TCP_FORW: name:enp0s3: saddr:16783984: daddr:100932208
[  369.256857] AAAAA-TCP_FORW: name:enp0s3: saddr:16783984: daddr:100932208
[  369.520971] AAAAA-TCP_FORW: name:enp0s3: saddr:16783984: daddr:100932208
[  369.721798] AAAAA-TCP_FORW: name:enp0s3: saddr:33561200: daddr:100932208
[  369.777033] AAAAA-TCP_FORW: name:enp0s3: saddr:16783984: daddr:100932208
[  369.897847] AAAAA-TCP_FORW: name:enp0s3: saddr:33561200: daddr:100932208
[  369.993200] AAAAA-TCP_FORW: name:enp0s3: saddr:16783984: daddr:100932208
[  370.061211] AAAAA-TCP_FORW: name:enp0s3: saddr:33561200: daddr:100932208
[  370.192942] AAAAA-TCP_FORW: name:enp0s3: saddr:33561200: daddr:100932208
[  370.481791] AAAAA-TCP_FORW: name:enp0s3: saddr:33561200: daddr:100932208
[  370.574697] AAAAA-TCP_FORW: name:enp0s3: saddr:33561200: daddr:100932208
[  370.595222] AAAAA-TCP_FORW: name:enp0s3: saddr:33561200: daddr:100932208
[  370.644809] AAAAA-TCP_FORW: name:enp0s3: saddr:33561200: daddr:100932208
[  370.820879] AAAAA-TCP_FORW: name:enp0s3: saddr:33561200: daddr:100932208
[  370.831492] AAAAA-TCP_FORW: name:enp0s3: saddr:33561200: daddr:100932208
[  370.891330] AAAAA-TCP_FORW: name:enp0s3: saddr:33561200: daddr:100932208
[  370.913452] AAAAA-TCP_FORW: name:enp0s3: saddr:33561200: daddr:100932208
[  371.067159] AAAAA-TCP_FORW: name:enp0s3: saddr:33561200: daddr:100932208
[  371.181875] AAAAA-TCP_FORW: name:enp0s3: saddr:33561200: daddr:100932208
[  371.285573] AAAAA-TCP_FORW: name:enp0s3: saddr:33561200: daddr:100932208
[  371.393185] AAAAA-TCP_FORW: name:enp0s3: saddr:33561200: daddr:100932208
[  371.617455] AAAAA-TCP_FORW: name:enp0s3: saddr:33561200: daddr:100932208
[  373.049052] AAAAA-TCP_FORW: name:enp0s3: saddr:16783984: daddr:100932208
[  373.341171] AAAAA-TCP_FORW: name:enp0s3: saddr:16783984: daddr:100932208
[  373.669584] AAAAA-TCP_FORW: name:enp0s3: saddr:16783984: daddr:100932208
[  373.763346] AAAAA-TCP_FORW: name:enp0s3: saddr:16783984: daddr:100932208
[  374.809600] AAAAA-TCP_FORW: name:enp0s3: saddr:16783984: daddr:100932208
[  374.946093] AAAAA-TCP_FORW: name:enp0s3: saddr:16783984: daddr:100932208
[  375.077000] AAAAA-TCP_FORW: name:enp0s3: saddr:16783984: daddr:100932208
[  375.365666] AAAAA-TCP_FORW: name:enp0s3: saddr:33561200: daddr:100932208
[  375.468683] AAAAA-TCP_FORW: name:enp0s3: saddr:33561200: daddr:100932208
[  375.678899] AAAAA-TCP_FORW: name:enp0s3: saddr:16783984: daddr:100932208
[  375.716880] AAAAA-TCP_FORW: name:enp0s3: saddr:33561200: daddr:100932208
[  375.781759] AAAAA-TCP_FORW: name:enp0s3: saddr:16783984: daddr:100932208
[  375.887292] AAAAA-TCP_FORW: name:enp0s3: saddr:33561200: daddr:100932208
[  375.972727] AAAAA-TCP_FORW: name:enp0s3: saddr:16783984: daddr:100932208
[  376.220453] AAAAA-TCP_FORW: name:enp0s3: saddr:33561200: daddr:100932208
[  376.501364] AAAAA-TCP_FORW: name:enp0s3: saddr:33561200: daddr:100932208
[  376.655574] AAAAA-TCP_FORW: name:enp0s3: saddr:33561200: daddr:100932208
[  376.824877] AAAAA-TCP_FORW: name:enp0s3: saddr:16783984: daddr:100932208
[  377.028206] AAAAA-TCP_FORW: name:enp0s3: saddr:33561200: daddr:100932208
[  377.146573] AAAAA-TCP_FORW: name:enp0s3: saddr:33561200: daddr:100932208
[  377.233193] AAAAA-TCP_FORW: name:enp0s3: saddr:16783984: daddr:100932208
[  377.317712] AAAAA-TCP_FORW: name:enp0s3: saddr:16783984: daddr:100932208
[  377.374533] AAAAA-TCP_FORW: name:enp0s3: saddr:33561200: daddr:100932208
[  377.476865] AAAAA-TCP_FORW: name:enp0s3: saddr:33561200: daddr:100932208
[  377.594369] AAAAA-TCP_FORW: name:enp0s3: saddr:16783984: daddr:100932208
[  377.694601] AAAAA-TCP_FORW: name:enp0s3: saddr:33561200: daddr:100932208
[  377.959060] AAAAA-TCP_FORW: name:enp0s3: saddr:16783984: daddr:100932208
[  378.076727] AAAAA-TCP_FORW: name:enp0s3: saddr:16783984: daddr:100932208
[  378.162819] AAAAA-TCP_FORW: name:enp0s3: saddr:16783984: daddr:100932208
[  378.295417] AAAAA-TCP_FORW: name:enp0s3: saddr:16783984: daddr:100932208
[  378.475005] AAAAA-TCP_FORW: name:enp0s3: saddr:16783984: daddr:100932208
[  378.552478] AAAAA-TCP_FORW: name:enp0s3: saddr:16783984: daddr:100932208
[  378.650614] AAAAA-TCP_FORW: name:enp0s3: saddr:16783984: daddr:100932208
[  378.799429] AAAAA-TCP_FORW: name:enp0s3: saddr:33561200: daddr:100932208
[  378.875810] AAAAA-TCP_FORW: name:enp0s3: saddr:33561200: daddr:100932208
[  378.997298] AAAAA-TCP_FORW: name:enp0s3: saddr:16783984: daddr:100932208
[  379.097492] AAAAA-TCP_FORW: name:enp0s3: saddr:33561200: daddr:100932208
[  379.143507] AAAAA-TCP_FORW: name:enp0s3: saddr:16783984: daddr:100932208
[  379.289460] AAAAA-TCP_FORW: name:enp0s3: saddr:33561200: daddr:100932208
[  516.461047] rfkill: input handler enabled
[  524.652451] rfkill: input handler disabled
[  699.221254] device enp0s3 left promiscuous mode
