[    0.000000] Linux version 5.4.243-mptcp (root@ztg) (gcc version 12.2.0 (Debian 12.2.0-14+deb12u1)) #53 SMP Wed Dec 24 23:28:15 CST 2025
[    0.000000] Command line: BOOT_IMAGE=/boot/vmlinuz-5.4.243-mptcp root=UUID=98415a12-53b7-4144-8265-0f7ece09e445 ro quiet splash
[    0.000000] KERNEL supported cpus:
[    0.000000]   Intel GenuineIntel
[    0.000000]   AMD AuthenticAMD
[    0.000000]   Hygon HygonGenuine
[    0.000000]   Centaur CentaurHauls
[    0.000000]   zhaoxin   Shanghai  
[    0.000000] x86/fpu: Supporting XSAVE feature 0x001: 'x87 floating point registers'
[    0.000000] x86/fpu: Supporting XSAVE feature 0x002: 'SSE registers'
[    0.000000] x86/fpu: Supporting XSAVE feature 0x004: 'AVX registers'
[    0.000000] x86/fpu: xstate_offset[2]:  576, xstate_sizes[2]:  256
[    0.000000] x86/fpu: Enabled xstate features 0x7, context size is 832 bytes, using 'standard' format.
[    0.000000] BIOS-provided physical RAM map:
[    0.000000] BIOS-e820: [mem 0x0000000000000000-0x000000000009fbff] usable
[    0.000000] BIOS-e820: [mem 0x000000000009fc00-0x000000000009ffff] reserved
[    0.000000] BIOS-e820: [mem 0x00000000000f0000-0x00000000000fffff] reserved
[    0.000000] BIOS-e820: [mem 0x0000000000100000-0x000000007ffeffff] usable
[    0.000000] BIOS-e820: [mem 0x000000007fff0000-0x000000007fffffff] ACPI data
[    0.000000] BIOS-e820: [mem 0x00000000fec00000-0x00000000fec00fff] reserved
[    0.000000] BIOS-e820: [mem 0x00000000fee00000-0x00000000fee00fff] reserved
[    0.000000] BIOS-e820: [mem 0x00000000fffc0000-0x00000000ffffffff] reserved
[    0.000000] NX (Execute Disable) protection: active
[    0.000000] SMBIOS 2.5 present.
[    0.000000] DMI: innotek GmbH VirtualBox/VirtualBox, BIOS VirtualBox 12/01/2006
[    0.000000] Hypervisor detected: KVM
[    0.000000] kvm-clock: Using msrs 4b564d01 and 4b564d00
[    0.000000] kvm-clock: cpu 0, msr 3b201001, primary cpu clock
[    0.000000] kvm-clock: using sched offset of 4433634428 cycles
[    0.000003] clocksource: kvm-clock: mask: 0xffffffffffffffff max_cycles: 0x1cd42e4dffb, max_idle_ns: 881590591483 ns
[    0.000005] tsc: Detected 2100.000 MHz processor
[    0.001863] e820: update [mem 0x00000000-0x00000fff] usable ==> reserved
[    0.001865] e820: remove [mem 0x000a0000-0x000fffff] usable
[    0.001869] last_pfn = 0x7fff0 max_arch_pfn = 0x400000000
[    0.001937] MTRR default type: uncachable
[    0.001938] MTRR fixed ranges enabled:
[    0.001939]   00000-9FFFF write-back
[    0.001939]   A0000-BFFFF uncachable
[    0.001940]   C0000-FFFFF write-protect
[    0.001941] MTRR variable ranges enabled:
[    0.001942]   0 base 000000000000 mask 3FFF80000000 write-back
[    0.001943]   1 disabled
[    0.001943]   2 disabled
[    0.001944]   3 disabled
[    0.001944]   4 disabled
[    0.001945]   5 disabled
[    0.001945]   6 disabled
[    0.001945]   7 disabled
[    0.001946]   8 disabled
[    0.001946]   9 disabled
[    0.001947]   10 disabled
[    0.001947]   11 disabled
[    0.001948]   12 disabled
[    0.001948]   13 disabled
[    0.001948]   14 disabled
[    0.001949]   15 disabled
[    0.001965] x86/PAT: Configuration [0-7]: WB  WC  UC- UC  WB  WP  UC- WT  
[    0.002098] found SMP MP-table at [mem 0x0009fff0-0x0009ffff]
[    0.093901] check: Scanning 1 areas for low memory corruption
[    0.094063] RAMDISK: [mem 0x32271000-0x3512ffff]
[    0.094073] ACPI: Early table checksum verification disabled
[    0.094079] ACPI: RSDP 0x00000000000E0000 000024 (v02 VBOX  )
[    0.094085] ACPI: XSDT 0x000000007FFF0030 00003C (v01 VBOX   VBOXXSDT 00000001 ASL  00000061)
[    0.094091] ACPI: FACP 0x000000007FFF00F0 0000F4 (v04 VBOX   VBOXFACP 00000001 ASL  00000061)
[    0.094097] ACPI: DSDT 0x000000007FFF02E0 002353 (v02 VBOX   VBOXBIOS 00000002 VBOX 00029BF3)
[    0.094101] ACPI: FACS 0x000000007FFF0200 000040
[    0.094104] ACPI: FACS 0x000000007FFF0200 000040
[    0.094108] ACPI: APIC 0x000000007FFF0240 000054 (v02 VBOX   VBOXAPIC 00000001 ASL  00000061)
[    0.094111] ACPI: SSDT 0x000000007FFF02A0 000038 (v01 VBOX   VBOXCPUT 00000002 VBOX 00029BF3)
[    0.094115] ACPI: Reserving FACP table memory at [mem 0x7fff00f0-0x7fff01e3]
[    0.094116] ACPI: Reserving DSDT table memory at [mem 0x7fff02e0-0x7fff2632]
[    0.094116] ACPI: Reserving FACS table memory at [mem 0x7fff0200-0x7fff023f]
[    0.094117] ACPI: Reserving FACS table memory at [mem 0x7fff0200-0x7fff023f]
[    0.094118] ACPI: Reserving APIC table memory at [mem 0x7fff0240-0x7fff0293]
[    0.094118] ACPI: Reserving SSDT table memory at [mem 0x7fff02a0-0x7fff02d7]
[    0.094133] ACPI: Local APIC address 0xfee00000
[    0.094321] No NUMA configuration found
[    0.094322] Faking a node at [mem 0x0000000000000000-0x000000007ffeffff]
[    0.094333] NODE_DATA(0) allocated [mem 0x7ffc5000-0x7ffeffff]
[    0.094604] Zone ranges:
[    0.094604]   DMA      [mem 0x0000000000001000-0x0000000000ffffff]
[    0.094606]   DMA32    [mem 0x0000000001000000-0x000000007ffeffff]
[    0.094607]   Normal   empty
[    0.094607]   Device   empty
[    0.094608] Movable zone start for each node
[    0.094610] Early memory node ranges
[    0.094611]   node   0: [mem 0x0000000000001000-0x000000000009efff]
[    0.094611]   node   0: [mem 0x0000000000100000-0x000000007ffeffff]
[    0.094615] Zeroed struct page in unavailable ranges: 114 pages
[    0.094616] Initmem setup node 0 [mem 0x0000000000001000-0x000000007ffeffff]
[    0.094617] On node 0 totalpages: 524174
[    0.094618]   DMA zone: 64 pages used for memmap
[    0.094618]   DMA zone: 21 pages reserved
[    0.094619]   DMA zone: 3998 pages, LIFO batch:0
[    0.094690]   DMA32 zone: 8128 pages used for memmap
[    0.094691]   DMA32 zone: 520176 pages, LIFO batch:63
[    0.103735] ACPI: PM-Timer IO Port: 0x4008
[    0.103738] ACPI: Local APIC address 0xfee00000
[    0.103814] IOAPIC[0]: apic_id 1, version 32, address 0xfec00000, GSI 0-23
[    0.103818] ACPI: INT_SRC_OVR (bus 0 bus_irq 0 global_irq 2 dfl dfl)
[    0.103820] ACPI: INT_SRC_OVR (bus 0 bus_irq 9 global_irq 9 low level)
[    0.103822] ACPI: IRQ0 used by override.
[    0.103823] ACPI: IRQ9 used by override.
[    0.103825] Using ACPI (MADT) for SMP configuration information
[    0.103832] smpboot: Allowing 1 CPUs, 0 hotplug CPUs
[    0.103855] PM: Registered nosave memory: [mem 0x00000000-0x00000fff]
[    0.103856] PM: Registered nosave memory: [mem 0x0009f000-0x0009ffff]
[    0.103857] PM: Registered nosave memory: [mem 0x000a0000-0x000effff]
[    0.103858] PM: Registered nosave memory: [mem 0x000f0000-0x000fffff]
[    0.103859] [mem 0x80000000-0xfebfffff] available for PCI devices
[    0.103860] Booting paravirtualized kernel on KVM
[    0.103863] clocksource: refined-jiffies: mask: 0xffffffff max_cycles: 0xffffffff, max_idle_ns: 7645519600211568 ns
[    0.103868] setup_percpu: NR_CPUS:8192 nr_cpumask_bits:1 nr_cpu_ids:1 nr_node_ids:1
[    0.104881] percpu: Embedded 60 pages/cpu s208896 r8192 d28672 u2097152
[    0.104886] pcpu-alloc: s208896 r8192 d28672 u2097152 alloc=1*2097152
[    0.104887] pcpu-alloc: [0] 0 
[    0.104915] Built 1 zonelists, mobility grouping on.  Total pages: 515961
[    0.104916] Policy zone: DMA32
[    0.104918] Kernel command line: BOOT_IMAGE=/boot/vmlinuz-5.4.243-mptcp root=UUID=98415a12-53b7-4144-8265-0f7ece09e445 ro quiet splash
[    0.105753] Dentry cache hash table entries: 262144 (order: 9, 2097152 bytes, linear)
[    0.105900] Inode-cache hash table entries: 131072 (order: 8, 1048576 bytes, linear)
[    0.105950] mem auto-init: stack:off, heap alloc:on, heap free:off
[    0.105953] Calgary: detecting Calgary via BIOS EBDA area
[    0.105954] Calgary: Unable to locate Rio Grande table in EBDA - bailing!
[    0.110026] Memory: 1967332K/2096696K available (14339K kernel code, 2398K rwdata, 4712K rodata, 2728K init, 17260K bss, 129364K reserved, 0K cma-reserved)
[    0.110936] SLUB: HWalign=64, Order=0-3, MinObjects=0, CPUs=1, Nodes=1
[    0.110953] ftrace: allocating 43186 entries in 169 pages
[    0.129208] rcu: Hierarchical RCU implementation.
[    0.129210] rcu: 	RCU restricting CPUs from NR_CPUS=8192 to nr_cpu_ids=1.
[    0.129211] 	Tasks RCU enabled.
[    0.129212] rcu: RCU calculated value of scheduler-enlistment delay is 25 jiffies.
[    0.129213] rcu: Adjusting geometry for rcu_fanout_leaf=16, nr_cpu_ids=1
[    0.132241] NR_IRQS: 524544, nr_irqs: 256, preallocated irqs: 16
[    0.132448] random: crng init done
[    0.141859] Console: colour VGA+ 80x25
[    0.141863] printk: console [tty0] enabled
[    0.141885] ACPI: Core revision 20190816
[    0.141980] APIC: Switch to symmetric I/O mode setup
[    0.142253] x2apic enabled
[    0.142507] Switched APIC routing to physical x2apic.
[    0.143671] ..TIMER: vector=0x30 apic1=0 pin1=2 apic2=-1 pin2=-1
[    0.143698] clocksource: tsc-early: mask: 0xffffffffffffffff max_cycles: 0x1e4530a99b6, max_idle_ns: 440795257976 ns
[    0.143703] Calibrating delay loop (skipped) preset value.. 4200.00 BogoMIPS (lpj=8400000)
[    0.143705] pid_max: default: 32768 minimum: 301
[    0.143733] LSM: Security Framework initializing
[    0.143743] Yama: becoming mindful.
[    0.143770] AppArmor: AppArmor initialized
[    0.143804] Mount-cache hash table entries: 4096 (order: 3, 32768 bytes, linear)
[    0.143809] Mountpoint-cache hash table entries: 4096 (order: 3, 32768 bytes, linear)
[    0.143819] *** VALIDATE tmpfs ***
[    0.143948] *** VALIDATE proc ***
[    0.143987] *** VALIDATE cgroup1 ***
[    0.143988] *** VALIDATE cgroup2 ***
[    0.144128] process: using mwait in idle threads
[    0.144133] Last level iTLB entries: 4KB 64, 2MB 8, 4MB 8
[    0.144133] Last level dTLB entries: 4KB 64, 2MB 0, 4MB 0, 1GB 4
[    0.144153] Spectre V1 : Mitigation: usercopy/swapgs barriers and __user pointer sanitization
[    0.144158] Spectre V2 : Mitigation: Retpolines
[    0.144159] Spectre V2 : Spectre v2 / SpectreRSB mitigation: Filling RSB on context switch
[    0.144160] Spectre V2 : Spectre v2 / SpectreRSB : Filling RSB on VMEXIT
[    0.144161] RETBleed: WARNING: Spectre v2 mitigation leaves CPU vulnerable to RETBleed attacks, data leaks possible!
[    0.144517] RETBleed: Vulnerable
[    0.144517] Speculative Store Bypass: Vulnerable
[    0.144522] TAA: Mitigation: TSX disabled
[    0.144522] MMIO Stale Data: Mitigation: Clear CPU buffers
[    0.148739] Freeing SMP alternatives memory: 40K
[    0.260877] smpboot: CPU0: Intel(R) Xeon(R) Silver 4216 CPU @ 2.10GHz (family: 0x6, model: 0x55, stepping: 0x7)
[    0.261014] Performance Events: unsupported p6 CPU model 85 no PMU driver, software events only.
[    0.261051] rcu: Hierarchical SRCU implementation.
[    0.261523] NMI watchdog: Perf NMI watchdog permanently disabled
[    0.261561] smp: Bringing up secondary CPUs ...
[    0.261562] smp: Brought up 1 node, 1 CPU
[    0.261563] smpboot: Max logical packages: 1
[    0.261565] smpboot: Total of 1 processors activated (4200.00 BogoMIPS)
[    0.262510] devtmpfs: initialized
[    0.262557] x86/mm: Memory block size: 128MB
[    0.262904] clocksource: jiffies: mask: 0xffffffff max_cycles: 0xffffffff, max_idle_ns: 7645041785100000 ns
[    0.262909] futex hash table entries: 256 (order: 2, 16384 bytes, linear)
[    0.262952] pinctrl core: initialized pinctrl subsystem
[    0.263053] PM: RTC time: 16:04:48, date: 2026-01-13
[    0.263159] NET: Registered protocol family 16
[    0.263231] audit: initializing netlink subsys (disabled)
[    0.263357] EISA bus registered
[    0.263359] cpuidle: using governor ladder
[    0.263360] cpuidle: using governor menu
[    0.263395] ACPI: bus type PCI registered
[    0.263397] acpiphp: ACPI Hot Plug PCI Controller Driver version: 0.5
[    0.263501] PCI: Using configuration type 1 for base access
[    0.263952] audit: type=2000 audit(1768291494.972:1): state=initialized audit_enabled=0 res=1
[    0.264054] HugeTLB registered 2.00 MiB page size, pre-allocated 0 pages
[    0.264919] ACPI: Added _OSI(Module Device)
[    0.264920] ACPI: Added _OSI(Processor Device)
[    0.264921] ACPI: Added _OSI(3.0 _SCP Extensions)
[    0.264921] ACPI: Added _OSI(Processor Aggregator Device)
[    0.264923] ACPI: Added _OSI(Linux-Dell-Video)
[    0.264924] ACPI: Added _OSI(Linux-Lenovo-NV-HDMI-Audio)
[    0.264924] ACPI: Added _OSI(Linux-HPI-Hybrid-Graphics)
[    0.266968] ACPI: 2 ACPI AML tables successfully acquired and loaded
[    0.268663] ACPI: Interpreter enabled
[    0.268673] ACPI: (supports S0 S5)
[    0.268674] ACPI: Using IOAPIC for interrupt routing
[    0.268883] PCI: Using host bridge windows from ACPI; if necessary, use "pci=nocrs" and report a bug
[    0.268992] ACPI: Enabled 2 GPEs in block 00 to 07
[    0.274002] ACPI: PCI Root Bridge [PCI0] (domain 0000 [bus 00-ff])
[    0.274007] acpi PNP0A03:00: _OSC: OS supports [ASPM ClockPM Segments MSI HPX-Type3]
[    0.274461] acpi PNP0A03:00: _OSC: not requesting OS control; OS requires [ExtendedConfig ASPM ClockPM MSI]
[    0.274471] acpi PNP0A03:00: fail to add MMCONFIG information, can't access extended PCI configuration space under this bridge.
[    0.274849] PCI host bridge to bus 0000:00
[    0.274851] pci_bus 0000:00: root bus resource [io  0x0000-0x0cf7 window]
[    0.274852] pci_bus 0000:00: root bus resource [io  0x0d00-0xffff window]
[    0.274853] pci_bus 0000:00: root bus resource [mem 0x000a0000-0x000bffff window]
[    0.274854] pci_bus 0000:00: root bus resource [mem 0x80000000-0xfdffffff window]
[    0.274856] pci_bus 0000:00: root bus resource [bus 00-ff]
[    0.274900] pci 0000:00:00.0: [8086:1237] type 00 class 0x060000
[    0.275785] pci 0000:00:01.0: [8086:7000] type 00 class 0x060100
[    0.276542] pci 0000:00:01.1: [8086:7111] type 00 class 0x01018a
[    0.276919] pci 0000:00:01.1: reg 0x20: [io  0xd000-0xd00f]
[    0.277083] pci 0000:00:01.1: legacy IDE quirk: reg 0x10: [io  0x01f0-0x01f7]
[    0.277083] pci 0000:00:01.1: legacy IDE quirk: reg 0x14: [io  0x03f6]
[    0.277084] pci 0000:00:01.1: legacy IDE quirk: reg 0x18: [io  0x0170-0x0177]
[    0.277085] pci 0000:00:01.1: legacy IDE quirk: reg 0x1c: [io  0x0376]
[    0.277631] pci 0000:00:02.0: [15ad:0405] type 00 class 0x030000
[    0.279777] pci 0000:00:02.0: reg 0x10: [io  0xd010-0xd01f]
[    0.283745] pci 0000:00:02.0: reg 0x14: [mem 0xe0000000-0xe7ffffff pref]
[    0.286429] pci 0000:00:02.0: reg 0x18: [mem 0xf0000000-0xf01fffff]
[    0.296507] pci 0000:00:03.0: [1022:2000] type 00 class 0x020000
[    0.297206] pci 0000:00:03.0: reg 0x10: [io  0xd020-0xd03f]
[    0.297842] pci 0000:00:03.0: reg 0x14: [mem 0xf0200000-0xf0200fff]
[    0.302264] pci 0000:00:04.0: [80ee:cafe] type 00 class 0x088000
[    0.302939] pci 0000:00:04.0: reg 0x10: [io  0xd040-0xd05f]
[    0.303554] pci 0000:00:04.0: reg 0x14: [mem 0xf0400000-0xf07fffff]
[    0.303814] pci 0000:00:04.0: reg 0x18: [mem 0xf0800000-0xf0803fff pref]
[    0.307742] pci 0000:00:07.0: [8086:7113] type 00 class 0x068000
[    0.308276] pci 0000:00:07.0: quirk: [io  0x4000-0x403f] claimed by PIIX4 ACPI
[    0.308286] pci 0000:00:07.0: quirk: [io  0x4100-0x410f] claimed by PIIX4 SMB
[    0.308896] pci 0000:00:08.0: [8086:100e] type 00 class 0x020000
[    0.309626] pci 0000:00:08.0: reg 0x10: [mem 0xf0820000-0xf083ffff]
[    0.310783] pci 0000:00:08.0: reg 0x18: [io  0xd060-0xd067]
[    0.313902] pci 0000:00:09.0: [8086:100e] type 00 class 0x020000
[    0.314652] pci 0000:00:09.0: reg 0x10: [mem 0xf0840000-0xf085ffff]
[    0.315811] pci 0000:00:09.0: reg 0x18: [io  0xd068-0xd06f]
[    0.324837] ACPI: PCI Interrupt Link [LNKA] (IRQs 5 9 10 *11)
[    0.325119] ACPI: PCI Interrupt Link [LNKB] (IRQs 5 9 *10 11)
[    0.327718] ACPI: PCI Interrupt Link [LNKC] (IRQs 5 *9 10 11)
[    0.327823] ACPI: PCI Interrupt Link [LNKD] (IRQs 5 9 10 *11)
[    0.328085] iommu: Default domain type: Translated 
[    0.328146] pci 0000:00:02.0: vgaarb: setting as boot VGA device
[    0.328148] pci 0000:00:02.0: vgaarb: VGA device added: decodes=io+mem,owns=io+mem,locks=none
[    0.328150] pci 0000:00:02.0: vgaarb: bridge control possible
[    0.328150] vgaarb: loaded
[    0.328364] SCSI subsystem initialized
[    0.328396] libata version 3.00 loaded.
[    0.328420] ACPI: bus type USB registered
[    0.328436] usbcore: registered new interface driver usbfs
[    0.328441] usbcore: registered new interface driver hub
[    0.328446] usbcore: registered new device driver usb
[    0.328472] pps_core: LinuxPPS API ver. 1 registered
[    0.328473] pps_core: Software ver. 5.3.6 - Copyright 2005-2007 Rodolfo Giometti <giometti@linux.it>
[    0.328475] PTP clock support registered
[    0.328510] EDAC MC: Ver: 3.0.0
[    0.328796] PCI: Using ACPI for IRQ routing
[    0.328797] PCI: pci_cache_line_size set to 64 bytes
[    0.328965] e820: reserve RAM buffer [mem 0x0009fc00-0x0009ffff]
[    0.328968] e820: reserve RAM buffer [mem 0x7fff0000-0x7fffffff]
[    0.329799] NetLabel: Initializing
[    0.329800] NetLabel:  domain hash size = 128
[    0.329800] NetLabel:  protocols = UNLABELED CIPSOv4 CALIPSO
[    0.329820] NetLabel:  unlabeled traffic allowed by default
[    0.330733] clocksource: Switched to clocksource kvm-clock
[    0.342104] *** VALIDATE bpf ***
[    0.342165] VFS: Disk quotas dquot_6.6.0
[    0.342178] VFS: Dquot-cache hash table entries: 512 (order 0, 4096 bytes)
[    0.342199] *** VALIDATE ramfs ***
[    0.342202] *** VALIDATE hugetlbfs ***
[    0.342280] AppArmor: AppArmor Filesystem Enabled
[    0.342305] pnp: PnP ACPI init
[    0.342370] pnp 00:00: Plug and Play ACPI device, IDs PNP0303 (active)
[    0.342436] pnp 00:01: Plug and Play ACPI device, IDs PNP0f03 (active)
[    0.343214] pnp: PnP ACPI: found 2 devices
[    0.343315] thermal_sys: Registered thermal governor 'fair_share'
[    0.343315] thermal_sys: Registered thermal governor 'bang_bang'
[    0.343315] thermal_sys: Registered thermal governor 'step_wise'
[    0.343315] thermal_sys: Registered thermal governor 'user_space'
[    0.343315] thermal_sys: Registered thermal governor 'power_allocator'
[    0.348714] clocksource: acpi_pm: mask: 0xffffff max_cycles: 0xffffff, max_idle_ns: 2085701024 ns
[    0.348754] pci_bus 0000:00: resource 4 [io  0x0000-0x0cf7 window]
[    0.348756] pci_bus 0000:00: resource 5 [io  0x0d00-0xffff window]
[    0.348757] pci_bus 0000:00: resource 6 [mem 0x000a0000-0x000bffff window]
[    0.348758] pci_bus 0000:00: resource 7 [mem 0x80000000-0xfdffffff window]
[    0.348815] NET: Registered protocol family 2
[    0.348889] IP idents hash table entries: 32768 (order: 6, 262144 bytes, linear)
[    0.349291] MPTCP tokens hash table entries: 8192 (order: 4, 65536 bytes, linear)
[    0.349311] MPTCP request tokens hash table entries: 8192 (order: 4, 65536 bytes, linear)
[    0.349336] default registered
[    0.349337] default registered
[    0.349337] MPTCP: Stable release v0.96
[    0.349342] tcp_listen_portaddr_hash hash table entries: 1024 (order: 2, 16384 bytes, linear)
[    0.349419] TCP established hash table entries: 16384 (order: 5, 131072 bytes, linear)
[    0.349484] TCP bind hash table entries: 16384 (order: 6, 262144 bytes, linear)
[    0.349510] TCP: Hash tables configured (established 16384 bind 16384)
[    0.350205] UDP hash table entries: 1024 (order: 3, 32768 bytes, linear)
[    0.350216] UDP-Lite hash table entries: 1024 (order: 3, 32768 bytes, linear)
[    0.350250] NET: Registered protocol family 1
[    0.350258] NET: Registered protocol family 44
[    0.350277] pci 0000:00:00.0: Limiting direct PCI/PCI transfers
[    0.350288] pci 0000:00:01.0: Activating ISA DMA hang workarounds
[    0.350343] pci 0000:00:02.0: Video device with shadowed ROM at [mem 0x000c0000-0x000dffff]
[    0.350406] PCI: CLS 0 bytes, default 64
[    0.350455] Trying to unpack rootfs image as initramfs...
[    0.524486] Freeing initrd memory: 47868K
[    0.524486] clocksource: tsc: mask: 0xffffffffffffffff max_cycles: 0x1e4530a99b6, max_idle_ns: 440795257976 ns
[    0.524486] clocksource: Switched to clocksource tsc
[    0.524486] platform rtc_cmos: registered platform RTC device (no PNP device found)
[    0.524486] check: Scanning for low memory corruption every 60 seconds
[    0.524486] Initialise system trusted keyrings
[    0.524486] Key type blacklist registered
[    0.524486] workingset: timestamp_bits=36 max_order=19 bucket_order=0
[    0.524486] zbud: loaded
[    0.524486] squashfs: version 4.0 (2009/01/31) Phillip Lougher
[    0.524486] fuse: init (API version 7.31)
[    0.524486] *** VALIDATE fuse ***
[    0.524486] *** VALIDATE fuse ***
[    0.524486] Platform Keyring initialized
[    0.524486] Key type asymmetric registered
[    0.524486] Asymmetric key parser 'x509' registered
[    0.524486] Block layer SCSI generic (bsg) driver version 0.4 loaded (major 244)
[    0.524486] io scheduler mq-deadline registered
[    0.538223] shpchp: Standard Hot Plug PCI Controller Driver version: 0.4
[    0.538427] ACPI: AC Adapter [AC] (on-line)
[    0.538471] input: Power Button as /devices/LNXSYSTM:00/LNXPWRBN:00/input/input0
[    0.538510] ACPI: Power Button [PWRF]
[    0.538596] input: Sleep Button as /devices/LNXSYSTM:00/LNXSLPBN:00/input/input1
[    0.538612] ACPI: Sleep Button [SLPF]
[    0.538861] Serial: 8250/16550 driver, 32 ports, IRQ sharing enabled
[    0.540000] Linux agpgart interface v0.103
[    0.635297] loop: module loaded
[    0.635442] ata_piix 0000:00:01.1: version 2.13
[    0.635843] scsi host0: ata_piix
[    0.635934] scsi host1: ata_piix
[    0.635961] ata1: PATA max UDMA/33 cmd 0x1f0 ctl 0x3f6 bmdma 0xd000 irq 14
[    0.635962] ata2: PATA max UDMA/33 cmd 0x170 ctl 0x376 bmdma 0xd008 irq 15
[    0.636041] tun: Universal TUN/TAP device driver, 1.6
[    0.636350] PPP generic driver version 2.4.2
[    0.636392] VFIO - User Level meta-driver version: 0.3
[    0.636626] ehci_hcd: USB 2.0 'Enhanced' Host Controller (EHCI) Driver
[    0.636631] ehci-pci: EHCI PCI platform driver
[    0.636645] ehci-platform: EHCI generic platform driver
[    0.636650] ohci_hcd: USB 1.1 'Open' Host Controller (OHCI) Driver
[    0.636652] ohci-pci: OHCI PCI platform driver
[    0.636659] ohci-platform: OHCI generic platform driver
[    0.636663] uhci_hcd: USB Universal Host Controller Interface driver
[    0.636727] i8042: PNP: PS/2 Controller [PNP0303:PS2K,PNP0f03:PS2M] at 0x60,0x64 irq 1,12
[    0.637163] serio: i8042 KBD port at 0x60,0x64 irq 1
[    0.637166] serio: i8042 AUX port at 0x60,0x64 irq 12
[    0.637252] mousedev: PS/2 mouse device common for all mice
[    0.637504] input: AT Translated Set 2 keyboard as /devices/platform/i8042/serio0/input/input2
[    0.637901] rtc_cmos rtc_cmos: registered as rtc0
[    0.637914] rtc_cmos rtc_cmos: alarms up to one day, 114 bytes nvram
[    0.637919] i2c /dev entries driver
[    0.637961] device-mapper: uevent: version 1.0.3
[    0.638004] device-mapper: ioctl: 4.41.0-ioctl (2019-09-16) initialised: dm-devel@redhat.com
[    0.638018] platform eisa.0: Probing EISA bus 0
[    0.638020] platform eisa.0: EISA: Cannot allocate resource for mainboard
[    0.638021] platform eisa.0: Cannot allocate resource for EISA slot 1
[    0.638022] platform eisa.0: Cannot allocate resource for EISA slot 2
[    0.638023] platform eisa.0: Cannot allocate resource for EISA slot 3
[    0.638024] platform eisa.0: Cannot allocate resource for EISA slot 4
[    0.638025] platform eisa.0: Cannot allocate resource for EISA slot 5
[    0.638026] platform eisa.0: Cannot allocate resource for EISA slot 6
[    0.638026] platform eisa.0: Cannot allocate resource for EISA slot 7
[    0.638027] platform eisa.0: Cannot allocate resource for EISA slot 8
[    0.638028] platform eisa.0: EISA: Detected 0 cards
[    0.638031] intel_pstate: CPU model not supported
[    0.638040] ledtrig-cpu: registered to indicate activity on CPUs
[    0.638094] drop_monitor: Initializing network drop monitor service
[    0.638251] NET: Registered protocol family 10
[    0.643345] Segment Routing with IPv6
[    0.643374] fullmesh registered
[    0.643375] ndiffports registered
[    0.643377] binder registered
[    0.643378] roundrobin registered
[    0.643378] redundant registered
[    0.643379] blest registered
[    0.643379] ecf registered
[    0.643380] NET: Registered protocol family 17
[    0.643410] Key type dns_resolver registered
[    0.643436] RAS: Correctable Errors collector initialized.
[    0.643436] IPI shorthand broadcast: enabled
[    0.643436] sched_clock: Marking stable (628176181, 11260789)->(641833502, -2396532)
[    0.643589] registered taskstats version 1
[    0.643598] Loading compiled-in X.509 certificates
[    0.644183] Loaded X.509 cert 'Build time autogenerated kernel key: 6909f3744cebb3d0de528d5887b96a727de79b1e'
[    0.644201] zswap: loaded using pool lzo/zbud
[    0.644254] Key type ._fscrypt registered
[    0.644255] Key type .fscrypt registered
[    0.648670] Key type big_key registered
[    0.650846] Key type encrypted registered
[    0.650849] AppArmor: AppArmor sha1 policy hashing enabled
[    0.650856] ima: No TPM chip found, activating TPM-bypass!
[    0.650859] ima: Allocated hash algorithm: sha1
[    0.650865] ima: No architecture policies found
[    0.650874] evm: Initialising EVM extended attributes:
[    0.650874] evm: security.selinux
[    0.650875] evm: security.SMACK64
[    0.650875] evm: security.SMACK64EXEC
[    0.650876] evm: security.SMACK64TRANSMUTE
[    0.650876] evm: security.SMACK64MMAP
[    0.650877] evm: security.apparmor
[    0.650877] evm: security.ima
[    0.650878] evm: security.capability
[    0.650878] evm: HMAC attrs: 0x1
[    0.651171] PM:   Magic number: 10:156:85
[    0.651289] rtc_cmos rtc_cmos: setting system clock to 2026-01-13T16:04:49 UTC (1768320289)
[    0.808417] ata1.00: ATA-6: VBOX HARDDISK, 1.0, max UDMA/133
[    0.808421] ata1.00: 209715200 sectors, multi 128: LBA 
[    0.809085] scsi 0:0:0:0: Direct-Access     ATA      VBOX HARDDISK    1.0  PQ: 0 ANSI: 5
[    0.809375] sd 0:0:0:0: [sda] 209715200 512-byte logical blocks: (107 GB/100 GiB)
[    0.809388] sd 0:0:0:0: [sda] Write Protect is off
[    0.809391] sd 0:0:0:0: [sda] Mode Sense: 00 3a 00 00
[    0.809411] sd 0:0:0:0: [sda] Write cache: enabled, read cache: enabled, doesn't support DPO or FUA
[    0.809730] sd 0:0:0:0: Attached scsi generic sg0 type 0
[    0.811047]  sda: sda1 sda2
[    0.819650] sd 0:0:0:0: [sda] Attached SCSI disk
[    0.824910] Freeing unused decrypted memory: 2040K
[    0.826255] Freeing unused kernel image memory: 2728K
[    0.826259] Write protecting the kernel read-only data: 22528k
[    0.827764] Freeing unused kernel image memory: 2036K
[    0.828555] Freeing unused kernel image memory: 1432K
[    0.863992] x86/mm: Checked W+X mappings: passed, no W+X pages found.
[    0.863998] Run /init as init process
[    0.963628] ACPI: Video Device [GFX0] (multi-head: yes  rom: no  post: no)
[    0.963701] input: Video Bus as /devices/LNXSYSTM:00/LNXSYBUS:00/PNP0A03:00/LNXVIDEO:00/input/input4
[    0.975212] pcnet32: pcnet32.c:v1.35 21.Apr.2008 tsbogend@alpha.franken.de
[    0.976869] piix4_smbus 0000:00:07.0: SMBus Host Controller at 0x4100, revision 0
[    0.979387] e1000: Intel(R) PRO/1000 Network Driver - version 7.3.21-k8-NAPI
[    0.979388] e1000: Copyright (c) 1999-2006 Intel Corporation.
[    0.983031] pcnet32: PCnet/FAST III 79C973 at 0xd020, 08:00:27:a4:5d:cf assigned IRQ 19
[    0.983077] pcnet32: Found PHY 0022:561b at address 0
[    0.983375] pcnet32: eth0: registered as PCnet/FAST III 79C973
[    0.995048] pcnet32: 1 cards_found
[    1.045935] pcnet32 0000:00:03.0 enp0s3: renamed from eth0
[    1.200048] input: ImExPS/2 Generic Explorer Mouse as /devices/platform/i8042/serio1/input/input5
[    1.387595] e1000 0000:00:08.0 eth0: (PCI:33MHz:32-bit) 08:00:27:f5:53:ed
[    1.387599] e1000 0000:00:08.0 eth0: Intel(R) PRO/1000 Network Connection
[    1.759556] e1000 0000:00:09.0 eth1: (PCI:33MHz:32-bit) 08:00:27:6b:13:69
[    1.759559] e1000 0000:00:09.0 eth1: Intel(R) PRO/1000 Network Connection
[    1.760703] e1000 0000:00:09.0 enp0s9: renamed from eth1
[    1.762479] e1000 0000:00:08.0 enp0s8: renamed from eth0
[    1.948548] EXT4-fs (sda2): mounted filesystem with ordered data mode. Opts: (null)
[    2.040629] systemd[1]: Inserted module 'autofs4'
[    2.052337] systemd[1]: systemd 245.4-4ubuntu3 running in system mode. (+PAM +AUDIT +SELINUX +IMA +APPARMOR +SMACK +SYSVINIT +UTMP +LIBCRYPTSETUP +GCRYPT +GNUTLS +ACL +XZ +LZ4 +SECCOMP +BLKID +ELFUTILS +KMOD +IDN2 -IDN +PCRE2 default-hierarchy=hybrid)
[    2.052367] systemd[1]: Detected virtualization oracle.
[    2.052371] systemd[1]: Detected architecture x86-64.
[    2.053646] systemd[1]: Set hostname to <ztg>.
[    2.179468] systemd[1]: /lib/systemd/system/dbus.socket:5: ListenStream= references a path below legacy directory /var/run/, updating /var/run/dbus/system_bus_socket â†’ /run/dbus/system_bus_socket; please update the unit file accordingly.
[    2.231750] systemd[1]: Created slice system-modprobe.slice.
[    2.231934] systemd[1]: Created slice User and Session Slice.
[    2.231979] systemd[1]: Started Forward Password Requests to Wall Directory Watch.
[    2.232140] systemd[1]: Set up automount Arbitrary Executable File Formats File System Automount Point.
[    2.232171] systemd[1]: Reached target User and Group Name Lookups.
[    2.232178] systemd[1]: Reached target Remote File Systems.
[    2.232186] systemd[1]: Reached target Slices.
[    2.232722] systemd[1]: Listening on Syslog Socket.
[    2.232788] systemd[1]: Listening on fsck to fsckd communication Socket.
[    2.232825] systemd[1]: Listening on initctl Compatibility Named Pipe.
[    2.232957] systemd[1]: Listening on Journal Audit Socket.
[    2.233009] systemd[1]: Listening on Journal Socket (/dev/log).
[    2.233077] systemd[1]: Listening on Journal Socket.
[    2.233139] systemd[1]: Listening on udev Control Socket.
[    2.233179] systemd[1]: Listening on udev Kernel Socket.
[    2.233911] systemd[1]: Mounting Huge Pages File System...
[    2.234837] systemd[1]: Mounting POSIX Message Queue File System...
[    2.235764] systemd[1]: Mounting Kernel Debug File System...
[    2.236599] systemd[1]: Mounting Kernel Trace File System...
[    2.238479] systemd[1]: Starting Journal Service...
[    2.262023] systemd[1]: Starting Set the console keyboard layout...
[    2.269827] systemd[1]: Starting Create list of static device nodes for the current kernel...
[    2.271799] systemd[1]: Starting Load Kernel Module drm...
[    2.272777] systemd[1]: Condition check resulted in Set Up Additional Binary Formats being skipped.
[    2.272825] systemd[1]: Condition check resulted in File System Check on Root Device being skipped.
[    2.286127] systemd[1]: Starting Load Kernel Modules...
[    2.291437] systemd[1]: Starting Remount Root and Kernel File Systems...
[    2.302135] systemd[1]: Starting udev Coldplug all Devices...
[    2.312040] systemd[1]: Starting Uncomplicated firewall...
[    2.313279] systemd[1]: Mounted Huge Pages File System.
[    2.313367] systemd[1]: Mounted POSIX Message Queue File System.
[    2.313439] systemd[1]: Mounted Kernel Debug File System.
[    2.313513] systemd[1]: Mounted Kernel Trace File System.
[    2.321368] EXT4-fs (sda2): re-mounted. Opts: errors=remount-ro
[    2.338026] systemd[1]: Finished Create list of static device nodes for the current kernel.
[    2.339104] systemd[1]: modprobe@drm.service: Succeeded.
[    2.354420] systemd[1]: Finished Load Kernel Module drm.
[    2.360872] systemd[1]: Finished Remount Root and Kernel File Systems.
[    2.361783] systemd[1]: Finished Uncomplicated firewall.
[    2.378788] lp: driver loaded but no devices found
[    2.380866] systemd[1]: Condition check resulted in Rebuild Hardware Database being skipped.
[    2.380907] systemd[1]: Condition check resulted in Platform Persistent Storage Archival being skipped.
[    2.381601] systemd[1]: Starting Load/Save Random Seed...
[    2.387773] systemd[1]: Starting Create System Users...
[    2.393454] ppdev: user-space parallel port driver
[    2.400526] systemd[1]: Finished Load/Save Random Seed.
[    2.425472] systemd[1]: Finished Create System Users.
[    2.426262] systemd[1]: Starting Create Static Device Nodes in /dev...
[    2.460215] systemd[1]: Finished udev Coldplug all Devices.
[    2.461875] systemd[1]: Finished Create Static Device Nodes in /dev.
[    2.462700] systemd[1]: Starting udev Kernel Device Manager...
[    2.480839] [drm] DMA map mode: Caching DMA mappings.
[    2.480929] [drm] Capabilities:
[    2.480929] [drm]   Rect copy.
[    2.480930] [drm]   Cursor.
[    2.480930] [drm]   Cursor bypass.
[    2.480930] [drm]   Cursor bypass 2.
[    2.480931] [drm]   Alpha cursor.
[    2.480931] [drm]   Extended Fifo.
[    2.480931] [drm]   Pitchlock.
[    2.480932] [drm]   Irq mask.
[    2.480932] [drm]   GMR.
[    2.480932] [drm]   Traces.
[    2.480933] [drm]   GMR2.
[    2.480933] [drm]   Screen Object 2.
[    2.480933] [drm]   Command Buffers.
[    2.480934] [drm]   Command Buffers 2.
[    2.480934] [drm]   Guest Backed Resources.
[    2.480935] [drm] Max GMR ids is 8192
[    2.480936] [drm] Max number of GMR pages is 1048576
[    2.480936] [drm] Max dedicated hypervisor surface memory is 393216 kiB
[    2.480937] [drm] Maximum display memory size is 131072 kiB
[    2.480937] [drm] VRAM at 0xe0000000 size is 131072 kiB
[    2.480938] [drm] MMIO at 0xf0000000 size is 2048 kiB
[    2.485642] [TTM] Zone  kernel: Available graphics memory: 1011738 KiB
[    2.485642] [TTM] Initializing pool allocator
[    2.485646] [TTM] Initializing DMA pool allocator
[    2.485673] [drm] Supports vblank timestamp caching Rev 2 (21.10.2013).
[    2.485674] [drm] No driver support for vblank timestamp query.
[    2.485891] [drm] Screen Target Display device initialized
[    2.486077] [drm] width 720
[    2.486086] [drm] height 400
[    2.486089] [drm] bpp 32
[    2.486625] [drm] Fifo max 0x00200000 min 0x00001000 cap 0x00000355
[    2.487675] [drm] Using command buffers with DMA pool.
[    2.487678] [drm] DX: no.
[    2.487678] [drm] Atomic: yes.
[    2.487679] [drm] SM4_1: no.
[    2.487698] [drm:vmw_host_log [vmwgfx]] *ERROR* Failed to send host log message.
[    2.495528] [drm:vmw_host_log [vmwgfx]] *ERROR* Failed to send host log message.
[    2.526622] fbcon: svgadrmfb (fb0) is primary device
[    2.531564] Console: switching to colour frame buffer device 100x37
[    2.536428] systemd[1]: Finished Set the console keyboard layout.
[    2.536597] systemd[1]: Reached target Local File Systems (Pre).
[    2.537210] [drm] Initialized vmwgfx 2.15.0 20180704 for 0000:00:02.0 on minor 0
[    2.540307] systemd[1]: Mounting Mount unit for bare, revision 5...
[    2.543075] systemd[1]: Mounting Mount unit for core18, revision 1705...
[    2.557581] systemd[1]: Mounting Mount unit for gnome-3-34-1804, revision 24...
[    2.586499] systemd[1]: Mounting Mount unit for gtk-common-themes, revision 1506...
[    2.589651] systemd[1]: Mounting Mount unit for gtk-common-themes, revision 1535...
[    2.593889] systemd[1]: Mounting Mount unit for snap-store, revision 433...
[    2.600075] systemd[1]: Mounting Mount unit for snapd, revision 7264...
[    2.606021] systemd[1]: Finished Load Kernel Modules.
[    2.609091] systemd[1]: Mounting FUSE Control File System...
[    2.621880] systemd[1]: Mounting Kernel Configuration File System...
[    2.637911] systemd[1]: Starting Apply Kernel Variables...
[    2.649881] systemd[1]: Mounted Mount unit for bare, revision 5.
[    2.649979] systemd[1]: Mounted Mount unit for core18, revision 1705.
[    2.650056] systemd[1]: Mounted Mount unit for gnome-3-34-1804, revision 24.
[    2.650128] systemd[1]: Mounted Mount unit for gtk-common-themes, revision 1506.
[    2.650200] systemd[1]: Mounted FUSE Control File System.
[    2.650259] systemd[1]: Condition check resulted in VMware vmblock fuse mount being skipped.
[    2.658975] systemd[1]: Mounted Kernel Configuration File System.
[    2.666059] systemd[1]: Started udev Kernel Device Manager.
[    2.666416] systemd[1]: Finished Apply Kernel Variables.
[    2.668996] systemd[1]: Starting Show Plymouth Boot Screen...
[    2.673110] systemd[1]: Received SIGRTMIN+20 from PID 277 (plymouthd).
[    2.685638] systemd[1]: Mounted Mount unit for gtk-common-themes, revision 1535.
[    2.699445] systemd[1]: Mounted Mount unit for snap-store, revision 433.
[    2.699627] systemd[1]: Mounted Mount unit for snapd, revision 7264.
[    2.699795] systemd[1]: Started Show Plymouth Boot Screen.
[    2.699972] systemd[1]: Condition check resulted in Dispatch Password Requests to Console Directory Watch being skipped.
[    2.700050] systemd[1]: Started Forward Password Requests to Plymouth Directory Watch.
[    2.701224] systemd[1]: Reached target Local Encrypted Volumes.
[    2.701289] systemd[1]: Reached target Local File Systems.
[    2.702051] systemd[1]: Starting Load AppArmor profiles...
[    2.704386] systemd[1]: Starting Set console font and keymap...
[    2.717405] systemd[1]: Starting Tell Plymouth To Write Out Runtime Data...
[    2.717753] systemd[1]: Condition check resulted in Store a System Token in an EFI Variable being skipped.
[    2.717803] systemd[1]: Condition check resulted in Commit a transient machine-id on disk being skipped.
[    2.721624] systemd[1]: Finished Set console font and keymap.
[    2.730805] systemd[1]: Received SIGRTMIN+20 from PID 277 (plymouthd).
[    2.731660] systemd[1]: plymouth-read-write.service: Succeeded.
[    2.731892] systemd[1]: Finished Tell Plymouth To Write Out Runtime Data.
[    2.753523] audit: type=1400 audit(1768320291.600:2): apparmor="STATUS" operation="profile_load" profile="unconfined" name="nvidia_modprobe" pid=300 comm="apparmor_parser"
[    2.753526] audit: type=1400 audit(1768320291.600:3): apparmor="STATUS" operation="profile_load" profile="unconfined" name="nvidia_modprobe//kmod" pid=300 comm="apparmor_parser"
[    2.763131] audit: type=1400 audit(1768320291.608:4): apparmor="STATUS" operation="profile_load" profile="unconfined" name="/usr/sbin/tcpdump" pid=301 comm="apparmor_parser"
[    2.809623] audit: type=1400 audit(1768320291.652:5): apparmor="STATUS" operation="profile_load" profile="unconfined" name="/usr/bin/evince" pid=303 comm="apparmor_parser"
[    2.809625] audit: type=1400 audit(1768320291.652:6): apparmor="STATUS" operation="profile_load" profile="unconfined" name="/usr/bin/evince//sanitized_helper" pid=303 comm="apparmor_parser"
[    2.809628] audit: type=1400 audit(1768320291.652:7): apparmor="STATUS" operation="profile_load" profile="unconfined" name="/usr/bin/evince-previewer" pid=303 comm="apparmor_parser"
[    2.809629] audit: type=1400 audit(1768320291.652:8): apparmor="STATUS" operation="profile_load" profile="unconfined" name="/usr/bin/evince-previewer//sanitized_helper" pid=303 comm="apparmor_parser"
[    2.809631] audit: type=1400 audit(1768320291.652:9): apparmor="STATUS" operation="profile_load" profile="unconfined" name="/usr/bin/evince-thumbnailer" pid=303 comm="apparmor_parser"
[    2.822024] audit: type=1400 audit(1768320291.668:10): apparmor="STATUS" operation="profile_load" profile="unconfined" name="/usr/lib/cups/backend/cups-pdf" pid=304 comm="apparmor_parser"
[    2.903438] systemd[1]: Finished Load AppArmor profiles.
[    2.904359] systemd[1]: Starting Load AppArmor profiles managed internally by snapd...
[    2.969835] systemd[1]: Finished Load AppArmor profiles managed internally by snapd.
[    3.221528] systemd[1]: Started Journal Service.
[    3.229905] systemd-journald[229]: Received client request to flush runtime journal.
[    3.233889] systemd-journald[229]: File /var/log/journal/c455b248004a419c87ce85eea238d727/system.journal corrupted or uncleanly shut down, renaming and replacing.
[    4.422467] RAPL PMU: API unit is 2^-32 Joules, 0 fixed counters, 10737418240 ms ovfl timer
[    4.509540] cryptd: max_cpu_qlen set to 1000
[    4.552554] AVX2 version of gcm_enc/dec engaged.
[    4.552555] AES CTR mode by8 optimization enabled
[    5.376991] Adding 1998844k swap on /dev/sda1.  Priority:-2 extents:1 across:1998844k FS
[    6.408496] kauditd_printk_skb: 30 callbacks suppressed
[    6.408497] audit: type=1400 audit(1768320295.256:41): apparmor="DENIED" operation="capable" profile="/usr/sbin/cups-browsed" pid=497 comm="cups-browsed" capability=23  capname="sys_nice"
[    7.425954] pcnet32 0000:00:03.0 enp0s3: link up, 100Mbps, full-duplex
[    7.461532] e1000: enp0s8 NIC Link is Up 1000 Mbps Full Duplex, Flow Control: RX
[    7.461824] IPv6: ADDRCONF(NETDEV_CHANGE): enp0s8: link becomes ready
[    7.474691] e1000: enp0s9 NIC Link is Up 1000 Mbps Full Duplex, Flow Control: RX
[    7.474980] IPv6: ADDRCONF(NETDEV_CHANGE): enp0s9: link becomes ready
[    8.013576] device enp0s3 entered promiscuous mode
[    8.034538] audit: type=1400 audit(1768320296.876:42): apparmor="DENIED" operation="open" profile="/usr/sbin/tcpdump" name="/proc/sys/kernel/random/boot_id" pid=669 comm="tcpdump" requested_mask="r" denied_mask="r" fsuid=0 ouid=0
[    8.036275] audit: type=1400 audit(1768320296.876:43): apparmor="DENIED" operation="open" profile="/usr/sbin/tcpdump" name="/proc/sys/kernel/random/boot_id" pid=669 comm="tcpdump" requested_mask="r" denied_mask="r" fsuid=0 ouid=0
[    8.036326] audit: type=1400 audit(1768320296.876:44): apparmor="DENIED" operation="open" profile="/usr/sbin/tcpdump" name="/proc/sys/kernel/random/boot_id" pid=669 comm="tcpdump" requested_mask="r" denied_mask="r" fsuid=0 ouid=0
[    8.036385] audit: type=1400 audit(1768320296.876:45): apparmor="DENIED" operation="open" profile="/usr/sbin/tcpdump" name="/proc/sys/kernel/random/boot_id" pid=669 comm="tcpdump" requested_mask="r" denied_mask="r" fsuid=0 ouid=0
[    8.044410] audit: type=1400 audit(1768320296.888:46): apparmor="DENIED" operation="open" profile="/usr/sbin/tcpdump" name="/proc/sys/kernel/random/boot_id" pid=670 comm="tcpdump" requested_mask="r" denied_mask="r" fsuid=0 ouid=0
[    8.045580] audit: type=1400 audit(1768320296.888:47): apparmor="DENIED" operation="open" profile="/usr/sbin/tcpdump" name="/proc/sys/kernel/random/boot_id" pid=670 comm="tcpdump" requested_mask="r" denied_mask="r" fsuid=0 ouid=0
[    8.045620] audit: type=1400 audit(1768320296.888:48): apparmor="DENIED" operation="open" profile="/usr/sbin/tcpdump" name="/proc/sys/kernel/random/boot_id" pid=670 comm="tcpdump" requested_mask="r" denied_mask="r" fsuid=0 ouid=0
[    8.045638] audit: type=1400 audit(1768320296.888:49): apparmor="DENIED" operation="open" profile="/usr/sbin/tcpdump" name="/proc/sys/kernel/random/boot_id" pid=670 comm="tcpdump" requested_mask="r" denied_mask="r" fsuid=0 ouid=0
[   12.405576] rfkill: input handler disabled
[  363.534844] AAAAA-TCP_FORW: name:enp0s3: saddr:16783984: daddr:100932208
[  363.894544] AAAAA-TCP_FORW: name:enp0s3: saddr:16783984: daddr:100932208
[  364.030929] AAAAA-TCP_FORW: name:enp0s3: saddr:33561200: daddr:100932208
[  364.114612] AAAAA-TCP_FORW: name:enp0s3: saddr:16783984: daddr:100932208
[  364.342685] AAAAA-TCP_FORW: name:enp0s3: saddr:33561200: daddr:100932208
[  364.439427] AAAAA-TCP_FORW: name:enp0s3: saddr:16783984: daddr:100932208
[  364.717597] AAAAA-TCP_FORW: name:enp0s3: saddr:33561200: daddr:100932208
[  364.963792] AAAAA-TCP_FORW: name:enp0s3: saddr:33561200: daddr:100932208
[  365.475838] AAAAA-TCP_FORW: name:enp0s3: saddr:33561200: daddr:100932208
[  365.522073] AAAAA-TCP_FORW: name:enp0s3: saddr:33561200: daddr:100932208
[  365.569963] AAAAA-TCP_FORW: name:enp0s3: saddr:33561200: daddr:100932208
[  365.728688] AAAAA-TCP_FORW: name:enp0s3: saddr:33561200: daddr:100932208
[  365.913854] AAAAA-TCP_FORW: name:enp0s3: saddr:33561200: daddr:100932208
[  365.995936] AAAAA-TCP_FORW: name:enp0s3: saddr:33561200: daddr:100932208
[  366.050693] AAAAA-TCP_FORW: name:enp0s3: saddr:33561200: daddr:100932208
[  366.138194] AAAAA-TCP_FORW: name:enp0s3: saddr:33561200: daddr:100932208
[  366.219574] AAAAA-TCP_FORW: name:enp0s3: saddr:33561200: daddr:100932208
[  366.317018] AAAAA-TCP_FORW: name:enp0s3: saddr:33561200: daddr:100932208
[  366.557772] AAAAA-TCP_FORW: name:enp0s3: saddr:33561200: daddr:100932208
[  366.675059] AAAAA-TCP_FORW: name:enp0s3: saddr:33561200: daddr:100932208
[  366.866109] AAAAA-TCP_FORW: name:enp0s3: saddr:33561200: daddr:100932208
[  367.367718] AAAAA-TCP_FORW: name:enp0s3: saddr:16783984: daddr:100932208
[  367.710455] AAAAA-TCP_FORW: name:enp0s3: saddr:16783984: daddr:100932208
[  367.942953] AAAAA-TCP_FORW: name:enp0s3: saddr:16783984: daddr:100932208
[  368.036966] AAAAA-TCP_FORW: name:enp0s3: saddr:16783984: daddr:100932208
[  369.250093] AAAAA-TCP_FORW: name:enp0s3: saddr:16783984: daddr:100932208
[  369.569369] AAAAA-TCP_FORW: name:enp0s3: saddr:16783984: daddr:100932208
[  369.722636] AAAAA-TCP_FORW: name:enp0s3: saddr:16783984: daddr:100932208
[  370.285071] AAAAA-TCP_FORW: name:enp0s3: saddr:33561200: daddr:100932208
[  370.363277] AAAAA-TCP_FORW: name:enp0s3: saddr:33561200: daddr:100932208
[  370.730406] AAAAA-TCP_FORW: name:enp0s3: saddr:16783984: daddr:100932208
[  370.826580] AAAAA-TCP_FORW: name:enp0s3: saddr:33561200: daddr:100932208
[  371.151269] AAAAA-TCP_FORW: name:enp0s3: saddr:16783984: daddr:100932208
[  371.225348] AAAAA-TCP_FORW: name:enp0s3: saddr:33561200: daddr:100932208
[  371.314124] AAAAA-TCP_FORW: name:enp0s3: saddr:16783984: daddr:100932208
[  371.652546] AAAAA-TCP_FORW: name:enp0s3: saddr:33561200: daddr:100932208
[  371.739812] AAAAA-TCP_FORW: name:enp0s3: saddr:33561200: daddr:100932208
[  371.826563] AAAAA-TCP_FORW: name:enp0s3: saddr:33561200: daddr:100932208
[  371.935052] AAAAA-TCP_FORW: name:enp0s3: saddr:16783984: daddr:100932208
[  372.028651] AAAAA-TCP_FORW: name:enp0s3: saddr:33561200: daddr:100932208
[  372.126789] AAAAA-TCP_FORW: name:enp0s3: saddr:33561200: daddr:100932208
[  372.213150] AAAAA-TCP_FORW: name:enp0s3: saddr:16783984: daddr:100932208
[  372.291453] AAAAA-TCP_FORW: name:enp0s3: saddr:16783984: daddr:100932208
[  372.339437] AAAAA-TCP_FORW: name:enp0s3: saddr:33561200: daddr:100932208
[  372.448159] AAAAA-TCP_FORW: name:enp0s3: saddr:33561200: daddr:100932208
[  372.510512] AAAAA-TCP_FORW: name:enp0s3: saddr:16783984: daddr:100932208
[  372.613860] AAAAA-TCP_FORW: name:enp0s3: saddr:33561200: daddr:100932208
[  372.658802] AAAAA-TCP_FORW: name:enp0s3: saddr:16783984: daddr:100932208
[  372.842413] AAAAA-TCP_FORW: name:enp0s3: saddr:16783984: daddr:100932208
[  373.074733] AAAAA-TCP_FORW: name:enp0s3: saddr:16783984: daddr:100932208
[  373.209212] AAAAA-TCP_FORW: name:enp0s3: saddr:16783984: daddr:100932208
[  373.281403] AAAAA-TCP_FORW: name:enp0s3: saddr:16783984: daddr:100932208
[  373.515143] AAAAA-TCP_FORW: name:enp0s3: saddr:16783984: daddr:100932208
[  373.783913] AAAAA-TCP_FORW: name:enp0s3: saddr:16783984: daddr:100932208
[  373.942656] AAAAA-TCP_FORW: name:enp0s3: saddr:33561200: daddr:100932208
[  374.068549] AAAAA-TCP_FORW: name:enp0s3: saddr:33561200: daddr:100932208
[  374.134042] AAAAA-TCP_FORW: name:enp0s3: saddr:16783984: daddr:100932208
[  374.228823] AAAAA-TCP_FORW: name:enp0s3: saddr:33561200: daddr:100932208
[  374.305622] AAAAA-TCP_FORW: name:enp0s3: saddr:16783984: daddr:100932208
[  374.376722] AAAAA-TCP_FORW: name:enp0s3: saddr:33561200: daddr:100932208
[  522.677169] rfkill: input handler enabled
[  530.954192] rfkill: input handler disabled
[  705.852045] device enp0s3 left promiscuous mode
