[    0.000000] Linux version 5.4.243-mptcp (root@ztg) (gcc version 12.2.0 (Debian 12.2.0-14+deb12u1)) #53 SMP Wed Dec 24 23:28:15 CST 2025
[    0.000000] Command line: BOOT_IMAGE=/boot/vmlinuz-5.4.243-mptcp root=UUID=98415a12-53b7-4144-8265-0f7ece09e445 ro quiet splash
[    0.000000] KERNEL supported cpus:
[    0.000000]   Intel GenuineIntel
[    0.000000]   AMD AuthenticAMD
[    0.000000]   Hygon HygonGenuine
[    0.000000]   Centaur CentaurHauls
[    0.000000]   zhaoxin   Shanghai  
[    0.000000] x86/fpu: Supporting XSAVE feature 0x001: 'x87 floating point registers'
[    0.000000] x86/fpu: Supporting XSAVE feature 0x002: 'SSE registers'
[    0.000000] x86/fpu: Supporting XSAVE feature 0x004: 'AVX registers'
[    0.000000] x86/fpu: xstate_offset[2]:  576, xstate_sizes[2]:  256
[    0.000000] x86/fpu: Enabled xstate features 0x7, context size is 832 bytes, using 'standard' format.
[    0.000000] BIOS-provided physical RAM map:
[    0.000000] BIOS-e820: [mem 0x0000000000000000-0x000000000009fbff] usable
[    0.000000] BIOS-e820: [mem 0x000000000009fc00-0x000000000009ffff] reserved
[    0.000000] BIOS-e820: [mem 0x00000000000f0000-0x00000000000fffff] reserved
[    0.000000] BIOS-e820: [mem 0x0000000000100000-0x000000007ffeffff] usable
[    0.000000] BIOS-e820: [mem 0x000000007fff0000-0x000000007fffffff] ACPI data
[    0.000000] BIOS-e820: [mem 0x00000000fec00000-0x00000000fec00fff] reserved
[    0.000000] BIOS-e820: [mem 0x00000000fee00000-0x00000000fee00fff] reserved
[    0.000000] BIOS-e820: [mem 0x00000000fffc0000-0x00000000ffffffff] reserved
[    0.000000] NX (Execute Disable) protection: active
[    0.000000] SMBIOS 2.5 present.
[    0.000000] DMI: innotek GmbH VirtualBox/VirtualBox, BIOS VirtualBox 12/01/2006
[    0.000000] Hypervisor detected: KVM
[    0.000000] kvm-clock: Using msrs 4b564d01 and 4b564d00
[    0.000000] kvm-clock: cpu 0, msr 71a01001, primary cpu clock
[    0.000000] kvm-clock: using sched offset of 4418598780 cycles
[    0.000003] clocksource: kvm-clock: mask: 0xffffffffffffffff max_cycles: 0x1cd42e4dffb, max_idle_ns: 881590591483 ns
[    0.000005] tsc: Detected 2100.000 MHz processor
[    0.001886] e820: update [mem 0x00000000-0x00000fff] usable ==> reserved
[    0.001887] e820: remove [mem 0x000a0000-0x000fffff] usable
[    0.001891] last_pfn = 0x7fff0 max_arch_pfn = 0x400000000
[    0.001959] MTRR default type: uncachable
[    0.001960] MTRR fixed ranges enabled:
[    0.001961]   00000-9FFFF write-back
[    0.001962]   A0000-BFFFF uncachable
[    0.001963]   C0000-FFFFF write-protect
[    0.001964] MTRR variable ranges enabled:
[    0.001965]   0 base 000000000000 mask 3FFF80000000 write-back
[    0.001966]   1 disabled
[    0.001966]   2 disabled
[    0.001967]   3 disabled
[    0.001967]   4 disabled
[    0.001967]   5 disabled
[    0.001968]   6 disabled
[    0.001968]   7 disabled
[    0.001969]   8 disabled
[    0.001969]   9 disabled
[    0.001970]   10 disabled
[    0.001970]   11 disabled
[    0.001970]   12 disabled
[    0.001971]   13 disabled
[    0.001971]   14 disabled
[    0.001972]   15 disabled
[    0.001987] x86/PAT: Configuration [0-7]: WB  WC  UC- UC  WB  WP  UC- WT  
[    0.002120] found SMP MP-table at [mem 0x0009fff0-0x0009ffff]
[    0.093179] check: Scanning 1 areas for low memory corruption
[    0.093438] RAMDISK: [mem 0x32271000-0x3512ffff]
[    0.093447] ACPI: Early table checksum verification disabled
[    0.093452] ACPI: RSDP 0x00000000000E0000 000024 (v02 VBOX  )
[    0.093456] ACPI: XSDT 0x000000007FFF0030 00003C (v01 VBOX   VBOXXSDT 00000001 ASL  00000061)
[    0.093462] ACPI: FACP 0x000000007FFF00F0 0000F4 (v04 VBOX   VBOXFACP 00000001 ASL  00000061)
[    0.093469] ACPI: DSDT 0x000000007FFF02E0 002353 (v02 VBOX   VBOXBIOS 00000002 VBOX 00029BF3)
[    0.093473] ACPI: FACS 0x000000007FFF0200 000040
[    0.093476] ACPI: FACS 0x000000007FFF0200 000040
[    0.093479] ACPI: APIC 0x000000007FFF0240 000054 (v02 VBOX   VBOXAPIC 00000001 ASL  00000061)
[    0.093483] ACPI: SSDT 0x000000007FFF02A0 000038 (v01 VBOX   VBOXCPUT 00000002 VBOX 00029BF3)
[    0.093486] ACPI: Reserving FACP table memory at [mem 0x7fff00f0-0x7fff01e3]
[    0.093487] ACPI: Reserving DSDT table memory at [mem 0x7fff02e0-0x7fff2632]
[    0.093488] ACPI: Reserving FACS table memory at [mem 0x7fff0200-0x7fff023f]
[    0.093489] ACPI: Reserving FACS table memory at [mem 0x7fff0200-0x7fff023f]
[    0.093489] ACPI: Reserving APIC table memory at [mem 0x7fff0240-0x7fff0293]
[    0.093490] ACPI: Reserving SSDT table memory at [mem 0x7fff02a0-0x7fff02d7]
[    0.093504] ACPI: Local APIC address 0xfee00000
[    0.093694] No NUMA configuration found
[    0.093695] Faking a node at [mem 0x0000000000000000-0x000000007ffeffff]
[    0.093705] NODE_DATA(0) allocated [mem 0x7ffc5000-0x7ffeffff]
[    0.093965] Zone ranges:
[    0.093966]   DMA      [mem 0x0000000000001000-0x0000000000ffffff]
[    0.093967]   DMA32    [mem 0x0000000001000000-0x000000007ffeffff]
[    0.093968]   Normal   empty
[    0.093969]   Device   empty
[    0.093969] Movable zone start for each node
[    0.093971] Early memory node ranges
[    0.093972]   node   0: [mem 0x0000000000001000-0x000000000009efff]
[    0.093973]   node   0: [mem 0x0000000000100000-0x000000007ffeffff]
[    0.093976] Zeroed struct page in unavailable ranges: 114 pages
[    0.093977] Initmem setup node 0 [mem 0x0000000000001000-0x000000007ffeffff]
[    0.093978] On node 0 totalpages: 524174
[    0.093979]   DMA zone: 64 pages used for memmap
[    0.093980]   DMA zone: 21 pages reserved
[    0.093980]   DMA zone: 3998 pages, LIFO batch:0
[    0.094050]   DMA32 zone: 8128 pages used for memmap
[    0.094051]   DMA32 zone: 520176 pages, LIFO batch:63
[    0.102978] ACPI: PM-Timer IO Port: 0x4008
[    0.102981] ACPI: Local APIC address 0xfee00000
[    0.103048] IOAPIC[0]: apic_id 1, version 32, address 0xfec00000, GSI 0-23
[    0.103052] ACPI: INT_SRC_OVR (bus 0 bus_irq 0 global_irq 2 dfl dfl)
[    0.103053] ACPI: INT_SRC_OVR (bus 0 bus_irq 9 global_irq 9 low level)
[    0.103055] ACPI: IRQ0 used by override.
[    0.103056] ACPI: IRQ9 used by override.
[    0.103059] Using ACPI (MADT) for SMP configuration information
[    0.103065] smpboot: Allowing 1 CPUs, 0 hotplug CPUs
[    0.103087] PM: Registered nosave memory: [mem 0x00000000-0x00000fff]
[    0.103088] PM: Registered nosave memory: [mem 0x0009f000-0x0009ffff]
[    0.103089] PM: Registered nosave memory: [mem 0x000a0000-0x000effff]
[    0.103089] PM: Registered nosave memory: [mem 0x000f0000-0x000fffff]
[    0.103091] [mem 0x80000000-0xfebfffff] available for PCI devices
[    0.103092] Booting paravirtualized kernel on KVM
[    0.103095] clocksource: refined-jiffies: mask: 0xffffffff max_cycles: 0xffffffff, max_idle_ns: 7645519600211568 ns
[    0.103099] setup_percpu: NR_CPUS:8192 nr_cpumask_bits:1 nr_cpu_ids:1 nr_node_ids:1
[    0.104113] percpu: Embedded 60 pages/cpu s208896 r8192 d28672 u2097152
[    0.104118] pcpu-alloc: s208896 r8192 d28672 u2097152 alloc=1*2097152
[    0.104119] pcpu-alloc: [0] 0 
[    0.104144] Built 1 zonelists, mobility grouping on.  Total pages: 515961
[    0.104145] Policy zone: DMA32
[    0.104146] Kernel command line: BOOT_IMAGE=/boot/vmlinuz-5.4.243-mptcp root=UUID=98415a12-53b7-4144-8265-0f7ece09e445 ro quiet splash
[    0.104969] Dentry cache hash table entries: 262144 (order: 9, 2097152 bytes, linear)
[    0.105115] Inode-cache hash table entries: 131072 (order: 8, 1048576 bytes, linear)
[    0.105165] mem auto-init: stack:off, heap alloc:on, heap free:off
[    0.105168] Calgary: detecting Calgary via BIOS EBDA area
[    0.105169] Calgary: Unable to locate Rio Grande table in EBDA - bailing!
[    0.109177] Memory: 1967332K/2096696K available (14339K kernel code, 2398K rwdata, 4712K rodata, 2728K init, 17260K bss, 129364K reserved, 0K cma-reserved)
[    0.110098] SLUB: HWalign=64, Order=0-3, MinObjects=0, CPUs=1, Nodes=1
[    0.110114] ftrace: allocating 43186 entries in 169 pages
[    0.128158] rcu: Hierarchical RCU implementation.
[    0.128159] rcu: 	RCU restricting CPUs from NR_CPUS=8192 to nr_cpu_ids=1.
[    0.128160] 	Tasks RCU enabled.
[    0.128161] rcu: RCU calculated value of scheduler-enlistment delay is 25 jiffies.
[    0.128162] rcu: Adjusting geometry for rcu_fanout_leaf=16, nr_cpu_ids=1
[    0.131110] NR_IRQS: 524544, nr_irqs: 256, preallocated irqs: 16
[    0.131327] random: crng init done
[    0.140568] Console: colour VGA+ 80x25
[    0.140573] printk: console [tty0] enabled
[    0.140592] ACPI: Core revision 20190816
[    0.140687] APIC: Switch to symmetric I/O mode setup
[    0.140938] x2apic enabled
[    0.141178] Switched APIC routing to physical x2apic.
[    0.142306] ..TIMER: vector=0x30 apic1=0 pin1=2 apic2=-1 pin2=-1
[    0.142331] clocksource: tsc-early: mask: 0xffffffffffffffff max_cycles: 0x1e4530a99b6, max_idle_ns: 440795257976 ns
[    0.142337] Calibrating delay loop (skipped) preset value.. 4200.00 BogoMIPS (lpj=8400000)
[    0.142339] pid_max: default: 32768 minimum: 301
[    0.142366] LSM: Security Framework initializing
[    0.142376] Yama: becoming mindful.
[    0.142401] AppArmor: AppArmor initialized
[    0.142435] Mount-cache hash table entries: 4096 (order: 3, 32768 bytes, linear)
[    0.142439] Mountpoint-cache hash table entries: 4096 (order: 3, 32768 bytes, linear)
[    0.142449] *** VALIDATE tmpfs ***
[    0.142577] *** VALIDATE proc ***
[    0.142616] *** VALIDATE cgroup1 ***
[    0.142618] *** VALIDATE cgroup2 ***
[    0.142758] process: using mwait in idle threads
[    0.142762] Last level iTLB entries: 4KB 64, 2MB 8, 4MB 8
[    0.142763] Last level dTLB entries: 4KB 64, 2MB 0, 4MB 0, 1GB 4
[    0.142783] Spectre V1 : Mitigation: usercopy/swapgs barriers and __user pointer sanitization
[    0.142788] Spectre V2 : Mitigation: Retpolines
[    0.142789] Spectre V2 : Spectre v2 / SpectreRSB mitigation: Filling RSB on context switch
[    0.142789] Spectre V2 : Spectre v2 / SpectreRSB : Filling RSB on VMEXIT
[    0.142790] RETBleed: WARNING: Spectre v2 mitigation leaves CPU vulnerable to RETBleed attacks, data leaks possible!
[    0.143141] RETBleed: Vulnerable
[    0.143142] Speculative Store Bypass: Vulnerable
[    0.143146] TAA: Mitigation: TSX disabled
[    0.143146] MMIO Stale Data: Mitigation: Clear CPU buffers
[    0.147358] Freeing SMP alternatives memory: 40K
[    0.259096] smpboot: CPU0: Intel(R) Xeon(R) Silver 4216 CPU @ 2.10GHz (family: 0x6, model: 0x55, stepping: 0x7)
[    0.259233] Performance Events: unsupported p6 CPU model 85 no PMU driver, software events only.
[    0.259274] rcu: Hierarchical SRCU implementation.
[    0.259794] NMI watchdog: Perf NMI watchdog permanently disabled
[    0.259834] smp: Bringing up secondary CPUs ...
[    0.259835] smp: Brought up 1 node, 1 CPU
[    0.259836] smpboot: Max logical packages: 1
[    0.259837] smpboot: Total of 1 processors activated (4200.00 BogoMIPS)
[    0.260835] devtmpfs: initialized
[    0.260882] x86/mm: Memory block size: 128MB
[    0.261260] clocksource: jiffies: mask: 0xffffffff max_cycles: 0xffffffff, max_idle_ns: 7645041785100000 ns
[    0.261266] futex hash table entries: 256 (order: 2, 16384 bytes, linear)
[    0.261314] pinctrl core: initialized pinctrl subsystem
[    0.261420] PM: RTC time: 09:18:39, date: 2026-01-13
[    0.261527] NET: Registered protocol family 16
[    0.261601] audit: initializing netlink subsys (disabled)
[    0.261732] EISA bus registered
[    0.261734] cpuidle: using governor ladder
[    0.261734] cpuidle: using governor menu
[    0.261771] ACPI: bus type PCI registered
[    0.261773] acpiphp: ACPI Hot Plug PCI Controller Driver version: 0.5
[    0.261874] PCI: Using configuration type 1 for base access
[    0.263298] audit: type=2000 audit(1768267125.335:1): state=initialized audit_enabled=0 res=1
[    0.263373] HugeTLB registered 2.00 MiB page size, pre-allocated 0 pages
[    0.264180] ACPI: Added _OSI(Module Device)
[    0.264181] ACPI: Added _OSI(Processor Device)
[    0.264182] ACPI: Added _OSI(3.0 _SCP Extensions)
[    0.264182] ACPI: Added _OSI(Processor Aggregator Device)
[    0.264183] ACPI: Added _OSI(Linux-Dell-Video)
[    0.264184] ACPI: Added _OSI(Linux-Lenovo-NV-HDMI-Audio)
[    0.264185] ACPI: Added _OSI(Linux-HPI-Hybrid-Graphics)
[    0.266170] ACPI: 2 ACPI AML tables successfully acquired and loaded
[    0.267687] ACPI: Interpreter enabled
[    0.267696] ACPI: (supports S0 S5)
[    0.267697] ACPI: Using IOAPIC for interrupt routing
[    0.267900] PCI: Using host bridge windows from ACPI; if necessary, use "pci=nocrs" and report a bug
[    0.268008] ACPI: Enabled 2 GPEs in block 00 to 07
[    0.272893] ACPI: PCI Root Bridge [PCI0] (domain 0000 [bus 00-ff])
[    0.272898] acpi PNP0A03:00: _OSC: OS supports [ASPM ClockPM Segments MSI HPX-Type3]
[    0.273342] acpi PNP0A03:00: _OSC: not requesting OS control; OS requires [ExtendedConfig ASPM ClockPM MSI]
[    0.273350] acpi PNP0A03:00: fail to add MMCONFIG information, can't access extended PCI configuration space under this bridge.
[    0.273720] PCI host bridge to bus 0000:00
[    0.273722] pci_bus 0000:00: root bus resource [io  0x0000-0x0cf7 window]
[    0.273724] pci_bus 0000:00: root bus resource [io  0x0d00-0xffff window]
[    0.273725] pci_bus 0000:00: root bus resource [mem 0x000a0000-0x000bffff window]
[    0.273726] pci_bus 0000:00: root bus resource [mem 0x80000000-0xfdffffff window]
[    0.273727] pci_bus 0000:00: root bus resource [bus 00-ff]
[    0.273771] pci 0000:00:00.0: [8086:1237] type 00 class 0x060000
[    0.274779] pci 0000:00:01.0: [8086:7000] type 00 class 0x060100
[    0.275531] pci 0000:00:01.1: [8086:7111] type 00 class 0x01018a
[    0.275900] pci 0000:00:01.1: reg 0x20: [io  0xd000-0xd00f]
[    0.276051] pci 0000:00:01.1: legacy IDE quirk: reg 0x10: [io  0x01f0-0x01f7]
[    0.276052] pci 0000:00:01.1: legacy IDE quirk: reg 0x14: [io  0x03f6]
[    0.276053] pci 0000:00:01.1: legacy IDE quirk: reg 0x18: [io  0x0170-0x0177]
[    0.276054] pci 0000:00:01.1: legacy IDE quirk: reg 0x1c: [io  0x0376]
[    0.276588] pci 0000:00:02.0: [15ad:0405] type 00 class 0x030000
[    0.278412] pci 0000:00:02.0: reg 0x10: [io  0xd010-0xd01f]
[    0.282380] pci 0000:00:02.0: reg 0x14: [mem 0xe0000000-0xe7ffffff pref]
[    0.284946] pci 0000:00:02.0: reg 0x18: [mem 0xf0000000-0xf01fffff]
[    0.295099] pci 0000:00:03.0: [1022:2000] type 00 class 0x020000
[    0.295772] pci 0000:00:03.0: reg 0x10: [io  0xd020-0xd03f]
[    0.296394] pci 0000:00:03.0: reg 0x14: [mem 0xf0200000-0xf0200fff]
[    0.300827] pci 0000:00:04.0: [80ee:cafe] type 00 class 0x088000
[    0.301505] pci 0000:00:04.0: reg 0x10: [io  0xd040-0xd05f]
[    0.302110] pci 0000:00:04.0: reg 0x14: [mem 0xf0400000-0xf07fffff]
[    0.302446] pci 0000:00:04.0: reg 0x18: [mem 0xf0800000-0xf0803fff pref]
[    0.305944] pci 0000:00:07.0: [8086:7113] type 00 class 0x068000
[    0.306571] pci 0000:00:07.0: quirk: [io  0x4000-0x403f] claimed by PIIX4 ACPI
[    0.306581] pci 0000:00:07.0: quirk: [io  0x4100-0x410f] claimed by PIIX4 SMB
[    0.307185] pci 0000:00:08.0: [8086:100e] type 00 class 0x020000
[    0.307882] pci 0000:00:08.0: reg 0x10: [mem 0xf0820000-0xf083ffff]
[    0.309039] pci 0000:00:08.0: reg 0x18: [io  0xd060-0xd067]
[    0.311945] pci 0000:00:09.0: [8086:100e] type 00 class 0x020000
[    0.312657] pci 0000:00:09.0: reg 0x10: [mem 0xf0840000-0xf085ffff]
[    0.314457] pci 0000:00:09.0: reg 0x18: [io  0xd068-0xd06f]
[    0.323398] ACPI: PCI Interrupt Link [LNKA] (IRQs 5 9 10 *11)
[    0.323682] ACPI: PCI Interrupt Link [LNKB] (IRQs 5 9 *10 11)
[    0.323780] ACPI: PCI Interrupt Link [LNKC] (IRQs 5 *9 10 11)
[    0.323886] ACPI: PCI Interrupt Link [LNKD] (IRQs 5 9 10 *11)
[    0.324122] iommu: Default domain type: Translated 
[    0.324180] pci 0000:00:02.0: vgaarb: setting as boot VGA device
[    0.324182] pci 0000:00:02.0: vgaarb: VGA device added: decodes=io+mem,owns=io+mem,locks=none
[    0.324183] pci 0000:00:02.0: vgaarb: bridge control possible
[    0.324184] vgaarb: loaded
[    0.326473] SCSI subsystem initialized
[    0.326504] libata version 3.00 loaded.
[    0.326529] ACPI: bus type USB registered
[    0.326544] usbcore: registered new interface driver usbfs
[    0.326550] usbcore: registered new interface driver hub
[    0.326556] usbcore: registered new device driver usb
[    0.326580] pps_core: LinuxPPS API ver. 1 registered
[    0.326580] pps_core: Software ver. 5.3.6 - Copyright 2005-2007 Rodolfo Giometti <giometti@linux.it>
[    0.326582] PTP clock support registered
[    0.326618] EDAC MC: Ver: 3.0.0
[    0.326903] PCI: Using ACPI for IRQ routing
[    0.326904] PCI: pci_cache_line_size set to 64 bytes
[    0.327074] e820: reserve RAM buffer [mem 0x0009fc00-0x0009ffff]
[    0.327077] e820: reserve RAM buffer [mem 0x7fff0000-0x7fffffff]
[    0.327860] NetLabel: Initializing
[    0.327861] NetLabel:  domain hash size = 128
[    0.327861] NetLabel:  protocols = UNLABELED CIPSOv4 CALIPSO
[    0.327880] NetLabel:  unlabeled traffic allowed by default
[    0.328782] clocksource: Switched to clocksource kvm-clock
[    0.340672] *** VALIDATE bpf ***
[    0.340731] VFS: Disk quotas dquot_6.6.0
[    0.340743] VFS: Dquot-cache hash table entries: 512 (order 0, 4096 bytes)
[    0.340765] *** VALIDATE ramfs ***
[    0.340768] *** VALIDATE hugetlbfs ***
[    0.340849] AppArmor: AppArmor Filesystem Enabled
[    0.340872] pnp: PnP ACPI init
[    0.340934] pnp 00:00: Plug and Play ACPI device, IDs PNP0303 (active)
[    0.340999] pnp 00:01: Plug and Play ACPI device, IDs PNP0f03 (active)
[    0.341732] pnp: PnP ACPI: found 2 devices
[    0.342679] thermal_sys: Registered thermal governor 'fair_share'
[    0.342680] thermal_sys: Registered thermal governor 'bang_bang'
[    0.342681] thermal_sys: Registered thermal governor 'step_wise'
[    0.342681] thermal_sys: Registered thermal governor 'user_space'
[    0.342682] thermal_sys: Registered thermal governor 'power_allocator'
[    0.347210] clocksource: acpi_pm: mask: 0xffffff max_cycles: 0xffffff, max_idle_ns: 2085701024 ns
[    0.347250] pci_bus 0000:00: resource 4 [io  0x0000-0x0cf7 window]
[    0.347251] pci_bus 0000:00: resource 5 [io  0x0d00-0xffff window]
[    0.347252] pci_bus 0000:00: resource 6 [mem 0x000a0000-0x000bffff window]
[    0.347253] pci_bus 0000:00: resource 7 [mem 0x80000000-0xfdffffff window]
[    0.347309] NET: Registered protocol family 2
[    0.347383] IP idents hash table entries: 32768 (order: 6, 262144 bytes, linear)
[    0.347786] MPTCP tokens hash table entries: 8192 (order: 4, 65536 bytes, linear)
[    0.347806] MPTCP request tokens hash table entries: 8192 (order: 4, 65536 bytes, linear)
[    0.347831] default registered
[    0.347832] default registered
[    0.347832] MPTCP: Stable release v0.96
[    0.347837] tcp_listen_portaddr_hash hash table entries: 1024 (order: 2, 16384 bytes, linear)
[    0.347916] TCP established hash table entries: 16384 (order: 5, 131072 bytes, linear)
[    0.347980] TCP bind hash table entries: 16384 (order: 6, 262144 bytes, linear)
[    0.348006] TCP: Hash tables configured (established 16384 bind 16384)
[    0.348699] UDP hash table entries: 1024 (order: 3, 32768 bytes, linear)
[    0.348710] UDP-Lite hash table entries: 1024 (order: 3, 32768 bytes, linear)
[    0.348743] NET: Registered protocol family 1
[    0.348751] NET: Registered protocol family 44
[    0.348770] pci 0000:00:00.0: Limiting direct PCI/PCI transfers
[    0.348783] pci 0000:00:01.0: Activating ISA DMA hang workarounds
[    0.348837] pci 0000:00:02.0: Video device with shadowed ROM at [mem 0x000c0000-0x000dffff]
[    0.348895] PCI: CLS 0 bytes, default 64
[    0.348941] Trying to unpack rootfs image as initramfs...
[    0.520005] Freeing initrd memory: 47868K
[    0.520005] clocksource: tsc: mask: 0xffffffffffffffff max_cycles: 0x1e4530a99b6, max_idle_ns: 440795257976 ns
[    0.520005] clocksource: Switched to clocksource tsc
[    0.520005] platform rtc_cmos: registered platform RTC device (no PNP device found)
[    0.520005] check: Scanning for low memory corruption every 60 seconds
[    0.520005] Initialise system trusted keyrings
[    0.520005] Key type blacklist registered
[    0.520005] workingset: timestamp_bits=36 max_order=19 bucket_order=0
[    0.520005] zbud: loaded
[    0.520005] squashfs: version 4.0 (2009/01/31) Phillip Lougher
[    0.520005] fuse: init (API version 7.31)
[    0.520005] *** VALIDATE fuse ***
[    0.520005] *** VALIDATE fuse ***
[    0.520005] Platform Keyring initialized
[    0.532483] Key type asymmetric registered
[    0.532484] Asymmetric key parser 'x509' registered
[    0.532495] Block layer SCSI generic (bsg) driver version 0.4 loaded (major 244)
[    0.532531] io scheduler mq-deadline registered
[    0.532654] shpchp: Standard Hot Plug PCI Controller Driver version: 0.4
[    0.532856] ACPI: AC Adapter [AC] (on-line)
[    0.532900] input: Power Button as /devices/LNXSYSTM:00/LNXPWRBN:00/input/input0
[    0.532929] ACPI: Power Button [PWRF]
[    0.533000] input: Sleep Button as /devices/LNXSYSTM:00/LNXSLPBN:00/input/input1
[    0.533014] ACPI: Sleep Button [SLPF]
[    0.533246] Serial: 8250/16550 driver, 32 ports, IRQ sharing enabled
[    0.534441] Linux agpgart interface v0.103
[    0.623058] loop: module loaded
[    0.623206] ata_piix 0000:00:01.1: version 2.13
[    0.623621] scsi host0: ata_piix
[    0.623712] scsi host1: ata_piix
[    0.623738] ata1: PATA max UDMA/33 cmd 0x1f0 ctl 0x3f6 bmdma 0xd000 irq 14
[    0.623739] ata2: PATA max UDMA/33 cmd 0x170 ctl 0x376 bmdma 0xd008 irq 15
[    0.623821] tun: Universal TUN/TAP device driver, 1.6
[    0.624130] PPP generic driver version 2.4.2
[    0.624173] VFIO - User Level meta-driver version: 0.3
[    0.624412] ehci_hcd: USB 2.0 'Enhanced' Host Controller (EHCI) Driver
[    0.624417] ehci-pci: EHCI PCI platform driver
[    0.624432] ehci-platform: EHCI generic platform driver
[    0.624437] ohci_hcd: USB 1.1 'Open' Host Controller (OHCI) Driver
[    0.624439] ohci-pci: OHCI PCI platform driver
[    0.624446] ohci-platform: OHCI generic platform driver
[    0.624450] uhci_hcd: USB Universal Host Controller Interface driver
[    0.624515] i8042: PNP: PS/2 Controller [PNP0303:PS2K,PNP0f03:PS2M] at 0x60,0x64 irq 1,12
[    0.624954] serio: i8042 KBD port at 0x60,0x64 irq 1
[    0.624958] serio: i8042 AUX port at 0x60,0x64 irq 12
[    0.625045] mousedev: PS/2 mouse device common for all mice
[    0.625294] input: AT Translated Set 2 keyboard as /devices/platform/i8042/serio0/input/input2
[    0.625695] rtc_cmos rtc_cmos: registered as rtc0
[    0.625708] rtc_cmos rtc_cmos: alarms up to one day, 114 bytes nvram
[    0.625713] i2c /dev entries driver
[    0.625755] device-mapper: uevent: version 1.0.3
[    0.625798] device-mapper: ioctl: 4.41.0-ioctl (2019-09-16) initialised: dm-devel@redhat.com
[    0.625815] platform eisa.0: Probing EISA bus 0
[    0.625817] platform eisa.0: EISA: Cannot allocate resource for mainboard
[    0.625818] platform eisa.0: Cannot allocate resource for EISA slot 1
[    0.625819] platform eisa.0: Cannot allocate resource for EISA slot 2
[    0.625820] platform eisa.0: Cannot allocate resource for EISA slot 3
[    0.625821] platform eisa.0: Cannot allocate resource for EISA slot 4
[    0.625822] platform eisa.0: Cannot allocate resource for EISA slot 5
[    0.625823] platform eisa.0: Cannot allocate resource for EISA slot 6
[    0.625824] platform eisa.0: Cannot allocate resource for EISA slot 7
[    0.625825] platform eisa.0: Cannot allocate resource for EISA slot 8
[    0.625826] platform eisa.0: EISA: Detected 0 cards
[    0.625828] intel_pstate: CPU model not supported
[    0.625839] ledtrig-cpu: registered to indicate activity on CPUs
[    0.625892] drop_monitor: Initializing network drop monitor service
[    0.626049] NET: Registered protocol family 10
[    0.631118] Segment Routing with IPv6
[    0.631118] fullmesh registered
[    0.631118] ndiffports registered
[    0.631118] binder registered
[    0.631118] roundrobin registered
[    0.631118] redundant registered
[    0.631118] blest registered
[    0.631118] ecf registered
[    0.631118] NET: Registered protocol family 17
[    0.631118] Key type dns_resolver registered
[    0.631118] RAS: Correctable Errors collector initialized.
[    0.631118] IPI shorthand broadcast: enabled
[    0.631118] sched_clock: Marking stable (616102685, 11015603)->(628271125, -1152837)
[    0.631439] registered taskstats version 1
[    0.631448] Loading compiled-in X.509 certificates
[    0.632036] Loaded X.509 cert 'Build time autogenerated kernel key: 6909f3744cebb3d0de528d5887b96a727de79b1e'
[    0.632054] zswap: loaded using pool lzo/zbud
[    0.632107] Key type ._fscrypt registered
[    0.632107] Key type .fscrypt registered
[    0.636566] Key type big_key registered
[    0.638758] Key type encrypted registered
[    0.638761] AppArmor: AppArmor sha1 policy hashing enabled
[    0.638769] ima: No TPM chip found, activating TPM-bypass!
[    0.638773] ima: Allocated hash algorithm: sha1
[    0.638778] ima: No architecture policies found
[    0.638787] evm: Initialising EVM extended attributes:
[    0.638788] evm: security.selinux
[    0.638788] evm: security.SMACK64
[    0.638789] evm: security.SMACK64EXEC
[    0.638789] evm: security.SMACK64TRANSMUTE
[    0.638790] evm: security.SMACK64MMAP
[    0.638790] evm: security.apparmor
[    0.638790] evm: security.ima
[    0.638791] evm: security.capability
[    0.638792] evm: HMAC attrs: 0x1
[    0.639091] PM:   Magic number: 10:170:323
[    0.639111] tty tty48: hash matches
[    0.639228] rtc_cmos rtc_cmos: setting system clock to 2026-01-13T09:18:40 UTC (1768295920)
[    0.795998] ata1.00: ATA-6: VBOX HARDDISK, 1.0, max UDMA/133
[    0.796001] ata1.00: 209715200 sectors, multi 128: LBA 
[    0.796634] scsi 0:0:0:0: Direct-Access     ATA      VBOX HARDDISK    1.0  PQ: 0 ANSI: 5
[    0.796909] sd 0:0:0:0: [sda] 209715200 512-byte logical blocks: (107 GB/100 GiB)
[    0.796921] sd 0:0:0:0: [sda] Write Protect is off
[    0.796923] sd 0:0:0:0: [sda] Mode Sense: 00 3a 00 00
[    0.796943] sd 0:0:0:0: [sda] Write cache: enabled, read cache: enabled, doesn't support DPO or FUA
[    0.797244] sd 0:0:0:0: Attached scsi generic sg0 type 0
[    0.798027]  sda: sda1 sda2
[    0.807328] sd 0:0:0:0: [sda] Attached SCSI disk
[    0.812593] Freeing unused decrypted memory: 2040K
[    0.813946] Freeing unused kernel image memory: 2728K
[    0.813950] Write protecting the kernel read-only data: 22528k
[    0.815432] Freeing unused kernel image memory: 2036K
[    0.816240] Freeing unused kernel image memory: 1432K
[    0.851763] x86/mm: Checked W+X mappings: passed, no W+X pages found.
[    0.851767] Run /init as init process
[    0.961200] ACPI: Video Device [GFX0] (multi-head: yes  rom: no  post: no)
[    0.961272] input: Video Bus as /devices/LNXSYSTM:00/LNXSYBUS:00/PNP0A03:00/LNXVIDEO:00/input/input4
[    0.972558] pcnet32: pcnet32.c:v1.35 21.Apr.2008 tsbogend@alpha.franken.de
[    0.974105] piix4_smbus 0000:00:07.0: SMBus Host Controller at 0x4100, revision 0
[    0.978348] e1000: Intel(R) PRO/1000 Network Driver - version 7.3.21-k8-NAPI
[    0.978348] e1000: Copyright (c) 1999-2006 Intel Corporation.
[    0.989096] pcnet32: PCnet/FAST III 79C973 at 0xd020, 08:00:27:52:5f:e0 assigned IRQ 19
[    0.989141] pcnet32: Found PHY 0022:561b at address 0
[    0.989446] pcnet32: eth0: registered as PCnet/FAST III 79C973
[    0.989470] pcnet32: 1 cards_found
[    1.055577] pcnet32 0000:00:03.0 enp0s3: renamed from eth0
[    1.200181] input: ImExPS/2 Generic Explorer Mouse as /devices/platform/i8042/serio1/input/input5
[    1.387271] e1000 0000:00:08.0 eth0: (PCI:33MHz:32-bit) 08:00:27:05:26:0f
[    1.387275] e1000 0000:00:08.0 eth0: Intel(R) PRO/1000 Network Connection
[    1.759278] e1000 0000:00:09.0 eth1: (PCI:33MHz:32-bit) 08:00:27:c2:fe:5b
[    1.759281] e1000 0000:00:09.0 eth1: Intel(R) PRO/1000 Network Connection
[    1.760400] e1000 0000:00:09.0 enp0s9: renamed from eth1
[    1.762171] e1000 0000:00:08.0 enp0s8: renamed from eth0
[    1.903323] EXT4-fs (sda2): mounted filesystem with ordered data mode. Opts: (null)
[    1.987555] systemd[1]: Inserted module 'autofs4'
[    1.996710] systemd[1]: systemd 245.4-4ubuntu3 running in system mode. (+PAM +AUDIT +SELINUX +IMA +APPARMOR +SMACK +SYSVINIT +UTMP +LIBCRYPTSETUP +GCRYPT +GNUTLS +ACL +XZ +LZ4 +SECCOMP +BLKID +ELFUTILS +KMOD +IDN2 -IDN +PCRE2 default-hierarchy=hybrid)
[    1.996739] systemd[1]: Detected virtualization oracle.
[    1.996742] systemd[1]: Detected architecture x86-64.
[    1.998020] systemd[1]: Set hostname to <ztg>.
[    2.117403] systemd[1]: /lib/systemd/system/dbus.socket:5: ListenStream= references a path below legacy directory /var/run/, updating /var/run/dbus/system_bus_socket â†’ /run/dbus/system_bus_socket; please update the unit file accordingly.
[    2.169529] systemd[1]: Created slice system-modprobe.slice.
[    2.169709] systemd[1]: Created slice User and Session Slice.
[    2.169750] systemd[1]: Started Forward Password Requests to Wall Directory Watch.
[    2.169906] systemd[1]: Set up automount Arbitrary Executable File Formats File System Automount Point.
[    2.169938] systemd[1]: Reached target User and Group Name Lookups.
[    2.169947] systemd[1]: Reached target Remote File Systems.
[    2.169956] systemd[1]: Reached target Slices.
[    2.170491] systemd[1]: Listening on Syslog Socket.
[    2.170555] systemd[1]: Listening on fsck to fsckd communication Socket.
[    2.170590] systemd[1]: Listening on initctl Compatibility Named Pipe.
[    2.170721] systemd[1]: Listening on Journal Audit Socket.
[    2.170771] systemd[1]: Listening on Journal Socket (/dev/log).
[    2.170837] systemd[1]: Listening on Journal Socket.
[    2.170899] systemd[1]: Listening on udev Control Socket.
[    2.170936] systemd[1]: Listening on udev Kernel Socket.
[    2.171679] systemd[1]: Mounting Huge Pages File System...
[    2.172564] systemd[1]: Mounting POSIX Message Queue File System...
[    2.173433] systemd[1]: Mounting Kernel Debug File System...
[    2.174230] systemd[1]: Mounting Kernel Trace File System...
[    2.176103] systemd[1]: Starting Journal Service...
[    2.197545] systemd[1]: Starting Set the console keyboard layout...
[    2.205232] systemd[1]: Starting Create list of static device nodes for the current kernel...
[    2.206983] systemd[1]: Starting Load Kernel Module drm...
[    2.208343] systemd[1]: Condition check resulted in Set Up Additional Binary Formats being skipped.
[    2.208393] systemd[1]: Condition check resulted in File System Check on Root Device being skipped.
[    2.219702] systemd[1]: Starting Load Kernel Modules...
[    2.226667] systemd[1]: Starting Remount Root and Kernel File Systems...
[    2.232997] systemd[1]: Starting udev Coldplug all Devices...
[    2.245277] systemd[1]: Starting Uncomplicated firewall...
[    2.247584] systemd[1]: Mounted Huge Pages File System.
[    2.247664] systemd[1]: Mounted POSIX Message Queue File System.
[    2.247730] systemd[1]: Mounted Kernel Debug File System.
[    2.247794] systemd[1]: Mounted Kernel Trace File System.
[    2.269875] EXT4-fs (sda2): re-mounted. Opts: errors=remount-ro
[    2.283658] systemd[1]: Finished Create list of static device nodes for the current kernel.
[    2.284632] systemd[1]: modprobe@drm.service: Succeeded.
[    2.285015] systemd[1]: Finished Load Kernel Module drm.
[    2.291268] systemd[1]: Finished Remount Root and Kernel File Systems.
[    2.292066] systemd[1]: Finished Uncomplicated firewall.
[    2.308068] lp: driver loaded but no devices found
[    2.312048] systemd[1]: Condition check resulted in Rebuild Hardware Database being skipped.
[    2.312083] systemd[1]: Condition check resulted in Platform Persistent Storage Archival being skipped.
[    2.312700] systemd[1]: Starting Load/Save Random Seed...
[    2.317245] systemd[1]: Starting Create System Users...
[    2.323420] ppdev: user-space parallel port driver
[    2.329158] systemd[1]: Finished Load/Save Random Seed.
[    2.332938] systemd[1]: Finished Create System Users.
[    2.333611] systemd[1]: Starting Create Static Device Nodes in /dev...
[    2.369204] systemd[1]: Finished Create Static Device Nodes in /dev.
[    2.369957] systemd[1]: Starting udev Kernel Device Manager...
[    2.381528] systemd[1]: Finished udev Coldplug all Devices.
[    2.410059] [drm] DMA map mode: Caching DMA mappings.
[    2.410123] [drm] Capabilities:
[    2.410123] [drm]   Rect copy.
[    2.410124] [drm]   Cursor.
[    2.410124] [drm]   Cursor bypass.
[    2.410124] [drm]   Cursor bypass 2.
[    2.410125] [drm]   Alpha cursor.
[    2.410125] [drm]   Extended Fifo.
[    2.410125] [drm]   Pitchlock.
[    2.410126] [drm]   Irq mask.
[    2.410126] [drm]   GMR.
[    2.410126] [drm]   Traces.
[    2.410127] [drm]   GMR2.
[    2.410127] [drm]   Screen Object 2.
[    2.410127] [drm]   Command Buffers.
[    2.410128] [drm]   Command Buffers 2.
[    2.410128] [drm]   Guest Backed Resources.
[    2.410129] [drm] Max GMR ids is 8192
[    2.410129] [drm] Max number of GMR pages is 1048576
[    2.410130] [drm] Max dedicated hypervisor surface memory is 393216 kiB
[    2.410131] [drm] Maximum display memory size is 131072 kiB
[    2.410131] [drm] VRAM at 0xe0000000 size is 131072 kiB
[    2.410132] [drm] MMIO at 0xf0000000 size is 2048 kiB
[    2.432614] [TTM] Zone  kernel: Available graphics memory: 1011738 KiB
[    2.432615] [TTM] Initializing pool allocator
[    2.432618] [TTM] Initializing DMA pool allocator
[    2.432646] [drm] Supports vblank timestamp caching Rev 2 (21.10.2013).
[    2.432646] [drm] No driver support for vblank timestamp query.
[    2.432861] [drm] Screen Target Display device initialized
[    2.433050] [drm] width 720
[    2.433067] [drm] height 400
[    2.433070] [drm] bpp 32
[    2.433587] [drm] Fifo max 0x00200000 min 0x00001000 cap 0x00000355
[    2.434650] [drm] Using command buffers with DMA pool.
[    2.434654] [drm] DX: no.
[    2.434654] [drm] Atomic: yes.
[    2.434655] [drm] SM4_1: no.
[    2.434673] [drm:vmw_host_log [vmwgfx]] *ERROR* Failed to send host log message.
[    2.435793] [drm:vmw_host_log [vmwgfx]] *ERROR* Failed to send host log message.
[    2.443524] fbcon: svgadrmfb (fb0) is primary device
[    2.447486] Console: switching to colour frame buffer device 100x37
[    2.453194] [drm] Initialized vmwgfx 2.15.0 20180704 for 0000:00:02.0 on minor 0
[    2.458401] systemd[1]: Finished Load Kernel Modules.
[    2.459324] systemd[1]: Mounting FUSE Control File System...
[    2.460495] systemd[1]: Mounting Kernel Configuration File System...
[    2.467632] systemd[1]: Starting Apply Kernel Variables...
[    2.476803] systemd[1]: Mounted FUSE Control File System.
[    2.476865] systemd[1]: Condition check resulted in VMware vmblock fuse mount being skipped.
[    2.482376] systemd[1]: Mounted Kernel Configuration File System.
[    2.484721] systemd[1]: Finished Set the console keyboard layout.
[    2.484816] systemd[1]: Reached target Local File Systems (Pre).
[    2.488497] systemd[1]: Mounting Mount unit for bare, revision 5...
[    2.506961] systemd[1]: Mounting Mount unit for core18, revision 1705...
[    2.518744] systemd[1]: Mounting Mount unit for gnome-3-34-1804, revision 24...
[    2.521378] systemd[1]: Mounting Mount unit for gtk-common-themes, revision 1506...
[    2.532390] systemd[1]: Mounting Mount unit for gtk-common-themes, revision 1535...
[    2.536834] systemd[1]: Mounting Mount unit for snap-store, revision 433...
[    2.547340] systemd[1]: Mounting Mount unit for snapd, revision 25935...
[    2.550002] systemd[1]: Finished Apply Kernel Variables.
[    2.567969] systemd[1]: Mounted Mount unit for bare, revision 5.
[    2.568056] systemd[1]: Mounted Mount unit for core18, revision 1705.
[    2.568126] systemd[1]: Mounted Mount unit for gnome-3-34-1804, revision 24.
[    2.579742] systemd[1]: Started udev Kernel Device Manager.
[    2.580427] systemd[1]: Starting Show Plymouth Boot Screen...
[    2.585385] systemd[1]: Received SIGRTMIN+20 from PID 276 (plymouthd).
[    2.589557] systemd[1]: Mounted Mount unit for gtk-common-themes, revision 1506.
[    2.611060] systemd[1]: Started Show Plymouth Boot Screen.
[    2.611223] systemd[1]: Condition check resulted in Dispatch Password Requests to Console Directory Watch being skipped.
[    2.611302] systemd[1]: Started Forward Password Requests to Plymouth Directory Watch.
[    2.611387] systemd[1]: Reached target Local Encrypted Volumes.
[    2.628743] systemd[1]: Mounted Mount unit for gtk-common-themes, revision 1535.
[    2.678589] systemd[1]: Mounted Mount unit for snap-store, revision 433.
[    2.678813] systemd[1]: Mounted Mount unit for snapd, revision 25935.
[    2.678960] systemd[1]: Reached target Local File Systems.
[    2.679783] systemd[1]: Starting Load AppArmor profiles...
[    2.682132] systemd[1]: Starting Set console font and keymap...
[    2.694855] systemd[1]: Starting Tell Plymouth To Write Out Runtime Data...
[    2.696562] systemd[1]: Condition check resulted in Store a System Token in an EFI Variable being skipped.
[    2.696621] systemd[1]: Condition check resulted in Commit a transient machine-id on disk being skipped.
[    2.700403] systemd[1]: Finished Set console font and keymap.
[    2.708194] systemd[1]: Received SIGRTMIN+20 from PID 276 (plymouthd).
[    2.709617] systemd[1]: plymouth-read-write.service: Succeeded.
[    2.709858] systemd[1]: Finished Tell Plymouth To Write Out Runtime Data.
[    2.725708] audit: type=1400 audit(1768295922.580:2): apparmor="STATUS" operation="profile_load" profile="unconfined" name="nvidia_modprobe" pid=300 comm="apparmor_parser"
[    2.725710] audit: type=1400 audit(1768295922.580:3): apparmor="STATUS" operation="profile_load" profile="unconfined" name="nvidia_modprobe//kmod" pid=300 comm="apparmor_parser"
[    2.748268] audit: type=1400 audit(1768295922.604:4): apparmor="STATUS" operation="profile_load" profile="unconfined" name="/usr/sbin/tcpdump" pid=301 comm="apparmor_parser"
[    2.774846] audit: type=1400 audit(1768295922.624:5): apparmor="STATUS" operation="profile_load" profile="unconfined" name="/usr/bin/evince" pid=303 comm="apparmor_parser"
[    2.774848] audit: type=1400 audit(1768295922.624:6): apparmor="STATUS" operation="profile_load" profile="unconfined" name="/usr/bin/evince//sanitized_helper" pid=303 comm="apparmor_parser"
[    2.774850] audit: type=1400 audit(1768295922.624:7): apparmor="STATUS" operation="profile_load" profile="unconfined" name="/usr/bin/evince-previewer" pid=303 comm="apparmor_parser"
[    2.774851] audit: type=1400 audit(1768295922.624:8): apparmor="STATUS" operation="profile_load" profile="unconfined" name="/usr/bin/evince-previewer//sanitized_helper" pid=303 comm="apparmor_parser"
[    2.774853] audit: type=1400 audit(1768295922.624:9): apparmor="STATUS" operation="profile_load" profile="unconfined" name="/usr/bin/evince-thumbnailer" pid=303 comm="apparmor_parser"
[    2.807047] audit: type=1400 audit(1768295922.664:10): apparmor="STATUS" operation="profile_load" profile="unconfined" name="/usr/lib/cups/backend/cups-pdf" pid=304 comm="apparmor_parser"
[    2.864436] systemd[1]: Finished Load AppArmor profiles.
[    2.865343] systemd[1]: Starting Load AppArmor profiles managed internally by snapd...
[    2.981334] systemd[1]: Finished Load AppArmor profiles managed internally by snapd.
[    3.140726] systemd[1]: Started Journal Service.
[    3.148432] systemd-journald[229]: Received client request to flush runtime journal.
[    3.151569] systemd-journald[229]: File /var/log/journal/c455b248004a419c87ce85eea238d727/system.journal corrupted or uncleanly shut down, renaming and replacing.
[    4.395197] RAPL PMU: API unit is 2^-32 Joules, 0 fixed counters, 10737418240 ms ovfl timer
[    4.455140] cryptd: max_cpu_qlen set to 1000
[    4.516465] AVX2 version of gcm_enc/dec engaged.
[    4.516466] AES CTR mode by8 optimization enabled
[    6.310444] Adding 1998844k swap on /dev/sda1.  Priority:-2 extents:1 across:1998844k FS
[    7.158314] kauditd_printk_skb: 30 callbacks suppressed
[    7.158316] audit: type=1400 audit(1768295927.016:41): apparmor="DENIED" operation="capable" profile="/usr/sbin/cups-browsed" pid=509 comm="cups-browsed" capability=23  capname="sys_nice"
[    8.651697] pcnet32 0000:00:03.0 enp0s3: link up, 100Mbps, full-duplex
[    8.686351] e1000: enp0s8 NIC Link is Up 1000 Mbps Full Duplex, Flow Control: RX
[    8.686994] IPv6: ADDRCONF(NETDEV_CHANGE): enp0s8: link becomes ready
[    8.704107] e1000: enp0s9 NIC Link is Up 1000 Mbps Full Duplex, Flow Control: RX
[    8.704398] IPv6: ADDRCONF(NETDEV_CHANGE): enp0s9: link becomes ready
[    9.339740] device enp0s3 entered promiscuous mode
[    9.378489] audit: type=1400 audit(1768295929.232:42): apparmor="DENIED" operation="open" profile="/usr/sbin/tcpdump" name="/proc/sys/kernel/random/boot_id" pid=626 comm="tcpdump" requested_mask="r" denied_mask="r" fsuid=0 ouid=0
[    9.379036] audit: type=1400 audit(1768295929.232:43): apparmor="DENIED" operation="open" profile="/usr/sbin/tcpdump" name="/proc/sys/kernel/random/boot_id" pid=626 comm="tcpdump" requested_mask="r" denied_mask="r" fsuid=0 ouid=0
[    9.379207] audit: type=1400 audit(1768295929.232:44): apparmor="DENIED" operation="open" profile="/usr/sbin/tcpdump" name="/proc/sys/kernel/random/boot_id" pid=626 comm="tcpdump" requested_mask="r" denied_mask="r" fsuid=0 ouid=0
[    9.379388] audit: type=1400 audit(1768295929.232:45): apparmor="DENIED" operation="open" profile="/usr/sbin/tcpdump" name="/proc/sys/kernel/random/boot_id" pid=626 comm="tcpdump" requested_mask="r" denied_mask="r" fsuid=0 ouid=0
[    9.400051] audit: type=1400 audit(1768295929.256:46): apparmor="DENIED" operation="open" profile="/usr/sbin/tcpdump" name="/proc/sys/kernel/random/boot_id" pid=627 comm="tcpdump" requested_mask="r" denied_mask="r" fsuid=0 ouid=0
[    9.402412] audit: type=1400 audit(1768295929.260:47): apparmor="DENIED" operation="open" profile="/usr/sbin/tcpdump" name="/proc/sys/kernel/random/boot_id" pid=627 comm="tcpdump" requested_mask="r" denied_mask="r" fsuid=0 ouid=0
[    9.402547] audit: type=1400 audit(1768295929.260:48): apparmor="DENIED" operation="open" profile="/usr/sbin/tcpdump" name="/proc/sys/kernel/random/boot_id" pid=627 comm="tcpdump" requested_mask="r" denied_mask="r" fsuid=0 ouid=0
[    9.402606] audit: type=1400 audit(1768295929.260:49): apparmor="DENIED" operation="open" profile="/usr/sbin/tcpdump" name="/proc/sys/kernel/random/boot_id" pid=627 comm="tcpdump" requested_mask="r" denied_mask="r" fsuid=0 ouid=0
[   15.307196] rfkill: input handler disabled
[  342.647528] AAAAA-TCP_FORW: name:enp0s3: saddr:16783984: daddr:100932208
[  342.741514] AAAAA-TCP_FORW: name:enp0s3: saddr:16783984: daddr:100932208
[  398.869056] AAAAA-TCP_FORW: name:enp0s3: saddr:33561200: daddr:100932208
[  398.945584] AAAAA-TCP_FORW: name:enp0s3: saddr:16783984: daddr:100932208
[  399.046762] AAAAA-TCP_FORW: name:enp0s3: saddr:33561200: daddr:100932208
[  399.142996] AAAAA-TCP_FORW: name:enp0s3: saddr:33561200: daddr:100932208
[  399.235542] AAAAA-TCP_FORW: name:enp0s3: saddr:33561200: daddr:100932208
[  625.001276] rfkill: input handler enabled
[  633.976813] rfkill: input handler disabled
[  856.683392] device enp0s3 left promiscuous mode
