[    0.000000] Linux version 5.4.243-mptcp (root@ztg) (gcc version 12.2.0 (Debian 12.2.0-14+deb12u1)) #53 SMP Wed Dec 24 23:28:15 CST 2025
[    0.000000] Command line: BOOT_IMAGE=/boot/vmlinuz-5.4.243-mptcp root=UUID=98415a12-53b7-4144-8265-0f7ece09e445 ro quiet splash
[    0.000000] KERNEL supported cpus:
[    0.000000]   Intel GenuineIntel
[    0.000000]   AMD AuthenticAMD
[    0.000000]   Hygon HygonGenuine
[    0.000000]   Centaur CentaurHauls
[    0.000000]   zhaoxin   Shanghai  
[    0.000000] x86/fpu: Supporting XSAVE feature 0x001: 'x87 floating point registers'
[    0.000000] x86/fpu: Supporting XSAVE feature 0x002: 'SSE registers'
[    0.000000] x86/fpu: Supporting XSAVE feature 0x004: 'AVX registers'
[    0.000000] x86/fpu: xstate_offset[2]:  576, xstate_sizes[2]:  256
[    0.000000] x86/fpu: Enabled xstate features 0x7, context size is 832 bytes, using 'standard' format.
[    0.000000] BIOS-provided physical RAM map:
[    0.000000] BIOS-e820: [mem 0x0000000000000000-0x000000000009fbff] usable
[    0.000000] BIOS-e820: [mem 0x000000000009fc00-0x000000000009ffff] reserved
[    0.000000] BIOS-e820: [mem 0x00000000000f0000-0x00000000000fffff] reserved
[    0.000000] BIOS-e820: [mem 0x0000000000100000-0x000000007ffeffff] usable
[    0.000000] BIOS-e820: [mem 0x000000007fff0000-0x000000007fffffff] ACPI data
[    0.000000] BIOS-e820: [mem 0x00000000fec00000-0x00000000fec00fff] reserved
[    0.000000] BIOS-e820: [mem 0x00000000fee00000-0x00000000fee00fff] reserved
[    0.000000] BIOS-e820: [mem 0x00000000fffc0000-0x00000000ffffffff] reserved
[    0.000000] NX (Execute Disable) protection: active
[    0.000000] SMBIOS 2.5 present.
[    0.000000] DMI: innotek GmbH VirtualBox/VirtualBox, BIOS VirtualBox 12/01/2006
[    0.000000] Hypervisor detected: KVM
[    0.000000] kvm-clock: Using msrs 4b564d01 and 4b564d00
[    0.000000] kvm-clock: cpu 0, msr 21e01001, primary cpu clock
[    0.000000] kvm-clock: using sched offset of 4547583644 cycles
[    0.000004] clocksource: kvm-clock: mask: 0xffffffffffffffff max_cycles: 0x1cd42e4dffb, max_idle_ns: 881590591483 ns
[    0.000006] tsc: Detected 2100.000 MHz processor
[    0.001881] e820: update [mem 0x00000000-0x00000fff] usable ==> reserved
[    0.001883] e820: remove [mem 0x000a0000-0x000fffff] usable
[    0.001887] last_pfn = 0x7fff0 max_arch_pfn = 0x400000000
[    0.001958] MTRR default type: uncachable
[    0.001959] MTRR fixed ranges enabled:
[    0.001960]   00000-9FFFF write-back
[    0.001961]   A0000-BFFFF uncachable
[    0.001962]   C0000-FFFFF write-protect
[    0.001962] MTRR variable ranges enabled:
[    0.001964]   0 base 000000000000 mask 3FFF80000000 write-back
[    0.001965]   1 disabled
[    0.001965]   2 disabled
[    0.001965]   3 disabled
[    0.001966]   4 disabled
[    0.001966]   5 disabled
[    0.001967]   6 disabled
[    0.001967]   7 disabled
[    0.001967]   8 disabled
[    0.001968]   9 disabled
[    0.001968]   10 disabled
[    0.001969]   11 disabled
[    0.001969]   12 disabled
[    0.001970]   13 disabled
[    0.001970]   14 disabled
[    0.001970]   15 disabled
[    0.001988] x86/PAT: Configuration [0-7]: WB  WC  UC- UC  WB  WP  UC- WT  
[    0.002126] found SMP MP-table at [mem 0x0009fff0-0x0009ffff]
[    0.093548] check: Scanning 1 areas for low memory corruption
[    0.093822] RAMDISK: [mem 0x32271000-0x3512ffff]
[    0.093831] ACPI: Early table checksum verification disabled
[    0.093838] ACPI: RSDP 0x00000000000E0000 000024 (v02 VBOX  )
[    0.093843] ACPI: XSDT 0x000000007FFF0030 00003C (v01 VBOX   VBOXXSDT 00000001 ASL  00000061)
[    0.093850] ACPI: FACP 0x000000007FFF00F0 0000F4 (v04 VBOX   VBOXFACP 00000001 ASL  00000061)
[    0.093857] ACPI: DSDT 0x000000007FFF02E0 002353 (v02 VBOX   VBOXBIOS 00000002 VBOX 00029BF3)
[    0.093861] ACPI: FACS 0x000000007FFF0200 000040
[    0.093865] ACPI: FACS 0x000000007FFF0200 000040
[    0.093868] ACPI: APIC 0x000000007FFF0240 000054 (v02 VBOX   VBOXAPIC 00000001 ASL  00000061)
[    0.093872] ACPI: SSDT 0x000000007FFF02A0 000038 (v01 VBOX   VBOXCPUT 00000002 VBOX 00029BF3)
[    0.093875] ACPI: Reserving FACP table memory at [mem 0x7fff00f0-0x7fff01e3]
[    0.093876] ACPI: Reserving DSDT table memory at [mem 0x7fff02e0-0x7fff2632]
[    0.093876] ACPI: Reserving FACS table memory at [mem 0x7fff0200-0x7fff023f]
[    0.093877] ACPI: Reserving FACS table memory at [mem 0x7fff0200-0x7fff023f]
[    0.093878] ACPI: Reserving APIC table memory at [mem 0x7fff0240-0x7fff0293]
[    0.093879] ACPI: Reserving SSDT table memory at [mem 0x7fff02a0-0x7fff02d7]
[    0.093894] ACPI: Local APIC address 0xfee00000
[    0.094089] No NUMA configuration found
[    0.094090] Faking a node at [mem 0x0000000000000000-0x000000007ffeffff]
[    0.094101] NODE_DATA(0) allocated [mem 0x7ffc5000-0x7ffeffff]
[    0.094374] Zone ranges:
[    0.094375]   DMA      [mem 0x0000000000001000-0x0000000000ffffff]
[    0.094376]   DMA32    [mem 0x0000000001000000-0x000000007ffeffff]
[    0.094377]   Normal   empty
[    0.094378]   Device   empty
[    0.094378] Movable zone start for each node
[    0.094380] Early memory node ranges
[    0.094381]   node   0: [mem 0x0000000000001000-0x000000000009efff]
[    0.094382]   node   0: [mem 0x0000000000100000-0x000000007ffeffff]
[    0.094385] Zeroed struct page in unavailable ranges: 114 pages
[    0.094386] Initmem setup node 0 [mem 0x0000000000001000-0x000000007ffeffff]
[    0.094388] On node 0 totalpages: 524174
[    0.094389]   DMA zone: 64 pages used for memmap
[    0.094390]   DMA zone: 21 pages reserved
[    0.094391]   DMA zone: 3998 pages, LIFO batch:0
[    0.094469]   DMA32 zone: 8128 pages used for memmap
[    0.094470]   DMA32 zone: 520176 pages, LIFO batch:63
[    0.103972] ACPI: PM-Timer IO Port: 0x4008
[    0.103975] ACPI: Local APIC address 0xfee00000
[    0.104043] IOAPIC[0]: apic_id 1, version 32, address 0xfec00000, GSI 0-23
[    0.104046] ACPI: INT_SRC_OVR (bus 0 bus_irq 0 global_irq 2 dfl dfl)
[    0.104048] ACPI: INT_SRC_OVR (bus 0 bus_irq 9 global_irq 9 low level)
[    0.104050] ACPI: IRQ0 used by override.
[    0.104051] ACPI: IRQ9 used by override.
[    0.104054] Using ACPI (MADT) for SMP configuration information
[    0.104060] smpboot: Allowing 1 CPUs, 0 hotplug CPUs
[    0.104084] PM: Registered nosave memory: [mem 0x00000000-0x00000fff]
[    0.104085] PM: Registered nosave memory: [mem 0x0009f000-0x0009ffff]
[    0.104086] PM: Registered nosave memory: [mem 0x000a0000-0x000effff]
[    0.104087] PM: Registered nosave memory: [mem 0x000f0000-0x000fffff]
[    0.104089] [mem 0x80000000-0xfebfffff] available for PCI devices
[    0.104090] Booting paravirtualized kernel on KVM
[    0.104093] clocksource: refined-jiffies: mask: 0xffffffff max_cycles: 0xffffffff, max_idle_ns: 7645519600211568 ns
[    0.104098] setup_percpu: NR_CPUS:8192 nr_cpumask_bits:1 nr_cpu_ids:1 nr_node_ids:1
[    0.105053] percpu: Embedded 60 pages/cpu s208896 r8192 d28672 u2097152
[    0.105058] pcpu-alloc: s208896 r8192 d28672 u2097152 alloc=1*2097152
[    0.105059] pcpu-alloc: [0] 0 
[    0.105086] Built 1 zonelists, mobility grouping on.  Total pages: 515961
[    0.105086] Policy zone: DMA32
[    0.105088] Kernel command line: BOOT_IMAGE=/boot/vmlinuz-5.4.243-mptcp root=UUID=98415a12-53b7-4144-8265-0f7ece09e445 ro quiet splash
[    0.105951] Dentry cache hash table entries: 262144 (order: 9, 2097152 bytes, linear)
[    0.106099] Inode-cache hash table entries: 131072 (order: 8, 1048576 bytes, linear)
[    0.106151] mem auto-init: stack:off, heap alloc:on, heap free:off
[    0.106153] Calgary: detecting Calgary via BIOS EBDA area
[    0.106154] Calgary: Unable to locate Rio Grande table in EBDA - bailing!
[    0.111386] Memory: 1967332K/2096696K available (14339K kernel code, 2398K rwdata, 4712K rodata, 2728K init, 17260K bss, 129364K reserved, 0K cma-reserved)
[    0.112354] SLUB: HWalign=64, Order=0-3, MinObjects=0, CPUs=1, Nodes=1
[    0.112372] ftrace: allocating 43186 entries in 169 pages
[    0.132374] rcu: Hierarchical RCU implementation.
[    0.132375] rcu: 	RCU restricting CPUs from NR_CPUS=8192 to nr_cpu_ids=1.
[    0.132377] 	Tasks RCU enabled.
[    0.132378] rcu: RCU calculated value of scheduler-enlistment delay is 25 jiffies.
[    0.132379] rcu: Adjusting geometry for rcu_fanout_leaf=16, nr_cpu_ids=1
[    0.135396] NR_IRQS: 524544, nr_irqs: 256, preallocated irqs: 16
[    0.135607] random: crng init done
[    0.145004] Console: colour VGA+ 80x25
[    0.145010] printk: console [tty0] enabled
[    0.145032] ACPI: Core revision 20190816
[    0.145146] APIC: Switch to symmetric I/O mode setup
[    0.145399] x2apic enabled
[    0.145638] Switched APIC routing to physical x2apic.
[    0.146778] ..TIMER: vector=0x30 apic1=0 pin1=2 apic2=-1 pin2=-1
[    0.146805] clocksource: tsc-early: mask: 0xffffffffffffffff max_cycles: 0x1e4530a99b6, max_idle_ns: 440795257976 ns
[    0.146812] Calibrating delay loop (skipped) preset value.. 4200.00 BogoMIPS (lpj=8400000)
[    0.146814] pid_max: default: 32768 minimum: 301
[    0.146844] LSM: Security Framework initializing
[    0.146854] Yama: becoming mindful.
[    0.146883] AppArmor: AppArmor initialized
[    0.146921] Mount-cache hash table entries: 4096 (order: 3, 32768 bytes, linear)
[    0.146925] Mountpoint-cache hash table entries: 4096 (order: 3, 32768 bytes, linear)
[    0.146937] *** VALIDATE tmpfs ***
[    0.147076] *** VALIDATE proc ***
[    0.147121] *** VALIDATE cgroup1 ***
[    0.147122] *** VALIDATE cgroup2 ***
[    0.147265] process: using mwait in idle threads
[    0.147270] Last level iTLB entries: 4KB 64, 2MB 8, 4MB 8
[    0.147271] Last level dTLB entries: 4KB 64, 2MB 0, 4MB 0, 1GB 4
[    0.147292] Spectre V1 : Mitigation: usercopy/swapgs barriers and __user pointer sanitization
[    0.147299] Spectre V2 : Mitigation: Retpolines
[    0.147299] Spectre V2 : Spectre v2 / SpectreRSB mitigation: Filling RSB on context switch
[    0.147300] Spectre V2 : Spectre v2 / SpectreRSB : Filling RSB on VMEXIT
[    0.147301] RETBleed: WARNING: Spectre v2 mitigation leaves CPU vulnerable to RETBleed attacks, data leaks possible!
[    0.147655] RETBleed: Vulnerable
[    0.147655] Speculative Store Bypass: Vulnerable
[    0.147661] TAA: Mitigation: TSX disabled
[    0.147661] MMIO Stale Data: Mitigation: Clear CPU buffers
[    0.153072] Freeing SMP alternatives memory: 40K
[    0.264695] smpboot: CPU0: Intel(R) Xeon(R) Silver 4216 CPU @ 2.10GHz (family: 0x6, model: 0x55, stepping: 0x7)
[    0.264839] Performance Events: unsupported p6 CPU model 85 no PMU driver, software events only.
[    0.264880] rcu: Hierarchical SRCU implementation.
[    0.265451] NMI watchdog: Perf NMI watchdog permanently disabled
[    0.265498] smp: Bringing up secondary CPUs ...
[    0.265499] smp: Brought up 1 node, 1 CPU
[    0.265500] smpboot: Max logical packages: 1
[    0.265502] smpboot: Total of 1 processors activated (4200.00 BogoMIPS)
[    0.266495] devtmpfs: initialized
[    0.266547] x86/mm: Memory block size: 128MB
[    0.266808] clocksource: jiffies: mask: 0xffffffff max_cycles: 0xffffffff, max_idle_ns: 7645041785100000 ns
[    0.266808] futex hash table entries: 256 (order: 2, 16384 bytes, linear)
[    0.266808] pinctrl core: initialized pinctrl subsystem
[    0.266808] PM: RTC time: 16:27:12, date: 2026-01-11
[    0.266808] NET: Registered protocol family 16
[    0.266808] audit: initializing netlink subsys (disabled)
[    0.266808] EISA bus registered
[    0.266808] cpuidle: using governor ladder
[    0.266808] cpuidle: using governor menu
[    0.266808] ACPI: bus type PCI registered
[    0.266808] acpiphp: ACPI Hot Plug PCI Controller Driver version: 0.5
[    0.266808] PCI: Using configuration type 1 for base access
[    0.267345] audit: type=2000 audit(1768120039.051:1): state=initialized audit_enabled=0 res=1
[    0.267420] HugeTLB registered 2.00 MiB page size, pre-allocated 0 pages
[    0.268197] ACPI: Added _OSI(Module Device)
[    0.268197] ACPI: Added _OSI(Processor Device)
[    0.268198] ACPI: Added _OSI(3.0 _SCP Extensions)
[    0.268199] ACPI: Added _OSI(Processor Aggregator Device)
[    0.268200] ACPI: Added _OSI(Linux-Dell-Video)
[    0.268201] ACPI: Added _OSI(Linux-Lenovo-NV-HDMI-Audio)
[    0.268201] ACPI: Added _OSI(Linux-HPI-Hybrid-Graphics)
[    0.270139] ACPI: 2 ACPI AML tables successfully acquired and loaded
[    0.271689] ACPI: Interpreter enabled
[    0.271700] ACPI: (supports S0 S5)
[    0.271702] ACPI: Using IOAPIC for interrupt routing
[    0.271934] PCI: Using host bridge windows from ACPI; if necessary, use "pci=nocrs" and report a bug
[    0.272057] ACPI: Enabled 2 GPEs in block 00 to 07
[    0.277694] ACPI: PCI Root Bridge [PCI0] (domain 0000 [bus 00-ff])
[    0.277700] acpi PNP0A03:00: _OSC: OS supports [ASPM ClockPM Segments MSI HPX-Type3]
[    0.278194] acpi PNP0A03:00: _OSC: not requesting OS control; OS requires [ExtendedConfig ASPM ClockPM MSI]
[    0.278202] acpi PNP0A03:00: fail to add MMCONFIG information, can't access extended PCI configuration space under this bridge.
[    0.278609] PCI host bridge to bus 0000:00
[    0.278611] pci_bus 0000:00: root bus resource [io  0x0000-0x0cf7 window]
[    0.278613] pci_bus 0000:00: root bus resource [io  0x0d00-0xffff window]
[    0.278614] pci_bus 0000:00: root bus resource [mem 0x000a0000-0x000bffff window]
[    0.278616] pci_bus 0000:00: root bus resource [mem 0x80000000-0xfdffffff window]
[    0.278618] pci_bus 0000:00: root bus resource [bus 00-ff]
[    0.278668] pci 0000:00:00.0: [8086:1237] type 00 class 0x060000
[    0.279832] pci 0000:00:01.0: [8086:7000] type 00 class 0x060100
[    0.280654] pci 0000:00:01.1: [8086:7111] type 00 class 0x01018a
[    0.281041] pci 0000:00:01.1: reg 0x20: [io  0xd000-0xd00f]
[    0.281205] pci 0000:00:01.1: legacy IDE quirk: reg 0x10: [io  0x01f0-0x01f7]
[    0.281206] pci 0000:00:01.1: legacy IDE quirk: reg 0x14: [io  0x03f6]
[    0.281207] pci 0000:00:01.1: legacy IDE quirk: reg 0x18: [io  0x0170-0x0177]
[    0.281208] pci 0000:00:01.1: legacy IDE quirk: reg 0x1c: [io  0x0376]
[    0.281777] pci 0000:00:02.0: [15ad:0405] type 00 class 0x030000
[    0.284843] pci 0000:00:02.0: reg 0x10: [io  0xd010-0xd01f]
[    0.288776] pci 0000:00:02.0: reg 0x14: [mem 0xe0000000-0xe7ffffff pref]
[    0.290864] pci 0000:00:02.0: reg 0x18: [mem 0xf0000000-0xf01fffff]
[    0.302890] pci 0000:00:03.0: [1022:2000] type 00 class 0x020000
[    0.303614] pci 0000:00:03.0: reg 0x10: [io  0xd020-0xd03f]
[    0.304274] pci 0000:00:03.0: reg 0x14: [mem 0xf0200000-0xf0200fff]
[    0.307612] pci 0000:00:04.0: [80ee:cafe] type 00 class 0x088000
[    0.308288] pci 0000:00:04.0: reg 0x10: [io  0xd040-0xd05f]
[    0.308899] pci 0000:00:04.0: reg 0x14: [mem 0xf0400000-0xf07fffff]
[    0.309506] pci 0000:00:04.0: reg 0x18: [mem 0xf0800000-0xf0803fff pref]
[    0.313238] pci 0000:00:07.0: [8086:7113] type 00 class 0x068000
[    0.313664] pci 0000:00:07.0: quirk: [io  0x4000-0x403f] claimed by PIIX4 ACPI
[    0.313675] pci 0000:00:07.0: quirk: [io  0x4100-0x410f] claimed by PIIX4 SMB
[    0.314284] pci 0000:00:08.0: [8086:100e] type 00 class 0x020000
[    0.314924] pci 0000:00:08.0: reg 0x10: [mem 0xf0820000-0xf083ffff]
[    0.316092] pci 0000:00:08.0: reg 0x18: [io  0xd060-0xd067]
[    0.319336] pci 0000:00:09.0: [8086:100e] type 00 class 0x020000
[    0.320035] pci 0000:00:09.0: reg 0x10: [mem 0xf0840000-0xf085ffff]
[    0.321191] pci 0000:00:09.0: reg 0x18: [io  0xd068-0xd06f]
[    0.331830] ACPI: PCI Interrupt Link [LNKA] (IRQs 5 9 10 *11)
[    0.332108] ACPI: PCI Interrupt Link [LNKB] (IRQs 5 9 *10 11)
[    0.332212] ACPI: PCI Interrupt Link [LNKC] (IRQs 5 *9 10 11)
[    0.332309] ACPI: PCI Interrupt Link [LNKD] (IRQs 5 9 10 *11)
[    0.332563] iommu: Default domain type: Translated 
[    0.332624] pci 0000:00:02.0: vgaarb: setting as boot VGA device
[    0.332626] pci 0000:00:02.0: vgaarb: VGA device added: decodes=io+mem,owns=io+mem,locks=none
[    0.332628] pci 0000:00:02.0: vgaarb: bridge control possible
[    0.332629] vgaarb: loaded
[    0.332852] SCSI subsystem initialized
[    0.332889] libata version 3.00 loaded.
[    0.332912] ACPI: bus type USB registered
[    0.332928] usbcore: registered new interface driver usbfs
[    0.332934] usbcore: registered new interface driver hub
[    0.332940] usbcore: registered new device driver usb
[    0.332972] pps_core: LinuxPPS API ver. 1 registered
[    0.332973] pps_core: Software ver. 5.3.6 - Copyright 2005-2007 Rodolfo Giometti <giometti@linux.it>
[    0.332975] PTP clock support registered
[    0.333014] EDAC MC: Ver: 3.0.0
[    0.333312] PCI: Using ACPI for IRQ routing
[    0.333313] PCI: pci_cache_line_size set to 64 bytes
[    0.333486] e820: reserve RAM buffer [mem 0x0009fc00-0x0009ffff]
[    0.333490] e820: reserve RAM buffer [mem 0x7fff0000-0x7fffffff]
[    0.334828] NetLabel: Initializing
[    0.334828] NetLabel:  domain hash size = 128
[    0.334829] NetLabel:  protocols = UNLABELED CIPSOv4 CALIPSO
[    0.334850] NetLabel:  unlabeled traffic allowed by default
[    0.335873] clocksource: Switched to clocksource kvm-clock
[    0.348037] *** VALIDATE bpf ***
[    0.348037] VFS: Disk quotas dquot_6.6.0
[    0.348037] VFS: Dquot-cache hash table entries: 512 (order 0, 4096 bytes)
[    0.348037] *** VALIDATE ramfs ***
[    0.348037] *** VALIDATE hugetlbfs ***
[    0.348037] AppArmor: AppArmor Filesystem Enabled
[    0.348037] pnp: PnP ACPI init
[    0.348037] pnp 00:00: Plug and Play ACPI device, IDs PNP0303 (active)
[    0.351056] pnp 00:01: Plug and Play ACPI device, IDs PNP0f03 (active)
[    0.351860] pnp: PnP ACPI: found 2 devices
[    0.352878] thermal_sys: Registered thermal governor 'fair_share'
[    0.352879] thermal_sys: Registered thermal governor 'bang_bang'
[    0.352879] thermal_sys: Registered thermal governor 'step_wise'
[    0.352880] thermal_sys: Registered thermal governor 'user_space'
[    0.352880] thermal_sys: Registered thermal governor 'power_allocator'
[    0.357409] clocksource: acpi_pm: mask: 0xffffff max_cycles: 0xffffff, max_idle_ns: 2085701024 ns
[    0.357450] pci_bus 0000:00: resource 4 [io  0x0000-0x0cf7 window]
[    0.357452] pci_bus 0000:00: resource 5 [io  0x0d00-0xffff window]
[    0.357453] pci_bus 0000:00: resource 6 [mem 0x000a0000-0x000bffff window]
[    0.357454] pci_bus 0000:00: resource 7 [mem 0x80000000-0xfdffffff window]
[    0.357515] NET: Registered protocol family 2
[    0.357625] IP idents hash table entries: 32768 (order: 6, 262144 bytes, linear)
[    0.358078] MPTCP tokens hash table entries: 8192 (order: 4, 65536 bytes, linear)
[    0.358106] MPTCP request tokens hash table entries: 8192 (order: 4, 65536 bytes, linear)
[    0.358132] default registered
[    0.358132] default registered
[    0.358133] MPTCP: Stable release v0.96
[    0.358140] tcp_listen_portaddr_hash hash table entries: 1024 (order: 2, 16384 bytes, linear)
[    0.358269] TCP established hash table entries: 16384 (order: 5, 131072 bytes, linear)
[    0.358364] TCP bind hash table entries: 16384 (order: 6, 262144 bytes, linear)
[    0.358390] TCP: Hash tables configured (established 16384 bind 16384)
[    0.359297] UDP hash table entries: 1024 (order: 3, 32768 bytes, linear)
[    0.359316] UDP-Lite hash table entries: 1024 (order: 3, 32768 bytes, linear)
[    0.359354] NET: Registered protocol family 1
[    0.359364] NET: Registered protocol family 44
[    0.359384] pci 0000:00:00.0: Limiting direct PCI/PCI transfers
[    0.359399] pci 0000:00:01.0: Activating ISA DMA hang workarounds
[    0.359452] pci 0000:00:02.0: Video device with shadowed ROM at [mem 0x000c0000-0x000dffff]
[    0.359517] PCI: CLS 0 bytes, default 64
[    0.359567] Trying to unpack rootfs image as initramfs...
[    0.548465] Freeing initrd memory: 47868K
[    0.548574] clocksource: tsc: mask: 0xffffffffffffffff max_cycles: 0x1e4530a99b6, max_idle_ns: 440795257976 ns
[    0.548587] clocksource: Switched to clocksource tsc
[    0.548637] platform rtc_cmos: registered platform RTC device (no PNP device found)
[    0.548672] check: Scanning for low memory corruption every 60 seconds
[    0.549056] Initialise system trusted keyrings
[    0.549068] Key type blacklist registered
[    0.549120] workingset: timestamp_bits=36 max_order=19 bucket_order=0
[    0.550531] zbud: loaded
[    0.550917] squashfs: version 4.0 (2009/01/31) Phillip Lougher
[    0.551060] fuse: init (API version 7.31)
[    0.551079] *** VALIDATE fuse ***
[    0.551080] *** VALIDATE fuse ***
[    0.551201] Platform Keyring initialized
[    0.551297] Key type asymmetric registered
[    0.551297] Asymmetric key parser 'x509' registered
[    0.551297] Block layer SCSI generic (bsg) driver version 0.4 loaded (major 244)
[    0.551297] io scheduler mq-deadline registered
[    0.551297] shpchp: Standard Hot Plug PCI Controller Driver version: 0.4
[    0.554606] ACPI: AC Adapter [AC] (on-line)
[    0.554659] input: Power Button as /devices/LNXSYSTM:00/LNXPWRBN:00/input/input0
[    0.554690] ACPI: Power Button [PWRF]
[    0.554782] input: Sleep Button as /devices/LNXSYSTM:00/LNXSLPBN:00/input/input1
[    0.554798] ACPI: Sleep Button [SLPF]
[    0.555080] Serial: 8250/16550 driver, 32 ports, IRQ sharing enabled
[    0.556291] Linux agpgart interface v0.103
[    0.651257] loop: module loaded
[    0.651409] ata_piix 0000:00:01.1: version 2.13
[    0.651838] scsi host0: ata_piix
[    0.651938] scsi host1: ata_piix
[    0.651966] ata1: PATA max UDMA/33 cmd 0x1f0 ctl 0x3f6 bmdma 0xd000 irq 14
[    0.651967] ata2: PATA max UDMA/33 cmd 0x170 ctl 0x376 bmdma 0xd008 irq 15
[    0.652051] tun: Universal TUN/TAP device driver, 1.6
[    0.652359] PPP generic driver version 2.4.2
[    0.652402] VFIO - User Level meta-driver version: 0.3
[    0.652645] ehci_hcd: USB 2.0 'Enhanced' Host Controller (EHCI) Driver
[    0.652652] ehci-pci: EHCI PCI platform driver
[    0.652664] ehci-platform: EHCI generic platform driver
[    0.652670] ohci_hcd: USB 1.1 'Open' Host Controller (OHCI) Driver
[    0.652671] ohci-pci: OHCI PCI platform driver
[    0.652680] ohci-platform: OHCI generic platform driver
[    0.652685] uhci_hcd: USB Universal Host Controller Interface driver
[    0.652757] i8042: PNP: PS/2 Controller [PNP0303:PS2K,PNP0f03:PS2M] at 0x60,0x64 irq 1,12
[    0.653200] serio: i8042 KBD port at 0x60,0x64 irq 1
[    0.653204] serio: i8042 AUX port at 0x60,0x64 irq 12
[    0.653294] mousedev: PS/2 mouse device common for all mice
[    0.653546] input: AT Translated Set 2 keyboard as /devices/platform/i8042/serio0/input/input2
[    0.653955] rtc_cmos rtc_cmos: registered as rtc0
[    0.653970] rtc_cmos rtc_cmos: alarms up to one day, 114 bytes nvram
[    0.653975] i2c /dev entries driver
[    0.654019] device-mapper: uevent: version 1.0.3
[    0.654063] device-mapper: ioctl: 4.41.0-ioctl (2019-09-16) initialised: dm-devel@redhat.com
[    0.654080] platform eisa.0: Probing EISA bus 0
[    0.654082] platform eisa.0: EISA: Cannot allocate resource for mainboard
[    0.654083] platform eisa.0: Cannot allocate resource for EISA slot 1
[    0.654084] platform eisa.0: Cannot allocate resource for EISA slot 2
[    0.654086] platform eisa.0: Cannot allocate resource for EISA slot 3
[    0.654086] platform eisa.0: Cannot allocate resource for EISA slot 4
[    0.654088] platform eisa.0: Cannot allocate resource for EISA slot 5
[    0.654088] platform eisa.0: Cannot allocate resource for EISA slot 6
[    0.654089] platform eisa.0: Cannot allocate resource for EISA slot 7
[    0.654090] platform eisa.0: Cannot allocate resource for EISA slot 8
[    0.654091] platform eisa.0: EISA: Detected 0 cards
[    0.654094] intel_pstate: CPU model not supported
[    0.654104] ledtrig-cpu: registered to indicate activity on CPUs
[    0.654162] drop_monitor: Initializing network drop monitor service
[    0.654333] NET: Registered protocol family 10
[    0.659385] Segment Routing with IPv6
[    0.659385] fullmesh registered
[    0.659385] ndiffports registered
[    0.659385] binder registered
[    0.659385] roundrobin registered
[    0.659385] redundant registered
[    0.659385] blest registered
[    0.659385] ecf registered
[    0.659385] NET: Registered protocol family 17
[    0.659385] Key type dns_resolver registered
[    0.659385] RAS: Correctable Errors collector initialized.
[    0.659385] IPI shorthand broadcast: enabled
[    0.659385] sched_clock: Marking stable (644173895, 11211530)->(656815623, -1430198)
[    0.660127] registered taskstats version 1
[    0.660138] Loading compiled-in X.509 certificates
[    0.660733] Loaded X.509 cert 'Build time autogenerated kernel key: 6909f3744cebb3d0de528d5887b96a727de79b1e'
[    0.660755] zswap: loaded using pool lzo/zbud
[    0.660815] Key type ._fscrypt registered
[    0.660816] Key type .fscrypt registered
[    0.665299] Key type big_key registered
[    0.667505] Key type encrypted registered
[    0.667508] AppArmor: AppArmor sha1 policy hashing enabled
[    0.667517] ima: No TPM chip found, activating TPM-bypass!
[    0.667520] ima: Allocated hash algorithm: sha1
[    0.667527] ima: No architecture policies found
[    0.667538] evm: Initialising EVM extended attributes:
[    0.667538] evm: security.selinux
[    0.667539] evm: security.SMACK64
[    0.667539] evm: security.SMACK64EXEC
[    0.667540] evm: security.SMACK64TRANSMUTE
[    0.667540] evm: security.SMACK64MMAP
[    0.667541] evm: security.apparmor
[    0.667541] evm: security.ima
[    0.667542] evm: security.capability
[    0.667543] evm: HMAC attrs: 0x1
[    0.667867] PM:   Magic number: 10:418:489
[    0.667989] rtc_cmos rtc_cmos: setting system clock to 2026-01-11T16:27:13 UTC (1768148833)
[    0.825478] ata1.00: ATA-6: VBOX HARDDISK, 1.0, max UDMA/133
[    0.825482] ata1.00: 209715200 sectors, multi 128: LBA 
[    0.826237] scsi 0:0:0:0: Direct-Access     ATA      VBOX HARDDISK    1.0  PQ: 0 ANSI: 5
[    0.826580] sd 0:0:0:0: [sda] 209715200 512-byte logical blocks: (107 GB/100 GiB)
[    0.826596] sd 0:0:0:0: [sda] Write Protect is off
[    0.826600] sd 0:0:0:0: [sda] Mode Sense: 00 3a 00 00
[    0.826624] sd 0:0:0:0: [sda] Write cache: enabled, read cache: enabled, doesn't support DPO or FUA
[    0.826881] sd 0:0:0:0: Attached scsi generic sg0 type 0
[    0.828116]  sda: sda1 sda2
[    0.839443] sd 0:0:0:0: [sda] Attached SCSI disk
[    0.843612] Freeing unused decrypted memory: 2040K
[    0.845039] Freeing unused kernel image memory: 2728K
[    0.845042] Write protecting the kernel read-only data: 22528k
[    0.846471] Freeing unused kernel image memory: 2036K
[    0.847282] Freeing unused kernel image memory: 1432K
[    0.878117] x86/mm: Checked W+X mappings: passed, no W+X pages found.
[    0.878122] Run /init as init process
[    0.994081] ACPI: Video Device [GFX0] (multi-head: yes  rom: no  post: no)
[    0.994164] input: Video Bus as /devices/LNXSYSTM:00/LNXSYBUS:00/PNP0A03:00/LNXVIDEO:00/input/input4
[    1.007171] pcnet32: pcnet32.c:v1.35 21.Apr.2008 tsbogend@alpha.franken.de
[    1.008062] pcnet32: PCnet/FAST III 79C973 at 0xd020, 08:00:27:60:a9:01 assigned IRQ 19
[    1.008105] pcnet32: Found PHY 0022:561b at address 0
[    1.008425] pcnet32: eth0: registered as PCnet/FAST III 79C973
[    1.010307] piix4_smbus 0000:00:07.0: SMBus Host Controller at 0x4100, revision 0
[    1.010693] pcnet32: 1 cards_found
[    1.014108] e1000: Intel(R) PRO/1000 Network Driver - version 7.3.21-k8-NAPI
[    1.014109] e1000: Copyright (c) 1999-2006 Intel Corporation.
[    1.076612] pcnet32 0000:00:03.0 enp0s3: renamed from eth0
[    1.225984] input: ImExPS/2 Generic Explorer Mouse as /devices/platform/i8042/serio1/input/input5
[    1.419414] e1000 0000:00:08.0 eth0: (PCI:33MHz:32-bit) 08:00:27:89:9b:f2
[    1.419418] e1000 0000:00:08.0 eth0: Intel(R) PRO/1000 Network Connection
[    1.791474] e1000 0000:00:09.0 eth1: (PCI:33MHz:32-bit) 08:00:27:05:fa:e4
[    1.791476] e1000 0000:00:09.0 eth1: Intel(R) PRO/1000 Network Connection
[    1.792579] e1000 0000:00:09.0 enp0s9: renamed from eth1
[    1.794369] e1000 0000:00:08.0 enp0s8: renamed from eth0
[    1.935829] EXT4-fs (sda2): mounted filesystem with ordered data mode. Opts: (null)
[    2.022795] systemd[1]: Inserted module 'autofs4'
[    2.032592] systemd[1]: systemd 245.4-4ubuntu3 running in system mode. (+PAM +AUDIT +SELINUX +IMA +APPARMOR +SMACK +SYSVINIT +UTMP +LIBCRYPTSETUP +GCRYPT +GNUTLS +ACL +XZ +LZ4 +SECCOMP +BLKID +ELFUTILS +KMOD +IDN2 -IDN +PCRE2 default-hierarchy=hybrid)
[    2.032626] systemd[1]: Detected virtualization oracle.
[    2.032629] systemd[1]: Detected architecture x86-64.
[    2.033957] systemd[1]: Set hostname to <ztg>.
[    2.160461] systemd[1]: /lib/systemd/system/dbus.socket:5: ListenStream= references a path below legacy directory /var/run/, updating /var/run/dbus/system_bus_socket â†’ /run/dbus/system_bus_socket; please update the unit file accordingly.
[    2.213400] systemd[1]: Created slice system-modprobe.slice.
[    2.213590] systemd[1]: Created slice User and Session Slice.
[    2.213637] systemd[1]: Started Forward Password Requests to Wall Directory Watch.
[    2.213809] systemd[1]: Set up automount Arbitrary Executable File Formats File System Automount Point.
[    2.213845] systemd[1]: Reached target User and Group Name Lookups.
[    2.213854] systemd[1]: Reached target Remote File Systems.
[    2.213864] systemd[1]: Reached target Slices.
[    2.214428] systemd[1]: Listening on Syslog Socket.
[    2.214508] systemd[1]: Listening on fsck to fsckd communication Socket.
[    2.214546] systemd[1]: Listening on initctl Compatibility Named Pipe.
[    2.214684] systemd[1]: Listening on Journal Audit Socket.
[    2.214736] systemd[1]: Listening on Journal Socket (/dev/log).
[    2.214807] systemd[1]: Listening on Journal Socket.
[    2.214873] systemd[1]: Listening on udev Control Socket.
[    2.214914] systemd[1]: Listening on udev Kernel Socket.
[    2.215731] systemd[1]: Mounting Huge Pages File System...
[    2.216700] systemd[1]: Mounting POSIX Message Queue File System...
[    2.217617] systemd[1]: Mounting Kernel Debug File System...
[    2.218507] systemd[1]: Mounting Kernel Trace File System...
[    2.221009] systemd[1]: Starting Journal Service...
[    2.246070] systemd[1]: Starting Set the console keyboard layout...
[    2.250916] systemd[1]: Starting Create list of static device nodes for the current kernel...
[    2.258242] systemd[1]: Starting Load Kernel Module drm...
[    2.263292] systemd[1]: Condition check resulted in Set Up Additional Binary Formats being skipped.
[    2.263764] systemd[1]: Condition check resulted in File System Check on Root Device being skipped.
[    2.276092] systemd[1]: Starting Load Kernel Modules...
[    2.281416] systemd[1]: Starting Remount Root and Kernel File Systems...
[    2.291182] systemd[1]: Starting udev Coldplug all Devices...
[    2.299444] systemd[1]: Starting Uncomplicated firewall...
[    2.305068] systemd[1]: Mounted Huge Pages File System.
[    2.305161] systemd[1]: Mounted POSIX Message Queue File System.
[    2.305236] systemd[1]: Mounted Kernel Debug File System.
[    2.305313] systemd[1]: Mounted Kernel Trace File System.
[    2.306333] EXT4-fs (sda2): re-mounted. Opts: errors=remount-ro
[    2.327394] systemd[1]: Finished Create list of static device nodes for the current kernel.
[    2.328263] systemd[1]: modprobe@drm.service: Succeeded.
[    2.345701] systemd[1]: Finished Load Kernel Module drm.
[    2.346229] systemd[1]: Finished Remount Root and Kernel File Systems.
[    2.352783] systemd[1]: Finished Uncomplicated firewall.
[    2.369821] systemd[1]: Condition check resulted in Rebuild Hardware Database being skipped.
[    2.369868] systemd[1]: Condition check resulted in Platform Persistent Storage Archival being skipped.
[    2.370703] systemd[1]: Starting Load/Save Random Seed...
[    2.372132] lp: driver loaded but no devices found
[    2.378805] systemd[1]: Starting Create System Users...
[    2.388679] ppdev: user-space parallel port driver
[    2.392909] systemd[1]: Finished Load/Save Random Seed.
[    2.399059] systemd[1]: Finished Create System Users.
[    2.400597] systemd[1]: Starting Create Static Device Nodes in /dev...
[    2.443163] systemd[1]: Finished Create Static Device Nodes in /dev.
[    2.443989] systemd[1]: Starting udev Kernel Device Manager...
[    2.472047] systemd[1]: Finished udev Coldplug all Devices.
[    2.472987] [drm] DMA map mode: Caching DMA mappings.
[    2.473049] [drm] Capabilities:
[    2.473049] [drm]   Rect copy.
[    2.473050] [drm]   Cursor.
[    2.473050] [drm]   Cursor bypass.
[    2.473051] [drm]   Cursor bypass 2.
[    2.473051] [drm]   Alpha cursor.
[    2.473051] [drm]   Extended Fifo.
[    2.473052] [drm]   Pitchlock.
[    2.473052] [drm]   Irq mask.
[    2.473052] [drm]   GMR.
[    2.473053] [drm]   Traces.
[    2.473053] [drm]   GMR2.
[    2.473053] [drm]   Screen Object 2.
[    2.473054] [drm]   Command Buffers.
[    2.473054] [drm]   Command Buffers 2.
[    2.473054] [drm]   Guest Backed Resources.
[    2.473056] [drm] Max GMR ids is 8192
[    2.473056] [drm] Max number of GMR pages is 1048576
[    2.473057] [drm] Max dedicated hypervisor surface memory is 393216 kiB
[    2.473057] [drm] Maximum display memory size is 131072 kiB
[    2.473058] [drm] VRAM at 0xe0000000 size is 131072 kiB
[    2.473059] [drm] MMIO at 0xf0000000 size is 2048 kiB
[    2.473626] [TTM] Zone  kernel: Available graphics memory: 1011738 KiB
[    2.473627] [TTM] Initializing pool allocator
[    2.473630] [TTM] Initializing DMA pool allocator
[    2.473664] [drm] Supports vblank timestamp caching Rev 2 (21.10.2013).
[    2.473665] [drm] No driver support for vblank timestamp query.
[    2.473943] [drm] Screen Target Display device initialized
[    2.474318] [drm] width 720
[    2.474327] [drm] height 400
[    2.474331] [drm] bpp 32
[    2.474666] [drm] Fifo max 0x00200000 min 0x00001000 cap 0x00000355
[    2.478019] [drm] Using command buffers with DMA pool.
[    2.478024] [drm] DX: no.
[    2.478024] [drm] Atomic: yes.
[    2.478025] [drm] SM4_1: no.
[    2.478046] [drm:vmw_host_log [vmwgfx]] *ERROR* Failed to send host log message.
[    2.478950] [drm:vmw_host_log [vmwgfx]] *ERROR* Failed to send host log message.
[    2.502900] fbcon: svgadrmfb (fb0) is primary device
[    2.512585] Console: switching to colour frame buffer device 100x37
[    2.535187] [drm] Initialized vmwgfx 2.15.0 20180704 for 0000:00:02.0 on minor 0
[    2.537425] systemd[1]: Finished Load Kernel Modules.
[    2.538489] systemd[1]: Mounting FUSE Control File System...
[    2.539496] systemd[1]: Mounting Kernel Configuration File System...
[    2.540424] systemd[1]: Starting Apply Kernel Variables...
[    2.559708] systemd[1]: Finished Set the console keyboard layout.
[    2.560507] systemd[1]: Mounted FUSE Control File System.
[    2.560591] systemd[1]: Reached target Local File Systems (Pre).
[    2.560613] systemd[1]: Condition check resulted in VMware vmblock fuse mount being skipped.
[    2.568634] systemd[1]: Mounting Mount unit for bare, revision 5...
[    2.573752] systemd[1]: Mounting Mount unit for core18, revision 1705...
[    2.587851] systemd[1]: Mounting Mount unit for gnome-3-34-1804, revision 24...
[    2.617898] systemd[1]: Mounting Mount unit for gtk-common-themes, revision 1506...
[    2.619861] systemd[1]: Mounting Mount unit for gtk-common-themes, revision 1535...
[    2.623132] systemd[1]: Mounting Mount unit for snap-store, revision 433...
[    2.628605] systemd[1]: Mounting Mount unit for snapd, revision 7264...
[    2.629900] systemd[1]: Mounted Kernel Configuration File System.
[    2.641665] systemd[1]: Finished Apply Kernel Variables.
[    2.649543] systemd[1]: Mounted Mount unit for bare, revision 5.
[    2.649635] systemd[1]: Mounted Mount unit for core18, revision 1705.
[    2.673604] systemd[1]: Mounted Mount unit for gnome-3-34-1804, revision 24.
[    2.673704] systemd[1]: Mounted Mount unit for gtk-common-themes, revision 1506.
[    2.691559] systemd[1]: Mounted Mount unit for gtk-common-themes, revision 1535.
[    2.694876] systemd[1]: Started udev Kernel Device Manager.
[    2.695693] systemd[1]: Starting Show Plymouth Boot Screen...
[    2.721411] systemd[1]: Received SIGRTMIN+20 from PID 277 (plymouthd).
[    2.738699] systemd[1]: Started Show Plymouth Boot Screen.
[    2.738876] systemd[1]: Condition check resulted in Dispatch Password Requests to Console Directory Watch being skipped.
[    2.738968] systemd[1]: Started Forward Password Requests to Plymouth Directory Watch.
[    2.739000] systemd[1]: Reached target Local Encrypted Volumes.
[    2.757459] systemd[1]: Mounted Mount unit for snap-store, revision 433.
[    2.757706] systemd[1]: Mounted Mount unit for snapd, revision 7264.
[    2.757865] systemd[1]: Reached target Local File Systems.
[    2.760310] systemd[1]: Starting Load AppArmor profiles...
[    2.761250] systemd[1]: Starting Set console font and keymap...
[    2.773157] systemd[1]: Starting Tell Plymouth To Write Out Runtime Data...
[    2.779214] systemd[1]: Condition check resulted in Store a System Token in an EFI Variable being skipped.
[    2.779248] systemd[1]: Condition check resulted in Commit a transient machine-id on disk being skipped.
[    2.780162] systemd[1]: Finished Set console font and keymap.
[    2.786015] systemd[1]: Received SIGRTMIN+20 from PID 277 (plymouthd).
[    2.787482] systemd[1]: plymouth-read-write.service: Succeeded.
[    2.787738] systemd[1]: Finished Tell Plymouth To Write Out Runtime Data.
[    2.836218] audit: type=1400 audit(1768148835.664:2): apparmor="STATUS" operation="profile_load" profile="unconfined" name="nvidia_modprobe" pid=301 comm="apparmor_parser"
[    2.836221] audit: type=1400 audit(1768148835.664:3): apparmor="STATUS" operation="profile_load" profile="unconfined" name="nvidia_modprobe//kmod" pid=301 comm="apparmor_parser"
[    2.847154] audit: type=1400 audit(1768148835.672:4): apparmor="STATUS" operation="profile_load" profile="unconfined" name="/usr/sbin/tcpdump" pid=302 comm="apparmor_parser"
[    2.894023] audit: type=1400 audit(1768148835.712:5): apparmor="STATUS" operation="profile_load" profile="unconfined" name="/usr/bin/evince" pid=304 comm="apparmor_parser"
[    2.894026] audit: type=1400 audit(1768148835.712:6): apparmor="STATUS" operation="profile_load" profile="unconfined" name="/usr/bin/evince//sanitized_helper" pid=304 comm="apparmor_parser"
[    2.894028] audit: type=1400 audit(1768148835.712:7): apparmor="STATUS" operation="profile_load" profile="unconfined" name="/usr/bin/evince-previewer" pid=304 comm="apparmor_parser"
[    2.894029] audit: type=1400 audit(1768148835.712:8): apparmor="STATUS" operation="profile_load" profile="unconfined" name="/usr/bin/evince-previewer//sanitized_helper" pid=304 comm="apparmor_parser"
[    2.894031] audit: type=1400 audit(1768148835.712:9): apparmor="STATUS" operation="profile_load" profile="unconfined" name="/usr/bin/evince-thumbnailer" pid=304 comm="apparmor_parser"
[    2.924180] audit: type=1400 audit(1768148835.752:10): apparmor="STATUS" operation="profile_load" profile="unconfined" name="/usr/lib/cups/backend/cups-pdf" pid=305 comm="apparmor_parser"
[    2.986362] systemd[1]: Finished Load AppArmor profiles.
[    2.987509] systemd[1]: Starting Load AppArmor profiles managed internally by snapd...
[    3.068788] systemd[1]: Finished Load AppArmor profiles managed internally by snapd.
[    3.214829] systemd[1]: Started Journal Service.
[    3.224576] systemd-journald[229]: Received client request to flush runtime journal.
[    3.227799] systemd-journald[229]: File /var/log/journal/c455b248004a419c87ce85eea238d727/system.journal corrupted or uncleanly shut down, renaming and replacing.
[    4.525565] RAPL PMU: API unit is 2^-32 Joules, 0 fixed counters, 10737418240 ms ovfl timer
[    4.588472] cryptd: max_cpu_qlen set to 1000
[    4.697392] AVX2 version of gcm_enc/dec engaged.
[    4.697393] AES CTR mode by8 optimization enabled
[    5.431994] Adding 1998844k swap on /dev/sda1.  Priority:-2 extents:1 across:1998844k FS
[    6.272113] kauditd_printk_skb: 30 callbacks suppressed
[    6.272115] audit: type=1400 audit(1768148839.096:41): apparmor="DENIED" operation="capable" profile="/usr/sbin/cups-browsed" pid=497 comm="cups-browsed" capability=23  capname="sys_nice"
[    7.507946] pcnet32 0000:00:03.0 enp0s3: link up, 100Mbps, full-duplex
[    7.542732] e1000: enp0s8 NIC Link is Up 1000 Mbps Full Duplex, Flow Control: RX
[    7.543027] IPv6: ADDRCONF(NETDEV_CHANGE): enp0s8: link becomes ready
[    7.555518] e1000: enp0s9 NIC Link is Up 1000 Mbps Full Duplex, Flow Control: RX
[    7.555841] IPv6: ADDRCONF(NETDEV_CHANGE): enp0s9: link becomes ready
[    8.108898] device enp0s3 entered promiscuous mode
[    8.131977] audit: type=1400 audit(1768148840.956:42): apparmor="DENIED" operation="open" profile="/usr/sbin/tcpdump" name="/proc/sys/kernel/random/boot_id" pid=673 comm="tcpdump" requested_mask="r" denied_mask="r" fsuid=0 ouid=0
[    8.132176] audit: type=1400 audit(1768148840.956:43): apparmor="DENIED" operation="open" profile="/usr/sbin/tcpdump" name="/proc/sys/kernel/random/boot_id" pid=673 comm="tcpdump" requested_mask="r" denied_mask="r" fsuid=0 ouid=0
[    8.132258] audit: type=1400 audit(1768148840.956:44): apparmor="DENIED" operation="open" profile="/usr/sbin/tcpdump" name="/proc/sys/kernel/random/boot_id" pid=673 comm="tcpdump" requested_mask="r" denied_mask="r" fsuid=0 ouid=0
[    8.132347] audit: type=1400 audit(1768148840.956:45): apparmor="DENIED" operation="open" profile="/usr/sbin/tcpdump" name="/proc/sys/kernel/random/boot_id" pid=673 comm="tcpdump" requested_mask="r" denied_mask="r" fsuid=0 ouid=0
[    8.141778] audit: type=1400 audit(1768148840.964:46): apparmor="DENIED" operation="open" profile="/usr/sbin/tcpdump" name="/proc/sys/kernel/random/boot_id" pid=674 comm="tcpdump" requested_mask="r" denied_mask="r" fsuid=0 ouid=0
[    8.142002] audit: type=1400 audit(1768148840.964:47): apparmor="DENIED" operation="open" profile="/usr/sbin/tcpdump" name="/proc/sys/kernel/random/boot_id" pid=674 comm="tcpdump" requested_mask="r" denied_mask="r" fsuid=0 ouid=0
[    8.142041] audit: type=1400 audit(1768148840.964:48): apparmor="DENIED" operation="open" profile="/usr/sbin/tcpdump" name="/proc/sys/kernel/random/boot_id" pid=674 comm="tcpdump" requested_mask="r" denied_mask="r" fsuid=0 ouid=0
[    8.142100] audit: type=1400 audit(1768148840.964:49): apparmor="DENIED" operation="open" profile="/usr/sbin/tcpdump" name="/proc/sys/kernel/random/boot_id" pid=674 comm="tcpdump" requested_mask="r" denied_mask="r" fsuid=0 ouid=0
[   12.559209] rfkill: input handler disabled
[  175.256396] AAAAA-TCP_FORW: name:enp0s3: saddr:16783984: daddr:100932208
[  175.501821] AAAAA-TCP_FORW: name:enp0s3: saddr:16783984: daddr:100932208
[  175.599868] AAAAA-TCP_FORW: name:enp0s3: saddr:16783984: daddr:100932208
[  175.695217] AAAAA-TCP_FORW: name:enp0s3: saddr:16783984: daddr:100932208
[  175.811306] AAAAA-TCP_FORW: name:enp0s3: saddr:16783984: daddr:100932208
[  175.925644] AAAAA-TCP_FORW: name:enp0s3: saddr:16783984: daddr:100932208
[  176.073212] AAAAA-TCP_FORW: name:enp0s3: saddr:16783984: daddr:100932208
[  176.241539] AAAAA-TCP_FORW: name:enp0s3: saddr:16783984: daddr:100932208
[  176.294972] AAAAA-TCP_FORW: name:enp0s3: saddr:16783984: daddr:100932208
[  176.330377] AAAAA-TCP_FORW: name:enp0s3: saddr:16783984: daddr:100932208
[  176.426174] AAAAA-TCP_FORW: name:enp0s3: saddr:16783984: daddr:100932208
[  176.558092] AAAAA-TCP_FORW: name:enp0s3: saddr:16783984: daddr:100932208
[  176.735388] AAAAA-TCP_FORW: name:enp0s3: saddr:16783984: daddr:100932208
[  176.813924] AAAAA-TCP_FORW: name:enp0s3: saddr:16783984: daddr:100932208
[  176.920760] AAAAA-TCP_FORW: name:enp0s3: saddr:16783984: daddr:100932208
[  177.031029] AAAAA-TCP_FORW: name:enp0s3: saddr:16783984: daddr:100932208
[  177.264844] AAAAA-TCP_FORW: name:enp0s3: saddr:16783984: daddr:100932208
[  177.332457] AAAAA-TCP_FORW: name:enp0s3: saddr:16783984: daddr:100932208
[  177.431135] AAAAA-TCP_FORW: name:enp0s3: saddr:16783984: daddr:100932208
[  177.620488] AAAAA-TCP_FORW: name:enp0s3: saddr:16783984: daddr:100932208
[  177.685337] AAAAA-TCP_FORW: name:enp0s3: saddr:16783984: daddr:100932208
[  177.875732] AAAAA-TCP_FORW: name:enp0s3: saddr:33561200: daddr:100932208
[  178.180151] AAAAA-TCP_FORW: name:enp0s3: saddr:33561200: daddr:100932208
[  178.345007] AAAAA-TCP_FORW: name:enp0s3: saddr:33561200: daddr:100932208
[  178.520967] AAAAA-TCP_FORW: name:enp0s3: saddr:33561200: daddr:100932208
[  402.761975] rfkill: input handler enabled
[  413.097552] rfkill: input handler disabled
[  680.240775] device enp0s3 left promiscuous mode
