[    0.000000] Linux version 5.4.243-mptcp (root@ztg) (gcc version 12.2.0 (Debian 12.2.0-14+deb12u1)) #53 SMP Wed Dec 24 23:28:15 CST 2025
[    0.000000] Command line: BOOT_IMAGE=/boot/vmlinuz-5.4.243-mptcp root=UUID=98415a12-53b7-4144-8265-0f7ece09e445 ro quiet splash
[    0.000000] KERNEL supported cpus:
[    0.000000]   Intel GenuineIntel
[    0.000000]   AMD AuthenticAMD
[    0.000000]   Hygon HygonGenuine
[    0.000000]   Centaur CentaurHauls
[    0.000000]   zhaoxin   Shanghai  
[    0.000000] x86/fpu: Supporting XSAVE feature 0x001: 'x87 floating point registers'
[    0.000000] x86/fpu: Supporting XSAVE feature 0x002: 'SSE registers'
[    0.000000] x86/fpu: Supporting XSAVE feature 0x004: 'AVX registers'
[    0.000000] x86/fpu: xstate_offset[2]:  576, xstate_sizes[2]:  256
[    0.000000] x86/fpu: Enabled xstate features 0x7, context size is 832 bytes, using 'standard' format.
[    0.000000] BIOS-provided physical RAM map:
[    0.000000] BIOS-e820: [mem 0x0000000000000000-0x000000000009fbff] usable
[    0.000000] BIOS-e820: [mem 0x000000000009fc00-0x000000000009ffff] reserved
[    0.000000] BIOS-e820: [mem 0x00000000000f0000-0x00000000000fffff] reserved
[    0.000000] BIOS-e820: [mem 0x0000000000100000-0x000000007ffeffff] usable
[    0.000000] BIOS-e820: [mem 0x000000007fff0000-0x000000007fffffff] ACPI data
[    0.000000] BIOS-e820: [mem 0x00000000fec00000-0x00000000fec00fff] reserved
[    0.000000] BIOS-e820: [mem 0x00000000fee00000-0x00000000fee00fff] reserved
[    0.000000] BIOS-e820: [mem 0x00000000fffc0000-0x00000000ffffffff] reserved
[    0.000000] NX (Execute Disable) protection: active
[    0.000000] SMBIOS 2.5 present.
[    0.000000] DMI: innotek GmbH VirtualBox/VirtualBox, BIOS VirtualBox 12/01/2006
[    0.000000] Hypervisor detected: KVM
[    0.000000] kvm-clock: Using msrs 4b564d01 and 4b564d00
[    0.000000] kvm-clock: cpu 0, msr 52401001, primary cpu clock
[    0.000000] kvm-clock: using sched offset of 4520351188 cycles
[    0.000003] clocksource: kvm-clock: mask: 0xffffffffffffffff max_cycles: 0x1cd42e4dffb, max_idle_ns: 881590591483 ns
[    0.000006] tsc: Detected 2100.000 MHz processor
[    0.002378] e820: update [mem 0x00000000-0x00000fff] usable ==> reserved
[    0.002381] e820: remove [mem 0x000a0000-0x000fffff] usable
[    0.002385] last_pfn = 0x7fff0 max_arch_pfn = 0x400000000
[    0.002466] MTRR default type: uncachable
[    0.002467] MTRR fixed ranges enabled:
[    0.002469]   00000-9FFFF write-back
[    0.002470]   A0000-BFFFF uncachable
[    0.002471]   C0000-FFFFF write-protect
[    0.002472] MTRR variable ranges enabled:
[    0.002474]   0 base 000000000000 mask 3FFF80000000 write-back
[    0.002474]   1 disabled
[    0.002475]   2 disabled
[    0.002475]   3 disabled
[    0.002476]   4 disabled
[    0.002476]   5 disabled
[    0.002477]   6 disabled
[    0.002478]   7 disabled
[    0.002478]   8 disabled
[    0.002479]   9 disabled
[    0.002480]   10 disabled
[    0.002480]   11 disabled
[    0.002481]   12 disabled
[    0.002481]   13 disabled
[    0.002481]   14 disabled
[    0.002482]   15 disabled
[    0.002501] x86/PAT: Configuration [0-7]: WB  WC  UC- UC  WB  WP  UC- WT  
[    0.002651] found SMP MP-table at [mem 0x0009fff0-0x0009ffff]
[    0.102935] check: Scanning 1 areas for low memory corruption
[    0.103067] RAMDISK: [mem 0x32271000-0x3512ffff]
[    0.103075] ACPI: Early table checksum verification disabled
[    0.103080] ACPI: RSDP 0x00000000000E0000 000024 (v02 VBOX  )
[    0.103085] ACPI: XSDT 0x000000007FFF0030 00003C (v01 VBOX   VBOXXSDT 00000001 ASL  00000061)
[    0.103091] ACPI: FACP 0x000000007FFF00F0 0000F4 (v04 VBOX   VBOXFACP 00000001 ASL  00000061)
[    0.103098] ACPI: DSDT 0x000000007FFF02E0 002353 (v02 VBOX   VBOXBIOS 00000002 VBOX 00029BF3)
[    0.103102] ACPI: FACS 0x000000007FFF0200 000040
[    0.103105] ACPI: FACS 0x000000007FFF0200 000040
[    0.103109] ACPI: APIC 0x000000007FFF0240 000054 (v02 VBOX   VBOXAPIC 00000001 ASL  00000061)
[    0.103112] ACPI: SSDT 0x000000007FFF02A0 000038 (v01 VBOX   VBOXCPUT 00000002 VBOX 00029BF3)
[    0.103116] ACPI: Reserving FACP table memory at [mem 0x7fff00f0-0x7fff01e3]
[    0.103116] ACPI: Reserving DSDT table memory at [mem 0x7fff02e0-0x7fff2632]
[    0.103117] ACPI: Reserving FACS table memory at [mem 0x7fff0200-0x7fff023f]
[    0.103118] ACPI: Reserving FACS table memory at [mem 0x7fff0200-0x7fff023f]
[    0.103118] ACPI: Reserving APIC table memory at [mem 0x7fff0240-0x7fff0293]
[    0.103119] ACPI: Reserving SSDT table memory at [mem 0x7fff02a0-0x7fff02d7]
[    0.103133] ACPI: Local APIC address 0xfee00000
[    0.103324] No NUMA configuration found
[    0.103325] Faking a node at [mem 0x0000000000000000-0x000000007ffeffff]
[    0.103335] NODE_DATA(0) allocated [mem 0x7ffc5000-0x7ffeffff]
[    0.103618] Zone ranges:
[    0.103619]   DMA      [mem 0x0000000000001000-0x0000000000ffffff]
[    0.103620]   DMA32    [mem 0x0000000001000000-0x000000007ffeffff]
[    0.103621]   Normal   empty
[    0.103621]   Device   empty
[    0.103622] Movable zone start for each node
[    0.103624] Early memory node ranges
[    0.103625]   node   0: [mem 0x0000000000001000-0x000000000009efff]
[    0.103626]   node   0: [mem 0x0000000000100000-0x000000007ffeffff]
[    0.103629] Zeroed struct page in unavailable ranges: 114 pages
[    0.103630] Initmem setup node 0 [mem 0x0000000000001000-0x000000007ffeffff]
[    0.103631] On node 0 totalpages: 524174
[    0.103632]   DMA zone: 64 pages used for memmap
[    0.103632]   DMA zone: 21 pages reserved
[    0.103633]   DMA zone: 3998 pages, LIFO batch:0
[    0.103705]   DMA32 zone: 8128 pages used for memmap
[    0.103706]   DMA32 zone: 520176 pages, LIFO batch:63
[    0.112861] ACPI: PM-Timer IO Port: 0x4008
[    0.112865] ACPI: Local APIC address 0xfee00000
[    0.112933] IOAPIC[0]: apic_id 1, version 32, address 0xfec00000, GSI 0-23
[    0.112936] ACPI: INT_SRC_OVR (bus 0 bus_irq 0 global_irq 2 dfl dfl)
[    0.112938] ACPI: INT_SRC_OVR (bus 0 bus_irq 9 global_irq 9 low level)
[    0.112940] ACPI: IRQ0 used by override.
[    0.112941] ACPI: IRQ9 used by override.
[    0.112944] Using ACPI (MADT) for SMP configuration information
[    0.112951] smpboot: Allowing 1 CPUs, 0 hotplug CPUs
[    0.112973] PM: Registered nosave memory: [mem 0x00000000-0x00000fff]
[    0.112974] PM: Registered nosave memory: [mem 0x0009f000-0x0009ffff]
[    0.112975] PM: Registered nosave memory: [mem 0x000a0000-0x000effff]
[    0.112975] PM: Registered nosave memory: [mem 0x000f0000-0x000fffff]
[    0.112977] [mem 0x80000000-0xfebfffff] available for PCI devices
[    0.112978] Booting paravirtualized kernel on KVM
[    0.112981] clocksource: refined-jiffies: mask: 0xffffffff max_cycles: 0xffffffff, max_idle_ns: 7645519600211568 ns
[    0.112987] setup_percpu: NR_CPUS:8192 nr_cpumask_bits:1 nr_cpu_ids:1 nr_node_ids:1
[    0.114000] percpu: Embedded 60 pages/cpu s208896 r8192 d28672 u2097152
[    0.114005] pcpu-alloc: s208896 r8192 d28672 u2097152 alloc=1*2097152
[    0.114006] pcpu-alloc: [0] 0 
[    0.114032] Built 1 zonelists, mobility grouping on.  Total pages: 515961
[    0.114033] Policy zone: DMA32
[    0.114034] Kernel command line: BOOT_IMAGE=/boot/vmlinuz-5.4.243-mptcp root=UUID=98415a12-53b7-4144-8265-0f7ece09e445 ro quiet splash
[    0.114892] Dentry cache hash table entries: 262144 (order: 9, 2097152 bytes, linear)
[    0.115156] Inode-cache hash table entries: 131072 (order: 8, 1048576 bytes, linear)
[    0.115208] mem auto-init: stack:off, heap alloc:on, heap free:off
[    0.115211] Calgary: detecting Calgary via BIOS EBDA area
[    0.115213] Calgary: Unable to locate Rio Grande table in EBDA - bailing!
[    0.119691] Memory: 1967332K/2096696K available (14339K kernel code, 2398K rwdata, 4712K rodata, 2728K init, 17260K bss, 129364K reserved, 0K cma-reserved)
[    0.120625] SLUB: HWalign=64, Order=0-3, MinObjects=0, CPUs=1, Nodes=1
[    0.120642] ftrace: allocating 43186 entries in 169 pages
[    0.138720] rcu: Hierarchical RCU implementation.
[    0.138721] rcu: 	RCU restricting CPUs from NR_CPUS=8192 to nr_cpu_ids=1.
[    0.138722] 	Tasks RCU enabled.
[    0.138723] rcu: RCU calculated value of scheduler-enlistment delay is 25 jiffies.
[    0.138724] rcu: Adjusting geometry for rcu_fanout_leaf=16, nr_cpu_ids=1
[    0.141686] NR_IRQS: 524544, nr_irqs: 256, preallocated irqs: 16
[    0.141906] random: crng init done
[    0.151252] Console: colour VGA+ 80x25
[    0.151257] printk: console [tty0] enabled
[    0.151278] ACPI: Core revision 20190816
[    0.151401] APIC: Switch to symmetric I/O mode setup
[    0.151650] x2apic enabled
[    0.151887] Switched APIC routing to physical x2apic.
[    0.153018] ..TIMER: vector=0x30 apic1=0 pin1=2 apic2=-1 pin2=-1
[    0.153042] clocksource: tsc-early: mask: 0xffffffffffffffff max_cycles: 0x1e4530a99b6, max_idle_ns: 440795257976 ns
[    0.153047] Calibrating delay loop (skipped) preset value.. 4200.00 BogoMIPS (lpj=8400000)
[    0.153050] pid_max: default: 32768 minimum: 301
[    0.153078] LSM: Security Framework initializing
[    0.153087] Yama: becoming mindful.
[    0.153114] AppArmor: AppArmor initialized
[    0.153150] Mount-cache hash table entries: 4096 (order: 3, 32768 bytes, linear)
[    0.153155] Mountpoint-cache hash table entries: 4096 (order: 3, 32768 bytes, linear)
[    0.153165] *** VALIDATE tmpfs ***
[    0.153296] *** VALIDATE proc ***
[    0.153339] *** VALIDATE cgroup1 ***
[    0.153340] *** VALIDATE cgroup2 ***
[    0.153483] process: using mwait in idle threads
[    0.153488] Last level iTLB entries: 4KB 64, 2MB 8, 4MB 8
[    0.153489] Last level dTLB entries: 4KB 64, 2MB 0, 4MB 0, 1GB 4
[    0.153509] Spectre V1 : Mitigation: usercopy/swapgs barriers and __user pointer sanitization
[    0.153514] Spectre V2 : Mitigation: Retpolines
[    0.153515] Spectre V2 : Spectre v2 / SpectreRSB mitigation: Filling RSB on context switch
[    0.153516] Spectre V2 : Spectre v2 / SpectreRSB : Filling RSB on VMEXIT
[    0.153516] RETBleed: WARNING: Spectre v2 mitigation leaves CPU vulnerable to RETBleed attacks, data leaks possible!
[    0.153877] RETBleed: Vulnerable
[    0.153877] Speculative Store Bypass: Vulnerable
[    0.153882] TAA: Mitigation: TSX disabled
[    0.153883] MMIO Stale Data: Mitigation: Clear CPU buffers
[    0.158086] Freeing SMP alternatives memory: 40K
[    0.269774] smpboot: CPU0: Intel(R) Xeon(R) Silver 4216 CPU @ 2.10GHz (family: 0x6, model: 0x55, stepping: 0x7)
[    0.269904] Performance Events: unsupported p6 CPU model 85 no PMU driver, software events only.
[    0.269944] rcu: Hierarchical SRCU implementation.
[    0.270419] NMI watchdog: Perf NMI watchdog permanently disabled
[    0.270457] smp: Bringing up secondary CPUs ...
[    0.270458] smp: Brought up 1 node, 1 CPU
[    0.270459] smpboot: Max logical packages: 1
[    0.270460] smpboot: Total of 1 processors activated (4200.00 BogoMIPS)
[    0.271430] devtmpfs: initialized
[    0.271476] x86/mm: Memory block size: 128MB
[    0.271844] clocksource: jiffies: mask: 0xffffffff max_cycles: 0xffffffff, max_idle_ns: 7645041785100000 ns
[    0.271850] futex hash table entries: 256 (order: 2, 16384 bytes, linear)
[    0.271894] pinctrl core: initialized pinctrl subsystem
[    0.271997] PM: RTC time: 21:31:20, date: 2026-01-12
[    0.272103] NET: Registered protocol family 16
[    0.272177] audit: initializing netlink subsys (disabled)
[    0.272303] EISA bus registered
[    0.272304] cpuidle: using governor ladder
[    0.272305] cpuidle: using governor menu
[    0.272341] ACPI: bus type PCI registered
[    0.272343] acpiphp: ACPI Hot Plug PCI Controller Driver version: 0.5
[    0.272444] PCI: Using configuration type 1 for base access
[    0.273349] audit: type=2000 audit(1768224686.716:1): state=initialized audit_enabled=0 res=1
[    0.273429] HugeTLB registered 2.00 MiB page size, pre-allocated 0 pages
[    0.274241] ACPI: Added _OSI(Module Device)
[    0.274242] ACPI: Added _OSI(Processor Device)
[    0.274242] ACPI: Added _OSI(3.0 _SCP Extensions)
[    0.274243] ACPI: Added _OSI(Processor Aggregator Device)
[    0.274244] ACPI: Added _OSI(Linux-Dell-Video)
[    0.274245] ACPI: Added _OSI(Linux-Lenovo-NV-HDMI-Audio)
[    0.274246] ACPI: Added _OSI(Linux-HPI-Hybrid-Graphics)
[    0.276216] ACPI: 2 ACPI AML tables successfully acquired and loaded
[    0.277862] ACPI: Interpreter enabled
[    0.277871] ACPI: (supports S0 S5)
[    0.277872] ACPI: Using IOAPIC for interrupt routing
[    0.278080] PCI: Using host bridge windows from ACPI; if necessary, use "pci=nocrs" and report a bug
[    0.278187] ACPI: Enabled 2 GPEs in block 00 to 07
[    0.283074] ACPI: PCI Root Bridge [PCI0] (domain 0000 [bus 00-ff])
[    0.283079] acpi PNP0A03:00: _OSC: OS supports [ASPM ClockPM Segments MSI HPX-Type3]
[    0.283525] acpi PNP0A03:00: _OSC: not requesting OS control; OS requires [ExtendedConfig ASPM ClockPM MSI]
[    0.283533] acpi PNP0A03:00: fail to add MMCONFIG information, can't access extended PCI configuration space under this bridge.
[    0.283910] PCI host bridge to bus 0000:00
[    0.283912] pci_bus 0000:00: root bus resource [io  0x0000-0x0cf7 window]
[    0.283913] pci_bus 0000:00: root bus resource [io  0x0d00-0xffff window]
[    0.283914] pci_bus 0000:00: root bus resource [mem 0x000a0000-0x000bffff window]
[    0.283916] pci_bus 0000:00: root bus resource [mem 0x80000000-0xfdffffff window]
[    0.283917] pci_bus 0000:00: root bus resource [bus 00-ff]
[    0.283957] pci 0000:00:00.0: [8086:1237] type 00 class 0x060000
[    0.285709] pci 0000:00:01.0: [8086:7000] type 00 class 0x060100
[    0.286464] pci 0000:00:01.1: [8086:7111] type 00 class 0x01018a
[    0.286842] pci 0000:00:01.1: reg 0x20: [io  0xd000-0xd00f]
[    0.286998] pci 0000:00:01.1: legacy IDE quirk: reg 0x10: [io  0x01f0-0x01f7]
[    0.286999] pci 0000:00:01.1: legacy IDE quirk: reg 0x14: [io  0x03f6]
[    0.287000] pci 0000:00:01.1: legacy IDE quirk: reg 0x18: [io  0x0170-0x0177]
[    0.287001] pci 0000:00:01.1: legacy IDE quirk: reg 0x1c: [io  0x0376]
[    0.287539] pci 0000:00:02.0: [15ad:0405] type 00 class 0x030000
[    0.290914] pci 0000:00:02.0: reg 0x10: [io  0xd010-0xd01f]
[    0.293091] pci 0000:00:02.0: reg 0x14: [mem 0xe0000000-0xe7ffffff pref]
[    0.295802] pci 0000:00:02.0: reg 0x18: [mem 0xf0000000-0xf01fffff]
[    0.305856] pci 0000:00:03.0: [1022:2000] type 00 class 0x020000
[    0.306544] pci 0000:00:03.0: reg 0x10: [io  0xd020-0xd03f]
[    0.309191] pci 0000:00:03.0: reg 0x14: [mem 0xf0200000-0xf0200fff]
[    0.312715] pci 0000:00:04.0: [80ee:cafe] type 00 class 0x088000
[    0.313165] pci 0000:00:04.0: reg 0x10: [io  0xd040-0xd05f]
[    0.313771] pci 0000:00:04.0: reg 0x14: [mem 0xf0400000-0xf07fffff]
[    0.314380] pci 0000:00:04.0: reg 0x18: [mem 0xf0800000-0xf0803fff pref]
[    0.317765] pci 0000:00:07.0: [8086:7113] type 00 class 0x068000
[    0.318312] pci 0000:00:07.0: quirk: [io  0x4000-0x403f] claimed by PIIX4 ACPI
[    0.318323] pci 0000:00:07.0: quirk: [io  0x4100-0x410f] claimed by PIIX4 SMB
[    0.318935] pci 0000:00:08.0: [8086:100e] type 00 class 0x020000
[    0.319645] pci 0000:00:08.0: reg 0x10: [mem 0xf0820000-0xf083ffff]
[    0.320799] pci 0000:00:08.0: reg 0x18: [io  0xd060-0xd067]
[    0.323819] pci 0000:00:09.0: [8086:100e] type 00 class 0x020000
[    0.325162] pci 0000:00:09.0: reg 0x10: [mem 0xf0840000-0xf085ffff]
[    0.326313] pci 0000:00:09.0: reg 0x18: [io  0xd068-0xd06f]
[    0.337320] ACPI: PCI Interrupt Link [LNKA] (IRQs 5 9 10 *11)
[    0.337603] ACPI: PCI Interrupt Link [LNKB] (IRQs 5 9 *10 11)
[    0.337710] ACPI: PCI Interrupt Link [LNKC] (IRQs 5 *9 10 11)
[    0.337812] ACPI: PCI Interrupt Link [LNKD] (IRQs 5 9 10 *11)
[    0.338068] iommu: Default domain type: Translated 
[    0.338128] pci 0000:00:02.0: vgaarb: setting as boot VGA device
[    0.338130] pci 0000:00:02.0: vgaarb: VGA device added: decodes=io+mem,owns=io+mem,locks=none
[    0.338131] pci 0000:00:02.0: vgaarb: bridge control possible
[    0.338132] vgaarb: loaded
[    0.338338] SCSI subsystem initialized
[    0.338370] libata version 3.00 loaded.
[    0.338389] ACPI: bus type USB registered
[    0.338404] usbcore: registered new interface driver usbfs
[    0.338410] usbcore: registered new interface driver hub
[    0.338416] usbcore: registered new device driver usb
[    0.338444] pps_core: LinuxPPS API ver. 1 registered
[    0.338445] pps_core: Software ver. 5.3.6 - Copyright 2005-2007 Rodolfo Giometti <giometti@linux.it>
[    0.338447] PTP clock support registered
[    0.338482] EDAC MC: Ver: 3.0.0
[    0.338760] PCI: Using ACPI for IRQ routing
[    0.338761] PCI: pci_cache_line_size set to 64 bytes
[    0.338931] e820: reserve RAM buffer [mem 0x0009fc00-0x0009ffff]
[    0.338934] e820: reserve RAM buffer [mem 0x7fff0000-0x7fffffff]
[    0.339727] NetLabel: Initializing
[    0.339728] NetLabel:  domain hash size = 128
[    0.339728] NetLabel:  protocols = UNLABELED CIPSOv4 CALIPSO
[    0.339748] NetLabel:  unlabeled traffic allowed by default
[    0.340657] clocksource: Switched to clocksource kvm-clock
[    0.351340] *** VALIDATE bpf ***
[    0.351399] VFS: Disk quotas dquot_6.6.0
[    0.351410] VFS: Dquot-cache hash table entries: 512 (order 0, 4096 bytes)
[    0.351431] *** VALIDATE ramfs ***
[    0.351434] *** VALIDATE hugetlbfs ***
[    0.351511] AppArmor: AppArmor Filesystem Enabled
[    0.351533] pnp: PnP ACPI init
[    0.351592] pnp 00:00: Plug and Play ACPI device, IDs PNP0303 (active)
[    0.351678] pnp 00:01: Plug and Play ACPI device, IDs PNP0f03 (active)
[    0.352445] pnp: PnP ACPI: found 2 devices
[    0.353400] thermal_sys: Registered thermal governor 'fair_share'
[    0.353401] thermal_sys: Registered thermal governor 'bang_bang'
[    0.353401] thermal_sys: Registered thermal governor 'step_wise'
[    0.353402] thermal_sys: Registered thermal governor 'user_space'
[    0.353402] thermal_sys: Registered thermal governor 'power_allocator'
[    0.357929] clocksource: acpi_pm: mask: 0xffffff max_cycles: 0xffffff, max_idle_ns: 2085701024 ns
[    0.357969] pci_bus 0000:00: resource 4 [io  0x0000-0x0cf7 window]
[    0.357970] pci_bus 0000:00: resource 5 [io  0x0d00-0xffff window]
[    0.357972] pci_bus 0000:00: resource 6 [mem 0x000a0000-0x000bffff window]
[    0.357973] pci_bus 0000:00: resource 7 [mem 0x80000000-0xfdffffff window]
[    0.358030] NET: Registered protocol family 2
[    0.358103] IP idents hash table entries: 32768 (order: 6, 262144 bytes, linear)
[    0.358508] MPTCP tokens hash table entries: 8192 (order: 4, 65536 bytes, linear)
[    0.358528] MPTCP request tokens hash table entries: 8192 (order: 4, 65536 bytes, linear)
[    0.358554] default registered
[    0.358554] default registered
[    0.358554] MPTCP: Stable release v0.96
[    0.358560] tcp_listen_portaddr_hash hash table entries: 1024 (order: 2, 16384 bytes, linear)
[    0.358640] TCP established hash table entries: 16384 (order: 5, 131072 bytes, linear)
[    0.358705] TCP bind hash table entries: 16384 (order: 6, 262144 bytes, linear)
[    0.358730] TCP: Hash tables configured (established 16384 bind 16384)
[    0.359473] UDP hash table entries: 1024 (order: 3, 32768 bytes, linear)
[    0.359485] UDP-Lite hash table entries: 1024 (order: 3, 32768 bytes, linear)
[    0.359519] NET: Registered protocol family 1
[    0.359527] NET: Registered protocol family 44
[    0.359547] pci 0000:00:00.0: Limiting direct PCI/PCI transfers
[    0.359560] pci 0000:00:01.0: Activating ISA DMA hang workarounds
[    0.359616] pci 0000:00:02.0: Video device with shadowed ROM at [mem 0x000c0000-0x000dffff]
[    0.359681] PCI: CLS 0 bytes, default 64
[    0.359730] Trying to unpack rootfs image as initramfs...
[    0.531768] Freeing initrd memory: 47868K
[    0.531768] clocksource: tsc: mask: 0xffffffffffffffff max_cycles: 0x1e4530a99b6, max_idle_ns: 440795257976 ns
[    0.531768] clocksource: Switched to clocksource tsc
[    0.531768] platform rtc_cmos: registered platform RTC device (no PNP device found)
[    0.531768] check: Scanning for low memory corruption every 60 seconds
[    0.531768] Initialise system trusted keyrings
[    0.531768] Key type blacklist registered
[    0.531768] workingset: timestamp_bits=36 max_order=19 bucket_order=0
[    0.531768] zbud: loaded
[    0.531768] squashfs: version 4.0 (2009/01/31) Phillip Lougher
[    0.531768] fuse: init (API version 7.31)
[    0.531768] *** VALIDATE fuse ***
[    0.531768] *** VALIDATE fuse ***
[    0.531768] Platform Keyring initialized
[    0.544407] Key type asymmetric registered
[    0.544408] Asymmetric key parser 'x509' registered
[    0.544419] Block layer SCSI generic (bsg) driver version 0.4 loaded (major 244)
[    0.544455] io scheduler mq-deadline registered
[    0.544583] shpchp: Standard Hot Plug PCI Controller Driver version: 0.4
[    0.544788] ACPI: AC Adapter [AC] (on-line)
[    0.544832] input: Power Button as /devices/LNXSYSTM:00/LNXPWRBN:00/input/input0
[    0.544860] ACPI: Power Button [PWRF]
[    0.544936] input: Sleep Button as /devices/LNXSYSTM:00/LNXSLPBN:00/input/input1
[    0.544952] ACPI: Sleep Button [SLPF]
[    0.545176] Serial: 8250/16550 driver, 32 ports, IRQ sharing enabled
[    0.546323] Linux agpgart interface v0.103
[    0.635199] loop: module loaded
[    0.635357] ata_piix 0000:00:01.1: version 2.13
[    0.635785] scsi host0: ata_piix
[    0.635877] scsi host1: ata_piix
[    0.635903] ata1: PATA max UDMA/33 cmd 0x1f0 ctl 0x3f6 bmdma 0xd000 irq 14
[    0.635904] ata2: PATA max UDMA/33 cmd 0x170 ctl 0x376 bmdma 0xd008 irq 15
[    0.635983] tun: Universal TUN/TAP device driver, 1.6
[    0.636309] PPP generic driver version 2.4.2
[    0.636353] VFIO - User Level meta-driver version: 0.3
[    0.636798] ehci_hcd: USB 2.0 'Enhanced' Host Controller (EHCI) Driver
[    0.636803] ehci-pci: EHCI PCI platform driver
[    0.636825] ehci-platform: EHCI generic platform driver
[    0.636831] ohci_hcd: USB 1.1 'Open' Host Controller (OHCI) Driver
[    0.636833] ohci-pci: OHCI PCI platform driver
[    0.636841] ohci-platform: OHCI generic platform driver
[    0.636845] uhci_hcd: USB Universal Host Controller Interface driver
[    0.636928] i8042: PNP: PS/2 Controller [PNP0303:PS2K,PNP0f03:PS2M] at 0x60,0x64 irq 1,12
[    0.638067] serio: i8042 KBD port at 0x60,0x64 irq 1
[    0.638072] serio: i8042 AUX port at 0x60,0x64 irq 12
[    0.638163] mousedev: PS/2 mouse device common for all mice
[    0.638677] input: AT Translated Set 2 keyboard as /devices/platform/i8042/serio0/input/input2
[    0.639162] rtc_cmos rtc_cmos: registered as rtc0
[    0.639162] rtc_cmos rtc_cmos: alarms up to one day, 114 bytes nvram
[    0.639162] i2c /dev entries driver
[    0.639162] device-mapper: uevent: version 1.0.3
[    0.639162] device-mapper: ioctl: 4.41.0-ioctl (2019-09-16) initialised: dm-devel@redhat.com
[    0.639162] platform eisa.0: Probing EISA bus 0
[    0.639162] platform eisa.0: EISA: Cannot allocate resource for mainboard
[    0.639162] platform eisa.0: Cannot allocate resource for EISA slot 1
[    0.639162] platform eisa.0: Cannot allocate resource for EISA slot 2
[    0.639162] platform eisa.0: Cannot allocate resource for EISA slot 3
[    0.639162] platform eisa.0: Cannot allocate resource for EISA slot 4
[    0.639162] platform eisa.0: Cannot allocate resource for EISA slot 5
[    0.639162] platform eisa.0: Cannot allocate resource for EISA slot 6
[    0.639162] platform eisa.0: Cannot allocate resource for EISA slot 7
[    0.639162] platform eisa.0: Cannot allocate resource for EISA slot 8
[    0.639162] platform eisa.0: EISA: Detected 0 cards
[    0.639162] intel_pstate: CPU model not supported
[    0.639162] ledtrig-cpu: registered to indicate activity on CPUs
[    0.639162] drop_monitor: Initializing network drop monitor service
[    0.639162] NET: Registered protocol family 10
[    0.644260] Segment Routing with IPv6
[    0.644260] fullmesh registered
[    0.644260] ndiffports registered
[    0.644260] binder registered
[    0.644260] roundrobin registered
[    0.644260] redundant registered
[    0.644260] blest registered
[    0.644260] ecf registered
[    0.644260] NET: Registered protocol family 17
[    0.644260] Key type dns_resolver registered
[    0.644260] RAS: Correctable Errors collector initialized.
[    0.644260] IPI shorthand broadcast: enabled
[    0.644260] sched_clock: Marking stable (629113203, 11146948)->(642845083, -2584932)
[    0.645407] registered taskstats version 1
[    0.645416] Loading compiled-in X.509 certificates
[    0.646005] Loaded X.509 cert 'Build time autogenerated kernel key: 6909f3744cebb3d0de528d5887b96a727de79b1e'
[    0.646024] zswap: loaded using pool lzo/zbud
[    0.646077] Key type ._fscrypt registered
[    0.646077] Key type .fscrypt registered
[    0.650588] Key type big_key registered
[    0.652753] Key type encrypted registered
[    0.652756] AppArmor: AppArmor sha1 policy hashing enabled
[    0.652763] ima: No TPM chip found, activating TPM-bypass!
[    0.652766] ima: Allocated hash algorithm: sha1
[    0.652771] ima: No architecture policies found
[    0.652780] evm: Initialising EVM extended attributes:
[    0.652780] evm: security.selinux
[    0.652781] evm: security.SMACK64
[    0.652781] evm: security.SMACK64EXEC
[    0.652782] evm: security.SMACK64TRANSMUTE
[    0.652782] evm: security.SMACK64MMAP
[    0.652782] evm: security.apparmor
[    0.652783] evm: security.ima
[    0.652783] evm: security.capability
[    0.652784] evm: HMAC attrs: 0x1
[    0.653072] PM:   Magic number: 10:576:550
[    0.653081] tty ttyS26: hash matches
[    0.653103] acpi PNP0C0F:01: hash matches
[    0.653203] rtc_cmos rtc_cmos: setting system clock to 2026-01-12T21:31:21 UTC (1768253481)
[    0.807729] ata1.00: ATA-6: VBOX HARDDISK, 1.0, max UDMA/133
[    0.807732] ata1.00: 209715200 sectors, multi 128: LBA 
[    0.808328] scsi 0:0:0:0: Direct-Access     ATA      VBOX HARDDISK    1.0  PQ: 0 ANSI: 5
[    0.808581] sd 0:0:0:0: [sda] 209715200 512-byte logical blocks: (107 GB/100 GiB)
[    0.808592] sd 0:0:0:0: [sda] Write Protect is off
[    0.808595] sd 0:0:0:0: [sda] Mode Sense: 00 3a 00 00
[    0.808612] sd 0:0:0:0: [sda] Write cache: enabled, read cache: enabled, doesn't support DPO or FUA
[    0.808887] sd 0:0:0:0: Attached scsi generic sg0 type 0
[    0.809830]  sda: sda1 sda2
[    0.819411] sd 0:0:0:0: [sda] Attached SCSI disk
[    0.823677] Freeing unused decrypted memory: 2040K
[    0.824843] Freeing unused kernel image memory: 2728K
[    0.824847] Write protecting the kernel read-only data: 22528k
[    0.826093] Freeing unused kernel image memory: 2036K
[    0.826766] Freeing unused kernel image memory: 1432K
[    0.856061] x86/mm: Checked W+X mappings: passed, no W+X pages found.
[    0.856064] Run /init as init process
[    0.963737] ACPI: Video Device [GFX0] (multi-head: yes  rom: no  post: no)
[    0.963809] input: Video Bus as /devices/LNXSYSTM:00/LNXSYBUS:00/PNP0A03:00/LNXVIDEO:00/input/input4
[    0.973803] pcnet32: pcnet32.c:v1.35 21.Apr.2008 tsbogend@alpha.franken.de
[    0.975782] pcnet32: PCnet/FAST III 79C973 at 0xd020, 08:00:27:de:5a:fc assigned IRQ 19
[    0.975826] pcnet32: Found PHY 0022:561b at address 0
[    0.976140] pcnet32: eth0: registered as PCnet/FAST III 79C973
[    0.976402] pcnet32: 1 cards_found
[    0.979401] piix4_smbus 0000:00:07.0: SMBus Host Controller at 0x4100, revision 0
[    0.982584] e1000: Intel(R) PRO/1000 Network Driver - version 7.3.21-k8-NAPI
[    0.982585] e1000: Copyright (c) 1999-2006 Intel Corporation.
[    1.048173] pcnet32 0000:00:03.0 enp0s3: renamed from eth0
[    1.204158] input: ImExPS/2 Generic Explorer Mouse as /devices/platform/i8042/serio1/input/input5
[    1.391442] e1000 0000:00:08.0 eth0: (PCI:33MHz:32-bit) 08:00:27:8f:98:f8
[    1.391446] e1000 0000:00:08.0 eth0: Intel(R) PRO/1000 Network Connection
[    1.767570] e1000 0000:00:09.0 eth1: (PCI:33MHz:32-bit) 08:00:27:4a:b9:97
[    1.767573] e1000 0000:00:09.0 eth1: Intel(R) PRO/1000 Network Connection
[    1.768891] e1000 0000:00:09.0 enp0s9: renamed from eth1
[    1.770772] e1000 0000:00:08.0 enp0s8: renamed from eth0
[    1.920598] EXT4-fs (sda2): mounted filesystem with ordered data mode. Opts: (null)
[    2.009199] systemd[1]: Inserted module 'autofs4'
[    2.018956] systemd[1]: systemd 245.4-4ubuntu3 running in system mode. (+PAM +AUDIT +SELINUX +IMA +APPARMOR +SMACK +SYSVINIT +UTMP +LIBCRYPTSETUP +GCRYPT +GNUTLS +ACL +XZ +LZ4 +SECCOMP +BLKID +ELFUTILS +KMOD +IDN2 -IDN +PCRE2 default-hierarchy=hybrid)
[    2.018992] systemd[1]: Detected virtualization oracle.
[    2.018995] systemd[1]: Detected architecture x86-64.
[    2.020390] systemd[1]: Set hostname to <ztg>.
[    2.150845] systemd[1]: /lib/systemd/system/dbus.socket:5: ListenStream= references a path below legacy directory /var/run/, updating /var/run/dbus/system_bus_socket â†’ /run/dbus/system_bus_socket; please update the unit file accordingly.
[    2.202898] systemd[1]: Created slice system-modprobe.slice.
[    2.203091] systemd[1]: Created slice User and Session Slice.
[    2.203134] systemd[1]: Started Forward Password Requests to Wall Directory Watch.
[    2.203386] systemd[1]: Set up automount Arbitrary Executable File Formats File System Automount Point.
[    2.203422] systemd[1]: Reached target User and Group Name Lookups.
[    2.203432] systemd[1]: Reached target Remote File Systems.
[    2.203440] systemd[1]: Reached target Slices.
[    2.203935] systemd[1]: Listening on Syslog Socket.
[    2.204000] systemd[1]: Listening on fsck to fsckd communication Socket.
[    2.204039] systemd[1]: Listening on initctl Compatibility Named Pipe.
[    2.204191] systemd[1]: Listening on Journal Audit Socket.
[    2.204249] systemd[1]: Listening on Journal Socket (/dev/log).
[    2.204333] systemd[1]: Listening on Journal Socket.
[    2.204400] systemd[1]: Listening on udev Control Socket.
[    2.204440] systemd[1]: Listening on udev Kernel Socket.
[    2.205275] systemd[1]: Mounting Huge Pages File System...
[    2.206283] systemd[1]: Mounting POSIX Message Queue File System...
[    2.207345] systemd[1]: Mounting Kernel Debug File System...
[    2.208830] systemd[1]: Mounting Kernel Trace File System...
[    2.215558] systemd[1]: Starting Journal Service...
[    2.218042] systemd[1]: Starting Set the console keyboard layout...
[    2.242340] systemd[1]: Starting Create list of static device nodes for the current kernel...
[    2.247737] systemd[1]: Starting Load Kernel Module drm...
[    2.256220] systemd[1]: Condition check resulted in Set Up Additional Binary Formats being skipped.
[    2.256256] systemd[1]: Condition check resulted in File System Check on Root Device being skipped.
[    2.262234] systemd[1]: Starting Load Kernel Modules...
[    2.271070] systemd[1]: Starting Remount Root and Kernel File Systems...
[    2.276193] systemd[1]: Starting udev Coldplug all Devices...
[    2.305581] systemd[1]: Starting Uncomplicated firewall...
[    2.307956] EXT4-fs (sda2): re-mounted. Opts: errors=remount-ro
[    2.312365] systemd[1]: Mounted Huge Pages File System.
[    2.312466] systemd[1]: Mounted POSIX Message Queue File System.
[    2.312554] systemd[1]: Mounted Kernel Debug File System.
[    2.312639] systemd[1]: Mounted Kernel Trace File System.
[    2.315541] systemd[1]: Finished Create list of static device nodes for the current kernel.
[    2.315821] systemd[1]: modprobe@drm.service: Succeeded.
[    2.335113] systemd[1]: Finished Load Kernel Module drm.
[    2.336262] systemd[1]: Finished Remount Root and Kernel File Systems.
[    2.337678] systemd[1]: Finished Uncomplicated firewall.
[    2.353886] systemd[1]: Condition check resulted in Rebuild Hardware Database being skipped.
[    2.353924] systemd[1]: Condition check resulted in Platform Persistent Storage Archival being skipped.
[    2.355862] lp: driver loaded but no devices found
[    2.357956] systemd[1]: Starting Load/Save Random Seed...
[    2.365057] systemd[1]: Starting Create System Users...
[    2.371025] ppdev: user-space parallel port driver
[    2.377016] systemd[1]: Finished Load/Save Random Seed.
[    2.379996] systemd[1]: Finished Create System Users.
[    2.380736] systemd[1]: Starting Create Static Device Nodes in /dev...
[    2.425266] systemd[1]: Finished Create Static Device Nodes in /dev.
[    2.426183] systemd[1]: Starting udev Kernel Device Manager...
[    2.438054] systemd[1]: Finished udev Coldplug all Devices.
[    2.466515] [drm] DMA map mode: Caching DMA mappings.
[    2.466579] [drm] Capabilities:
[    2.466580] [drm]   Rect copy.
[    2.466580] [drm]   Cursor.
[    2.466580] [drm]   Cursor bypass.
[    2.466581] [drm]   Cursor bypass 2.
[    2.466581] [drm]   Alpha cursor.
[    2.466581] [drm]   Extended Fifo.
[    2.466582] [drm]   Pitchlock.
[    2.466582] [drm]   Irq mask.
[    2.466582] [drm]   GMR.
[    2.466583] [drm]   Traces.
[    2.466583] [drm]   GMR2.
[    2.466583] [drm]   Screen Object 2.
[    2.466584] [drm]   Command Buffers.
[    2.466584] [drm]   Command Buffers 2.
[    2.466584] [drm]   Guest Backed Resources.
[    2.466586] [drm] Max GMR ids is 8192
[    2.466586] [drm] Max number of GMR pages is 1048576
[    2.466587] [drm] Max dedicated hypervisor surface memory is 393216 kiB
[    2.466587] [drm] Maximum display memory size is 131072 kiB
[    2.466588] [drm] VRAM at 0xe0000000 size is 131072 kiB
[    2.466588] [drm] MMIO at 0xf0000000 size is 2048 kiB
[    2.467827] [TTM] Zone  kernel: Available graphics memory: 1011738 KiB
[    2.467828] [TTM] Initializing pool allocator
[    2.467832] [TTM] Initializing DMA pool allocator
[    2.467864] [drm] Supports vblank timestamp caching Rev 2 (21.10.2013).
[    2.467864] [drm] No driver support for vblank timestamp query.
[    2.468126] [drm] Screen Target Display device initialized
[    2.468440] [drm] width 720
[    2.468449] [drm] height 400
[    2.468452] [drm] bpp 32
[    2.468963] [drm] Fifo max 0x00200000 min 0x00001000 cap 0x00000355
[    2.470621] [drm] Using command buffers with DMA pool.
[    2.470626] [drm] DX: no.
[    2.470626] [drm] Atomic: yes.
[    2.470626] [drm] SM4_1: no.
[    2.470647] [drm:vmw_host_log [vmwgfx]] *ERROR* Failed to send host log message.
[    2.479420] [drm:vmw_host_log [vmwgfx]] *ERROR* Failed to send host log message.
[    2.511747] fbcon: svgadrmfb (fb0) is primary device
[    2.514216] Console: switching to colour frame buffer device 100x37
[    2.522344] systemd[1]: Finished Set the console keyboard layout.
[    2.522514] systemd[1]: Reached target Local File Systems (Pre).
[    2.524679] [drm] Initialized vmwgfx 2.15.0 20180704 for 0000:00:02.0 on minor 0
[    2.525891] systemd[1]: Mounting Mount unit for bare, revision 5...
[    2.528686] systemd[1]: Mounting Mount unit for core18, revision 1705...
[    2.559064] systemd[1]: Mounting Mount unit for gnome-3-34-1804, revision 24...
[    2.561739] systemd[1]: Mounting Mount unit for gtk-common-themes, revision 1506...
[    2.567560] systemd[1]: Mounting Mount unit for gtk-common-themes, revision 1535...
[    2.576583] systemd[1]: Mounting Mount unit for snap-store, revision 433...
[    2.599298] systemd[1]: Mounting Mount unit for snapd, revision 7264...
[    2.608011] systemd[1]: Finished Load Kernel Modules.
[    2.614718] systemd[1]: Mounting FUSE Control File System...
[    2.624140] systemd[1]: Mounting Kernel Configuration File System...
[    2.627684] systemd[1]: Starting Apply Kernel Variables...
[    2.629739] systemd[1]: Mounted Mount unit for bare, revision 5.
[    2.629848] systemd[1]: Mounted FUSE Control File System.
[    2.629910] systemd[1]: Condition check resulted in VMware vmblock fuse mount being skipped.
[    2.646867] systemd[1]: Started udev Kernel Device Manager.
[    2.646986] systemd[1]: Mounted Mount unit for core18, revision 1705.
[    2.647078] systemd[1]: Mounted Mount unit for gnome-3-34-1804, revision 24.
[    2.647160] systemd[1]: Mounted Kernel Configuration File System.
[    2.667927] systemd[1]: Starting Show Plymouth Boot Screen...
[    2.686515] systemd[1]: Mounted Mount unit for gtk-common-themes, revision 1506.
[    2.689402] systemd[1]: Finished Apply Kernel Variables.
[    2.690044] systemd[1]: Received SIGRTMIN+20 from PID 281 (plymouthd).
[    2.707180] systemd[1]: Started Show Plymouth Boot Screen.
[    2.707339] systemd[1]: Condition check resulted in Dispatch Password Requests to Console Directory Watch being skipped.
[    2.707425] systemd[1]: Started Forward Password Requests to Plymouth Directory Watch.
[    2.707459] systemd[1]: Reached target Local Encrypted Volumes.
[    2.725881] systemd[1]: Mounted Mount unit for gtk-common-themes, revision 1535.
[    2.726115] systemd[1]: Mounted Mount unit for snap-store, revision 433.
[    2.726328] systemd[1]: Mounted Mount unit for snapd, revision 7264.
[    2.726493] systemd[1]: Reached target Local File Systems.
[    2.728967] systemd[1]: Starting Load AppArmor profiles...
[    2.729889] systemd[1]: Starting Set console font and keymap...
[    2.744146] systemd[1]: Starting Tell Plymouth To Write Out Runtime Data...
[    2.748890] systemd[1]: Condition check resulted in Store a System Token in an EFI Variable being skipped.
[    2.748924] systemd[1]: Condition check resulted in Commit a transient machine-id on disk being skipped.
[    2.749841] systemd[1]: Finished Set console font and keymap.
[    2.756899] systemd[1]: Received SIGRTMIN+20 from PID 281 (plymouthd).
[    2.757951] systemd[1]: plymouth-read-write.service: Succeeded.
[    2.758209] systemd[1]: Finished Tell Plymouth To Write Out Runtime Data.
[    2.793310] audit: type=1400 audit(1768253483.636:2): apparmor="STATUS" operation="profile_load" profile="unconfined" name="nvidia_modprobe" pid=300 comm="apparmor_parser"
[    2.793312] audit: type=1400 audit(1768253483.636:3): apparmor="STATUS" operation="profile_load" profile="unconfined" name="nvidia_modprobe//kmod" pid=300 comm="apparmor_parser"
[    2.799331] audit: type=1400 audit(1768253483.644:4): apparmor="STATUS" operation="profile_load" profile="unconfined" name="/usr/sbin/tcpdump" pid=301 comm="apparmor_parser"
[    2.844821] audit: type=1400 audit(1768253483.680:5): apparmor="STATUS" operation="profile_load" profile="unconfined" name="/usr/bin/evince" pid=303 comm="apparmor_parser"
[    2.844823] audit: type=1400 audit(1768253483.680:6): apparmor="STATUS" operation="profile_load" profile="unconfined" name="/usr/bin/evince//sanitized_helper" pid=303 comm="apparmor_parser"
[    2.844824] audit: type=1400 audit(1768253483.680:7): apparmor="STATUS" operation="profile_load" profile="unconfined" name="/usr/bin/evince-previewer" pid=303 comm="apparmor_parser"
[    2.844826] audit: type=1400 audit(1768253483.680:8): apparmor="STATUS" operation="profile_load" profile="unconfined" name="/usr/bin/evince-previewer//sanitized_helper" pid=303 comm="apparmor_parser"
[    2.844827] audit: type=1400 audit(1768253483.680:9): apparmor="STATUS" operation="profile_load" profile="unconfined" name="/usr/bin/evince-thumbnailer" pid=303 comm="apparmor_parser"
[    2.859924] audit: type=1400 audit(1768253483.700:10): apparmor="STATUS" operation="profile_load" profile="unconfined" name="/usr/lib/cups/backend/cups-pdf" pid=304 comm="apparmor_parser"
[    2.938682] systemd[1]: Finished Load AppArmor profiles.
[    2.940030] systemd[1]: Starting Load AppArmor profiles managed internally by snapd...
[    3.008851] systemd[1]: Finished Load AppArmor profiles managed internally by snapd.
[    3.229174] systemd[1]: Started Journal Service.
[    3.236986] systemd-journald[229]: Received client request to flush runtime journal.
[    3.241524] systemd-journald[229]: File /var/log/journal/c455b248004a419c87ce85eea238d727/system.journal corrupted or uncleanly shut down, renaming and replacing.
[    4.575461] RAPL PMU: API unit is 2^-32 Joules, 0 fixed counters, 10737418240 ms ovfl timer
[    4.653596] cryptd: max_cpu_qlen set to 1000
[    4.711884] AVX2 version of gcm_enc/dec engaged.
[    4.711885] AES CTR mode by8 optimization enabled
[    5.541211] Adding 1998844k swap on /dev/sda1.  Priority:-2 extents:1 across:1998844k FS
[    6.376458] kauditd_printk_skb: 30 callbacks suppressed
[    6.376459] audit: type=1400 audit(1768253487.212:41): apparmor="DENIED" operation="capable" profile="/usr/sbin/cups-browsed" pid=497 comm="cups-browsed" capability=23  capname="sys_nice"
[    7.590633] pcnet32 0000:00:03.0 enp0s3: link up, 100Mbps, full-duplex
[    7.625629] e1000: enp0s8 NIC Link is Up 1000 Mbps Full Duplex, Flow Control: RX
[    7.625919] IPv6: ADDRCONF(NETDEV_CHANGE): enp0s8: link becomes ready
[    7.637081] e1000: enp0s9 NIC Link is Up 1000 Mbps Full Duplex, Flow Control: RX
[    7.637375] IPv6: ADDRCONF(NETDEV_CHANGE): enp0s9: link becomes ready
[    8.146010] device enp0s3 entered promiscuous mode
[    8.178376] audit: type=1400 audit(1768253489.020:42): apparmor="DENIED" operation="open" profile="/usr/sbin/tcpdump" name="/proc/sys/kernel/random/boot_id" pid=657 comm="tcpdump" requested_mask="r" denied_mask="r" fsuid=0 ouid=0
[    8.178908] audit: type=1400 audit(1768253489.020:43): apparmor="DENIED" operation="open" profile="/usr/sbin/tcpdump" name="/proc/sys/kernel/random/boot_id" pid=657 comm="tcpdump" requested_mask="r" denied_mask="r" fsuid=0 ouid=0
[    8.180591] audit: type=1400 audit(1768253489.020:44): apparmor="DENIED" operation="open" profile="/usr/sbin/tcpdump" name="/proc/sys/kernel/random/boot_id" pid=657 comm="tcpdump" requested_mask="r" denied_mask="r" fsuid=0 ouid=0
[    8.180772] audit: type=1400 audit(1768253489.020:45): apparmor="DENIED" operation="open" profile="/usr/sbin/tcpdump" name="/proc/sys/kernel/random/boot_id" pid=657 comm="tcpdump" requested_mask="r" denied_mask="r" fsuid=0 ouid=0
[    8.185216] audit: type=1400 audit(1768253489.028:46): apparmor="DENIED" operation="open" profile="/usr/sbin/tcpdump" name="/proc/sys/kernel/random/boot_id" pid=658 comm="tcpdump" requested_mask="r" denied_mask="r" fsuid=0 ouid=0
[    8.185847] audit: type=1400 audit(1768253489.028:47): apparmor="DENIED" operation="open" profile="/usr/sbin/tcpdump" name="/proc/sys/kernel/random/boot_id" pid=658 comm="tcpdump" requested_mask="r" denied_mask="r" fsuid=0 ouid=0
[    8.185885] audit: type=1400 audit(1768253489.028:48): apparmor="DENIED" operation="open" profile="/usr/sbin/tcpdump" name="/proc/sys/kernel/random/boot_id" pid=658 comm="tcpdump" requested_mask="r" denied_mask="r" fsuid=0 ouid=0
[    8.185903] audit: type=1400 audit(1768253489.028:49): apparmor="DENIED" operation="open" profile="/usr/sbin/tcpdump" name="/proc/sys/kernel/random/boot_id" pid=658 comm="tcpdump" requested_mask="r" denied_mask="r" fsuid=0 ouid=0
[   12.735472] rfkill: input handler disabled
[  247.956655] AAAAA-TCP_FORW: name:enp0s3: saddr:100932208: daddr:16783984
[  248.497249] AAAAA-TCP_FORW: name:enp0s3: saddr:100932208: daddr:16783984
[  248.586878] AAAAA-TCP_FORW: name:enp0s3: saddr:100932208: daddr:16783984
[  249.319234] AAAAA-TCP_FORW: name:enp0s3: saddr:100932208: daddr:33561200
[  249.369778] AAAAA-TCP_FORW: name:enp0s3: saddr:100932208: daddr:16783984
[  249.388521] AAAAA-TCP_FORW: name:enp0s3: saddr:33561200: daddr:100932208
[  249.428709] AAAAA-TCP_FORW: name:enp0s3: saddr:100932208: daddr:16783984
[  249.574042] AAAAA-TCP_FORW: name:enp0s3: saddr:16783984: daddr:100932208
[  249.648312] AAAAA-TCP_FORW: name:enp0s3: saddr:100932208: daddr:33561200
[  249.788577] AAAAA-TCP_FORW: name:enp0s3: saddr:33561200: daddr:100932208
[  249.905348] AAAAA-TCP_FORW: name:enp0s3: saddr:100932208: daddr:16783984
[  249.959196] AAAAA-TCP_FORW: name:enp0s3: saddr:16783984: daddr:100932208
[  249.995138] AAAAA-TCP_FORW: name:enp0s3: saddr:33561200: daddr:100932208
[  250.289202] AAAAA-TCP_FORW: name:enp0s3: saddr:100932208: daddr:33561200
[  250.321989] AAAAA-TCP_FORW: name:enp0s3: saddr:100932208: daddr:16783984
[  250.358984] AAAAA-TCP_FORW: name:enp0s3: saddr:16783984: daddr:100932208
[  250.507536] AAAAA-TCP_FORW: name:enp0s3: saddr:100932208: daddr:16783984
[  250.513573] AAAAA-TCP_FORW: name:enp0s3: saddr:16783984: daddr:100932208
[  250.573441] AAAAA-TCP_FORW: name:enp0s3: saddr:100932208: daddr:16783984
[  250.656052] AAAAA-TCP_FORW: name:enp0s3: saddr:16783984: daddr:100932208
[  250.668029] AAAAA-TCP_FORW: name:enp0s3: saddr:33561200: daddr:100932208
[  250.836889] AAAAA-TCP_FORW: name:enp0s3: saddr:100932208: daddr:33561200
[  250.926397] AAAAA-TCP_FORW: name:enp0s3: saddr:33561200: daddr:100932208
[  250.975064] AAAAA-TCP_FORW: name:enp0s3: saddr:100932208: daddr:33561200
[  251.055811] AAAAA-TCP_FORW: name:enp0s3: saddr:33561200: daddr:100932208
[  251.100494] AAAAA-TCP_FORW: name:enp0s3: saddr:100932208: daddr:33561200
[  251.190080] AAAAA-TCP_FORW: name:enp0s3: saddr:33561200: daddr:100932208
[  251.211903] AAAAA-TCP_FORW: name:enp0s3: saddr:100932208: daddr:33561200
[  251.290995] AAAAA-TCP_FORW: name:enp0s3: saddr:100932208: daddr:16783984
[  251.299444] AAAAA-TCP_FORW: name:enp0s3: saddr:16783984: daddr:100932208
[  251.557793] AAAAA-TCP_FORW: name:enp0s3: saddr:100932208: daddr:16783984
[  251.572225] AAAAA-TCP_FORW: name:enp0s3: saddr:16783984: daddr:100932208
[  251.646026] AAAAA-TCP_FORW: name:enp0s3: saddr:100932208: daddr:16783984
[  251.702604] AAAAA-TCP_FORW: name:enp0s3: saddr:16783984: daddr:100932208
[  251.800414] AAAAA-TCP_FORW: name:enp0s3: saddr:100932208: daddr:16783984
[  251.807379] AAAAA-TCP_FORW: name:enp0s3: saddr:16783984: daddr:100932208
[  251.871752] AAAAA-TCP_FORW: name:enp0s3: saddr:100932208: daddr:16783984
[  251.987246] AAAAA-TCP_FORW: name:enp0s3: saddr:16783984: daddr:100932208
[  251.990892] AAAAA-TCP_FORW: name:enp0s3: saddr:100932208: daddr:16783984
[  252.058209] AAAAA-TCP_FORW: name:enp0s3: saddr:100932208: daddr:16783984
[  252.168608] AAAAA-TCP_FORW: name:enp0s3: saddr:16783984: daddr:100932208
[  252.206921] AAAAA-TCP_FORW: name:enp0s3: saddr:16783984: daddr:100932208
[  252.215378] AAAAA-TCP_FORW: name:enp0s3: saddr:100932208: daddr:16783984
[  252.264502] AAAAA-TCP_FORW: name:enp0s3: saddr:100932208: daddr:16783984
[  252.417398] AAAAA-TCP_FORW: name:enp0s3: saddr:100932208: daddr:16783984
[  252.441841] AAAAA-TCP_FORW: name:enp0s3: saddr:16783984: daddr:100932208
[  252.480448] AAAAA-TCP_FORW: name:enp0s3: saddr:16783984: daddr:100932208
[  252.552968] AAAAA-TCP_FORW: name:enp0s3: saddr:16783984: daddr:100932208
[  252.570205] AAAAA-TCP_FORW: name:enp0s3: saddr:100932208: daddr:33561200
[  252.625930] AAAAA-TCP_FORW: name:enp0s3: saddr:100932208: daddr:33561200
[  252.721588] AAAAA-TCP_FORW: name:enp0s3: saddr:100932208: daddr:33561200
[  252.778260] AAAAA-TCP_FORW: name:enp0s3: saddr:33561200: daddr:100932208
[  252.855932] AAAAA-TCP_FORW: name:enp0s3: saddr:33561200: daddr:100932208
[  252.858317] AAAAA-TCP_FORW: name:enp0s3: saddr:100932208: daddr:33561200
[  252.882784] AAAAA-TCP_FORW: name:enp0s3: saddr:100932208: daddr:33561200
[  252.902835] AAAAA-TCP_FORW: name:enp0s3: saddr:33561200: daddr:100932208
[  252.925441] AAAAA-TCP_FORW: name:enp0s3: saddr:100932208: daddr:33561200
[  252.952917] AAAAA-TCP_FORW: name:enp0s3: saddr:100932208: daddr:33561200
[  253.049340] AAAAA-TCP_FORW: name:enp0s3: saddr:100932208: daddr:33561200
[  253.077333] AAAAA-TCP_FORW: name:enp0s3: saddr:33561200: daddr:100932208
[  253.128270] AAAAA-TCP_FORW: name:enp0s3: saddr:33561200: daddr:100932208
[  253.192215] AAAAA-TCP_FORW: name:enp0s3: saddr:100932208: daddr:33561200
[  253.262758] AAAAA-TCP_FORW: name:enp0s3: saddr:33561200: daddr:100932208
[  253.284186] AAAAA-TCP_FORW: name:enp0s3: saddr:100932208: daddr:33561200
[  253.301886] AAAAA-TCP_FORW: name:enp0s3: saddr:33561200: daddr:100932208
[  253.374437] AAAAA-TCP_FORW: name:enp0s3: saddr:100932208: daddr:16783984
[  253.406885] AAAAA-TCP_FORW: name:enp0s3: saddr:33561200: daddr:100932208
[  253.412701] AAAAA-TCP_FORW: name:enp0s3: saddr:100932208: daddr:16783984
[  253.516315] AAAAA-TCP_FORW: name:enp0s3: saddr:33561200: daddr:100932208
[  253.541084] AAAAA-TCP_FORW: name:enp0s3: saddr:100932208: daddr:16783984
[  253.664539] AAAAA-TCP_FORW: name:enp0s3: saddr:33561200: daddr:100932208
[  253.697361] AAAAA-TCP_FORW: name:enp0s3: saddr:100932208: daddr:16783984
[  253.742685] AAAAA-TCP_FORW: name:enp0s3: saddr:100932208: daddr:33561200
[  253.761615] AAAAA-TCP_FORW: name:enp0s3: saddr:16783984: daddr:100932208
[  253.790409] AAAAA-TCP_FORW: name:enp0s3: saddr:100932208: daddr:16783984
[  253.828062] AAAAA-TCP_FORW: name:enp0s3: saddr:16783984: daddr:100932208
[  253.871536] AAAAA-TCP_FORW: name:enp0s3: saddr:100932208: daddr:16783984
[  253.957341] AAAAA-TCP_FORW: name:enp0s3: saddr:16783984: daddr:100932208
[  254.056088] AAAAA-TCP_FORW: name:enp0s3: saddr:100932208: daddr:33561200
[  254.137908] AAAAA-TCP_FORW: name:enp0s3: saddr:100932208: daddr:16783984
[  254.145449] AAAAA-TCP_FORW: name:enp0s3: saddr:16783984: daddr:100932208
[  254.240902] AAAAA-TCP_FORW: name:enp0s3: saddr:33561200: daddr:100932208
[  254.315062] AAAAA-TCP_FORW: name:enp0s3: saddr:16783984: daddr:100932208
[  254.340847] AAAAA-TCP_FORW: name:enp0s3: saddr:100932208: daddr:16783984
[  254.490016] AAAAA-TCP_FORW: name:enp0s3: saddr:16783984: daddr:100932208
[  254.602313] AAAAA-TCP_FORW: name:enp0s3: saddr:33561200: daddr:100932208
[  254.618847] AAAAA-TCP_FORW: name:enp0s3: saddr:100932208: daddr:16783984
[  254.669372] AAAAA-TCP_FORW: name:enp0s3: saddr:16783984: daddr:100932208
[  254.773118] AAAAA-TCP_FORW: name:enp0s3: saddr:100932208: daddr:16783984
[  254.876804] AAAAA-TCP_FORW: name:enp0s3: saddr:100932208: daddr:16783984
[  254.920151] AAAAA-TCP_FORW: name:enp0s3: saddr:100932208: daddr:16783984
[  254.990335] AAAAA-TCP_FORW: name:enp0s3: saddr:100932208: daddr:16783984
[  255.030434] AAAAA-TCP_FORW: name:enp0s3: saddr:16783984: daddr:100932208
[  255.150778] AAAAA-TCP_FORW: name:enp0s3: saddr:100932208: daddr:16783984
[  255.233477] AAAAA-TCP_FORW: name:enp0s3: saddr:16783984: daddr:100932208
[  255.296365] AAAAA-TCP_FORW: name:enp0s3: saddr:16783984: daddr:100932208
[  255.382954] AAAAA-TCP_FORW: name:enp0s3: saddr:16783984: daddr:100932208
[  255.425879] AAAAA-TCP_FORW: name:enp0s3: saddr:16783984: daddr:100932208
[  255.462379] AAAAA-TCP_FORW: name:enp0s3: saddr:16783984: daddr:100932208
[  255.545037] AAAAA-TCP_FORW: name:enp0s3: saddr:16783984: daddr:100932208
[  255.620871] AAAAA-TCP_FORW: name:enp0s3: saddr:100932208: daddr:16783984
[  255.653697] AAAAA-TCP_FORW: name:enp0s3: saddr:100932208: daddr:16783984
[  255.743388] AAAAA-TCP_FORW: name:enp0s3: saddr:100932208: daddr:16783984
[  255.780869] AAAAA-TCP_FORW: name:enp0s3: saddr:16783984: daddr:100932208
[  255.801565] AAAAA-TCP_FORW: name:enp0s3: saddr:100932208: daddr:16783984
[  255.824518] AAAAA-TCP_FORW: name:enp0s3: saddr:16783984: daddr:100932208
[  255.891769] AAAAA-TCP_FORW: name:enp0s3: saddr:16783984: daddr:100932208
[  255.898125] AAAAA-TCP_FORW: name:enp0s3: saddr:100932208: daddr:16783984
[  256.009486] AAAAA-TCP_FORW: name:enp0s3: saddr:100932208: daddr:33561200
[  256.031902] AAAAA-TCP_FORW: name:enp0s3: saddr:16783984: daddr:100932208
[  256.085550] AAAAA-TCP_FORW: name:enp0s3: saddr:33561200: daddr:100932208
[  256.264929] AAAAA-TCP_FORW: name:enp0s3: saddr:100932208: daddr:33561200
[  256.280781] AAAAA-TCP_FORW: name:enp0s3: saddr:33561200: daddr:100932208
[  256.355573] AAAAA-TCP_FORW: name:enp0s3: saddr:100932208: daddr:33561200
[  256.391345] AAAAA-TCP_FORW: name:enp0s3: saddr:100932208: daddr:33561200
[  256.409207] AAAAA-TCP_FORW: name:enp0s3: saddr:33561200: daddr:100932208
[  256.476706] AAAAA-TCP_FORW: name:enp0s3: saddr:33561200: daddr:100932208
[  256.482641] AAAAA-TCP_FORW: name:enp0s3: saddr:100932208: daddr:33561200
[  256.587985] AAAAA-TCP_FORW: name:enp0s3: saddr:100932208: daddr:33561200
[  256.633232] AAAAA-TCP_FORW: name:enp0s3: saddr:33561200: daddr:100932208
[  256.675057] AAAAA-TCP_FORW: name:enp0s3: saddr:100932208: daddr:33561200
[  256.677646] AAAAA-TCP_FORW: name:enp0s3: saddr:100932208: daddr:33561200
[  256.699279] AAAAA-TCP_FORW: name:enp0s3: saddr:100932208: daddr:33561200
[  256.731126] AAAAA-TCP_FORW: name:enp0s3: saddr:100932208: daddr:33561200
[  256.746520] AAAAA-TCP_FORW: name:enp0s3: saddr:33561200: daddr:100932208
[  256.823880] AAAAA-TCP_FORW: name:enp0s3: saddr:100932208: daddr:33561200
[  256.855629] AAAAA-TCP_FORW: name:enp0s3: saddr:33561200: daddr:100932208
[  256.912511] AAAAA-TCP_FORW: name:enp0s3: saddr:33561200: daddr:100932208
[  256.965163] AAAAA-TCP_FORW: name:enp0s3: saddr:33561200: daddr:100932208
[  257.026263] AAAAA-TCP_FORW: name:enp0s3: saddr:33561200: daddr:100932208
[  257.038012] AAAAA-TCP_FORW: name:enp0s3: saddr:100932208: daddr:33561200
[  257.098719] AAAAA-TCP_FORW: name:enp0s3: saddr:100932208: daddr:33561200
[  257.127613] AAAAA-TCP_FORW: name:enp0s3: saddr:100932208: daddr:33561200
[  257.139234] AAAAA-TCP_FORW: name:enp0s3: saddr:33561200: daddr:100932208
[  257.248936] AAAAA-TCP_FORW: name:enp0s3: saddr:100932208: daddr:33561200
[  257.405193] AAAAA-TCP_FORW: name:enp0s3: saddr:100932208: daddr:33561200
[  257.423644] AAAAA-TCP_FORW: name:enp0s3: saddr:33561200: daddr:100932208
[  257.450590] AAAAA-TCP_FORW: name:enp0s3: saddr:100932208: daddr:33561200
[  257.472785] AAAAA-TCP_FORW: name:enp0s3: saddr:33561200: daddr:100932208
[  257.514458] AAAAA-TCP_FORW: name:enp0s3: saddr:33561200: daddr:100932208
[  257.571075] AAAAA-TCP_FORW: name:enp0s3: saddr:33561200: daddr:100932208
[  257.597380] AAAAA-TCP_FORW: name:enp0s3: saddr:100932208: daddr:33561200
[  257.647667] AAAAA-TCP_FORW: name:enp0s3: saddr:33561200: daddr:100932208
[  257.677170] AAAAA-TCP_FORW: name:enp0s3: saddr:100932208: daddr:33561200
[  257.709141] AAAAA-TCP_FORW: name:enp0s3: saddr:33561200: daddr:100932208
[  257.724250] AAAAA-TCP_FORW: name:enp0s3: saddr:100932208: daddr:16783984
[  257.774283] AAAAA-TCP_FORW: name:enp0s3: saddr:100932208: daddr:16783984
[  257.849754] AAAAA-TCP_FORW: name:enp0s3: saddr:100932208: daddr:16783984
[  257.852295] AAAAA-TCP_FORW: name:enp0s3: saddr:100932208: daddr:16783984
[  257.871158] AAAAA-TCP_FORW: name:enp0s3: saddr:33561200: daddr:100932208
[  257.886261] AAAAA-TCP_FORW: name:enp0s3: saddr:100932208: daddr:16783984
[  257.954119] AAAAA-TCP_FORW: name:enp0s3: saddr:33561200: daddr:100932208
[  257.975952] AAAAA-TCP_FORW: name:enp0s3: saddr:100932208: daddr:16783984
[  258.049402] AAAAA-TCP_FORW: name:enp0s3: saddr:100932208: daddr:16783984
[  258.054705] AAAAA-TCP_FORW: name:enp0s3: saddr:100932208: daddr:16783984
[  258.081998] AAAAA-TCP_FORW: name:enp0s3: saddr:16783984: daddr:100932208
[  258.139509] AAAAA-TCP_FORW: name:enp0s3: saddr:16783984: daddr:100932208
[  258.157850] AAAAA-TCP_FORW: name:enp0s3: saddr:100932208: daddr:16783984
[  258.200782] AAAAA-TCP_FORW: name:enp0s3: saddr:16783984: daddr:100932208
[  258.236125] AAAAA-TCP_FORW: name:enp0s3: saddr:100932208: daddr:16783984
[  258.255676] AAAAA-TCP_FORW: name:enp0s3: saddr:16783984: daddr:100932208
[  258.276188] AAAAA-TCP_FORW: name:enp0s3: saddr:16783984: daddr:100932208
[  258.291723] AAAAA-TCP_FORW: name:enp0s3: saddr:100932208: daddr:16783984
[  258.413055] AAAAA-TCP_FORW: name:enp0s3: saddr:100932208: daddr:16783984
[  258.450919] AAAAA-TCP_FORW: name:enp0s3: saddr:100932208: daddr:16783984
[  258.469923] AAAAA-TCP_FORW: name:enp0s3: saddr:16783984: daddr:100932208
[  258.489047] AAAAA-TCP_FORW: name:enp0s3: saddr:100932208: daddr:16783984
[  258.508633] AAAAA-TCP_FORW: name:enp0s3: saddr:100932208: daddr:16783984
[  258.530436] AAAAA-TCP_FORW: name:enp0s3: saddr:16783984: daddr:100932208
[  258.578439] AAAAA-TCP_FORW: name:enp0s3: saddr:100932208: daddr:16783984
[  258.593829] AAAAA-TCP_FORW: name:enp0s3: saddr:16783984: daddr:100932208
[  258.609727] AAAAA-TCP_FORW: name:enp0s3: saddr:100932208: daddr:16783984
[  258.655318] AAAAA-TCP_FORW: name:enp0s3: saddr:100932208: daddr:16783984
[  258.750370] AAAAA-TCP_FORW: name:enp0s3: saddr:16783984: daddr:100932208
[  258.762385] AAAAA-TCP_FORW: name:enp0s3: saddr:100932208: daddr:16783984
[  258.812113] AAAAA-TCP_FORW: name:enp0s3: saddr:100932208: daddr:16783984
[  258.828650] AAAAA-TCP_FORW: name:enp0s3: saddr:16783984: daddr:100932208
[  258.884725] AAAAA-TCP_FORW: name:enp0s3: saddr:100932208: daddr:16783984
[  258.945210] AAAAA-TCP_FORW: name:enp0s3: saddr:16783984: daddr:100932208
[  259.016581] AAAAA-TCP_FORW: name:enp0s3: saddr:16783984: daddr:100932208
[  259.066349] AAAAA-TCP_FORW: name:enp0s3: saddr:16783984: daddr:100932208
[  259.170515] AAAAA-TCP_FORW: name:enp0s3: saddr:16783984: daddr:100932208
[  259.236573] AAAAA-TCP_FORW: name:enp0s3: saddr:16783984: daddr:100932208
[  259.291205] AAAAA-TCP_FORW: name:enp0s3: saddr:16783984: daddr:100932208
[  259.406829] AAAAA-TCP_FORW: name:enp0s3: saddr:16783984: daddr:100932208
[  259.435792] AAAAA-TCP_FORW: name:enp0s3: saddr:100932208: daddr:33561200
[  259.459724] AAAAA-TCP_FORW: name:enp0s3: saddr:16783984: daddr:100932208
[  259.535902] AAAAA-TCP_FORW: name:enp0s3: saddr:16783984: daddr:100932208
[  259.596287] AAAAA-TCP_FORW: name:enp0s3: saddr:16783984: daddr:100932208
[  259.668207] AAAAA-TCP_FORW: name:enp0s3: saddr:16783984: daddr:100932208
[  259.775720] AAAAA-TCP_FORW: name:enp0s3: saddr:100932208: daddr:33561200
[  259.958689] AAAAA-TCP_FORW: name:enp0s3: saddr:100932208: daddr:16783984
[  260.054148] AAAAA-TCP_FORW: name:enp0s3: saddr:33561200: daddr:100932208
[  260.287301] AAAAA-TCP_FORW: name:enp0s3: saddr:33561200: daddr:100932208
[  260.367595] AAAAA-TCP_FORW: name:enp0s3: saddr:16783984: daddr:100932208
[  278.886275] AAAAA-TCP_FORW: name:enp0s3: saddr:100932208: daddr:16783984
[  279.165657] AAAAA-TCP_FORW: name:enp0s3: saddr:100932208: daddr:16783984
[  279.252831] AAAAA-TCP_FORW: name:enp0s3: saddr:100932208: daddr:16783984
[  279.410290] AAAAA-TCP_FORW: name:enp0s3: saddr:100932208: daddr:16783984
[  279.551162] AAAAA-TCP_FORW: name:enp0s3: saddr:100932208: daddr:33561200
[  279.717965] AAAAA-TCP_FORW: name:enp0s3: saddr:100932208: daddr:33561200
[  280.119798] AAAAA-TCP_FORW: name:enp0s3: saddr:100932208: daddr:33561200
[  280.236242] AAAAA-TCP_FORW: name:enp0s3: saddr:100932208: daddr:33561200
[  280.343462] AAAAA-TCP_FORW: name:enp0s3: saddr:100932208: daddr:33561200
[  280.488866] AAAAA-TCP_FORW: name:enp0s3: saddr:100932208: daddr:33561200
[  280.583037] AAAAA-TCP_FORW: name:enp0s3: saddr:100932208: daddr:16783984
[  280.678771] AAAAA-TCP_FORW: name:enp0s3: saddr:100932208: daddr:16783984
[  280.823049] AAAAA-TCP_FORW: name:enp0s3: saddr:100932208: daddr:16783984
[  280.909498] AAAAA-TCP_FORW: name:enp0s3: saddr:100932208: daddr:33561200
[  281.007094] AAAAA-TCP_FORW: name:enp0s3: saddr:100932208: daddr:33561200
[  281.263667] AAAAA-TCP_FORW: name:enp0s3: saddr:100932208: daddr:16783984
[  281.400833] AAAAA-TCP_FORW: name:enp0s3: saddr:100932208: daddr:16783984
[  281.532562] AAAAA-TCP_FORW: name:enp0s3: saddr:100932208: daddr:33561200
[  281.591899] AAAAA-TCP_FORW: name:enp0s3: saddr:100932208: daddr:16783984
[  281.771168] AAAAA-TCP_FORW: name:enp0s3: saddr:100932208: daddr:16783984
[  282.099888] AAAAA-TCP_FORW: name:enp0s3: saddr:100932208: daddr:16783984
[  282.233924] AAAAA-TCP_FORW: name:enp0s3: saddr:100932208: daddr:16783984
[  282.289512] AAAAA-TCP_FORW: name:enp0s3: saddr:100932208: daddr:16783984
[  282.518446] AAAAA-TCP_FORW: name:enp0s3: saddr:100932208: daddr:16783984
[  282.718800] AAAAA-TCP_FORW: name:enp0s3: saddr:100932208: daddr:16783984
[  283.121336] AAAAA-TCP_FORW: name:enp0s3: saddr:100932208: daddr:16783984
[  283.317595] AAAAA-TCP_FORW: name:enp0s3: saddr:100932208: daddr:16783984
[  283.400359] AAAAA-TCP_FORW: name:enp0s3: saddr:100932208: daddr:16783984
[  283.413902] AAAAA-TCP_FORW: name:enp0s3: saddr:100932208: daddr:33561200
[  283.467343] AAAAA-TCP_FORW: name:enp0s3: saddr:100932208: daddr:33561200
[  283.557408] AAAAA-TCP_FORW: name:enp0s3: saddr:100932208: daddr:33561200
[  283.612022] AAAAA-TCP_FORW: name:enp0s3: saddr:100932208: daddr:16783984
[  283.758291] AAAAA-TCP_FORW: name:enp0s3: saddr:100932208: daddr:16783984
[  283.847249] AAAAA-TCP_FORW: name:enp0s3: saddr:100932208: daddr:16783984
[  283.953900] AAAAA-TCP_FORW: name:enp0s3: saddr:100932208: daddr:16783984
[  284.016415] AAAAA-TCP_FORW: name:enp0s3: saddr:100932208: daddr:33561200
[  284.072916] AAAAA-TCP_FORW: name:enp0s3: saddr:100932208: daddr:33561200
[  284.171617] AAAAA-TCP_FORW: name:enp0s3: saddr:100932208: daddr:33561200
[  284.278744] AAAAA-TCP_FORW: name:enp0s3: saddr:100932208: daddr:33561200
[  284.360889] AAAAA-TCP_FORW: name:enp0s3: saddr:100932208: daddr:33561200
[  284.534367] AAAAA-TCP_FORW: name:enp0s3: saddr:100932208: daddr:16783984
[  284.583789] AAAAA-TCP_FORW: name:enp0s3: saddr:100932208: daddr:16783984
[  284.782677] AAAAA-TCP_FORW: name:enp0s3: saddr:100932208: daddr:16783984
[  285.071977] AAAAA-TCP_FORW: name:enp0s3: saddr:100932208: daddr:16783984
[  285.233189] AAAAA-TCP_FORW: name:enp0s3: saddr:100932208: daddr:33561200
[  285.417215] AAAAA-TCP_FORW: name:enp0s3: saddr:100932208: daddr:33561200
[  285.586376] AAAAA-TCP_FORW: name:enp0s3: saddr:100932208: daddr:16783984
[  285.745506] AAAAA-TCP_FORW: name:enp0s3: saddr:100932208: daddr:16783984
[  285.944640] AAAAA-TCP_FORW: name:enp0s3: saddr:100932208: daddr:16783984
[  286.050729] AAAAA-TCP_FORW: name:enp0s3: saddr:100932208: daddr:33561200
[  286.773351] AAAAA-TCP_FORW: name:enp0s3: saddr:100932208: daddr:16783984
[  286.873480] AAAAA-TCP_FORW: name:enp0s3: saddr:100932208: daddr:33561200
[  287.007725] AAAAA-TCP_FORW: name:enp0s3: saddr:100932208: daddr:16783984
[  287.979398] AAAAA-TCP_FORW: name:enp0s3: saddr:100932208: daddr:16783984
[  288.224382] AAAAA-TCP_FORW: name:enp0s3: saddr:100932208: daddr:16783984
[  288.458847] AAAAA-TCP_FORW: name:enp0s3: saddr:100932208: daddr:16783984
[  288.553896] AAAAA-TCP_FORW: name:enp0s3: saddr:100932208: daddr:16783984
[  288.728897] AAAAA-TCP_FORW: name:enp0s3: saddr:100932208: daddr:16783984
[  288.805034] AAAAA-TCP_FORW: name:enp0s3: saddr:100932208: daddr:16783984
[  288.948631] AAAAA-TCP_FORW: name:enp0s3: saddr:100932208: daddr:16783984
[  289.131217] AAAAA-TCP_FORW: name:enp0s3: saddr:100932208: daddr:33561200
[  289.139721] AAAAA-TCP_FORW: name:enp0s3: saddr:33561200: daddr:100932208
[  289.209456] AAAAA-TCP_FORW: name:enp0s3: saddr:100932208: daddr:33561200
[  289.248432] AAAAA-TCP_FORW: name:enp0s3: saddr:100932208: daddr:33561200
[  289.334605] AAAAA-TCP_FORW: name:enp0s3: saddr:100932208: daddr:16783984
[  289.339161] AAAAA-TCP_FORW: name:enp0s3: saddr:33561200: daddr:100932208
[  289.410602] AAAAA-TCP_FORW: name:enp0s3: saddr:100932208: daddr:16783984
[  289.430235] AAAAA-TCP_FORW: name:enp0s3: saddr:33561200: daddr:100932208
[  289.489696] AAAAA-TCP_FORW: name:enp0s3: saddr:16783984: daddr:100932208
[  289.556940] AAAAA-TCP_FORW: name:enp0s3: saddr:100932208: daddr:16783984
[  289.644360] AAAAA-TCP_FORW: name:enp0s3: saddr:16783984: daddr:100932208
[  289.660208] AAAAA-TCP_FORW: name:enp0s3: saddr:100932208: daddr:16783984
[  289.864905] AAAAA-TCP_FORW: name:enp0s3: saddr:16783984: daddr:100932208
[  289.873214] AAAAA-TCP_FORW: name:enp0s3: saddr:100932208: daddr:33561200
[  289.956753] AAAAA-TCP_FORW: name:enp0s3: saddr:100932208: daddr:33561200
[  290.058055] AAAAA-TCP_FORW: name:enp0s3: saddr:16783984: daddr:100932208
[  290.105011] AAAAA-TCP_FORW: name:enp0s3: saddr:100932208: daddr:33561200
[  290.234682] AAAAA-TCP_FORW: name:enp0s3: saddr:100932208: daddr:33561200
[  290.325808] AAAAA-TCP_FORW: name:enp0s3: saddr:33561200: daddr:100932208
[  290.374118] AAAAA-TCP_FORW: name:enp0s3: saddr:33561200: daddr:100932208
[  290.442994] AAAAA-TCP_FORW: name:enp0s3: saddr:100932208: daddr:33561200
[  290.600630] AAAAA-TCP_FORW: name:enp0s3: saddr:33561200: daddr:100932208
[  290.636068] AAAAA-TCP_FORW: name:enp0s3: saddr:100932208: daddr:16783984
[  290.708862] AAAAA-TCP_FORW: name:enp0s3: saddr:33561200: daddr:100932208
[  290.735661] AAAAA-TCP_FORW: name:enp0s3: saddr:100932208: daddr:16783984
[  290.928544] AAAAA-TCP_FORW: name:enp0s3: saddr:100932208: daddr:16783984
[  291.004950] AAAAA-TCP_FORW: name:enp0s3: saddr:33561200: daddr:100932208
[  291.047286] AAAAA-TCP_FORW: name:enp0s3: saddr:100932208: daddr:16783984
[  291.137752] AAAAA-TCP_FORW: name:enp0s3: saddr:100932208: daddr:33561200
[  291.165445] AAAAA-TCP_FORW: name:enp0s3: saddr:16783984: daddr:100932208
[  291.345851] AAAAA-TCP_FORW: name:enp0s3: saddr:100932208: daddr:16783984
[  291.386128] AAAAA-TCP_FORW: name:enp0s3: saddr:16783984: daddr:100932208
[  291.426220] AAAAA-TCP_FORW: name:enp0s3: saddr:100932208: daddr:16783984
[  291.555073] AAAAA-TCP_FORW: name:enp0s3: saddr:16783984: daddr:100932208
[  291.726477] AAAAA-TCP_FORW: name:enp0s3: saddr:16783984: daddr:100932208
[  291.881712] AAAAA-TCP_FORW: name:enp0s3: saddr:33561200: daddr:100932208
[  292.091796] AAAAA-TCP_FORW: name:enp0s3: saddr:16783984: daddr:100932208
[  292.192136] AAAAA-TCP_FORW: name:enp0s3: saddr:100932208: daddr:16783984
[  292.270359] AAAAA-TCP_FORW: name:enp0s3: saddr:100932208: daddr:16783984
[  292.295785] AAAAA-TCP_FORW: name:enp0s3: saddr:16783984: daddr:100932208
[  292.646229] AAAAA-TCP_FORW: name:enp0s3: saddr:100932208: daddr:16783984
[  292.798591] AAAAA-TCP_FORW: name:enp0s3: saddr:16783984: daddr:100932208
[  292.831993] AAAAA-TCP_FORW: name:enp0s3: saddr:100932208: daddr:16783984
[  292.968036] AAAAA-TCP_FORW: name:enp0s3: saddr:16783984: daddr:100932208
[  292.987117] AAAAA-TCP_FORW: name:enp0s3: saddr:100932208: daddr:16783984
[  293.069441] AAAAA-TCP_FORW: name:enp0s3: saddr:16783984: daddr:100932208
[  293.151113] AAAAA-TCP_FORW: name:enp0s3: saddr:100932208: daddr:16783984
[  293.259199] AAAAA-TCP_FORW: name:enp0s3: saddr:16783984: daddr:100932208
[  293.392870] AAAAA-TCP_FORW: name:enp0s3: saddr:100932208: daddr:16783984
[  293.407659] AAAAA-TCP_FORW: name:enp0s3: saddr:16783984: daddr:100932208
[  294.129183] AAAAA-TCP_FORW: name:enp0s3: saddr:100932208: daddr:16783984
[  294.438699] AAAAA-TCP_FORW: name:enp0s3: saddr:100932208: daddr:33561200
[  294.612125] AAAAA-TCP_FORW: name:enp0s3: saddr:100932208: daddr:33561200
[  294.836710] AAAAA-TCP_FORW: name:enp0s3: saddr:100932208: daddr:16783984
[  294.925176] AAAAA-TCP_FORW: name:enp0s3: saddr:100932208: daddr:16783984
[  295.314313] AAAAA-TCP_FORW: name:enp0s3: saddr:100932208: daddr:33561200
[  295.397135] AAAAA-TCP_FORW: name:enp0s3: saddr:100932208: daddr:33561200
[  295.459104] AAAAA-TCP_FORW: name:enp0s3: saddr:100932208: daddr:33561200
[  295.923079] AAAAA-TCP_FORW: name:enp0s3: saddr:100932208: daddr:16783984
[  297.652548] AAAAA-TCP_FORW: name:enp0s3: saddr:100932208: daddr:16783984
[  297.807895] AAAAA-TCP_FORW: name:enp0s3: saddr:100932208: daddr:33561200
[  298.659730] AAAAA-TCP_FORW: name:enp0s3: saddr:100932208: daddr:16783984
[  299.534613] AAAAA-TCP_FORW: name:enp0s3: saddr:100932208: daddr:16783984
[  299.731064] AAAAA-TCP_FORW: name:enp0s3: saddr:16783984: daddr:100932208
[  299.846051] AAAAA-TCP_FORW: name:enp0s3: saddr:100932208: daddr:16783984
[  299.934457] AAAAA-TCP_FORW: name:enp0s3: saddr:100932208: daddr:16783984
[  299.963346] AAAAA-TCP_FORW: name:enp0s3: saddr:16783984: daddr:100932208
[  300.026905] AAAAA-TCP_FORW: name:enp0s3: saddr:16783984: daddr:100932208
[  300.094520] AAAAA-TCP_FORW: name:enp0s3: saddr:100932208: daddr:16783984
[  300.263649] AAAAA-TCP_FORW: name:enp0s3: saddr:16783984: daddr:100932208
[  300.281675] AAAAA-TCP_FORW: name:enp0s3: saddr:100932208: daddr:16783984
[  311.534093] AAAAA-TCP_FORW: name:enp0s3: saddr:100932208: daddr:33561200
[  311.607309] AAAAA-TCP_FORW: name:enp0s3: saddr:100932208: daddr:33561200
[  311.756745] AAAAA-TCP_FORW: name:enp0s3: saddr:100932208: daddr:33561200
[  311.873448] AAAAA-TCP_FORW: name:enp0s3: saddr:100932208: daddr:33561200
[  311.959958] AAAAA-TCP_FORW: name:enp0s3: saddr:100932208: daddr:16783984
[  312.157417] AAAAA-TCP_FORW: name:enp0s3: saddr:100932208: daddr:16783984
[  312.264558] AAAAA-TCP_FORW: name:enp0s3: saddr:100932208: daddr:16783984
[  312.357812] AAAAA-TCP_FORW: name:enp0s3: saddr:100932208: daddr:16783984
[  312.518386] AAAAA-TCP_FORW: name:enp0s3: saddr:100932208: daddr:16783984
[  312.795473] AAAAA-TCP_FORW: name:enp0s3: saddr:100932208: daddr:16783984
[  312.925433] AAAAA-TCP_FORW: name:enp0s3: saddr:100932208: daddr:16783984
[  312.940831] AAAAA-TCP_FORW: name:enp0s3: saddr:100932208: daddr:16783984
[  312.978963] AAAAA-TCP_FORW: name:enp0s3: saddr:100932208: daddr:16783984
[  314.318663] AAAAA-TCP_FORW: name:enp0s3: saddr:100932208: daddr:16783984
[  314.628949] AAAAA-TCP_FORW: name:enp0s3: saddr:100932208: daddr:16783984
[  314.739612] AAAAA-TCP_FORW: name:enp0s3: saddr:100932208: daddr:33561200
[  314.800884] AAAAA-TCP_FORW: name:enp0s3: saddr:16783984: daddr:100932208
[  314.838215] AAAAA-TCP_FORW: name:enp0s3: saddr:100932208: daddr:33561200
[  314.877429] AAAAA-TCP_FORW: name:enp0s3: saddr:33561200: daddr:100932208
[  314.955043] AAAAA-TCP_FORW: name:enp0s3: saddr:100932208: daddr:33561200
[  315.046471] AAAAA-TCP_FORW: name:enp0s3: saddr:100932208: daddr:33561200
[  315.200162] AAAAA-TCP_FORW: name:enp0s3: saddr:33561200: daddr:100932208
[  315.382778] AAAAA-TCP_FORW: name:enp0s3: saddr:33561200: daddr:100932208
[  315.463185] AAAAA-TCP_FORW: name:enp0s3: saddr:33561200: daddr:100932208
[  315.470665] AAAAA-TCP_FORW: name:enp0s3: saddr:100932208: daddr:33561200
[  315.516596] AAAAA-TCP_FORW: name:enp0s3: saddr:100932208: daddr:33561200
[  315.584623] AAAAA-TCP_FORW: name:enp0s3: saddr:100932208: daddr:33561200
[  315.734259] AAAAA-TCP_FORW: name:enp0s3: saddr:100932208: daddr:16783984
[  315.771316] AAAAA-TCP_FORW: name:enp0s3: saddr:33561200: daddr:100932208
[  315.845299] AAAAA-TCP_FORW: name:enp0s3: saddr:33561200: daddr:100932208
[  315.918110] AAAAA-TCP_FORW: name:enp0s3: saddr:33561200: daddr:100932208
[  315.954120] AAAAA-TCP_FORW: name:enp0s3: saddr:100932208: daddr:16783984
[  316.013343] AAAAA-TCP_FORW: name:enp0s3: saddr:16783984: daddr:100932208
[  316.137305] AAAAA-TCP_FORW: name:enp0s3: saddr:100932208: daddr:16783984
[  316.244729] AAAAA-TCP_FORW: name:enp0s3: saddr:100932208: daddr:16783984
[  316.292628] AAAAA-TCP_FORW: name:enp0s3: saddr:16783984: daddr:100932208
[  316.436865] AAAAA-TCP_FORW: name:enp0s3: saddr:16783984: daddr:100932208
[  316.509319] AAAAA-TCP_FORW: name:enp0s3: saddr:100932208: daddr:16783984
[  316.534402] AAAAA-TCP_FORW: name:enp0s3: saddr:16783984: daddr:100932208
[  316.691394] AAAAA-TCP_FORW: name:enp0s3: saddr:100932208: daddr:16783984
[  316.796836] AAAAA-TCP_FORW: name:enp0s3: saddr:16783984: daddr:100932208
[  316.894958] AAAAA-TCP_FORW: name:enp0s3: saddr:100932208: daddr:16783984
[  316.993619] AAAAA-TCP_FORW: name:enp0s3: saddr:16783984: daddr:100932208
[  317.077833] AAAAA-TCP_FORW: name:enp0s3: saddr:100932208: daddr:16783984
[  317.114717] AAAAA-TCP_FORW: name:enp0s3: saddr:16783984: daddr:100932208
[  317.259090] AAAAA-TCP_FORW: name:enp0s3: saddr:16783984: daddr:100932208
[  317.434634] AAAAA-TCP_FORW: name:enp0s3: saddr:100932208: daddr:16783984
[  317.528050] AAAAA-TCP_FORW: name:enp0s3: saddr:16783984: daddr:100932208
[  317.915642] AAAAA-TCP_FORW: name:enp0s3: saddr:100932208: daddr:16783984
[  317.923590] AAAAA-TCP_FORW: name:enp0s3: saddr:16783984: daddr:100932208
[  318.424292] AAAAA-TCP_FORW: name:enp0s3: saddr:100932208: daddr:16783984
[  318.434580] AAAAA-TCP_FORW: name:enp0s3: saddr:16783984: daddr:100932208
[  318.677369] AAAAA-TCP_FORW: name:enp0s3: saddr:100932208: daddr:33561200
[  318.693251] AAAAA-TCP_FORW: name:enp0s3: saddr:33561200: daddr:100932208
[  318.940952] AAAAA-TCP_FORW: name:enp0s3: saddr:100932208: daddr:33561200
[  318.952364] AAAAA-TCP_FORW: name:enp0s3: saddr:33561200: daddr:100932208
[  319.228557] AAAAA-TCP_FORW: name:enp0s3: saddr:100932208: daddr:33561200
[  319.236511] AAAAA-TCP_FORW: name:enp0s3: saddr:33561200: daddr:100932208
[  319.690847] AAAAA-TCP_FORW: name:enp0s3: saddr:100932208: daddr:33561200
[  319.699775] AAAAA-TCP_FORW: name:enp0s3: saddr:33561200: daddr:100932208
[  320.035818] AAAAA-TCP_FORW: name:enp0s3: saddr:100932208: daddr:33561200
[  320.046734] AAAAA-TCP_FORW: name:enp0s3: saddr:33561200: daddr:100932208
[  320.088735] AAAAA-TCP_FORW: name:enp0s3: saddr:100932208: daddr:16783984
[  320.194847] AAAAA-TCP_FORW: name:enp0s3: saddr:16783984: daddr:100932208
[  320.236859] AAAAA-TCP_FORW: name:enp0s3: saddr:100932208: daddr:16783984
[  320.362924] AAAAA-TCP_FORW: name:enp0s3: saddr:16783984: daddr:100932208
[  320.444525] AAAAA-TCP_FORW: name:enp0s3: saddr:100932208: daddr:16783984
[  320.515512] AAAAA-TCP_FORW: name:enp0s3: saddr:16783984: daddr:100932208
[  320.612564] AAAAA-TCP_FORW: name:enp0s3: saddr:100932208: daddr:16783984
[  320.654927] AAAAA-TCP_FORW: name:enp0s3: saddr:16783984: daddr:100932208
[  320.692336] AAAAA-TCP_FORW: name:enp0s3: saddr:100932208: daddr:16783984
[  320.923954] AAAAA-TCP_FORW: name:enp0s3: saddr:100932208: daddr:16783984
[  320.944963] AAAAA-TCP_FORW: name:enp0s3: saddr:16783984: daddr:100932208
[  321.088815] AAAAA-TCP_FORW: name:enp0s3: saddr:100932208: daddr:16783984
[  321.122119] AAAAA-TCP_FORW: name:enp0s3: saddr:16783984: daddr:100932208
[  321.198915] AAAAA-TCP_FORW: name:enp0s3: saddr:100932208: daddr:16783984
[  321.285755] AAAAA-TCP_FORW: name:enp0s3: saddr:16783984: daddr:100932208
[  321.396886] AAAAA-TCP_FORW: name:enp0s3: saddr:100932208: daddr:33561200
[  321.433985] AAAAA-TCP_FORW: name:enp0s3: saddr:16783984: daddr:100932208
[  321.575124] AAAAA-TCP_FORW: name:enp0s3: saddr:33561200: daddr:100932208
[  321.748578] AAAAA-TCP_FORW: name:enp0s3: saddr:100932208: daddr:33561200
[  321.856237] AAAAA-TCP_FORW: name:enp0s3: saddr:33561200: daddr:100932208
[  322.277813] AAAAA-TCP_FORW: name:enp0s3: saddr:100932208: daddr:33561200
[  322.282707] AAAAA-TCP_FORW: name:enp0s3: saddr:33561200: daddr:100932208
[  322.424091] AAAAA-TCP_FORW: name:enp0s3: saddr:100932208: daddr:33561200
[  322.441144] AAAAA-TCP_FORW: name:enp0s3: saddr:33561200: daddr:100932208
[  322.700082] AAAAA-TCP_FORW: name:enp0s3: saddr:100932208: daddr:16783984
[  322.710612] AAAAA-TCP_FORW: name:enp0s3: saddr:16783984: daddr:100932208
[  322.965620] AAAAA-TCP_FORW: name:enp0s3: saddr:100932208: daddr:16783984
[  322.977084] AAAAA-TCP_FORW: name:enp0s3: saddr:16783984: daddr:100932208
[  323.281091] AAAAA-TCP_FORW: name:enp0s3: saddr:100932208: daddr:16783984
[  323.292674] AAAAA-TCP_FORW: name:enp0s3: saddr:16783984: daddr:100932208
[  323.708016] AAAAA-TCP_FORW: name:enp0s3: saddr:100932208: daddr:16783984
[  323.715231] AAAAA-TCP_FORW: name:enp0s3: saddr:16783984: daddr:100932208
[  323.929725] AAAAA-TCP_FORW: name:enp0s3: saddr:100932208: daddr:16783984
[  323.940830] AAAAA-TCP_FORW: name:enp0s3: saddr:16783984: daddr:100932208
[  324.025411] AAAAA-TCP_FORW: name:enp0s3: saddr:100932208: daddr:16783984
[  324.096137] AAAAA-TCP_FORW: name:enp0s3: saddr:16783984: daddr:100932208
[  324.452913] AAAAA-TCP_FORW: name:enp0s3: saddr:100932208: daddr:33561200
[  324.532425] AAAAA-TCP_FORW: name:enp0s3: saddr:33561200: daddr:100932208
[  324.890521] AAAAA-TCP_FORW: name:enp0s3: saddr:100932208: daddr:33561200
[  324.951481] AAAAA-TCP_FORW: name:enp0s3: saddr:33561200: daddr:100932208
[  325.169834] AAAAA-TCP_FORW: name:enp0s3: saddr:100932208: daddr:16783984
[  325.178374] AAAAA-TCP_FORW: name:enp0s3: saddr:16783984: daddr:100932208
[  325.214747] AAAAA-TCP_FORW: name:enp0s3: saddr:100932208: daddr:16783984
[  325.271452] AAAAA-TCP_FORW: name:enp0s3: saddr:16783984: daddr:100932208
[  325.494585] AAAAA-TCP_FORW: name:enp0s3: saddr:100932208: daddr:16783984
[  325.505923] AAAAA-TCP_FORW: name:enp0s3: saddr:16783984: daddr:100932208
[  325.733252] AAAAA-TCP_FORW: name:enp0s3: saddr:100932208: daddr:16783984
[  325.759142] AAAAA-TCP_FORW: name:enp0s3: saddr:16783984: daddr:100932208
[  325.900948] AAAAA-TCP_FORW: name:enp0s3: saddr:100932208: daddr:16783984
[  325.911984] AAAAA-TCP_FORW: name:enp0s3: saddr:16783984: daddr:100932208
[  326.051637] AAAAA-TCP_FORW: name:enp0s3: saddr:100932208: daddr:16783984
[  326.090560] AAAAA-TCP_FORW: name:enp0s3: saddr:16783984: daddr:100932208
[  326.353591] AAAAA-TCP_FORW: name:enp0s3: saddr:100932208: daddr:33561200
[  326.363994] AAAAA-TCP_FORW: name:enp0s3: saddr:33561200: daddr:100932208
[  326.485109] AAAAA-TCP_FORW: name:enp0s3: saddr:100932208: daddr:33561200
[  326.503940] AAAAA-TCP_FORW: name:enp0s3: saddr:33561200: daddr:100932208
[  326.603897] AAAAA-TCP_FORW: name:enp0s3: saddr:100932208: daddr:16783984
[  326.669515] AAAAA-TCP_FORW: name:enp0s3: saddr:16783984: daddr:100932208
[  326.815405] AAAAA-TCP_FORW: name:enp0s3: saddr:100932208: daddr:16783984
[  326.821886] AAAAA-TCP_FORW: name:enp0s3: saddr:16783984: daddr:100932208
[  326.953648] AAAAA-TCP_FORW: name:enp0s3: saddr:100932208: daddr:16783984
[  326.962067] AAAAA-TCP_FORW: name:enp0s3: saddr:16783984: daddr:100932208
[  327.114901] AAAAA-TCP_FORW: name:enp0s3: saddr:100932208: daddr:16783984
[  327.122464] AAAAA-TCP_FORW: name:enp0s3: saddr:16783984: daddr:100932208
[  327.267450] AAAAA-TCP_FORW: name:enp0s3: saddr:100932208: daddr:16783984
[  327.278108] AAAAA-TCP_FORW: name:enp0s3: saddr:16783984: daddr:100932208
[  327.340693] AAAAA-TCP_FORW: name:enp0s3: saddr:100932208: daddr:16783984
[  327.361646] AAAAA-TCP_FORW: name:enp0s3: saddr:16783984: daddr:100932208
[  327.460761] AAAAA-TCP_FORW: name:enp0s3: saddr:100932208: daddr:33561200
[  327.477585] AAAAA-TCP_FORW: name:enp0s3: saddr:33561200: daddr:100932208
[  327.513499] AAAAA-TCP_FORW: name:enp0s3: saddr:100932208: daddr:33561200
[  327.564056] AAAAA-TCP_FORW: name:enp0s3: saddr:33561200: daddr:100932208
[  327.591385] AAAAA-TCP_FORW: name:enp0s3: saddr:100932208: daddr:16783984
[  327.616196] AAAAA-TCP_FORW: name:enp0s3: saddr:16783984: daddr:100932208
[  327.628937] AAAAA-TCP_FORW: name:enp0s3: saddr:100932208: daddr:16783984
[  327.698957] AAAAA-TCP_FORW: name:enp0s3: saddr:16783984: daddr:100932208
[  343.176285] AAAAA-TCP_FORW: name:enp0s3: saddr:100932208: daddr:16783984
[  343.274354] AAAAA-TCP_FORW: name:enp0s3: saddr:100932208: daddr:16783984
[  343.338725] AAAAA-TCP_FORW: name:enp0s3: saddr:100932208: daddr:16783984
[  343.498628] AAAAA-TCP_FORW: name:enp0s3: saddr:100932208: daddr:33561200
[  343.654813] AAAAA-TCP_FORW: name:enp0s3: saddr:100932208: daddr:33561200
[  343.911465] AAAAA-TCP_FORW: name:enp0s3: saddr:100932208: daddr:16783984
[  343.979620] AAAAA-TCP_FORW: name:enp0s3: saddr:100932208: daddr:16783984
[  344.127884] AAAAA-TCP_FORW: name:enp0s3: saddr:100932208: daddr:16783984
[  344.224166] AAAAA-TCP_FORW: name:enp0s3: saddr:100932208: daddr:16783984
[  344.347506] AAAAA-TCP_FORW: name:enp0s3: saddr:100932208: daddr:16783984
[  345.601505] AAAAA-TCP_FORW: name:enp0s3: saddr:100932208: daddr:33561200
[  346.775851] AAAAA-TCP_FORW: name:enp0s3: saddr:100932208: daddr:33561200
[  347.198652] AAAAA-TCP_FORW: name:enp0s3: saddr:33561200: daddr:100932208
[  347.298688] AAAAA-TCP_FORW: name:enp0s3: saddr:100932208: daddr:16783984
[  348.230415] AAAAA-TCP_FORW: name:enp0s3: saddr:100932208: daddr:16783984
[  348.309321] AAAAA-TCP_FORW: name:enp0s3: saddr:100932208: daddr:16783984
[  348.419319] AAAAA-TCP_FORW: name:enp0s3: saddr:33561200: daddr:100932208
[  348.648012] AAAAA-TCP_FORW: name:enp0s3: saddr:100932208: daddr:16783984
[  348.835995] AAAAA-TCP_FORW: name:enp0s3: saddr:100932208: daddr:16783984
[  349.001765] AAAAA-TCP_FORW: name:enp0s3: saddr:16783984: daddr:100932208
[  349.016363] AAAAA-TCP_FORW: name:enp0s3: saddr:100932208: daddr:16783984
[  349.296855] AAAAA-TCP_FORW: name:enp0s3: saddr:100932208: daddr:16783984
[  349.318543] AAAAA-TCP_FORW: name:enp0s3: saddr:100932208: daddr:16783984
[  349.956785] AAAAA-TCP_FORW: name:enp0s3: saddr:16783984: daddr:100932208
[  350.267129] AAAAA-TCP_FORW: name:enp0s3: saddr:16783984: daddr:100932208
[  350.678186] AAAAA-TCP_FORW: name:enp0s3: saddr:16783984: daddr:100932208
[  350.762544] AAAAA-TCP_FORW: name:enp0s3: saddr:16783984: daddr:100932208
[  350.904262] AAAAA-TCP_FORW: name:enp0s3: saddr:16783984: daddr:100932208
[  351.108902] AAAAA-TCP_FORW: name:enp0s3: saddr:16783984: daddr:100932208
[  351.354642] AAAAA-TCP_FORW: name:enp0s3: saddr:16783984: daddr:100932208
[  353.177420] AAAAA-TCP_FORW: name:enp0s3: saddr:100932208: daddr:33561200
[  353.541066] AAAAA-TCP_FORW: name:enp0s3: saddr:33561200: daddr:100932208
[  354.206245] AAAAA-TCP_FORW: name:enp0s3: saddr:100932208: daddr:16783984
[  354.257466] AAAAA-TCP_FORW: name:enp0s3: saddr:16783984: daddr:100932208
[  355.231737] AAAAA-TCP_FORW: name:enp0s3: saddr:100932208: daddr:33561200
[  355.273142] AAAAA-TCP_FORW: name:enp0s3: saddr:33561200: daddr:100932208
[  356.062314] AAAAA-TCP_FORW: name:enp0s3: saddr:100932208: daddr:33561200
[  356.068896] AAAAA-TCP_FORW: name:enp0s3: saddr:33561200: daddr:100932208
[  356.151684] AAAAA-TCP_FORW: name:enp0s3: saddr:100932208: daddr:16783984
[  356.231234] AAAAA-TCP_FORW: name:enp0s3: saddr:100932208: daddr:16783984
[  356.324939] AAAAA-TCP_FORW: name:enp0s3: saddr:16783984: daddr:100932208
[  356.392908] AAAAA-TCP_FORW: name:enp0s3: saddr:16783984: daddr:100932208
[  356.765430] AAAAA-TCP_FORW: name:enp0s3: saddr:100932208: daddr:16783984
[  356.774866] AAAAA-TCP_FORW: name:enp0s3: saddr:16783984: daddr:100932208
[  356.947076] AAAAA-TCP_FORW: name:enp0s3: saddr:100932208: daddr:16783984
[  356.956468] AAAAA-TCP_FORW: name:enp0s3: saddr:16783984: daddr:100932208
[  357.009194] AAAAA-TCP_FORW: name:enp0s3: saddr:100932208: daddr:16783984
[  357.124272] AAAAA-TCP_FORW: name:enp0s3: saddr:16783984: daddr:100932208
[  357.206943] AAAAA-TCP_FORW: name:enp0s3: saddr:100932208: daddr:16783984
[  357.344020] AAAAA-TCP_FORW: name:enp0s3: saddr:16783984: daddr:100932208
[  357.376466] AAAAA-TCP_FORW: name:enp0s3: saddr:100932208: daddr:16783984
[  357.478398] AAAAA-TCP_FORW: name:enp0s3: saddr:16783984: daddr:100932208
[  357.553087] AAAAA-TCP_FORW: name:enp0s3: saddr:100932208: daddr:16783984
[  357.575257] AAAAA-TCP_FORW: name:enp0s3: saddr:16783984: daddr:100932208
[  358.357441] AAAAA-TCP_FORW: name:enp0s3: saddr:100932208: daddr:33561200
[  358.369962] AAAAA-TCP_FORW: name:enp0s3: saddr:33561200: daddr:100932208
[  358.432222] AAAAA-TCP_FORW: name:enp0s3: saddr:100932208: daddr:33561200
[  358.575854] AAAAA-TCP_FORW: name:enp0s3: saddr:33561200: daddr:100932208
[  358.807759] AAAAA-TCP_FORW: name:enp0s3: saddr:100932208: daddr:16783984
[  358.817703] AAAAA-TCP_FORW: name:enp0s3: saddr:16783984: daddr:100932208
[  358.998604] AAAAA-TCP_FORW: name:enp0s3: saddr:100932208: daddr:16783984
[  359.009390] AAAAA-TCP_FORW: name:enp0s3: saddr:16783984: daddr:100932208
[  359.314743] AAAAA-TCP_FORW: name:enp0s3: saddr:100932208: daddr:16783984
[  359.323260] AAAAA-TCP_FORW: name:enp0s3: saddr:16783984: daddr:100932208
[  359.494132] AAAAA-TCP_FORW: name:enp0s3: saddr:100932208: daddr:16783984
[  359.501423] AAAAA-TCP_FORW: name:enp0s3: saddr:16783984: daddr:100932208
[  359.562428] AAAAA-TCP_FORW: name:enp0s3: saddr:100932208: daddr:16783984
[  359.659643] AAAAA-TCP_FORW: name:enp0s3: saddr:16783984: daddr:100932208
[  360.010298] AAAAA-TCP_FORW: name:enp0s3: saddr:100932208: daddr:16783984
[  360.017747] AAAAA-TCP_FORW: name:enp0s3: saddr:16783984: daddr:100932208
[  360.158963] AAAAA-TCP_FORW: name:enp0s3: saddr:100932208: daddr:16783984
[  360.227319] AAAAA-TCP_FORW: name:enp0s3: saddr:16783984: daddr:100932208
[  360.326631] AAAAA-TCP_FORW: name:enp0s3: saddr:100932208: daddr:16783984
[  360.335673] AAAAA-TCP_FORW: name:enp0s3: saddr:16783984: daddr:100932208
[  360.781434] AAAAA-TCP_FORW: name:enp0s3: saddr:100932208: daddr:33561200
[  360.789927] AAAAA-TCP_FORW: name:enp0s3: saddr:33561200: daddr:100932208
[  361.072955] AAAAA-TCP_FORW: name:enp0s3: saddr:100932208: daddr:33561200
[  361.079162] AAAAA-TCP_FORW: name:enp0s3: saddr:33561200: daddr:100932208
[  361.193450] AAAAA-TCP_FORW: name:enp0s3: saddr:100932208: daddr:16783984
[  361.208052] AAAAA-TCP_FORW: name:enp0s3: saddr:16783984: daddr:100932208
[  361.343685] AAAAA-TCP_FORW: name:enp0s3: saddr:100932208: daddr:16783984
[  361.360179] AAAAA-TCP_FORW: name:enp0s3: saddr:16783984: daddr:100932208
[  361.520897] AAAAA-TCP_FORW: name:enp0s3: saddr:100932208: daddr:16783984
[  361.539260] AAAAA-TCP_FORW: name:enp0s3: saddr:16783984: daddr:100932208
[  361.683090] AAAAA-TCP_FORW: name:enp0s3: saddr:100932208: daddr:16783984
[  361.694757] AAAAA-TCP_FORW: name:enp0s3: saddr:16783984: daddr:100932208
[  361.889547] AAAAA-TCP_FORW: name:enp0s3: saddr:100932208: daddr:16783984
[  361.897514] AAAAA-TCP_FORW: name:enp0s3: saddr:16783984: daddr:100932208
[  362.120671] AAAAA-TCP_FORW: name:enp0s3: saddr:100932208: daddr:16783984
[  362.132122] AAAAA-TCP_FORW: name:enp0s3: saddr:16783984: daddr:100932208
[  362.332795] AAAAA-TCP_FORW: name:enp0s3: saddr:100932208: daddr:16783984
[  362.340349] AAAAA-TCP_FORW: name:enp0s3: saddr:16783984: daddr:100932208
[  362.438119] AAAAA-TCP_FORW: name:enp0s3: saddr:100932208: daddr:16783984
[  362.450584] AAAAA-TCP_FORW: name:enp0s3: saddr:16783984: daddr:100932208
[  362.794828] AAAAA-TCP_FORW: name:enp0s3: saddr:100932208: daddr:33561200
[  362.802973] AAAAA-TCP_FORW: name:enp0s3: saddr:33561200: daddr:100932208
[  363.002467] AAAAA-TCP_FORW: name:enp0s3: saddr:100932208: daddr:33561200
[  363.014223] AAAAA-TCP_FORW: name:enp0s3: saddr:33561200: daddr:100932208
[  363.159150] AAAAA-TCP_FORW: name:enp0s3: saddr:100932208: daddr:16783984
[  363.167579] AAAAA-TCP_FORW: name:enp0s3: saddr:16783984: daddr:100932208
[  363.429917] AAAAA-TCP_FORW: name:enp0s3: saddr:100932208: daddr:16783984
[  363.439306] AAAAA-TCP_FORW: name:enp0s3: saddr:16783984: daddr:100932208
[  363.644212] AAAAA-TCP_FORW: name:enp0s3: saddr:100932208: daddr:16783984
[  363.656963] AAAAA-TCP_FORW: name:enp0s3: saddr:16783984: daddr:100932208
[  363.866221] AAAAA-TCP_FORW: name:enp0s3: saddr:100932208: daddr:16783984
[  363.888651] AAAAA-TCP_FORW: name:enp0s3: saddr:16783984: daddr:100932208
[  364.066988] AAAAA-TCP_FORW: name:enp0s3: saddr:100932208: daddr:16783984
[  364.072684] AAAAA-TCP_FORW: name:enp0s3: saddr:16783984: daddr:100932208
[  364.109847] AAAAA-TCP_FORW: name:enp0s3: saddr:100932208: daddr:33561200
[  364.207530] AAAAA-TCP_FORW: name:enp0s3: saddr:100932208: daddr:33561200
[  364.223528] AAAAA-TCP_FORW: name:enp0s3: saddr:33561200: daddr:100932208
[  364.282202] AAAAA-TCP_FORW: name:enp0s3: saddr:33561200: daddr:100932208
[  364.303941] AAAAA-TCP_FORW: name:enp0s3: saddr:100932208: daddr:16783984
[  364.567620] AAAAA-TCP_FORW: name:enp0s3: saddr:16783984: daddr:100932208
[  364.616192] AAAAA-TCP_FORW: name:enp0s3: saddr:100932208: daddr:16783984
[  364.697039] AAAAA-TCP_FORW: name:enp0s3: saddr:100932208: daddr:16783984
[  364.775297] AAAAA-TCP_FORW: name:enp0s3: saddr:100932208: daddr:16783984
[  364.820819] AAAAA-TCP_FORW: name:enp0s3: saddr:16783984: daddr:100932208
[  364.908762] AAAAA-TCP_FORW: name:enp0s3: saddr:16783984: daddr:100932208
[  364.921114] AAAAA-TCP_FORW: name:enp0s3: saddr:100932208: daddr:16783984
[  364.948369] AAAAA-TCP_FORW: name:enp0s3: saddr:16783984: daddr:100932208
[  365.077286] AAAAA-TCP_FORW: name:enp0s3: saddr:100932208: daddr:33561200
[  365.106710] AAAAA-TCP_FORW: name:enp0s3: saddr:100932208: daddr:33561200
[  365.143404] AAAAA-TCP_FORW: name:enp0s3: saddr:100932208: daddr:16783984
[  365.179200] AAAAA-TCP_FORW: name:enp0s3: saddr:16783984: daddr:100932208
[  365.259603] AAAAA-TCP_FORW: name:enp0s3: saddr:33561200: daddr:100932208
[  365.273836] AAAAA-TCP_FORW: name:enp0s3: saddr:100932208: daddr:16783984
[  365.312052] AAAAA-TCP_FORW: name:enp0s3: saddr:33561200: daddr:100932208
[  365.335407] AAAAA-TCP_FORW: name:enp0s3: saddr:16783984: daddr:100932208
[  365.408848] AAAAA-TCP_FORW: name:enp0s3: saddr:100932208: daddr:16783984
[  365.429218] AAAAA-TCP_FORW: name:enp0s3: saddr:16783984: daddr:100932208
[  365.456720] AAAAA-TCP_FORW: name:enp0s3: saddr:100932208: daddr:16783984
[  365.580260] AAAAA-TCP_FORW: name:enp0s3: saddr:16783984: daddr:100932208
[  365.602512] AAAAA-TCP_FORW: name:enp0s3: saddr:100932208: daddr:16783984
[  365.659698] AAAAA-TCP_FORW: name:enp0s3: saddr:100932208: daddr:16783984
[  365.678708] AAAAA-TCP_FORW: name:enp0s3: saddr:16783984: daddr:100932208
[  365.740148] AAAAA-TCP_FORW: name:enp0s3: saddr:100932208: daddr:33561200
[  365.822300] AAAAA-TCP_FORW: name:enp0s3: saddr:16783984: daddr:100932208
[  365.850998] AAAAA-TCP_FORW: name:enp0s3: saddr:100932208: daddr:33561200
[  365.866706] AAAAA-TCP_FORW: name:enp0s3: saddr:16783984: daddr:100932208
[  365.892223] AAAAA-TCP_FORW: name:enp0s3: saddr:100932208: daddr:16783984
[  365.950684] AAAAA-TCP_FORW: name:enp0s3: saddr:33561200: daddr:100932208
[  365.958394] AAAAA-TCP_FORW: name:enp0s3: saddr:100932208: daddr:16783984
[  366.023511] AAAAA-TCP_FORW: name:enp0s3: saddr:33561200: daddr:100932208
[  366.066779] AAAAA-TCP_FORW: name:enp0s3: saddr:100932208: daddr:16783984
[  366.087720] AAAAA-TCP_FORW: name:enp0s3: saddr:16783984: daddr:100932208
[  366.129566] AAAAA-TCP_FORW: name:enp0s3: saddr:100932208: daddr:16783984
[  366.188221] AAAAA-TCP_FORW: name:enp0s3: saddr:16783984: daddr:100932208
[  366.222075] AAAAA-TCP_FORW: name:enp0s3: saddr:100932208: daddr:16783984
[  366.258103] AAAAA-TCP_FORW: name:enp0s3: saddr:16783984: daddr:100932208
[  366.316458] AAAAA-TCP_FORW: name:enp0s3: saddr:100932208: daddr:16783984
[  366.357986] AAAAA-TCP_FORW: name:enp0s3: saddr:16783984: daddr:100932208
[  366.390769] AAAAA-TCP_FORW: name:enp0s3: saddr:100932208: daddr:33561200
[  366.416510] AAAAA-TCP_FORW: name:enp0s3: saddr:16783984: daddr:100932208
[  366.479141] AAAAA-TCP_FORW: name:enp0s3: saddr:100932208: daddr:33561200
[  366.520264] AAAAA-TCP_FORW: name:enp0s3: saddr:16783984: daddr:100932208
[  366.573983] AAAAA-TCP_FORW: name:enp0s3: saddr:100932208: daddr:16783984
[  366.610589] AAAAA-TCP_FORW: name:enp0s3: saddr:33561200: daddr:100932208
[  366.646821] AAAAA-TCP_FORW: name:enp0s3: saddr:100932208: daddr:16783984
[  366.689729] AAAAA-TCP_FORW: name:enp0s3: saddr:33561200: daddr:100932208
[  366.711828] AAAAA-TCP_FORW: name:enp0s3: saddr:100932208: daddr:16783984
[  366.779315] AAAAA-TCP_FORW: name:enp0s3: saddr:16783984: daddr:100932208
[  366.793149] AAAAA-TCP_FORW: name:enp0s3: saddr:100932208: daddr:16783984
[  366.855168] AAAAA-TCP_FORW: name:enp0s3: saddr:16783984: daddr:100932208
[  366.887149] AAAAA-TCP_FORW: name:enp0s3: saddr:100932208: daddr:16783984
[  366.954282] AAAAA-TCP_FORW: name:enp0s3: saddr:16783984: daddr:100932208
[  366.960144] AAAAA-TCP_FORW: name:enp0s3: saddr:100932208: daddr:16783984
[  367.005085] AAAAA-TCP_FORW: name:enp0s3: saddr:100932208: daddr:16783984
[  367.074002] AAAAA-TCP_FORW: name:enp0s3: saddr:16783984: daddr:100932208
[  367.090966] AAAAA-TCP_FORW: name:enp0s3: saddr:100932208: daddr:33561200
[  367.150298] AAAAA-TCP_FORW: name:enp0s3: saddr:16783984: daddr:100932208
[  367.167295] AAAAA-TCP_FORW: name:enp0s3: saddr:100932208: daddr:33561200
[  367.209118] AAAAA-TCP_FORW: name:enp0s3: saddr:16783984: daddr:100932208
[  367.264723] AAAAA-TCP_FORW: name:enp0s3: saddr:100932208: daddr:16783984
[  367.277699] AAAAA-TCP_FORW: name:enp0s3: saddr:16783984: daddr:100932208
[  367.333935] AAAAA-TCP_FORW: name:enp0s3: saddr:33561200: daddr:100932208
[  367.349061] AAAAA-TCP_FORW: name:enp0s3: saddr:100932208: daddr:16783984
[  367.389448] AAAAA-TCP_FORW: name:enp0s3: saddr:100932208: daddr:16783984
[  367.410530] AAAAA-TCP_FORW: name:enp0s3: saddr:33561200: daddr:100932208
[  367.486464] AAAAA-TCP_FORW: name:enp0s3: saddr:16783984: daddr:100932208
[  367.574626] AAAAA-TCP_FORW: name:enp0s3: saddr:100932208: daddr:16783984
[  367.620539] AAAAA-TCP_FORW: name:enp0s3: saddr:100932208: daddr:16783984
[  367.635680] AAAAA-TCP_FORW: name:enp0s3: saddr:16783984: daddr:100932208
[  367.675898] AAAAA-TCP_FORW: name:enp0s3: saddr:16783984: daddr:100932208
[  367.710490] AAAAA-TCP_FORW: name:enp0s3: saddr:100932208: daddr:16783984
[  367.788763] AAAAA-TCP_FORW: name:enp0s3: saddr:100932208: daddr:16783984
[  367.811624] AAAAA-TCP_FORW: name:enp0s3: saddr:16783984: daddr:100932208
[  367.868896] AAAAA-TCP_FORW: name:enp0s3: saddr:16783984: daddr:100932208
[  367.890146] AAAAA-TCP_FORW: name:enp0s3: saddr:100932208: daddr:33561200
[  367.944616] AAAAA-TCP_FORW: name:enp0s3: saddr:100932208: daddr:33561200
[  367.993828] AAAAA-TCP_FORW: name:enp0s3: saddr:16783984: daddr:100932208
[  368.009024] AAAAA-TCP_FORW: name:enp0s3: saddr:100932208: daddr:33561200
[  368.069844] AAAAA-TCP_FORW: name:enp0s3: saddr:16783984: daddr:100932208
[  368.077902] AAAAA-TCP_FORW: name:enp0s3: saddr:100932208: daddr:16783984
[  368.187031] AAAAA-TCP_FORW: name:enp0s3: saddr:33561200: daddr:100932208
[  368.194872] AAAAA-TCP_FORW: name:enp0s3: saddr:100932208: daddr:16783984
[  368.250271] AAAAA-TCP_FORW: name:enp0s3: saddr:100932208: daddr:16783984
[  368.276974] AAAAA-TCP_FORW: name:enp0s3: saddr:33561200: daddr:100932208
[  368.334953] AAAAA-TCP_FORW: name:enp0s3: saddr:33561200: daddr:100932208
[  368.350457] AAAAA-TCP_FORW: name:enp0s3: saddr:100932208: daddr:16783984
[  368.439190] AAAAA-TCP_FORW: name:enp0s3: saddr:16783984: daddr:100932208
[  368.472464] AAAAA-TCP_FORW: name:enp0s3: saddr:100932208: daddr:16783984
[  368.497580] AAAAA-TCP_FORW: name:enp0s3: saddr:16783984: daddr:100932208
[  368.520917] AAAAA-TCP_FORW: name:enp0s3: saddr:100932208: daddr:16783984
[  368.546191] AAAAA-TCP_FORW: name:enp0s3: saddr:16783984: daddr:100932208
[  368.625092] AAAAA-TCP_FORW: name:enp0s3: saddr:100932208: daddr:16783984
[  368.684916] AAAAA-TCP_FORW: name:enp0s3: saddr:100932208: daddr:16783984
[  368.707813] AAAAA-TCP_FORW: name:enp0s3: saddr:16783984: daddr:100932208
[  368.797096] AAAAA-TCP_FORW: name:enp0s3: saddr:100932208: daddr:33561200
[  368.815499] AAAAA-TCP_FORW: name:enp0s3: saddr:16783984: daddr:100932208
[  368.859713] AAAAA-TCP_FORW: name:enp0s3: saddr:100932208: daddr:33561200
[  368.908717] AAAAA-TCP_FORW: name:enp0s3: saddr:16783984: daddr:100932208
[  368.952039] AAAAA-TCP_FORW: name:enp0s3: saddr:100932208: daddr:33561200
[  368.984441] AAAAA-TCP_FORW: name:enp0s3: saddr:16783984: daddr:100932208
[  369.029823] AAAAA-TCP_FORW: name:enp0s3: saddr:16783984: daddr:100932208
[  369.049292] AAAAA-TCP_FORW: name:enp0s3: saddr:100932208: daddr:16783984
[  369.085041] AAAAA-TCP_FORW: name:enp0s3: saddr:33561200: daddr:100932208
[  369.133730] AAAAA-TCP_FORW: name:enp0s3: saddr:100932208: daddr:16783984
[  369.163431] AAAAA-TCP_FORW: name:enp0s3: saddr:33561200: daddr:100932208
[  369.222886] AAAAA-TCP_FORW: name:enp0s3: saddr:100932208: daddr:16783984
[  369.246070] AAAAA-TCP_FORW: name:enp0s3: saddr:33561200: daddr:100932208
[  369.314868] AAAAA-TCP_FORW: name:enp0s3: saddr:100932208: daddr:16783984
[  369.372675] AAAAA-TCP_FORW: name:enp0s3: saddr:100932208: daddr:16783984
[  369.389597] AAAAA-TCP_FORW: name:enp0s3: saddr:16783984: daddr:100932208
[  369.453657] AAAAA-TCP_FORW: name:enp0s3: saddr:16783984: daddr:100932208
[  369.524473] AAAAA-TCP_FORW: name:enp0s3: saddr:100932208: daddr:16783984
[  369.541656] AAAAA-TCP_FORW: name:enp0s3: saddr:16783984: daddr:100932208
[  369.607772] AAAAA-TCP_FORW: name:enp0s3: saddr:100932208: daddr:16783984
[  369.624699] AAAAA-TCP_FORW: name:enp0s3: saddr:16783984: daddr:100932208
[  369.647154] AAAAA-TCP_FORW: name:enp0s3: saddr:100932208: daddr:16783984
[  369.673505] AAAAA-TCP_FORW: name:enp0s3: saddr:16783984: daddr:100932208
[  369.713576] AAAAA-TCP_FORW: name:enp0s3: saddr:100932208: daddr:16783984
[  369.750102] AAAAA-TCP_FORW: name:enp0s3: saddr:16783984: daddr:100932208
[  369.790509] AAAAA-TCP_FORW: name:enp0s3: saddr:100932208: daddr:33561200
[  369.835030] AAAAA-TCP_FORW: name:enp0s3: saddr:16783984: daddr:100932208
[  369.912708] AAAAA-TCP_FORW: name:enp0s3: saddr:16783984: daddr:100932208
[  369.999056] AAAAA-TCP_FORW: name:enp0s3: saddr:16783984: daddr:100932208
[  370.019825] AAAAA-TCP_FORW: name:enp0s3: saddr:100932208: daddr:33561200
[  370.068107] AAAAA-TCP_FORW: name:enp0s3: saddr:33561200: daddr:100932208
[  370.188938] AAAAA-TCP_FORW: name:enp0s3: saddr:100932208: daddr:33561200
[  370.245912] AAAAA-TCP_FORW: name:enp0s3: saddr:33561200: daddr:100932208
[  370.248448] AAAAA-TCP_FORW: name:enp0s3: saddr:100932208: daddr:16783984
[  370.323019] AAAAA-TCP_FORW: name:enp0s3: saddr:100932208: daddr:16783984
[  370.365981] AAAAA-TCP_FORW: name:enp0s3: saddr:33561200: daddr:100932208
[  370.412101] AAAAA-TCP_FORW: name:enp0s3: saddr:100932208: daddr:16783984
[  370.452349] AAAAA-TCP_FORW: name:enp0s3: saddr:100932208: daddr:16783984
[  370.467793] AAAAA-TCP_FORW: name:enp0s3: saddr:16783984: daddr:100932208
[  370.522123] AAAAA-TCP_FORW: name:enp0s3: saddr:16783984: daddr:100932208
[  370.612071] AAAAA-TCP_FORW: name:enp0s3: saddr:16783984: daddr:100932208
[  370.632751] AAAAA-TCP_FORW: name:enp0s3: saddr:100932208: daddr:16783984
[  370.659335] AAAAA-TCP_FORW: name:enp0s3: saddr:16783984: daddr:100932208
[  370.750877] AAAAA-TCP_FORW: name:enp0s3: saddr:100932208: daddr:16783984
[  370.784431] AAAAA-TCP_FORW: name:enp0s3: saddr:16783984: daddr:100932208
[  370.848143] AAAAA-TCP_FORW: name:enp0s3: saddr:100932208: daddr:16783984
[  370.868007] AAAAA-TCP_FORW: name:enp0s3: saddr:100932208: daddr:16783984
[  370.882979] AAAAA-TCP_FORW: name:enp0s3: saddr:16783984: daddr:100932208
[  370.950286] AAAAA-TCP_FORW: name:enp0s3: saddr:100932208: daddr:16783984
[  370.993822] AAAAA-TCP_FORW: name:enp0s3: saddr:16783984: daddr:100932208
[  371.045300] AAAAA-TCP_FORW: name:enp0s3: saddr:100932208: daddr:33561200
[  371.055641] AAAAA-TCP_FORW: name:enp0s3: saddr:16783984: daddr:100932208
[  371.165275] AAAAA-TCP_FORW: name:enp0s3: saddr:16783984: daddr:100932208
[  371.198464] AAAAA-TCP_FORW: name:enp0s3: saddr:100932208: daddr:33561200
[  371.252905] AAAAA-TCP_FORW: name:enp0s3: saddr:33561200: daddr:100932208
[  371.280196] AAAAA-TCP_FORW: name:enp0s3: saddr:100932208: daddr:33561200
[  371.351616] AAAAA-TCP_FORW: name:enp0s3: saddr:33561200: daddr:100932208
[  371.384200] AAAAA-TCP_FORW: name:enp0s3: saddr:100932208: daddr:16783984
[  371.415815] AAAAA-TCP_FORW: name:enp0s3: saddr:100932208: daddr:16783984
[  371.432556] AAAAA-TCP_FORW: name:enp0s3: saddr:33561200: daddr:100932208
[  371.477789] AAAAA-TCP_FORW: name:enp0s3: saddr:100932208: daddr:16783984
[  371.534862] AAAAA-TCP_FORW: name:enp0s3: saddr:16783984: daddr:100932208
[  371.585942] AAAAA-TCP_FORW: name:enp0s3: saddr:16783984: daddr:100932208
[  371.591781] AAAAA-TCP_FORW: name:enp0s3: saddr:100932208: daddr:16783984
[  371.660167] AAAAA-TCP_FORW: name:enp0s3: saddr:16783984: daddr:100932208
[  371.728861] AAAAA-TCP_FORW: name:enp0s3: saddr:100932208: daddr:16783984
[  371.771925] AAAAA-TCP_FORW: name:enp0s3: saddr:100932208: daddr:16783984
[  371.805921] AAAAA-TCP_FORW: name:enp0s3: saddr:16783984: daddr:100932208
[  371.903886] AAAAA-TCP_FORW: name:enp0s3: saddr:100932208: daddr:16783984
[  371.920368] AAAAA-TCP_FORW: name:enp0s3: saddr:16783984: daddr:100932208
[  372.009107] AAAAA-TCP_FORW: name:enp0s3: saddr:16783984: daddr:100932208
[  372.144901] AAAAA-TCP_FORW: name:enp0s3: saddr:100932208: daddr:16783984
[  372.173353] AAAAA-TCP_FORW: name:enp0s3: saddr:16783984: daddr:100932208
[  372.242878] AAAAA-TCP_FORW: name:enp0s3: saddr:100932208: daddr:16783984
[  372.332638] AAAAA-TCP_FORW: name:enp0s3: saddr:16783984: daddr:100932208
[  372.370104] AAAAA-TCP_FORW: name:enp0s3: saddr:100932208: daddr:16783984
[  372.403118] AAAAA-TCP_FORW: name:enp0s3: saddr:16783984: daddr:100932208
[  372.485465] AAAAA-TCP_FORW: name:enp0s3: saddr:16783984: daddr:100932208
[  372.519085] AAAAA-TCP_FORW: name:enp0s3: saddr:100932208: daddr:33561200
[  372.595797] AAAAA-TCP_FORW: name:enp0s3: saddr:33561200: daddr:100932208
[  372.610852] AAAAA-TCP_FORW: name:enp0s3: saddr:100932208: daddr:33561200
