[    0.000000] Linux version 5.4.243-mptcp (root@ztg) (gcc version 12.2.0 (Debian 12.2.0-14+deb12u1)) #53 SMP Wed Dec 24 23:28:15 CST 2025
[    0.000000] Command line: BOOT_IMAGE=/boot/vmlinuz-5.4.243-mptcp root=UUID=98415a12-53b7-4144-8265-0f7ece09e445 ro quiet splash
[    0.000000] KERNEL supported cpus:
[    0.000000]   Intel GenuineIntel
[    0.000000]   AMD AuthenticAMD
[    0.000000]   Hygon HygonGenuine
[    0.000000]   Centaur CentaurHauls
[    0.000000]   zhaoxin   Shanghai  
[    0.000000] x86/fpu: Supporting XSAVE feature 0x001: 'x87 floating point registers'
[    0.000000] x86/fpu: Supporting XSAVE feature 0x002: 'SSE registers'
[    0.000000] x86/fpu: Supporting XSAVE feature 0x004: 'AVX registers'
[    0.000000] x86/fpu: xstate_offset[2]:  576, xstate_sizes[2]:  256
[    0.000000] x86/fpu: Enabled xstate features 0x7, context size is 832 bytes, using 'standard' format.
[    0.000000] BIOS-provided physical RAM map:
[    0.000000] BIOS-e820: [mem 0x0000000000000000-0x000000000009fbff] usable
[    0.000000] BIOS-e820: [mem 0x000000000009fc00-0x000000000009ffff] reserved
[    0.000000] BIOS-e820: [mem 0x00000000000f0000-0x00000000000fffff] reserved
[    0.000000] BIOS-e820: [mem 0x0000000000100000-0x000000007ffeffff] usable
[    0.000000] BIOS-e820: [mem 0x000000007fff0000-0x000000007fffffff] ACPI data
[    0.000000] BIOS-e820: [mem 0x00000000fec00000-0x00000000fec00fff] reserved
[    0.000000] BIOS-e820: [mem 0x00000000fee00000-0x00000000fee00fff] reserved
[    0.000000] BIOS-e820: [mem 0x00000000fffc0000-0x00000000ffffffff] reserved
[    0.000000] NX (Execute Disable) protection: active
[    0.000000] SMBIOS 2.5 present.
[    0.000000] DMI: innotek GmbH VirtualBox/VirtualBox, BIOS VirtualBox 12/01/2006
[    0.000000] Hypervisor detected: KVM
[    0.000000] kvm-clock: Using msrs 4b564d01 and 4b564d00
[    0.000000] kvm-clock: cpu 0, msr 5d001001, primary cpu clock
[    0.000000] kvm-clock: using sched offset of 4424805054 cycles
[    0.000003] clocksource: kvm-clock: mask: 0xffffffffffffffff max_cycles: 0x1cd42e4dffb, max_idle_ns: 881590591483 ns
[    0.000005] tsc: Detected 2100.000 MHz processor
[    0.001882] e820: update [mem 0x00000000-0x00000fff] usable ==> reserved
[    0.001884] e820: remove [mem 0x000a0000-0x000fffff] usable
[    0.001889] last_pfn = 0x7fff0 max_arch_pfn = 0x400000000
[    0.001957] MTRR default type: uncachable
[    0.001958] MTRR fixed ranges enabled:
[    0.001959]   00000-9FFFF write-back
[    0.001960]   A0000-BFFFF uncachable
[    0.001960]   C0000-FFFFF write-protect
[    0.001961] MTRR variable ranges enabled:
[    0.001963]   0 base 000000000000 mask 3FFF80000000 write-back
[    0.001963]   1 disabled
[    0.001964]   2 disabled
[    0.001964]   3 disabled
[    0.001965]   4 disabled
[    0.001965]   5 disabled
[    0.001965]   6 disabled
[    0.001966]   7 disabled
[    0.001966]   8 disabled
[    0.001967]   9 disabled
[    0.001967]   10 disabled
[    0.001968]   11 disabled
[    0.001968]   12 disabled
[    0.001969]   13 disabled
[    0.001969]   14 disabled
[    0.001969]   15 disabled
[    0.001986] x86/PAT: Configuration [0-7]: WB  WC  UC- UC  WB  WP  UC- WT  
[    0.002119] found SMP MP-table at [mem 0x0009fff0-0x0009ffff]
[    0.092447] check: Scanning 1 areas for low memory corruption
[    0.092651] RAMDISK: [mem 0x32271000-0x3512ffff]
[    0.092659] ACPI: Early table checksum verification disabled
[    0.092664] ACPI: RSDP 0x00000000000E0000 000024 (v02 VBOX  )
[    0.092669] ACPI: XSDT 0x000000007FFF0030 00003C (v01 VBOX   VBOXXSDT 00000001 ASL  00000061)
[    0.092675] ACPI: FACP 0x000000007FFF00F0 0000F4 (v04 VBOX   VBOXFACP 00000001 ASL  00000061)
[    0.092682] ACPI: DSDT 0x000000007FFF02E0 002353 (v02 VBOX   VBOXBIOS 00000002 VBOX 00029BF3)
[    0.092686] ACPI: FACS 0x000000007FFF0200 000040
[    0.092689] ACPI: FACS 0x000000007FFF0200 000040
[    0.092692] ACPI: APIC 0x000000007FFF0240 000054 (v02 VBOX   VBOXAPIC 00000001 ASL  00000061)
[    0.092696] ACPI: SSDT 0x000000007FFF02A0 000038 (v01 VBOX   VBOXCPUT 00000002 VBOX 00029BF3)
[    0.092699] ACPI: Reserving FACP table memory at [mem 0x7fff00f0-0x7fff01e3]
[    0.092700] ACPI: Reserving DSDT table memory at [mem 0x7fff02e0-0x7fff2632]
[    0.092701] ACPI: Reserving FACS table memory at [mem 0x7fff0200-0x7fff023f]
[    0.092701] ACPI: Reserving FACS table memory at [mem 0x7fff0200-0x7fff023f]
[    0.092702] ACPI: Reserving APIC table memory at [mem 0x7fff0240-0x7fff0293]
[    0.092703] ACPI: Reserving SSDT table memory at [mem 0x7fff02a0-0x7fff02d7]
[    0.092717] ACPI: Local APIC address 0xfee00000
[    0.092902] No NUMA configuration found
[    0.092903] Faking a node at [mem 0x0000000000000000-0x000000007ffeffff]
[    0.092913] NODE_DATA(0) allocated [mem 0x7ffc5000-0x7ffeffff]
[    0.093186] Zone ranges:
[    0.093187]   DMA      [mem 0x0000000000001000-0x0000000000ffffff]
[    0.093188]   DMA32    [mem 0x0000000001000000-0x000000007ffeffff]
[    0.093189]   Normal   empty
[    0.093189]   Device   empty
[    0.093190] Movable zone start for each node
[    0.093192] Early memory node ranges
[    0.093193]   node   0: [mem 0x0000000000001000-0x000000000009efff]
[    0.093193]   node   0: [mem 0x0000000000100000-0x000000007ffeffff]
[    0.093196] Zeroed struct page in unavailable ranges: 114 pages
[    0.093197] Initmem setup node 0 [mem 0x0000000000001000-0x000000007ffeffff]
[    0.093198] On node 0 totalpages: 524174
[    0.093200]   DMA zone: 64 pages used for memmap
[    0.093200]   DMA zone: 21 pages reserved
[    0.093201]   DMA zone: 3998 pages, LIFO batch:0
[    0.093271]   DMA32 zone: 8128 pages used for memmap
[    0.093272]   DMA32 zone: 520176 pages, LIFO batch:63
[    0.102258] ACPI: PM-Timer IO Port: 0x4008
[    0.102262] ACPI: Local APIC address 0xfee00000
[    0.102324] IOAPIC[0]: apic_id 1, version 32, address 0xfec00000, GSI 0-23
[    0.102328] ACPI: INT_SRC_OVR (bus 0 bus_irq 0 global_irq 2 dfl dfl)
[    0.102330] ACPI: INT_SRC_OVR (bus 0 bus_irq 9 global_irq 9 low level)
[    0.102331] ACPI: IRQ0 used by override.
[    0.102332] ACPI: IRQ9 used by override.
[    0.102335] Using ACPI (MADT) for SMP configuration information
[    0.102341] smpboot: Allowing 1 CPUs, 0 hotplug CPUs
[    0.102364] PM: Registered nosave memory: [mem 0x00000000-0x00000fff]
[    0.102365] PM: Registered nosave memory: [mem 0x0009f000-0x0009ffff]
[    0.102365] PM: Registered nosave memory: [mem 0x000a0000-0x000effff]
[    0.102366] PM: Registered nosave memory: [mem 0x000f0000-0x000fffff]
[    0.102368] [mem 0x80000000-0xfebfffff] available for PCI devices
[    0.102368] Booting paravirtualized kernel on KVM
[    0.102371] clocksource: refined-jiffies: mask: 0xffffffff max_cycles: 0xffffffff, max_idle_ns: 7645519600211568 ns
[    0.102376] setup_percpu: NR_CPUS:8192 nr_cpumask_bits:1 nr_cpu_ids:1 nr_node_ids:1
[    0.103388] percpu: Embedded 60 pages/cpu s208896 r8192 d28672 u2097152
[    0.103393] pcpu-alloc: s208896 r8192 d28672 u2097152 alloc=1*2097152
[    0.103393] pcpu-alloc: [0] 0 
[    0.103420] Built 1 zonelists, mobility grouping on.  Total pages: 515961
[    0.103421] Policy zone: DMA32
[    0.103422] Kernel command line: BOOT_IMAGE=/boot/vmlinuz-5.4.243-mptcp root=UUID=98415a12-53b7-4144-8265-0f7ece09e445 ro quiet splash
[    0.104275] Dentry cache hash table entries: 262144 (order: 9, 2097152 bytes, linear)
[    0.104423] Inode-cache hash table entries: 131072 (order: 8, 1048576 bytes, linear)
[    0.104472] mem auto-init: stack:off, heap alloc:on, heap free:off
[    0.104475] Calgary: detecting Calgary via BIOS EBDA area
[    0.104476] Calgary: Unable to locate Rio Grande table in EBDA - bailing!
[    0.108494] Memory: 1967332K/2096696K available (14339K kernel code, 2398K rwdata, 4712K rodata, 2728K init, 17260K bss, 129364K reserved, 0K cma-reserved)
[    0.109407] SLUB: HWalign=64, Order=0-3, MinObjects=0, CPUs=1, Nodes=1
[    0.109424] ftrace: allocating 43186 entries in 169 pages
[    0.127492] rcu: Hierarchical RCU implementation.
[    0.127494] rcu: 	RCU restricting CPUs from NR_CPUS=8192 to nr_cpu_ids=1.
[    0.127495] 	Tasks RCU enabled.
[    0.127496] rcu: RCU calculated value of scheduler-enlistment delay is 25 jiffies.
[    0.127497] rcu: Adjusting geometry for rcu_fanout_leaf=16, nr_cpu_ids=1
[    0.130492] NR_IRQS: 524544, nr_irqs: 256, preallocated irqs: 16
[    0.130701] random: crng init done
[    0.140003] Console: colour VGA+ 80x25
[    0.140007] printk: console [tty0] enabled
[    0.140025] ACPI: Core revision 20190816
[    0.140118] APIC: Switch to symmetric I/O mode setup
[    0.140369] x2apic enabled
[    0.140610] Switched APIC routing to physical x2apic.
[    0.141750] ..TIMER: vector=0x30 apic1=0 pin1=2 apic2=-1 pin2=-1
[    0.141779] clocksource: tsc-early: mask: 0xffffffffffffffff max_cycles: 0x1e4530a99b6, max_idle_ns: 440795257976 ns
[    0.141784] Calibrating delay loop (skipped) preset value.. 4200.00 BogoMIPS (lpj=8400000)
[    0.141786] pid_max: default: 32768 minimum: 301
[    0.141813] LSM: Security Framework initializing
[    0.141822] Yama: becoming mindful.
[    0.141848] AppArmor: AppArmor initialized
[    0.141881] Mount-cache hash table entries: 4096 (order: 3, 32768 bytes, linear)
[    0.141885] Mountpoint-cache hash table entries: 4096 (order: 3, 32768 bytes, linear)
[    0.141894] *** VALIDATE tmpfs ***
[    0.142021] *** VALIDATE proc ***
[    0.142062] *** VALIDATE cgroup1 ***
[    0.142063] *** VALIDATE cgroup2 ***
[    0.142203] process: using mwait in idle threads
[    0.142207] Last level iTLB entries: 4KB 64, 2MB 8, 4MB 8
[    0.142208] Last level dTLB entries: 4KB 64, 2MB 0, 4MB 0, 1GB 4
[    0.142227] Spectre V1 : Mitigation: usercopy/swapgs barriers and __user pointer sanitization
[    0.142233] Spectre V2 : Mitigation: Retpolines
[    0.142233] Spectre V2 : Spectre v2 / SpectreRSB mitigation: Filling RSB on context switch
[    0.142234] Spectre V2 : Spectre v2 / SpectreRSB : Filling RSB on VMEXIT
[    0.142234] RETBleed: WARNING: Spectre v2 mitigation leaves CPU vulnerable to RETBleed attacks, data leaks possible!
[    0.142592] RETBleed: Vulnerable
[    0.142592] Speculative Store Bypass: Vulnerable
[    0.142597] TAA: Mitigation: TSX disabled
[    0.142597] MMIO Stale Data: Mitigation: Clear CPU buffers
[    0.146796] Freeing SMP alternatives memory: 40K
[    0.259036] APIC calibration not consistent with PM-Timer: 101ms instead of 100ms
[    0.259038] APIC delta adjusted to PM-Timer: 6275306 (6376987)
[    0.259098] smpboot: CPU0: Intel(R) Xeon(R) Silver 4216 CPU @ 2.10GHz (family: 0x6, model: 0x55, stepping: 0x7)
[    0.259227] Performance Events: unsupported p6 CPU model 85 no PMU driver, software events only.
[    0.259261] rcu: Hierarchical SRCU implementation.
[    0.259736] NMI watchdog: Perf NMI watchdog permanently disabled
[    0.259773] smp: Bringing up secondary CPUs ...
[    0.259773] smp: Brought up 1 node, 1 CPU
[    0.259774] smpboot: Max logical packages: 1
[    0.259776] smpboot: Total of 1 processors activated (4200.00 BogoMIPS)
[    0.260716] devtmpfs: initialized
[    0.260762] x86/mm: Memory block size: 128MB
[    0.261128] clocksource: jiffies: mask: 0xffffffff max_cycles: 0xffffffff, max_idle_ns: 7645041785100000 ns
[    0.261134] futex hash table entries: 256 (order: 2, 16384 bytes, linear)
[    0.261187] pinctrl core: initialized pinctrl subsystem
[    0.261317] PM: RTC time: 21:27:12, date: 2026-01-11
[    0.261427] NET: Registered protocol family 16
[    0.261505] audit: initializing netlink subsys (disabled)
[    0.261634] EISA bus registered
[    0.261635] cpuidle: using governor ladder
[    0.261636] cpuidle: using governor menu
[    0.261672] ACPI: bus type PCI registered
[    0.261673] acpiphp: ACPI Hot Plug PCI Controller Driver version: 0.5
[    0.261777] PCI: Using configuration type 1 for base access
[    0.262355] audit: type=2000 audit(1768138038.795:1): state=initialized audit_enabled=0 res=1
[    0.262439] HugeTLB registered 2.00 MiB page size, pre-allocated 0 pages
[    0.263356] ACPI: Added _OSI(Module Device)
[    0.263357] ACPI: Added _OSI(Processor Device)
[    0.263357] ACPI: Added _OSI(3.0 _SCP Extensions)
[    0.263358] ACPI: Added _OSI(Processor Aggregator Device)
[    0.263359] ACPI: Added _OSI(Linux-Dell-Video)
[    0.263360] ACPI: Added _OSI(Linux-Lenovo-NV-HDMI-Audio)
[    0.263361] ACPI: Added _OSI(Linux-HPI-Hybrid-Graphics)
[    0.265380] ACPI: 2 ACPI AML tables successfully acquired and loaded
[    0.267053] ACPI: Interpreter enabled
[    0.267065] ACPI: (supports S0 S5)
[    0.267066] ACPI: Using IOAPIC for interrupt routing
[    0.267299] PCI: Using host bridge windows from ACPI; if necessary, use "pci=nocrs" and report a bug
[    0.267410] ACPI: Enabled 2 GPEs in block 00 to 07
[    0.272615] ACPI: PCI Root Bridge [PCI0] (domain 0000 [bus 00-ff])
[    0.272621] acpi PNP0A03:00: _OSC: OS supports [ASPM ClockPM Segments MSI HPX-Type3]
[    0.273064] acpi PNP0A03:00: _OSC: not requesting OS control; OS requires [ExtendedConfig ASPM ClockPM MSI]
[    0.273072] acpi PNP0A03:00: fail to add MMCONFIG information, can't access extended PCI configuration space under this bridge.
[    0.273444] PCI host bridge to bus 0000:00
[    0.273446] pci_bus 0000:00: root bus resource [io  0x0000-0x0cf7 window]
[    0.273447] pci_bus 0000:00: root bus resource [io  0x0d00-0xffff window]
[    0.273448] pci_bus 0000:00: root bus resource [mem 0x000a0000-0x000bffff window]
[    0.273449] pci_bus 0000:00: root bus resource [mem 0x80000000-0xfdffffff window]
[    0.273451] pci_bus 0000:00: root bus resource [bus 00-ff]
[    0.273490] pci 0000:00:00.0: [8086:1237] type 00 class 0x060000
[    0.274437] pci 0000:00:01.0: [8086:7000] type 00 class 0x060100
[    0.275188] pci 0000:00:01.1: [8086:7111] type 00 class 0x01018a
[    0.275561] pci 0000:00:01.1: reg 0x20: [io  0xd000-0xd00f]
[    0.275714] pci 0000:00:01.1: legacy IDE quirk: reg 0x10: [io  0x01f0-0x01f7]
[    0.275715] pci 0000:00:01.1: legacy IDE quirk: reg 0x14: [io  0x03f6]
[    0.275716] pci 0000:00:01.1: legacy IDE quirk: reg 0x18: [io  0x0170-0x0177]
[    0.275717] pci 0000:00:01.1: legacy IDE quirk: reg 0x1c: [io  0x0376]
[    0.276297] pci 0000:00:02.0: [15ad:0405] type 00 class 0x030000
[    0.277858] pci 0000:00:02.0: reg 0x10: [io  0xd010-0xd01f]
[    0.281826] pci 0000:00:02.0: reg 0x14: [mem 0xe0000000-0xe7ffffff pref]
[    0.284414] pci 0000:00:02.0: reg 0x18: [mem 0xf0000000-0xf01fffff]
[    0.294558] pci 0000:00:03.0: [1022:2000] type 00 class 0x020000
[    0.295241] pci 0000:00:03.0: reg 0x10: [io  0xd020-0xd03f]
[    0.295844] pci 0000:00:03.0: reg 0x14: [mem 0xf0200000-0xf0200fff]
[    0.300270] pci 0000:00:04.0: [80ee:cafe] type 00 class 0x088000
[    0.300940] pci 0000:00:04.0: reg 0x10: [io  0xd040-0xd05f]
[    0.301547] pci 0000:00:04.0: reg 0x14: [mem 0xf0400000-0xf07fffff]
[    0.301898] pci 0000:00:04.0: reg 0x18: [mem 0xf0800000-0xf0803fff pref]
[    0.305434] pci 0000:00:07.0: [8086:7113] type 00 class 0x068000
[    0.306030] pci 0000:00:07.0: quirk: [io  0x4000-0x403f] claimed by PIIX4 ACPI
[    0.306042] pci 0000:00:07.0: quirk: [io  0x4100-0x410f] claimed by PIIX4 SMB
[    0.306655] pci 0000:00:08.0: [8086:100e] type 00 class 0x020000
[    0.307353] pci 0000:00:08.0: reg 0x10: [mem 0xf0820000-0xf083ffff]
[    0.308782] pci 0000:00:08.0: reg 0x18: [io  0xd060-0xd067]
[    0.310770] pci 0000:00:09.0: [8086:100e] type 00 class 0x020000
[    0.311469] pci 0000:00:09.0: reg 0x10: [mem 0xf0840000-0xf085ffff]
[    0.314463] pci 0000:00:09.0: reg 0x18: [io  0xd068-0xd06f]
[    0.322929] ACPI: PCI Interrupt Link [LNKA] (IRQs 5 9 10 *11)
[    0.323213] ACPI: PCI Interrupt Link [LNKB] (IRQs 5 9 *10 11)
[    0.323316] ACPI: PCI Interrupt Link [LNKC] (IRQs 5 *9 10 11)
[    0.325854] ACPI: PCI Interrupt Link [LNKD] (IRQs 5 9 10 *11)
[    0.326108] iommu: Default domain type: Translated 
[    0.326167] pci 0000:00:02.0: vgaarb: setting as boot VGA device
[    0.326169] pci 0000:00:02.0: vgaarb: VGA device added: decodes=io+mem,owns=io+mem,locks=none
[    0.326171] pci 0000:00:02.0: vgaarb: bridge control possible
[    0.326172] vgaarb: loaded
[    0.326381] SCSI subsystem initialized
[    0.326411] libata version 3.00 loaded.
[    0.326433] ACPI: bus type USB registered
[    0.326449] usbcore: registered new interface driver usbfs
[    0.326455] usbcore: registered new interface driver hub
[    0.326460] usbcore: registered new device driver usb
[    0.326493] pps_core: LinuxPPS API ver. 1 registered
[    0.326493] pps_core: Software ver. 5.3.6 - Copyright 2005-2007 Rodolfo Giometti <giometti@linux.it>
[    0.326495] PTP clock support registered
[    0.326529] EDAC MC: Ver: 3.0.0
[    0.326812] PCI: Using ACPI for IRQ routing
[    0.326813] PCI: pci_cache_line_size set to 64 bytes
[    0.326984] e820: reserve RAM buffer [mem 0x0009fc00-0x0009ffff]
[    0.326987] e820: reserve RAM buffer [mem 0x7fff0000-0x7fffffff]
[    0.327789] NetLabel: Initializing
[    0.327790] NetLabel:  domain hash size = 128
[    0.327790] NetLabel:  protocols = UNLABELED CIPSOv4 CALIPSO
[    0.327810] NetLabel:  unlabeled traffic allowed by default
[    0.328709] clocksource: Switched to clocksource kvm-clock
[    0.340184] *** VALIDATE bpf ***
[    0.340242] VFS: Disk quotas dquot_6.6.0
[    0.340255] VFS: Dquot-cache hash table entries: 512 (order 0, 4096 bytes)
[    0.340277] *** VALIDATE ramfs ***
[    0.340280] *** VALIDATE hugetlbfs ***
[    0.340359] AppArmor: AppArmor Filesystem Enabled
[    0.340386] pnp: PnP ACPI init
[    0.340452] pnp 00:00: Plug and Play ACPI device, IDs PNP0303 (active)
[    0.340519] pnp 00:01: Plug and Play ACPI device, IDs PNP0f03 (active)
[    0.341285] pnp: PnP ACPI: found 2 devices
[    0.342262] thermal_sys: Registered thermal governor 'fair_share'
[    0.342263] thermal_sys: Registered thermal governor 'bang_bang'
[    0.342264] thermal_sys: Registered thermal governor 'step_wise'
[    0.342264] thermal_sys: Registered thermal governor 'user_space'
[    0.342265] thermal_sys: Registered thermal governor 'power_allocator'
[    0.346776] clocksource: acpi_pm: mask: 0xffffff max_cycles: 0xffffff, max_idle_ns: 2085701024 ns
[    0.346817] pci_bus 0000:00: resource 4 [io  0x0000-0x0cf7 window]
[    0.346819] pci_bus 0000:00: resource 5 [io  0x0d00-0xffff window]
[    0.346820] pci_bus 0000:00: resource 6 [mem 0x000a0000-0x000bffff window]
[    0.346821] pci_bus 0000:00: resource 7 [mem 0x80000000-0xfdffffff window]
[    0.346880] NET: Registered protocol family 2
[    0.346955] IP idents hash table entries: 32768 (order: 6, 262144 bytes, linear)
[    0.347174] MPTCP tokens hash table entries: 8192 (order: 4, 65536 bytes, linear)
[    0.347174] MPTCP request tokens hash table entries: 8192 (order: 4, 65536 bytes, linear)
[    0.347174] default registered
[    0.347174] default registered
[    0.347174] MPTCP: Stable release v0.96
[    0.347174] tcp_listen_portaddr_hash hash table entries: 1024 (order: 2, 16384 bytes, linear)
[    0.347174] TCP established hash table entries: 16384 (order: 5, 131072 bytes, linear)
[    0.347174] TCP bind hash table entries: 16384 (order: 6, 262144 bytes, linear)
[    0.347174] TCP: Hash tables configured (established 16384 bind 16384)
[    0.348295] UDP hash table entries: 1024 (order: 3, 32768 bytes, linear)
[    0.348307] UDP-Lite hash table entries: 1024 (order: 3, 32768 bytes, linear)
[    0.348342] NET: Registered protocol family 1
[    0.348350] NET: Registered protocol family 44
[    0.348371] pci 0000:00:00.0: Limiting direct PCI/PCI transfers
[    0.348383] pci 0000:00:01.0: Activating ISA DMA hang workarounds
[    0.348443] pci 0000:00:02.0: Video device with shadowed ROM at [mem 0x000c0000-0x000dffff]
[    0.348507] PCI: CLS 0 bytes, default 64
[    0.348555] Trying to unpack rootfs image as initramfs...
[    0.515107] Freeing initrd memory: 47868K
[    0.515107] clocksource: tsc: mask: 0xffffffffffffffff max_cycles: 0x1e4530a99b6, max_idle_ns: 440795257976 ns
[    0.515107] clocksource: Switched to clocksource tsc
[    0.515107] platform rtc_cmos: registered platform RTC device (no PNP device found)
[    0.515107] check: Scanning for low memory corruption every 60 seconds
[    0.515107] Initialise system trusted keyrings
[    0.515107] Key type blacklist registered
[    0.515107] workingset: timestamp_bits=36 max_order=19 bucket_order=0
[    0.515107] zbud: loaded
[    0.515107] squashfs: version 4.0 (2009/01/31) Phillip Lougher
[    0.515107] fuse: init (API version 7.31)
[    0.515107] *** VALIDATE fuse ***
[    0.515107] *** VALIDATE fuse ***
[    0.515107] Platform Keyring initialized
[    0.531162] Key type asymmetric registered
[    0.531163] Asymmetric key parser 'x509' registered
[    0.531172] Block layer SCSI generic (bsg) driver version 0.4 loaded (major 244)
[    0.531212] io scheduler mq-deadline registered
[    0.531333] shpchp: Standard Hot Plug PCI Controller Driver version: 0.4
[    0.531587] ACPI: AC Adapter [AC] (on-line)
[    0.531632] input: Power Button as /devices/LNXSYSTM:00/LNXPWRBN:00/input/input0
[    0.531662] ACPI: Power Button [PWRF]
[    0.531737] input: Sleep Button as /devices/LNXSYSTM:00/LNXSLPBN:00/input/input1
[    0.531752] ACPI: Sleep Button [SLPF]
[    0.531978] Serial: 8250/16550 driver, 32 ports, IRQ sharing enabled
[    0.533148] Linux agpgart interface v0.103
[    0.627148] loop: module loaded
[    0.627279] ata_piix 0000:00:01.1: version 2.13
[    0.627666] scsi host0: ata_piix
[    0.627754] scsi host1: ata_piix
[    0.627780] ata1: PATA max UDMA/33 cmd 0x1f0 ctl 0x3f6 bmdma 0xd000 irq 14
[    0.627781] ata2: PATA max UDMA/33 cmd 0x170 ctl 0x376 bmdma 0xd008 irq 15
[    0.627854] tun: Universal TUN/TAP device driver, 1.6
[    0.628152] PPP generic driver version 2.4.2
[    0.628193] VFIO - User Level meta-driver version: 0.3
[    0.628424] ehci_hcd: USB 2.0 'Enhanced' Host Controller (EHCI) Driver
[    0.628429] ehci-pci: EHCI PCI platform driver
[    0.628441] ehci-platform: EHCI generic platform driver
[    0.628447] ohci_hcd: USB 1.1 'Open' Host Controller (OHCI) Driver
[    0.628448] ohci-pci: OHCI PCI platform driver
[    0.628455] ohci-platform: OHCI generic platform driver
[    0.628460] uhci_hcd: USB Universal Host Controller Interface driver
[    0.628523] i8042: PNP: PS/2 Controller [PNP0303:PS2K,PNP0f03:PS2M] at 0x60,0x64 irq 1,12
[    0.628971] serio: i8042 KBD port at 0x60,0x64 irq 1
[    0.628974] serio: i8042 AUX port at 0x60,0x64 irq 12
[    0.629059] mousedev: PS/2 mouse device common for all mice
[    0.629306] input: AT Translated Set 2 keyboard as /devices/platform/i8042/serio0/input/input2
[    0.629691] rtc_cmos rtc_cmos: registered as rtc0
[    0.629704] rtc_cmos rtc_cmos: alarms up to one day, 114 bytes nvram
[    0.629709] i2c /dev entries driver
[    0.629749] device-mapper: uevent: version 1.0.3
[    0.629792] device-mapper: ioctl: 4.41.0-ioctl (2019-09-16) initialised: dm-devel@redhat.com
[    0.629807] platform eisa.0: Probing EISA bus 0
[    0.629809] platform eisa.0: EISA: Cannot allocate resource for mainboard
[    0.629810] platform eisa.0: Cannot allocate resource for EISA slot 1
[    0.629811] platform eisa.0: Cannot allocate resource for EISA slot 2
[    0.629812] platform eisa.0: Cannot allocate resource for EISA slot 3
[    0.629813] platform eisa.0: Cannot allocate resource for EISA slot 4
[    0.629814] platform eisa.0: Cannot allocate resource for EISA slot 5
[    0.629815] platform eisa.0: Cannot allocate resource for EISA slot 6
[    0.629816] platform eisa.0: Cannot allocate resource for EISA slot 7
[    0.629817] platform eisa.0: Cannot allocate resource for EISA slot 8
[    0.629818] platform eisa.0: EISA: Detected 0 cards
[    0.629820] intel_pstate: CPU model not supported
[    0.629827] ledtrig-cpu: registered to indicate activity on CPUs
[    0.629877] drop_monitor: Initializing network drop monitor service
[    0.630034] NET: Registered protocol family 10
[    0.635131] Segment Routing with IPv6
[    0.635160] fullmesh registered
[    0.635161] ndiffports registered
[    0.635163] binder registered
[    0.635163] roundrobin registered
[    0.635164] redundant registered
[    0.635165] blest registered
[    0.635165] ecf registered
[    0.635166] NET: Registered protocol family 17
[    0.635196] Key type dns_resolver registered
[    0.635224] RAS: Correctable Errors collector initialized.
[    0.635224] IPI shorthand broadcast: enabled
[    0.635224] sched_clock: Marking stable (620134552, 11089838)->(634125153, -2900763)
[    0.635363] registered taskstats version 1
[    0.635372] Loading compiled-in X.509 certificates
[    0.635958] Loaded X.509 cert 'Build time autogenerated kernel key: 6909f3744cebb3d0de528d5887b96a727de79b1e'
[    0.635975] zswap: loaded using pool lzo/zbud
[    0.636025] Key type ._fscrypt registered
[    0.636026] Key type .fscrypt registered
[    0.640465] Key type big_key registered
[    0.642675] Key type encrypted registered
[    0.642677] AppArmor: AppArmor sha1 policy hashing enabled
[    0.642684] ima: No TPM chip found, activating TPM-bypass!
[    0.642688] ima: Allocated hash algorithm: sha1
[    0.642693] ima: No architecture policies found
[    0.642702] evm: Initialising EVM extended attributes:
[    0.642703] evm: security.selinux
[    0.642703] evm: security.SMACK64
[    0.642704] evm: security.SMACK64EXEC
[    0.642704] evm: security.SMACK64TRANSMUTE
[    0.642705] evm: security.SMACK64MMAP
[    0.642705] evm: security.apparmor
[    0.642706] evm: security.ima
[    0.642706] evm: security.capability
[    0.642707] evm: HMAC attrs: 0x1
[    0.642989] PM:   Magic number: 10:948:499
[    0.643085] rtc_cmos rtc_cmos: setting system clock to 2026-01-11T21:27:13 UTC (1768166833)
[    0.799305] ata1.00: ATA-6: VBOX HARDDISK, 1.0, max UDMA/133
[    0.799307] ata1.00: 209715200 sectors, multi 128: LBA 
[    0.799728] scsi 0:0:0:0: Direct-Access     ATA      VBOX HARDDISK    1.0  PQ: 0 ANSI: 5
[    0.799898] sd 0:0:0:0: [sda] 209715200 512-byte logical blocks: (107 GB/100 GiB)
[    0.799904] sd 0:0:0:0: [sda] Write Protect is off
[    0.799906] sd 0:0:0:0: [sda] Mode Sense: 00 3a 00 00
[    0.799916] sd 0:0:0:0: [sda] Write cache: enabled, read cache: enabled, doesn't support DPO or FUA
[    0.800101] sd 0:0:0:0: Attached scsi generic sg0 type 0
[    0.800691]  sda: sda1 sda2
[    0.811218] sd 0:0:0:0: [sda] Attached SCSI disk
[    0.813011] Freeing unused decrypted memory: 2040K
[    0.813690] Freeing unused kernel image memory: 2728K
[    0.813691] Write protecting the kernel read-only data: 22528k
[    0.814339] Freeing unused kernel image memory: 2036K
[    0.814716] Freeing unused kernel image memory: 1432K
[    0.827694] x86/mm: Checked W+X mappings: passed, no W+X pages found.
[    0.827697] Run /init as init process
[    0.918569] ACPI: Video Device [GFX0] (multi-head: yes  rom: no  post: no)
[    0.918641] input: Video Bus as /devices/LNXSYSTM:00/LNXSYBUS:00/PNP0A03:00/LNXVIDEO:00/input/input4
[    0.929679] pcnet32: pcnet32.c:v1.35 21.Apr.2008 tsbogend@alpha.franken.de
[    0.930534] pcnet32: PCnet/FAST III 79C973 at 0xd020, 08:00:27:57:a3:76 assigned IRQ 19
[    0.930576] pcnet32: Found PHY 0022:561b at address 0
[    0.930877] pcnet32: eth0: registered as PCnet/FAST III 79C973
[    0.932149] pcnet32: 1 cards_found
[    0.935720] e1000: Intel(R) PRO/1000 Network Driver - version 7.3.21-k8-NAPI
[    0.935721] e1000: Copyright (c) 1999-2006 Intel Corporation.
[    0.937766] piix4_smbus 0000:00:07.0: SMBus Host Controller at 0x4100, revision 0
[    1.020804] pcnet32 0000:00:03.0 enp0s3: renamed from eth0
[    1.174853] input: ImExPS/2 Generic Explorer Mouse as /devices/platform/i8042/serio1/input/input5
[    1.363523] e1000 0000:00:08.0 eth0: (PCI:33MHz:32-bit) 08:00:27:9d:98:05
[    1.363527] e1000 0000:00:08.0 eth0: Intel(R) PRO/1000 Network Connection
[    1.739546] e1000 0000:00:09.0 eth1: (PCI:33MHz:32-bit) 08:00:27:46:74:5b
[    1.739548] e1000 0000:00:09.0 eth1: Intel(R) PRO/1000 Network Connection
[    1.740692] e1000 0000:00:09.0 enp0s9: renamed from eth1
[    1.742478] e1000 0000:00:08.0 enp0s8: renamed from eth0
[    1.888517] EXT4-fs (sda2): mounted filesystem with ordered data mode. Opts: (null)
[    1.971620] systemd[1]: Inserted module 'autofs4'
[    1.981807] systemd[1]: systemd 245.4-4ubuntu3 running in system mode. (+PAM +AUDIT +SELINUX +IMA +APPARMOR +SMACK +SYSVINIT +UTMP +LIBCRYPTSETUP +GCRYPT +GNUTLS +ACL +XZ +LZ4 +SECCOMP +BLKID +ELFUTILS +KMOD +IDN2 -IDN +PCRE2 default-hierarchy=hybrid)
[    1.981837] systemd[1]: Detected virtualization oracle.
[    1.981840] systemd[1]: Detected architecture x86-64.
[    1.983120] systemd[1]: Set hostname to <ztg>.
[    2.110971] systemd[1]: /lib/systemd/system/dbus.socket:5: ListenStream= references a path below legacy directory /var/run/, updating /var/run/dbus/system_bus_socket â†’ /run/dbus/system_bus_socket; please update the unit file accordingly.
[    2.162129] systemd[1]: Created slice system-modprobe.slice.
[    2.162310] systemd[1]: Created slice User and Session Slice.
[    2.162352] systemd[1]: Started Forward Password Requests to Wall Directory Watch.
[    2.162517] systemd[1]: Set up automount Arbitrary Executable File Formats File System Automount Point.
[    2.162549] systemd[1]: Reached target User and Group Name Lookups.
[    2.162557] systemd[1]: Reached target Remote File Systems.
[    2.162566] systemd[1]: Reached target Slices.
[    2.163245] systemd[1]: Listening on Syslog Socket.
[    2.163312] systemd[1]: Listening on fsck to fsckd communication Socket.
[    2.163349] systemd[1]: Listening on initctl Compatibility Named Pipe.
[    2.163482] systemd[1]: Listening on Journal Audit Socket.
[    2.163533] systemd[1]: Listening on Journal Socket (/dev/log).
[    2.163600] systemd[1]: Listening on Journal Socket.
[    2.163663] systemd[1]: Listening on udev Control Socket.
[    2.163702] systemd[1]: Listening on udev Kernel Socket.
[    2.164414] systemd[1]: Mounting Huge Pages File System...
[    2.165311] systemd[1]: Mounting POSIX Message Queue File System...
[    2.166199] systemd[1]: Mounting Kernel Debug File System...
[    2.166995] systemd[1]: Mounting Kernel Trace File System...
[    2.168915] systemd[1]: Starting Journal Service...
[    2.193408] systemd[1]: Starting Set the console keyboard layout...
[    2.201882] systemd[1]: Starting Create list of static device nodes for the current kernel...
[    2.203768] systemd[1]: Starting Load Kernel Module drm...
[    2.205754] systemd[1]: Condition check resulted in Set Up Additional Binary Formats being skipped.
[    2.205816] systemd[1]: Condition check resulted in File System Check on Root Device being skipped.
[    2.209702] systemd[1]: Starting Load Kernel Modules...
[    2.210419] systemd[1]: Starting Remount Root and Kernel File Systems...
[    2.211187] systemd[1]: Starting udev Coldplug all Devices...
[    2.211946] systemd[1]: Starting Uncomplicated firewall...
[    2.213413] systemd[1]: Mounted Huge Pages File System.
[    2.213504] systemd[1]: Mounted POSIX Message Queue File System.
[    2.260829] systemd[1]: Mounted Kernel Debug File System.
[    2.261016] systemd[1]: Mounted Kernel Trace File System.
[    2.278438] systemd[1]: Finished Create list of static device nodes for the current kernel.
[    2.279044] systemd[1]: Finished Uncomplicated firewall.
[    2.280380] EXT4-fs (sda2): re-mounted. Opts: errors=remount-ro
[    2.283446] systemd[1]: Finished Remount Root and Kernel File Systems.
[    2.284425] systemd[1]: Condition check resulted in Rebuild Hardware Database being skipped.
[    2.284456] systemd[1]: Condition check resulted in Platform Persistent Storage Archival being skipped.
[    2.287635] systemd[1]: Starting Load/Save Random Seed...
[    2.299879] systemd[1]: Starting Create System Users...
[    2.300098] systemd[1]: modprobe@drm.service: Succeeded.
[    2.301406] systemd[1]: Finished Load Kernel Module drm.
[    2.308424] systemd[1]: Finished Load/Save Random Seed.
[    2.312190] systemd[1]: Finished Create System Users.
[    2.312926] systemd[1]: Starting Create Static Device Nodes in /dev...
[    2.318287] lp: driver loaded but no devices found
[    2.338647] ppdev: user-space parallel port driver
[    2.350073] systemd[1]: Finished Create Static Device Nodes in /dev.
[    2.350822] systemd[1]: Starting udev Kernel Device Manager...
[    2.409342] [drm] DMA map mode: Caching DMA mappings.
[    2.409404] [drm] Capabilities:
[    2.409404] [drm]   Rect copy.
[    2.409405] [drm]   Cursor.
[    2.409405] [drm]   Cursor bypass.
[    2.409405] [drm]   Cursor bypass 2.
[    2.409406] [drm]   Alpha cursor.
[    2.409406] [drm]   Extended Fifo.
[    2.409406] [drm]   Pitchlock.
[    2.409407] [drm]   Irq mask.
[    2.409407] [drm]   GMR.
[    2.409407] [drm]   Traces.
[    2.409408] [drm]   GMR2.
[    2.409408] [drm]   Screen Object 2.
[    2.409408] [drm]   Command Buffers.
[    2.409409] [drm]   Command Buffers 2.
[    2.409409] [drm]   Guest Backed Resources.
[    2.409410] [drm] Max GMR ids is 8192
[    2.409411] [drm] Max number of GMR pages is 1048576
[    2.409411] [drm] Max dedicated hypervisor surface memory is 393216 kiB
[    2.409412] [drm] Maximum display memory size is 131072 kiB
[    2.409413] [drm] VRAM at 0xe0000000 size is 131072 kiB
[    2.409413] [drm] MMIO at 0xf0000000 size is 2048 kiB
[    2.412720] systemd[1]: Finished udev Coldplug all Devices.
[    2.429280] [TTM] Zone  kernel: Available graphics memory: 1011738 KiB
[    2.429281] [TTM] Initializing pool allocator
[    2.429310] [TTM] Initializing DMA pool allocator
[    2.429340] [drm] Supports vblank timestamp caching Rev 2 (21.10.2013).
[    2.429340] [drm] No driver support for vblank timestamp query.
[    2.429569] [drm] Screen Target Display device initialized
[    2.429793] [drm] width 720
[    2.429802] [drm] height 400
[    2.429805] [drm] bpp 32
[    2.430318] [drm] Fifo max 0x00200000 min 0x00001000 cap 0x00000355
[    2.431477] [drm] Using command buffers with DMA pool.
[    2.431481] [drm] DX: no.
[    2.431481] [drm] Atomic: yes.
[    2.431482] [drm] SM4_1: no.
[    2.431501] [drm:vmw_host_log [vmwgfx]] *ERROR* Failed to send host log message.
[    2.432916] [drm:vmw_host_log [vmwgfx]] *ERROR* Failed to send host log message.
[    2.439322] fbcon: svgadrmfb (fb0) is primary device
[    2.445630] Console: switching to colour frame buffer device 100x37
[    2.456374] [drm] Initialized vmwgfx 2.15.0 20180704 for 0000:00:02.0 on minor 0
[    2.457957] systemd[1]: Finished Load Kernel Modules.
[    2.458860] systemd[1]: Mounting FUSE Control File System...
[    2.460091] systemd[1]: Mounting Kernel Configuration File System...
[    2.490644] systemd[1]: Starting Apply Kernel Variables...
[    2.503193] systemd[1]: Mounted FUSE Control File System.
[    2.503267] systemd[1]: Condition check resulted in VMware vmblock fuse mount being skipped.
[    2.504124] systemd[1]: Mounted Kernel Configuration File System.
[    2.511014] systemd[1]: Finished Set the console keyboard layout.
[    2.511105] systemd[1]: Reached target Local File Systems (Pre).
[    2.514639] systemd[1]: Mounting Mount unit for bare, revision 5...
[    2.521663] systemd[1]: Mounting Mount unit for core18, revision 1705...
[    2.541505] systemd[1]: Mounting Mount unit for gnome-3-34-1804, revision 24...
[    2.550997] systemd[1]: Mounting Mount unit for gtk-common-themes, revision 1506...
[    2.560161] systemd[1]: Mounting Mount unit for gtk-common-themes, revision 1535...
[    2.564927] systemd[1]: Mounting Mount unit for snap-store, revision 433...
[    2.578308] systemd[1]: Mounting Mount unit for snapd, revision 25935...
[    2.605596] systemd[1]: Started udev Kernel Device Manager.
[    2.606386] systemd[1]: Finished Apply Kernel Variables.
[    2.607100] systemd[1]: Mounted Mount unit for bare, revision 5.
[    2.607191] systemd[1]: Mounted Mount unit for core18, revision 1705.
[    2.607266] systemd[1]: Mounted Mount unit for gnome-3-34-1804, revision 24.
[    2.609546] systemd[1]: Starting Show Plymouth Boot Screen...
[    2.613919] systemd[1]: Received SIGRTMIN+20 from PID 281 (plymouthd).
[    2.634691] systemd[1]: Started Show Plymouth Boot Screen.
[    2.634835] systemd[1]: Condition check resulted in Dispatch Password Requests to Console Directory Watch being skipped.
[    2.634920] systemd[1]: Started Forward Password Requests to Plymouth Directory Watch.
[    2.634967] systemd[1]: Reached target Local Encrypted Volumes.
[    2.669970] systemd[1]: Mounted Mount unit for gtk-common-themes, revision 1506.
[    2.705774] systemd[1]: Mounted Mount unit for snap-store, revision 433.
[    2.705951] systemd[1]: Mounted Mount unit for snapd, revision 25935.
[    2.735525] systemd[1]: Mounted Mount unit for gtk-common-themes, revision 1535.
[    2.735742] systemd[1]: Reached target Local File Systems.
[    2.736657] systemd[1]: Starting Load AppArmor profiles...
[    2.739539] systemd[1]: Starting Set console font and keymap...
[    2.748674] systemd[1]: Starting Tell Plymouth To Write Out Runtime Data...
[    2.752830] systemd[1]: Condition check resulted in Store a System Token in an EFI Variable being skipped.
[    2.752891] systemd[1]: Condition check resulted in Commit a transient machine-id on disk being skipped.
[    2.756846] systemd[1]: Finished Set console font and keymap.
[    2.764325] systemd[1]: Received SIGRTMIN+20 from PID 281 (plymouthd).
[    2.765847] systemd[1]: plymouth-read-write.service: Succeeded.
[    2.766103] systemd[1]: Finished Tell Plymouth To Write Out Runtime Data.
[    2.802722] audit: type=1400 audit(1768166835.656:2): apparmor="STATUS" operation="profile_load" profile="unconfined" name="nvidia_modprobe" pid=301 comm="apparmor_parser"
[    2.802724] audit: type=1400 audit(1768166835.656:3): apparmor="STATUS" operation="profile_load" profile="unconfined" name="nvidia_modprobe//kmod" pid=301 comm="apparmor_parser"
[    2.809313] audit: type=1400 audit(1768166835.664:4): apparmor="STATUS" operation="profile_load" profile="unconfined" name="/usr/sbin/tcpdump" pid=302 comm="apparmor_parser"
[    2.834692] audit: type=1400 audit(1768166835.684:5): apparmor="STATUS" operation="profile_load" profile="unconfined" name="/usr/bin/evince" pid=304 comm="apparmor_parser"
[    2.834694] audit: type=1400 audit(1768166835.684:6): apparmor="STATUS" operation="profile_load" profile="unconfined" name="/usr/bin/evince//sanitized_helper" pid=304 comm="apparmor_parser"
[    2.834696] audit: type=1400 audit(1768166835.684:7): apparmor="STATUS" operation="profile_load" profile="unconfined" name="/usr/bin/evince-previewer" pid=304 comm="apparmor_parser"
[    2.834698] audit: type=1400 audit(1768166835.684:8): apparmor="STATUS" operation="profile_load" profile="unconfined" name="/usr/bin/evince-previewer//sanitized_helper" pid=304 comm="apparmor_parser"
[    2.834699] audit: type=1400 audit(1768166835.684:9): apparmor="STATUS" operation="profile_load" profile="unconfined" name="/usr/bin/evince-thumbnailer" pid=304 comm="apparmor_parser"
[    2.865217] audit: type=1400 audit(1768166835.720:10): apparmor="STATUS" operation="profile_load" profile="unconfined" name="/usr/lib/cups/backend/cups-pdf" pid=305 comm="apparmor_parser"
[    2.941897] systemd[1]: Finished Load AppArmor profiles.
[    2.942793] systemd[1]: Starting Load AppArmor profiles managed internally by snapd...
[    3.046175] systemd[1]: Finished Load AppArmor profiles managed internally by snapd.
[    3.164193] systemd[1]: Started Journal Service.
[    3.174034] systemd-journald[229]: Received client request to flush runtime journal.
[    3.175977] systemd-journald[229]: File /var/log/journal/c455b248004a419c87ce85eea238d727/system.journal corrupted or uncleanly shut down, renaming and replacing.
[    4.365350] RAPL PMU: API unit is 2^-32 Joules, 0 fixed counters, 10737418240 ms ovfl timer
[    4.391912] cryptd: max_cpu_qlen set to 1000
[    4.448837] AVX2 version of gcm_enc/dec engaged.
[    4.448838] AES CTR mode by8 optimization enabled
[    6.349489] Adding 1998844k swap on /dev/sda1.  Priority:-2 extents:1 across:1998844k FS
[    7.335925] kauditd_printk_skb: 30 callbacks suppressed
[    7.335926] audit: type=1400 audit(1768166840.184:41): apparmor="DENIED" operation="capable" profile="/usr/sbin/cups-browsed" pid=507 comm="cups-browsed" capability=23  capname="sys_nice"
[    8.788617] pcnet32 0000:00:03.0 enp0s3: link up, 100Mbps, full-duplex
[    8.830490] e1000: enp0s8 NIC Link is Up 1000 Mbps Full Duplex, Flow Control: RX
[    8.830781] IPv6: ADDRCONF(NETDEV_CHANGE): enp0s8: link becomes ready
[    8.853957] e1000: enp0s9 NIC Link is Up 1000 Mbps Full Duplex, Flow Control: RX
[    8.854252] IPv6: ADDRCONF(NETDEV_CHANGE): enp0s9: link becomes ready
[    9.503690] device enp0s3 entered promiscuous mode
[    9.522020] audit: type=1400 audit(1768166842.376:42): apparmor="DENIED" operation="open" profile="/usr/sbin/tcpdump" name="/proc/sys/kernel/random/boot_id" pid=625 comm="tcpdump" requested_mask="r" denied_mask="r" fsuid=0 ouid=0
[    9.522427] audit: type=1400 audit(1768166842.376:43): apparmor="DENIED" operation="open" profile="/usr/sbin/tcpdump" name="/proc/sys/kernel/random/boot_id" pid=625 comm="tcpdump" requested_mask="r" denied_mask="r" fsuid=0 ouid=0
[    9.522469] audit: type=1400 audit(1768166842.376:44): apparmor="DENIED" operation="open" profile="/usr/sbin/tcpdump" name="/proc/sys/kernel/random/boot_id" pid=625 comm="tcpdump" requested_mask="r" denied_mask="r" fsuid=0 ouid=0
[    9.522567] audit: type=1400 audit(1768166842.376:45): apparmor="DENIED" operation="open" profile="/usr/sbin/tcpdump" name="/proc/sys/kernel/random/boot_id" pid=625 comm="tcpdump" requested_mask="r" denied_mask="r" fsuid=0 ouid=0
[    9.532675] audit: type=1400 audit(1768166842.380:46): apparmor="DENIED" operation="open" profile="/usr/sbin/tcpdump" name="/proc/sys/kernel/random/boot_id" pid=626 comm="tcpdump" requested_mask="r" denied_mask="r" fsuid=0 ouid=0
[    9.540521] audit: type=1400 audit(1768166842.380:47): apparmor="DENIED" operation="open" profile="/usr/sbin/tcpdump" name="/proc/sys/kernel/random/boot_id" pid=626 comm="tcpdump" requested_mask="r" denied_mask="r" fsuid=0 ouid=0
[    9.540657] audit: type=1400 audit(1768166842.380:48): apparmor="DENIED" operation="open" profile="/usr/sbin/tcpdump" name="/proc/sys/kernel/random/boot_id" pid=626 comm="tcpdump" requested_mask="r" denied_mask="r" fsuid=0 ouid=0
[    9.540677] audit: type=1400 audit(1768166842.380:49): apparmor="DENIED" operation="open" profile="/usr/sbin/tcpdump" name="/proc/sys/kernel/random/boot_id" pid=626 comm="tcpdump" requested_mask="r" denied_mask="r" fsuid=0 ouid=0
[   15.383851] rfkill: input handler disabled
[  219.474808] AAAAA-TCP_FORW: name:enp0s3: saddr:33561200: daddr:100932208
[  554.708663] rfkill: input handler enabled
[  563.692087] rfkill: input handler disabled
[  981.766918] device enp0s3 left promiscuous mode
